RUN PB_K0_C0_s42 0 27.4 s
RUN K1_C0_s42 0 27.4 s
RUN K1_C0_s2027 0 27.5 s
RUN K1_NW_s42 0 27.4 s
RUN K1_NW_s2027 0 27.6 s
RUN K0f_C0_s42 0 27.5 s
RUN K0f_C0_s2027 0 26.3 s
{
 "PB": {
  "rec": {
   "bitwise": true,
   "shape": [
    10039,
    23
   ],
   "maxabs": 0.0
  },
  "W": {
   "bitwise": true,
   "shape": [
    10039,
    829
   ],
   "maxabs": 0.0
  },
  "cols_equal": true,
  "PASS": true
 }
}
GPU 0 %, 2 MiB -> 0 %, 2 MiB | PIDs 333197 Tl; 339489 Tl -> 333197 Tl; 339489 Tl | load ['2.43', '3.06', '1.58'] -> ['2.85', '3.14', '1.69']
DONE_t4_book_drive 54.1 s
