{
 "F1_col81_training_caliber_wide_fea_v2ext": {
  "n_cells_differ": 1195841,
  "eq_raw": 1195841,
  "eq_norm": 0,
  "n_cells_all": 2722665,
  "eq_raw_all": 2722665,
  "n_no_panel_row_anchors": 138,
  "share_eq_raw_on_differing_cells": 1.0,
  "share_eq_norm_on_differing_cells": 0.0,
  "share_eq_raw_all_member_cells": 1.0,
  "training_caliber_col81": "raw"
 },
 "F2_booster_0901": {
  "feature_infos": {
   "76": "[-0.0192718505859375:0.0024051666259765625]",
   "77": "[-0.029998779296875:0.0137786865234375]"
  },
  "train_anchors": 8586,
  "train_cells": 2141865,
  "ranges_v2ext_panel": {
   "stored80": {
    "mn": -0.0203704833984375,
    "mx": 0.004180908203125,
    "amn": [
     "2023-09-17 16Z",
     "TRBUSDT",
     8.0
    ],
    "amx": [
     "2025-02-21 12Z",
     "AMBUSDT",
     4.0
    ]
   },
   "v0_f16": {
    "mn": -0.0203704833984375,
    "mx": 0.004180908203125,
    "amn": [
     "2023-09-17 16Z",
     "TRBUSDT",
     8.0
    ],
    "amx": [
     "2025-02-21 12Z",
     "AMBUSDT",
     4.0
    ]
   },
   "v1_f16": {
    "mn": -0.050811767578125,
    "mx": 0.00836181640625,
    "amn": [
     "2025-04-29 16Z",
     "ALPACAUSDT",
     1.0
    ],
    "amx": [
     "2025-02-21 12Z",
     "AMBUSDT",
     4.0
    ]
   },
   "stored81": {
    "mn": -0.029998779296875,
    "mx": 0.03021240234375,
    "amn": [
     "2023-09-16 08Z",
     "TRBUSDT",
     8.0
    ],
    "amx": [
     "2025-04-30 08Z",
     "ALPACAUSDT",
     1.0
    ]
   },
   "now_raw_f16": {
    "mn": -0.029998779296875,
    "mx": 0.03021240234375,
    "amn": [
     "2023-09-16 08Z",
     "TRBUSDT",
     8.0
    ],
    "amx": [
     "2025-04-30 08Z",
     "ALPACAUSDT",
     1.0
    ]
   },
   "now_norm_f16": {
    "mn": -0.1600341796875,
    "mx": 0.24169921875,
    "amn": [
     "2025-04-20 08Z",
     "VOXELUSDT",
     1.0
    ],
    "amx": [
     "2025-04-30 08Z",
     "ALPACAUSDT",
     1.0
    ]
   }
  }
 },
 "F3_canonical_aug_panel_APPROX_members": {
  "ranges_wide_panel_4h_v1": {
   "v0_f16": {
    "mn": -0.0203704833984375,
    "mx": 0.0022430419921875,
    "amn": [
     "2023-09-17 16Z",
     "TRBUSDT",
     8.0
    ],
    "amx": [
     "2025-03-30 08Z",
     "BROCCOLIF3BUSDT",
     8.0
    ]
   },
   "v1_f16": {
    "mn": -0.048187255859375,
    "mx": 0.00450897216796875,
    "amn": [
     "2025-10-17 20Z",
     "COAIUSDT",
     1.0
    ],
    "amx": [
     "2025-07-19 08Z",
     "BROCCOLIF3BUSDT",
     1.0
    ]
   },
   "now_raw_f16": {
    "mn": -0.029998779296875,
    "mx": 0.015869140625,
    "amn": [
     "2023-09-16 08Z",
     "TRBUSDT",
     8.0
    ],
    "amx": [
     "2025-11-05 00Z",
     "JELLYJELLYUSDT",
     4.0
    ]
   },
   "now_norm_f16": {
    "mn": -0.1600341796875,
    "mx": 0.03173828125,
    "amn": [
     "2025-07-10 16Z",
     "HYPERUSDT",
     1.0
    ],
    "amx": [
     "2025-11-05 00Z",
     "JELLYJELLYUSDT",
     4.0
    ]
   }
  },
  "anchors_without_v1_panel_row": 0
 }
}
DONE_t4_facts_caliber 6.4
