train rows 2160677 7.2
{
 "n_train_rows": 2160677,
 "sample_fraction": 0.0925635807665838,
 "booster_feature_infos_76_77": {
  "sep_8d79186b": [
   "[-0.0192718505859375:0.0024051666259765625]",
   "[-0.029998779296875:0.0137786865234375]"
  ],
  "aug_29ffaf58": [
   "[-0.0192718505859375:0.0022430419921875]",
   "[-0.029998779296875:0.0101165771484375]"
  ]
 },
 "variants_76_77": {
  "S_v0_stored": [
   "[-0.0192718505859375:0.0024051666259765625]",
   "[-0.029998779296875:0.0137786865234375]"
  ],
  "S_v1": [
   "[-0.048004150390625:0.004787445068359375]",
   "[-0.029998779296875:0.0137786865234375]"
  ],
  "A_v0_canon": [
   "[-0.0192718505859375:0.0022430419921875]",
   "[-0.029998779296875:0.0101165771484375]"
  ],
  "A_v1_canon": [
   "[-0.044921875:0.004486083984375]",
   "[-0.029998779296875:0.0101165771484375]"
  ]
 },
 "compare": {
  "S_v0_stored_vs_sep_8d79186b": {
   "n_equal": 78,
   "equal_76": true,
   "equal_77": true,
   "kline_cols_equal": 76,
   "v76": "[-0.0192718505859375:0.0024051666259765625]",
   "v77": "[-0.029998779296875:0.0137786865234375]"
  },
  "S_v0_stored_vs_aug_29ffaf58": {
   "n_equal": 75,
   "equal_76": false,
   "equal_77": false,
   "kline_cols_equal": 75,
   "v76": "[-0.0192718505859375:0.0024051666259765625]",
   "v77": "[-0.029998779296875:0.0137786865234375]"
  },
  "S_v1_vs_sep_8d79186b": {
   "n_equal": 77,
   "equal_76": false,
   "equal_77": true,
   "kline_cols_equal": 76,
   "v76": "[-0.048004150390625:0.004787445068359375]",
   "v77": "[-0.029998779296875:0.0137786865234375]"
  },
  "S_v1_vs_aug_29ffaf58": {
   "n_equal": 75,
   "equal_76": false,
   "equal_77": false,
   "kline_cols_equal": 75,
   "v76": "[-0.048004150390625:0.004787445068359375]",
   "v77": "[-0.029998779296875:0.0137786865234375]"
  },
  "A_v0_canon_vs_sep_8d79186b": {
   "n_equal": 76,
   "equal_76": false,
   "equal_77": false,
   "kline_cols_equal": 76,
   "v76": "[-0.0192718505859375:0.0022430419921875]",
   "v77": "[-0.029998779296875:0.0101165771484375]"
  },
  "A_v0_canon_vs_aug_29ffaf58": {
   "n_equal": 77,
   "equal_76": true,
   "equal_77": true,
   "kline_cols_equal": 75,
   "v76": "[-0.0192718505859375:0.0022430419921875]",
   "v77": "[-0.029998779296875:0.0101165771484375]"
  },
  "A_v1_canon_vs_sep_8d79186b": {
   "n_equal": 76,
   "equal_76": false,
   "equal_77": false,
   "kline_cols_equal": 76,
   "v76": "[-0.044921875:0.004486083984375]",
   "v77": "[-0.029998779296875:0.0101165771484375]"
  },
  "A_v1_canon_vs_aug_29ffaf58": {
   "n_equal": 76,
   "equal_76": false,
   "equal_77": true,
   "kline_cols_equal": 75,
   "v76": "[-0.044921875:0.004486083984375]",
   "v77": "[-0.029998779296875:0.0101165771484375]"
  }
 },
 "cells_beyond_recorded_extremes": {
  "sep_8d79186b|v0_stored_0901": {
   "n_below_min": 6,
   "n_above_max": 28,
   "p_sample_misses_all": 0.036791795411341664
  },
  "sep_8d79186b|v1_0901panel": {
   "n_below_min": 283,
   "n_above_max": 286,
   "p_sample_misses_all": 9.940788615045897e-25
  },
  "sep_8d79186b|v0_canon_aug": {
   "n_below_min": 6,
   "n_above_max": 0,
   "p_sample_misses_all": 0.5583380584731072
  },
  "sep_8d79186b|v1_canon_aug": {
   "n_below_min": 166,
   "n_above_max": 132,
   "p_sample_misses_all": 2.6867619646107885e-13
  },
  "aug_29ffaf58|v0_stored_0901": {
   "n_below_min": 6,
   "n_above_max": 38,
   "p_sample_misses_all": 0.01392877859124682
  },
  "aug_29ffaf58|v1_0901panel": {
   "n_below_min": 283,
   "n_above_max": 346,
   "p_sample_misses_all": 2.9268007612951118e-27
  },
  "aug_29ffaf58|v0_canon_aug": {
   "n_below_min": 6,
   "n_above_max": 0,
   "p_sample_misses_all": 0.5583380584731072
  },
  "aug_29ffaf58|v1_canon_aug": {
   "n_below_min": 166,
   "n_above_max": 164,
   "p_sample_misses_all": 1.200460190025391e-14
  }
 }
}
DONE_t4_facts_booster_sample 21.0
