rows (2741477, 78) 6.0
fold 2024 {'train_rows': 709460, 'test_rows': 601406, 'fit_s': 38.8, 'model': '/workspace/uplift_r2_2026-09-13/T4/kings/fold_2024.txt', 'model_sha256': 'cf2781b01cca3fa3c7f6f5cecdbfb494d4c1cb780ce51813cfac908d0bcb9803'}
fold 2025 {'train_rows': 1310866, 'test_rows': 849811, 'fit_s': 45.8, 'model': '/workspace/uplift_r2_2026-09-13/T4/kings/fold_2025.txt', 'model_sha256': '6bf20e7053c150d9f316b66f41746ee752b09b7a88763c0ebc238cd5f7b7737c'}
{
 "gates": {
  "K26": {
   "bitwise": true,
   "same_nan": true,
   "maxabs": 0.0,
   "n_finite": 580800,
   "n_unequal": 0,
   "PASS": true
  },
  "KF_2024": {
   "bitwise": true,
   "same_nan": true,
   "maxabs": 0.0,
   "n_finite": 601406,
   "n_unequal": 0,
   "per_anchor_spearman_min": 0.9999999999999998,
   "per_anchor_spearman_median": 1.0
  },
  "KF_2025": {
   "bitwise": true,
   "same_nan": true,
   "maxabs": 0.0,
   "n_finite": 849811,
   "n_unequal": 0,
   "per_anchor_spearman_min": 0.9999999999999999,
   "per_anchor_spearman_median": 0.9999999999999999
  },
  "KF_PASS_bitwise": true,
  "BASE": "K0 == archived pinned (bitwise)",
  "P3_nonfold_rows_all_nan": true,
  "K0_nonfold_rows_all_nan": true,
  "S0_PASS": true,
  "AL": {
   "bitwise": true,
   "same_nan": true,
   "maxabs": 0.0,
   "n_finite": 2032017,
   "n_unequal": 0,
   "PASS": true
  }
 },
 "S0_PASS": true,
 "outputs": {
  "K0": {
   "v3axis": "/workspace/uplift_r2_2026-09-13/T4/kings/K0_v3axis.npy",
   "v3axis_sha256": "158cd4ac8f8f30f7f41a5a6cba0bd19a450ce756727e4aeae3d4e4b0b67d0054",
   "v4axis": "/workspace/uplift_r2_2026-09-13/T4/kings/K0_v4axis.npy",
   "v4axis_sha256": "647673183e6af44ac5b2570b856692c9d2d51ab9f17194bfebb7a0d3dbbd9009",
   "finite_cells": 2032017,
   "first_finite_anchor": "2024-01-01 00Z"
  },
  "K1": {
   "v3axis": "/workspace/uplift_r2_2026-09-13/T4/kings/K1_v3axis.npy",
   "v3axis_sha256": "c98f79d4d28289151276d874d35a4e6368b0e3387aa24a941ad5ab674535c5ab",
   "v4axis": "/workspace/uplift_r2_2026-09-13/T4/kings/K1_v4axis.npy",
   "v4axis_sha256": "a41d9027ea633c92a0bd712d89a86b7cf3cdfa65402c06f831570b86acdca605",
   "finite_cells": 2032017,
   "first_finite_anchor": "2024-01-01 00Z"
  },
  "K0f": {
   "v3axis": "/workspace/uplift_r2_2026-09-13/T4/kings/K0f_v3axis.npy",
   "v3axis_sha256": "9785b60e257351714ac946fae11c2cd53063e19423ec895225ef24c58b53eee5",
   "v4axis": "/workspace/uplift_r2_2026-09-13/T4/kings/K0f_v4axis.npy",
   "v4axis_sha256": "3979812abc2e3be6e190a6310aa01600bab6f6ec1cc2a504320dabdba552f291",
   "finite_cells": 2032017,
   "first_finite_anchor": "2024-01-01 00Z"
  },
  "K0_v4axis_equals_SLOW_v3_on_v4axis": {
   "bitwise": true,
   "same_nan": true,
   "maxabs": 0.0,
   "n_finite": 2032017,
   "n_unequal": 0
  }
 }
}
DONE_t4_kings 99.8
