W_TAIL n=10038  W_ALPHA n=9138
S_a005_b00_s42         a=0.05 b=0.00e+00 | g=+0.5925 SR=1.209 turn=0.03983 | halt/yr(live)=3.93 wd=-11.23% mDD=-63.5%
S_a005_b125e4_s42      a=0.05 b=1.25e-04 | g=+0.5946 SR=1.209 turn=0.03570 | halt/yr(live)=4.59 wd=-12.21% mDD=-62.4%
S_a005_b25e4_s42       a=0.05 b=2.50e-04 | g=+0.7013 SR=1.411 turn=0.02591 | halt/yr(live)=3.71 wd=-11.51% mDD=-61.8%
S_a005_b50e4_s42       a=0.05 b=5.00e-04 | g=-0.0996 SR=-0.232 turn=0.00440 | halt/yr(live)=3.28 wd=-12.92% mDD=-70.7%
S_a010_b00_s42         a=0.10 b=0.00e+00 | g=+0.5787 SR=1.185 turn=0.06343 | halt/yr(live)=4.59 wd=-15.79% mDD=-68.8%
S_a010_b125e4_s42      a=0.10 b=1.25e-04 | g=+0.5990 SR=1.228 turn=0.06126 | halt/yr(live)=4.37 wd=-15.88% mDD=-68.3%
S_a010_b25e4_s42       a=0.10 b=2.50e-04 | g=+0.6342 SR=1.291 turn=0.05563 | halt/yr(live)=3.93 wd=-15.71% mDD=-67.6%
S_a010_b50e4_s42       a=0.10 b=5.00e-04 | g=+0.6709 SR=1.352 turn=0.03773 | halt/yr(live)=3.71 wd=-15.65% mDD=-63.1%
S_a015_b00_s42         a=0.15 b=0.00e+00 | g=+0.5487 SR=1.127 turn=0.08520 | halt/yr(live)=5.24 wd=-17.24% mDD=-70.0%
S_a015_b125e4_s42      a=0.15 b=1.25e-04 | g=+0.5600 SR=1.150 turn=0.08365 | halt/yr(live)=5.02 wd=-17.30% mDD=-70.5%
S_a015_b25e4_s42       a=0.15 b=2.50e-04 | g=+0.5578 SR=1.146 turn=0.07976 | halt/yr(live)=4.59 wd=-17.26% mDD=-69.5%
S_a015_b50e4_s42       a=0.15 b=5.00e-04 | g=+0.6314 SR=1.286 turn=0.06612 | halt/yr(live)=4.15 wd=-17.39% mDD=-68.9%
S_a020_b00_s42         a=0.20 b=0.00e+00 | g=+0.5524 SR=1.133 turn=0.10633 | halt/yr(live)=4.37 wd=-17.82% mDD=-70.2%
S_a020_b125e4_s42      a=0.20 b=1.25e-04 | g=+0.5450 SR=1.118 turn=0.10507 | halt/yr(live)=4.15 wd=-17.83% mDD=-70.6%
S_a020_b25e4_s42       a=0.20 b=2.50e-04 | g=+0.5704 SR=1.172 turn=0.10200 | halt/yr(live)=3.93 wd=-17.87% mDD=-69.9%
S_a020_b50e4_s42       a=0.20 b=5.00e-04 | g=+0.6127 SR=1.253 turn=0.09109 | halt/yr(live)=3.50 wd=-17.87% mDD=-68.5%
S_a030_b00_s42         a=0.30 b=0.00e+00 | g=+0.5068 SR=1.038 turn=0.14744 | halt/yr(live)=3.71 wd=-18.05% mDD=-70.3%
S_a030_b125e4_s42      a=0.30 b=1.25e-04 | g=+0.5078 SR=1.041 turn=0.14645 | halt/yr(live)=3.71 wd=-18.04% mDD=-70.9%
S_a030_b25e4_s42       a=0.30 b=2.50e-04 | g=+0.5043 SR=1.035 turn=0.14424 | halt/yr(live)=3.71 wd=-18.06% mDD=-70.5%
S_a030_b50e4_s42       a=0.30 b=5.00e-04 | g=+0.5431 SR=1.116 turn=0.13619 | halt/yr(live)=3.93 wd=-17.75% mDD=-69.1%
S_a050_b00_s42         a=0.50 b=0.00e+00 | g=+0.4288 SR=0.878 turn=0.22751 | halt/yr(live)=3.93 wd=-17.71% mDD=-72.5%
S_a050_b125e4_s42      a=0.50 b=1.25e-04 | g=+0.4265 SR=0.876 turn=0.22671 | halt/yr(live)=3.71 wd=-17.66% mDD=-72.8%
S_a050_b25e4_s42       a=0.50 b=2.50e-04 | g=+0.4188 SR=0.861 turn=0.22529 | halt/yr(live)=3.50 wd=-17.76% mDD=-73.6%
S_a050_b50e4_s42       a=0.50 b=5.00e-04 | g=+0.4384 SR=0.902 turn=0.21980 | halt/yr(live)=3.93 wd=-17.41% mDD=-72.8%
S_a100_b00_s42         a=1.00 b=0.00e+00 | g=+0.0114 SR=0.023 turn=0.42845 | halt/yr(live)=5.02 wd=-17.85% mDD=-79.0%
S_a100_b125e4_s42      a=1.00 b=1.25e-04 | g=-0.0068 SR=-0.014 turn=0.42809 | halt/yr(live)=5.02 wd=-17.85% mDD=-78.9%
S_a100_b25e4_s42       a=1.00 b=2.50e-04 | g=-0.0026 SR=-0.005 turn=0.42734 | halt/yr(live)=5.02 wd=-17.83% mDD=-79.1%
S_a100_b50e4_s42       a=1.00 b=5.00e-04 | g=-0.0038 SR=-0.008 turn=0.42472 | halt/yr(live)=4.81 wd=-18.08% mDD=-79.9%
ANALYZE_DONE
