S_a005_b00_s42         a=0.05 b=0.0e+00 | lag50=-1 (  -4h) lag90=-1 (   -4h) phi1=0.084 phi6=0.192 phiinf=0.340 | kern 16.62 (th 16.21) R2=0.9892
S_a005_b125e4_s42      a=0.05 b=1.3e-04 | lag50=-1 (  -4h) lag90=-1 (   -4h) phi1=0.071 phi6=0.161 phiinf=0.277 | kern 18.19 (th 16.21) R2=0.9742
S_a005_b25e4_s42       a=0.05 b=2.5e-04 | lag50=-1 (  -4h) lag90=-1 (   -4h) phi1=0.034 phi6=0.079 phiinf=0.139 | kern 22.87 (th 16.21) R2=0.8900
S_a005_b50e4_s42       a=0.05 b=5.0e-04 | lag50=-1 (  -4h) lag90=-1 (   -4h) phi1=0.003 phi6=0.009 phiinf=0.021 | kern 31.04 (th 16.21) R2=0.4497
S_a010_b00_s42         a=0.10 b=0.0e+00 | lag50=-1 (  -4h) lag90=-1 (   -4h) phi1=0.153 phi6=0.281 phiinf=0.326 | kern 8.54 (th 8.90) R2=0.9949
S_a010_b125e4_s42      a=0.10 b=1.3e-04 | lag50=-1 (  -4h) lag90=-1 (   -4h) phi1=0.146 phi6=0.268 phiinf=0.304 | kern 9.26 (th 8.90) R2=0.9921
S_a010_b25e4_s42       a=0.10 b=2.5e-04 | lag50=-1 (  -4h) lag90=-1 (   -4h) phi1=0.121 phi6=0.220 phiinf=0.250 | kern 11.64 (th 8.90) R2=0.9759
S_a010_b50e4_s42       a=0.10 b=5.0e-04 | lag50=-1 (  -4h) lag90=-1 (   -4h) phi1=0.050 phi6=0.096 phiinf=0.125 | kern 18.68 (th 8.90) R2=0.8924
S_a015_b00_s42         a=0.15 b=0.0e+00 | lag50=-1 (  -4h) lag90=-1 (   -4h) phi1=0.212 phi6=0.326 phiinf=0.298 | kern 5.43 (th 5.66) R2=0.9968
S_a015_b125e4_s42      a=0.15 b=1.3e-04 | lag50=-1 (  -4h) lag90=-1 (   -4h) phi1=0.208 phi6=0.319 phiinf=0.287 | kern 5.82 (th 5.66) R2=0.9956
S_a015_b25e4_s42       a=0.15 b=2.5e-04 | lag50=-1 (  -4h) lag90=-1 (   -4h) phi1=0.192 phi6=0.292 phiinf=0.263 | kern 7.11 (th 5.66) R2=0.9889
S_a015_b50e4_s42       a=0.15 b=5.0e-04 | lag50=-1 (  -4h) lag90=-1 (   -4h) phi1=0.127 phi6=0.195 phiinf=0.189 | kern 11.43 (th 5.66) R2=0.9547
S_a020_b00_s42         a=0.20 b=0.0e+00 | lag50=-1 (  -4h) lag90=-1 (   -4h) phi1=0.266 phi6=0.351 phiinf=0.286 | kern 3.85 (th 4.00) R2=0.9978
S_a020_b125e4_s42      a=0.20 b=1.3e-04 | lag50=-1 (  -4h) lag90=-1 (   -4h) phi1=0.264 phi6=0.347 phiinf=0.280 | kern 4.10 (th 4.00) R2=0.9971
S_a020_b25e4_s42       a=0.20 b=2.5e-04 | lag50=-1 (  -4h) lag90=-1 (   -4h) phi1=0.252 phi6=0.330 phiinf=0.267 | kern 4.88 (th 4.00) R2=0.9935
S_a020_b50e4_s42       a=0.20 b=5.0e-04 | lag50=-1 (  -4h) lag90=-1 (   -4h) phi1=0.200 phi6=0.263 phiinf=0.222 | kern 7.65 (th 4.00) R2=0.9746
S_a030_b00_s42         a=0.30 b=0.0e+00 | lag50=-1 (  -4h) lag90=-1 (   -4h) phi1=0.362 phi6=0.380 phiinf=0.295 | kern 2.27 (th 2.33) R2=0.9987
S_a030_b125e4_s42      a=0.30 b=1.3e-04 | lag50=-1 (  -4h) lag90=-1 (   -4h) phi1=0.360 phi6=0.377 phiinf=0.292 | kern 2.39 (th 2.33) R2=0.9985
S_a030_b25e4_s42       a=0.30 b=2.5e-04 | lag50=-1 (  -4h) lag90=-1 (   -4h) phi1=0.354 phi6=0.370 phiinf=0.287 | kern 2.76 (th 2.33) R2=0.9969
S_a030_b50e4_s42       a=0.30 b=5.0e-04 | lag50=-1 (  -4h) lag90=-1 (   -4h) phi1=0.321 phi6=0.338 phiinf=0.266 | kern 4.10 (th 2.33) R2=0.9888
S_a050_b00_s42         a=0.50 b=0.0e+00 | lag50= 0 (   0h) lag90=-1 (   -4h) phi1=0.514 phi6=0.434 phiinf=0.365 | kern 0.98 (th 1.00) R2=0.9995
S_a050_b125e4_s42      a=0.50 b=1.3e-04 | lag50= 0 (   0h) lag90=-1 (   -4h) phi1=0.513 phi6=0.433 phiinf=0.364 | kern 1.03 (th 1.00) R2=0.9994
S_a050_b25e4_s42       a=0.50 b=2.5e-04 | lag50= 1 (   4h) lag90=-1 (   -4h) phi1=0.510 phi6=0.431 phiinf=0.362 | kern 1.16 (th 1.00) R2=0.9988
S_a050_b50e4_s42       a=0.50 b=5.0e-04 | lag50=-1 (  -4h) lag90=-1 (   -4h) phi1=0.495 phi6=0.423 phiinf=0.355 | kern 1.62 (th 1.00) R2=0.9961
S_a100_b00_s42         a=1.00 b=0.0e+00 | lag50= 0 (   0h) lag90= 0 (    0h) phi1=0.665 phi6=0.651 phiinf=0.602 | kern 0.01 (th 0.00) R2=0.9998
S_a100_b125e4_s42      a=1.00 b=1.3e-04 | lag50= 0 (   0h) lag90= 0 (    0h) phi1=0.666 phi6=0.651 phiinf=0.602 | kern 0.01 (th 0.00) R2=0.9997
S_a100_b25e4_s42       a=1.00 b=2.5e-04 | lag50= 0 (   0h) lag90= 0 (    0h) phi1=0.666 phi6=0.651 phiinf=0.602 | kern 0.01 (th 0.00) R2=0.9996
S_a100_b50e4_s42       a=1.00 b=5.0e-04 | lag50= 0 (   0h) lag90= 0 (    0h) phi1=0.665 phi6=0.651 phiinf=0.603 | kern 0.04 (th 0.00) R2=0.9990
LAG2_DONE
