28e9b5e956428bea535db6efc9456d55cc27e0bff45ade484ae3196cce94351a  w10_carry.py
f1c336298fc872997d3f8d9ae3093cc6e123705d11508fe049448082d5fa03cc  /workspace/review_scratch/allweather_trackC/carry_layers/data/sett_tables.npz
ccb7a0805be2a106898467b5ffef3a8fd4813a659e044492c0a437b0e5d7aece  /workspace/review_scratch/health_check/masks/umask_UPIT.npz
9349ca634747772dcfc9adfb7a42a5c7b5b34f60bc7f31bc6fd95c4ae5d0fc42  /workspace/review_scratch/health_check/calib/costb_fee_steady.json
3c0b9c21e72ee0a0d08e6f1bc761e1490d21f3812b86fbb8dae519426575403e  dev_alt/probe_artifacts/w10_ablation_series_B0_prod_s2027.npz
cb2e2b08a7c0f4ffcdfdd0e46696f5647784898dc02af45e1462fa73b72b4cd1  dev_alt/probe_artifacts/w10_ablation_series_B0_prod_s42.npz
a43cea0a68595af518efed8b39230e20ba5f0367124287b1970cb81658f31580  dev_alt/probe_artifacts/w10_ablation_series_D10_oracle_prod_s2027.npz
fa16f5ee5960805ff51e0804a6c7bd0f0b3a23a6cc3335ed807bf1a8fb87d04a  dev_alt/probe_artifacts/w10_ablation_series_D10_oracle_prod_s42.npz
440747a0871f926b7a679ae3b6ee3c319c53299daa8ba2d4f7e4d3eb7dc948e2  dev_alt/probe_artifacts/w10_ablation_series_D10_prev_prod_s2027.npz
cb2c306ed7c4d888c84b2ac585ddc2318cbf31166fe5558ae86961e178ee4369  dev_alt/probe_artifacts/w10_ablation_series_D10_prev_prod_s42.npz
91ffcea7d0ca1918bd7d8812220758d1e23657205f02827a1ae0424400c1beec  dev_alt/probe_artifacts/w10_ablation_series_D15_oracle_prod_s2027.npz
2cef8c948e4182160f37ae7fb2fa655bc1d829c84ec03add35d5e972bb2047fc  dev_alt/probe_artifacts/w10_ablation_series_D15_oracle_prod_s42.npz
7f1777847d8914f4395248720f5899521307c9aaee66db217e056ea573ef757d  dev_alt/probe_artifacts/w10_ablation_series_D15_prev_prod_s2027.npz
221dc828a016757ccf987e7a7a7e5095193a4806ad5bde644c9a3e0bff3a9bfe  dev_alt/probe_artifacts/w10_ablation_series_D15_prev_prod_s42.npz
028dd53e61643f77b3727ac00185d8d0a153866057c70735aecf731ec1069453  dev_alt/probe_artifacts/w10_ablation_series_D6_oracle_prod_s2027.npz
09e9927f73c7fc36c8e0247082f86aad047c23b01395ca8daec617ff27e11049  dev_alt/probe_artifacts/w10_ablation_series_D6_oracle_prod_s42.npz
4a73000443d3d98c1c5b272b180b05d09c60a88dc2392672375443d1b70a0ec3  dev_alt/probe_artifacts/w10_ablation_series_D6_prev_prod_s2027.npz
c5bbca78e16941af097fba58e8e5a50c67be15a86ac1f60c8382a57a61ef39c1  dev_alt/probe_artifacts/w10_ablation_series_D6_prev_prod_s42.npz
9d8faf2d102c0ec6e0e651a67295208c4e3745688eb7dc2f3b397e945be12c1b  dev_alt/probe_artifacts/w10_ablation_series_H05_prod_s2027.npz
f223c54b2107b69aa4e2f80e9b77e08d2171270b808b3e82bb9a1b6e7954fbee  dev_alt/probe_artifacts/w10_ablation_series_H05_prod_s42.npz
9edcb3fffc4d94c572e1a96679b72e8f11a210cadde16690c34595c1f3d7d17e  dev_alt/probe_artifacts/w10_ablation_series_H10_prod_s2027.npz
29201b1aefed71a486ec6bb5a00219489adb5c73e8413e4db8e57a74221555c8  dev_alt/probe_artifacts/w10_ablation_series_H10_prod_s42.npz
5dfb168c385196ba3409f984429004855d81937215f9e967a06d50f7f8c8325d  dev_alt/probe_artifacts/w10_ablation_series_L10_prod_s2027.npz
511aa92129e1af76590bbf614175858dc271e717025d5e6054e1a8001fba6243  dev_alt/probe_artifacts/w10_ablation_series_L10_prod_s42.npz
b57d1d31e005c35a9a1f9c4191eb90eeea8473d8d709aa528fa86f1b3cfaf7f9  dev_alt/probe_artifacts/w10_ablation_series_L20_prod_s2027.npz
08c4823f49f6587c8e096bca5228f615d09f7ad8e674527801b570f4a3330302  dev_alt/probe_artifacts/w10_ablation_series_L20_prod_s42.npz
4e2bbb44508f3d288c8e6a3807890ccdd2e88455fbc15bb95aa41618cce0bdbb  dev_alt/probe_artifacts/w10_ablation_series_X_prod_s2027.npz
5b6da95f4ee6bd984d05471af9bdb4f2df40992ca5bfa15cdc55b5deff08101f  dev_alt/probe_artifacts/w10_ablation_series_X_prod_s42.npz
CHAIN_ARMS_DONE 2026-09-05T15:13:06Z
