{
 "arm": "D10_prev_prod_s42",
 "window": "2023->cut",
 "n_events": 23289,
 "settlement_time_recovered": 23289,
 "ambiguous_or_missing_slot": 0,
 "used [S-10,S+25)": {
  "n_finite": 23289,
  "mean_move_bps_rpos": 4.338250215825117,
  "mean_move_bps_rneg": -31.35188963431413,
  "mean_forgone_pnl_bps": 27.94411755287917,
  "median_forgone_pnl_bps": 22.609829902648926
 },
 "placebo -3h": {
  "n_finite": 23289,
  "mean_move_bps_rpos": -1.313297984898959,
  "mean_move_bps_rneg": 3.344436417355832,
  "mean_forgone_pnl_bps": -1.8926461281744285,
  "median_forgone_pnl_bps": 4.279017448425293
 },
 "placebo -2h": {
  "n_finite": 23289,
  "mean_move_bps_rpos": -15.212515178991824,
  "mean_move_bps_rneg": 7.714655561927135,
  "mean_forgone_pnl_bps": -4.025480393930566,
  "median_forgone_pnl_bps": 0.0029802322387695312
 },
 "placebo -1h": {
  "n_finite": 23289,
  "mean_move_bps_rpos": -9.698959029450709,
  "mean_move_bps_rneg": -1.1416517916100746,
  "mean_forgone_pnl_bps": 2.3238744591984815,
  "median_forgone_pnl_bps": 4.5746564865112305
 },
 "placebo +1h": {
  "n_finite": 23289,
  "mean_move_bps_rpos": -6.4216574148951056,
  "mean_move_bps_rneg": -5.619245172720434,
  "mean_forgone_pnl_bps": 4.094247989162327,
  "median_forgone_pnl_bps": 4.9686431884765625
 },
 "placebo +2h": {
  "n_finite": 23289,
  "mean_move_bps_rpos": 2.3611029800103633,
  "mean_move_bps_rneg": -3.9928034606156366,
  "mean_forgone_pnl_bps": 3.3574005467080177,
  "median_forgone_pnl_bps": 4.006624221801758
 },
 "placebo +3h": {
  "n_finite": 23289,
  "mean_move_bps_rpos": -24.25371610040915,
  "mean_move_bps_rneg": -1.6457471898566274,
  "mean_forgone_pnl_bps": -1.4937740924446512,
  "median_forgone_pnl_bps": 2.918243408203125
 },
 "recomputed_window_equals_saved_drift_max_abs": 0.0,
 "anchor_4h_return_bps_of_dodged_names": {
  "rpos": -47.41447448730469,
  "rneg": -14.570849418640137,
  "forgone_pnl_4h_if_flat_whole_anchor": 19.814979844119637
 },
 "all_events_by_rate_bucket": [
  {
   "rate_bps_range": [
    null,
    -15
   ],
   "n": 27644,
   "mean_move_bps": -47.079959869384766,
   "median_move_bps": -39.22492218017578
  },
  {
   "rate_bps_range": [
    -15,
    -10
   ],
   "n": 13370,
   "mean_move_bps": -9.287911415100098,
   "median_move_bps": -13.166963577270508
  },
  {
   "rate_bps_range": [
    -10,
    -6
   ],
   "n": 24527,
   "mean_move_bps": -8.849457740783691,
   "median_move_bps": -10.227560997009277
  },
  {
   "rate_bps_range": [
    -6,
    -2
   ],
   "n": 97917,
   "mean_move_bps": -4.6454925537109375,
   "median_move_bps": -3.783106803894043
  },
  {
   "rate_bps_range": [
    -2,
    0
   ],
   "n": 268661,
   "mean_move_bps": -2.992609739303589,
   "median_move_bps": -0.014901161193847656
  },
  {
   "rate_bps_range": [
    0,
    2
   ],
   "n": 1664721,
   "mean_move_bps": 0.7908209562301636,
   "median_move_bps": 0.0
  },
  {
   "rate_bps_range": [
    2,
    6
   ],
   "n": 108706,
   "mean_move_bps": 3.5717453956604004,
   "median_move_bps": 2.058744430541992
  },
  {
   "rate_bps_range": [
    6,
    10
   ],
   "n": 19646,
   "mean_move_bps": 7.81145715713501,
   "median_move_bps": 3.8099288940429688
  },
  {
   "rate_bps_range": [
    10,
    15
   ],
   "n": 4673,
   "mean_move_bps": 18.067707061767578,
   "median_move_bps": 6.61015510559082
  },
  {
   "rate_bps_range": [
    15,
    null
   ],
   "n": 2706,
   "mean_move_bps": 26.910701751708984,
   "median_move_bps": 12.833476066589355
  }
 ]
}
DIAG_DONE
