锚数 51  08-26 04Z → 09-04 04Z  (持仓名缺 mid 均 2.5/265)
纸面 真简单(A,A+4h]     bps/gross: 均 +2.93 中位 +0.70 std 33.4 合计 +150
纸面 Σ简单              bps/gross: 均 +1.90 中位 +1.13 std 34.2 合计 +97
纸面 expm1(Σ简单)(装置法) bps/gross: 均 +5.47 中位 +3.12 std 33.4 合计 +279
纸面 真简单 平移25min    bps/gross: 均 +0.57 中位 -3.25 std 29.7 合计 +29
孪生 持仓×Δmid(价格)     bps/gross: 均 +1.72 中位 -0.05 std 31.8 合计 +86
实收资金费              bps/gross: 均 -1.92 中位 -1.89 std 0.7 合计 -96
孪生+资金费             bps/gross: 均 -0.20 中位 -1.68 std 31.8 合计 -10
纸面(真简单) vs 孪生: corr 0.751 | 均差(孪生−纸面) -0.93 bps/锚 | 平移纸面 vs 孪生 corr 0.811
日期     孪生+资金费(USDT)  真实ΔNAV−流入(USDT)  差   [NAV, 目标gross]
20260826       +nan                +71           +nan   [15127, 22751]
20260827       -105                -64            +41   [20513, 41036]
20260828       +166               +169             +3   [20682, 41351]
20260829       +355               +411            +56   [21093, 0]
20260830       -300               -172           +128   [20921, 41810]
20260831       -241               -267            -26   [20654, 41320]
20260901       -363               -337            +26   [20317, 40580]
20260902       +403               +778           +376   [21096, 41915]
20260903        +84               -136           -220   [83957, 167950]
20260904      -1052              -1332           -280   [82625, 165757]
合计          +nan               -879           +nan
PVR_DONE
