fit s42|A_res R 2024 n_train 114895 n_test 143095 0.1s
fit s42|A_res R 2025 n_train 258623 n_test 216553 0.2s
fit s42|A_res R 2026 n_train 474315 n_test 211799 0.3s
fit s42|A_res L 2024 n_train 114895 n_test 143095 0.7s
fit s42|A_res L 2025 n_train 258623 n_test 216553 1.0s
fit s42|A_res L 2026 n_train 474315 n_test 211799 1.6s
fit s42|B_res R 2024 n_train 114895 n_test 143095 0.1s
fit s42|B_res R 2025 n_train 258623 n_test 216548 0.1s
fit s42|B_res R 2026 n_train 474310 n_test 211799 0.3s
fit s42|B_res L 2024 n_train 114895 n_test 143095 0.6s
fit s42|B_res L 2025 n_train 258623 n_test 216548 1.0s
fit s42|B_res L 2026 n_train 474310 n_test 211799 1.6s
fit s42|PLANT R 2024 n_train 114895 n_test 143095 0.1s
fit s42|PLANT R 2025 n_train 258623 n_test 216553 0.2s
fit s42|PLANT R 2026 n_train 474315 n_test 211799 0.3s
fit s42|NULL R 2024 n_train 114895 n_test 143095 0.1s
fit s42|NULL R 2025 n_train 258623 n_test 216553 0.2s
fit s42|NULL R 2026 n_train 474315 n_test 211799 0.3s
fit s42|PLANT L 2024 n_train 114895 n_test 143095 0.6s
fit s42|PLANT L 2025 n_train 258623 n_test 216553 1.1s
fit s42|PLANT L 2026 n_train 474315 n_test 211799 1.8s
fit s42|NULL L 2024 n_train 114895 n_test 143095 0.6s
fit s42|NULL L 2025 n_train 258623 n_test 216553 1.0s
fit s42|NULL L 2026 n_train 474315 n_test 211799 1.7s
fit s2027|A_res R 2024 n_train 118241 n_test 143352 0.1s
fit s2027|A_res R 2025 n_train 262226 n_test 216533 0.2s
fit s2027|A_res R 2026 n_train 477888 n_test 211310 0.3s
fit s2027|A_res L 2024 n_train 118241 n_test 143352 0.5s
fit s2027|A_res L 2025 n_train 262226 n_test 216533 1.0s
fit s2027|A_res L 2026 n_train 477888 n_test 211310 1.6s
fit s2027|B_res R 2024 n_train 118241 n_test 143352 0.1s
fit s2027|B_res R 2025 n_train 262226 n_test 216528 0.2s
fit s2027|B_res R 2026 n_train 477883 n_test 211310 0.3s
fit s2027|B_res L 2024 n_train 118241 n_test 143352 0.6s
fit s2027|B_res L 2025 n_train 262226 n_test 216528 1.1s
fit s2027|B_res L 2026 n_train 477883 n_test 211310 1.6s
fit s2027|PLANT R 2024 n_train 118241 n_test 143352 0.1s
fit s2027|PLANT R 2025 n_train 262226 n_test 216533 0.2s
fit s2027|PLANT R 2026 n_train 477888 n_test 211310 0.3s
fit s2027|NULL R 2024 n_train 118241 n_test 143352 0.1s
fit s2027|NULL R 2025 n_train 262226 n_test 216533 0.2s
fit s2027|NULL R 2026 n_train 477888 n_test 211310 0.3s
fit s2027|PLANT L 2024 n_train 118241 n_test 143352 0.6s
fit s2027|PLANT L 2025 n_train 262226 n_test 216533 1.1s
fit s2027|PLANT L 2026 n_train 477888 n_test 211310 1.7s
fit s2027|NULL L 2024 n_train 118241 n_test 143352 0.6s
fit s2027|NULL L 2025 n_train 262226 n_test 216533 1.0s
fit s2027|NULL L 2026 n_train 477888 n_test 211310 1.6s
L2N_FIT DONE fits=48 cc1978ad654ab40c
