fatal: Unable to read current working directory: Operation not permitted
20260831: 7 files notarized
Traceback (most recent call last):
  File "/Users/haosiyu/dl_quant_live/ops/notarize_ledgers.py", line 45, in <module>
    subprocess.run(["git", "-C", RESEARCH, "add", "ledger_notary"], check=True)
  File "/Applications/Xcode.app/Contents/Developer/Library/Frameworks/Python3.framework/Versions/3.9/lib/python3.9/subprocess.py", line 528, in run
    raise CalledProcessError(retcode, process.args,
subprocess.CalledProcessError: Command '['git', '-C', '/Users/haosiyu/Desktop/quant_research', 'add', 'ledger_notary']' returned non-zero exit status 128.
fatal: Unable to read current working directory: Operation not permitted
20260901: 7 files notarized
Traceback (most recent call last):
  File "/Users/haosiyu/dl_quant_live/ops/notarize_ledgers.py", line 45, in <module>
    subprocess.run(["git", "-C", RESEARCH, "add", "ledger_notary"], check=True)
  File "/Applications/Xcode.app/Contents/Developer/Library/Frameworks/Python3.framework/Versions/3.9/lib/python3.9/subprocess.py", line 528, in run
    raise CalledProcessError(retcode, process.args,
subprocess.CalledProcessError: Command '['git', '-C', '/Users/haosiyu/Desktop/quant_research', 'add', 'ledger_notary']' returned non-zero exit status 128.
fatal: Unable to read current working directory: Operation not permitted
20260902: 7 files notarized
Traceback (most recent call last):
  File "/Users/haosiyu/dl_quant_live/ops/notarize_ledgers.py", line 45, in <module>
    subprocess.run(["git", "-C", RESEARCH, "add", "ledger_notary"], check=True)
  File "/Applications/Xcode.app/Contents/Developer/Library/Frameworks/Python3.framework/Versions/3.9/lib/python3.9/subprocess.py", line 528, in run
    raise CalledProcessError(retcode, process.args,
subprocess.CalledProcessError: Command '['git', '-C', '/Users/haosiyu/Desktop/quant_research', 'add', 'ledger_notary']' returned non-zero exit status 128.
fatal: Unable to read current working directory: Operation not permitted
20260903: 7 files notarized
Traceback (most recent call last):
  File "/Users/haosiyu/dl_quant_live/ops/notarize_ledgers.py", line 45, in <module>
    subprocess.run(["git", "-C", RESEARCH, "add", "ledger_notary"], check=True)
  File "/Applications/Xcode.app/Contents/Developer/Library/Frameworks/Python3.framework/Versions/3.9/lib/python3.9/subprocess.py", line 528, in run
    raise CalledProcessError(retcode, process.args,
subprocess.CalledProcessError: Command '['git', '-C', '/Users/haosiyu/Desktop/quant_research', 'add', 'ledger_notary']' returned non-zero exit status 128.
fatal: Unable to read current working directory: Operation not permitted
20260904: 7 files notarized
Traceback (most recent call last):
  File "/Users/haosiyu/dl_quant_live/ops/notarize_ledgers.py", line 45, in <module>
    subprocess.run(["git", "-C", RESEARCH, "add", "ledger_notary"], check=True)
  File "/Applications/Xcode.app/Contents/Developer/Library/Frameworks/Python3.framework/Versions/3.9/lib/python3.9/subprocess.py", line 528, in run
    raise CalledProcessError(retcode, process.args,
subprocess.CalledProcessError: Command '['git', '-C', '/Users/haosiyu/Desktop/quant_research', 'add', 'ledger_notary']' returned non-zero exit status 128.
fatal: Unable to read current working directory: Operation not permitted
20260905: 7 files notarized
Traceback (most recent call last):
  File "/Users/haosiyu/dl_quant_live/ops/notarize_ledgers.py", line 45, in <module>
    subprocess.run(["git", "-C", RESEARCH, "add", "ledger_notary"], check=True)
  File "/Applications/Xcode.app/Contents/Developer/Library/Frameworks/Python3.framework/Versions/3.9/lib/python3.9/subprocess.py", line 528, in run
    raise CalledProcessError(retcode, process.args,
subprocess.CalledProcessError: Command '['git', '-C', '/Users/haosiyu/Desktop/quant_research', 'add', 'ledger_notary']' returned non-zero exit status 128.
fatal: Unable to read current working directory: Operation not permitted
20260906: 7 files notarized
Traceback (most recent call last):
  File "/Users/haosiyu/dl_quant_live/ops/notarize_ledgers.py", line 45, in <module>
    subprocess.run(["git", "-C", RESEARCH, "add", "ledger_notary"], check=True)
  File "/Applications/Xcode.app/Contents/Developer/Library/Frameworks/Python3.framework/Versions/3.9/lib/python3.9/subprocess.py", line 528, in run
    raise CalledProcessError(retcode, process.args,
subprocess.CalledProcessError: Command '['git', '-C', '/Users/haosiyu/Desktop/quant_research', 'add', 'ledger_notary']' returned non-zero exit status 128.
fatal: Unable to read current working directory: Operation not permitted
20260907: 7 files notarized
Traceback (most recent call last):
  File "/Users/haosiyu/dl_quant_live/ops/notarize_ledgers.py", line 45, in <module>
    subprocess.run(["git", "-C", RESEARCH, "add", "ledger_notary"], check=True)
  File "/Applications/Xcode.app/Contents/Developer/Library/Frameworks/Python3.framework/Versions/3.9/lib/python3.9/subprocess.py", line 528, in run
    raise CalledProcessError(retcode, process.args,
subprocess.CalledProcessError: Command '['git', '-C', '/Users/haosiyu/Desktop/quant_research', 'add', 'ledger_notary']' returned non-zero exit status 128.
fatal: Unable to read current working directory: Operation not permitted
20260908: 7 files notarized
Traceback (most recent call last):
  File "/Users/haosiyu/dl_quant_live/ops/notarize_ledgers.py", line 45, in <module>
    subprocess.run(["git", "-C", RESEARCH, "add", "ledger_notary"], check=True)
  File "/Applications/Xcode.app/Contents/Developer/Library/Frameworks/Python3.framework/Versions/3.9/lib/python3.9/subprocess.py", line 528, in run
    raise CalledProcessError(retcode, process.args,
subprocess.CalledProcessError: Command '['git', '-C', '/Users/haosiyu/Desktop/quant_research', 'add', 'ledger_notary']' returned non-zero exit status 128.
fatal: Unable to read current working directory: Operation not permitted
20260909: 7 files notarized
Traceback (most recent call last):
  File "/Users/haosiyu/dl_quant_live/ops/notarize_ledgers.py", line 45, in <module>
    subprocess.run(["git", "-C", RESEARCH, "add", "ledger_notary"], check=True)
  File "/Applications/Xcode.app/Contents/Developer/Library/Frameworks/Python3.framework/Versions/3.9/lib/python3.9/subprocess.py", line 528, in run
    raise CalledProcessError(retcode, process.args,
subprocess.CalledProcessError: Command '['git', '-C', '/Users/haosiyu/Desktop/quant_research', 'add', 'ledger_notary']' returned non-zero exit status 128.
fatal: Unable to read current working directory: Operation not permitted
20260910: 7 files notarized
Traceback (most recent call last):
  File "/Users/haosiyu/dl_quant_live/ops/notarize_ledgers.py", line 45, in <module>
    subprocess.run(["git", "-C", RESEARCH, "add", "ledger_notary"], check=True)
  File "/Applications/Xcode.app/Contents/Developer/Library/Frameworks/Python3.framework/Versions/3.9/lib/python3.9/subprocess.py", line 528, in run
    raise CalledProcessError(retcode, process.args,
subprocess.CalledProcessError: Command '['git', '-C', '/Users/haosiyu/Desktop/quant_research', 'add', 'ledger_notary']' returned non-zero exit status 128.
fatal: Unable to read current working directory: Operation not permitted
20260911: 7 files notarized
Traceback (most recent call last):
  File "/Users/haosiyu/dl_quant_live/ops/notarize_ledgers.py", line 45, in <module>
    subprocess.run(["git", "-C", RESEARCH, "add", "ledger_notary"], check=True)
  File "/Applications/Xcode.app/Contents/Developer/Library/Frameworks/Python3.framework/Versions/3.9/lib/python3.9/subprocess.py", line 528, in run
    raise CalledProcessError(retcode, process.args,
subprocess.CalledProcessError: Command '['git', '-C', '/Users/haosiyu/Desktop/quant_research', 'add', 'ledger_notary']' returned non-zero exit status 128.
fatal: Unable to read current working directory: Operation not permitted
20260912: 7 files notarized
Traceback (most recent call last):
  File "/Users/haosiyu/dl_quant_live/ops/notarize_ledgers.py", line 45, in <module>
    subprocess.run(["git", "-C", RESEARCH, "add", "ledger_notary"], check=True)
  File "/Applications/Xcode.app/Contents/Developer/Library/Frameworks/Python3.framework/Versions/3.9/lib/python3.9/subprocess.py", line 528, in run
    raise CalledProcessError(retcode, process.args,
subprocess.CalledProcessError: Command '['git', '-C', '/Users/haosiyu/Desktop/quant_research', 'add', 'ledger_notary']' returned non-zero exit status 128.
