[    17s] CHECK pin.price_full_raw OK {"got": "23af32bd97c267d1", "want": "23af32bd97c267d1"}
[    17s] CHECK pin.price_full_meta OK {"got": "d1e49cc9f0a7ddc4", "want": "d1e49cc9f0a7ddc4"}
[    17s] CHECK pin.price_full_meta_old OK {"got": "f2f5382889f8c926", "want": "f2f5382889f8c926"}
[    17s] CHECK pin.adapter OK {"got": "05cc5dc25df99459", "want": "05cc5dc25df99459"}
[    17s] CHECK pin.base_npz OK {"got": "5c18bab245601020", "want": "5c18bab245601020"}
[    17s] CHECK pin.base_receipt OK {"got": "6147cff76d1f3a1e", "want": "6147cff76d1f3a1e"}
[    17s] CHECK axis.symbols_old_eq_raw OK 
[    17s] CHECK grid.old_is_prefix_of_raw OK 
[    17s] CHECK inlife_missing_equals_gapfilled_union_UA OK {"inlife_nan_old": 24397, "gapfilled": 21313, "ua": 3084, "overlap": 0, "inl_minus": 0, "union_minus": 0}
[    17s] CHECK extension_rows_add_no_gapfill_or_ua_unaccounted OK {"ua_in_extension_rows": 0, "gapfilled_in_extension_rows": 0, "note": "extension (after the OLD grid) has no OLD in-life-NaN reference; the price device's G5 states the extension adds no UA and no gap fill"}
[    17s] CHECK base_receipt.npz_sha OK "5c18bab2456010203076e117a520657ac4165b1949836f8c7dc26f8240ad7b1f"
[    17s] CHECK base_receipt.arm OK "NEW_s42"
[    19s] CHECK base.axis_4h_contiguous OK {"n": 9252, "first": 1656547200, "last": 1789761600}
[    19s] CHECK price.shape OK [444145, 829]
[    19s] bars_4h ...
[    26s] bars 9254 valid cells 3416090
[    26s] betas ...
[    38s] betas done
[    40s] CHECK adapter.module_is_pinned_file OK "/workspace/baseline_tables_2026-09-19/devices_v3/bt_objb_targets.py"
[    41s] CHECK adapter.loads_m2_file OK {"n": 9252, "sources": [{"tag": "NEW_s42_M2", "arm": "NEW_s42", "data": "codex_combo_20260923 corrected_combo_v1d combo_s42 (copied from /tmp/codex_combo_20260923/combo_s42, sha-equal to the local backup)", "written_rows_without_weights": 0, "zero_weights": 0}]}
[    49s] CHECK adapter.dense_rows_equal_base_except_btc_bitwise OK {"anchors": 9252}
[    49s] CHECK adapter.btc_column_equals_base_plus_hedge_bitwise OK {"max_abs": 2.7755575615628914e-17}
[    49s] CHECK adapter.fresh_and_kind_unchanged OK {"m2": {"window_anchors": 9252, "combo": 6723, "king": 0, "hold": 2529, "written_rows_without_weights": 0}, "base": {"window_anchors": 9252, "combo": 6723, "king": 0, "hold": 2529, "written_rows_without_weights": 0}}
[    49s] CHECK hold_rows_have_zero_hedge OK 2529
M2_BUILD VERDICT=PASS tag=NEW_s42_M2 targets_sha256=6613efa99f895c0e19b13ac1de183bfcfbf03f6684dcbe804aaf583378f2de65 receipt_sha256=b26dfbcbefcbf944438dd66bf134d06f8865910d2d63f0e7675e075c238dae28
