2026-09-27T02:30:54Z KF_GATE0_START pgid=3363323
2026-09-27T02:32:27Z G0a MR_DUP PASS=True {"gated_arrays": ["E_ts", "P", "symbols"], "differing_arrays": [], "provenance_equal_reported_not_gated": {"model_sha256": false}}
2026-09-27T02:32:28Z G0b MR_DUP PASS=True {"gated_arrays": ["E_ts", "P", "symbols"], "differing_arrays": [], "provenance_equal_reported_not_gated": {"model_sha256": false}}
2026-09-27T02:32:28Z G0c refused as expected
2026-09-27T02:32:28Z KF_GATE0 PASS
2026-09-27T02:39:46Z KF_TRAIN_START pgid=3365381 arms=KN A1
2026-09-27T02:39:46Z train launched KN_m0 KN 0
2026-09-27T02:39:46Z train launched KN_m1 KN 1
2026-09-27T02:39:47Z train launched KN_m2 KN 2
2026-09-27T02:42:27Z train launched KN_m3 KN 3
2026-09-27T02:42:37Z train launched KN_m4 KN 4
2026-09-27T02:42:37Z train launched KN_m5 KN 5
2026-09-27T02:42:56Z KF_MANIFEST_IC (v1 waiter PGID 3365832) stopped by owner fresh2: superseded by kf_manifest_ic2.sh after the lead ruling (A0 m1..m7, member-paired ΔIC)
2026-09-27T02:42:56Z KF_MANIFEST_IC2_START pgid=3366497
2026-09-27T02:43:57Z KF_MANIFEST_IC (v2 waiter PGID 3366497, still waiting, nothing started) stopped by owner fresh2: superseded by kf_manifest_ic3.sh (marker renamed KF_MANIFEST_IC_PAIRED_DONE for dlarch paired mode 6213fe12c)
2026-09-27T02:43:57Z KF_MANIFEST_IC3_START pgid=3366800
2026-09-27T02:44:47Z train launched KN_m6 KN 6
2026-09-27T02:45:27Z train launched KN_m7 KN 7
2026-09-27T02:45:27Z train launched KN_m0_dup KN 0
2026-09-27T02:47:17Z train launched A1_m0 A1 0
2026-09-27T02:47:37Z train launched A1_m1 A1 1
2026-09-27T02:47:37Z train launched A1_m2 A1 2
2026-09-27T03:09:29Z train launched A1_m3 A1 3
2026-09-27T03:09:59Z train launched A1_m4 A1 4
2026-09-27T03:10:09Z train launched A1_m5 A1 5
2026-09-27T03:31:00Z train launched A1_m6 A1 6
2026-09-27T03:31:00Z train launched A1_m7 A1 7
2026-09-27T03:32:50Z train launched A1_m0_dup A1 0
2026-09-27T03:53:05Z dup KN_m0 MR_DUP PASS=True {"gated_arrays": ["E_ts", "P", "symbols"], "differing_arrays": [], "provenance_equal_reported_not_gated": {"model_sha256": false}}
2026-09-27T03:53:06Z dup A1_m0 MR_DUP PASS=True {"gated_arrays": ["E_ts", "P", "symbols"], "differing_arrays": [], "provenance_equal_reported_not_gated": {"model_sha256": false}}
2026-09-27T03:53:06Z A1_m1 scores == run-3 7e1d2f012505d8ca
2026-09-27T03:53:06Z A1_m0 scores == run-3 3498659b09520ca9
2026-09-27T03:53:08Z KF_TRAIN_DONE arms=KN A1 manifest=/workspace/kingfam_2026-09-27/MANIFEST_KN_A1.json sha=036f37c4b2c0346d
2026-09-27T03:53:31Z KF_TRAIN_START pgid=3366800 arms=A0
2026-09-27T03:53:31Z train launched A0_m0 A0 0
2026-09-27T03:53:31Z train launched A0_m1 A0 1
2026-09-27T03:53:31Z train launched A0_m2 A0 2
2026-09-27T03:55:21Z train launched A0_m3 A0 3
2026-09-27T03:55:21Z train launched A0_m4 A0 4
2026-09-27T03:55:21Z train launched A0_m5 A0 5
2026-09-27T03:57:02Z train launched A0_m6 A0 6
2026-09-27T03:57:02Z train launched A0_m7 A0 7
2026-09-27T03:57:12Z train launched A0_m0_dup A0 0
2026-09-27T03:58:55Z dup A0_m0 MR_DUP PASS=True {"gated_arrays": ["E_ts", "P", "symbols"], "differing_arrays": [], "provenance_equal_reported_not_gated": {"model_sha256": false}}
2026-09-27T03:58:55Z A1_m1 scores == run-3 7e1d2f012505d8ca
2026-09-27T03:58:55Z A1_m0 scores == run-3 3498659b09520ca9
2026-09-27T03:58:56Z KF_TRAIN_DONE arms=A0 manifest=/workspace/kingfam_2026-09-27/MANIFEST_A0.json sha=2bb2c36e4816d530
2026-09-27T03:58:56Z A0_m0 scores == in-service (P ea78c2f6bf3ffd0a850321ea20c8fe95d0301f46db6494a1c608365a8ccd2870)
2026-09-27T03:58:59Z KF_MANIFEST_IC_PAIRED_DONE /workspace/kingfam_2026-09-27/MANIFEST_IC.json sha=e606a778102f1266b9529ce1603e842c57dfeead83fa7e8c9d6f9383b35d2cde
