2026-09-27T02:39:46Z KF_TRAIN_START pgid=3365381 arms=KN A1
2026-09-27T02:39:46Z train launched KN_m0 KN 0
2026-09-27T02:39:46Z train launched KN_m1 KN 1
2026-09-27T02:39:47Z train launched KN_m2 KN 2
2026-09-27T02:42:27Z train launched KN_m3 KN 3
2026-09-27T02:42:37Z train launched KN_m4 KN 4
2026-09-27T02:42:37Z train launched KN_m5 KN 5
2026-09-27T02:44:47Z train launched KN_m6 KN 6
2026-09-27T02:45:27Z train launched KN_m7 KN 7
2026-09-27T02:45:27Z train launched KN_m0_dup KN 0
2026-09-27T02:47:17Z train launched A1_m0 A1 0
2026-09-27T02:47:37Z train launched A1_m1 A1 1
2026-09-27T02:47:37Z train launched A1_m2 A1 2
2026-09-27T03:09:29Z train launched A1_m3 A1 3
2026-09-27T03:09:59Z train launched A1_m4 A1 4
2026-09-27T03:10:09Z train launched A1_m5 A1 5
2026-09-27T03:31:00Z train launched A1_m6 A1 6
2026-09-27T03:31:00Z train launched A1_m7 A1 7
2026-09-27T03:32:50Z train launched A1_m0_dup A1 0
2026-09-27T03:53:05Z dup KN_m0 MR_DUP PASS=True {"gated_arrays": ["E_ts", "P", "symbols"], "differing_arrays": [], "provenance_equal_reported_not_gated": {"model_sha256": false}}
2026-09-27T03:53:06Z dup A1_m0 MR_DUP PASS=True {"gated_arrays": ["E_ts", "P", "symbols"], "differing_arrays": [], "provenance_equal_reported_not_gated": {"model_sha256": false}}
2026-09-27T03:53:06Z A1_m1 scores == run-3 7e1d2f012505d8ca
2026-09-27T03:53:06Z A1_m0 scores == run-3 3498659b09520ca9
/workspace/kingfam_2026-09-27/MANIFEST_KN_A1.json 036f37c4b2c0346d858471a5a507b2bf8d42ab60357bf1ad5138d01bc0f2fd2c
2026-09-27T03:53:08Z KF_TRAIN_DONE arms=KN A1 manifest=/workspace/kingfam_2026-09-27/MANIFEST_KN_A1.json sha=036f37c4b2c0346d
