UNITS CHAIN: sleeve bps/anchor per unit target sleeve gross (perp notional; spot leg = equal extra capital); book g = net_ex/gross_total; mix per unit total gross; NAV %/yr at 1x = mean × 6 × 365 / 1e4 × 100, at 2x total gross = mean × 6 × 365 × 2 / 1e4 × 100 (1 bps ⇒ 21.9 %/yr at 1x, 43.8 %/yr at 2x); Sharpe = mean/std(ddof=1)×√2190
## Paper carry sleeve (UPPER BOUND; diagnostic): long-spot/short-perp on top-K names by predicted (last settled) funding ≥ h, equal weight 1/K; income = realised funding on perp notional; costs 3.92 (perp) + 10 (spot) bps per unit turnover; basis/borrow/spot availability ignored. Units: bps/anchor per unit target sleeve gross (perp notional; spot leg needs equal extra capital). 2023-01→2026-08-10, 7907 anchors.
| arm | window | net mean bps/anchor | Sharpe | σ bps | maxDD 1× | turnover/gross | n sel | deployed | no-eligible share | income-only mean / Sharpe | NAV %/yr at 1× |
|---|---|---|---|---|---|---|---|---|---|---|---|
| K10_h5 | 2023 | -1.013 | -13.98 | 3.39 | 19.9% | 0.0906 | 1.0 | 0.099 | 0.707 | +0.248 / 11.46 | -22.2% |
| K10_h5 | 2024 | -2.054 | -19.69 | 4.88 | 36.2% | 0.2116 | 2.1 | 0.212 | 0.525 | +0.892 / 18.92 | -45.0% |
| K10_h5 | 2025 | -3.221 | -32.30 | 4.67 | 50.7% | 0.4078 | 3.9 | 0.385 | 0.118 | +2.456 / 29.22 | -70.5% |
| K10_h5 | 2026->cut | -5.990 | -39.43 | 7.11 | 55.0% | 0.7400 | 7.6 | 0.756 | 0.001 | +4.311 / 43.95 | -131.2% |
| K10_h5 | 2023->cut | -2.752 | -24.72 | 5.21 | 88.7% | 0.3214 | 3.2 | 0.320 | 0.374 | +1.722 / 23.73 | -60.3% |
| K10_h10 | 2023 | -0.091 | -6.43 | 0.67 | 2.0% | 0.0089 | 0.1 | 0.009 | 0.922 | +0.033 / 3.00 | -2.0% |
| K10_h10 | 2024 | -0.397 | -7.98 | 2.33 | 8.3% | 0.0543 | 0.6 | 0.056 | 0.795 | +0.359 / 12.01 | -8.7% |
| K10_h10 | 2025 | -0.550 | -7.82 | 3.29 | 11.9% | 0.1266 | 1.1 | 0.112 | 0.430 | +1.213 / 17.18 | -12.0% |
| K10_h10 | 2026->cut | -1.370 | -12.03 | 5.33 | 16.6% | 0.2777 | 3.0 | 0.297 | 0.143 | +2.495 / 27.37 | -30.0% |
| K10_h10 | 2023->cut | -0.518 | -7.84 | 3.10 | 33.7% | 0.0994 | 1.0 | 0.099 | 0.620 | +0.865 / 14.83 | -11.4% |
| K20_h5 | 2023 | -0.667 | -11.60 | 2.69 | 13.6% | 0.0604 | 1.4 | 0.069 | 0.707 | +0.173 / 10.54 | -14.6% |
| K20_h5 | 2024 | -1.382 | -15.72 | 4.11 | 26.1% | 0.1454 | 3.2 | 0.162 | 0.525 | +0.642 / 17.24 | -30.3% |
| K20_h5 | 2025 | -1.729 | -32.72 | 2.47 | 31.5% | 0.2208 | 4.3 | 0.217 | 0.118 | +1.344 / 28.30 | -37.9% |
| K20_h5 | 2026->cut | -3.651 | -39.14 | 4.37 | 38.5% | 0.4459 | 9.6 | 0.480 | 0.001 | +2.556 / 42.01 | -80.0% |
| K20_h5 | 2023->cut | -1.662 | -21.94 | 3.54 | 73.1% | 0.1933 | 4.1 | 0.205 | 0.374 | +1.029 / 22.95 | -36.4% |
| K20_h10 | 2023 | -0.046 | -6.43 | 0.33 | 1.0% | 0.0045 | 0.1 | 0.004 | 0.922 | +0.016 / 3.00 | -1.0% |
| K20_h10 | 2024 | -0.228 | -6.11 | 1.75 | 4.9% | 0.0317 | 0.7 | 0.035 | 0.795 | +0.214 / 10.17 | -5.0% |
| K20_h10 | 2025 | -0.279 | -7.87 | 1.66 | 6.2% | 0.0641 | 1.1 | 0.057 | 0.430 | +0.614 / 17.10 | -6.1% |
| K20_h10 | 2026->cut | -0.705 | -11.23 | 2.94 | 8.9% | 0.1426 | 3.1 | 0.155 | 0.143 | +1.280 / 25.33 | -15.4% |
| K20_h10 | 2023->cut | -0.272 | -7.18 | 1.77 | 19.4% | 0.0518 | 1.1 | 0.053 | 0.620 | +0.449 / 14.18 | -6.0% |
| K40_h5 | 2023 | -0.411 | -9.94 | 1.94 | 8.6% | 0.0377 | 1.8 | 0.046 | 0.707 | +0.114 / 9.25 | -9.0% |
| K40_h5 | 2024 | -0.875 | -12.43 | 3.30 | 17.4% | 0.0966 | 5.0 | 0.125 | 0.525 | +0.470 / 14.82 | -19.2% |
| K40_h5 | 2025 | -0.877 | -32.50 | 1.26 | 17.5% | 0.1121 | 4.4 | 0.111 | 0.118 | +0.683 / 27.59 | -19.2% |
| K40_h5 | 2026->cut | -1.875 | -39.07 | 2.25 | 22.1% | 0.2307 | 10.1 | 0.253 | 0.001 | +1.337 / 39.65 | -41.1% |
| K40_h5 | 2023->cut | -0.915 | -18.15 | 2.36 | 51.5% | 0.1072 | 4.8 | 0.121 | 0.374 | +0.576 / 20.95 | -20.0% |
| K40_h10 | 2023 | -0.023 | -6.43 | 0.17 | 0.5% | 0.0022 | 0.1 | 0.002 | 0.922 | +0.008 / 3.00 | -0.5% |
| K40_h10 | 2024 | -0.130 | -4.65 | 1.31 | 2.8% | 0.0185 | 0.9 | 0.022 | 0.795 | +0.127 / 8.21 | -2.8% |
| K40_h10 | 2025 | -0.142 | -7.87 | 0.85 | 3.2% | 0.0323 | 1.1 | 0.029 | 0.430 | +0.307 / 17.09 | -3.1% |
| K40_h10 | 2026->cut | -0.352 | -10.98 | 1.50 | 4.6% | 0.0715 | 3.1 | 0.078 | 0.143 | +0.643 / 24.83 | -7.7% |
| K40_h10 | 2023->cut | -0.141 | -6.38 | 1.03 | 10.6% | 0.0267 | 1.1 | 0.028 | 0.620 | +0.231 / 13.51 | -3.1% |

## Costs and overlap (2023→cut)
| arm | cost mean bps/anchor (perp / spot) | selected interval mix 1h/4h/8h | sleeve names that are book longs (share, s42) | book long gross sitting in sleeve names (share of book gross) s42 / s2027 |
|---|---|---|---|---|
| K10_h5 | 4.474 (1.260 / 3.214) | 0.01/0.65/0.34 | 0.3893 | 0.0103 / 0.0103 |
| K10_h10 | 1.383 (0.390 / 0.994) | 0.01/0.60/0.39 | 0.3656 | 0.0042 / 0.0041 |
| K20_h5 | 2.691 (0.758 / 1.933) | 0.01/0.61/0.38 | 0.3943 | 0.0137 / 0.0137 |
| K20_h10 | 0.721 (0.203 / 0.518) | 0.01/0.57/0.42 | 0.3664 | 0.0045 / 0.0045 |
| K40_h5 | 1.492 (0.420 / 1.072) | 0.01/0.55/0.44 | 0.3955 | 0.0164 / 0.0165 |
| K40_h10 | 0.372 (0.105 / 0.267) | 0.01/0.55/0.44 | 0.3665 | 0.0048 / 0.0048 |

## Diversification with the live book (per unit total gross; mix = a·book + (1−a)·sleeve): ρ by window; Sharpe by year for the mixes; worst-year and 2024→26 Sharpe
| arm | seed | ρ 2023 / 2024 / 2025 / 2026 / 2023→cut | mix 1:0 S 23/24/25/26 (worst) | 0.8:0.2 | 0.7:0.3 | 0.5:0.5 | 2024→cut S 1:0 / .8 / .7 / .5 |
|---|---|---|---|---|---|---|---|
| K10_h5 | s42 | +0.05 / +0.01 / -0.05 / -0.05 / -0.04 | -1.90/1.24/1.14/4.94 (**-1.90**) | -2.64/0.10/-0.27/2.62 (**-2.64**) | -3.17/-0.71/-1.28/0.95 (**-3.17**) | -4.76/-3.23/-4.48/-4.30 (**-4.76**) | 2.20 / 0.64 / -0.48 / -3.99 |
| K10_h5 | s2027 | +0.05 / +0.01 / -0.04 / -0.05 / -0.03 | -1.82/1.30/1.34/4.89 (**-1.82**) | -2.57/0.16/-0.07/2.55 (**-2.57**) | -3.09/-0.64/-1.07/0.88 (**-3.09**) | -4.68/-3.16/-4.25/-4.37 (**-4.68**) | 2.28 / 0.72 / -0.39 / -3.90 |
| K10_h10 | s42 | +0.05 / +0.02 / -0.03 / -0.03 / -0.02 | -1.90/1.24/1.14/4.94 (**-1.90**) | -1.96/1.01/0.90/4.41 (**-1.96**) | -2.01/0.86/0.73/4.03 (**-2.01**) | -2.16/0.35/0.18/2.78 (**-2.16**) | 2.20 / 1.89 / 1.67 / 0.95 |
| K10_h10 | s2027 | +0.05 / +0.02 / -0.02 / -0.02 / -0.01 | -1.82/1.30/1.34/4.89 (**-1.82**) | -1.89/1.08/1.10/4.35 (**-1.89**) | -1.94/0.92/0.93/3.97 (**-1.94**) | -2.09/0.42/0.38/2.72 (**-2.09**) | 2.28 / 1.97 / 1.75 / 1.03 |
| K20_h5 | s42 | +0.04 / +0.00 / -0.05 / -0.04 / -0.03 | -1.90/1.24/1.14/4.94 (**-1.90**) | -2.39/0.47/0.38/3.53 (**-2.39**) | -2.73/-0.08/-0.16/2.51 (**-2.73**) | -3.80/-1.80/-1.89/-0.73 (**-3.80**) | 2.20 / 1.27 / 0.60 / -1.53 |
| K20_h5 | s2027 | +0.04 / +0.01 / -0.04 / -0.04 / -0.02 | -1.82/1.30/1.34/4.89 (**-1.82**) | -2.31/0.54/0.59/3.47 (**-2.31**) | -2.66/-0.01/0.05/2.45 (**-2.66**) | -3.73/-1.72/-1.68/-0.80 (**-3.73**) | 2.28 / 1.35 / 0.68 / -1.44 |
| K20_h10 | s42 | +0.05 / +0.01 / -0.03 / -0.03 / -0.02 | -1.90/1.24/1.14/4.94 (**-1.90**) | -1.93/1.11/1.02/4.67 (**-1.93**) | -1.95/1.02/0.93/4.47 (**-1.95**) | -2.03/0.73/0.65/3.84 (**-2.03**) | 2.20 / 2.04 / 1.92 / 1.54 |
| K20_h10 | s2027 | +0.05 / +0.01 / -0.01 / -0.03 / -0.01 | -1.82/1.30/1.34/4.89 (**-1.82**) | -1.86/1.17/1.22/4.61 (**-1.86**) | -1.88/1.08/1.13/4.42 (**-1.88**) | -1.96/0.79/0.85/3.78 (**-1.96**) | 2.28 / 2.12 / 2.00 / 1.62 |
| K40_h5 | s42 | +0.05 / -0.00 / -0.05 / -0.04 / -0.02 | -1.90/1.24/1.14/4.94 (**-1.90**) | -2.20/0.75/0.76/4.22 (**-2.20**) | -2.41/0.40/0.48/3.70 (**-2.41**) | -3.08/-0.70/-0.40/2.03 (**-3.08**) | 2.20 / 1.69 / 1.33 / 0.17 |
| K40_h5 | s2027 | +0.05 / +0.00 / -0.03 / -0.04 / -0.02 | -1.82/1.30/1.34/4.89 (**-1.82**) | -2.13/0.82/0.96/4.16 (**-2.13**) | -2.34/0.47/0.69/3.64 (**-2.34**) | -3.01/-0.63/-0.19/1.96 (**-3.01**) | 2.28 / 1.78 / 1.41 / 0.26 |
| K40_h10 | s42 | +0.05 / +0.01 / -0.03 / -0.03 / -0.02 | -1.90/1.24/1.14/4.94 (**-1.90**) | -1.91/1.16/1.08/4.81 (**-1.91**) | -1.92/1.11/1.03/4.71 (**-1.92**) | -1.96/0.95/0.89/4.40 (**-1.96**) | 2.20 / 2.12 / 2.05 / 1.86 |
| K40_h10 | s2027 | +0.05 / +0.01 / -0.01 / -0.03 / -0.01 | -1.82/1.30/1.34/4.89 (**-1.82**) | -1.84/1.23/1.28/4.75 (**-1.84**) | -1.85/1.18/1.24/4.65 (**-1.85**) | -1.89/1.01/1.09/4.34 (**-1.89**) | 2.28 / 2.20 / 2.14 / 1.94 |

## Analytic line (book's worst year per seed): S2 the sleeve would need for the mix to reach Sharpe 3
| arm | seed | worst yr | S1 book | σ book / σ sleeve bps | S2 measured | ρ measured | equal-vol 50:50 S2 needed @ρ=0 / 0.3 / measured | measured-vol S2 needed 50:50 @ρ=0 / 0.3 / meas · 70:30 @ρ=0 / 0.3 / meas |
|---|---|---|---|---|---|---|---|---|
| K10_h5 | s42 | 2023 | -1.90 | 15.7 / 3.4 | -13.98 | +0.05 | 6.1 / 6.7 / 6.2 | 22.9 / 23.8 / 23.1 · 52.9 / 53.8 / 53.0 |
| K10_h5 | s2027 | 2023 | -1.82 | 15.7 / 3.4 | -13.98 | +0.05 | 6.1 / 6.7 / 6.2 | 22.7 / 23.5 / 22.8 · 52.3 / 53.1 / 52.4 |
| K10_h10 | s42 | 2023 | -1.90 | 15.7 / 0.7 | -6.43 | +0.05 | 6.1 / 6.7 / 6.2 | 115.3 / 116.2 / 115.5 · 268.9 / 269.8 / 269.1 |
| K10_h10 | s2027 | 2023 | -1.82 | 15.7 / 0.7 | -6.43 | +0.05 | 6.1 / 6.7 / 6.2 | 113.9 / 114.8 / 114.0 · 265.7 / 266.6 / 265.8 |
| K20_h5 | s42 | 2023 | -1.90 | 15.7 / 2.7 | -11.60 | +0.04 | 6.1 / 6.7 / 6.2 | 28.8 / 29.6 / 28.9 · 66.6 / 67.5 / 66.8 |
| K20_h5 | s2027 | 2023 | -1.82 | 15.7 / 2.7 | -11.60 | +0.04 | 6.1 / 6.7 / 6.2 | 28.4 / 29.3 / 28.5 · 65.8 / 66.7 / 66.0 |
| K20_h10 | s42 | 2023 | -1.90 | 15.7 / 0.3 | -6.43 | +0.05 | 6.1 / 6.7 / 6.2 | 230.5 / 231.4 / 230.7 · 537.8 / 538.7 / 538.0 |
| K20_h10 | s2027 | 2023 | -1.82 | 15.7 / 0.3 | -6.43 | +0.05 | 6.1 / 6.7 / 6.2 | 227.7 / 228.6 / 227.9 · 531.3 / 532.2 / 531.4 |
| K40_h5 | s42 | 2023 | -1.90 | 15.7 / 1.9 | -9.94 | +0.05 | 6.1 / 6.7 / 6.2 | 39.8 / 40.7 / 39.9 · 92.5 / 93.4 / 92.6 |
| K40_h5 | s2027 | 2023 | -1.82 | 15.7 / 1.9 | -9.94 | +0.05 | 6.1 / 6.7 / 6.2 | 39.3 / 40.2 / 39.4 · 91.3 / 92.2 / 91.5 |
| K40_h10 | s42 | 2023 | -1.90 | 15.7 / 0.2 | -6.43 | +0.05 | 6.1 / 6.7 / 6.2 | 461.0 / 461.9 / 461.2 · 1075.7 / 1076.6 / 1075.8 |
| K40_h10 | s2027 | 2023 | -1.82 | 15.7 / 0.2 | -6.43 | +0.05 | 6.1 / 6.7 / 6.2 | 455.4 / 456.3 / 455.5 · 1062.6 / 1063.5 / 1062.7 |

## Income-only (zero-cost ceiling) mixes — Sharpe by year (23/24/25/26) and worst year; and per-year lines: S2 needed (equal-vol 50:50) vs measured S2 (net / income-only), leverage needed for the sleeve to match the book's vol, and the vol-matched 50:50 mix Sharpe
| arm | seed | income-only mix 0.8:0.2 | 0.7:0.3 | 0.5:0.5 | year | S1 | S2 net / income | ρ net / income | S2 needed @ρ=0 / 0.3 | lev to match vol net / income | vol-matched 50:50 S net / income |
|---|---|---|---|---|---|---|---|---|---|---|---|
| K10_h5 | s42 | -1.71/1.73/2.22/6.61 (-1.71) | -1.58/2.08/3.00/7.79 (-1.58) | -1.15/3.19/5.45/11.49 (-1.15) | 2023 | -1.90 | -14.0 / 11.5 | +0.05 / +0.01 | 6.1 / 6.7 | 4.6182 / 15.4733 | -11.0 / 6.7 |
| K10_h5 | s42 | -1.71/1.73/2.22/6.61 (-1.71) | -1.58/2.08/3.00/7.79 (-1.58) | -1.15/3.19/5.45/11.49 (-1.15) | 2025 | 1.14 | -32.3 / 29.2 | -0.05 / -0.07 | 3.1 / 3.7 | 5.7134 / 6.7782 | -22.6 / 22.2 |
| K10_h5 | s42 | -1.71/1.73/2.22/6.61 (-1.71) | -1.58/2.08/3.00/7.79 (-1.58) | -1.15/3.19/5.45/11.49 (-1.15) | 2024 | 1.24 | -19.7 / 18.9 | +0.01 / +0.02 | 3.0 / 3.6 | 4.3172 / 9.557 | -13.0 / 14.1 |
| K10_h5 | s2027 | -1.64/1.79/2.42/6.56 (-1.64) | -1.51/2.14/3.19/7.74 (-1.51) | -1.08/3.25/5.62/11.45 (-1.08) | 2023 | -1.82 | -14.0 / 11.5 | +0.05 / +0.00 | 6.1 / 6.7 | 4.631 / 15.5163 | -10.9 / 6.8 |
| K10_h5 | s2027 | -1.64/1.79/2.42/6.56 (-1.64) | -1.51/2.14/3.19/7.74 (-1.51) | -1.08/3.25/5.62/11.45 (-1.08) | 2025 | 1.34 | -32.3 / 29.2 | -0.04 / -0.05 | 2.9 / 3.5 | 5.7323 / 6.8006 | -22.3 / 22.2 |
| K10_h5 | s2027 | -1.64/1.79/2.42/6.56 (-1.64) | -1.51/2.14/3.19/7.74 (-1.51) | -1.08/3.25/5.62/11.45 (-1.08) | 2024 | 1.30 | -19.7 / 18.9 | +0.01 / +0.01 | 2.9 / 3.5 | 4.328 / 9.5809 | -12.9 / 14.2 |
| K10_h10 | s42 | -1.87/1.44/1.68/5.91 (-1.87) | -1.85/1.58/2.06/6.59 (-1.85) | -1.80/2.03/3.27/8.72 (-1.80) | 2023 | -1.90 | -6.4 / 3.0 | +0.05 / +0.02 | 6.1 / 6.7 | 23.5387 / 30.8007 | -5.7 / 0.8 |
| K10_h10 | s42 | -1.87/1.44/1.68/5.91 (-1.87) | -1.85/1.58/2.06/6.59 (-1.85) | -1.80/2.03/3.27/8.72 (-1.80) | 2025 | 1.14 | -7.8 / 17.2 | -0.03 / -0.06 | 3.1 / 3.7 | 8.1034 / 8.0708 | -4.8 / 13.4 |
| K10_h10 | s42 | -1.87/1.44/1.68/5.91 (-1.87) | -1.85/1.58/2.06/6.59 (-1.85) | -1.80/2.03/3.27/8.72 (-1.80) | 2024 | 1.24 | -8.0 / 12.0 | +0.02 / -0.03 | 3.0 / 3.6 | 9.0562 / 15.0522 | -4.7 / 9.5 |
| K10_h10 | s2027 | -1.80/1.50/1.87/5.85 (-1.80) | -1.78/1.64/2.25/6.54 (-1.78) | -1.72/2.10/3.46/8.67 (-1.72) | 2023 | -1.82 | -6.4 / 3.0 | +0.05 / +0.02 | 6.1 / 6.7 | 23.6041 / 30.8863 | -5.7 / 0.8 |
| K10_h10 | s2027 | -1.80/1.50/1.87/5.85 (-1.80) | -1.78/1.64/2.25/6.54 (-1.78) | -1.72/2.10/3.46/8.67 (-1.72) | 2025 | 1.34 | -7.8 / 17.2 | -0.02 / -0.05 | 2.9 / 3.5 | 8.1302 / 8.0975 | -4.6 / 13.4 |
| K10_h10 | s2027 | -1.80/1.50/1.87/5.85 (-1.80) | -1.78/1.64/2.25/6.54 (-1.78) | -1.72/2.10/3.46/8.67 (-1.72) | 2024 | 1.30 | -8.0 / 12.0 | +0.02 / -0.03 | 2.9 / 3.5 | 9.0788 / 15.0898 | -4.7 / 9.6 |
| K20_h5 | s42 | -1.77/1.59/1.73/5.93 (-1.77) | -1.67/1.84/2.16/6.63 (-1.67) | -1.38/2.65/3.51/8.86 (-1.38) | 2023 | -1.90 | -11.6 / 10.5 | +0.04 / +0.01 | 6.1 / 6.7 | 5.8237 / 20.3299 | -9.3 / 6.1 |
| K20_h5 | s42 | -1.77/1.59/1.73/5.93 (-1.77) | -1.67/1.84/2.16/6.63 (-1.67) | -1.38/2.65/3.51/8.86 (-1.38) | 2025 | 1.14 | -32.7 / 28.3 | -0.05 / -0.07 | 3.1 / 3.7 | 10.7816 / 11.9984 | -22.9 / 21.5 |
| K20_h5 | s42 | -1.77/1.59/1.73/5.93 (-1.77) | -1.67/1.84/2.16/6.63 (-1.67) | -1.38/2.65/3.51/8.86 (-1.38) | 2024 | 1.24 | -15.7 / 17.2 | +0.00 / +0.03 | 3.0 / 3.6 | 5.1248 / 12.0851 | -10.2 / 12.9 |
| K20_h5 | s2027 | -1.69/1.66/1.93/5.88 (-1.69) | -1.60/1.91/2.35/6.58 (-1.60) | -1.30/2.71/3.70/8.81 (-1.30) | 2023 | -1.82 | -11.6 / 10.5 | +0.04 / +0.00 | 6.1 / 6.7 | 5.8399 / 20.3864 | -9.3 / 6.2 |
| K20_h5 | s2027 | -1.69/1.66/1.93/5.88 (-1.69) | -1.60/1.91/2.35/6.58 (-1.60) | -1.30/2.71/3.70/8.81 (-1.30) | 2025 | 1.34 | -32.7 / 28.3 | -0.04 / -0.06 | 2.9 / 3.5 | 10.8173 / 12.038 | -22.6 / 21.6 |
| K20_h5 | s2027 | -1.69/1.66/1.93/5.88 (-1.69) | -1.60/1.91/2.35/6.58 (-1.60) | -1.30/2.71/3.70/8.81 (-1.30) | 2024 | 1.30 | -15.7 / 17.2 | +0.01 / +0.02 | 2.9 / 3.5 | 5.1376 / 12.1153 | -10.2 / 13.0 |
| K20_h10 | s42 | -1.88/1.35/1.41/5.44 (-1.88) | -1.88/1.44/1.61/5.79 (-1.88) | -1.85/1.71/2.22/6.91 (-1.85) | 2023 | -1.90 | -6.4 / 3.0 | +0.05 / +0.02 | 6.1 / 6.7 | 47.0774 / 61.6014 | -5.7 / 0.8 |
| K20_h10 | s42 | -1.88/1.35/1.41/5.44 (-1.88) | -1.88/1.44/1.61/5.79 (-1.88) | -1.85/1.71/2.22/6.91 (-1.85) | 2025 | 1.14 | -7.9 / 17.1 | -0.03 / -0.06 | 3.1 / 3.7 | 16.0536 / 15.8772 | -4.8 / 13.3 |
| K20_h10 | s42 | -1.88/1.35/1.41/5.44 (-1.88) | -1.88/1.44/1.61/5.79 (-1.88) | -1.85/1.71/2.22/6.91 (-1.85) | 2024 | 1.24 | -6.1 / 10.2 | +0.01 / -0.02 | 3.0 / 3.6 | 12.0766 / 21.435 | -3.4 / 8.2 |
| K20_h10 | s2027 | -1.81/1.42/1.61/5.38 (-1.81) | -1.80/1.50/1.80/5.74 (-1.80) | -1.77/1.77/2.42/6.85 (-1.77) | 2023 | -1.82 | -6.4 / 3.0 | +0.05 / +0.02 | 6.1 / 6.7 | 47.2083 / 61.7727 | -5.7 / 0.8 |
| K20_h10 | s2027 | -1.81/1.42/1.61/5.38 (-1.81) | -1.80/1.50/1.80/5.74 (-1.80) | -1.77/1.77/2.42/6.85 (-1.77) | 2025 | 1.34 | -7.9 / 17.1 | -0.01 / -0.04 | 2.9 / 3.5 | 16.1067 / 15.9296 | -4.6 / 13.3 |
| K20_h10 | s2027 | -1.81/1.42/1.61/5.38 (-1.81) | -1.80/1.50/1.80/5.74 (-1.80) | -1.77/1.77/2.42/6.85 (-1.77) | 2024 | 1.30 | -6.1 / 10.2 | +0.01 / -0.03 | 2.9 / 3.5 | 12.1068 / 21.4886 | -3.4 / 8.2 |
| K40_h5 | s42 | -1.81/1.50/1.44/5.46 (-1.81) | -1.75/1.68/1.66/5.83 (-1.75) | -1.55/2.27/2.35/7.00 (-1.55) | 2023 | -1.90 | -9.9 / 9.3 | +0.05 / +0.02 | 6.1 / 6.7 | 8.0874 / 27.1867 | -8.2 / 5.2 |
| K40_h5 | s42 | -1.81/1.50/1.44/5.46 (-1.81) | -1.75/1.68/1.66/5.83 (-1.75) | -1.55/2.27/2.35/7.00 (-1.55) | 2025 | 1.14 | -32.5 / 27.6 | -0.05 / -0.07 | 3.1 / 3.7 | 21.1042 / 23.0168 | -22.7 / 21.0 |
| K40_h5 | s42 | -1.81/1.50/1.44/5.46 (-1.81) | -1.75/1.68/1.66/5.83 (-1.75) | -1.55/2.27/2.35/7.00 (-1.55) | 2024 | 1.24 | -12.4 / 14.8 | -0.00 / +0.03 | 3.0 / 3.6 | 6.3955 / 14.2059 | -7.9 / 11.2 |
| K40_h5 | s2027 | -1.74/1.56/1.64/5.41 (-1.74) | -1.68/1.75/1.86/5.78 (-1.68) | -1.48/2.33/2.54/6.95 (-1.48) | 2023 | -1.82 | -9.9 / 9.3 | +0.05 / +0.01 | 6.1 / 6.7 | 8.1099 / 27.2623 | -8.1 / 5.2 |
| K40_h5 | s2027 | -1.74/1.56/1.64/5.41 (-1.74) | -1.68/1.75/1.86/5.78 (-1.68) | -1.48/2.33/2.54/6.95 (-1.48) | 2025 | 1.34 | -32.5 / 27.6 | -0.03 / -0.06 | 2.9 / 3.5 | 21.174 / 23.0929 | -22.4 / 21.1 |
| K40_h5 | s2027 | -1.74/1.56/1.64/5.41 (-1.74) | -1.68/1.75/1.86/5.78 (-1.68) | -1.48/2.33/2.54/6.95 (-1.48) | 2024 | 1.30 | -12.4 / 14.8 | +0.00 / +0.02 | 2.9 / 3.5 | 6.4115 / 14.2414 | -7.9 / 11.3 |
| K40_h10 | s42 | -1.89/1.31/1.28/5.19 (-1.89) | -1.89/1.36/1.37/5.37 (-1.89) | -1.87/1.52/1.68/5.94 (-1.87) | 2023 | -1.90 | -6.4 / 3.0 | +0.05 / +0.02 | 6.1 / 6.7 | 94.1548 / 123.2029 | -5.7 / 0.8 |
| K40_h10 | s42 | -1.89/1.31/1.28/5.19 (-1.89) | -1.89/1.36/1.37/5.37 (-1.89) | -1.87/1.52/1.68/5.94 (-1.87) | 2025 | 1.14 | -7.9 / 17.1 | -0.03 / -0.06 | 3.1 / 3.7 | 31.4584 / 31.7216 | -4.8 / 13.3 |
| K40_h10 | s42 | -1.89/1.31/1.28/5.19 (-1.89) | -1.89/1.36/1.37/5.37 (-1.89) | -1.87/1.52/1.68/5.94 (-1.87) | 2024 | 1.24 | -4.6 / 8.2 | +0.01 / -0.01 | 3.0 / 3.6 | 16.1468 / 29.076 | -2.4 / 6.7 |
| K40_h10 | s2027 | -1.82/1.37/1.48/5.14 (-1.82) | -1.81/1.42/1.57/5.31 (-1.81) | -1.80/1.58/1.88/5.88 (-1.80) | 2023 | -1.82 | -6.4 / 3.0 | +0.05 / +0.02 | 6.1 / 6.7 | 94.4165 / 123.5453 | -5.7 / 0.8 |
| K40_h10 | s2027 | -1.82/1.37/1.48/5.14 (-1.82) | -1.81/1.42/1.57/5.31 (-1.81) | -1.80/1.58/1.88/5.88 (-1.80) | 2025 | 1.34 | -7.9 / 17.1 | -0.01 / -0.04 | 2.9 / 3.5 | 31.5623 / 31.8264 | -4.6 / 13.3 |
| K40_h10 | s2027 | -1.82/1.37/1.48/5.14 (-1.82) | -1.81/1.42/1.57/5.31 (-1.81) | -1.80/1.58/1.88/5.88 (-1.80) | 2024 | 1.30 | -4.6 / 8.2 | +0.01 / -0.01 | 2.9 / 3.5 | 16.1872 / 29.1487 | -2.4 / 6.8 |

## Break-even (derived from the 2023→cut means): income_mean / turnover_mean = all-in cost per unit turnover at which the sleeve nets zero under the frozen churn rule (assumed 13.92 = 3.92 perp + 10 spot)
| arm | income mean bps/anchor | turnover/gross | break-even cost bps/unit turnover | turnover cut needed at 13.92 |
|---|---|---|---|---|
| K10_h5 | +1.722 | 0.3214 | 5.36 | 62% |
| K10_h10 | +0.865 | 0.0994 | 8.70 | 38% |
| K20_h5 | +1.029 | 0.1933 | 5.32 | 62% |
| K20_h10 | +0.449 | 0.0518 | 8.67 | 38% |
| K40_h5 | +0.576 | 0.1072 | 5.38 | 61% |
| K40_h10 | +0.231 | 0.0267 | 8.65 | 38% |
SLEEVE_DONE
