[     0s] CHECK config.not_a_template_and_nothing_pending OK {"status": "FROZEN before any FRESH book number; arm FRESH_s42; settings byte-identical to the NEW_S control config (only labels, targets and output root differ)", "pending": []}
[     0s] CHECK pin.prereg OK {"path": "/workspace/baseline_tables_2026-09-19/pins/PREREG_baseline_tables_certified_2026-09-19.md", "got": "d9fe45e3191f56e5", "want": "d9fe45e3191f56e5"}
[     0s] CHECK pin.prereg_amendment_1 OK {"path": "/workspace/baseline_tables_2026-09-19/pins/AMENDMENT_1_baseline_tables_certified_2026-09-19.md", "got": "766bc367743d8542", "want": "766bc367743d8542"}
[     0s] CHECK pin.exec_sim OK {"path": "/workspace/baseline_tables_2026-09-19/devices/exec_copy/exec_sim.py", "got": "29679672e68d4842", "want": "29679672e68d4842"}
[     0s] CHECK pin.simlib OK {"path": "/workspace/baseline_tables_2026-09-19/devices/exec_copy/simlib.py", "got": "55246fe98da2d57a", "want": "55246fe98da2d57a"}
[     0s] CHECK pin.v1b_gate OK {"path": "/workspace/baseline_tables_2026-09-19/devices/exec_copy/v1b_gate.py", "got": "4a725921a470f4c1", "want": "4a725921a470f4c1"}
[     0s] CHECK pin.v1_gate OK {"path": "/workspace/baseline_tables_2026-09-19/devices/exec_copy/v1_gate.py", "got": "c97d9b3d49212b49", "want": "c97d9b3d49212b49"}
[     0s] CHECK pin.calibration OK {"path": "/workspace/baseline_tables_2026-09-19/devices/exec_copy/CALIBRATION_v3_POOLED_20260826_20260910.json", "got": "fda342431d39703e", "want": "fda342431d39703e"}
[     0s] CHECK pin.input_manifest OK {"path": "/workspace/baseline_tables_2026-09-19/devices/exec_copy/INPUT_MANIFEST.json", "got": "59875e5a69db415f", "want": "59875e5a69db415f"}
[     0s] CHECK pin.p2_s2_lib OK {"path": "/workspace/uplift_r2_2026-09-13/P2/devices/p2_s2_lib.py", "got": "c53f5c495036727f", "want": "c53f5c495036727f"}
[     6s] CHECK pin.price_full_raw OK {"path": "/workspace/baseline_tables_2026-09-19/work/price_full_raw_x0918r.npy", "got": "23af32bd97c267d1", "want": "23af32bd97c267d1"}
[     6s] CHECK pin.price_full_meta OK {"path": "/workspace/baseline_tables_2026-09-19/work/price_full_raw_x0918r_meta.npz", "got": "d1e49cc9f0a7ddc4", "want": "d1e49cc9f0a7ddc4"}
[     6s] CHECK pin.price_receipt OK {"path": "/workspace/baseline_tables_2026-09-19/receipts/BT_PRICES_FULL_X0918R.json", "got": "130592b122831e03", "want": "130592b122831e03"}
[     7s] CHECK pin.price_source_table_x0918r OK {"path": "/workspace/raw_price_fix_2026-09-19/ext_x0918r/work/price_logtable_raw_x0918r.npy", "got": "9249b0da4a4c5789", "want": "9249b0da4a4c5789"}
[     7s] CHECK pin.price_source_meta_x0918r OK {"path": "/workspace/raw_price_fix_2026-09-19/ext_x0918r/work/price_meta_raw_x0918r.npz", "got": "da136830cee7e1a2", "want": "da136830cee7e1a2"}
[     7s] CHECK pin.ledger_full OK {"path": "/workspace/baseline_tables_2026-09-19/funding/ledger_spliced_p2_to_20260901T0200_streamD_after.npz", "got": "073088e503c026d6", "want": "073088e503c026d6"}
[     7s] CHECK pin.funding_overlap_proof OK {"path": "/workspace/baseline_tables_2026-09-19/funding/BT_FUNDING_OVERLAP.json", "got": "0ee6d99bfa2acfb9", "want": "0ee6d99bfa2acfb9"}
[     7s] CHECK pin.funding_source_p2 OK {"path": "/workspace/uplift_r2_2026-09-13/P2/work/ledger_full.npz", "got": "bea6f5752772d54e", "want": "bea6f5752772d54e"}
[     7s] CHECK pin.funding_source_stream_d OK {"path": "/workspace/axis_0919/funding/funding_ledger.npz", "got": "74b69e635efbf355", "want": "74b69e635efbf355"}
[     7s] CHECK pin.funding_4h_accounting_stream_d OK {"path": "/workspace/axis_0919/funding/funding_4h_accounting.npz", "got": "2838e5f6cf42fff5", "want": "2838e5f6cf42fff5"}
[     7s] CHECK pin.tradability OK {"path": "/workspace/axis_0919/x0918r/trd/tradability_v1.npz", "got": "bebf69ab9ddb3b05", "want": "bebf69ab9ddb3b05"}
[     7s] CHECK pin.universe OK {"path": "/workspace/uplift_r2_2026-09-13/P2/work/universe.npz", "got": "6322b57366078ed0", "want": "6322b57366078ed0"}
[     7s] CHECK pin.g0_labels OK {"path": "/workspace/baseline_tables_2026-09-19/g0x/g0_labels_x0918.npz", "got": "c3832939e1b01333", "want": "c3832939e1b01333"}
[     7s] CHECK pin.g0_receipt OK {"path": "/workspace/baseline_tables_2026-09-19/g0x/RECEIPT_bt_g0_extend.json", "got": "8afd680472ef21be", "want": "8afd680472ef21be"}
[     7s] CHECK price_receipt.PASS_and_outputs OK {"price_kinds": ["raw"]}
[     8s] CHECK pin.executor_tree_409ea16_vs_manifest OK {"n": 332, "bad": []}
[     9s] CHECK exec_sim.version_v3.1 OK "v3.1"
[     9s] CHECK runs.selected OK {"runs": ["FRESH_s42|scaled|rule|raw|UAFE"], "seeds": [0, 1, 2, 3, 4, 5, 6, 7, 8, 9, 10, 11, 12, 13, 14, 15, 16, 17, 18, 19, 20, 21, 22, 23, 24, 25, 26, 27, 28, 29, 30, 31]}
[     9s] CHECK window.n_anchors OK 9139
[     9s] CHECK axis.symbols OK 
[     9s] CHECK prices.grid_covers_window OK {"grid0": 1656532800, "n": 444145}
[     9s] CHECK ua_sets.counts_of_the_sets_the_runs_use OK {"UNAVAILABLE_3084": 3084}
[     9s] prices raw (444145, 829)
[     9s] CHECK run.FRESH_s42|scaled|rule|raw|UAFE.policy_named OK 
[     9s] CHECK run.FRESH_s42|scaled|rule|raw|UAFE.ua_cells_already_at_last_available_price OK {"cells_that_would_change": 0}
[    10s] funding rows 2386274
[    10s] CHECK axis.tradability_symbols OK 
[    10s] CHECK tradability.covers_window OK 
[    10s] CHECK calibration.v3_pooled_frozen OK 
[    10s] CHECK calibration.decision_offset_N+24 OK 1440
[    10s] CHECK executor.pns_wide OK 
[    10s] CHECK executor.gross_mult_config OK {"gm": 2.0, "onu": "hold"}
[    10s] CHECK objb_targets.FRESH_s42|scaled|rule|raw|UAFE.loaded OK {"window_anchors": 9139, "combo": 6308, "king": 0, "hold": 2831, "written_rows_without_weights": 0}
[    10s] resume: existing 0 to run 32
[    10s] started FRESH_s42|scaled|rule|raw|UAFE seed 0 pid 2814801 avail_GiB 28.0 own_GiB 2.97 psi 0.2
[    10s] started FRESH_s42|scaled|rule|raw|UAFE seed 1 pid 2814811 avail_GiB 27.9 own_GiB 2.98 psi 0.2
[    10s] started FRESH_s42|scaled|rule|raw|UAFE seed 2 pid 2814812 avail_GiB 27.9 own_GiB 3.00 psi 0.2
[    10s] started FRESH_s42|scaled|rule|raw|UAFE seed 3 pid 2814813 avail_GiB 27.9 own_GiB 3.01 psi 0.2
[    86s] finished FRESH_s42|scaled|rule|raw|UAFE seed 0 rc 0 avail_GiB 27.8 own_GiB 3.57 psi 0.0
[    86s] started FRESH_s42|scaled|rule|raw|UAFE seed 4 pid 2815020 avail_GiB 27.8 own_GiB 3.02 psi 0.0
[    86s] finished FRESH_s42|scaled|rule|raw|UAFE seed 1 rc 0 avail_GiB 27.9 own_GiB 3.03 psi 0.0
[    86s] started FRESH_s42|scaled|rule|raw|UAFE seed 5 pid 2815021 avail_GiB 27.9 own_GiB 3.04 psi 0.0
[    86s] finished FRESH_s42|scaled|rule|raw|UAFE seed 2 rc 0 avail_GiB 27.8 own_GiB 3.04 psi 0.0
[    87s] started FRESH_s42|scaled|rule|raw|UAFE seed 6 pid 2815022 avail_GiB 27.8 own_GiB 3.06 psi 0.0
[    92s] finished FRESH_s42|scaled|rule|raw|UAFE seed 3 rc 0 avail_GiB 27.8 own_GiB 3.05 psi 0.0
[    92s] started FRESH_s42|scaled|rule|raw|UAFE seed 7 pid 2815040 avail_GiB 27.8 own_GiB 3.06 psi 0.0
[   162s] finished FRESH_s42|scaled|rule|raw|UAFE seed 4 rc 0 avail_GiB 27.8 own_GiB 3.07 psi 0.0
[   163s] started FRESH_s42|scaled|rule|raw|UAFE seed 8 pid 2815224 avail_GiB 27.8 own_GiB 3.08 psi 0.0
[   163s] finished FRESH_s42|scaled|rule|raw|UAFE seed 6 rc 0 avail_GiB 27.8 own_GiB 3.09 psi 0.0
[   163s] started FRESH_s42|scaled|rule|raw|UAFE seed 9 pid 2815225 avail_GiB 27.8 own_GiB 3.04 psi 0.0
[   163s] finished FRESH_s42|scaled|rule|raw|UAFE seed 5 rc 0 avail_GiB 27.8 own_GiB 3.05 psi 0.0
[   163s] started FRESH_s42|scaled|rule|raw|UAFE seed 10 pid 2815226 avail_GiB 27.8 own_GiB 3.06 psi 0.0
[   168s] finished FRESH_s42|scaled|rule|raw|UAFE seed 7 rc 0 avail_GiB 27.8 own_GiB 3.05 psi 0.0
[   168s] started FRESH_s42|scaled|rule|raw|UAFE seed 11 pid 2815248 avail_GiB 27.8 own_GiB 3.06 psi 0.0
[   239s] finished FRESH_s42|scaled|rule|raw|UAFE seed 8 rc 0 avail_GiB 27.8 own_GiB 3.06 psi 0.0
[   239s] started FRESH_s42|scaled|rule|raw|UAFE seed 12 pid 2815414 avail_GiB 27.7 own_GiB 3.07 psi 0.0
[   239s] finished FRESH_s42|scaled|rule|raw|UAFE seed 10 rc 0 avail_GiB 27.7 own_GiB 3.08 psi 0.0
[   239s] started FRESH_s42|scaled|rule|raw|UAFE seed 13 pid 2815417 avail_GiB 27.7 own_GiB 3.09 psi 0.0
[   244s] finished FRESH_s42|scaled|rule|raw|UAFE seed 9 rc 0 avail_GiB 27.7 own_GiB 3.08 psi 0.0
[   244s] started FRESH_s42|scaled|rule|raw|UAFE seed 14 pid 2815435 avail_GiB 27.7 own_GiB 3.08 psi 0.0
[   249s] finished FRESH_s42|scaled|rule|raw|UAFE seed 11 rc 0 avail_GiB 27.7 own_GiB 3.06 psi 0.0
[   249s] started FRESH_s42|scaled|rule|raw|UAFE seed 15 pid 2815444 avail_GiB 27.7 own_GiB 3.07 psi 0.0
[   315s] finished FRESH_s42|scaled|rule|raw|UAFE seed 13 rc 0 avail_GiB 27.7 own_GiB 3.11 psi 0.0
[   315s] started FRESH_s42|scaled|rule|raw|UAFE seed 16 pid 2815602 avail_GiB 27.6 own_GiB 3.12 psi 0.0
[   320s] finished FRESH_s42|scaled|rule|raw|UAFE seed 12 rc 0 avail_GiB 27.7 own_GiB 3.04 psi 0.0
[   320s] started FRESH_s42|scaled|rule|raw|UAFE seed 17 pid 2815624 avail_GiB 27.7 own_GiB 3.05 psi 0.0
[   320s] finished FRESH_s42|scaled|rule|raw|UAFE seed 14 rc 0 avail_GiB 27.7 own_GiB 3.06 psi 0.0
[   320s] started FRESH_s42|scaled|rule|raw|UAFE seed 18 pid 2815625 avail_GiB 27.7 own_GiB 3.07 psi 0.0
[   326s] finished FRESH_s42|scaled|rule|raw|UAFE seed 15 rc 0 avail_GiB 27.7 own_GiB 3.06 psi 0.0
[   326s] started FRESH_s42|scaled|rule|raw|UAFE seed 19 pid 2815630 avail_GiB 27.7 own_GiB 3.06 psi 0.0
[   391s] finished FRESH_s42|scaled|rule|raw|UAFE seed 16 rc 0 avail_GiB 27.9 own_GiB 3.11 psi 2.0
[   391s] started FRESH_s42|scaled|rule|raw|UAFE seed 20 pid 2815887 avail_GiB 27.9 own_GiB 3.12 psi 2.0
[   397s] finished FRESH_s42|scaled|rule|raw|UAFE seed 18 rc 0 avail_GiB 28.1 own_GiB 3.09 psi 2.2
[   397s] started FRESH_s42|scaled|rule|raw|UAFE seed 21 pid 2815912 avail_GiB 28.1 own_GiB 3.10 psi 2.2
[   402s] finished FRESH_s42|scaled|rule|raw|UAFE seed 17 rc 0 avail_GiB 28.2 own_GiB 3.02 psi 2.4
[   402s] started FRESH_s42|scaled|rule|raw|UAFE seed 22 pid 2815919 avail_GiB 28.2 own_GiB 3.03 psi 2.4
[   402s] finished FRESH_s42|scaled|rule|raw|UAFE seed 19 rc 0 avail_GiB 28.2 own_GiB 3.04 psi 2.4
[   402s] started FRESH_s42|scaled|rule|raw|UAFE seed 23 pid 2815920 avail_GiB 28.2 own_GiB 3.05 psi 2.4
[   468s] finished FRESH_s42|scaled|rule|raw|UAFE seed 20 rc 0 avail_GiB 26.7 own_GiB 3.11 psi 3.2
[   468s] started FRESH_s42|scaled|rule|raw|UAFE seed 24 pid 2816092 avail_GiB 26.7 own_GiB 3.12 psi 3.2
[   473s] finished FRESH_s42|scaled|rule|raw|UAFE seed 21 rc 0 avail_GiB 26.7 own_GiB 3.09 psi 2.8
[   473s] started FRESH_s42|scaled|rule|raw|UAFE seed 25 pid 2816112 avail_GiB 26.7 own_GiB 3.10 psi 2.9
[   478s] finished FRESH_s42|scaled|rule|raw|UAFE seed 23 rc 0 avail_GiB 26.7 own_GiB 3.07 psi 2.4
[   478s] started FRESH_s42|scaled|rule|raw|UAFE seed 26 pid 2816123 avail_GiB 26.7 own_GiB 3.08 psi 2.4
[   483s] finished FRESH_s42|scaled|rule|raw|UAFE seed 22 rc 0 avail_GiB 26.7 own_GiB 3.06 psi 2.7
[   483s] started FRESH_s42|scaled|rule|raw|UAFE seed 27 pid 2816128 avail_GiB 26.7 own_GiB 3.06 psi 2.7
[   549s] finished FRESH_s42|scaled|rule|raw|UAFE seed 24 rc 0 avail_GiB 26.6 own_GiB 3.06 psi 2.7
[   549s] started FRESH_s42|scaled|rule|raw|UAFE seed 28 pid 2816305 avail_GiB 26.6 own_GiB 3.07 psi 2.7
[   549s] finished FRESH_s42|scaled|rule|raw|UAFE seed 25 rc 0 avail_GiB 26.6 own_GiB 3.07 psi 2.7
[   549s] started FRESH_s42|scaled|rule|raw|UAFE seed 29 pid 2816306 avail_GiB 26.6 own_GiB 3.08 psi 2.7
[   554s] finished FRESH_s42|scaled|rule|raw|UAFE seed 26 rc 0 avail_GiB 26.6 own_GiB 3.07 psi 2.6
[   554s] started FRESH_s42|scaled|rule|raw|UAFE seed 30 pid 2816311 avail_GiB 26.6 own_GiB 3.08 psi 2.6
[   559s] finished FRESH_s42|scaled|rule|raw|UAFE seed 27 rc 0 avail_GiB 26.6 own_GiB 3.05 psi 2.5
[   560s] started FRESH_s42|scaled|rule|raw|UAFE seed 31 pid 2816327 avail_GiB 26.6 own_GiB 3.06 psi 2.5
[   625s] finished FRESH_s42|scaled|rule|raw|UAFE seed 28 rc 0 avail_GiB 26.6 own_GiB 3.06 psi 2.8
[   625s] finished FRESH_s42|scaled|rule|raw|UAFE seed 29 rc 0 avail_GiB 26.6 own_GiB 3.06 psi 2.8
[   630s] finished FRESH_s42|scaled|rule|raw|UAFE seed 30 rc 0 avail_GiB 26.6 own_GiB 3.01 psi 2.9
[   636s] aggregated FRESH_s42|scaled|rule|raw|UAFE
[   636s] finished FRESH_s42|scaled|rule|raw|UAFE seed 31 rc 0 avail_GiB 26.6 own_GiB 2.97 psi 3.0
[   636s] CHECK runs.all_rc0 OK {"FRESH_s42|scaled|rule|raw|UAFE": {"0": 0, "1": 0, "2": 0, "3": 0, "4": 0, "6": 0, "5": 0, "7": 0, "8": 0, "10": 0, "9": 0, "11": 0, "13": 0, "12": 0, "14": 0, "15": 0, "16": 0, "18": 0, "17": 0, "19": 0, "20": 0, "21": 0, "23": 0, "22": 0
[   636s] CHECK runs.audits_clean OK 
BT_LAUNCH VERDICT=PASS label=full_armD_regen_base runs=1 seeds=32 receipt_sha256=fd207d1263908d4ce79bd21454762fc7f2a7d4470c66265bd73a93e967fae944
