[      0s] CHECK env.whitelist OK {"extra": []}
[      1s] CHECK axis.matches_L1 OK {"n": 9139}
[      1s] CHECK fee.allocation_sums_to_realised OK {"max_abs_bps": 8.881784197001252e-16}
[      1s] CHECK C.market_plus_selection_per_name OK {"max_abs_bps": 1.4210854715202004e-14}
[      3s] CHECK group.labels_in_range.AGE OK {"min": -1, "max": 4}
[      3s] CHECK group.labels_in_range.FUND OK {"min": -1, "max": 5}
[      3s] CHECK group.labels_in_range.MOM30 OK {"min": -1, "max": 2}
[      3s] CHECK group.labels_in_range.LIQ OK {"min": -1, "max": 2}
[      3s] CHECK group.labels_in_range.TBF OK {"min": -1, "max": 2}
[      3s] CHECK group.labels_in_range.DIR OK {"min": -1, "max": 1}
[      3s] CHECK group.coverage_of_held_names.AGE OK {"share_labelled": 1.0}
[      3s] CHECK group.coverage_of_held_names.FUND OK {"share_labelled": 0.9999223937111722}
[      3s] CHECK group.coverage_of_held_names.MOM30 OK {"share_labelled": 0.9891710727600611}
[      3s] CHECK group.coverage_of_held_names.LIQ OK {"share_labelled": 0.9998890712368732}
[      3s] CHECK group.coverage_of_held_names.TBF OK {"share_labelled": 0.9998601332986663}
[      3s] CHECK group.coverage_of_held_names.DIR OK {"share_labelled": 1.0}
/workspace/attrib_2026_2026-09-20/devices/at_attrib.py:207: RuntimeWarning: Mean of empty slice
  "raw_leg_price_per_own_gross": {"king": float(np.nanmean(RAWK[m])), "fund": float(np.nanmean(RAWF[m]))},
[      4s] CHECK group.sums_add_up.AGE OK {"max_abs_bps": 5.684341886080802e-14}
[      4s] CHECK group.sums_add_up.FUND OK {"max_abs_bps": 7.105427357601002e-14}
[      5s] CHECK group.sums_add_up.MOM30 OK {"max_abs_bps": 7.105427357601002e-14}
[      5s] CHECK group.sums_add_up.LIQ OK {"max_abs_bps": 1.7053025658242404e-13}
[      6s] CHECK group.sums_add_up.TBF OK {"max_abs_bps": 4.263256414560601e-14}
[      6s] CHECK group.sums_add_up.DIR OK {"max_abs_bps": 1.2789769243681803e-13}
[     17s] CHECK family.size_matches_frozen_config OK {"k": 30, "expected": 30}
AT_ATTRIB VERDICT=PASS checks=23 failed=[]
