[      0s] CHECK env.whitelist OK {"extra": []}
[      0s] CHECK frozen_config.exists OK 
[      0s] CHECK input_sha.TARGETS_A0_MAIN OK {"expected": "b9f0dc9f2011f9de", "got": "b9f0dc9f2011f9de"}
[      0s] CHECK input_sha.TARGETS_A0_EXT OK {"expected": "085d88585244190d", "got": "085d88585244190d"}
[      0s] CHECK input_sha.P3VEC_A0_MAIN OK {"expected": "dae0107140673c98", "got": "dae0107140673c98"}
[      0s] CHECK input_sha.P3JSON_A0_MAIN OK {"expected": "cff3e160f4a4961e", "got": "cff3e160f4a4961e"}
[      0s] CHECK input_sha.P3JSON_A0_EXT OK {"expected": "ac70210ad1519e99", "got": "ac70210ad1519e99"}
[      0s] CHECK input_sha.P3VEC_A0_EXT OK {"expected": "4295b64053d49310", "got": "4295b64053d49310"}
[      0s] CHECK input_sha.UNIVERSE_EXT OK {"expected": "3ee838cfc4ee4b90", "got": "3ee838cfc4ee4b90"}
[      2s] CHECK input_sha.PRICE_FULL OK {"expected": "23af32bd97c267d1", "got": "23af32bd97c267d1"}
[      2s] CHECK input_sha.PRICE_META OK {"expected": "d1e49cc9f0a7ddc4", "got": "d1e49cc9f0a7ddc4"}
[      2s] CHECK input_sha.LEDGER_SPLICED OK {"expected": "073088e503c026d6", "got": "073088e503c026d6"}
[      2s] CHECK input_sha.G0_LABELS OK {"expected": "c3832939e1b01333", "got": "c3832939e1b01333"}
[      2s] CHECK input_sha.G0_STATE OK {"expected": "79753acde3c13d21", "got": "79753acde3c13d21"}
[      2s] CHECK input_sha.PANEL_X0918 OK {"expected": "e5fcb4198ddebb52", "got": "e5fcb4198ddebb52"}
[      4s] CHECK input_sha.CACHE_X0918R OK {"expected": "08bb295745e6df84", "got": "08bb295745e6df84"}
[      4s] CHECK input_sha.META_V4 OK {"expected": "e1cf515eca46b0a1", "got": "e1cf515eca46b0a1"}
[      4s] CHECK input_sha.BT_MAIN_A0 OK {"expected": "fa3c2ce7c20e6b99", "got": "fa3c2ce7c20e6b99"}
[      4s] CHECK input_sha.BT_RUN_CONFIG OK {"expected": "7b6dca2c48feda29", "got": "7b6dca2c48feda29"}
[      4s] CHECK input_sha.AGG_A0 OK {"expected": "d01eebe3f6a05b6a", "got": "d01eebe3f6a05b6a"}
[      4s] CHECK input_sha.MIRROR_LEGS OK {"expected": "1e655daf64b2b563", "got": "1e655daf64b2b563"}
[      4s] CHECK input_sha.C0_CHARS OK {"expected": "f4c13d76ebffcd13", "got": "f4c13d76ebffcd13"}
[      4s] CHECK axis.window OK {"n": 9252, "first": "2022-06-30T00:00:00Z", "last": "2026-09-18T20:00:00Z"}
[      4s] CHECK axis.run_prefix OK {"n_run": 9139}
[      4s] CHECK p3json.axis OK {"n_records": 10152, "n_anchors": 10152}
[      4s] CHECK price.grid_starts_on_4h OK {"g0": "2022-06-29T20:00:00Z"}
[      4s] CHECK price.shape OK {"shape": [444145, 829]}
[      4s] CHECK price.4h_rows OK {"n4": 9254}
[      4s] CHECK price.exit_row_exists OK 
[      4s] CHECK price.strictly_dead_rows_are_flat OK {"max_abs_ret": 0.0, "cells": 4253199}
[      5s] CHECK funding.settlements_strictly_sorted_per_symbol OK {"n_symbols_unsorted": 0}
[      5s] CHECK funding.nonzero_cells OK {"nonzero_cells": 2345653}
[      5s] book 0 / 9252 2022-06-30T00:00:00Z rss 0.99
[      5s] book 1000 / 9252 2022-12-13T16:00:00Z rss 0.99
[      5s] book 2000 / 9252 2023-05-29T08:00:00Z rss 0.99
[      5s] book 3000 / 9252 2023-11-12T00:00:00Z rss 0.99
[      5s] book 4000 / 9252 2024-04-26T16:00:00Z rss 0.99
[      6s] book 5000 / 9252 2024-10-10T08:00:00Z rss 0.99
[      6s] book 6000 / 9252 2025-03-26T00:00:00Z rss 0.99
[      6s] book 7000 / 9252 2025-09-08T16:00:00Z rss 0.99
[      6s] book 8000 / 9252 2026-02-22T08:00:00Z rss 0.99
[      6s] book 9000 / 9252 2026-08-08T00:00:00Z rss 0.99
[      6s] CHECK B1.unit_gross OK {"max_abs_dev": 4.440892098500626e-16}
[      6s] CHECK B2.zero_net OK {"max_abs_net": 1.1796119636642288e-16}
[      6s] CHECK B3.king_file_anchors_write_the_king_file OK {"n_bad": 0, "n_kind1": 2437}
[      6s] CHECK B3b.seats_finite OK {"n_nonfinite": 0}
[      6s] CHECK book.every_anchor_has_a_population OK {"n_empty": 0}
[      6s] CHECK book.mix_population_nonempty OK {"n_zero_L": 0}
[      6s] CHECK B4.A2_additive OK {"max_abs_bps": 4.068922976330214e-11}
[      6s] CHECK B5.A2b_additive OK {"max_abs_bps": 2.842170943040401e-14}
[      6s] CHECK B6.market_plus_selection OK {"max_abs_bps": 5.684341886080802e-14}
[      6s] CHECK universe.members_per_anchor OK {"min": 137, "median": 260.0}
[      6s] CHECK B7.paper_tracks_realised_price OK {"pearson": 0.9632057649953707}
[      6s] CHECK B7.paper_tracks_realised_funding OK {"pearson": 0.9232186434435653}
[      6s] CHECK panel.rows_missing_are_extension_only OK {"n_missing": 5, "missing": ["2026-09-18T04:00:00Z", "2026-09-18T08:00:00Z", "2026-09-18T12:00:00Z", "2026-09-18T16:00:00Z", "2026-09-18T20:00:00Z"], "note": "the x0918 panel ends 2026-09-18T00:00Z; RN8 is NaN on any later extension anchor"}
[      7s] CHECK B8.MOM30_matches_c0_channel OK {"pearson": 0.9999999999999116, "cells": 2499514, "p99_abs_diff": 4.645671885092004e-08}
[      7s] CHECK cache.exact_buckets OK {"rows": 495937, "buckets": 10332}
[     14s] cache 122881 / 495937 rss 1.53
[     21s] cache 245761 / 495937 rss 1.57
[     30s] cache 368641 / 495937 rss 1.61
[     38s] cache 491521 / 495937 rss 1.67
[     38s] cache 495937 / 495937 rss 1.67
[     38s] CHECK cache.anchor_rows_aligned OK 
[     38s] CHECK cache.24h_history_available OK {"min_bucket": 1080}
[     39s] CHECK B9.characteristic_nan_share_under_5pct OK {"RN8": 0.00016323522711289578, "MOM30": 0.0, "LIQ": 0.0009413759699520397, "TBF": 0.0009802037666924858, "AGE": 0.0}
[     39s] CHECK g0.vars OK ["RG-TREND", "RG-BREADTH", "RG-DISP", "RG-FLEVEL", "RG-FDISP", "RG-VOL", "RG-ALT"]
[     39s] CHECK g0.axis_matches_labels OK 
AT_BUILD VERDICT=PASS checks=52 failed=[]
