============================================================================================
ANCHOR REVIEW   mode=LIVE   day=20260805   tree=/Users/haosiyu/cc_tmp/exec_w2/state/live
                read at 2026-09-12T10:26:34Z
============================================================================================

────────────────────────────────────────────────────────────────────────────────────────────
1. THE ANCHOR, AND WHICH BOOK IT TRADED
────────────────────────────────────────────────────────────────────────────────────────────
   rebalance_id     A1785960046
   anchor_ts        2026-08-05T20:00:47Z
   target_gross     4386.48   realized 4404.615076599998
   regime           calm
   opening_halted   False
   weights          {'king': 0.5952380952380952, 's2': 0.20238095238095238, 'funding': 0.20238095238095238, 'size': 0.0}
   vs config now    SAME

   SCOPE: anchor_ts 1785960047.343777  rebalance_id A1785960046
          readback rows 108 of 858 in the day file   |   fill rows 262 of 1464
          (750 rows belong to OTHER anchors today and are excluded — summing them describes a book that never existed)

────────────────────────────────────────────────────────────────────────────────────────────
2. ORDERS — the terminal_reason distribution (the 30-second verdict)
────────────────────────────────────────────────────────────────────────────────────────────
   skipped_min_notional         88
   partial_expired              68
   filled                       18
   venue_reject                 16
   skipped_no_chase_arm          1
   TOTAL rows                  191   submitted 86

   venue reject codes:
     [ -5022]   15  (post-only declined to cross — BENIGN by design, expect some)
     [ -4164]    1  (below min_notional — mainnet floors are higher than testnet's)

   VERDICT: mixed — no single code dominates

────────────────────────────────────────────────────────────────────────────────────────────
3. FILLS AND BREADTH
────────────────────────────────────────────────────────────────────────────────────────────
   order rows with a non-zero fill   83
   order rows with UNKNOWN fill      0
   fills: unique executions          95   (262 rows incl. 167 markout backfill rows)
   filled rows lacking avg_fill_px   0
   skipped_min_notional  TOTAL 88  =  maker 24 (never entered the book)  +  top-up 64 (residual too small; the maker leg filled)
     maker-skipped: ['1000RATSUSDT', '1INCHUSDT', 'ADAUSDT', 'AKTUSDT', 'APEUSDT', 'AXSUSDT', 'DYDXUSDT', 'ENAUSDT', 'ENJUSDT', 'ETCUSDT', 'GMTUSDT', 'IMXUSDT']
   per-name notional                 ~$40.62  over 108 names
   effective floor per symbol = max(min_notional, min_qty x price):
     ETCUSDT        intended $  15.79   declared $ 20.0   min_qty x px $   0.07   binding: min_notional
     QTUMUSDT       intended $   4.65   declared $  5.0   min_qty x px $   0.06   binding: min_notional
     IMXUSDT        intended $   4.62   declared $  5.0   min_qty x px $   0.11   binding: min_notional
     ADAUSDT        intended $   4.61   declared $  5.0   min_qty x px $   0.19   binding: min_notional
     AXSUSDT        intended $   4.25   declared $  5.0   min_qty x px $   0.87   binding: min_notional
     DYDXUSDT       intended $   4.10   declared $  5.0   min_qty x px $   0.01   binding: min_notional
     MANAUSDT       intended $   3.71   declared $  5.0   min_qty x px $   0.07   binding: min_notional
     GMTUSDT        intended $   3.52   declared $  5.0   min_qty x px $   0.01   binding: min_notional
   (A name's presence or absence is not by itself a fault; a name you EXPECTED
    and do not see is worth one query.)
   names holding a position          108 of 108 read back

────────────────────────────────────────────────────────────────────────────────────────────
3b. NET DIRECTIONAL EXPOSURE (signed) — is the book still market-neutral?
────────────────────────────────────────────────────────────────────────────────────────────
   VENUE  net       +20.78 USDT   gross     4,404.62   long 56 / short 52
          net/gross   +0.47%   <- leverage-independent; the asymmetry read
          net/equity  +0.95%   (equity 2,193.86)   => NORMAL
   INTENT net        +0.00 USDT   ( +0.00% of target_gross)   over the 108 names that got rows
          ^ this is the PLANNING residual: directionality present before a single order was sent
   ⇒ VENUE minus INTENT: +20.78 USDT
     (this is a DIFFERENCE, not an attribution: it moves with execution asymmetry AND
      with which names were popped. Judge execution on it only when INTENT is ≈0.)
   ★ CALIBER: a SNAPSHOT at readback time. It contains no later price drift, and it is
     notional at the readback mark — not a P&L, and not a forecast.

────────────────────────────────────────────────────────────────────────────────────────────
3c. REALISED COST (bps) vs the shadow model's assumptions
────────────────────────────────────────────────────────────────────────────────────────────
   maker          filled     1,694.26   measured     1,694.26 (100% of notional, 65/65 fills)
                  fee   1.80bps   slip(adverse)  -1.71bps   slip(|.|)   1.71bps   — over the MEASURED set
                  TOTAL adverse  +0.09bps   |.|   3.51bps
   taker          filled       415.76   measured       415.76 (100% of notional, 18/18 fills)
                  fee   4.50bps   slip(adverse)  -0.09bps   slip(|.|)   9.55bps   — over the MEASURED set
                  TOTAL adverse  +4.41bps   |.|  14.05bps
   both           filled     2,110.01   measured     2,110.01 (100% of notional, 83/83 fills)
                  fee   2.33bps   slip(adverse)  -1.39bps   slip(|.|)   3.25bps   — over the MEASURED set
                  TOTAL adverse  +0.94bps   |.|   5.58bps
     from_partial   NOT ESTIMABLE — n=3 < 5. filled 82.90 over 3 fill(s); largest is STORJUSDT at 36.90.
                    No average is printed: it would be that name's cost under a population's name, and it would look exactly like a population's cost on the page.
     from_reject  filled       332.86   measured       332.86 (100% of notional, 15/15 fills)
                  fee   4.50bps   slip(adverse)  -2.10bps   slip(|.|)   9.94bps   — over the MEASURED set
                  TOTAL adverse  +2.40bps   |.|  14.44bps
                  ── vs OUR OWN LIMIT (not the anchor mid) ──
   from_partial   NOT ESTIMABLE — n=3 < 5 (same two fills as above)
   from_reject    filled       332.86   vs-limit(adverse)  -0.86bps   ← NEGATIVE = better than the price we asked for

   maker fill-rate (notional) 93.58%   over 68 submitted maker legs
   ── the shadow model assumes: maker fill-rate 0.51, cost 1.9bps (calm regime) ──
   ★ Neither figure is a markout. M2 (adverse selection at +60s) is a different quantity
     and is NOT computed here; if it is missing it is missing, not zero.

────────────────────────────────────────────────────────────────────────────────────────────
4. GUARDS
────────────────────────────────────────────────────────────────────────────────────────────
   tripped   False   triggers []
   blind     []
   degraded  []
   errors    0
   halt state: file present, declares halted=False   (tripped_at=None, reduce_only=False)

────────────────────────────────────────────────────────────────────────────────────────────
5. ORDERS LEFT RESTING (pins)
────────────────────────────────────────────────────────────────────────────────────────────
   no stuck orders pinned

────────────────────────────────────────────────────────────────────────────────────────────
6. RATE — per host, and the venue-vs-us gap RE-MEASURED
────────────────────────────────────────────────────────────────────────────────────────────
   rate_budget[api.binance.com]: weight=1 requests=1 orders=0 peak/min w=1 r=1 o=0
   rate_budget[fapi.binance.com]: weight=7576 requests=1660 orders=427 peak/min w=982 r=2
   rate_timeline: 3322 rows (dropped 0) -> /Users/haosiyu/dl_quant_live/state/live/rate_t
   venue_rate: DECIDED_ON=window_high_water(aligned 1m) peak_window_weight=725 | REPORTED

   per-host lines: 2   two hosts — the paths are on separate counters (TESTNET shape)
   wall-clock duration: 3366s   (self-kill cap 1500s)   ★ WITHIN 10% OF THE CAP

   timeline rows 1684 (dropped 0)   venue header readings 737
     fapi.binance.com             venue peak/1m   1155   our spend on it   6186   gap  -5031
   ★ CALIBER: `our spend` is this PROCESS's total on that host over the whole anchor;
     the venue figure is a per-minute peak for the whole IP. They are not the same shape —
     read the gap as a direction, not a subtraction, until the timeline's per-minute
     bucketing is added (registered follow-up).

============================================================================================
