REPO = /Users/haosiyu/cc_tmp/exec_w2

====================================================================================================
DEFECT 1 — score_post_fix E6: the verdict's population vs the published number's population
====================================================================================================

  single row, side=None
    verdict                FAIL
    measurement_complete   True (bucket-derived) | m1 bit None
    c_bps_overall (m1)     None
    cost_bps_displayed     3.0
    carrier consistent     False
      why_not: population COUNT differs: cost_buckets 1 fill(s), pilot_metrics.m1 0 — m1 drops a row whose `side` it cannot read and on
      why_not: population NOTIONAL differs: cost_buckets 100.0, pilot_metrics.m1 0.0 (tolerance 0.01 USDT)
      why_not: population differs WITHIN a regime even where the pooled figures could agree: {'calm': {'buckets_n_fills': 1, 'm1_n_fill
      why_not: the |slip| caliber disagrees: cost_buckets abs_bps_measured 3.0000000000005116 vs m1 c_bps_overall None (tolerance 0.000
      why_not: the signed caliber disagrees: cost_buckets bps_measured 3.0000000000005116 vs m1 c_bps_net_overall None (tolerance 0.000

  normal + side=None (bigger slip)
    verdict                FAIL
    measurement_complete   True (bucket-derived) | m1 bit False
    c_bps_overall (m1)     3.0
    cost_bps_displayed     52.5
    carrier consistent     False
      why_not: population COUNT differs: cost_buckets 2 fill(s), pilot_metrics.m1 1 — m1 drops a row whose `side` it cannot read and on
      why_not: population NOTIONAL differs: cost_buckets 200.0, pilot_metrics.m1 100.0 (tolerance 0.01 USDT)
      why_not: population differs WITHIN a regime even where the pooled figures could agree: {'calm': {'buckets_n_fills': 2, 'm1_n_fill
      why_not: the |slip| caliber disagrees: cost_buckets abs_bps_measured 52.500000000000256 vs m1 c_bps_overall 3.0 (tolerance 0.0005
      why_not: the signed caliber disagrees: cost_buckets bps_measured 52.500000000000256 vs m1 c_bps_net_overall 3.0 (tolerance 0.0005

  clean control (all sides readable)
    verdict                PASS
    measurement_complete   True (bucket-derived) | m1 bit True
    c_bps_overall (m1)     52.5
    cost_bps_displayed     52.5
    carrier consistent     True

====================================================================================================
DEFECT 2 — first_anchor_review §3c: completeness computed after the unknown rows are dropped
====================================================================================================
  rows in the anchor: 3 (1 with an UNKNOWN fill amount)
  bucket completeness over the FULL population : False
  bucket completeness after the `ex` filter    : True
  what the screen PRINTS:
       ex-filtered    filled       200.00   measured       200.00 (100% of notional, 2/2 fills; measurement complete: yes)
                      fee   2.00bps   slip(adverse)  +1.00bps   slip(|.|)   1.00bps   — over the MEASURED set
                      TOTAL adverse  +3.00bps   |.|   3.00bps
       full rows      filled       200.00   measured       200.00 (100% of notional, 2/2 fills; measurement complete: NO)   ★ 1 row(s) with UNKNOWN fill amount — in NO bucket (the amount is not known), which is why completeness is NO over the full population
                      fee   2.00bps   slip(adverse)  +1.00bps   slip(|.|)   1.00bps   — over the MEASURED set
                      TOTAL adverse  +3.00bps   |.|   3.00bps

====================================================================================================
DEFECT 3 — daily_summary: a DAY-CUMULATIVE flow subtracted from an INTERVAL equity change
====================================================================================================

  transfer landed BEFORE the window (both ends 1000)
    equity_change            0.0
    external_flow_usdt (day) 1000.0
    interval flow            0.0
    unexplained_equity_change 0.0   [computable: True]

  transfer landed INSIDE the window (0 -> 1000, equity +1000)
    equity_change            1000.0
    external_flow_usdt (day) 1000.0
    interval flow            1000.0
    unexplained_equity_change 0.0   [computable: True]
