==============================================================================
DAILY SUMMARY   mode=LIVE   09-12 13:36Z -> 09-13 01:36Z
  window read as: duration 12h before now
  covered: 0 anchor(s) · 0 alarm row(s) · 1 nav row(s)   [ledger totals: 250 / 1825]
==============================================================================

【账户】 —— 权益是三样东西, 不是一个数
   期货钱包余额 (wallet)        116,213.24   ← 已落袋的一切: 本金 + 累计已实现
   浮动盈亏     (unrealised)     +2,030.20   ← 还在仓位里, 没落袋, 会随价格跳
   ────────────────────────────────────────
   权益         (equity/nav)    118,243.44   = wallet + unrealised
   ★ 用户看到的'盈亏'通常是**浮动**那一行。它跳, 是因为仓位还开着。

   当日已实现   +218.4401 USDT   [口径: USDT]   = 交易 +258.6889  手续费 -8.0588  资金费 -32.1901

   ★ 目标敞口 = 权益 × 杠杆 = 118,243.44 × 2.00 = 236,486.88
   期货账户外部资金流入(TRANSFER)  0.00   [覆盖 1 天: ['20260912']]
   ⇒ 本窗口**期货账户没有任何资金进出**。本系统只查期货, **看不见现货** —— 若你刚操作过资金, 它无法替你确认那笔钱在哪。
   ⇒ 其中**本窗口区间内**的资金流 +0.00 (= 末行当日累计 − 首行当日累计; 载体是当日累计, 不是每行各自的流量)

【逐锚】 —— 用户要的是趋势, 所以一锚一行
   anchor       成本bps    覆盖     成交率       缺口     中性%     gross  备注

   (当日只有 1 行 nav, 不足以给出'落袋 vs 入场成本'的对比 —— 不可估计, 不打一个跨日的差。)

【被记录但未推送】 —— 降噪压掉的东西, 这里是它们的出口
   (none)

【需要决定的(A 层)】 —— 已经推送过, 这里重列标题以免遗漏
   (none — 本窗口没有需要决定的告警)

==============================================================================
