[     0s] CHECK config.not_a_template_and_nothing_pending OK {"status": "FROZEN before any NEW_S book number; arm NEWS2_s42; settings byte-identical to Stage 1 RUN_CONFIG_OVN_OLDX (only labels, targets and output root differ)", "pending": []}
[     0s] CHECK pin.prereg OK {"path": "/workspace/baseline_tables_2026-09-19/pins/PREREG_baseline_tables_certified_2026-09-19.md", "got": "d9fe45e3191f56e5", "want": "d9fe45e3191f56e5"}
[     0s] CHECK pin.prereg_amendment_1 OK {"path": "/workspace/baseline_tables_2026-09-19/pins/AMENDMENT_1_baseline_tables_certified_2026-09-19.md", "got": "766bc367743d8542", "want": "766bc367743d8542"}
[     0s] CHECK pin.exec_sim OK {"path": "/workspace/baseline_tables_2026-09-19/devices/exec_copy/exec_sim.py", "got": "29679672e68d4842", "want": "29679672e68d4842"}
[     0s] CHECK pin.simlib OK {"path": "/workspace/baseline_tables_2026-09-19/devices/exec_copy/simlib.py", "got": "55246fe98da2d57a", "want": "55246fe98da2d57a"}
[     0s] CHECK pin.v1b_gate OK {"path": "/workspace/baseline_tables_2026-09-19/devices/exec_copy/v1b_gate.py", "got": "4a725921a470f4c1", "want": "4a725921a470f4c1"}
[     0s] CHECK pin.v1_gate OK {"path": "/workspace/baseline_tables_2026-09-19/devices/exec_copy/v1_gate.py", "got": "c97d9b3d49212b49", "want": "c97d9b3d49212b49"}
[     0s] CHECK pin.calibration OK {"path": "/workspace/baseline_tables_2026-09-19/devices/exec_copy/CALIBRATION_v3_POOLED_20260826_20260910.json", "got": "fda342431d39703e", "want": "fda342431d39703e"}
[     0s] CHECK pin.input_manifest OK {"path": "/workspace/baseline_tables_2026-09-19/devices/exec_copy/INPUT_MANIFEST.json", "got": "59875e5a69db415f", "want": "59875e5a69db415f"}
[     0s] CHECK pin.p2_s2_lib OK {"path": "/workspace/uplift_r2_2026-09-13/P2/devices/p2_s2_lib.py", "got": "c53f5c495036727f", "want": "c53f5c495036727f"}
[     6s] CHECK pin.price_full_raw OK {"path": "/workspace/baseline_tables_2026-09-19/work/price_full_raw_x0918r.npy", "got": "23af32bd97c267d1", "want": "23af32bd97c267d1"}
[     6s] CHECK pin.price_full_meta OK {"path": "/workspace/baseline_tables_2026-09-19/work/price_full_raw_x0918r_meta.npz", "got": "d1e49cc9f0a7ddc4", "want": "d1e49cc9f0a7ddc4"}
[     6s] CHECK pin.price_receipt OK {"path": "/workspace/baseline_tables_2026-09-19/receipts/BT_PRICES_FULL_X0918R.json", "got": "130592b122831e03", "want": "130592b122831e03"}
[     7s] CHECK pin.price_source_table_x0918r OK {"path": "/workspace/raw_price_fix_2026-09-19/ext_x0918r/work/price_logtable_raw_x0918r.npy", "got": "9249b0da4a4c5789", "want": "9249b0da4a4c5789"}
[     7s] CHECK pin.price_source_meta_x0918r OK {"path": "/workspace/raw_price_fix_2026-09-19/ext_x0918r/work/price_meta_raw_x0918r.npz", "got": "da136830cee7e1a2", "want": "da136830cee7e1a2"}
[     7s] CHECK pin.ledger_full OK {"path": "/workspace/baseline_tables_2026-09-19/funding/ledger_spliced_p2_to_20260901T0200_streamD_after.npz", "got": "073088e503c026d6", "want": "073088e503c026d6"}
[     7s] CHECK pin.funding_overlap_proof OK {"path": "/workspace/baseline_tables_2026-09-19/funding/BT_FUNDING_OVERLAP.json", "got": "0ee6d99bfa2acfb9", "want": "0ee6d99bfa2acfb9"}
[     7s] CHECK pin.funding_source_p2 OK {"path": "/workspace/uplift_r2_2026-09-13/P2/work/ledger_full.npz", "got": "bea6f5752772d54e", "want": "bea6f5752772d54e"}
[     7s] CHECK pin.funding_source_stream_d OK {"path": "/workspace/axis_0919/funding/funding_ledger.npz", "got": "74b69e635efbf355", "want": "74b69e635efbf355"}
[     7s] CHECK pin.funding_4h_accounting_stream_d OK {"path": "/workspace/axis_0919/funding/funding_4h_accounting.npz", "got": "2838e5f6cf42fff5", "want": "2838e5f6cf42fff5"}
[     7s] CHECK pin.tradability OK {"path": "/workspace/axis_0919/x0918r/trd/tradability_v1.npz", "got": "bebf69ab9ddb3b05", "want": "bebf69ab9ddb3b05"}
[     7s] CHECK pin.universe OK {"path": "/workspace/uplift_r2_2026-09-13/P2/work/universe.npz", "got": "6322b57366078ed0", "want": "6322b57366078ed0"}
[     7s] CHECK pin.g0_labels OK {"path": "/workspace/baseline_tables_2026-09-19/g0x/g0_labels_x0918.npz", "got": "c3832939e1b01333", "want": "c3832939e1b01333"}
[     7s] CHECK pin.g0_receipt OK {"path": "/workspace/baseline_tables_2026-09-19/g0x/RECEIPT_bt_g0_extend.json", "got": "8afd680472ef21be", "want": "8afd680472ef21be"}
[     7s] CHECK price_receipt.PASS_and_outputs OK {"price_kinds": ["raw"]}
[     9s] CHECK pin.executor_tree_409ea16_vs_manifest OK {"n": 332, "bad": []}
[     9s] CHECK exec_sim.version_v3.1 OK "v3.1"
[     9s] CHECK runs.selected OK {"runs": ["NEWS2_s42X|scaled|rule|raw|UAFE"], "seeds": [0, 1, 2, 3, 4, 5, 6, 7, 8, 9, 10, 11, 12, 13, 14, 15, 16, 17, 18, 19, 20, 21, 22, 23, 24, 25, 26, 27, 28, 29, 30, 31]}
[     9s] CHECK window.n_anchors OK 9252
[     9s] CHECK axis.symbols OK 
[     9s] CHECK prices.grid_covers_window OK {"grid0": 1656532800, "n": 444145}
[     9s] CHECK ua_sets.counts_of_the_sets_the_runs_use OK {"UNAVAILABLE_3084": 3084}
[     9s] prices raw (444145, 829)
[     9s] CHECK run.NEWS2_s42X|scaled|rule|raw|UAFE.policy_named OK 
[     9s] CHECK run.NEWS2_s42X|scaled|rule|raw|UAFE.ua_cells_already_at_last_available_price OK {"cells_that_would_change": 0}
[    10s] funding rows 2449807
[    10s] CHECK axis.tradability_symbols OK 
[    10s] CHECK tradability.covers_window OK 
[    10s] CHECK calibration.v3_pooled_frozen OK 
[    10s] CHECK calibration.decision_offset_N+24 OK 1440
[    10s] CHECK executor.pns_wide OK 
[    10s] CHECK executor.gross_mult_config OK {"gm": 2.0, "onu": "hold"}
[    10s] CHECK objb_targets.NEWS2_s42X|scaled|rule|raw|UAFE.loaded OK {"window_anchors": 9252, "combo": 6315, "king": 0, "hold": 2937, "written_rows_without_weights": 0}
[    10s] resume: existing 0 to run 32
[    10s] started NEWS2_s42X|scaled|rule|raw|UAFE seed 0 pid 3417816 avail_GiB 30.9 own_GiB 2.97 psi 0.0
[    10s] started NEWS2_s42X|scaled|rule|raw|UAFE seed 1 pid 3417817 avail_GiB 30.9 own_GiB 2.98 psi 0.0
[    10s] started NEWS2_s42X|scaled|rule|raw|UAFE seed 2 pid 3417818 avail_GiB 30.8 own_GiB 3.00 psi 0.0
[    10s] started NEWS2_s42X|scaled|rule|raw|UAFE seed 3 pid 3417819 avail_GiB 30.8 own_GiB 3.02 psi 0.0
[    91s] finished NEWS2_s42X|scaled|rule|raw|UAFE seed 0 rc 0 avail_GiB 31.4 own_GiB 2.96 psi 0.0
[    91s] started NEWS2_s42X|scaled|rule|raw|UAFE seed 4 pid 3418013 avail_GiB 31.4 own_GiB 2.97 psi 0.0
[    91s] finished NEWS2_s42X|scaled|rule|raw|UAFE seed 1 rc 0 avail_GiB 31.4 own_GiB 2.98 psi 0.0
[    91s] started NEWS2_s42X|scaled|rule|raw|UAFE seed 5 pid 3418014 avail_GiB 31.4 own_GiB 2.98 psi 0.0
[    91s] finished NEWS2_s42X|scaled|rule|raw|UAFE seed 2 rc 0 avail_GiB 31.4 own_GiB 2.99 psi 0.0
[    91s] started NEWS2_s42X|scaled|rule|raw|UAFE seed 6 pid 3418015 avail_GiB 31.4 own_GiB 3.00 psi 0.0
[    91s] finished NEWS2_s42X|scaled|rule|raw|UAFE seed 3 rc 0 avail_GiB 31.4 own_GiB 3.02 psi 0.0
[    92s] started NEWS2_s42X|scaled|rule|raw|UAFE seed 7 pid 3418016 avail_GiB 31.4 own_GiB 3.04 psi 0.0
[   209s] finished NEWS2_s42X|scaled|rule|raw|UAFE seed 4 rc 0 avail_GiB 24.4 own_GiB 3.01 psi 0.0
[   209s] started NEWS2_s42X|scaled|rule|raw|UAFE seed 8 pid 3418616 avail_GiB 24.4 own_GiB 3.02 psi 0.0
[   209s] finished NEWS2_s42X|scaled|rule|raw|UAFE seed 5 rc 0 avail_GiB 24.4 own_GiB 3.02 psi 0.0
[   209s] started NEWS2_s42X|scaled|rule|raw|UAFE seed 9 pid 3418617 avail_GiB 24.4 own_GiB 3.04 psi 0.0
[   209s] finished NEWS2_s42X|scaled|rule|raw|UAFE seed 6 rc 0 avail_GiB 24.4 own_GiB 3.05 psi 0.0
[   210s] started NEWS2_s42X|scaled|rule|raw|UAFE seed 10 pid 3418618 avail_GiB 24.4 own_GiB 3.51 psi 0.0
[   210s] finished NEWS2_s42X|scaled|rule|raw|UAFE seed 7 rc 0 avail_GiB 24.4 own_GiB 3.01 psi 0.0
[   210s] started NEWS2_s42X|scaled|rule|raw|UAFE seed 11 pid 3418619 avail_GiB 24.4 own_GiB 3.04 psi 0.0
[   348s] finished NEWS2_s42X|scaled|rule|raw|UAFE seed 8 rc 0 avail_GiB 24.4 own_GiB 3.13 psi 1.5
[   348s] started NEWS2_s42X|scaled|rule|raw|UAFE seed 12 pid 3419295 avail_GiB 24.5 own_GiB 3.07 psi 1.5
[   348s] finished NEWS2_s42X|scaled|rule|raw|UAFE seed 9 rc 0 avail_GiB 24.4 own_GiB 3.07 psi 1.5
[   349s] started NEWS2_s42X|scaled|rule|raw|UAFE seed 13 pid 3419297 avail_GiB 24.3 own_GiB 3.10 psi 2.2
[   354s] finished NEWS2_s42X|scaled|rule|raw|UAFE seed 10 rc 0 avail_GiB 23.8 own_GiB 3.07 psi 2.7
[   354s] started NEWS2_s42X|scaled|rule|raw|UAFE seed 14 pid 3419307 avail_GiB 23.8 own_GiB 3.08 psi 2.7
[   380s] finished NEWS2_s42X|scaled|rule|raw|UAFE seed 11 rc 0 avail_GiB 24.2 own_GiB 3.06 psi 1.9
[   380s] started NEWS2_s42X|scaled|rule|raw|UAFE seed 15 pid 3419451 avail_GiB 24.2 own_GiB 3.07 psi 1.9
[   503s] finished NEWS2_s42X|scaled|rule|raw|UAFE seed 12 rc 0 avail_GiB 22.6 own_GiB 3.11 psi 1.8
[   504s] started NEWS2_s42X|scaled|rule|raw|UAFE seed 16 pid 3420599 avail_GiB 22.6 own_GiB 3.12 psi 1.8
[   509s] finished NEWS2_s42X|scaled|rule|raw|UAFE seed 13 rc 0 avail_GiB 22.0 own_GiB 2.72 psi 2.8
[   509s] started NEWS2_s42X|scaled|rule|raw|UAFE seed 17 pid 3420638 avail_GiB 22.0 own_GiB 3.05 psi 2.8
[   509s] finished NEWS2_s42X|scaled|rule|raw|UAFE seed 14 rc 0 avail_GiB 22.0 own_GiB 3.05 psi 2.8
[   510s] started NEWS2_s42X|scaled|rule|raw|UAFE seed 18 pid 3420639 avail_GiB 22.0 own_GiB 3.07 psi 2.8
[   540s] finished NEWS2_s42X|scaled|rule|raw|UAFE seed 15 rc 0 avail_GiB 23.9 own_GiB 3.06 psi 0.6
[   541s] started NEWS2_s42X|scaled|rule|raw|UAFE seed 19 pid 3420835 avail_GiB 23.9 own_GiB 3.07 psi 0.6
[   611s] finished NEWS2_s42X|scaled|rule|raw|UAFE seed 16 rc 0 avail_GiB 27.8 own_GiB 3.11 psi 0.0
[   611s] started NEWS2_s42X|scaled|rule|raw|UAFE seed 20 pid 3421996 avail_GiB 27.8 own_GiB 3.12 psi 0.0
[   617s] finished NEWS2_s42X|scaled|rule|raw|UAFE seed 17 rc 0 avail_GiB 27.9 own_GiB 3.04 psi 0.0
[   617s] started NEWS2_s42X|scaled|rule|raw|UAFE seed 21 pid 3422029 avail_GiB 27.9 own_GiB 3.05 psi 0.0
[   617s] finished NEWS2_s42X|scaled|rule|raw|UAFE seed 18 rc 0 avail_GiB 27.9 own_GiB 3.05 psi 0.0
[   617s] started NEWS2_s42X|scaled|rule|raw|UAFE seed 22 pid 3422030 avail_GiB 27.9 own_GiB 3.06 psi 0.0
[   627s] finished NEWS2_s42X|scaled|rule|raw|UAFE seed 19 rc 0 avail_GiB 27.8 own_GiB 3.06 psi 0.0
[   627s] started NEWS2_s42X|scaled|rule|raw|UAFE seed 23 pid 3422082 avail_GiB 27.8 own_GiB 3.07 psi 0.0
[   693s] finished NEWS2_s42X|scaled|rule|raw|UAFE seed 20 rc 0 avail_GiB 28.5 own_GiB 3.11 psi 0.0
[   693s] started NEWS2_s42X|scaled|rule|raw|UAFE seed 24 pid 3422659 avail_GiB 28.5 own_GiB 3.12 psi 0.0
[   698s] finished NEWS2_s42X|scaled|rule|raw|UAFE seed 21 rc 0 avail_GiB 28.6 own_GiB 3.04 psi 0.0
[   698s] started NEWS2_s42X|scaled|rule|raw|UAFE seed 25 pid 3422666 avail_GiB 28.6 own_GiB 3.05 psi 0.0
[   698s] finished NEWS2_s42X|scaled|rule|raw|UAFE seed 22 rc 0 avail_GiB 28.6 own_GiB 3.05 psi 0.0
[   698s] started NEWS2_s42X|scaled|rule|raw|UAFE seed 26 pid 3422667 avail_GiB 28.6 own_GiB 3.06 psi 0.0
[   708s] finished NEWS2_s42X|scaled|rule|raw|UAFE seed 23 rc 0 avail_GiB 28.5 own_GiB 3.06 psi 0.0
[   708s] started NEWS2_s42X|scaled|rule|raw|UAFE seed 27 pid 3422749 avail_GiB 28.5 own_GiB 3.07 psi 0.0
[   774s] finished NEWS2_s42X|scaled|rule|raw|UAFE seed 24 rc 0 avail_GiB 30.0 own_GiB 3.11 psi 0.0
[   774s] started NEWS2_s42X|scaled|rule|raw|UAFE seed 28 pid 3423210 avail_GiB 30.0 own_GiB 3.12 psi 0.0
[   779s] finished NEWS2_s42X|scaled|rule|raw|UAFE seed 25 rc 0 avail_GiB 30.0 own_GiB 3.04 psi 0.0
[   779s] started NEWS2_s42X|scaled|rule|raw|UAFE seed 29 pid 3423253 avail_GiB 30.0 own_GiB 3.05 psi 0.0
[   779s] finished NEWS2_s42X|scaled|rule|raw|UAFE seed 26 rc 0 avail_GiB 30.0 own_GiB 3.05 psi 0.0
[   779s] started NEWS2_s42X|scaled|rule|raw|UAFE seed 30 pid 3423254 avail_GiB 30.0 own_GiB 3.07 psi 0.0
[   790s] finished NEWS2_s42X|scaled|rule|raw|UAFE seed 27 rc 0 avail_GiB 29.9 own_GiB 3.06 psi 0.0
[   790s] started NEWS2_s42X|scaled|rule|raw|UAFE seed 31 pid 3423313 avail_GiB 30.0 own_GiB 3.07 psi 0.0
[   855s] finished NEWS2_s42X|scaled|rule|raw|UAFE seed 28 rc 0 avail_GiB 30.0 own_GiB 3.11 psi 0.0
[   860s] finished NEWS2_s42X|scaled|rule|raw|UAFE seed 29 rc 0 avail_GiB 30.1 own_GiB 3.01 psi 0.0
[   860s] finished NEWS2_s42X|scaled|rule|raw|UAFE seed 30 rc 0 avail_GiB 30.1 own_GiB 3.01 psi 0.0
[   871s] aggregated NEWS2_s42X|scaled|rule|raw|UAFE
[   871s] finished NEWS2_s42X|scaled|rule|raw|UAFE seed 31 rc 0 avail_GiB 30.1 own_GiB 2.97 psi 0.0
[   871s] CHECK runs.all_rc0 OK {"NEWS2_s42X|scaled|rule|raw|UAFE": {"0": 0, "1": 0, "2": 0, "3": 0, "4": 0, "5": 0, "6": 0, "7": 0, "8": 0, "9": 0, "10": 0, "11": 0, "12": 0, "13": 0, "14": 0, "15": 0, "16": 0, "17": 0, "18": 0, "19": 0, "20": 0, "21": 0, "22": 0, "23": 
[   871s] CHECK runs.audits_clean OK 
BT_LAUNCH VERDICT=PASS label=full_mr_SEAT_ONLY_m0_42 runs=1 seeds=32 receipt_sha256=e1c36e08d0c73c35969a73f6cc76e2b5a213e1cac5dda5a6c65bbcb40fd356a8
