09-16T12Z net actual     -69.2 (-0.056% NAV) -> dust-pop     -69.2 (-0.056%) | popped ['BIGTIMEUSDT', 'DUSKUSDT', 'NOMUSDT', 'PRLUSDT', 'SCRUSDT'] kept ['AINUSDT', 'BIOUSDT', 'MONUSDT', 'UAIUSDT']
09-16T16Z net actual     -78.3 (-0.064% NAV) -> dust-pop     -78.3 (-0.064%) | popped ['BIGTIMEUSDT', 'DUSKUSDT', 'NOMUSDT', 'PRLUSDT', 'SCRUSDT'] kept ['AVNTUSDT', 'BIOUSDT', 'GWEIUSDT', 'MONUSDT']
09-16T20Z net actual     -75.7 (-0.062% NAV) -> dust-pop     -75.7 (-0.062%) | popped ['BIGTIMEUSDT', 'DUSKUSDT', 'NOMUSDT', 'PRLUSDT', 'SCRUSDT'] kept ['BIOUSDT', 'GWEIUSDT', 'MONUSDT', 'USUSDT']
09-17T00Z net actual     -60.1 (-0.050% NAV) -> dust-pop     -60.1 (-0.050%) | popped ['BIGTIMEUSDT', 'DUSKUSDT', 'NOMUSDT', 'PRLUSDT', 'SCRUSDT', 'USUSDT'] kept ['BIOUSDT', 'MOODENGUSDT']
09-17T04Z net actual     -78.3 (-0.064% NAV) -> dust-pop     -78.3 (-0.064%) | popped ['BIGTIMEUSDT', 'DUSKUSDT', 'NOMUSDT', 'PRLUSDT', 'SCRUSDT', 'USUSDT'] kept ['BIOUSDT', 'EPICUSDT', 'GMTUSDT', 'IOTXUSDT']
09-17T08Z net actual     -80.4 (-0.066% NAV) -> dust-pop     -80.4 (-0.066%) | popped ['BIGTIMEUSDT', 'DUSKUSDT', 'NOMUSDT', 'PRLUSDT', 'SCRUSDT', 'USUSDT'] kept ['BIOUSDT', 'ENSOUSDT', 'EVAAUSDT', 'ONEUSDT']
09-17T12Z net actual      +0.0 (+0.000% NAV) -> dust-pop      -0.0 (-0.000%) | popped ['BIGTIMEUSDT', 'DUSKUSDT', 'NOMUSDT', 'PRLUSDT', 'SCRUSDT', 'USUSDT'] kept ['DODOXUSDT', 'EVAAUSDT', 'NEWTUSDT']
09-17T16Z net actual    -111.4 (-0.094% NAV) -> dust-pop    -111.4 (-0.094%) | popped ['BIGTIMEUSDT', 'DUSKUSDT', 'NOMUSDT', 'PRLUSDT', 'SCRUSDT', 'USUSDT'] kept ['CATIUSDT', 'LTCUSDT', 'RIFUSDT']
09-17T20Z net actual     -26.4 (-0.022% NAV) -> dust-pop     -26.4 (-0.022%) | popped ['BIGTIMEUSDT', 'DUSKUSDT', 'NOMUSDT', 'PRLUSDT', 'SCRUSDT', 'USUSDT'] kept ['LTCUSDT', 'XANUSDT']
09-18T00Z net actual     -22.3 (-0.019% NAV) -> dust-pop     -22.3 (-0.019%) | popped ['BIGTIMEUSDT', 'DUSKUSDT', 'NOMUSDT', 'PRLUSDT', 'SCRUSDT', 'USUSDT'] kept ['DYMUSDT', 'LTCUSDT']
09-18T04Z net actual     -62.1 (-0.054% NAV) -> dust-pop     -62.1 (-0.054%) | popped ['BIGTIMEUSDT', 'DUSKUSDT', 'NOMUSDT', 'PRLUSDT', 'SCRUSDT', 'USUSDT'] kept ['DYMUSDT', 'LTCUSDT']
09-18T08Z net actual     -60.0 (-0.052% NAV) -> dust-pop     -60.0 (-0.052%) | popped ['BIGTIMEUSDT', 'DUSKUSDT', 'NOMUSDT', 'PRLUSDT', 'SCRUSDT', 'USUSDT'] kept ['LTCUSDT']
09-18T12Z net actual     -51.5 (-0.045% NAV) -> dust-pop     -51.5 (-0.045%) | popped ['DUSKUSDT', 'NOMUSDT', 'PRLUSDT', 'SCRUSDT', 'USUSDT'] kept ['LTCUSDT', 'NEARUSDT']
09-18T16Z net actual    -105.3 (-0.091% NAV) -> dust-pop    -105.3 (-0.091%) | popped ['DUSKUSDT', 'NOMUSDT', 'PRLUSDT', 'SCRUSDT', 'USUSDT'] kept ['BIRBUSDT', 'DOODUSDT', 'GUSDT', 'IOUSDT']
09-18T20Z net actual     -95.8 (-0.082% NAV) -> dust-pop     -95.8 (-0.082%) | popped ['DUSKUSDT', 'NOMUSDT', 'PRLUSDT', 'SCRUSDT', 'USUSDT'] kept ['GUSDT', 'IOUSDT', 'LTCUSDT']
09-19T00Z net actual     -82.0 (-0.070% NAV) -> dust-pop     -82.0 (-0.070%) | popped ['DUSKUSDT', 'NOMUSDT', 'PRLUSDT', 'SCRUSDT', 'USUSDT'] kept ['ARBUSDT', 'EIGENUSDT', 'LTCUSDT', 'SIRENUSDT']
09-19T04Z net actual     -79.1 (-0.068% NAV) -> dust-pop     -79.1 (-0.068%) | popped ['DUSKUSDT', 'NOMUSDT', 'PRLUSDT', 'SCRUSDT', 'USUSDT'] kept ['EIGENUSDT', 'LTCUSDT', 'THEUSDT']
09-19T08Z net actual    -111.8 (-0.097% NAV) -> dust-pop    -111.8 (-0.097%) | popped ['DUSKUSDT', 'NOMUSDT', 'PRLUSDT', 'SCRUSDT', 'USUSDT'] kept ['EIGENUSDT', 'LTCUSDT']
09-19T12Z net actual     -84.5 (-0.073% NAV) -> dust-pop     -84.5 (-0.073%) | popped ['DUSKUSDT', 'NOMUSDT', 'PRLUSDT', 'SCRUSDT', 'USUSDT'] kept ['LTCUSDT', 'STARUSDT']
09-19T16Z net actual     -75.2 (-0.066% NAV) -> dust-pop     -75.2 (-0.066%) | popped ['DUSKUSDT', 'NOMUSDT', 'PRLUSDT', 'SCRUSDT', 'USUSDT'] kept ['ARUSDT', 'LTCUSDT', 'STARUSDT', 'ZAMAUSDT']
09-19T20Z net actual    +729.7 (+0.644% NAV) -> dust-pop     -71.8 (-0.063%) | popped ['NOMUSDT', 'PRLUSDT', 'SCRUSDT', 'USUSDT', 'ZAMAUSDT'] kept ['LTCUSDT']
09-20T00Z net actual    +736.7 (+0.645% NAV) -> dust-pop     -73.7 (-0.064%) | popped ['NOMUSDT', 'PRLUSDT', 'SCRUSDT', 'USUSDT', 'ZAMAUSDT'] kept ['ENAUSDT', 'ENSOUSDT', 'LTCUSDT']
09-20T04Z net actual   +1349.9 (+1.182% NAV) -> dust-pop     -73.4 (-0.064%) | popped ['ENAUSDT', 'NOMUSDT', 'PRLUSDT', 'SCRUSDT', 'USUSDT', 'ZAMAUSDT'] kept ['LTCUSDT']
09-20T08Z net actual   +1496.0 (+1.308% NAV) -> dust-pop      -0.0 (-0.000%) | popped ['ENAUSDT', 'NOMUSDT', 'PRLUSDT', 'SCRUSDT', 'USUSDT', 'ZAMAUSDT'] kept ['DUSKUSDT', 'GMTUSDT']
09-20T12Z net actual   +1548.4 (+1.344% NAV) -> dust-pop      +0.0 (+0.000%) | popped ['ENAUSDT', 'NOMUSDT', 'PRLUSDT', 'SCRUSDT', 'USUSDT', 'ZAMAUSDT'] kept []
09-20T16Z net actual   +1585.8 (+1.391% NAV) -> dust-pop      -0.0 (-0.000%) | popped ['ENAUSDT', 'NOMUSDT', 'PRLUSDT', 'SCRUSDT', 'USUSDT', 'ZAMAUSDT'] kept ['ANKRUSDT', 'BIGTIMEUSDT', 'DOGSUSDT']
09-20T20Z net actual   +1487.5 (+1.310% NAV) -> dust-pop      +0.0 (+0.000%) | popped ['ENAUSDT', 'NOMUSDT', 'PRLUSDT', 'SCRUSDT', 'USUSDT', 'ZAMAUSDT'] kept []
09-21T00Z net actual   +1384.8 (+1.221% NAV) -> dust-pop     -30.9 (-0.027%) | popped ['ENAUSDT', 'NOMUSDT', 'PRLUSDT', 'SCRUSDT', 'USUSDT', 'ZAMAUSDT'] kept ['BATUSDT', 'RUNEUSDT', 'SIGNUSDT']
09-21T04Z net actual   +1426.9 (+1.250% NAV) -> dust-pop     -30.5 (-0.027%) | popped ['ENAUSDT', 'NOMUSDT', 'PRLUSDT', 'SCRUSDT', 'USUSDT', 'ZAMAUSDT'] kept ['RUNEUSDT']
09-21T08Z net actual   +1526.4 (+1.342% NAV) -> dust-pop     -30.6 (-0.027%) | popped ['ENAUSDT', 'NOMUSDT', 'PRLUSDT', 'SCRUSDT', 'USUSDT', 'ZAMAUSDT'] kept ['BLURUSDT', 'IOTXUSDT', 'RUNEUSDT']
09-21T12Z net actual   +1494.3 (+1.321% NAV) -> dust-pop     -27.5 (-0.024%) | popped ['ENAUSDT', 'NOMUSDT', 'PRLUSDT', 'SCRUSDT', 'USUSDT', 'ZAMAUSDT'] kept ['RUNEUSDT']
09-21T20Z net actual   +1878.9 (+1.661% NAV) -> dust-pop      -0.0 (-0.000%) | popped ['ENAUSDT', 'NOMUSDT', 'PRLUSDT', 'SCRUSDT', 'USUSDT', 'ZAMAUSDT'] kept ['API3USDT', 'PHAUSDT']
09-22T00Z net actual   +1766.9 (+1.557% NAV) -> dust-pop      +0.0 (+0.000%) | popped ['API3USDT', 'ENAUSDT', 'NOMUSDT', 'PRLUSDT', 'SCRUSDT', 'USUSDT'] kept []
09-22T04Z net actual   +1716.2 (+1.516% NAV) -> dust-pop     -35.5 (-0.031%) | popped ['API3USDT', 'ENAUSDT', 'NOMUSDT', 'PRLUSDT', 'SCRUSDT', 'USUSDT'] kept ['GRIFFAINUSDT', 'LTCUSDT']
09-22T08Z net actual   +1727.3 (+1.521% NAV) -> dust-pop     -33.9 (-0.030%) | popped ['API3USDT', 'ENAUSDT', 'NOMUSDT', 'PRLUSDT', 'SCRUSDT', 'USUSDT'] kept ['CELOUSDT', 'LTCUSDT']
09-22T12Z net actual   +1765.5 (+1.556% NAV) -> dust-pop     -29.2 (-0.026%) | popped ['API3USDT', 'ENAUSDT', 'PRLUSDT', 'SCRUSDT', 'USUSDT', 'ZAMAUSDT'] kept ['LTCUSDT']
09-22T16Z net actual   +1703.4 (+1.511% NAV) -> dust-pop     -28.2 (-0.025%) | popped ['API3USDT', 'ENAUSDT', 'PRLUSDT', 'SCRUSDT', 'USUSDT', 'ZAMAUSDT'] kept ['AIOUSDT', 'LTCUSDT']
09-22T20Z net actual   +1614.1 (+1.417% NAV) -> dust-pop     -30.9 (-0.027%) | popped ['API3USDT', 'ENAUSDT', 'PRLUSDT', 'SCRUSDT', 'USUSDT', 'ZAMAUSDT'] kept ['ACHUSDT', 'DODOXUSDT', 'LTCUSDT', 'VANAUSDT']
09-23T00Z net actual   +1565.3 (+1.388% NAV) -> dust-pop     -27.6 (-0.024%) | popped ['API3USDT', 'ENAUSDT', 'PRLUSDT', 'SCRUSDT', 'USUSDT', 'ZAMAUSDT'] kept ['HOLOUSDT', 'LTCUSDT', 'MINAUSDT']
09-23T04Z net actual   +1580.5 (+1.403% NAV) -> dust-pop     -22.3 (-0.020%) | popped ['API3USDT', 'ENAUSDT', 'HOLOUSDT', 'PRLUSDT', 'SCRUSDT', 'USUSDT'] kept ['BCHUSDT', 'LTCUSDT']
09-23T08Z net actual   +2623.6 (+2.334% NAV) -> dust-pop     -15.2 (-0.014%) | popped ['API3USDT', 'BCHUSDT', 'ENAUSDT', 'HOLOUSDT', 'PRLUSDT', 'SCRUSDT'] kept ['LTCUSDT', 'METUSDT', 'TIAUSDT']
09-23T12Z net actual   +2616.0 (+2.328% NAV) -> dust-pop     -41.1 (-0.037%) | popped ['API3USDT', 'BCHUSDT', 'ENAUSDT', 'HOLOUSDT', 'PRLUSDT', 'SCRUSDT'] kept ['ERAUSDT', 'HUSDT', 'LTCUSDT', 'MOVRUSDT']
09-23T16Z net actual   +2639.4 (+2.358% NAV) -> dust-pop      -6.1 (-0.005%) | popped ['API3USDT', 'BCHUSDT', 'ENAUSDT', 'PRLUSDT', 'SCRUSDT', 'ZAMAUSDT'] kept ['EPICUSDT', 'LTCUSDT']
09-23T20Z net actual   +2708.1 (+2.414% NAV) -> dust-pop      +6.0 (+0.005%) | popped ['BCHUSDT', 'ENAUSDT', 'PRLUSDT', 'SCRUSDT', 'ZAMAUSDT'] kept ['BLURUSDT', 'GPSUSDT', 'LTCUSDT']
09-24T00Z net actual   +2684.0 (+2.374% NAV) -> dust-pop      -2.3 (-0.002%) | popped ['BCHUSDT', 'ENAUSDT', 'PRLUSDT', 'SCRUSDT', 'ZAMAUSDT'] kept ['BABYUSDT', 'LTCUSDT']
09-24T04Z net actual   +2616.7 (+2.317% NAV) -> dust-pop     +13.6 (+0.012%) | popped ['BCHUSDT', 'ENAUSDT', 'PRLUSDT', 'SCRUSDT', 'ZAMAUSDT'] kept ['SOLVUSDT']
09-24T08Z net actual   +2538.1 (+2.248% NAV) -> dust-pop      +0.0 (+0.000%) | popped ['BCHUSDT', 'ENAUSDT', 'PRLUSDT', 'SCRUSDT', 'ZAMAUSDT'] kept ['CHILLGUYUSDT']
09-24T12Z net actual   +2512.7 (+2.228% NAV) -> dust-pop     -11.8 (-0.010%) | popped ['1INCHUSDT', 'BCHUSDT', 'ENAUSDT', 'PRLUSDT', 'SCRUSDT', 'ZAMAUSDT'] kept ['BOMEUSDT', 'THEUSDT']
09-24T16Z net actual   +2508.2 (+2.239% NAV) -> dust-pop      +0.0 (+0.000%) | popped ['1INCHUSDT', 'BCHUSDT', 'ENAUSDT', 'PRLUSDT', 'SCRUSDT', 'ZAMAUSDT'] kept []
09-24T20Z net actual   +2472.8 (+2.210% NAV) -> dust-pop     -16.7 (-0.015%) | popped ['1INCHUSDT', 'BCHUSDT', 'ENAUSDT', 'PRLUSDT', 'SCRUSDT', 'ZAMAUSDT'] kept ['LPTUSDT']
09-25T00Z net actual   +2500.3 (+2.231% NAV) -> dust-pop      -0.0 (-0.000%) | popped ['1INCHUSDT', 'BCHUSDT', 'ENAUSDT', 'PRLUSDT', 'SCRUSDT', 'ZAMAUSDT'] kept []
09-25T04Z net actual   +2462.6 (+2.210% NAV) -> dust-pop      +0.0 (+0.000%) | popped ['BCHUSDT', 'ENAUSDT', 'PRLUSDT', 'SCRUSDT', 'ZAMAUSDT'] kept []
09-25T08Z net actual   +2464.2 (+2.230% NAV) -> dust-pop      -7.2 (-0.006%) | popped ['BCHUSDT', 'ENAUSDT', 'PRLUSDT', 'SCRUSDT', 'ZAMAUSDT'] kept ['SYNUSDT']
09-25T12Z net actual   +2467.5 (+2.250% NAV) -> dust-pop     +12.0 (+0.011%) | popped ['BCHUSDT', 'ENAUSDT', 'PRLUSDT', 'SCRUSDT', 'ZAMAUSDT'] kept ['ETHUSDT', 'VANAUSDT']
SUMMARY {"n_anchors": 54, "mean_net_actual_pct_nav": 1.060402298975818, "mean_net_dustpop_pct_nav": -0.03220109558377118, "max_abs_net_dustpop_pct_nav": 0.09745720566263096, "dust_popped_name_anchors": {"PRLUSDT": 54, "SCRUSDT": 54, "USUSDT": 38, "NOMUSDT": 35, "ZAMAUSDT": 34, "ENAUSDT": 32, "DUSKUSDT": 20, "BCHUSDT": 14, "BIGTIMEUSDT": 12, "API3USDT": 11, "1INCHUSDT": 4, "HOLOUSDT": 3}, "clamped_kept_name_anchors": {"LTCUSDT": 28, "BIOUSDT": 6, "RUNEUSDT": 4, "MONUSDT": 3, "EIGENUSDT": 3, "GWEIUSDT": 2, "EPICUSDT": 2, "GMTUSDT": 2, "IOTXUSDT": 2, "OPENUSDT": 2, "SIRENUSDT": 2, "ENSOUSDT": 2, "EVAAUSDT": 2, "DODOXUSDT": 2, "DYMUSDT": 2, "GUSDT": 2, "IOUSDT": 2, "THEUSDT": 2, "STARUSDT": 2, "BLURUSDT": 2, "VANAUSDT": 2, "AINUSDT": 1, "UAIUSDT": 1, "AVNTUSDT": 1, "USUSDT": 1, "MOODENGUSDT": 1, "ONEUSDT": 1, "NEWTUSDT": 1, "CATIUSDT": 1, "RIFUSDT": 1, "XANUSDT": 1, "NEARUSDT": 1, "BIRBUSDT": 1, "DO
