START 2026-09-16T05:02:27Z dev=devices/fm_gate_b_repro.py sha=c5cdb32211c73ba1c6f175a73da93aa72ae806dfc4adee91f89aab78f89d7a02 args=FM_GB_OUT=/workspace/fx_model/receipts/GATE_B_REPRO_mE1.json FM_GB_TAG=mE1 FM_GB_FOLDS=all
[    2.5s] XT built (2745557, 171) nA 10206
[    2.5s] folds 20
fold 202501  pattern=True  maxabs_full=1.751e-07  maxabs_test=1.192e-07  PASS_full=True  (3s)
fold 202502  pattern=True  maxabs_full=1.788e-07  maxabs_test=1.192e-07  PASS_full=True  (3s)
fold 202503  pattern=True  maxabs_full=1.192e-07  maxabs_test=7.451e-08  PASS_full=True  (3s)
fold 202504  pattern=True  maxabs_full=1.192e-07  maxabs_test=8.941e-08  PASS_full=True  (2s)
fold 202505  pattern=True  maxabs_full=1.788e-07  maxabs_test=1.416e-07  PASS_full=True  (2s)
fold 202506  pattern=True  maxabs_full=1.788e-07  maxabs_test=1.192e-07  PASS_full=True  (2s)
fold 202507  pattern=True  maxabs_full=1.565e-07  maxabs_test=1.490e-07  PASS_full=True  (2s)
fold 202508  pattern=True  maxabs_full=2.086e-07  maxabs_test=1.788e-07  PASS_full=True  (2s)
fold 202509  pattern=True  maxabs_full=2.682e-07  maxabs_test=1.788e-07  PASS_full=True  (2s)
fold 202510  pattern=True  maxabs_full=1.490e-07  maxabs_test=1.192e-07  PASS_full=True  (2s)
fold 202511  pattern=True  maxabs_full=3.278e-07  maxabs_test=2.384e-07  PASS_full=True  (2s)
fold 202512  pattern=True  maxabs_full=1.863e-07  maxabs_test=1.863e-07  PASS_full=True  (1s)
fold 202601  pattern=True  maxabs_full=7.451e-08  maxabs_test=6.706e-08  PASS_full=True  (1s)
fold 202602  pattern=True  maxabs_full=2.384e-07  maxabs_test=2.086e-07  PASS_full=True  (1s)
fold 202603  pattern=True  maxabs_full=1.788e-07  maxabs_test=1.788e-07  PASS_full=True  (1s)
fold 202604  pattern=True  maxabs_full=3.129e-07  maxabs_test=2.161e-07  PASS_full=True  (1s)
fold 202605  pattern=True  maxabs_full=8.941e-08  maxabs_test=8.941e-08  PASS_full=True  (1s)
fold 202606  pattern=True  maxabs_full=1.490e-07  maxabs_test=1.490e-07  PASS_full=True  (0s)
fold 202607  pattern=True  maxabs_full=2.561e-07  maxabs_test=2.561e-07  PASS_full=True  (0s)
fold 202608  pattern=True  maxabs_full=2.682e-07  maxabs_test=2.682e-07  PASS_full=True  (0s)
GATE_B_REPRO=PASS  20/20 folds pass  worst_maxabs=3.278e-07  tol=1e-05  wall=33s
END 2026-09-16T05:03:12Z rc=0
rc=0
