START 2026-09-16T05:03:28Z dev=devices/fm_gate_b_repro.py sha=c5cdb32211c73ba1c6f175a73da93aa72ae806dfc4adee91f89aab78f89d7a02 args=FM_GB_OUT=/workspace/fx_model/receipts/GATE_B_REPRO_mE60.json FM_GB_TAG=mE60 FM_GB_FOLDS=all
[    4.6s] XT built (2745557, 171) nA 10206
[    4.6s] folds 20
fold 202501  pattern=True  maxabs_full=1.714e-07  maxabs_test=1.490e-07  PASS_full=True  (3s)
fold 202502  pattern=True  maxabs_full=2.086e-07  maxabs_test=1.341e-07  PASS_full=True  (3s)
fold 202503  pattern=True  maxabs_full=8.941e-08  maxabs_test=8.941e-08  PASS_full=True  (2s)
fold 202504  pattern=True  maxabs_full=1.043e-07  maxabs_test=8.941e-08  PASS_full=True  (2s)
fold 202505  pattern=True  maxabs_full=2.086e-07  maxabs_test=2.086e-07  PASS_full=True  (2s)
fold 202506  pattern=True  maxabs_full=1.490e-07  maxabs_test=1.192e-07  PASS_full=True  (2s)
fold 202507  pattern=True  maxabs_full=7.451e-08  maxabs_test=6.706e-08  PASS_full=True  (2s)
fold 202508  pattern=True  maxabs_full=1.192e-07  maxabs_test=8.941e-08  PASS_full=True  (2s)
fold 202509  pattern=True  maxabs_full=2.384e-07  maxabs_test=1.788e-07  PASS_full=True  (2s)
fold 202510  pattern=True  maxabs_full=1.788e-07  maxabs_test=1.788e-07  PASS_full=True  (2s)
fold 202511  pattern=True  maxabs_full=2.384e-07  maxabs_test=1.881e-07  PASS_full=True  (2s)
fold 202512  pattern=True  maxabs_full=2.310e-07  maxabs_test=2.012e-07  PASS_full=True  (1s)
fold 202601  pattern=True  maxabs_full=2.235e-07  maxabs_test=2.012e-07  PASS_full=True  (1s)
fold 202602  pattern=True  maxabs_full=2.086e-07  maxabs_test=1.863e-07  PASS_full=True  (1s)
fold 202603  pattern=True  maxabs_full=2.384e-07  maxabs_test=2.384e-07  PASS_full=True  (1s)
fold 202604  pattern=True  maxabs_full=2.086e-07  maxabs_test=1.788e-07  PASS_full=True  (1s)
fold 202605  pattern=True  maxabs_full=1.788e-07  maxabs_test=1.490e-07  PASS_full=True  (1s)
fold 202606  pattern=True  maxabs_full=1.192e-07  maxabs_test=1.043e-07  PASS_full=True  (0s)
fold 202607  pattern=True  maxabs_full=2.086e-07  maxabs_test=2.086e-07  PASS_full=True  (0s)
fold 202608  pattern=True  maxabs_full=2.384e-07  maxabs_test=2.384e-07  PASS_full=True  (0s)
GATE_B_REPRO=PASS  20/20 folds pass  worst_maxabs=2.384e-07  tol=1e-05  wall=36s
END 2026-09-16T05:04:21Z rc=0
rc=0
