理论带宽估计 b* ≈ 0.0035(σ_Δ=0.0052, κ=0.38, c=4.1e-04)
在役格 (α.05, b.002, target): 净 +1.154 夏普 +1.46

α=1.0  b=0.0    target: 净 +0.378 换手 0.3121 夏普 +0.58
α=1.0  b=0.001  target: 净 +0.440 换手 0.2968 夏普 +0.68
α=1.0  b=0.001  edge  : 净 +0.580 换手 0.2490 夏普 +0.90
α=1.0  b=0.002  target: 净 +0.491 换手 0.2815 夏普 +0.75
α=1.0  b=0.002  edge  : 净 +0.697 换手 0.2050 夏普 +1.09
α=1.0  b=0.004  target: 净 +0.608 换手 0.2506 夏普 +0.93
α=1.0  b=0.004  edge  : 净 +0.816 换手 0.1402 夏普 +1.32
α=1.0  b=0.008  target: 净 +0.699 换手 0.1911 夏普 +1.09
α=1.0  b=0.008  edge  : 净 +0.926 换手 0.0596 夏普 +1.68
α=1.0  b=0.012  target: 净 +0.814 换手 0.1293 夏普 +1.33
α=1.0  b=0.012  edge  : 净 +0.840 换手 0.0223 夏普 +1.75
α=0.3  b=0.0    target: 净 +0.756 换手 0.1652 夏普 +1.05
α=0.3  b=0.001  target: 净 +0.790 换手 0.1539 夏普 +1.10
α=0.3  b=0.001  edge  : 净 +0.836 换手 0.1256 夏普 +1.17
α=0.3  b=0.002  target: 净 +0.857 换手 0.1379 夏普 +1.20
α=0.3  b=0.002  edge  : 净 +0.873 换手 0.0986 夏普 +1.24
α=0.3  b=0.004  target: 净 +0.869 换手 0.1099 夏普 +1.22
α=0.3  b=0.004  edge  : 净 +0.933 换手 0.0615 夏普 +1.37
α=0.3  b=0.008  target: 净 +0.981 换手 0.0686 夏普 +1.43
α=0.3  b=0.008  edge  : 净 +0.937 换手 0.0247 夏普 +1.51
α=0.3  b=0.012  target: 净 +0.938 换手 0.0402 夏普 +1.42
α=0.3  b=0.012  edge  : 净 +0.870 换手 0.0108 夏普 +1.57
α=0.1  b=0.0    target: 净 +1.002 换手 0.0717 夏普 +1.30
α=0.1  b=0.001  target: 净 +1.024 换手 0.0620 夏普 +1.33
α=0.1  b=0.001  edge  : 净 +1.040 换手 0.0471 夏普 +1.36
α=0.1  b=0.002  target: 净 +1.033 换手 0.0508 夏普 +1.35
α=0.1  b=0.002  edge  : 净 +1.052 换手 0.0345 夏普 +1.39
α=0.1  b=0.004  target: 净 +1.057 换手 0.0368 夏普 +1.40
α=0.1  b=0.004  edge  : 净 +1.068 换手 0.0213 夏普 +1.46
α=0.1  b=0.008  target: 净 +1.003 换手 0.0219 夏普 +1.36
α=0.1  b=0.008  edge  : 净 +1.052 换手 0.0100 夏普 +1.58
α=0.1  b=0.012  target: 净 +1.081 换手 0.0138 夏普 +1.53
α=0.1  b=0.012  edge  : 净 +0.944 换手 0.0051 夏普 +1.61
α=0.05 b=0.0    target: 净 +1.111 换手 0.0416 夏普 +1.39
α=0.05 b=0.001  target: 净 +1.133 换手 0.0323 夏普 +1.43
α=0.05 b=0.001  edge  : 净 +1.137 换手 0.0245 夏普 +1.44
α=0.05 b=0.002  target: 净 +1.154 换手 0.0257 夏普 +1.46
α=0.05 b=0.002  edge  : 净 +1.145 换手 0.0182 夏普 +1.47
α=0.05 b=0.004  target: 净 +1.165 换手 0.0188 夏普 +1.49
α=0.05 b=0.004  edge  : 净 +1.157 换手 0.0119 夏普 +1.53
α=0.05 b=0.008  target: 净 +1.150 换手 0.0118 夏普 +1.52
α=0.05 b=0.008  edge  : 净 +1.079 换手 0.0060 夏普 +1.57
α=0.05 b=0.012  target: 净 +1.165 换手 0.0078 夏普 +1.63
α=0.05 b=0.012  edge  : 净 +0.981 换手 0.0033 夏普 +1.65
α=0.03 b=0.0    target: 净 +1.183 换手 0.0280 夏普 +1.45
α=0.03 b=0.001  target: 净 +1.195 换手 0.0199 夏普 +1.47
α=0.03 b=0.001  edge  : 净 +1.199 换手 0.0155 夏普 +1.48
α=0.03 b=0.002  target: 净 +1.184 换手 0.0160 夏普 +1.46
α=0.03 b=0.002  edge  : 净 +1.209 换手 0.0118 夏普 +1.51
α=0.03 b=0.004  target: 净 +1.210 换手 0.0121 夏普 +1.51
α=0.03 b=0.004  edge  : 净 +1.172 换手 0.0080 夏普 +1.51
α=0.03 b=0.008  target: 净 +1.224 换手 0.0078 夏普 +1.59
α=0.03 b=0.008  edge  : 净 +1.111 换手 0.0042 夏普 +1.59
α=0.03 b=0.012  target: 净 +1.136 换手 0.0052 夏普 +1.53
α=0.03 b=0.012  edge  : 净 +0.937 换手 0.0024 夏普 +1.55
α=0.02 b=0.0    target: 净 +1.235 换手 0.0205 夏普 +1.48
α=0.02 b=0.001  target: 净 +1.244 换手 0.0138 夏普 +1.50
α=0.02 b=0.001  edge  : 净 +1.243 换手 0.0110 夏普 +1.51
α=0.02 b=0.002  target: 净 +1.253 换手 0.0112 夏普 +1.52
α=0.02 b=0.002  edge  : 净 +1.229 换手 0.0085 夏普 +1.51
α=0.02 b=0.004  target: 净 +1.230 换手 0.0086 夏普 +1.51
α=0.02 b=0.004  edge  : 净 +1.189 换手 0.0060 夏普 +1.51
α=0.02 b=0.008  target: 净 +1.245 换手 0.0057 夏普 +1.56
α=0.02 b=0.008  edge  : 净 +1.147 换手 0.0033 夏普 +1.62
α=0.02 b=0.012  target: 净 +1.119 换手 0.0038 夏普 +1.49
α=0.02 b=0.012  edge  : 净 +0.918 换手 0.0019 夏普 +1.47

曲面最优: α=0.02 b=0.002 target 净 +1.253 夏普 +1.52
最优 vs 在役: Δ +0.0993 CI[-0.0262,+0.2345] @6.23 +0.1296 逐年4/5 ⇒ 在噪声内, 在役即联合最优
JOINTOPT_DONE
