因果面板未来相关 top3: [('dvol_24h', 0.0594), ('rvol_24h', 0.0455), ('mom_8h', 0.042)] 中位 0.0112
【对照】脏面板 top3: [('betaadj_ret24', 0.2925), ('dvol_24h', 0.0594), ('rvol_24h', 0.0455)] 中位 0.0112
n=9821 N=140 C=32 F=160
king(在役持有形态) 逐年 IC: {2023: 0.04088122897081336, 2024: 0.056557899566306975, 2025: 0.0618081978420788, 2026: 0.056325444549203844}
  2023 臂C: IC +0.0356
  2023 臂A: IC +0.0594
  2023 臂B: IC +0.0538
  2024 臂C: IC +0.0441
  2024 臂A: IC +0.0620
  2024 臂B: IC +0.0638
  2025 臂C: IC +0.0567
  2025 臂A: IC +0.0579
  2025 臂B: IC +0.0582
  2026 臂C: IC +0.0529
  2026 臂A: IC +0.0633
  2026 臂B: IC +0.0660

== 判决 ==
臂C 阳性对照(仅king特征): 均值 +0.0473 vs king +0.0539 ⇒ 复原率 88% ✗装置仍无效, A/B 不可判
臂A LGBM纯树(时序滞后特征): 均值 +0.0606 vs king +0.0539 ⇒ DL 相对优势 -11%
臂B LGBM(特征+king): 均值 +0.0604, Δ vs king 逐年 [0.0129, 0.0073, -0.0036, 0.0097] 均值 +0.0066
臂B FAIL ⇒ '树能找到 DL 漏掉的结构'假设关闭(第四条三角测量)
LGBMVSDL_DONE
