30/143
/mnt/storage/private/work_hsy/probe_artifacts/phase1_pregate.py:49: FutureWarning: The default fill_method='pad' in Series.pct_change is deprecated and will be removed in a future version. Either fill in any non-leading NA values prior to calling pct_change or specify 'fill_method=None' to not fill NA values.
  F[f"chop_{tag}"] = rng_.rolling(w,min_periods=w//3).sum()/ (k.c.pct_change(w).abs()+1e-4)
/mnt/storage/private/work_hsy/probe_artifacts/phase1_pregate.py:49: FutureWarning: The default fill_method='pad' in Series.pct_change is deprecated and will be removed in a future version. Either fill in any non-leading NA values prior to calling pct_change or specify 'fill_method=None' to not fill NA values.
  F[f"chop_{tag}"] = rng_.rolling(w,min_periods=w//3).sum()/ (k.c.pct_change(w).abs()+1e-4)
/mnt/storage/private/work_hsy/probe_artifacts/phase1_pregate.py:49: FutureWarning: The default fill_method='pad' in Series.pct_change is deprecated and will be removed in a future version. Either fill in any non-leading NA values prior to calling pct_change or specify 'fill_method=None' to not fill NA values.
  F[f"chop_{tag}"] = rng_.rolling(w,min_periods=w//3).sum()/ (k.c.pct_change(w).abs()+1e-4)
/mnt/storage/private/work_hsy/probe_artifacts/phase1_pregate.py:49: FutureWarning: The default fill_method='pad' in Series.pct_change is deprecated and will be removed in a future version. Either fill in any non-leading NA values prior to calling pct_change or specify 'fill_method=None' to not fill NA values.
  F[f"chop_{tag}"] = rng_.rolling(w,min_periods=w//3).sum()/ (k.c.pct_change(w).abs()+1e-4)
/mnt/storage/private/work_hsy/probe_artifacts/phase1_pregate.py:49: FutureWarning: The default fill_method='pad' in Series.pct_change is deprecated and will be removed in a future version. Either fill in any non-leading NA values prior to calling pct_change or specify 'fill_method=None' to not fill NA values.
  F[f"chop_{tag}"] = rng_.rolling(w,min_periods=w//3).sum()/ (k.c.pct_change(w).abs()+1e-4)
/mnt/storage/private/work_hsy/probe_artifacts/phase1_pregate.py:49: FutureWarning: The default fill_method='pad' in Series.pct_change is deprecated and will be removed in a future version. Either fill in any non-leading NA values prior to calling pct_change or specify 'fill_method=None' to not fill NA values.
  F[f"chop_{tag}"] = rng_.rolling(w,min_periods=w//3).sum()/ (k.c.pct_change(w).abs()+1e-4)
/mnt/storage/private/work_hsy/probe_artifacts/phase1_pregate.py:49: FutureWarning: The default fill_method='pad' in Series.pct_change is deprecated and will be removed in a future version. Either fill in any non-leading NA values prior to calling pct_change or specify 'fill_method=None' to not fill NA values.
  F[f"chop_{tag}"] = rng_.rolling(w,min_periods=w//3).sum()/ (k.c.pct_change(w).abs()+1e-4)
/mnt/storage/private/work_hsy/probe_artifacts/phase1_pregate.py:49: FutureWarning: The default fill_method='pad' in Series.pct_change is deprecated and will be removed in a future version. Either fill in any non-leading NA values prior to calling pct_change or specify 'fill_method=None' to not fill NA values.
  F[f"chop_{tag}"] = rng_.rolling(w,min_periods=w//3).sum()/ (k.c.pct_change(w).abs()+1e-4)
/mnt/storage/private/work_hsy/probe_artifacts/phase1_pregate.py:49: FutureWarning: The default fill_method='pad' in Series.pct_change is deprecated and will be removed in a future version. Either fill in any non-leading NA values prior to calling pct_change or specify 'fill_method=None' to not fill NA values.
  F[f"chop_{tag}"] = rng_.rolling(w,min_periods=w//3).sum()/ (k.c.pct_change(w).abs()+1e-4)
/mnt/storage/private/work_hsy/probe_artifacts/phase1_pregate.py:49: FutureWarning: The default fill_method='pad' in Series.pct_change is deprecated and will be removed in a future version. Either fill in any non-leading NA values prior to calling pct_change or specify 'fill_method=None' to not fill NA values.
  F[f"chop_{tag}"] = rng_.rolling(w,min_periods=w//3).sum()/ (k.c.pct_change(w).abs()+1e-4)
/mnt/storage/private/work_hsy/probe_artifacts/phase1_pregate.py:67: FutureWarning: The default fill_method='pad' in Series.pct_change is deprecated and will be removed in a future version. Either fill in any non-leading NA values prior to calling pct_change or specify 'fill_method=None' to not fill NA values.
  F["oi_px_div"] = doi.rolling(288,min_periods=96).sum()*np.sign(-k.c.pct_change(288))
/mnt/storage/private/work_hsy/probe_artifacts/phase1_pregate.py:67: FutureWarning: The default fill_method='pad' in Series.pct_change is deprecated and will be removed in a future version. Either fill in any non-leading NA values prior to calling pct_change or specify 'fill_method=None' to not fill NA values.
  F["oi_px_div"] = doi.rolling(288,min_periods=96).sum()*np.sign(-k.c.pct_change(288))
/mnt/storage/private/work_hsy/probe_artifacts/phase1_pregate.py:49: FutureWarning: The default fill_method='pad' in Series.pct_change is deprecated and will be removed in a future version. Either fill in any non-leading NA values prior to calling pct_change or specify 'fill_method=None' to not fill NA values.
  F[f"chop_{tag}"] = rng_.rolling(w,min_periods=w//3).sum()/ (k.c.pct_change(w).abs()+1e-4)
/mnt/storage/private/work_hsy/probe_artifacts/phase1_pregate.py:49: FutureWarning: The default fill_method='pad' in Series.pct_change is deprecated and will be removed in a future version. Either fill in any non-leading NA values prior to calling pct_change or specify 'fill_method=None' to not fill NA values.
  F[f"chop_{tag}"] = rng_.rolling(w,min_periods=w//3).sum()/ (k.c.pct_change(w).abs()+1e-4)
/mnt/storage/private/work_hsy/probe_artifacts/phase1_pregate.py:67: FutureWarning: The default fill_method='pad' in Series.pct_change is deprecated and will be removed in a future version. Either fill in any non-leading NA values prior to calling pct_change or specify 'fill_method=None' to not fill NA values.
  F["oi_px_div"] = doi.rolling(288,min_periods=96).sum()*np.sign(-k.c.pct_change(288))
/mnt/storage/private/work_hsy/probe_artifacts/phase1_pregate.py:49: FutureWarning: The default fill_method='pad' in Series.pct_change is deprecated and will be removed in a future version. Either fill in any non-leading NA values prior to calling pct_change or specify 'fill_method=None' to not fill NA values.
  F[f"chop_{tag}"] = rng_.rolling(w,min_periods=w//3).sum()/ (k.c.pct_change(w).abs()+1e-4)
/mnt/storage/private/work_hsy/probe_artifacts/phase1_pregate.py:49: FutureWarning: The default fill_method='pad' in Series.pct_change is deprecated and will be removed in a future version. Either fill in any non-leading NA values prior to calling pct_change or specify 'fill_method=None' to not fill NA values.
  F[f"chop_{tag}"] = rng_.rolling(w,min_periods=w//3).sum()/ (k.c.pct_change(w).abs()+1e-4)
/mnt/storage/private/work_hsy/probe_artifacts/phase1_pregate.py:49: FutureWarning: The default fill_method='pad' in Series.pct_change is deprecated and will be removed in a future version. Either fill in any non-leading NA values prior to calling pct_change or specify 'fill_method=None' to not fill NA values.
  F[f"chop_{tag}"] = rng_.rolling(w,min_periods=w//3).sum()/ (k.c.pct_change(w).abs()+1e-4)
/mnt/storage/private/work_hsy/probe_artifacts/phase1_pregate.py:49: FutureWarning: The default fill_method='pad' in Series.pct_change is deprecated and will be removed in a future version. Either fill in any non-leading NA values prior to calling pct_change or specify 'fill_method=None' to not fill NA values.
  F[f"chop_{tag}"] = rng_.rolling(w,min_periods=w//3).sum()/ (k.c.pct_change(w).abs()+1e-4)
/mnt/storage/private/work_hsy/probe_artifacts/phase1_pregate.py:67: FutureWarning: The default fill_method='pad' in Series.pct_change is deprecated and will be removed in a future version. Either fill in any non-leading NA values prior to calling pct_change or specify 'fill_method=None' to not fill NA values.
  F["oi_px_div"] = doi.rolling(288,min_periods=96).sum()*np.sign(-k.c.pct_change(288))
/mnt/storage/private/work_hsy/probe_artifacts/phase1_pregate.py:67: FutureWarning: The default fill_method='pad' in Series.pct_change is deprecated and will be removed in a future version. Either fill in any non-leading NA values prior to calling pct_change or specify 'fill_method=None' to not fill NA values.
  F["oi_px_div"] = doi.rolling(288,min_periods=96).sum()*np.sign(-k.c.pct_change(288))
/mnt/storage/private/work_hsy/probe_artifacts/phase1_pregate.py:49: FutureWarning: The default fill_method='pad' in Series.pct_change is deprecated and will be removed in a future version. Either fill in any non-leading NA values prior to calling pct_change or specify 'fill_method=None' to not fill NA values.
  F[f"chop_{tag}"] = rng_.rolling(w,min_periods=w//3).sum()/ (k.c.pct_change(w).abs()+1e-4)
/mnt/storage/private/work_hsy/probe_artifacts/phase1_pregate.py:49: FutureWarning: The default fill_method='pad' in Series.pct_change is deprecated and will be removed in a future version. Either fill in any non-leading NA values prior to calling pct_change or specify 'fill_method=None' to not fill NA values.
  F[f"chop_{tag}"] = rng_.rolling(w,min_periods=w//3).sum()/ (k.c.pct_change(w).abs()+1e-4)
/mnt/storage/private/work_hsy/probe_artifacts/phase1_pregate.py:67: FutureWarning: The default fill_method='pad' in Series.pct_change is deprecated and will be removed in a future version. Either fill in any non-leading NA values prior to calling pct_change or specify 'fill_method=None' to not fill NA values.
  F["oi_px_div"] = doi.rolling(288,min_periods=96).sum()*np.sign(-k.c.pct_change(288))
60/143
/mnt/storage/private/work_hsy/probe_artifacts/phase1_pregate.py:67: FutureWarning: The default fill_method='pad' in Series.pct_change is deprecated and will be removed in a future version. Either fill in any non-leading NA values prior to calling pct_change or specify 'fill_method=None' to not fill NA values.
  F["oi_px_div"] = doi.rolling(288,min_periods=96).sum()*np.sign(-k.c.pct_change(288))
/mnt/storage/private/work_hsy/probe_artifacts/phase1_pregate.py:67: FutureWarning: The default fill_method='pad' in Series.pct_change is deprecated and will be removed in a future version. Either fill in any non-leading NA values prior to calling pct_change or specify 'fill_method=None' to not fill NA values.
  F["oi_px_div"] = doi.rolling(288,min_periods=96).sum()*np.sign(-k.c.pct_change(288))
/mnt/storage/private/work_hsy/probe_artifacts/phase1_pregate.py:49: FutureWarning: The default fill_method='pad' in Series.pct_change is deprecated and will be removed in a future version. Either fill in any non-leading NA values prior to calling pct_change or specify 'fill_method=None' to not fill NA values.
  F[f"chop_{tag}"] = rng_.rolling(w,min_periods=w//3).sum()/ (k.c.pct_change(w).abs()+1e-4)
/mnt/storage/private/work_hsy/probe_artifacts/phase1_pregate.py:49: FutureWarning: The default fill_method='pad' in Series.pct_change is deprecated and will be removed in a future version. Either fill in any non-leading NA values prior to calling pct_change or specify 'fill_method=None' to not fill NA values.
  F[f"chop_{tag}"] = rng_.rolling(w,min_periods=w//3).sum()/ (k.c.pct_change(w).abs()+1e-4)
/mnt/storage/private/work_hsy/probe_artifacts/phase1_pregate.py:49: FutureWarning: The default fill_method='pad' in Series.pct_change is deprecated and will be removed in a future version. Either fill in any non-leading NA values prior to calling pct_change or specify 'fill_method=None' to not fill NA values.
  F[f"chop_{tag}"] = rng_.rolling(w,min_periods=w//3).sum()/ (k.c.pct_change(w).abs()+1e-4)
/mnt/storage/private/work_hsy/probe_artifacts/phase1_pregate.py:67: FutureWarning: The default fill_method='pad' in Series.pct_change is deprecated and will be removed in a future version. Either fill in any non-leading NA values prior to calling pct_change or specify 'fill_method=None' to not fill NA values.
  F["oi_px_div"] = doi.rolling(288,min_periods=96).sum()*np.sign(-k.c.pct_change(288))
/mnt/storage/private/work_hsy/probe_artifacts/phase1_pregate.py:49: FutureWarning: The default fill_method='pad' in Series.pct_change is deprecated and will be removed in a future version. Either fill in any non-leading NA values prior to calling pct_change or specify 'fill_method=None' to not fill NA values.
  F[f"chop_{tag}"] = rng_.rolling(w,min_periods=w//3).sum()/ (k.c.pct_change(w).abs()+1e-4)
/mnt/storage/private/work_hsy/probe_artifacts/phase1_pregate.py:49: FutureWarning: The default fill_method='pad' in Series.pct_change is deprecated and will be removed in a future version. Either fill in any non-leading NA values prior to calling pct_change or specify 'fill_method=None' to not fill NA values.
  F[f"chop_{tag}"] = rng_.rolling(w,min_periods=w//3).sum()/ (k.c.pct_change(w).abs()+1e-4)
/mnt/storage/private/work_hsy/probe_artifacts/phase1_pregate.py:49: FutureWarning: The default fill_method='pad' in Series.pct_change is deprecated and will be removed in a future version. Either fill in any non-leading NA values prior to calling pct_change or specify 'fill_method=None' to not fill NA values.
  F[f"chop_{tag}"] = rng_.rolling(w,min_periods=w//3).sum()/ (k.c.pct_change(w).abs()+1e-4)
/mnt/storage/private/work_hsy/probe_artifacts/phase1_pregate.py:49: FutureWarning: The default fill_method='pad' in Series.pct_change is deprecated and will be removed in a future version. Either fill in any non-leading NA values prior to calling pct_change or specify 'fill_method=None' to not fill NA values.
  F[f"chop_{tag}"] = rng_.rolling(w,min_periods=w//3).sum()/ (k.c.pct_change(w).abs()+1e-4)
/mnt/storage/private/work_hsy/probe_artifacts/phase1_pregate.py:49: FutureWarning: The default fill_method='pad' in Series.pct_change is deprecated and will be removed in a future version. Either fill in any non-leading NA values prior to calling pct_change or specify 'fill_method=None' to not fill NA values.
  F[f"chop_{tag}"] = rng_.rolling(w,min_periods=w//3).sum()/ (k.c.pct_change(w).abs()+1e-4)
/mnt/storage/private/work_hsy/probe_artifacts/phase1_pregate.py:67: FutureWarning: The default fill_method='pad' in Series.pct_change is deprecated and will be removed in a future version. Either fill in any non-leading NA values prior to calling pct_change or specify 'fill_method=None' to not fill NA values.
  F["oi_px_div"] = doi.rolling(288,min_periods=96).sum()*np.sign(-k.c.pct_change(288))
/mnt/storage/private/work_hsy/probe_artifacts/phase1_pregate.py:67: FutureWarning: The default fill_method='pad' in Series.pct_change is deprecated and will be removed in a future version. Either fill in any non-leading NA values prior to calling pct_change or specify 'fill_method=None' to not fill NA values.
  F["oi_px_div"] = doi.rolling(288,min_periods=96).sum()*np.sign(-k.c.pct_change(288))
/mnt/storage/private/work_hsy/probe_artifacts/phase1_pregate.py:49: FutureWarning: The default fill_method='pad' in Series.pct_change is deprecated and will be removed in a future version. Either fill in any non-leading NA values prior to calling pct_change or specify 'fill_method=None' to not fill NA values.
  F[f"chop_{tag}"] = rng_.rolling(w,min_periods=w//3).sum()/ (k.c.pct_change(w).abs()+1e-4)
/mnt/storage/private/work_hsy/probe_artifacts/phase1_pregate.py:49: FutureWarning: The default fill_method='pad' in Series.pct_change is deprecated and will be removed in a future version. Either fill in any non-leading NA values prior to calling pct_change or specify 'fill_method=None' to not fill NA values.
  F[f"chop_{tag}"] = rng_.rolling(w,min_periods=w//3).sum()/ (k.c.pct_change(w).abs()+1e-4)
/mnt/storage/private/work_hsy/probe_artifacts/phase1_pregate.py:67: FutureWarning: The default fill_method='pad' in Series.pct_change is deprecated and will be removed in a future version. Either fill in any non-leading NA values prior to calling pct_change or specify 'fill_method=None' to not fill NA values.
  F["oi_px_div"] = doi.rolling(288,min_periods=96).sum()*np.sign(-k.c.pct_change(288))
/mnt/storage/private/work_hsy/probe_artifacts/phase1_pregate.py:49: FutureWarning: The default fill_method='pad' in Series.pct_change is deprecated and will be removed in a future version. Either fill in any non-leading NA values prior to calling pct_change or specify 'fill_method=None' to not fill NA values.
  F[f"chop_{tag}"] = rng_.rolling(w,min_periods=w//3).sum()/ (k.c.pct_change(w).abs()+1e-4)
/mnt/storage/private/work_hsy/probe_artifacts/phase1_pregate.py:49: FutureWarning: The default fill_method='pad' in Series.pct_change is deprecated and will be removed in a future version. Either fill in any non-leading NA values prior to calling pct_change or specify 'fill_method=None' to not fill NA values.
  F[f"chop_{tag}"] = rng_.rolling(w,min_periods=w//3).sum()/ (k.c.pct_change(w).abs()+1e-4)
/mnt/storage/private/work_hsy/probe_artifacts/phase1_pregate.py:67: FutureWarning: The default fill_method='pad' in Series.pct_change is deprecated and will be removed in a future version. Either fill in any non-leading NA values prior to calling pct_change or specify 'fill_method=None' to not fill NA values.
  F["oi_px_div"] = doi.rolling(288,min_periods=96).sum()*np.sign(-k.c.pct_change(288))
/mnt/storage/private/work_hsy/probe_artifacts/phase1_pregate.py:49: FutureWarning: The default fill_method='pad' in Series.pct_change is deprecated and will be removed in a future version. Either fill in any non-leading NA values prior to calling pct_change or specify 'fill_method=None' to not fill NA values.
  F[f"chop_{tag}"] = rng_.rolling(w,min_periods=w//3).sum()/ (k.c.pct_change(w).abs()+1e-4)
/mnt/storage/private/work_hsy/probe_artifacts/phase1_pregate.py:49: FutureWarning: The default fill_method='pad' in Series.pct_change is deprecated and will be removed in a future version. Either fill in any non-leading NA values prior to calling pct_change or specify 'fill_method=None' to not fill NA values.
  F[f"chop_{tag}"] = rng_.rolling(w,min_periods=w//3).sum()/ (k.c.pct_change(w).abs()+1e-4)
/mnt/storage/private/work_hsy/probe_artifacts/phase1_pregate.py:49: FutureWarning: The default fill_method='pad' in Series.pct_change is deprecated and will be removed in a future version. Either fill in any non-leading NA values prior to calling pct_change or specify 'fill_method=None' to not fill NA values.
  F[f"chop_{tag}"] = rng_.rolling(w,min_periods=w//3).sum()/ (k.c.pct_change(w).abs()+1e-4)
/mnt/storage/private/work_hsy/probe_artifacts/phase1_pregate.py:49: FutureWarning: The default fill_method='pad' in Series.pct_change is deprecated and will be removed in a future version. Either fill in any non-leading NA values prior to calling pct_change or specify 'fill_method=None' to not fill NA values.
  F[f"chop_{tag}"] = rng_.rolling(w,min_periods=w//3).sum()/ (k.c.pct_change(w).abs()+1e-4)
/mnt/storage/private/work_hsy/probe_artifacts/phase1_pregate.py:49: FutureWarning: The default fill_method='pad' in Series.pct_change is deprecated and will be removed in a future version. Either fill in any non-leading NA values prior to calling pct_change or specify 'fill_method=None' to not fill NA values.
  F[f"chop_{tag}"] = rng_.rolling(w,min_periods=w//3).sum()/ (k.c.pct_change(w).abs()+1e-4)
/mnt/storage/private/work_hsy/probe_artifacts/phase1_pregate.py:49: FutureWarning: The default fill_method='pad' in Series.pct_change is deprecated and will be removed in a future version. Either fill in any non-leading NA values prior to calling pct_change or specify 'fill_method=None' to not fill NA values.
  F[f"chop_{tag}"] = rng_.rolling(w,min_periods=w//3).sum()/ (k.c.pct_change(w).abs()+1e-4)
/mnt/storage/private/work_hsy/probe_artifacts/phase1_pregate.py:67: FutureWarning: The default fill_method='pad' in Series.pct_change is deprecated and will be removed in a future version. Either fill in any non-leading NA values prior to calling pct_change or specify 'fill_method=None' to not fill NA values.
  F["oi_px_div"] = doi.rolling(288,min_periods=96).sum()*np.sign(-k.c.pct_change(288))
/mnt/storage/private/work_hsy/probe_artifacts/phase1_pregate.py:67: FutureWarning: The default fill_method='pad' in Series.pct_change is deprecated and will be removed in a future version. Either fill in any non-leading NA values prior to calling pct_change or specify 'fill_method=None' to not fill NA values.
  F["oi_px_div"] = doi.rolling(288,min_periods=96).sum()*np.sign(-k.c.pct_change(288))
/mnt/storage/private/work_hsy/probe_artifacts/phase1_pregate.py:67: FutureWarning: The default fill_method='pad' in Series.pct_change is deprecated and will be removed in a future version. Either fill in any non-leading NA values prior to calling pct_change or specify 'fill_method=None' to not fill NA values.
  F["oi_px_div"] = doi.rolling(288,min_periods=96).sum()*np.sign(-k.c.pct_change(288))
/mnt/storage/private/work_hsy/probe_artifacts/phase1_pregate.py:67: FutureWarning: The default fill_method='pad' in Series.pct_change is deprecated and will be removed in a future version. Either fill in any non-leading NA values prior to calling pct_change or specify 'fill_method=None' to not fill NA values.
  F["oi_px_div"] = doi.rolling(288,min_periods=96).sum()*np.sign(-k.c.pct_change(288))
/mnt/storage/private/work_hsy/probe_artifacts/phase1_pregate.py:49: FutureWarning: The default fill_method='pad' in Series.pct_change is deprecated and will be removed in a future version. Either fill in any non-leading NA values prior to calling pct_change or specify 'fill_method=None' to not fill NA values.
  F[f"chop_{tag}"] = rng_.rolling(w,min_periods=w//3).sum()/ (k.c.pct_change(w).abs()+1e-4)
/mnt/storage/private/work_hsy/probe_artifacts/phase1_pregate.py:49: FutureWarning: The default fill_method='pad' in Series.pct_change is deprecated and will be removed in a future version. Either fill in any non-leading NA values prior to calling pct_change or specify 'fill_method=None' to not fill NA values.
  F[f"chop_{tag}"] = rng_.rolling(w,min_periods=w//3).sum()/ (k.c.pct_change(w).abs()+1e-4)
/mnt/storage/private/work_hsy/probe_artifacts/phase1_pregate.py:67: FutureWarning: The default fill_method='pad' in Series.pct_change is deprecated and will be removed in a future version. Either fill in any non-leading NA values prior to calling pct_change or specify 'fill_method=None' to not fill NA values.
  F["oi_px_div"] = doi.rolling(288,min_periods=96).sum()*np.sign(-k.c.pct_change(288))
/mnt/storage/private/work_hsy/probe_artifacts/phase1_pregate.py:67: FutureWarning: The default fill_method='pad' in Series.pct_change is deprecated and will be removed in a future version. Either fill in any non-leading NA values prior to calling pct_change or specify 'fill_method=None' to not fill NA values.
  F["oi_px_div"] = doi.rolling(288,min_periods=96).sum()*np.sign(-k.c.pct_change(288))
90/143
/mnt/storage/private/work_hsy/probe_artifacts/phase1_pregate.py:49: FutureWarning: The default fill_method='pad' in Series.pct_change is deprecated and will be removed in a future version. Either fill in any non-leading NA values prior to calling pct_change or specify 'fill_method=None' to not fill NA values.
  F[f"chop_{tag}"] = rng_.rolling(w,min_periods=w//3).sum()/ (k.c.pct_change(w).abs()+1e-4)
/mnt/storage/private/work_hsy/probe_artifacts/phase1_pregate.py:49: FutureWarning: The default fill_method='pad' in Series.pct_change is deprecated and will be removed in a future version. Either fill in any non-leading NA values prior to calling pct_change or specify 'fill_method=None' to not fill NA values.
  F[f"chop_{tag}"] = rng_.rolling(w,min_periods=w//3).sum()/ (k.c.pct_change(w).abs()+1e-4)
/mnt/storage/private/work_hsy/probe_artifacts/phase1_pregate.py:49: FutureWarning: The default fill_method='pad' in Series.pct_change is deprecated and will be removed in a future version. Either fill in any non-leading NA values prior to calling pct_change or specify 'fill_method=None' to not fill NA values.
  F[f"chop_{tag}"] = rng_.rolling(w,min_periods=w//3).sum()/ (k.c.pct_change(w).abs()+1e-4)
/mnt/storage/private/work_hsy/probe_artifacts/phase1_pregate.py:49: FutureWarning: The default fill_method='pad' in Series.pct_change is deprecated and will be removed in a future version. Either fill in any non-leading NA values prior to calling pct_change or specify 'fill_method=None' to not fill NA values.
  F[f"chop_{tag}"] = rng_.rolling(w,min_periods=w//3).sum()/ (k.c.pct_change(w).abs()+1e-4)
/mnt/storage/private/work_hsy/probe_artifacts/phase1_pregate.py:49: FutureWarning: The default fill_method='pad' in Series.pct_change is deprecated and will be removed in a future version. Either fill in any non-leading NA values prior to calling pct_change or specify 'fill_method=None' to not fill NA values.
  F[f"chop_{tag}"] = rng_.rolling(w,min_periods=w//3).sum()/ (k.c.pct_change(w).abs()+1e-4)
/mnt/storage/private/work_hsy/probe_artifacts/phase1_pregate.py:49: FutureWarning: The default fill_method='pad' in Series.pct_change is deprecated and will be removed in a future version. Either fill in any non-leading NA values prior to calling pct_change or specify 'fill_method=None' to not fill NA values.
  F[f"chop_{tag}"] = rng_.rolling(w,min_periods=w//3).sum()/ (k.c.pct_change(w).abs()+1e-4)
/mnt/storage/private/work_hsy/probe_artifacts/phase1_pregate.py:49: FutureWarning: The default fill_method='pad' in Series.pct_change is deprecated and will be removed in a future version. Either fill in any non-leading NA values prior to calling pct_change or specify 'fill_method=None' to not fill NA values.
  F[f"chop_{tag}"] = rng_.rolling(w,min_periods=w//3).sum()/ (k.c.pct_change(w).abs()+1e-4)
/mnt/storage/private/work_hsy/probe_artifacts/phase1_pregate.py:49: FutureWarning: The default fill_method='pad' in Series.pct_change is deprecated and will be removed in a future version. Either fill in any non-leading NA values prior to calling pct_change or specify 'fill_method=None' to not fill NA values.
  F[f"chop_{tag}"] = rng_.rolling(w,min_periods=w//3).sum()/ (k.c.pct_change(w).abs()+1e-4)
/mnt/storage/private/work_hsy/probe_artifacts/phase1_pregate.py:67: FutureWarning: The default fill_method='pad' in Series.pct_change is deprecated and will be removed in a future version. Either fill in any non-leading NA values prior to calling pct_change or specify 'fill_method=None' to not fill NA values.
  F["oi_px_div"] = doi.rolling(288,min_periods=96).sum()*np.sign(-k.c.pct_change(288))
/mnt/storage/private/work_hsy/probe_artifacts/phase1_pregate.py:67: FutureWarning: The default fill_method='pad' in Series.pct_change is deprecated and will be removed in a future version. Either fill in any non-leading NA values prior to calling pct_change or specify 'fill_method=None' to not fill NA values.
  F["oi_px_div"] = doi.rolling(288,min_periods=96).sum()*np.sign(-k.c.pct_change(288))
/mnt/storage/private/work_hsy/probe_artifacts/phase1_pregate.py:67: FutureWarning: The default fill_method='pad' in Series.pct_change is deprecated and will be removed in a future version. Either fill in any non-leading NA values prior to calling pct_change or specify 'fill_method=None' to not fill NA values.
  F["oi_px_div"] = doi.rolling(288,min_periods=96).sum()*np.sign(-k.c.pct_change(288))
/mnt/storage/private/work_hsy/probe_artifacts/phase1_pregate.py:67: FutureWarning: The default fill_method='pad' in Series.pct_change is deprecated and will be removed in a future version. Either fill in any non-leading NA values prior to calling pct_change or specify 'fill_method=None' to not fill NA values.
  F["oi_px_div"] = doi.rolling(288,min_periods=96).sum()*np.sign(-k.c.pct_change(288))
/mnt/storage/private/work_hsy/probe_artifacts/phase1_pregate.py:49: FutureWarning: The default fill_method='pad' in Series.pct_change is deprecated and will be removed in a future version. Either fill in any non-leading NA values prior to calling pct_change or specify 'fill_method=None' to not fill NA values.
  F[f"chop_{tag}"] = rng_.rolling(w,min_periods=w//3).sum()/ (k.c.pct_change(w).abs()+1e-4)
/mnt/storage/private/work_hsy/probe_artifacts/phase1_pregate.py:49: FutureWarning: The default fill_method='pad' in Series.pct_change is deprecated and will be removed in a future version. Either fill in any non-leading NA values prior to calling pct_change or specify 'fill_method=None' to not fill NA values.
  F[f"chop_{tag}"] = rng_.rolling(w,min_periods=w//3).sum()/ (k.c.pct_change(w).abs()+1e-4)
/mnt/storage/private/work_hsy/probe_artifacts/phase1_pregate.py:49: FutureWarning: The default fill_method='pad' in Series.pct_change is deprecated and will be removed in a future version. Either fill in any non-leading NA values prior to calling pct_change or specify 'fill_method=None' to not fill NA values.
  F[f"chop_{tag}"] = rng_.rolling(w,min_periods=w//3).sum()/ (k.c.pct_change(w).abs()+1e-4)
/mnt/storage/private/work_hsy/probe_artifacts/phase1_pregate.py:49: FutureWarning: The default fill_method='pad' in Series.pct_change is deprecated and will be removed in a future version. Either fill in any non-leading NA values prior to calling pct_change or specify 'fill_method=None' to not fill NA values.
  F[f"chop_{tag}"] = rng_.rolling(w,min_periods=w//3).sum()/ (k.c.pct_change(w).abs()+1e-4)
/mnt/storage/private/work_hsy/probe_artifacts/phase1_pregate.py:49: FutureWarning: The default fill_method='pad' in Series.pct_change is deprecated and will be removed in a future version. Either fill in any non-leading NA values prior to calling pct_change or specify 'fill_method=None' to not fill NA values.
  F[f"chop_{tag}"] = rng_.rolling(w,min_periods=w//3).sum()/ (k.c.pct_change(w).abs()+1e-4)
/mnt/storage/private/work_hsy/probe_artifacts/phase1_pregate.py:49: FutureWarning: The default fill_method='pad' in Series.pct_change is deprecated and will be removed in a future version. Either fill in any non-leading NA values prior to calling pct_change or specify 'fill_method=None' to not fill NA values.
  F[f"chop_{tag}"] = rng_.rolling(w,min_periods=w//3).sum()/ (k.c.pct_change(w).abs()+1e-4)
/mnt/storage/private/work_hsy/probe_artifacts/phase1_pregate.py:67: FutureWarning: The default fill_method='pad' in Series.pct_change is deprecated and will be removed in a future version. Either fill in any non-leading NA values prior to calling pct_change or specify 'fill_method=None' to not fill NA values.
  F["oi_px_div"] = doi.rolling(288,min_periods=96).sum()*np.sign(-k.c.pct_change(288))
/mnt/storage/private/work_hsy/probe_artifacts/phase1_pregate.py:67: FutureWarning: The default fill_method='pad' in Series.pct_change is deprecated and will be removed in a future version. Either fill in any non-leading NA values prior to calling pct_change or specify 'fill_method=None' to not fill NA values.
  F["oi_px_div"] = doi.rolling(288,min_periods=96).sum()*np.sign(-k.c.pct_change(288))
/mnt/storage/private/work_hsy/probe_artifacts/phase1_pregate.py:49: FutureWarning: The default fill_method='pad' in Series.pct_change is deprecated and will be removed in a future version. Either fill in any non-leading NA values prior to calling pct_change or specify 'fill_method=None' to not fill NA values.
  F[f"chop_{tag}"] = rng_.rolling(w,min_periods=w//3).sum()/ (k.c.pct_change(w).abs()+1e-4)
/mnt/storage/private/work_hsy/probe_artifacts/phase1_pregate.py:49: FutureWarning: The default fill_method='pad' in Series.pct_change is deprecated and will be removed in a future version. Either fill in any non-leading NA values prior to calling pct_change or specify 'fill_method=None' to not fill NA values.
  F[f"chop_{tag}"] = rng_.rolling(w,min_periods=w//3).sum()/ (k.c.pct_change(w).abs()+1e-4)
/mnt/storage/private/work_hsy/probe_artifacts/phase1_pregate.py:49: FutureWarning: The default fill_method='pad' in Series.pct_change is deprecated and will be removed in a future version. Either fill in any non-leading NA values prior to calling pct_change or specify 'fill_method=None' to not fill NA values.
  F[f"chop_{tag}"] = rng_.rolling(w,min_periods=w//3).sum()/ (k.c.pct_change(w).abs()+1e-4)
/mnt/storage/private/work_hsy/probe_artifacts/phase1_pregate.py:49: FutureWarning: The default fill_method='pad' in Series.pct_change is deprecated and will be removed in a future version. Either fill in any non-leading NA values prior to calling pct_change or specify 'fill_method=None' to not fill NA values.
  F[f"chop_{tag}"] = rng_.rolling(w,min_periods=w//3).sum()/ (k.c.pct_change(w).abs()+1e-4)
/mnt/storage/private/work_hsy/probe_artifacts/phase1_pregate.py:67: FutureWarning: The default fill_method='pad' in Series.pct_change is deprecated and will be removed in a future version. Either fill in any non-leading NA values prior to calling pct_change or specify 'fill_method=None' to not fill NA values.
  F["oi_px_div"] = doi.rolling(288,min_periods=96).sum()*np.sign(-k.c.pct_change(288))
/mnt/storage/private/work_hsy/probe_artifacts/phase1_pregate.py:49: FutureWarning: The default fill_method='pad' in Series.pct_change is deprecated and will be removed in a future version. Either fill in any non-leading NA values prior to calling pct_change or specify 'fill_method=None' to not fill NA values.
  F[f"chop_{tag}"] = rng_.rolling(w,min_periods=w//3).sum()/ (k.c.pct_change(w).abs()+1e-4)
/mnt/storage/private/work_hsy/probe_artifacts/phase1_pregate.py:49: FutureWarning: The default fill_method='pad' in Series.pct_change is deprecated and will be removed in a future version. Either fill in any non-leading NA values prior to calling pct_change or specify 'fill_method=None' to not fill NA values.
  F[f"chop_{tag}"] = rng_.rolling(w,min_periods=w//3).sum()/ (k.c.pct_change(w).abs()+1e-4)
120/143
/mnt/storage/private/work_hsy/probe_artifacts/phase1_pregate.py:67: FutureWarning: The default fill_method='pad' in Series.pct_change is deprecated and will be removed in a future version. Either fill in any non-leading NA values prior to calling pct_change or specify 'fill_method=None' to not fill NA values.
  F["oi_px_div"] = doi.rolling(288,min_periods=96).sum()*np.sign(-k.c.pct_change(288))
/mnt/storage/private/work_hsy/probe_artifacts/phase1_pregate.py:49: FutureWarning: The default fill_method='pad' in Series.pct_change is deprecated and will be removed in a future version. Either fill in any non-leading NA values prior to calling pct_change or specify 'fill_method=None' to not fill NA values.
  F[f"chop_{tag}"] = rng_.rolling(w,min_periods=w//3).sum()/ (k.c.pct_change(w).abs()+1e-4)
/mnt/storage/private/work_hsy/probe_artifacts/phase1_pregate.py:49: FutureWarning: The default fill_method='pad' in Series.pct_change is deprecated and will be removed in a future version. Either fill in any non-leading NA values prior to calling pct_change or specify 'fill_method=None' to not fill NA values.
  F[f"chop_{tag}"] = rng_.rolling(w,min_periods=w//3).sum()/ (k.c.pct_change(w).abs()+1e-4)
/mnt/storage/private/work_hsy/probe_artifacts/phase1_pregate.py:67: FutureWarning: The default fill_method='pad' in Series.pct_change is deprecated and will be removed in a future version. Either fill in any non-leading NA values prior to calling pct_change or specify 'fill_method=None' to not fill NA values.
  F["oi_px_div"] = doi.rolling(288,min_periods=96).sum()*np.sign(-k.c.pct_change(288))
/mnt/storage/private/work_hsy/probe_artifacts/phase1_pregate.py:67: FutureWarning: The default fill_method='pad' in Series.pct_change is deprecated and will be removed in a future version. Either fill in any non-leading NA values prior to calling pct_change or specify 'fill_method=None' to not fill NA values.
  F["oi_px_div"] = doi.rolling(288,min_periods=96).sum()*np.sign(-k.c.pct_change(288))
/mnt/storage/private/work_hsy/probe_artifacts/phase1_pregate.py:49: FutureWarning: The default fill_method='pad' in Series.pct_change is deprecated and will be removed in a future version. Either fill in any non-leading NA values prior to calling pct_change or specify 'fill_method=None' to not fill NA values.
  F[f"chop_{tag}"] = rng_.rolling(w,min_periods=w//3).sum()/ (k.c.pct_change(w).abs()+1e-4)
/mnt/storage/private/work_hsy/probe_artifacts/phase1_pregate.py:49: FutureWarning: The default fill_method='pad' in Series.pct_change is deprecated and will be removed in a future version. Either fill in any non-leading NA values prior to calling pct_change or specify 'fill_method=None' to not fill NA values.
  F[f"chop_{tag}"] = rng_.rolling(w,min_periods=w//3).sum()/ (k.c.pct_change(w).abs()+1e-4)
/mnt/storage/private/work_hsy/probe_artifacts/phase1_pregate.py:49: FutureWarning: The default fill_method='pad' in Series.pct_change is deprecated and will be removed in a future version. Either fill in any non-leading NA values prior to calling pct_change or specify 'fill_method=None' to not fill NA values.
  F[f"chop_{tag}"] = rng_.rolling(w,min_periods=w//3).sum()/ (k.c.pct_change(w).abs()+1e-4)
/mnt/storage/private/work_hsy/probe_artifacts/phase1_pregate.py:49: FutureWarning: The default fill_method='pad' in Series.pct_change is deprecated and will be removed in a future version. Either fill in any non-leading NA values prior to calling pct_change or specify 'fill_method=None' to not fill NA values.
  F[f"chop_{tag}"] = rng_.rolling(w,min_periods=w//3).sum()/ (k.c.pct_change(w).abs()+1e-4)
/mnt/storage/private/work_hsy/probe_artifacts/phase1_pregate.py:49: FutureWarning: The default fill_method='pad' in Series.pct_change is deprecated and will be removed in a future version. Either fill in any non-leading NA values prior to calling pct_change or specify 'fill_method=None' to not fill NA values.
  F[f"chop_{tag}"] = rng_.rolling(w,min_periods=w//3).sum()/ (k.c.pct_change(w).abs()+1e-4)
/mnt/storage/private/work_hsy/probe_artifacts/phase1_pregate.py:49: FutureWarning: The default fill_method='pad' in Series.pct_change is deprecated and will be removed in a future version. Either fill in any non-leading NA values prior to calling pct_change or specify 'fill_method=None' to not fill NA values.
  F[f"chop_{tag}"] = rng_.rolling(w,min_periods=w//3).sum()/ (k.c.pct_change(w).abs()+1e-4)
/mnt/storage/private/work_hsy/probe_artifacts/phase1_pregate.py:49: FutureWarning: The default fill_method='pad' in Series.pct_change is deprecated and will be removed in a future version. Either fill in any non-leading NA values prior to calling pct_change or specify 'fill_method=None' to not fill NA values.
  F[f"chop_{tag}"] = rng_.rolling(w,min_periods=w//3).sum()/ (k.c.pct_change(w).abs()+1e-4)
/mnt/storage/private/work_hsy/probe_artifacts/phase1_pregate.py:49: FutureWarning: The default fill_method='pad' in Series.pct_change is deprecated and will be removed in a future version. Either fill in any non-leading NA values prior to calling pct_change or specify 'fill_method=None' to not fill NA values.
  F[f"chop_{tag}"] = rng_.rolling(w,min_periods=w//3).sum()/ (k.c.pct_change(w).abs()+1e-4)
/mnt/storage/private/work_hsy/probe_artifacts/phase1_pregate.py:67: FutureWarning: The default fill_method='pad' in Series.pct_change is deprecated and will be removed in a future version. Either fill in any non-leading NA values prior to calling pct_change or specify 'fill_method=None' to not fill NA values.
  F["oi_px_div"] = doi.rolling(288,min_periods=96).sum()*np.sign(-k.c.pct_change(288))
/mnt/storage/private/work_hsy/probe_artifacts/phase1_pregate.py:67: FutureWarning: The default fill_method='pad' in Series.pct_change is deprecated and will be removed in a future version. Either fill in any non-leading NA values prior to calling pct_change or specify 'fill_method=None' to not fill NA values.
  F["oi_px_div"] = doi.rolling(288,min_periods=96).sum()*np.sign(-k.c.pct_change(288))
/mnt/storage/private/work_hsy/probe_artifacts/phase1_pregate.py:67: FutureWarning: The default fill_method='pad' in Series.pct_change is deprecated and will be removed in a future version. Either fill in any non-leading NA values prior to calling pct_change or specify 'fill_method=None' to not fill NA values.
  F["oi_px_div"] = doi.rolling(288,min_periods=96).sum()*np.sign(-k.c.pct_change(288))
/mnt/storage/private/work_hsy/probe_artifacts/phase1_pregate.py:67: FutureWarning: The default fill_method='pad' in Series.pct_change is deprecated and will be removed in a future version. Either fill in any non-leading NA values prior to calling pct_change or specify 'fill_method=None' to not fill NA values.
  F["oi_px_div"] = doi.rolling(288,min_periods=96).sum()*np.sign(-k.c.pct_change(288))
/mnt/storage/private/work_hsy/probe_artifacts/phase1_pregate.py:67: FutureWarning: The default fill_method='pad' in Series.pct_change is deprecated and will be removed in a future version. Either fill in any non-leading NA values prior to calling pct_change or specify 'fill_method=None' to not fill NA values.
  F["oi_px_div"] = doi.rolling(288,min_periods=96).sum()*np.sign(-k.c.pct_change(288))
summaries built: 140 币 × 21 特征
2023: C +0.0336 base +0.0580 aug +0.0581
2024: C +0.0461 base +0.0639 aug +0.0636
2025: C +0.0585 base +0.0615 aug +0.0612
2026: C +0.0539 base +0.0676 aug +0.0656

阳性对照复原率 89% (无效, 下述不可判)
base(现32特征滞后栈) +0.0628 | aug(+新原料摘要21个) +0.0621 | Δ逐年 [0.0001, -0.0003, -0.0003, -0.0019] 均值 -0.0006
判: Δ<+0.002 ⇒ 默认不立项(摘要摸不到 ⇒ 只剩纯模式赌注)
PHASE1_DONE
