jobs=15158
1000/15158 ok=873 absent=127 retry=0
2000/15158 ok=1694 absent=307 retry=0
3000/15158 ok=2621 absent=384 retry=0
4000/15158 ok=3549 absent=451 retry=0
5000/15158 ok=4460 absent=540 retry=0
6000/15158 ok=5315 absent=685 retry=0
7000/15158 ok=6246 absent=754 retry=0
8000/15158 ok=7121 absent=879 retry=0
9000/15158 ok=7926 absent=1082 retry=0
10000/15158 ok=8683 absent=1317 retry=0
11000/15158 ok=9418 absent=1583 retry=0
12000/15158 ok=10345 absent=1655 retry=0
13000/15158 ok=11150 absent=1851 retry=0
14000/15158 ok=12022 absent=1979 retry=0
15000/15158 ok=12787 absent=2214 retry=0
FINAL ok=12787 absent=2371 retry=0
  1000BONKUSDT: 42 files 1000BONKUSDT-5m-2023-11.zip .. 1000BONKUSDT-5m-2026-08-09.zip
  1000FLOKIUSDT: 48 files 1000FLOKIUSDT-5m-2023-05.zip .. 1000FLOKIUSDT-5m-2026-08-09.zip
  1000LUNCUSDT: 56 files 1000LUNCUSDT-5m-2022-09.zip .. 1000LUNCUSDT-5m-2026-08-09.zip
  1000PEPEUSDT: 48 files 1000PEPEUSDT-5m-2023-05.zip .. 1000PEPEUSDT-5m-2026-08-09.zip
  1000RATSUSDT: 41 files 1000RATSUSDT-5m-2023-12.zip .. 1000RATSUSDT-5m-2026-08-09.zip
W4_DL_DONE
