symbols=143 grid=40369h
[QC BTCUSDT] 5m行 484415 join率 99.3% 瀑布率 5.12% thr中位 -13.98M f1_24中位 270.7M 非零f1_4占比 69.0%
20/142
40/142
/mnt/storage/private/work_hsy/probe_artifacts/w4_features.py:56: FutureWarning: The default fill_method='pad' in Series.pct_change is deprecated and will be removed in a future version. Either fill in any non-leading NA values prior to calling pct_change or specify 'fill_method=None' to not fill NA values.
  df["ret5"] = df.c.pct_change()
/mnt/storage/private/work_hsy/probe_artifacts/w4_features.py:72: FutureWarning: The default fill_method='pad' in Series.pct_change is deprecated and will be removed in a future version. Either fill in any non-leading NA values prior to calling pct_change or specify 'fill_method=None' to not fill NA values.
  F["ret24"] = df.c.pct_change(288)
/mnt/storage/private/work_hsy/probe_artifacts/w4_features.py:56: FutureWarning: The default fill_method='pad' in Series.pct_change is deprecated and will be removed in a future version. Either fill in any non-leading NA values prior to calling pct_change or specify 'fill_method=None' to not fill NA values.
  df["ret5"] = df.c.pct_change()
/mnt/storage/private/work_hsy/probe_artifacts/w4_features.py:72: FutureWarning: The default fill_method='pad' in Series.pct_change is deprecated and will be removed in a future version. Either fill in any non-leading NA values prior to calling pct_change or specify 'fill_method=None' to not fill NA values.
  F["ret24"] = df.c.pct_change(288)
/mnt/storage/private/work_hsy/probe_artifacts/w4_features.py:56: FutureWarning: The default fill_method='pad' in Series.pct_change is deprecated and will be removed in a future version. Either fill in any non-leading NA values prior to calling pct_change or specify 'fill_method=None' to not fill NA values.
  df["ret5"] = df.c.pct_change()
/mnt/storage/private/work_hsy/probe_artifacts/w4_features.py:72: FutureWarning: The default fill_method='pad' in Series.pct_change is deprecated and will be removed in a future version. Either fill in any non-leading NA values prior to calling pct_change or specify 'fill_method=None' to not fill NA values.
  F["ret24"] = df.c.pct_change(288)
/mnt/storage/private/work_hsy/probe_artifacts/w4_features.py:56: FutureWarning: The default fill_method='pad' in Series.pct_change is deprecated and will be removed in a future version. Either fill in any non-leading NA values prior to calling pct_change or specify 'fill_method=None' to not fill NA values.
  df["ret5"] = df.c.pct_change()
/mnt/storage/private/work_hsy/probe_artifacts/w4_features.py:72: FutureWarning: The default fill_method='pad' in Series.pct_change is deprecated and will be removed in a future version. Either fill in any non-leading NA values prior to calling pct_change or specify 'fill_method=None' to not fill NA values.
  F["ret24"] = df.c.pct_change(288)
/mnt/storage/private/work_hsy/probe_artifacts/w4_features.py:56: FutureWarning: The default fill_method='pad' in Series.pct_change is deprecated and will be removed in a future version. Either fill in any non-leading NA values prior to calling pct_change or specify 'fill_method=None' to not fill NA values.
  df["ret5"] = df.c.pct_change()
/mnt/storage/private/work_hsy/probe_artifacts/w4_features.py:72: FutureWarning: The default fill_method='pad' in Series.pct_change is deprecated and will be removed in a future version. Either fill in any non-leading NA values prior to calling pct_change or specify 'fill_method=None' to not fill NA values.
  F["ret24"] = df.c.pct_change(288)
/mnt/storage/private/work_hsy/probe_artifacts/w4_features.py:56: FutureWarning: The default fill_method='pad' in Series.pct_change is deprecated and will be removed in a future version. Either fill in any non-leading NA values prior to calling pct_change or specify 'fill_method=None' to not fill NA values.
  df["ret5"] = df.c.pct_change()
/mnt/storage/private/work_hsy/probe_artifacts/w4_features.py:72: FutureWarning: The default fill_method='pad' in Series.pct_change is deprecated and will be removed in a future version. Either fill in any non-leading NA values prior to calling pct_change or specify 'fill_method=None' to not fill NA values.
  F["ret24"] = df.c.pct_change(288)
/mnt/storage/private/work_hsy/probe_artifacts/w4_features.py:56: FutureWarning: The default fill_method='pad' in Series.pct_change is deprecated and will be removed in a future version. Either fill in any non-leading NA values prior to calling pct_change or specify 'fill_method=None' to not fill NA values.
  df["ret5"] = df.c.pct_change()
/mnt/storage/private/work_hsy/probe_artifacts/w4_features.py:72: FutureWarning: The default fill_method='pad' in Series.pct_change is deprecated and will be removed in a future version. Either fill in any non-leading NA values prior to calling pct_change or specify 'fill_method=None' to not fill NA values.
  F["ret24"] = df.c.pct_change(288)
60/142
/mnt/storage/private/work_hsy/probe_artifacts/w4_features.py:56: FutureWarning: The default fill_method='pad' in Series.pct_change is deprecated and will be removed in a future version. Either fill in any non-leading NA values prior to calling pct_change or specify 'fill_method=None' to not fill NA values.
  df["ret5"] = df.c.pct_change()
/mnt/storage/private/work_hsy/probe_artifacts/w4_features.py:72: FutureWarning: The default fill_method='pad' in Series.pct_change is deprecated and will be removed in a future version. Either fill in any non-leading NA values prior to calling pct_change or specify 'fill_method=None' to not fill NA values.
  F["ret24"] = df.c.pct_change(288)
/mnt/storage/private/work_hsy/probe_artifacts/w4_features.py:56: FutureWarning: The default fill_method='pad' in Series.pct_change is deprecated and will be removed in a future version. Either fill in any non-leading NA values prior to calling pct_change or specify 'fill_method=None' to not fill NA values.
  df["ret5"] = df.c.pct_change()
/mnt/storage/private/work_hsy/probe_artifacts/w4_features.py:72: FutureWarning: The default fill_method='pad' in Series.pct_change is deprecated and will be removed in a future version. Either fill in any non-leading NA values prior to calling pct_change or specify 'fill_method=None' to not fill NA values.
  F["ret24"] = df.c.pct_change(288)
/mnt/storage/private/work_hsy/probe_artifacts/w4_features.py:56: FutureWarning: The default fill_method='pad' in Series.pct_change is deprecated and will be removed in a future version. Either fill in any non-leading NA values prior to calling pct_change or specify 'fill_method=None' to not fill NA values.
  df["ret5"] = df.c.pct_change()
/mnt/storage/private/work_hsy/probe_artifacts/w4_features.py:72: FutureWarning: The default fill_method='pad' in Series.pct_change is deprecated and will be removed in a future version. Either fill in any non-leading NA values prior to calling pct_change or specify 'fill_method=None' to not fill NA values.
  F["ret24"] = df.c.pct_change(288)
/mnt/storage/private/work_hsy/probe_artifacts/w4_features.py:56: FutureWarning: The default fill_method='pad' in Series.pct_change is deprecated and will be removed in a future version. Either fill in any non-leading NA values prior to calling pct_change or specify 'fill_method=None' to not fill NA values.
  df["ret5"] = df.c.pct_change()
/mnt/storage/private/work_hsy/probe_artifacts/w4_features.py:72: FutureWarning: The default fill_method='pad' in Series.pct_change is deprecated and will be removed in a future version. Either fill in any non-leading NA values prior to calling pct_change or specify 'fill_method=None' to not fill NA values.
  F["ret24"] = df.c.pct_change(288)
/mnt/storage/private/work_hsy/probe_artifacts/w4_features.py:56: FutureWarning: The default fill_method='pad' in Series.pct_change is deprecated and will be removed in a future version. Either fill in any non-leading NA values prior to calling pct_change or specify 'fill_method=None' to not fill NA values.
  df["ret5"] = df.c.pct_change()
/mnt/storage/private/work_hsy/probe_artifacts/w4_features.py:72: FutureWarning: The default fill_method='pad' in Series.pct_change is deprecated and will be removed in a future version. Either fill in any non-leading NA values prior to calling pct_change or specify 'fill_method=None' to not fill NA values.
  F["ret24"] = df.c.pct_change(288)
/mnt/storage/private/work_hsy/probe_artifacts/w4_features.py:56: FutureWarning: The default fill_method='pad' in Series.pct_change is deprecated and will be removed in a future version. Either fill in any non-leading NA values prior to calling pct_change or specify 'fill_method=None' to not fill NA values.
  df["ret5"] = df.c.pct_change()
/mnt/storage/private/work_hsy/probe_artifacts/w4_features.py:72: FutureWarning: The default fill_method='pad' in Series.pct_change is deprecated and will be removed in a future version. Either fill in any non-leading NA values prior to calling pct_change or specify 'fill_method=None' to not fill NA values.
  F["ret24"] = df.c.pct_change(288)
/mnt/storage/private/work_hsy/probe_artifacts/w4_features.py:56: FutureWarning: The default fill_method='pad' in Series.pct_change is deprecated and will be removed in a future version. Either fill in any non-leading NA values prior to calling pct_change or specify 'fill_method=None' to not fill NA values.
  df["ret5"] = df.c.pct_change()
/mnt/storage/private/work_hsy/probe_artifacts/w4_features.py:72: FutureWarning: The default fill_method='pad' in Series.pct_change is deprecated and will be removed in a future version. Either fill in any non-leading NA values prior to calling pct_change or specify 'fill_method=None' to not fill NA values.
  F["ret24"] = df.c.pct_change(288)
/mnt/storage/private/work_hsy/probe_artifacts/w4_features.py:56: FutureWarning: The default fill_method='pad' in Series.pct_change is deprecated and will be removed in a future version. Either fill in any non-leading NA values prior to calling pct_change or specify 'fill_method=None' to not fill NA values.
  df["ret5"] = df.c.pct_change()
/mnt/storage/private/work_hsy/probe_artifacts/w4_features.py:72: FutureWarning: The default fill_method='pad' in Series.pct_change is deprecated and will be removed in a future version. Either fill in any non-leading NA values prior to calling pct_change or specify 'fill_method=None' to not fill NA values.
  F["ret24"] = df.c.pct_change(288)
80/142
/mnt/storage/private/work_hsy/probe_artifacts/w4_features.py:56: FutureWarning: The default fill_method='pad' in Series.pct_change is deprecated and will be removed in a future version. Either fill in any non-leading NA values prior to calling pct_change or specify 'fill_method=None' to not fill NA values.
  df["ret5"] = df.c.pct_change()
/mnt/storage/private/work_hsy/probe_artifacts/w4_features.py:72: FutureWarning: The default fill_method='pad' in Series.pct_change is deprecated and will be removed in a future version. Either fill in any non-leading NA values prior to calling pct_change or specify 'fill_method=None' to not fill NA values.
  F["ret24"] = df.c.pct_change(288)
/mnt/storage/private/work_hsy/probe_artifacts/w4_features.py:56: FutureWarning: The default fill_method='pad' in Series.pct_change is deprecated and will be removed in a future version. Either fill in any non-leading NA values prior to calling pct_change or specify 'fill_method=None' to not fill NA values.
  df["ret5"] = df.c.pct_change()
/mnt/storage/private/work_hsy/probe_artifacts/w4_features.py:72: FutureWarning: The default fill_method='pad' in Series.pct_change is deprecated and will be removed in a future version. Either fill in any non-leading NA values prior to calling pct_change or specify 'fill_method=None' to not fill NA values.
  F["ret24"] = df.c.pct_change(288)
/mnt/storage/private/work_hsy/probe_artifacts/w4_features.py:56: FutureWarning: The default fill_method='pad' in Series.pct_change is deprecated and will be removed in a future version. Either fill in any non-leading NA values prior to calling pct_change or specify 'fill_method=None' to not fill NA values.
  df["ret5"] = df.c.pct_change()
/mnt/storage/private/work_hsy/probe_artifacts/w4_features.py:72: FutureWarning: The default fill_method='pad' in Series.pct_change is deprecated and will be removed in a future version. Either fill in any non-leading NA values prior to calling pct_change or specify 'fill_method=None' to not fill NA values.
  F["ret24"] = df.c.pct_change(288)
/mnt/storage/private/work_hsy/probe_artifacts/w4_features.py:56: FutureWarning: The default fill_method='pad' in Series.pct_change is deprecated and will be removed in a future version. Either fill in any non-leading NA values prior to calling pct_change or specify 'fill_method=None' to not fill NA values.
  df["ret5"] = df.c.pct_change()
/mnt/storage/private/work_hsy/probe_artifacts/w4_features.py:72: FutureWarning: The default fill_method='pad' in Series.pct_change is deprecated and will be removed in a future version. Either fill in any non-leading NA values prior to calling pct_change or specify 'fill_method=None' to not fill NA values.
  F["ret24"] = df.c.pct_change(288)
100/142
/mnt/storage/private/work_hsy/probe_artifacts/w4_features.py:56: FutureWarning: The default fill_method='pad' in Series.pct_change is deprecated and will be removed in a future version. Either fill in any non-leading NA values prior to calling pct_change or specify 'fill_method=None' to not fill NA values.
  df["ret5"] = df.c.pct_change()
/mnt/storage/private/work_hsy/probe_artifacts/w4_features.py:72: FutureWarning: The default fill_method='pad' in Series.pct_change is deprecated and will be removed in a future version. Either fill in any non-leading NA values prior to calling pct_change or specify 'fill_method=None' to not fill NA values.
  F["ret24"] = df.c.pct_change(288)
/mnt/storage/private/work_hsy/probe_artifacts/w4_features.py:56: FutureWarning: The default fill_method='pad' in Series.pct_change is deprecated and will be removed in a future version. Either fill in any non-leading NA values prior to calling pct_change or specify 'fill_method=None' to not fill NA values.
  df["ret5"] = df.c.pct_change()
/mnt/storage/private/work_hsy/probe_artifacts/w4_features.py:72: FutureWarning: The default fill_method='pad' in Series.pct_change is deprecated and will be removed in a future version. Either fill in any non-leading NA values prior to calling pct_change or specify 'fill_method=None' to not fill NA values.
  F["ret24"] = df.c.pct_change(288)
/mnt/storage/private/work_hsy/probe_artifacts/w4_features.py:56: FutureWarning: The default fill_method='pad' in Series.pct_change is deprecated and will be removed in a future version. Either fill in any non-leading NA values prior to calling pct_change or specify 'fill_method=None' to not fill NA values.
  df["ret5"] = df.c.pct_change()
/mnt/storage/private/work_hsy/probe_artifacts/w4_features.py:72: FutureWarning: The default fill_method='pad' in Series.pct_change is deprecated and will be removed in a future version. Either fill in any non-leading NA values prior to calling pct_change or specify 'fill_method=None' to not fill NA values.
  F["ret24"] = df.c.pct_change(288)
/mnt/storage/private/work_hsy/probe_artifacts/w4_features.py:56: FutureWarning: The default fill_method='pad' in Series.pct_change is deprecated and will be removed in a future version. Either fill in any non-leading NA values prior to calling pct_change or specify 'fill_method=None' to not fill NA values.
  df["ret5"] = df.c.pct_change()
/mnt/storage/private/work_hsy/probe_artifacts/w4_features.py:72: FutureWarning: The default fill_method='pad' in Series.pct_change is deprecated and will be removed in a future version. Either fill in any non-leading NA values prior to calling pct_change or specify 'fill_method=None' to not fill NA values.
  F["ret24"] = df.c.pct_change(288)
/mnt/storage/private/work_hsy/probe_artifacts/w4_features.py:56: FutureWarning: The default fill_method='pad' in Series.pct_change is deprecated and will be removed in a future version. Either fill in any non-leading NA values prior to calling pct_change or specify 'fill_method=None' to not fill NA values.
  df["ret5"] = df.c.pct_change()
/mnt/storage/private/work_hsy/probe_artifacts/w4_features.py:72: FutureWarning: The default fill_method='pad' in Series.pct_change is deprecated and will be removed in a future version. Either fill in any non-leading NA values prior to calling pct_change or specify 'fill_method=None' to not fill NA values.
  F["ret24"] = df.c.pct_change(288)
/mnt/storage/private/work_hsy/probe_artifacts/w4_features.py:56: FutureWarning: The default fill_method='pad' in Series.pct_change is deprecated and will be removed in a future version. Either fill in any non-leading NA values prior to calling pct_change or specify 'fill_method=None' to not fill NA values.
  df["ret5"] = df.c.pct_change()
/mnt/storage/private/work_hsy/probe_artifacts/w4_features.py:72: FutureWarning: The default fill_method='pad' in Series.pct_change is deprecated and will be removed in a future version. Either fill in any non-leading NA values prior to calling pct_change or specify 'fill_method=None' to not fill NA values.
  F["ret24"] = df.c.pct_change(288)
/mnt/storage/private/work_hsy/probe_artifacts/w4_features.py:56: FutureWarning: The default fill_method='pad' in Series.pct_change is deprecated and will be removed in a future version. Either fill in any non-leading NA values prior to calling pct_change or specify 'fill_method=None' to not fill NA values.
  df["ret5"] = df.c.pct_change()
/mnt/storage/private/work_hsy/probe_artifacts/w4_features.py:72: FutureWarning: The default fill_method='pad' in Series.pct_change is deprecated and will be removed in a future version. Either fill in any non-leading NA values prior to calling pct_change or specify 'fill_method=None' to not fill NA values.
  F["ret24"] = df.c.pct_change(288)
120/142
/mnt/storage/private/work_hsy/probe_artifacts/w4_features.py:56: FutureWarning: The default fill_method='pad' in Series.pct_change is deprecated and will be removed in a future version. Either fill in any non-leading NA values prior to calling pct_change or specify 'fill_method=None' to not fill NA values.
  df["ret5"] = df.c.pct_change()
/mnt/storage/private/work_hsy/probe_artifacts/w4_features.py:72: FutureWarning: The default fill_method='pad' in Series.pct_change is deprecated and will be removed in a future version. Either fill in any non-leading NA values prior to calling pct_change or specify 'fill_method=None' to not fill NA values.
  F["ret24"] = df.c.pct_change(288)
/mnt/storage/private/work_hsy/probe_artifacts/w4_features.py:56: FutureWarning: The default fill_method='pad' in Series.pct_change is deprecated and will be removed in a future version. Either fill in any non-leading NA values prior to calling pct_change or specify 'fill_method=None' to not fill NA values.
  df["ret5"] = df.c.pct_change()
/mnt/storage/private/work_hsy/probe_artifacts/w4_features.py:72: FutureWarning: The default fill_method='pad' in Series.pct_change is deprecated and will be removed in a future version. Either fill in any non-leading NA values prior to calling pct_change or specify 'fill_method=None' to not fill NA values.
  F["ret24"] = df.c.pct_change(288)
/mnt/storage/private/work_hsy/probe_artifacts/w4_features.py:56: FutureWarning: The default fill_method='pad' in Series.pct_change is deprecated and will be removed in a future version. Either fill in any non-leading NA values prior to calling pct_change or specify 'fill_method=None' to not fill NA values.
  df["ret5"] = df.c.pct_change()
/mnt/storage/private/work_hsy/probe_artifacts/w4_features.py:72: FutureWarning: The default fill_method='pad' in Series.pct_change is deprecated and will be removed in a future version. Either fill in any non-leading NA values prior to calling pct_change or specify 'fill_method=None' to not fill NA values.
  F["ret24"] = df.c.pct_change(288)
/mnt/storage/private/work_hsy/probe_artifacts/w4_features.py:56: FutureWarning: The default fill_method='pad' in Series.pct_change is deprecated and will be removed in a future version. Either fill in any non-leading NA values prior to calling pct_change or specify 'fill_method=None' to not fill NA values.
  df["ret5"] = df.c.pct_change()
/mnt/storage/private/work_hsy/probe_artifacts/w4_features.py:72: FutureWarning: The default fill_method='pad' in Series.pct_change is deprecated and will be removed in a future version. Either fill in any non-leading NA values prior to calling pct_change or specify 'fill_method=None' to not fill NA values.
  F["ret24"] = df.c.pct_change(288)
/mnt/storage/private/work_hsy/probe_artifacts/w4_features.py:56: FutureWarning: The default fill_method='pad' in Series.pct_change is deprecated and will be removed in a future version. Either fill in any non-leading NA values prior to calling pct_change or specify 'fill_method=None' to not fill NA values.
  df["ret5"] = df.c.pct_change()
/mnt/storage/private/work_hsy/probe_artifacts/w4_features.py:56: FutureWarning: The default fill_method='pad' in Series.pct_change is deprecated and will be removed in a future version. Either fill in any non-leading NA values prior to calling pct_change or specify 'fill_method=None' to not fill NA values.
  df["ret5"] = df.c.pct_change()
/mnt/storage/private/work_hsy/probe_artifacts/w4_features.py:72: FutureWarning: The default fill_method='pad' in Series.pct_change is deprecated and will be removed in a future version. Either fill in any non-leading NA values prior to calling pct_change or specify 'fill_method=None' to not fill NA values.
  F["ret24"] = df.c.pct_change(288)
/mnt/storage/private/work_hsy/probe_artifacts/w4_features.py:72: FutureWarning: The default fill_method='pad' in Series.pct_change is deprecated and will be removed in a future version. Either fill in any non-leading NA values prior to calling pct_change or specify 'fill_method=None' to not fill NA values.
  F["ret24"] = df.c.pct_change(288)
/mnt/storage/private/work_hsy/probe_artifacts/w4_features.py:56: FutureWarning: The default fill_method='pad' in Series.pct_change is deprecated and will be removed in a future version. Either fill in any non-leading NA values prior to calling pct_change or specify 'fill_method=None' to not fill NA values.
  df["ret5"] = df.c.pct_change()
/mnt/storage/private/work_hsy/probe_artifacts/w4_features.py:72: FutureWarning: The default fill_method='pad' in Series.pct_change is deprecated and will be removed in a future version. Either fill in any non-leading NA values prior to calling pct_change or specify 'fill_method=None' to not fill NA values.
  F["ret24"] = df.c.pct_change(288)
/mnt/storage/private/work_hsy/probe_artifacts/w4_features.py:56: FutureWarning: The default fill_method='pad' in Series.pct_change is deprecated and will be removed in a future version. Either fill in any non-leading NA values prior to calling pct_change or specify 'fill_method=None' to not fill NA values.
  df["ret5"] = df.c.pct_change()
/mnt/storage/private/work_hsy/probe_artifacts/w4_features.py:72: FutureWarning: The default fill_method='pad' in Series.pct_change is deprecated and will be removed in a future version. Either fill in any non-leading NA values prior to calling pct_change or specify 'fill_method=None' to not fill NA values.
  F["ret24"] = df.c.pct_change(288)
140/142
saved /mnt/storage/private/work_hsy/quant_research_multi_asset/multi_asset/exports/w4_liq_proxy_v1.npz shape=(40369, 140, 7) symbols_ok=140/143
W4_FEATURES_DONE
