anchor→feature 行映射命中率 100.0% (必须>95%)
对齐偏移谱 corr(ret24_feat, panel_past24): {-2: 0.914, -1: 0.953, 0: 0.996, 1: 0.961, 2: 0.923}
== S1 筛 ==
/root/miniconda3/envs/hsy_v5push/lib/python3.13/site-packages/numpy/lib/_function_base_impl.py:3045: RuntimeWarning: invalid value encountered in divide
  c /= stddev[:, None]
/root/miniconda3/envs/hsy_v5push/lib/python3.13/site-packages/numpy/lib/_function_base_impl.py:3046: RuntimeWarning: invalid value encountered in divide
  c /= stddev[None, :]
  F1_4h: 平均Δic +0.0026 逐年[(2023, -0.1, 0.0055), (2024, -0.2, 0.0001), (2025, -0.1, 0.0011), (2026, -0.1, 0.0038)] maxLegCorr +0.18 fail
  F1_24h: 平均Δic +0.0028 逐年[(2023, -0.1, 0.0074), (2024, -0.2, -0.0005), (2025, -0.2, -0.0006), (2026, -0.1, 0.0048)] maxLegCorr +0.20 fail
/root/miniconda3/envs/hsy_v5push/lib/python3.13/site-packages/numpy/lib/_function_base_impl.py:3045: RuntimeWarning: invalid value encountered in divide
  c /= stddev[:, None]
/root/miniconda3/envs/hsy_v5push/lib/python3.13/site-packages/numpy/lib/_function_base_impl.py:3046: RuntimeWarning: invalid value encountered in divide
  c /= stddev[None, :]
  F2_4h: 平均Δic +0.0003 逐年[(2023, -0.05, 0.0009), (2024, -0.05, -0.0004), (2025, -0.05, 0.0001), (2026, -0.05, 0.0005)] maxLegCorr +0.08 fail
/root/miniconda3/envs/hsy_v5push/lib/python3.13/site-packages/numpy/lib/_function_base_impl.py:3045: RuntimeWarning: invalid value encountered in divide
  c /= stddev[:, None]
/root/miniconda3/envs/hsy_v5push/lib/python3.13/site-packages/numpy/lib/_function_base_impl.py:3046: RuntimeWarning: invalid value encountered in divide
  c /= stddev[None, :]
  F2_24h: 平均Δic +0.0007 逐年[(2023, -0.05, 0.0024), (2024, -0.05, -0.0006), (2025, -0.05, -0.0005), (2026, -0.05, 0.0015)] maxLegCorr +0.07 fail
  F3_recency: 平均Δic +0.0003 逐年[(2023, 0.05, 0.0007), (2024, 0.05, 0.0006), (2025, 0.05, -0.0004), (2026, 0.05, 0.0005)] maxLegCorr +0.08 fail
  F4_imbal: 平均Δic -0.0011 逐年[(2023, -0.05, -0.0021), (2024, 0.05, -0.0015), (2025, -0.05, -0.0003), (2026, -0.05, -0.0006)] maxLegCorr +0.03 fail
  F5_liq_x_ret: 平均Δic +0.0017 逐年[(2023, -0.05, 0.0033), (2024, -0.05, 0.0003), (2025, -0.05, 0.0009), (2026, -0.05, 0.0022)] maxLegCorr +0.11 fail

== S2 净(幸存者 0 个) ==
基线: 净 +1.154 夏普 +1.46
W4GATE1_DONE
