pgid=2319004 started=2026-09-23T18:02:21Z
18:02:43 base  1657065600 members=139 5.51s
18:02:53 all   1657065600 members=139 10.18s
18:02:58 last  1657065600 members=139 5.12s
   1657065600 D7_moves_row=0 all_vs_last X89=0 X82=0 king=0
18:03:04 base  1685520000 members=183 5.89s
18:03:17 all   1685520000 members=183 12.5s
18:03:22 last  1685520000 members=183 5.83s
   1685520000 D7_moves_row=181 all_vs_last X89=0 X82=0 king=0
18:03:28 base  1688097600 members=185 5.93s
18:03:41 all   1688097600 members=185 12.62s
18:03:47 last  1688097600 members=185 5.87s
   1688097600 D7_moves_row=0 all_vs_last X89=0 X82=0 king=0
18:03:54 base  1717200000 members=260 7.32s
18:04:11 all   1717200000 members=260 16.71s
18:04:18 last  1717200000 members=260 7.23s
   1717200000 D7_moves_row=0 all_vs_last X89=0 X82=0 king=0
18:04:27 base  1742428800 members=365 9.29s
18:04:50 all   1742428800 members=365 22.41s
18:04:59 last  1742428800 members=365 9.14s
   1742428800 D7_moves_row=363 all_vs_last X89=0 X82=0 king=0
18:05:09 base  1756684800 members=400 9.87s
18:05:33 all   1756684800 members=400 24.15s
18:05:43 last  1756684800 members=400 9.64s
   1756684800 D7_moves_row=0 all_vs_last X89=0 X82=0 king=0
18:05:52 base  1780272000 members=400 9.91s
18:06:17 all   1780272000 members=400 24.26s
18:06:26 last  1780272000 members=400 9.68s
   1780272000 D7_moves_row=0 all_vs_last X89=0 X82=0 king=0
18:06:36 base  1787961600 members=400 9.9s
18:07:01 all   1787961600 members=400 24.25s
18:07:10 last  1787961600 members=400 9.77s
   1787961600 D7_moves_row=0 all_vs_last X89=0 X82=0 king=0
NEWS2_D7_ROWS_GATE VERDICT=PASS ok=8 with_signal=2 median_all=19.56s median_last=8.19s receipt_sha256=0db2ff16eb5f4115c2827aa5135405bfe34e218c35e1e0b6e7d2b0267574bf15
D7ROWS_RC=0 finished=2026-09-23T18:07:11Z
