pgid=2314884 started=2026-09-23T17:24:12Z
17:24:33 base  1657065600 members=139 5.49s
17:24:43 all   1657065600 members=139 10.14s
17:24:48 last  1657065600 members=139 5.05s
   1657065600 D7_moves_row=0 all_vs_last X89=0 X82=0 king=0
17:24:54 base  1685520000 members=183 5.84s
17:25:06 all   1685520000 members=183 12.43s
17:25:12 last  1685520000 members=183 5.77s
   1685520000 D7_moves_row=181 all_vs_last X89=0 X82=0 king=0
17:25:18 base  1688097600 members=185 5.9s
17:25:30 all   1688097600 members=185 12.5s
17:25:36 last  1688097600 members=185 5.81s
   1688097600 D7_moves_row=0 all_vs_last X89=0 X82=0 king=0
17:25:44 base  1717200000 members=260 7.3s
17:26:00 all   1717200000 members=260 16.7s
17:26:08 last  1717200000 members=260 7.2s
   1717200000 D7_moves_row=0 all_vs_last X89=0 X82=0 king=0
17:26:17 base  1742428800 members=365 9.21s
17:26:39 all   1742428800 members=365 22.48s
17:26:48 last  1742428800 members=365 9.08s
   1742428800 D7_moves_row=363 all_vs_last X89=0 X82=0 king=0
17:26:58 base  1756684800 members=400 9.87s
17:27:22 all   1756684800 members=400 24.27s
17:27:32 last  1756684800 members=400 9.68s
   1756684800 D7_moves_row=0 all_vs_last X89=0 X82=0 king=0
17:27:42 base  1780272000 members=400 9.9s
17:28:07 all   1780272000 members=400 24.56s
17:28:16 last  1780272000 members=400 9.77s
   1780272000 D7_moves_row=0 all_vs_last X89=0 X82=0 king=0
17:28:26 base  1787961600 members=400 10.06s
17:28:51 all   1787961600 members=400 24.46s
17:29:01 last  1787961600 members=400 9.82s
   1787961600 D7_moves_row=0 all_vs_last X89=0 X82=0 king=0
NEWS2_D7_ROWS_GATE VERDICT=PASS ok=8 with_signal=2 median_all=19.59s median_last=8.14s receipt_sha256=7a6cec00b57e02d14f5c4daaf732e2154d41e3ed33a50050039b2d121fc8cdca
D7ROWS_RC=0 finished=2026-09-23T17:29:01Z
