pgid=2321361 started=2026-09-23T18:24:12Z
18:24:23 base_raw  1789660800 members=400 10.26s
18:24:32 base_raw  1789675200 members=400 9.88s
18:24:42 base_raw  1789689600 members=400 9.87s
18:24:52 base      1789660800 members=400 9.94s
18:25:03 base      1789675200 members=400 10.18s
18:25:12 base      1789689600 members=400 9.9s
18:25:22 D4        1789660800 members=400 9.96s
18:25:32 D4        1789675200 members=400 9.98s
18:25:42 D4        1789689600 members=400 9.95s
18:25:52 D5        1789660800 members=400 9.93s
18:26:02 D5        1789675200 members=400 9.94s
18:26:12 D5        1789689600 members=400 9.93s
18:26:22 D6        1789660800 members=400 9.9s
18:26:32 D6        1789675200 members=400 9.9s
18:26:42 D6        1789689600 members=400 9.91s
18:26:52 D7        1789660800 members=400 9.7s
18:27:02 D7        1789675200 members=400 9.72s
18:27:11 D7        1789689600 members=400 9.68s
18:27:22 D8        1789660800 members=400 10.37s
18:27:32 D8        1789675200 members=400 10.34s
18:27:42 D8        1789689600 members=400 10.21s
18:27:52 D9        1789660800 members=400 9.69s
18:28:08 D9        1789675200 members=400 15.62s
18:28:47 D9        1789689600 members=400 39.02s
18:29:25 D14       1789660800 members=400 37.86s
18:30:02 D14       1789675200 members=400 37.44s
18:30:40 D14       1789689600 members=400 37.56s
18:31:20 all       1789660800 members=400 40.4s
18:31:58 all       1789675200 members=400 38.0s
18:32:37 all       1789689600 members=400 38.46s
  ii.base_swap_is_a_noop     PASS
  iii.D4                     PASS
  iii.D5                     PASS
  iii.D6                     NO-MEASUREMENT
  iii.D7                     NO-MEASUREMENT
  iii.D8                     PASS
  iii.D9                     PASS
  iii.D14                    PASS
  iii.all                    PASS
NEWS2_GLOBAL_GATE VERDICT=FAIL gates=9 not_pass=2 receipt_sha256=c255cdf4b362deff0d35e354ca938affbd22a75811f472aa09f502e70e48beb0
GATE_RC=1 finished=2026-09-23T18:32:38Z
