pgid=2308171 started=2026-09-23T16:28:17Z
16:28:31 base_raw  1789660800 members=400 13.05s
16:28:44 base_raw  1789675200 members=400 12.51s
16:28:56 base_raw  1789689600 members=400 12.26s
16:29:09 base      1789660800 members=400 12.48s
16:29:22 base      1789675200 members=400 12.44s
16:29:34 base      1789689600 members=400 12.01s
16:29:46 D4        1789660800 members=400 11.73s
16:29:59 D4        1789675200 members=400 12.53s
16:30:11 D4        1789689600 members=400 12.32s
16:30:24 D5        1789660800 members=400 11.96s
16:30:34 D5        1789675200 members=400 10.01s
16:30:44 D5        1789689600 members=400 9.97s
16:30:54 D6        1789660800 members=400 9.93s
16:31:04 D6        1789675200 members=400 9.89s
16:31:14 D6        1789689600 members=400 9.9s
16:31:39 D7        1789660800 members=400 24.34s
16:32:04 D7        1789675200 members=400 24.37s
16:32:28 D7        1789689600 members=400 24.36s
16:32:39 D8        1789660800 members=400 10.21s
16:32:49 D8        1789675200 members=400 10.19s
16:32:59 D8        1789689600 members=400 10.22s
16:33:09 D9        1789660800 members=400 9.8s
16:33:19 D9        1789675200 members=400 9.7s
16:33:29 D9        1789689600 members=400 9.68s
16:33:39 D11       1789660800 members=400 9.93s
16:33:50 D11       1789675200 members=400 9.89s
16:34:00 D11       1789689600 members=400 9.92s
16:34:10 D13       1789660800 members=400 9.95s
16:34:20 D13       1789675200 members=400 9.89s
16:34:30 D13       1789689600 members=400 9.9s
16:34:40 D14       1789660800 members=400 9.9s
16:34:50 D14       1789675200 members=400 9.87s
16:35:00 D14       1789689600 members=400 9.87s
16:35:25 all       1789660800 members=400 24.4s
16:35:50 all       1789675200 members=400 24.39s
16:36:14 all       1789689600 members=400 24.48s
  ii.base_swap_is_a_noop     PASS
  iii.D4                     PASS
  iii.D5                     NO-MEASUREMENT
  iii.D6                     NO-MEASUREMENT
  iii.D7                     NO-MEASUREMENT
  iii.D8                     FAIL(out of declared reach)
  iii.D9                     PASS
  iii.D11                    NO-MEASUREMENT
  iii.D13                    PASS
  iii.D14                    PASS
  iii.all                    PASS
NEWS2_GLOBAL_GATE VERDICT=FAIL gates=11 not_pass=5 receipt_sha256=c13f609e0130faa6aa9bd87bb2dd46c8717506413967821089aba5e20a8a76b2
GATE_RC=1 finished=2026-09-23T16:36:15Z
