pgid=2309768 started=2026-09-23T16:42:13Z
16:42:24 base_raw  1789660800 members=400 10.24s
16:42:34 base_raw  1789675200 members=400 9.83s
16:42:44 base_raw  1789689600 members=400 9.84s
16:42:54 base      1789660800 members=400 9.79s
16:43:04 base      1789675200 members=400 9.88s
16:43:14 base      1789689600 members=400 9.9s
16:43:24 D4        1789660800 members=400 9.97s
16:43:34 D4        1789675200 members=400 9.94s
16:43:45 D4        1789689600 members=400 9.98s
16:43:55 D5        1789660800 members=400 9.84s
16:44:05 D5        1789675200 members=400 9.92s
16:44:15 D5        1789689600 members=400 10.05s
16:44:25 D6        1789660800 members=400 9.86s
16:44:35 D6        1789675200 members=400 9.86s
16:44:45 D6        1789689600 members=400 9.84s
16:45:10 D7        1789660800 members=400 24.27s
16:45:34 D7        1789675200 members=400 24.39s
16:45:59 D7        1789689600 members=400 24.3s
16:46:09 D8        1789660800 members=400 10.13s
16:46:20 D8        1789675200 members=400 10.1s
16:46:30 D8        1789689600 members=400 10.12s
16:46:40 D9        1789660800 members=400 9.74s
16:46:50 D9        1789675200 members=400 9.64s
16:47:00 D9        1789689600 members=400 9.69s
16:47:10 D11       1789660800 members=400 9.97s
16:47:20 D11       1789675200 members=400 9.89s
16:47:30 D11       1789689600 members=400 9.98s
16:47:40 D13       1789660800 members=400 9.86s
16:47:50 D13       1789675200 members=400 9.83s
16:48:00 D13       1789689600 members=400 9.86s
16:48:11 D14       1789660800 members=400 9.89s
16:48:21 D14       1789675200 members=400 10.1s
16:48:31 D14       1789689600 members=400 9.98s
16:48:56 all       1789660800 members=400 24.62s
16:49:22 all       1789675200 members=400 25.52s
16:49:47 all       1789689600 members=400 25.16s
  ii.base_swap_is_a_noop     PASS
  iii.D4                     PASS
  iii.D5                     PASS
  iii.D6                     NO-MEASUREMENT
  iii.D7                     NO-MEASUREMENT
  iii.D8                     PASS
  iii.D9                     PASS
  iii.D11                    NO-MEASUREMENT
  iii.D13                    PASS
  iii.D14                    PASS
  iii.all                    PASS
NEWS2_GLOBAL_GATE VERDICT=FAIL gates=11 not_pass=3 receipt_sha256=62c93c04c340e3f2e7ae9c2e034367a3ee1e554c33aa7e3f663206587a05b7e7
GATE_RC=1 finished=2026-09-23T16:49:47Z
