20:51:59 floor 1650830400 members=142 X89=yes 51.41s
20:52:44 all   1650830400 members=142 X89=yes 44.89s
20:53:09 last  1650830400 members=142 X89=yes 24.92s
   1650830400 D7_moves_row=0 all_vs_last X89=0 X82=0 king=0 hist_ok=True
20:53:57 floor 1674504000 members=147 X89=yes 48.0s
20:54:47 all   1674504000 members=147 X89=yes 50.32s
20:55:12 last  1674504000 members=147 X89=yes 25.08s
   1674504000 D7_moves_row=0 all_vs_last X89=0 X82=0 king=0 hist_ok=True
20:56:21 floor 1704182400 members=241 X89=yes 69.59s
20:57:32 all   1704182400 members=241 X89=yes 70.81s
20:58:02 last  1704182400 members=241 X89=yes 30.01s
   1704182400 D7_moves_row=0 all_vs_last X89=0 X82=0 king=0 hist_ok=True
20:59:22 floor 1725940800 members=276 X89=yes 79.8s
21:00:44 all   1725940800 members=276 X89=yes 81.98s
21:01:16 last  1725940800 members=276 X89=yes 31.81s
   1725940800 D7_moves_row=0 all_vs_last X89=0 X82=0 king=0 hist_ok=True
21:03:18 floor 1752624000 members=400 X89=yes 122.08s
21:05:19 all   1752624000 members=400 X89=yes 120.52s
21:06:07 last  1752624000 members=400 X89=yes 48.61s
   1752624000 D7_moves_row=0 all_vs_last X89=0 X82=0 king=0 hist_ok=True
21:08:25 floor 1774512000 members=400 X89=yes 137.7s
21:10:46 all   1774512000 members=400 X89=yes 140.68s
21:11:40 last  1774512000 members=400 X89=yes 54.89s
   1774512000 D7_moves_row=0 all_vs_last X89=0 X82=0 king=0 hist_ok=True
NEWS2_NC_D7_GATE VERDICT=PASS(NO-SIGNAL: no anchor in this sample is one where D7 moves the served row) usable=6 with_signal=0 median_all=76.4s median_last=30.91s receipt_sha256=55740f1b1e448e6169211b79eb3aeda1808b08e8ff179568e82d32fdf77a1e53
