pgid=2317814 started=2026-09-23T17:50:44Z
cache loaded (495937, 829, 7) float16 in 15s
17:51:04 base   1657065600 members=139 5.47s
17:51:10 base   1665792000 members=147 5.21s
17:51:15 base   1674518400 members=147 5.21s
17:51:21 base   1683244800 members=175 5.73s
17:51:27 base   1691971200 members=193 6.03s
17:51:33 base   1700697600 members=227 6.6s
17:51:40 base   1709424000 members=258 7.2s
17:51:48 base   1718150400 members=261 7.37s
17:51:55 base   1726876800 members=282 7.61s
17:52:04 base   1735603200 members=336 8.58s
17:52:14 base   1744329600 members=383 9.86s
17:52:24 base   1753056000 members=400 10.0s
17:52:34 base   1761782400 members=400 9.82s
17:52:43 base   1770508800 members=400 9.74s
17:52:53 base   1779235200 members=400 9.84s
17:53:03 base   1787961600 members=400 9.88s
17:53:08 D5     1657065600 members=139 5.16s
17:53:14 D5     1665792000 members=147 5.23s
17:53:19 D5     1674518400 members=147 5.23s
17:53:24 D5     1683244800 members=175 5.74s
17:53:31 D5     1691971200 members=193 6.09s
17:53:37 D5     1700697600 members=227 6.59s
17:53:44 D5     1709424000 members=258 7.21s
17:53:52 D5     1718150400 members=261 7.29s
17:53:59 D5     1726876800 members=282 7.61s
17:54:08 D5     1735603200 members=336 8.58s
17:54:17 D5     1744329600 members=383 9.42s
17:54:27 D5     1753056000 members=400 9.8s
17:54:37 D5     1761782400 members=400 9.78s
17:54:47 D5     1770508800 members=400 9.74s
17:54:56 D5     1779235200 members=400 9.86s
17:55:06 D5     1787961600 members=400 9.87s
17:55:11 D6     1657065600 members=139 5.13s
17:55:17 D6     1665792000 members=147 5.2s
17:55:22 D6     1674518400 members=147 5.2s
17:55:28 D6     1683244800 members=175 5.71s
17:55:34 D6     1691971200 members=193 6.03s
17:55:40 D6     1700697600 members=227 6.58s
17:55:47 D6     1709424000 members=258 7.24s
17:55:55 D6     1718150400 members=261 7.34s
17:56:02 D6     1726876800 members=282 7.62s
17:56:11 D6     1735603200 members=336 8.56s
17:56:20 D6     1744329600 members=383 9.48s
17:56:30 D6     1753056000 members=400 9.8s
17:56:40 D6     1761782400 members=400 9.79s
17:56:50 D6     1770508800 members=400 9.73s
17:57:00 D6     1779235200 members=400 9.85s
17:57:09 D6     1787961600 members=400 9.85s
17:57:15 D14    1657065600 members=139 5.12s
17:57:20 D14    1665792000 members=147 5.2s
17:57:25 D14    1674518400 members=147 5.2s
17:57:31 D14    1683244800 members=175 5.72s
17:57:37 D14    1691971200 members=193 6.06s
17:57:43 D14    1700697600 members=227 6.55s
17:57:50 D14    1709424000 members=258 7.2s
17:57:58 D14    1718150400 members=261 7.33s
17:58:05 D14    1726876800 members=282 7.62s
17:58:14 D14    1735603200 members=336 8.58s
17:58:23 D14    1744329600 members=383 9.46s
17:58:33 D14    1753056000 members=400 9.78s
17:58:43 D14    1761782400 members=400 9.81s
17:58:53 D14    1770508800 members=400 9.76s
17:59:03 D14    1779235200 members=400 9.86s
17:59:13 D14    1787961600 members=400 9.89s
   D5    1657065600 same_members=True X89changed=0 X82changed=0 king=1276
   D5    1665792000 same_members=True X89changed=0 X82changed=0 king=1461
   D5    1674518400 same_members=True X89changed=0 X82changed=0 king=1358
   D5    1683244800 same_members=True X89changed=0 X82changed=0 king=1657
   D5    1691971200 same_members=True X89changed=0 X82changed=0 king=2038
   D5    1700697600 same_members=True X89changed=0 X82changed=0 king=2149
   D5    1709424000 same_members=True X89changed=0 X82changed=0 king=2441
   D5    1718150400 same_members=True X89changed=0 X82changed=0 king=2681
   D5    1726876800 same_members=True X89changed=0 X82changed=0 king=2931
   D5    1735603200 same_members=True X89changed=0 X82changed=0 king=3389
   D5    1744329600 same_members=True X89changed=0 X82changed=0 king=4117
   D5    1753056000 same_members=True X89changed=0 X82changed=0 king=3969
   D5    1761782400 same_members=True X89changed=0 X82changed=0 king=4163
   D5    1770508800 same_members=True X89changed=0 X82changed=0 king=4195
   D5    1779235200 same_members=True X89changed=0 X82changed=0 king=4286
   D5    1787961600 same_members=True X89changed=0 X82changed=0 king=4394
   D6    1657065600 same_members=True X89changed=0 X82changed=0 king=0
   D6    1665792000 same_members=True X89changed=0 X82changed=0 king=0
   D6    1674518400 same_members=True X89changed=0 X82changed=0 king=0
   D6    1683244800 same_members=True X89changed=0 X82changed=0 king=0
   D6    1691971200 same_members=True X89changed=0 X82changed=0 king=0
   D6    1700697600 same_members=True X89changed=0 X82changed=0 king=0
   D6    1709424000 same_members=True X89changed=0 X82changed=0 king=0
   D6    1718150400 same_members=True X89changed=0 X82changed=750 king=780
   D6    1726876800 same_members=True X89changed=0 X82changed=0 king=0
   D6    1735603200 same_members=True X89changed=0 X82changed=0 king=0
   D6    1744329600 same_members=True X89changed=0 X82changed=0 king=0
   D6    1753056000 same_members=True X89changed=0 X82changed=0 king=0
   D6    1761782400 same_members=True X89changed=0 X82changed=0 king=0
   D6    1770508800 same_members=True X89changed=0 X82changed=0 king=0
   D6    1779235200 same_members=True X89changed=0 X82changed=1179 king=1197
   D6    1787961600 same_members=True X89changed=0 X82changed=0 king=0
   D14   1657065600 same_members=True X89changed=0 X82changed=0 king=0
   D14   1665792000 same_members=True X89changed=0 X82changed=0 king=0
   D14   1674518400 same_members=True X89changed=0 X82changed=0 king=0
   D14   1683244800 same_members=True X89changed=0 X82changed=0 king=0
   D14   1691971200 same_members=True X89changed=0 X82changed=0 king=0
   D14   1700697600 same_members=True X89changed=0 X82changed=0 king=0
   D14   1709424000 same_members=True X89changed=0 X82changed=0 king=0
   D14   1718150400 same_members=True X89changed=0 X82changed=0 king=0
   D14   1726876800 same_members=True X89changed=0 X82changed=0 king=0
   D14   1735603200 same_members=True X89changed=0 X82changed=0 king=0
   D14   1744329600 same_members=True X89changed=0 X82changed=0 king=0
   D14   1753056000 same_members=True X89changed=0 X82changed=0 king=0
   D14   1761782400 same_members=True X89changed=0 X82changed=0 king=0
   D14   1770508800 same_members=True X89changed=0 X82changed=0 king=0
   D14   1779235200 same_members=True X89changed=0 X82changed=0 king=0
   D14   1787961600 same_members=True X89changed=0 X82changed=0 king=0
NEWS2_YEAR_PROBE rows=48 receipt_sha256=9da624ca70563a950b43503c3ebc6612e26350e54ac2e276baf3168451907960
PROBE_RC=0 finished=2026-09-23T17:59:17Z
