pgid=2312729 started=2026-09-23T17:05:09Z
cache loaded (495937, 829, 7) float16 in 16s
17:05:31 base   1657065600 members=139 5.61s
17:05:37 base   1688097600 members=185 6.13s
17:05:45 base   1717200000 members=260 7.43s
17:05:55 base   1756684800 members=400 10.1s
17:06:05 base   1780272000 members=400 10.02s
17:06:15 D7     1657065600 members=139 10.28s
17:06:28 D7     1688097600 members=185 12.61s
17:06:44 D7     1717200000 members=260 16.77s
17:07:09 D7     1756684800 members=400 24.2s
17:07:33 D7     1780272000 members=400 24.25s
17:07:38 D8     1657065600 members=139 5.26s
17:07:44 D8     1688097600 members=185 6.01s
17:07:52 D8     1717200000 members=260 7.44s
17:08:02 D8     1756684800 members=400 10.05s
17:08:12 D8     1780272000 members=400 10.15s
17:08:22 all    1657065600 members=139 10.11s
17:08:35 all    1688097600 members=185 12.99s
17:08:52 all    1717200000 members=260 16.96s
17:09:17 all    1756684800 members=400 24.7s
17:09:41 all    1780272000 members=400 24.34s
   D7    1657065600 same_members=True X89changed=0 X82changed=0 king=0
   D7    1688097600 same_members=True X89changed=0 X82changed=0 king=0
   D7    1717200000 same_members=True X89changed=0 X82changed=0 king=0
   D7    1756684800 same_members=True X89changed=0 X82changed=0 king=0
   D7    1780272000 same_members=True X89changed=0 X82changed=0 king=0
   D8    1657065600 same_members=True X89changed=612 X82changed=0 king=0
   D8    1688097600 same_members=True X89changed=1069 X82changed=0 king=0
   D8    1717200000 same_members=True X89changed=1353 X82changed=0 king=0
   D8    1756684800 same_members=True X89changed=2616 X82changed=0 king=0
   D8    1780272000 same_members=True X89changed=2132 X82changed=0 king=0
   all   1657065600 same_members=True X89changed=3591 X82changed=11280 king=1276
   all   1688097600 same_members=True X89changed=4996 X82changed=14808 king=1727
   all   1717200000 same_members=True X89changed=6970 X82changed=21219 king=2639
   all   1756684800 same_members=True X89changed=11298 X82changed=32693 king=4371
   all   1780272000 same_members=True X89changed=10817 X82changed=32647 king=4304
NEWS2_YEAR_PROBE rows=15 receipt_sha256=8baf5c802606902f790860e15a84923844453140eb40ea7d84d802d0db734d1e
PROBE_RC=0 finished=2026-09-23T17:09:46Z
