pgid=2313714 started=2026-09-23T17:10:35Z
cache loaded (495937, 829, 7) float16 in 15s
17:10:55 base   1657065600 members=139 5.47s
17:11:01 base   1662753600 members=141 5.14s
17:11:06 base   1668441600 members=150 5.26s
17:11:11 base   1674144000 members=146 5.21s
17:11:17 base   1679832000 members=166 5.52s
17:11:22 base   1685520000 members=183 5.86s
17:11:29 base   1691208000 members=192 6.11s
17:11:35 base   1696910400 members=203 6.25s
17:11:42 base   1702598400 members=235 6.8s
17:11:49 base   1708286400 members=253 7.07s
17:11:56 base   1713974400 members=267 7.42s
17:12:03 base   1719662400 members=263 7.35s
17:12:11 base   1725364800 members=274 7.43s
17:12:19 base   1731052800 members=301 7.98s
17:12:28 base   1736740800 members=342 8.73s
17:12:37 base   1742428800 members=365 9.19s
17:12:47 base   1748116800 members=400 9.77s
17:12:56 base   1753819200 members=400 9.89s
17:13:06 base   1759507200 members=400 9.94s
17:13:16 base   1765195200 members=400 9.9s
17:13:26 base   1770883200 members=400 9.84s
17:13:36 base   1776585600 members=400 9.88s
17:13:46 base   1782273600 members=400 9.92s
17:13:56 base   1787961600 members=400 9.94s
17:14:06 D7     1657065600 members=139 10.2s
17:14:16 D7     1662753600 members=141 10.23s
17:14:27 D7     1668441600 members=150 10.73s
17:14:38 D7     1674144000 members=146 10.49s
17:14:49 D7     1679832000 members=166 11.61s
17:15:02 D7     1685520000 members=183 12.47s
17:15:15 D7     1691208000 members=192 13.06s
17:15:28 D7     1696910400 members=203 13.55s
17:15:43 D7     1702598400 members=235 15.26s
17:16:00 D7     1708286400 members=253 16.26s
17:16:17 D7     1713974400 members=267 16.99s
17:16:34 D7     1719662400 members=263 16.8s
17:16:51 D7     1725364800 members=274 17.43s
17:17:10 D7     1731052800 members=301 18.93s
17:17:31 D7     1736740800 members=342 21.11s
17:17:53 D7     1742428800 members=365 22.32s
17:18:17 D7     1748116800 members=400 24.16s
17:18:42 D7     1753819200 members=400 24.36s
17:19:06 D7     1759507200 members=400 24.15s
17:19:30 D7     1765195200 members=400 24.32s
17:19:55 D7     1770883200 members=400 24.21s
17:20:19 D7     1776585600 members=400 24.2s
17:20:43 D7     1782273600 members=400 24.27s
17:21:07 D7     1787961600 members=400 24.32s
   D7    1657065600 same_members=True X89changed=0 X82changed=0 king=0
   D7    1662753600 same_members=True X89changed=0 X82changed=0 king=0
   D7    1668441600 same_members=True X89changed=0 X82changed=0 king=0
   D7    1674144000 same_members=True X89changed=0 X82changed=0 king=0
   D7    1679832000 same_members=True X89changed=0 X82changed=0 king=0
   D7    1685520000 same_members=True X89changed=181 X82changed=0 king=0
   D7    1691208000 same_members=True X89changed=0 X82changed=0 king=0
   D7    1696910400 same_members=True X89changed=0 X82changed=0 king=0
   D7    1702598400 same_members=True X89changed=0 X82changed=0 king=0
   D7    1708286400 same_members=True X89changed=0 X82changed=0 king=0
   D7    1713974400 same_members=True X89changed=0 X82changed=0 king=0
   D7    1719662400 same_members=True X89changed=0 X82changed=0 king=0
   D7    1725364800 same_members=True X89changed=0 X82changed=0 king=0
   D7    1731052800 same_members=True X89changed=0 X82changed=0 king=0
   D7    1736740800 same_members=True X89changed=0 X82changed=0 king=0
   D7    1742428800 same_members=True X89changed=363 X82changed=0 king=0
   D7    1748116800 same_members=True X89changed=0 X82changed=0 king=0
   D7    1753819200 same_members=True X89changed=0 X82changed=0 king=0
   D7    1759507200 same_members=True X89changed=0 X82changed=0 king=0
   D7    1765195200 same_members=True X89changed=0 X82changed=0 king=0
   D7    1770883200 same_members=True X89changed=0 X82changed=0 king=0
   D7    1776585600 same_members=True X89changed=0 X82changed=0 king=0
   D7    1782273600 same_members=True X89changed=0 X82changed=0 king=0
   D7    1787961600 same_members=True X89changed=0 X82changed=0 king=0
NEWS2_YEAR_PROBE rows=24 receipt_sha256=afac8c2f5e75475311f343deb3d079d2ad8561b630ac19f05b4e7d1bddaa73cb
PROBE_RC=0 finished=2026-09-23T17:21:12Z
