RUN GP_FILL0_s42 0 27.5 s
RUN GP_X1_s42 0 28.8 s
RUN GP_F_s42 0 28.6 s
RUN GP_S_s42 0 28.1 s
RUN GP_INSTR_s42 0 27.7 s
RUN A0DET_s42 0 30.8 s
RUN X1DET_s42 0 31.9 s
RUN FDET_s42 0 32.4 s
RUN SDET_s42 0 29.9 s
RUN A0STO1_s42 0 31.1 s
RUN A0STO2_s42 0 31.3 s
RUN A0STO3_s42 0 31.1 s
RUN A0STO4_s42 0 31.0 s
RUN A0STO5_s42 0 31.6 s
RUN GP_FILL0_s2027 0 25.8 s
RUN GP_X1_s2027 0 26.7 s
RUN GP_F_s2027 0 27.1 s
RUN GP_S_s2027 0 26.3 s
RUN GP_INSTR_s2027 0 26.3 s
RUN A0DET_s2027 0 29.4 s
RUN X1DET_s2027 0 30.0 s
RUN FDET_s2027 0 29.6 s
RUN SDET_s2027 0 29.5 s
RUN A0STO1_s2027 0 31.3 s
RUN A0STO2_s2027 0 31.1 s
RUN A0STO3_s2027 0 30.8 s
RUN A0STO4_s2027 0 31.3 s
RUN A0STO5_s2027 0 31.4 s
{
 "P1": {
  "FILL0_s42_vs_archived_A0": {
   "rec": {
    "bitwise": true,
    "shape": [
     10039,
     23
    ],
    "maxabs": 0.0
   },
   "W": {
    "bitwise": true,
    "shape": [
     10039,
     829
    ],
    "maxabs": 0.0
   }
  },
  "FILL0_s2027_vs_archived_A0": {
   "rec": {
    "bitwise": true,
    "shape": [
     10039,
     23
    ],
    "maxabs": 0.0
   },
   "W": {
    "bitwise": true,
    "shape": [
     10039,
     829
    ],
    "maxabs": 0.0
   }
  },
  "PASS": true
 },
 "P2": {
  "X1_s42_vs_r16_A_X1": {
   "rec": {
    "bitwise": true,
    "shape": [
     10039,
     23
    ],
    "maxabs": 0.0
   },
   "W": {
    "bitwise": true,
    "shape": [
     10039,
     829
    ],
    "maxabs": 0.0
   }
  },
  "X1_s2027_vs_r16_A_X1": {
   "rec": {
    "bitwise": true,
    "shape": [
     10039,
     23
    ],
    "maxabs": 0.0
   },
   "W": {
    "bitwise": true,
    "shape": [
     10039,
     829
    ],
    "maxabs": 0.0
   }
  },
  "PASS": true
 },
 "P3": {
  "F_s42_vs_r15_F": {
   "rec": {
    "bitwise": true,
    "shape": [
     10039,
     23
    ],
    "maxabs": 0.0
   },
   "W": {
    "bitwise": true,
    "shape": [
     10039,
     829
    ],
    "maxabs": 0.0
   }
  },
  "S_s42_vs_r15_S": {
   "rec": {
    "bitwise": true,
    "shape": [
     10039,
     23
    ],
    "maxabs": 0.0
   },
   "W": {
    "bitwise": true,
    "shape": [
     10039,
     829
    ],
    "maxabs": 0.0
   }
  },
  "F_s2027_vs_r15_F": {
   "rec": {
    "bitwise": true,
    "shape": [
     10039,
     23
    ],
    "maxabs": 0.0
   },
   "W": {
    "bitwise": true,
    "shape": [
     10039,
     829
    ],
    "maxabs": 0.0
   }
  },
  "S_s2027_vs_r15_S": {
   "rec": {
    "bitwise": true,
    "shape": [
     10039,
     23
    ],
    "maxabs": 0.0
   },
   "W": {
    "bitwise": true,
    "shape": [
     10039,
     829
    ],
    "maxabs": 0.0
   }
  },
  "PASS": true
 },
 "P4": {
  "INSTR_vs_FILL0_s42": {
   "rec": {
    "bitwise": true,
    "shape": [
     10039,
     23
    ],
    "maxabs": 0.0
   },
   "W": {
    "bitwise": true,
    "shape": [
     10039,
     829
    ],
    "maxabs": 0.0
   }
  },
  "INSTR_vs_FILL0_s2027": {
   "rec": {
    "bitwise": true,
    "shape": [
     10039,
     23
    ],
    "maxabs": 0.0
   },
   "W": {
    "bitwise": true,
    "shape": [
     10039,
     829
    ],
    "maxabs": 0.0
   }
  },
  "PASS": true
 }
}
FAILS []
GPU 0 %, 2 MiB -> 0 %, 2 MiB | PIDs 333197 Tl; 339489 Tl -> 333197 Tl; 339489 Tl | load ['0.66', '0.71', '1.08'] -> ['5.76', '2.93', '1.87']
DONE_r17_drive 122.9 s
