
=== seed 42  A0(100%, lam1): g 0.6342 Sh 1.291 tau 0.054027 carry 0.4797 cost 0.1675 | A0DET lam.8096: g 0.6596 Sh 1.347 | lam1: g 0.6295 Sh 1.286
  PRIMARY  d_fill +0.0254 CI95 [-0.0243,+0.0737] CI99K [-0.0359,+0.0865] | dpnl -0.0187 dcarry -0.0046 dcost -0.0395 | Sh 1.347 vs 1.291
  SECONDARY d_fill -0.0047 CI95 [-0.0542,+0.0439] | dpnl -0.0187 dcarry -0.0046 dcost -0.0093
  KL primary d +0.0283 CI95 [-0.0409,+0.1013] g_pf 1.2341 vs 1.2058
  TURNOVER matched: intent 0.060147 exec 0.051542 (exec/intent 0.8486) vs A0 0.054027 | resid/gross 0.0086 n_resid 286.5 held/target med 0.9986 (2026 1.0010; live 0.9996 GATE F-ii True) | dust 222.81 names/anchor 0.06249 of intent
  CLASS realised fill: {'ADD': (0.49, 0.8283), 'DERISK': (0.416, 0.905), 'FLIP': (0.041, 0.956), 'ZT': (0.054, 0.5183)} | ages share {'age1': 0.536, 'age2': 0.192, 'age3_5': 0.178, 'age6_12': 0.076, 'age_gt12': 0.017}
  STOCH g(.8096) mean 0.6459 sd 0.0089 range [0.6350,0.6556] det inside False | halt range [5, 5] maxDD range [0.4427, 0.4566]
  TAIL WT: A0 maxDD 0.4642 worst 20220607 -0.1117 halt 6 alert 24 | DET(.8096) maxDD 0.4542 worst 20220607 -0.1110 halt 6 alert 23 | DET(1.0) maxDD 0.4657 halt 6
  REGIME(primary): Sh>3 2->2 ; Sh_lo>3 0->0 ; cells dg CI95 excl 0: 3/34
  BOOK gap n=26: 100% 2.6982 [0.5777,4.3220] reproduces_r6=True -> DET 3.3291 [-0.7783,9.1089]; explained by fills -0.6310 CI [-5.2766, 2.3695]; stoch range [2.412, 3.367]
  REBASE X1: dg_100 -0.5636 [-0.8699,-0.2655] -> dg_pf(.8096) -0.3498 [-0.6569,-0.0617] | dg_pf(1.0) -0.5276 | dtau intent +556.1% exec +605.2% (100%-fill +613.5%) fill of incremental 0.933 | flip False/False
  REBASE F: dg_100 +0.0179 [-0.0706,+0.1079] -> dg_pf(.8096) +0.0217 [-0.0604,+0.1066] | dg_pf(1.0) +0.0150 | dtau intent +20.4% exec +21.4% (100%-fill +24.2%) fill of incremental 0.899 | flip False/False
  REBASE S: dg_100 -0.0928 [-0.3592,+0.1723] -> dg_pf(.8096) -0.0714 [-0.3408,+0.1894] | dg_pf(1.0) -0.0789 | dtau intent +25.3% exec +26.3% (100%-fill +27.0%) fill of incremental 0.891 | flip False/False

=== seed 2027  A0(100%, lam1): g 0.6579 Sh 1.330 tau 0.055398 carry 0.4709 cost 0.1715 | A0DET lam.8096: g 0.6694 Sh 1.357 | lam1: g 0.6385 Sh 1.294
  PRIMARY  d_fill +0.0114 CI95 [-0.0401,+0.0620] CI99K [-0.0530,+0.0801] | dpnl -0.0333 dcarry -0.0044 dcost -0.0404 | Sh 1.357 vs 1.330
  SECONDARY d_fill -0.0194 CI95 [-0.0712,+0.0313] | dpnl -0.0333 dcarry -0.0044 dcost -0.0096
  KL primary d +0.0070 CI95 [-0.0710,+0.0889] g_pf 1.2361 vs 1.2291
  TURNOVER matched: intent 0.061617 exec 0.052875 (exec/intent 0.8494) vs A0 0.055398 | resid/gross 0.0087 n_resid 286.5 held/target med 0.9986 (2026 1.0011; live 0.9996 GATE F-ii True) | dust 221.66 names/anchor 0.06153 of intent
  CLASS realised fill: {'ADD': (0.489, 0.8291), 'DERISK': (0.416, 0.9056), 'FLIP': (0.041, 0.957), 'ZT': (0.054, 0.5191)} | ages share {'age1': 0.531, 'age2': 0.195, 'age3_5': 0.181, 'age6_12': 0.077, 'age_gt12': 0.016}
  STOCH g(.8096) mean 0.6621 sd 0.0131 range [0.6436,0.6749] det inside True | halt range [6, 8] maxDD range [0.4531, 0.464]
  TAIL WT: A0 maxDD 0.4689 worst 20220607 -0.1117 halt 7 alert 27 | DET(.8096) maxDD 0.4599 worst 20220607 -0.1110 halt 7 alert 24 | DET(1.0) maxDD 0.4713 halt 7
  REGIME(primary): Sh>3 2->2 ; Sh_lo>3 0->0 ; cells dg CI95 excl 0: 2/34
  BOOK gap n=26: 100% 2.8709 [0.8082,4.5785] reproduces_r6=True -> DET 3.4049 [-0.8399,8.9241]; explained by fills -0.5340 CI [-4.9428, 2.4678]; stoch range [3.078, 3.5081]
  REBASE X1: dg_100 -0.5278 [-0.8288,-0.2257] -> dg_pf(.8096) -0.2976 [-0.5941,-0.0072] | dg_pf(1.0) -0.4739 | dtau intent +537.1% exec +584.0% (100%-fill +590.8%) fill of incremental 0.933 | flip False/False
  REBASE F: dg_100 +0.0193 [-0.0664,+0.1033] -> dg_pf(.8096) +0.0423 [-0.0395,+0.1248] | dg_pf(1.0) +0.0358 | dtau intent +19.5% exec +20.4% (100%-fill +23.0%) fill of incremental 0.899 | flip False/False
  REBASE S: dg_100 -0.0894 [-0.3573,+0.1711] -> dg_pf(.8096) -0.0446 [-0.3082,+0.2101] | dg_pf(1.0) -0.0525 | dtau intent +25.8% exec +26.7% (100%-fill +27.3%) fill of incremental 0.887 | flip False/False

VERDICT (b) {"primary_lam_0p8096": {"verdict": "CLOSES", "dg": {"42": 0.025395464627394213, "2027": 0.011427369052971747}, "ci95": {"42": [-0.024293062173265073, 0.07370489705976951], "2027": [-0.040133736841143755, 0.06204231980605127]}, "ci99K": {"42": [-0.03589818634067019, 0.08651945749891973], "2027": [-0.052975449649846025, 0.08010396061767784]}}, "secondary_lam_1p0": {"verdict": "CLOSES", "dg": {"42": -0.004713953552758171, "2027": -0.01941307706484493}, "ci95": {"42": [-0.05418876261209286, 0.04385166613203626], "2027": [-0.07119310302006339, 0.031327025189601045]}, "ci99K": {"42": [-0.06557711039396273, 0.056357726211005814], "2027": [-0.08370194957256478, 0.049054650947554464]}}}
DONE_r17_judge
