cache dlnative_5m_wide829_f16_ext.npz : 1705 days x 829 symbols ; symbols with a life 826
  HOLE  2026-08-14 .. 2026-08-23  (10 days)  symbols 334  e.g. 1000000BOBUSDT, 1000000MOGUSDT, 1000CHEEMSUSDT, 1000WHYUSDT, 1000XUSDT, 42USDT
  HOLE  2022-04-02 .. 2022-04-02  (1 days)  symbols  49  e.g. FILUSDT, FLMUSDT, FLOWUSDT, FTMUSDT, GMTUSDT, GRTUSDT
  HOLE  2022-02-27 .. 2022-02-28  (2 days)  symbols  48  e.g. FILUSDT, FLMUSDT, FLOWUSDT, FTMUSDT, GRTUSDT, GTCUSDT
  HOLE  2026-08-13 .. 2026-08-23  (11 days)  symbols  14  e.g. AGIXUSDT, BALUSDT, BANDUSDT, FLMUSDT, KNCUSDT, MASKUSDT
  single/double-symbol short gaps (venue halts etc., listed not gated): 4 runs, e.g. [('2022-08-11', '2022-08-12', ['BNXUSDT']), ('2022-09-02', '2022-09-26', ['ICPUSDT']), ('2023-02-02', '2023-02-21', ['BNXUSDT']), ('2023-03-02', '2023-03-29', ['TLMUSDT'])]
  WIDE-GAP 2022-01-01  full 0 / in-life 137
  WIDE-GAP 2022-02-26  full 91 / in-life 139
  WIDE-GAP 2022-02-27  full 91 / in-life 139
  WIDE-GAP 2022-02-28  full 91 / in-life 139
  WIDE-GAP 2022-03-01  full 91 / in-life 139
  WIDE-GAP 2022-04-01  full 93 / in-life 143
  WIDE-GAP 2022-04-02  full 94 / in-life 143
  WIDE-GAP 2022-04-03  full 94 / in-life 143
  WIDE-GAP 2026-08-13  full 450 / in-life 798
  WIDE-GAP 2026-08-14  full 450 / in-life 798
  WIDE-GAP 2026-08-15  full 450 / in-life 798
  WIDE-GAP 2026-08-16  full 450 / in-life 798
  WIDE-GAP 2026-08-17  full 450 / in-life 798
  WIDE-GAP 2026-08-18  full 450 / in-life 798
  WIDE-GAP 2026-08-19  full 450 / in-life 798
  WIDE-GAP 2026-08-20  full 450 / in-life 798
  WIDE-GAP 2026-08-21  full 450 / in-life 798
  WIDE-GAP 2026-08-22  full 450 / in-life 798
  WIDE-GAP 2026-08-23  full 450 / in-life 798
  WIDE-GAP 2026-08-24  full 450 / in-life 798
  last day 2026-09-01: full 0, any-bar 0 (boundary, not gated)
COVERAGE_GATE_V2 FAIL (hole symbol-days 3639 in multi-symbol runs; wide-gap days 20)
