[2026-09-09T02:27:21Z] coverage gate v2 on holefix2
  WIDE-GAP 2022-01-01  full 0 / in-life 137
  last day 2026-09-01: full 0, any-bar 798 (boundary, not gated)
COVERAGE_GATE_V2 FAIL (hole symbol-days 0 in multi-symbol runs; wide-gap days 1)
[2026-09-09T02:28:02Z] targets RET_CH=0 on holefix2
[    0.0s] sha256 inputs ...
[   17.6s] cache 490753x829x7 ts 1640995200..1788220800
[   47.3s] cumsums done
[   47.8s] anchors 10212 平均成员 270 (≥360: 3347) 年份 {np.int64(2022): np.int64(2178), np.int64(2023): np.int64(2190), np.int64(2024): np.int64(2196), np.int64(2025): np.int64(2190), np.int64(2026): np.int64(1458)}
[   53.4s] YR4s 完成 10207/10212 锚(有面板行 10207), 六因子值空间 R² 中位 0.0650
[   53.5s] 对齐自检(y4s vs 面板旧 Y4): @0 +0.972 @-1 -0.009 @+1 -0.025 (n=198)
[   54.5s] TARGETS_DONE {"n_anchors": 10212, "mean_members": 269.6131022326675, "n_res": 10207, "years": {"2022": 2178, "2023": 2190, "2024": 2196, "2025": 2190, "2026": 1458}, "target_vs_old": {"median_abs_diff_bps": 15.679741859436035, "mean_diff_bps": -0.42854994535446167, "spearman_same_row_median": 0.9720193090863147, "spearman_prev_row": -0.008605460034125212, "spearman_next_row": -0.024678495076980403}}
[2026-09-09T02:29:01Z] gate H2
axis identical: True
members changed anchors 110 (2022-02-26 00:00Z .. 2022-04-09 12:00Z)
y4s changed anchors 40 (2022-02-26 00:00Z .. 2025-10-20 08:00Z)
changes OUTSIDE the two 2022 hole neighbourhoods: 8 ['2022-10-31 00:00Z', '2022-12-02 16:00Z', '2023-08-26 12:00Z', '2023-08-29 16:00Z', '2024-06-30 12:00Z']
GATE_H2 FAIL
[2026-09-09T02:29:03Z] H2_FAIL
[2026-09-09T02:29:03Z] PIPEB_DONE
