[     0s] CHECK hook_device_sha_is_this_hook OK ["95ff9632d155c6a7", "95ff9632d155c6a7"]
[     0s] CHECK beta_same_in_both_configs OK null
[     0s] CHECK modes OK null
[     0s] CHECK same_base_config OK null
[     0s] CHECK M3c.budget_same_and_valid OK [2.5, 2.5]
[     0s] CHECK same_targets_and_settings OK null
[     0s] CHECK config.not_a_template_and_nothing_pending OK {"status": "FROZEN before any M3c number \u2014 M3c = M3b hook + combined-leverage budget 2.5 x NAV on the NC s42 targets, docs/AMENDMENT_3_m3_beta_overlay_2026-09-24.md \u00a72-1 (80c6c3e4b) / AMENDMENT_2 \u00a73-2 (4530892bc) of prereg docs/PREREG_m3_beta_overlay_executed_book_2026-09-23.md (24c3f
[     0s] CHECK pin.prereg OK {"path": "/workspace/baseline_tables_2026-09-19/pins/PREREG_baseline_tables_certified_2026-09-19.md", "got": "d9fe45e3191f56e5", "want": "d9fe45e3191f56e5"}
[     0s] CHECK pin.prereg_amendment_1 OK {"path": "/workspace/baseline_tables_2026-09-19/pins/AMENDMENT_1_baseline_tables_certified_2026-09-19.md", "got": "766bc367743d8542", "want": "766bc367743d8542"}
[     0s] CHECK pin.exec_sim OK {"path": "/workspace/baseline_tables_2026-09-19/devices/exec_copy/exec_sim.py", "got": "29679672e68d4842", "want": "29679672e68d4842"}
[     0s] CHECK pin.simlib OK {"path": "/workspace/baseline_tables_2026-09-19/devices/exec_copy/simlib.py", "got": "55246fe98da2d57a", "want": "55246fe98da2d57a"}
[     0s] CHECK pin.v1b_gate OK {"path": "/workspace/baseline_tables_2026-09-19/devices/exec_copy/v1b_gate.py", "got": "4a725921a470f4c1", "want": "4a725921a470f4c1"}
[     0s] CHECK pin.v1_gate OK {"path": "/workspace/baseline_tables_2026-09-19/devices/exec_copy/v1_gate.py", "got": "c97d9b3d49212b49", "want": "c97d9b3d49212b49"}
[     0s] CHECK pin.calibration OK {"path": "/workspace/baseline_tables_2026-09-19/devices/exec_copy/CALIBRATION_v3_POOLED_20260826_20260910.json", "got": "fda342431d39703e", "want": "fda342431d39703e"}
[     0s] CHECK pin.input_manifest OK {"path": "/workspace/baseline_tables_2026-09-19/devices/exec_copy/INPUT_MANIFEST.json", "got": "59875e5a69db415f", "want": "59875e5a69db415f"}
[     0s] CHECK pin.p2_s2_lib OK {"path": "/workspace/uplift_r2_2026-09-13/P2/devices/p2_s2_lib.py", "got": "c53f5c495036727f", "want": "c53f5c495036727f"}
[     2s] CHECK pin.price_full_raw OK {"path": "/workspace/baseline_tables_2026-09-19/work/price_full_raw_x0918r.npy", "got": "23af32bd97c267d1", "want": "23af32bd97c267d1"}
[     2s] CHECK pin.price_full_meta OK {"path": "/workspace/baseline_tables_2026-09-19/work/price_full_raw_x0918r_meta.npz", "got": "d1e49cc9f0a7ddc4", "want": "d1e49cc9f0a7ddc4"}
[     2s] CHECK pin.price_receipt OK {"path": "/workspace/baseline_tables_2026-09-19/receipts/BT_PRICES_FULL_X0918R.json", "got": "130592b122831e03", "want": "130592b122831e03"}
[     3s] CHECK pin.price_source_table_x0918r OK {"path": "/workspace/raw_price_fix_2026-09-19/ext_x0918r/work/price_logtable_raw_x0918r.npy", "got": "9249b0da4a4c5789", "want": "9249b0da4a4c5789"}
[     3s] CHECK pin.price_source_meta_x0918r OK {"path": "/workspace/raw_price_fix_2026-09-19/ext_x0918r/work/price_meta_raw_x0918r.npz", "got": "da136830cee7e1a2", "want": "da136830cee7e1a2"}
[     3s] CHECK pin.ledger_full OK {"path": "/workspace/baseline_tables_2026-09-19/funding/ledger_spliced_p2_to_20260901T0200_streamD_after.npz", "got": "073088e503c026d6", "want": "073088e503c026d6"}
[     3s] CHECK pin.funding_overlap_proof OK {"path": "/workspace/baseline_tables_2026-09-19/funding/BT_FUNDING_OVERLAP.json", "got": "0ee6d99bfa2acfb9", "want": "0ee6d99bfa2acfb9"}
[     3s] CHECK pin.funding_source_p2 OK {"path": "/workspace/uplift_r2_2026-09-13/P2/work/ledger_full.npz", "got": "bea6f5752772d54e", "want": "bea6f5752772d54e"}
[     3s] CHECK pin.funding_source_stream_d OK {"path": "/workspace/axis_0919/funding/funding_ledger.npz", "got": "74b69e635efbf355", "want": "74b69e635efbf355"}
[     3s] CHECK pin.funding_4h_accounting_stream_d OK {"path": "/workspace/axis_0919/funding/funding_4h_accounting.npz", "got": "2838e5f6cf42fff5", "want": "2838e5f6cf42fff5"}
[     3s] CHECK pin.tradability OK {"path": "/workspace/axis_0919/x0918r/trd/tradability_v1.npz", "got": "bebf69ab9ddb3b05", "want": "bebf69ab9ddb3b05"}
[     3s] CHECK pin.universe OK {"path": "/workspace/uplift_r2_2026-09-13/P2/work/universe.npz", "got": "6322b57366078ed0", "want": "6322b57366078ed0"}
[     3s] CHECK pin.g0_labels OK {"path": "/workspace/baseline_tables_2026-09-19/g0x/g0_labels_x0918.npz", "got": "c3832939e1b01333", "want": "c3832939e1b01333"}
[     3s] CHECK pin.g0_receipt OK {"path": "/workspace/baseline_tables_2026-09-19/g0x/RECEIPT_bt_g0_extend.json", "got": "8afd680472ef21be", "want": "8afd680472ef21be"}
[     3s] CHECK price_receipt.PASS_and_outputs OK {"price_kinds": ["raw"]}
[     5s] CHECK pin.executor_tree_409ea16_vs_manifest OK {"n": 332, "bad": []}
[     5s] CHECK window.n_anchors OK 9252
[     5s] CHECK axis.symbols OK null
[     5s] CHECK prices.grid_covers_window OK {"grid0": 1656532800, "n": 444145}
[     5s] CHECK ua_sets.counts_of_the_sets_the_runs_use OK {"UNAVAILABLE_3084": 3084}
[     5s] prices raw (444145, 829)
[     5s] CHECK run.NEWS2_s42XM3CH|scaled|rule|raw|UAFE.policy_named OK null
[     5s] CHECK run.NEWS2_s42XM3CH|scaled|rule|raw|UAFE.ua_cells_already_at_last_available_price OK {"cells_that_would_change": 0}
[     5s] CHECK run.NEWS2_s42XM3CH0|scaled|rule|raw|UAFE.policy_named OK null
[     5s] CHECK run.NEWS2_s42XM3CH0|scaled|rule|raw|UAFE.ua_cells_already_at_last_available_price OK {"cells_that_would_change": 0}
[     5s] funding rows 2449807
[     5s] CHECK axis.tradability_symbols OK null
[     6s] CHECK tradability.covers_window OK null
[     6s] CHECK calibration.v3_pooled_frozen OK null
[     6s] CHECK calibration.decision_offset_N+24 OK 1440
[     6s] CHECK executor.pns_wide OK null
[     6s] CHECK executor.gross_mult_config OK {"gm": 2.0, "onu": "hold"}
[     6s] CHECK objb_targets.NEWS2_s42XM3CH|scaled|rule|raw|UAFE.loaded OK {"window_anchors": 9252, "combo": 6520, "king": 0, "hold": 2732, "written_rows_without_weights": 0}
[     6s] CHECK objb_targets.NEWS2_s42XM3CH0|scaled|rule|raw|UAFE.loaded OK {"window_anchors": 9252, "combo": 6520, "king": 0, "hold": 2732, "written_rows_without_weights": 0}
[     6s] CHECK books_identical_in_both_arms OK null
[     6s] CHECK anchors_selected OK {"published_in_windows": 5730, "per_window": {"MAIN_2026-01-01_to_2026-09-18T20Z": 1566, "AUX_2023-06-30T04Z_to_2025-12-31T20Z": 4164}}
[     6s] worker 0 pid 2448603 anchors 2865
[     6s] worker 1 pid 2448604 anchors 2865
[    42s] worker 0 rc 0
[    48s] worker 1 rc 0
[    48s] CHECK workers_rc0 OK {"0": 0, "1": 0}
[    48s] CHECK merged_axis_is_selection OK null
[    48s] CHECK control_vs_overlay.beta_exec_bitwise OK null
[    48s] CHECK control_vs_overlay.cause_equal OK null
[    48s] CHECK control.never_touches_target OK null
[    48s] CHECK M3c.budget_active_on_every_reached_anchor OK null
[    48s] CHECK only_btc_plan_row_changed(<1e-6 USDT) OK 7.275957614183426e-11
M3_EXEC_PATH VERDICT=DONE {"MAIN_2026-01-01_to_2026-09-18T20Z": true, "AUX_2023-06-30T04Z_to_2025-12-31T20Z": true} receipt_sha256=36edd564c834de8e9a61e012e97640a20b9a361d9e165b36d40d42054de5a332
EXIT 0
