UNITS CHAIN: net_ex = bps/anchor per unit NAV (executor caliber, unit replay book); %/gross/yr = bps/anchor × 2190 / 100; NAV %/yr at 2× gross = bps/anchor × 2190 × 2 / 1e4 × 100 = bps/anchor × 43.8 (per-gross ≈ ÷ gross_total)
LOADED 6 Lfix artifacts; arm d30_n2_c42; identical anchor set n=10038 first 2022-01-31 00:00 last 2026-08-30 20:00; kings ['rollm', 'KR', 'KC']; seeds ['s42']
SHAS {"log/s42/rollm": {"artifact": "8f9cd48f7d6d506a", "slow_npy": "999f7d4d8fa4de8e"}, "log/s42/KR": {"artifact": "bc2247f6d8b70b78", "slow_npy": "879ab60b75f48388"}, "log/s42/KC": {"artifact": "b53883b2a58ddedb", "slow_npy": "ce24ce7f6b86dac3"}, "prod/s42/rollm": {"artifact": "d73f21390691efdb", "slow_npy": "999f7d4d8fa4de8e"}, "prod/s42/KR": {"artifact": "7e02230ec576ce32", "slow_npy": "879ab60b75f48388"}, "prod/s42/KC": {"artifact": "b4a0dec1a02c9518", "slow_npy": "ce24ce7f6b86dac3"}}
window sizes: 2024=2196, 2025=2190, 2026<=08-10=1332, 2026->08-30=1452, 2024->26=5838, 2025->26=3642, 2024->26<=cut=5718, 2025->26<=cut=3522

===== LEVELS caliber=log [raw Σ-simple y4 (meta), CAL=log = no transform] Lfix
rollm  s42   | -0.625 S-1.68 DD1804 |  +0.284 S+0.67 DD881 |  +2.883 S+5.07 DD478 |  +2.357 S+4.13 DD787 | +0.457 S+1.02 DD2578 |  +1.110 S+2.28 DD881 | -13.7/+6.2/+51.6 | 202411 -705 | 0.756 0.210 0.790 0.01438
KR     s42   | -0.630 S-1.67 DD1815 |  +0.191 S+0.45 DD889 |  +2.817 S+5.08 DD468 |  +2.248 S+4.04 DD834 | +0.394 S+0.89 DD2594 |  +1.011 S+2.10 DD889 | -13.8/+4.2/+49.2 | 202411 -714 | 0.756 0.210 0.790 0.01440
KC     s42   | -0.646 S-1.70 DD1851 |  +0.241 S+0.56 DD875 |  +2.965 S+5.16 DD479 |  +2.366 S+4.09 DD884 | +0.436 S+0.95 DD2613 |  +1.089 S+2.19 DD884 | -14.2/+5.3/+51.8 | 202411 -729 | 0.765 0.210 0.790 0.01440

===== LEVELS caliber=prod [compounded Π(1+r5)-1 over [E+1,E+48] (meta_newprod swap), CAL=log] Lfix
rollm  s42   | -0.697 S-1.86 DD1886 |  +0.266 S+0.62 DD801 |  +2.852 S+5.03 DD352 |  +2.342 S+4.12 DD768 | +0.420 S+0.93 DD2588 |  +1.094 S+2.23 DD801 | -15.2/+5.8/+51.3 | 202411 -748 | 0.754 0.210 0.790 0.01441
KR     s42   | -0.688 S-1.82 DD1866 |  +0.195 S+0.45 DD825 |  +2.765 S+4.99 DD357 |  +2.251 S+4.06 DD766 | +0.374 S+0.83 DD2588 |  +1.014 S+2.09 DD825 | -15.1/+4.3/+49.3 | 202411 -752 | 0.753 0.210 0.790 0.01442
KC     s42   | -0.704 S-1.85 DD1912 |  +0.227 S+0.51 DD829 |  +2.985 S+5.16 DD362 |  +2.429 S+4.19 DD818 | +0.424 S+0.92 DD2630 |  +1.105 S+2.19 DD829 | -15.4/+5.0/+53.2 | 202411 -759 | 0.762 0.210 0.790 0.01445

===== DELTAS caliber=log: Δ = x − ref, net_ex bps/anchor, paired; cells Δ [CI95] P(Δ>0)
KR-rollm      s42   | -0.005 [-0.042,+0.035] 0.397 | -0.093 [-0.168,-0.013] 0.009 | -0.066 [-0.189,+0.063] 0.164 | -0.108 [-0.255,+0.029] 0.060 | -0.064 [-0.110,-0.017] 0.004 | -0.099 [-0.175,-0.030] 0.003 | -0.14/-0.18 +0.1%/+0.4% Δw +0.000 881/889
KC-rollm      s42   | -0.021 [-0.065,+0.024] 0.176 | -0.043 [-0.129,+0.043] 0.173 | +0.082 [-0.099,+0.250] 0.817 | +0.010 [-0.190,+0.193] 0.519 | -0.021 [-0.080,+0.039] 0.246 | -0.022 [-0.113,+0.069] 0.338 | -0.07/-0.09 +0.1%/+0.6% Δw +0.000 881/884
KC-KR (aux)   s42   | -0.016 [-0.046,+0.014] 0.151 | +0.051 [-0.035,+0.135] 0.878 | +0.148 [-0.032,+0.338] 0.943 | +0.118 [-0.068,+0.297] 0.896 | +0.042 [-0.013,+0.096] 0.928 | +0.078 [-0.014,+0.167] 0.953 | +0.07/+0.08 +0.0%/+0.2% Δw +0.000 889/884

===== DELTAS caliber=prod: Δ = x − ref, net_ex bps/anchor, paired; cells Δ [CI95] P(Δ>0)
KR-rollm      s42   | +0.008 [-0.029,+0.048] 0.673 | -0.071 [-0.155,+0.012] 0.048 | -0.088 [-0.215,+0.050] 0.102 | -0.092 [-0.220,+0.036] 0.073 | -0.046 [-0.094,+0.000] 0.026 | -0.079 [-0.152,-0.009] 0.016 | -0.10/-0.13 +0.1%/+0.4% Δw +0.000 801/825
KC-rollm      s42   | -0.008 [-0.051,+0.037] 0.359 | -0.040 [-0.124,+0.048] 0.188 | +0.132 [-0.024,+0.285] 0.949 | +0.087 [-0.056,+0.237] 0.865 | +0.004 [-0.050,+0.055] 0.562 | +0.011 [-0.070,+0.090] 0.591 | -0.01/-0.03 +0.3%/+0.7% Δw +0.000 801/829
KC-KR (aux)   s42   | -0.016 [-0.044,+0.014] 0.156 | +0.032 [-0.056,+0.121] 0.755 | +0.220 [+0.053,+0.408] 0.994 | +0.179 [+0.006,+0.363] 0.981 | +0.050 [-0.004,+0.105] 0.963 | +0.090 [+0.003,+0.183] 0.978 | +0.09/+0.10 +0.2%/+0.3% Δw +0.000 825/829

===== DECISION [KR = KR leaf refit (decay 0.9)] vs K1 under Lfix (primary 2025->26): REJECT
  log/s42: Δ -0.0992 CI [-0.1752,-0.0301] P 0.003 lower>0 False upper<0 True dturn +0.15% dw_king +0.000 aux24 -0.0637 [-0.1100,-0.0173] yearly [-0.0048, -0.093, -0.1085]
  prod/s42: Δ -0.0793 CI [-0.1521,-0.0086] P 0.016 lower>0 False upper<0 True dturn +0.11% dw_king +0.000 aux24 -0.0463 [-0.0944,+0.0004] yearly [0.0084, -0.0712, -0.0916]

===== DECISION [KC = KC continued training (+40 trees/month)] vs K1 under Lfix (primary 2025->26): UNDECIDED
  log/s42: Δ -0.0216 CI [-0.1130,+0.0693] P 0.338 lower>0 False upper<0 False dturn +0.15% dw_king +0.000 aux24 -0.0212 [-0.0795,+0.0387] yearly [-0.0206, -0.0425, 0.0099]
  prod/s42: Δ +0.0111 CI [-0.0700,+0.0898] P 0.591 lower>0 False upper<0 False dturn +0.30% dw_king +0.000 aux24 +0.0040 [-0.0504,+0.0552] yearly [-0.0078, -0.0395, 0.0874]

wrote /workspace/review_scratch/cadence_seats/axisA_incremental/results/judge_fix.json and /workspace/review_scratch/cadence_seats/axisA_incremental/results/tables_fix.md; JUDGE_INC_DONE fix
