UNITS CHAIN: net_ex = bps/anchor per unit NAV (executor caliber, unit replay book); %/gross/yr = bps/anchor × 2190 / 100; NAV %/yr at 2× gross = bps/anchor × 2190 × 2 / 1e4 × 100 = bps/anchor × 43.8 (per-gross ≈ ÷ gross_total)
LOADED 12 Ldyn artifacts; arm d30_n2_c42; identical anchor set n=10038 first 2022-01-31 00:00 last 2026-08-30 20:00; kings ['rollm', 'KR', 'KC']; seeds ['s42', 's2027']
SHAS {"log/s42/rollm": {"artifact": "7b458aa683a76998", "slow_npy": "999f7d4d8fa4de8e"}, "log/s42/KR": {"artifact": "8fa5a92495c474a3", "slow_npy": "879ab60b75f48388"}, "log/s42/KC": {"artifact": "fb9dd57949239d9a", "slow_npy": "ce24ce7f6b86dac3"}, "log/s2027/rollm": {"artifact": "c7c48eb3610eb827", "slow_npy": "999f7d4d8fa4de8e"}, "log/s2027/KR": {"artifact": "ecc30bfd00928e13", "slow_npy": "879ab60b75f48388"}, "log/s2027/KC": {"artifact": "306e91b0b865a03e", "slow_npy": "ce24ce7f6b86dac3"}, "prod/s42/rollm": {"artifact": "019358fc3641b652", "slow_npy": "999f7d4d8fa4de8e"}, "prod/s42/KR": {"artifact": "d18bb2d583b7f467", "slow_npy": "879ab60b75f48388"}, "prod/s42/KC": {"artifact": "cc1c4ac1f65a52fd", "slow_npy": "ce24ce7f6b86dac3"}, "prod/s2027/rollm": {"artifact": "54032e7b266e7e3e", "slow_npy": "999f7d4d8fa4de8e"}, "prod/s2027/KR": {"artifact": "16c143a9a0cf2c0f", "slow_npy": "879ab60b75f48388"}, "prod/s2027/KC": {"artifact": "f3b86d2c76ad191e", "slow_npy": "ce24ce7f6b86dac3"}}
window sizes: 2024=2196, 2025=2190, 2026<=08-10=1332, 2026->08-30=1452, 2024->26=5838, 2025->26=3642, 2024->26<=cut=5718, 2025->26<=cut=3522

===== LEVELS caliber=log [raw Σ-simple y4 (meta), CAL=log = no transform] Ldyn
rollm  s42   |  +0.094 S+0.33 DD925 |  +0.344 S+1.11 DD472 |  +2.603 S+4.88 DD479 |  +2.104 S+3.91 DD801 |  +0.688 S+1.85 DD925 |  +1.046 S+2.51 DD801 | +2.1/+7.5/+46.1 | 202404 -339 | 0.630 0.557 0.443 0.03121
rollm  s2027 |  +0.166 S+0.59 DD860 |  +0.424 S+1.34 DD500 |  +2.594 S+4.86 DD474 |  +2.102 S+3.90 DD794 |  +0.744 S+2.00 DD860 |  +1.093 S+2.60 DD794 | +3.6/+9.3/+46.0 | 202512 -331 | 0.642 0.557 0.443 0.03013
KR     s42   |  +0.147 S+0.57 DD775 |  +0.189 S+0.63 DD410 |  +2.624 S+4.92 DD434 |  +2.071 S+3.85 DD827 |  +0.642 S+1.77 DD827 |  +0.940 S+2.28 DD827 | +3.2/+4.2/+45.4 | 202608 -339 | 0.612 0.472 0.528 0.02863
KR     s2027 |  +0.233 S+0.91 DD690 |  +0.274 S+0.88 DD414 |  +2.635 S+4.94 DD434 |  +2.080 S+3.87 DD821 |  +0.708 S+1.94 DD821 |  +0.994 S+2.38 DD821 | +5.1/+6.0/+45.6 | 202608 -331 | 0.625 0.472 0.528 0.02760
KC     s42   |  +0.179 S+0.72 DD678 |  +0.233 S+0.80 DD520 |  +2.629 S+4.83 DD478 |  +2.048 S+3.72 DD878 |  +0.664 S+1.84 DD878 |  +0.957 S+2.31 DD878 | +3.9/+5.1/+44.9 | 202608 -372 | 0.619 0.567 0.433 0.03495
KC     s2027 |  +0.239 S+0.97 DD643 |  +0.322 S+1.08 DD500 |  +2.658 S+4.86 DD475 |  +2.082 S+3.76 DD868 |  +0.729 S+2.00 DD868 |  +1.024 S+2.44 DD868 | +5.2/+7.0/+45.6 | 202608 -349 | 0.633 0.567 0.433 0.03389

===== LEVELS caliber=prod [compounded Π(1+r5)-1 over [E+1,E+48] (meta_newprod swap), CAL=log] Ldyn
rollm  s42   |  +0.116 S+0.42 DD906 |  +0.344 S+1.11 DD462 |  +2.603 S+4.93 DD358 |  +2.117 S+3.98 DD777 |  +0.699 S+1.90 DD906 |  +1.051 S+2.54 DD777 | +2.5/+7.5/+46.4 | 202407 -301 | 0.624 0.567 0.433 0.03181
rollm  s2027 |  +0.214 S+0.79 DD806 |  +0.404 S+1.27 DD484 |  +2.641 S+4.99 DD359 |  +2.155 S+4.04 DD773 |  +0.768 S+2.08 DD806 |  +1.102 S+2.64 DD773 | +4.7/+8.9/+47.2 | 202512 -292 | 0.636 0.567 0.433 0.03072
KR     s42   |  +0.203 S+0.81 DD730 |  +0.163 S+0.53 DD380 |  +2.626 S+4.91 DD334 |  +2.123 S+3.96 DD768 |  +0.665 S+1.84 DD768 |  +0.944 S+2.27 DD768 | +4.4/+3.6/+46.5 | 202504 -286 | 0.606 0.477 0.523 0.02887
KR     s2027 |  +0.300 S+1.21 DD638 |  +0.242 S+0.76 DD392 |  +2.651 S+4.95 DD331 |  +2.117 S+3.93 DD804 |  +0.730 S+2.00 DD804 |  +0.989 S+2.35 DD804 | +6.6/+5.3/+46.4 | 202608 -313 | 0.619 0.477 0.523 0.02780
KC     s42   |  +0.246 S+1.02 DD613 |  +0.238 S+0.82 DD485 |  +2.649 S+4.86 DD372 |  +2.116 S+3.85 DD829 |  +0.708 S+1.97 DD829 |  +0.987 S+2.38 DD829 | +5.4/+5.2/+46.3 | 202608 -307 | 0.611 0.575 0.425 0.03550
KC     s2027 |  +0.321 S+1.35 DD543 |  +0.335 S+1.12 DD467 |  +2.559 S+4.72 DD371 |  +2.038 S+3.73 DD815 |  +0.753 S+2.09 DD815 |  +1.014 S+2.44 DD815 | +7.0/+7.3/+44.6 | 202608 -285 | 0.626 0.575 0.425 0.03447

===== DELTAS caliber=log: Δ = x − ref, net_ex bps/anchor, paired; cells Δ [CI95] P(Δ>0)
KR-rollm      s42   | +0.053 [-0.089,+0.206] 0.763 | -0.155 [-0.346,+0.037] 0.057 | +0.022 [-0.240,+0.286] 0.544 | -0.032 [-0.302,+0.224] 0.413 | -0.046 [-0.162,+0.061] 0.203 | -0.106 [-0.259,+0.053] 0.090 | -0.08/-0.24 -8.3%/-1.7% Δw -0.086 801/827
KR-rollm      s2027 | +0.067 [-0.072,+0.205] 0.827 | -0.150 [-0.343,+0.043] 0.058 | +0.041 [-0.215,+0.292] 0.625 | -0.021 [-0.260,+0.221] 0.426 | -0.036 [-0.147,+0.070] 0.264 | -0.099 [-0.250,+0.053] 0.107 | -0.06/-0.22 -8.4%/-1.7% Δw -0.086 794/821
KC-rollm      s42   | +0.084 [-0.102,+0.274] 0.823 | -0.111 [-0.332,+0.105] 0.150 | +0.026 [-0.243,+0.320] 0.582 | -0.055 [-0.334,+0.210] 0.355 | -0.024 [-0.149,+0.100] 0.352 | -0.089 [-0.263,+0.083] 0.151 | -0.01/-0.21 +12.0%/+12.2% Δw +0.010 801/878
KC-rollm      s2027 | +0.073 [-0.107,+0.254] 0.797 | -0.102 [-0.333,+0.104] 0.172 | +0.064 [-0.203,+0.334] 0.683 | -0.019 [-0.288,+0.239] 0.448 | -0.015 [-0.135,+0.101] 0.388 | -0.069 [-0.234,+0.096] 0.217 | +0.01/-0.16 +12.5%/+12.5% Δw +0.010 794/868
KC-KR (aux)   s42   | +0.031 [-0.074,+0.131] 0.721 | +0.043 [-0.133,+0.232] 0.669 | +0.005 [-0.275,+0.276] 0.534 | -0.023 [-0.290,+0.243] 0.436 | +0.022 [-0.083,+0.123] 0.659 | +0.017 [-0.136,+0.173] 0.574 | +0.07/+0.03 +22.1%/+14.1% Δw +0.095 827/878
KC-KR (aux)   s2027 | +0.006 [-0.086,+0.105] 0.562 | +0.048 [-0.143,+0.238] 0.694 | +0.023 [-0.241,+0.281] 0.567 | +0.002 [-0.242,+0.234] 0.502 | +0.021 [-0.081,+0.120] 0.641 | +0.030 [-0.112,+0.177] 0.661 | +0.06/+0.06 +22.8%/+14.4% Δw +0.095 821/868

===== DELTAS caliber=prod: Δ = x − ref, net_ex bps/anchor, paired; cells Δ [CI95] P(Δ>0)
KR-rollm      s42   | +0.086 [-0.063,+0.238] 0.875 | -0.182 [-0.390,+0.026] 0.041 | +0.023 [-0.329,+0.371] 0.542 | +0.006 [-0.320,+0.314] 0.529 | -0.034 [-0.162,+0.089] 0.296 | -0.107 [-0.280,+0.068] 0.125 | -0.07/-0.27 -9.2%/-2.5% Δw -0.091 777/768
KR-rollm      s2027 | +0.086 [-0.068,+0.245] 0.855 | -0.163 [-0.369,+0.036] 0.061 | +0.011 [-0.347,+0.371] 0.521 | -0.038 [-0.358,+0.286] 0.409 | -0.038 [-0.161,+0.088] 0.297 | -0.113 [-0.293,+0.079] 0.125 | -0.08/-0.28 -9.5%/-2.6% Δw -0.091 773/804
KC-rollm      s42   | +0.130 [-0.052,+0.310] 0.912 | -0.106 [-0.326,+0.115] 0.177 | +0.046 [-0.240,+0.361] 0.624 | -0.001 [-0.291,+0.282] 0.483 | +0.009 [-0.113,+0.135] 0.562 | -0.064 [-0.246,+0.110] 0.215 | +0.07/-0.16 +11.6%/+11.1% Δw +0.008 777/829
KC-rollm      s2027 | +0.107 [-0.064,+0.289] 0.876 | -0.069 [-0.278,+0.155] 0.266 | -0.082 [-0.414,+0.278] 0.332 | -0.116 [-0.439,+0.208] 0.225 | -0.015 [-0.149,+0.118] 0.400 | -0.088 [-0.266,+0.093] 0.167 | +0.01/-0.20 +12.2%/+11.4% Δw +0.008 773/815
KC-KR (aux)   s42   | +0.043 [-0.051,+0.139] 0.808 | +0.075 [-0.118,+0.285] 0.761 | +0.023 [-0.256,+0.292] 0.577 | -0.007 [-0.266,+0.254] 0.491 | +0.043 [-0.056,+0.151] 0.797 | +0.043 [-0.109,+0.199] 0.693 | +0.14/+0.11 +23.0%/+13.9% Δw +0.099 768/829
KC-KR (aux)   s2027 | +0.021 [-0.072,+0.107] 0.657 | +0.093 [-0.092,+0.286] 0.829 | -0.092 [-0.398,+0.206] 0.262 | -0.078 [-0.367,+0.188] 0.288 | +0.023 [-0.077,+0.128] 0.672 | +0.025 [-0.138,+0.189] 0.619 | +0.10/+0.08 +24.0%/+14.3% Δw +0.099 804/815

===== DECISION [KR = KR leaf refit (decay 0.9)] vs K1 under Ldyn (primary 2025->26): UNDECIDED
  log/s42: Δ -0.1058 CI [-0.2585,+0.0530] P 0.090 lower>0 False upper<0 False dturn -8.27% dw_king -0.086 aux24 -0.0460 [-0.1624,+0.0613] yearly [0.0531, -0.1546, -0.0322]
  log/s2027: Δ -0.0987 CI [-0.2498,+0.0533] P 0.107 lower>0 False upper<0 False dturn -8.40% dw_king -0.086 aux24 -0.0364 [-0.1473,+0.0705] yearly [0.0669, -0.1499, -0.0214]
  prod/s42: Δ -0.1069 CI [-0.2800,+0.0680] P 0.125 lower>0 False upper<0 False dturn -9.24% dw_king -0.091 aux24 -0.0342 [-0.1618,+0.0886] yearly [0.0865, -0.1818, 0.0061]
  prod/s2027: Δ -0.1130 CI [-0.2929,+0.0790] P 0.125 lower>0 False upper<0 False dturn -9.51% dw_king -0.091 aux24 -0.0381 [-0.1609,+0.0883] yearly [0.086, -0.1627, -0.0381]

===== DECISION [KC = KC continued training (+40 trees/month)] vs K1 under Ldyn (primary 2025->26): UNDECIDED
  log/s42: Δ -0.0889 CI [-0.2628,+0.0828] P 0.151 lower>0 False upper<0 False dturn +11.98% dw_king +0.010 aux24 -0.0237 [-0.1495,+0.1003] yearly [0.0844, -0.1113, -0.0552]
  log/s2027: Δ -0.0691 CI [-0.2337,+0.0964] P 0.217 lower>0 False upper<0 False dturn +12.48% dw_king +0.010 aux24 -0.0155 [-0.1346,+0.1008] yearly [0.0733, -0.1021, -0.0193]
  prod/s42: Δ -0.0643 CI [-0.2465,+0.1095] P 0.215 lower>0 False upper<0 False dturn +11.61% dw_king +0.008 aux24 +0.0087 [-0.1129,+0.1349] yearly [0.1298, -0.1063, -0.0009]
  prod/s2027: Δ -0.0880 CI [-0.2664,+0.0929] P 0.167 lower>0 False upper<0 False dturn +12.19% dw_king +0.008 aux24 -0.0148 [-0.1488,+0.1184] yearly [0.1068, -0.0693, -0.1163]

wrote /workspace/review_scratch/cadence_seats/axisA_incremental/results/judge_dyn.json and /workspace/review_scratch/cadence_seats/axisA_incremental/results/tables_dyn.md; JUDGE_INC_DONE dyn
