--- df/du at start 2026-09-06T02:22:30Z
mfs#eur-is-1.runpod.net:9421  2.1P  1.5P  630T  71% /workspace
20G	/workspace/review_scratch
64
 02:22:31 up 37 days,  9:34,  0 users,  load average: 9.93, 9.83, 6.73
--- sha256 (my device copy / axisA device / port original)
5424aceb34b4595b8b9be0d720e90a60e1944fd9bb915fad4c934bc4cf59e9f9  /workspace/review_scratch/cadence_seats/axisA_incremental/w10_universe_recheck.py
5424aceb34b4595b8b9be0d720e90a60e1944fd9bb915fad4c934bc4cf59e9f9  /workspace/review_scratch/cadence_seats/axisA/w10_universe_recheck.py
64c70a44ee88b79547a444ccb969c58d17d3a25f2f02af9cc77055b767bfe430  /workspace/port_w10/w10_universe.py
--- resolved targets vs axisA (must all be SAME)
SAME dev/nets_histv2_0_0_0.npy -> /workspace/port_w10/pod_backup_2026-08-21/nets_histv2_0_0_0.npy
SAME dev/nets_histv2_-30_2_42.npy -> /workspace/port_w10/pod_backup_2026-08-21/nets_histv2_-30_2_42.npy
SAME dev/slow_pred_hist_oos.npy -> /workspace/shadow_bundle_v3/slow_pred_pinned.npy
SAME dev/wide_fea_hist_meta.npz -> /workspace/data/wide_fea_v2ext_meta.npz
SAME dev/wide_panel_4h_hist_v2.npz -> /workspace/data/wide_panel_4h_v2ext.npz
SAME dev/f8_2026-08-22 -> /workspace/port_w10/f8_2026-08-22
SAME dev/dlw_2026-08-22 -> /workspace/port_w10/dlw_2026-08-22
SAME dev_alt/nets_histv2_0_0_0.npy -> /workspace/port_w10/pod_backup_2026-08-21/nets_histv2_0_0_0.npy
SAME dev_alt/nets_histv2_-30_2_42.npy -> /workspace/port_w10/pod_backup_2026-08-21/nets_histv2_-30_2_42.npy
SAME dev_alt/slow_pred_hist_oos.npy -> /workspace/shadow_bundle_v3/slow_pred_pinned.npy
SAME dev_alt/wide_fea_hist_meta.npz -> /workspace/review_scratch/refute_C6_2/altrun/meta_newprod.npz
SAME dev_alt/wide_panel_4h_hist_v2.npz -> /workspace/data/wide_panel_4h_v2ext.npz
SAME dev_alt/f8_2026-08-22 -> /workspace/port_w10/f8_2026-08-22
SAME dev_alt/dlw_2026-08-22 -> /workspace/port_w10/dlw_2026-08-22
--- input sha256
1c383f4d8f755b13e37d53d1f4dcb4bb2053f80df00e431974ac269ccfe371d8  /workspace/review_scratch/cadence_seats/axisA/models_d1/fold000_202401.txt
999f7d4d8fa4de8e9eb46305d31af8a06b14419b07389f269a8d2fbad138be4a  /workspace/review_scratch/rolling_king/slow_pred_rollm.npy
9cbd46a42a00d4a57de6a5d3949f5b5e71863e530028a3804e8b0708b4865dec  /workspace/review_scratch/cadence_seats/axisA/folds_d1.json
f88b07205bf19870aefd1ea6f8eaf6f14e78f3587c973f36514b43ea691d4097  /workspace/data/wide_fea_v2ext.npy
4b1b6047107d25573244a84df69d45bc987ada89b6731e826c867a230e247082  /workspace/data/wide_fea_v2ext_meta.npz
fd27fe485417d307e5bc41ee382a2db098118bee1fe2a13ebde98c7e7d3caece  /workspace/live_pins.json
158cd4ac8f8f30f7f41a5a6cba0bd19a450ce756727e4aeae3d4e4b0b67d0054  /workspace/shadow_bundle_v3/slow_pred_pinned.npy
SETUP_DONE 2026-09-06T02:22:36Z
