CONFIG {"MODE": "KC", "NJOBS": 12, "EMB_anchors": 60, "EMB_s": 864000, "LABEL_s": 14400, "SEED0": 20260905, "DECAY": 0.9, "NEW_TREES": 40, "AGE_MAX": 12, "train_rule": "E_ts + 48*300 < first_test_E_ts - 60*14400 (K1 rule verbatim; strict '<')", "start_model": "/workspace/review_scratch/cadence_seats/axisA/models_d1/fold000_202401.txt", "start_model_sha256": "1c383f4d8f755b13e37d53d1f4dcb4bb2053f80df00e431974ac269ccfe371d8", "lightgbm": "4.7.0", "numpy": "2.4.6", "python": "3.11.10", "self_sha256": "37cd588136ba66f3da11d6fdbfd743e6d7e24b88e54b255f943be8161b9fb44b", "FEA": "/workspace/data/wide_fea_v2ext.npy", "META": "/workspace/data/wide_fea_v2ext_meta.npz", "k1_lgbm_params": {"n_estimators": 400, "learning_rate": 0.05, "num_leaves": 63, "subsample": 0.8, "colsample_bytree": 0.8, "verbose": -1}, "k1_folds_d1_json": "/workspace/review_scratch/cadence_seats/axisA/folds_d1.json", "k1_npy": "/workspace/review_scratch/rolling_king/slow_pred_rollm.npy", "OMP_NUM_THREADS": "12"}
PREP X (2741477, 78) float32 Y (2741477,) rows_anchors 10176/10176 keep 78 E_ts[0] 2022-01-08 00:00 E_ts[-1] 2026-08-30 20:00 prep_s 5.1
ASSERT fold 0 key 202401: max(train E_ts)+48*300 = 1703188800 (2023-12-21 20:00) < min(test E_ts)-60*14400 = 1703203200 (2023-12-22 00:00) -> True gap 1.00 anchors; train_span 2022-01-08 00:00..2023-12-21 16:00 test_span 2024-01-01 00:00..2024-01-31 20:00
ASSERT fold 1 key 202402: max(train E_ts)+48*300 = 1705867200 (2024-01-21 20:00) < min(test E_ts)-60*14400 = 1705881600 (2024-01-22 00:00) -> True gap 1.00 anchors; train_span 2022-01-08 00:00..2024-01-21 16:00 test_span 2024-02-01 00:00..2024-02-29 20:00
ASSERT fold 2 key 202403: max(train E_ts)+48*300 = 1708372800 (2024-02-19 20:00) < min(test E_ts)-60*14400 = 1708387200 (2024-02-20 00:00) -> True gap 1.00 anchors; train_span 2022-01-08 00:00..2024-02-19 16:00 test_span 2024-03-01 00:00..2024-03-31 20:00
ASSERT fold 3 key 202404: max(train E_ts)+48*300 = 1711051200 (2024-03-21 20:00) < min(test E_ts)-60*14400 = 1711065600 (2024-03-22 00:00) -> True gap 1.00 anchors; train_span 2022-01-08 00:00..2024-03-21 16:00 test_span 2024-04-01 00:00..2024-04-30 20:00
ASSERT fold 4 key 202405: max(train E_ts)+48*300 = 1713643200 (2024-04-20 20:00) < min(test E_ts)-60*14400 = 1713657600 (2024-04-21 00:00) -> True gap 1.00 anchors; train_span 2022-01-08 00:00..2024-04-20 16:00 test_span 2024-05-01 00:00..2024-05-31 20:00
ASSERT fold 5 key 202406: max(train E_ts)+48*300 = 1716321600 (2024-05-21 20:00) < min(test E_ts)-60*14400 = 1716336000 (2024-05-22 00:00) -> True gap 1.00 anchors; train_span 2022-01-08 00:00..2024-05-21 16:00 test_span 2024-06-01 00:00..2024-06-30 20:00
ASSERT fold 6 key 202407: max(train E_ts)+48*300 = 1718913600 (2024-06-20 20:00) < min(test E_ts)-60*14400 = 1718928000 (2024-06-21 00:00) -> True gap 1.00 anchors; train_span 2022-01-08 00:00..2024-06-20 16:00 test_span 2024-07-01 00:00..2024-07-31 20:00
ASSERT fold 7 key 202408: max(train E_ts)+48*300 = 1721592000 (2024-07-21 20:00) < min(test E_ts)-60*14400 = 1721606400 (2024-07-22 00:00) -> True gap 1.00 anchors; train_span 2022-01-08 00:00..2024-07-21 16:00 test_span 2024-08-01 00:00..2024-08-31 20:00
ASSERT fold 8 key 202409: max(train E_ts)+48*300 = 1724270400 (2024-08-21 20:00) < min(test E_ts)-60*14400 = 1724284800 (2024-08-22 00:00) -> True gap 1.00 anchors; train_span 2022-01-08 00:00..2024-08-21 16:00 test_span 2024-09-01 00:00..2024-09-30 20:00
ASSERT fold 9 key 202410: max(train E_ts)+48*300 = 1726862400 (2024-09-20 20:00) < min(test E_ts)-60*14400 = 1726876800 (2024-09-21 00:00) -> True gap 1.00 anchors; train_span 2022-01-08 00:00..2024-09-20 16:00 test_span 2024-10-01 00:00..2024-10-31 20:00
ASSERT fold 10 key 202411: max(train E_ts)+48*300 = 1729540800 (2024-10-21 20:00) < min(test E_ts)-60*14400 = 1729555200 (2024-10-22 00:00) -> True gap 1.00 anchors; train_span 2022-01-08 00:00..2024-10-21 16:00 test_span 2024-11-01 00:00..2024-11-30 20:00
ASSERT fold 11 key 202412: max(train E_ts)+48*300 = 1732132800 (2024-11-20 20:00) < min(test E_ts)-60*14400 = 1732147200 (2024-11-21 00:00) -> True gap 1.00 anchors; train_span 2022-01-08 00:00..2024-11-20 16:00 test_span 2024-12-01 00:00..2024-12-31 20:00
ASSERT fold 12 key 202501: max(train E_ts)+48*300 = 1734811200 (2024-12-21 20:00) < min(test E_ts)-60*14400 = 1734825600 (2024-12-22 00:00) -> True gap 1.00 anchors; train_span 2022-01-08 00:00..2024-12-21 16:00 test_span 2025-01-01 00:00..2025-01-31 20:00
ASSERT fold 13 key 202502: max(train E_ts)+48*300 = 1737489600 (2025-01-21 20:00) < min(test E_ts)-60*14400 = 1737504000 (2025-01-22 00:00) -> True gap 1.00 anchors; train_span 2022-01-08 00:00..2025-01-21 16:00 test_span 2025-02-01 00:00..2025-02-28 20:00
ASSERT fold 14 key 202503: max(train E_ts)+48*300 = 1739908800 (2025-02-18 20:00) < min(test E_ts)-60*14400 = 1739923200 (2025-02-19 00:00) -> True gap 1.00 anchors; train_span 2022-01-08 00:00..2025-02-18 16:00 test_span 2025-03-01 00:00..2025-03-31 20:00
ASSERT fold 15 key 202504: max(train E_ts)+48*300 = 1742587200 (2025-03-21 20:00) < min(test E_ts)-60*14400 = 1742601600 (2025-03-22 00:00) -> True gap 1.00 anchors; train_span 2022-01-08 00:00..2025-03-21 16:00 test_span 2025-04-01 00:00..2025-04-30 20:00
ASSERT fold 16 key 202505: max(train E_ts)+48*300 = 1745179200 (2025-04-20 20:00) < min(test E_ts)-60*14400 = 1745193600 (2025-04-21 00:00) -> True gap 1.00 anchors; train_span 2022-01-08 00:00..2025-04-20 16:00 test_span 2025-05-01 00:00..2025-05-31 20:00
ASSERT fold 17 key 202506: max(train E_ts)+48*300 = 1747857600 (2025-05-21 20:00) < min(test E_ts)-60*14400 = 1747872000 (2025-05-22 00:00) -> True gap 1.00 anchors; train_span 2022-01-08 00:00..2025-05-21 16:00 test_span 2025-06-01 00:00..2025-06-30 20:00
ASSERT fold 18 key 202507: max(train E_ts)+48*300 = 1750449600 (2025-06-20 20:00) < min(test E_ts)-60*14400 = 1750464000 (2025-06-21 00:00) -> True gap 1.00 anchors; train_span 2022-01-08 00:00..2025-06-20 16:00 test_span 2025-07-01 00:00..2025-07-31 20:00
ASSERT fold 19 key 202508: max(train E_ts)+48*300 = 1753128000 (2025-07-21 20:00) < min(test E_ts)-60*14400 = 1753142400 (2025-07-22 00:00) -> True gap 1.00 anchors; train_span 2022-01-08 00:00..2025-07-21 16:00 test_span 2025-08-01 00:00..2025-08-31 20:00
ASSERT fold 20 key 202509: max(train E_ts)+48*300 = 1755806400 (2025-08-21 20:00) < min(test E_ts)-60*14400 = 1755820800 (2025-08-22 00:00) -> True gap 1.00 anchors; train_span 2022-01-08 00:00..2025-08-21 16:00 test_span 2025-09-01 00:00..2025-09-30 20:00
ASSERT fold 21 key 202510: max(train E_ts)+48*300 = 1758398400 (2025-09-20 20:00) < min(test E_ts)-60*14400 = 1758412800 (2025-09-21 00:00) -> True gap 1.00 anchors; train_span 2022-01-08 00:00..2025-09-20 16:00 test_span 2025-10-01 00:00..2025-10-31 20:00
ASSERT fold 22 key 202511: max(train E_ts)+48*300 = 1761076800 (2025-10-21 20:00) < min(test E_ts)-60*14400 = 1761091200 (2025-10-22 00:00) -> True gap 1.00 anchors; train_span 2022-01-08 00:00..2025-10-21 16:00 test_span 2025-11-01 00:00..2025-11-30 20:00
ASSERT fold 23 key 202512: max(train E_ts)+48*300 = 1763668800 (2025-11-20 20:00) < min(test E_ts)-60*14400 = 1763683200 (2025-11-21 00:00) -> True gap 1.00 anchors; train_span 2022-01-08 00:00..2025-11-20 16:00 test_span 2025-12-01 00:00..2025-12-31 20:00
ASSERT fold 24 key 202601: max(train E_ts)+48*300 = 1766347200 (2025-12-21 20:00) < min(test E_ts)-60*14400 = 1766361600 (2025-12-22 00:00) -> True gap 1.00 anchors; train_span 2022-01-08 00:00..2025-12-21 16:00 test_span 2026-01-01 00:00..2026-01-31 20:00
ASSERT fold 25 key 202602: max(train E_ts)+48*300 = 1769025600 (2026-01-21 20:00) < min(test E_ts)-60*14400 = 1769040000 (2026-01-22 00:00) -> True gap 1.00 anchors; train_span 2022-01-08 00:00..2026-01-21 16:00 test_span 2026-02-01 00:00..2026-02-28 20:00
ASSERT fold 26 key 202603: max(train E_ts)+48*300 = 1771444800 (2026-02-18 20:00) < min(test E_ts)-60*14400 = 1771459200 (2026-02-19 00:00) -> True gap 1.00 anchors; train_span 2022-01-08 00:00..2026-02-18 16:00 test_span 2026-03-01 00:00..2026-03-31 20:00
ASSERT fold 27 key 202604: max(train E_ts)+48*300 = 1774123200 (2026-03-21 20:00) < min(test E_ts)-60*14400 = 1774137600 (2026-03-22 00:00) -> True gap 1.00 anchors; train_span 2022-01-08 00:00..2026-03-21 16:00 test_span 2026-04-01 00:00..2026-04-30 20:00
ASSERT fold 28 key 202605: max(train E_ts)+48*300 = 1776715200 (2026-04-20 20:00) < min(test E_ts)-60*14400 = 1776729600 (2026-04-21 00:00) -> True gap 1.00 anchors; train_span 2022-01-08 00:00..2026-04-20 16:00 test_span 2026-05-01 00:00..2026-05-31 20:00
ASSERT fold 29 key 202606: max(train E_ts)+48*300 = 1779393600 (2026-05-21 20:00) < min(test E_ts)-60*14400 = 1779408000 (2026-05-22 00:00) -> True gap 1.00 anchors; train_span 2022-01-08 00:00..2026-05-21 16:00 test_span 2026-06-01 00:00..2026-06-30 20:00
ASSERT fold 30 key 202607: max(train E_ts)+48*300 = 1781985600 (2026-06-20 20:00) < min(test E_ts)-60*14400 = 1782000000 (2026-06-21 00:00) -> True gap 1.00 anchors; train_span 2022-01-08 00:00..2026-06-20 16:00 test_span 2026-07-01 00:00..2026-07-31 20:00
ASSERT fold 31 key 202608: max(train E_ts)+48*300 = 1784664000 (2026-07-21 20:00) < min(test E_ts)-60*14400 = 1784678400 (2026-07-22 00:00) -> True gap 1.00 anchors; train_span 2022-01-08 00:00..2026-07-21 16:00 test_span 2026-08-01 00:00..2026-08-30 20:00
FOLDS 32 all K1 train_rows equal; prep+folds 5s
START RECEIPT: models_d1/fold000_202401.txt trees 400 fold-0 test predictions == K1 slow_pred_rollm rows: True max|Δ| 0.000e+00 n 45328
FOLD 0 key 202401 start model (K1 2024-01) train_rows 694846 test_anchors 186 fit_s 0.0 rankIC +0.0799 (K1 +0.0799) trees 400 bytes 2364599 cons_prev +nan booster 1c383f4d8f755b13 elapsed 7s
FOLD 1 key 202402 LGBMRegressor(n_estimators=40, seed 20260906).fit(fold train window, init_model=prev) train_rows 739796 test_anchors 174 fit_s 2.8 rankIC +0.0643 (K1 +0.0636) trees 440 bytes 2599561 cons_prev +0.980 booster 55819915e83006dc elapsed 11s
FOLD 2 key 202403 LGBMRegressor(n_estimators=40, seed 20260907).fit(fold train window, init_model=prev) train_rows 783135 test_anchors 186 fit_s 2.8 rankIC +0.0639 (K1 +0.0698) trees 480 bytes 2832775 cons_prev +0.976 booster 9cd808b6ea313fc2 elapsed 15s
FOLD 3 key 202404 LGBMRegressor(n_estimators=40, seed 20260908).fit(fold train window, init_model=prev) train_rows 831269 test_anchors 180 fit_s 3.1 rankIC +0.0536 (K1 +0.0620) trees 520 bytes 3065438 cons_prev +0.991 booster f7d05a4963a9ff99 elapsed 20s
FOLD 4 key 202405 LGBMRegressor(n_estimators=40, seed 20260909).fit(fold train window, init_model=prev) train_rows 878888 test_anchors 186 fit_s 3.4 rankIC +0.0379 (K1 +0.0373) trees 560 bytes 3298813 cons_prev +0.996 booster adf0326ccdefc744 elapsed 25s
FOLD 5 key 202406 LGBMRegressor(n_estimators=40, seed 20260910).fit(fold train window, init_model=prev) train_rows 928597 test_anchors 180 fit_s 3.7 rankIC +0.0318 (K1 +0.0498) trees 600 bytes 3533511 cons_prev +0.991 booster 001eb48155cd2797 elapsed 31s
FOLD 6 key 202407 LGBMRegressor(n_estimators=40, seed 20260911).fit(fold train window, init_model=prev) train_rows 975508 test_anchors 186 fit_s 4.1 rankIC +0.0433 (K1 +0.0463) trees 640 bytes 3769455 cons_prev +0.987 booster 8a432cb37fef951b elapsed 37s
FOLD 7 key 202408 LGBMRegressor(n_estimators=40, seed 20260912).fit(fold train window, init_model=prev) train_rows 1024427 test_anchors 186 fit_s 4.4 rankIC +0.0518 (K1 +0.0647) trees 680 bytes 4004643 cons_prev +0.969 booster 5ca57b5a7d598240 elapsed 44s
FOLD 8 key 202409 LGBMRegressor(n_estimators=40, seed 20260913).fit(fold train window, init_model=prev) train_rows 1073101 test_anchors 180 fit_s 4.9 rankIC +0.0522 (K1 +0.0566) trees 720 bytes 4240832 cons_prev +0.989 booster 20eea6222af7e99a elapsed 51s
FOLD 9 key 202410 LGBMRegressor(n_estimators=40, seed 20260914).fit(fold train window, init_model=prev) train_rows 1122445 test_anchors 186 fit_s 5.3 rankIC +0.0650 (K1 +0.0801) trees 760 bytes 4475264 cons_prev +0.991 booster 881dcae711ec1487 elapsed 60s
FOLD 10 key 202411 LGBMRegressor(n_estimators=40, seed 20260915).fit(fold train window, init_model=prev) train_rows 1176741 test_anchors 180 fit_s 5.7 rankIC +0.0653 (K1 +0.0850) trees 800 bytes 4709760 cons_prev +0.996 booster 7c0620e2f91cc190 elapsed 69s
FOLD 11 key 202412 LGBMRegressor(n_estimators=40, seed 20260916).fit(fold train window, init_model=prev) train_rows 1230937 test_anchors 186 fit_s 6.1 rankIC +0.0512 (K1 +0.0670) trees 840 bytes 4944344 cons_prev +0.994 booster 5d590673f6e29e27 elapsed 79s
FOLD 12 key 202501 LGBMRegressor(n_estimators=40, seed 20260917).fit(fold train window, init_model=prev) train_rows 1290492 test_anchors 186 fit_s 6.8 rankIC +0.0495 (K1 +0.0800) trees 880 bytes 5178356 cons_prev +0.993 booster 4df4ab5b62376abc elapsed 89s
FOLD 13 key 202502 LGBMRegressor(n_estimators=40, seed 20260918).fit(fold train window, init_model=prev) train_rows 1353644 test_anchors 168 fit_s 7.6 rankIC +0.0519 (K1 +0.0607) trees 920 bytes 5415229 cons_prev +0.985 booster ae54f01e4f7845a2 elapsed 101s
FOLD 14 key 202503 LGBMRegressor(n_estimators=40, seed 20260919).fit(fold train window, init_model=prev) train_rows 1413353 test_anchors 186 fit_s 8.3 rankIC +0.0482 (K1 +0.0738) trees 960 bytes 5650862 cons_prev +0.987 booster ffe32b310a16de03 elapsed 115s
FOLD 15 key 202504 LGBMRegressor(n_estimators=40, seed 20260920).fit(fold train window, init_model=prev) train_rows 1480918 test_anchors 180 fit_s 9.0 rankIC +0.0274 (K1 +0.0445) trees 1000 bytes 5887245 cons_prev +0.988 booster 336fe7e5d1d15093 elapsed 129s
FOLD 16 key 202505 LGBMRegressor(n_estimators=40, seed 20260921).fit(fold train window, init_model=prev) train_rows 1549071 test_anchors 186 fit_s 9.6 rankIC +0.0376 (K1 +0.0593) trees 1040 bytes 6122637 cons_prev +0.991 booster d89b7b2cf95d40f4 elapsed 143s
FOLD 17 key 202506 LGBMRegressor(n_estimators=40, seed 20260922).fit(fold train window, init_model=prev) train_rows 1622677 test_anchors 180 fit_s 10.3 rankIC +0.0514 (K1 +0.0749) trees 1080 bytes 6357072 cons_prev +0.991 booster 97aeedbd1ff1ea71 elapsed 159s
FOLD 18 key 202507 LGBMRegressor(n_estimators=40, seed 20260923).fit(fold train window, init_model=prev) train_rows 1694677 test_anchors 186 fit_s 11.3 rankIC +0.0587 (K1 +0.0797) trees 1120 bytes 6592659 cons_prev +0.993 booster 3086efcf5ea64337 elapsed 176s
FOLD 19 key 202508 LGBMRegressor(n_estimators=40, seed 20260924).fit(fold train window, init_model=prev) train_rows 1769077 test_anchors 186 fit_s 12.1 rankIC +0.0581 (K1 +0.0802) trees 1160 bytes 6828332 cons_prev +0.996 booster 67b51f3c3df6c489 elapsed 194s
FOLD 20 key 202509 LGBMRegressor(n_estimators=40, seed 20260925).fit(fold train window, init_model=prev) train_rows 1843477 test_anchors 180 fit_s 14.2 rankIC +0.0381 (K1 +0.0557) trees 1200 bytes 7063273 cons_prev +0.995 booster 34b74223c1d3dff0 elapsed 215s
FOLD 21 key 202510 LGBMRegressor(n_estimators=40, seed 20260926).fit(fold train window, init_model=prev) train_rows 1915477 test_anchors 186 fit_s 13.7 rankIC +0.0405 (K1 +0.0656) trees 1240 bytes 7295056 cons_prev +0.984 booster 3755ad5c2fc1fac3 elapsed 235s
FOLD 22 key 202511 LGBMRegressor(n_estimators=40, seed 20260927).fit(fold train window, init_model=prev) train_rows 1989877 test_anchors 180 fit_s 15.2 rankIC +0.0355 (K1 +0.0786) trees 1280 bytes 7528370 cons_prev +0.990 booster 012e6d38d7799893 elapsed 255s
FOLD 23 key 202512 LGBMRegressor(n_estimators=40, seed 20260928).fit(fold train window, init_model=prev) train_rows 2061877 test_anchors 186 fit_s 15.1 rankIC +0.0328 (K1 +0.0656) trees 1320 bytes 7763219 cons_prev +0.991 booster 59f9d6267775b0af elapsed 276s
FOLD 24 key 202601 LGBMRegressor(n_estimators=40, seed 20260929).fit(fold train window, init_model=prev) train_rows 2136277 test_anchors 186 fit_s 16.8 rankIC +0.0394 (K1 +0.0733) trees 1360 bytes 7999271 cons_prev +0.994 booster 67f4ef47c7f94f7c elapsed 297s
FOLD 25 key 202602 LGBMRegressor(n_estimators=40, seed 20260930).fit(fold train window, init_model=prev) train_rows 2210677 test_anchors 168 fit_s 17.5 rankIC +0.0276 (K1 +0.0508) trees 1400 bytes 8233815 cons_prev +0.992 booster 02e61a185ec71120 elapsed 319s
FOLD 26 key 202603 LGBMRegressor(n_estimators=40, seed 20260931).fit(fold train window, init_model=prev) train_rows 2277877 test_anchors 186 fit_s 18.8 rankIC +0.0290 (K1 +0.0637) trees 1440 bytes 8470225 cons_prev +0.992 booster 6c505e01213aac01 elapsed 342s
FOLD 27 key 202604 LGBMRegressor(n_estimators=40, seed 20260932).fit(fold train window, init_model=prev) train_rows 2352277 test_anchors 180 fit_s 20.0 rankIC +0.0330 (K1 +0.0675) trees 1480 bytes 8705228 cons_prev +0.991 booster 004b13d028111bf0 elapsed 365s
FOLD 28 key 202605 LGBMRegressor(n_estimators=40, seed 20260933).fit(fold train window, init_model=prev) train_rows 2424277 test_anchors 186 fit_s 20.7 rankIC +0.0297 (K1 +0.0616) trees 1520 bytes 8940785 cons_prev +0.996 booster 66669da79bc33b10 elapsed 389s
FOLD 29 key 202606 LGBMRegressor(n_estimators=40, seed 20260934).fit(fold train window, init_model=prev) train_rows 2498677 test_anchors 180 fit_s 21.3 rankIC +0.0244 (K1 +0.0417) trees 1560 bytes 9175049 cons_prev +0.996 booster bff8f0d3dea8cbb1 elapsed 413s
FOLD 30 key 202607 LGBMRegressor(n_estimators=40, seed 20260935).fit(fold train window, init_model=prev) train_rows 2570677 test_anchors 186 fit_s 22.9 rankIC +0.0360 (K1 +0.0644) trees 1600 bytes 9409831 cons_prev +0.996 booster f7ca68bea25745fb elapsed 438s
FOLD 31 key 202608 LGBMRegressor(n_estimators=40, seed 20260936).fit(fold train window, init_model=prev) train_rows 2645077 test_anchors 180 fit_s 24.3 rankIC +0.0167 (K1 +0.0461) trees 1640 bytes 9644115 cons_prev +0.997 booster 99fce9d24861b949 elapsed 464s
SAVED /workspace/review_scratch/cadence_seats/axisA_incremental/slow_pred_KC.npy shape (10176, 829) sha256 ce24ce7f6b86dac318411fc6e4cb768ecbe06dda3b24b314260f24a59ae543bc finite_anchors 5838 pre2024_all_nan True finite_mask_equal_pinned True fold0_equal_k1 True
IC_AGE KC: {"by_age": {"1": 0.03896, "2": 0.03829, "3": 0.03791, "4": 0.03748, "5": 0.03682, "6": 0.03604, "7": 0.0354, "8": 0.03468, "9": 0.03414, "10": 0.03383, "11": 0.03334, "12": 0.03289}, "paired": {"age1_minus_age12": 0.006067600101232529, "se": 0.0008801330487715248, "n": 3828}}
DONE KC folds 32 total_fit_s 341.8 final_trees 1640 consistency_mean 0.9902935483870969 wall 476s
