CONFIG {"MODE": "ident", "NJOBS": 12, "EMB_anchors": 60, "EMB_s": 864000, "LABEL_s": 14400, "SEED0": 20260905, "DECAY": 0.9, "NEW_TREES": 40, "AGE_MAX": 12, "train_rule": "E_ts + 48*300 < first_test_E_ts - 60*14400 (K1 rule verbatim; strict '<')", "start_model": "/workspace/review_scratch/cadence_seats/axisA/models_d1/fold000_202401.txt", "start_model_sha256": "1c383f4d8f755b13e37d53d1f4dcb4bb2053f80df00e431974ac269ccfe371d8", "lightgbm": "4.7.0", "numpy": "2.4.6", "python": "3.11.10", "self_sha256": "37cd588136ba66f3da11d6fdbfd743e6d7e24b88e54b255f943be8161b9fb44b", "FEA": "/workspace/data/wide_fea_v2ext.npy", "META": "/workspace/data/wide_fea_v2ext_meta.npz", "k1_lgbm_params": {"n_estimators": 400, "learning_rate": 0.05, "num_leaves": 63, "subsample": 0.8, "colsample_bytree": 0.8, "verbose": -1}, "k1_folds_d1_json": "/workspace/review_scratch/cadence_seats/axisA/folds_d1.json", "k1_npy": "/workspace/review_scratch/rolling_king/slow_pred_rollm.npy", "OMP_NUM_THREADS": "12"}
PREP X (2741477, 78) float32 Y (2741477,) rows_anchors 10176/10176 keep 78 E_ts[0] 2022-01-08 00:00 E_ts[-1] 2026-08-30 20:00 prep_s 4.2
ASSERT fold 0 key 202401: max(train E_ts)+48*300 = 1703188800 (2023-12-21 20:00) < min(test E_ts)-60*14400 = 1703203200 (2023-12-22 00:00) -> True gap 1.00 anchors; train_span 2022-01-08 00:00..2023-12-21 16:00 test_span 2024-01-01 00:00..2024-01-31 20:00
ASSERT fold 1 key 202402: max(train E_ts)+48*300 = 1705867200 (2024-01-21 20:00) < min(test E_ts)-60*14400 = 1705881600 (2024-01-22 00:00) -> True gap 1.00 anchors; train_span 2022-01-08 00:00..2024-01-21 16:00 test_span 2024-02-01 00:00..2024-02-29 20:00
ASSERT fold 2 key 202403: max(train E_ts)+48*300 = 1708372800 (2024-02-19 20:00) < min(test E_ts)-60*14400 = 1708387200 (2024-02-20 00:00) -> True gap 1.00 anchors; train_span 2022-01-08 00:00..2024-02-19 16:00 test_span 2024-03-01 00:00..2024-03-31 20:00
ASSERT fold 3 key 202404: max(train E_ts)+48*300 = 1711051200 (2024-03-21 20:00) < min(test E_ts)-60*14400 = 1711065600 (2024-03-22 00:00) -> True gap 1.00 anchors; train_span 2022-01-08 00:00..2024-03-21 16:00 test_span 2024-04-01 00:00..2024-04-30 20:00
ASSERT fold 4 key 202405: max(train E_ts)+48*300 = 1713643200 (2024-04-20 20:00) < min(test E_ts)-60*14400 = 1713657600 (2024-04-21 00:00) -> True gap 1.00 anchors; train_span 2022-01-08 00:00..2024-04-20 16:00 test_span 2024-05-01 00:00..2024-05-31 20:00
ASSERT fold 5 key 202406: max(train E_ts)+48*300 = 1716321600 (2024-05-21 20:00) < min(test E_ts)-60*14400 = 1716336000 (2024-05-22 00:00) -> True gap 1.00 anchors; train_span 2022-01-08 00:00..2024-05-21 16:00 test_span 2024-06-01 00:00..2024-06-30 20:00
ASSERT fold 6 key 202407: max(train E_ts)+48*300 = 1718913600 (2024-06-20 20:00) < min(test E_ts)-60*14400 = 1718928000 (2024-06-21 00:00) -> True gap 1.00 anchors; train_span 2022-01-08 00:00..2024-06-20 16:00 test_span 2024-07-01 00:00..2024-07-31 20:00
ASSERT fold 7 key 202408: max(train E_ts)+48*300 = 1721592000 (2024-07-21 20:00) < min(test E_ts)-60*14400 = 1721606400 (2024-07-22 00:00) -> True gap 1.00 anchors; train_span 2022-01-08 00:00..2024-07-21 16:00 test_span 2024-08-01 00:00..2024-08-31 20:00
ASSERT fold 8 key 202409: max(train E_ts)+48*300 = 1724270400 (2024-08-21 20:00) < min(test E_ts)-60*14400 = 1724284800 (2024-08-22 00:00) -> True gap 1.00 anchors; train_span 2022-01-08 00:00..2024-08-21 16:00 test_span 2024-09-01 00:00..2024-09-30 20:00
ASSERT fold 9 key 202410: max(train E_ts)+48*300 = 1726862400 (2024-09-20 20:00) < min(test E_ts)-60*14400 = 1726876800 (2024-09-21 00:00) -> True gap 1.00 anchors; train_span 2022-01-08 00:00..2024-09-20 16:00 test_span 2024-10-01 00:00..2024-10-31 20:00
ASSERT fold 10 key 202411: max(train E_ts)+48*300 = 1729540800 (2024-10-21 20:00) < min(test E_ts)-60*14400 = 1729555200 (2024-10-22 00:00) -> True gap 1.00 anchors; train_span 2022-01-08 00:00..2024-10-21 16:00 test_span 2024-11-01 00:00..2024-11-30 20:00
ASSERT fold 11 key 202412: max(train E_ts)+48*300 = 1732132800 (2024-11-20 20:00) < min(test E_ts)-60*14400 = 1732147200 (2024-11-21 00:00) -> True gap 1.00 anchors; train_span 2022-01-08 00:00..2024-11-20 16:00 test_span 2024-12-01 00:00..2024-12-31 20:00
ASSERT fold 12 key 202501: max(train E_ts)+48*300 = 1734811200 (2024-12-21 20:00) < min(test E_ts)-60*14400 = 1734825600 (2024-12-22 00:00) -> True gap 1.00 anchors; train_span 2022-01-08 00:00..2024-12-21 16:00 test_span 2025-01-01 00:00..2025-01-31 20:00
ASSERT fold 13 key 202502: max(train E_ts)+48*300 = 1737489600 (2025-01-21 20:00) < min(test E_ts)-60*14400 = 1737504000 (2025-01-22 00:00) -> True gap 1.00 anchors; train_span 2022-01-08 00:00..2025-01-21 16:00 test_span 2025-02-01 00:00..2025-02-28 20:00
ASSERT fold 14 key 202503: max(train E_ts)+48*300 = 1739908800 (2025-02-18 20:00) < min(test E_ts)-60*14400 = 1739923200 (2025-02-19 00:00) -> True gap 1.00 anchors; train_span 2022-01-08 00:00..2025-02-18 16:00 test_span 2025-03-01 00:00..2025-03-31 20:00
ASSERT fold 15 key 202504: max(train E_ts)+48*300 = 1742587200 (2025-03-21 20:00) < min(test E_ts)-60*14400 = 1742601600 (2025-03-22 00:00) -> True gap 1.00 anchors; train_span 2022-01-08 00:00..2025-03-21 16:00 test_span 2025-04-01 00:00..2025-04-30 20:00
ASSERT fold 16 key 202505: max(train E_ts)+48*300 = 1745179200 (2025-04-20 20:00) < min(test E_ts)-60*14400 = 1745193600 (2025-04-21 00:00) -> True gap 1.00 anchors; train_span 2022-01-08 00:00..2025-04-20 16:00 test_span 2025-05-01 00:00..2025-05-31 20:00
ASSERT fold 17 key 202506: max(train E_ts)+48*300 = 1747857600 (2025-05-21 20:00) < min(test E_ts)-60*14400 = 1747872000 (2025-05-22 00:00) -> True gap 1.00 anchors; train_span 2022-01-08 00:00..2025-05-21 16:00 test_span 2025-06-01 00:00..2025-06-30 20:00
ASSERT fold 18 key 202507: max(train E_ts)+48*300 = 1750449600 (2025-06-20 20:00) < min(test E_ts)-60*14400 = 1750464000 (2025-06-21 00:00) -> True gap 1.00 anchors; train_span 2022-01-08 00:00..2025-06-20 16:00 test_span 2025-07-01 00:00..2025-07-31 20:00
ASSERT fold 19 key 202508: max(train E_ts)+48*300 = 1753128000 (2025-07-21 20:00) < min(test E_ts)-60*14400 = 1753142400 (2025-07-22 00:00) -> True gap 1.00 anchors; train_span 2022-01-08 00:00..2025-07-21 16:00 test_span 2025-08-01 00:00..2025-08-31 20:00
ASSERT fold 20 key 202509: max(train E_ts)+48*300 = 1755806400 (2025-08-21 20:00) < min(test E_ts)-60*14400 = 1755820800 (2025-08-22 00:00) -> True gap 1.00 anchors; train_span 2022-01-08 00:00..2025-08-21 16:00 test_span 2025-09-01 00:00..2025-09-30 20:00
ASSERT fold 21 key 202510: max(train E_ts)+48*300 = 1758398400 (2025-09-20 20:00) < min(test E_ts)-60*14400 = 1758412800 (2025-09-21 00:00) -> True gap 1.00 anchors; train_span 2022-01-08 00:00..2025-09-20 16:00 test_span 2025-10-01 00:00..2025-10-31 20:00
ASSERT fold 22 key 202511: max(train E_ts)+48*300 = 1761076800 (2025-10-21 20:00) < min(test E_ts)-60*14400 = 1761091200 (2025-10-22 00:00) -> True gap 1.00 anchors; train_span 2022-01-08 00:00..2025-10-21 16:00 test_span 2025-11-01 00:00..2025-11-30 20:00
ASSERT fold 23 key 202512: max(train E_ts)+48*300 = 1763668800 (2025-11-20 20:00) < min(test E_ts)-60*14400 = 1763683200 (2025-11-21 00:00) -> True gap 1.00 anchors; train_span 2022-01-08 00:00..2025-11-20 16:00 test_span 2025-12-01 00:00..2025-12-31 20:00
ASSERT fold 24 key 202601: max(train E_ts)+48*300 = 1766347200 (2025-12-21 20:00) < min(test E_ts)-60*14400 = 1766361600 (2025-12-22 00:00) -> True gap 1.00 anchors; train_span 2022-01-08 00:00..2025-12-21 16:00 test_span 2026-01-01 00:00..2026-01-31 20:00
ASSERT fold 25 key 202602: max(train E_ts)+48*300 = 1769025600 (2026-01-21 20:00) < min(test E_ts)-60*14400 = 1769040000 (2026-01-22 00:00) -> True gap 1.00 anchors; train_span 2022-01-08 00:00..2026-01-21 16:00 test_span 2026-02-01 00:00..2026-02-28 20:00
ASSERT fold 26 key 202603: max(train E_ts)+48*300 = 1771444800 (2026-02-18 20:00) < min(test E_ts)-60*14400 = 1771459200 (2026-02-19 00:00) -> True gap 1.00 anchors; train_span 2022-01-08 00:00..2026-02-18 16:00 test_span 2026-03-01 00:00..2026-03-31 20:00
ASSERT fold 27 key 202604: max(train E_ts)+48*300 = 1774123200 (2026-03-21 20:00) < min(test E_ts)-60*14400 = 1774137600 (2026-03-22 00:00) -> True gap 1.00 anchors; train_span 2022-01-08 00:00..2026-03-21 16:00 test_span 2026-04-01 00:00..2026-04-30 20:00
ASSERT fold 28 key 202605: max(train E_ts)+48*300 = 1776715200 (2026-04-20 20:00) < min(test E_ts)-60*14400 = 1776729600 (2026-04-21 00:00) -> True gap 1.00 anchors; train_span 2022-01-08 00:00..2026-04-20 16:00 test_span 2026-05-01 00:00..2026-05-31 20:00
ASSERT fold 29 key 202606: max(train E_ts)+48*300 = 1779393600 (2026-05-21 20:00) < min(test E_ts)-60*14400 = 1779408000 (2026-05-22 00:00) -> True gap 1.00 anchors; train_span 2022-01-08 00:00..2026-05-21 16:00 test_span 2026-06-01 00:00..2026-06-30 20:00
ASSERT fold 30 key 202607: max(train E_ts)+48*300 = 1781985600 (2026-06-20 20:00) < min(test E_ts)-60*14400 = 1782000000 (2026-06-21 00:00) -> True gap 1.00 anchors; train_span 2022-01-08 00:00..2026-06-20 16:00 test_span 2026-07-01 00:00..2026-07-31 20:00
ASSERT fold 31 key 202608: max(train E_ts)+48*300 = 1784664000 (2026-07-21 20:00) < min(test E_ts)-60*14400 = 1784678400 (2026-07-22 00:00) -> True gap 1.00 anchors; train_span 2022-01-08 00:00..2026-07-21 16:00 test_span 2026-08-01 00:00..2026-08-30 20:00
FOLDS 32 all K1 train_rows equal; prep+folds 5s
START RECEIPT: models_d1/fold000_202401.txt trees 400 fold-0 test predictions == K1 slow_pred_rollm rows: True max|Δ| 0.000e+00 n 45328
KR_IDENTITY {"decay_rate": 1.0, "refit_s": 5.9, "model_sha_equal": false, "sha_start": "1c383f4d8f755b13", "sha_refit": "ce77c9141fd6b532", "n_leaf_values": 25200, "leaf_values_equal": true, "leaf_maxabs": 0.0, "fold0_pred_equal": true, "fold0_pred_maxabs": 0.0, "model_string_lines_differ": 2, "diff_examples": [["[num_threads: 48]", "[num_threads: 12]"], ["[refit_decay_rate: 0.9]", "[refit_decay_rate: 1]"]]}
KC_IDENTITY {"path": "fallback: lgb.train(num_boost_round=1, init_model=start).predict(num_iteration=400) [0 rounds refused: ValueError: Number of boosting rounds must be greater than 0. Got 0.]", "s": 2.8, "trees_after": 401, "fold1_pred_equal_start": true, "fold1_pred_maxabs": 0.0, "n": 43891}
KC_SKLEARN_PATH {"fit_s": 4.5, "trees_after": 440, "expected": 440, "truncated_pred_equal_start": true, "truncated_pred_maxabs": 0.0}
IDENTITY_DONE all_identities_hold True wall 18s
