CONFIG {"MODE": "KR", "NJOBS": 12, "EMB_anchors": 60, "EMB_s": 864000, "LABEL_s": 14400, "SEED0": 20260905, "DECAY": 0.9, "NEW_TREES": 40, "AGE_MAX": 12, "train_rule": "E_ts + 48*300 < first_test_E_ts - 60*14400 (K1 rule verbatim; strict '<')", "start_model": "/workspace/review_scratch/cadence_seats/axisA/models_d1/fold000_202401.txt", "start_model_sha256": "1c383f4d8f755b13e37d53d1f4dcb4bb2053f80df00e431974ac269ccfe371d8", "lightgbm": "4.7.0", "numpy": "2.4.6", "python": "3.11.10", "self_sha256": "37cd588136ba66f3da11d6fdbfd743e6d7e24b88e54b255f943be8161b9fb44b", "FEA": "/workspace/data/wide_fea_v2ext.npy", "META": "/workspace/data/wide_fea_v2ext_meta.npz", "k1_lgbm_params": {"n_estimators": 400, "learning_rate": 0.05, "num_leaves": 63, "subsample": 0.8, "colsample_bytree": 0.8, "verbose": -1}, "k1_folds_d1_json": "/workspace/review_scratch/cadence_seats/axisA/folds_d1.json", "k1_npy": "/workspace/review_scratch/rolling_king/slow_pred_rollm.npy", "OMP_NUM_THREADS": "12"}
PREP X (2741477, 78) float32 Y (2741477,) rows_anchors 10176/10176 keep 78 E_ts[0] 2022-01-08 00:00 E_ts[-1] 2026-08-30 20:00 prep_s 4.0
ASSERT fold 0 key 202401: max(train E_ts)+48*300 = 1703188800 (2023-12-21 20:00) < min(test E_ts)-60*14400 = 1703203200 (2023-12-22 00:00) -> True gap 1.00 anchors; train_span 2022-01-08 00:00..2023-12-21 16:00 test_span 2024-01-01 00:00..2024-01-31 20:00
ASSERT fold 1 key 202402: max(train E_ts)+48*300 = 1705867200 (2024-01-21 20:00) < min(test E_ts)-60*14400 = 1705881600 (2024-01-22 00:00) -> True gap 1.00 anchors; train_span 2022-01-08 00:00..2024-01-21 16:00 test_span 2024-02-01 00:00..2024-02-29 20:00
ASSERT fold 2 key 202403: max(train E_ts)+48*300 = 1708372800 (2024-02-19 20:00) < min(test E_ts)-60*14400 = 1708387200 (2024-02-20 00:00) -> True gap 1.00 anchors; train_span 2022-01-08 00:00..2024-02-19 16:00 test_span 2024-03-01 00:00..2024-03-31 20:00
ASSERT fold 3 key 202404: max(train E_ts)+48*300 = 1711051200 (2024-03-21 20:00) < min(test E_ts)-60*14400 = 1711065600 (2024-03-22 00:00) -> True gap 1.00 anchors; train_span 2022-01-08 00:00..2024-03-21 16:00 test_span 2024-04-01 00:00..2024-04-30 20:00
ASSERT fold 4 key 202405: max(train E_ts)+48*300 = 1713643200 (2024-04-20 20:00) < min(test E_ts)-60*14400 = 1713657600 (2024-04-21 00:00) -> True gap 1.00 anchors; train_span 2022-01-08 00:00..2024-04-20 16:00 test_span 2024-05-01 00:00..2024-05-31 20:00
ASSERT fold 5 key 202406: max(train E_ts)+48*300 = 1716321600 (2024-05-21 20:00) < min(test E_ts)-60*14400 = 1716336000 (2024-05-22 00:00) -> True gap 1.00 anchors; train_span 2022-01-08 00:00..2024-05-21 16:00 test_span 2024-06-01 00:00..2024-06-30 20:00
ASSERT fold 6 key 202407: max(train E_ts)+48*300 = 1718913600 (2024-06-20 20:00) < min(test E_ts)-60*14400 = 1718928000 (2024-06-21 00:00) -> True gap 1.00 anchors; train_span 2022-01-08 00:00..2024-06-20 16:00 test_span 2024-07-01 00:00..2024-07-31 20:00
ASSERT fold 7 key 202408: max(train E_ts)+48*300 = 1721592000 (2024-07-21 20:00) < min(test E_ts)-60*14400 = 1721606400 (2024-07-22 00:00) -> True gap 1.00 anchors; train_span 2022-01-08 00:00..2024-07-21 16:00 test_span 2024-08-01 00:00..2024-08-31 20:00
ASSERT fold 8 key 202409: max(train E_ts)+48*300 = 1724270400 (2024-08-21 20:00) < min(test E_ts)-60*14400 = 1724284800 (2024-08-22 00:00) -> True gap 1.00 anchors; train_span 2022-01-08 00:00..2024-08-21 16:00 test_span 2024-09-01 00:00..2024-09-30 20:00
ASSERT fold 9 key 202410: max(train E_ts)+48*300 = 1726862400 (2024-09-20 20:00) < min(test E_ts)-60*14400 = 1726876800 (2024-09-21 00:00) -> True gap 1.00 anchors; train_span 2022-01-08 00:00..2024-09-20 16:00 test_span 2024-10-01 00:00..2024-10-31 20:00
ASSERT fold 10 key 202411: max(train E_ts)+48*300 = 1729540800 (2024-10-21 20:00) < min(test E_ts)-60*14400 = 1729555200 (2024-10-22 00:00) -> True gap 1.00 anchors; train_span 2022-01-08 00:00..2024-10-21 16:00 test_span 2024-11-01 00:00..2024-11-30 20:00
ASSERT fold 11 key 202412: max(train E_ts)+48*300 = 1732132800 (2024-11-20 20:00) < min(test E_ts)-60*14400 = 1732147200 (2024-11-21 00:00) -> True gap 1.00 anchors; train_span 2022-01-08 00:00..2024-11-20 16:00 test_span 2024-12-01 00:00..2024-12-31 20:00
ASSERT fold 12 key 202501: max(train E_ts)+48*300 = 1734811200 (2024-12-21 20:00) < min(test E_ts)-60*14400 = 1734825600 (2024-12-22 00:00) -> True gap 1.00 anchors; train_span 2022-01-08 00:00..2024-12-21 16:00 test_span 2025-01-01 00:00..2025-01-31 20:00
ASSERT fold 13 key 202502: max(train E_ts)+48*300 = 1737489600 (2025-01-21 20:00) < min(test E_ts)-60*14400 = 1737504000 (2025-01-22 00:00) -> True gap 1.00 anchors; train_span 2022-01-08 00:00..2025-01-21 16:00 test_span 2025-02-01 00:00..2025-02-28 20:00
ASSERT fold 14 key 202503: max(train E_ts)+48*300 = 1739908800 (2025-02-18 20:00) < min(test E_ts)-60*14400 = 1739923200 (2025-02-19 00:00) -> True gap 1.00 anchors; train_span 2022-01-08 00:00..2025-02-18 16:00 test_span 2025-03-01 00:00..2025-03-31 20:00
ASSERT fold 15 key 202504: max(train E_ts)+48*300 = 1742587200 (2025-03-21 20:00) < min(test E_ts)-60*14400 = 1742601600 (2025-03-22 00:00) -> True gap 1.00 anchors; train_span 2022-01-08 00:00..2025-03-21 16:00 test_span 2025-04-01 00:00..2025-04-30 20:00
ASSERT fold 16 key 202505: max(train E_ts)+48*300 = 1745179200 (2025-04-20 20:00) < min(test E_ts)-60*14400 = 1745193600 (2025-04-21 00:00) -> True gap 1.00 anchors; train_span 2022-01-08 00:00..2025-04-20 16:00 test_span 2025-05-01 00:00..2025-05-31 20:00
ASSERT fold 17 key 202506: max(train E_ts)+48*300 = 1747857600 (2025-05-21 20:00) < min(test E_ts)-60*14400 = 1747872000 (2025-05-22 00:00) -> True gap 1.00 anchors; train_span 2022-01-08 00:00..2025-05-21 16:00 test_span 2025-06-01 00:00..2025-06-30 20:00
ASSERT fold 18 key 202507: max(train E_ts)+48*300 = 1750449600 (2025-06-20 20:00) < min(test E_ts)-60*14400 = 1750464000 (2025-06-21 00:00) -> True gap 1.00 anchors; train_span 2022-01-08 00:00..2025-06-20 16:00 test_span 2025-07-01 00:00..2025-07-31 20:00
ASSERT fold 19 key 202508: max(train E_ts)+48*300 = 1753128000 (2025-07-21 20:00) < min(test E_ts)-60*14400 = 1753142400 (2025-07-22 00:00) -> True gap 1.00 anchors; train_span 2022-01-08 00:00..2025-07-21 16:00 test_span 2025-08-01 00:00..2025-08-31 20:00
ASSERT fold 20 key 202509: max(train E_ts)+48*300 = 1755806400 (2025-08-21 20:00) < min(test E_ts)-60*14400 = 1755820800 (2025-08-22 00:00) -> True gap 1.00 anchors; train_span 2022-01-08 00:00..2025-08-21 16:00 test_span 2025-09-01 00:00..2025-09-30 20:00
ASSERT fold 21 key 202510: max(train E_ts)+48*300 = 1758398400 (2025-09-20 20:00) < min(test E_ts)-60*14400 = 1758412800 (2025-09-21 00:00) -> True gap 1.00 anchors; train_span 2022-01-08 00:00..2025-09-20 16:00 test_span 2025-10-01 00:00..2025-10-31 20:00
ASSERT fold 22 key 202511: max(train E_ts)+48*300 = 1761076800 (2025-10-21 20:00) < min(test E_ts)-60*14400 = 1761091200 (2025-10-22 00:00) -> True gap 1.00 anchors; train_span 2022-01-08 00:00..2025-10-21 16:00 test_span 2025-11-01 00:00..2025-11-30 20:00
ASSERT fold 23 key 202512: max(train E_ts)+48*300 = 1763668800 (2025-11-20 20:00) < min(test E_ts)-60*14400 = 1763683200 (2025-11-21 00:00) -> True gap 1.00 anchors; train_span 2022-01-08 00:00..2025-11-20 16:00 test_span 2025-12-01 00:00..2025-12-31 20:00
ASSERT fold 24 key 202601: max(train E_ts)+48*300 = 1766347200 (2025-12-21 20:00) < min(test E_ts)-60*14400 = 1766361600 (2025-12-22 00:00) -> True gap 1.00 anchors; train_span 2022-01-08 00:00..2025-12-21 16:00 test_span 2026-01-01 00:00..2026-01-31 20:00
ASSERT fold 25 key 202602: max(train E_ts)+48*300 = 1769025600 (2026-01-21 20:00) < min(test E_ts)-60*14400 = 1769040000 (2026-01-22 00:00) -> True gap 1.00 anchors; train_span 2022-01-08 00:00..2026-01-21 16:00 test_span 2026-02-01 00:00..2026-02-28 20:00
ASSERT fold 26 key 202603: max(train E_ts)+48*300 = 1771444800 (2026-02-18 20:00) < min(test E_ts)-60*14400 = 1771459200 (2026-02-19 00:00) -> True gap 1.00 anchors; train_span 2022-01-08 00:00..2026-02-18 16:00 test_span 2026-03-01 00:00..2026-03-31 20:00
ASSERT fold 27 key 202604: max(train E_ts)+48*300 = 1774123200 (2026-03-21 20:00) < min(test E_ts)-60*14400 = 1774137600 (2026-03-22 00:00) -> True gap 1.00 anchors; train_span 2022-01-08 00:00..2026-03-21 16:00 test_span 2026-04-01 00:00..2026-04-30 20:00
ASSERT fold 28 key 202605: max(train E_ts)+48*300 = 1776715200 (2026-04-20 20:00) < min(test E_ts)-60*14400 = 1776729600 (2026-04-21 00:00) -> True gap 1.00 anchors; train_span 2022-01-08 00:00..2026-04-20 16:00 test_span 2026-05-01 00:00..2026-05-31 20:00
ASSERT fold 29 key 202606: max(train E_ts)+48*300 = 1779393600 (2026-05-21 20:00) < min(test E_ts)-60*14400 = 1779408000 (2026-05-22 00:00) -> True gap 1.00 anchors; train_span 2022-01-08 00:00..2026-05-21 16:00 test_span 2026-06-01 00:00..2026-06-30 20:00
ASSERT fold 30 key 202607: max(train E_ts)+48*300 = 1781985600 (2026-06-20 20:00) < min(test E_ts)-60*14400 = 1782000000 (2026-06-21 00:00) -> True gap 1.00 anchors; train_span 2022-01-08 00:00..2026-06-20 16:00 test_span 2026-07-01 00:00..2026-07-31 20:00
ASSERT fold 31 key 202608: max(train E_ts)+48*300 = 1784664000 (2026-07-21 20:00) < min(test E_ts)-60*14400 = 1784678400 (2026-07-22 00:00) -> True gap 1.00 anchors; train_span 2022-01-08 00:00..2026-07-21 16:00 test_span 2026-08-01 00:00..2026-08-30 20:00
FOLDS 32 all K1 train_rows equal; prep+folds 5s
START RECEIPT: models_d1/fold000_202401.txt trees 400 fold-0 test predictions == K1 slow_pred_rollm rows: True max|Δ| 0.000e+00 n 45328
FOLD 0 key 202401 start model (K1 2024-01) train_rows 694846 test_anchors 186 fit_s 0.0 rankIC +0.0799 (K1 +0.0799) trees 400 bytes 2364599 cons_prev +nan booster 1c383f4d8f755b13 elapsed 7s
FOLD 1 key 202402 refit(prev, fold train window, decay 0.9) train_rows 739796 test_anchors 174 fit_s 8.5 rankIC +0.0662 (K1 +0.0636) trees 400 bytes 2364804 cons_prev +0.998 booster b8d61efdea1a077d elapsed 17s
FOLD 2 key 202403 refit(prev, fold train window, decay 0.9) train_rows 783135 test_anchors 186 fit_s 8.6 rankIC +0.0673 (K1 +0.0698) trees 400 bytes 2364784 cons_prev +0.998 booster 0d3a2964d9f17c08 elapsed 28s
FOLD 3 key 202404 refit(prev, fold train window, decay 0.9) train_rows 831269 test_anchors 180 fit_s 7.4 rankIC +0.0549 (K1 +0.0620) trees 400 bytes 2364842 cons_prev +0.999 booster 2a2b772bf463f244 elapsed 37s
FOLD 4 key 202405 refit(prev, fold train window, decay 0.9) train_rows 878888 test_anchors 186 fit_s 8.1 rankIC +0.0364 (K1 +0.0373) trees 400 bytes 2365377 cons_prev +0.999 booster cd8c9ecf529f9587 elapsed 47s
FOLD 5 key 202406 refit(prev, fold train window, decay 0.9) train_rows 928597 test_anchors 180 fit_s 9.3 rankIC +0.0377 (K1 +0.0498) trees 400 bytes 2365594 cons_prev +0.999 booster 141a37cd830fa0b6 elapsed 58s
FOLD 6 key 202407 refit(prev, fold train window, decay 0.9) train_rows 975508 test_anchors 186 fit_s 10.1 rankIC +0.0493 (K1 +0.0463) trees 400 bytes 2365885 cons_prev +0.999 booster 0d82240f929a958b elapsed 70s
FOLD 7 key 202408 refit(prev, fold train window, decay 0.9) train_rows 1024427 test_anchors 186 fit_s 8.7 rankIC +0.0575 (K1 +0.0647) trees 400 bytes 2366220 cons_prev +0.999 booster d005422b46f9ab74 elapsed 81s
FOLD 8 key 202409 refit(prev, fold train window, decay 0.9) train_rows 1073101 test_anchors 180 fit_s 11.3 rankIC +0.0516 (K1 +0.0566) trees 400 bytes 2366483 cons_prev +0.999 booster 687a499de1e12fe6 elapsed 95s
FOLD 9 key 202410 refit(prev, fold train window, decay 0.9) train_rows 1122445 test_anchors 186 fit_s 12.0 rankIC +0.0720 (K1 +0.0801) trees 400 bytes 2366749 cons_prev +0.999 booster 745c13b869983b90 elapsed 109s
FOLD 10 key 202411 refit(prev, fold train window, decay 0.9) train_rows 1176741 test_anchors 180 fit_s 12.3 rankIC +0.0761 (K1 +0.0850) trees 400 bytes 2367024 cons_prev +0.999 booster 9a366a708312f109 elapsed 123s
FOLD 11 key 202412 refit(prev, fold train window, decay 0.9) train_rows 1230937 test_anchors 186 fit_s 8.2 rankIC +0.0550 (K1 +0.0670) trees 400 bytes 2367302 cons_prev +0.999 booster 08aeab1124438908 elapsed 133s
FOLD 12 key 202501 refit(prev, fold train window, decay 0.9) train_rows 1290492 test_anchors 186 fit_s 13.7 rankIC +0.0524 (K1 +0.0800) trees 400 bytes 2367422 cons_prev +0.999 booster bc3bcb7c5f2b0d7b elapsed 150s
FOLD 13 key 202502 refit(prev, fold train window, decay 0.9) train_rows 1353644 test_anchors 168 fit_s 11.6 rankIC +0.0539 (K1 +0.0607) trees 400 bytes 2367839 cons_prev +0.998 booster 16a7554a0855af47 elapsed 164s
FOLD 14 key 202503 refit(prev, fold train window, decay 0.9) train_rows 1413353 test_anchors 186 fit_s 13.5 rankIC +0.0565 (K1 +0.0738) trees 400 bytes 2368102 cons_prev +0.998 booster a5cf29c1aa3e0006 elapsed 179s
FOLD 15 key 202504 refit(prev, fold train window, decay 0.9) train_rows 1480918 test_anchors 180 fit_s 13.9 rankIC +0.0359 (K1 +0.0445) trees 400 bytes 2368464 cons_prev +0.999 booster 5dd5752b8157c097 elapsed 196s
FOLD 16 key 202505 refit(prev, fold train window, decay 0.9) train_rows 1549071 test_anchors 186 fit_s 16.1 rankIC +0.0497 (K1 +0.0593) trees 400 bytes 2368674 cons_prev +0.999 booster 59a428f164fc31b4 elapsed 214s
FOLD 17 key 202506 refit(prev, fold train window, decay 0.9) train_rows 1622677 test_anchors 180 fit_s 15.7 rankIC +0.0648 (K1 +0.0749) trees 400 bytes 2368983 cons_prev +0.999 booster 4bb48bec43e5a003 elapsed 231s
FOLD 18 key 202507 refit(prev, fold train window, decay 0.9) train_rows 1694677 test_anchors 186 fit_s 16.6 rankIC +0.0714 (K1 +0.0797) trees 400 bytes 2369104 cons_prev +0.999 booster 1c1ed23cfd62d54e elapsed 251s
FOLD 19 key 202508 refit(prev, fold train window, decay 0.9) train_rows 1769077 test_anchors 186 fit_s 15.2 rankIC +0.0711 (K1 +0.0802) trees 400 bytes 2369400 cons_prev +0.999 booster e842a36aff78b77d elapsed 269s
FOLD 20 key 202509 refit(prev, fold train window, decay 0.9) train_rows 1843477 test_anchors 180 fit_s 19.6 rankIC +0.0490 (K1 +0.0557) trees 400 bytes 2369560 cons_prev +0.999 booster fd60c2fdb1596231 elapsed 292s
FOLD 21 key 202510 refit(prev, fold train window, decay 0.9) train_rows 1915477 test_anchors 186 fit_s 18.8 rankIC +0.0556 (K1 +0.0656) trees 400 bytes 2369678 cons_prev +0.999 booster d9feb05945fa9496 elapsed 313s
FOLD 22 key 202511 refit(prev, fold train window, decay 0.9) train_rows 1989877 test_anchors 180 fit_s 13.4 rankIC +0.0714 (K1 +0.0786) trees 400 bytes 2370016 cons_prev +0.999 booster 1bd81f6f2bb04865 elapsed 328s
FOLD 23 key 202512 refit(prev, fold train window, decay 0.9) train_rows 2061877 test_anchors 186 fit_s 14.6 rankIC +0.0560 (K1 +0.0656) trees 400 bytes 2370344 cons_prev +0.999 booster 08d475d70947bb89 elapsed 344s
FOLD 24 key 202601 refit(prev, fold train window, decay 0.9) train_rows 2136277 test_anchors 186 fit_s 15.3 rankIC +0.0600 (K1 +0.0733) trees 400 bytes 2370447 cons_prev +0.999 booster 844107ec4ddaa69c elapsed 361s
FOLD 25 key 202602 refit(prev, fold train window, decay 0.9) train_rows 2210677 test_anchors 168 fit_s 15.6 rankIC +0.0380 (K1 +0.0508) trees 400 bytes 2370813 cons_prev +0.999 booster db79be279e0215ab elapsed 378s
FOLD 26 key 202603 refit(prev, fold train window, decay 0.9) train_rows 2277877 test_anchors 186 fit_s 16.5 rankIC +0.0510 (K1 +0.0637) trees 400 bytes 2371087 cons_prev +0.999 booster 8a74d75d0a3dc9fe elapsed 395s
FOLD 27 key 202604 refit(prev, fold train window, decay 0.9) train_rows 2352277 test_anchors 180 fit_s 16.6 rankIC +0.0606 (K1 +0.0675) trees 400 bytes 2371365 cons_prev +1.000 booster 4c8d0499878933ad elapsed 413s
FOLD 28 key 202605 refit(prev, fold train window, decay 0.9) train_rows 2424277 test_anchors 186 fit_s 15.6 rankIC +0.0576 (K1 +0.0616) trees 400 bytes 2371574 cons_prev +1.000 booster 0f1f2873d412811d elapsed 429s
FOLD 29 key 202606 refit(prev, fold train window, decay 0.9) train_rows 2498677 test_anchors 180 fit_s 16.1 rankIC +0.0360 (K1 +0.0417) trees 400 bytes 2371816 cons_prev +1.000 booster 3882cd9288ad6265 elapsed 446s
FOLD 30 key 202607 refit(prev, fold train window, decay 0.9) train_rows 2570677 test_anchors 186 fit_s 16.4 rankIC +0.0644 (K1 +0.0644) trees 400 bytes 2372010 cons_prev +1.000 booster 9dd7ede24445e833 elapsed 463s
FOLD 31 key 202608 refit(prev, fold train window, decay 0.9) train_rows 2645077 test_anchors 180 fit_s 17.1 rankIC +0.0434 (K1 +0.0461) trees 400 bytes 2372163 cons_prev +1.000 booster e969aba45635d4be elapsed 480s
SAVED /workspace/review_scratch/cadence_seats/axisA_incremental/slow_pred_KR.npy shape (10176, 829) sha256 879ab60b75f4838859791fd95a5c1ace0dbcfc746a59c3cad8141e3f9ab0008f finite_anchors 5838 pre2024_all_nan True finite_mask_equal_pinned True fold0_equal_k1 True
IC_AGE KR: {"by_age": {"1": 0.05505, "2": 0.05413, "3": 0.05329, "4": 0.05246, "5": 0.05155, "6": 0.05065, "7": 0.04971, "8": 0.04875, "9": 0.04775, "10": 0.04674, "11": 0.04572, "12": 0.04466}, "paired": {"age1_minus_age12": 0.010391135700047016, "se": 0.0006805724708151762, "n": 3828}}
DONE KR folds 32 total_fit_s 416.4 final_trees 400 consistency_mean 0.9990677419354841 wall 493s
