# 复跑命令(逐字): cd /Users/haosiyu/Desktop/quant_research && /usr/bin/python3 multi_asset/exports/research/ic_step_2026-09-19/blend_layers_ic.py
# 装置 sha256 991a8b5445b6766998817a14f5dca251f406f46c4d7ff6f7f8f5d29172aea9c3
# 生成于 2026-09-19T05:36:16Z  退出码 0  (上一版装置与收据存档: archive/blend_layers_ic_22d2c826.py / .out)
可评分锚 122  (08-26 04Z .. 09-18 20Z);  逐锚六层共同名 中位 233
窗口冻结: 起点锚 08-26 04Z .. 09-18 20Z(与 22d2c826 收据、复审 R4 探针同窗)
跳过: {'missing_layer': 2, 'no_next': 6, 'small_common': 0}  明细: 08-26 12Z=no_next, 08-29 20Z=missing_layer, 08-30 00Z=missing_layer, 09-01 20Z=no_next, 09-06 08Z=no_next, 09-09 08Z=no_next, 09-09 16Z=no_next, 09-12 12Z=no_next
★ 六层限制在【同一批名】上(第一、第二部分同一人口)

窗口               n  KING_FORM         KC         FC      COMBO      FINAL       HELD
整个 combo 期     122   +0.00287   -0.00057   -0.00866   -0.00317   -0.00318   -0.00352
九月              91   -0.00319   -0.00792   -0.01555   -0.01046   -0.01046   -0.01119
最近 24 锚         24   -0.01807   -0.02422   -0.03899   -0.03094   -0.03094   -0.03107

=== 配对差, 整个 combo 期; 块长敏感性 1/2/3/5 日(各 8000 次, seed 20260919) ===
  ★ 「含0」用闭区间 lo <= 0 <= hi —— 更早一版写成开区间, 退化区间 [0,0] 被误判为「不含 0」
  配对                     点估计                    1日块 CI                    2日块 CI                    3日块 CI                    5日块 CI   含义
  KC − KING_FORM    -0.00345    [-0.00644,-0.00036]  ★    [-0.00617,-0.00058]  ★    [-0.00559,-0.00127]  ★    [-0.00636,-0.00089]  ★   去 rev24 + 换到 combo 状态链(两件事叠加)
  FC − KC           -0.00808    [-0.01356,-0.00306]  ★    [-0.01250,-0.00382]  ★    [-0.01437,-0.00224]  ★    [-0.01160,-0.00502]  ★   生产 KC/FC 状态链比较(非原始模型分数比较)
  COMBO − KC        -0.00260    [-0.00478,-0.00051]  ★    [-0.00439,-0.00082]  ★    [-0.00558,-0.00011]  ★    [-0.00480,-0.00132]  ★   combo 书 vs KC 状态链(混入 45% FC 链)
  FINAL − COMBO     -0.00000    [-0.00000,+0.00000]·含0    [-0.00000,+0.00000]·含0    [-0.00000,+0.00000]·含0    [-0.00000,+0.00000]·含0   combo → 执行目标(只差 reshape)
  HELD − FINAL      -0.00035    [-0.00235,+0.00160]·含0    [-0.00104,+0.00040]·含0    [-0.00187,+0.00093]·含0    [-0.00089,+0.00013]·含0   持仓回读 vs 目标(共同持有人口·回读时钟; 非执行因果)

  日数 24 ⇒ 块数 1日 24 / 2日 12 / 3日 8 / 5日 5

★ 边界: IC 是排序量不是净额量; 本装置不主张移除 F10 / 改 55/45 / 换形态会更赚钱。
  FC − KC 是两条生产状态链之差(各自历史/初始化/免交易带), 不是「F10 分数代替 king 分数」的单变量效应。
  FTRIM 前与 chain 前的 z 未归档, 这两层本装置测不到。


=== 第二部分: 书层价格分量(每层去均值, bps/锚/gross; 不含资金费 carry, 不扣费; 【与第一部分同一逐锚人口】) ===
人口对账: 旧口径下「六层各自人口」与共同人口【集合】不同的锚 121/122(只看计数不同的锚 121/122, 计数相同但集合不同的锚 0)
  逐层各自人口大小(中位/最小/最大) vs 共同人口 中位 233 / 最小 137 / 最大 279:
   KING_FORM 234.5/139/280  KC 234.0/139/280  FC 237.0/143/279  COMBO 237.0/143/280  FINAL 237.0/143/280  HELD 247.0/143/329
  各层 gross 落在共同人口外的份额(均值/中位/最大): KING_FORM 5.88%/4.71%/42.06%  KC 5.31%/4.15%/42.12%  FC 4.79%/4.02%/44.44%  COMBO 5.13%/4.17%/42.78%  FINAL 5.09%/4.11%/43.06%  HELD 0.97%/0.59%/7.87%
读价时钟(read_ts − 名义格点锚):
  起点 A, 所有非零回读行: 中位 43.89 / p10 41.32 / p90 45.23 / 最小 39.40 / 最大 47.13 分钟  (行数 30520)
  起点 A, 共同人口:       中位 43.93 / p10 41.35 / p90 45.23 / 最小 39.40 / 最大 47.13 分钟
  终点 B, 共同人口:       中位 43.98 / p10 41.32 / p90 45.23 / 最小 29.06 / 最大 47.13 分钟
  实际读价间隔 read_ts(B) − read_ts(A): 中位 4.000 h / 最小 3.786 / 最大 4.103   (缺 read_ts 退回 anchor_ts 的回读行: 0)
  ⇒ 目标写出到第一次读价之间的价格变化、成交与未成交, 不在这个量里。
平仓区间(同格点内非零回读后被零仓回读取代; 读者只收非零行):
  08-26 12Z  被取代 334 名  来源 ['ladder_flatten@post_flatten']  不作为起点(无 6h 内下一有价格点); 作为终点: 08-26 08Z→08-26 12Z 用的是平仓前读价
  09-06 08Z  被取代 268 名  来源 ['ladder_flatten@post_flatten']  不作为起点(无 6h 内下一有价格点); 作为终点: 09-06 04Z→09-06 08Z 用的是平仓前读价
  09-09 16Z  被取代 243 名  来源 ['ladder_flatten@post_flatten']  不作为起点(无 6h 内下一有价格点)
  09-12 12Z  被取代 255 名  来源 ['ladder_flatten@post_flatten']  不作为起点(无 6h 内下一有价格点); 作为终点: 09-12 08Z→09-12 12Z 用的是平仓前读价
  共 4 个平仓格点, 1100 条被取代的非零行; 入选起点的平仓格点 0 个
  ⇒ 平仓本身、平仓后 halt 的区间都不在本量里; 以平仓格点为终点的区间只算到平仓前读价。

原始净敞口(净/gross, 共同人口)均值: KING_FORM -0.068  KC -0.070  FC -0.042  COMBO -0.011  FINAL -0.059  HELD -0.003
窗口               n  KING_FORM         KC         FC      COMBO      FINAL       HELD
整个 combo 期     122     +1.165     +0.715     +0.785     +0.811     +0.811     +1.881
九月              91     +0.183     -0.588     -0.150     -0.404     -0.404     +1.189
最近 24 锚         24     -3.411     -5.425     -6.711     -6.153     -6.153     -6.086

  配对差(同一人口), 块自举各 6000 次, seed 20260919+100+块长; 「含0」= 闭区间 lo <= 0 <= hi
  配对                      旧口径点估计       修正点估计                    1日块 CI                    3日块 CI                    5日块 CI   含义
  KC − KING_FORM       -0.469047   -0.449158      [-1.4963,+0.6182]·含0      [-1.4901,+0.6735]·含0      [-1.2666,+0.1941]·含0   去 rev24 + 换到 combo 状态链(两件事叠加)
  FC − KC              +0.012325   +0.069147      [-1.3151,+1.3042]·含0      [-1.5870,+1.6705]·含0      [-0.9017,+1.0841]·含0   生产 KC/FC 状态链比较(非原始模型分数比较)
  COMBO − KC           +0.074061   +0.095582      [-0.4780,+0.6118]·含0      [-0.6485,+0.7721]·含0      [-0.3440,+0.5050]·含0   combo 书 vs KC 状态链(混入 45% FC 链)
  FINAL − COMBO        -0.000000   +0.000000      [-0.0000,+0.0000]·含0      [-0.0000,+0.0000]·含0      [-0.0000,+0.0000]·含0   combo → 执行目标(只差 reshape)
  HELD − FINAL         +1.048345   +1.070139      [-0.7221,+3.3046]·含0      [-0.3295,+3.5515]·含0      [+0.0678,+2.5480]  ★   持仓回读 vs 目标(共同持有人口·回读时钟; 非执行因果)
  COMBO − KING_FORM     -0.394986   -0.353576      [-1.6116,+0.9341]·含0      [-1.8245,+1.0068]·含0      [-1.6480,+0.6043]·含0   换装净形态差(去 rev24 + 混 FC 链 + 换链; 上一版报告「另算」项)

  —— 旧口径(22d2c826 第二部分: 逐层各自人口, 已作废; 只为证明本装置逐值复现上一版收据) ——
  原始净敞口(净/gross, 各自人口)均值: KING_FORM -0.069  KC -0.071  FC -0.041  COMBO -0.010  FINAL -0.060  HELD -0.002
  窗口               n  KING_FORM         KC         FC      COMBO      FINAL       HELD
  整个 combo 期     122     +1.219     +0.750     +0.762     +0.824     +0.824     +1.872
  九月              91     +0.214     -0.583     -0.171     -0.413     -0.413     +1.154
  最近 24 锚         24     -3.361     -5.433     -6.760     -6.177     -6.177     -6.111
  配对                      点估计                1日块 CI                3日块 CI                5日块 CI
  KC − KING_FORM       -0.469      [-1.52,+0.60]·含0      [-1.52,+0.66]·含0      [-1.30,+0.18]·含0
  FC − KC              +0.012      [-1.38,+1.26]·含0      [-1.68,+1.65]·含0      [-0.97,+1.05]·含0
  COMBO − KC           +0.074      [-0.50,+0.59]·含0      [-0.67,+0.76]·含0      [-0.36,+0.49]·含0
  FINAL − COMBO        -0.000      [-0.00,+0.00]·含0      [-0.00,+0.00]·含0      [-0.00,+0.00]·含0
  HELD − FINAL         +1.048      [-0.72,+3.26]·含0      [-0.34,+3.50]·含0      [+0.05,+2.52]  ★
  COMBO − KING_FORM    -0.395      [-1.66,+0.89]·含0      [-1.87,+0.98]·含0      [-1.72,+0.58]·含0

=== 与复审 R4 探针(agents/blend/probe_result.json, book_common)逐值对账 ===
  文件 sha256 901a994e929a6fe7e6e342f09efccdef4f6e3867b2891085a262b2adc166b4e1  复审 n=122 日=24  复审「逐层人口不同的锚」=121(按计数)
  KC − KING_FORM   本装置 -0.44915751  复审 -0.44915751  |Δ| 0.00e+00   3日块 本 [-1.4901,+0.6735] 复审 [-1.4901,+0.6735]
  FC − KC          本装置 +0.06914652  复审 +0.06914652  |Δ| 0.00e+00   3日块 本 [-1.5870,+1.6705] 复审 [-1.5870,+1.6705]
  COMBO − KC       本装置 +0.09558186  复审 +0.09558186  |Δ| 0.00e+00   3日块 本 [-0.6485,+0.7721] 复审 [-0.6485,+0.7721]
  FINAL − COMBO    本装置 +0.00000029  复审 +0.00000029  |Δ| 0.00e+00   3日块 本 [-0.0000,+0.0000] 复审 [-0.0000,+0.0000]
  HELD − FINAL     本装置 +1.07013902  复审 +1.07013902  |Δ| 0.00e+00   3日块 本 [-0.3295,+3.5515] 复审 [-0.3295,+3.5515]

=== 状态链事实(FC − KC 为什么不是原始分数比较) ===
  入选锚中链状态非 own(热启动)的锚: 08-30 04Z kc=warmstart_live_H fc=warmstart_f10_H
  有 FTRIM 字段的入选锚 84, 其中 kc/fc FTRIM 名单不同的锚 0
  ⇒ 当期输入的差只在模型项(同资金费腿、同席位、FTRIM 名单相同), 但比较对象是带历史与初始化的状态;
    免交易带使 chain 非线性、路径依赖 ⇒ FC − KC 的秩差不能归给「F10 分数 vs king 分数」。
  原始分数对照: 【未做】。需要已认证的 as-of 回放装置(p2_attr_chain_asof.py 一族, 先对生产 3520d363 重生成并过平价)
    导出 chain 前、FTRIM 前的 z_king / z_F10, 并在【同一固定前态】H 下各走一次 chain, 单独替换原始分数;
    与「完整历史路径效应」分开报告, 不混用两个估计对象。

=== 逐锚人口(A→B, 共同人口 n, 旧口径各层各自人口 n: KING_FORM/KC/FC/COMBO/FINAL/HELD, 集合是否不同) ===
  08-26 04Z→08-26 08Z  n=279  own=280/280/279/280/280/329  集合不同
  08-26 08Z→08-26 12Z  n=278  own=278/278/278/278/278/327  集合不同
  08-26 20Z→08-27 00Z  n=178  own=178/178/178/178/178/178  集合相同
  08-27 00Z→08-27 04Z  n=251  own=251/251/251/251/251/253  集合不同
  08-27 04Z→08-27 08Z  n=265  own=265/266/265/266/266/267  集合不同
  08-27 08Z→08-27 12Z  n=272  own=272/272/272/272/272/273  集合不同
  08-27 12Z→08-27 16Z  n=274  own=274/274/276/276/276/279  集合不同
  08-27 16Z→08-27 20Z  n=271  own=271/271/273/273/273/277  集合不同
  08-27 20Z→08-28 00Z  n=270  own=270/270/272/272/272/278  集合不同
  08-28 00Z→08-28 04Z  n=270  own=270/270/272/272/272/279  集合不同
  08-28 04Z→08-28 08Z  n=268  own=268/268/270/270/270/277  集合不同
  08-28 08Z→08-28 12Z  n=264  own=264/264/266/266/266/274  集合不同
  08-28 12Z→08-28 16Z  n=261  own=261/262/264/264/264/272  集合不同
  08-28 16Z→08-28 20Z  n=263  own=263/264/266/266/266/274  集合不同
  08-28 20Z→08-29 00Z  n=261  own=261/261/263/263/263/272  集合不同
  08-29 00Z→08-29 04Z  n=258  own=258/258/258/258/258/268  集合不同
  08-29 04Z→08-29 08Z  n=249  own=249/249/249/249/249/260  集合不同
  08-29 08Z→08-29 12Z  n=239  own=239/239/239/239/239/256  集合不同
  08-29 12Z→08-29 16Z  n=239  own=239/239/239/239/239/255  集合不同
  08-29 16Z→08-29 20Z  n=239  own=240/240/239/240/240/256  集合不同
  08-30 04Z→08-30 08Z  n=179  own=234/234/179/234/234/252  集合不同
  08-30 08Z→08-30 12Z  n=188  own=233/234/189/234/234/253  集合不同
  08-30 12Z→08-30 16Z  n=189  own=231/232/190/232/232/252  集合不同
  08-30 16Z→08-30 20Z  n=193  own=230/230/194/231/231/253  集合不同
  08-30 20Z→08-31 00Z  n=200  own=231/231/201/232/232/253  集合不同
  08-31 00Z→08-31 04Z  n=200  own=229/229/201/230/230/252  集合不同
  08-31 04Z→08-31 08Z  n=208  own=231/230/209/231/231/253  集合不同
  08-31 08Z→08-31 12Z  n=204  own=226/226/206/227/227/250  集合不同
  08-31 12Z→08-31 16Z  n=208  own=228/228/208/228/228/250  集合不同
  08-31 16Z→08-31 20Z  n=209  own=223/223/209/223/223/246  集合不同
  08-31 20Z→09-01 00Z  n=210  own=222/222/210/222/222/246  集合不同
  09-01 00Z→09-01 04Z  n=212  own=223/223/212/223/223/247  集合不同
  09-01 04Z→09-01 08Z  n=214  own=223/223/214/223/223/248  集合不同
  09-01 08Z→09-01 12Z  n=218  own=225/225/218/225/225/250  集合不同
  09-01 12Z→09-01 16Z  n=218  own=224/224/218/224/224/249  集合不同
  09-01 16Z→09-01 20Z  n=219  own=223/223/219/223/223/248  集合不同
  09-02 04Z→09-02 08Z  n=218  own=222/222/218/222/222/247  集合不同
  09-02 08Z→09-02 12Z  n=215  own=219/219/215/219/219/246  集合不同
  09-02 12Z→09-02 16Z  n=218  own=221/221/218/221/221/247  集合不同
  09-02 16Z→09-02 20Z  n=218  own=221/221/218/221/221/247  集合不同
  09-02 20Z→09-03 00Z  n=219  own=222/222/219/222/222/248  集合不同
  09-03 00Z→09-03 04Z  n=221  own=224/224/221/224/224/249  集合不同
  09-03 04Z→09-03 08Z  n=220  own=223/223/220/223/223/248  集合不同
  09-03 08Z→09-03 12Z  n=219  own=222/222/219/222/222/247  集合不同
  09-03 12Z→09-03 16Z  n=218  own=221/221/218/221/221/247  集合不同
  09-03 16Z→09-03 20Z  n=222  own=226/225/223/226/226/251  集合不同
  09-03 20Z→09-04 00Z  n=223  own=227/226/224/227/227/252  集合不同
  09-04 00Z→09-04 04Z  n=223  own=227/226/224/227/227/252  集合不同
  09-04 04Z→09-04 08Z  n=223  own=227/226/224/227/227/252  集合不同
  09-04 08Z→09-04 12Z  n=223  own=227/226/225/228/228/252  集合不同
  09-04 12Z→09-04 16Z  n=223  own=226/227/227/229/229/253  集合不同
  09-04 16Z→09-04 20Z  n=222  own=226/226/226/228/228/253  集合不同
  09-04 20Z→09-05 00Z  n=224  own=228/227/228/230/230/255  集合不同
  09-05 00Z→09-05 04Z  n=224  own=228/227/228/230/230/255  集合不同
  09-05 04Z→09-05 08Z  n=223  own=226/227/227/229/229/256  集合不同
  09-05 08Z→09-05 12Z  n=226  own=229/230/230/232/232/258  集合不同
  09-05 12Z→09-05 16Z  n=227  own=229/230/232/233/233/259  集合不同
  09-05 16Z→09-05 20Z  n=229  own=232/233/234/236/236/262  集合不同
  09-05 20Z→09-06 00Z  n=230  own=232/234/237/238/238/265  集合不同
  09-06 00Z→09-06 04Z  n=231  own=234/234/237/238/238/266  集合不同
  09-06 04Z→09-06 08Z  n=231  own=234/234/237/238/238/266  集合不同
  09-07 04Z→09-07 08Z  n=137  own=139/139/143/143/143/143  集合不同
  09-07 08Z→09-07 12Z  n=217  own=219/218/222/222/222/223  集合不同
  09-07 12Z→09-07 16Z  n=224  own=226/225/229/229/229/230  集合不同
  09-07 16Z→09-07 20Z  n=224  own=227/226/229/230/230/231  集合不同
  09-07 20Z→09-08 00Z  n=225  own=228/227/232/233/233/234  集合不同
  09-08 00Z→09-08 04Z  n=224  own=227/226/231/232/232/234  集合不同
  09-08 04Z→09-08 08Z  n=225  own=229/228/231/233/233/235  集合不同
  09-08 08Z→09-08 12Z  n=226  own=230/228/233/234/234/237  集合不同
  09-08 12Z→09-08 16Z  n=228  own=231/230/234/235/235/238  集合不同
  09-08 16Z→09-08 20Z  n=231  own=234/233/237/238/238/241  集合不同
  09-08 20Z→09-09 00Z  n=232  own=236/234/237/238/238/241  集合不同
  09-09 00Z→09-09 04Z  n=234  own=236/235/237/237/237/241  集合不同
  09-09 04Z→09-09 08Z  n=234  own=236/235/237/237/237/241  集合不同
  09-10 00Z→09-10 04Z  n=161  own=162/161/162/162/162/162  集合不同
  09-10 04Z→09-10 08Z  n=232  own=234/233/233/234/234/234  集合不同
  09-10 08Z→09-10 12Z  n=237  own=238/237/238/238/238/238  集合不同
  09-10 12Z→09-10 16Z  n=240  own=241/240/242/242/242/242  集合不同
  09-10 16Z→09-10 20Z  n=241  own=242/241/243/243/243/243  集合不同
  09-10 20Z→09-11 00Z  n=242  own=243/242/245/245/245/246  集合不同
  09-11 00Z→09-11 04Z  n=240  own=240/240/242/242/242/244  集合不同
  09-11 04Z→09-11 08Z  n=240  own=243/241/242/243/243/245  集合不同
  09-11 08Z→09-11 12Z  n=241  own=243/241/243/243/243/246  集合不同
  09-11 12Z→09-11 16Z  n=243  own=244/243/244/244/244/248  集合不同
  09-11 16Z→09-11 20Z  n=244  own=245/244/245/245/245/249  集合不同
  09-11 20Z→09-12 00Z  n=246  own=248/247/247/248/248/253  集合不同
  09-12 00Z→09-12 04Z  n=246  own=248/247/247/248/248/252  集合不同
  09-12 04Z→09-12 08Z  n=249  own=251/250/250/251/251/255  集合不同
  09-12 08Z→09-12 12Z  n=249  own=251/250/250/251/251/254  集合不同
  09-13 12Z→09-13 16Z  n=232  own=232/232/233/233/233/233  集合不同
  09-13 16Z→09-13 20Z  n=245  own=245/245/246/246/246/247  集合不同
  09-13 20Z→09-14 00Z  n=247  own=247/247/248/248/248/248  集合不同
  09-14 00Z→09-14 04Z  n=247  own=247/247/248/248/248/248  集合不同
  09-14 04Z→09-14 08Z  n=245  own=245/245/246/246/246/246  集合不同
  09-14 08Z→09-14 12Z  n=245  own=245/245/245/245/245/246  集合不同
  09-14 12Z→09-14 16Z  n=243  own=243/243/244/244/244/245  集合不同
  09-14 16Z→09-14 20Z  n=241  own=242/241/242/242/242/244  集合不同
  09-14 20Z→09-15 00Z  n=242  own=244/243/243/244/244/246  集合不同
  09-15 00Z→09-15 04Z  n=242  own=243/242/244/244/244/246  集合不同
  09-15 04Z→09-15 08Z  n=242  own=243/242/245/245/245/247  集合不同
  09-15 08Z→09-15 12Z  n=242  own=242/242/245/245/245/247  集合不同
  09-15 12Z→09-15 16Z  n=241  own=241/242/244/244/244/247  集合不同
  09-15 16Z→09-15 20Z  n=241  own=241/241/242/242/242/245  集合不同
  09-15 20Z→09-16 00Z  n=241  own=241/241/242/242/242/246  集合不同
  09-16 00Z→09-16 04Z  n=243  own=243/243/245/245/245/249  集合不同
  09-16 04Z→09-16 08Z  n=240  own=241/240/241/241/241/246  集合不同
  09-16 08Z→09-16 12Z  n=238  own=240/238/240/240/240/245  集合不同
  09-16 12Z→09-16 16Z  n=238  own=239/238/239/239/239/244  集合不同
  09-16 16Z→09-16 20Z  n=239  own=240/239/240/240/240/245  集合不同
  09-16 20Z→09-17 00Z  n=238  own=238/240/238/240/240/246  集合不同
  09-17 00Z→09-17 04Z  n=235  own=235/237/237/237/237/243  集合不同
  09-17 04Z→09-17 08Z  n=233  own=234/235/234/235/235/241  集合不同
  09-17 08Z→09-17 12Z  n=232  own=234/233/233/234/234/240  集合不同
  09-17 12Z→09-17 16Z  n=232  own=233/233/233/234/234/240  集合不同
  09-17 16Z→09-17 20Z  n=232  own=232/233/233/233/233/239  集合不同
  09-17 20Z→09-18 00Z  n=232  own=232/233/233/233/233/239  集合不同
  09-18 00Z→09-18 04Z  n=233  own=234/234/235/235/235/241  集合不同
  09-18 04Z→09-18 08Z  n=234  own=235/235/236/236/236/242  集合不同
  09-18 08Z→09-18 12Z  n=234  own=235/234/235/235/235/241  集合不同
  09-18 12Z→09-18 16Z  n=235  own=236/235/237/237/237/242  集合不同
  09-18 16Z→09-18 20Z  n=235  own=236/238/239/239/239/244  集合不同
  09-18 20Z→09-19 00Z  n=235  own=236/237/238/238/238/243  集合不同

★ 读法: 第一部分(rank-IC)融合层配对差(KC−KING_FORM / FC−KC / COMBO−KC)各块长 CI 全在 0 下方;
  第二部分(同一人口上的去均值价格分量)这三对在 1/3/5 日块下 CI 全含 0 ⇒ 排序与价格收益证据不同。
  HELD−FINAL 价格分量只在 5 日块(仅 5 块)不含 0, 1/3 日块含 0 ⇒ 不稳, 不作结论; 且它不是执行因果损益。
  第二部分不是净额(无资金费、无费、读价滞后、平仓区间排除、只覆盖共同持有人口) ⇒ 不登记「排序≠净额」新案例, 不作执行归因。
  本窗 24 天内【没有】证据表明去 rev24 / 混 F10 改变了书的价格分量, 也没有证据表明没改变(低功效)。
