== DUPLICATE AUDIT (bitwise g) ==
  AMI_AMQ64 vs AMI_AMP: g bitwise identical = True
  AMI_AMQ64 vs AMI_AMQ32: g bitwise identical = False
  AMI_AMQ64 vs AMI_AMX: g bitwise identical = False
  AMI_AMQ64 vs AMI_AMR2: g bitwise identical = False
== AXIS COVERAGE in window ==
  A0_s42               n= 9138 2022-06-30..2026-08-30 gaps=0 maxgap=0.17d []
  A0_s2027             n= 9138 2022-06-30..2026-08-30 gaps=0 maxgap=0.17d []
  FUND_leg             n= 9138 2022-06-30..2026-08-30 gaps=0 maxgap=0.17d []
  KING_leg             n= 5838 2024-01-01..2026-08-30 gaps=0 maxgap=0.17d []
  REV24_leg            n= 9138 2022-06-30..2026-08-30 gaps=0 maxgap=0.17d []
  XIB_LAG50_s42        n= 9138 2022-06-30..2026-08-30 gaps=0 maxgap=0.17d []
  XIB_LAG50_s2027      n= 9138 2022-06-30..2026-08-30 gaps=0 maxgap=0.17d []
  AMI_AMQ64            n= 9138 2022-06-30..2026-08-30 gaps=0 maxgap=0.17d []
  AMI_AMP              n= 9138 2022-06-30..2026-08-30 gaps=0 maxgap=0.17d []
  AMI_AMQ32            n= 9138 2022-06-30..2026-08-30 gaps=0 maxgap=0.17d []
  AMI_AMX              n= 9138 2022-06-30..2026-08-30 gaps=0 maxgap=0.17d []
  AMI_AMR2             n= 9138 2022-06-30..2026-08-30 gaps=0 maxgap=0.17d []
  R5_FBSLOPE_NOLAG     n= 9127 2022-06-30..2026-08-30 gaps=1 maxgap=2.0d [['2026-06-29', '2026-07-01']]
  RESID_SHARPE_s42     n= 8028 2023-01-01..2026-08-30 gaps=0 maxgap=0.17d []
  RESID_SHARPE_s2027   n= 8028 2023-01-01..2026-08-30 gaps=0 maxgap=0.17d []
COMMON SAMPLE n = 5827 2024-01-01 .. 2026-08-30
common-sample tercile breaks: 3.698 / 11.051  counts [1943, 1942, 1942]

== COMMON-SAMPLE SCREEN (n=5827) ==
candidate                 Sh    b_lvl    b_log   b_rank |    T0 Sh    T1 Sh    T2 Sh | rho all  rho T0  rho T2 |   t_log
------------------------------------------------------------------------------------------------------------------------
A0_s42                 2.090  +0.1691  +0.6466  +0.7250 |    0.952    1.669    3.370 | +1.0000 +1.0000 +1.0000 |   +1.76
A0_s2027               2.116  +0.1895  +0.6893  +0.7677 |    0.772    1.875    3.365 | +0.9824 +0.9792 +0.9850 |   +1.87
FUND_leg               0.819  +0.4467  +1.0315  +1.1035 |   -1.502    0.659    2.360 | +0.5359 +0.0927 +0.7544 |   +2.58
KING_leg              -0.080  -0.3358  -0.5674  -0.5611 |    1.239   -0.469   -0.818 | +0.2848 +0.7027 -0.0164 |   -1.44
REV24_leg             -0.809  -0.9744  -0.4356  -0.3489 |   -0.491   -0.054   -1.786 | +0.0254 +0.2535 -0.1477 |   -0.89
XIB_LAG50_s42          2.812  +0.2031  +0.6007  +0.6664 |    2.178    2.104    4.006 | +0.9101 +0.8972 +0.9102 |   +1.60
XIB_LAG50_s2027        2.771  +0.2419  +0.6089  +0.6692 |    2.108    2.069    3.978 | +0.8982 +0.8886 +0.8991 |   +1.61
AMI_AMQ64              1.478  +0.7266  +0.4059  +0.3386 |    1.204    0.975    2.175 | +0.1191 +0.3566 -0.0134 |   +1.21
AMI_AMP                1.478  +0.7266  +0.4059  +0.3386 |    1.204    0.975    2.175 | +0.1191 +0.3566 -0.0134 |   +1.21
AMI_AMQ32              1.478  +0.7266  +0.4059  +0.3386 |    1.204    0.975    2.175 | +0.1191 +0.3566 -0.0134 |   +1.21
AMI_AMX                1.496  +0.7190  +0.4044  +0.3368 |    1.204    1.032    2.170 | +0.1193 +0.3566 -0.0139 |   +1.21
AMI_AMR2               1.465  +0.7426  +0.4175  +0.3552 |    1.151    0.892    2.252 | +0.1442 +0.3535 +0.0304 |   +1.24
R5_FBSLOPE_NOLAG       0.200  -0.1663  -0.3084  -0.3149 |    1.918   -0.190   -0.509 | +0.0244 -0.0332 +0.0416 |   -0.90
RESID_SHARPE_s42       1.693  +0.3032  +0.3859  +0.3797 |    0.548    2.659    1.724 | +0.2859 +0.1951 +0.3609 |   +1.05
RESID_SHARPE_s2027     1.741  +0.2194  +0.3015  +0.3416 |    1.156    2.047    1.913 | +0.2804 +0.2040 +0.3589 |   +0.80

== REGIME-CELL rho(A0, cand)  [round-4 reconciliation] ==
  AMI_AMQ64            {'LL': (0.358, 478), 'LH': (0.3039, 708), 'HL': (0.3127, 600), 'HH': (0.078, 4041)}
  R5_FBSLOPE_NOLAG     {'LL': (0.0318, 478), 'LH': (0.0135, 708), 'HL': (0.008, 600), 'HH': (0.0254, 4041)}
  XIB_LAG50_s42        {'LL': (0.9229, 478), 'LH': (0.8751, 708), 'HL': (0.9278, 600), 'HH': (0.9125, 4041)}
  FUND_leg             {'LL': (0.1575, 478), 'LH': (0.2924, 708), 'HL': (0.1362, 600), 'HH': (0.5826, 4041)}
  KING_leg             {'LL': (0.7308, 478), 'LH': (0.5724, 708), 'HL': (0.7594, 600), 'HH': (0.212, 4041)}

== E[g | sigma_fund] : A0_s42, decile bins ==
  d1  sig [  0.127,  1.692] med   1.311 n= 583  E[g]=+0.1811 +/- 1.0639 (t +0.17)  Sh +0.490
  d2  sig [  1.692,  2.408] med   2.012 n= 583  E[g]=+2.5040 +/- 1.1720 (t +2.14)  Sh +5.534
  d3  sig [  2.408,  3.253] med   2.791 n= 582  E[g]=-0.5036 +/- 1.1458 (t -0.44)  Sh -0.976
  d4  sig [  3.253,  4.807] med   3.933 n= 583  E[g]=-1.2489 +/- 1.3464 (t -0.93)  Sh -2.259
  d5  sig [  4.807,  6.740] med   5.721 n= 582  E[g]=+1.2136 +/- 1.1262 (t +1.08)  Sh +2.293
  d6  sig [  6.740,  9.093] med   7.868 n= 583  E[g]=+1.8353 +/- 1.2264 (t +1.50)  Sh +2.990
  d7  sig [  9.093, 12.179] med  10.558 n= 583  E[g]=+1.1642 +/- 1.3191 (t +0.88)  Sh +1.875
  d8  sig [ 12.179, 16.536] med  14.109 n= 582  E[g]=+2.3445 +/- 1.1926 (t +1.97)  Sh +4.053
  d9  sig [ 16.536, 23.144] med  19.399 n= 583  E[g]=+2.2938 +/- 1.3661 (t +1.68)  Sh +3.570
  d10 sig [ 23.144,127.959] med  29.852 n= 583  E[g]=+1.8981 +/- 1.3505 (t +1.41)  Sh +2.931
  A0 in sig 7..11 (today's neighbourhood) n= 892 E[g]=+1.7121 +/-1.0885 sd=29.654 Sharpe +2.702
  A0 in sig 8..10                        n= 424 E[g]=+2.9735 +/-1.5143 sd=28.915 Sharpe +4.812
  A0 in sig<=q33                         n=1943 E[g]=+0.4280 +/-0.5753 sd=21.042 Sharpe +0.952
  A0 in sig>q67                          n=1943 E[g]=+2.0876 +/-0.7041 sd=29.007 Sharpe +3.368
SCREEN2_DONE
