post-warm start (A0 row 900): 2022-06-30 00:00Z  cut: 2026-08-30 20:00Z
fuel anchors in window: 9138  sig_fund mean/med: 8.503 4.605
tercile breakpoints sig_fund: <=2.626 | <=8.353 | > counts [3046, 3046, 3046]
A0                (in-service book)    A0_PWR230k_s42.npz           n= 9138 Sh= 1.2912 beta= +0.3517 (t  +1.04) betaN=+0.0153  T0 Sh= +0.5581 T2 Sh= +2.5949  rhoA0 all/T0/T2 1.0/1.0/1.0
A0                (in-service book)    A0_PWR230k_s2027.npz         n= 9138 Sh= 1.3299 beta= +0.3533 (t  +1.04) betaN=+0.0153  T0 Sh= +0.4377 T2 Sh= +2.6138  rhoA0 all/T0/T2 0.9851/0.9877/0.9864
FUND leg          (standalone book)    w10_ablation_series_R7_LEGFU n= 9138 Sh= 0.4152 beta= +0.4717 (t  +1.21) betaN=+0.0191  T0 Sh= -1.2858 T2 Sh= +2.0146  rhoA0 all/T0/T2 0.61/0.5638/0.7686
KING leg          (standalone book)    w10_ablation_series_R7_LEGKI n= 5838 Sh=-0.0977 beta= -0.4114 (t  -0.81) betaN=-0.0150  T0 Sh= +2.6501 T2 Sh= -1.0305  rhoA0 all/T0/T2 0.2791/0.6476/-0.0058
REV24 leg         (retired, info)      w10_ablation_series_R7_LEGRE n= 9138 Sh=-0.7215 beta= -0.4996 (t  -1.08) betaN=-0.0153  T0 Sh= -0.3443 T2 Sh= -0.5683  rhoA0 all/T0/T2 0.0017/0.097/-0.1519
XIB_LAG50                              XIB_PWR230k_s42.npz          n= 9138 Sh= 2.1078 beta= +0.3637 (t  +1.03) betaN=+0.0156  T0 Sh= +1.4743 T2 Sh= +3.3131  rhoA0 all/T0/T2 0.8899/0.8446/0.9101
XIB_LAG50                              XIB_PWR230k_s2027.npz        n= 9138 Sh= 2.0731 beta= +0.3835 (t  +1.08) betaN=+0.0164  T0 Sh= +1.3558 T2 Sh= +3.2351  rhoA0 all/T0/T2 0.8808/0.8435/0.8991
AMI sleeve (AMQ64)                     w10_ablation_series_P6_AMQ64 n= 9138 Sh= 1.4418 beta= +0.4213 (t  +1.15) betaN=+0.0195  T0 Sh= +1.0955 T2 Sh= +2.3646  rhoA0 all/T0/T2 0.1468/0.2741/0.0213
AMI sleeve (AMQ64)                     w10_ablation_series_P6_AMQ64 n= 9138 Sh= 1.4418 beta= +0.4213 (t  +1.15) betaN=+0.0195  T0 Sh= +1.0955 T2 Sh= +2.3646  rhoA0 all/T0/T2 0.1468/0.2741/0.0213
AMI variant AMX                        w10_ablation_series_P6_AMX_P n= 9138 Sh= 1.4534 beta= +0.4147 (t  +1.13) betaN=+0.0192  T0 Sh= +1.0955 T2 Sh= +2.3618  rhoA0 all/T0/T2 0.1469/0.2741/0.0204
AMI variant AMX                        w10_ablation_series_P6_AMX_P n= 9138 Sh= 1.4534 beta= +0.4147 (t  +1.13) betaN=+0.0192  T0 Sh= +1.0955 T2 Sh= +2.3618  rhoA0 all/T0/T2 0.1469/0.2741/0.0204
AMI variant AMP                        w10_ablation_series_P6_AMP_P n= 9138 Sh= 1.4418 beta= +0.4213 (t  +1.15) betaN=+0.0195  T0 Sh= +1.0955 T2 Sh= +2.3646  rhoA0 all/T0/T2 0.1468/0.2741/0.0213
AMI variant AMP                        w10_ablation_series_P6_AMP_P n= 9138 Sh= 1.4418 beta= +0.4213 (t  +1.15) betaN=+0.0195  T0 Sh= +1.0955 T2 Sh= +2.3646  rhoA0 all/T0/T2 0.1468/0.2741/0.0213
AMI variant AMR2                       w10_ablation_series_P6_AMR2_ n= 9138 Sh= 1.3608 beta= +0.4553 (t  +1.24) betaN=+0.0209  T0 Sh= +0.9503 T2 Sh= +2.3369  rhoA0 all/T0/T2 0.1655/0.2707/0.0625
AMI variant AMR2                       w10_ablation_series_P6_AMR2_ n= 9138 Sh= 1.3608 beta= +0.4553 (t  +1.24) betaN=+0.0209  T0 Sh= +0.9503 T2 Sh= +2.3369  rhoA0 all/T0/T2 0.1655/0.2707/0.0625
AMI variant AMQ32                      w10_ablation_series_P6_AMQ32 n= 9138 Sh= 1.4418 beta= +0.4213 (t  +1.15) betaN=+0.0195  T0 Sh= +1.0955 T2 Sh= +2.3645  rhoA0 all/T0/T2 0.1468/0.2741/0.0213
AMI variant AMQ32                      w10_ablation_series_P6_AMQ32 n= 9138 Sh= 1.4418 beta= +0.4213 (t  +1.15) betaN=+0.0195  T0 Sh= +1.0955 T2 Sh= +2.3645  rhoA0 all/T0/T2 0.1468/0.2741/0.0213
R5_FBSLOPE_NOLAG  (basis)              R5C_FBSLOPE_NOLAG_PWR230k.np n= 9127 Sh= 1.1470 beta= -0.2797 (t  -0.88) betaN=-0.0131  T0 Sh= +3.2371 T2 Sh= -0.7404  rhoA0 all/T0/T2 0.0056/-0.0275/0.0385
RESID_SHARPE (dead axis)               RS_PWR230k_s42.npz           n= 8028 Sh= 2.0688 beta= +0.3040 (t  +0.87) betaN=+0.0122  T0 Sh= +1.5805 T2 Sh= +2.5550  rhoA0 all/T0/T2 0.2143/-0.0117/0.331
RESID_SHARPE (dead axis)               RS_PWR230k_s2027.npz         n= 8028 Sh= 1.9936 beta= +0.3110 (t  +0.77) betaN=+0.0120  T0 Sh= +1.7754 T2 Sh= +2.9125  rhoA0 all/T0/T2 0.1957/-0.0478/0.3339
SCREEN_DONE
