== WITHIN-YEAR screen: terciles formed inside each calendar year, then pooled ==
candidate                 n | within-year T0 Sharpe [CI95]       | within-year T2 Sh      | beta_log | +yearFE      
A0_s42                 9138 |  +0.888 [ -0.819, +2.441] P>0 0.840 |  +1.855 (n=3046) | +0.6039 (t +2.14) | -0.0024 (t -0.01)
A0_s2027               9138 |  +0.929 [ -0.759, +2.519] P>0 0.850 |  +1.864 (n=3046) | +0.6148 (t +2.17) | -0.0052 (t -0.02)
FUND_leg               9138 |  +0.400 [ -1.445, +2.042] P>0 0.673 |  +0.528 (n=3046) | +0.6850 (t +2.21) | -0.0693 (t -0.26)
KING_leg               5838 |  +0.287 [ -1.808, +2.352] P>0 0.611 |  -0.531 (n=1946) | -0.5803 (t -1.52) | -0.4273 (t -1.12)
XIB_LAG50_s42          9138 |  +1.904 [ +0.198, +3.527] P>0 0.985 |  +2.229 (n=3046) | +0.5641 (t +1.89) | -0.0593 (t -0.22)
AMI_AMQ64              9138 |  +1.086 [ -0.532, +2.662] P>0 0.902 |  +1.224 (n=3046) | +0.3007 (t +1.15) | +0.2548 (t +0.95)
R5_FBSLOPE_NOLAG       9127 |  +2.394 [ +0.783, +4.075] P>0 0.998 |  +0.159 (n=3042) | -0.5925 (t -2.24) | -0.4844 (t -1.99)
RESID_SHARPE_s42       8028 |  +0.707 [ -1.076, +2.403] P>0 0.764 |  +2.315 (n=2676) | +0.3992 (t +1.35) | +0.3941 (t +1.36)

== within-year T0 Sharpe, by year ==
  A0_s42               {2022: (370, 1.408), 2023: (730, -0.726), 2024: (732, 0.516), 2025: (730, -0.383), 2026: (484, 3.967)}
  A0_s2027             {2022: (370, 1.408), 2023: (730, -0.524), 2024: (732, 0.131), 2025: (730, -0.326), 2026: (484, 4.272)}
  FUND_leg             {2022: (370, 1.586), 2023: (730, -0.613), 2024: (732, 0.292), 2025: (730, -2.019), 2026: (484, 3.133)}
  KING_leg             {2024: (732, 0.969), 2025: (730, -0.393), 2026: (484, 0.558)}
  XIB_LAG50_s42        {2022: (370, -0.536), 2023: (730, 1.558), 2024: (732, 1.761), 2025: (730, 0.706), 2026: (484, 5.237)}
  AMI_AMQ64            {2022: (370, -2.747), 2023: (730, 3.262), 2024: (732, 2.631), 2025: (730, -1.043), 2026: (484, 1.804)}
  R5_FBSLOPE_NOLAG     {2022: (370, 2.202), 2023: (730, 4.96), 2024: (732, 0.243), 2025: (730, 2.144), 2026: (481, 2.477)}
  RESID_SHARPE_s42     {2023: (730, -0.059), 2024: (732, 0.794), 2025: (730, -0.345), 2026: (484, 2.911)}
WITHINYEAR_DONE
