anchor       paper@exec   live(rr)       dev    paper@A   dev by category
09-16T12:00Z      459.7     -394.1    -853.8     -426.4   OTHER:-854
09-16T16:00Z     -770.9     -643.5     127.3      245.8   OTHER:133 UNTARGETED_HELD:-5
09-16T20:00Z    -1063.4     -838.6     224.8    -1238.7   OTHER:225
09-17T00:00Z      208.6       70.5    -138.1      -18.8   OTHER:-138
09-17T04:00Z    -1018.2     -659.9     358.3     -279.7   OTHER:361 UNTARGETED_HELD:4 STOP:-7
09-17T08:00Z     -620.9     -621.9      -1.0     -808.5   OTHER:-104 STOP:53 UNTARGETED_HELD:49
09-17T12:00Z    -2672.0    -2268.4     403.6    -2538.3   OTHER:98 STOP:306
09-17T16:00Z      -22.0      250.8     272.7     -447.3   OTHER:167 STOP:106
09-17T20:00Z     -474.2     -436.0      38.1     -885.5   OTHER:-25 STOP:63
09-18T00:00Z    -2279.4    -1991.0     288.4    -2338.0   OTHER:315 STOP:-26 UNTARGETED_HELD:-1
09-18T04:00Z     -766.0     -325.7     440.2     -415.0   OTHER:432 STOP:8
09-18T08:00Z    -1153.0     -885.4     267.6    -1398.5   OTHER:251 STOP:16
09-18T12:00Z     1018.3     1594.2     575.8     1840.3   OTHER:533 STOP:43
09-18T16:00Z    -1056.6      -62.6     994.0    -1605.1   OTHER:997 STOP:-3
09-18T20:00Z     -144.8      185.6     330.4       19.2   OTHER:299 STOP:32
09-19T00:00Z       52.3      -62.6    -114.9     -592.5   OTHER:-49 STOP:-65
09-19T04:00Z    -1897.3    -1367.4     529.9     -829.5   OTHER:510 STOP:20
09-19T08:00Z      185.2      291.2     106.0     -545.1   OTHER:143 STOP:-37
09-19T12:00Z     -565.4     -699.2    -133.8      -84.6   OTHER:-77 STOP:-57
09-19T16:00Z    -1098.1     -997.0     101.1     -974.9   OTHER:111 STOP:-10
09-19T20:00Z      904.9      701.5    -203.4      571.9   OTHER:30 STOP:-233
09-20T00:00Z      622.2      354.0    -268.1       14.0   OTHER:-208 STOP:-60
09-20T04:00Z     -282.2      135.6     417.8      523.3   OTHER:9 STOP:408
09-20T08:00Z     1503.0     1155.3    -347.7      696.6   OTHER:-423 STOP:76
09-20T12:00Z    -2641.3    -1849.3     792.0     -827.6   OTHER:432 STOP:360
09-20T16:00Z     -224.2      -81.3     142.9    -1431.6   OTHER:120 STOP:22
09-20T20:00Z     -120.2        5.2     125.4      137.2   STOP:125
09-21T00:00Z      637.8      439.2    -198.6      -40.2   OTHER:-201 STOP:2
09-21T04:00Z     -161.0     -158.6       2.4      510.2   OTHER:-42 STOP:45
09-21T08:00Z     -922.0     -606.4     315.5     -983.9   OTHER:196 STOP:120
09-21T12:00Z      437.1      269.0    -168.1       72.6   OTHER:-10 STOP:-158
09-21T16:00Z      -10.8     -140.4    -129.7     -230.0   OTHER:166 STOP:-303 UNTARGETED_HELD:8
09-21T20:00Z     -250.1      170.1     420.2      -97.7   OTHER:208 STOP:212
09-22T00:00Z      258.6      134.5    -124.1     -185.7   OTHER:31 STOP:-155
09-22T04:00Z      338.2     -143.2    -481.4     1407.6   OTHER:-168 STOP:-313
09-22T08:00Z      556.5      207.4    -349.1      215.0   OTHER:-238 STOP:-111
09-22T12:00Z     -167.3     -189.2     -21.9    -1462.1   OTHER:25 STOP:-47
09-22T16:00Z      855.0      625.1    -229.9     1715.7   OTHER:46 STOP:-276
09-22T20:00Z    -1338.9     -946.6     392.3    -1290.0   OTHER:-59 STOP:451
09-23T00:00Z       25.4        7.5     -17.9     -151.0   OTHER:15 STOP:-33
09-23T04:00Z     -458.3     -388.9      69.3      -64.9   OTHER:93 STOP:-24
09-23T08:00Z      216.4      -25.1    -241.5      189.3   OTHER:-97 STOP:-145
09-23T12:00Z       79.3     -450.4    -529.7      149.5   OTHER:-135 STOP:-394
09-23T16:00Z      432.2      338.4     -93.8      122.8   STOP:-94
09-23T20:00Z     1211.2     1163.3     -47.9      889.3   OTHER:79 STOP:-127
09-24T00:00Z     -456.1     -439.0      17.1      209.8   OTHER:-50 STOP:67
09-24T04:00Z      352.1      125.6    -226.5     -772.6   OTHER:-4 STOP:-222
09-24T08:00Z      -93.3      -11.7      81.6     1076.8   OTHER:8 STOP:74
09-24T12:00Z    -1046.1     -917.7     128.3    -1216.3   OTHER:76 STOP:52
09-24T16:00Z       27.0      -89.9    -116.8     -371.9   HALT:-117

DAILY:
  09-16 {'paper': -311.1, 'live': -1037.6, 'dev': -726.5, 'paper0_anchor_time': -180.6}
  09-17 {'paper': -5187.9, 'live': -4067.5, 'dev': 1120.4, 'paper0_anchor_time': -5331.3}
  09-18 {'paper': -4710.8, 'live': -2106.6, 'dev': 2604.2, 'paper0_anchor_time': -4801.8}
  09-19 {'paper': -3468.2, 'live': -2649.4, 'dev': 818.8, 'paper0_anchor_time': -3007.4}
  09-20 {'paper': -117.5, 'live': 415.9, 'dev': 533.5, 'paper0_anchor_time': -453.4}
  09-21 {'paper': -139.0, 'live': -192.0, 'dev': -53.0, 'paper0_anchor_time': -534.1}
  09-22 {'paper': 1590.9, 'live': 804.6, 'dev': -786.2, 'paper0_anchor_time': 1592.8}
  09-23 {'paper': -1043.9, 'live': -1465.1, 'dev': -421.2, 'paper0_anchor_time': -1044.3}
  09-24 {'paper': -5.1, 'live': -169.2, 'dev': -164.2, 'paper0_anchor_time': -184.9}

TOTALS: {'paper': -13392.62, 'live': -10466.86, 'dev': 2925.76, 'paper0_anchor_time': -13945.19, 'dev_OTHER': 3225.09, 'dev_UNTARGETED_HELD': 55.24, 'dev_STOP': -237.75, 'dev_HALT': -116.82}
worst deviation names: [('UAIUSDT', -814.2), ('HUSDT', -278.44), ('STARUSDT', -265.65), ('MINAUSDT', -144.08), ('LSKUSDT', -133.32), ('METUSDT', -103.48), ('TIAUSDT', -53.05), ('AINUSDT', -51.14), ('ZILUSDT', -46.45), ('BULLAUSDT', -39.94)]
best deviation names: [('AKEUSDT', 1216.27), ('NEARUSDT', 291.29), ('GUSDT', 125.89), ('EVAAUSDT', 117.0), ('BRUSDT', 110.94), ('NILUSDT', 110.29), ('ZAMAUSDT', 93.97), ('SAGAUSDT', 85.56), ('PIEVERSEUSDT', 67.93), ('VVVUSDT', 61.56)]
