17:31:00 start s2027
control 3 (fold-out leakage), 23 folds:
  2023     3a=True slack=0s  3b=True lag=10.0 d  train_anchors=1044
  2024     3a=True slack=0s  3b=True lag=10.0 d  train_anchors=3234
  202501   3a=True slack=0s  3b=True lag=10.0 d  train_anchors=5430
  202502   3a=True slack=0s  3b=True lag=10.0 d  train_anchors=5616
  202503   3a=True slack=0s  3b=True lag=10.0 d  train_anchors=5784
  202504   3a=True slack=0s  3b=True lag=10.0 d  train_anchors=5970
  202505   3a=True slack=0s  3b=True lag=10.0 d  train_anchors=6150
  202506   3a=True slack=0s  3b=True lag=10.0 d  train_anchors=6336
  202507   3a=True slack=0s  3b=True lag=10.0 d  train_anchors=6516
  202508   3a=True slack=0s  3b=True lag=10.0 d  train_anchors=6702
  202509   3a=True slack=0s  3b=True lag=10.0 d  train_anchors=6888
  202510   3a=True slack=0s  3b=True lag=10.0 d  train_anchors=7068
  202511   3a=True slack=0s  3b=True lag=10.0 d  train_anchors=7254
  202512   3a=True slack=0s  3b=True lag=10.0 d  train_anchors=7434
  202601   3a=True slack=0s  3b=True lag=10.0 d  train_anchors=7620
  202602   3a=True slack=0s  3b=True lag=10.0 d  train_anchors=7806
  202603   3a=True slack=0s  3b=True lag=10.0 d  train_anchors=7974
  202604   3a=True slack=0s  3b=True lag=10.0 d  train_anchors=8160
  202605   3a=True slack=0s  3b=True lag=10.0 d  train_anchors=8340
  202606   3a=True slack=0s  3b=True lag=10.0 d  train_anchors=8526
  202607   3a=True slack=0s  3b=True lag=10.0 d  train_anchors=8706
  202608   3a=True slack=0s  3b=True lag=10.0 d  train_anchors=8892
  202609   3a=True slack=0s  3b=True lag=10.0 d  train_anchors=9078
control 3 ALL PASS = True
control 2 POSITIVE CONTROL on POOLED_23_folds_8143_anchors: unplanted peak -4, planted -2 -> expect -2, measured -2  PASS=True
  per-fold resolution: 6/23 single folds locate the planted lead
control 2 POOLED (23 folds): peak_k=-4 ic(0)=+0.02259 ic(-1)=-0.18549 ic(+1)=+0.00948 far_null=+0.03533
  full pooled spectrum: k=-5:+0.03533  k=-4:+0.10020  k=-3:+0.09080  k=-2:+0.02088  k=-1:-0.18549  k=+0:+0.02259  k=+1:+0.00948  k=+2:+0.00355  k=+3:+0.00165  k=+4:+0.00334  k=+5:+0.00353
control 2 pooled peak at k=0 = False  (READABLE ONLY IF the positive control above PASSED)
DLARCH_F10FULL_LEAK out=/workspace/dlarch_2026-09-24/receipts/F10FULL_LEAK_s2027_23folds_2026-09-26.json sha256=6fd19e533a0a8e59
17:32:30 s2027 rc=0
17:32:30 start s7
control 3 (fold-out leakage), 23 folds:
  2023     3a=True slack=0s  3b=True lag=10.0 d  train_anchors=1044
  2024     3a=True slack=0s  3b=True lag=10.0 d  train_anchors=3234
  202501   3a=True slack=0s  3b=True lag=10.0 d  train_anchors=5430
  202502   3a=True slack=0s  3b=True lag=10.0 d  train_anchors=5616
  202503   3a=True slack=0s  3b=True lag=10.0 d  train_anchors=5784
  202504   3a=True slack=0s  3b=True lag=10.0 d  train_anchors=5970
  202505   3a=True slack=0s  3b=True lag=10.0 d  train_anchors=6150
  202506   3a=True slack=0s  3b=True lag=10.0 d  train_anchors=6336
  202507   3a=True slack=0s  3b=True lag=10.0 d  train_anchors=6516
  202508   3a=True slack=0s  3b=True lag=10.0 d  train_anchors=6702
  202509   3a=True slack=0s  3b=True lag=10.0 d  train_anchors=6888
  202510   3a=True slack=0s  3b=True lag=10.0 d  train_anchors=7068
  202511   3a=True slack=0s  3b=True lag=10.0 d  train_anchors=7254
  202512   3a=True slack=0s  3b=True lag=10.0 d  train_anchors=7434
  202601   3a=True slack=0s  3b=True lag=10.0 d  train_anchors=7620
  202602   3a=True slack=0s  3b=True lag=10.0 d  train_anchors=7806
  202603   3a=True slack=0s  3b=True lag=10.0 d  train_anchors=7974
  202604   3a=True slack=0s  3b=True lag=10.0 d  train_anchors=8160
  202605   3a=True slack=0s  3b=True lag=10.0 d  train_anchors=8340
  202606   3a=True slack=0s  3b=True lag=10.0 d  train_anchors=8526
  202607   3a=True slack=0s  3b=True lag=10.0 d  train_anchors=8706
  202608   3a=True slack=0s  3b=True lag=10.0 d  train_anchors=8892
  202609   3a=True slack=0s  3b=True lag=10.0 d  train_anchors=9078
control 3 ALL PASS = True
control 2 POSITIVE CONTROL on POOLED_23_folds_8143_anchors: unplanted peak -4, planted -2 -> expect -2, measured -2  PASS=True
  per-fold resolution: 17/23 single folds locate the planted lead
control 2 POOLED (23 folds): peak_k=-4 ic(0)=+0.02567 ic(-1)=-0.13868 ic(+1)=+0.01303 far_null=+0.03302
  full pooled spectrum: k=-5:+0.03302  k=-4:+0.11935  k=-3:+0.05769  k=-2:+0.02224  k=-1:-0.13868  k=+0:+0.02567  k=+1:+0.01303  k=+2:+0.00694  k=+3:+0.00528  k=+4:+0.00657  k=+5:+0.00613
control 2 pooled peak at k=0 = False  (READABLE ONLY IF the positive control above PASSED)
DLARCH_F10FULL_LEAK out=/workspace/dlarch_2026-09-24/receipts/F10FULL_LEAK_s7_23folds_2026-09-26.json sha256=013c02d1d0b8a8d7
17:34:03 s7 rc=0
k=+1  D +0.00061  sigma 0.00221  |D|/sigma 0.27  within=True  negative=False  (NC-pair 0.00039)
k=+2  D -0.00189  sigma 0.00217  |D|/sigma 0.87  within=True  negative=True  (NC-pair 0.00063)
k=+3  D -0.00219  sigma 0.00228  |D|/sigma 0.96  within=True  negative=True  (NC-pair 0.00059)
k=+4  D -0.00228  sigma 0.00207  |D|/sigma 1.10  within=False  negative=True  (NC-pair 0.00049)
k=+5  D -0.00262  sigma 0.00156  |D|/sigma 1.68  within=False  negative=True  (NC-pair 0.00080)
C19_REJUDGE all_within=False all_negative=False n_within=3/5 out=/workspace/dlarch_2026-09-24/receipts/C1_9_REJUDGE_KPOS_2026-09-26.json sha256=31ac4598f1b3848f072be848a18afb8fdc110335a3328be8c6b6cfe2e028e5ca
C19_RUN_DONE rc=0
