06:18:14Z [s2027-id] === START: waiting for F10_FULL seed 2027 to finish its 23 folds ===
06:18:14Z [s2027-id]   waiting (currently 8/23)
07:07:17Z [s2027-id] seed 2027 training done (23/23)
07:07:17Z [s2027-id] running 2 folds (2023, 202609) at --train-frac 0.85 --no-mask, seed 2027, into /workspace/dlarch_2026-09-24/f10full_2026-09-26/s2027_identity
07:07:24 train params f5a2da57c618bd29 {"arm": "T0", "band_temp_div": 10.0, "clamp_mode": "clamp", "no_mask": true, "seed": 2027, "train_frac": 0.85}
07:07:29 seat census {"population": "ready anchors with finite WL", "n_population": 9247, "n_anchors_total": 10333, "n_excluded_not_ready_or_nonfinite_WL": 1086, "raw_WL_mean": [0.48381054401397705, 0.1610119640827179, 0.35517749190330505], "masked_WL_mean": [0.48381054401397705, 0.1610119640827179, 0.35517749190330505], "anchors_where_WL_changed": 0, "masking_applied": false}
07:07:29 F10 admission G1_T0_nomask 2027 {'fold': '2023', 'accepted_windows': 16, 'rejected': {}, 'train_anchors': 887, 'max_train_label_end': 1669406400, 'test_start': 1672531200, 'cutoff': 1671667200}
07:07:38 F10 G1_T0_nomask 2023 2027 {'epoch_index': 0, 'train_loss': 6.046075761318207, 'alpha': 0.09971347451210022, 'seconds': 3.002648765221238} g4_band_open 1.0
07:07:41 F10 G1_T0_nomask 2023 2027 {'epoch_index': 1, 'train_loss': 3.83687961101532, 'alpha': 0.09950543940067291, 'seconds': 2.448017183691263} g4_band_open 1.0
07:07:43 F10 G1_T0_nomask 2023 2027 {'epoch_index': 2, 'train_loss': 2.9384089782834053, 'alpha': 0.09932167828083038, 'seconds': 2.3987679360434413} g4_band_open 1.0
07:07:45 F10 G1_T0_nomask 2023 2027 {'epoch_index': 3, 'train_loss': 2.3287858366966248, 'alpha': 0.09925034642219543, 'seconds': 2.3939812257885933} g4_band_open 1.0
07:07:48 F10 G1_T0_nomask 2023 2027 {'epoch_index': 4, 'train_loss': 1.8274301886558533, 'alpha': 0.09919270873069763, 'seconds': 2.398296101950109} g4_band_open 1.0
07:07:50 F10 G1_T0_nomask 2023 2027 {'epoch_index': 5, 'train_loss': 1.371588908135891, 'alpha': 0.0991441011428833, 'seconds': 2.392434480600059} g4_band_open 1.0
07:07:53 F10 G1_T0_nomask 2023 2027 {'epoch_index': 6, 'train_loss': 0.9866741225123405, 'alpha': 0.09914557635784149, 'seconds': 2.400954912416637} g4_band_open 1.0
07:07:55 F10 G1_T0_nomask 2023 2027 {'epoch_index': 7, 'train_loss': 0.686663493514061, 'alpha': 0.09914901852607727, 'seconds': 2.396280851215124} g4_band_open 1.0
07:07:58 F10_FOLD_DONE G1_T0_nomask 2023 2027
07:07:59 F10 admission G1_T0_nomask 2027 {'fold': '202609', 'accepted_windows': 153, 'rejected': {'unpriced_possible_holding': 6}, 'train_anchors': 7716, 'max_train_label_end': 1767744000, 'test_start': 1788220800, 'cutoff': 1787356800}
07:08:23 F10 G1_T0_nomask 202609 2027 {'epoch_index': 0, 'train_loss': 6.1275777933644315, 'alpha': 0.09849676489830017, 'seconds': 23.93297481071204} g4_band_open 1.0
07:08:47 F10 G1_T0_nomask 202609 2027 {'epoch_index': 1, 'train_loss': 5.18918914420932, 'alpha': 0.09738093614578247, 'seconds': 23.885332786478102} g4_band_open 1.0
07:09:11 F10 G1_T0_nomask 202609 2027 {'epoch_index': 2, 'train_loss': 4.697646716840906, 'alpha': 0.09630970656871796, 'seconds': 23.932741143740714} g4_band_open 1.0
07:09:34 F10 G1_T0_nomask 202609 2027 {'epoch_index': 3, 'train_loss': 4.391008903777677, 'alpha': 0.09542639553546906, 'seconds': 22.94379505328834} g4_band_open 1.0
07:09:58 F10 G1_T0_nomask 202609 2027 {'epoch_index': 4, 'train_loss': 4.191100662440256, 'alpha': 0.09467320144176483, 'seconds': 23.75649907812476} g4_band_open 1.0
07:10:21 F10 G1_T0_nomask 202609 2027 {'epoch_index': 5, 'train_loss': 3.9321210906396504, 'alpha': 0.09406284987926483, 'seconds': 23.00762815680355} g4_band_open 1.0
07:10:45 F10 G1_T0_nomask 202609 2027 {'epoch_index': 6, 'train_loss': 3.5134850576812147, 'alpha': 0.09360843896865845, 'seconds': 23.973852523602545} g4_band_open 1.0
07:11:08 F10 G1_T0_nomask 202609 2027 {'epoch_index': 7, 'train_loss': 3.2101765964545455, 'alpha': 0.09323564171791077, 'seconds': 23.331536680459976} g4_band_open 1.0
07:11:10 F10_FOLD_DONE G1_T0_nomask 202609 2027
DLARCH_TRAIN_DONE arm=G1_T0_nomask seed=2027 params=110082 out=/workspace/dlarch_2026-09-24/f10full_2026-09-26/s2027_identity/G1_T0_nomask/f10_s2027 oof_sha=f040508b7bb2341b receipt_sha=7406003a080a32c7
07:11:14Z [s2027-id] training rc=0
07:11:14Z [s2027-id] bitwise comparison against the IN-SERVICE NC F10 at s2027
self_sha256=3a3f5fc944ea7d8a21cd10f73312a521d7e81edeb56717ffd89d3d5e35043348
label=C1.7_s2027_nomask_vs_inservice_NC
A=/dev/shm/news2_2026-09-23/work/f10_s2027
B=/workspace/dlarch_2026-09-24/f10full_2026-09-26/s2027_identity/G1_T0_nomask/f10_s2027
folds=['2023', '202609']
POSITIVE_CONTROL=PASS (control.P: bytes differ (sha 5403fe196e92 vs c2fc9c3d8e16); differing finite cells=1 max|delta|=9.99775e-07 finiteness-mismatch cells=0)
  2023     IDENTICAL  P=[2190, 829] P_sha=5403fe196e92
  202609   IDENTICAL  P=[109, 829] P_sha=927fb17dc86e
receipt=/workspace/dlarch_2026-09-24/f10full_2026-09-26/receipts/S2027_IDENTITY_2026-09-26.json sha256=2d9b9736f6d64c8a9fbb29e65c8165f6788fe27794f97031bac8d7c37f302ad3
DLARCH_IDENTITY=GREEN all_identical=True control=PASS
07:11:28Z [s2027-id] comparison rc=0  DLARCH_IDENTITY=GREEN all_identical=True control=PASS
POSITIVE_CONTROL=PASS (control.P: bytes differ (sha 5403fe196e92 vs c2fc9c3d8e16); differing finite cells=1 max|delta|=9.99775e-07 finiteness-mismatch cells=0)
  2023     IDENTICAL  P=[2190, 829] P_sha=5403fe196e92
  202609   IDENTICAL  P=[109, 829] P_sha=927fb17dc86e
07:11:28Z [s2027-id] === S2027_IDENTITY_DONE ===
