family        factor_f       t |     book_e       t |  attrib_bps       t  %of_net
RESREV_1       +1.2006   +4.97 |    -0.0049   -13.8 |     +0.0536   +1.44     +8.1
RESREV_6       +0.7491   +2.85 |    -0.0018    -4.4 |     -0.0096   -0.20     -1.5
RESREV_18      +0.8004   +3.05 |    +0.0115   +24.3 |     +0.0586   +0.95     +8.8
RESMOM_42      -0.5028   -1.99 |    -0.0240   -43.6 |     +0.0291   +0.45     +4.4
IVOL_42        -0.4754   -1.24 |    -0.0650   -78.1 |     +0.1831   +1.07    +27.6
IVOLRAT        -0.7091   -2.32 |    -0.0713   -91.0 |     +0.3733   +3.00    +56.3
BETA_42        +0.0427   +0.08 |    +0.0015    +2.7 |     +0.0144   +0.11     +2.2
DBETA          -0.2053   -0.95 |    +0.0271   +78.4 |     -0.0154   -0.37     -2.3
RESMAX         -0.4903   -1.44 |    -0.0652   -82.6 |     +0.1144   +0.75    +17.3
RESSKEW        -0.7026   -3.76 |    -0.0539  -127.0 |     +0.1624   +3.18    +24.5
VARRATIO       +0.1452   +0.54 |    -0.0129   -36.5 |     -0.0108   -0.24     -1.6
LIQTREND       +0.3494   +1.67 |    -0.0048    -7.0 |     +0.1050   +1.64    +15.8
LIQSTAB        -0.1362   -0.69 |    -0.0187   -45.9 |     +0.0658   +1.80     +9.9
ASZSTAB        +0.2073   +0.84 |    +0.0053   +11.3 |     +0.1383   +2.79    +20.9
FUNDRESID      +0.8137   +3.91 |    +0.2305  +209.6 |     +1.0092   +5.01   +152.3
AMIRESID       +1.2132   +5.65 |    +0.0685  +149.5 |     +0.3171   +4.18    +47.8
TURNRESID      -0.5400   -2.36 |    +0.0227   +55.2 |     +0.0178   +0.44     +2.7
BETAFUND       -0.3604   -0.85 |    -0.0819  -131.3 |     +0.2948   +1.74    +44.5

A0 net (full22) = +0.6627 bps/anchor/gross
