A0 W shape (10039, 829) aligned rows 10039
mean gross 0.699515 zero-gross rows 0
RESREV_1    valueIC +0.01064 (t  +9.83)  D10-D1   +3.49 bps (t  +3.48) | book exposure -0.0046 (sd 0.0353, t   -13.2)
RESREV_6    valueIC +0.00709 (t  +6.02)  D10-D1   +1.43 bps (t  +1.32) | book exposure -0.0014 (sd 0.0403, t    -3.6)
RESREV_18   valueIC +0.00561 (t  +4.79)  D10-D1   +1.75 bps (t  +1.62) | book exposure +0.0118 (sd 0.0473, t   +25.0)
RESMOM_42   valueIC -0.00430 (t  -3.75)  D10-D1   -1.66 bps (t  -1.59) | book exposure -0.0243 (sd 0.0548, t   -44.3)
IVOL_42     valueIC -0.00432 (t  -2.62)  D10-D1   -1.98 bps (t  -1.33) | book exposure -0.0639 (sd 0.0832, t   -76.9)
IVOLRAT     valueIC -0.00375 (t  -2.96)  D10-D1   -2.31 bps (t  -2.17) | book exposure -0.0702 (sd 0.0781, t   -90.0)
BETA_42     valueIC -0.00191 (t  -0.88)  D10-D1   +0.02 bps (t  +0.01) | book exposure +0.0016 (sd 0.0567, t    +2.9)
DBETA       valueIC +0.00058 (t  +0.59)  D10-D1   -0.97 bps (t  -1.15) | book exposure +0.0273 (sd 0.0346, t   +79.3)
RESMAX      valueIC -0.00432 (t  -2.91)  D10-D1   -1.95 bps (t  -1.47) | book exposure -0.0641 (sd 0.0789, t   -81.5)
RESSKEW     valueIC -0.00337 (t  -4.03)  D10-D1   -1.60 bps (t  -2.26) | book exposure -0.0533 (sd 0.0423, t  -126.2)
VARRATIO    valueIC +0.00073 (t  +0.63)  D10-D1   +0.38 bps (t  +0.35) | book exposure -0.0134 (sd 0.0353, t   -38.0)
LIQTREND    valueIC +0.00293 (t  +3.21)  D10-D1   +0.56 bps (t  +0.81) | book exposure -0.0048 (sd 0.0672, t    -7.1)
LIQSTAB     valueIC -0.00094 (t  -1.10)  D10-D1   -0.28 bps (t  -0.37) | book exposure -0.0184 (sd 0.0403, t   -45.7)
ASZSTAB     valueIC +0.00025 (t  +0.26)  D10-D1   +0.20 bps (t  +0.20) | book exposure +0.0058 (sd 0.0464, t   +12.6)
FUNDRESID   valueIC +0.00240 (t  +2.68)  D10-D1   +3.39 bps (t  +4.10) | book exposure +0.2317 (sd 0.1094, t  +212.2)
AMIRESID    valueIC +0.00342 (t  +3.70)  D10-D1   +2.09 bps (t  +2.93) | book exposure +0.0685 (sd 0.0454, t  +151.1)
TURNRESID   valueIC -0.00278 (t  -2.75)  D10-D1   -2.04 bps (t  -2.23) | book exposure +0.0224 (sd 0.0409, t   +55.0)
BETAFUND    valueIC -0.00017 (t  -0.09)  D10-D1   -1.07 bps (t  -0.71) | book exposure -0.0827 (sd 0.0623, t  -133.1)
