MKT std 0.01556
beta/ivol ...
residual sums ...
residual skew ...
rolling max ...
semibetas ...
funding beta ...
xsec residualisations ...
RESREV_1    finite_all 0.386  finite_in_base 0.984
RESREV_6    finite_all 0.386  finite_in_base 0.983
RESREV_18   finite_all 0.384  finite_in_base 0.980
RESMOM_42   finite_all 0.382  finite_in_base 0.974
IVOL_42     finite_all 0.390  finite_in_base 0.995
IVOLRAT     finite_all 0.375  finite_in_base 0.956
BETA_42     finite_all 0.390  finite_in_base 0.995
DBETA       finite_all 0.385  finite_in_base 0.982
RESMAX      finite_all 0.386  finite_in_base 0.984
RESSKEW     finite_all 0.368  finite_in_base 0.939
VARRATIO    finite_all 0.386  finite_in_base 0.985
LIQTREND    finite_all 0.374  finite_in_base 0.953
LIQSTAB     finite_all 0.375  finite_in_base 0.956
ASZSTAB     finite_all 0.391  finite_in_base 0.996
FUNDRESID   finite_all 0.375  finite_in_base 0.957
AMIRESID    finite_all 0.375  finite_in_base 0.957
TURNRESID   finite_all 0.375  finite_in_base 0.957
BETAFUND    finite_all 0.386  finite_in_base 0.985
DONE
