PASS E1.prereg.sha_from_its_own_path_equals_the_approved_table {"path": "/workspace/baseline_tables_2026-09-19/pins/PREREG_baseline_tables_certified_2026-09-19.md", "got": "d9fe45e3191f56e5", "approved": "d9fe45e3191f56e5"}
PASS E1.prereg_amendment_1.sha_from_its_own_path_equals_the_approved_table {"path": "/workspace/baseline_tables_2026-09-19/pins/AMENDMENT_1_baseline_tables_certified_2026-09-19.md", "got": "766bc367743d8542", "approved": "766bc367743d8542"}
PASS E1.exec_sim.sha_from_its_own_path_equals_the_approved_table {"path": "/workspace/baseline_tables_2026-09-19/devices/exec_copy/exec_sim.py", "got": "29679672e68d4842", "approved": "29679672e68d4842"}
PASS E1.simlib.sha_from_its_own_path_equals_the_approved_table {"path": "/workspace/baseline_tables_2026-09-19/devices/exec_copy/simlib.py", "got": "55246fe98da2d57a", "approved": "55246fe98da2d57a"}
PASS E1.v1b_gate.sha_from_its_own_path_equals_the_approved_table {"path": "/workspace/baseline_tables_2026-09-19/devices/exec_copy/v1b_gate.py", "got": "4a725921a470f4c1", "approved": "4a725921a470f4c1"}
PASS E1.v1_gate.sha_from_its_own_path_equals_the_approved_table {"path": "/workspace/baseline_tables_2026-09-19/devices/exec_copy/v1_gate.py", "got": "c97d9b3d49212b49", "approved": "c97d9b3d49212b49"}
PASS E1.calibration.sha_from_its_own_path_equals_the_approved_table {"path": "/workspace/baseline_tables_2026-09-19/devices/exec_copy/CALIBRATION_v3_POOLED_20260826_20260910.json", "got": "fda342431d39703e", "approved": "fda342431d39703e"}
PASS E1.input_manifest.sha_from_its_own_path_equals_the_approved_table {"path": "/workspace/baseline_tables_2026-09-19/devices/exec_copy/INPUT_MANIFEST.json", "got": "59875e5a69db415f", "approved": "59875e5a69db415f"}
PASS E1.p2_s2_lib.sha_from_its_own_path_equals_the_approved_table {"path": "/workspace/uplift_r2_2026-09-13/P2/devices/p2_s2_lib.py", "got": "c53f5c495036727f", "approved": "c53f5c495036727f"}
PASS E1.price_full_raw.sha_from_its_own_path_equals_the_approved_table {"path": "/workspace/baseline_tables_2026-09-19/work/price_full_raw_x0918r.npy", "got": "23af32bd97c267d1", "approved": "23af32bd97c267d1"}
PASS E1.price_full_meta.sha_from_its_own_path_equals_the_approved_table {"path": "/workspace/baseline_tables_2026-09-19/work/price_full_raw_x0918r_meta.npz", "got": "d1e49cc9f0a7ddc4", "approved": "d1e49cc9f0a7ddc4"}
PASS E1.price_receipt.sha_from_its_own_path_equals_the_approved_table {"path": "/workspace/baseline_tables_2026-09-19/receipts/BT_PRICES_FULL_X0918R.json", "got": "130592b122831e03", "approved": "130592b122831e03"}
PASS E1.price_source_table_x0918r.sha_from_its_own_path_equals_the_approved_table {"path": "/workspace/raw_price_fix_2026-09-19/ext_x0918r/work/price_logtable_raw_x0918r.npy", "got": "9249b0da4a4c5789", "approved": "9249b0da4a4c5789"}
PASS E1.price_source_meta_x0918r.sha_from_its_own_path_equals_the_approved_table {"path": "/workspace/raw_price_fix_2026-09-19/ext_x0918r/work/price_meta_raw_x0918r.npz", "got": "da136830cee7e1a2", "approved": "da136830cee7e1a2"}
PASS E1.ledger_full.sha_from_its_own_path_equals_the_approved_table {"path": "/workspace/baseline_tables_2026-09-19/funding/ledger_spliced_p2_to_20260901T0200_streamD_after.npz", "got": "073088e503c026d6", "approved": "073088e503c026d6"}
PASS E1.funding_overlap_proof.sha_from_its_own_path_equals_the_approved_table {"path": "/workspace/baseline_tables_2026-09-19/funding/BT_FUNDING_OVERLAP.json", "got": "0ee6d99bfa2acfb9", "approved": "0ee6d99bfa2acfb9"}
PASS E1.funding_source_p2.sha_from_its_own_path_equals_the_approved_table {"path": "/workspace/uplift_r2_2026-09-13/P2/work/ledger_full.npz", "got": "bea6f5752772d54e", "approved": "bea6f5752772d54e"}
PASS E1.funding_source_stream_d.sha_from_its_own_path_equals_the_approved_table {"path": "/workspace/axis_0919/funding/funding_ledger.npz", "got": "74b69e635efbf355", "approved": "74b69e635efbf355"}
PASS E1.funding_4h_accounting_stream_d.sha_from_its_own_path_equals_the_approved_table {"path": "/workspace/axis_0919/funding/funding_4h_accounting.npz", "got": "2838e5f6cf42fff5", "approved": "2838e5f6cf42fff5"}
PASS E1.tradability.sha_from_its_own_path_equals_the_approved_table {"path": "/workspace/axis_0919/x0918r/trd/tradability_v1.npz", "got": "bebf69ab9ddb3b05", "approved": "bebf69ab9ddb3b05"}
PASS E1.universe.sha_from_its_own_path_equals_the_approved_table {"path": "/workspace/uplift_r2_2026-09-13/P2/work/universe.npz", "got": "6322b57366078ed0", "approved": "6322b57366078ed0"}
PASS E1.g0_labels.sha_from_its_own_path_equals_the_approved_table {"path": "/workspace/baseline_tables_2026-09-19/g0x/g0_labels_x0918.npz", "got": "c3832939e1b01333", "approved": "c3832939e1b01333"}
PASS E1.g0_receipt.sha_from_its_own_path_equals_the_approved_table {"path": "/workspace/baseline_tables_2026-09-19/g0x/RECEIPT_bt_g0_extend.json", "got": "8afd680472ef21be", "approved": "8afd680472ef21be"}
PASS E1.targets_A0_main_npz.sha_from_its_own_path_equals_the_approved_table {"path": "/workspace/object_b_2026-09-19/work/A0_main/TARGETS_A0_main.npz", "got": "b9f0dc9f2011f9de", "approved": "b9f0dc9f2011f9de"}
PASS E1.targets_A0_main_receipt.sha_from_its_own_path_equals_the_approved_table {"path": "/workspace/object_b_2026-09-19/receipts/TARGETS_A0_main.json", "got": "5ebac7205afc2cd0", "approved": "5ebac7205afc2cd0"}
PASS E1.targets_A0_ext_npz.sha_from_its_own_path_equals_the_approved_table {"path": "/workspace/object_b_2026-09-19/work/A0_ext/TARGETS_A0_ext.npz", "got": "085d88585244190d", "approved": "085d88585244190d"}
PASS E1.targets_A0_ext_receipt.sha_from_its_own_path_equals_the_approved_table {"path": "/workspace/object_b_2026-09-19/receipts/TARGETS_A0_ext.json", "got": "e9fd58b1a801e9d8", "approved": "e9fd58b1a801e9d8"}
PASS E1.prereg_amendment_2.sha_from_its_own_path_equals_the_approved_table {"path": "/workspace/baseline_tables_2026-09-19/pins/AMENDMENT_2_baseline_tables_certified_2026-09-20.md", "got": "52ae1969522d8620", "approved": "52ae1969522d8620"}
PASS E1.targets_V4_main_npz.sha_from_its_own_path_equals_the_approved_table {"path": "/workspace/object_b_2026-09-19/work/V4_main/TARGETS_V4_main.npz", "got": "a937a481fef08513", "approved": "a937a481fef08513"}
PASS E1.targets_V4_main_receipt.sha_from_its_own_path_equals_the_approved_table {"path": "/workspace/object_b_2026-09-19/receipts/TARGETS_V4_main.json", "got": "41b6f8fb9c95380a", "approved": "41b6f8fb9c95380a"}
PASS E1.every_approved_input_present []
PASS E2.economics_block_sha_equals_the_approved_one {"got": "210a9174147a0ab3", "approved": "210a9174147a0ab3", "block": "current_production_config + nav0_usdt + paths_R"}
PASS E2.initial_cash_equals_the_approved_constant {"config": 100000.0, "approved": 100000.0}
PASS E3.run_config_pins_match_the_approved_table {}
PASS E3.target_files_named_by_the_runs_are_approved {}
PASS E4.all_paths_present {"found": 4, "expected": 4}
PASS E6.each_path_npz_matches_the_sha_in_its_own_json []
PASS E4.initial_state_of_every_path_equals_the_approved_initial_cash_and_a_flat_book {"approved_nav0": 100000.0, "bad": {}}
PASS E6.AGG_listing_shas_match_the_files {"n_paths": 4}
PASS E6.AGG_equals_the_mean_of_the_path_files {"keys": 21, "n_paths": 4}
PASS E5.reproduce_count_is_positive (a zero-measurement pass is refused) {"--reproduce": "all", "seeds_to_reproduce": 4}
PASS E5.pins_verify_against_the_approved_paths []
PASS E5.the_anchors_being_reproduced_are_on_the_config_axis {"first": 1688097600, "n": 3000}
PASS E5.context_loads_from_the_approved_inputs []
PASS E5.seed02.re-run_from_external_inputs_is_bitwise_the_stored_path {"differing": {}}
PASS E5.seed03.re-run_from_external_inputs_is_bitwise_the_stored_path {"differing": {}}
PASS E5.seed00.re-run_from_external_inputs_is_bitwise_the_stored_path {"differing": {}}
PASS E5.seed01.re-run_from_external_inputs_is_bitwise_the_stored_path {"differing": {}}
PASS E5.every_reproduced_seed_accounted_for {"reproduced": 4, "asked": 4}
BT_GATE_EXTERNAL VERDICT: PASS 49/49 checks (inputs re-hashed from source against the approved table; 4/4 paths recomputed bitwise from those inputs)
