[     4s] CHECK input_sha.cache OK {"expected": "1d7f459dee434ec4", "got": "1d7f459dee434ec4"}
[     5s] CHECK input_sha.meta OK {"expected": "0e3c09ac86c727ac", "got": "0e3c09ac86c727ac"}
[     5s] CHECK input_sha.old_price_meta OK {"expected": "fc6a381a76e311e6", "got": "fc6a381a76e311e6"}
[     5s] CHECK input_sha.p2_s2_lib OK {"expected": "c53f5c495036727f", "got": "c53f5c495036727f"}
[     5s] CHECK cache.symbols_axis OK 
[     5s] CHECK cache.ret5_is_channel0 OK ["ret5", "range", "cpos", "log_qv", "log_cnt", "log_avgsz", "tbf"]
[     5s] CHECK cache.ts_strict_5m OK 
[     5s] CHECK cache.data_header OK {"shape": [490753, 829, 7]}
[    29s] ret5 streamed (490753, 829)
[    29s] CHECK old_meta.symbols OK 
[    30s] CHECK s2run.S2_A0pred_s2027.shas OK {"json": "c63b59a72438a1a0", "vec": "17b78784c6846cfc"}
[    30s] CHECK s2run.S2_A0pred_s42.shas OK {"json": "d01063c0ee68a487", "vec": "8c7c886376c484ea"}
[    31s] CHECK s2run.S2_v4_s2027.shas OK {"json": "5aba956d75faec46", "vec": "1aeef37b0ad36676"}
[    32s] CHECK s2run.S2_v4_s42.shas OK {"json": "4c5612f613ddad10", "vec": "902c8d905a63b3a0"}
[    32s] books loaded {'S2_A0pred_s2027|CMB': 2395063, 'S2_A0pred_s2027|LIT': 2396417, 'S2_A0pred_s42|CMB': 2395083, 'S2_A0pred_s42|LIT': 2396420, 'S2_v4_s2027|CMB': 2392781, 'S2_v4_s2027|LIT': 2395926, 'S2_v4_s42|CMB': 2392713, 'S2_v4_s42|LIT': 2395905}
[    36s] CHECK bound.exact_equals_old_threshold_set OK {"n_exact": 953, "n_ge_0.2999": 953}
[    37s] CHECK bound.no_value_beyond_bound OK 
[    37s] bound {"bars": 953, "cells": 595, "anchors": 200, "symbols": 440, "pos": 458, "neg": 495, "first": "2022-05-11T13:10Z", "last": "2026-08-24T13:00Z"} {"bars": 926, "cells": 584, "anchors": 192, "symbols": 438, "outside_before": 27, "outside_after": 0} {"bars": 682, "cells": 429, "anchors": 131, "symbols": 339}
[    41s] missing runs 15 T1 13 T2 2 dead 2
RP_CENSUS VERDICT=PASS bound_T0=953 T1=926 T2=682 cells_T1=584 anchors_T1=192 nan_runs_T1=13 fetch=708 receipt_sha256=ed537e779f4cfefe7c9113d85204052d2494cd936680e48f30619f243171b627
