[     0s] CHECK census.PASS OK {"census_receipt_sha256": "ed537e779f4cfefe7c9113d85204052d2494cd936680e48f30619f243171b627"}
[     0s] CHECK fetch_list.sha OK {"sha256": "23692999643d9adf"}
[     1s] CHECK disk.probe_512MB OK 
[     3s] 0 / 708 1000000BOBUSDT 2025-10-10 OK
[    76s] 50 / 708 ALPHAUSDT 2025-09-22 OK
[   149s] 100 / 708 BANDUSDT 2025-10-10 OK
[   230s] 150 / 708 BNXUSDT 2023-02-11 OK
[   303s] 200 / 708 COTIUSDT 2025-10-10 OK
[   363s] 250 / 708 EPTUSDT 2025-05-08 OK
[   425s] 300 / 708 HIFIUSDT 2025-09-12 OK
[   497s] 350 / 708 INJUSDT 2025-10-10 OK
[   567s] 400 / 708 MAVIAUSDT 2025-03-25 OK
[   639s] 450 / 708 OLUSDT 2025-10-10 OK
[   711s] 500 / 708 QUSDT 2025-10-10 OK
[   782s] 550 / 708 SOLVUSDT 2025-10-10 OK
[   853s] 600 / 708 TLMUSDT 2023-03-07 OK
[   926s] 650 / 708 UNFIUSDT 2022-06-07 OK
[   997s] 700 / 708 ZETAUSDT 2025-10-10 OK
[  1008s] CHECK fetch.no_checksum_fail OK {"n": 0}
[  1008s] CHECK fetch.no_net_fail OK 
RP_FETCH VERDICT=PASS daily={'OK': 703, 'MISSING': 5} monthly={'OK': 1} not_covered=0 receipt_sha256=9ea9d7b2ed5c1ac0ce88315360d60c35dbbfa1cc75d0dacd61c4535ead36ba52
rc=0
