[     0s] CHECK config.not_a_template_and_nothing_pending OK {"status": "FROZEN before any M3 number \u2014 M3 BTC overlay with beta on the EXECUTED target (m3_hook.py, derived from M2 route H) of prereg docs/PREREG_m3_beta_overlay_executed_book_2026-09-23.md (24c3f803f)", "pending": []}
[     0s] CHECK pin.prereg OK {"path": "/workspace/baseline_tables_2026-09-19/pins/PREREG_baseline_tables_certified_2026-09-19.md", "got": "d9fe45e3191f56e5", "want": "d9fe45e3191f56e5"}
[     0s] CHECK pin.prereg_amendment_1 OK {"path": "/workspace/baseline_tables_2026-09-19/pins/AMENDMENT_1_baseline_tables_certified_2026-09-19.md", "got": "766bc367743d8542", "want": "766bc367743d8542"}
[     0s] CHECK pin.exec_sim OK {"path": "/workspace/baseline_tables_2026-09-19/devices/exec_copy/exec_sim.py", "got": "29679672e68d4842", "want": "29679672e68d4842"}
[     0s] CHECK pin.simlib OK {"path": "/workspace/baseline_tables_2026-09-19/devices/exec_copy/simlib.py", "got": "55246fe98da2d57a", "want": "55246fe98da2d57a"}
[     0s] CHECK pin.v1b_gate OK {"path": "/workspace/baseline_tables_2026-09-19/devices/exec_copy/v1b_gate.py", "got": "4a725921a470f4c1", "want": "4a725921a470f4c1"}
[     0s] CHECK pin.v1_gate OK {"path": "/workspace/baseline_tables_2026-09-19/devices/exec_copy/v1_gate.py", "got": "c97d9b3d49212b49", "want": "c97d9b3d49212b49"}
[     0s] CHECK pin.calibration OK {"path": "/workspace/baseline_tables_2026-09-19/devices/exec_copy/CALIBRATION_v3_POOLED_20260826_20260910.json", "got": "fda342431d39703e", "want": "fda342431d39703e"}
[     0s] CHECK pin.input_manifest OK {"path": "/workspace/baseline_tables_2026-09-19/devices/exec_copy/INPUT_MANIFEST.json", "got": "59875e5a69db415f", "want": "59875e5a69db415f"}
[     0s] CHECK pin.p2_s2_lib OK {"path": "/workspace/uplift_r2_2026-09-13/P2/devices/p2_s2_lib.py", "got": "c53f5c495036727f", "want": "c53f5c495036727f"}
[     5s] CHECK pin.price_full_raw OK {"path": "/workspace/baseline_tables_2026-09-19/work/price_full_raw_x0918r.npy", "got": "23af32bd97c267d1", "want": "23af32bd97c267d1"}
[     5s] CHECK pin.price_full_meta OK {"path": "/workspace/baseline_tables_2026-09-19/work/price_full_raw_x0918r_meta.npz", "got": "d1e49cc9f0a7ddc4", "want": "d1e49cc9f0a7ddc4"}
[     5s] CHECK pin.price_receipt OK {"path": "/workspace/baseline_tables_2026-09-19/receipts/BT_PRICES_FULL_X0918R.json", "got": "130592b122831e03", "want": "130592b122831e03"}
[     6s] CHECK pin.price_source_table_x0918r OK {"path": "/workspace/raw_price_fix_2026-09-19/ext_x0918r/work/price_logtable_raw_x0918r.npy", "got": "9249b0da4a4c5789", "want": "9249b0da4a4c5789"}
[     6s] CHECK pin.price_source_meta_x0918r OK {"path": "/workspace/raw_price_fix_2026-09-19/ext_x0918r/work/price_meta_raw_x0918r.npz", "got": "da136830cee7e1a2", "want": "da136830cee7e1a2"}
[     6s] CHECK pin.ledger_full OK {"path": "/workspace/baseline_tables_2026-09-19/funding/ledger_spliced_p2_to_20260901T0200_streamD_after.npz", "got": "073088e503c026d6", "want": "073088e503c026d6"}
[     6s] CHECK pin.funding_overlap_proof OK {"path": "/workspace/baseline_tables_2026-09-19/funding/BT_FUNDING_OVERLAP.json", "got": "0ee6d99bfa2acfb9", "want": "0ee6d99bfa2acfb9"}
[     6s] CHECK pin.funding_source_p2 OK {"path": "/workspace/uplift_r2_2026-09-13/P2/work/ledger_full.npz", "got": "bea6f5752772d54e", "want": "bea6f5752772d54e"}
[     6s] CHECK pin.funding_source_stream_d OK {"path": "/workspace/axis_0919/funding/funding_ledger.npz", "got": "74b69e635efbf355", "want": "74b69e635efbf355"}
[     6s] CHECK pin.funding_4h_accounting_stream_d OK {"path": "/workspace/axis_0919/funding/funding_4h_accounting.npz", "got": "2838e5f6cf42fff5", "want": "2838e5f6cf42fff5"}
[     6s] CHECK pin.tradability OK {"path": "/workspace/axis_0919/x0918r/trd/tradability_v1.npz", "got": "bebf69ab9ddb3b05", "want": "bebf69ab9ddb3b05"}
[     7s] CHECK pin.universe OK {"path": "/workspace/uplift_r2_2026-09-13/P2/work/universe.npz", "got": "6322b57366078ed0", "want": "6322b57366078ed0"}
[     7s] CHECK pin.g0_labels OK {"path": "/workspace/baseline_tables_2026-09-19/g0x/g0_labels_x0918.npz", "got": "c3832939e1b01333", "want": "c3832939e1b01333"}
[     7s] CHECK pin.g0_receipt OK {"path": "/workspace/baseline_tables_2026-09-19/g0x/RECEIPT_bt_g0_extend.json", "got": "8afd680472ef21be", "want": "8afd680472ef21be"}
[     7s] CHECK price_receipt.PASS_and_outputs OK {"price_kinds": ["raw"]}
[     8s] CHECK pin.executor_tree_409ea16_vs_manifest OK {"n": 332, "bad": []}
[     8s] CHECK exec_sim.version_v3.1 OK "v3.1"
[     8s] CHECK runs.selected OK {"runs": ["OVN_NEW_s42XM3H0|scaled|rule|raw|UAFE"], "seeds": [0, 1, 2, 3, 4, 5, 6, 7, 8, 9, 10, 11, 12, 13, 14, 15, 16, 17, 18, 19, 20, 21, 22, 23, 24, 25, 26, 27, 28, 29, 30, 31]}
[     8s] CHECK window.n_anchors OK 9252
[     8s] CHECK axis.symbols OK 
[     8s] CHECK prices.grid_covers_window OK {"grid0": 1656532800, "n": 444145}
[     8s] CHECK ua_sets.counts_of_the_sets_the_runs_use OK {"UNAVAILABLE_3084": 3084}
[     9s] prices raw (444145, 829)
[     9s] CHECK run.OVN_NEW_s42XM3H0|scaled|rule|raw|UAFE.policy_named OK 
[     9s] CHECK run.OVN_NEW_s42XM3H0|scaled|rule|raw|UAFE.ua_cells_already_at_last_available_price OK {"cells_that_would_change": 0}
[     9s] funding rows 2449807
[     9s] CHECK axis.tradability_symbols OK 
[     9s] CHECK tradability.covers_window OK 
[     9s] CHECK calibration.v3_pooled_frozen OK 
[     9s] CHECK calibration.decision_offset_N+24 OK 1440
[     9s] CHECK executor.pns_wide OK 
[     9s] CHECK executor.gross_mult_config OK {"gm": 2.0, "onu": "hold"}
[     9s] CHECK objb_targets.OVN_NEW_s42XM3H0|scaled|rule|raw|UAFE.loaded OK {"window_anchors": 9252, "combo": 6723, "king": 0, "hold": 2529, "written_rows_without_weights": 0}
[     9s] resume: existing 0 to run 32
[     9s] started OVN_NEW_s42XM3H0|scaled|rule|raw|UAFE seed 0 pid 2247300 avail_GiB 32.3 own_GiB 3.03 psi 0.0
[    10s] started OVN_NEW_s42XM3H0|scaled|rule|raw|UAFE seed 1 pid 2247301 avail_GiB 32.3 own_GiB 3.04 psi 0.0
[    10s] started OVN_NEW_s42XM3H0|scaled|rule|raw|UAFE seed 2 pid 2247302 avail_GiB 32.2 own_GiB 3.05 psi 0.0
[    10s] started OVN_NEW_s42XM3H0|scaled|rule|raw|UAFE seed 3 pid 2247303 avail_GiB 32.3 own_GiB 3.07 psi 0.0
[   101s] finished OVN_NEW_s42XM3H0|scaled|rule|raw|UAFE seed 0 rc 0 avail_GiB 32.3 own_GiB 3.02 psi 0.0
[   101s] started OVN_NEW_s42XM3H0|scaled|rule|raw|UAFE seed 4 pid 2247581 avail_GiB 32.3 own_GiB 3.03 psi 0.0
[   101s] finished OVN_NEW_s42XM3H0|scaled|rule|raw|UAFE seed 1 rc 0 avail_GiB 32.2 own_GiB 3.03 psi 0.0
[   101s] started OVN_NEW_s42XM3H0|scaled|rule|raw|UAFE seed 5 pid 2247582 avail_GiB 32.3 own_GiB 3.04 psi 0.0
[   101s] finished OVN_NEW_s42XM3H0|scaled|rule|raw|UAFE seed 2 rc 0 avail_GiB 32.2 own_GiB 3.05 psi 0.0
[   101s] started OVN_NEW_s42XM3H0|scaled|rule|raw|UAFE seed 6 pid 2247584 avail_GiB 32.3 own_GiB 3.07 psi 0.0
[   101s] finished OVN_NEW_s42XM3H0|scaled|rule|raw|UAFE seed 3 rc 0 avail_GiB 32.2 own_GiB 3.07 psi 0.0
[   101s] started OVN_NEW_s42XM3H0|scaled|rule|raw|UAFE seed 7 pid 2247586 avail_GiB 32.2 own_GiB 3.10 psi 0.0
[   192s] finished OVN_NEW_s42XM3H0|scaled|rule|raw|UAFE seed 4 rc 0 avail_GiB 39.0 own_GiB 3.02 psi 0.0
[   192s] started OVN_NEW_s42XM3H0|scaled|rule|raw|UAFE seed 8 pid 2247997 avail_GiB 39.0 own_GiB 3.03 psi 0.0
[   192s] finished OVN_NEW_s42XM3H0|scaled|rule|raw|UAFE seed 5 rc 0 avail_GiB 38.9 own_GiB 3.03 psi 0.0
[   192s] started OVN_NEW_s42XM3H0|scaled|rule|raw|UAFE seed 9 pid 2247998 avail_GiB 38.9 own_GiB 3.04 psi 0.0
[   192s] finished OVN_NEW_s42XM3H0|scaled|rule|raw|UAFE seed 6 rc 0 avail_GiB 38.9 own_GiB 3.05 psi 0.0
[   192s] started OVN_NEW_s42XM3H0|scaled|rule|raw|UAFE seed 10 pid 2248001 avail_GiB 38.9 own_GiB 3.07 psi 0.0
[   192s] finished OVN_NEW_s42XM3H0|scaled|rule|raw|UAFE seed 7 rc 0 avail_GiB 38.9 own_GiB 3.08 psi 0.0
[   192s] started OVN_NEW_s42XM3H0|scaled|rule|raw|UAFE seed 11 pid 2248002 avail_GiB 38.9 own_GiB 3.10 psi 0.0
[   283s] finished OVN_NEW_s42XM3H0|scaled|rule|raw|UAFE seed 8 rc 0 avail_GiB 37.6 own_GiB 3.02 psi 0.0
[   283s] started OVN_NEW_s42XM3H0|scaled|rule|raw|UAFE seed 12 pid 2248221 avail_GiB 37.6 own_GiB 3.03 psi 0.0
[   283s] finished OVN_NEW_s42XM3H0|scaled|rule|raw|UAFE seed 9 rc 0 avail_GiB 37.6 own_GiB 3.03 psi 0.0
[   283s] started OVN_NEW_s42XM3H0|scaled|rule|raw|UAFE seed 13 pid 2248222 avail_GiB 37.6 own_GiB 3.04 psi 0.0
[   283s] finished OVN_NEW_s42XM3H0|scaled|rule|raw|UAFE seed 10 rc 0 avail_GiB 37.6 own_GiB 3.05 psi 0.0
[   283s] started OVN_NEW_s42XM3H0|scaled|rule|raw|UAFE seed 14 pid 2248223 avail_GiB 37.6 own_GiB 3.06 psi 0.0
[   283s] finished OVN_NEW_s42XM3H0|scaled|rule|raw|UAFE seed 11 rc 0 avail_GiB 37.6 own_GiB 3.08 psi 0.0
[   283s] started OVN_NEW_s42XM3H0|scaled|rule|raw|UAFE seed 15 pid 2248224 avail_GiB 37.6 own_GiB 3.10 psi 0.0
[   374s] finished OVN_NEW_s42XM3H0|scaled|rule|raw|UAFE seed 12 rc 0 avail_GiB 38.5 own_GiB 3.02 psi 0.0
[   374s] started OVN_NEW_s42XM3H0|scaled|rule|raw|UAFE seed 16 pid 2248471 avail_GiB 38.5 own_GiB 3.03 psi 0.0
[   374s] finished OVN_NEW_s42XM3H0|scaled|rule|raw|UAFE seed 13 rc 0 avail_GiB 38.5 own_GiB 3.03 psi 0.0
[   374s] started OVN_NEW_s42XM3H0|scaled|rule|raw|UAFE seed 17 pid 2248472 avail_GiB 38.5 own_GiB 3.04 psi 0.0
[   374s] finished OVN_NEW_s42XM3H0|scaled|rule|raw|UAFE seed 14 rc 0 avail_GiB 38.5 own_GiB 3.05 psi 0.0
[   374s] started OVN_NEW_s42XM3H0|scaled|rule|raw|UAFE seed 18 pid 2248473 avail_GiB 38.5 own_GiB 3.06 psi 0.0
[   374s] finished OVN_NEW_s42XM3H0|scaled|rule|raw|UAFE seed 15 rc 0 avail_GiB 38.4 own_GiB 3.08 psi 0.0
[   374s] started OVN_NEW_s42XM3H0|scaled|rule|raw|UAFE seed 19 pid 2248474 avail_GiB 38.4 own_GiB 3.10 psi 0.0
[   465s] finished OVN_NEW_s42XM3H0|scaled|rule|raw|UAFE seed 16 rc 0 avail_GiB 38.8 own_GiB 3.02 psi 0.0
[   465s] started OVN_NEW_s42XM3H0|scaled|rule|raw|UAFE seed 20 pid 2248650 avail_GiB 38.8 own_GiB 3.03 psi 0.0
[   465s] finished OVN_NEW_s42XM3H0|scaled|rule|raw|UAFE seed 17 rc 0 avail_GiB 38.8 own_GiB 3.03 psi 0.0
[   465s] started OVN_NEW_s42XM3H0|scaled|rule|raw|UAFE seed 21 pid 2248651 avail_GiB 38.8 own_GiB 3.04 psi 0.0
[   465s] finished OVN_NEW_s42XM3H0|scaled|rule|raw|UAFE seed 18 rc 0 avail_GiB 38.8 own_GiB 3.05 psi 0.0
[   466s] started OVN_NEW_s42XM3H0|scaled|rule|raw|UAFE seed 22 pid 2248652 avail_GiB 38.8 own_GiB 3.06 psi 0.0
[   466s] finished OVN_NEW_s42XM3H0|scaled|rule|raw|UAFE seed 19 rc 0 avail_GiB 38.7 own_GiB 3.08 psi 0.0
[   466s] started OVN_NEW_s42XM3H0|scaled|rule|raw|UAFE seed 23 pid 2248653 avail_GiB 38.7 own_GiB 3.10 psi 0.0
[   557s] finished OVN_NEW_s42XM3H0|scaled|rule|raw|UAFE seed 20 rc 0 avail_GiB 31.2 own_GiB 3.02 psi 0.0
[   557s] started OVN_NEW_s42XM3H0|scaled|rule|raw|UAFE seed 24 pid 2249124 avail_GiB 31.2 own_GiB 3.03 psi 0.0
[   557s] finished OVN_NEW_s42XM3H0|scaled|rule|raw|UAFE seed 21 rc 0 avail_GiB 31.2 own_GiB 3.03 psi 0.0
[   557s] started OVN_NEW_s42XM3H0|scaled|rule|raw|UAFE seed 25 pid 2249126 avail_GiB 31.1 own_GiB 3.04 psi 0.0
[   557s] finished OVN_NEW_s42XM3H0|scaled|rule|raw|UAFE seed 22 rc 0 avail_GiB 31.1 own_GiB 3.05 psi 0.0
[   557s] started OVN_NEW_s42XM3H0|scaled|rule|raw|UAFE seed 26 pid 2249127 avail_GiB 31.0 own_GiB 3.07 psi 0.0
[   557s] finished OVN_NEW_s42XM3H0|scaled|rule|raw|UAFE seed 23 rc 0 avail_GiB 31.0 own_GiB 3.08 psi 0.0
[   557s] started OVN_NEW_s42XM3H0|scaled|rule|raw|UAFE seed 27 pid 2249128 avail_GiB 30.8 own_GiB 3.10 psi 0.0
[   648s] finished OVN_NEW_s42XM3H0|scaled|rule|raw|UAFE seed 24 rc 0 avail_GiB 30.1 own_GiB 3.02 psi 0.0
[   648s] started OVN_NEW_s42XM3H0|scaled|rule|raw|UAFE seed 28 pid 2249592 avail_GiB 30.1 own_GiB 3.03 psi 0.0
[   648s] finished OVN_NEW_s42XM3H0|scaled|rule|raw|UAFE seed 25 rc 0 avail_GiB 30.1 own_GiB 3.03 psi 0.0
[   648s] started OVN_NEW_s42XM3H0|scaled|rule|raw|UAFE seed 29 pid 2249594 avail_GiB 30.3 own_GiB 3.04 psi 0.0
[   648s] finished OVN_NEW_s42XM3H0|scaled|rule|raw|UAFE seed 26 rc 0 avail_GiB 30.2 own_GiB 3.05 psi 0.0
[   648s] started OVN_NEW_s42XM3H0|scaled|rule|raw|UAFE seed 30 pid 2249595 avail_GiB 30.3 own_GiB 3.07 psi 0.0
[   648s] finished OVN_NEW_s42XM3H0|scaled|rule|raw|UAFE seed 27 rc 0 avail_GiB 30.7 own_GiB 3.08 psi 0.0
[   648s] started OVN_NEW_s42XM3H0|scaled|rule|raw|UAFE seed 31 pid 2249597 avail_GiB 30.6 own_GiB 3.10 psi 0.0
[   739s] finished OVN_NEW_s42XM3H0|scaled|rule|raw|UAFE seed 28 rc 0 avail_GiB 30.0 own_GiB 3.02 psi 0.0
[   739s] finished OVN_NEW_s42XM3H0|scaled|rule|raw|UAFE seed 29 rc 0 avail_GiB 30.0 own_GiB 3.02 psi 0.0
[   739s] finished OVN_NEW_s42XM3H0|scaled|rule|raw|UAFE seed 30 rc 0 avail_GiB 30.0 own_GiB 3.02 psi 0.0
[   740s] aggregated OVN_NEW_s42XM3H0|scaled|rule|raw|UAFE
[   740s] finished OVN_NEW_s42XM3H0|scaled|rule|raw|UAFE seed 31 rc 0 avail_GiB 30.7 own_GiB 3.04 psi 0.0
[   740s] CHECK runs.all_rc0 OK {"OVN_NEW_s42XM3H0|scaled|rule|raw|UAFE": {"0": 0, "1": 0, "2": 0, "3": 0, "4": 0, "5": 0, "6": 0, "7": 0, "8": 0, "9": 0, "10": 0, "11": 0, "12": 0, "13": 0, "14": 0, "15": 0, "16": 0, "17": 0, "18": 0, "19": 0, "20": 0, "21": 0, "22": 0, 
[   740s] CHECK runs.audits_clean OK 
BT_LAUNCH VERDICT=PASS label=full_m3h0_new runs=1 seeds=32 receipt_sha256=9c530fb147058facc891be02c0a003dbc70c02886896ffec714047c985905cb6
EXIT 0
