START 2026-09-16T04:06:38Z
ff6dccad6646058a7cd6f68e2837600e3668ff24407937dc240d6548f25edf34  /workspace/fx_train_2026-09-13/trn17_dev/pod_legs_v4b.py
8c33a2305c38a148bd28accd1da873fad6332fcfb06775742fac16412d8185da  /workspace/fx_train_2026-09-13/trn17_dev/pod_legs_v4b.r1_8c33a230.py
c535decd6524b091ea7285b263b6447d47b6447b90f69ee958fd2b9ed8437dad  /workspace/f8_v4/data/f10v2_legs.npz
c5d10f6ae31fa3f97006a8678c78382479a5380ae9d7f7af8386d2284ae3e90d  /workspace/data/wide_panel_4h_v3splice.npz
facf53f7355da98fa2b92d95e0989882fb33523ce0237bcd1d6af77641a8e416  /workspace/f8_ext/data/f10v2_legs.npz
new rows without a panel row (Z24/ZFD NaN by construction): ['2026-08-31 04Z', '2026-08-31 08Z', '2026-08-31 12Z', '2026-08-31 16Z', '2026-08-31 20Z']
legs frontier: 5/5 anchors without a panel row, all after the panel end 2026-08-31 00Z
legs v4b: old rows verbatim 10206/10212; new rows 6 = ['2026-08-31 00Z', '2026-08-31 04Z', '2026-08-31 08Z', '2026-08-31 12Z', '2026-08-31 16Z', '2026-08-31 20Z']; WL(new) = [[0.27799999713897705, 0.11900000274181366, 0.6029999852180481], [0.3330000042915344, 0.3330000042915344, 0.3330000042915344], [0.3330000042915344, 0.3330000042915344, 0.3330000042915344], [0.3330000042915344, 0.3330000042915344, 0.3330000042915344], [0.3330000042915344, 0.3330000042915344, 0.3330000042915344], [0.3330000042915344, 0.3330000042915344, 0.3330000042915344]]
WL mean by year (king, rev24, fund): {2022: [0.8277000188827515, 0.13729999959468842, 0.03500000014901161], 2023: [0.5864999890327454, 0.22439999878406525, 0.1890999972820282], 2024: [0.6090999841690063, 0.06239999830722809, 0.32850000262260437], 2025: [0.5726000070571899, 0.0820000022649765, 0.34540000557899475], 2026: [0.20270000398159027, 0.21410000324249268, 0.5831000208854675]}
LEGS_V4B_DONE /workspace/fx_train_2026-09-13/trn17_dev/out/legs_fixed.npz
FIXED rc=0
new rows without a panel row (Z24/ZFD NaN by construction): ['2026-08-31 04Z', '2026-08-31 08Z', '2026-08-31 12Z', '2026-08-31 16Z', '2026-08-31 20Z']
legs v4b: old rows verbatim 10206/10212; new rows 6 = ['2026-08-31 00Z', '2026-08-31 04Z', '2026-08-31 08Z', '2026-08-31 12Z', '2026-08-31 16Z', '2026-08-31 20Z']; WL(new) = [[0.27799999713897705, 0.11900000274181366, 0.6029999852180481], [0.3330000042915344, 0.3330000042915344, 0.3330000042915344], [0.3330000042915344, 0.3330000042915344, 0.3330000042915344], [0.3330000042915344, 0.3330000042915344, 0.3330000042915344], [0.3330000042915344, 0.3330000042915344, 0.3330000042915344], [0.3330000042915344, 0.3330000042915344, 0.3330000042915344]]
WL mean by year (king, rev24, fund): {2022: [0.8277000188827515, 0.13729999959468842, 0.03500000014901161], 2023: [0.5864999890327454, 0.22439999878406525, 0.1890999972820282], 2024: [0.6090999841690063, 0.06239999830722809, 0.32850000262260437], 2025: [0.5726000070571899, 0.0820000022649765, 0.34540000557899475], 2026: [0.20270000398159027, 0.21410000324249268, 0.5831000208854675]}
LEGS_V4B_DONE /workspace/fx_train_2026-09-13/trn17_dev/out/legs_prefix.npz
PREFIX rc=0
new rows without a panel row (Z24/ZFD NaN by construction): ['2026-08-31 04Z', '2026-08-31 08Z', '2026-08-31 12Z', '2026-08-31 16Z', '2026-08-31 20Z']
LEGS_REFUSED: 5 anchors have no panel row, LEGS_MAX_NO_PANEL=4 (panel ends 2026-08-31 00Z, axis ends 2026-08-31 20Z); nothing written. Extend LEGS_PANEL, or raise the bound deliberately — after this stage the condition is invisible (refit/trainer map NaN to 0 and WL to 1/3)
BOUND4 rc=3
total 136620
drwxrwxrwx 2 root root  2012957 Sep 16 04:06 .
drwxrwxrwx 3 root root  2012959 Sep 16 04:06 ..
-rw-rw-rw- 1 root root 67936228 Sep 16 04:06 legs_fixed.npz
-rw-rw-rw- 1 root root 67935980 Sep 16 04:06 legs_prefix.npz
{
 "fixed": {
  "Z24": true,
  "ZFD": true,
  "WL": true,
  "E_ts": true,
  "meta_no_panel_bound": 5,
  "meta_panel_end_utc": "2026-08-31T00:00:00Z",
  "n_no_panel": 5
 },
 "prefix": {
  "Z24": true,
  "ZFD": true,
  "WL": true,
  "E_ts": true,
  "meta_no_panel_bound": null,
  "meta_panel_end_utc": null,
  "n_no_panel": 5
 },
 "bound4": "ABSENT (refused)"
}
c535decd6524b091ea7285b263b6447d47b6447b90f69ee958fd2b9ed8437dad  /workspace/f8_v4/data/f10v2_legs.npz
c5d10f6ae31fa3f97006a8678c78382479a5380ae9d7f7af8386d2284ae3e90d  /workspace/data/wide_panel_4h_v3splice.npz
facf53f7355da98fa2b92d95e0989882fb33523ce0237bcd1d6af77641a8e416  /workspace/f8_ext/data/f10v2_legs.npz
END 2026-09-16T04:07:10Z
