A0  n=9138  mean_g=+0.6342  SR=+1.2912
eligible names/anchor: 267.19
interventional leak test: 24 cuts, 0 failures
offset spectrum: {"k-3": {"IC": 0.02022, "t": 8.53, "n": 3046}, "k-2": {"IC": 0.04659, "t": 19.06, "n": 3046}, "k-1": {"IC": -1.0, "t": -6.136922321823244e+17, "n": 3046}, "k+0": {"IC": 0.04034, "t": 16.16, "n": 3046}, "k+1": {"IC": 0.01337, "t": 5.78, "n": 3046}, "k+2": {"IC": 0.00417, "t": 1.85, "n": 3046}, "k+3": {"IC": 0.0008, "t": 0.35, "n": 3046}}
RAW_jump a=1               gross  +1.1585  turn  1.3178  cost  3.8683  net  -2.7097  SRnet  -4.199  rho +0.0186  BE  0.8791
EMA a=0.5                  gross  +1.2710  turn  0.7926  cost  2.3246  net  -1.0536  SRnet  -1.399  rho -0.0211  BE  1.6036
EMA a=0.25                 gross  -0.0991  turn  0.3193  cost  0.9368  net  -1.0359  SRnet  -1.312  rho -0.0077  BE -0.3104
EMA a=0.1                  gross  -0.4321  turn  0.1092  cost  0.3208  net  -0.7529  SRnet  -1.066  rho -0.0380  BE -3.9559
LIVE chain a=0.1 cap2.5    gross  -0.1012  turn  0.1107  cost  0.3289  net  -0.4301  SRnet  -0.754  rho +0.0399  BE -0.9136
LIVE chain a=0.5 cap2.5    gross  +1.2183  turn  0.7921  cost  2.3315  net  -1.1131  SRnet  -1.597  rho -0.0107  BE  1.5381
jump cap2.5                gross  +1.1585  turn  1.3178  cost  3.8683  net  -2.7097  SRnet  -4.199  rho +0.0186  BE  0.8791
tier0 only                 gross  -0.0045  turn  1.3074  cost  3.4914  net  -3.4958  SRnet  -2.698  rho +0.0496  BE -0.0034
tier0+1 only               gross  +0.9062  turn  1.3142  cost  3.5216  net  -2.6154  SRnet  -3.208  rho +0.0327  BE  0.6895
A0_bottom_quintile_anchors     n= 1828 rho=+0.1109 CI [0.0207, 0.1969]  cand_net= -4.7085  A0=-29.4534
A0_bottom_decile_anchors       n=  914 rho=+0.1641 CI [0.0391, 0.2786]  cand_net= -5.1444  A0=-40.7312
A0_negative_anchors            n= 4523 rho=+0.1016 CI [0.042, 0.1638]  cand_net= -2.7117  A0=-15.6215
A0_worst_quintile_UTCdays      n= 1830 rho=+0.1862 CI [0.1085, 0.2686]  cand_net= -3.9504  A0=-11.8924
A0_top_quintile_anchors        n= 1828 rho=-0.0580 CI [-0.129, 0.017]  cand_net= -3.7106  A0=+31.2446
NULL RELAB1                gross  -0.2560  turn  1.3096  cost  3.8781  net  -4.1342  SRnet  -7.670  rho -0.0103  BE -0.1955
NULL RELAB2                gross  +0.2265  turn  1.3198  cost  3.8823  net  -3.6558  SRnet  -7.165  rho +0.0060  BE  0.1716
NULL RELAB3                gross  +0.5281  turn  1.3200  cost  3.9011  net  -3.3729  SRnet  -6.386  rho +0.0262  BE  0.4001
NULL SHIFT101              gross  -0.1699  turn  1.3167  cost  3.8743  net  -4.0442  SRnet  -8.228  rho -0.0010  BE -0.1290
NULL SHIFT503              gross  -0.3725  turn  1.3204  cost  3.8994  net  -4.2719  SRnet  -9.704  rho -0.0226  BE -0.2821
NULL SHIFT1009             gross  -0.2106  turn  1.3233  cost  3.9079  net  -4.1186  SRnet  -9.489  rho -0.0192  BE -0.1592
per_year: {"2022": {"n": 1110, "gross": 0.9346, "turn": 1.3304, "net": -2.7684, "breakeven": 0.7025, "rho_A0": -0.0456}, "2023": {"n": 2190, "gross": 1.3422, "turn": 1.3307, "net": -2.4138, "breakeven": 1.0087, "rho_A0": 0.0217}, "2024": {"n": 2196, "gross": 1.5137, "turn": 1.3227, "net": -2.2756, "breakeven": 1.1444, "rho_A0": -0.0117}, "2025": {"n": 2190, "gross": 1.2116, "turn": 1.3085, "net": -2.7636, "breakeven": 0.9259, "rho_A0": 0.0772}, "2026": {"n": 1452, "gross": 0.4356, "turn": 1.2956, "net": -3.6866, "breakeven": 0.3362, "rho_A0": -0.0112}}
combination: {"A0_SR": 1.2912, "SE_SR": 0.4895, "target_SR": 3.966, "RAW_jump": {"cand_SR_net": -4.1986, "rho": 0.0186, "max_SR_combined": 4.4163, "SR_at_weights": {"w=0.1": 0.6693, "w=0.2": -0.0832, "w=0.3": -0.9278, "w=0.5": -2.5365}, "SR_needed_standalone_uncorrelated_to_hit_3.966": 3.7499}}
wrote /workspace/uplift_2026-09-11/r9_revshort/R9_REVSHORT.json
R9_DONE
