{
  "status": "FIRST120_D10_TARGET_AND_INPUT_PASS_CASH_UNVALIDATED",
  "utc": "2026-09-27T18:06:39Z",
  "source_sha256": "118a12b187a715994c5e2dcc7951e49108d7d52bc07e086802d5fd9837af9053",
  "config_sha256": "3a482d58c3adbc3f42ddf92c05539594ab078f6a7f5c589babc9060830b4fb63",
  "target_sha256": "53bbe3dc1db680798c1260e5320dc55a1bb19666529bb07e140934001f02e34e",
  "input_receipt_sha256": "0bdc5a3f9efdb14572a3892aed5d1154de9052ee0f2127591333449d41308673",
  "roundtrip": {
    "scaled": {
      "anchors_compared": 120,
      "published_equal": 9,
      "bitwise_equal": true,
      "padded_checked": 0,
      "loader_counts": {
        "window_anchors": 120,
        "combo": 9,
        "king": 0,
        "hold": 111,
        "written_rows_without_weights": 0
      }
    },
    "lit": {
      "anchors_compared": 120,
      "published_equal": 0,
      "bitwise_equal": true,
      "padded_checked": 0,
      "loader_counts": {
        "window_anchors": 120,
        "combo": 0,
        "king": 0,
        "hold": 120,
        "written_rows_without_weights": 0
      }
    }
  },
  "elapsed_seconds": 11.001745049841702,
  "rss_peak_bytes": 353689600,
  "output_bytes": 833741
}
{
  "status": "FIRST120_D10_CANONICAL_EXACT_MS_CASH_PASS",
  "fills": 5225,
  "logged_funding": 659,
  "all_ms_events": 9104,
  "reachable_nonzero_inventory_events": 656,
  "max_event_cash_error_usd": 0.0,
  "max_window_cash_error_usd": 1.1546319456101628e-14,
  "max_window_equity_identity_error_usd": 4.503988293436123e-10,
  "elapsed_seconds": 10.254937378689647,
  "rss_peak_bytes": 105529344
}
