{
 "day": "20260909",
 "root": "/Users/haosiyu/dl_quant_live/state/live/pilot_log",
 "n_gaps": 1,
 "gaps": [
  {
   "rebalance_id": "FLATTEN-20260909T164536Z",
   "anchor_ts": 1788972441.7102551,
   "n_executed_symbols": 243,
   "n_missing_symbols": 243,
   "missing_symbols": [
    "0GUSDT",
    "1000BONKUSDT",
    "1000CATUSDT",
    "1000FLOKIUSDT",
    "1000LUNCUSDT",
    "1000PEPEUSDT",
    "1000SHIBUSDT",
    "1INCHUSDT",
    "4USDT",
    "AAVEUSDT",
    "ACEUSDT",
    "ACUUSDT",
    "ADAUSDT",
    "AEROUSDT",
    "AIOUSDT",
    "AIXBTUSDT",
    "AKEUSDT",
    "ALGOUSDT",
    "ALLOUSDT",
    "ANKRUSDT",
    "APEUSDT",
    "APRUSDT",
    "APTUSDT",
    "ARKMUSDT",
    "ARUSDT",
    "ASTERUSDT",
    "ATOMUSDT",
    "AVAXUSDT",
    "AVNTUSDT",
    "AXSUSDT",
    "BANKUSDT",
    "BBUSDT",
    "BCHUSDT",
    "BEATUSDT",
    "BERAUSDT",
    "BICOUSDT",
    "BILLUSDT",
    "BIOUSDT",
    "BLESSUSDT",
    "BLUAIUSDT",
    "BMTUSDT",
    "BNBUSDT",
    "BOMEUSDT",
    "BROCCOLI714USDT",
    "BRUSDT",
    "BSBUSDT",
    "BTRUSDT",
    "BULLAUSDT",
    "BUSDT",
    "CAKEUSDT",
    "CATIUSDT",
    "CCUSDT",
    "CFGUSDT",
    "CFXUSDT",
    "CHILLGUYUSDT",
    "CHIPUSDT",
    "CHZUSDT",
    "CLOUSDT",
    "COMPUSDT",
    "COTIUSDT",
    "CRVUSDT",
    "DEXEUSDT",
    "DOGEUSDT",
    "DOGSUSDT",
    "DOODUSDT",
    "DOTUSDT",
    "DUSKUSDT",
    "DYDXUSDT",
    "EDENUSDT",
    "EDGEUSDT",
    "EDUUSDT",
    "EIGENUSDT",
    "ENAUSDT",
    "ENJUSDT",
    "ENSOUSDT",
    "ENSUSDT",
    "EPICUSDT",
    "ERAUSDT",
    "ESPORTSUSDT",
    "ESPUSDT",
    "ETCUSDT",
    "ETHFIUSDT",
    "ETHUSDT",
    "EULUSDT",
    "FARTCOINUSDT",
    "FETUSDT",
    "FFUSDT",
    "FIDAUSDT",
    "FILUSDT",
    "FORMUSDT",
    "GALAUSDT",
    "GIGGLEUSDT",
    "GPSUSDT",
    "GRASSUSDT",
    "GRTUSDT",
    "GWEIUSDT",
    "HBARUSDT",
    "HEIUSDT",
    "HOMEUSDT",
    "HUMAUSDT",
    "HUSDT",
    "HYPEUSDT",
    "ICPUSDT",
    "IDUSDT",
    "INJUSDT",
    "IOSTUSDT",
    "IOTAUSDT",
    "IOUSDT",
    "JASMYUSDT",
    "JSTUSDT",
    "JTOUSDT",
    "JUPUSDT",
    "KAITOUSDT",
    "KASUSDT",
    "KAVAUSDT",
    "KITEUSDT",
    "KOMAUSDT",
    "LABUSDT",
    "LAUSDT",
    "LDOUSDT",
    "LIGHTUSDT",
    "LINKUSDT",
    "LISTAUSDT",
    "LITUSDT",
    "LPTUSDT",
    "LTCUSDT",
    "MANAUSDT",
    "MANTRAUSDT",
    "MEGAUSDT",
    "MEMEUSDT",
    "METUSDT",
    "MINAUSDT",
    "MIRAUSDT",
    "MITOUSDT",
    "MMTUSDT",
    "MONUSDT",
    "MOODENGUSDT",
    "MORPHOUSDT",
    "MOVEUSDT",
    "MOVRUSDT",
    "MUBARAKUSDT",
    "NAORISUSDT",
    "NEARUSDT",
    "NEIROUSDT",
    "NIGHTUSDT",
    "NILUSDT",
    "NOMUSDT",
    "NOTUSDT",
    "ONDOUSDT",
    "ONEUSDT",
    "ONGUSDT",
    "ONTUSDT",
    "ONUSDT",
    "OPENUSDT",
    "OPNUSDT",
    "OPUSDT",
    "ORCAUSDT",
    "ORDIUSDT",
    "PARTIUSDT",
    "PAXGUSDT",
    "PENDLEUSDT",
    "PENGUUSDT",
    "PEOPLEUSDT",
    "PIEVERSEUSDT",
    "PIPPINUSDT",
    "PLUMEUSDT",
    "PNUTUSDT",
    "POLUSDT",
    "PORTALUSDT",
    "PRLUSDT",
    "PROMUSDT",
    "PUMPUSDT",
    "PYTHUSDT",
    "QNTUSDT",
    "QUSDT",
    "RAVEUSDT",
    "RENDERUSDT",
    "RIFUSDT",
    "ROBOUSDT",
    "ROSEUSDT",
    "RUNEUSDT",
    "SAHARAUSDT",
    "SANDUSDT",
    "SEIUSDT",
    "SIGNUSDT",
    "SIRENUSDT",
    "SKRUSDT",
    "SKYAIUSDT",
    "SKYUSDT",
    "SOLUSDT",
    "SOLVUSDT",
    "SOPHUSDT",
    "SPKUSDT",
    "SPXUSDT",
    "STARUSDT",
    "STRKUSDT",
    "STXUSDT",
    "SUIUSDT",
    "SUSDT",
    "SUSHIUSDT",
    "SYRUPUSDT",
    "TACUSDT",
    "TAOUSDT",
    "TIAUSDT",
    "TNSRUSDT",
    "TRADOORUSDT",
    "TRBUSDT",
    "TREEUSDT",
    "TRUMPUSDT",
    "TRXUSDT",
    "TSTUSDT",
    "TURBOUSDT",
    "TUSDT",
    "TUTUSDT",
    "TWTUSDT",
    "UAIUSDT",
    "UBUSDT",
    "UNIUSDT",
    "VELVETUSDT",
    "VETUSDT",
    "VIRTUALUSDT",
    "VVVUSDT",
    "WALUSDT",
    "WIFUSDT",
    "WLDUSDT",
    "WLFIUSDT",
    "WUSDT",
    "XANUSDT",
    "XAUTUSDT",
    "XLMUSDT",
    "XMRUSDT",
    "XPLUSDT",
    "XRPUSDT",
    "XTZUSDT",
    "XVGUSDT",
    "ZAMAUSDT",
    "ZECUSDT",
    "ZENUSDT",
    "ZKCUSDT",
    "ZKPUSDT",
    "ZKUSDT",
    "ZORAUSDT",
    "ZROUSDT"
   ]
  }
 ],
 "results": [
  {
   "rebalance_id": "FLATTEN-20260909T164536Z",
   "symbols_requested": 243,
   "symbols_reached": 243,
   "symbols_unreached": [],
   "read_failures": {},
   "n_legs_rebuilt_from_venue": 0,
   "n_trades_seen": 3880,
   "n_trades_unattributed": 3880,
   "n_rows_recoverable": 0,
   "n_rows_already_present": 0,
   "n_rows_written": 0,
   "applied": false,
   "warning": "no order legs could be rebuilt from the venue, so every trade would be unattributed \u2014 refusing to write rows that name a leg we cannot establish. Check that the rebalance_id prefix still matches the clientOrderIds at the venue, and that allOrders reaches back this far."
  }
 ],
 "orders_rows_still_unknown": {
  "n": 0,
  "examples": [],
  "why": "`orders` is append-only and a row records what we knew when we wrote it. Appending a second row would double the leg for M1/M3/\u00a74-5b and rewriting the first would erase the evidence that we did not know. Repairing these needs a correction row type with an explicit supersedes link \u2014 a schema change, not a job. The `fills` rows recovered above are additive and carry no such hazard."
 }
}
