UNITS CHAIN: overlay net per unit FULL gross [bps/anchor]; NAV %/yr at L=2 = mean × 6 × 365 × 2 / 1e4 × 100 (1 bps ⇒ 43.8 %/yr); maxDD at 2× from Π(1+2·net/1e4); Sharpe = mean/std(ddof=1)×√2190
## C2 · down-only vol target (insurance) vs symmetric control — levels (net = bps/anchor per full gross; S = anchor Sharpe; DD = maxDD at 2×; g<1 = share of anchors with gross cut; ḡ = mean gate)
| cell | arm | 2024 net S DD | 2025 net S DD | 2026→cut net S DD | 2024→26 net [CI] S DD | 2025→26 net S DD | worst-yr S (yr) | g<1 / ḡ / drag (24→26) |
|---|---|---|---|---|---|---|---|---|
| prod/s42 | base | +0.557 S1.24 DD22.7% | +0.651 S1.14 DD21.0% | +3.189 S4.96 DD8.4% | +1.206 [+0.57,+1.91] S2.21 DD22.7% | +1.611 S2.69 DD21.0% | 1.14 (2025) | — |
| prod/s42 | ins_q0.50 | +0.345 S0.95 DD21.4% | +0.448 S0.98 DD14.2% | +2.733 S4.79 DD7.3% | +0.941 [+0.41,+1.52] S2.07 DD21.4% | +1.312 S2.61 DD14.2% | 0.95 (2024) | 0.53 / 0.871 / 0.028 |
| prod/s42 | sym_q0.50 | +0.229 S0.57 DD26.5% | +0.497 S0.99 DD16.1% | +2.994 S4.75 DD8.2% | +0.976 [+0.38,+1.62] S1.94 DD26.5% | +1.441 S2.60 DD16.1% | 0.57 (2024) | 0.53 / 0.978 / 0.065 |
| prod/s42 | ins_q0.65 | +0.414 S1.08 DD21.3% | +0.494 S1.02 DD15.1% | +2.899 S4.88 DD7.9% | +1.024 [+0.46,+1.64] S2.14 DD21.3% | +1.404 S2.65 DD15.1% | 1.02 (2025) | 0.42 / 0.909 / 0.023 |
| prod/s42 | sym_q0.65 | +0.302 S0.67 DD27.5% | +0.600 S1.08 DD17.4% | +3.285 S4.80 DD9.0% | +1.111 [+0.46,+1.83] S2.01 DD27.5% | +1.616 S2.66 DD17.4% | 0.67 (2024) | 0.42 / 1.077 / 0.065 |
| prod/s42 | ins_q0.80 | +0.454 S1.12 DD21.7% | +0.581 S1.12 DD16.3% | +3.046 S4.93 DD8.4% | +1.106 [+0.52,+1.75] S2.19 DD21.7% | +1.513 S2.71 DD16.3% | 1.12 (2025) | 0.30 / 0.948 / 0.016 |
| prod/s42 | sym_q0.80 | +0.380 S0.76 DD28.9% | +0.687 S1.09 DD19.2% | +3.553 S4.81 DD9.9% | +1.237 [+0.51,+2.03] S2.02 DD28.9% | +1.771 S2.63 DD19.2% | 0.76 (2024) | 0.30 / 1.186 / 0.058 |
| prod/s2027 | base | +0.588 S1.30 DD23.1% | +0.767 S1.34 DD17.8% | +3.143 S4.90 DD8.1% | +1.252 [+0.61,+1.97] S2.29 DD23.1% | +1.666 S2.78 DD17.8% | 1.30 (2024) | — |
| prod/s2027 | ins_q0.50 | +0.347 S0.97 DD21.0% | +0.597 S1.30 DD11.7% | +2.714 S4.75 DD7.0% | +0.994 [+0.47,+1.59] S2.18 DD21.0% | +1.398 S2.77 DD11.7% | 0.97 (2024) | 0.53 / 0.870 / 0.028 |
| prod/s2027 | sym_q0.50 | +0.236 S0.59 DD26.1% | +0.725 S1.43 DD13.2% | +2.983 S4.72 DD8.4% | +1.063 [+0.48,+1.71] S2.11 DD26.1% | +1.579 S2.83 DD13.2% | 0.59 (2024) | 0.53 / 0.982 / 0.065 |
| prod/s2027 | ins_q0.65 | +0.428 S1.12 DD20.8% | +0.635 S1.30 DD12.2% | +2.866 S4.82 DD7.7% | +1.075 [+0.51,+1.71] S2.24 DD20.8% | +1.479 S2.78 DD12.2% | 1.12 (2024) | 0.43 / 0.909 / 0.023 |
| prod/s2027 | sym_q0.65 | +0.313 S0.69 DD26.7% | +0.829 S1.49 DD14.1% | +3.272 S4.77 DD9.1% | +1.200 [+0.56,+1.91] S2.16 DD26.7% | +1.753 S2.87 DD14.1% | 0.69 (2024) | 0.43 / 1.082 / 0.064 |
| prod/s2027 | ins_q0.80 | +0.479 S1.19 DD21.8% | +0.691 S1.34 DD12.8% | +3.001 S4.85 DD8.0% | +1.148 [+0.56,+1.81] S2.28 DD21.8% | +1.565 S2.81 DD12.8% | 1.19 (2024) | 0.30 / 0.948 / 0.017 |
| prod/s2027 | sym_q0.80 | +0.398 S0.80 DD28.5% | +0.910 S1.45 DD16.2% | +3.533 S4.79 DD9.9% | +1.324 [+0.62,+2.12] S2.17 DD28.5% | +1.902 S2.84 DD16.2% | 0.80 (2024) | 0.30 / 1.185 / 0.057 |
| log/s42 | base | +0.458 S1.03 DD24.2% | +0.625 S1.12 DD21.8% | +3.152 S4.89 DD8.4% | +1.149 [+0.52,+1.86] S2.12 DD24.2% | +1.581 S2.66 DD21.8% | 1.03 (2024) | — |
| log/s42 | ins_q0.50 | +0.224 S0.62 DD22.4% | +0.414 S0.91 DD16.0% | +2.738 S4.73 DD8.1% | +0.882 [+0.35,+1.46] S1.93 DD22.4% | +1.293 S2.56 DD16.0% | 0.62 (2024) | 0.54 / 0.873 / 0.029 |
| log/s42 | sym_q0.50 | +0.136 S0.34 DD26.2% | +0.421 S0.85 DD17.9% | +2.938 S4.67 DD8.2% | +0.898 [+0.30,+1.53] S1.80 DD26.2% | +1.373 S2.49 DD17.9% | 0.34 (2024) | 0.54 / 0.979 / 0.064 |
| log/s42 | ins_q0.65 | +0.278 S0.73 DD22.6% | +0.473 S0.98 DD16.9% | +2.885 S4.80 DD8.4% | +0.960 [+0.40,+1.57] S2.00 DD22.6% | +1.385 S2.61 DD16.9% | 0.73 (2024) | 0.44 / 0.911 / 0.024 |
| log/s42 | sym_q0.65 | +0.203 S0.46 DD27.3% | +0.511 S0.94 DD19.6% | +3.209 S4.74 DD8.8% | +1.021 [+0.38,+1.72] S1.87 DD27.3% | +1.532 S2.55 DD19.6% | 0.46 (2024) | 0.44 / 1.068 / 0.064 |
| log/s42 | ins_q0.80 | +0.358 S0.89 DD22.5% | +0.576 S1.12 DD18.0% | +3.055 S4.91 DD8.4% | +1.069 [+0.49,+1.71] S2.12 DD22.5% | +1.513 S2.71 DD18.0% | 0.89 (2024) | 0.31 / 0.950 / 0.017 |
| log/s42 | sym_q0.80 | +0.256 S0.51 DD29.8% | +0.599 S0.97 DD21.7% | +3.505 S4.78 DD9.7% | +1.144 [+0.43,+1.92] S1.89 DD29.8% | +1.698 S2.56 DD21.7% | 0.51 (2024) | 0.31 / 1.176 / 0.060 |
| log/s2027 | base | +0.471 S1.07 DD24.2% | +0.733 S1.31 DD18.6% | +3.113 S4.85 DD8.6% | +1.187 [+0.56,+1.90] S2.20 DD24.2% | +1.633 S2.75 DD18.6% | 1.07 (2024) | — |
| log/s2027 | ins_q0.50 | +0.238 S0.66 DD21.6% | +0.560 S1.23 DD13.1% | +2.711 S4.71 DD8.2% | +0.938 [+0.41,+1.53] S2.06 DD21.6% | +1.374 S2.72 DD13.1% | 0.66 (2024) | 0.54 / 0.874 / 0.029 |
| log/s2027 | sym_q0.50 | +0.159 S0.40 DD25.2% | +0.644 S1.29 DD14.3% | +2.903 S4.65 DD8.2% | +0.984 [+0.40,+1.62] S1.98 DD25.2% | +1.498 S2.72 DD14.3% | 0.40 (2024) | 0.54 / 0.983 / 0.065 |
| log/s2027 | ins_q0.65 | +0.298 S0.79 DD21.8% | +0.606 S1.25 DD13.9% | +2.847 S4.76 DD8.5% | +1.010 [+0.45,+1.64] S2.11 DD21.8% | +1.454 S2.74 DD13.9% | 0.79 (2024) | 0.44 / 0.911 / 0.024 |
| log/s2027 | sym_q0.65 | +0.220 S0.50 DD26.3% | +0.732 S1.34 DD15.8% | +3.178 S4.70 DD9.0% | +1.105 [+0.47,+1.80] S2.03 DD26.3% | +1.657 S2.76 DD15.8% | 0.50 (2024) | 0.44 / 1.069 / 0.064 |
| log/s2027 | ins_q0.80 | +0.376 S0.94 DD22.0% | +0.672 S1.32 DD14.3% | +3.014 S4.86 DD8.6% | +1.104 [+0.52,+1.75] S2.20 DD22.0% | +1.558 S2.81 DD14.3% | 0.94 (2024) | 0.31 / 0.948 / 0.017 |
| log/s2027 | sym_q0.80 | +0.258 S0.53 DD28.7% | +0.810 S1.33 DD18.0% | +3.457 S4.74 DD9.3% | +1.215 [+0.52,+2.00] S2.03 DD28.7% | +1.811 S2.75 DD18.0% | 0.53 (2024) | 0.31 / 1.172 / 0.060 |

## C2 · paired Δ vs base (bps/anchor per full gross; UTC-day-block bootstrap CI95) and the three maximin quantities
| cell | arm | Δ2024 | Δ2025 | Δ2026→cut | Δ2024→26 [CI] | net ratio 24→26 | Δ worst-yr S | Δ S 24→26 | Δ maxDD 24→26 (pp) |
|---|---|---|---|---|---|---|---|---|---|
| prod/s42 | ins_q0.50 | -0.211 | -0.202 | -0.456 | -0.265 [-0.451,-0.084] | -22.0% | -0.19 | -0.13 | -1.3 |
| prod/s42 | sym_q0.50 | -0.327 | -0.154 | -0.195 | -0.230 [-0.426,-0.036] | -19.1% | -0.57 | -0.26 | +3.9 |
| prod/s42 | ins_q0.65 | -0.143 | -0.156 | -0.290 | -0.182 [-0.334,-0.030] | -15.1% | -0.12 | -0.07 | -1.4 |
| prod/s42 | sym_q0.65 | -0.255 | -0.050 | +0.096 | -0.095 [-0.298,+0.105] | -7.8% | -0.47 | -0.20 | +4.8 |
| prod/s42 | ins_q0.80 | -0.102 | -0.070 | -0.143 | -0.100 [-0.211,+0.013] | -8.2% | -0.02 | -0.01 | -0.9 |
| prod/s42 | sym_q0.80 | -0.176 | +0.036 | +0.364 | +0.031 [-0.177,+0.239] | +2.6% | -0.38 | -0.19 | +6.3 |
| prod/s2027 | ins_q0.50 | -0.241 | -0.171 | -0.429 | -0.258 [-0.444,-0.072] | -20.6% | -0.34 | -0.10 | -2.1 |
| prod/s2027 | sym_q0.50 | -0.352 | -0.043 | -0.160 | -0.189 [-0.382,+0.012] | -15.1% | -0.71 | -0.18 | +3.0 |
| prod/s2027 | ins_q0.65 | -0.160 | -0.133 | -0.277 | -0.177 [-0.334,-0.020] | -14.1% | -0.18 | -0.04 | -2.3 |
| prod/s2027 | sym_q0.65 | -0.275 | +0.061 | +0.129 | -0.052 [-0.253,+0.150] | -4.2% | -0.61 | -0.12 | +3.6 |
| prod/s2027 | ins_q0.80 | -0.108 | -0.076 | -0.142 | -0.104 [-0.223,+0.013] | -8.3% | -0.12 | -0.01 | -1.3 |
| prod/s2027 | sym_q0.80 | -0.189 | +0.142 | +0.390 | +0.073 [-0.138,+0.284] | +5.8% | -0.50 | -0.12 | +5.4 |
| log/s42 | ins_q0.50 | -0.234 | -0.211 | -0.414 | -0.267 [-0.438,-0.094] | -23.2% | -0.41 | -0.19 | -1.8 |
| log/s42 | sym_q0.50 | -0.322 | -0.204 | -0.214 | -0.252 [-0.438,-0.065] | -21.9% | -0.69 | -0.32 | +2.0 |
| log/s42 | ins_q0.65 | -0.181 | -0.151 | -0.267 | -0.190 [-0.330,-0.046] | -16.5% | -0.30 | -0.12 | -1.6 |
| log/s42 | sym_q0.65 | -0.256 | -0.113 | +0.058 | -0.128 [-0.312,+0.062] | -11.2% | -0.57 | -0.25 | +3.1 |
| log/s42 | ins_q0.80 | -0.101 | -0.049 | -0.097 | -0.080 [-0.182,+0.025] | -7.0% | -0.14 | -0.00 | -1.7 |
| log/s42 | sym_q0.80 | -0.203 | -0.026 | +0.353 | -0.005 [-0.200,+0.191] | -0.5% | -0.52 | -0.23 | +5.6 |
| log/s2027 | ins_q0.50 | -0.232 | -0.173 | -0.402 | -0.249 [-0.420,-0.076] | -21.0% | -0.40 | -0.13 | -2.7 |
| log/s2027 | sym_q0.50 | -0.312 | -0.089 | -0.210 | -0.203 [-0.385,-0.011] | -17.1% | -0.67 | -0.22 | +1.0 |
| log/s2027 | ins_q0.65 | -0.173 | -0.127 | -0.265 | -0.177 [-0.319,-0.031] | -14.9% | -0.28 | -0.08 | -2.4 |
| log/s2027 | sym_q0.65 | -0.251 | -0.000 | +0.065 | -0.081 [-0.263,+0.109] | -6.9% | -0.56 | -0.16 | +2.0 |
| log/s2027 | ins_q0.80 | -0.095 | -0.061 | -0.099 | -0.083 [-0.190,+0.028] | -7.0% | -0.13 | +0.01 | -2.3 |
| log/s2027 | sym_q0.80 | -0.213 | +0.077 | +0.344 | +0.028 [-0.168,+0.223] | +2.4% | -0.54 | -0.17 | +4.5 |

## C2 · frozen verdict (prod, seeds 42/2027): worst-yr S ≥ +0.3 ∧ S(24→26) ≥ −0.1 ∧ maxDD(24→26) falls
| arm | role | s42 Δworst / ΔS24→26 / ΔDD | s2027 Δworst / ΔS24→26 / ΔDD | verdict |
|---|---|---|---|---|
| ins_q0.50 | insurance arm (judged) | -0.19 / -0.13 / -1.3pp | -0.34 / -0.10 / -2.1pp | **NOT CANDIDATE** |
| sym_q0.50 | symmetric control (reported only) | -0.57 / -0.26 / +3.9pp | -0.71 / -0.18 / +3.0pp | **NOT CANDIDATE** |
| ins_q0.65 | insurance arm (judged) | -0.12 / -0.07 / -1.4pp | -0.18 / -0.04 / -2.3pp | **NOT CANDIDATE** |
| sym_q0.65 | symmetric control (reported only) | -0.47 / -0.20 / +4.8pp | -0.61 / -0.12 / +3.6pp | **NOT CANDIDATE** |
| ins_q0.80 | insurance arm (judged) | -0.02 / -0.01 / -0.9pp | -0.12 / -0.01 / -1.3pp | **NOT CANDIDATE** |
| sym_q0.80 | symmetric control (reported only) | -0.38 / -0.19 / +6.3pp | -0.50 / -0.12 / +5.4pp | **NOT CANDIDATE** |
C2_DONE
