55ba5028c06e15e7ad22fa8b1e1e035ff357a75e78d0a608906c1b120fa1764e  w10_agew.py
8684d9a9f43a8d15beaa559cd12bd8f2977a3d088b01b93835f60f2bbf98a53d  w10_health_orig.py
ccb7a0805be2a106898467b5ffef3a8fd4813a659e044492c0a437b0e5d7aece  /workspace/review_scratch/health_check/masks/umask_UPIT.npz
9349ca634747772dcfc9adfb7a42a5c7b5b34f60bc7f31bc6fd95c4ae5d0fc42  /workspace/review_scratch/health_check/calib/costb_fee_steady.json
IDENTITY_PASS_COUNT 4 / 4 2026-09-05T14:26:04Z
2ed0f12f5f6bbf0723a2d769e6aabe16e66c5476fb83b8c08ca59dfe31dae510  dev/probe_artifacts/w10_ablation_series_A05_log_s2027.npz
ac445caff38f1e385b867eb215624474eac8567e843a4c541e03e18cbc1ea2c1  dev/probe_artifacts/w10_ablation_series_A05_log_s42.npz
bc292d80b00c22de1efce1f74d46534b2e6b4d9107ade844f98ce6269e0e2072  dev/probe_artifacts/w10_ablation_series_A0_log_s2027.npz
cc5d999d0d77c64dad2e954d9428ff16481a19a630b1fa5095684704b7ca0cff  dev/probe_artifacts/w10_ablation_series_A0_log_s42.npz
9ed52dbad1b24003b25d54f4660bc61862ebc49b8ac1db6030545d8ce3701a44  dev/probe_artifacts/w10_ablation_series_A10_log_s2027.npz
d86b17a109ac9719e3b41097529bcb3b73459da4ceaac35f4db3d264788d2aec  dev/probe_artifacts/w10_ablation_series_A10_log_s42.npz
65cd5b3748a3dcb962f429cc1571a67393cde8e8732256946b39bfb588d1f739  dev/probe_artifacts/w10_ablation_series_A20_log_s2027.npz
3988fac636944dd9fbc47d04d0d2abcd9726ebde12f3cefee2a85f60739b1abd  dev/probe_artifacts/w10_ablation_series_A20_log_s42.npz
de37b39a43a4542b46a875e90ec707bdc3b46b23edb743ec88705b023a47067a  dev_alt/probe_artifacts/w10_ablation_series_A05_prod_s2027.npz
06e3232aa3d6c47f25b876991350b9abdd94d8fdea8214b0c23ae1e75989d412  dev_alt/probe_artifacts/w10_ablation_series_A05_prod_s42.npz
2c9c9b9fb872db27de2bda17537cad227ab42105b9391b9ab9ac7ed531bee8be  dev_alt/probe_artifacts/w10_ablation_series_A0_prod_s2027.npz
8fd30b8af969eae7b60b02a4ceefced227208aa521b990af1a2f445134b021c2  dev_alt/probe_artifacts/w10_ablation_series_A0_prod_s42.npz
785af20e93655291cceadd314c050b619441cfe808bc7354dcecf88a38cc405c  dev_alt/probe_artifacts/w10_ablation_series_A10_prod_s2027.npz
c6a0798e72207529247ddbfa90855b230769b7d2289b95633d47f85ee89798f6  dev_alt/probe_artifacts/w10_ablation_series_A10_prod_s42.npz
82dbf9280de42c51f82b5f1cad9f2cfd7ae86a26964079745f82cf5f15e29fcb  dev_alt/probe_artifacts/w10_ablation_series_A20_prod_s2027.npz
fe5bb953c975ead6928f11f0c7fccca31c6e619d20639eccb13f072e4b4f2e40  dev_alt/probe_artifacts/w10_ablation_series_A20_prod_s42.npz
CHAIN_C1_DONE 2026-09-05T14:27:00Z
