--- sha256 (orig copy / health_check device / patched device)
8684d9a9f43a8d15beaa559cd12bd8f2977a3d088b01b93835f60f2bbf98a53d  /workspace/review_scratch/allweather_trackC/w10_health_orig.py
8684d9a9f43a8d15beaa559cd12bd8f2977a3d088b01b93835f60f2bbf98a53d  /workspace/review_scratch/health_check/w10_health.py
55ba5028c06e15e7ad22fa8b1e1e035ff357a75e78d0a608906c1b120fa1764e  /workspace/review_scratch/allweather_trackC/w10_agew.py
--- diff orig vs patched
50,51c50,53
< UMASK_SCOPE = os.environ.get("UMASK_SCOPE", "members"); assert UMASK_SCOPE in ("members", "trade", "m1"), UMASK_SCOPE   # m1 (team-lead refinement 2026-09-05) = live M1 semantics: members = universe ∩ listed for king/rev24/F10 and the trade set; fund z = rank within the 829 base (xz_in_base)   # members = original semantics (mask shrinks the member set = rank base AND trade set); trade = mask restricts only `sel` (rank base stays MEMBERS_TOPN) = PREREG §0 row 2 "MEMBERS_TOPN=829(秩基)+ UMASK(交易集)"
< _CFG = {"COSTB_JSON": COSTB_JSON, "COST_B": None, "UMASK_SCOPE": UMASK_SCOPE, "REF_SKIP": REF_SKIP, "KMOD_F10": KMOD_F10, "KMOD_L": KMOD_L, "KMOD_AGREE": KMOD_AGREE, "SEATF10": SEATF10, "KTAIL": KTAIL, "KMOD": KMOD, "SEATNET": SEATNET, "FUNDSCALE": FUNDSCALE, "FEMAT_NPZ": FEMAT_NPZ, "SLOW_NPY": os.environ.get("SLOW_NPY"), "W3FIX": W3FIX, "MEMBERS_TOPN": MEMBERS_TOPN, "TRADE_TOPN": TRADE_TOPN, "FTRIM": FTRIM, "UMASK_NPZ": os.environ.get("UMASK_NPZ"), "LOOK": LOOK, "WRULE": WRULE, "CAL": CAL, "LEGS": LEGS, "PHI": PHI, "FSEED": FSEED,
---
> UMASK_SCOPE = os.environ.get("UMASK_SCOPE", "members"); assert UMASK_SCOPE in ("members", "trade", "m1"), UMASK_SCOPE
> AGEW = float(os.environ.get("AGEW", "0")); assert AGEW in (0.0, 0.5, 1.0, 2.0), f"AGEW 白名单外: {AGEW}"   # allweather Track C C1 (PREREG_allweather_programme §3 Track C): listing-age tilt of the fund leg — base-wide fund z ×= (1 + AGEW·1[age < AGE_DAYS]) then re-demeaned within the 829 base (m1 FZB path only); 0 = bitwise-unchanged path
> AGE_DAYS = 90   # frozen (PREREG C1: age_anchors < 90 days); listing anchor = first meta anchor with an observation (finite y4 OR qvk > 0; E-0903-E: existence only, never panel feature columns); names already listed at the first meta anchor are left-censored ⇒ age unknown ⇒ treated as old   # m1 (team-lead refinement 2026-09-05) = live M1 semantics: members = universe ∩ listed for king/rev24/F10 and the trade set; fund z = rank within the 829 base (xz_in_base)   # members = original semantics (mask shrinks the member set = rank base AND trade set); trade = mask restricts only `sel` (rank base stays MEMBERS_TOPN) = PREREG §0 row 2 "MEMBERS_TOPN=829(秩基)+ UMASK(交易集)"
> _CFG = {"AGEW": AGEW, "AGE_DAYS": AGE_DAYS, "COSTB_JSON": COSTB_JSON, "COST_B": None, "UMASK_SCOPE": UMASK_SCOPE, "REF_SKIP": REF_SKIP, "KMOD_F10": KMOD_F10, "KMOD_L": KMOD_L, "KMOD_AGREE": KMOD_AGREE, "SEATF10": SEATF10, "KTAIL": KTAIL, "KMOD": KMOD, "SEATNET": SEATNET, "FUNDSCALE": FUNDSCALE, "FEMAT_NPZ": FEMAT_NPZ, "SLOW_NPY": os.environ.get("SLOW_NPY"), "W3FIX": W3FIX, "MEMBERS_TOPN": MEMBERS_TOPN, "TRADE_TOPN": TRADE_TOPN, "FTRIM": FTRIM, "UMASK_NPZ": os.environ.get("UMASK_NPZ"), "LOOK": LOOK, "WRULE": WRULE, "CAL": CAL, "LEGS": LEGS, "PHI": PHI, "FSEED": FSEED,
54a57
> _CFG["TRACKC"] = {"device": "w10_agew.py = health_check w10_health.py (sha256 8684d9a9…) + AGEW listing-age tilt inside FZB (m1 fund z path) + per-anchor young-count series saved; AGEW=0 ⇒ bitwise-unchanged path", "device_sha256": _hl.sha256(open(__file__, "rb").read()).hexdigest()}
66a70,79
> _listed = np.isfinite(y4) | (np.nan_to_num(qvk, nan=0.0) > 0)   # Track C: observation exists at (anchor, name)
> _lany = _listed.any(0); AGE_FIRST = np.where(_lany, _listed.argmax(0), -1).astype(np.int64)   # first listed anchor index per name; -1 never
> YOUNG = np.zeros((nA, NW), bool)
> for _k in range(NW):
>     _f = int(AGE_FIRST[_k])
>     if _f > 0: YOUNG[_f:, _k] = (E_ts[_f:] - E_ts[_f]) < AGE_DAYS * 86400   # _f == 0 ⇒ left-censored ⇒ old
> _fy_first = np.where(np.isfinite(y4).any(0), np.isfinite(y4).argmax(0), -1); _fq_first = np.where((np.nan_to_num(qvk, nan=0.0) > 0).any(0), (np.nan_to_num(qvk, nan=0.0) > 0).argmax(0), -1)
> print("AGEW_DEF " + json.dumps({"AGEW": AGEW, "AGE_DAYS": AGE_DAYS, "n_names": int(NW), "never_listed": int((AGE_FIRST < 0).sum()), "left_censored_at_anchor0": int((AGE_FIRST == 0).sum()),
>       "first_y4_eq_first_qvk_share": round(float(np.mean(_fy_first == _fq_first)), 4), "young_names_per_anchor_by_year": {int(y): round(float(YOUNG[yrs == y].sum(1).mean()), 2) for y in sorted(set(yrs.tolist()))},
>       "listed_names_per_anchor_by_year": {int(y): round(float(_listed[yrs == y].sum(1).mean()), 2) for y in sorted(set(yrs.tolist()))}}), flush=True)
126c139,143
< def FZB(j, m):   # health_check m1: fund z = rank position of each member among ALL finite fund-EMA values of the 829 base on panel row j (live xz_in_base semantics, PREREG_deploy_universe §2d: rankdata/(n-1)-0.5 over the base; members without a finite value stay NaN)
---
> def FZB(j, m, i):   # health_check m1: fund z = rank position of each member among ALL finite fund-EMA values of the 829 base on panel row j (live xz_in_base semantics, PREREG_deploy_universe §2d: rankdata/(n-1)-0.5 over the base; members without a finite value stay NaN)
>     if AGEW > 0:   # Track C C1: tilt young names (age < AGE_DAYS at meta anchor i) then re-demean within the base (finite entries); AGEW=0 never enters this branch
>         _zb = xz(FE[j, :]) * (1.0 + AGEW * YOUNG[i].astype(float)); _okb = np.isfinite(_zb)
>         if _okb.any(): _zb[_okb] -= _zb[_okb].mean()
>         return _zb[m]
146c163
<             z = np.nan_to_num(FZB(j, m) if (leg == "fund" and UMASK_SCOPE == "m1") else xz(sc[leg])); z = np.where(ok, z, 0.0); z -= z[ok].mean() if ok.sum() else 0
---
>             z = np.nan_to_num(FZB(j, m, i) if (leg == "fund" and UMASK_SCOPE == "m1") else xz(sc[leg])); z = np.where(ok, z, 0.0); z -= z[ok].mean() if ok.sum() else 0
200c217
<         FZ = FZB(j, m) if UMASK_SCOPE == "m1" else xz(sc["fund"])   # fund z used by both books and the leg-contribution diagnostic
---
>         FZ = FZB(j, m, i) if UMASK_SCOPE == "m1" else xz(sc["fund"])   # fund z used by both books and the leg-contribution diagnostic
380c397
< np.savez_compressed(f"{PD}/w10_ablation_series{_OT}.npz", cols=np.array(COLS), symbols=np.array(WSYM), config_json=np.array(json.dumps(_CFG)), legs_ts=E_ts[np.array(sorted(pos, key=pos.get))], legs_king=LRa["king"], legs_rev24=LRa["rev24"], legs_fund=LRa["fund"], **save)   # health_check: the seat inputs (legs() series) saved for the live-seat comparison; rec/W arrays unchanged
---
> np.savez_compressed(f"{PD}/w10_ablation_series{_OT}.npz", cols=np.array(COLS), symbols=np.array(WSYM), config_json=np.array(json.dumps(_CFG)), legs_ts=E_ts[np.array(sorted(pos, key=pos.get))], legs_king=LRa["king"], legs_rev24=LRa["rev24"], legs_fund=LRa["fund"], trackc_age_first=AGE_FIRST, trackc_young_count=YOUNG.sum(1).astype(np.int32), trackc_meta_ts=E_ts, **save)   # Track C: listing-age receipts (rec/W arrays unchanged)   # health_check: the seat inputs (legs() series) saved for the live-seat comparison; rec/W arrays unchanged
--- resolved targets vs health_check (must all be SAME)
SAME dev/nets_histv2_0_0_0.npy -> /workspace/port_w10/pod_backup_2026-08-21/nets_histv2_0_0_0.npy
SAME dev/nets_histv2_-30_2_42.npy -> /workspace/port_w10/pod_backup_2026-08-21/nets_histv2_-30_2_42.npy
SAME dev/slow_pred_hist_oos.npy -> /workspace/shadow_bundle_v3/slow_pred_pinned.npy
SAME dev/wide_fea_hist_meta.npz -> /workspace/data/wide_fea_v2ext_meta.npz
SAME dev/wide_panel_4h_hist_v2.npz -> /workspace/data/wide_panel_4h_v2ext.npz
SAME dev/f8_2026-08-22 -> /workspace/port_w10/f8_2026-08-22
SAME dev/dlw_2026-08-22 -> /workspace/port_w10/dlw_2026-08-22
SAME dev_alt/nets_histv2_0_0_0.npy -> /workspace/port_w10/pod_backup_2026-08-21/nets_histv2_0_0_0.npy
SAME dev_alt/nets_histv2_-30_2_42.npy -> /workspace/port_w10/pod_backup_2026-08-21/nets_histv2_-30_2_42.npy
SAME dev_alt/slow_pred_hist_oos.npy -> /workspace/shadow_bundle_v3/slow_pred_pinned.npy
SAME dev_alt/wide_fea_hist_meta.npz -> /workspace/review_scratch/refute_C6_2/altrun/meta_newprod.npz
SAME dev_alt/wide_panel_4h_hist_v2.npz -> /workspace/data/wide_panel_4h_v2ext.npz
SAME dev_alt/f8_2026-08-22 -> /workspace/port_w10/f8_2026-08-22
SAME dev_alt/dlw_2026-08-22 -> /workspace/port_w10/dlw_2026-08-22
--- input sha256
ccb7a0805be2a106898467b5ffef3a8fd4813a659e044492c0a437b0e5d7aece  /workspace/review_scratch/health_check/masks/umask_UPIT.npz
9349ca634747772dcfc9adfb7a42a5c7b5b34f60bc7f31bc6fd95c4ae5d0fc42  /workspace/review_scratch/health_check/calib/costb_fee_steady.json
158cd4ac8f8f30f7f41a5a6cba0bd19a450ce756727e4aeae3d4e4b0b67d0054  /workspace/shadow_bundle_v3/slow_pred_pinned.npy
baf747ceb31f10d614ffac79b9c969c499e1c3e9f82edfec246d7cfb0f353ace  /workspace/f8_2026-08-22/preds/f10_V2MAIN_s42.npy
c742ffaa1f4397aee55a31a5486aabfd89ae28624123bbda535a7d41851b2a0b  /workspace/f8_2026-08-22/preds/f10_V2MAIN_s2027.npy
831857dd6a2035235647158d26d0155d17c7e77d85fa248b2ae9a617658ddf13  /workspace/review_scratch/refute_C6_2/altrun/meta_newprod.npz
4b1b6047107d25573244a84df69d45bc987ada89b6731e826c867a230e247082  /workspace/data/wide_fea_v2ext_meta.npz
SETUP_DONE 2026-09-05T14:24:35Z
