{
 "n_priced_intervals": 12,
 "all_side_sums_equal_certified_L5": true,
 "window_totals": {
  "long": {
   "price": 2619.8,
   "beta": 518.7,
   "residual": 2101.0,
   "no_beta": 0.0,
   "funding": -270.5,
   "fees": -14.2
  },
  "short": {
   "price": -7197.5,
   "beta": -511.9,
   "residual": -6685.5,
   "no_beta": 0.0,
   "funding": -33.7,
   "fees": -14.8
  }
 },
 "by_day": {
  "09-24": {
   "long": {
    "price": 3340.1,
    "beta": 1417.8,
    "residual": 1922.4,
    "no_beta": 0.0,
    "funding": -39.5,
    "fees": -4.0
   },
   "short": {
    "price": -4182.3,
    "beta": -1478.0,
    "residual": -2704.3,
    "no_beta": 0.0,
    "funding": -6.1,
    "fees": -4.4
   }
  },
  "09-25": {
   "long": {
    "price": 370.7,
    "beta": -993.4,
    "residual": 1364.2,
    "no_beta": 0.0,
    "funding": -144.0,
    "fees": -7.3
   },
   "short": {
    "price": -2990.6,
    "beta": 1060.3,
    "residual": -4050.9,
    "no_beta": 0.0,
    "funding": -24.4,
    "fees": -6.5
   }
  },
  "09-26": {
   "long": {
    "price": -1091.1,
    "beta": 94.4,
    "residual": -1185.5,
    "no_beta": 0.0,
    "funding": -87.0,
    "fees": -3.0
   },
   "short": {
    "price": -24.6,
    "beta": -94.2,
    "residual": 69.6,
    "no_beta": 0.0,
    "funding": -3.2,
    "fees": -3.9
   }
  }
 },
 "VERDICT": "REFUTED-long (residual +2101.0)",
 "bucket_sums_equal_side_totals_every_interval": true,
 "window_buckets": {
  "P1": {
   "long|high": {
    "n": 467.0,
    "abs_notional": 328111.5,
    "price": -433.6,
    "beta": 143.9,
    "residual": -577.5
   },
   "long|low": {
    "n": 678.0,
    "abs_notional": 641704.3,
    "price": 1898.35,
    "beta": 222.64,
    "residual": 1675.71
   },
   "long|mid": {
    "n": 534.0,
    "abs_notional": 362566.7,
    "price": 1155.01,
    "beta": 152.2,
    "residual": 1002.81
   },
   "short|high": {
    "n": 742.0,
    "abs_notional": 492818.31,
    "price": -2746.98,
    "beta": -16.56,
    "residual": -2730.43
   },
   "short|low": {
    "n": 537.0,
    "abs_notional": 383924.16,
    "price": -1830.84,
    "beta": -282.95,
    "residual": -1547.89
   },
   "short|mid": {
    "n": 678.0,
    "abs_notional": 431292.82,
    "price": -2619.64,
    "beta": -212.41,
    "residual": -2407.24
   }
  },
  "P3": {
   "long|high": {
    "n": 449.0,
    "abs_notional": 299588.46,
    "price": -934.61,
    "beta": 196.51,
    "residual": -1131.11
   },
   "long|low": {
    "n": 681.0,
    "abs_notional": 644040.97,
    "price": 1719.49,
    "beta": 217.66,
    "residual": 1501.83
   },
   "long|mid": {
    "n": 549.0,
    "abs_notional": 388753.08,
    "price": 1834.88,
    "beta": 104.58,
    "residual": 1730.3
   },
   "short|high": {
    "n": 760.0,
    "abs_notional": 508819.19,
    "price": -2330.75,
    "beta": -71.61,
    "residual": -2259.14
   },
   "short|low": {
    "n": 534.0,
    "abs_notional": 356707.79,
    "price": -2098.66,
    "beta": -285.03,
    "residual": -1813.63
   },
   "short|mid": {
    "n": 663.0,
    "abs_notional": 442508.31,
    "price": -2768.05,
    "beta": -155.27,
    "residual": -2612.77
   }
  },
  "P7": {
   "long|high": {
    "n": 456.0,
    "abs_notional": 289559.08,
    "price": 546.13,
    "beta": 152.12,
    "residual": 394.01
   },
   "long|low": {
    "n": 670.0,
    "abs_notional": 695964.83,
    "price": 1869.63,
    "beta": 185.9,
    "residual": 1683.73
   },
   "long|mid": {
    "n": 553.0,
    "abs_notional": 346858.6,
    "price": 204.0,
    "beta": 180.71,
    "residual": 23.29
   },
   "short|high": {
    "n": 753.0,
    "abs_notional": 531658.92,
    "price": -2851.45,
    "beta": -215.3,
    "residual": -2636.15
   },
   "short|low": {
    "n": 545.0,
    "abs_notional": 371368.64,
    "price": -1809.3,
    "beta": -125.73,
    "residual": -1683.57
   },
   "short|mid": {
    "n": 659.0,
    "abs_notional": 405007.72,
    "price": -2536.71,
    "beta": -170.89,
    "residual": -2365.82
   }
  },
  "V7": {
   "long|high": {
    "n": 637.0,
    "abs_notional": 606101.05,
    "price": 201.52,
    "beta": 294.49,
    "residual": -92.97
   },
   "long|low": {
    "n": 597.0,
    "abs_notional": 369504.48,
    "price": 1614.58,
    "beta": 107.65,
    "residual": 1506.93
   },
   "long|mid": {
    "n": 445.0,
    "abs_notional": 356776.98,
    "price": 803.67,
    "beta": 116.6,
    "residual": 687.07
   },
   "short|high": {
    "n": 572.0,
    "abs_notional": 489131.87,
    "price": -1510.16,
    "beta": -183.27,
    "residual": -1326.89
   },
   "short|low": {
    "n": 618.0,
    "abs_notional": 326673.02,
    "price": -1636.23,
    "beta": -87.31,
    "residual": -1548.92
   },
   "short|mid": {
    "n": 767.0,
    "abs_notional": 492230.39,
    "price": -4051.08,
    "beta": -241.33,
    "residual": -3809.74
   }
  }
 }
}
