09-24T12:00Z checks {'E6 sum L0 == net_producer_usdt': True, 'L1 reproduces net_after / gross_after': True, 'sum L2 == clamped_after_reshape.book_net_usdt': True, 'venue-capped names: L1 == before and L2 == after (alarm text rounded to 1 USDT)': True, "per name L2 == L1 for every NON-clamped name (the reshape population is the producer's names, no zero-target names)": True}
   net by layer: {'L0_raw': -8271.5, 'L1_reshaped': 0.0, 'L2_clamped': 2512.7, 'L3_intended': 2544.2, 'L4_filled': 2743.0, 'L5_readback': 2748.1}
   L1->L5 net gap by class: {'L2->L5: no_order_row': 0.0, 'L2->L5: partial_expired': 73.5, 'L2->L5: skipped_min_notional': 31.5, 'L2->L5: venue_reject': 130.4, 'clamp/cap (L2-L1): clamped names': 2512.7, 'clamp/cap (L2-L1): others': -0.0}
   closure: {'n_names_unknown_fill_qty': 0, 'n_names_residual_gt_1e-9': 1, 'worst': [('STGUSDT', -6504.0), ('WUSDT', -2.7284841053187847e-12), ('LAUSDT', 2.1600499167107046e-12), ('SAGAUSDT', 1.3642420526593924e-12), ('STRKUSDT', 1.0800249583553523e-12)]} | unknown price names 1 | L1 names w/o order row []
   P&L by layer: {'L0_raw': -1044.8, 'L1_reshaped': -1012.4, 'L2_clamped': -932.9, 'L3_intended': -933.2, 'L4_filled': -924.4, 'L5_readback': -924.5} | unpriced |notional| {}
09-24T16:00Z checks {'E6 sum L0 == net_producer_usdt': True, 'L1 reproduces net_after / gross_after': True, 'sum L2 == clamped_after_reshape.book_net_usdt': True, 'venue-capped names: L1 == before and L2 == after (alarm text rounded to 1 USDT)': True, "per name L2 == L1 for every NON-clamped name (the reshape population is the producer's names, no zero-target names)": True}
   net by layer: {'L0_raw': -9073.7, 'L1_reshaped': 0.0, 'L2_clamped': 2508.2, 'L3_intended': 1969.4, 'L4_filled': 1970.6, 'L5_readback': 1970.6}
   L1->L5 net gap by class: {'L2->L5: blocked_by_halt': -459.5, 'L2->L5: no_order_row': 0.0, 'L2->L5: partial_expired': 1.2, 'L2->L5: skipped_min_notional': -79.3, 'clamp/cap (L2-L1): clamped names': 2508.2, 'clamp/cap (L2-L1): others': -0.0}
   closure: {'n_names_unknown_fill_qty': 0, 'n_names_residual_gt_1e-9': 0, 'worst': [('0GUSDT', 0.0), ('1000BONKUSDT', 0.0), ('1000FLOKIUSDT', 0.0), ('1000LUNCUSDT', 0.0), ('1000PEPEUSDT', 0.0)]} | unknown price names 2 | L1 names w/o order row []
   P&L by layer: {'L0_raw': 27.0, 'L1_reshaped': -43.4, 'L2_clamped': -73.7, 'L3_intended': -88.0, 'L4_filled': -88.0, 'L5_readback': -88.0} | unpriced |notional| {}
09-24T20:00Z checks {'E6 sum L0 == net_producer_usdt': True, 'L1 reproduces net_after / gross_after': True, 'sum L2 == clamped_after_reshape.book_net_usdt': True, 'venue-capped names: L1 == before and L2 == after (alarm text rounded to 1 USDT)': True, "per name L2 == L1 for every NON-clamped name (the reshape population is the producer's names, no zero-target names)": True}
   net by layer: {'L0_raw': -9498.6, 'L1_reshaped': 0.0, 'L2_clamped': 2472.8, 'L3_intended': 2426.8, 'L4_filled': 2950.7, 'L5_readback': 2959.4}
   L1->L5 net gap by class: {'L2->L5: no_order_row': 0.0, 'L2->L5: partial_expired': 551.5, 'L2->L5: skipped_min_notional': -46.0, 'L2->L5: venue_reject': -18.8, 'clamp/cap (L2-L1): clamped names': 2472.8, 'clamp/cap (L2-L1): others': 0.0}
   closure: {'n_names_unknown_fill_qty': 0, 'n_names_residual_gt_1e-9': 0, 'worst': [('WUSDT', 3.637978807091713e-12), ('SAGAUSDT', -2.2737367544323206e-12), ('ACEUSDT', -1.4779288903810084e-12), ('LAUSDT', -1.4779288903810084e-12), ('HEIUSDT', -1.1368683772161603e-12)]} | unknown price names 1 | L1 names w/o order row []
   P&L by layer: {'L0_raw': 145.6, 'L1_reshaped': 150.7, 'L2_clamped': 173.7, 'L3_intended': 173.3, 'L4_filled': 171.0, 'L5_readback': 170.4} | unpriced |notional| {}
09-25T00:00Z checks {'E6 sum L0 == net_producer_usdt': True, 'L1 reproduces net_after / gross_after': True, 'sum L2 == clamped_after_reshape.book_net_usdt': True, 'venue-capped names: L1 == before and L2 == after (alarm text rounded to 1 USDT)': True, "per name L2 == L1 for every NON-clamped name (the reshape population is the producer's names, no zero-target names)": True}
   net by layer: {'L0_raw': -9262.3, 'L1_reshaped': 0.0, 'L2_clamped': 2500.3, 'L3_intended': 2523.8, 'L4_filled': 2749.3, 'L5_readback': 2745.4}
   L1->L5 net gap by class: {'L2->L5: no_order_row': 0.0, 'L2->L5: partial_expired': 171.6, 'L2->L5: skipped_min_notional': 23.6, 'L2->L5: venue_reject': 50.0, 'clamp/cap (L2-L1): clamped names': 2500.3, 'clamp/cap (L2-L1): others': 0.0}
   closure: {'n_names_unknown_fill_qty': 0, 'n_names_residual_gt_1e-9': 0, 'worst': [('SAGAUSDT', 3.637978807091713e-12), ('WUSDT', 2.8990143619012088e-12), ('ACEUSDT', 7.958078640513122e-13), ('LAUSDT', 7.389644451905042e-13), ('MANTAUSDT', -7.247535904753022e-13)]} | unknown price names 0 | L1 names w/o order row []
   P&L by layer: {'L0_raw': -728.0, 'L1_reshaped': -780.9, 'L2_clamped': -786.9, 'L3_intended': -787.1, 'L4_filled': -789.9, 'L5_readback': -789.7} | unpriced |notional| {}
09-25T04:00Z checks {'E6 sum L0 == net_producer_usdt': True, 'L1 reproduces net_after / gross_after': True, 'sum L2 == clamped_after_reshape.book_net_usdt': True, 'venue-capped names: L1 == before and L2 == after (alarm text rounded to 1 USDT)': True, "per name L2 == L1 for every NON-clamped name (the reshape population is the producer's names, no zero-target names)": True}
   net by layer: {'L0_raw': -8982.9, 'L1_reshaped': 0.0, 'L2_clamped': 2462.6, 'L3_intended': 2544.8, 'L4_filled': 2316.1, 'L5_readback': 2314.2}
   L1->L5 net gap by class: {'L2->L5: no_order_row': 0.0, 'L2->L5: partial_expired': -236.0, 'L2->L5: skipped_min_notional': 82.1, 'L2->L5: venue_reject': 5.5, 'clamp/cap (L2-L1): clamped names': 2462.6, 'clamp/cap (L2-L1): others': 0.0}
   closure: {'n_names_unknown_fill_qty': 0, 'n_names_residual_gt_1e-9': 0, 'worst': [('WUSDT', -5.9117155615240335e-12), ('MANTAUSDT', 1.4495071809506044e-12), ('LAUSDT', -1.3642420526593924e-12), ('DYMUSDT', 9.094947017729282e-13), ('ACEUSDT', -7.958078640513122e-13)]} | unknown price names 0 | L1 names w/o order row []
   P&L by layer: {'L0_raw': -923.0, 'L1_reshaped': -701.8, 'L2_clamped': -722.3, 'L3_intended': -721.8, 'L4_filled': -724.7, 'L5_readback': -724.4} | unpriced |notional| {}
09-25T08:00Z checks {'E6 sum L0 == net_producer_usdt': True, 'L1 reproduces net_after / gross_after': True, 'sum L2 == clamped_after_reshape.book_net_usdt': True, 'venue-capped names: L1 == before and L2 == after (alarm text rounded to 1 USDT)': True, "per name L2 == L1 for every NON-clamped name (the reshape population is the producer's names, no zero-target names)": True}
   net by layer: {'L0_raw': -8441.6, 'L1_reshaped': -0.0, 'L2_clamped': 2464.2, 'L3_intended': 2462.8, 'L4_filled': 2709.0, 'L5_readback': 2708.2}
   L1->L5 net gap by class: {'L2->L5: no_order_row': 0.0, 'L2->L5: partial_expired': 245.9, 'L2->L5: skipped_min_notional': -1.4, 'L2->L5: venue_reject': -0.5, 'clamp/cap (L2-L1): clamped names': 2464.2, 'clamp/cap (L2-L1): others': 0.0}
   closure: {'n_names_unknown_fill_qty': 0, 'n_names_residual_gt_1e-9': 0, 'worst': [('DYMUSDT', -2.9558577807620168e-12), ('WUSDT', 1.8189894035458565e-12), ('MANTAUSDT', -1.4779288903810084e-12), ('ONTUSDT', 7.389644451905042e-13), ('LAUSDT', 6.821210263296962e-13)]} | unknown price names 0 | L1 names w/o order row []
   P&L by layer: {'L0_raw': -1275.4, 'L1_reshaped': -914.0, 'L2_clamped': -828.8, 'L3_intended': -829.1, 'L4_filled': -829.1, 'L5_readback': -828.8} | unpriced |notional| {}
09-25T12:00Z checks {'E6 sum L0 == net_producer_usdt': True, 'L1 reproduces net_after / gross_after': True, 'sum L2 == clamped_after_reshape.book_net_usdt': True, 'venue-capped names: L1 == before and L2 == after (alarm text rounded to 1 USDT)': True, "per name L2 == L1 for every NON-clamped name (the reshape population is the producer's names, no zero-target names)": True}
   net by layer: {'L0_raw': -8632.0, 'L1_reshaped': -0.0, 'L2_clamped': 2467.5, 'L3_intended': 2440.1, 'L4_filled': 2035.8, 'L5_readback': 2055.0}
   L1->L5 net gap by class: {'L2->L5: no_order_row': 0.0, 'L2->L5: partial_expired': -414.6, 'L2->L5: skipped_min_notional': -27.4, 'L2->L5: venue_reject': 29.5, 'clamp/cap (L2-L1): clamped names': 2467.5, 'clamp/cap (L2-L1): others': -0.0}
   closure: {'n_names_unknown_fill_qty': 0, 'n_names_residual_gt_1e-9': 0, 'worst': [('WUSDT', 2.9558577807620168e-12), ('DYMUSDT', 2.8990143619012088e-12), ('HEIUSDT', 1.4495071809506044e-12), ('KAVAUSDT', -1.0800249583553523e-12), ('ONTUSDT', 7.389644451905042e-13)]} | unknown price names 0 | L1 names w/o order row []
   P&L by layer: {'L0_raw': -88.1, 'L1_reshaped': 6.5, 'L2_clamped': 62.7, 'L3_intended': 62.5, 'L4_filled': 65.9, 'L5_readback': 64.9} | unpriced |notional| {}
09-25T16:00Z checks {'E6 sum L0 == net_producer_usdt': True, 'L1 reproduces net_after / gross_after': True, 'sum L2 == clamped_after_reshape.book_net_usdt': True, 'venue-capped names: L1 == before and L2 == after (alarm text rounded to 1 USDT)': True, "per name L2 == L1 for every NON-clamped name (the reshape population is the producer's names, no zero-target names)": True}
   net by layer: {'L0_raw': -7732.5, 'L1_reshaped': 0.0, 'L2_clamped': 2454.8, 'L3_intended': 2481.8, 'L4_filled': 1764.9, 'L5_readback': 1756.5}
   L1->L5 net gap by class: {'L2->L5: no_order_row': 0.0, 'L2->L5: partial_expired': -777.9, 'L2->L5: skipped_min_notional': 26.9, 'L2->L5: venue_reject': 52.6, 'clamp/cap (L2-L1): clamped names': 2454.8, 'clamp/cap (L2-L1): others': 0.0}
   closure: {'n_names_unknown_fill_qty': 0, 'n_names_residual_gt_1e-9': 0, 'worst': [('SAGAUSDT', 2.1600499167107046e-12), ('DYMUSDT', -1.4779288903810084e-12), ('ONTUSDT', -1.4779288903810084e-12), ('HEIUSDT', -7.389644451905042e-13), ('LAUSDT', -7.389644451905042e-13)]} | unknown price names 1 | L1 names w/o order row []
   P&L by layer: {'L0_raw': -561.4, 'L1_reshaped': -476.7, 'L2_clamped': -461.9, 'L3_intended': -461.4, 'L4_filled': -467.5, 'L5_readback': -468.9} | unpriced |notional| {}
09-25T20:00Z checks {'E6 sum L0 == net_producer_usdt': True, 'L1 reproduces net_after / gross_after': True, 'sum L2 == clamped_after_reshape.book_net_usdt': True, 'venue-capped names: L1 == before and L2 == after (alarm text rounded to 1 USDT)': True, "per name L2 == L1 for every NON-clamped name (the reshape population is the producer's names, no zero-target names)": True}
   net by layer: {'L0_raw': -7334.7, 'L1_reshaped': -0.0, 'L2_clamped': 2472.8, 'L3_intended': 2523.1, 'L4_filled': 2253.7, 'L5_readback': 2250.0}
   L1->L5 net gap by class: {'L2->L5: no_order_row': 0.0, 'L2->L5: partial_expired': -285.0, 'L2->L5: skipped_min_notional': 50.3, 'L2->L5: venue_reject': 11.9, 'clamp/cap (L2-L1): clamped names': 2472.8, 'clamp/cap (L2-L1): others': -0.0}
   closure: {'n_names_unknown_fill_qty': 0, 'n_names_residual_gt_1e-9': 0, 'worst': [('WUSDT', -2.9558577807620168e-12), ('FLOWUSDT', -2.1884716261411086e-12), ('DYMUSDT', -1.4779288903810084e-12), ('KAVAUSDT', 1.1368683772161603e-12), ('PORTALUSDT', 9.094947017729282e-13)]} | unknown price names 2 | L1 names w/o order row []
   P&L by layer: {'L0_raw': 175.3, 'L1_reshaped': 110.5, 'L2_clamped': 124.4, 'L3_intended': 124.2, 'L4_filled': 127.0, 'L5_readback': 126.9} | unpriced |notional| {}
09-26T00:00Z checks {'E6 sum L0 == net_producer_usdt': True, 'L1 reproduces net_after / gross_after': True, 'sum L2 == clamped_after_reshape.book_net_usdt': True, 'venue-capped names: L1 == before and L2 == after (alarm text rounded to 1 USDT)': True, "per name L2 == L1 for every NON-clamped name (the reshape population is the producer's names, no zero-target names)": True}
   net by layer: {'L0_raw': -7627.2, 'L1_reshaped': -0.0, 'L2_clamped': 2405.4, 'L3_intended': 2372.4, 'L4_filled': 2570.7, 'L5_readback': 2569.3}
   L1->L5 net gap by class: {'L2->L5: no_order_row': 0.0, 'L2->L5: partial_expired': 94.4, 'L2->L5: skipped_min_notional': -33.0, 'L2->L5: venue_reject': 102.4, 'clamp/cap (L2-L1): clamped names': 2405.4, 'clamp/cap (L2-L1): others': 0.0}
   closure: {'n_names_unknown_fill_qty': 0, 'n_names_residual_gt_1e-9': 0, 'worst': [('DYMUSDT', 5.9117155615240335e-12), ('WUSDT', 4.320099833421409e-12), ('ONTUSDT', 1.4779288903810084e-12), ('FLOWUSDT', 1.4495071809506044e-12), ('SAGAUSDT', -1.3642420526593924e-12)]} | unknown price names 0 | L1 names w/o order row []
   P&L by layer: {'L0_raw': 297.7, 'L1_reshaped': 241.8, 'L2_clamped': 246.5, 'L3_intended': 246.3, 'L4_filled': 247.1, 'L5_readback': 247.1} | unpriced |notional| {}
09-26T04:00Z checks {'E6 sum L0 == net_producer_usdt': True, 'L1 reproduces net_after / gross_after': True, 'sum L2 == clamped_after_reshape.book_net_usdt': True, 'venue-capped names: L1 == before and L2 == after (alarm text rounded to 1 USDT)': True, "per name L2 == L1 for every NON-clamped name (the reshape population is the producer's names, no zero-target names)": True}
   net by layer: {'L0_raw': -7610.5, 'L1_reshaped': -0.0, 'L2_clamped': 9.4, 'L3_intended': 113.3, 'L4_filled': 443.7, 'L5_readback': 443.1}
   L1->L5 net gap by class: {'L2->L5: no_order_row': 0.0, 'L2->L5: partial_expired': 326.0, 'L2->L5: skipped_min_notional': 103.9, 'L2->L5: venue_reject': 3.8, 'clamp/cap (L2-L1): clamped names': 9.4, 'clamp/cap (L2-L1): others': 0.0}
   closure: {'n_names_unknown_fill_qty': 0, 'n_names_residual_gt_1e-9': 0, 'worst': [('WUSDT', -4.547473508864641e-12), ('DYMUSDT', -2.7284841053187847e-12), ('IOTAUSDT', 1.0800249583553523e-12), ('KAVAUSDT', -7.389644451905042e-13), ('MANTAUSDT', -7.389644451905042e-13)]} | unknown price names 1 | L1 names w/o order row []
   P&L by layer: {'L0_raw': -560.9, 'L1_reshaped': -580.0, 'L2_clamped': -579.8, 'L3_intended': -579.6, 'L4_filled': -575.6, 'L5_readback': -575.6} | unpriced |notional| {}
09-26T08:00Z checks {'E6 sum L0 == net_producer_usdt': True, 'L1 reproduces net_after / gross_after': True, 'sum L2 == clamped_after_reshape.book_net_usdt': True, 'venue-capped names: L1 == before and L2 == after (alarm text rounded to 1 USDT)': True, "per name L2 == L1 for every NON-clamped name (the reshape population is the producer's names, no zero-target names)": True}
   net by layer: {'L0_raw': -7568.1, 'L1_reshaped': -0.0, 'L2_clamped': 74.9, 'L3_intended': 161.9, 'L4_filled': -181.5, 'L5_readback': -172.5}
   L1->L5 net gap by class: {'L2->L5: no_order_row': 0.0, 'L2->L5: partial_expired': -281.6, 'L2->L5: skipped_min_notional': 87.1, 'L2->L5: venue_reject': -52.9, 'clamp/cap (L2-L1): clamped names': 74.9, 'clamp/cap (L2-L1): others': -0.0}
   closure: {'n_names_unknown_fill_qty': 0, 'n_names_residual_gt_1e-9': 0, 'worst': [('WUSDT', 4.320099833421409e-12), ('FLOWUSDT', -2.2737367544323206e-12), ('LAUSDT', -1.4495071809506044e-12), ('SAGAUSDT', -1.3642420526593924e-12), ('IOTAUSDT', -1.0942358130705543e-12)]} | unknown price names 2 | L1 names w/o order row []
   P&L by layer: {'L0_raw': -837.4, 'L1_reshaped': -794.2, 'L2_clamped': -792.7, 'L3_intended': -792.5, 'L4_filled': -787.4, 'L5_readback': -787.2} | unpriced |notional| {}
09-26T20:00Z checks {'E6 sum L0 == net_producer_usdt': True, 'L1 reproduces net_after / gross_after': True, 'sum L2 == clamped_after_reshape.book_net_usdt': True, 'venue-capped names: L1 == before and L2 == after (alarm text rounded to 1 USDT)': True, "per name L2 == L1 for every NON-clamped name (the reshape population is the producer's names, no zero-target names)": True}
   net by layer: {'L0_raw': -9089.7, 'L1_reshaped': -0.0, 'L2_clamped': 79.0, 'L3_intended': 47.5, 'L4_filled': 136.8, 'L5_readback': 154.4}
   L1->L5 net gap by class: {'L2->L5: no_order_row': 0.0, 'L2->L5: partial_expired': -0.9, 'L2->L5: skipped_min_notional': -31.5, 'L2->L5: venue_reject': 107.8, 'clamp/cap (L2-L1): clamped names': 79.0, 'clamp/cap (L2-L1): others': 0.0}
   closure: {'n_names_unknown_fill_qty': 0, 'n_names_residual_gt_1e-9': 0, 'worst': [('DYMUSDT', 2.9558577807620168e-12), ('SAGAUSDT', 1.8189894035458565e-12), ('FLOWUSDT', 1.4779288903810084e-12), ('OPUSDT', -1.4495071809506044e-12), ('WUSDT', -1.3642420526593924e-12)]} | unknown price names 2 | L1 names w/o order row []
DENOMINATOR {"anchors_in_window": 13, "all_identity_checks_pass_or_not_evaluated": 13, "e6_not_evaluated": 0, "priced_and_passing": 12, "failing": [], "skipped": []}
TOTALS {'pnl_L0_raw': -5373.4, 'pnl_L1_reshaped': -4794.0, 'pnl_L2_clamped': -4571.8, 'pnl_L3_intended': -4586.4, 'pnl_L4_filled': -4575.6, 'pnl_L5_readback': -4577.7, 'n_priced_anchors': 12.0, 'net_L0_raw': -109125.3, 'net_L1_reshaped': 0.0, 'net_L2_clamped': 24884.6, 'net_L3_intended': 24612.0, 'net_L4_filled': 24462.6, 'net_L5_readback': 24501.6, 'n_anchors': 13.0}
