2026-09-11T20:39:13Z config={"mark_delays_ms": [60000, 300000, 900000, 3600000, 14400000], "window_ms": 60000, "base_url": "https://data.binance.vision/data/futures/um/daily/aggTrades/{sym}/{fname}", "derived_from_sha256": "542f98a67da3f0d826c9ac01af38fc8f948924f98abbfbaa0f2f32a3d87426f3", "workers": 20, "self_sha256": "d9feae3240c1171d7d01899a3cdf54e959d1426a9264fc77546a04ed1711e8c8", "argv": ["scripts/markout_cdn_multilag.py", "--input", "out/r11_fills_input.json", "--outdir", "out/full", "--workers", "20"], "env_whitelist": {}}
2026-09-11T20:39:13Z input sha256=bc4f218ef0a5ea247e2ae8eb065a14e0ab006770157cfcdf86a5d75063bf412d rows=34921
2026-09-11T20:39:15Z queries=174605 archives=7022 workers=20
2026-09-11T20:39:16Z   0GUSDT-aggTrades-2026-09-11.zip: archive_missing 
2026-09-11T20:39:19Z   1000BONKUSDT-aggTrades-2026-09-11.zip: archive_missing 
2026-09-11T20:39:20Z   1000CATUSDT-aggTrades-2026-09-11.zip: archive_missing 
2026-09-11T20:39:22Z   1000FLOKIUSDT-aggTrades-2026-09-11.zip: archive_missing 
2026-09-11T20:39:24Z   1000LUNCUSDT-aggTrades-2026-09-11.zip: archive_missing 
2026-09-11T20:39:28Z   1000PEPEUSDT-aggTrades-2026-09-11.zip: archive_missing 
2026-09-11T20:39:32Z   1000RATSUSDT-aggTrades-2026-09-11.zip: archive_missing 
2026-09-11T20:39:33Z [200/7022] 0.37 GB; 0.3 min
2026-09-11T20:39:39Z   1INCHUSDT-aggTrades-2026-09-11.zip: archive_missing 
2026-09-11T20:39:42Z   4USDT-aggTrades-2026-09-11.zip: archive_missing 
2026-09-11T20:39:47Z   AAVEUSDT-aggTrades-2026-09-11.zip: archive_missing 
2026-09-11T20:39:49Z   ACEUSDT-aggTrades-2026-09-11.zip: archive_missing 
2026-09-11T20:39:54Z   ACUUSDT-aggTrades-2026-09-11.zip: archive_missing 
2026-09-11T20:39:56Z [400/7022] 0.82 GB; 0.7 min
2026-09-11T20:39:58Z   ADAUSDT-aggTrades-2026-09-11.zip: archive_missing 
2026-09-11T20:39:59Z   AEROUSDT-aggTrades-2026-09-11.zip: archive_missing 
2026-09-11T20:40:02Z   AIAUSDT-aggTrades-2026-09-11.zip: archive_missing 
2026-09-11T20:40:04Z   AIOUSDT-aggTrades-2026-09-11.zip: archive_missing 
2026-09-11T20:40:05Z   AIXBTUSDT-aggTrades-2026-09-11.zip: archive_missing 
2026-09-11T20:40:07Z   AKEUSDT-aggTrades-2026-09-11.zip: archive_missing 
2026-09-11T20:40:14Z   ALGOUSDT-aggTrades-2026-09-11.zip: archive_missing 
2026-09-11T20:40:16Z   ALLOUSDT-aggTrades-2026-09-11.zip: archive_missing 
2026-09-11T20:40:17Z [600/7022] 1.30 GB; 1.0 min
2026-09-11T20:40:18Z   ANKRUSDT-aggTrades-2026-09-11.zip: archive_missing 
2026-09-11T20:40:22Z   APEUSDT-aggTrades-2026-09-11.zip: archive_missing 
2026-09-11T20:40:23Z   APRUSDT-aggTrades-2026-09-11.zip: archive_missing 
2026-09-11T20:40:26Z   APTUSDT-aggTrades-2026-09-11.zip: archive_missing 
2026-09-11T20:40:29Z   ARBUSDT-aggTrades-2026-09-11.zip: archive_missing 
2026-09-11T20:40:33Z   ARKMUSDT-aggTrades-2026-09-11.zip: archive_missing 
2026-09-11T20:40:33Z [800/7022] 1.48 GB; 1.3 min
2026-09-11T20:40:35Z   ARUSDT-aggTrades-2026-09-11.zip: archive_missing 
2026-09-11T20:40:37Z   ASTERUSDT-aggTrades-2026-09-11.zip: archive_missing 
2026-09-11T20:40:40Z   ATOMUSDT-aggTrades-2026-09-11.zip: archive_missing 
2026-09-11T20:40:45Z   AVAXUSDT-aggTrades-2026-09-11.zip: archive_missing 
2026-09-11T20:40:47Z   AVNTUSDT-aggTrades-2026-09-11.zip: archive_missing 
2026-09-11T20:40:50Z [1000/7022] 1.63 GB; 1.6 min
2026-09-11T20:40:51Z   AXSUSDT-aggTrades-2026-09-11.zip: archive_missing 
2026-09-11T20:40:53Z   BANKUSDT-aggTrades-2026-09-11.zip: archive_missing 
2026-09-11T20:40:55Z   BASEDUSDT-aggTrades-2026-09-11.zip: archive_missing 
2026-09-11T20:40:57Z   BBUSDT-aggTrades-2026-09-11.zip: archive_missing 
2026-09-11T20:41:00Z   BCHUSDT-aggTrades-2026-09-11.zip: archive_missing 
2026-09-11T20:41:03Z   BEATUSDT-aggTrades-2026-09-11.zip: archive_missing 
2026-09-11T20:41:03Z   BERAUSDT-aggTrades-2026-09-11.zip: archive_missing 
2026-09-11T20:41:06Z   BICOUSDT-aggTrades-2026-09-11.zip: archive_missing 
2026-09-11T20:41:07Z [1200/7022] 1.83 GB; 1.9 min
2026-09-11T20:41:08Z   BILLUSDT-aggTrades-2026-09-11.zip: archive_missing 
2026-09-11T20:41:09Z   BIOUSDT-aggTrades-2026-09-11.zip: archive_missing 
2026-09-11T20:41:10Z   BIRBUSDT-aggTrades-2026-09-11.zip: archive_missing 
2026-09-11T20:41:11Z   BLESSUSDT-aggTrades-2026-09-11.zip: archive_missing 
2026-09-11T20:41:13Z   BLUAIUSDT-aggTrades-2026-09-11.zip: archive_missing 
2026-09-11T20:41:15Z   BMTUSDT-aggTrades-2026-09-11.zip: archive_missing 
2026-09-11T20:41:19Z   BNBUSDT-aggTrades-2026-09-11.zip: archive_missing 
2026-09-11T20:41:23Z   BOMEUSDT-aggTrades-2026-09-11.zip: archive_missing 
2026-09-11T20:41:26Z   BROCCOLI714USDT-aggTrades-2026-09-11.zip: archive_missing 
2026-09-11T20:41:27Z [1400/7022] 2.16 GB; 2.2 min
2026-09-11T20:41:28Z   BRUSDT-aggTrades-2026-09-11.zip: archive_missing 
2026-09-11T20:41:30Z   BSBUSDT-aggTrades-2026-09-11.zip: archive_missing 
2026-09-11T20:41:35Z   BTRUSDT-aggTrades-2026-09-11.zip: archive_missing 
2026-09-11T20:41:37Z   BULLAUSDT-aggTrades-2026-09-11.zip: archive_missing 
2026-09-11T20:41:40Z   BUSDT-aggTrades-2026-09-11.zip: archive_missing 
2026-09-11T20:41:44Z   CAKEUSDT-aggTrades-2026-09-11.zip: archive_missing 
2026-09-11T20:41:45Z   CATIUSDT-aggTrades-2026-09-11.zip: archive_missing 
2026-09-11T20:41:47Z   CCUSDT-aggTrades-2026-09-11.zip: archive_missing 
2026-09-11T20:41:49Z   CFGUSDT-aggTrades-2026-09-11.zip: archive_missing 
2026-09-11T20:41:50Z   CFXUSDT-aggTrades-2026-09-11.zip: archive_missing 
2026-09-11T20:41:51Z [1600/7022] 3.07 GB; 2.6 min
2026-09-11T20:41:52Z   CHILLGUYUSDT-aggTrades-2026-09-11.zip: archive_missing 
2026-09-11T20:41:53Z   CHIPUSDT-aggTrades-2026-09-11.zip: archive_missing 
2026-09-11T20:41:56Z   CHZUSDT-aggTrades-2026-09-11.zip: archive_missing 
2026-09-11T20:41:58Z   CLOUSDT-aggTrades-2026-09-11.zip: archive_missing 
2026-09-11T20:42:03Z   COMPUSDT-aggTrades-2026-09-11.zip: archive_missing 
2026-09-11T20:42:05Z   COTIUSDT-aggTrades-2026-09-11.zip: archive_missing 
2026-09-11T20:42:09Z [1800/7022] 3.30 GB; 2.9 min
2026-09-11T20:42:09Z   CRVUSDT-aggTrades-2026-09-11.zip: archive_missing 
2026-09-11T20:42:18Z   DEXEUSDT-aggTrades-2026-09-11.zip: archive_missing 
2026-09-11T20:42:23Z   DOGEUSDT-aggTrades-2026-09-11.zip: archive_missing 
2026-09-11T20:42:24Z   DOGSUSDT-aggTrades-2026-09-11.zip: archive_missing 
2026-09-11T20:42:24Z   DOODUSDT-aggTrades-2026-09-11.zip: archive_missing 
2026-09-11T20:42:28Z   DOTUSDT-aggTrades-2026-09-11.zip: archive_missing 
2026-09-11T20:42:28Z [2000/7022] 3.60 GB; 3.2 min
2026-09-11T20:42:30Z   DUSKUSDT-aggTrades-2026-09-11.zip: archive_missing 
2026-09-11T20:42:33Z   DYDXUSDT-aggTrades-2026-09-11.zip: archive_missing 
2026-09-11T20:42:34Z   EDENUSDT-aggTrades-2026-09-11.zip: archive_missing 
2026-09-11T20:42:36Z   EDGEUSDT-aggTrades-2026-09-11.zip: archive_missing 
2026-09-11T20:42:37Z   EDUUSDT-aggTrades-2026-09-11.zip: archive_missing 
2026-09-11T20:42:40Z   EGLDUSDT-aggTrades-2026-09-11.zip: archive_missing 
2026-09-11T20:42:40Z   EIGENUSDT-aggTrades-2026-09-11.zip: archive_missing 
2026-09-11T20:42:44Z   ENAUSDT-aggTrades-2026-09-11.zip: archive_missing 
2026-09-11T20:42:46Z [2200/7022] 3.84 GB; 3.5 min
2026-09-11T20:42:48Z   ENJUSDT-aggTrades-2026-09-11.zip: archive_missing 
2026-09-11T20:42:50Z   ENSOUSDT-aggTrades-2026-09-11.zip: archive_missing 
2026-09-11T20:42:52Z   ENSUSDT-aggTrades-2026-09-11.zip: archive_missing 
2026-09-11T20:42:54Z   EPICUSDT-aggTrades-2026-09-11.zip: archive_missing 
2026-09-11T20:42:57Z   ESPORTSUSDT-aggTrades-2026-09-11.zip: archive_missing 
2026-09-11T20:43:00Z   ESPUSDT-aggTrades-2026-09-11.zip: archive_missing 
2026-09-11T20:43:02Z   ETCUSDT-aggTrades-2026-09-11.zip: archive_missing 
2026-09-11T20:43:04Z [2400/7022] 4.05 GB; 3.8 min
2026-09-11T20:43:04Z   ETHFIUSDT-aggTrades-2026-09-11.zip: archive_missing 
2026-09-11T20:43:07Z   ETHUSDT-aggTrades-2026-09-11.zip: archive_missing 
2026-09-11T20:43:10Z   EULUSDT-aggTrades-2026-09-11.zip: archive_missing 
2026-09-11T20:43:11Z   EVAAUSDT-aggTrades-2026-09-11.zip: archive_missing 
2026-09-11T20:43:14Z   FARTCOINUSDT-aggTrades-2026-09-11.zip: archive_missing 
2026-09-11T20:43:17Z   FETUSDT-aggTrades-2026-09-11.zip: archive_missing 
2026-09-11T20:43:20Z   FFUSDT-aggTrades-2026-09-11.zip: archive_missing 
2026-09-11T20:43:21Z   FIDAUSDT-aggTrades-2026-09-11.zip: archive_missing 
2026-09-11T20:43:25Z   FILUSDT-aggTrades-2026-09-11.zip: archive_missing 
2026-09-11T20:43:26Z [2600/7022] 4.55 GB; 4.2 min
2026-09-11T20:43:29Z   FORMUSDT-aggTrades-2026-09-11.zip: archive_missing 
2026-09-11T20:43:32Z   GALAUSDT-aggTrades-2026-09-11.zip: archive_missing 
2026-09-11T20:43:35Z   GIGGLEUSDT-aggTrades-2026-09-11.zip: archive_missing 
2026-09-11T20:43:38Z   GPSUSDT-aggTrades-2026-09-11.zip: archive_missing 
2026-09-11T20:43:40Z   GRASSUSDT-aggTrades-2026-09-11.zip: archive_missing 
2026-09-11T20:43:42Z [2800/7022] 4.74 GB; 4.5 min
2026-09-11T20:43:43Z   GRTUSDT-aggTrades-2026-09-11.zip: archive_missing 
2026-09-11T20:43:45Z   GWEIUSDT-aggTrades-2026-09-11.zip: archive_missing 
2026-09-11T20:43:49Z   HBARUSDT-aggTrades-2026-09-11.zip: archive_missing 
2026-09-11T20:43:50Z   HEIUSDT-aggTrades-2026-09-11.zip: archive_missing 
2026-09-11T20:43:55Z   HOLOUSDT-aggTrades-2026-09-11.zip: archive_missing 
2026-09-11T20:43:56Z   HOMEUSDT-aggTrades-2026-09-11.zip: archive_missing 
2026-09-11T20:43:58Z   HUMAUSDT-aggTrades-2026-09-11.zip: archive_missing 
2026-09-11T20:43:59Z [3000/7022] 5.04 GB; 4.7 min
2026-09-11T20:44:00Z   HUSDT-aggTrades-2026-09-11.zip: archive_missing 
2026-09-11T20:44:03Z   HYPEUSDT-aggTrades-2026-09-11.zip: archive_missing 
2026-09-11T20:44:07Z   ICPUSDT-aggTrades-2026-09-11.zip: archive_missing 
2026-09-11T20:44:09Z   IDUSDT-aggTrades-2026-09-11.zip: archive_missing 
2026-09-11T20:44:14Z   INJUSDT-aggTrades-2026-09-11.zip: archive_missing 
2026-09-11T20:44:19Z [3200/7022] 5.39 GB; 5.1 min
2026-09-11T20:44:19Z   IOTAUSDT-aggTrades-2026-09-11.zip: archive_missing 
2026-09-11T20:44:21Z   IOUSDT-aggTrades-2026-09-11.zip: archive_missing 
2026-09-11T20:44:22Z   JASMYUSDT-aggTrades-2026-09-11.zip: archive_missing 
2026-09-11T20:44:25Z   JSTUSDT-aggTrades-2026-09-11.zip: archive_missing 
2026-09-11T20:44:28Z   JTOUSDT-aggTrades-2026-09-11.zip: archive_missing 
2026-09-11T20:44:31Z   JUPUSDT-aggTrades-2026-09-11.zip: archive_missing 
2026-09-11T20:44:33Z   KAITOUSDT-aggTrades-2026-09-11.zip: archive_missing 
2026-09-11T20:44:35Z [3400/7022] 5.67 GB; 5.3 min
2026-09-11T20:44:35Z   KATUSDT-aggTrades-2026-09-11.zip: archive_missing 
2026-09-11T20:44:36Z   KASUSDT-aggTrades-2026-09-11.zip: archive_missing 
2026-09-11T20:44:37Z   KAVAUSDT-aggTrades-2026-09-11.zip: archive_missing 
2026-09-11T20:44:39Z   KITEUSDT-aggTrades-2026-09-11.zip: archive_missing 
2026-09-11T20:44:42Z   KOMAUSDT-aggTrades-2026-09-11.zip: archive_missing 
2026-09-11T20:44:45Z   LABUSDT-aggTrades-2026-09-11.zip: archive_missing 
2026-09-11T20:44:47Z   LAUSDT-aggTrades-2026-09-11.zip: archive_missing 
2026-09-11T20:44:47Z   LAYERUSDT-aggTrades-2026-09-11.zip: archive_missing 
2026-09-11T20:44:50Z   LDOUSDT-aggTrades-2026-09-11.zip: archive_missing 
2026-09-11T20:44:53Z [3600/7022] 5.85 GB; 5.6 min
2026-09-11T20:44:55Z   LINKUSDT-aggTrades-2026-09-11.zip: archive_missing 
2026-09-11T20:44:57Z   LISTAUSDT-aggTrades-2026-09-11.zip: archive_missing 
2026-09-11T20:45:00Z   LITUSDT-aggTrades-2026-09-11.zip: archive_missing 
2026-09-11T20:45:02Z   LPTUSDT-aggTrades-2026-09-11.zip: archive_missing 
2026-09-11T20:45:07Z   LTCUSDT-aggTrades-2026-09-11.zip: archive_missing 
2026-09-11T20:45:13Z   MANAUSDT-aggTrades-2026-09-11.zip: archive_missing 
2026-09-11T20:45:16Z   MANTRAUSDT-aggTrades-2026-09-11.zip: archive_missing 
2026-09-11T20:45:16Z [3800/7022] 6.25 GB; 6.0 min
2026-09-11T20:45:18Z   MEGAUSDT-aggTrades-2026-09-11.zip: archive_missing 
2026-09-11T20:45:19Z   MEMEUSDT-aggTrades-2026-09-11.zip: archive_missing 
2026-09-11T20:45:22Z   METUSDT-aggTrades-2026-09-11.zip: archive_missing 
2026-09-11T20:45:25Z   MINAUSDT-aggTrades-2026-09-11.zip: archive_missing 
2026-09-11T20:45:26Z   MIRAUSDT-aggTrades-2026-09-11.zip: archive_missing 
2026-09-11T20:45:27Z   MITOUSDT-aggTrades-2026-09-11.zip: archive_missing 
2026-09-11T20:45:28Z   MMTUSDT-aggTrades-2026-09-11.zip: archive_missing 
2026-09-11T20:45:29Z   MONUSDT-aggTrades-2026-09-11.zip: archive_missing 
2026-09-11T20:45:31Z   MOODENGUSDT-aggTrades-2026-09-11.zip: archive_missing 
2026-09-11T20:45:31Z [4000/7022] 6.37 GB; 6.3 min
2026-09-11T20:45:33Z   MORPHOUSDT-aggTrades-2026-09-11.zip: archive_missing 
2026-09-11T20:45:35Z   MOVEUSDT-aggTrades-2026-09-11.zip: archive_missing 
2026-09-11T20:45:37Z   MOVRUSDT-aggTrades-2026-09-11.zip: archive_missing 
2026-09-11T20:45:39Z   MUBARAKUSDT-aggTrades-2026-09-11.zip: archive_missing 
2026-09-11T20:45:40Z   NAORISUSDT-aggTrades-2026-09-11.zip: archive_missing 
2026-09-11T20:45:43Z   NEARUSDT-aggTrades-2026-09-11.zip: archive_missing 
2026-09-11T20:45:46Z   NEIROUSDT-aggTrades-2026-09-11.zip: archive_missing 
2026-09-11T20:45:49Z   NIGHTUSDT-aggTrades-2026-09-11.zip: archive_missing 
2026-09-11T20:45:50Z   NILUSDT-aggTrades-2026-09-11.zip: archive_missing 
2026-09-11T20:45:50Z [4200/7022] 6.62 GB; 6.6 min
2026-09-11T20:45:51Z   NOMUSDT-aggTrades-2026-09-11.zip: archive_missing 
2026-09-11T20:45:53Z   NOTUSDT-aggTrades-2026-09-11.zip: archive_missing 
2026-09-11T20:45:57Z   ONDOUSDT-aggTrades-2026-09-11.zip: archive_missing 
2026-09-11T20:46:01Z   ONEUSDT-aggTrades-2026-09-11.zip: archive_missing 
2026-09-11T20:46:04Z   ONGUSDT-aggTrades-2026-09-11.zip: archive_missing 
2026-09-11T20:46:07Z   ONTUSDT-aggTrades-2026-09-11.zip: archive_missing 
2026-09-11T20:46:09Z   ONUSDT-aggTrades-2026-09-11.zip: archive_missing 
2026-09-11T20:46:09Z   OPENUSDT-aggTrades-2026-09-11.zip: archive_missing 
2026-09-11T20:46:10Z [4400/7022] 6.90 GB; 6.9 min
2026-09-11T20:46:12Z   OPNUSDT-aggTrades-2026-09-11.zip: archive_missing 
2026-09-11T20:46:16Z   OPUSDT-aggTrades-2026-09-11.zip: archive_missing 
2026-09-11T20:46:17Z   ORCAUSDT-aggTrades-2026-09-11.zip: archive_missing 
2026-09-11T20:46:20Z   ORDIUSDT-aggTrades-2026-09-11.zip: archive_missing 
2026-09-11T20:46:23Z   PAXGUSDT-aggTrades-2026-09-11.zip: archive_missing 
2026-09-11T20:46:25Z   PENDLEUSDT-aggTrades-2026-09-11.zip: archive_missing 
2026-09-11T20:46:27Z   PENGUUSDT-aggTrades-2026-09-11.zip: archive_missing 
2026-09-11T20:46:29Z   PEOPLEUSDT-aggTrades-2026-09-11.zip: archive_missing 
2026-09-11T20:46:30Z   PHAUSDT-aggTrades-2026-09-11.zip: archive_missing 
2026-09-11T20:46:31Z [4600/7022] 7.19 GB; 7.3 min
2026-09-11T20:46:34Z   PIPPINUSDT-aggTrades-2026-09-11.zip: archive_missing 
2026-09-11T20:46:38Z   PLUMEUSDT-aggTrades-2026-09-11.zip: archive_missing 
2026-09-11T20:46:39Z   PNUTUSDT-aggTrades-2026-09-11.zip: archive_missing 
2026-09-11T20:46:42Z   POLUSDT-aggTrades-2026-09-11.zip: archive_missing 
2026-09-11T20:46:42Z   POPCATUSDT-aggTrades-2026-09-11.zip: archive_missing 
2026-09-11T20:46:45Z   PORTALUSDT-aggTrades-2026-09-11.zip: archive_missing 
2026-09-11T20:46:46Z   PRLUSDT-aggTrades-2026-09-11.zip: archive_missing 
2026-09-11T20:46:47Z [4800/7022] 7.36 GB; 7.5 min
2026-09-11T20:46:47Z   PROMUSDT-aggTrades-2026-09-11.zip: archive_missing 
2026-09-11T20:46:51Z   PUMPUSDT-aggTrades-2026-09-11.zip: archive_missing 
2026-09-11T20:46:55Z   PYTHUSDT-aggTrades-2026-09-11.zip: archive_missing 
2026-09-11T20:46:55Z   QNTUSDT-aggTrades-2026-09-11.zip: archive_missing 
2026-09-11T20:46:58Z   QUSDT-aggTrades-2026-09-11.zip: archive_missing 
2026-09-11T20:47:00Z   RAVEUSDT-aggTrades-2026-09-11.zip: archive_missing 
2026-09-11T20:47:02Z   RENDERUSDT-aggTrades-2026-09-11.zip: archive_missing 
2026-09-11T20:47:03Z [5000/7022] 7.56 GB; 7.8 min
2026-09-11T20:47:04Z   REZUSDT-aggTrades-2026-09-11.zip: archive_missing 
2026-09-11T20:47:05Z   RIFUSDT-aggTrades-2026-09-11.zip: archive_missing 
2026-09-11T20:47:08Z   ROBOUSDT-aggTrades-2026-09-11.zip: archive_missing 
2026-09-11T20:47:11Z   ROSEUSDT-aggTrades-2026-09-11.zip: archive_missing 
2026-09-11T20:47:14Z   RUNEUSDT-aggTrades-2026-09-11.zip: archive_missing 
2026-09-11T20:47:18Z   SAGAUSDT-aggTrades-2026-09-11.zip: archive_missing 
2026-09-11T20:47:19Z [5200/7022] 7.68 GB; 8.1 min
2026-09-11T20:47:20Z   SAHARAUSDT-aggTrades-2026-09-11.zip: archive_missing 
2026-09-11T20:47:22Z   SANDUSDT-aggTrades-2026-09-11.zip: archive_missing 
2026-09-11T20:47:26Z   SEIUSDT-aggTrades-2026-09-11.zip: archive_missing 
2026-09-11T20:47:26Z   SENTUSDT-aggTrades-2026-09-11.zip: archive_missing 
2026-09-11T20:47:28Z   SIGNUSDT-aggTrades-2026-09-11.zip: archive_missing 
2026-09-11T20:47:30Z   SIRENUSDT-aggTrades-2026-09-11.zip: archive_missing 
2026-09-11T20:47:32Z   SKRUSDT-aggTrades-2026-09-11.zip: archive_missing 
2026-09-11T20:47:34Z   SKYAIUSDT-aggTrades-2026-09-11.zip: archive_missing 
2026-09-11T20:47:36Z   SKYUSDT-aggTrades-2026-09-11.zip: archive_missing 
2026-09-11T20:47:37Z [5400/7022] 7.81 GB; 8.4 min
2026-09-11T20:47:43Z   SOLUSDT-aggTrades-2026-09-11.zip: archive_missing 
2026-09-11T20:47:44Z   SOLVUSDT-aggTrades-2026-09-11.zip: archive_missing 
2026-09-11T20:47:46Z   SOPHUSDT-aggTrades-2026-09-11.zip: archive_missing 
2026-09-11T20:47:50Z   SPKUSDT-aggTrades-2026-09-11.zip: archive_missing 
2026-09-11T20:47:52Z   SPXUSDT-aggTrades-2026-09-11.zip: archive_missing 
2026-09-11T20:47:56Z   STARUSDT-aggTrades-2026-09-11.zip: archive_missing 
2026-09-11T20:47:59Z [5600/7022] 8.24 GB; 8.7 min
2026-09-11T20:48:04Z   STRKUSDT-aggTrades-2026-09-11.zip: archive_missing 
2026-09-11T20:48:08Z   STXUSDT-aggTrades-2026-09-11.zip: archive_missing 
2026-09-11T20:48:11Z   SUIUSDT-aggTrades-2026-09-11.zip: archive_missing 
2026-09-11T20:48:13Z   SUSDT-aggTrades-2026-09-11.zip: archive_missing 
2026-09-11T20:48:14Z   SUSHIUSDT-aggTrades-2026-09-11.zip: archive_missing 
2026-09-11T20:48:15Z [5800/7022] 8.41 GB; 9.0 min
2026-09-11T20:48:19Z   SYRUPUSDT-aggTrades-2026-09-11.zip: archive_missing 
2026-09-11T20:48:21Z   TACUSDT-aggTrades-2026-09-11.zip: archive_missing 
2026-09-11T20:48:25Z   TAOUSDT-aggTrades-2026-09-11.zip: archive_missing 
2026-09-11T20:48:26Z   THETAUSDT-aggTrades-2026-09-11.zip: archive_missing 
2026-09-11T20:48:30Z   TIAUSDT-aggTrades-2026-09-11.zip: archive_missing 
2026-09-11T20:48:33Z [6000/7022] 8.64 GB; 9.3 min
2026-09-11T20:48:35Z   TRADOORUSDT-aggTrades-2026-09-11.zip: archive_missing 
2026-09-11T20:48:36Z   TRBUSDT-aggTrades-2026-09-11.zip: archive_missing 
2026-09-11T20:48:41Z   TRUMPUSDT-aggTrades-2026-09-11.zip: archive_missing 
2026-09-11T20:48:44Z   TRXUSDT-aggTrades-2026-09-11.zip: archive_missing 
2026-09-11T20:48:45Z   TSTUSDT-aggTrades-2026-09-11.zip: archive_missing 
2026-09-11T20:48:47Z   TURBOUSDT-aggTrades-2026-09-11.zip: archive_missing 
2026-09-11T20:48:47Z   TUSDT-aggTrades-2026-09-11.zip: archive_missing 
2026-09-11T20:48:50Z   TUTUSDT-aggTrades-2026-09-11.zip: archive_missing 
2026-09-11T20:48:51Z [6200/7022] 8.92 GB; 9.6 min
2026-09-11T20:48:51Z   TWTUSDT-aggTrades-2026-09-11.zip: archive_missing 
2026-09-11T20:48:54Z   UAIUSDT-aggTrades-2026-09-11.zip: archive_missing 
2026-09-11T20:48:56Z   UBUSDT-aggTrades-2026-09-11.zip: archive_missing 
2026-09-11T20:49:00Z   UNIUSDT-aggTrades-2026-09-11.zip: archive_missing 
2026-09-11T20:49:05Z   USUSDT-aggTrades-2026-09-11.zip: archive_missing 
2026-09-11T20:49:07Z   VELVETUSDT-aggTrades-2026-09-11.zip: archive_missing 
2026-09-11T20:49:11Z   VETUSDT-aggTrades-2026-09-11.zip: archive_missing 
2026-09-11T20:49:14Z   VIRTUALUSDT-aggTrades-2026-09-11.zip: archive_missing 
2026-09-11T20:49:17Z   VVVUSDT-aggTrades-2026-09-11.zip: archive_missing 
2026-09-11T20:49:17Z [6400/7022] 9.45 GB; 10.0 min
2026-09-11T20:49:20Z   WALUSDT-aggTrades-2026-09-11.zip: archive_missing 
2026-09-11T20:49:22Z   WIFUSDT-aggTrades-2026-09-11.zip: archive_missing 
2026-09-11T20:49:25Z   WLDUSDT-aggTrades-2026-09-11.zip: archive_missing 
2026-09-11T20:49:28Z   WLFIUSDT-aggTrades-2026-09-11.zip: archive_missing 
2026-09-11T20:49:30Z   WUSDT-aggTrades-2026-09-11.zip: archive_missing 
2026-09-11T20:49:34Z   XAUTUSDT-aggTrades-2026-09-11.zip: archive_missing 
2026-09-11T20:49:38Z [6600/7022] 9.72 GB; 10.4 min
2026-09-11T20:49:39Z   XLMUSDT-aggTrades-2026-09-11.zip: archive_missing 
2026-09-11T20:49:45Z   XMRUSDT-aggTrades-2026-09-11.zip: archive_missing 
2026-09-11T20:49:49Z   XPLUSDT-aggTrades-2026-09-11.zip: archive_missing 
2026-09-11T20:49:55Z   XRPUSDT-aggTrades-2026-09-11.zip: archive_missing 
2026-09-11T20:49:58Z   XTZUSDT-aggTrades-2026-09-11.zip: archive_missing 
2026-09-11T20:49:59Z   XVGUSDT-aggTrades-2026-09-11.zip: archive_missing 
2026-09-11T20:50:05Z   ZAMAUSDT-aggTrades-2026-09-11.zip: archive_missing 
2026-09-11T20:50:06Z [6800/7022] 10.15 GB; 10.9 min
2026-09-11T20:50:07Z   ZBTUSDT-aggTrades-2026-09-11.zip: archive_missing 
2026-09-11T20:50:13Z   ZECUSDT-aggTrades-2026-09-11.zip: archive_missing 
2026-09-11T20:50:16Z   ZENUSDT-aggTrades-2026-09-11.zip: archive_missing 
2026-09-11T20:50:20Z   ZKCUSDT-aggTrades-2026-09-11.zip: archive_missing 
2026-09-11T20:50:22Z   ZKPUSDT-aggTrades-2026-09-11.zip: archive_missing 
2026-09-11T20:50:25Z   ZKUSDT-aggTrades-2026-09-11.zip: archive_missing 
2026-09-11T20:50:26Z   ZORAUSDT-aggTrades-2026-09-11.zip: archive_missing 
2026-09-11T20:50:29Z [7000/7022] 10.98 GB; 11.2 min
2026-09-11T20:50:30Z   ZROUSDT-aggTrades-2026-09-11.zip: archive_missing 
2026-09-11T20:51:28Z [7022/7022] 11.07 GB; 12.2 min
2026-09-11T20:51:30Z done: trade_ids=34921 by_lag={'60': {'ok': 33139, 'no_trade_within_window': 103, 'archive_missing': 1679}, '300': {'ok': 33091, 'no_trade_within_window': 151, 'archive_missing': 1679}, '900': {'ok': 33112, 'no_trade_within_window': 130, 'archive_missing': 1679}, '3600': {'ok': 33146, 'no_trade_within_window': 96, 'archive_missing': 1679}, '14400': {'ok': 32823, 'no_trade_within_window': 117, 'archive_missing': 1981}} bytes=11.07GB elapsed=735.2s
