0 %
{
 "anchor": 1789776000,
 "anchor_row": 10332,
 "n_members": 400,
 "n_sel": 273,
 "n_f10_finite": 400,
 "legs_npz_sha256": "9ee5886f37d1727c306d0fb692d2cad1e6400ae13f19d5cd4e280dc59f208f65",
 "f10_oof_sha256": "2af48f7c84bfd5de2df83fa1266455ca718558a80ae68017de444b510a592d51",
 "bundle_config_sha256": "3a8422f377519cac77b0c42305d2ba40a4b7a42a830f0542bda844f66647c94e",
 "replay_WL_raw": [
  0.2878151535987854,
  0.2124509960412979,
  0.4997338354587555
 ],
 "seats_masked": {
  "live_2026-09-19T00Z(target_combo/1789776000.json)": [
   0.383352,
   0.616648
  ],
  "replay_NC_s42_legs.WL_2026-09-19T00Z": [
   0.365457,
   0.634543
  ],
  "live_2026-09-24T00Z(target_combo/1790208000.json)": [
   0.400266,
   0.599734
  ]
 },
 "leg_shares": {
  "live_2026-09-19T00Z(target_combo/1789776000.json)": {
   "kc_share_king": 0.3581,
   "fc_share_f10": 0.3722
  },
  "replay_NC_s42_legs.WL_2026-09-19T00Z": {
   "kc_share_king": 0.3407,
   "fc_share_f10": 0.3546
  },
  "live_2026-09-24T00Z(target_combo/1790208000.json)": {
   "kc_share_king": 0.3746,
   "fc_share_f10": 0.389
  }
 },
 "diff_live0919_vs_replay0919": {
  "L1_combo_raw_diff": 0.02936,
  "L1_tgt_kc_diff": 0.03254,
  "L1_tgt_fc_diff": 0.04048,
  "first_anchor_alpha_times_L1": 0.00294,
  "sign_flips": 1
 },
 "diff_live0924_vs_replay0919": {
  "L1_combo_raw_diff": 0.05789,
  "L1_tgt_kc_diff": 0.06375,
  "L1_tgt_fc_diff": 0.07948,
  "first_anchor_alpha_times_L1": 0.00579,
  "sign_flips": 4
 },
 "diff_live0924_vs_live0919": {
  "L1_combo_raw_diff": 0.02854,
  "L1_tgt_kc_diff": 0.03122,
  "L1_tgt_fc_diff": 0.03901,
  "first_anchor_alpha_times_L1": 0.00285,
  "sign_flips": 3
 },
 "params": {
  "alpha": 0.1,
  "cap_mult": 2.5,
  "qv4h_min": 250000.0,
  "msharpe_look": 900
 }
}
