RUN C0_s42 0 42.9 s
RUN C0_s2027 0 42.6 s
RUN NW_s42 0 42.0 s
RUN NW_s2027 0 42.3 s
{
 "P": {
  "C0_s42": {
   "d30_n2_c42_rec": {
    "bitwise": true,
    "shape": [
     10039,
     23
    ],
    "dtype_a": "float64",
    "dtype_b": "float64",
    "maxabs": 0.0
   },
   "d30_n2_c42_W": {
    "bitwise": true,
    "shape": [
     10039,
     829
    ],
    "dtype_a": "float32",
    "dtype_b": "float32",
    "maxabs": 0.0
   },
   "S0_rec": {
    "bitwise": true,
    "shape": [
     10039,
     23
    ],
    "dtype_a": "float64",
    "dtype_b": "float64",
    "maxabs": 0.0
   },
   "S0_W": {
    "bitwise": true,
    "shape": [
     10039,
     829
    ],
    "dtype_a": "float32",
    "dtype_b": "float32",
    "maxabs": 0.0
   },
   "d30_n2_c42_R18A": {
    "bitwise": true,
    "shape": [
     10039,
     7
    ],
    "dtype_a": "float64",
    "dtype_b": "float64",
    "maxabs": 0.0
   },
   "legs_king": {
    "bitwise": true,
    "shape": [
     10039
    ],
    "dtype_a": "float64",
    "dtype_b": "float64",
    "maxabs": 0.0
   },
   "legs_fund": {
    "bitwise": true,
    "shape": [
     10039
    ],
    "dtype_a": "float64",
    "dtype_b": "float64",
    "maxabs": 0.0
   },
   "legs_rev24": {
    "bitwise": true,
    "shape": [
     10039
    ],
    "dtype_a": "float64",
    "dtype_b": "float64",
    "maxabs": 0.0
   },
   "cols_equal": true
  },
  "C0_s2027": {
   "d30_n2_c42_rec": {
    "bitwise": true,
    "shape": [
     10039,
     23
    ],
    "dtype_a": "float64",
    "dtype_b": "float64",
    "maxabs": 0.0
   },
   "d30_n2_c42_W": {
    "bitwise": true,
    "shape": [
     10039,
     829
    ],
    "dtype_a": "float32",
    "dtype_b": "float32",
    "maxabs": 0.0
   },
   "S0_rec": {
    "bitwise": true,
    "shape": [
     10039,
     23
    ],
    "dtype_a": "float64",
    "dtype_b": "float64",
    "maxabs": 0.0
   },
   "S0_W": {
    "bitwise": true,
    "shape": [
     10039,
     829
    ],
    "dtype_a": "float32",
    "dtype_b": "float32",
    "maxabs": 0.0
   },
   "d30_n2_c42_R18A": {
    "bitwise": true,
    "shape": [
     10039,
     7
    ],
    "dtype_a": "float64",
    "dtype_b": "float64",
    "maxabs": 0.0
   },
   "legs_king": {
    "bitwise": true,
    "shape": [
     10039
    ],
    "dtype_a": "float64",
    "dtype_b": "float64",
    "maxabs": 0.0
   },
   "legs_fund": {
    "bitwise": true,
    "shape": [
     10039
    ],
    "dtype_a": "float64",
    "dtype_b": "float64",
    "maxabs": 0.0
   },
   "legs_rev24": {
    "bitwise": true,
    "shape": [
     10039
    ],
    "dtype_a": "float64",
    "dtype_b": "float64",
    "maxabs": 0.0
   },
   "cols_equal": true
  },
  "NW_s42": {
   "d30_n2_c42_rec": {
    "bitwise": true,
    "shape": [
     10039,
     23
    ],
    "dtype_a": "float64",
    "dtype_b": "float64",
    "maxabs": 0.0
   },
   "d30_n2_c42_W": {
    "bitwise": true,
    "shape": [
     10039,
     829
    ],
    "dtype_a": "float32",
    "dtype_b": "float32",
    "maxabs": 0.0
   },
   "S0_rec": {
    "bitwise": true,
    "shape": [
     10039,
     23
    ],
    "dtype_a": "float64",
    "dtype_b": "float64",
    "maxabs": 0.0
   },
   "S0_W": {
    "bitwise": true,
    "shape": [
     10039,
     829
    ],
    "dtype_a": "float32",
    "dtype_b": "float32",
    "maxabs": 0.0
   },
   "d30_n2_c42_R18A": {
    "bitwise": true,
    "shape": [
     10039,
     7
    ],
    "dtype_a": "float64",
    "dtype_b": "float64",
    "maxabs": 0.0
   },
   "legs_king": {
    "bitwise": true,
    "shape": [
     10039
    ],
    "dtype_a": "float64",
    "dtype_b": "float64",
    "maxabs": 0.0
   },
   "legs_fund": {
    "bitwise": true,
    "shape": [
     10039
    ],
    "dtype_a": "float64",
    "dtype_b": "float64",
    "maxabs": 0.0
   },
   "legs_rev24": {
    "bitwise": true,
    "shape": [
     10039
    ],
    "dtype_a": "float64",
    "dtype_b": "float64",
    "maxabs": 0.0
   },
   "cols_equal": true
  },
  "NW_s2027": {
   "d30_n2_c42_rec": {
    "bitwise": true,
    "shape": [
     10039,
     23
    ],
    "dtype_a": "float64",
    "dtype_b": "float64",
    "maxabs": 0.0
   },
   "d30_n2_c42_W": {
    "bitwise": true,
    "shape": [
     10039,
     829
    ],
    "dtype_a": "float32",
    "dtype_b": "float32",
    "maxabs": 0.0
   },
   "S0_rec": {
    "bitwise": true,
    "shape": [
     10039,
     23
    ],
    "dtype_a": "float64",
    "dtype_b": "float64",
    "maxabs": 0.0
   },
   "S0_W": {
    "bitwise": true,
    "shape": [
     10039,
     829
    ],
    "dtype_a": "float32",
    "dtype_b": "float32",
    "maxabs": 0.0
   },
   "d30_n2_c42_R18A": {
    "bitwise": true,
    "shape": [
     10039,
     7
    ],
    "dtype_a": "float64",
    "dtype_b": "float64",
    "maxabs": 0.0
   },
   "legs_king": {
    "bitwise": true,
    "shape": [
     10039
    ],
    "dtype_a": "float64",
    "dtype_b": "float64",
    "maxabs": 0.0
   },
   "legs_fund": {
    "bitwise": true,
    "shape": [
     10039
    ],
    "dtype_a": "float64",
    "dtype_b": "float64",
    "maxabs": 0.0
   },
   "legs_rev24": {
    "bitwise": true,
    "shape": [
     10039
    ],
    "dtype_a": "float64",
    "dtype_b": "float64",
    "maxabs": 0.0
   },
   "cols_equal": true
  },
  "PASS": true
 },
 "I": {
  "C0_s42": {
   "n_rows": 10039,
   "wa_first": 1656547200,
   "wa_last": 1788120000,
   "wa_n": 9138,
   "wa_first_row": 900,
   "wa_last_row": 10037,
   "max_name_identity": 1.0408340855860843e-17,
   "max_pnl_identity": 1.4210854715202004e-13,
   "max_carry_identity": 6.714062916746144e-10,
   "max_cost_identity": 5.342948306008566e-16,
   "max_kinghalf_identity": 6.938893903907228e-18,
   "agg_vs_rec_pnl": 3.268496584496461e-13,
   "agg_vs_rec_carry": 6.714060973855851e-10,
   "agg_vs_rec_cost": 5.065392549852277e-16,
   "rev24_max_abs_smr_comp_WALPHA": 0.007659137476854417,
   "rev24_sum_abs_contrib_WALPHA_bps": 773.318585920481,
   "all_sum_abs_g_WALPHA_bps": 100060.24886565794,
   "PASS_identities": true,
   "rev24_rule": "C0: reported only (AMENDMENT 1)",
   "PASS_rev24": null
  },
  "C0_s2027": {
   "n_rows": 10039,
   "wa_first": 1656547200,
   "wa_last": 1788120000,
   "wa_n": 9138,
   "wa_first_row": 900,
   "wa_last_row": 10037,
   "max_name_identity": 1.0408340855860843e-17,
   "max_pnl_identity": 8.526512829121202e-14,
   "max_carry_identity": 6.714062916746144e-10,
   "max_cost_identity": 4.926614671774132e-16,
   "max_kinghalf_identity": 6.938893903907228e-18,
   "agg_vs_rec_pnl": 3.410605131648481e-13,
   "agg_vs_rec_carry": 6.714060973855851e-10,
   "agg_vs_rec_cost": 4.996003610813204e-16,
   "rev24_max_abs_smr_comp_WALPHA": 0.007659137476854417,
   "rev24_sum_abs_contrib_WALPHA_bps": 773.3186744819905,
   "all_sum_abs_g_WALPHA_bps": 100053.58904806082,
   "PASS_identities": true,
   "rev24_rule": "C0: reported only (AMENDMENT 1)",
   "PASS_rev24": null
  },
  "NW_s42": {
   "n_rows": 10039,
   "wa_first": 1656547200,
   "wa_last": 1788120000,
   "wa_n": 9138,
   "wa_first_row": 900,
   "wa_last_row": 10037,
   "max_name_identity": 6.938893903907228e-18,
   "max_pnl_identity": 1.4210854715202004e-13,
   "max_carry_identity": 6.714309108701855e-10,
   "max_cost_identity": 5.689893001203927e-16,
   "max_kinghalf_identity": 5.204170427930421e-18,
   "agg_vs_rec_pnl": 8.526512829121202e-13,
   "agg_vs_rec_carry": 6.714311884259416e-10,
   "agg_vs_rec_cost": 5.689893001203927e-16,
   "rev24_max_abs_smr_comp_WALPHA": 0.0,
   "rev24_sum_abs_contrib_WALPHA_bps": 0.0,
   "all_sum_abs_g_WALPHA_bps": 100131.31535602854,
   "PASS_identities": true,
   "rev24_rule": "NW: must be <= 1e-12",
   "PASS_rev24": true
  },
  "NW_s2027": {
   "n_rows": 10039,
   "wa_first": 1656547200,
   "wa_last": 1788120000,
   "wa_n": 9138,
   "wa_first_row": 900,
   "wa_last_row": 10037,
   "max_name_identity": 6.938893903907228e-18,
   "max_pnl_identity": 1.4210854715202004e-13,
   "max_carry_identity": 6.714309108701855e-10,
   "max_cost_identity": 5.689893001203927e-16,
   "max_kinghalf_identity": 5.204170427930421e-18,
   "agg_vs_rec_pnl": 5.684341886080801e-13,
   "agg_vs_rec_carry": 6.714311884259416e-10,
   "agg_vs_rec_cost": 5.689893001203927e-16,
   "rev24_max_abs_smr_comp_WALPHA": 0.0,
   "rev24_sum_abs_contrib_WALPHA_bps": 0.0,
   "all_sum_abs_g_WALPHA_bps": 100126.58132161215,
   "PASS_identities": true,
   "rev24_rule": "NW: must be <= 1e-12",
   "PASS_rev24": true
  },
  "PASS": true
 }
}
GPU 0 %, 2 MiB -> 0 %, 2 MiB | PIDs 333197 Tl; 339489 Tl -> 333197 Tl; 339489 Tl | load ['0.10', '0.17', '0.13'] -> ['2.27', '0.73', '0.32']
DONE_t1_drive 45.2 s
