METRICS_mE60 rc=0 2026-09-05T08:19:52Z
cb83330cf6f1808a41389de7a1eca7949f254d31c9a0b331d4618914129ff937  dev_alt/probe_artifacts/w10_ablation_series_M1_mE60spl_prod_s42_ccal.npz
2faa43911b1a1ae6b00694fc5680accb92072dab1995aa7c9ceb8119146be952  dev_alt/probe_artifacts/w10_ablation_series_M1_mE60pure_prod_s42_ccal.npz
e954c1bc1cd18ca6fd264cfe296ac9958e6d7cd0d94881e234e89edfe460529b  dev_alt/probe_artifacts/w10_ablation_series_PHI1_mE60spl_prod_s42_ccal.npz
bfc27a250f81d1a6bfa2057ef194530a03d2d9a6a87aeea02a4bf5a93d2b982a  dev_alt/probe_artifacts/w10_ablation_series_PHI1_BASE_prod_s42_ccal.npz
32bfecb9cf9c0e5caebd4d77ad3ee5cf8334be3e75bf04b2cd66cb8550d9d12a  dev_alt/probe_artifacts/w10_ablation_series_BASE_M1_UPIT_prod_s42_ccal.npz
REPLAY_mE60_DONE 2026-09-05T08:19:52Z
METRICS_mE1 rc=0 2026-09-05T08:20:21Z
5d52e04915683bb6728588b20ca11205475942c1b0d01ec29014a6841d6c5cc4  dev_alt/probe_artifacts/w10_ablation_series_M1_mE1spl_prod_s42_ccal.npz
e58f2f1c9cbae601388a288964f0fb81876634864ff36dd9acad57316f03b5ef  dev_alt/probe_artifacts/w10_ablation_series_M1_mE1pure_prod_s42_ccal.npz
af7a53b3fa1e6c915c9b802476536876268d3d4914165ef3771619880ab16864  dev_alt/probe_artifacts/w10_ablation_series_PHI1_mE1spl_prod_s42_ccal.npz
REPLAY_mE1_DONE 2026-09-05T08:20:21Z
METRICS_mE60 rc=0 2026-09-05T09:46:10Z
7037b8ab81833c204181e1bcf70f0530ab37684fb3fd1146de510e9b512f6ffe  dev_alt/probe_artifacts/w10_ablation_series_M1_mE60spl_prod_s42_ccal.npz
5e433f7bdd664dd1758cccbe470559821cd2c63c1f2147d2c25346bc08a032b2  dev_alt/probe_artifacts/w10_ablation_series_M1_mE60pure_prod_s42_ccal.npz
529c1ec9b3f074048d172fa57d8d8e43ad6a6ccad75499bbf1a4d58e642192ca  dev_alt/probe_artifacts/w10_ablation_series_PHI1_mE60spl_prod_s42_ccal.npz
bfc27a250f81d1a6bfa2057ef194530a03d2d9a6a87aeea02a4bf5a93d2b982a  dev_alt/probe_artifacts/w10_ablation_series_PHI1_BASE_prod_s42_ccal.npz
32bfecb9cf9c0e5caebd4d77ad3ee5cf8334be3e75bf04b2cd66cb8550d9d12a  dev_alt/probe_artifacts/w10_ablation_series_BASE_M1_UPIT_prod_s42_ccal.npz
REPLAY_mE60_DONE 2026-09-05T09:46:10Z
METRICS_mE1 rc=0 2026-09-05T09:46:40Z
ef4d5265fbde60461c8b523a3e7384d54c8c5dae9cf12b207cdcecd3ab6d21de  dev_alt/probe_artifacts/w10_ablation_series_M1_mE1spl_prod_s42_ccal.npz
44ae27bb684eb793c79c4c64999b01302f8027129f0dbc25ae7ca9d14daa3b75  dev_alt/probe_artifacts/w10_ablation_series_M1_mE1pure_prod_s42_ccal.npz
c8e16f2e984be425f7bcc4c0a4cb874df5ba27126c2dc6472a90c5c758806090  dev_alt/probe_artifacts/w10_ablation_series_PHI1_mE1spl_prod_s42_ccal.npz
REPLAY_mE1_DONE 2026-09-05T09:46:40Z
