NEWS_FEATURES.npz sha a490c294d90e0cdb2bb1dca503f3468dc1a4384396e3f7bae3e3020e161f79ac (receipt P2B_FEATURES.json a490c294d90e0cdb...)
deleted /dev/shm/news_2026-09-23/work/NEWS_FEATURES.npz
c7a5eee95fc7f53198b3197ffc8a39a6f9b485c9207668bdb60d0dfdad746697  p1_000_024.npz
b67a3b209a1d38de30d582994b44bdf7805b607b590c23572c7d1127c940f5a7  p1_001_024.npz
443aea55f0a18f6f1f5555c0b7aee5e0af38acd24e3477be0781e2be2c9bf786  p1_002_024.npz
b2fbb9444a98f3f3fd8fbca73b14e3ba427211cfef54c4f769fedb76762979a9  p1_003_024.npz
10679750d1ce79cabdeb6732bc1bf887bfa67d4ea3ddccb32fdb4c25df1c833d  p1_004_024.npz
4b29b34a6133d9e8bf54802d50b993b40bacc619ed94a74049e125b08ce91b13  p1_005_024.npz
eaecf1b33d45f92e027371a2df23e6c1de9c2a12f2151cb3a968674a8d7dbc6c  p1_006_024.npz
8ebd9c4cf096079f3e9273bb8cc3bc18ec5a4986b77b0a08149c4b8d161d8ebb  p1_007_024.npz
67d2ba53cb3bec103f6c9501ace9cece3437b8ffce6a33e36fc63f26f312dd81  p1_008_024.npz
865092368ea4b3880d4345c38e4aba316cba6782d46c8bac3db96abae4185ec8  p1_009_024.npz
86964a7d96b9ffcea5b86fc84805cd0c621b529b2ce490f988e94960cdc6e0a2  p1_010_024.npz
e1eef421da1812271f20404d464640fcb2d901ae0312e66b49c2baa711b98654  p1_011_024.npz
b8bbe39a241459da8ff44a33cc3efa4d21ee613dc73ea2cf6969cb2e8206cbe5  p1_012_024.npz
3bd3959b26719cdeea11cbf7f4d322faabcd4aef2975924f77125fa1e366cf72  p1_013_024.npz
43c801ae14f2bc9a1af104969b8cbd3adc0de7ee0a193bb0f4d27f1db96be1fc  p1_014_024.npz
e4214596b0b9258619652ad247e9e352723d68fff3fb4402d1d1540c03386fd3  p1_015_024.npz
72f4521245e664cd573fd9c81f8206c7eefda59fe495fe81d17df1774cb51731  p1_016_024.npz
ddd29ea03bc5cb7bd7f087400a90e215e2e3ec72a9f60bbadeb547d267a43d67  p1_017_024.npz
1c0af804c1b03f5ff45690b328ea05c6ab1fe5d8d3798f487e48c4b77929ef44  p1_018_024.npz
c72ab22ac4ff83291fd402933359aaadd5bc25e15565b21d9c9a57c193d5fcd8  p1_019_024.npz
2ae6c70242ac2159ac5203344ad5761f0a3686c047378cc7d7a93534e1d1a273  p1_020_024.npz
8ccbb798e7e92a102f011983560ce605c6a8bdb62239136a5e291e794a2e83a1  p1_021_024.npz
67120ffe48bc19941071fd6ff147133f54fc21d85c92ceccdf23945a77835ab9  p1_022_024.npz
f7e99456986a574b0f1d16ef067ef3a59ded73fb7ff61b3489b7578c802442a0  p1_023_024.npz
deleted p1 shard npz (json receipts kept): 24 files remain
shm              28G   22G  6.8G  76% /dev/shm
