CONFIG {"KMOD_F10": 0.0, "KMOD_L": 0.5, "KMOD_AGREE": 0.0, "SEATF10": 0, "KTAIL": 0, "KMOD": 0.0, "SEATNET": 0, "FUNDSCALE": 0, "FEMAT_NPZ": null, "SLOW_NPY": "/workspace/shadow_bundle_v3/slow_pred_pinned.npy", "W3FIX": null, "MEMBERS_TOPN": 829, "TRADE_TOPN": 400, "FTRIM": "zero", "UMASK_NPZ": null, "LOOK": 900, "WRULE": "msharpe", "CAL": "log", "LEGS": "101", "PHI": 0.45, "FSEED": "42", "FPRED": "(default f10_V2MAIN_s{FSEED})"}
MEMBERS_TOPN=829: members rebuilt from qvk ranking
SLOW override: /workspace/shadow_bundle_v3/slow_pred_pinned.npy finite 0.241
F10 leg source: f10_V2MAIN_s42.npy
F10 OOS preds aligned: rows 10056/10176, cols 829/829, finite 0.2838
legs done 5.1 s
run depth None 2000 / 10176 6.7 s
run depth None 4000 / 10176 8.7 s
run depth None 6000 / 10176 11.1 s
run depth None 8000 / 10176 13.7 s
run depth None 10000 / 10176 16.4 s
NOTE S0: arm anchors 10038 vs ref 1 (差 -10037), 仅比较共同年份
RECEIPT S0 {"maxabs_diff_vs_pod_backup": NaN, "n": 10038, "first": "2022-01-31 00:00", "last": "2026-08-30 20:00", "net_all": 0.4791, "net_2024on": 0.7865, "sharpe_2024on": 1.845, "by_year": {"2022": 0.474, "2023": -0.336, "2024": 0.176, "2025": 0.5, "2026": 2.142}, "carry_mean": 0.4521, "cost_mean": 0.0687, "fires_total": 0, "gross_total_by_year": {"2022": 0.8387, "2023": 0.8552, "2024": 0.619, "2025": 0.5473, "2026": 0.8123}, "gross_member_by_year": {"2022": 0.8387, "2023": 0.8552, "2024": 0.619, "2025": 0.5473, "2026": 0.8123}, "gross_total_last500": 0.8245, "nsel_last500": 303.0, "turnover_mean": 0.03015, "net_ex_all": 0.4177, "net_ex_2024on": 0.7341, "sharpe_ex_2024on": 1.869, "by_year_ex": {"2022": 0.348, "2023": -0.362, "2024": 0.149, "2025": 0.41, "2026": 2.108}, "carry_ex_mean": 0.4414, "cost_ex_mean": 0.0713, "turnover_ex_mean": 0.07134, "netlong_mean": -0.024, "netlong_by_year": {"2022": -0.0129, "2023": -0.0239, "2024": -0.0037, "2025": -0.0358, "2026": -0.0522}}
RECEIPT_EX S0 {"net_ex_all": 0.4177, "net_ex_2024on": 0.7341, "sharpe_ex_2024on": 1.869, "by_year_ex": {"2022": 0.348, "2023": -0.362, "2024": 0.149, "2025": 0.41, "2026": 2.108}, "carry_ex_mean": 0.4414, "cost_ex_mean": 0.0713, "turnover_ex_mean": 0.07134, "netlong_mean": -0.024, "netlong_by_year": {"2022": -0.0129, "2023": -0.0239, "2024": -0.0037, "2025": -0.0358, "2026": -0.0522}}
run depth -0.3 2000 / 10176 18.4 s
run depth -0.3 4000 / 10176 20.4 s
run depth -0.3 6000 / 10176 22.9 s
run depth -0.3 8000 / 10176 25.5 s
run depth -0.3 10000 / 10176 28.3 s
NOTE d30_n2_c42: arm anchors 10038 vs ref 1 (差 -10037), 仅比较共同年份
RECEIPT d30_n2_c42 {"maxabs_diff_vs_pod_backup": NaN, "n": 10038, "first": "2022-01-31 00:00", "last": "2026-08-30 20:00", "net_all": 0.4059, "net_2024on": 0.7158, "sharpe_2024on": 1.69, "by_year": {"2022": 0.348, "2023": -0.367, "2024": 0.132, "2025": 0.44, "2026": 2.014}, "carry_mean": 0.4255, "cost_mean": 0.0684, "fires_total": 1758, "gross_total_by_year": {"2022": 0.8192, "2023": 0.8373, "2024": 0.602, "2025": 0.5315, "2026": 0.7792}, "gross_member_by_year": {"2022": 0.8192, "2023": 0.8373, "2024": 0.602, "2025": 0.5315, "2026": 0.7792}, "gross_total_last500": 0.7834, "nsel_last500": 303.0, "turnover_mean": 0.02986, "net_ex_all": 0.3833, "net_ex_2024on": 0.6914, "sharpe_ex_2024on": 1.884, "by_year_ex": {"2022": 0.313, "2023": -0.373, "2024": 0.149, "2025": 0.359, "2026": 2.013}, "carry_ex_mean": 0.4082, "cost_ex_mean": 0.0713, "turnover_ex_mean": 0.07127, "netlong_mean": -0.0267, "netlong_by_year": {"2022": -0.0223, "2023": -0.0182, "2024": -0.0028, "2025": -0.0407, "2026": -0.0605}}
RECEIPT_EX d30_n2_c42 {"net_ex_all": 0.3833, "net_ex_2024on": 0.6914, "sharpe_ex_2024on": 1.884, "by_year_ex": {"2022": 0.313, "2023": -0.373, "2024": 0.149, "2025": 0.359, "2026": 2.013}, "carry_ex_mean": 0.4082, "cost_ex_mean": 0.0713, "turnover_ex_mean": 0.07127, "netlong_mean": -0.0267, "netlong_by_year": {"2022": -0.0223, "2023": -0.0182, "2024": -0.0028, "2025": -0.0407, "2026": -0.0605}}
DONE 29.8 s
