CONFIG {"KMOD_F10": 0.0, "KMOD_L": 0.5, "KMOD_AGREE": 0.0, "SEATF10": 0, "KTAIL": 0, "KMOD": 0.0, "SEATNET": 0, "FUNDSCALE": 0, "FEMAT_NPZ": null, "SLOW_NPY": "/workspace/shadow_bundle_v3/slow_pred_pinned.npy", "W3FIX": "0.21,0,0.79", "MEMBERS_TOPN": 829, "TRADE_TOPN": 400, "FTRIM": "zero", "UMASK_NPZ": null, "LOOK": 900, "WRULE": "msharpe", "CAL": "log", "LEGS": "101", "PHI": 0.45, "FSEED": "42", "FPRED": "(default f10_V2MAIN_s{FSEED})"}
MEMBERS_TOPN=829: members rebuilt from qvk ranking
SLOW override: /workspace/shadow_bundle_v3/slow_pred_pinned.npy finite 0.241
F10 leg source: f10_V2MAIN_s42.npy
F10 OOS preds aligned: rows 10056/10176, cols 829/829, finite 0.2838
legs done 5.0 s
run depth None 2000 / 10176 6.6 s
run depth None 4000 / 10176 8.5 s
run depth None 6000 / 10176 10.7 s
run depth None 8000 / 10176 13.1 s
run depth None 10000 / 10176 15.7 s
NOTE S0: arm anchors 10038 vs ref 1 (差 -10037), 仅比较共同年份
RECEIPT S0 {"maxabs_diff_vs_pod_backup": NaN, "n": 10038, "first": "2022-01-31 00:00", "last": "2026-08-30 20:00", "net_all": 0.2361, "net_2024on": 0.5279, "sharpe_2024on": 1.017, "by_year": {"2022": -0.054, "2023": -0.275, "2024": -0.446, "2025": 0.213, "2026": 2.476}, "carry_mean": 0.5744, "cost_mean": 0.0358, "fires_total": 0, "gross_total_by_year": {"2022": 0.9155, "2023": 0.8908, "2024": 0.8823, "2025": 0.796, "2026": 0.807}, "gross_member_by_year": {"2022": 0.9155, "2023": 0.8908, "2024": 0.8823, "2025": 0.796, "2026": 0.807}, "gross_total_last500": 0.7992, "nsel_last500": 303.0, "turnover_mean": 0.01522, "net_ex_all": 0.1409, "net_ex_2024on": 0.4114, "sharpe_ex_2024on": 0.831, "by_year_ex": {"2022": -0.15, "2023": -0.313, "2024": -0.674, "2025": 0.154, "2026": 2.441}, "carry_ex_mean": 0.5597, "cost_ex_mean": 0.0392, "turnover_ex_mean": 0.0392, "netlong_mean": -0.0366, "netlong_by_year": {"2022": -0.0258, "2023": -0.0188, "2024": -0.0215, "2025": -0.0704, "2026": -0.0506}}
RECEIPT_EX S0 {"net_ex_all": 0.1409, "net_ex_2024on": 0.4114, "sharpe_ex_2024on": 0.831, "by_year_ex": {"2022": -0.15, "2023": -0.313, "2024": -0.674, "2025": 0.154, "2026": 2.441}, "carry_ex_mean": 0.5597, "cost_ex_mean": 0.0392, "turnover_ex_mean": 0.0392, "netlong_mean": -0.0366, "netlong_by_year": {"2022": -0.0258, "2023": -0.0188, "2024": -0.0215, "2025": -0.0704, "2026": -0.0506}}
run depth -0.3 2000 / 10176 17.6 s
run depth -0.3 4000 / 10176 19.5 s
run depth -0.3 6000 / 10176 21.8 s
run depth -0.3 8000 / 10176 24.3 s
run depth -0.3 10000 / 10176 26.9 s
NOTE d30_n2_c42: arm anchors 10038 vs ref 1 (差 -10037), 仅比较共同年份
RECEIPT d30_n2_c42 {"maxabs_diff_vs_pod_backup": NaN, "n": 10038, "first": "2022-01-31 00:00", "last": "2026-08-30 20:00", "net_all": 0.2203, "net_2024on": 0.4969, "sharpe_2024on": 0.93, "by_year": {"2022": 0.005, "2023": -0.319, "2024": -0.594, "2025": 0.355, "2026": 2.361}, "carry_mean": 0.5315, "cost_mean": 0.0363, "fires_total": 2582, "gross_total_by_year": {"2022": 0.8856, "2023": 0.872, "2024": 0.8465, "2025": 0.7503, "2026": 0.7674}, "gross_member_by_year": {"2022": 0.8856, "2023": 0.872, "2024": 0.8465, "2025": 0.7503, "2026": 0.7674}, "gross_total_last500": 0.7556, "nsel_last500": 303.0, "turnover_mean": 0.01542, "net_ex_all": 0.1584, "net_ex_2024on": 0.4566, "sharpe_ex_2024on": 1.017, "by_year_ex": {"2022": -0.12, "2023": -0.381, "2024": -0.642, "2025": 0.284, "2026": 2.378}, "carry_ex_mean": 0.5053, "cost_ex_mean": 0.0401, "turnover_ex_mean": 0.0401, "netlong_mean": -0.0466, "netlong_by_year": {"2022": -0.0382, "2023": -0.0113, "2024": -0.0244, "2025": -0.0978, "2026": -0.0676}}
RECEIPT_EX d30_n2_c42 {"net_ex_all": 0.1584, "net_ex_2024on": 0.4566, "sharpe_ex_2024on": 1.017, "by_year_ex": {"2022": -0.12, "2023": -0.381, "2024": -0.642, "2025": 0.284, "2026": 2.378}, "carry_ex_mean": 0.5053, "cost_ex_mean": 0.0401, "turnover_ex_mean": 0.0401, "netlong_mean": -0.0466, "netlong_by_year": {"2022": -0.0382, "2023": -0.0113, "2024": -0.0244, "2025": -0.0978, "2026": -0.0676}}
DONE 28.0 s
