CONFIG {"KMOD_F10": 0.0, "KMOD_L": 0.5, "KMOD_AGREE": 0.0, "SEATF10": 0, "KTAIL": 0, "KMOD": 0.0, "SEATNET": 0, "FUNDSCALE": 0, "FEMAT_NPZ": null, "SLOW_NPY": "/workspace/shadow_bundle_v3/slow_pred_pinned.npy", "W3FIX": null, "MEMBERS_TOPN": 829, "TRADE_TOPN": 400, "FTRIM": "zero", "UMASK_NPZ": null, "LOOK": 900, "WRULE": "msharpe", "CAL": "log", "LEGS": "101", "PHI": 0.45, "FSEED": "42", "FPRED": "(default f10_V2MAIN_s{FSEED})"}
MEMBERS_TOPN=829: members rebuilt from qvk ranking
SLOW override: /workspace/shadow_bundle_v3/slow_pred_pinned.npy finite 0.241
F10 leg source: f10_V2MAIN_s42.npy
F10 OOS preds aligned: rows 10056/10176, cols 829/829, finite 0.2838
legs done 5.1 s
run depth None 2000 / 10176 6.7 s
run depth None 4000 / 10176 8.7 s
run depth None 6000 / 10176 11.1 s
run depth None 8000 / 10176 13.7 s
run depth None 10000 / 10176 16.4 s
NOTE S0: arm anchors 10037 vs ref 1 (差 -10036), 仅比较共同年份
RECEIPT S0 {"maxabs_diff_vs_pod_backup": NaN, "n": 10037, "first": "2022-01-31 00:00", "last": "2026-08-30 16:00", "net_all": 0.4435, "net_2024on": 0.773, "sharpe_2024on": 1.754, "by_year": {"2022": 0.355, "2023": -0.353, "2024": 0.186, "2025": 0.505, "2026": 2.066}, "carry_mean": 0.4512, "cost_mean": 0.0665, "fires_total": 0, "gross_total_by_year": {"2022": 0.8388, "2023": 0.8552, "2024": 0.6215, "2025": 0.5383, "2026": 0.8156}, "gross_member_by_year": {"2022": 0.8388, "2023": 0.8552, "2024": 0.6215, "2025": 0.5383, "2026": 0.8156}, "gross_total_last500": 0.8151, "nsel_last500": 303.0, "turnover_mean": 0.02927, "net_ex_all": 0.3734, "net_ex_2024on": 0.7046, "sharpe_ex_2024on": 1.75, "by_year_ex": {"2022": 0.229, "2023": -0.377, "2024": 0.158, "2025": 0.383, "2026": 2.018}, "carry_ex_mean": 0.4393, "cost_ex_mean": 0.0693, "turnover_ex_mean": 0.06926, "netlong_mean": -0.0252, "netlong_by_year": {"2022": -0.0128, "2023": -0.0255, "2024": -0.0029, "2025": -0.0399, "2026": -0.0537}}
RECEIPT_EX S0 {"net_ex_all": 0.3734, "net_ex_2024on": 0.7046, "sharpe_ex_2024on": 1.75, "by_year_ex": {"2022": 0.229, "2023": -0.377, "2024": 0.158, "2025": 0.383, "2026": 2.018}, "carry_ex_mean": 0.4393, "cost_ex_mean": 0.0693, "turnover_ex_mean": 0.06926, "netlong_mean": -0.0252, "netlong_by_year": {"2022": -0.0128, "2023": -0.0255, "2024": -0.0029, "2025": -0.0399, "2026": -0.0537}}
run depth -0.3 2000 / 10176 18.3 s
run depth -0.3 4000 / 10176 20.4 s
run depth -0.3 6000 / 10176 22.8 s
run depth -0.3 8000 / 10176 25.4 s
run depth -0.3 10000 / 10176 28.2 s
NOTE d30_n2_c42: arm anchors 10037 vs ref 1 (差 -10036), 仅比较共同年份
RECEIPT d30_n2_c42 {"maxabs_diff_vs_pod_backup": NaN, "n": 10037, "first": "2022-01-31 00:00", "last": "2026-08-30 16:00", "net_all": 0.3724, "net_2024on": 0.7101, "sharpe_2024on": 1.583, "by_year": {"2022": 0.206, "2023": -0.375, "2024": 0.092, "2025": 0.392, "2026": 2.126}, "carry_mean": 0.4225, "cost_mean": 0.0662, "fires_total": 1895, "gross_total_by_year": {"2022": 0.8191, "2023": 0.8389, "2024": 0.6027, "2025": 0.5197, "2026": 0.7772}, "gross_member_by_year": {"2022": 0.8191, "2023": 0.8389, "2024": 0.6027, "2025": 0.5197, "2026": 0.7772}, "gross_total_last500": 0.7724, "nsel_last500": 303.0, "turnover_mean": 0.02899, "net_ex_all": 0.3478, "net_ex_2024on": 0.6711, "sharpe_ex_2024on": 1.794, "by_year_ex": {"2022": 0.205, "2023": -0.382, "2024": 0.121, "2025": 0.274, "2026": 2.103}, "carry_ex_mean": 0.4025, "cost_ex_mean": 0.0692, "turnover_ex_mean": 0.06924, "netlong_mean": -0.0298, "netlong_by_year": {"2022": -0.0231, "2023": -0.0204, "2024": -0.0016, "2025": -0.049, "2026": -0.0674}}
RECEIPT_EX d30_n2_c42 {"net_ex_all": 0.3478, "net_ex_2024on": 0.6711, "sharpe_ex_2024on": 1.794, "by_year_ex": {"2022": 0.205, "2023": -0.382, "2024": 0.121, "2025": 0.274, "2026": 2.103}, "carry_ex_mean": 0.4025, "cost_ex_mean": 0.0692, "turnover_ex_mean": 0.06924, "netlong_mean": -0.0298, "netlong_by_year": {"2022": -0.0231, "2023": -0.0204, "2024": -0.0016, "2025": -0.049, "2026": -0.0674}}
DONE 29.7 s
