CONFIG {"KMOD_F10": 0.0, "KMOD_L": 0.5, "KMOD_AGREE": 0.0, "SEATF10": 0, "KTAIL": 0, "KMOD": 0.0, "SEATNET": 0, "FUNDSCALE": 0, "FEMAT_NPZ": null, "SLOW_NPY": "/workspace/shadow_bundle_v3/slow_pred_pinned.npy", "W3FIX": "0.21,0,0.79", "MEMBERS_TOPN": 829, "TRADE_TOPN": 400, "FTRIM": "zero", "UMASK_NPZ": null, "LOOK": 900, "WRULE": "msharpe", "CAL": "log", "LEGS": "101", "PHI": 0.45, "FSEED": "42", "FPRED": "(default f10_V2MAIN_s{FSEED})"}
MEMBERS_TOPN=829: members rebuilt from qvk ranking
SLOW override: /workspace/shadow_bundle_v3/slow_pred_pinned.npy finite 0.241
F10 leg source: f10_V2MAIN_s42.npy
F10 OOS preds aligned: rows 10056/10176, cols 829/829, finite 0.2838
legs done 5.1 s
run depth None 2000 / 10176 6.6 s
run depth None 4000 / 10176 8.5 s
run depth None 6000 / 10176 10.7 s
run depth None 8000 / 10176 13.1 s
run depth None 10000 / 10176 15.7 s
NOTE S0: arm anchors 10037 vs ref 1 (差 -10036), 仅比较共同年份
RECEIPT S0 {"maxabs_diff_vs_pod_backup": NaN, "n": 10037, "first": "2022-01-31 00:00", "last": "2026-08-30 16:00", "net_all": 0.1878, "net_2024on": 0.4686, "sharpe_2024on": 0.896, "by_year": {"2022": -0.093, "2023": -0.303, "2024": -0.507, "2025": 0.229, "2026": 2.306}, "carry_mean": 0.5744, "cost_mean": 0.0358, "fires_total": 0, "gross_total_by_year": {"2022": 0.9155, "2023": 0.8908, "2024": 0.8823, "2025": 0.796, "2026": 0.8069}, "gross_member_by_year": {"2022": 0.9155, "2023": 0.8908, "2024": 0.8823, "2025": 0.796, "2026": 0.8069}, "gross_total_last500": 0.799, "nsel_last500": 303.0, "turnover_mean": 0.01522, "net_ex_all": 0.0832, "net_ex_2024on": 0.3363, "sharpe_ex_2024on": 0.672, "by_year_ex": {"2022": -0.189, "2023": -0.341, "2024": -0.733, "2025": 0.129, "2026": 2.268}, "carry_ex_mean": 0.5596, "cost_ex_mean": 0.0392, "turnover_ex_mean": 0.0392, "netlong_mean": -0.0366, "netlong_by_year": {"2022": -0.0256, "2023": -0.0188, "2024": -0.0215, "2025": -0.0704, "2026": -0.0506}}
RECEIPT_EX S0 {"net_ex_all": 0.0832, "net_ex_2024on": 0.3363, "sharpe_ex_2024on": 0.672, "by_year_ex": {"2022": -0.189, "2023": -0.341, "2024": -0.733, "2025": 0.129, "2026": 2.268}, "carry_ex_mean": 0.5596, "cost_ex_mean": 0.0392, "turnover_ex_mean": 0.0392, "netlong_mean": -0.0366, "netlong_by_year": {"2022": -0.0256, "2023": -0.0188, "2024": -0.0215, "2025": -0.0704, "2026": -0.0506}}
run depth -0.3 2000 / 10176 17.6 s
run depth -0.3 4000 / 10176 19.5 s
run depth -0.3 6000 / 10176 21.7 s
run depth -0.3 8000 / 10176 24.2 s
run depth -0.3 10000 / 10176 26.8 s
NOTE d30_n2_c42: arm anchors 10037 vs ref 1 (差 -10036), 仅比较共同年份
RECEIPT d30_n2_c42 {"maxabs_diff_vs_pod_backup": NaN, "n": 10037, "first": "2022-01-31 00:00", "last": "2026-08-30 16:00", "net_all": 0.1888, "net_2024on": 0.4386, "sharpe_2024on": 0.806, "by_year": {"2022": 0.023, "2023": -0.325, "2024": -0.7, "2025": 0.381, "2026": 2.25}, "carry_mean": 0.5272, "cost_mean": 0.0364, "fires_total": 2710, "gross_total_by_year": {"2022": 0.8872, "2023": 0.872, "2024": 0.844, "2025": 0.7477, "2026": 0.7621}, "gross_member_by_year": {"2022": 0.8872, "2023": 0.872, "2024": 0.844, "2025": 0.7477, "2026": 0.7621}, "gross_total_last500": 0.7535, "nsel_last500": 303.0, "turnover_mean": 0.01545, "net_ex_all": 0.1177, "net_ex_2024on": 0.3888, "sharpe_ex_2024on": 0.864, "by_year_ex": {"2022": -0.129, "2023": -0.378, "2024": -0.709, "2025": 0.252, "2026": 2.258}, "carry_ex_mean": 0.5001, "cost_ex_mean": 0.0402, "turnover_ex_mean": 0.04024, "netlong_mean": -0.0492, "netlong_by_year": {"2022": -0.038, "2023": -0.0123, "2024": -0.0268, "2025": -0.1027, "2026": -0.0733}}
RECEIPT_EX d30_n2_c42 {"net_ex_all": 0.1177, "net_ex_2024on": 0.3888, "sharpe_ex_2024on": 0.864, "by_year_ex": {"2022": -0.129, "2023": -0.378, "2024": -0.709, "2025": 0.252, "2026": 2.258}, "carry_ex_mean": 0.5001, "cost_ex_mean": 0.0402, "turnover_ex_mean": 0.04024, "netlong_mean": -0.0492, "netlong_by_year": {"2022": -0.038, "2023": -0.0123, "2024": -0.0268, "2025": -0.1027, "2026": -0.0733}}
DONE 27.9 s
