CONFIG {"KMOD_F10": 0.0, "KMOD_L": 0.5, "KMOD_AGREE": 0.0, "SEATF10": 0, "KTAIL": 0, "KMOD": 0.0, "SEATNET": 0, "FUNDSCALE": 0, "FEMAT_NPZ": null, "SLOW_NPY": "/workspace/shadow_bundle_v3/slow_pred_pinned.npy", "W3FIX": null, "MEMBERS_TOPN": 829, "TRADE_TOPN": 400, "FTRIM": "zero", "UMASK_NPZ": null, "LOOK": 900, "WRULE": "msharpe", "CAL": "log", "LEGS": "101", "PHI": 0.45, "FSEED": "42", "FPRED": "(default f10_V2MAIN_s{FSEED})"}
MEMBERS_TOPN=829: members rebuilt from qvk ranking
SLOW override: /workspace/shadow_bundle_v3/slow_pred_pinned.npy finite 0.241
F10 leg source: f10_V2MAIN_s42.npy
F10 OOS preds aligned: rows 10056/10176, cols 829/829, finite 0.2838
legs done 5.1 s
run depth None 2000 / 10176 6.7 s
run depth None 4000 / 10176 8.8 s
run depth None 6000 / 10176 11.2 s
run depth None 8000 / 10176 13.8 s
run depth None 10000 / 10176 16.6 s
NOTE S0: arm anchors 10037 vs ref 1 (差 -10036), 仅比较共同年份
RECEIPT S0 {"maxabs_diff_vs_pod_backup": NaN, "n": 10037, "first": "2022-01-31 00:00", "last": "2026-08-30 16:00", "net_all": 0.5117, "net_2024on": 0.8579, "sharpe_2024on": 1.939, "by_year": {"2022": 0.419, "2023": -0.326, "2024": 0.273, "2025": 0.518, "2026": 2.255}, "carry_mean": 0.4561, "cost_mean": 0.0642, "fires_total": 0, "gross_total_by_year": {"2022": 0.8388, "2023": 0.856, "2024": 0.635, "2025": 0.549, "2026": 0.8161}, "gross_member_by_year": {"2022": 0.8388, "2023": 0.856, "2024": 0.635, "2025": 0.549, "2026": 0.8161}, "gross_total_last500": 0.8128, "nsel_last500": 303.0, "turnover_mean": 0.02827, "net_ex_all": 0.4493, "net_ex_2024on": 0.7987, "sharpe_ex_2024on": 1.998, "by_year_ex": {"2022": 0.297, "2023": -0.342, "2024": 0.234, "2025": 0.425, "2026": 2.218}, "carry_ex_mean": 0.4437, "cost_ex_mean": 0.067, "turnover_ex_mean": 0.06702, "netlong_mean": -0.0261, "netlong_by_year": {"2022": -0.0128, "2023": -0.0253, "2024": -0.0045, "2025": -0.0419, "2026": -0.0543}}
RECEIPT_EX S0 {"net_ex_all": 0.4493, "net_ex_2024on": 0.7987, "sharpe_ex_2024on": 1.998, "by_year_ex": {"2022": 0.297, "2023": -0.342, "2024": 0.234, "2025": 0.425, "2026": 2.218}, "carry_ex_mean": 0.4437, "cost_ex_mean": 0.067, "turnover_ex_mean": 0.06702, "netlong_mean": -0.0261, "netlong_by_year": {"2022": -0.0128, "2023": -0.0253, "2024": -0.0045, "2025": -0.0419, "2026": -0.0543}}
run depth -0.3 2000 / 10176 18.6 s
run depth -0.3 4000 / 10176 20.7 s
run depth -0.3 6000 / 10176 23.1 s
run depth -0.3 8000 / 10176 25.8 s
run depth -0.3 10000 / 10176 28.7 s
NOTE d30_n2_c42: arm anchors 10037 vs ref 1 (差 -10036), 仅比较共同年份
RECEIPT d30_n2_c42 {"maxabs_diff_vs_pod_backup": NaN, "n": 10037, "first": "2022-01-31 00:00", "last": "2026-08-30 16:00", "net_all": 0.4301, "net_2024on": 0.7678, "sharpe_2024on": 1.709, "by_year": {"2022": 0.282, "2023": -0.334, "2024": 0.162, "2025": 0.457, "2026": 2.154}, "carry_mean": 0.428, "cost_mean": 0.064, "fires_total": 1839, "gross_total_by_year": {"2022": 0.8196, "2023": 0.8388, "2024": 0.616, "2025": 0.5314, "2026": 0.7791}, "gross_member_by_year": {"2022": 0.8196, "2023": 0.8388, "2024": 0.616, "2025": 0.5314, "2026": 0.7791}, "gross_total_last500": 0.772, "nsel_last500": 303.0, "turnover_mean": 0.02803, "net_ex_all": 0.4139, "net_ex_2024on": 0.7434, "sharpe_ex_2024on": 1.989, "by_year_ex": {"2022": 0.275, "2023": -0.337, "2024": 0.182, "2025": 0.362, "2026": 2.17}, "carry_ex_mean": 0.4076, "cost_ex_mean": 0.067, "turnover_ex_mean": 0.06704, "netlong_mean": -0.0301, "netlong_by_year": {"2022": -0.0224, "2023": -0.0202, "2024": -0.0034, "2025": -0.0495, "2026": -0.0669}}
RECEIPT_EX d30_n2_c42 {"net_ex_all": 0.4139, "net_ex_2024on": 0.7434, "sharpe_ex_2024on": 1.989, "by_year_ex": {"2022": 0.275, "2023": -0.337, "2024": 0.182, "2025": 0.362, "2026": 2.17}, "carry_ex_mean": 0.4076, "cost_ex_mean": 0.067, "turnover_ex_mean": 0.06704, "netlong_mean": -0.0301, "netlong_by_year": {"2022": -0.0224, "2023": -0.0202, "2024": -0.0034, "2025": -0.0495, "2026": -0.0669}}
DONE 30.1 s
