CONFIG {"KMOD_F10": 0.0, "KMOD_L": 0.5, "KMOD_AGREE": 0.0, "SEATF10": 0, "KTAIL": 0, "KMOD": 0.0, "SEATNET": 0, "FUNDSCALE": 0, "FEMAT_NPZ": null, "SLOW_NPY": "/workspace/shadow_bundle_v3/slow_pred_pinned.npy", "W3FIX": "0.21,0,0.79", "MEMBERS_TOPN": 829, "TRADE_TOPN": 400, "FTRIM": "zero", "UMASK_NPZ": null, "LOOK": 900, "WRULE": "msharpe", "CAL": "log", "LEGS": "101", "PHI": 0.45, "FSEED": "42", "FPRED": "(default f10_V2MAIN_s{FSEED})"}
MEMBERS_TOPN=829: members rebuilt from qvk ranking
SLOW override: /workspace/shadow_bundle_v3/slow_pred_pinned.npy finite 0.241
F10 leg source: f10_V2MAIN_s42.npy
F10 OOS preds aligned: rows 10056/10176, cols 829/829, finite 0.2838
legs done 5.1 s
run depth None 2000 / 10176 6.7 s
run depth None 4000 / 10176 8.5 s
run depth None 6000 / 10176 10.8 s
run depth None 8000 / 10176 13.2 s
run depth None 10000 / 10176 15.8 s
NOTE S0: arm anchors 10037 vs ref 1 (差 -10036), 仅比较共同年份
RECEIPT S0 {"maxabs_diff_vs_pod_backup": NaN, "n": 10037, "first": "2022-01-31 00:00", "last": "2026-08-30 16:00", "net_all": 0.2364, "net_2024on": 0.5276, "sharpe_2024on": 1.019, "by_year": {"2022": -0.049, "2023": -0.277, "2024": -0.448, "2025": 0.214, "2026": 2.478}, "carry_mean": 0.5744, "cost_mean": 0.0358, "fires_total": 0, "gross_total_by_year": {"2022": 0.9155, "2023": 0.8908, "2024": 0.8823, "2025": 0.796, "2026": 0.8069}, "gross_member_by_year": {"2022": 0.9155, "2023": 0.8908, "2024": 0.8823, "2025": 0.796, "2026": 0.8069}, "gross_total_last500": 0.799, "nsel_last500": 303.0, "turnover_mean": 0.01522, "net_ex_all": 0.1436, "net_ex_2024on": 0.4124, "sharpe_ex_2024on": 0.837, "by_year_ex": {"2022": -0.141, "2023": -0.312, "2024": -0.677, "2025": 0.155, "2026": 2.45}, "carry_ex_mean": 0.5596, "cost_ex_mean": 0.0392, "turnover_ex_mean": 0.0392, "netlong_mean": -0.0366, "netlong_by_year": {"2022": -0.0256, "2023": -0.0188, "2024": -0.0215, "2025": -0.0704, "2026": -0.0506}}
RECEIPT_EX S0 {"net_ex_all": 0.1436, "net_ex_2024on": 0.4124, "sharpe_ex_2024on": 0.837, "by_year_ex": {"2022": -0.141, "2023": -0.312, "2024": -0.677, "2025": 0.155, "2026": 2.45}, "carry_ex_mean": 0.5596, "cost_ex_mean": 0.0392, "turnover_ex_mean": 0.0392, "netlong_mean": -0.0366, "netlong_by_year": {"2022": -0.0256, "2023": -0.0188, "2024": -0.0215, "2025": -0.0704, "2026": -0.0506}}
run depth -0.3 2000 / 10176 17.7 s
run depth -0.3 4000 / 10176 19.7 s
run depth -0.3 6000 / 10176 21.9 s
run depth -0.3 8000 / 10176 24.4 s
run depth -0.3 10000 / 10176 27.1 s
NOTE d30_n2_c42: arm anchors 10037 vs ref 1 (差 -10036), 仅比较共同年份
RECEIPT d30_n2_c42 {"maxabs_diff_vs_pod_backup": NaN, "n": 10037, "first": "2022-01-31 00:00", "last": "2026-08-30 16:00", "net_all": 0.239, "net_2024on": 0.4979, "sharpe_2024on": 0.926, "by_year": {"2022": 0.061, "2023": -0.287, "2024": -0.61, "2025": 0.397, "2026": 2.326}, "carry_mean": 0.529, "cost_mean": 0.0364, "fires_total": 2628, "gross_total_by_year": {"2022": 0.8869, "2023": 0.8717, "2024": 0.8451, "2025": 0.7491, "2026": 0.7654}, "gross_member_by_year": {"2022": 0.8869, "2023": 0.8717, "2024": 0.8451, "2025": 0.7491, "2026": 0.7654}, "gross_total_last500": 0.7564, "nsel_last500": 303.0, "turnover_mean": 0.01544, "net_ex_all": 0.1725, "net_ex_2024on": 0.4563, "sharpe_ex_2024on": 1.022, "by_year_ex": {"2022": -0.082, "2023": -0.351, "2024": -0.661, "2025": 0.308, "2026": 2.372}, "carry_ex_mean": 0.5025, "cost_ex_mean": 0.0402, "turnover_ex_mean": 0.04016, "netlong_mean": -0.0481, "netlong_by_year": {"2022": -0.039, "2023": -0.0123, "2024": -0.0258, "2025": -0.1001, "2026": -0.07}}
RECEIPT_EX d30_n2_c42 {"net_ex_all": 0.1725, "net_ex_2024on": 0.4563, "sharpe_ex_2024on": 1.022, "by_year_ex": {"2022": -0.082, "2023": -0.351, "2024": -0.661, "2025": 0.308, "2026": 2.372}, "carry_ex_mean": 0.5025, "cost_ex_mean": 0.0402, "turnover_ex_mean": 0.04016, "netlong_mean": -0.0481, "netlong_by_year": {"2022": -0.039, "2023": -0.0123, "2024": -0.0258, "2025": -0.1001, "2026": -0.07}}
DONE 28.2 s
