BITWISE gap_6 base_w3fix vs port: rec array_equal True max|Δ net_ex| 0.0
BITWISE gap_6 base_dyn vs port: rec array_equal True max|Δ net_ex| 0.0
BITWISE gap_6 base_w3fix vs refute_C6_2 base: rec array_equal True
BITWISE gap_6 base_dyn vs refute_C6_2 base: rec array_equal True
===== base_w3fix | CONFIG CAL= log W3FIX= 0.21,0,0.79 MEMBERS_TOPN= 829 TRADE_TOPN= 400 FTRIM= zero LEGS= 101 n anchors 10038
  2024           n=2196 mean=-0.6421 S=-1.682 maxDD=1815 | pnl -0.2682 carry 0.3402 cost 0.0337 gross 0.847 w3k 0.210 | /gross mean/mean(g)=-0.7585 (-16.6%/yr, 2x -33.2%) mean(a/g)=-0.7418 (-16.2%/yr) | worst month -717 bps (202411)
  2025           n=2190 mean=+0.2844 S=0.673 maxDD=902 | pnl +1.0048 carry 0.6783 cost 0.0422 gross 0.750 w3k 0.210 | /gross mean/mean(g)=+0.3790 (+8.3%/yr, 2x +16.6%) mean(a/g)=+0.4421 (+9.7%/yr) | worst month -635 bps (202501)
  2026 all       n=1452 mean=+2.3780 S=4.209 maxDD=774 | pnl +3.3627 carry 0.9157 cost 0.0691 gross 0.767 w3k 0.210 | /gross mean/mean(g)=+3.0986 (+67.9%/yr, 2x +135.7%) mean(a/g)=+3.0993 (+67.9%/yr) | worst month -252 bps (202608)
  2026<=08-10    n=1332 mean=+2.9107 S=5.164 maxDD=458 | pnl +3.8942 carry 0.9155 cost 0.0679 gross 0.768 w3k 0.210 | /gross mean/mean(g)=+3.7893 (+83.0%/yr, 2x +166.0%) mean(a/g)=+3.7761 (+82.7%/yr) | worst month +171 bps (202602)
  2024on         n=5838 mean=+0.4566 S=1.017 maxDD=2614 | pnl +1.1124 carry 0.6101 cost 0.0457 gross 0.791 w3k 0.210 | /gross mean/mean(g)=+0.5774 (+12.6%/yr, 2x +25.3%) mean(a/g)=+0.6576 (+14.4%/yr) | worst month -717 bps (202411)
  2024on<=08-10  n=5718 mean=+0.5404 S=1.211 maxDD=2614 | pnl +1.1890 carry 0.6037 cost 0.0449 gross 0.791 w3k 0.210 | /gross mean/mean(g)=+0.6828 (+15.0%/yr, 2x +29.9%) mean(a/g)=+0.7641 (+16.7%/yr) | worst month -717 bps (202411)
===== base_dyn | CONFIG CAL= log W3FIX= None MEMBERS_TOPN= 829 TRADE_TOPN= 400 FTRIM= zero LEGS= 101 n anchors 10038
  2024           n=2196 mean=+0.1489 S=0.533 maxDD=795 | pnl +0.3980 carry 0.1665 cost 0.0825 gross 0.602 w3k 0.639 | /gross mean/mean(g)=+0.2473 (+5.4%/yr, 2x +10.8%) mean(a/g)=+0.6357 (+13.9%/yr) | worst month -363 bps (202404)
  2025           n=2190 mean=+0.3590 S=1.146 maxDD=418 | pnl +0.9101 carry 0.4474 cost 0.1037 gross 0.531 w3k 0.673 | /gross mean/mean(g)=+0.6756 (+14.8%/yr, 2x +29.6%) mean(a/g)=+0.7005 (+15.3%/yr) | worst month -294 bps (202512)
  2026 all       n=1452 mean=+2.0132 S=3.842 maxDD=771 | pnl +3.0195 carry 0.9164 cost 0.0899 gross 0.779 w3k 0.361 | /gross mean/mean(g)=+2.5838 (+56.6%/yr, 2x +113.2%) mean(a/g)=+2.5912 (+56.7%/yr) | worst month -294 bps (202608)
  2026<=08-10    n=1332 mean=+2.5118 S=4.832 maxDD=452 | pnl +3.5180 carry 0.9160 cost 0.0902 gross 0.781 w3k 0.368 | /gross mean/mean(g)=+3.2180 (+70.5%/yr, 2x +140.9%) mean(a/g)=+3.2093 (+70.3%/yr) | worst month +104 bps (202602)
  2024on         n=5838 mean=+0.6914 S=1.884 maxDD=795 | pnl +1.2421 carry 0.4584 cost 0.0923 gross 0.620 w3k 0.583 | /gross mean/mean(g)=+1.1159 (+24.4%/yr, 2x +48.9%) mean(a/g)=+1.1464 (+25.1%/yr) | worst month -363 bps (202404)
  2024on<=08-10  n=5718 mean=+0.7798 S=2.155 maxDD=795 | pnl +1.3209 carry 0.4487 cost 0.0924 gross 0.617 w3k 0.589 | /gross mean/mean(g)=+1.2648 (+27.7%/yr, 2x +55.4%) mean(a/g)=+1.2600 (+27.6%/yr) | worst month -363 bps (202404)
===== newsum_w3fix | CONFIG CAL= log W3FIX= 0.21,0,0.79 MEMBERS_TOPN= 829 TRADE_TOPN= 400 FTRIM= zero LEGS= 101 n anchors 10038
  2024           n=2196 mean=-0.6329 S=-1.659 maxDD=1802 | pnl -0.2592 carry 0.3400 cost 0.0337 gross 0.846 w3k 0.210 | /gross mean/mean(g)=-0.7485 (-16.4%/yr, 2x -32.8%) mean(a/g)=-0.7302 (-16.0%/yr) | worst month -705 bps (202411)
  2025           n=2190 mean=+0.3138 S=0.738 maxDD=908 | pnl +1.0329 carry 0.6768 cost 0.0422 gross 0.751 w3k 0.210 | /gross mean/mean(g)=+0.4181 (+9.2%/yr, 2x +18.3%) mean(a/g)=+0.4793 (+10.5%/yr) | worst month -628 bps (202501)
  2026 all       n=1452 mean=+2.3595 S=4.171 maxDD=805 | pnl +3.3430 carry 0.9146 cost 0.0689 gross 0.769 w3k 0.210 | /gross mean/mean(g)=+3.0692 (+67.2%/yr, 2x +134.4%) mean(a/g)=+3.0790 (+67.4%/yr) | worst month -296 bps (202608)
  2026<=08-10    n=1332 mean=+2.9195 S=5.189 maxDD=464 | pnl +3.9016 carry 0.9143 cost 0.0679 gross 0.769 w3k 0.210 | /gross mean/mean(g)=+3.7952 (+83.1%/yr, 2x +166.2%) mean(a/g)=+3.7812 (+82.8%/yr) | worst month +155 bps (202602)
  2024on         n=5838 mean=+0.4665 S=1.036 maxDD=2605 | pnl +1.1214 carry 0.6093 cost 0.0457 gross 0.791 w3k 0.210 | /gross mean/mean(g)=+0.5899 (+12.9%/yr, 2x +25.8%) mean(a/g)=+0.6709 (+14.7%/yr) | worst month -705 bps (202411)
  2024on<=08-10  n=5718 mean=+0.5572 S=1.247 maxDD=2605 | pnl +1.2049 carry 0.6028 cost 0.0449 gross 0.791 w3k 0.210 | /gross mean/mean(g)=+0.7041 (+15.4%/yr, 2x +30.8%) mean(a/g)=+0.7840 (+17.2%/yr) | worst month -705 bps (202411)
===== newprod_w3fix | CONFIG CAL= log W3FIX= 0.21,0,0.79 MEMBERS_TOPN= 829 TRADE_TOPN= 400 FTRIM= zero LEGS= 101 n anchors 10038
  2024           n=2196 mean=-0.7089 S=-1.855 maxDD=1913 | pnl -0.3369 carry 0.3383 cost 0.0337 gross 0.844 w3k 0.210 | /gross mean/mean(g)=-0.8395 (-18.4%/yr, 2x -36.8%) mean(a/g)=-0.8209 (-18.0%/yr) | worst month -757 bps (202411)
  2025           n=2190 mean=+0.2538 S=0.586 maxDD=849 | pnl +0.9679 carry 0.6719 cost 0.0423 gross 0.749 w3k 0.210 | /gross mean/mean(g)=+0.3387 (+7.4%/yr, 2x +14.8%) mean(a/g)=+0.4078 (+8.9%/yr) | worst month -575 bps (202501)
  2026 all       n=1452 mean=+2.3236 S=4.132 maxDD=754 | pnl +3.2921 carry 0.8991 cost 0.0694 gross 0.763 w3k 0.210 | /gross mean/mean(g)=+3.0458 (+66.7%/yr, 2x +133.4%) mean(a/g)=+3.0588 (+67.0%/yr) | worst month -238 bps (202608)
  2026<=08-10    n=1332 mean=+2.8329 S=5.046 maxDD=352 | pnl +3.7979 carry 0.8967 cost 0.0684 gross 0.763 w3k 0.210 | /gross mean/mean(g)=+3.7141 (+81.3%/yr, 2x +162.7%) mean(a/g)=+3.7024 (+81.1%/yr) | worst month +162 bps (202608)
  2024on         n=5838 mean=+0.4065 S=0.899 maxDD=2657 | pnl +1.0552 carry 0.6029 cost 0.0458 gross 0.788 w3k 0.210 | /gross mean/mean(g)=+0.5155 (+11.3%/yr, 2x +22.6%) mean(a/g)=+0.6050 (+13.2%/yr) | worst month -757 bps (202411)
  2024on<=08-10  n=5718 mean=+0.4849 S=1.079 maxDD=2657 | pnl +1.1260 carry 0.5961 cost 0.0451 gross 0.789 w3k 0.210 | /gross mean/mean(g)=+0.6146 (+13.5%/yr, 2x +26.9%) mean(a/g)=+0.7034 (+15.4%/yr) | worst month -757 bps (202411)
===== newsum_dyn | CONFIG CAL= log W3FIX= None MEMBERS_TOPN= 829 TRADE_TOPN= 400 FTRIM= zero LEGS= 101 n anchors 10038
  2024           n=2196 mean=+0.1735 S=0.623 maxDD=771 | pnl +0.4277 carry 0.1720 cost 0.0822 gross 0.609 w3k 0.627 | /gross mean/mean(g)=+0.2848 (+6.2%/yr, 2x +12.5%) mean(a/g)=+0.6956 (+15.2%/yr) | worst month -381 bps (202404)
  2025           n=2190 mean=+0.4120 S=1.303 maxDD=395 | pnl +0.9639 carry 0.4489 cost 0.1030 gross 0.535 w3k 0.667 | /gross mean/mean(g)=+0.7700 (+16.9%/yr, 2x +33.7%) mean(a/g)=+0.8162 (+17.9%/yr) | worst month -281 bps (202512)
  2026 all       n=1452 mean=+2.0364 S=3.868 maxDD=784 | pnl +3.0437 carry 0.9180 cost 0.0893 gross 0.781 w3k 0.359 | /gross mean/mean(g)=+2.6087 (+57.1%/yr, 2x +114.3%) mean(a/g)=+2.6172 (+57.3%/yr) | worst month -295 bps (202608)
  2026<=08-10    n=1332 mean=+2.5498 S=4.898 maxDD=455 | pnl +3.5570 carry 0.9175 cost 0.0897 gross 0.782 w3k 0.366 | /gross mean/mean(g)=+3.2614 (+71.4%/yr, 2x +142.9%) mean(a/g)=+3.2473 (+71.1%/yr) | worst month +106 bps (202602)
  2024on         n=5838 mean=+0.7263 S=1.970 maxDD=784 | pnl +1.2795 carry 0.4614 cost 0.0918 gross 0.624 w3k 0.575 | /gross mean/mean(g)=+1.1640 (+25.5%/yr, 2x +51.0%) mean(a/g)=+1.2188 (+26.7%/yr) | worst month -381 bps (202404)
  2024on<=08-10  n=5718 mean=+0.8184 S=2.256 maxDD=771 | pnl +1.3620 carry 0.4517 cost 0.0919 gross 0.621 w3k 0.581 | /gross mean/mean(g)=+1.3180 (+28.9%/yr, 2x +57.7%) mean(a/g)=+1.3362 (+29.3%/yr) | worst month -381 bps (202404)
===== newprod_dyn | CONFIG CAL= log W3FIX= None MEMBERS_TOPN= 829 TRADE_TOPN= 400 FTRIM= zero LEGS= 101 n anchors 10038
  2024           n=2196 mean=+0.1155 S=0.426 maxDD=967 | pnl +0.3588 carry 0.1564 cost 0.0869 gross 0.584 w3k 0.682 | /gross mean/mean(g)=+0.1979 (+4.3%/yr, 2x +8.7%) mean(a/g)=+0.6374 (+14.0%/yr) | worst month -375 bps (202404)
  2025           n=2190 mean=+0.3391 S=1.062 maxDD=413 | pnl +0.8807 carry 0.4360 cost 0.1057 gross 0.524 w3k 0.687 | /gross mean/mean(g)=+0.6468 (+14.2%/yr, 2x +28.3%) mean(a/g)=+0.7459 (+16.3%/yr) | worst month -275 bps (202512)
  2026 all       n=1452 mean=+2.0682 S=3.999 maxDD=737 | pnl +3.0596 carry 0.8991 cost 0.0922 gross 0.773 w3k 0.375 | /gross mean/mean(g)=+2.6745 (+58.6%/yr, 2x +117.1%) mean(a/g)=+2.6920 (+59.0%/yr) | worst month -261 bps (202608)
  2026<=08-10    n=1332 mean=+2.5427 S=4.953 maxDD=345 | pnl +3.5318 carry 0.8964 cost 0.0927 gross 0.774 w3k 0.382 | /gross mean/mean(g)=+3.2865 (+72.0%/yr, 2x +143.9%) mean(a/g)=+3.2752 (+71.7%/yr) | worst month +107 bps (202602)
  2024on         n=5838 mean=+0.6850 S=1.881 maxDD=967 | pnl +1.2263 carry 0.4460 cost 0.0953 gross 0.609 w3k 0.608 | /gross mean/mean(g)=+1.1258 (+24.7%/yr, 2x +49.3%) mean(a/g)=+1.1891 (+26.0%/yr) | worst month -375 bps (202404)
  2024on<=08-10  n=5718 mean=+0.7665 S=2.134 maxDD=967 | pnl +1.2979 carry 0.4359 cost 0.0954 gross 0.605 w3k 0.614 | /gross mean/mean(g)=+1.2667 (+27.7%/yr, 2x +55.5%) mean(a/g)=+1.2934 (+28.3%/yr) | worst month -375 bps (202404)
===== shiftsum_w3fix | CONFIG CAL= log W3FIX= 0.21,0,0.79 MEMBERS_TOPN= 829 TRADE_TOPN= 400 FTRIM= zero LEGS= 101 n anchors 10037
  2024           n=2196 mean=-0.6611 S=-1.737 maxDD=1856 | pnl -0.2874 carry 0.3400 cost 0.0337 gross 0.845 w3k 0.210 | /gross mean/mean(g)=-0.7823 (-17.1%/yr, 2x -34.3%) mean(a/g)=-0.7649 (-16.8%/yr) | worst month -713 bps (202411)
  2025           n=2190 mean=+0.3078 S=0.721 maxDD=876 | pnl +1.0244 carry 0.6743 cost 0.0423 gross 0.749 w3k 0.210 | /gross mean/mean(g)=+0.4109 (+9.0%/yr, 2x +18.0%) mean(a/g)=+0.4719 (+10.3%/yr) | worst month -618 bps (202501)
  2026 all       n=1451 mean=+2.3716 S=4.290 maxDD=779 | pnl +3.3456 carry 0.9049 cost 0.0691 gross 0.765 w3k 0.210 | /gross mean/mean(g)=+3.0987 (+67.9%/yr, 2x +135.7%) mean(a/g)=+3.1105 (+68.1%/yr) | worst month -258 bps (202608)
  2026<=08-10    n=1332 mean=+2.8887 S=5.222 maxDD=450 | pnl +3.8607 carry 0.9040 cost 0.0680 gross 0.766 w3k 0.210 | /gross mean/mean(g)=+3.7731 (+82.6%/yr, 2x +165.3%) mean(a/g)=+3.7631 (+82.4%/yr) | worst month +112 bps (202602)
  2024on         n=5837 mean=+0.4563 S=1.022 maxDD=2624 | pnl +1.1079 carry 0.6058 cost 0.0457 gross 0.789 w3k 0.210 | /gross mean/mean(g)=+0.5782 (+12.7%/yr, 2x +25.3%) mean(a/g)=+0.6625 (+14.5%/yr) | worst month -713 bps (202411)
  2024on<=08-10  n=5718 mean=+0.5369 S=1.208 maxDD=2624 | pnl +1.1813 carry 0.5994 cost 0.0450 gross 0.790 w3k 0.210 | /gross mean/mean(g)=+0.6798 (+14.9%/yr, 2x +29.8%) mean(a/g)=+0.7636 (+16.7%/yr) | worst month -713 bps (202411)
===== shiftprod_w3fix | CONFIG CAL= log W3FIX= 0.21,0,0.79 MEMBERS_TOPN= 829 TRADE_TOPN= 400 FTRIM= zero LEGS= 101 n anchors 10037
  2024           n=2196 mean=-0.7093 S=-1.860 maxDD=1930 | pnl -0.3371 carry 0.3385 cost 0.0338 gross 0.844 w3k 0.210 | /gross mean/mean(g)=-0.8405 (-18.4%/yr, 2x -36.8%) mean(a/g)=-0.8248 (-18.1%/yr) | worst month -746 bps (202411)
  2025           n=2190 mean=+0.2516 S=0.575 maxDD=807 | pnl +0.9633 carry 0.6693 cost 0.0424 gross 0.748 w3k 0.210 | /gross mean/mean(g)=+0.3365 (+7.4%/yr, 2x +14.7%) mean(a/g)=+0.4037 (+8.8%/yr) | worst month -565 bps (202501)
  2026 all       n=1451 mean=+2.2580 S=4.094 maxDD=762 | pnl +3.2240 carry 0.8965 cost 0.0694 gross 0.762 w3k 0.210 | /gross mean/mean(g)=+2.9629 (+64.9%/yr, 2x +129.8%) mean(a/g)=+2.9788 (+65.2%/yr) | worst month -255 bps (202608)
  2026<=08-10    n=1332 mean=+2.7514 S=4.985 maxDD=384 | pnl +3.7140 carry 0.8943 cost 0.0684 gross 0.762 w3k 0.210 | /gross mean/mean(g)=+3.6112 (+79.1%/yr, 2x +158.2%) mean(a/g)=+3.5988 (+78.8%/yr) | worst month +134 bps (202608)
  2024on         n=5837 mean=+0.3888 S=0.864 maxDD=2634 | pnl +1.0361 carry 0.6013 cost 0.0459 gross 0.787 w3k 0.210 | /gross mean/mean(g)=+0.4938 (+10.8%/yr, 2x +21.6%) mean(a/g)=+0.5816 (+12.7%/yr) | worst month -746 bps (202411)
  2024on<=08-10  n=5718 mean=+0.4649 S=1.037 maxDD=2634 | pnl +1.1047 carry 0.5947 cost 0.0451 gross 0.788 w3k 0.210 | /gross mean/mean(g)=+0.5899 (+12.9%/yr, 2x +25.8%) mean(a/g)=+0.6762 (+14.8%/yr) | worst month -746 bps (202411)
===== shiftsum_dyn | CONFIG CAL= log W3FIX= None MEMBERS_TOPN= 829 TRADE_TOPN= 400 FTRIM= zero LEGS= 101 n anchors 10037
  2024           n=2196 mean=+0.1816 S=0.636 maxDD=705 | pnl +0.4299 carry 0.1758 cost 0.0725 gross 0.616 w3k 0.521 | /gross mean/mean(g)=+0.2948 (+6.5%/yr, 2x +12.9%) mean(a/g)=+0.6974 (+15.3%/yr) | worst month -352 bps (202404)
  2025           n=2190 mean=+0.3617 S=1.116 maxDD=387 | pnl +0.9037 carry 0.4420 cost 0.1000 gross 0.531 w3k 0.643 | /gross mean/mean(g)=+0.6807 (+14.9%/yr, 2x +29.8%) mean(a/g)=+0.6762 (+14.8%/yr) | worst month -333 bps (202512)
  2026 all       n=1451 mean=+2.1696 S=4.110 maxDD=793 | pnl +3.1599 carry 0.9082 cost 0.0821 gross 0.779 w3k 0.308 | /gross mean/mean(g)=+2.7849 (+61.0%/yr, 2x +122.0%) mean(a/g)=+2.7837 (+61.0%/yr) | worst month -290 bps (202608)
  2026<=08-10    n=1332 mean=+2.6765 S=5.081 maxDD=461 | pnl +3.6658 carry 0.9073 cost 0.0819 gross 0.780 w3k 0.313 | /gross mean/mean(g)=+3.4303 (+75.1%/yr, 2x +150.2%) mean(a/g)=+3.4150 (+74.8%/yr) | worst month +122 bps (202602)
  2024on         n=5837 mean=+0.7434 S=1.989 maxDD=793 | pnl +1.2863 carry 0.4577 cost 0.0852 gross 0.625 w3k 0.514 | /gross mean/mean(g)=+1.1898 (+26.1%/yr, 2x +52.1%) mean(a/g)=+1.2081 (+26.5%/yr) | worst month -352 bps (202404)
  2024on<=08-10  n=5718 mean=+0.8318 S=2.250 maxDD=705 | pnl +1.3652 carry 0.4482 cost 0.0852 gross 0.622 w3k 0.519 | /gross mean/mean(g)=+1.3376 (+29.3%/yr, 2x +58.6%) mean(a/g)=+1.3223 (+29.0%/yr) | worst month -352 bps (202404)
===== shiftprod_dyn | CONFIG CAL= log W3FIX= None MEMBERS_TOPN= 829 TRADE_TOPN= 400 FTRIM= zero LEGS= 101 n anchors 10037
  2024           n=2196 mean=+0.1212 S=0.424 maxDD=892 | pnl +0.3707 carry 0.1711 cost 0.0784 gross 0.603 w3k 0.571 | /gross mean/mean(g)=+0.2012 (+4.4%/yr, 2x +8.8%) mean(a/g)=+0.6374 (+14.0%/yr) | worst month -358 bps (202404)
  2025           n=2190 mean=+0.2737 S=0.834 maxDD=412 | pnl +0.8026 carry 0.4269 cost 0.1021 gross 0.520 w3k 0.660 | /gross mean/mean(g)=+0.5266 (+11.5%/yr, 2x +23.1%) mean(a/g)=+0.5708 (+12.5%/yr) | worst month -300 bps (202512)
  2026 all       n=1451 mean=+2.1030 S=4.006 maxDD=771 | pnl +3.0902 carry 0.9024 cost 0.0848 gross 0.777 w3k 0.327 | /gross mean/mean(g)=+2.7058 (+59.3%/yr, 2x +118.5%) mean(a/g)=+2.7164 (+59.5%/yr) | worst month -285 bps (202608)
  2026<=08-10    n=1332 mean=+2.5822 S=4.935 maxDD=386 | pnl +3.5671 carry 0.9003 cost 0.0847 gross 0.778 w3k 0.331 | /gross mean/mean(g)=+3.3189 (+72.7%/yr, 2x +145.4%) mean(a/g)=+3.3054 (+72.4%/yr) | worst month +104 bps (202608)
  2024on         n=5837 mean=+0.6711 S=1.794 maxDD=892 | pnl +1.2088 carry 0.4489 cost 0.0889 gross 0.615 w3k 0.544 | /gross mean/mean(g)=+1.0913 (+23.9%/yr, 2x +47.8%) mean(a/g)=+1.1292 (+24.7%/yr) | worst month -358 bps (202404)
  2024on<=08-10  n=5718 mean=+0.7529 S=2.035 maxDD=892 | pnl +1.2807 carry 0.4389 cost 0.0889 gross 0.612 w3k 0.549 | /gross mean/mean(g)=+1.2307 (+27.0%/yr, 2x +53.9%) mean(a/g)=+1.2334 (+27.0%/yr) | worst month -358 bps (202404)

===== SHIFT EFFECT (shifted [E+6,E+53] minus unshifted (E,E+4h]); retention = shifted/unshifted mean
--- w3fix SUM
  2024           unshift -0.6329 (S -1.659, DD 1802) -> shift -0.6611 (S -1.737, DD 1856)  Δ -0.0282  ΔS -0.078  retention 104%  | Δpnl -0.0281 Δcarry +0.0000 Δcost +0.0000 Δgross -0.0005
  2025           unshift +0.3138 (S 0.738, DD 908) -> shift +0.3078 (S 0.721, DD 876)  Δ -0.0060  ΔS -0.017  retention 98%  | Δpnl -0.0085 Δcarry -0.0025 Δcost +0.0000 Δgross -0.0014
  2026 all       unshift +2.3595 (S 4.171, DD 805) -> shift +2.3716 (S 4.290, DD 779)  Δ +0.0122  ΔS +0.119  retention 101%  | Δpnl +0.0026 Δcarry -0.0097 Δcost +0.0002 Δgross -0.0034
  2026<=08-10    unshift +2.9195 (S 5.189, DD 464) -> shift +2.8887 (S 5.222, DD 450)  Δ -0.0308  ΔS +0.033  retention 99%  | Δpnl -0.0409 Δcarry -0.0103 Δcost +0.0002 Δgross -0.0037
  2024on         unshift +0.4665 (S 1.036, DD 2605) -> shift +0.4563 (S 1.022, DD 2624)  Δ -0.0102  ΔS -0.014  retention 98%  | Δpnl -0.0135 Δcarry -0.0034 Δcost +0.0001 Δgross -0.0016
  2024on<=08-10  unshift +0.5572 (S 1.247, DD 2605) -> shift +0.5369 (S 1.208, DD 2624)  Δ -0.0203  ΔS -0.039  retention 96%  | Δpnl -0.0236 Δcarry -0.0034 Δcost +0.0001 Δgross -0.0016
--- w3fix PROD
  2024           unshift -0.7089 (S -1.855, DD 1913) -> shift -0.7093 (S -1.860, DD 1930)  Δ -0.0005  ΔS -0.005  retention 100%  | Δpnl -0.0002 Δcarry +0.0003 Δcost +0.0000 Δgross -0.0004
  2025           unshift +0.2538 (S 0.586, DD 849) -> shift +0.2516 (S 0.575, DD 807)  Δ -0.0022  ΔS -0.012  retention 99%  | Δpnl -0.0046 Δcarry -0.0026 Δcost +0.0001 Δgross -0.0015
  2026 all       unshift +2.3236 (S 4.132, DD 754) -> shift +2.2580 (S 4.094, DD 762)  Δ -0.0656  ΔS -0.038  retention 97%  | Δpnl -0.0681 Δcarry -0.0026 Δcost +0.0000 Δgross -0.0008
  2026<=08-10    unshift +2.8329 (S 5.046, DD 352) -> shift +2.7514 (S 4.985, DD 384)  Δ -0.0815  ΔS -0.061  retention 97%  | Δpnl -0.0838 Δcarry -0.0024 Δcost +0.0000 Δgross -0.0008
  2024on         unshift +0.4065 (S 0.899, DD 2657) -> shift +0.3888 (S 0.864, DD 2634)  Δ -0.0176  ΔS -0.035  retention 96%  | Δpnl -0.0191 Δcarry -0.0016 Δcost +0.0001 Δgross -0.0009
  2024on<=08-10  unshift +0.4849 (S 1.079, DD 2657) -> shift +0.4649 (S 1.037, DD 2634)  Δ -0.0200  ΔS -0.042  retention 96%  | Δpnl -0.0214 Δcarry -0.0014 Δcost +0.0001 Δgross -0.0009
--- dyn SUM
  2024           unshift +0.1735 (S 0.623, DD 771) -> shift +0.1816 (S 0.636, DD 705)  Δ +0.0082  ΔS +0.013  retention 105%  | Δpnl +0.0022 Δcarry +0.0038 Δcost -0.0098 Δgross +0.0070
  2025           unshift +0.4120 (S 1.303, DD 395) -> shift +0.3617 (S 1.116, DD 387)  Δ -0.0503  ΔS -0.187  retention 88%  | Δpnl -0.0602 Δcarry -0.0068 Δcost -0.0030 Δgross -0.0037
  2026 all       unshift +2.0364 (S 3.868, DD 784) -> shift +2.1696 (S 4.110, DD 793)  Δ +0.1333  ΔS +0.242  retention 107%  | Δpnl +0.1162 Δcarry -0.0098 Δcost -0.0072 Δgross -0.0015
  2026<=08-10    unshift +2.5498 (S 4.898, DD 455) -> shift +2.6765 (S 5.081, DD 461)  Δ +0.1268  ΔS +0.183  retention 105%  | Δpnl +0.1088 Δcarry -0.0102 Δcost -0.0078 Δgross -0.0015
  2024on         unshift +0.7263 (S 1.970, DD 784) -> shift +0.7434 (S 1.989, DD 793)  Δ +0.0171  ΔS +0.019  retention 102%  | Δpnl +0.0068 Δcarry -0.0037 Δcost -0.0066 Δgross +0.0008
  2024on<=08-10  unshift +0.8184 (S 2.256, DD 771) -> shift +0.8318 (S 2.250, DD 705)  Δ +0.0134  ΔS -0.006  retention 102%  | Δpnl +0.0031 Δcarry -0.0035 Δcost -0.0067 Δgross +0.0009
--- dyn PROD
  2024           unshift +0.1155 (S 0.426, DD 967) -> shift +0.1212 (S 0.424, DD 892)  Δ +0.0057  ΔS -0.002  retention 105%  | Δpnl +0.0119 Δcarry +0.0147 Δcost -0.0085 Δgross +0.0191
  2025           unshift +0.3391 (S 1.062, DD 413) -> shift +0.2737 (S 0.834, DD 412)  Δ -0.0654  ΔS -0.228  retention 81%  | Δpnl -0.0781 Δcarry -0.0091 Δcost -0.0036 Δgross -0.0045
  2026 all       unshift +2.0682 (S 3.999, DD 737) -> shift +2.1030 (S 4.006, DD 771)  Δ +0.0347  ΔS +0.007  retention 102%  | Δpnl +0.0306 Δcarry +0.0033 Δcost -0.0075 Δgross +0.0039
  2026<=08-10    unshift +2.5427 (S 4.953, DD 345) -> shift +2.5822 (S 4.935, DD 386)  Δ +0.0395  ΔS -0.018  retention 102%  | Δpnl +0.0354 Δcarry +0.0039 Δcost -0.0080 Δgross +0.0044
  2024on         unshift +0.6850 (S 1.881, DD 967) -> shift +0.6711 (S 1.794, DD 892)  Δ -0.0140  ΔS -0.087  retention 98%  | Δpnl -0.0175 Δcarry +0.0029 Δcost -0.0064 Δgross +0.0064
  2024on<=08-10  unshift +0.7665 (S 2.134, DD 967) -> shift +0.7529 (S 2.035, DD 892)  Δ -0.0136  ΔS -0.099  retention 98%  | Δpnl -0.0171 Δcarry +0.0031 Δcost -0.0065 Δgross +0.0066

===== DEDUCTION CHAIN (per-gross, bps of gross/anchor): shifted Π mean/mean(g) − 0.3 exec fidelity (AUDIT_live_vs_replay_2026-09-04.md L10)
  w3fix 2024           Σ[E,E+47] base net_ex -0.6421 /gross -0.7585 (-16.6%/yr; 2x -33.2%)  −0.3 ⇒ -1.0585 (-23.2%/yr; 2x -46.4%)  [NAV-book: -0.8960 bps/anchor]
  w3fix 2024           Π(E,E+4h]      net_ex -0.7089 /gross -0.8395 (-18.4%/yr; 2x -36.8%)  −0.3 ⇒ -1.1395 (-25.0%/yr; 2x -49.9%)  [NAV-book: -0.9622 bps/anchor]
  w3fix 2024           Π[E+6,E+53]    net_ex -0.7093 /gross -0.8405 (-18.4%/yr; 2x -36.8%)  −0.3 ⇒ -1.1405 (-25.0%/yr; 2x -50.0%)  [NAV-book: -0.9625 bps/anchor]
  w3fix 2025           Σ[E,E+47] base net_ex +0.2844 /gross +0.3790 (+8.3%/yr; 2x +16.6%)  −0.3 ⇒ +0.0790 (+1.7%/yr; 2x +3.5%)  [NAV-book: +0.0593 bps/anchor]
  w3fix 2025           Π(E,E+4h]      net_ex +0.2538 /gross +0.3387 (+7.4%/yr; 2x +14.8%)  −0.3 ⇒ +0.0387 (+0.8%/yr; 2x +1.7%)  [NAV-book: +0.0290 bps/anchor]
  w3fix 2025           Π[E+6,E+53]    net_ex +0.2516 /gross +0.3365 (+7.4%/yr; 2x +14.7%)  −0.3 ⇒ +0.0365 (+0.8%/yr; 2x +1.6%)  [NAV-book: +0.0273 bps/anchor]
  w3fix 2026 all       Σ[E,E+47] base net_ex +2.3780 /gross +3.0986 (+67.9%/yr; 2x +135.7%)  −0.3 ⇒ +2.7986 (+61.3%/yr; 2x +122.6%)  [NAV-book: +2.1478 bps/anchor]
  w3fix 2026 all       Π(E,E+4h]      net_ex +2.3236 /gross +3.0458 (+66.7%/yr; 2x +133.4%)  −0.3 ⇒ +2.7458 (+60.1%/yr; 2x +120.3%)  [NAV-book: +2.0947 bps/anchor]
  w3fix 2026 all       Π[E+6,E+53]    net_ex +2.2580 /gross +2.9629 (+64.9%/yr; 2x +129.8%)  −0.3 ⇒ +2.6629 (+58.3%/yr; 2x +116.6%)  [NAV-book: +2.0294 bps/anchor]
  w3fix 2026<=08-10    Σ[E,E+47] base net_ex +2.9107 /gross +3.7893 (+83.0%/yr; 2x +166.0%)  −0.3 ⇒ +3.4893 (+76.4%/yr; 2x +152.8%)  [NAV-book: +2.6803 bps/anchor]
  w3fix 2026<=08-10    Π(E,E+4h]      net_ex +2.8329 /gross +3.7141 (+81.3%/yr; 2x +162.7%)  −0.3 ⇒ +3.4141 (+74.8%/yr; 2x +149.5%)  [NAV-book: +2.6040 bps/anchor]
  w3fix 2026<=08-10    Π[E+6,E+53]    net_ex +2.7514 /gross +3.6112 (+79.1%/yr; 2x +158.2%)  −0.3 ⇒ +3.3112 (+72.5%/yr; 2x +145.0%)  [NAV-book: +2.5228 bps/anchor]
  w3fix 2024on         Σ[E,E+47] base net_ex +0.4566 /gross +0.5774 (+12.6%/yr; 2x +25.3%)  −0.3 ⇒ +0.2774 (+6.1%/yr; 2x +12.2%)  [NAV-book: +0.2194 bps/anchor]
  w3fix 2024on         Π(E,E+4h]      net_ex +0.4065 /gross +0.5155 (+11.3%/yr; 2x +22.6%)  −0.3 ⇒ +0.2155 (+4.7%/yr; 2x +9.4%)  [NAV-book: +0.1699 bps/anchor]
  w3fix 2024on         Π[E+6,E+53]    net_ex +0.3888 /gross +0.4938 (+10.8%/yr; 2x +21.6%)  −0.3 ⇒ +0.1938 (+4.2%/yr; 2x +8.5%)  [NAV-book: +0.1526 bps/anchor]
  w3fix 2024on<=08-10  Σ[E,E+47] base net_ex +0.5404 /gross +0.6828 (+15.0%/yr; 2x +29.9%)  −0.3 ⇒ +0.3828 (+8.4%/yr; 2x +16.8%)  [NAV-book: +0.3030 bps/anchor]
  w3fix 2024on<=08-10  Π(E,E+4h]      net_ex +0.4849 /gross +0.6146 (+13.5%/yr; 2x +26.9%)  −0.3 ⇒ +0.3146 (+6.9%/yr; 2x +13.8%)  [NAV-book: +0.2482 bps/anchor]
  w3fix 2024on<=08-10  Π[E+6,E+53]    net_ex +0.4649 /gross +0.5899 (+12.9%/yr; 2x +25.8%)  −0.3 ⇒ +0.2899 (+6.3%/yr; 2x +12.7%)  [NAV-book: +0.2285 bps/anchor]
  dyn   2024           Σ[E,E+47] base net_ex +0.1489 /gross +0.2473 (+5.4%/yr; 2x +10.8%)  −0.3 ⇒ -0.0527 (-1.2%/yr; 2x -2.3%)  [NAV-book: -0.0317 bps/anchor]
  dyn   2024           Π(E,E+4h]      net_ex +0.1155 /gross +0.1979 (+4.3%/yr; 2x +8.7%)  −0.3 ⇒ -0.1021 (-2.2%/yr; 2x -4.5%)  [NAV-book: -0.0596 bps/anchor]
  dyn   2024           Π[E+6,E+53]    net_ex +0.1212 /gross +0.2012 (+4.4%/yr; 2x +8.8%)  −0.3 ⇒ -0.0988 (-2.2%/yr; 2x -4.3%)  [NAV-book: -0.0596 bps/anchor]
  dyn   2025           Σ[E,E+47] base net_ex +0.3590 /gross +0.6756 (+14.8%/yr; 2x +29.6%)  −0.3 ⇒ +0.3756 (+8.2%/yr; 2x +16.4%)  [NAV-book: +0.1996 bps/anchor]
  dyn   2025           Π(E,E+4h]      net_ex +0.3391 /gross +0.6468 (+14.2%/yr; 2x +28.3%)  −0.3 ⇒ +0.3468 (+7.6%/yr; 2x +15.2%)  [NAV-book: +0.1818 bps/anchor]
  dyn   2025           Π[E+6,E+53]    net_ex +0.2737 /gross +0.5266 (+11.5%/yr; 2x +23.1%)  −0.3 ⇒ +0.2266 (+5.0%/yr; 2x +9.9%)  [NAV-book: +0.1178 bps/anchor]
  dyn   2026 all       Σ[E,E+47] base net_ex +2.0132 /gross +2.5838 (+56.6%/yr; 2x +113.2%)  −0.3 ⇒ +2.2838 (+50.0%/yr; 2x +100.0%)  [NAV-book: +1.7794 bps/anchor]
  dyn   2026 all       Π(E,E+4h]      net_ex +2.0682 /gross +2.6745 (+58.6%/yr; 2x +117.1%)  −0.3 ⇒ +2.3745 (+52.0%/yr; 2x +104.0%)  [NAV-book: +1.8362 bps/anchor]
  dyn   2026 all       Π[E+6,E+53]    net_ex +2.1030 /gross +2.7058 (+59.3%/yr; 2x +118.5%)  −0.3 ⇒ +2.4058 (+52.7%/yr; 2x +105.4%)  [NAV-book: +1.8698 bps/anchor]
  dyn   2026<=08-10    Σ[E,E+47] base net_ex +2.5118 /gross +3.2180 (+70.5%/yr; 2x +140.9%)  −0.3 ⇒ +2.9180 (+63.9%/yr; 2x +127.8%)  [NAV-book: +2.2777 bps/anchor]
  dyn   2026<=08-10    Π(E,E+4h]      net_ex +2.5427 /gross +3.2865 (+72.0%/yr; 2x +143.9%)  −0.3 ⇒ +2.9865 (+65.4%/yr; 2x +130.8%)  [NAV-book: +2.3106 bps/anchor]
  dyn   2026<=08-10    Π[E+6,E+53]    net_ex +2.5822 /gross +3.3189 (+72.7%/yr; 2x +145.4%)  −0.3 ⇒ +3.0189 (+66.1%/yr; 2x +132.2%)  [NAV-book: +2.3488 bps/anchor]
  dyn   2024on         Σ[E,E+47] base net_ex +0.6914 /gross +1.1159 (+24.4%/yr; 2x +48.9%)  −0.3 ⇒ +0.8159 (+17.9%/yr; 2x +35.7%)  [NAV-book: +0.5055 bps/anchor]
  dyn   2024on         Π(E,E+4h]      net_ex +0.6850 /gross +1.1258 (+24.7%/yr; 2x +49.3%)  −0.3 ⇒ +0.8258 (+18.1%/yr; 2x +36.2%)  [NAV-book: +0.5025 bps/anchor]
  dyn   2024on         Π[E+6,E+53]    net_ex +0.6711 /gross +1.0913 (+23.9%/yr; 2x +47.8%)  −0.3 ⇒ +0.7913 (+17.3%/yr; 2x +34.7%)  [NAV-book: +0.4866 bps/anchor]
  dyn   2024on<=08-10  Σ[E,E+47] base net_ex +0.7798 /gross +1.2648 (+27.7%/yr; 2x +55.4%)  −0.3 ⇒ +0.9648 (+21.1%/yr; 2x +42.3%)  [NAV-book: +0.5948 bps/anchor]
  dyn   2024on<=08-10  Π(E,E+4h]      net_ex +0.7665 /gross +1.2667 (+27.7%/yr; 2x +55.5%)  −0.3 ⇒ +0.9667 (+21.2%/yr; 2x +42.3%)  [NAV-book: +0.5850 bps/anchor]
  dyn   2024on<=08-10  Π[E+6,E+53]    net_ex +0.7529 /gross +1.2307 (+27.0%/yr; 2x +53.9%)  −0.3 ⇒ +0.9307 (+20.4%/yr; 2x +40.8%)  [NAV-book: +0.5694 bps/anchor]
STATS_DONE
