w3fix sum: anchors unshift 10038 shift 10037 | dropped in shift: ['2026-08-30 20:00'] | extra: []
   2024    n=2196 paired Δ(shift−unshift) mean -0.0282 SE 0.1868 t -0.15 | corr(unshift,shift) 0.8794 | σ_unshift 17.85 σ_shift 17.81
   2025    n=2190 paired Δ(shift−unshift) mean -0.0060 SE 0.2047 t -0.03 | corr(unshift,shift) 0.8845 | σ_unshift 19.90 σ_shift 19.97
   2026    n=1451 paired Δ(shift−unshift) mean +0.0053 SE 0.3480 t +0.02 | corr(unshift,shift) 0.8720 | σ_unshift 26.48 σ_shift 25.87
   2024on  n=5837 paired Δ(shift−unshift) mean -0.0115 SE 0.1354 t -0.09 | corr(unshift,shift) 0.8786 | σ_unshift 21.07 σ_shift 20.89
w3fix prod: anchors unshift 10038 shift 10037 | dropped in shift: ['2026-08-30 20:00'] | extra: []
   2024    n=2196 paired Δ(shift−unshift) mean -0.0005 SE 0.1890 t -0.00 | corr(unshift,shift) 0.8771 | σ_unshift 17.88 σ_shift 17.84
   2025    n=2190 paired Δ(shift−unshift) mean -0.0022 SE 0.2096 t -0.01 | corr(unshift,shift) 0.8841 | σ_unshift 20.25 σ_shift 20.48
   2026    n=1451 paired Δ(shift−unshift) mean -0.0723 SE 0.3439 t -0.21 | corr(unshift,shift) 0.8739 | σ_unshift 26.33 σ_shift 25.81
   2024on  n=5837 paired Δ(shift−unshift) mean -0.0190 SE 0.1362 t -0.14 | corr(unshift,shift) 0.8786 | σ_unshift 21.16 σ_shift 21.07
dyn sum: anchors unshift 10038 shift 10037 | dropped in shift: ['2026-08-30 20:00'] | extra: []
   2024    n=2196 paired Δ(shift−unshift) mean +0.0082 SE 0.1590 t +0.05 | corr(unshift,shift) 0.8410 | σ_unshift 13.03 σ_shift 13.37
   2025    n=2190 paired Δ(shift−unshift) mean -0.0503 SE 0.1644 t -0.31 | corr(unshift,shift) 0.8686 | σ_unshift 14.80 σ_shift 15.17
   2026    n=1451 paired Δ(shift−unshift) mean +0.1268 SE 0.3350 t +0.38 | corr(unshift,shift) 0.8663 | σ_unshift 24.65 σ_shift 24.71
   2024on  n=5837 paired Δ(shift−unshift) mean +0.0157 SE 0.1196 t +0.13 | corr(unshift,shift) 0.8616 | σ_unshift 17.25 σ_shift 17.49
dyn prod: anchors unshift 10038 shift 10037 | dropped in shift: ['2026-08-30 20:00'] | extra: []
   2024    n=2196 paired Δ(shift−unshift) mean +0.0057 SE 0.1635 t +0.03 | corr(unshift,shift) 0.8283 | σ_unshift 12.68 σ_shift 13.37
   2025    n=2190 paired Δ(shift−unshift) mean -0.0654 SE 0.1699 t -0.38 | corr(unshift,shift) 0.8628 | σ_unshift 14.95 σ_shift 15.36
   2026    n=1451 paired Δ(shift−unshift) mean +0.0288 SE 0.3317 t +0.09 | corr(unshift,shift) 0.8659 | σ_unshift 24.21 σ_shift 24.57
   2024on  n=5837 paired Δ(shift−unshift) mean -0.0152 SE 0.1210 t -0.13 | corr(unshift,shift) 0.8572 | σ_unshift 17.04 σ_shift 17.50
dropped anchor 2026-08-30 20:00 base row nsel 318 nmember 829 net_ex -9.233
6
