W0 2026-09-26T01:00:08Z
quiet True open remaining 159.9 anchor_in_progress False
-- 00Z executor anchor
2026-09-26T00:00:04Z anchor start mode=LIVE
2026-09-26T00:55:21Z anchor done rc=0
-- in-flight (pid pgid start args)
70531 70531 Fri Sep 25 21:18:52 2026     /bin/bash /Users/haosiyu/wide_shadow/fea171/combo_live_daemon.sh
70541 70541 Fri Sep 25 21:18:52 2026     /usr/local/Cellar/python@3.14/3.14.4/Frameworks/Python.framework/Versions/3.14/Resources/Python.app/Contents/MacOS/Python shadow_loop_v3.py run
-- disk
/dev/disk1s1s1       465   11        26    31%  458732 275177880    0%   /
-- executor refs
96acfddec11e51984a63358155165ab8ee4ba14b
96acfddec11e51984a63358155165ab8ee4ba14b	refs/heads/main
-- running tree code area
(empty above = clean)
-- research repo
4cf4de90c
(empty above = engine/live clean)
held apply --check OK
-- producer shas (must stay unchanged)
12a76de89831fb42
52baf97909575264
70531	0	com.hsy.combolive
70541	0	com.hsy.shadowloop
