W6 start 2026-09-26T01:19:20Z
HEAD=d01e35db56b4d7ed6abf0befd9f18452cd06c329 origin/main=d01e35db56b4d7ed6abf0befd9f18452cd06c329 github=d01e35db56b4d7ed6abf0befd9f18452cd06c329 NEWSHA=d01e35db56b4d7ed6abf0befd9f18452cd06c329
OK refs == NEWSHA
OK code area clean
files 96acfdd..NEWSHA: 39 (candidate ee455fa had 38 + release record)
OK config/book.json unchanged vs 96acfdd
no drift across 6 vendored modules (declared A-set 6, all covered)
drift guard rc=0
n_dust_popped markers in anchor_loop: 1
DurableWriteReplacedNotDurable class: 1
-- executor processes
(no executor python running above)
	state = not running
	program = /usr/bin/python3
-- producer untouched
12a76de89831fb42
52baf97909575264
70531	0	com.hsy.combolive
70541	0	com.hsy.shadowloop
W6 end 2026-09-26T01:19:22Z
