[   32.3s] F10_CUTOFF 1704067200: kept 4367 anchors (last 1704038400, label end 1704052800) and 713300 pairs
/workspace/object_b_2026-09-19/devices/f10_refit_fold.py:125: UserWarning: Converting a tensor with requires_grad=True to a scalar may lead to unexpected behavior.
Consider using tensor.detach() first. (Triggered internally at /pytorch/torch/csrc/autograd/generated/python_variable_methods.cpp:836.)
  log(f"ep{ep} va {va:+.3f} α {float(mdl.alpha()):.3f}")
[   57.6s] ep0 va -5.722 α 0.099
[   69.2s] ep1 va -5.692 α 0.098
[   80.6s] ep2 va -5.791 α 0.096
[   92.4s] ep3 va -5.701 α 0.096
[  103.9s] ep4 va -5.611 α 0.095
[  115.2s] ep5 va -5.615 α 0.094
[  126.6s] ep6 va -5.670 α 0.094
[  138.1s] ep7 va -5.563 α 0.094
[  149.8s] ep8 va -5.461 α 0.094
[  161.3s] ep9 va -5.462 α 0.094
[  172.6s] ep10 va -5.538 α 0.094
[  184.1s] ep11 va -5.538 α 0.094
[  196.5s] ep12 va -5.426 α 0.094
[  208.0s] ep13 va -5.436 α 0.094
[  219.4s] ep14 va -5.435 α 0.094
[  219.4s] REFIT_DONE s42 best_va -5.426 α 0.094 -> models/f10_live_s42.pt
