[   25.1s] F10_CUTOFF 1735689600: kept 6563 anchors (last 1735660800, label end 1735675200) and 1314608 pairs
/workspace/object_b_2026-09-19/devices/f10_refit_fold.py:125: UserWarning: Converting a tensor with requires_grad=True to a scalar may lead to unexpected behavior.
Consider using tensor.detach() first. (Triggered internally at /pytorch/torch/csrc/autograd/generated/python_variable_methods.cpp:836.)
  log(f"ep{ep} va {va:+.3f} α {float(mdl.alpha()):.3f}")
[   54.4s] ep0 va -4.859 α 0.099
[   71.6s] ep1 va -3.984 α 0.099
[   89.2s] ep2 va -3.215 α 0.098
[  107.2s] ep3 va -4.287 α 0.097
[  125.3s] ep4 va -3.383 α 0.097
[  143.5s] ep5 va -3.652 α 0.097
[  160.8s] ep6 va -3.109 α 0.097
[  178.9s] ep7 va -3.905 α 0.096
[  196.7s] ep8 va -3.241 α 0.096
[  214.5s] ep9 va -3.787 α 0.096
[  232.0s] ep10 va -3.703 α 0.096
[  249.8s] ep11 va -3.703 α 0.096
[  267.7s] ep12 va -3.983 α 0.096
[  285.7s] ep13 va -3.640 α 0.096
[  304.4s] ep14 va -3.662 α 0.096
[  304.4s] REFIT_DONE s42 best_va -3.109 α 0.097 -> models/f10_live_s42.pt
