[    2.8s] F10_CUTOFF 1672531200: kept 2177 anchors (last 1672502400, label end 1672516800) and 303036 pairs
/workspace/object_b_2026-09-19/devices/f10_refit_fold.py:125: UserWarning: Converting a tensor with requires_grad=True to a scalar may lead to unexpected behavior.
Consider using tensor.detach() first. (Triggered internally at /pytorch/torch/csrc/autograd/generated/python_variable_methods.cpp:836.)
  log(f"ep{ep} va {va:+.3f} α {float(mdl.alpha()):.3f}")
[   20.4s] ep0 va -9.192 α 0.099
[   26.2s] ep1 va -6.352 α 0.099
[   32.0s] ep2 va -4.866 α 0.098
[   38.1s] ep3 va -5.135 α 0.098
[   43.9s] ep4 va -4.394 α 0.098
[   50.1s] ep5 va -4.622 α 0.098
[   56.0s] ep6 va -4.586 α 0.098
[   61.9s] ep7 va -4.124 α 0.098
[   67.9s] ep8 va -4.197 α 0.098
[   73.7s] ep9 va -4.414 α 0.099
[   79.4s] ep10 va -4.279 α 0.099
[   85.0s] ep11 va -4.214 α 0.099
[   90.6s] ep12 va -4.352 α 0.099
[   96.2s] ep13 va -4.332 α 0.099
[  102.7s] ep14 va -4.336 α 0.099
[  102.7s] REFIT_DONE s42 best_va -4.124 α 0.098 -> models/f10_live_s42.pt
