[    2.6s] F10_CUTOFF 1767225600: kept 8753 anchors (last 1767196800, label end 1767211200) and 2164357 pairs
/workspace/object_b_2026-09-19/devices/f10_refit_fold.py:125: UserWarning: Converting a tensor with requires_grad=True to a scalar may lead to unexpected behavior.
Consider using tensor.detach() first. (Triggered internally at /pytorch/torch/csrc/autograd/generated/python_variable_methods.cpp:836.)
  log(f"ep{ep} va {va:+.3f} α {float(mdl.alpha()):.3f}")
[   40.5s] ep0 va -8.141 α 0.099
[   63.8s] ep1 va -8.090 α 0.098
[   87.0s] ep2 va -8.091 α 0.097
[  109.9s] ep3 va -8.006 α 0.096
[  133.1s] ep4 va -8.035 α 0.095
[  156.8s] ep5 va -8.175 α 0.095
[  180.9s] ep6 va -7.946 α 0.094
[  205.0s] ep7 va -7.984 α 0.094
[  228.6s] ep8 va -8.058 α 0.094
[  252.1s] ep9 va -7.990 α 0.094
[  277.0s] ep10 va -7.871 α 0.094
[  300.5s] ep11 va -7.874 α 0.094
[  325.6s] ep12 va -7.870 α 0.094
[  349.2s] ep13 va -7.908 α 0.094
[  373.0s] ep14 va -7.912 α 0.094
[  373.1s] REFIT_DONE s42 best_va -7.870 α 0.094 -> models/f10_live_s42.pt
