
====================================================================================================
Q4 (top priority) — is the 08:19Z flatten a normal consequence, or the self-harm loop again?
====================================================================================================
★ First: the one-liner in the task does not answer this, in three separate ways.

   (a) IT RAISES, it does not return []:  TypeError: '>' not supported between instances of 'NoneType' and 'int'
       `.get('filled_notional', 0)` returns None when the key EXISTS holding None, and
       the default never applies. So the command cannot be read as evidence at all.
   (b) `filled_notional > 0` DROPS EVERY SELL — 158 rows in today's file alone.
       filled_notional is already signed (binance_broker: sign*cumQuote); this is the exact
       defect reconcile.py:8 was written to delete.
   (c) made None-safe AND signed, it returns [] — and that emptiness is NOT clean:
       the actual defect row is INVISIBLE to it, because filled_notional is None,
       not >0:  PORTALUSDT protective_flatten 'filled_amount_unknown' fn=None px=None
       A filter matching nothing and a guard confirming safety print the same thing.

★ Second: the NO SAMPLE / CLEAN question, split at the right boundary.

   orders.jsonl anchor_ts buckets today: [('2026-07-28T00:01:17.482200Z', 109), ('2026-07-28T04:00:52.736860Z', 210), ('2026-07-28T08:01:24.348149Z', 206), ('2026-07-28T08:19:00.245357Z', 110)]

   WINDOW A — the trip's own flatten batch (anchor_ts 2026-07-28T08:19:00.245357Z): 110 rows
      by terminal_reason: {'filled': 109, 'filled_amount_unknown': 1}
      quantity derivable : 109 / 110
      quantity MISSING   : ['PORTALUSDT']
      ==> THERE IS A SAMPLE: 110 executions were produced after the trip fired.

   WINDOW B — strictly after the post-flatten readback (2026-07-28T08:19:00.721801Z):
      orders=0  fills=0  ==> NO SAMPLE (next anchor is 12:00Z), NOT clean.

★ Third: what the flatten actually did to the guard.

   latest reconciled anchor NOW : 2026-07-28T08:19:00.721801Z
   §4-5b `latest` NOW           : [('PORTALUSDT', 'execution_of_unknown_size', 'filled_amount_unknown')]
   §4-7 drift bit NOW           : True
   anomalies in window          : 5 (was 4 at trip time)
      2026-07-26T12:00:48.198903Z STRKUSDT     execution_of_unknown_size tr='filled'
      2026-07-27T16:19:34.017073Z SEIUSDT      execution_of_unknown_size tr='filled'
      2026-07-28T08:01:24.348149Z SAGAUSDT     execution_of_unknown_size tr='filled'
      2026-07-28T08:01:24.348149Z SKLUSDT      execution_of_unknown_size tr='filled'
      2026-07-28T08:19:00.721801Z PORTALUSDT   execution_of_unknown_size tr='filled_amount_unknown'

   PORTALUSDT venue-reported qty: [('2026-07-28T00:01:17.482200Z', None, 'fapi/v3/account@post_anchor'), ('2026-07-28T04:00:52.736860Z', -17229.1, 'fapi/v3/account@post_anchor'), ('2026-07-28T08:01:24.348149Z', -18598.7, 'fapi/v3/account@post_anchor'), ('2026-07-28T08:19:00.721801Z', 0.0, 'ladder_flatten@post_flatten')]
   ==> the venue says it is FLAT. The position is fine; only the RECORD of the exit is not.

   VERDICT Q4: the flatten is the trip's normal consequence AND the loop recurred in a NEW
   FORM. The 08:01 defect was `filled_notional` present + `avg_fill_px` null (rebalance
   path). The new one is `filled_notional` NULL OUTRIGHT (ladder path). Second occurrence
   of this exact shape: SEIUSDT 2026-07-27T16:18:41Z, one row per flatten both times.

====================================================================================================
Q1 — position residual in CONTRACTS, by a caliber that does not contain the lead's assumption
====================================================================================================
interval (2026-07-28T04:17:28.000291Z, 2026-07-28T08:17:46.817882Z]

INDEPENDENCE — three DIFFERENT venue endpoints, none of them the field claimed broken:
  q1,q2  <- position_readback.venue_position_qty, source='fapi/v3/account@post_anchor'
           (watchdog.py:1211; refuses to write any row if quantities are unreadable)
  dq     <- fills.jsonl fill_notional/fill_px = venue quoteQty/price, /fapi/v1/userTrades
  the assumption under test, avg_fill_px <- /fapi/v1/order avgPrice — READ BY NEITHER.
  The division quoteQty/price is an IDENTITY that rebuilds the venue's own `qty` field
  (venue_fills.py:249 captures it and does not persist it), not a price estimate.

symbol          q1 (venue)    q2 (venue)   dq (venue trades)      residual      USDT  #fills
SAGAUSDT       -25776.4000   -24759.9000         1016.500000      0.00e+00  0.00e+00       1
SKLUSDT        -43369.0000   -32261.0000        11108.000000      0.00e+00  0.00e+00       1

same two names in EXACT decimal (float noise removed — these are the venue's own strings):
   SAGAUSDT   venue Δposition=    1016.5  venue Δtrades=    1016.5  residual=0.0
   SKLUSDT    venue Δposition=   11108.0  venue Δtrades=     11108  residual=0.0

all 109 names at this anchor: max |residual| = 9.552e-14 USDT, sum = 7.242e-13 USDT
VERDICT Q1: residual is EXACTLY ZERO in contracts. Your notional figures (-2.366/-4.903)
are the revaluation term B30 removed; the position itself never moved unexplained.

====================================================================================================
Q3 — does §4-7's DRIFT derive from the same reconcile() as §4-5b?
====================================================================================================
CODE PATH (scheduler/run_anchor.py:261-263):
    ops_stats, venue_events, _ = WI.collect(log_root)          -> reconcile CALL #1
    WD.run(log_root, venue_events=.., ops_stats=ops_stats)     -> reconcile CALL #2

  CALL #1  watchdog_inputs.py:104-116
      _rec = RC.reconcile([(d, PL.read_day(root, d)) for d in PL.available_days(root)])
      out[-1]["unrecovered_position_drift"] = None if _rec["last_reconciled_ats"] is None
                                              else bool(_rec["latest"])
  CALL #2  watchdog.py:859-861 + :929
      _rec = RC.reconcile([(d, PL.read_day(root, d)) for d in PL.available_days(root)])
      _latest = [a for a in anomalies if a["anchor_ts"] == last_reconciled_ats]
  reconcile.py:389
      "latest": [a for a in anomalies if a["anchor_ts"] == last_ats]

=> STRICTLY: TWO calls, not one. But of ONE PURE FUNCTION, same root, same window
   (both PL.available_days(root)), same default tol/dust. And the conclusion is stronger than
   'they agree': §4-7's drift IS bool() of §4-5b's list. It has no per-name field to disagree with.

every drift key §4-7 writes (this is its ENTIRE drift payload):
   drift_caliber = "STATE: the most recent reconciled anchor only (shared with §4-5b); history is not accumulated"
   drift_comparison_caliber = "QUANTITY: expected_qty = qty(T1) + sum dq_fills, compared against qty(T2). The residual is converte
   drift_comparison_happened = true
   drift_last_reconciled_ats = 1785226740.721801
   drift_n_historical = 5
   drift_n_unreconcilable_latest = 0
   unrecovered_position_drift = true
   -> no symbol-level field exists anywhere in it.

§4-7's other half (fail rate) is NOT firing: per_day=[0.0, 0.0, 0.0, 0.0] vs limit 0.05

PERTURBATION TEST — does the 5b list track the 4-7 bit every time?
perturbation                                5b n   4-7 bit   locked  names
as-is                                       1      True      YES     ['PORTALUSDT']
truthful backfill of every unsized leg      0      False     YES     []
delete the latest anchor's readback         2      True      YES     ['SAGAUSDT', 'SKLUSDT']
inject a 500-contract phantom on BTCUSDT    2      True      YES     ['BTCUSDT', 'PORTALUSDT']

VERDICT Q3: SAME FACT, locked in every case (True). One divergence mode exists and
it is not a second cause: the two calls read an append-only ledger at different instants, so
a row landing between them shows in §4-5b and not §4-7. Staleness; fails toward §4-5b.

====================================================================================================
Q2 — is there a third name, hidden in a lighter branch?
====================================================================================================
THREE places a third name could hide, all checked:

(i)   the anomaly list itself at the trip anchor:
      [('SAGAUSDT', 'execution_of_unknown_size'), ('SKLUSDT', 'execution_of_unknown_size')]   (n=2)

(ii)  `unreconcilable` — the LIGHTER branch [D2] is written to pre-empt:
      at the trip anchor: 0
      in the window     : 916 {'no_qty_column': 916}
      newest anchor carrying any: 2026-07-27T16:19:34.017073Z
      reason: `venue_position_qty` only starts at 2026-07-28T04:00:52.736860Z, so every earlier anchor
      is honestly refused. The trip anchor is the FIRST to fully exercise B30's caliber.

(iii) THE BRANCH NEITHER LIST CAN SHOW — reconcile iterates `cur.items()` only
      (reconcile.py:311). A name in T1's readback and ABSENT from T2's is never compared:
      not an anomaly, not unreconcilable, simply not in any output.
      dropouts in the window: 8
        2026-07-26T00:01:03.312125Z QTUMUSDT     qty held at T1 = 0.0
        2026-07-26T04:00:41.656425Z ARKMUSDT     qty held at T1 = 0.0
        2026-07-26T16:01:39.598067Z ONTUSDT      qty held at T1 = 0.0
        2026-07-26T20:00:46.553831Z CHRUSDT      qty held at T1 = 0.0
        2026-07-27T16:19:34.017073Z ICPUSDT      qty held at T1 = 0.0
        2026-07-28T00:01:17.482200Z ONTUSDT      qty held at T1 = 0.0
        2026-07-28T08:19:00.721801Z ICPUSDT      qty held at T1 = 0.0
        2026-07-28T08:19:00.721801Z PIXELUSDT    qty held at T1 = 0.0
      all held zero -> benign here, but it is an unguarded path, not a checked-clean one.

(iv)  a name that is BOTH unknown-size AND really drifting ([D2]'s own worry):
      SAGAUSDT: residual = 0.00e+00 contracts -> no.
      SKLUSDT: residual = 0.00e+00 contracts -> no.

VERDICT Q2: n=2 is right at that anchor. 109/109 names compared, 0 over floor,
0 unreconcilable, 0 dropouts. Nothing was swallowed by a lighter branch.

====================================================================================================
CONSEQUENCE — can the trip be cleared right now?
====================================================================================================
simulated ops/resume_from_trip.sh step 1/4 (HARD GATE) — see audit_0C_20260728/q5_resume_gate_dryrun.py
  result: STILL TRIPPING on both triggers; §4-5b ANOMALOUS n=1 (PORTALUSDT) at 2026-07-28T08:19:00.721801Z
  => clearing the 08:01 flag does not clear the guard. The gate exits 1 and touches nothing.

FIX POINTER (independent of 0B's work, which is in RebalanceExecutor and does not reach
the ladder path): reconcile._exec_qty (reconcile.py:185) PREFERS a `filled_qty` column and
that column has ZERO producers repo-wide. binance_broker.py:446 holds
`ex = float(o.get('executedQty'))` and discards it. Control flow proves executedQty>0 for
PORTALUSDT: a zero returns at :433 leaving fill_ts None, and the written row carries a
fill_ts (1785226728.403). The venue stated the quantity; no column caught it.
