==========================================================================================
0C CLASS SWEEP over /Users/haosiyu/dl_quant_live
prod modules=56  test modules=42  packages=['live', 'scheduler', 'ops', 'signal']
==========================================================================================

##########################################################################################
# M1  CONSUMER WITHOUT PRODUCER   (internal snake_case key, read in prod, written nowhere in prod)
##########################################################################################
internal keys read in prod: 519   of which never written in prod: 31
  'time'                             reads=  8  [TEST-ONLY-WRITER]
       live/binance_broker.py:471  > t = o.get("updateTime") or o.get("time")
       live/binance_funding.py:134  > newest = max(int(p["time"]) for p in page)
       live/binance_funding.py:187  > sym, t = it["symbol"], int(it["time"])
  'stage1_orders'                    reads=  6  [TEST-ONLY-WRITER]
       live/watchdog.py:284  > stuck = [o.get("symbol") for o in (ladder.get("stage1_orders") or []) if o.get("symbol")]
       live/watchdog.py:417  > out["stage1_orders"].extend(_got)
       live/watchdog.py:431  > out["stage1_orders"].extend(_a.get("orders") or [])
  'checks_not_verified'              reads=  5  [NO WRITER ANYWHERE]
       live/binance_broker.py:340  > out["checks_not_verified"].append(f"A5/A6_symbol_config ({type(e).__name__}: {e})")
       live/binance_broker.py:355  > out["checks_not_verified"].append(
       live/binance_broker.py:370  > out["fully_verified"] = not out["checks_not_verified"]
  'dryrun_clock_start'               reads=  4  [NO WRITER ANYWHERE]
       scheduler/anchor_loop.py:328  > _cfg_clock = BC.load().get("dryrun_clock_start")
       scheduler/run_anchor.py:166  > clock_started = bool(cfg.get("dryrun_clock_start"))
       scheduler/run_anchor.py:384  > clock = json.load(open(os.path.join(REPO, "config", "book.json"))).get(
  'error_code'                       reads=  3  [TEST-ONLY-WRITER]
       live/watchdog.py:897  > code_hits = [e for e in ve if e.get("error_code")
       live/watchdog.py:898  > and VEC.is_restricted_code(e.get("venue", "*"), e["error_code"])]
       live/watchdog.py:1035  > triggers.append(f"§4-5c account restriction (error code {code_hits[0]['error_code']})")
  'filters'                          reads=  3  [TEST-ONLY-WRITER]
       live/binance_executor.py:160  > for flt in s.get("filters", []):
       ops/testnet_mc1.py:95  > flt = {x["filterType"]: x for x in f["filters"]}
       ops/testnet_probe.py:113  > flt = {x["filterType"]: x for x in f["filters"]}
  'factor_scores'                    reads=  2  [NO WRITER ANYWHERE]
       ops/export_parity_fixture.py:74  > sc = model(torch.from_numpy(Xn), torch.from_numpy(mask))["factor_scores"][0].numpy()
       signal/inference.py:93  > out = self.model(torch.from_numpy(xn), torch.from_numpy(m))["factor_scores"]
  'leverage'                         reads=  2  [NO WRITER ANYWHERE]
       live/binance_broker.py:303  > levs = sorted({int(c.get("leverage", 0)) for c in cfg})
       live/binance_broker.py:320  > off = sorted(c["symbol"] for c in cfg if int(c.get("leverage", 0)) != int(_want))
  'lturnover_24h'                    reads=  2  [NO WRITER ANYWHERE]
       ops/panel_parity_report.py:179  > "xsr_fund": F["funding_ema"][0], "xsr_turn": F["lturnover_24h"][0],
       signal/panel_build.py:183  > "xsr_fund": F["funding_ema"][0], "xsr_turn": F["lturnover_24h"][0],
  'mom_72h'                          reads=  2  [NO WRITER ANYWHERE]
       ops/panel_parity_report.py:180  > "xsr_mom72": F["mom_72h"][0]}
       signal/panel_build.py:184  > "xsr_mom72": F["mom_72h"][0]}
  'result'                           reads=  2  [NO WRITER ANYWHERE]
       live/telegram_notify.py:148  > if resp.get("ok") and resp.get("result", {}).get("message_id"):
       live/telegram_notify.py:150  > message_id=resp["result"]["message_id"], attempts=attempt + 1)
  'rvol_24h'                         reads=  2  [NO WRITER ANYWHERE]
       ops/panel_parity_report.py:178  > bases = {"xsr_rvol": F["rvol_24h"][0], "xsr_ret24": logc - PB._shift(logc, 24),
       signal/panel_build.py:182  > base_for_rank = {"xsr_rvol": F["rvol_24h"][0], "xsr_ret24": logc - _shift(logc, 24),
  'unparsed'                         reads=  2  [NO WRITER ANYWHERE]
       ops/assert_anchor_artifacts.py:123  > out["n_unparsed"] = len(out.get("unparsed", []))
       ops/assert_anchor_artifacts.py:514  > + (f" ★ UNPARSED rows: {oi['unparsed'][:2]}" if oi.get("n_unparsed") else "")
  'anchor_max_seconds'               reads=  1  [NO WRITER ANYWHERE]
       scheduler/run_anchor.py:99  > _cap = int(json.load(open(os.path.join(REPO, "config", "book.json"))).get("anchor_max_seconds",
  'baseline_ic'                      reads=  1  [NO WRITER ANYWHERE]
       ops/check_factor_health.py:169  > f"`{caliber}` (baseline {report.get('baseline_ic')}). This is the number that says "
  'beta_24h'                         reads=  1  [NO WRITER ANYWHERE]
       signal/panel_build.py:188  > chans.append((logc - _shift(logc, 24)) - F["beta_24h"][0] * mkt24[:, None])
  'curve'                            reads=  1  [NO WRITER ANYWHERE]
       ops/check_factor_health.py:148  > caliber = report.get("caliber") or report.get("curve") or "A_provisional_3leg"
  'decay_alarm_threshold'            reads=  1  [TEST-ONLY-WRITER]
       ops/check_factor_health.py:149  > roll, thr = report.get("rolling_rank_ic"), report.get("decay_alarm_threshold")
  'dryrun_fast_k'                    reads=  1  [NO WRITER ANYWHERE]
       scheduler/run_anchor.py:200  > fast = ((bool(cfg.get("dryrun_fast_k", False)) or os.environ.get("LIVE_FAST_K") == "1")
  'exit_code'                        reads=  1  [NO WRITER ANYWHERE]
       ops/check_factor_health.py:124  > f"(exit {rec.get('exit_code')}) at {fin}")
  'failed_step'                      reads=  1  [NO WRITER ANYWHERE]
       ops/check_factor_health.py:123  > return (f"upstream: run_daily aborted at step '{rec.get('failed_step')}' "
  'files'                            reads=  1  [TEST-ONLY-WRITER]
       live/frozen_inputs.py:157  > return dict((json.load(f) or {}).get("files") or {})
  'filled_qty'                       reads=  1  [NO WRITER ANYWHERE]
       live/reconcile.py:185  > q = o.get("filled_qty")
  'finished_utc'                     reads=  1  [NO WRITER ANYWHERE]
       ops/check_factor_health.py:107  > fin, st = rec.get("finished_utc"), str(rec.get("status") or "")
  'gross_usdt_pilot_p0'              reads=  1  [TEST-ONLY-WRITER]
       scheduler/run_anchor.py:175  > loop = AL.AnchorLoop(b, ex, gross_usdt=cfg.get("gross_usdt_pilot_p0", 25000),
  'interval_h_raw'                   reads=  1  [NO WRITER ANYWHERE]
       ops/panel_parity_report.py:45  > offs = z["offsets"]; F = z["fundingTime_ms"]; R = z["fundingRate"]; IV = z["interval_h_raw"]
  'median_interval_h'                reads=  1  [NO WRITER ANYWHERE]
       ops/check_funding_span.py:57  > ours = {s: float(d["median_interval_h"]) for s, d in tbl["table"].items()}
  'nosleep_min_evidence_h'           reads=  1  [NO WRITER ANYWHERE]
       ops/check_nosleep.py:56  > v = BC.load().get("nosleep_min_evidence_h")
  'ours'                             reads=  1  [NO WRITER ANYWHERE]
       ops/check_funding_span.py:99  > _f = [f"{x['symbol']}:{x.get('ours')}->{x.get('venue')}" for x in r["stale"]]
  'window_mode'                      reads=  1  [TEST-ONLY-WRITER]
       ops/dryrun_ledger.py:138  > require_mode = BC.load().get("window_mode")
  'window_trip_disposition'          reads=  1  [NO WRITER ANYWHERE]
       ops/check_prewindow_state.py:75  > disposition = BC.load().get("window_trip_disposition")

##########################################################################################
# M2  PRODUCER WITHOUT CONSUMER   (ruling-shaped key written in prod, NEVER read in a
#     decision context -> the guard emits a PROPERTY, no code takes an ACTION on it)
##########################################################################################
ruling-shaped keys written in prod: 239   never branched on in prod: 204
  'exist_ok'                           writes= 22  [NO READER]   live/binance_funding.py:442
  'n_days'                             writes=  8  [read-not-branched]   live/pilot_metrics.py:515
  'submitted_ok'                       writes=  7  [NO READER]   live/binance_broker.py:667
  'n_rows'                             writes=  6  [test-only reader]   live/binance_broker.py:780
  'n_priced_days'                      writes=  5  [read-not-branched]   live/pilot_metrics.py:515
  'halted'                             writes=  4  [read-not-branched]   ops/dryrun_ledger.py:79
  'measurement_complete'               writes=  4  [read-not-branched]   live/pilot_metrics.py:146
  'n_orders'                           writes=  4  [read-not-branched]   live/binance_broker.py:667
  'n_rehearsal_rows_per_day'           writes=  4  [test-only reader]   live/watchdog.py:754
  'c_bps_overall'                      writes=  3  [read-not-branched]   live/pilot_metrics.py:146
  'limit_bps'                          writes=  3  [read-not-branched]   live/watchdog.py:754
  'local_write_ok'                     writes=  3  [test-only reader]   live/telegram_notify.py:116
  'n_members'                          writes=  3  [read-not-branched]   live/universe_guard.py:82
  'n_no_order_id'                      writes=  3  [read-not-branched]   live/venue_fills.py:389
  'n_no_trade'                         writes=  3  [read-not-branched]   ops/backfill_markout.py:104
  'n_skipped'                          writes=  3  [read-not-branched]   live/binance_executor.py:845
  'n_stale'                            writes=  3  [read-not-branched]   ops/check_funding_span.py:68
  'n_written'                          writes=  3  [read-not-branched]   ops/backfill_markout.py:104
  'stage1_ok'                          writes=  3  [read-not-branched]   live/watchdog.py:336
  'btc_rvol_bps_min'                   writes=  2  [NO READER]   live/regime_classifier.py:52
  'c_bps'                              writes=  2  [read-not-branched]   live/pilot_metrics.py:192
  'dust_floor_usdt'                    writes=  2  [NO READER]   live/reconcile.py:320
  'eligible'                           writes=  2  [NO READER]   live/watchdog.py:481
  'flatten_ok'                         writes=  2  [NO READER]   live/watchdog.py:465
  'halt_source'                        writes=  2  [read-not-branched]   scheduler/anchor_loop.py:348
  'markout_bps'                        writes=  2  [read-not-branched]   live/pilot_metrics.py:246
  'mismatch_frac'                      writes=  2  [read-not-branched]   live/binance_funding.py:236
  'n_blocks'                           writes=  2  [NO READER]   ops/export_parity_fixture.py:42
  'n_columns'                          writes=  2  [read-not-branched]   signal/compute_preds.py:50
  'n_factor_heads'                     writes=  2  [NO READER]   ops/export_parity_fixture.py:42
  'n_fill_before_submit'               writes=  2  [test-only reader]   ops/score_post_fix.py:223
  'n_fill_without_submit'              writes=  2  [NO READER]   ops/score_post_fix.py:223
  'n_filled_but_notional_none'         writes=  2  [test-only reader]   ops/score_post_fix.py:223
  'n_filled_orders'                    writes=  2  [read-not-branched]   live/pilot_metrics.py:146
  'n_fills'                            writes=  2  [read-not-branched]   live/pilot_metrics.py:246
  'n_income'                           writes=  2  [read-not-branched]   live/binance_funding.py:468
  'n_no_trades'                        writes=  2  [read-not-branched]   live/venue_fills.py:389
  'n_ours'                             writes=  2  [read-not-branched]   ops/check_funding_span.py:60
  'n_price_without_fill'               writes=  2  [NO READER]   ops/score_post_fix.py:223
  'n_rows_written'                     writes=  2  [test-only reader]   ops/backfill_fills.py:107
  'n_submitted'                        writes=  2  [NO READER]   live/watchdog.py:576
  'n_symbols'                          writes=  2  [NO READER]   signal/compute_preds.py:215
  'n_trades_unattributed'              writes=  2  [test-only reader]   scheduler/anchor_loop.py:1010
  'n_unmeasured'                       writes=  2  [test-only reader]   live/pilot_metrics.py:246
  'n_unusable'                         writes=  2  [test-only reader]   live/pilot_metrics.py:246
  'n_xattn'                            writes=  2  [NO READER]   ops/export_parity_fixture.py:42
  'open_orders_halted'                 writes=  2  [NO READER]   live/watchdog.py:465
  'reject_frac'                        writes=  2  [NO READER]   live/watchdog.py:1016
  'residual_qty'                       writes=  2  [test-only reader]   live/reconcile.py:320
  'residual_usdt'                      writes=  2  [test-only reader]   live/reconcile.py:320
  'spreads_bps'                        writes=  2  [NO READER]   live/binance_executor.py:504
  'stage2_local_write_ok'              writes=  2  [read-not-branched]   live/watchdog.py:336
  'stage3_open_halted'                 writes=  2  [read-not-branched]   live/watchdog.py:336
  'unexplained_frac'                   writes=  2  [test-only reader]   live/reconcile.py:320
  'unknown_fills'                      writes=  2  [NO READER]   live/binance_executor.py:504
  'unrecovered_position_drift'         writes=  2  [read-not-branched]   live/watchdog_inputs.py:99
  'band_bps'                           writes=  1  [NO READER]   live/binance_executor.py:339
  'book_cache_unknown_legs'            writes=  1  [NO READER]   scheduler/anchor_loop.py:953
  'breach'                             writes=  1  [NO READER]   live/watchdog.py:481
  'cap_unknown'                        writes=  1  [test-only reader]   live/binance_broker.py:600
  'cumulative_pct_of_target_gross'     writes=  1  [test-only reader]   live/pilot_metrics.py:526
  'drift_caliber'                      writes=  1  [NO READER]   live/watchdog_inputs.py:118
  'drift_comparison_caliber'           writes=  1  [NO READER]   live/watchdog_inputs.py:126
  'drift_comparison_happened'          writes=  1  [NO READER]   live/watchdog_inputs.py:117
  'drift_gate'                         writes=  1  [NO READER]   ops/gate_coverage.py:118
  'drift_last_reconciled_ats'          writes=  1  [test-only reader]   live/watchdog_inputs.py:120
  'drift_n_historical'                 writes=  1  [NO READER]   live/watchdog_inputs.py:121
  'drift_n_unreconcilable_latest'      writes=  1  [test-only reader]   live/watchdog_inputs.py:125
  'drift_state'                        writes=  1  [test-only reader]   live/watchdog.py:1097
  'eligibility'                        writes=  1  [NO READER]   live/watchdog.py:1050
  'eligible_days'                      writes=  1  [NO READER]   live/watchdog.py:1050
  'fail_rate_limit'                    writes=  1  [NO READER]   live/watchdog.py:1097
  'gate_coverage'                      writes=  1  [NO READER]   ops/gate_coverage.py:118
  'halt_actually_refused'              writes=  1  [NO READER]   ops/capture_halt_evidence.py:134
  'limit_pct'                          writes=  1  [NO READER]   live/watchdog.py:859
  'limit_pct_of_target_gross'          writes=  1  [NO READER]   live/watchdog.py:790
  'max_drawdown_pct'                   writes=  1  [test-only reader]   live/watchdog.py:859
  'max_drawdown_pct_of_target_gross'   writes=  1  [read-not-branched]   live/pilot_metrics.py:526
  'n_absent_from_venue'                writes=  1  [read-not-branched]   ops/check_funding_span.py:68
  'n_added'                            writes=  1  [test-only reader]   live/production_state_guard.py:91
  'n_anomalies_by_kind'                writes=  1  [test-only reader]   live/reconcile.py:387
  'n_assertions'                       writes=  1  [read-not-branched]   ops/assert_anchor_artifacts.py:468
  'n_attempts'                         writes=  1  [NO READER]   live/watchdog.py:299
  'n_batches_excluded_not_rebalance'   writes=  1  [test-only reader]   ops/score_post_fix.py:99
  'n_batches_excluded_rehearsal'       writes=  1  [NO READER]   ops/score_post_fix.py:99
  'n_batches_with_submissions'         writes=  1  [NO READER]   ops/score_post_fix.py:99
  'n_benign_conditional'               writes=  1  [NO READER]   live/venue_error_codes.py:323
  'n_benign_unconditional'             writes=  1  [NO READER]   live/venue_error_codes.py:323
  'n_changed'                          writes=  1  [test-only reader]   live/production_state_guard.py:91
  'n_codes'                            writes=  1  [NO READER]   live/venue_error_codes.py:307
  'n_coins_all4'                       writes=  1  [read-not-branched]   signal/assert_funding_dim.py:143
  'n_coins_all8'                       writes=  1  [read-not-branched]   signal/assert_funding_dim.py:143
  'n_compared'                         writes=  1  [read-not-branched]   live/pilot_metrics.py:470
  'n_comparisons_per_day'              writes=  1  [test-only reader]   live/watchdog.py:1050
  'n_comparisons_pooled'               writes=  1  [NO READER]   live/watchdog.py:591
  'n_contradictory_rows'               writes=  1  [test-only reader]   ops/score_post_fix.py:243
  'n_criteria'                         writes=  1  [NO READER]   ops/testnet_mc1.py:192
  'n_days_in_tree'                     writes=  1  [read-not-branched]   ops/check_prewindow_state.py:76
  'n_days_not_traded'                  writes=  1  [test-only reader]   live/watchdog.py:1050
  'n_days_unknown'                     writes=  1  [read-not-branched]   live/watchdog.py:1050
  'n_err_1111'                         writes=  1  [NO READER]   ops/score_post_fix.py:172
  'n_err_5022'                         writes=  1  [NO READER]   ops/score_post_fix.py:172
  'n_excluded_no_anchor_mid'           writes=  1  [test-only reader]   live/pilot_metrics.py:146
  'n_excluded_unknown_fill'            writes=  1  [test-only reader]   live/pilot_metrics.py:146
  'n_executed_symbols'                 writes=  1  [NO READER]   ops/backfill_fills.py:77
  'n_exit_only'                        writes=  1  [NO READER]   scheduler/anchor_loop.py:629
  'n_fill_rows'                        writes=  1  [NO READER]   live/watchdog.py:846
  'n_filled'                           writes=  1  [read-not-branched]   ops/check_prewindow_state.py:61
  'n_gaps'                             writes=  1  [NO READER]   ops/backfill_fills.py:152
  'n_gone'                             writes=  1  [NO READER]   scheduler/anchor_loop.py:629
  'n_historical_anomalies'             writes=  1  [test-only reader]   live/watchdog.py:974
  'n_hits'                             writes=  1  [test-only reader]   live/venue_error_codes.py:307
  'n_in_table'                         writes=  1  [read-not-branched]   signal/funding_panel.py:178
  'n_intervals_known'                  writes=  1  [NO READER]   live/binance_funding.py:501
  'n_known'                            writes=  1  [test-only reader]   live/universe_guard.py:87
  'n_latest'                           writes=  1  [NO READER]   ops/score_post_fix.py:364
  'n_legs_rebuilt_from_venue'          writes=  1  [NO READER]   ops/backfill_fills.py:107
  'n_leverage_off_expected'            writes=  1  [NO READER]   live/binance_broker.py:321
  'n_maker_rows_unknown'               writes=  1  [test-only reader]   live/pilot_metrics.py:300
  'n_markets'                          writes=  1  [NO READER]   live/watchdog_inputs.py:56
  'n_mismatch_or_absent'               writes=  1  [NO READER]   live/frozen_inputs.py:202
  'n_missing_symbols'                  writes=  1  [NO READER]   ops/backfill_fills.py:77
  'n_names'                            writes=  1  [NO READER]   ops/score_post_fix.py:336
  'n_names_pooled'                     writes=  1  [NO READER]   ops/score_post_fix.py:336
  'n_names_skipped'                    writes=  1  [NO READER]   live/binance_executor.py:849
  'n_names_with_maker_fill'            writes=  1  [NO READER]   ops/score_post_fix.py:127
  'n_new_listings_ignored'             writes=  1  [NO READER]   scheduler/anchor_loop.py:629
  'n_observed'                         writes=  1  [NO READER]   live/venue_error_codes.py:323
  'n_ok'                               writes=  1  [NO READER]   live/frozen_inputs.py:202
  'n_open'                             writes=  1  [read-not-branched]   ops/assert_anchor_artifacts.py:122
  'n_order_blocked_by_halt'            writes=  1  [NO READER]   ops/capture_halt_evidence.py:105
  'n_orders_with_unknown_regime'       writes=  1  [NO READER]   live/pilot_metrics.py:563
  'n_planned'                          writes=  1  [read-not-branched]   scheduler/anchor_loop.py:810
  'n_probes'                           writes=  1  [read-not-branched]   ops/testnet_probe.py:247
  'n_rate_limited'                     writes=  1  [test-only reader]   scheduler/anchor_loop.py:810
  'n_reconciled_anchors'               writes=  1  [test-only reader]   live/reconcile.py:387
  'n_redactions'                       writes=  1  [test-only reader]   live/telegram_notify.py:116
  'n_rehearsal_excluded'               writes=  1  [read-not-branched]   ops/dryrun_ledger.py:216
  'n_removed'                          writes=  1  [test-only reader]   live/production_state_guard.py:91
  'n_restricted'                       writes=  1  [NO READER]   live/venue_error_codes.py:323
  'n_rows_already_present'             writes=  1  [test-only reader]   ops/backfill_fills.py:107
  'n_rows_recoverable'                 writes=  1  [test-only reader]   ops/backfill_fills.py:107
  'n_rows_shortfall_unknown'           writes=  1  [test-only reader]   live/pilot_metrics.py:412
  'n_rows_total'                       writes=  1  [NO READER]   ops/capture_halt_evidence.py:105
  'n_rows_used'                        writes=  1  [NO READER]   signal/assert_funding_dim.py:143
  'n_rows_with_both_timestamps'        writes=  1  [NO READER]   ops/score_post_fix.py:223
  'n_rows_with_submit_ts'              writes=  1  [NO READER]   ops/capture_halt_evidence.py:105
  'n_settlements'                      writes=  1  [NO READER]   live/pilot_metrics.py:427
  'n_sign_mismatch'                    writes=  1  [read-not-branched]   live/pilot_metrics.py:470
  'n_sleep_before_guard'               writes=  1  [read-not-branched]   ops/check_nosleep.py:254
  'n_sleep_events'                     writes=  1  [test-only reader]   ops/check_nosleep.py:254
  'n_sleep_since_guard'                writes=  1  [read-not-branched]   ops/check_nosleep.py:254
  'n_span_derived'                     writes=  1  [read-not-branched]   signal/funding_panel.py:178
  'n_steps'                            writes=  1  [read-not-branched]   ops/gate_coverage.py:229
  'n_stress_anchors'                   writes=  1  [NO READER]   live/watchdog.py:846
  'n_submitted_orders'                 writes=  1  [test-only reader]   live/watchdog.py:1002
  'n_suites'                           writes=  1  [read-not-branched]   ops/gate_coverage.py:229
  'n_symbols_configured'               writes=  1  [NO READER]   live/binance_broker.py:296
  'n_targets'                          writes=  1  [NO READER]   scheduler/anchor_loop.py:810
  'n_topped_up'                        writes=  1  [test-only reader]   scheduler/anchor_loop.py:1005
  'n_trades'                           writes=  1  [NO READER]   signal/fapi_source.py:149
  'n_unattributed'                     writes=  1  [read-not-branched]   live/venue_fills.py:358
  'n_unclassified_codes'               writes=  1  [NO READER]   live/venue_error_codes.py:307
  'n_unclassified_hits'                writes=  1  [test-only reader]   live/venue_error_codes.py:307
  'n_unknown_fill'                     writes=  1  [NO READER]   live/pilot_metrics.py:159
  'n_unmeasured_fee'                   writes=  1  [read-not-branched]   live/pilot_metrics.py:146
  'n_unmeasured_fills'                 writes=  1  [test-only reader]   live/pilot_metrics.py:146
  'n_unmeasured_slippage'              writes=  1  [read-not-branched]   live/pilot_metrics.py:146
  'n_unpinnable'                       writes=  1  [test-only reader]   live/frozen_inputs.py:202
  'n_unpriced_days_in_window'          writes=  1  [test-only reader]   live/watchdog.py:754
  'n_unreconcilable'                   writes=  1  [read-not-branched]   live/reconcile.py:387
  'n_unreconcilable_by_kind'           writes=  1  [test-only reader]   live/reconcile.py:387
  'n_unreconcilable_window'            writes=  1  [read-not-branched]   live/watchdog.py:974
  'n_untradable_withheld'              writes=  1  [NO READER]   scheduler/anchor_loop.py:810
  'n_unverifiable_no_rate'             writes=  1  [test-only reader]   live/pilot_metrics.py:470
  'n_venue'                            writes=  1  [read-not-branched]   ops/check_funding_span.py:68
  'n_venue_reject'                     writes=  1  [NO READER]   ops/score_post_fix.py:172
  'n_venue_side_failures'              writes=  1  [NO READER]   live/watchdog_inputs.py:99
  'n_zero_cap_withheld'                writes=  1  [NO READER]   scheduler/anchor_loop.py:629
  'n_zero_max_notional'                writes=  1  [NO READER]   live/binance_broker.py:333
  'opening_halted'                     writes=  1  [read-not-branched]   scheduler/anchor_loop.py:1122
  'orders_rows_still_unknown'          writes=  1  [test-only reader]   ops/backfill_fills.py:161
  'q3_limit'                           writes=  1  [NO READER]   ops/score_post_fix.py:243
  'q4_limit'                           writes=  1  [test-only reader]   ops/score_post_fix.py:243
  'rvol_bps_min'                       writes=  1  [NO READER]   live/regime_classifier.py:36
  'shortfall_notional_by_terminal_reason' writes=  1  [test-only reader]   live/pilot_metrics.py:412
  'spread_bps'                         writes=  1  [read-not-branched]   signal/fapi_source.py:222
  'stage1_stale_readback_hint'         writes=  1  [NO READER]   live/watchdog.py:381
  'stale_pyc'                          writes=  1  [NO READER]   ops/check_scheduled_mode.py:208
  'tests_cond6_eligibility'            writes=  1  [NO READER]   ops/gate_coverage.py:118
  'tests_drift_gate'                   writes=  1  [NO READER]   ops/gate_coverage.py:118
  'tests_nav_staleness'                writes=  1  [NO READER]   ops/gate_coverage.py:118
  'thresholds_bps_min'                 writes=  1  [NO READER]   live/regime_classifier.py:73
  'timeout_ok'                         writes=  1  [NO READER]   signal/universe.py:35
  'track_rationale'                    writes=  1  [NO READER]   live/factor_version_registry.py:115
  'twin_limit'                         writes=  1  [NO READER]   ops/score_post_fix.py:243
  'unknown_regime_warning'             writes=  1  [NO READER]   live/pilot_metrics.py:563
  'unrecovered_drift'                  writes=  1  [test-only reader]   live/watchdog.py:1097
  'usable_as_coverage_evidence'        writes=  1  [NO READER]   live/binance_funding.py:411
  'venue_vs_inferred_drift_usd_max'    writes=  1  [NO READER]   live/pilot_metrics.py:412
  'warmup_floor_h'                     writes=  1  [NO READER]   signal/compute_preds.py:177
  'worst_day_pct'                      writes=  1  [test-only reader]   live/watchdog.py:790
  'worst_day_pct_of_target_gross'      writes=  1  [NO READER]   live/pilot_metrics.py:526
  'worst_stress_markout_bps'           writes=  1  [test-only reader]   live/watchdog.py:846

##########################################################################################
# M3  ZERO IS A MISSING VALUE WEARING A VALUE
##########################################################################################

--- M3.a  .get(k, 0 | 0.0 | False) in production ---
  'dryrun_fast_k'                  n=1  costy=True
       scheduler/run_anchor.py:200 default=False  > fast = ((bool(cfg.get("dryrun_fast_k", False)) or os.environ.get("LIVE_FAST_K") == "1")
  'leverage'                       n=2  costy=True
       live/binance_broker.py:303 default=0  > levs = sorted({int(c.get("leverage", 0)) for c in cfg})
       live/binance_broker.py:320 default=0  > off = sorted(c["symbol"] for c in cfg if int(c.get("leverage", 0)) != int(_want))
  'n_filled_orders'                n=1  costy=True
       live/pilot_metrics.py:561 default=0  > n_unknown = out["M1_effective_cost"]["by_regime"].get("unknown", {}).get("n_filled_orders", 0)
  'n_live'                         n=1  costy=True
       ops/testnet_anchor.py:186 default=0  > outA.get("n_live", 0) == n_expected_live,
  'n_priced_days'                  n=1  costy=True
       live/watchdog.py:865 default=0  > "n_priced_days": sl.get("n_priced_days", 0),
  'n_symbols_with_own_minimum'     n=1  costy=True
       live/watchdog.py:1000 default=0  > (_rec.get("dust_floor") or {})
  'notional'                       n=4  costy=True
       live/binance_broker.py:714 default=0.0  > return {p["symbol"]: float(p.get("notional", 0.0))
       live/binance_broker.py:715 default=0.0  > for p in acct.get("positions", []) if abs(float(p.get("notional", 0.0))) > 0}
       live/binance_broker.py:743 default=0.0  > "positions_notional": {p["symbol"]: float(p.get("notional", 0.0))
  'rebalance_fail_rate'            n=1  costy=True
       live/watchdog.py:1089 default=0.0  > fr = [o.get("rebalance_fail_rate", 0.0) for o in ops]
  'weight_waits'                   n=1  costy=True
       scheduler/run_anchor.py:545 default=0  > f"waits={_st.get('weight_waits', 0) + _st.get('order_waits', 0)} "
  'TRANSFER'                       n=1  costy=False
       live/binance_broker.py:783 default=0.0  > "external_flow": by_type.get("TRANSFER", 0.0),
  'anchor_ts'                      n=1  costy=False
       scheduler/anchor_loop.py:144 default=0  > prior = [r for r in rows if float(r.get("anchor_ts", 0)) < float(before_anchor_ts)]
  'consecutive_failed_attempts'    n=1  costy=False
       live/watchdog.py:948 default=0  > consec_attempts = max([e.get("consecutive_failed_attempts", 0) for e in ve] or [0])
  'income'                         n=1  costy=False
       live/binance_broker.py:777 default=0.0  > + float(r.get("income", 0.0)))
  'order_waits'                    n=1  costy=False
       scheduler/run_anchor.py:545 default=0  > f"waits={_st.get('weight_waits', 0) + _st.get('order_waits', 0)} "
  'stage1_reread_before_retry'     n=1  costy=False
       live/watchdog.py:386 default=0  > out["stage1_reread_before_retry"] = out.get("stage1_reread_before_retry", 0) + 1
  'ts'                             n=1  costy=False
       ops/assert_anchor_artifacts.py:268 default=0  > if r.get("delivered_offbox") and (time.time() - float(r.get("ts", 0) or 0))
  'wait_seconds'                   n=1  costy=False
       scheduler/run_anchor.py:546 default=0.0  > f"wait_s={round(_st.get('wait_seconds', 0.0), 2)} "

--- M3.b  `X or 0` / `X or 0.0` / `float(X or 0)` idiom in production ---
  live/binance_broker.py:332  > if float(c.get("maxNotionalValue") or 0) == 0)[:20]
  live/binance_broker.py:334  > if float(c.get("maxNotionalValue") or 0) == 0)
  live/binance_broker.py:453  > if float(resp.get("executedQty") or 0.0) <= 0:
  live/binance_broker.py:466  > ex = float(o.get("executedQty") or 0.0)
  live/binance_broker.py:507  > if float(resp.get("executedQty") or 0.0) <= 0:
  live/binance_broker.py:519  > ex_q, avg = float(o.get("executedQty") or 0), float(o.get("avgPrice") or 0)
  live/binance_executor.py:109  > q = abs(float(t.get("qty") or 0.0))
  live/binance_executor.py:114  > else q * abs(float(t.get("price") or 0.0)))
  live/binance_executor.py:171  > d["max_qty"] = float(flt.get("maxQty") or 0.0) or None
  live/binance_executor.py:177  > d["mkt_max_qty"] = float(flt.get("maxQty") or 0.0) or None
  live/binance_executor.py:178  > d["mkt_step"] = float(flt.get("stepSize") or 0.0) or None
  live/binance_executor.py:478  > p["maker_executed_qty"] = float(resp.get("executedQty") or 0.0)
  live/pilot_metrics.py:352  > real += abs(float(o["filled_notional"] or 0.0)) / g
  live/reconcile.py:7  > f = float(o["filled_notional"] or 0.0)
  live/reconcile.py:151  > n = float(row.get("venue_position_notional") or 0.0)
  live/venue_fills.py:125  > ex = float(r.get("executedQty") or 0.0)
  live/venue_fills.py:129  > avg = float(r.get("avgPrice") or 0.0)
  live/venue_fills.py:172  > ex = float(r.get("executedQty") or 0.0)
  live/venue_fills.py:176  > avg = float(r.get("avgPrice") or 0.0)
  live/venue_fills.py:229  > q = float(r.get("quoteQty") or 0.0)
  live/venue_fills.py:241  > c = abs(float(r.get("commission") or 0.0))
  live/venue_fills.py:248  > "side": r.get("side"), "price": float(r.get("price") or 0.0),
  live/venue_fills.py:249  > "qty": float(r.get("qty") or 0.0), "quote_qty": q,
  live/venue_fills.py:250  > "commission": float(r.get("commission") or 0.0),
  live/venue_fills.py:340  > unattributed_commission += abs(float(t.get("commission") or 0.0))
  live/venue_fills.py:347  > c = abs(float(t.get("commission") or 0.0))
  live/venue_fills.py:432  > q = abs(float(t.get("qty") or 0.0))
  live/venue_fills.py:433  > n = abs(float(t.get("quote_qty") or 0.0)) or q * abs(float(t.get("price") or 0.0))
  live/venue_fills.py:442  > commission += abs(float(t.get("commission") or 0.0))
  live/venue_fills.py:443  > elif float(t.get("commission") or 0.0):
  live/watchdog.py:573  > mawe, n = m.get("mean_abs_weight_error"), int(m.get("n_comparisons") or 0)
  live/watchdog.py:724  > per_day_wcorr_n.append(int(_w6.get("n_comparisons") or 0))
  live/watchdog.py:727  > n_anchors_excluded += int(_w6.get("n_anchors_excluded_not_traded") or 0)
  live/watchdog.py:728  > n_anchors_eligible += int(_w6.get("n_anchors_eligible") or 0)
  live/watchdog.py:1316  > qty = float(o.get("quantity") or 0.0)
  ops/assert_anchor_artifacts.py:380  > n_filled = sum(1 for o in orders if float(o.get("filled_notional") or 0) != 0)
  ops/dryrun_ledger.py:82  > and (_pa.get("n_live") or 0) > 0)
  ops/first_real_anchor.py:48  > print(f"★ filled: {len(filled)}  notional {sum(abs(float(o.get('filled_notional') or 0)) for o in filled):.2f}")
  scheduler/anchor_loop.py:150  > r.get("venue_position_notional") or 0.0)) > 1e-9:
  scheduler/anchor_loop.py:620  > if float(c.get("maxNotionalValue") or 0) == 0}
  scheduler/anchor_loop.py:855  > filled = {s_: float(d.get("filled_notional") or 0.0) for s_, d in _details.items()}
  scheduler/run_anchor.py:317  > _st, _nu = _df.get("state"), (_df.get("n_unreconcilable_latest") or 0)

##########################################################################################
# M4  NEVER-EXECUTED BRANCHES  (fingerprint value emitted by code, absent from ledger)
#     ledgers split LIVE vs TESTNET: a value seen only on testnet is unexercised in prod
##########################################################################################

  field 'terminal_reason'   emitted-in-code=14  LIVE=6  TESTNET=9
      'abandoned_max_attempts'           ★ TESTNET-ONLY               live/pilot_log.py:39  [declared enum]
      'abandoned_spread_gt_25bps'        ★★ NEVER EXECUTED ANYWHERE   live/pilot_log.py:38  [declared enum]
      "an outcome other than today's"    ★★ NEVER EXECUTED ANYWHERE   ops/assert_anchor_artifacts.py:353
      'blocked_by_halt'                  LIVE+TESTNET                 live/binance_executor.py:448
      'filled'                           LIVE+TESTNET                 live/pilot_log.py:38  [declared enum]
      'filled_amount_unknown'            ★ TESTNET-ONLY               live/pilot_log.py:71  [declared enum]
      'never_submitted'                  ★★ NEVER EXECUTED ANYWHERE   live/pilot_log.py:51  [declared enum]
      'partial_expired'                  LIVE+TESTNET                 live/pilot_log.py:38  [declared enum]
      'skipped_min_notional'             LIVE+TESTNET                 live/pilot_log.py:39  [declared enum]
      'skipped_no_mid'                   LIVE+TESTNET                 live/pilot_log.py:40  [declared enum]
      'skipped_rate_limit'               ★★ NEVER EXECUTED ANYWHERE   live/pilot_log.py:39  [declared enum]
      'skipped_unknown_fill'             ★ TESTNET-ONLY               live/pilot_log.py:41  [declared enum]
      'submitted_rejected'               ★★ NEVER EXECUTED ANYWHERE   live/pilot_log.py:51  [declared enum]
      'venue_reject'                     LIVE+TESTNET                 live/pilot_log.py:40  [declared enum]

  field 'order_type'   emitted-in-code=4  LIVE=2  TESTNET=3
      'a top-up leg'                     ★★ NEVER EXECUTED ANYWHERE   ops/assert_anchor_artifacts.py:351
      'maker'                            LIVE+TESTNET                 live/pilot_log.py:104  [declared enum]
      'protective_flatten'               ★ TESTNET-ONLY               live/watchdog.py:1324
      'topup_taker'                      LIVE+TESTNET                 live/pilot_log.py:104  [declared enum]

  field 'status'   emitted-in-code=6  LIVE=2  TESTNET=0
      'COLD_START'                       ★★ NEVER EXECUTED ANYWHERE   live/binance_funding.py:69
      'CONTINUOUS'                       ★★ NEVER EXECUTED ANYWHERE   live/binance_funding.py:78
      'DELIVERED'                        LIVE-only                    live/telegram_notify.py:149
      'FAILED'                           ★★ NEVER EXECUTED ANYWHERE   live/telegram_notify.py:157
      'MISSED'                           ★★ NEVER EXECUTED ANYWHERE   ops/dryrun_ledger.py:185
      'PERMANENT_GAP'                    ★★ NEVER EXECUTED ANYWHERE   live/binance_funding.py:73

  field 'kind'   emitted-in-code=7  LIVE=0  TESTNET=0
      'account_side_anomaly'             ★★ NEVER EXECUTED ANYWHERE   live/watchdog_inputs.py:137
      'execution_of_unknown_size'        ★★ NEVER EXECUTED ANYWHERE   live/reconcile.py:322
      'no_qty_column'                    ★★ NEVER EXECUTED ANYWHERE   live/reconcile.py:339
      'no_usable_mark'                   ★★ NEVER EXECUTED ANYWHERE   live/reconcile.py:361
      'outage'                           ★★ NEVER EXECUTED ANYWHERE   live/watchdog_inputs.py:142
      'public_path_unreachable'          ★★ NEVER EXECUTED ANYWHERE   live/watchdog_inputs.py:146
      'quantity_residual'                ★★ NEVER EXECUTED ANYWHERE   live/reconcile.py:374

  field 'source'   emitted-in-code=21  LIVE=0  TESTNET=2
      'Binance docs'                     ★★ NEVER EXECUTED ANYWHERE   live/venue_error_codes.py:219
      'HL API docs'                      ★★ NEVER EXECUTED ANYWHERE   live/venue_error_codes.py:64
      'HTTP'                             ★★ NEVER EXECUTED ANYWHERE   live/venue_error_codes.py:77
      'fapi/v3/account@post_anchor'      ★ TESTNET-ONLY               scheduler/anchor_loop.py:1090
      'general'                          ★★ NEVER EXECUTED ANYWHERE   live/venue_error_codes.py:223
      'ladder_flatten@post_flatten'      ★ TESTNET-ONLY               live/watchdog.py:1228
      'observed: 1 hit, maker leg, 2026-07-26' ★★ NEVER EXECUTED ANYWHERE   live/venue_error_codes.py:166
      'observed: 1 hit, topup_taker, 2026-07-26' ★★ NEVER EXECUTED ANYWHERE   live/venue_error_codes.py:151
      'observed: crossing GTX buy at ask*1.02' ★★ NEVER EXECUTED ANYWHERE   live/venue_error_codes.py:102
      'observed: qty = step*n + step/3'  ★★ NEVER EXECUTED ANYWHERE   live/venue_error_codes.py:110
      'observed: reduceOnly sell on a flat account' ★★ NEVER EXECUTED ANYWHERE   live/venue_error_codes.py:120
      "position_readback (our own record of the venue's answer)" ★★ NEVER EXECUTED ANYWHERE   live/binance_funding.py:341
      'position_readback (same path as drift detection)' ★★ NEVER EXECUTED ANYWHERE   live/watchdog.py:991
      'transport layer'                  ★★ NEVER EXECUTED ANYWHERE   live/venue_error_codes.py:213
      'venue allOrders'                  ★★ NEVER EXECUTED ANYWHERE   live/venue_fills.py:632

  field 'action'   emitted-in-code=28  LIVE=0  TESTNET=0
      'LOCK_SKIP'                        ★★ NEVER EXECUTED ANYWHERE   ops/dryrun_ledger.py:97
      'NOT benign — outage path'         ★★ NEVER EXECUTED ANYWHERE   live/venue_error_codes.py:193
      'NOT benign — we intended to trade and could not' ★★ NEVER EXECUTED ANYWHERE   live/venue_error_codes.py:221
      'account-anomaly path'             ★★ NEVER EXECUTED ANYWHERE   live/venue_error_codes.py:67
      'back off; NOT a restriction'      ★★ NEVER EXECUTED ANYWHERE   live/venue_error_codes.py:73
      'cancel'                           ★★ NEVER EXECUTED ANYWHERE   live/binance_broker.py:553
      'cancel_dry_run'                   ★★ NEVER EXECUTED ANYWHERE   live/binance_broker.py:547
      'cancel_noop'                      ★★ NEVER EXECUTED ANYWHERE   live/binance_broker.py:559
      'flatten_all'                      ★★ NEVER EXECUTED ANYWHERE   live/binance_broker.py:667
      'halt_opening_orders'              ★★ NEVER EXECUTED ANYWHERE   live/binance_broker.py:687
      'order_blocked_by_halt'            ★★ NEVER EXECUTED ANYWHERE   live/binance_broker.py:383
      'outage path (same conservative action)' ★★ NEVER EXECUTED ANYWHERE   live/venue_error_codes.py:86
      'reduce size (not a restriction)'  ★★ NEVER EXECUTED ANYWHERE   live/venue_error_codes.py:63
      'set_reduce_only'                  ★★ NEVER EXECUTED ANYWHERE   live/binance_broker.py:680
      'store_true'                       ★★ NEVER EXECUTED ANYWHERE   live/pilot_metrics.py:608
      'submit'                           ★★ NEVER EXECUTED ANYWHERE   live/binance_broker.py:415
      'submit_dry_run'                   ★★ NEVER EXECUTED ANYWHERE   live/binance_broker.py:388
      'submit_failed'                    ★★ NEVER EXECUTED ANYWHERE   live/binance_broker.py:425

##########################################################################################
# APPENDIX  ledger-observed fingerprint values with no literal in code (dynamic strings)
##########################################################################################
  fee_source [TESTNET]: ['/fapi/v1/userTrades, 1 child fill(s), maker', '/fapi/v1/userTrades, 1 child fill(s), topup_taker', '/fapi/v1/userTrades, 10 child fill(s), maker', '/fapi/v1/userTrades, 10 child fill(s), topup_taker', '/fapi/v1/userTrades, 105 child fill(s), maker', '/fapi/v1/userTrades, 11 child fill(s), maker', '/fapi/v1/userTrades, 117 child fill(s), maker', '/fapi/v1/userTrades, 12 child fill(s), maker', '/fapi/v1/userTrades, 12 child fill(s), topup_taker', '/fapi/v1/userTrades, 13 child fill(s), maker', '/fapi/v1/userTrades, 14 child fill(s), maker', '/fapi/v1/userTrades, 15 child fill(s), maker', '/fapi/v1/userTrades, 16 child fill(s), maker', '/fapi/v1/userTrades, 17 child fill(s), maker', '/fapi/v1/userTrades, 17 child fill(s), topup_taker', '/fapi/v1/userTrades, 18 child fill(s), maker', '/fapi/v1/userTrades, 19 child fill(s), maker', '/fapi/v1/userTrades, 19 child fill(s), topup_taker', '/fapi/v1/userTrades, 2 child fill(s), maker', '/fapi/v1/userTrades, 2 child fill(s), topup_taker', '/fapi/v1/userTrades, 20 child fill(s), maker', '/fapi/v1/userTrades, 21 child fill(s), maker', '/fapi/v1/userTrades, 22 child fill(s), maker', '/fapi/v1/userTrades, 23 child fill(s), maker', '/fapi/v1/userTrades, 24 child fill(s), maker', '/fapi/v1/userTrades, 25 child fill(s), maker', '/fapi/v1/userTrades, 26 child fill(s), maker', '/fapi/v1/userTrades, 27 child fill(s), maker', '/fapi/v1/userTrades, 28 child fill(s), maker', '/fapi/v1/userTrades, 29 child fill(s), maker', '/fapi/v1/userTrades, 3 child fill(s), maker', '/fapi/v1/userTrades, 3 child fill(s), topup_taker', '/fapi/v1/userTrades, 30 child fill(s), maker', '/fapi/v1/userTrades, 31 child fill(s), maker', '/fapi/v1/userTrades, 32 child fill(s), maker', '/fapi/v1/userTrades, 32 child fill(s), topup_taker', '/fapi/v1/userTrades, 33 child fill(s), maker', '/fapi/v1/userTrades, 34 child fill(s), maker', '/fapi/v1/userTrades, 35 child fill(s), maker', '/fapi/v1/userTrades, 37 child fill(s), maker', '/fapi/v1/userTrades, 38 child fill(s), maker', '/fapi/v1/userTrades, 39 child fill(s), maker', '/fapi/v1/userTrades, 4 child fill(s), maker', '/fapi/v1/userTrades, 40 child fill(s), maker', '/fapi/v1/userTrades, 41 child fill(s), maker', '/fapi/v1/userTrades, 42 child fill(s), maker', '/fapi/v1/userTrades, 42 child fill(s), topup_taker', '/fapi/v1/userTrades, 43 child fill(s), maker', '/fapi/v1/userTrades, 44 child fill(s), maker', '/fapi/v1/userTrades, 45 child fill(s), maker', '/fapi/v1/userTrades, 46 child fill(s), maker', '/fapi/v1/userTrades, 47 child fill(s), maker', '/fapi/v1/userTrades, 48 child fill(s), maker', '/fapi/v1/userTrades, 49 child fill(s), maker', '/fapi/v1/userTrades, 5 child fill(s), maker', '/fapi/v1/userTrades, 51 child fill(s), maker', '/fapi/v1/userTrades, 52 child fill(s), maker', '/fapi/v1/userTrades, 54 child fill(s), maker', '/fapi/v1/userTrades, 55 child fill(s), maker', '/fapi/v1/userTrades, 58 child fill(s), maker', '/fapi/v1/userTrades, 6 child fill(s), maker', '/fapi/v1/userTrades, 60 child fill(s), maker', '/fapi/v1/userTrades, 62 child fill(s), maker', '/fapi/v1/userTrades, 63 child fill(s), maker', '/fapi/v1/userTrades, 64 child fill(s), maker', '/fapi/v1/userTrades, 65 child fill(s), maker', '/fapi/v1/userTrades, 66 child fill(s), maker', '/fapi/v1/userTrades, 68 child fill(s), maker', '/fapi/v1/userTrades, 7 child fill(s), maker', '/fapi/v1/userTrades, 70 child fill(s), maker', '/fapi/v1/userTrades, 71 child fill(s), maker', '/fapi/v1/userTrades, 72 child fill(s), maker', '/fapi/v1/userTrades, 73 child fill(s), maker', '/fapi/v1/userTrades, 74 child fill(s), maker', '/fapi/v1/userTrades, 76 child fill(s), maker', '/fapi/v1/userTrades, 77 child fill(s), maker', '/fapi/v1/userTrades, 77 child fill(s), topup_taker', '/fapi/v1/userTrades, 78 child fill(s), maker', '/fapi/v1/userTrades, 8 child fill(s), maker', '/fapi/v1/userTrades, 80 child fill(s), maker', '/fapi/v1/userTrades, 84 child fill(s), maker', '/fapi/v1/userTrades, 9 child fill(s), maker', '/fapi/v1/userTrades, 91 child fill(s), maker', '/fapi/v1/userTrades, 97 child fill(s), maker', 'measured zero — symbol queried, no fills on this leg']
  status [LIVE]: ['NOT_CONFIGURED']
  regime_at_anchor [LIVE]: ['calm']
  regime_at_anchor [TESTNET]: ['calm']


==========================================================================================
PART 2 — TARGETED VERIFICATION
==========================================================================================

### F1  §4-3 cond3_crash_markout reads M2 with NO coverage term ###
  m2_markout returns markout_bps AND n_unmeasured/measurement_complete;
  watchdog.py:827 takes ONLY ['markout_bps'].  Coverage per day:
    20260726: markout_bps=6.9634  marked=396  unmeasured=875  coverage=31.2%
    20260727: markout_bps=2.0071  marked=688  unmeasured=2615  coverage=20.8%
    20260728: markout_bps=0.1154  marked=295  unmeasured=2355  coverage=11.1%
  -> the guard's `hit` test is `worst_mk is not None and (-worst_mk) < LIMIT`.
     ONE marked fill out of 2694 satisfies `is not None` and reads as 'input, nothing wrong'.
     The `_n3` note ladder explains only the ZERO-fills case; there is no low-coverage rung.

### F2  protective_flatten_cost.fee_paid: sum over `is not None`, no counter ###
    TESTNET 20260726: n_rows=209  filled_notional=0.00  REPORTED fee_paid=0  fee_paid=None on 209/209 rows  [block has n_unknown_fill but NO n_unmeasured_fee]
    TESTNET 20260727: n_rows=204  filled_notional=45965.65  REPORTED fee_paid=0  fee_paid=None on 204/204 rows  [block has n_unknown_fill but NO n_unmeasured_fee]
    TESTNET 20260728: n_rows=110  filled_notional=23786.45  REPORTED fee_paid=0  fee_paid=None on 110/110 rows  [block has n_unknown_fill but NO n_unmeasured_fee]
  -> pilot_metrics.py:165. The sibling block above it (m1) counts n_unmeasured_fee and
     the file's own comment says `or 0.0` there was 'still fabricating'. Same fold, 20
     lines lower, un-counted: the emergency exit reports a fee of exactly 0.

### F3  markout backfill: runs, fetches, writes back — and is capped 3-4x under supply ###
    2026-07-26T12:19:20Z markout_backfill: day=20260726 pending=1268 written=150 no_trade=0 CAPPED
    2026-07-26T16:17:20Z markout_backfill: day=20260726 pending=1232 written=150 no_trade=0 CAPPED
    2026-07-26T20:16:46Z markout_backfill: day=20260726 pending=1082 written=0 no_trade=150 CAPPED
    2026-07-27T00:20:11Z markout_backfill: day=20260726 pending=1082 written=0 no_trade=150 CAPPED
    2026-07-27T04:16:44Z markout_backfill: day=20260726 pending=1082 written=150 no_trade=0 CAPPED
    2026-07-27T08:19:48Z markout_backfill: day=20260727 pending=1431 written=150 no_trade=0 CAPPED
    2026-07-27T12:17:54Z markout_backfill: day=20260727 pending=2389 written=150 no_trade=0 CAPPED
    2026-07-27T16:20:26Z markout_backfill: day=20260727 pending=3138 written=150 no_trade=0 CAPPED
    2026-07-27T20:16:18Z markout_backfill: day=20260727 pending=2997 written=150 no_trade=0 CAPPED
    2026-07-28T00:17:00Z markout_backfill: day=20260727 pending=2847 written=150 no_trade=0 CAPPED
    2026-07-28T04:18:03Z markout_backfill: day=20260728 pending=1651 written=150 no_trade=0 CAPPED
    2026-07-28T08:19:38Z markout_backfill: day=20260728 pending=2515 written=150 no_trade=0 CAPPED
  DEFAULT_MAX_ROWS=150 per RUN; anchors_utc=[0,4,8,12,16,20] -> 6 runs/day = 900 marks/day.
    supply 20260726: 1382 distinct fills/day  vs capacity 900/day
    supply 20260727: 3447 distinct fills/day  vs capacity 900/day
    supply 20260728: 2694 distinct fills/day  vs capacity 900/day
  ops/backfill_markout.py:141 `days = reversed(available_days)` = NEWEST FIRST, and
  line 148 `budget -= r['n_written']`: the newest day eats the whole budget, so an older
  day freezes at whatever it reached. Observed: 07-26 stopped being served at 08:19Z on
  07-27 with pending=932 and has not moved since.
  ALSO: n_no_trade does NOT decrement the outer budget -> a systematic empty-window
  condition fires 150 aggTrades (weight 20) PER DAY-DIRECTORY in one run.

### F4  fee_paid=None on rows that really traded (filled_notional>0) ###
    total real-fill rows with fee_paid=None across every ledger: 366
      TESTNET  20260726 topup_taker          filled                 n=54
      TESTNET  20260727 protective_flatten   filled                 n=203
      TESTNET  20260728 protective_flatten   filled                 n=109
  forward: watchdog.py:1349 `fee_paid=ex.get('commission')` (11e6813) -> flatten rows will
           carry it when the userTrades join lands, None otherwise, never 0.0. VERIFIED.
  historical consumers: m1 excludes protective_flatten by ruling -> the 312 flatten rows
           reach only F2's uncounted sum. The 54 topup_taker rows DO enter m1 and are
           counted there (n_unmeasured_fee), which turns measurement_complete False.

### F5  venue_fills.fill_details_for: cumQuote unreadable -> filled_notional 0.0 ###
  venue_fills.py:123-125   q = float(r.get('cumQuote') or 0.0)
                           ex = float(r.get('executedQty') or 0.0)
                           if q <= 0 and ex <= 0: continue
  A child with executedQty>0 and cumQuote absent PASSES the filter and adds 0.0 to
  `notional`; the symbol is then in `out`, so anchor_loop.py:855 puts it in `filled`
  (NOT in `unknown`, which only covers symbols that could not be REACHED).
  duplicated verbatim at venue_fills.py:171-173 (the retry pass).
  This is the sizing input for top-up. NOT observed in any ledger to date -> LATENT.

### F6  terminal_reason: which verdicts have NEVER been produced by the LIVE tree ###
    'abandoned_max_attempts'           LIVE=     0  TESTNET=   160  ★ TESTNET-ONLY
    'abandoned_spread_gt_25bps'        LIVE=     0  TESTNET=     0  ★★ NEVER PRODUCED ANYWHERE
    'blocked_by_halt'                  LIVE= 19246  TESTNET=   857  
    'filled'                           LIVE=   826  TESTNET=   456  
    'filled_amount_unknown'            LIVE=     0  TESTNET=     1  ★ TESTNET-ONLY
    'never_submitted'                  LIVE=     0  TESTNET=     0  ★★ NEVER PRODUCED ANYWHERE
    'partial_expired'                  LIVE=   826  TESTNET=   648  
    'skipped_min_notional'             LIVE=  8198  TESTNET=   374  
    'skipped_no_mid'                   LIVE=  1100  TESTNET=    16  
    'skipped_rate_limit'               LIVE=     0  TESTNET=     0  ★★ NEVER PRODUCED ANYWHERE
    'skipped_unknown_fill'             LIVE=     0  TESTNET=   101  ★ TESTNET-ONLY
    'submitted_rejected'               LIVE=     0  TESTNET=     0  ★★ NEVER PRODUCED ANYWHERE
    'venue_reject'                     LIVE=   220  TESTNET=   304  
