{
 "n_rows": 46,
 "missing": [
  {
   "A": "09-21T16Z",
   "why": "the producer ran (target_live exists) but combo did not publish, so no snapshot"
  },
  {
   "A": "09-26T12Z",
   "why": "the producer never ran this anchor (no target_live, no snapshot)"
  },
  {
   "A": "09-26T16Z",
   "why": "the producer never ran this anchor (no target_live, no snapshot)"
  },
  {
   "A": "09-27T04Z",
   "why": "not yet run at the time of this reading"
  }
 ],
 "mean_0919_0926": {
  "k1": {
   "L_KZ": -0.07119,
   "L_zf": -0.01851,
   "L_ZFD": -0.01154,
   "T_K": -0.01539,
   "T_F10": -0.00323,
   "T_FUND": -0.00693,
   "S": -0.02556,
   "E": -0.09234
  },
  "k3": {
   "L_KZ": -0.09574,
   "L_zf": -0.01961,
   "L_ZFD": -0.02143,
   "T_K": -0.0207,
   "T_F10": -0.00342,
   "T_FUND": -0.01313,
   "S": -0.03724,
   "E": -0.18613
  },
  "k7": {
   "L_KZ": -0.09435,
   "L_zf": -0.00981,
   "L_ZFD": -0.04097,
   "T_K": -0.02045,
   "T_F10": -0.00168,
   "T_FUND": -0.02489,
   "S": -0.04702,
   "E": -0.29942
  },
  "w0": 0.3938,
  "n": 45
 },
 "mean_old_era_0919_0924T04": {
  "k1": {
   "L_KZ": -0.07432,
   "L_zf": -0.01724,
   "L_ZFD": -0.00371,
   "T_K": -0.01589,
   "T_F10": -0.00297,
   "T_FUND": -0.00233,
   "S": -0.02119,
   "E": -0.06769
  },
  "k3": {
   "L_KZ": -0.09782,
   "L_zf": -0.02563,
   "L_ZFD": -0.02151,
   "T_K": -0.02091,
   "T_F10": -0.00446,
   "T_FUND": -0.01337,
   "S": -0.03875,
   "E": -0.1874
  },
  "k7": {
   "L_KZ": -0.09088,
   "L_zf": -0.01569,
   "L_ZFD": -0.04678,
   "T_K": -0.01946,
   "T_F10": -0.00272,
   "T_FUND": -0.02855,
   "S": -0.05073,
   "E": -0.30114
  },
  "w0": 0.38942,
  "n": 31
 },
 "mean_nc_era_0924T08_on": {
  "k1": {
   "L_KZ": -0.06548,
   "L_zf": -0.02077,
   "L_ZFD": -0.02842,
   "T_K": -0.01452,
   "T_F10": -0.00372,
   "T_FUND": -0.01687,
   "S": -0.03511,
   "E": -0.14265
  },
  "k3": {
   "L_KZ": -0.0912,
   "L_zf": -0.00506,
   "L_ZFD": -0.02321,
   "T_K": -0.0202,
   "T_F10": -0.00089,
   "T_FUND": -0.01379,
   "S": -0.03489,
   "E": -0.18767
  },
  "k7": {
   "L_KZ": -0.10101,
   "L_zf": 0.0042,
   "L_ZFD": -0.02766,
   "T_K": -0.02238,
   "T_F10": 0.00077,
   "T_FUND": -0.01652,
   "S": -0.03813,
   "E": -0.29021
  },
  "w0": 0.40283,
  "n": 15
 },
 "mean_after_reseed": {
  "k1": {
   "L_KZ": -0.0777,
   "L_zf": 0.00533,
   "L_ZFD": -0.03806,
   "T_K": -0.01691,
   "T_F10": 0.00097,
   "T_FUND": -0.02295,
   "S": -0.0389,
   "E": -0.12192
  },
  "k3": {
   "L_KZ": -0.08713,
   "L_zf": 0.02549,
   "L_ZFD": -0.05293,
   "T_K": -0.01897,
   "T_F10": 0.00456,
   "T_FUND": -0.03198,
   "S": -0.04639,
   "E": -0.24565
  },
  "k7": {
   "L_KZ": -0.08252,
   "L_zf": 0.02488,
   "L_ZFD": -0.02443,
   "T_K": -0.01796,
   "T_F10": 0.00444,
   "T_FUND": -0.01476,
   "S": -0.02828,
   "E": -0.2256
  },
  "w0": 0.39583,
  "n": 2
 }
}
