RUNS_DONE 2026-09-05T11:22:37Z
logs/commands.txt:END[prod_phi055_s2027] rc=0 2026-09-05T11:22:36Z
logs/commands.txt:END[prod_phi025_s42] rc=0 2026-09-05T11:22:37Z
logs/commands.txt:END[prod_phi065_s2027] rc=0 2026-09-05T11:22:37Z
logs/commands.txt:END[prod_phi055_s42] rc=0 2026-09-05T11:22:37Z
logs/commands.txt:END[prod_phi035_s42] rc=0 2026-09-05T11:22:37Z
logs/commands.txt:END[prod_phi065_s42] rc=0 2026-09-05T11:22:37Z
logs/commands.txt:END[prod_phi025_s2027] rc=0 2026-09-05T11:22:37Z
logs/commands.txt:END[prod_phi035_s2027] rc=0 2026-09-05T11:22:37Z
8684d9a9f43a8d15beaa559cd12bd8f2977a3d088b01b93835f60f2bbf98a53d  w10_health.py
ccb7a0805be2a106898467b5ffef3a8fd4813a659e044492c0a437b0e5d7aece  masks/umask_UPIT.npz
9349ca634747772dcfc9adfb7a42a5c7b5b34f60bc7f31bc6fd95c4ae5d0fc42  calib/costb_fee_steady.json
e1fa6a95632055cca71d37f369856b836cdf1241e0e303989c4b24b00a8573ff  dev_alt/probe_artifacts/w10_ablation_series_prod_phi025_s2027.npz
7be038be8a420f0a25f5e86f5a40d4f2af51a21eec2db43a362a5f2aea31ef84  dev_alt/probe_artifacts/w10_ablation_series_prod_phi025_s42.npz
10f21057764758a51ffe90fc86d470e0b954211b73c14a8070bd665c7bfa2977  dev_alt/probe_artifacts/w10_ablation_series_prod_phi035_s2027.npz
cc97d6f2a2668726e460b7431a9a8afafc455cfbe3a306c59a5aa26285cf433b  dev_alt/probe_artifacts/w10_ablation_series_prod_phi035_s42.npz
4c6195ed4c83aa537da609e55cd4d59eaac3fa3f414e0074d9894e8136fa8873  dev_alt/probe_artifacts/w10_ablation_series_prod_phi055_s2027.npz
29c898d74ffe69348560ad2f6624438ae09b38a43bd9c1cad17f77c43332f45e  dev_alt/probe_artifacts/w10_ablation_series_prod_phi055_s42.npz
3b3ee1f5c48db357556c5a63a3ac9ac9d291fa7ba2e0a53f0cf90324e06658de  dev_alt/probe_artifacts/w10_ablation_series_prod_phi065_s2027.npz
45c8ac17efbec64e52cc3f1fa4af927e98fd0a5a3f8198c04f68ff87fbcca15d  dev_alt/probe_artifacts/w10_ablation_series_prod_phi065_s42.npz
JUDGE rc=0 2026-09-05T11:22:39Z
CHAIN_PHI_DONE 2026-09-05T11:22:39Z
