LOADED 12 artifacts (4 anchors from f10_caliber, sha-asserted; 8 new); device sha256 8684d9a9f43a8d15beaa559cd12bd8f2977a3d088b01b93835f60f2bbf98a53d; identical anchor set n=10038 first 2022-01-31 00:00 last 2026-08-30 20:00
window sizes: 2024=2196, 2025=2190, 2026<=08-10=1332, 2024->26=5718, 2025->26=3522
UNITS: g = net_ex/gross_total [bps/anchor per unit gross]; NAV %/yr at L=2 (arithmetic) = mean g × 6 anchors/day × 365 days × 2 ÷ 1e4 × 100 = mean g × 43.8; 2×DD %NAV = maxDD(bps of g) × 2 / 100
### §B.1a Levels — PRIMARY per-gross caliber (g = net_ex/gross_total, bps/anchor per unit gross); arm d30_n2_c42; ⚠ = negative mean; NAV %/yr @2× = mean × 43.8 (per-gross only)

| φ | seed | window | mean bps/anchor | Sharpe (anchor) | maxDD bps | 2×DD %NAV | turnover/gross | NAV %/yr @2× | gross_total | w3_king | n |
|---|---|---|---|---|---|---|---|---|---|---|---|
| 0.00 (无F10, 对照) | s42 | 2024 | +0.092 | +0.18 | 1933 | 38.66 | 0.0707 | 4.01 | 0.682 | 0.723 | 2196 |
| 0.00 (无F10, 对照) | s42 | 2025 | +0.370 | +0.62 | 1253 | 25.05 | 0.0514 | 16.19 | 0.678 | 0.742 | 2190 |
| 0.00 (无F10, 对照) | s42 | 2026<=08-10 | +2.679 | +4.37 | 386 | 7.72 | 0.0331 | 117.36 | 0.819 | 0.388 | 1332 |
| 0.00 (无F10, 对照) | s42 | 2024->26 | +0.801 | +1.42 | 1933 | 38.66 | 0.0545 | 35.08 | 0.712 | 0.652 | 5718 |
| 0.00 (无F10, 对照) | s42 | 2025->26 | +1.243 | +2.05 | 1253 | 25.05 | 0.0445 | 54.45 | 0.731 | 0.608 | 3522 |
| 0.00 (无F10, 对照) | s2027 | 2024 | +0.092 | +0.18 | 1933 | 38.66 | 0.0707 | 4.01 | 0.682 | 0.723 | 2196 |
| 0.00 (无F10, 对照) | s2027 | 2025 | +0.370 | +0.62 | 1253 | 25.05 | 0.0514 | 16.19 | 0.678 | 0.742 | 2190 |
| 0.00 (无F10, 对照) | s2027 | 2026<=08-10 | +2.679 | +4.37 | 386 | 7.72 | 0.0331 | 117.36 | 0.819 | 0.388 | 1332 |
| 0.00 (无F10, 对照) | s2027 | 2024->26 | +0.801 | +1.42 | 1933 | 38.66 | 0.0545 | 35.08 | 0.712 | 0.652 | 5718 |
| 0.00 (无F10, 对照) | s2027 | 2025->26 | +1.243 | +2.05 | 1253 | 25.05 | 0.0445 | 54.45 | 0.731 | 0.608 | 3522 |
| 0.25 | s42 | 2024 | +0.347 | +0.73 | 1604 | 32.07 | 0.0812 | 15.2 | 0.598 | 0.723 | 2196 |
| 0.25 | s42 | 2025 | +0.592 | +1.00 | 1216 | 24.33 | 0.0702 | 25.95 | 0.570 | 0.742 | 2190 |
| 0.25 | s42 | 2026<=08-10 | +2.967 | +4.72 | 410 | 8.21 | 0.0343 | 129.95 | 0.795 | 0.388 | 1332 |
| 0.25 | s42 | 2024->26 | +1.051 | +1.88 | 1604 | 32.07 | 0.0661 | 46.05 | 0.633 | 0.652 | 5718 |
| 0.25 | s42 | 2025->26 | +1.490 | +2.46 | 1216 | 24.33 | 0.0566 | 65.28 | 0.655 | 0.608 | 3522 |
| 0.25 | s2027 | 2024 | +0.363 | +0.77 | 1636 | 32.71 | 0.0805 | 15.91 | 0.598 | 0.723 | 2196 |
| 0.25 | s2027 | 2025 | +0.610 | +1.03 | 1135 | 22.7 | 0.0665 | 26.74 | 0.579 | 0.742 | 2190 |
| 0.25 | s2027 | 2026<=08-10 | +2.970 | +4.74 | 403 | 8.06 | 0.0353 | 130.11 | 0.797 | 0.388 | 1332 |
| 0.25 | s2027 | 2024->26 | +1.065 | +1.91 | 1636 | 32.71 | 0.0646 | 46.66 | 0.637 | 0.652 | 5718 |
| 0.25 | s2027 | 2025->26 | +1.503 | +2.48 | 1135 | 22.7 | 0.0547 | 65.83 | 0.661 | 0.608 | 3522 |
| 0.35 | s42 | 2024 | +0.478 | +1.03 | 1393 | 27.87 | 0.0859 | 20.95 | 0.571 | 0.723 | 2196 |
| 0.35 | s42 | 2025 | +0.643 | +1.10 | 1200 | 24.0 | 0.0806 | 28.15 | 0.533 | 0.742 | 2190 |
| 0.35 | s42 | 2026<=08-10 | +3.088 | +4.86 | 426 | 8.52 | 0.0346 | 135.28 | 0.787 | 0.388 | 1332 |
| 0.35 | s42 | 2024->26 | +1.149 | +2.07 | 1393 | 27.87 | 0.0719 | 50.34 | 0.607 | 0.652 | 5718 |
| 0.35 | s42 | 2025->26 | +1.568 | +2.60 | 1200 | 24.0 | 0.0632 | 68.67 | 0.629 | 0.608 | 3522 |
| 0.35 | s2027 | 2024 | +0.484 | +1.04 | 1453 | 29.05 | 0.0847 | 21.18 | 0.572 | 0.723 | 2196 |
| 0.35 | s2027 | 2025 | +0.703 | +1.20 | 1058 | 21.17 | 0.0739 | 30.78 | 0.547 | 0.742 | 2190 |
| 0.35 | s2027 | 2026<=08-10 | +3.063 | +4.84 | 412 | 8.24 | 0.0361 | 134.18 | 0.790 | 0.388 | 1332 |
| 0.35 | s2027 | 2024->26 | +1.169 | +2.11 | 1453 | 29.05 | 0.0693 | 51.18 | 0.613 | 0.652 | 5718 |
| 0.35 | s2027 | 2025->26 | +1.596 | +2.65 | 1058 | 21.17 | 0.0596 | 69.89 | 0.639 | 0.608 | 3522 |
| 0.45 (在役) | s42 | 2024 | +0.557 | +1.24 | 1241 | 24.81 | 0.0920 | 24.38 | 0.550 | 0.723 | 2196 |
| 0.45 (在役) | s42 | 2025 | +0.651 | +1.14 | 1133 | 22.66 | 0.0940 | 28.5 | 0.500 | 0.742 | 2190 |
| 0.45 (在役) | s42 | 2026<=08-10 | +3.189 | +4.96 | 435 | 8.7 | 0.0351 | 139.68 | 0.782 | 0.388 | 1332 |
| 0.45 (在役) | s42 | 2024->26 | +1.206 | +2.21 | 1241 | 24.81 | 0.0795 | 52.82 | 0.585 | 0.652 | 5718 |
| 0.45 (在役) | s42 | 2025->26 | +1.611 | +2.69 | 1133 | 22.66 | 0.0717 | 70.54 | 0.607 | 0.608 | 3522 |
| 0.45 (在役) | s2027 | 2024 | +0.588 | +1.30 | 1271 | 25.42 | 0.0900 | 25.74 | 0.552 | 0.723 | 2196 |
| 0.45 (在役) | s2027 | 2025 | +0.767 | +1.34 | 938 | 18.75 | 0.0826 | 33.62 | 0.521 | 0.742 | 2190 |
| 0.45 (在役) | s2027 | 2026<=08-10 | +3.143 | +4.90 | 418 | 8.35 | 0.0370 | 137.66 | 0.784 | 0.388 | 1332 |
| 0.45 (在役) | s2027 | 2024->26 | +1.252 | +2.29 | 1271 | 25.42 | 0.0748 | 54.83 | 0.595 | 0.652 | 5718 |
| 0.45 (在役) | s2027 | 2025->26 | +1.666 | +2.78 | 938 | 18.75 | 0.0654 | 72.97 | 0.621 | 0.608 | 3522 |
| 0.55 | s42 | 2024 | +0.622 | +1.42 | 1095 | 21.91 | 0.0998 | 27.24 | 0.536 | 0.723 | 2196 |
| 0.55 | s42 | 2025 | +0.687 | +1.25 | 976 | 19.51 | 0.1114 | 30.09 | 0.475 | 0.742 | 2190 |
| 0.55 | s42 | 2026<=08-10 | +3.322 | +5.11 | 443 | 8.87 | 0.0357 | 145.5 | 0.778 | 0.388 | 1332 |
| 0.55 | s42 | 2024->26 | +1.276 | +2.38 | 1095 | 21.91 | 0.0893 | 55.88 | 0.569 | 0.652 | 5718 |
| 0.55 | s42 | 2025->26 | +1.683 | +2.85 | 976 | 19.51 | 0.0828 | 73.74 | 0.590 | 0.608 | 3522 |
| 0.55 | s2027 | 2024 | +0.655 | +1.50 | 1190 | 23.81 | 0.0966 | 28.68 | 0.540 | 0.723 | 2196 |
| 0.55 | s2027 | 2025 | +0.851 | +1.54 | 720 | 14.41 | 0.0926 | 37.26 | 0.505 | 0.742 | 2190 |
| 0.55 | s2027 | 2026<=08-10 | +3.282 | +5.06 | 422 | 8.43 | 0.0382 | 143.76 | 0.780 | 0.388 | 1332 |
| 0.55 | s2027 | 2024->26 | +1.342 | +2.50 | 1190 | 23.81 | 0.0815 | 58.77 | 0.582 | 0.652 | 5718 |
| 0.55 | s2027 | 2025->26 | +1.770 | +2.99 | 720 | 14.41 | 0.0720 | 77.54 | 0.609 | 0.608 | 3522 |
| 0.65 | s42 | 2024 | +0.715 | +1.69 | 901 | 18.01 | 0.1083 | 31.33 | 0.530 | 0.723 | 2196 |
| 0.65 | s42 | 2025 | +0.750 | +1.44 | 752 | 15.04 | 0.1296 | 32.85 | 0.461 | 0.742 | 2190 |
| 0.65 | s42 | 2026<=08-10 | +3.384 | +5.16 | 444 | 8.87 | 0.0365 | 148.21 | 0.776 | 0.388 | 1332 |
| 0.65 | s42 | 2024->26 | +1.350 | +2.58 | 901 | 18.01 | 0.0998 | 59.14 | 0.561 | 0.652 | 5718 |
| 0.65 | s42 | 2025->26 | +1.746 | +3.03 | 752 | 15.04 | 0.0944 | 76.48 | 0.580 | 0.608 | 3522 |
| 0.65 | s2027 | 2024 | +0.731 | +1.73 | 996 | 19.92 | 0.1038 | 32.01 | 0.536 | 0.723 | 2196 |
| 0.65 | s2027 | 2025 | +0.902 | +1.70 | 539 | 10.78 | 0.1017 | 39.52 | 0.499 | 0.742 | 2190 |
| 0.65 | s2027 | 2026<=08-10 | +3.292 | +5.03 | 427 | 8.53 | 0.0396 | 144.21 | 0.778 | 0.388 | 1332 |
| 0.65 | s2027 | 2024->26 | +1.393 | +2.65 | 996 | 19.92 | 0.0880 | 61.02 | 0.579 | 0.652 | 5718 |
| 0.65 | s2027 | 2025->26 | +1.806 | +3.11 | 539 | 10.78 | 0.0782 | 79.11 | 0.605 | 0.608 | 3522 |

### §B.2a Δ(φ − 0.45) — PRIMARY per-gross caliber (g = net_ex/gross_total, bps/anchor per unit gross); paired anchors; UTC-day-block bootstrap 2000, seed 20260905; cell = Δ ± s.e. [CI95] P(Δ>0)

| φ | seed | 2024 | 2025 | 2026<=08-10 | 2024->26 | 2025->26 | ΔSharpe 24on / 25on | Δturn/gross % 24on / 25on |
|---|---|---|---|---|---|---|---|---|
| 0.00 (对照) | s42 | -0.465 ± 0.217 [-0.888,-0.052] 0.01 | -0.281 ± 0.205 [-0.686,+0.116] 0.08 | -0.509 ± 0.208 [-0.932,-0.114] 0.01 | -0.405 ± 0.126 [-0.658,-0.154] 0.00 | -0.367 ± 0.151 [-0.657,-0.079] 0.01 | -0.79 / -0.64 | -31.4% / -38.0% |
| 0.00 (对照) | s2027 | -0.496 ± 0.203 [-0.900,-0.107] 0.00 | -0.398 ± 0.227 [-0.832,+0.050] 0.04 | -0.463 ± 0.206 [-0.880,-0.082] 0.01 | -0.451 ± 0.128 [-0.706,-0.197] 0.00 | -0.423 ± 0.163 [-0.729,-0.100] 0.01 | -0.87 / -0.73 | -27.1% / -31.9% |
| 0.25 | s42 | -0.210 ± 0.116 [-0.439,+0.013] 0.03 | -0.058 ± 0.121 [-0.309,+0.182] 0.31 | -0.222 ± 0.105 [-0.429,-0.016] 0.02 | -0.154 ± 0.071 [-0.294,-0.013] 0.01 | -0.120 ± 0.085 [-0.284,+0.053] 0.07 | -0.32 / -0.23 | -16.9% / -21.0% |
| 0.25 | s2027 | -0.224 ± 0.107 [-0.437,-0.017] 0.02 | -0.157 ± 0.128 [-0.405,+0.094] 0.11 | -0.173 ± 0.118 [-0.413,+0.054] 0.07 | -0.186 ± 0.071 [-0.328,-0.043] 0.00 | -0.163 ± 0.093 [-0.343,+0.014] 0.04 | -0.38 / -0.29 | -13.6% / -16.3% |
| 0.35 | s42 | -0.078 ± 0.065 [-0.206,+0.047] 0.12 | -0.008 ± 0.066 [-0.144,+0.121] 0.47 | -0.100 ± 0.061 [-0.222,+0.018] 0.05 | -0.057 ± 0.040 [-0.134,+0.022] 0.08 | -0.043 ± 0.048 [-0.135,+0.055] 0.19 | -0.13 / -0.09 | -9.5% / -11.9% |
| 0.35 | s2027 | -0.104 ± 0.058 [-0.218,+0.006] 0.03 | -0.065 ± 0.072 [-0.211,+0.077] 0.19 | -0.080 ± 0.091 [-0.254,+0.106] 0.18 | -0.083 ± 0.042 [-0.165,-0.000] 0.03 | -0.070 ± 0.058 [-0.181,+0.044] 0.12 | -0.18 / -0.14 | -7.4% / -8.8% |
| 0.55 | s42 | +0.065 ± 0.070 [-0.071,+0.200] 0.82 | +0.036 ± 0.084 [-0.128,+0.206] 0.67 | +0.133 ± 0.063 [+0.012,+0.259] 0.99 | +0.070 ± 0.045 [-0.022,+0.158] 0.94 | +0.073 ± 0.059 [-0.043,+0.186] 0.88 | +0.17 / +0.16 | +12.3% / +15.4% |
| 0.55 | s2027 | +0.067 ± 0.066 [-0.060,+0.196] 0.83 | +0.083 ± 0.087 [-0.087,+0.256] 0.82 | +0.139 ± 0.097 [-0.037,+0.335] 0.93 | +0.090 ± 0.049 [-0.007,+0.187] 0.96 | +0.104 ± 0.069 [-0.032,+0.236] 0.93 | +0.21 / +0.21 | +8.9% / +10.2% |
| 0.65 | s42 | +0.159 ± 0.148 [-0.124,+0.442] 0.85 | +0.099 ± 0.192 [-0.276,+0.490] 0.69 | +0.195 ± 0.104 [-0.015,+0.395] 0.96 | +0.144 ± 0.098 [-0.052,+0.337] 0.92 | +0.136 ± 0.129 [-0.116,+0.383] 0.83 | +0.37 / +0.34 | +25.5% / +31.6% |
| 0.65 | s2027 | +0.143 ± 0.138 [-0.130,+0.413] 0.84 | +0.135 ± 0.184 [-0.237,+0.494] 0.77 | +0.149 ± 0.132 [-0.098,+0.417] 0.87 | +0.141 ± 0.096 [-0.046,+0.327] 0.93 | +0.140 ± 0.131 [-0.125,+0.392] 0.85 | +0.36 / +0.33 | +17.6% / +19.6% |

### §B.1b Levels — SECONDARY device scale (net_ex, bps/anchor, unit replay book); arm d30_n2_c42; ⚠ = negative mean; NAV %/yr @2× = mean × 43.8 (per-gross only)

| φ | seed | window | mean bps/anchor | Sharpe (anchor) | maxDD bps | 2×DD %NAV | turnover/gross | NAV %/yr @2× | gross_total | w3_king | n |
|---|---|---|---|---|---|---|---|---|---|---|---|
| 0.00 (无F10, 对照) | s42 | 2024 | -0.051 ⚠ | -0.15 | 1442 | — | 0.0707 | — | 0.682 | 0.723 | 2196 |
| 0.00 (无F10, 对照) | s42 | 2025 | +0.177 | +0.43 | 833 | — | 0.0514 | — | 0.678 | 0.742 | 2190 |
| 0.00 (无F10, 对照) | s42 | 2026<=08-10 | +2.224 | +4.39 | 324 | — | 0.0331 | — | 0.819 | 0.388 | 1332 |
| 0.00 (无F10, 对照) | s42 | 2024->26 | +0.566 | +1.39 | 1442 | — | 0.0545 | — | 0.712 | 0.652 | 5718 |
| 0.00 (无F10, 对照) | s42 | 2025->26 | +0.951 | +2.12 | 833 | — | 0.0445 | — | 0.731 | 0.608 | 3522 |
| 0.00 (无F10, 对照) | s2027 | 2024 | -0.051 ⚠ | -0.15 | 1442 | — | 0.0707 | — | 0.682 | 0.723 | 2196 |
| 0.00 (无F10, 对照) | s2027 | 2025 | +0.177 | +0.43 | 833 | — | 0.0514 | — | 0.678 | 0.742 | 2190 |
| 0.00 (无F10, 对照) | s2027 | 2026<=08-10 | +2.224 | +4.39 | 324 | — | 0.0331 | — | 0.819 | 0.388 | 1332 |
| 0.00 (无F10, 对照) | s2027 | 2024->26 | +0.566 | +1.39 | 1442 | — | 0.0545 | — | 0.712 | 0.652 | 5718 |
| 0.00 (无F10, 对照) | s2027 | 2025->26 | +0.951 | +2.12 | 833 | — | 0.0445 | — | 0.731 | 0.608 | 3522 |
| 0.25 | s42 | 2024 | +0.049 | +0.18 | 1079 | — | 0.0812 | — | 0.598 | 0.723 | 2196 |
| 0.25 | s42 | 2025 | +0.234 | +0.69 | 570 | — | 0.0702 | — | 0.570 | 0.742 | 2190 |
| 0.25 | s42 | 2026<=08-10 | +2.385 | +4.72 | 340 | — | 0.0343 | — | 0.795 | 0.388 | 1332 |
| 0.25 | s42 | 2024->26 | +0.664 | +1.82 | 1079 | — | 0.0661 | — | 0.633 | 0.652 | 5718 |
| 0.25 | s42 | 2025->26 | +1.048 | +2.55 | 570 | — | 0.0566 | — | 0.655 | 0.608 | 3522 |
| 0.25 | s2027 | 2024 | +0.066 | +0.24 | 1101 | — | 0.0805 | — | 0.598 | 0.723 | 2196 |
| 0.25 | s2027 | 2025 | +0.247 | +0.72 | 552 | — | 0.0665 | — | 0.579 | 0.742 | 2190 |
| 0.25 | s2027 | 2026<=08-10 | +2.394 | +4.74 | 335 | — | 0.0353 | — | 0.797 | 0.388 | 1332 |
| 0.25 | s2027 | 2024->26 | +0.678 | +1.85 | 1101 | — | 0.0646 | — | 0.637 | 0.652 | 5718 |
| 0.25 | s2027 | 2025->26 | +1.059 | +2.56 | 552 | — | 0.0547 | — | 0.661 | 0.608 | 3522 |
| 0.35 | s42 | 2024 | +0.094 | +0.36 | 941 | — | 0.0859 | — | 0.571 | 0.723 | 2196 |
| 0.35 | s42 | 2025 | +0.230 | +0.72 | 486 | — | 0.0806 | — | 0.533 | 0.742 | 2190 |
| 0.35 | s42 | 2026<=08-10 | +2.451 | +4.85 | 349 | — | 0.0346 | — | 0.787 | 0.388 | 1332 |
| 0.35 | s42 | 2024->26 | +0.695 | +1.97 | 941 | — | 0.0719 | — | 0.607 | 0.652 | 5718 |
| 0.35 | s42 | 2025->26 | +1.070 | +2.67 | 486 | — | 0.0632 | — | 0.629 | 0.608 | 3522 |
| 0.35 | s2027 | 2024 | +0.113 | +0.44 | 954 | — | 0.0847 | — | 0.572 | 0.723 | 2196 |
| 0.35 | s2027 | 2025 | +0.266 | +0.82 | 454 | — | 0.0739 | — | 0.547 | 0.742 | 2190 |
| 0.35 | s2027 | 2026<=08-10 | +2.441 | +4.83 | 341 | — | 0.0361 | — | 0.790 | 0.388 | 1332 |
| 0.35 | s2027 | 2024->26 | +0.714 | +2.01 | 954 | — | 0.0693 | — | 0.613 | 0.652 | 5718 |
| 0.35 | s2027 | 2025->26 | +1.088 | +2.70 | 485 | — | 0.0596 | — | 0.639 | 0.608 | 3522 |
| 0.45 (在役) | s42 | 2024 | +0.107 | +0.45 | 846 | — | 0.0920 | — | 0.550 | 0.723 | 2196 |
| 0.45 (在役) | s42 | 2025 | +0.203 | +0.67 | 409 | — | 0.0940 | — | 0.500 | 0.742 | 2190 |
| 0.45 (在役) | s42 | 2026<=08-10 | +2.510 | +4.95 | 356 | — | 0.0351 | — | 0.782 | 0.388 | 1332 |
| 0.45 (在役) | s42 | 2024->26 | +0.704 | +2.05 | 846 | — | 0.0795 | — | 0.585 | 0.652 | 5718 |
| 0.45 (在役) | s42 | 2025->26 | +1.075 | +2.74 | 409 | — | 0.0717 | — | 0.607 | 0.608 | 3522 |
| 0.45 (在役) | s2027 | 2024 | +0.147 | +0.61 | 852 | — | 0.0900 | — | 0.552 | 0.723 | 2196 |
| 0.45 (在役) | s2027 | 2025 | +0.268 | +0.86 | 404 | — | 0.0826 | — | 0.521 | 0.742 | 2190 |
| 0.45 (在役) | s2027 | 2026<=08-10 | +2.488 | +4.90 | 345 | — | 0.0370 | — | 0.784 | 0.388 | 1332 |
| 0.45 (在役) | s2027 | 2024->26 | +0.739 | +2.13 | 852 | — | 0.0748 | — | 0.595 | 0.652 | 5718 |
| 0.45 (在役) | s2027 | 2025->26 | +1.107 | +2.78 | 424 | — | 0.0654 | — | 0.621 | 0.608 | 3522 |
| 0.55 | s42 | 2024 | +0.119 | +0.52 | 770 | — | 0.0998 | — | 0.536 | 0.723 | 2196 |
| 0.55 | s42 | 2025 | +0.200 | +0.69 | 400 | — | 0.1114 | — | 0.475 | 0.742 | 2190 |
| 0.55 | s42 | 2026<=08-10 | +2.594 | +5.09 | 362 | — | 0.0357 | — | 0.778 | 0.388 | 1332 |
| 0.55 | s42 | 2024->26 | +0.727 | +2.16 | 770 | — | 0.0893 | — | 0.569 | 0.652 | 5718 |
| 0.55 | s42 | 2025->26 | +1.105 | +2.84 | 400 | — | 0.0828 | — | 0.590 | 0.608 | 3522 |
| 0.55 | s2027 | 2024 | +0.165 | +0.72 | 803 | — | 0.0966 | — | 0.540 | 0.723 | 2196 |
| 0.55 | s2027 | 2025 | +0.283 | +0.94 | 397 | — | 0.0926 | — | 0.505 | 0.742 | 2190 |
| 0.55 | s2027 | 2026<=08-10 | +2.580 | +5.05 | 347 | — | 0.0382 | — | 0.780 | 0.388 | 1332 |
| 0.55 | s2027 | 2024->26 | +0.773 | +2.26 | 803 | — | 0.0815 | — | 0.582 | 0.652 | 5718 |
| 0.55 | s2027 | 2025->26 | +1.152 | +2.92 | 425 | — | 0.0720 | — | 0.609 | 0.608 | 3522 |
| 0.65 | s42 | 2024 | +0.150 | +0.68 | 685 | — | 0.1083 | — | 0.530 | 0.723 | 2196 |
| 0.65 | s42 | 2025 | +0.223 | +0.78 | 393 | — | 0.1296 | — | 0.461 | 0.742 | 2190 |
| 0.65 | s42 | 2026<=08-10 | +2.633 | +5.13 | 363 | — | 0.0365 | — | 0.776 | 0.388 | 1332 |
| 0.65 | s42 | 2024->26 | +0.756 | +2.26 | 685 | — | 0.0998 | — | 0.561 | 0.652 | 5718 |
| 0.65 | s42 | 2025->26 | +1.135 | +2.92 | 393 | — | 0.0944 | — | 0.580 | 0.608 | 3522 |
| 0.65 | s2027 | 2024 | +0.204 | +0.91 | 694 | — | 0.1038 | — | 0.536 | 0.723 | 2196 |
| 0.65 | s2027 | 2025 | +0.312 | +1.05 | 384 | — | 0.1017 | — | 0.499 | 0.742 | 2190 |
| 0.65 | s2027 | 2026<=08-10 | +2.575 | +5.01 | 351 | — | 0.0396 | — | 0.778 | 0.388 | 1332 |
| 0.65 | s2027 | 2024->26 | +0.797 | +2.35 | 694 | — | 0.0880 | — | 0.579 | 0.652 | 5718 |
| 0.65 | s2027 | 2025->26 | +1.168 | +2.96 | 407 | — | 0.0782 | — | 0.605 | 0.608 | 3522 |

### §B.2b Δ(φ − 0.45) — SECONDARY device scale (net_ex, bps/anchor, unit replay book); paired anchors; UTC-day-block bootstrap 2000, seed 20260905; cell = Δ ± s.e. [CI95] P(Δ>0)

| φ | seed | 2024 | 2025 | 2026<=08-10 | 2024->26 | 2025->26 | ΔSharpe 24on / 25on | Δturn/gross % 24on / 25on |
|---|---|---|---|---|---|---|---|---|
| 0.00 (对照) | s42 | -0.159 ± 0.147 [-0.440,+0.130] 0.14 | -0.026 ± 0.189 [-0.401,+0.342] 0.45 | -0.286 ± 0.163 [-0.613,+0.025] 0.03 | -0.137 ± 0.101 [-0.334,+0.058] 0.09 | -0.124 ± 0.138 [-0.380,+0.149] 0.19 | -0.66 / -0.61 | -31.4% / -38.0% |
| 0.00 (对照) | s2027 | -0.198 ± 0.140 [-0.467,+0.075] 0.07 | -0.091 ± 0.188 [-0.465,+0.285] 0.32 | -0.264 ± 0.158 [-0.576,+0.028] 0.04 | -0.172 ± 0.099 [-0.366,+0.017] 0.04 | -0.156 ± 0.135 [-0.419,+0.098] 0.13 | -0.74 / -0.66 | -27.1% / -31.9% |
| 0.25 | s42 | -0.059 ± 0.065 [-0.185,+0.067] 0.19 | +0.031 ± 0.089 [-0.148,+0.202] 0.64 | -0.124 ± 0.081 [-0.280,+0.035] 0.06 | -0.040 ± 0.047 [-0.133,+0.050] 0.21 | -0.028 ± 0.065 [-0.149,+0.101] 0.34 | -0.23 / -0.19 | -16.9% / -21.0% |
| 0.25 | s2027 | -0.081 ± 0.062 [-0.200,+0.041] 0.10 | -0.020 ± 0.085 [-0.188,+0.149] 0.42 | -0.093 ± 0.088 [-0.271,+0.077] 0.15 | -0.061 ± 0.046 [-0.150,+0.032] 0.10 | -0.048 ± 0.064 [-0.172,+0.072] 0.24 | -0.28 / -0.22 | -13.6% / -16.3% |
| 0.35 | s42 | -0.013 ± 0.033 [-0.080,+0.050] 0.36 | +0.027 ± 0.044 [-0.063,+0.112] 0.73 | -0.059 ± 0.047 [-0.152,+0.033] 0.11 | -0.009 ± 0.024 [-0.055,+0.039] 0.36 | -0.006 ± 0.034 [-0.069,+0.060] 0.43 | -0.08 / -0.07 | -9.5% / -11.9% |
| 0.35 | s2027 | -0.034 ± 0.031 [-0.095,+0.025] 0.15 | -0.002 ± 0.043 [-0.088,+0.084] 0.50 | -0.047 ± 0.068 [-0.177,+0.090] 0.23 | -0.025 ± 0.026 [-0.076,+0.028] 0.18 | -0.019 ± 0.038 [-0.093,+0.057] 0.31 | -0.12 / -0.09 | -7.4% / -8.8% |
| 0.55 | s42 | +0.012 ± 0.033 [-0.051,+0.075] 0.63 | -0.003 ± 0.045 [-0.087,+0.090] 0.47 | +0.084 ± 0.047 [-0.008,+0.178] 0.96 | +0.023 ± 0.024 [-0.023,+0.069] 0.83 | +0.030 ± 0.035 [-0.038,+0.097] 0.79 | +0.10 / +0.11 | +12.3% / +15.4% |
| 0.55 | s2027 | +0.018 ± 0.033 [-0.046,+0.081] 0.70 | +0.016 ± 0.045 [-0.072,+0.107] 0.64 | +0.092 ± 0.073 [-0.042,+0.241] 0.91 | +0.034 ± 0.028 [-0.020,+0.089] 0.90 | +0.045 ± 0.042 [-0.036,+0.124] 0.85 | +0.13 / +0.14 | +8.9% / +10.2% |
| 0.65 | s42 | +0.042 ± 0.067 [-0.086,+0.170] 0.72 | +0.020 ± 0.088 [-0.147,+0.205] 0.59 | +0.123 ± 0.079 [-0.035,+0.275] 0.93 | +0.053 ± 0.046 [-0.040,+0.140] 0.86 | +0.059 ± 0.065 [-0.070,+0.179] 0.80 | +0.21 / +0.18 | +25.5% / +31.6% |
| 0.65 | s2027 | +0.056 ± 0.065 [-0.071,+0.183] 0.80 | +0.044 ± 0.086 [-0.125,+0.217] 0.70 | +0.087 ± 0.100 [-0.098,+0.287] 0.81 | +0.059 ± 0.048 [-0.034,+0.153] 0.89 | +0.060 ± 0.069 [-0.079,+0.192] 0.81 | +0.22 / +0.18 | +17.6% / +19.6% |

### §B.3 Frozen judge (PREREG §B) — per-gross caliber; candidate ⇔ lower95(Δ 2024->26) > 0 AND Δ(2025->26) ≥ 0 AND Δturnover/gross(2024->26) ≤ +20%, for both seeds, both seeds same sign

| φ | seed | Δ 2024->26 [CI95] | lower>0 | Δ 2025->26 | point≥0 | Δturn% 24on | ≤ +20% | seed passes |
|---|---|---|---|---|---|---|---|---|
| 0.25 | s42 | -0.154 [-0.294,-0.013] | False | -0.120 | False | -16.9% | True | **False** |
| 0.25 | s2027 | -0.186 [-0.328,-0.043] | False | -0.163 | False | -13.6% | True | **False** |
| 0.35 | s42 | -0.057 [-0.134,+0.022] | False | -0.043 | False | -9.5% | True | **False** |
| 0.35 | s2027 | -0.083 [-0.165,-0.000] | False | -0.070 | False | -7.4% | True | **False** |
| 0.55 | s42 | +0.070 [-0.022,+0.158] | False | +0.073 | True | +12.3% | True | **False** |
| 0.55 | s2027 | +0.090 [-0.007,+0.187] | False | +0.104 | True | +8.9% | True | **False** |
| 0.65 | s42 | +0.144 [-0.052,+0.337] | False | +0.136 | True | +25.5% | False | **False** |
| 0.65 | s2027 | +0.141 [-0.046,+0.327] | False | +0.140 | True | +17.6% | True | **False** |

**Verdict (frozen rule, primary caliber): φ 0.45 保持(无 φ 同时满足三条件于双种子)**

Receipts: 12 artifacts, one device sha256 8684d9a9f43a8d15… (= phi_grid/w10_health.py = f10_caliber/w10_health.py = health_check); anchors φ=0 / φ=0.45 reused from f10_caliber with sha256 asserted (phi0/s42=93b927b7…, phi0/s2027=d7e66b96…, phi045/s42=53cd2d7f…, phi045/s2027=4710b1bb…); identical anchor set n=10038 (2022-01-31 00:00 .. 2026-08-30 20:00); label (iii) layout asserted (meta_newprod) for all 12.
JUDGE_PHI_DONE
