anchors attributed: 6 (09-24T08:00Z .. 09-25T04:00Z); price snapshot 1790337600
PAPER by leg (USDT): {'fund': -2741.5, 'fund_NC': -2741.5, 'fund_long': 976.1, 'fund_short': -3753.8, 'king': 171.2, 'king_NC': 171.2, 'king_long': 97.2, 'king_short': 29.9, 'paper': -2615.4, 'paper_NC': -2615.4, 'resid_F10_chain': -45.2, 'resid_F10_chain_long': 1259.9, 'resid_F10_chain_short': -1224.7}
mean projection R2: 0.617 | mean bK, bF: 231.2 2050.1
production leg ledger over the same intervals (sum of per-anchor unit-gross leg returns, bps): {'king': 105.9, 'rev24': 163.8, 'fund': -43.5}
funding-rank fifths (fund z fifths among members; 1 = lowest funding rank, 5 = highest):
   long_fundfifth1 {"n_obs": 10, "mean_holding_return_pct": 0.237, "paper_pnl_usdt": 0.567}
   long_fundfifth2 {"n_obs": 27, "mean_holding_return_pct": 0.517, "paper_pnl_usdt": 44.537}
   long_fundfifth3 {"n_obs": 140, "mean_holding_return_pct": 0.674, "paper_pnl_usdt": 181.847}
   long_fundfifth4 {"n_obs": 318, "mean_holding_return_pct": 0.657, "paper_pnl_usdt": 1077.081}
   long_fundfifth5 {"n_obs": 338, "mean_holding_return_pct": 0.219, "paper_pnl_usdt": 1029.155}
   long_rest {"n_obs": 495, "mean_holding_return_pct": 0.646, "paper_pnl_usdt": 1304.032}
   long_topfifth_fund {"n_obs": 338, "mean_holding_return_pct": 0.219, "paper_pnl_usdt": 1029.155}
   short_fundfifth1 {"n_obs": 373, "mean_holding_return_pct": 0.395, "paper_pnl_usdt": -1686.723}
   short_fundfifth2 {"n_obs": 401, "mean_holding_return_pct": 1.015, "paper_pnl_usdt": -2497.75}
   short_fundfifth3 {"n_obs": 245, "mean_holding_return_pct": 0.871, "paper_pnl_usdt": -756.098}
   short_fundfifth4 {"n_obs": 4, "mean_holding_return_pct": 2.473, "paper_pnl_usdt": -8.032}
   short_fundfifth5 {"n_obs": 0, "mean_holding_return_pct": null, "paper_pnl_usdt": 0.0}
   short_rest {"n_obs": 1023, "mean_holding_return_pct": 0.761, "paper_pnl_usdt": -4948.602}
   short_topfifth_fund {"n_obs": 0, "mean_holding_return_pct": null, "paper_pnl_usdt": 0.0}
DAILY:
  09-24 {'paper': -966.7, 'king': 122.4, 'fund': -1335.2, 'resid_F10_chain': 246.0}
  09-25 {'paper': -1648.7, 'king': 48.8, 'fund': -1406.3, 'resid_F10_chain': -291.2}
