reader under test: bucket_fills (no flatten_cost in this tree)
[0] fixture integrity
  OK    every extract's decompressed bytes hash to its MANIFEST sha and carry its line count

[A] ★★★ REAL 2026-09-12 12:47Z batch (post-E1 fills)
  OK    PRE: 255 order rows, all protective_flatten, mid_at_anchor None on all, mid_at_submit and avg_fill_px on all
  OK    PRE: 3,656 fills rows, one per trade, all USDT commission, order attempt_idx 1 vs fills attempt_idx 2
  FAIL  ★★★ all 255 legs MEASURED (old tree: the anchor-mid reader measures 0 and calls all 255 unpriced)  — {'n_measured': 0, 'n_unpriced': 255, 'n_fee_unknown': 0, 'bps_measured': None}
  FAIL  ★★★ fee = Σ commission of the fills rows, re-derived independently (117.69126836 USDT)  — (0, 117.69126836000002)
  FAIL  ★★ bps re-derived: fee bps and adverse bps vs mid_at_submit over 235,382.55 USDT  — (None, None, 0)
  FAIL  ★★ complete; price reference is mid_at_submit; every fee came from the fills rows  — {'measurement_complete': False, 'price_reference': None, 'fee_source_counts': None}

[B] ★★★ REAL 2026-09-09 16:45Z batch: supersede duplicates + one BNB commission
  OK    PRE: 243 legs; 6,190 fills rows = 3,095 trades × 2; exactly one BNB commission (BOMEUSDT, 0.0)
  FAIL  ★★★ 242 measured, BOMEUSDT fee-unknown for its unconverted BNB commission, measurement incomplete  — {'n_measured': 0, 'n_fee_unknown': 0, 'reasons_not_measured': None}
  FAIL  ★★★ the fee is the COLLAPSED sum (115.902218 USDT), not the naive 2× sum over supersede rows  — (0, 115.90221836000006, 231.8044367199998)

[C] ★★ REAL 2026-09-06 08:46Z batch: priced, no fills rows at all
  FAIL  268 legs fee-unknown `no_fills_rows`; 0 measured; bps None (not 0); 162,665.94 USDT in the fee-unknown bucket  — {'n_fee_unknown': 0, 'n_measured': 0, 'bps_measured': None, 'reasons_not_measured': None}

[D] ★★ REAL 2026-08-05 12:18Z batch: raw mixed-asset fee rows are not free
  OK    PRE: exactly 4 rows carry fee_paid 0.0 with fee_all_usdt False and no conversion
  FAIL  those 4 read fee-unknown by name, the other 98 `no_fills_rows`; nothing measured as a zero fee  — None

[E] ★★ neighbour cells (synthetic rows in the real shape)
  OK    PRE: the template leg is a real 09-12 leg with at least 3 fills rows  — ('BCHUSDT', 3)
  FAIL  E0 the template leg alone is measured (positive control for the cells below)  — None
  FAIL  E1 fills that do not close to the order's notional (one trade missing) ⇒ fee-unknown `fills_do_not_close`  — None
  FAIL  E2 two filled order rows for one symbol in one batch ⇒ both fee-unknown `ambiguous_join`  — None
  FAIL  E3 a joined fills row without trade_id ⇒ `fills_row_without_trade_id`  — None
  OK    E4 unknown fill ⇒ n_unknown_fill 1, measurement_complete False, nothing measured  — {'n_rows': 1, 'n_fills': 0, 'n_unknown_fill': 1, 'n_measured': 0, 'n_fee_unknown': 0, 'n_unpriced': 0, 'notional_usdt': 0, 'notional_measured_usdt': 0, 'fee_unknown_notional_usdt': 0, 'unpriced_notional_usdt': 0, 'fee_measured_usdt': 0, 'adverse_measured_usdt': 0.0, 'abs_slip_measured_usdt': 0.0, 'bps_measured': None, 'fee_bps_measured': None, 'adverse_bps_measured': None, 'abs_slip_bps_measured':
  FAIL  E5 no mid_at_submit ⇒ unpriced `no_mid_at_submit`  — None
  FAIL  E6 a NaN commission ⇒ `commission_missing`  — None
  FAIL  E7 fills rows of ANOTHER flatten batch (same symbol) are not joined ⇒ `no_fills_rows`  — None
  FAIL  E8 a non-flatten row passed in is ignored (n_rows counts flatten rows only)  — {'n_rows': 2, 'n_measured': 0}
  FAIL  E9 attempt_idx is not part of the join (fills attempt 7 still joins attempt-1 order row)  — None

[F] ★★ the anchor-mid rule itself is unchanged
  OK    bucket_fills on the 255 flatten rows still reads 255 unpriced / 0 measured (W2 rule untouched)  — 255

[G] ★★★ reader wiring: score_post_fix E6 and daily_summary
  FAIL  ★★★ E6 carries protective_flatten_exit_cost over the batch: 255 measured, fee = the fills' 117.69126836  — {'n_measured': None, 'fee_measured_usdt': None}
  OK    ★★ ...and keeps the pre-existing anchor-mid key verbatim (255 unpriced)
  FAIL  ★★★ daily_summary exposes flatten_batches_facts (old tree: the summary lists no flatten at all)  — attribute absent

9/28 checks passed
FAILED:
  ★★★ all 255 legs MEASURED (old tree: the anchor-mid reader measures 0 and calls all 255 unpriced)
  ★★★ fee = Σ commission of the fills rows, re-derived independently (117.69126836 USDT)
  ★★ bps re-derived: fee bps and adverse bps vs mid_at_submit over 235,382.55 USDT
  ★★ complete; price reference is mid_at_submit; every fee came from the fills rows
  ★★★ 242 measured, BOMEUSDT fee-unknown for its unconverted BNB commission, measurement incomplete
  ★★★ the fee is the COLLAPSED sum (115.902218 USDT), not the naive 2× sum over supersede rows
  268 legs fee-unknown `no_fills_rows`; 0 measured; bps None (not 0); 162,665.94 USDT in the fee-unknown bucket
  those 4 read fee-unknown by name, the other 98 `no_fills_rows`; nothing measured as a zero fee
  E0 the template leg alone is measured (positive control for the cells below)
  E1 fills that do not close to the order's notional (one trade missing) ⇒ fee-unknown `fills_do_not_close`
  E2 two filled order rows for one symbol in one batch ⇒ both fee-unknown `ambiguous_join`
  E3 a joined fills row without trade_id ⇒ `fills_row_without_trade_id`
  E5 no mid_at_submit ⇒ unpriced `no_mid_at_submit`
  E6 a NaN commission ⇒ `commission_missing`
  E7 fills rows of ANOTHER flatten batch (same symbol) are not joined ⇒ `no_fills_rows`
  E8 a non-flatten row passed in is ignored (n_rows counts flatten rows only)
  E9 attempt_idx is not part of the join (fills attempt 7 still joins attempt-1 order row)
  ★★★ E6 carries protective_flatten_exit_cost over the batch: 255 measured, fee = the fills' 117.69126836
  ★★★ daily_summary exposes flatten_batches_facts (old tree: the summary lists no flatten at all)
rc=1
