18:15:01Z [nested-cells] === START (pgid 3295302) arm=G1_T0_nomask_frac1_nestep seeds: 42 2027 7 ===
DONE_CHECK COMPLETE cell /workspace/dlarch_2026-09-24/chain/ref_nc_s42X/runs/DLARCH_REF_NC_s42X_scaled_rule_raw_UAFE: 32 PATH*.npz (need 32)
18:15:01Z [nested-cells] NOTE: 1 foreign claim(s) present; per-seed claims below still protect us
DONE_CHECK NOT_COMPLETE retain /workspace/dlarch_2026-09-24/receipts/RETAIN_NESTEP_s2027.json: no retention directory at /workspace/dlarch_2026-09-24/receipts/RETAIN_NESTEP_s2027.json
19:45:05Z [nested-cells] seed 2027: trained (23/23 folds); df-avail 540790322 MB (NOTE: df shows the whole disk and
19:45:05Z [nested-cells]           does NOT see this account's quota -- the real headroom was measured at 872 MB by a
19:45:05Z [nested-cells]           write probe, so the per-seed delete below is what keeps us inside it)
19:45:05Z [nested-cells] seed 2027: run gate passed (foreign engine groups 0)
19:45:05Z [nested-cells] seed 2027: book cell start
19:58:20Z [nested-cells] seed 2027: engine rc=0  19:47:48 engine gate PASS: foreign=0<=2 avail=31.39>=24.0 shm=4.67>=4.0 GiB, waited 0s
19:58:20Z [nested-cells] seed 2027: retention start (--delete after its four preconditions; residual loss is recorded)
19:58:31Z [nested-cells] seed 2027: retention rc=0  P1 judge table: 2023H2:dbar=-1.9967 2024:dbar=+0.7106 2025:dbar=-5.7928 pre2026:dbar=-2.4281 2026:dbar=-2.6154 2026_frozen_truncated:dbar=-2.5363 full_window:dbar=-2.4697
19:58:31Z [nested-cells] seed 2027: DLARCH_CELL_RETAIN tag=DLARCH_G1_T0_nomask_frac1_nestep_s2027_scaled_rule_raw_UAFE ALL_PRECONDITIONS_PASS=True deleted=32 p2_bitwise=True red=True
DONE_CHECK COMPLETE retain /workspace/dlarch_2026-09-24/receipts/RETAIN_NESTEP_s2027.json: complete: RETAIN_DLARCH_G1_T0_nomask_frac1_nestep_s2027_scaled_rule_raw_UAFE.json
19:58:32Z [nested-cells] seed 2027: workspace usage now 3.3G
DONE_CHECK NOT_COMPLETE retain /workspace/dlarch_2026-09-24/receipts/RETAIN_NESTEP_s42.json: no retention directory at /workspace/dlarch_2026-09-24/receipts/RETAIN_NESTEP_s42.json
19:59:32Z [nested-cells] seed 42: trained (23/23 folds); df-avail 541747895 MB (NOTE: df shows the whole disk and
19:59:32Z [nested-cells]           does NOT see this account's quota -- the real headroom was measured at 872 MB by a
19:59:32Z [nested-cells]           write probe, so the per-seed delete below is what keeps us inside it)
19:59:32Z [nested-cells] seed 42: run gate passed (foreign engine groups 0)
19:59:32Z [nested-cells] seed 42: book cell start
20:22:04Z [nested-cells] seed 42: engine rc=0  20:12:11 engine gate PASS: foreign=0<=2 avail=33.61>=24.0 shm=6.59>=4.0 GiB, waited 600s
20:22:04Z [nested-cells] seed 42: retention start (--delete after its four preconditions; residual loss is recorded)
20:22:15Z [nested-cells] seed 42: retention rc=0  P1 judge table: 2023H2:dbar=-2.9278 2024:dbar=-0.5508 2025:dbar=-7.8412 pre2026:dbar=-3.9370 2026:dbar=-2.0054 2026_frozen_truncated:dbar=-1.9331 full_window:dbar=-3.5083
20:22:15Z [nested-cells] seed 42: DLARCH_CELL_RETAIN tag=DLARCH_G1_T0_nomask_frac1_nestep_s42_scaled_rule_raw_UAFE ALL_PRECONDITIONS_PASS=True deleted=32 p2_bitwise=True red=True
DONE_CHECK COMPLETE retain /workspace/dlarch_2026-09-24/receipts/RETAIN_NESTEP_s42.json: complete: RETAIN_DLARCH_G1_T0_nomask_frac1_nestep_s42_scaled_rule_raw_UAFE.json
20:22:16Z [nested-cells] seed 42: workspace usage now 3.3G
DONE_CHECK NOT_COMPLETE retain /workspace/dlarch_2026-09-24/receipts/RETAIN_NESTEP_s7.json: no retention directory at /workspace/dlarch_2026-09-24/receipts/RETAIN_NESTEP_s7.json
21:21:17Z [nested-cells] seed 7: trained (23/23 folds); df-avail 543882477 MB (NOTE: df shows the whole disk and
21:21:17Z [nested-cells]           does NOT see this account's quota -- the real headroom was measured at 872 MB by a
21:21:17Z [nested-cells]           write probe, so the per-seed delete below is what keeps us inside it)
21:21:17Z [nested-cells] seed 7: run gate passed (foreign engine groups 0)
21:21:17Z [nested-cells] seed 7: book cell start
21:35:36Z [nested-cells] seed 7: engine rc=0  21:23:56 engine gate PASS: foreign=0<=2 avail=35.3>=24.0 shm=6.59>=4.0 GiB, waited 0s
21:35:37Z [nested-cells] seed 7: retention start (--delete after its four preconditions; residual loss is recorded)
21:35:48Z [nested-cells] seed 7: retention rc=0  P1 judge table: 2023H2:dbar=+2.7250 2024:dbar=-0.6979 2025:dbar=-5.8999 pre2026:dbar=-2.0847 2026:dbar=-1.5570 2026_frozen_truncated:dbar=-1.4638 full_window:dbar=-1.9676
21:35:48Z [nested-cells] seed 7: DLARCH_CELL_RETAIN tag=DLARCH_G1_T0_nomask_frac1_nestep_s7_scaled_rule_raw_UAFE ALL_PRECONDITIONS_PASS=True deleted=32 p2_bitwise=True red=True
DONE_CHECK COMPLETE retain /workspace/dlarch_2026-09-24/receipts/RETAIN_NESTEP_s7.json: complete: RETAIN_DLARCH_G1_T0_nomask_frac1_nestep_s7_scaled_rule_raw_UAFE.json
21:35:49Z [nested-cells] seed 7: workspace usage now 3.4G
21:35:49Z [nested-cells] all R1.4 cells done
21:35:49Z [nested-cells] === NESTED_CELLS_DRIVER_DONE ===
NESTED_CELLS_DRIVER_DONE
