PASS C0.seed00.both_paths_present_and_self_consistent {"old": null, "new": null}
PASS C1.seed00.anchor_axis_nests_and_shared_count {"n_old": 9139, "n_new": 9252, "expected_shared": 9139, "nests": true}
PASS C2.seed00.window_arrays_bitwise_equal_on_shared_prefix {"keys": 59, "bad": {}}
PASS C3.seed00.nav5_prefix_equal_bitwise_or_admissible_block_boundary {"nav5_t0_equal": true, "criterion": "bitwise, except a block-boundary bar within 4 ulp", "inadmissible": [], "nav5_sim": {"n_differ": 0, "max_abs_delta": 0.0, "bytes_equal": true, "n_old": 438673, "n_new": 444097}, "nav5_main": {"n_differ": 0, "max_abs_delta": 0.0, "bytes_equal": true, "n_old": 438
PASS C4.seed00.window_and_name_independent_summary_fields_agree {"policy": true, "price": true, "ua_set": true, "calibration_params_used": true, "sealed_initial_sha256_equal_iff_the_run_tag_is_equal": true}
PASS C7.seed00.five_minute_maxdd_delta_is_exactly_zero (criterion) {"nav5_sim": {"maxdd_old": -0.42868651139743685, "maxdd_new": -0.42868651139743685, "delta": 0.0}, "nav5_main": {"maxdd_old": -0.42868651139743685, "maxdd_new": -0.42868651139743685, "delta": 0.0}}
PASS C0.seed01.both_paths_present_and_self_consistent {"old": null, "new": null}
PASS C1.seed01.anchor_axis_nests_and_shared_count {"n_old": 9139, "n_new": 9252, "expected_shared": 9139, "nests": true}
PASS C2.seed01.window_arrays_bitwise_equal_on_shared_prefix {"keys": 59, "bad": {}}
PASS C3.seed01.nav5_prefix_equal_bitwise_or_admissible_block_boundary {"nav5_t0_equal": true, "criterion": "bitwise, except a block-boundary bar within 4 ulp", "inadmissible": [], "nav5_sim": {"n_differ": 1, "max_abs_delta": 2.9103830456733704e-11, "bytes_equal": false, "n_old": 438673, "n_new": 444097, "where": [{"index": 438672, "utc": "2026-08-31T04:00:00Z", "old":
PASS C4.seed01.window_and_name_independent_summary_fields_agree {"policy": true, "price": true, "ua_set": true, "calibration_params_used": true, "sealed_initial_sha256_equal_iff_the_run_tag_is_equal": true}
PASS C7.seed01.five_minute_maxdd_delta_is_exactly_zero (criterion) {"nav5_sim": {"maxdd_old": -0.4319374027965788, "maxdd_new": -0.4319374027965788, "delta": 0.0}, "nav5_main": {"maxdd_old": -0.4319374027965788, "maxdd_new": -0.4319374027965788, "delta": 0.0}}
PASS C0.seed02.both_paths_present_and_self_consistent {"old": null, "new": null}
PASS C1.seed02.anchor_axis_nests_and_shared_count {"n_old": 9139, "n_new": 9252, "expected_shared": 9139, "nests": true}
PASS C2.seed02.window_arrays_bitwise_equal_on_shared_prefix {"keys": 59, "bad": {}}
PASS C3.seed02.nav5_prefix_equal_bitwise_or_admissible_block_boundary {"nav5_t0_equal": true, "criterion": "bitwise, except a block-boundary bar within 4 ulp", "inadmissible": [], "nav5_sim": {"n_differ": 1, "max_abs_delta": 2.9103830456733704e-11, "bytes_equal": false, "n_old": 438673, "n_new": 444097, "where": [{"index": 438672, "utc": "2026-08-31T04:00:00Z", "old":
PASS C4.seed02.window_and_name_independent_summary_fields_agree {"policy": true, "price": true, "ua_set": true, "calibration_params_used": true, "sealed_initial_sha256_equal_iff_the_run_tag_is_equal": true}
PASS C7.seed02.five_minute_maxdd_delta_is_exactly_zero (criterion) {"nav5_sim": {"maxdd_old": -0.4387641471989282, "maxdd_new": -0.4387641471989282, "delta": 0.0}, "nav5_main": {"maxdd_old": -0.4387641471989282, "maxdd_new": -0.4387641471989282, "delta": 0.0}}
PASS C0.seed03.both_paths_present_and_self_consistent {"old": null, "new": null}
PASS C1.seed03.anchor_axis_nests_and_shared_count {"n_old": 9139, "n_new": 9252, "expected_shared": 9139, "nests": true}
PASS C2.seed03.window_arrays_bitwise_equal_on_shared_prefix {"keys": 59, "bad": {}}
PASS C3.seed03.nav5_prefix_equal_bitwise_or_admissible_block_boundary {"nav5_t0_equal": true, "criterion": "bitwise, except a block-boundary bar within 4 ulp", "inadmissible": [], "nav5_sim": {"n_differ": 1, "max_abs_delta": 2.9103830456733704e-11, "bytes_equal": false, "n_old": 438673, "n_new": 444097, "where": [{"index": 438672, "utc": "2026-08-31T04:00:00Z", "old":
PASS C4.seed03.window_and_name_independent_summary_fields_agree {"policy": true, "price": true, "ua_set": true, "calibration_params_used": true, "sealed_initial_sha256_equal_iff_the_run_tag_is_equal": true}
PASS C7.seed03.five_minute_maxdd_delta_is_exactly_zero (criterion) {"nav5_sim": {"maxdd_old": -0.4444749361759628, "maxdd_new": -0.4444749361759628, "delta": 0.0}, "nav5_main": {"maxdd_old": -0.4444749361759628, "maxdd_new": -0.4444749361759628, "delta": 0.0}}
PASS C0.seed04.both_paths_present_and_self_consistent {"old": null, "new": null}
PASS C1.seed04.anchor_axis_nests_and_shared_count {"n_old": 9139, "n_new": 9252, "expected_shared": 9139, "nests": true}
PASS C2.seed04.window_arrays_bitwise_equal_on_shared_prefix {"keys": 59, "bad": {}}
PASS C3.seed04.nav5_prefix_equal_bitwise_or_admissible_block_boundary {"nav5_t0_equal": true, "criterion": "bitwise, except a block-boundary bar within 4 ulp", "inadmissible": [], "nav5_sim": {"n_differ": 0, "max_abs_delta": 0.0, "bytes_equal": true, "n_old": 438673, "n_new": 444097}, "nav5_main": {"n_differ": 0, "max_abs_delta": 0.0, "bytes_equal": true, "n_old": 438
PASS C4.seed04.window_and_name_independent_summary_fields_agree {"policy": true, "price": true, "ua_set": true, "calibration_params_used": true, "sealed_initial_sha256_equal_iff_the_run_tag_is_equal": true}
PASS C7.seed04.five_minute_maxdd_delta_is_exactly_zero (criterion) {"nav5_sim": {"maxdd_old": -0.4318239677510014, "maxdd_new": -0.4318239677510014, "delta": 0.0}, "nav5_main": {"maxdd_old": -0.4318239677510014, "maxdd_new": -0.4318239677510014, "delta": 0.0}}
PASS C0.seed05.both_paths_present_and_self_consistent {"old": null, "new": null}
PASS C1.seed05.anchor_axis_nests_and_shared_count {"n_old": 9139, "n_new": 9252, "expected_shared": 9139, "nests": true}
PASS C2.seed05.window_arrays_bitwise_equal_on_shared_prefix {"keys": 59, "bad": {}}
PASS C3.seed05.nav5_prefix_equal_bitwise_or_admissible_block_boundary {"nav5_t0_equal": true, "criterion": "bitwise, except a block-boundary bar within 4 ulp", "inadmissible": [], "nav5_sim": {"n_differ": 0, "max_abs_delta": 0.0, "bytes_equal": true, "n_old": 438673, "n_new": 444097}, "nav5_main": {"n_differ": 0, "max_abs_delta": 0.0, "bytes_equal": true, "n_old": 438
PASS C4.seed05.window_and_name_independent_summary_fields_agree {"policy": true, "price": true, "ua_set": true, "calibration_params_used": true, "sealed_initial_sha256_equal_iff_the_run_tag_is_equal": true}
PASS C7.seed05.five_minute_maxdd_delta_is_exactly_zero (criterion) {"nav5_sim": {"maxdd_old": -0.44341616548216145, "maxdd_new": -0.44341616548216145, "delta": 0.0}, "nav5_main": {"maxdd_old": -0.44341616548216145, "maxdd_new": -0.44341616548216145, "delta": 0.0}}
PASS C0.seed06.both_paths_present_and_self_consistent {"old": null, "new": null}
PASS C1.seed06.anchor_axis_nests_and_shared_count {"n_old": 9139, "n_new": 9252, "expected_shared": 9139, "nests": true}
PASS C2.seed06.window_arrays_bitwise_equal_on_shared_prefix {"keys": 59, "bad": {}}
PASS C3.seed06.nav5_prefix_equal_bitwise_or_admissible_block_boundary {"nav5_t0_equal": true, "criterion": "bitwise, except a block-boundary bar within 4 ulp", "inadmissible": [], "nav5_sim": {"n_differ": 0, "max_abs_delta": 0.0, "bytes_equal": true, "n_old": 438673, "n_new": 444097}, "nav5_main": {"n_differ": 0, "max_abs_delta": 0.0, "bytes_equal": true, "n_old": 438
PASS C4.seed06.window_and_name_independent_summary_fields_agree {"policy": true, "price": true, "ua_set": true, "calibration_params_used": true, "sealed_initial_sha256_equal_iff_the_run_tag_is_equal": true}
PASS C7.seed06.five_minute_maxdd_delta_is_exactly_zero (criterion) {"nav5_sim": {"maxdd_old": -0.4164450971412068, "maxdd_new": -0.4164450971412068, "delta": 0.0}, "nav5_main": {"maxdd_old": -0.4164450971412068, "maxdd_new": -0.4164450971412068, "delta": 0.0}}
PASS C0.seed07.both_paths_present_and_self_consistent {"old": null, "new": null}
PASS C1.seed07.anchor_axis_nests_and_shared_count {"n_old": 9139, "n_new": 9252, "expected_shared": 9139, "nests": true}
PASS C2.seed07.window_arrays_bitwise_equal_on_shared_prefix {"keys": 59, "bad": {}}
PASS C3.seed07.nav5_prefix_equal_bitwise_or_admissible_block_boundary {"nav5_t0_equal": true, "criterion": "bitwise, except a block-boundary bar within 4 ulp", "inadmissible": [], "nav5_sim": {"n_differ": 1, "max_abs_delta": 2.9103830456733704e-11, "bytes_equal": false, "n_old": 438673, "n_new": 444097, "where": [{"index": 438672, "utc": "2026-08-31T04:00:00Z", "old":
PASS C4.seed07.window_and_name_independent_summary_fields_agree {"policy": true, "price": true, "ua_set": true, "calibration_params_used": true, "sealed_initial_sha256_equal_iff_the_run_tag_is_equal": true}
PASS C7.seed07.five_minute_maxdd_delta_is_exactly_zero (criterion) {"nav5_sim": {"maxdd_old": -0.45326934038718436, "maxdd_new": -0.45326934038718436, "delta": 0.0}, "nav5_main": {"maxdd_old": -0.45326934038718436, "maxdd_new": -0.45326934038718436, "delta": 0.0}}
PASS C0.seed08.both_paths_present_and_self_consistent {"old": null, "new": null}
PASS C1.seed08.anchor_axis_nests_and_shared_count {"n_old": 9139, "n_new": 9252, "expected_shared": 9139, "nests": true}
PASS C2.seed08.window_arrays_bitwise_equal_on_shared_prefix {"keys": 59, "bad": {}}
PASS C3.seed08.nav5_prefix_equal_bitwise_or_admissible_block_boundary {"nav5_t0_equal": true, "criterion": "bitwise, except a block-boundary bar within 4 ulp", "inadmissible": [], "nav5_sim": {"n_differ": 1, "max_abs_delta": 2.9103830456733704e-11, "bytes_equal": false, "n_old": 438673, "n_new": 444097, "where": [{"index": 438672, "utc": "2026-08-31T04:00:00Z", "old":
PASS C4.seed08.window_and_name_independent_summary_fields_agree {"policy": true, "price": true, "ua_set": true, "calibration_params_used": true, "sealed_initial_sha256_equal_iff_the_run_tag_is_equal": true}
PASS C7.seed08.five_minute_maxdd_delta_is_exactly_zero (criterion) {"nav5_sim": {"maxdd_old": -0.4430210908511827, "maxdd_new": -0.4430210908511827, "delta": 0.0}, "nav5_main": {"maxdd_old": -0.4430210908511827, "maxdd_new": -0.4430210908511827, "delta": 0.0}}
PASS C0.seed09.both_paths_present_and_self_consistent {"old": null, "new": null}
PASS C1.seed09.anchor_axis_nests_and_shared_count {"n_old": 9139, "n_new": 9252, "expected_shared": 9139, "nests": true}
PASS C2.seed09.window_arrays_bitwise_equal_on_shared_prefix {"keys": 59, "bad": {}}
PASS C3.seed09.nav5_prefix_equal_bitwise_or_admissible_block_boundary {"nav5_t0_equal": true, "criterion": "bitwise, except a block-boundary bar within 4 ulp", "inadmissible": [], "nav5_sim": {"n_differ": 1, "max_abs_delta": 2.9103830456733704e-11, "bytes_equal": false, "n_old": 438673, "n_new": 444097, "where": [{"index": 438672, "utc": "2026-08-31T04:00:00Z", "old":
PASS C4.seed09.window_and_name_independent_summary_fields_agree {"policy": true, "price": true, "ua_set": true, "calibration_params_used": true, "sealed_initial_sha256_equal_iff_the_run_tag_is_equal": true}
PASS C7.seed09.five_minute_maxdd_delta_is_exactly_zero (criterion) {"nav5_sim": {"maxdd_old": -0.43768585005936633, "maxdd_new": -0.43768585005936633, "delta": 0.0}, "nav5_main": {"maxdd_old": -0.43768585005936633, "maxdd_new": -0.43768585005936633, "delta": 0.0}}
PASS C0.seed10.both_paths_present_and_self_consistent {"old": null, "new": null}
PASS C1.seed10.anchor_axis_nests_and_shared_count {"n_old": 9139, "n_new": 9252, "expected_shared": 9139, "nests": true}
PASS C2.seed10.window_arrays_bitwise_equal_on_shared_prefix {"keys": 59, "bad": {}}
PASS C3.seed10.nav5_prefix_equal_bitwise_or_admissible_block_boundary {"nav5_t0_equal": true, "criterion": "bitwise, except a block-boundary bar within 4 ulp", "inadmissible": [], "nav5_sim": {"n_differ": 1, "max_abs_delta": 2.9103830456733704e-11, "bytes_equal": false, "n_old": 438673, "n_new": 444097, "where": [{"index": 438672, "utc": "2026-08-31T04:00:00Z", "old":
PASS C4.seed10.window_and_name_independent_summary_fields_agree {"policy": true, "price": true, "ua_set": true, "calibration_params_used": true, "sealed_initial_sha256_equal_iff_the_run_tag_is_equal": true}
PASS C7.seed10.five_minute_maxdd_delta_is_exactly_zero (criterion) {"nav5_sim": {"maxdd_old": -0.4582457984999144, "maxdd_new": -0.4582457984999144, "delta": 0.0}, "nav5_main": {"maxdd_old": -0.4582457984999144, "maxdd_new": -0.4582457984999144, "delta": 0.0}}
PASS C0.seed11.both_paths_present_and_self_consistent {"old": null, "new": null}
PASS C1.seed11.anchor_axis_nests_and_shared_count {"n_old": 9139, "n_new": 9252, "expected_shared": 9139, "nests": true}
PASS C2.seed11.window_arrays_bitwise_equal_on_shared_prefix {"keys": 59, "bad": {}}
PASS C3.seed11.nav5_prefix_equal_bitwise_or_admissible_block_boundary {"nav5_t0_equal": true, "criterion": "bitwise, except a block-boundary bar within 4 ulp", "inadmissible": [], "nav5_sim": {"n_differ": 0, "max_abs_delta": 0.0, "bytes_equal": true, "n_old": 438673, "n_new": 444097}, "nav5_main": {"n_differ": 0, "max_abs_delta": 0.0, "bytes_equal": true, "n_old": 438
PASS C4.seed11.window_and_name_independent_summary_fields_agree {"policy": true, "price": true, "ua_set": true, "calibration_params_used": true, "sealed_initial_sha256_equal_iff_the_run_tag_is_equal": true}
PASS C7.seed11.five_minute_maxdd_delta_is_exactly_zero (criterion) {"nav5_sim": {"maxdd_old": -0.42955672942581935, "maxdd_new": -0.42955672942581935, "delta": 0.0}, "nav5_main": {"maxdd_old": -0.42955672942581935, "maxdd_new": -0.42955672942581935, "delta": 0.0}}
PASS C0.seed12.both_paths_present_and_self_consistent {"old": null, "new": null}
PASS C1.seed12.anchor_axis_nests_and_shared_count {"n_old": 9139, "n_new": 9252, "expected_shared": 9139, "nests": true}
PASS C2.seed12.window_arrays_bitwise_equal_on_shared_prefix {"keys": 59, "bad": {}}
PASS C3.seed12.nav5_prefix_equal_bitwise_or_admissible_block_boundary {"nav5_t0_equal": true, "criterion": "bitwise, except a block-boundary bar within 4 ulp", "inadmissible": [], "nav5_sim": {"n_differ": 0, "max_abs_delta": 0.0, "bytes_equal": true, "n_old": 438673, "n_new": 444097}, "nav5_main": {"n_differ": 0, "max_abs_delta": 0.0, "bytes_equal": true, "n_old": 438
PASS C4.seed12.window_and_name_independent_summary_fields_agree {"policy": true, "price": true, "ua_set": true, "calibration_params_used": true, "sealed_initial_sha256_equal_iff_the_run_tag_is_equal": true}
PASS C7.seed12.five_minute_maxdd_delta_is_exactly_zero (criterion) {"nav5_sim": {"maxdd_old": -0.4574795065969218, "maxdd_new": -0.4574795065969218, "delta": 0.0}, "nav5_main": {"maxdd_old": -0.4574795065969218, "maxdd_new": -0.4574795065969218, "delta": 0.0}}
PASS C0.seed13.both_paths_present_and_self_consistent {"old": null, "new": null}
PASS C1.seed13.anchor_axis_nests_and_shared_count {"n_old": 9139, "n_new": 9252, "expected_shared": 9139, "nests": true}
PASS C2.seed13.window_arrays_bitwise_equal_on_shared_prefix {"keys": 59, "bad": {}}
PASS C3.seed13.nav5_prefix_equal_bitwise_or_admissible_block_boundary {"nav5_t0_equal": true, "criterion": "bitwise, except a block-boundary bar within 4 ulp", "inadmissible": [], "nav5_sim": {"n_differ": 0, "max_abs_delta": 0.0, "bytes_equal": true, "n_old": 438673, "n_new": 444097}, "nav5_main": {"n_differ": 0, "max_abs_delta": 0.0, "bytes_equal": true, "n_old": 438
PASS C4.seed13.window_and_name_independent_summary_fields_agree {"policy": true, "price": true, "ua_set": true, "calibration_params_used": true, "sealed_initial_sha256_equal_iff_the_run_tag_is_equal": true}
PASS C7.seed13.five_minute_maxdd_delta_is_exactly_zero (criterion) {"nav5_sim": {"maxdd_old": -0.44172406773214545, "maxdd_new": -0.44172406773214545, "delta": 0.0}, "nav5_main": {"maxdd_old": -0.44172406773214545, "maxdd_new": -0.44172406773214545, "delta": 0.0}}
PASS C0.seed14.both_paths_present_and_self_consistent {"old": null, "new": null}
PASS C1.seed14.anchor_axis_nests_and_shared_count {"n_old": 9139, "n_new": 9252, "expected_shared": 9139, "nests": true}
PASS C2.seed14.window_arrays_bitwise_equal_on_shared_prefix {"keys": 59, "bad": {}}
PASS C3.seed14.nav5_prefix_equal_bitwise_or_admissible_block_boundary {"nav5_t0_equal": true, "criterion": "bitwise, except a block-boundary bar within 4 ulp", "inadmissible": [], "nav5_sim": {"n_differ": 0, "max_abs_delta": 0.0, "bytes_equal": true, "n_old": 438673, "n_new": 444097}, "nav5_main": {"n_differ": 0, "max_abs_delta": 0.0, "bytes_equal": true, "n_old": 438
PASS C4.seed14.window_and_name_independent_summary_fields_agree {"policy": true, "price": true, "ua_set": true, "calibration_params_used": true, "sealed_initial_sha256_equal_iff_the_run_tag_is_equal": true}
PASS C7.seed14.five_minute_maxdd_delta_is_exactly_zero (criterion) {"nav5_sim": {"maxdd_old": -0.43555811825913027, "maxdd_new": -0.43555811825913027, "delta": 0.0}, "nav5_main": {"maxdd_old": -0.43555811825913027, "maxdd_new": -0.43555811825913027, "delta": 0.0}}
PASS C0.seed15.both_paths_present_and_self_consistent {"old": null, "new": null}
PASS C1.seed15.anchor_axis_nests_and_shared_count {"n_old": 9139, "n_new": 9252, "expected_shared": 9139, "nests": true}
PASS C2.seed15.window_arrays_bitwise_equal_on_shared_prefix {"keys": 59, "bad": {}}
PASS C3.seed15.nav5_prefix_equal_bitwise_or_admissible_block_boundary {"nav5_t0_equal": true, "criterion": "bitwise, except a block-boundary bar within 4 ulp", "inadmissible": [], "nav5_sim": {"n_differ": 0, "max_abs_delta": 0.0, "bytes_equal": true, "n_old": 438673, "n_new": 444097}, "nav5_main": {"n_differ": 0, "max_abs_delta": 0.0, "bytes_equal": true, "n_old": 438
PASS C4.seed15.window_and_name_independent_summary_fields_agree {"policy": true, "price": true, "ua_set": true, "calibration_params_used": true, "sealed_initial_sha256_equal_iff_the_run_tag_is_equal": true}
PASS C7.seed15.five_minute_maxdd_delta_is_exactly_zero (criterion) {"nav5_sim": {"maxdd_old": -0.41795153263591045, "maxdd_new": -0.41795153263591045, "delta": 0.0}, "nav5_main": {"maxdd_old": -0.41795153263591045, "maxdd_new": -0.41795153263591045, "delta": 0.0}}
PASS C0.seed16.both_paths_present_and_self_consistent {"old": null, "new": null}
PASS C1.seed16.anchor_axis_nests_and_shared_count {"n_old": 9139, "n_new": 9252, "expected_shared": 9139, "nests": true}
PASS C2.seed16.window_arrays_bitwise_equal_on_shared_prefix {"keys": 59, "bad": {}}
PASS C3.seed16.nav5_prefix_equal_bitwise_or_admissible_block_boundary {"nav5_t0_equal": true, "criterion": "bitwise, except a block-boundary bar within 4 ulp", "inadmissible": [], "nav5_sim": {"n_differ": 0, "max_abs_delta": 0.0, "bytes_equal": true, "n_old": 438673, "n_new": 444097}, "nav5_main": {"n_differ": 0, "max_abs_delta": 0.0, "bytes_equal": true, "n_old": 438
PASS C4.seed16.window_and_name_independent_summary_fields_agree {"policy": true, "price": true, "ua_set": true, "calibration_params_used": true, "sealed_initial_sha256_equal_iff_the_run_tag_is_equal": true}
PASS C7.seed16.five_minute_maxdd_delta_is_exactly_zero (criterion) {"nav5_sim": {"maxdd_old": -0.4293971988162977, "maxdd_new": -0.4293971988162977, "delta": 0.0}, "nav5_main": {"maxdd_old": -0.4293971988162977, "maxdd_new": -0.4293971988162977, "delta": 0.0}}
PASS C0.seed17.both_paths_present_and_self_consistent {"old": null, "new": null}
PASS C1.seed17.anchor_axis_nests_and_shared_count {"n_old": 9139, "n_new": 9252, "expected_shared": 9139, "nests": true}
PASS C2.seed17.window_arrays_bitwise_equal_on_shared_prefix {"keys": 59, "bad": {}}
PASS C3.seed17.nav5_prefix_equal_bitwise_or_admissible_block_boundary {"nav5_t0_equal": true, "criterion": "bitwise, except a block-boundary bar within 4 ulp", "inadmissible": [], "nav5_sim": {"n_differ": 0, "max_abs_delta": 0.0, "bytes_equal": true, "n_old": 438673, "n_new": 444097}, "nav5_main": {"n_differ": 0, "max_abs_delta": 0.0, "bytes_equal": true, "n_old": 438
PASS C4.seed17.window_and_name_independent_summary_fields_agree {"policy": true, "price": true, "ua_set": true, "calibration_params_used": true, "sealed_initial_sha256_equal_iff_the_run_tag_is_equal": true}
PASS C7.seed17.five_minute_maxdd_delta_is_exactly_zero (criterion) {"nav5_sim": {"maxdd_old": -0.4394498448338763, "maxdd_new": -0.4394498448338763, "delta": 0.0}, "nav5_main": {"maxdd_old": -0.4394498448338763, "maxdd_new": -0.4394498448338763, "delta": 0.0}}
PASS C0.seed18.both_paths_present_and_self_consistent {"old": null, "new": null}
PASS C1.seed18.anchor_axis_nests_and_shared_count {"n_old": 9139, "n_new": 9252, "expected_shared": 9139, "nests": true}
PASS C2.seed18.window_arrays_bitwise_equal_on_shared_prefix {"keys": 59, "bad": {}}
PASS C3.seed18.nav5_prefix_equal_bitwise_or_admissible_block_boundary {"nav5_t0_equal": true, "criterion": "bitwise, except a block-boundary bar within 4 ulp", "inadmissible": [], "nav5_sim": {"n_differ": 0, "max_abs_delta": 0.0, "bytes_equal": true, "n_old": 438673, "n_new": 444097}, "nav5_main": {"n_differ": 0, "max_abs_delta": 0.0, "bytes_equal": true, "n_old": 438
PASS C4.seed18.window_and_name_independent_summary_fields_agree {"policy": true, "price": true, "ua_set": true, "calibration_params_used": true, "sealed_initial_sha256_equal_iff_the_run_tag_is_equal": true}
PASS C7.seed18.five_minute_maxdd_delta_is_exactly_zero (criterion) {"nav5_sim": {"maxdd_old": -0.44702357264530035, "maxdd_new": -0.44702357264530035, "delta": 0.0}, "nav5_main": {"maxdd_old": -0.44702357264530035, "maxdd_new": -0.44702357264530035, "delta": 0.0}}
PASS C0.seed19.both_paths_present_and_self_consistent {"old": null, "new": null}
PASS C1.seed19.anchor_axis_nests_and_shared_count {"n_old": 9139, "n_new": 9252, "expected_shared": 9139, "nests": true}
PASS C2.seed19.window_arrays_bitwise_equal_on_shared_prefix {"keys": 59, "bad": {}}
PASS C3.seed19.nav5_prefix_equal_bitwise_or_admissible_block_boundary {"nav5_t0_equal": true, "criterion": "bitwise, except a block-boundary bar within 4 ulp", "inadmissible": [], "nav5_sim": {"n_differ": 0, "max_abs_delta": 0.0, "bytes_equal": true, "n_old": 438673, "n_new": 444097}, "nav5_main": {"n_differ": 0, "max_abs_delta": 0.0, "bytes_equal": true, "n_old": 438
PASS C4.seed19.window_and_name_independent_summary_fields_agree {"policy": true, "price": true, "ua_set": true, "calibration_params_used": true, "sealed_initial_sha256_equal_iff_the_run_tag_is_equal": true}
PASS C7.seed19.five_minute_maxdd_delta_is_exactly_zero (criterion) {"nav5_sim": {"maxdd_old": -0.4375729200344177, "maxdd_new": -0.4375729200344177, "delta": 0.0}, "nav5_main": {"maxdd_old": -0.4375729200344177, "maxdd_new": -0.4375729200344177, "delta": 0.0}}
PASS C0.seed20.both_paths_present_and_self_consistent {"old": null, "new": null}
PASS C1.seed20.anchor_axis_nests_and_shared_count {"n_old": 9139, "n_new": 9252, "expected_shared": 9139, "nests": true}
PASS C2.seed20.window_arrays_bitwise_equal_on_shared_prefix {"keys": 59, "bad": {}}
PASS C3.seed20.nav5_prefix_equal_bitwise_or_admissible_block_boundary {"nav5_t0_equal": true, "criterion": "bitwise, except a block-boundary bar within 4 ulp", "inadmissible": [], "nav5_sim": {"n_differ": 0, "max_abs_delta": 0.0, "bytes_equal": true, "n_old": 438673, "n_new": 444097}, "nav5_main": {"n_differ": 0, "max_abs_delta": 0.0, "bytes_equal": true, "n_old": 438
PASS C4.seed20.window_and_name_independent_summary_fields_agree {"policy": true, "price": true, "ua_set": true, "calibration_params_used": true, "sealed_initial_sha256_equal_iff_the_run_tag_is_equal": true}
PASS C7.seed20.five_minute_maxdd_delta_is_exactly_zero (criterion) {"nav5_sim": {"maxdd_old": -0.4548423052595013, "maxdd_new": -0.4548423052595013, "delta": 0.0}, "nav5_main": {"maxdd_old": -0.4548423052595013, "maxdd_new": -0.4548423052595013, "delta": 0.0}}
PASS C0.seed21.both_paths_present_and_self_consistent {"old": null, "new": null}
PASS C1.seed21.anchor_axis_nests_and_shared_count {"n_old": 9139, "n_new": 9252, "expected_shared": 9139, "nests": true}
PASS C2.seed21.window_arrays_bitwise_equal_on_shared_prefix {"keys": 59, "bad": {}}
PASS C3.seed21.nav5_prefix_equal_bitwise_or_admissible_block_boundary {"nav5_t0_equal": true, "criterion": "bitwise, except a block-boundary bar within 4 ulp", "inadmissible": [], "nav5_sim": {"n_differ": 0, "max_abs_delta": 0.0, "bytes_equal": true, "n_old": 438673, "n_new": 444097}, "nav5_main": {"n_differ": 0, "max_abs_delta": 0.0, "bytes_equal": true, "n_old": 438
PASS C4.seed21.window_and_name_independent_summary_fields_agree {"policy": true, "price": true, "ua_set": true, "calibration_params_used": true, "sealed_initial_sha256_equal_iff_the_run_tag_is_equal": true}
PASS C7.seed21.five_minute_maxdd_delta_is_exactly_zero (criterion) {"nav5_sim": {"maxdd_old": -0.4429145420990127, "maxdd_new": -0.4429145420990127, "delta": 0.0}, "nav5_main": {"maxdd_old": -0.4429145420990127, "maxdd_new": -0.4429145420990127, "delta": 0.0}}
PASS C0.seed22.both_paths_present_and_self_consistent {"old": null, "new": null}
PASS C1.seed22.anchor_axis_nests_and_shared_count {"n_old": 9139, "n_new": 9252, "expected_shared": 9139, "nests": true}
PASS C2.seed22.window_arrays_bitwise_equal_on_shared_prefix {"keys": 59, "bad": {}}
PASS C3.seed22.nav5_prefix_equal_bitwise_or_admissible_block_boundary {"nav5_t0_equal": true, "criterion": "bitwise, except a block-boundary bar within 4 ulp", "inadmissible": [], "nav5_sim": {"n_differ": 0, "max_abs_delta": 0.0, "bytes_equal": true, "n_old": 438673, "n_new": 444097}, "nav5_main": {"n_differ": 0, "max_abs_delta": 0.0, "bytes_equal": true, "n_old": 438
PASS C4.seed22.window_and_name_independent_summary_fields_agree {"policy": true, "price": true, "ua_set": true, "calibration_params_used": true, "sealed_initial_sha256_equal_iff_the_run_tag_is_equal": true}
PASS C7.seed22.five_minute_maxdd_delta_is_exactly_zero (criterion) {"nav5_sim": {"maxdd_old": -0.43088352163454324, "maxdd_new": -0.43088352163454324, "delta": 0.0}, "nav5_main": {"maxdd_old": -0.43088352163454324, "maxdd_new": -0.43088352163454324, "delta": 0.0}}
PASS C0.seed23.both_paths_present_and_self_consistent {"old": null, "new": null}
PASS C1.seed23.anchor_axis_nests_and_shared_count {"n_old": 9139, "n_new": 9252, "expected_shared": 9139, "nests": true}
PASS C2.seed23.window_arrays_bitwise_equal_on_shared_prefix {"keys": 59, "bad": {}}
PASS C3.seed23.nav5_prefix_equal_bitwise_or_admissible_block_boundary {"nav5_t0_equal": true, "criterion": "bitwise, except a block-boundary bar within 4 ulp", "inadmissible": [], "nav5_sim": {"n_differ": 0, "max_abs_delta": 0.0, "bytes_equal": true, "n_old": 438673, "n_new": 444097}, "nav5_main": {"n_differ": 0, "max_abs_delta": 0.0, "bytes_equal": true, "n_old": 438
PASS C4.seed23.window_and_name_independent_summary_fields_agree {"policy": true, "price": true, "ua_set": true, "calibration_params_used": true, "sealed_initial_sha256_equal_iff_the_run_tag_is_equal": true}
PASS C7.seed23.five_minute_maxdd_delta_is_exactly_zero (criterion) {"nav5_sim": {"maxdd_old": -0.43576848989452555, "maxdd_new": -0.43576848989452555, "delta": 0.0}, "nav5_main": {"maxdd_old": -0.43576848989452555, "maxdd_new": -0.43576848989452555, "delta": 0.0}}
PASS C0.seed24.both_paths_present_and_self_consistent {"old": null, "new": null}
PASS C1.seed24.anchor_axis_nests_and_shared_count {"n_old": 9139, "n_new": 9252, "expected_shared": 9139, "nests": true}
PASS C2.seed24.window_arrays_bitwise_equal_on_shared_prefix {"keys": 59, "bad": {}}
PASS C3.seed24.nav5_prefix_equal_bitwise_or_admissible_block_boundary {"nav5_t0_equal": true, "criterion": "bitwise, except a block-boundary bar within 4 ulp", "inadmissible": [], "nav5_sim": {"n_differ": 1, "max_abs_delta": 2.9103830456733704e-11, "bytes_equal": false, "n_old": 438673, "n_new": 444097, "where": [{"index": 438672, "utc": "2026-08-31T04:00:00Z", "old":
PASS C4.seed24.window_and_name_independent_summary_fields_agree {"policy": true, "price": true, "ua_set": true, "calibration_params_used": true, "sealed_initial_sha256_equal_iff_the_run_tag_is_equal": true}
PASS C7.seed24.five_minute_maxdd_delta_is_exactly_zero (criterion) {"nav5_sim": {"maxdd_old": -0.4346501981222691, "maxdd_new": -0.4346501981222691, "delta": 0.0}, "nav5_main": {"maxdd_old": -0.4346501981222691, "maxdd_new": -0.4346501981222691, "delta": 0.0}}
PASS C0.seed25.both_paths_present_and_self_consistent {"old": null, "new": null}
PASS C1.seed25.anchor_axis_nests_and_shared_count {"n_old": 9139, "n_new": 9252, "expected_shared": 9139, "nests": true}
PASS C2.seed25.window_arrays_bitwise_equal_on_shared_prefix {"keys": 59, "bad": {}}
PASS C3.seed25.nav5_prefix_equal_bitwise_or_admissible_block_boundary {"nav5_t0_equal": true, "criterion": "bitwise, except a block-boundary bar within 4 ulp", "inadmissible": [], "nav5_sim": {"n_differ": 0, "max_abs_delta": 0.0, "bytes_equal": true, "n_old": 438673, "n_new": 444097}, "nav5_main": {"n_differ": 0, "max_abs_delta": 0.0, "bytes_equal": true, "n_old": 438
PASS C4.seed25.window_and_name_independent_summary_fields_agree {"policy": true, "price": true, "ua_set": true, "calibration_params_used": true, "sealed_initial_sha256_equal_iff_the_run_tag_is_equal": true}
PASS C7.seed25.five_minute_maxdd_delta_is_exactly_zero (criterion) {"nav5_sim": {"maxdd_old": -0.429609214461401, "maxdd_new": -0.429609214461401, "delta": 0.0}, "nav5_main": {"maxdd_old": -0.429609214461401, "maxdd_new": -0.429609214461401, "delta": 0.0}}
PASS C0.seed26.both_paths_present_and_self_consistent {"old": null, "new": null}
PASS C1.seed26.anchor_axis_nests_and_shared_count {"n_old": 9139, "n_new": 9252, "expected_shared": 9139, "nests": true}
PASS C2.seed26.window_arrays_bitwise_equal_on_shared_prefix {"keys": 59, "bad": {}}
PASS C3.seed26.nav5_prefix_equal_bitwise_or_admissible_block_boundary {"nav5_t0_equal": true, "criterion": "bitwise, except a block-boundary bar within 4 ulp", "inadmissible": [], "nav5_sim": {"n_differ": 0, "max_abs_delta": 0.0, "bytes_equal": true, "n_old": 438673, "n_new": 444097}, "nav5_main": {"n_differ": 0, "max_abs_delta": 0.0, "bytes_equal": true, "n_old": 438
PASS C4.seed26.window_and_name_independent_summary_fields_agree {"policy": true, "price": true, "ua_set": true, "calibration_params_used": true, "sealed_initial_sha256_equal_iff_the_run_tag_is_equal": true}
PASS C7.seed26.five_minute_maxdd_delta_is_exactly_zero (criterion) {"nav5_sim": {"maxdd_old": -0.4314801701642267, "maxdd_new": -0.4314801701642267, "delta": 0.0}, "nav5_main": {"maxdd_old": -0.4314801701642267, "maxdd_new": -0.4314801701642267, "delta": 0.0}}
PASS C0.seed27.both_paths_present_and_self_consistent {"old": null, "new": null}
PASS C1.seed27.anchor_axis_nests_and_shared_count {"n_old": 9139, "n_new": 9252, "expected_shared": 9139, "nests": true}
PASS C2.seed27.window_arrays_bitwise_equal_on_shared_prefix {"keys": 59, "bad": {}}
PASS C3.seed27.nav5_prefix_equal_bitwise_or_admissible_block_boundary {"nav5_t0_equal": true, "criterion": "bitwise, except a block-boundary bar within 4 ulp", "inadmissible": [], "nav5_sim": {"n_differ": 1, "max_abs_delta": 2.9103830456733704e-11, "bytes_equal": false, "n_old": 438673, "n_new": 444097, "where": [{"index": 438672, "utc": "2026-08-31T04:00:00Z", "old":
PASS C4.seed27.window_and_name_independent_summary_fields_agree {"policy": true, "price": true, "ua_set": true, "calibration_params_used": true, "sealed_initial_sha256_equal_iff_the_run_tag_is_equal": true}
PASS C7.seed27.five_minute_maxdd_delta_is_exactly_zero (criterion) {"nav5_sim": {"maxdd_old": -0.43473691953796345, "maxdd_new": -0.43473691953796345, "delta": 0.0}, "nav5_main": {"maxdd_old": -0.43473691953796345, "maxdd_new": -0.43473691953796345, "delta": 0.0}}
PASS C0.seed28.both_paths_present_and_self_consistent {"old": null, "new": null}
PASS C1.seed28.anchor_axis_nests_and_shared_count {"n_old": 9139, "n_new": 9252, "expected_shared": 9139, "nests": true}
PASS C2.seed28.window_arrays_bitwise_equal_on_shared_prefix {"keys": 59, "bad": {}}
PASS C3.seed28.nav5_prefix_equal_bitwise_or_admissible_block_boundary {"nav5_t0_equal": true, "criterion": "bitwise, except a block-boundary bar within 4 ulp", "inadmissible": [], "nav5_sim": {"n_differ": 0, "max_abs_delta": 0.0, "bytes_equal": true, "n_old": 438673, "n_new": 444097}, "nav5_main": {"n_differ": 0, "max_abs_delta": 0.0, "bytes_equal": true, "n_old": 438
PASS C4.seed28.window_and_name_independent_summary_fields_agree {"policy": true, "price": true, "ua_set": true, "calibration_params_used": true, "sealed_initial_sha256_equal_iff_the_run_tag_is_equal": true}
PASS C7.seed28.five_minute_maxdd_delta_is_exactly_zero (criterion) {"nav5_sim": {"maxdd_old": -0.42454329092265874, "maxdd_new": -0.42454329092265874, "delta": 0.0}, "nav5_main": {"maxdd_old": -0.42454329092265874, "maxdd_new": -0.42454329092265874, "delta": 0.0}}
PASS C0.seed29.both_paths_present_and_self_consistent {"old": null, "new": null}
PASS C1.seed29.anchor_axis_nests_and_shared_count {"n_old": 9139, "n_new": 9252, "expected_shared": 9139, "nests": true}
PASS C2.seed29.window_arrays_bitwise_equal_on_shared_prefix {"keys": 59, "bad": {}}
PASS C3.seed29.nav5_prefix_equal_bitwise_or_admissible_block_boundary {"nav5_t0_equal": true, "criterion": "bitwise, except a block-boundary bar within 4 ulp", "inadmissible": [], "nav5_sim": {"n_differ": 0, "max_abs_delta": 0.0, "bytes_equal": true, "n_old": 438673, "n_new": 444097}, "nav5_main": {"n_differ": 0, "max_abs_delta": 0.0, "bytes_equal": true, "n_old": 438
PASS C4.seed29.window_and_name_independent_summary_fields_agree {"policy": true, "price": true, "ua_set": true, "calibration_params_used": true, "sealed_initial_sha256_equal_iff_the_run_tag_is_equal": true}
PASS C7.seed29.five_minute_maxdd_delta_is_exactly_zero (criterion) {"nav5_sim": {"maxdd_old": -0.43720994313162587, "maxdd_new": -0.43720994313162587, "delta": 0.0}, "nav5_main": {"maxdd_old": -0.43720994313162587, "maxdd_new": -0.43720994313162587, "delta": 0.0}}
PASS C0.seed30.both_paths_present_and_self_consistent {"old": null, "new": null}
PASS C1.seed30.anchor_axis_nests_and_shared_count {"n_old": 9139, "n_new": 9252, "expected_shared": 9139, "nests": true}
PASS C2.seed30.window_arrays_bitwise_equal_on_shared_prefix {"keys": 59, "bad": {}}
PASS C3.seed30.nav5_prefix_equal_bitwise_or_admissible_block_boundary {"nav5_t0_equal": true, "criterion": "bitwise, except a block-boundary bar within 4 ulp", "inadmissible": [], "nav5_sim": {"n_differ": 0, "max_abs_delta": 0.0, "bytes_equal": true, "n_old": 438673, "n_new": 444097}, "nav5_main": {"n_differ": 0, "max_abs_delta": 0.0, "bytes_equal": true, "n_old": 438
PASS C4.seed30.window_and_name_independent_summary_fields_agree {"policy": true, "price": true, "ua_set": true, "calibration_params_used": true, "sealed_initial_sha256_equal_iff_the_run_tag_is_equal": true}
PASS C7.seed30.five_minute_maxdd_delta_is_exactly_zero (criterion) {"nav5_sim": {"maxdd_old": -0.43939424400815996, "maxdd_new": -0.43939424400815996, "delta": 0.0}, "nav5_main": {"maxdd_old": -0.43939424400815996, "maxdd_new": -0.43939424400815996, "delta": 0.0}}
PASS C0.seed31.both_paths_present_and_self_consistent {"old": null, "new": null}
PASS C1.seed31.anchor_axis_nests_and_shared_count {"n_old": 9139, "n_new": 9252, "expected_shared": 9139, "nests": true}
PASS C2.seed31.window_arrays_bitwise_equal_on_shared_prefix {"keys": 59, "bad": {}}
PASS C3.seed31.nav5_prefix_equal_bitwise_or_admissible_block_boundary {"nav5_t0_equal": true, "criterion": "bitwise, except a block-boundary bar within 4 ulp", "inadmissible": [], "nav5_sim": {"n_differ": 0, "max_abs_delta": 0.0, "bytes_equal": true, "n_old": 438673, "n_new": 444097}, "nav5_main": {"n_differ": 0, "max_abs_delta": 0.0, "bytes_equal": true, "n_old": 438
PASS C4.seed31.window_and_name_independent_summary_fields_agree {"policy": true, "price": true, "ua_set": true, "calibration_params_used": true, "sealed_initial_sha256_equal_iff_the_run_tag_is_equal": true}
PASS C7.seed31.five_minute_maxdd_delta_is_exactly_zero (criterion) {"nav5_sim": {"maxdd_old": -0.45845585052820537, "maxdd_new": -0.45845585052820537, "delta": 0.0}, "nav5_main": {"maxdd_old": -0.45845585052820537, "maxdd_new": -0.45845585052820537, "delta": 0.0}}
PASS [mutation red] one 1-ulp perturbation in the new path is detected {"key": "navm1"}
PASS [mutation red] a shifted (off-by-one-window) comparison is detected {"key": "navm1 shifted by 1"}
PASS [mutation red] a NaN cell replaced by a number is detected {"key": "rec_equity_at_decision", "cell": 5655}
PASS C6.NaN_in_the_same_cell_on_both_sides_is_equal (the try-1 defect) {"key": "rec_equity_at_decision", "n_nan": 17}
PASS [mutation red] the same comparison between different seeds (old seed 0 vs new seed 1) differs {"cells_differ": 9139}
PASS C5.every_seed_checked {"checked": 32, "expected": 32}
PASS C5.measurement_is_not_vacuous {"cells_compared_min": 1416547, "window_keys": 59, "shared_anchors": 9139}
BT_EXT_CONTROL VERDICT: ALL PASS 199/199 checks (shared 9139 anchors x 32 seeds bitwise, max|delta| 2.9103830456733704e-11, cells differing 18)
