PASS C0.seed00.both_paths_present_and_self_consistent {"old": null, "new": null}
PASS C1.seed00.anchor_axis_nests_and_shared_count {"n_old": 9139, "n_new": 9252, "expected_shared": 9139, "nests": true}
PASS C2.seed00.window_arrays_bitwise_equal_on_shared_prefix {"keys": 59, "bad": {}}
PASS C3.seed00.nav5_prefix_bitwise_equal {"nav5_t0_equal": true, "nav5_sim": {"n_differ": 0, "max_abs_delta": 0.0, "bytes_equal": true, "n_old": 438673, "n_new": 444097}, "nav5_main": {"n_differ": 0, "max_abs_delta": 0.0, "bytes_equal": true, "n_old": 438673, "n_new": 444097}}
PASS C4.seed00.window_and_name_independent_summary_fields_agree {"policy": true, "price": true, "ua_set": true, "calibration_params_used": true, "sealed_initial_sha256_differs_because_the_run_tag_is_part_of_it": true}
PASS C7.seed00.five_minute_maxdd_over_the_shared_prefix {"nav5_sim": {"maxdd_old": -0.3847059868459278, "maxdd_new": -0.3847059868459278, "delta": 0.0}, "nav5_main": {"maxdd_old": -0.3847059868459278, "maxdd_new": -0.3847059868459278, "delta": 0.0}}
PASS C0.seed01.both_paths_present_and_self_consistent {"old": null, "new": null}
PASS C1.seed01.anchor_axis_nests_and_shared_count {"n_old": 9139, "n_new": 9252, "expected_shared": 9139, "nests": true}
PASS C2.seed01.window_arrays_bitwise_equal_on_shared_prefix {"keys": 59, "bad": {}}
PASS C3.seed01.nav5_prefix_bitwise_equal {"nav5_t0_equal": true, "nav5_sim": {"n_differ": 0, "max_abs_delta": 0.0, "bytes_equal": true, "n_old": 438673, "n_new": 444097}, "nav5_main": {"n_differ": 0, "max_abs_delta": 0.0, "bytes_equal": true, "n_old": 438673, "n_new": 444097}}
PASS C4.seed01.window_and_name_independent_summary_fields_agree {"policy": true, "price": true, "ua_set": true, "calibration_params_used": true, "sealed_initial_sha256_differs_because_the_run_tag_is_part_of_it": true}
PASS C7.seed01.five_minute_maxdd_over_the_shared_prefix {"nav5_sim": {"maxdd_old": -0.39757806172461274, "maxdd_new": -0.39757806172461274, "delta": 0.0}, "nav5_main": {"maxdd_old": -0.39757806172461274, "maxdd_new": -0.39757806172461274, "delta": 0.0}}
PASS C0.seed02.both_paths_present_and_self_consistent {"old": null, "new": null}
PASS C1.seed02.anchor_axis_nests_and_shared_count {"n_old": 9139, "n_new": 9252, "expected_shared": 9139, "nests": true}
PASS C2.seed02.window_arrays_bitwise_equal_on_shared_prefix {"keys": 59, "bad": {}}
PASS C3.seed02.nav5_prefix_bitwise_equal {"nav5_t0_equal": true, "nav5_sim": {"n_differ": 0, "max_abs_delta": 0.0, "bytes_equal": true, "n_old": 438673, "n_new": 444097}, "nav5_main": {"n_differ": 0, "max_abs_delta": 0.0, "bytes_equal": true, "n_old": 438673, "n_new": 444097}}
PASS C4.seed02.window_and_name_independent_summary_fields_agree {"policy": true, "price": true, "ua_set": true, "calibration_params_used": true, "sealed_initial_sha256_differs_because_the_run_tag_is_part_of_it": true}
PASS C7.seed02.five_minute_maxdd_over_the_shared_prefix {"nav5_sim": {"maxdd_old": -0.39463257249486683, "maxdd_new": -0.39463257249486683, "delta": 0.0}, "nav5_main": {"maxdd_old": -0.39463257249486683, "maxdd_new": -0.39463257249486683, "delta": 0.0}}
PASS C0.seed03.both_paths_present_and_self_consistent {"old": null, "new": null}
PASS C1.seed03.anchor_axis_nests_and_shared_count {"n_old": 9139, "n_new": 9252, "expected_shared": 9139, "nests": true}
PASS C2.seed03.window_arrays_bitwise_equal_on_shared_prefix {"keys": 59, "bad": {}}
PASS C3.seed03.nav5_prefix_bitwise_equal {"nav5_t0_equal": true, "nav5_sim": {"n_differ": 0, "max_abs_delta": 0.0, "bytes_equal": true, "n_old": 438673, "n_new": 444097}, "nav5_main": {"n_differ": 0, "max_abs_delta": 0.0, "bytes_equal": true, "n_old": 438673, "n_new": 444097}}
PASS C4.seed03.window_and_name_independent_summary_fields_agree {"policy": true, "price": true, "ua_set": true, "calibration_params_used": true, "sealed_initial_sha256_differs_because_the_run_tag_is_part_of_it": true}
PASS C7.seed03.five_minute_maxdd_over_the_shared_prefix {"nav5_sim": {"maxdd_old": -0.3940048437147651, "maxdd_new": -0.3940048437147651, "delta": 0.0}, "nav5_main": {"maxdd_old": -0.3940048437147651, "maxdd_new": -0.3940048437147651, "delta": 0.0}}
PASS C0.seed04.both_paths_present_and_self_consistent {"old": null, "new": null}
PASS C1.seed04.anchor_axis_nests_and_shared_count {"n_old": 9139, "n_new": 9252, "expected_shared": 9139, "nests": true}
PASS C2.seed04.window_arrays_bitwise_equal_on_shared_prefix {"keys": 59, "bad": {}}
PASS C3.seed04.nav5_prefix_bitwise_equal {"nav5_t0_equal": true, "nav5_sim": {"n_differ": 0, "max_abs_delta": 0.0, "bytes_equal": true, "n_old": 438673, "n_new": 444097}, "nav5_main": {"n_differ": 0, "max_abs_delta": 0.0, "bytes_equal": true, "n_old": 438673, "n_new": 444097}}
PASS C4.seed04.window_and_name_independent_summary_fields_agree {"policy": true, "price": true, "ua_set": true, "calibration_params_used": true, "sealed_initial_sha256_differs_because_the_run_tag_is_part_of_it": true}
PASS C7.seed04.five_minute_maxdd_over_the_shared_prefix {"nav5_sim": {"maxdd_old": -0.38760606973846634, "maxdd_new": -0.38760606973846634, "delta": 0.0}, "nav5_main": {"maxdd_old": -0.38760606973846634, "maxdd_new": -0.38760606973846634, "delta": 0.0}}
PASS C0.seed05.both_paths_present_and_self_consistent {"old": null, "new": null}
PASS C1.seed05.anchor_axis_nests_and_shared_count {"n_old": 9139, "n_new": 9252, "expected_shared": 9139, "nests": true}
PASS C2.seed05.window_arrays_bitwise_equal_on_shared_prefix {"keys": 59, "bad": {}}
PASS C3.seed05.nav5_prefix_bitwise_equal {"nav5_t0_equal": true, "nav5_sim": {"n_differ": 0, "max_abs_delta": 0.0, "bytes_equal": true, "n_old": 438673, "n_new": 444097}, "nav5_main": {"n_differ": 0, "max_abs_delta": 0.0, "bytes_equal": true, "n_old": 438673, "n_new": 444097}}
PASS C4.seed05.window_and_name_independent_summary_fields_agree {"policy": true, "price": true, "ua_set": true, "calibration_params_used": true, "sealed_initial_sha256_differs_because_the_run_tag_is_part_of_it": true}
PASS C7.seed05.five_minute_maxdd_over_the_shared_prefix {"nav5_sim": {"maxdd_old": -0.3977431653802276, "maxdd_new": -0.3977431653802276, "delta": 0.0}, "nav5_main": {"maxdd_old": -0.3977431653802276, "maxdd_new": -0.3977431653802276, "delta": 0.0}}
PASS C0.seed06.both_paths_present_and_self_consistent {"old": null, "new": null}
PASS C1.seed06.anchor_axis_nests_and_shared_count {"n_old": 9139, "n_new": 9252, "expected_shared": 9139, "nests": true}
PASS C2.seed06.window_arrays_bitwise_equal_on_shared_prefix {"keys": 59, "bad": {}}
FAIL C3.seed06.nav5_prefix_bitwise_equal {"nav5_t0_equal": true, "nav5_sim": {"n_differ": 1, "max_abs_delta": 2.9103830456733704e-11, "bytes_equal": false, "n_old": 438673, "n_new": 444097, "where": [{"index": 438672, "utc": "2026-08-31T04:00:00Z", "old": 252987.8021705677, "new": 252987.80217056768, "relative": 1.150404494091439e-16}]}, "
PASS C4.seed06.window_and_name_independent_summary_fields_agree {"policy": true, "price": true, "ua_set": true, "calibration_params_used": true, "sealed_initial_sha256_differs_because_the_run_tag_is_part_of_it": true}
PASS C7.seed06.five_minute_maxdd_over_the_shared_prefix {"nav5_sim": {"maxdd_old": -0.37020526301123924, "maxdd_new": -0.37020526301123924, "delta": 0.0}, "nav5_main": {"maxdd_old": -0.37020526301123924, "maxdd_new": -0.37020526301123924, "delta": 0.0}}
PASS C0.seed07.both_paths_present_and_self_consistent {"old": null, "new": null}
PASS C1.seed07.anchor_axis_nests_and_shared_count {"n_old": 9139, "n_new": 9252, "expected_shared": 9139, "nests": true}
PASS C2.seed07.window_arrays_bitwise_equal_on_shared_prefix {"keys": 59, "bad": {}}
PASS C3.seed07.nav5_prefix_bitwise_equal {"nav5_t0_equal": true, "nav5_sim": {"n_differ": 0, "max_abs_delta": 0.0, "bytes_equal": true, "n_old": 438673, "n_new": 444097}, "nav5_main": {"n_differ": 0, "max_abs_delta": 0.0, "bytes_equal": true, "n_old": 438673, "n_new": 444097}}
PASS C4.seed07.window_and_name_independent_summary_fields_agree {"policy": true, "price": true, "ua_set": true, "calibration_params_used": true, "sealed_initial_sha256_differs_because_the_run_tag_is_part_of_it": true}
PASS C7.seed07.five_minute_maxdd_over_the_shared_prefix {"nav5_sim": {"maxdd_old": -0.40729970842060137, "maxdd_new": -0.40729970842060137, "delta": 0.0}, "nav5_main": {"maxdd_old": -0.40729970842060137, "maxdd_new": -0.40729970842060137, "delta": 0.0}}
PASS C0.seed08.both_paths_present_and_self_consistent {"old": null, "new": null}
PASS C1.seed08.anchor_axis_nests_and_shared_count {"n_old": 9139, "n_new": 9252, "expected_shared": 9139, "nests": true}
PASS C2.seed08.window_arrays_bitwise_equal_on_shared_prefix {"keys": 59, "bad": {}}
FAIL C3.seed08.nav5_prefix_bitwise_equal {"nav5_t0_equal": true, "nav5_sim": {"n_differ": 1, "max_abs_delta": 2.9103830456733704e-11, "bytes_equal": false, "n_old": 438673, "n_new": 444097, "where": [{"index": 438672, "utc": "2026-08-31T04:00:00Z", "old": 239463.45532139187, "new": 239463.4553213919, "relative": 1.2153767019553145e-16}]}, 
PASS C4.seed08.window_and_name_independent_summary_fields_agree {"policy": true, "price": true, "ua_set": true, "calibration_params_used": true, "sealed_initial_sha256_differs_because_the_run_tag_is_part_of_it": true}
PASS C7.seed08.five_minute_maxdd_over_the_shared_prefix {"nav5_sim": {"maxdd_old": -0.3950718081732767, "maxdd_new": -0.3950718081732767, "delta": 0.0}, "nav5_main": {"maxdd_old": -0.3950718081732767, "maxdd_new": -0.3950718081732767, "delta": 0.0}}
PASS C0.seed09.both_paths_present_and_self_consistent {"old": null, "new": null}
PASS C1.seed09.anchor_axis_nests_and_shared_count {"n_old": 9139, "n_new": 9252, "expected_shared": 9139, "nests": true}
PASS C2.seed09.window_arrays_bitwise_equal_on_shared_prefix {"keys": 59, "bad": {}}
PASS C3.seed09.nav5_prefix_bitwise_equal {"nav5_t0_equal": true, "nav5_sim": {"n_differ": 0, "max_abs_delta": 0.0, "bytes_equal": true, "n_old": 438673, "n_new": 444097}, "nav5_main": {"n_differ": 0, "max_abs_delta": 0.0, "bytes_equal": true, "n_old": 438673, "n_new": 444097}}
PASS C4.seed09.window_and_name_independent_summary_fields_agree {"policy": true, "price": true, "ua_set": true, "calibration_params_used": true, "sealed_initial_sha256_differs_because_the_run_tag_is_part_of_it": true}
PASS C7.seed09.five_minute_maxdd_over_the_shared_prefix {"nav5_sim": {"maxdd_old": -0.39991933710326666, "maxdd_new": -0.39991933710326666, "delta": 0.0}, "nav5_main": {"maxdd_old": -0.39991933710326666, "maxdd_new": -0.39991933710326666, "delta": 0.0}}
PASS C0.seed10.both_paths_present_and_self_consistent {"old": null, "new": null}
PASS C1.seed10.anchor_axis_nests_and_shared_count {"n_old": 9139, "n_new": 9252, "expected_shared": 9139, "nests": true}
PASS C2.seed10.window_arrays_bitwise_equal_on_shared_prefix {"keys": 59, "bad": {}}
FAIL C3.seed10.nav5_prefix_bitwise_equal {"nav5_t0_equal": true, "nav5_sim": {"n_differ": 1, "max_abs_delta": 2.9103830456733704e-11, "bytes_equal": false, "n_old": 438673, "n_new": 444097, "where": [{"index": 438672, "utc": "2026-08-31T04:00:00Z", "old": 231719.4907256968, "new": 231719.49072569684, "relative": 1.255994062717237e-16}]}, "
PASS C4.seed10.window_and_name_independent_summary_fields_agree {"policy": true, "price": true, "ua_set": true, "calibration_params_used": true, "sealed_initial_sha256_differs_because_the_run_tag_is_part_of_it": true}
PASS C7.seed10.five_minute_maxdd_over_the_shared_prefix {"nav5_sim": {"maxdd_old": -0.41141959597949096, "maxdd_new": -0.41141959597949096, "delta": 0.0}, "nav5_main": {"maxdd_old": -0.41141959597949096, "maxdd_new": -0.41141959597949096, "delta": 0.0}}
PASS C0.seed11.both_paths_present_and_self_consistent {"old": null, "new": null}
PASS C1.seed11.anchor_axis_nests_and_shared_count {"n_old": 9139, "n_new": 9252, "expected_shared": 9139, "nests": true}
PASS C2.seed11.window_arrays_bitwise_equal_on_shared_prefix {"keys": 59, "bad": {}}
PASS C3.seed11.nav5_prefix_bitwise_equal {"nav5_t0_equal": true, "nav5_sim": {"n_differ": 0, "max_abs_delta": 0.0, "bytes_equal": true, "n_old": 438673, "n_new": 444097}, "nav5_main": {"n_differ": 0, "max_abs_delta": 0.0, "bytes_equal": true, "n_old": 438673, "n_new": 444097}}
PASS C4.seed11.window_and_name_independent_summary_fields_agree {"policy": true, "price": true, "ua_set": true, "calibration_params_used": true, "sealed_initial_sha256_differs_because_the_run_tag_is_part_of_it": true}
PASS C7.seed11.five_minute_maxdd_over_the_shared_prefix {"nav5_sim": {"maxdd_old": -0.3847609186299147, "maxdd_new": -0.3847609186299147, "delta": 0.0}, "nav5_main": {"maxdd_old": -0.3847609186299147, "maxdd_new": -0.3847609186299147, "delta": 0.0}}
PASS C0.seed12.both_paths_present_and_self_consistent {"old": null, "new": null}
PASS C1.seed12.anchor_axis_nests_and_shared_count {"n_old": 9139, "n_new": 9252, "expected_shared": 9139, "nests": true}
PASS C2.seed12.window_arrays_bitwise_equal_on_shared_prefix {"keys": 59, "bad": {}}
PASS C3.seed12.nav5_prefix_bitwise_equal {"nav5_t0_equal": true, "nav5_sim": {"n_differ": 0, "max_abs_delta": 0.0, "bytes_equal": true, "n_old": 438673, "n_new": 444097}, "nav5_main": {"n_differ": 0, "max_abs_delta": 0.0, "bytes_equal": true, "n_old": 438673, "n_new": 444097}}
PASS C4.seed12.window_and_name_independent_summary_fields_agree {"policy": true, "price": true, "ua_set": true, "calibration_params_used": true, "sealed_initial_sha256_differs_because_the_run_tag_is_part_of_it": true}
PASS C7.seed12.five_minute_maxdd_over_the_shared_prefix {"nav5_sim": {"maxdd_old": -0.40944857823402625, "maxdd_new": -0.40944857823402625, "delta": 0.0}, "nav5_main": {"maxdd_old": -0.40944857823402625, "maxdd_new": -0.40944857823402625, "delta": 0.0}}
PASS C0.seed13.both_paths_present_and_self_consistent {"old": null, "new": null}
PASS C1.seed13.anchor_axis_nests_and_shared_count {"n_old": 9139, "n_new": 9252, "expected_shared": 9139, "nests": true}
PASS C2.seed13.window_arrays_bitwise_equal_on_shared_prefix {"keys": 59, "bad": {}}
FAIL C3.seed13.nav5_prefix_bitwise_equal {"nav5_t0_equal": true, "nav5_sim": {"n_differ": 1, "max_abs_delta": 2.9103830456733704e-11, "bytes_equal": false, "n_old": 438673, "n_new": 444097, "where": [{"index": 438672, "utc": "2026-08-31T04:00:00Z", "old": 258137.25257265213, "new": 258137.25257265216, "relative": 1.1274556526296993e-16}]},
PASS C4.seed13.window_and_name_independent_summary_fields_agree {"policy": true, "price": true, "ua_set": true, "calibration_params_used": true, "sealed_initial_sha256_differs_because_the_run_tag_is_part_of_it": true}
PASS C7.seed13.five_minute_maxdd_over_the_shared_prefix {"nav5_sim": {"maxdd_old": -0.3922600384684205, "maxdd_new": -0.3922600384684205, "delta": 0.0}, "nav5_main": {"maxdd_old": -0.3922600384684205, "maxdd_new": -0.3922600384684205, "delta": 0.0}}
PASS C0.seed14.both_paths_present_and_self_consistent {"old": null, "new": null}
PASS C1.seed14.anchor_axis_nests_and_shared_count {"n_old": 9139, "n_new": 9252, "expected_shared": 9139, "nests": true}
PASS C2.seed14.window_arrays_bitwise_equal_on_shared_prefix {"keys": 59, "bad": {}}
PASS C3.seed14.nav5_prefix_bitwise_equal {"nav5_t0_equal": true, "nav5_sim": {"n_differ": 0, "max_abs_delta": 0.0, "bytes_equal": true, "n_old": 438673, "n_new": 444097}, "nav5_main": {"n_differ": 0, "max_abs_delta": 0.0, "bytes_equal": true, "n_old": 438673, "n_new": 444097}}
PASS C4.seed14.window_and_name_independent_summary_fields_agree {"policy": true, "price": true, "ua_set": true, "calibration_params_used": true, "sealed_initial_sha256_differs_because_the_run_tag_is_part_of_it": true}
PASS C7.seed14.five_minute_maxdd_over_the_shared_prefix {"nav5_sim": {"maxdd_old": -0.39735041485605205, "maxdd_new": -0.39735041485605205, "delta": 0.0}, "nav5_main": {"maxdd_old": -0.39735041485605205, "maxdd_new": -0.39735041485605205, "delta": 0.0}}
PASS C0.seed15.both_paths_present_and_self_consistent {"old": null, "new": null}
PASS C1.seed15.anchor_axis_nests_and_shared_count {"n_old": 9139, "n_new": 9252, "expected_shared": 9139, "nests": true}
PASS C2.seed15.window_arrays_bitwise_equal_on_shared_prefix {"keys": 59, "bad": {}}
PASS C3.seed15.nav5_prefix_bitwise_equal {"nav5_t0_equal": true, "nav5_sim": {"n_differ": 0, "max_abs_delta": 0.0, "bytes_equal": true, "n_old": 438673, "n_new": 444097}, "nav5_main": {"n_differ": 0, "max_abs_delta": 0.0, "bytes_equal": true, "n_old": 438673, "n_new": 444097}}
PASS C4.seed15.window_and_name_independent_summary_fields_agree {"policy": true, "price": true, "ua_set": true, "calibration_params_used": true, "sealed_initial_sha256_differs_because_the_run_tag_is_part_of_it": true}
PASS C7.seed15.five_minute_maxdd_over_the_shared_prefix {"nav5_sim": {"maxdd_old": -0.3716207518527276, "maxdd_new": -0.3716207518527276, "delta": 0.0}, "nav5_main": {"maxdd_old": -0.3716207518527276, "maxdd_new": -0.3716207518527276, "delta": 0.0}}
PASS C0.seed16.both_paths_present_and_self_consistent {"old": null, "new": null}
PASS C1.seed16.anchor_axis_nests_and_shared_count {"n_old": 9139, "n_new": 9252, "expected_shared": 9139, "nests": true}
PASS C2.seed16.window_arrays_bitwise_equal_on_shared_prefix {"keys": 59, "bad": {}}
PASS C3.seed16.nav5_prefix_bitwise_equal {"nav5_t0_equal": true, "nav5_sim": {"n_differ": 0, "max_abs_delta": 0.0, "bytes_equal": true, "n_old": 438673, "n_new": 444097}, "nav5_main": {"n_differ": 0, "max_abs_delta": 0.0, "bytes_equal": true, "n_old": 438673, "n_new": 444097}}
PASS C4.seed16.window_and_name_independent_summary_fields_agree {"policy": true, "price": true, "ua_set": true, "calibration_params_used": true, "sealed_initial_sha256_differs_because_the_run_tag_is_part_of_it": true}
PASS C7.seed16.five_minute_maxdd_over_the_shared_prefix {"nav5_sim": {"maxdd_old": -0.38428295530031265, "maxdd_new": -0.38428295530031265, "delta": 0.0}, "nav5_main": {"maxdd_old": -0.38428295530031265, "maxdd_new": -0.38428295530031265, "delta": 0.0}}
PASS C0.seed17.both_paths_present_and_self_consistent {"old": null, "new": null}
PASS C1.seed17.anchor_axis_nests_and_shared_count {"n_old": 9139, "n_new": 9252, "expected_shared": 9139, "nests": true}
PASS C2.seed17.window_arrays_bitwise_equal_on_shared_prefix {"keys": 59, "bad": {}}
FAIL C3.seed17.nav5_prefix_bitwise_equal {"nav5_t0_equal": true, "nav5_sim": {"n_differ": 1, "max_abs_delta": 2.9103830456733704e-11, "bytes_equal": false, "n_old": 438673, "n_new": 444097, "where": [{"index": 438672, "utc": "2026-08-31T04:00:00Z", "old": 238382.04881140837, "new": 238382.04881140834, "relative": 1.220890188747336e-16}]}, 
PASS C4.seed17.window_and_name_independent_summary_fields_agree {"policy": true, "price": true, "ua_set": true, "calibration_params_used": true, "sealed_initial_sha256_differs_because_the_run_tag_is_part_of_it": true}
PASS C7.seed17.five_minute_maxdd_over_the_shared_prefix {"nav5_sim": {"maxdd_old": -0.39247994745400683, "maxdd_new": -0.39247994745400683, "delta": 0.0}, "nav5_main": {"maxdd_old": -0.39247994745400683, "maxdd_new": -0.39247994745400683, "delta": 0.0}}
PASS C0.seed18.both_paths_present_and_self_consistent {"old": null, "new": null}
PASS C1.seed18.anchor_axis_nests_and_shared_count {"n_old": 9139, "n_new": 9252, "expected_shared": 9139, "nests": true}
PASS C2.seed18.window_arrays_bitwise_equal_on_shared_prefix {"keys": 59, "bad": {}}
FAIL C3.seed18.nav5_prefix_bitwise_equal {"nav5_t0_equal": true, "nav5_sim": {"n_differ": 1, "max_abs_delta": 2.9103830456733704e-11, "bytes_equal": false, "n_old": 438673, "n_new": 444097, "where": [{"index": 438672, "utc": "2026-08-31T04:00:00Z", "old": 230819.90465547473, "new": 230819.9046554747, "relative": 1.260889111802317e-16}]}, "
PASS C4.seed18.window_and_name_independent_summary_fields_agree {"policy": true, "price": true, "ua_set": true, "calibration_params_used": true, "sealed_initial_sha256_differs_because_the_run_tag_is_part_of_it": true}
PASS C7.seed18.five_minute_maxdd_over_the_shared_prefix {"nav5_sim": {"maxdd_old": -0.4008730215031252, "maxdd_new": -0.4008730215031252, "delta": 0.0}, "nav5_main": {"maxdd_old": -0.4008730215031252, "maxdd_new": -0.4008730215031252, "delta": 0.0}}
PASS C0.seed19.both_paths_present_and_self_consistent {"old": null, "new": null}
PASS C1.seed19.anchor_axis_nests_and_shared_count {"n_old": 9139, "n_new": 9252, "expected_shared": 9139, "nests": true}
PASS C2.seed19.window_arrays_bitwise_equal_on_shared_prefix {"keys": 59, "bad": {}}
PASS C3.seed19.nav5_prefix_bitwise_equal {"nav5_t0_equal": true, "nav5_sim": {"n_differ": 0, "max_abs_delta": 0.0, "bytes_equal": true, "n_old": 438673, "n_new": 444097}, "nav5_main": {"n_differ": 0, "max_abs_delta": 0.0, "bytes_equal": true, "n_old": 438673, "n_new": 444097}}
PASS C4.seed19.window_and_name_independent_summary_fields_agree {"policy": true, "price": true, "ua_set": true, "calibration_params_used": true, "sealed_initial_sha256_differs_because_the_run_tag_is_part_of_it": true}
PASS C7.seed19.five_minute_maxdd_over_the_shared_prefix {"nav5_sim": {"maxdd_old": -0.3867427382819496, "maxdd_new": -0.3867427382819496, "delta": 0.0}, "nav5_main": {"maxdd_old": -0.3867427382819496, "maxdd_new": -0.3867427382819496, "delta": 0.0}}
PASS C0.seed20.both_paths_present_and_self_consistent {"old": null, "new": null}
PASS C1.seed20.anchor_axis_nests_and_shared_count {"n_old": 9139, "n_new": 9252, "expected_shared": 9139, "nests": true}
PASS C2.seed20.window_arrays_bitwise_equal_on_shared_prefix {"keys": 59, "bad": {}}
PASS C3.seed20.nav5_prefix_bitwise_equal {"nav5_t0_equal": true, "nav5_sim": {"n_differ": 0, "max_abs_delta": 0.0, "bytes_equal": true, "n_old": 438673, "n_new": 444097}, "nav5_main": {"n_differ": 0, "max_abs_delta": 0.0, "bytes_equal": true, "n_old": 438673, "n_new": 444097}}
PASS C4.seed20.window_and_name_independent_summary_fields_agree {"policy": true, "price": true, "ua_set": true, "calibration_params_used": true, "sealed_initial_sha256_differs_because_the_run_tag_is_part_of_it": true}
PASS C7.seed20.five_minute_maxdd_over_the_shared_prefix {"nav5_sim": {"maxdd_old": -0.4066499315639194, "maxdd_new": -0.4066499315639194, "delta": 0.0}, "nav5_main": {"maxdd_old": -0.4066499315639194, "maxdd_new": -0.4066499315639194, "delta": 0.0}}
PASS C0.seed21.both_paths_present_and_self_consistent {"old": null, "new": null}
PASS C1.seed21.anchor_axis_nests_and_shared_count {"n_old": 9139, "n_new": 9252, "expected_shared": 9139, "nests": true}
PASS C2.seed21.window_arrays_bitwise_equal_on_shared_prefix {"keys": 59, "bad": {}}
PASS C3.seed21.nav5_prefix_bitwise_equal {"nav5_t0_equal": true, "nav5_sim": {"n_differ": 0, "max_abs_delta": 0.0, "bytes_equal": true, "n_old": 438673, "n_new": 444097}, "nav5_main": {"n_differ": 0, "max_abs_delta": 0.0, "bytes_equal": true, "n_old": 438673, "n_new": 444097}}
PASS C4.seed21.window_and_name_independent_summary_fields_agree {"policy": true, "price": true, "ua_set": true, "calibration_params_used": true, "sealed_initial_sha256_differs_because_the_run_tag_is_part_of_it": true}
PASS C7.seed21.five_minute_maxdd_over_the_shared_prefix {"nav5_sim": {"maxdd_old": -0.3967921723042406, "maxdd_new": -0.3967921723042406, "delta": 0.0}, "nav5_main": {"maxdd_old": -0.3967921723042406, "maxdd_new": -0.3967921723042406, "delta": 0.0}}
PASS C0.seed22.both_paths_present_and_self_consistent {"old": null, "new": null}
PASS C1.seed22.anchor_axis_nests_and_shared_count {"n_old": 9139, "n_new": 9252, "expected_shared": 9139, "nests": true}
PASS C2.seed22.window_arrays_bitwise_equal_on_shared_prefix {"keys": 59, "bad": {}}
PASS C3.seed22.nav5_prefix_bitwise_equal {"nav5_t0_equal": true, "nav5_sim": {"n_differ": 0, "max_abs_delta": 0.0, "bytes_equal": true, "n_old": 438673, "n_new": 444097}, "nav5_main": {"n_differ": 0, "max_abs_delta": 0.0, "bytes_equal": true, "n_old": 438673, "n_new": 444097}}
PASS C4.seed22.window_and_name_independent_summary_fields_agree {"policy": true, "price": true, "ua_set": true, "calibration_params_used": true, "sealed_initial_sha256_differs_because_the_run_tag_is_part_of_it": true}
PASS C7.seed22.five_minute_maxdd_over_the_shared_prefix {"nav5_sim": {"maxdd_old": -0.3800196233712353, "maxdd_new": -0.3800196233712353, "delta": 0.0}, "nav5_main": {"maxdd_old": -0.3800196233712353, "maxdd_new": -0.3800196233712353, "delta": 0.0}}
PASS C0.seed23.both_paths_present_and_self_consistent {"old": null, "new": null}
PASS C1.seed23.anchor_axis_nests_and_shared_count {"n_old": 9139, "n_new": 9252, "expected_shared": 9139, "nests": true}
PASS C2.seed23.window_arrays_bitwise_equal_on_shared_prefix {"keys": 59, "bad": {}}
PASS C3.seed23.nav5_prefix_bitwise_equal {"nav5_t0_equal": true, "nav5_sim": {"n_differ": 0, "max_abs_delta": 0.0, "bytes_equal": true, "n_old": 438673, "n_new": 444097}, "nav5_main": {"n_differ": 0, "max_abs_delta": 0.0, "bytes_equal": true, "n_old": 438673, "n_new": 444097}}
PASS C4.seed23.window_and_name_independent_summary_fields_agree {"policy": true, "price": true, "ua_set": true, "calibration_params_used": true, "sealed_initial_sha256_differs_because_the_run_tag_is_part_of_it": true}
PASS C7.seed23.five_minute_maxdd_over_the_shared_prefix {"nav5_sim": {"maxdd_old": -0.38422614846066405, "maxdd_new": -0.38422614846066405, "delta": 0.0}, "nav5_main": {"maxdd_old": -0.38422614846066405, "maxdd_new": -0.38422614846066405, "delta": 0.0}}
PASS C0.seed24.both_paths_present_and_self_consistent {"old": null, "new": null}
PASS C1.seed24.anchor_axis_nests_and_shared_count {"n_old": 9139, "n_new": 9252, "expected_shared": 9139, "nests": true}
PASS C2.seed24.window_arrays_bitwise_equal_on_shared_prefix {"keys": 59, "bad": {}}
PASS C3.seed24.nav5_prefix_bitwise_equal {"nav5_t0_equal": true, "nav5_sim": {"n_differ": 0, "max_abs_delta": 0.0, "bytes_equal": true, "n_old": 438673, "n_new": 444097}, "nav5_main": {"n_differ": 0, "max_abs_delta": 0.0, "bytes_equal": true, "n_old": 438673, "n_new": 444097}}
PASS C4.seed24.window_and_name_independent_summary_fields_agree {"policy": true, "price": true, "ua_set": true, "calibration_params_used": true, "sealed_initial_sha256_differs_because_the_run_tag_is_part_of_it": true}
PASS C7.seed24.five_minute_maxdd_over_the_shared_prefix {"nav5_sim": {"maxdd_old": -0.3918266936941781, "maxdd_new": -0.3918266936941781, "delta": 0.0}, "nav5_main": {"maxdd_old": -0.3918266936941781, "maxdd_new": -0.3918266936941781, "delta": 0.0}}
PASS C0.seed25.both_paths_present_and_self_consistent {"old": null, "new": null}
PASS C1.seed25.anchor_axis_nests_and_shared_count {"n_old": 9139, "n_new": 9252, "expected_shared": 9139, "nests": true}
PASS C2.seed25.window_arrays_bitwise_equal_on_shared_prefix {"keys": 59, "bad": {}}
PASS C3.seed25.nav5_prefix_bitwise_equal {"nav5_t0_equal": true, "nav5_sim": {"n_differ": 0, "max_abs_delta": 0.0, "bytes_equal": true, "n_old": 438673, "n_new": 444097}, "nav5_main": {"n_differ": 0, "max_abs_delta": 0.0, "bytes_equal": true, "n_old": 438673, "n_new": 444097}}
PASS C4.seed25.window_and_name_independent_summary_fields_agree {"policy": true, "price": true, "ua_set": true, "calibration_params_used": true, "sealed_initial_sha256_differs_because_the_run_tag_is_part_of_it": true}
PASS C7.seed25.five_minute_maxdd_over_the_shared_prefix {"nav5_sim": {"maxdd_old": -0.3811805303250322, "maxdd_new": -0.3811805303250322, "delta": 0.0}, "nav5_main": {"maxdd_old": -0.3811805303250322, "maxdd_new": -0.3811805303250322, "delta": 0.0}}
PASS C0.seed26.both_paths_present_and_self_consistent {"old": null, "new": null}
PASS C1.seed26.anchor_axis_nests_and_shared_count {"n_old": 9139, "n_new": 9252, "expected_shared": 9139, "nests": true}
PASS C2.seed26.window_arrays_bitwise_equal_on_shared_prefix {"keys": 59, "bad": {}}
FAIL C3.seed26.nav5_prefix_bitwise_equal {"nav5_t0_equal": true, "nav5_sim": {"n_differ": 1, "max_abs_delta": 2.9103830456733704e-11, "bytes_equal": false, "n_old": 438673, "n_new": 444097, "where": [{"index": 438672, "utc": "2026-08-31T04:00:00Z", "old": 240725.6441573193, "new": 240725.64415731933, "relative": 1.2090041573515839e-16}]}, 
PASS C4.seed26.window_and_name_independent_summary_fields_agree {"policy": true, "price": true, "ua_set": true, "calibration_params_used": true, "sealed_initial_sha256_differs_because_the_run_tag_is_part_of_it": true}
PASS C7.seed26.five_minute_maxdd_over_the_shared_prefix {"nav5_sim": {"maxdd_old": -0.3895571180667632, "maxdd_new": -0.3895571180667632, "delta": 0.0}, "nav5_main": {"maxdd_old": -0.3895571180667632, "maxdd_new": -0.3895571180667632, "delta": 0.0}}
PASS C0.seed27.both_paths_present_and_self_consistent {"old": null, "new": null}
PASS C1.seed27.anchor_axis_nests_and_shared_count {"n_old": 9139, "n_new": 9252, "expected_shared": 9139, "nests": true}
PASS C2.seed27.window_arrays_bitwise_equal_on_shared_prefix {"keys": 59, "bad": {}}
PASS C3.seed27.nav5_prefix_bitwise_equal {"nav5_t0_equal": true, "nav5_sim": {"n_differ": 0, "max_abs_delta": 0.0, "bytes_equal": true, "n_old": 438673, "n_new": 444097}, "nav5_main": {"n_differ": 0, "max_abs_delta": 0.0, "bytes_equal": true, "n_old": 438673, "n_new": 444097}}
PASS C4.seed27.window_and_name_independent_summary_fields_agree {"policy": true, "price": true, "ua_set": true, "calibration_params_used": true, "sealed_initial_sha256_differs_because_the_run_tag_is_part_of_it": true}
PASS C7.seed27.five_minute_maxdd_over_the_shared_prefix {"nav5_sim": {"maxdd_old": -0.3899666989084726, "maxdd_new": -0.3899666989084726, "delta": 0.0}, "nav5_main": {"maxdd_old": -0.3899666989084726, "maxdd_new": -0.3899666989084726, "delta": 0.0}}
PASS C0.seed28.both_paths_present_and_self_consistent {"old": null, "new": null}
PASS C1.seed28.anchor_axis_nests_and_shared_count {"n_old": 9139, "n_new": 9252, "expected_shared": 9139, "nests": true}
PASS C2.seed28.window_arrays_bitwise_equal_on_shared_prefix {"keys": 59, "bad": {}}
PASS C3.seed28.nav5_prefix_bitwise_equal {"nav5_t0_equal": true, "nav5_sim": {"n_differ": 0, "max_abs_delta": 0.0, "bytes_equal": true, "n_old": 438673, "n_new": 444097}, "nav5_main": {"n_differ": 0, "max_abs_delta": 0.0, "bytes_equal": true, "n_old": 438673, "n_new": 444097}}
PASS C4.seed28.window_and_name_independent_summary_fields_agree {"policy": true, "price": true, "ua_set": true, "calibration_params_used": true, "sealed_initial_sha256_differs_because_the_run_tag_is_part_of_it": true}
PASS C7.seed28.five_minute_maxdd_over_the_shared_prefix {"nav5_sim": {"maxdd_old": -0.38461565220061744, "maxdd_new": -0.38461565220061744, "delta": 0.0}, "nav5_main": {"maxdd_old": -0.38461565220061744, "maxdd_new": -0.38461565220061744, "delta": 0.0}}
PASS C0.seed29.both_paths_present_and_self_consistent {"old": null, "new": null}
PASS C1.seed29.anchor_axis_nests_and_shared_count {"n_old": 9139, "n_new": 9252, "expected_shared": 9139, "nests": true}
PASS C2.seed29.window_arrays_bitwise_equal_on_shared_prefix {"keys": 59, "bad": {}}
PASS C3.seed29.nav5_prefix_bitwise_equal {"nav5_t0_equal": true, "nav5_sim": {"n_differ": 0, "max_abs_delta": 0.0, "bytes_equal": true, "n_old": 438673, "n_new": 444097}, "nav5_main": {"n_differ": 0, "max_abs_delta": 0.0, "bytes_equal": true, "n_old": 438673, "n_new": 444097}}
PASS C4.seed29.window_and_name_independent_summary_fields_agree {"policy": true, "price": true, "ua_set": true, "calibration_params_used": true, "sealed_initial_sha256_differs_because_the_run_tag_is_part_of_it": true}
PASS C7.seed29.five_minute_maxdd_over_the_shared_prefix {"nav5_sim": {"maxdd_old": -0.3798509394253886, "maxdd_new": -0.3798509394253886, "delta": 0.0}, "nav5_main": {"maxdd_old": -0.3798509394253886, "maxdd_new": -0.3798509394253886, "delta": 0.0}}
PASS C0.seed30.both_paths_present_and_self_consistent {"old": null, "new": null}
PASS C1.seed30.anchor_axis_nests_and_shared_count {"n_old": 9139, "n_new": 9252, "expected_shared": 9139, "nests": true}
PASS C2.seed30.window_arrays_bitwise_equal_on_shared_prefix {"keys": 59, "bad": {}}
FAIL C3.seed30.nav5_prefix_bitwise_equal {"nav5_t0_equal": true, "nav5_sim": {"n_differ": 1, "max_abs_delta": 2.9103830456733704e-11, "bytes_equal": false, "n_old": 438673, "n_new": 444097, "where": [{"index": 438672, "utc": "2026-08-31T04:00:00Z", "old": 236794.20550671485, "new": 236794.20550671482, "relative": 1.2290769697871004e-16}]},
PASS C4.seed30.window_and_name_independent_summary_fields_agree {"policy": true, "price": true, "ua_set": true, "calibration_params_used": true, "sealed_initial_sha256_differs_because_the_run_tag_is_part_of_it": true}
PASS C7.seed30.five_minute_maxdd_over_the_shared_prefix {"nav5_sim": {"maxdd_old": -0.3943806594683684, "maxdd_new": -0.3943806594683684, "delta": 0.0}, "nav5_main": {"maxdd_old": -0.3943806594683684, "maxdd_new": -0.3943806594683684, "delta": 0.0}}
PASS C0.seed31.both_paths_present_and_self_consistent {"old": null, "new": null}
PASS C1.seed31.anchor_axis_nests_and_shared_count {"n_old": 9139, "n_new": 9252, "expected_shared": 9139, "nests": true}
PASS C2.seed31.window_arrays_bitwise_equal_on_shared_prefix {"keys": 59, "bad": {}}
FAIL C3.seed31.nav5_prefix_bitwise_equal {"nav5_t0_equal": true, "nav5_sim": {"n_differ": 1, "max_abs_delta": 2.9103830456733704e-11, "bytes_equal": false, "n_old": 438673, "n_new": 444097, "where": [{"index": 438672, "utc": "2026-08-31T04:00:00Z", "old": 212022.083633347, "new": 212022.08363334698, "relative": 1.3726792019959297e-16}]}, "
PASS C4.seed31.window_and_name_independent_summary_fields_agree {"policy": true, "price": true, "ua_set": true, "calibration_params_used": true, "sealed_initial_sha256_differs_because_the_run_tag_is_part_of_it": true}
PASS C7.seed31.five_minute_maxdd_over_the_shared_prefix {"nav5_sim": {"maxdd_old": -0.4160288161425362, "maxdd_new": -0.4160288161425362, "delta": 0.0}, "nav5_main": {"maxdd_old": -0.4160288161425362, "maxdd_new": -0.4160288161425362, "delta": 0.0}}
PASS [mutation red] one 1-ulp perturbation in the new path is detected {"key": "navm1"}
PASS [mutation red] a shifted (off-by-one-window) comparison is detected {"key": "navm1 shifted by 1"}
PASS [mutation red] a NaN cell replaced by a number is detected {"key": "rec_equity_at_decision", "cell": 5655}
PASS C6.NaN_in_the_same_cell_on_both_sides_is_equal (the try-1 defect) {"key": "rec_equity_at_decision", "n_nan": 17}
PASS [mutation red] the same comparison between different seeds (old seed 0 vs new seed 1) differs {"cells_differ": 9139}
PASS C5.every_seed_checked {"checked": 32, "expected": 32}
PASS C5.measurement_is_not_vacuous {"cells_compared_min": 1416547, "window_keys": 59, "shared_anchors": 9139}
BT_EXT_CONTROL VERDICT: FAILURES 9/199: ['C3.seed06.nav5_prefix_bitwise_equal', 'C3.seed08.nav5_prefix_bitwise_equal', 'C3.seed10.nav5_prefix_bitwise_equal', 'C3.seed13.nav5_prefix_bitwise_equal', 'C3.seed17.nav5_prefix_bitwise_equal', 'C3.seed18.nav5_prefix_bitwise_equal']
