[     0s] CHECK config.not_a_template_and_nothing_pending OK {"status": "FROZEN before any object-B number of this device (A0 part; pairing with the v4 refit follows)", "pending": []}
[     0s] CHECK pin.prereg OK {"path": "/workspace/baseline_tables_2026-09-19/pins/PREREG_baseline_tables_certified_2026-09-19.md", "got": "d9fe45e3191f56e5", "want": "d9fe45e3191f56e5"}
[     0s] CHECK pin.prereg_amendment_1 OK {"path": "/workspace/baseline_tables_2026-09-19/pins/AMENDMENT_1_baseline_tables_certified_2026-09-19.md", "got": "766bc367743d8542", "want": "766bc367743d8542"}
[     0s] CHECK pin.exec_sim OK {"path": "/workspace/baseline_tables_2026-09-19/devices/exec_copy/exec_sim.py", "got": "29679672e68d4842", "want": "29679672e68d4842"}
[     0s] CHECK pin.simlib OK {"path": "/workspace/baseline_tables_2026-09-19/devices/exec_copy/simlib.py", "got": "55246fe98da2d57a", "want": "55246fe98da2d57a"}
[     0s] CHECK pin.v1b_gate OK {"path": "/workspace/baseline_tables_2026-09-19/devices/exec_copy/v1b_gate.py", "got": "4a725921a470f4c1", "want": "4a725921a470f4c1"}
[     0s] CHECK pin.v1_gate OK {"path": "/workspace/baseline_tables_2026-09-19/devices/exec_copy/v1_gate.py", "got": "c97d9b3d49212b49", "want": "c97d9b3d49212b49"}
[     0s] CHECK pin.calibration OK {"path": "/workspace/baseline_tables_2026-09-19/devices/exec_copy/CALIBRATION_v3_POOLED_20260826_20260910.json", "got": "fda342431d39703e", "want": "fda342431d39703e"}
[     0s] CHECK pin.input_manifest OK {"path": "/workspace/baseline_tables_2026-09-19/devices/exec_copy/INPUT_MANIFEST.json", "got": "59875e5a69db415f", "want": "59875e5a69db415f"}
[     0s] CHECK pin.p2_s2_lib OK {"path": "/workspace/uplift_r2_2026-09-13/P2/devices/p2_s2_lib.py", "got": "c53f5c495036727f", "want": "c53f5c495036727f"}
[     2s] CHECK pin.price_full_raw OK {"path": "/workspace/baseline_tables_2026-09-19/work/price_full_raw_x0918r.npy", "got": "23af32bd97c267d1", "want": "23af32bd97c267d1"}
[     2s] CHECK pin.price_full_meta OK {"path": "/workspace/baseline_tables_2026-09-19/work/price_full_raw_x0918r_meta.npz", "got": "d1e49cc9f0a7ddc4", "want": "d1e49cc9f0a7ddc4"}
[     2s] CHECK pin.price_receipt OK {"path": "/workspace/baseline_tables_2026-09-19/receipts/BT_PRICES_FULL_X0918R.json", "got": "130592b122831e03", "want": "130592b122831e03"}
[     3s] CHECK pin.price_source_table_x0918r OK {"path": "/workspace/raw_price_fix_2026-09-19/ext_x0918r/work/price_logtable_raw_x0918r.npy", "got": "9249b0da4a4c5789", "want": "9249b0da4a4c5789"}
[     3s] CHECK pin.price_source_meta_x0918r OK {"path": "/workspace/raw_price_fix_2026-09-19/ext_x0918r/work/price_meta_raw_x0918r.npz", "got": "da136830cee7e1a2", "want": "da136830cee7e1a2"}
[     3s] CHECK pin.ledger_full OK {"path": "/workspace/baseline_tables_2026-09-19/funding/ledger_spliced_p2_to_20260901T0200_streamD_after.npz", "got": "073088e503c026d6", "want": "073088e503c026d6"}
[     3s] CHECK pin.funding_overlap_proof OK {"path": "/workspace/baseline_tables_2026-09-19/funding/BT_FUNDING_OVERLAP.json", "got": "0ee6d99bfa2acfb9", "want": "0ee6d99bfa2acfb9"}
[     3s] CHECK pin.funding_source_p2 OK {"path": "/workspace/uplift_r2_2026-09-13/P2/work/ledger_full.npz", "got": "bea6f5752772d54e", "want": "bea6f5752772d54e"}
[     3s] CHECK pin.funding_source_stream_d OK {"path": "/workspace/axis_0919/funding/funding_ledger.npz", "got": "74b69e635efbf355", "want": "74b69e635efbf355"}
[     3s] CHECK pin.funding_4h_accounting_stream_d OK {"path": "/workspace/axis_0919/funding/funding_4h_accounting.npz", "got": "2838e5f6cf42fff5", "want": "2838e5f6cf42fff5"}
[     3s] CHECK pin.tradability OK {"path": "/workspace/axis_0919/x0918r/trd/tradability_v1.npz", "got": "bebf69ab9ddb3b05", "want": "bebf69ab9ddb3b05"}
[     3s] CHECK pin.universe OK {"path": "/workspace/uplift_r2_2026-09-13/P2/work/universe.npz", "got": "6322b57366078ed0", "want": "6322b57366078ed0"}
[     3s] CHECK pin.g0_labels OK {"path": "/workspace/baseline_tables_2026-09-19/g0x/g0_labels_x0918.npz", "got": "c3832939e1b01333", "want": "c3832939e1b01333"}
[     3s] CHECK pin.g0_receipt OK {"path": "/workspace/baseline_tables_2026-09-19/g0x/RECEIPT_bt_g0_extend.json", "got": "8afd680472ef21be", "want": "8afd680472ef21be"}
[     3s] CHECK price_receipt.PASS_and_outputs OK {"price_kinds": ["raw"]}
[     4s] CHECK pin.executor_tree_409ea16_vs_manifest OK {"n": 332, "bad": []}
[     4s] CHECK exec_sim.version_v3.1 OK "v3.1"
[     4s] CHECK runs.selected OK {"runs": ["OBJB_A0|scaled|rule|raw|UAFE"], "seeds": [0, 1, 2, 3]}
[     4s] CHECK window.n_anchors OK 9139
[     4s] CHECK axis.symbols OK 
[     4s] CHECK prices.grid_covers_window OK {"grid0": 1656532800, "n": 444145}
[     4s] CHECK ua_sets.counts_of_the_sets_the_runs_use OK {"UNAVAILABLE_3084": 3084}
[     4s] prices raw (444145, 829)
[     4s] CHECK run.OBJB_A0|scaled|rule|raw|UAFE.policy_named OK 
[     4s] CHECK run.OBJB_A0|scaled|rule|raw|UAFE.ua_cells_already_at_last_available_price OK {"cells_that_would_change": 0}
[     4s] funding rows 492673
[     4s] CHECK axis.tradability_symbols OK 
[     4s] CHECK tradability.covers_window OK 
[     5s] CHECK calibration.v3_pooled_frozen OK 
[     5s] CHECK calibration.decision_offset_N+24 OK 1440
[     5s] CHECK executor.pns_wide OK 
[     5s] CHECK executor.gross_mult_config OK {"gm": 2.0, "onu": "hold"}
[     5s] CHECK objb_targets.OBJB_A0|scaled|rule|raw|UAFE.loaded OK {"window_anchors": 3000, "combo": 2664, "king": 336, "hold": 0, "written_rows_without_weights": 0}
[     5s] started OBJB_A0|scaled|rule|raw|UAFE seed 0 pid 1404230 avail_GiB 35.3 own_GiB 2.85 psi 0.0
[     5s] started OBJB_A0|scaled|rule|raw|UAFE seed 1 pid 1404231 avail_GiB 34.8 own_GiB 2.86 psi 0.0
[     5s] started OBJB_A0|scaled|rule|raw|UAFE seed 2 pid 1404232 avail_GiB 34.8 own_GiB 2.87 psi 0.0
[     5s] started OBJB_A0|scaled|rule|raw|UAFE seed 3 pid 1404233 avail_GiB 34.3 own_GiB 2.88 psi 0.0
[    10s] governor: PSI avg10 0.0% > -1% for > 5 s — max_parallel -> 2
[    11s] governor: stopped OBJB_A0|scaled|rule|raw|UAFE seed 3 pid 1404233 and re-queued — psi
[    11s] governor: stopped OBJB_A0|scaled|rule|raw|UAFE seed 2 pid 1404232 and re-queued — psi
[    21s] governor: PSI avg10 0.0% > -1% for > 5 s — max_parallel -> 1
[    21s] governor: stopped OBJB_A0|scaled|rule|raw|UAFE seed 1 pid 1404231 and re-queued — psi
[    41s] finished OBJB_A0|scaled|rule|raw|UAFE seed 0 rc 0 avail_GiB 34.1 own_GiB 2.85 psi 0.0
[    41s] started OBJB_A0|scaled|rule|raw|UAFE seed 1 pid 1404378 avail_GiB 34.1 own_GiB 2.85 psi 0.0
[    76s] finished OBJB_A0|scaled|rule|raw|UAFE seed 1 rc 0 avail_GiB 32.2 own_GiB 2.85 psi 0.0
[    76s] started OBJB_A0|scaled|rule|raw|UAFE seed 2 pid 1404489 avail_GiB 32.2 own_GiB 2.85 psi 0.0
[   111s] finished OBJB_A0|scaled|rule|raw|UAFE seed 2 rc 0 avail_GiB 33.5 own_GiB 2.85 psi 0.0
[   111s] started OBJB_A0|scaled|rule|raw|UAFE seed 3 pid 1404610 avail_GiB 33.4 own_GiB 2.85 psi 0.0
[   147s] aggregated OBJB_A0|scaled|rule|raw|UAFE
[   147s] finished OBJB_A0|scaled|rule|raw|UAFE seed 3 rc 0 avail_GiB 33.0 own_GiB 2.85 psi 0.0
[   147s] CHECK runs.all_rc0 OK {"OBJB_A0|scaled|rule|raw|UAFE": {"0": 0, "1": 0, "2": 0, "3": 0}}
[   147s] CHECK runs.audits_clean OK 
BT_LAUNCH VERDICT=PASS label=smoke_gov1_215215 runs=1 seeds=4 receipt_sha256=72d34a12ebdb2d3fe16a570031f5dbb0347427c3e4013762482c124d1c428f4d
