[     0s] CHECK pin.exec_sim OK {"path": "/workspace/baseline_tables_2026-09-19/devices/exec_copy/exec_sim.py", "got": "29679672e68d4842", "want": "29679672e68d4842"}
[     0s] CHECK pin.simlib OK {"path": "/workspace/baseline_tables_2026-09-19/devices/exec_copy/simlib.py", "got": "55246fe98da2d57a", "want": "55246fe98da2d57a"}
[     0s] CHECK pin.v1b_gate OK {"path": "/workspace/baseline_tables_2026-09-19/devices/exec_copy/v1b_gate.py", "got": "4a725921a470f4c1", "want": "4a725921a470f4c1"}
[     0s] CHECK pin.v1_gate OK {"path": "/workspace/baseline_tables_2026-09-19/devices/exec_copy/v1_gate.py", "got": "c97d9b3d49212b49", "want": "c97d9b3d49212b49"}
[     0s] CHECK pin.calibration OK {"path": "/workspace/baseline_tables_2026-09-19/devices/exec_copy/CALIBRATION_v3_POOLED_20260826_20260910.json", "got": "fda342431d39703e", "want": "fda342431d39703e"}
[     0s] CHECK pin.input_manifest OK {"path": "/workspace/baseline_tables_2026-09-19/devices/exec_copy/INPUT_MANIFEST.json", "got": "59875e5a69db415f", "want": "59875e5a69db415f"}
[     6s] CHECK pin.price_full_old OK {"path": "/workspace/baseline_tables_2026-09-19/work/price_full_old.npy", "got": "0d23e3bf43138714", "want": "0d23e3bf43138714"}
[    11s] CHECK pin.price_full_raw OK {"path": "/workspace/baseline_tables_2026-09-19/work/price_full_raw.npy", "got": "b935ea28e386ba3c", "want": "b935ea28e386ba3c"}
[    11s] CHECK pin.price_full_meta OK {"path": "/workspace/baseline_tables_2026-09-19/work/price_full_meta.npz", "got": "f2f5382889f8c926", "want": "f2f5382889f8c926"}
[    11s] CHECK pin.price_receipt OK {"path": "/workspace/baseline_tables_2026-09-19/receipts/BT_PRICES_FULL.json", "got": "9f6d8a55e8eb033b", "want": "9f6d8a55e8eb033b"}
[    11s] CHECK pin.p2_s2_lib OK {"path": "/workspace/uplift_r2_2026-09-13/P2/devices/p2_s2_lib.py", "got": "c53f5c495036727f", "want": "c53f5c495036727f"}
[    11s] CHECK pin.ledger_full OK {"path": "/workspace/uplift_r2_2026-09-13/P2/work/ledger_full.npz", "got": "bea6f5752772d54e", "want": "bea6f5752772d54e"}
[    12s] CHECK pin.tradability OK {"path": "/workspace/fx_data_2026-09-13/out/trd/tradability_v1.npz", "got": "54d409d0ddf695f4", "want": "54d409d0ddf695f4"}
[    12s] CHECK pin.universe OK {"path": "/workspace/uplift_r2_2026-09-13/P2/work/universe.npz", "got": "6322b57366078ed0", "want": "6322b57366078ed0"}
[    12s] CHECK price_receipt.PASS_and_outputs OK 
[    13s] CHECK pin.executor_tree_409ea16_vs_manifest OK {"n": 332, "bad": []}
[    13s] CHECK exec_sim.version_v3.1 OK "v3.1"
[    13s] CHECK runs.selected OK {"runs": ["S2_A0pred_s42|CMB|rule|old|LEGACY", "S2_A0pred_s42|CMB|rule|raw|UAFE", "S2_A0pred_s2027|CMB|rule|old|LEGACY", "S2_A0pred_s2027|CMB|rule|raw|UAFE"], "seeds": [0, 1, 2, 3, 4, 5, 6, 7, 8, 9, 10, 11, 12, 13, 14, 15, 16, 17, 18, 19, 2
[    13s] CHECK window.n_anchors OK 9138
[    13s] CHECK window.equals_S2_W_ALPHA OK 
[    13s] CHECK axis.symbols OK 
[    13s] CHECK prices.grid_covers_window OK {"grid0": 1656532800, "n": 438721}
[    13s] CHECK ua_sets.counts OK {"UNAVAILABLE_3084": 3084, "OLD_ZERO_PRICED_INLIFE_NAN": 24397}
[    14s] prices old (438721, 829)
[    14s] prices raw (438721, 829)
[    14s] CHECK run.S2_A0pred_s42|CMB|rule|old|LEGACY.policy_named OK 
[    14s] CHECK run.S2_A0pred_s42|CMB|rule|raw|UAFE.policy_named OK 
[    14s] CHECK run.S2_A0pred_s42|CMB|rule|raw|UAFE.ua_cells_already_at_last_available_price OK {"cells_that_would_change": 0}
[    14s] CHECK run.S2_A0pred_s2027|CMB|rule|old|LEGACY.policy_named OK 
[    14s] CHECK run.S2_A0pred_s2027|CMB|rule|raw|UAFE.policy_named OK 
[    14s] CHECK run.S2_A0pred_s2027|CMB|rule|raw|UAFE.ua_cells_already_at_last_available_price OK {"cells_that_would_change": 0}
[    15s] funding rows 2385829
[    15s] CHECK axis.tradability_symbols OK 
[    15s] CHECK tradability.covers_window OK 
[    15s] CHECK axis.universe OK 
[    15s] CHECK calibration.v3_pooled_frozen OK 
[    15s] CHECK calibration.decision_offset_N+24 OK 1440
[    15s] CHECK executor.pns_wide OK 
[    15s] CHECK executor.gross_mult_config OK {"gm": 2.0, "onu": "hold"}
[    16s] CHECK s2run.S2_A0pred_s2027.shas OK {"json": "c63b59a72438a1a0", "vec": "17b78784c6846cfc"}
[    16s] CHECK s2run.S2_A0pred_s42.shas OK {"json": "d01063c0ee68a487", "vec": "8c7c886376c484ea"}
[    17s] started S2_A0pred_s42|CMB|rule|old|LEGACY seed 0 pid 1265787 avail_GiB 41.4
[    17s] started S2_A0pred_s42|CMB|rule|old|LEGACY seed 1 pid 1265788 avail_GiB 41.4
[    17s] started S2_A0pred_s42|CMB|rule|old|LEGACY seed 2 pid 1265789 avail_GiB 41.4
[    17s] started S2_A0pred_s42|CMB|rule|old|LEGACY seed 3 pid 1265790 avail_GiB 41.4
[    17s] started S2_A0pred_s42|CMB|rule|old|LEGACY seed 4 pid 1265791 avail_GiB 41.4
[    17s] started S2_A0pred_s42|CMB|rule|old|LEGACY seed 5 pid 1265792 avail_GiB 41.3
[    17s] started S2_A0pred_s42|CMB|rule|old|LEGACY seed 6 pid 1265793 avail_GiB 41.3
[    17s] started S2_A0pred_s42|CMB|rule|old|LEGACY seed 7 pid 1265794 avail_GiB 41.3
[   112s] finished S2_A0pred_s42|CMB|rule|old|LEGACY seed 7 rc 0 avail_GiB 35.8
[   112s] started S2_A0pred_s42|CMB|rule|old|LEGACY seed 8 pid 1266836 avail_GiB 35.8
[   113s] finished S2_A0pred_s42|CMB|rule|old|LEGACY seed 3 rc 0 avail_GiB 35.7
[   113s] started S2_A0pred_s42|CMB|rule|old|LEGACY seed 9 pid 1266838 avail_GiB 35.8
[   113s] finished S2_A0pred_s42|CMB|rule|old|LEGACY seed 0 rc 0 avail_GiB 35.9
[   113s] started S2_A0pred_s42|CMB|rule|old|LEGACY seed 10 pid 1266839 avail_GiB 35.8
[   113s] finished S2_A0pred_s42|CMB|rule|old|LEGACY seed 1 rc 0 avail_GiB 35.5
[   113s] started S2_A0pred_s42|CMB|rule|old|LEGACY seed 11 pid 1266842 avail_GiB 35.5
[   113s] finished S2_A0pred_s42|CMB|rule|old|LEGACY seed 6 rc 0 avail_GiB 35.4
[   113s] started S2_A0pred_s42|CMB|rule|old|LEGACY seed 12 pid 1266843 avail_GiB 35.3
[   113s] finished S2_A0pred_s42|CMB|rule|old|LEGACY seed 2 rc 0 avail_GiB 35.3
[   113s] started S2_A0pred_s42|CMB|rule|old|LEGACY seed 13 pid 1266844 avail_GiB 35.3
[   113s] finished S2_A0pred_s42|CMB|rule|old|LEGACY seed 4 rc 0 avail_GiB 35.5
[   113s] started S2_A0pred_s42|CMB|rule|old|LEGACY seed 14 pid 1266845 avail_GiB 35.4
[   113s] finished S2_A0pred_s42|CMB|rule|old|LEGACY seed 5 rc 0 avail_GiB 35.5
[   113s] started S2_A0pred_s42|CMB|rule|old|LEGACY seed 15 pid 1266847 avail_GiB 35.5
[   208s] finished S2_A0pred_s42|CMB|rule|old|LEGACY seed 10 rc 0 avail_GiB 33.7
[   208s] started S2_A0pred_s42|CMB|rule|old|LEGACY seed 16 pid 1267446 avail_GiB 33.7
[   209s] finished S2_A0pred_s42|CMB|rule|old|LEGACY seed 13 rc 0 avail_GiB 34.9
[   209s] started S2_A0pred_s42|CMB|rule|old|LEGACY seed 17 pid 1267447 avail_GiB 35.1
[   209s] finished S2_A0pred_s42|CMB|rule|old|LEGACY seed 8 rc 0 avail_GiB 35.0
[   209s] started S2_A0pred_s42|CMB|rule|old|LEGACY seed 18 pid 1267448 avail_GiB 35.0
[   209s] finished S2_A0pred_s42|CMB|rule|old|LEGACY seed 9 rc 0 avail_GiB 35.5
[   209s] started S2_A0pred_s42|CMB|rule|old|LEGACY seed 19 pid 1267460 avail_GiB 35.4
[   209s] finished S2_A0pred_s42|CMB|rule|old|LEGACY seed 15 rc 0 avail_GiB 35.5
[   209s] started S2_A0pred_s42|CMB|rule|old|LEGACY seed 20 pid 1267461 avail_GiB 35.5
[   209s] finished S2_A0pred_s42|CMB|rule|old|LEGACY seed 11 rc 0 avail_GiB 35.5
[   209s] started S2_A0pred_s42|CMB|rule|old|LEGACY seed 21 pid 1267462 avail_GiB 35.5
[   210s] finished S2_A0pred_s42|CMB|rule|old|LEGACY seed 12 rc 0 avail_GiB 35.5
[   210s] started S2_A0pred_s42|CMB|rule|old|LEGACY seed 22 pid 1267465 avail_GiB 35.5
[   210s] finished S2_A0pred_s42|CMB|rule|old|LEGACY seed 14 rc 0 avail_GiB 35.5
[   210s] started S2_A0pred_s42|CMB|rule|old|LEGACY seed 23 pid 1267466 avail_GiB 35.5
[   303s] finished S2_A0pred_s42|CMB|rule|old|LEGACY seed 17 rc 0 avail_GiB 39.2
[   303s] started S2_A0pred_s42|CMB|rule|old|LEGACY seed 24 pid 1268025 avail_GiB 39.2
[   303s] finished S2_A0pred_s42|CMB|rule|old|LEGACY seed 16 rc 0 avail_GiB 39.2
[   303s] started S2_A0pred_s42|CMB|rule|old|LEGACY seed 25 pid 1268027 avail_GiB 39.2
[   305s] finished S2_A0pred_s42|CMB|rule|old|LEGACY seed 18 rc 0 avail_GiB 39.2
[   305s] started S2_A0pred_s42|CMB|rule|old|LEGACY seed 26 pid 1268028 avail_GiB 39.2
[   305s] finished S2_A0pred_s42|CMB|rule|old|LEGACY seed 19 rc 0 avail_GiB 39.2
[   305s] started S2_A0pred_s42|CMB|rule|old|LEGACY seed 27 pid 1268029 avail_GiB 39.2
[   305s] finished S2_A0pred_s42|CMB|rule|old|LEGACY seed 23 rc 0 avail_GiB 39.3
[   305s] started S2_A0pred_s42|CMB|rule|old|LEGACY seed 28 pid 1268030 avail_GiB 39.3
[   306s] finished S2_A0pred_s42|CMB|rule|old|LEGACY seed 21 rc 0 avail_GiB 39.3
[   306s] started S2_A0pred_s42|CMB|rule|old|LEGACY seed 29 pid 1268033 avail_GiB 39.3
[   306s] finished S2_A0pred_s42|CMB|rule|old|LEGACY seed 20 rc 0 avail_GiB 39.3
[   306s] started S2_A0pred_s42|CMB|rule|old|LEGACY seed 30 pid 1268034 avail_GiB 39.3
[   306s] finished S2_A0pred_s42|CMB|rule|old|LEGACY seed 22 rc 0 avail_GiB 39.3
[   306s] started S2_A0pred_s42|CMB|rule|old|LEGACY seed 31 pid 1268035 avail_GiB 39.3
[   398s] finished S2_A0pred_s42|CMB|rule|old|LEGACY seed 24 rc 0 avail_GiB 39.1
[   398s] started S2_A0pred_s42|CMB|rule|raw|UAFE seed 0 pid 1268422 avail_GiB 39.1
[   399s] finished S2_A0pred_s42|CMB|rule|old|LEGACY seed 28 rc 0 avail_GiB 39.1
[   399s] started S2_A0pred_s42|CMB|rule|raw|UAFE seed 1 pid 1268427 avail_GiB 39.1
[   399s] finished S2_A0pred_s42|CMB|rule|old|LEGACY seed 27 rc 0 avail_GiB 39.1
[   399s] started S2_A0pred_s42|CMB|rule|raw|UAFE seed 2 pid 1268428 avail_GiB 39.1
[   399s] finished S2_A0pred_s42|CMB|rule|old|LEGACY seed 25 rc 0 avail_GiB 39.2
[   399s] started S2_A0pred_s42|CMB|rule|raw|UAFE seed 3 pid 1268429 avail_GiB 39.2
[   400s] finished S2_A0pred_s42|CMB|rule|old|LEGACY seed 29 rc 0 avail_GiB 39.2
[   400s] started S2_A0pred_s42|CMB|rule|raw|UAFE seed 4 pid 1268430 avail_GiB 39.2
[   400s] finished S2_A0pred_s42|CMB|rule|old|LEGACY seed 26 rc 0 avail_GiB 39.2
[   400s] started S2_A0pred_s42|CMB|rule|raw|UAFE seed 5 pid 1268431 avail_GiB 39.2
[   401s] finished S2_A0pred_s42|CMB|rule|old|LEGACY seed 30 rc 0 avail_GiB 39.2
[   401s] started S2_A0pred_s42|CMB|rule|raw|UAFE seed 6 pid 1268441 avail_GiB 39.2
[   403s] aggregated S2_A0pred_s42|CMB|rule|old|LEGACY
[   403s] finished S2_A0pred_s42|CMB|rule|old|LEGACY seed 31 rc 0 avail_GiB 38.7
[   403s] started S2_A0pred_s42|CMB|rule|raw|UAFE seed 7 pid 1268527 avail_GiB 38.6
[   497s] finished S2_A0pred_s42|CMB|rule|raw|UAFE seed 0 rc 0 avail_GiB 28.4
[   497s] started S2_A0pred_s42|CMB|rule|raw|UAFE seed 8 pid 1269010 avail_GiB 28.4
[   497s] finished S2_A0pred_s42|CMB|rule|raw|UAFE seed 2 rc 0 avail_GiB 28.8
[   497s] started S2_A0pred_s42|CMB|rule|raw|UAFE seed 9 pid 1269011 avail_GiB 28.9
[   499s] finished S2_A0pred_s42|CMB|rule|raw|UAFE seed 3 rc 0 avail_GiB 31.5
[   499s] started S2_A0pred_s42|CMB|rule|raw|UAFE seed 10 pid 1269015 avail_GiB 31.4
[   499s] finished S2_A0pred_s42|CMB|rule|raw|UAFE seed 1 rc 0 avail_GiB 31.5
[   499s] started S2_A0pred_s42|CMB|rule|raw|UAFE seed 11 pid 1269016 avail_GiB 31.5
[   499s] finished S2_A0pred_s42|CMB|rule|raw|UAFE seed 5 rc 0 avail_GiB 31.6
[   499s] started S2_A0pred_s42|CMB|rule|raw|UAFE seed 12 pid 1269026 avail_GiB 31.5
[   499s] finished S2_A0pred_s42|CMB|rule|raw|UAFE seed 4 rc 0 avail_GiB 31.6
[   499s] started S2_A0pred_s42|CMB|rule|raw|UAFE seed 13 pid 1269027 avail_GiB 31.5
[   499s] finished S2_A0pred_s42|CMB|rule|raw|UAFE seed 6 rc 0 avail_GiB 31.6
[   499s] started S2_A0pred_s42|CMB|rule|raw|UAFE seed 14 pid 1269028 avail_GiB 31.6
[   503s] finished S2_A0pred_s42|CMB|rule|raw|UAFE seed 7 rc 0 avail_GiB 33.0
[   503s] started S2_A0pred_s42|CMB|rule|raw|UAFE seed 15 pid 1269115 avail_GiB 33.0
[   595s] finished S2_A0pred_s42|CMB|rule|raw|UAFE seed 8 rc 0 avail_GiB 29.2
[   595s] started S2_A0pred_s42|CMB|rule|raw|UAFE seed 16 pid 1269563 avail_GiB 29.2
[   596s] finished S2_A0pred_s42|CMB|rule|raw|UAFE seed 9 rc 0 avail_GiB 29.3
[   596s] started S2_A0pred_s42|CMB|rule|raw|UAFE seed 17 pid 1269564 avail_GiB 29.3
[   596s] finished S2_A0pred_s42|CMB|rule|raw|UAFE seed 10 rc 0 avail_GiB 29.1
[   596s] started S2_A0pred_s42|CMB|rule|raw|UAFE seed 18 pid 1269565 avail_GiB 29.1
[   598s] finished S2_A0pred_s42|CMB|rule|raw|UAFE seed 12 rc 0 avail_GiB 28.8
[   598s] started S2_A0pred_s42|CMB|rule|raw|UAFE seed 19 pid 1269566 avail_GiB 28.8
[   598s] finished S2_A0pred_s42|CMB|rule|raw|UAFE seed 14 rc 0 avail_GiB 28.8
[   598s] started S2_A0pred_s42|CMB|rule|raw|UAFE seed 20 pid 1269567 avail_GiB 28.7
[   599s] finished S2_A0pred_s42|CMB|rule|raw|UAFE seed 11 rc 0 avail_GiB 28.6
[   599s] started S2_A0pred_s42|CMB|rule|raw|UAFE seed 21 pid 1269570 avail_GiB 28.6
[   599s] finished S2_A0pred_s42|CMB|rule|raw|UAFE seed 13 rc 0 avail_GiB 28.6
[   599s] started S2_A0pred_s42|CMB|rule|raw|UAFE seed 22 pid 1269571 avail_GiB 28.6
[   602s] finished S2_A0pred_s42|CMB|rule|raw|UAFE seed 15 rc 0 avail_GiB 28.5
[   602s] started S2_A0pred_s42|CMB|rule|raw|UAFE seed 23 pid 1269590 avail_GiB 28.5
[   695s] finished S2_A0pred_s42|CMB|rule|raw|UAFE seed 16 rc 0 avail_GiB 29.4
[   695s] started S2_A0pred_s42|CMB|rule|raw|UAFE seed 24 pid 1269987 avail_GiB 29.4
[   695s] finished S2_A0pred_s42|CMB|rule|raw|UAFE seed 19 rc 0 avail_GiB 29.4
[   695s] started S2_A0pred_s42|CMB|rule|raw|UAFE seed 25 pid 1269996 avail_GiB 29.4
[   696s] finished S2_A0pred_s42|CMB|rule|raw|UAFE seed 17 rc 0 avail_GiB 29.4
[   696s] started S2_A0pred_s42|CMB|rule|raw|UAFE seed 26 pid 1269997 avail_GiB 29.4
[   696s] finished S2_A0pred_s42|CMB|rule|raw|UAFE seed 20 rc 0 avail_GiB 29.6
[   696s] started S2_A0pred_s42|CMB|rule|raw|UAFE seed 27 pid 1269998 avail_GiB 29.6
[   696s] finished S2_A0pred_s42|CMB|rule|raw|UAFE seed 18 rc 0 avail_GiB 29.5
[   696s] started S2_A0pred_s42|CMB|rule|raw|UAFE seed 28 pid 1269999 avail_GiB 29.5
[   697s] finished S2_A0pred_s42|CMB|rule|raw|UAFE seed 21 rc 0 avail_GiB 29.5
[   697s] started S2_A0pred_s42|CMB|rule|raw|UAFE seed 29 pid 1270011 avail_GiB 29.5
[   697s] finished S2_A0pred_s42|CMB|rule|raw|UAFE seed 22 rc 0 avail_GiB 29.7
[   697s] started S2_A0pred_s42|CMB|rule|raw|UAFE seed 30 pid 1270012 avail_GiB 29.6
[   701s] finished S2_A0pred_s42|CMB|rule|raw|UAFE seed 23 rc 0 avail_GiB 29.5
[   701s] started S2_A0pred_s42|CMB|rule|raw|UAFE seed 31 pid 1270028 avail_GiB 29.5
[   799s] finished S2_A0pred_s42|CMB|rule|raw|UAFE seed 24 rc 0 avail_GiB 27.3
[   799s] started S2_A0pred_s2027|CMB|rule|old|LEGACY seed 0 pid 1270517 avail_GiB 27.2
[   800s] finished S2_A0pred_s42|CMB|rule|raw|UAFE seed 26 rc 0 avail_GiB 27.4
[   801s] started S2_A0pred_s2027|CMB|rule|old|LEGACY seed 1 pid 1270518 avail_GiB 27.4
[   801s] finished S2_A0pred_s42|CMB|rule|raw|UAFE seed 28 rc 0 avail_GiB 27.5
[   801s] started S2_A0pred_s2027|CMB|rule|old|LEGACY seed 2 pid 1270519 avail_GiB 27.5
[   802s] finished S2_A0pred_s42|CMB|rule|raw|UAFE seed 27 rc 0 avail_GiB 27.5
[   802s] started S2_A0pred_s2027|CMB|rule|old|LEGACY seed 3 pid 1270520 avail_GiB 27.6
[   804s] finished S2_A0pred_s42|CMB|rule|raw|UAFE seed 30 rc 0 avail_GiB 27.4
[   804s] started S2_A0pred_s2027|CMB|rule|old|LEGACY seed 4 pid 1270527 avail_GiB 27.3
[   805s] finished S2_A0pred_s42|CMB|rule|raw|UAFE seed 29 rc 0 avail_GiB 27.4
[   805s] started S2_A0pred_s2027|CMB|rule|old|LEGACY seed 5 pid 1270528 avail_GiB 27.4
[   809s] finished S2_A0pred_s42|CMB|rule|raw|UAFE seed 25 rc 0 avail_GiB 27.4
[   809s] started S2_A0pred_s2027|CMB|rule|old|LEGACY seed 6 pid 1270529 avail_GiB 27.4
[   813s] aggregated S2_A0pred_s42|CMB|rule|raw|UAFE
[   813s] finished S2_A0pred_s42|CMB|rule|raw|UAFE seed 31 rc 0 avail_GiB 27.5
[   813s] started S2_A0pred_s2027|CMB|rule|old|LEGACY seed 7 pid 1270538 avail_GiB 27.5
[   965s] finished S2_A0pred_s2027|CMB|rule|old|LEGACY seed 2 rc 0 avail_GiB 22.7
[   965s] started S2_A0pred_s2027|CMB|rule|old|LEGACY seed 8 pid 1271271 avail_GiB 22.6
[   966s] finished S2_A0pred_s2027|CMB|rule|old|LEGACY seed 1 rc 0 avail_GiB 22.7
[   966s] started S2_A0pred_s2027|CMB|rule|old|LEGACY seed 9 pid 1271272 avail_GiB 22.6
[   967s] finished S2_A0pred_s2027|CMB|rule|old|LEGACY seed 0 rc 0 avail_GiB 22.3
[   967s] started S2_A0pred_s2027|CMB|rule|old|LEGACY seed 10 pid 1271288 avail_GiB 22.5
[   969s] finished S2_A0pred_s2027|CMB|rule|old|LEGACY seed 3 rc 0 avail_GiB 23.0
[   969s] started S2_A0pred_s2027|CMB|rule|old|LEGACY seed 11 pid 1271290 avail_GiB 22.9
[   972s] finished S2_A0pred_s2027|CMB|rule|old|LEGACY seed 5 rc 0 avail_GiB 22.6
[   972s] started S2_A0pred_s2027|CMB|rule|old|LEGACY seed 12 pid 1271296 avail_GiB 22.5
[   973s] finished S2_A0pred_s2027|CMB|rule|old|LEGACY seed 4 rc 0 avail_GiB 22.4
[   973s] started S2_A0pred_s2027|CMB|rule|old|LEGACY seed 13 pid 1271297 avail_GiB 22.4
[   978s] finished S2_A0pred_s2027|CMB|rule|old|LEGACY seed 6 rc 0 avail_GiB 22.3
[   978s] started S2_A0pred_s2027|CMB|rule|old|LEGACY seed 14 pid 1271317 avail_GiB 22.3
[   980s] finished S2_A0pred_s2027|CMB|rule|old|LEGACY seed 7 rc 0 avail_GiB 22.3
[   980s] started S2_A0pred_s2027|CMB|rule|old|LEGACY seed 15 pid 1271331 avail_GiB 22.2
[  1095s] finished S2_A0pred_s2027|CMB|rule|old|LEGACY seed 8 rc 0 avail_GiB 21.8
[  1095s] memory: available 21.8 GiB < 22.0 — waiting for a running path before the next start
[  1096s] finished S2_A0pred_s2027|CMB|rule|old|LEGACY seed 9 rc 0 avail_GiB 22.0
[  1096s] memory: available 22.0 GiB < 22.0 — waiting for a running path before the next start
[  1098s] finished S2_A0pred_s2027|CMB|rule|old|LEGACY seed 10 rc 0 avail_GiB 21.8
[  1098s] memory: available 21.8 GiB < 22.0 — waiting for a running path before the next start
[  1100s] finished S2_A0pred_s2027|CMB|rule|old|LEGACY seed 12 rc 0 avail_GiB 21.8
[  1100s] memory: available 21.8 GiB < 22.0 — waiting for a running path before the next start
[  1100s] finished S2_A0pred_s2027|CMB|rule|old|LEGACY seed 11 rc 0 avail_GiB 21.9
[  1100s] memory: available 21.9 GiB < 22.0 — waiting for a running path before the next start
[  1101s] finished S2_A0pred_s2027|CMB|rule|old|LEGACY seed 14 rc 0 avail_GiB 22.1
[  1101s] started S2_A0pred_s2027|CMB|rule|old|LEGACY seed 16 pid 1271730 avail_GiB 22.1
[  1101s] started S2_A0pred_s2027|CMB|rule|old|LEGACY seed 17 pid 1271731 avail_GiB 22.1
[  1101s] started S2_A0pred_s2027|CMB|rule|old|LEGACY seed 18 pid 1271732 avail_GiB 22.1
[  1101s] started S2_A0pred_s2027|CMB|rule|old|LEGACY seed 19 pid 1271733 avail_GiB 22.0
[  1101s] started S2_A0pred_s2027|CMB|rule|old|LEGACY seed 20 pid 1271734 avail_GiB 22.0
[  1101s] started S2_A0pred_s2027|CMB|rule|old|LEGACY seed 21 pid 1271735 avail_GiB 22.0
[  1101s] finished S2_A0pred_s2027|CMB|rule|old|LEGACY seed 13 rc 0 avail_GiB 22.1
[  1101s] started S2_A0pred_s2027|CMB|rule|old|LEGACY seed 22 pid 1271736 avail_GiB 22.0
[  1105s] finished S2_A0pred_s2027|CMB|rule|old|LEGACY seed 15 rc 0 avail_GiB 20.1
[  1105s] memory: available 20.1 GiB < 22.0 — waiting for a running path before the next start
[  1196s] finished S2_A0pred_s2027|CMB|rule|old|LEGACY seed 17 rc 0 avail_GiB 19.4
[  1196s] memory: available 19.4 GiB < 22.0 — waiting for a running path before the next start
[  1196s] finished S2_A0pred_s2027|CMB|rule|old|LEGACY seed 20 rc 0 avail_GiB 19.4
[  1196s] memory: available 19.4 GiB < 22.0 — waiting for a running path before the next start
[  1196s] finished S2_A0pred_s2027|CMB|rule|old|LEGACY seed 19 rc 0 avail_GiB 19.7
[  1196s] memory: available 19.7 GiB < 22.0 — waiting for a running path before the next start
[  1197s] finished S2_A0pred_s2027|CMB|rule|old|LEGACY seed 16 rc 0 avail_GiB 19.7
[  1197s] memory: available 19.7 GiB < 22.0 — waiting for a running path before the next start
[  1198s] finished S2_A0pred_s2027|CMB|rule|old|LEGACY seed 22 rc 0 avail_GiB 19.6
[  1198s] memory: available 19.6 GiB < 22.0 — waiting for a running path before the next start
[  1199s] finished S2_A0pred_s2027|CMB|rule|old|LEGACY seed 18 rc 0 avail_GiB 19.9
[  1199s] memory: available 19.9 GiB < 22.0 — waiting for a running path before the next start
[  1200s] finished S2_A0pred_s2027|CMB|rule|old|LEGACY seed 21 rc 0 avail_GiB 19.7
[  1200s] memory: available 19.7 GiB < 22.0 and nothing running — polling every 60 s
[  1260s] memory: available 20.6 GiB < 22.0 and nothing running — polling every 60 s
[  1320s] memory: available 18.2 GiB < 22.0 and nothing running — polling every 60 s
[  1380s] memory: available 16.7 GiB < 22.0 and nothing running — polling every 60 s
[  1440s] memory: available 16.4 GiB < 22.0 and nothing running — polling every 60 s
[  1500s] memory: available 15.4 GiB < 22.0 and nothing running — polling every 60 s
[  1560s] memory: available 15.3 GiB < 22.0 and nothing running — polling every 60 s
[  1620s] memory: available 15.2 GiB < 22.0 and nothing running — polling every 60 s
[  1680s] memory: available 15.2 GiB < 22.0 and nothing running — polling every 60 s
[  1740s] memory: available 15.1 GiB < 22.0 and nothing running — polling every 60 s
