[     0s] CHECK config.not_a_template_and_nothing_pending OK {"status": "FROZEN before any object-B number of this device (A0 part; pairing with the v4 refit follows)", "pending": []}
[     0s] CHECK pin.prereg OK {"path": "/workspace/baseline_tables_2026-09-19/pins/PREREG_baseline_tables_certified_2026-09-19.md", "got": "d9fe45e3191f56e5", "want": "d9fe45e3191f56e5"}
[     0s] CHECK pin.prereg_amendment_1 OK {"path": "/workspace/baseline_tables_2026-09-19/pins/AMENDMENT_1_baseline_tables_certified_2026-09-19.md", "got": "766bc367743d8542", "want": "766bc367743d8542"}
[     0s] CHECK pin.exec_sim OK {"path": "/workspace/baseline_tables_2026-09-19/devices/exec_copy/exec_sim.py", "got": "29679672e68d4842", "want": "29679672e68d4842"}
[     0s] CHECK pin.simlib OK {"path": "/workspace/baseline_tables_2026-09-19/devices/exec_copy/simlib.py", "got": "55246fe98da2d57a", "want": "55246fe98da2d57a"}
[     0s] CHECK pin.v1b_gate OK {"path": "/workspace/baseline_tables_2026-09-19/devices/exec_copy/v1b_gate.py", "got": "4a725921a470f4c1", "want": "4a725921a470f4c1"}
[     0s] CHECK pin.v1_gate OK {"path": "/workspace/baseline_tables_2026-09-19/devices/exec_copy/v1_gate.py", "got": "c97d9b3d49212b49", "want": "c97d9b3d49212b49"}
[     0s] CHECK pin.calibration OK {"path": "/workspace/baseline_tables_2026-09-19/devices/exec_copy/CALIBRATION_v3_POOLED_20260826_20260910.json", "got": "fda342431d39703e", "want": "fda342431d39703e"}
[     0s] CHECK pin.input_manifest OK {"path": "/workspace/baseline_tables_2026-09-19/devices/exec_copy/INPUT_MANIFEST.json", "got": "59875e5a69db415f", "want": "59875e5a69db415f"}
[     0s] CHECK pin.p2_s2_lib OK {"path": "/workspace/uplift_r2_2026-09-13/P2/devices/p2_s2_lib.py", "got": "c53f5c495036727f", "want": "c53f5c495036727f"}
[     5s] CHECK pin.price_full_raw OK {"path": "/workspace/baseline_tables_2026-09-19/work/price_full_raw_x0918r.npy", "got": "23af32bd97c267d1", "want": "23af32bd97c267d1"}
[     5s] CHECK pin.price_full_meta OK {"path": "/workspace/baseline_tables_2026-09-19/work/price_full_raw_x0918r_meta.npz", "got": "d1e49cc9f0a7ddc4", "want": "d1e49cc9f0a7ddc4"}
[     5s] CHECK pin.price_receipt OK {"path": "/workspace/baseline_tables_2026-09-19/receipts/BT_PRICES_FULL_X0918R.json", "got": "130592b122831e03", "want": "130592b122831e03"}
[     6s] CHECK pin.price_source_table_x0918r OK {"path": "/workspace/raw_price_fix_2026-09-19/ext_x0918r/work/price_logtable_raw_x0918r.npy", "got": "9249b0da4a4c5789", "want": "9249b0da4a4c5789"}
[     6s] CHECK pin.price_source_meta_x0918r OK {"path": "/workspace/raw_price_fix_2026-09-19/ext_x0918r/work/price_meta_raw_x0918r.npz", "got": "da136830cee7e1a2", "want": "da136830cee7e1a2"}
[     6s] CHECK pin.ledger_full OK {"path": "/workspace/baseline_tables_2026-09-19/funding/ledger_spliced_p2_to_20260901T0200_streamD_after.npz", "got": "073088e503c026d6", "want": "073088e503c026d6"}
[     6s] CHECK pin.funding_overlap_proof OK {"path": "/workspace/baseline_tables_2026-09-19/funding/BT_FUNDING_OVERLAP.json", "got": "0ee6d99bfa2acfb9", "want": "0ee6d99bfa2acfb9"}
[     6s] CHECK pin.funding_source_p2 OK {"path": "/workspace/uplift_r2_2026-09-13/P2/work/ledger_full.npz", "got": "bea6f5752772d54e", "want": "bea6f5752772d54e"}
[     6s] CHECK pin.funding_source_stream_d OK {"path": "/workspace/axis_0919/funding/funding_ledger.npz", "got": "74b69e635efbf355", "want": "74b69e635efbf355"}
[     6s] CHECK pin.funding_4h_accounting_stream_d OK {"path": "/workspace/axis_0919/funding/funding_4h_accounting.npz", "got": "2838e5f6cf42fff5", "want": "2838e5f6cf42fff5"}
[     6s] CHECK pin.tradability OK {"path": "/workspace/axis_0919/x0918r/trd/tradability_v1.npz", "got": "bebf69ab9ddb3b05", "want": "bebf69ab9ddb3b05"}
[     6s] CHECK pin.universe OK {"path": "/workspace/uplift_r2_2026-09-13/P2/work/universe.npz", "got": "6322b57366078ed0", "want": "6322b57366078ed0"}
[     6s] CHECK pin.g0_labels OK {"path": "/workspace/baseline_tables_2026-09-19/g0x/g0_labels_x0918.npz", "got": "c3832939e1b01333", "want": "c3832939e1b01333"}
[     6s] CHECK pin.g0_receipt OK {"path": "/workspace/baseline_tables_2026-09-19/g0x/RECEIPT_bt_g0_extend.json", "got": "8afd680472ef21be", "want": "8afd680472ef21be"}
[     6s] CHECK price_receipt.PASS_and_outputs OK {"price_kinds": ["raw"]}
[     8s] CHECK pin.executor_tree_409ea16_vs_manifest OK {"n": 332, "bad": []}
[     8s] CHECK exec_sim.version_v3.1 OK "v3.1"
[     8s] CHECK runs.selected OK {"runs": ["OBJB_A0X|scaled|rule|raw|UAFE", "OBJB_A0X|lit|rule|raw|UAFE", "OBJB_A0X|scaled|rule|raw|UAFE|fee_x1.25", "OBJB_A0X|scaled|rule|raw|UAFE|slip_x1.5", "OBJB_A0X|scaled|rule|raw|UAFE|fill_x0.9"], "seeds": [0, 1, 2, 3, 4, 5, 6, 7, 8, 
[     8s] CHECK window.n_anchors OK 9252
[     8s] CHECK axis.symbols OK 
[     8s] CHECK prices.grid_covers_window OK {"grid0": 1656532800, "n": 444145}
[     8s] CHECK ua_sets.counts_of_the_sets_the_runs_use OK {"UNAVAILABLE_3084": 3084}
[     9s] prices raw (444145, 829)
[     9s] CHECK run.OBJB_A0X|scaled|rule|raw|UAFE.policy_named OK 
[     9s] CHECK run.OBJB_A0X|scaled|rule|raw|UAFE.ua_cells_already_at_last_available_price OK {"cells_that_would_change": 0}
[     9s] CHECK run.OBJB_A0X|lit|rule|raw|UAFE.policy_named OK 
[     9s] CHECK run.OBJB_A0X|lit|rule|raw|UAFE.ua_cells_already_at_last_available_price OK {"cells_that_would_change": 0}
[     9s] CHECK run.OBJB_A0X|scaled|rule|raw|UAFE|fee_x1.25.policy_named OK 
[     9s] CHECK run.OBJB_A0X|scaled|rule|raw|UAFE|fee_x1.25.ua_cells_already_at_last_available_price OK {"cells_that_would_change": 0}
[     9s] CHECK run.OBJB_A0X|scaled|rule|raw|UAFE|slip_x1.5.policy_named OK 
[     9s] CHECK run.OBJB_A0X|scaled|rule|raw|UAFE|slip_x1.5.ua_cells_already_at_last_available_price OK {"cells_that_would_change": 0}
[     9s] CHECK run.OBJB_A0X|scaled|rule|raw|UAFE|fill_x0.9.policy_named OK 
[     9s] CHECK run.OBJB_A0X|scaled|rule|raw|UAFE|fill_x0.9.ua_cells_already_at_last_available_price OK {"cells_that_would_change": 0}
[     9s] funding rows 2449807
[     9s] CHECK axis.tradability_symbols OK 
[     9s] CHECK tradability.covers_window OK 
[     9s] CHECK calibration.v3_pooled_frozen OK 
[     9s] CHECK calibration.decision_offset_N+24 OK 1440
[     9s] CHECK executor.pns_wide OK 
[     9s] CHECK executor.gross_mult_config OK {"gm": 2.0, "onu": "hold"}
[    10s] CHECK objb_targets.OBJB_A0X|scaled|rule|raw|UAFE.loaded OK {"window_anchors": 9252, "combo": 6815, "king": 2437, "hold": 0, "written_rows_without_weights": 0}
[    10s] CHECK objb_targets.OBJB_A0X|lit|rule|raw|UAFE.loaded OK {"window_anchors": 9252, "combo": 2469, "king": 6783, "hold": 0, "written_rows_without_weights": 0}
[    11s] CHECK objb_targets.OBJB_A0X|scaled|rule|raw|UAFE|fee_x1.25.loaded OK {"window_anchors": 9252, "combo": 6815, "king": 2437, "hold": 0, "written_rows_without_weights": 0}
[    11s] CHECK objb_targets.OBJB_A0X|scaled|rule|raw|UAFE|slip_x1.5.loaded OK {"window_anchors": 9252, "combo": 6815, "king": 2437, "hold": 0, "written_rows_without_weights": 0}
[    11s] CHECK objb_targets.OBJB_A0X|scaled|rule|raw|UAFE|fill_x0.9.loaded OK {"window_anchors": 9252, "combo": 6815, "king": 2437, "hold": 0, "written_rows_without_weights": 0}
[    12s] resume: existing 0 to run 160
[    12s] started OBJB_A0X|scaled|rule|raw|UAFE seed 0 pid 1456152 avail_GiB 47.6 own_GiB 3.09 psi 0.0
[    12s] started OBJB_A0X|scaled|rule|raw|UAFE seed 1 pid 1456153 avail_GiB 47.6 own_GiB 3.11 psi 0.0
[    12s] started OBJB_A0X|scaled|rule|raw|UAFE seed 2 pid 1456154 avail_GiB 47.5 own_GiB 3.12 psi 0.0
[    12s] started OBJB_A0X|scaled|rule|raw|UAFE seed 3 pid 1456155 avail_GiB 47.5 own_GiB 3.14 psi 0.0
[   113s] finished OBJB_A0X|scaled|rule|raw|UAFE seed 1 rc 0 avail_GiB 47.2 own_GiB 3.74 psi 0.0
[   113s] started OBJB_A0X|scaled|rule|raw|UAFE seed 4 pid 1456899 avail_GiB 47.3 own_GiB 3.17 psi 0.0
[   113s] finished OBJB_A0X|scaled|rule|raw|UAFE seed 0 rc 0 avail_GiB 47.3 own_GiB 3.18 psi 0.0
[   113s] started OBJB_A0X|scaled|rule|raw|UAFE seed 5 pid 1456900 avail_GiB 47.6 own_GiB 2.93 psi 0.0
[   113s] finished OBJB_A0X|scaled|rule|raw|UAFE seed 2 rc 0 avail_GiB 47.6 own_GiB 3.12 psi 0.0
[   113s] started OBJB_A0X|scaled|rule|raw|UAFE seed 6 pid 1456901 avail_GiB 47.6 own_GiB 3.14 psi 0.0
[   113s] finished OBJB_A0X|scaled|rule|raw|UAFE seed 3 rc 0 avail_GiB 47.6 own_GiB 3.15 psi 0.0
[   113s] started OBJB_A0X|scaled|rule|raw|UAFE seed 7 pid 1456903 avail_GiB 47.5 own_GiB 3.17 psi 0.0
[   214s] finished OBJB_A0X|scaled|rule|raw|UAFE seed 4 rc 0 avail_GiB 47.5 own_GiB 3.09 psi 0.0
[   214s] started OBJB_A0X|scaled|rule|raw|UAFE seed 8 pid 1457557 avail_GiB 47.5 own_GiB 3.09 psi 0.0
[   214s] finished OBJB_A0X|scaled|rule|raw|UAFE seed 5 rc 0 avail_GiB 47.5 own_GiB 3.10 psi 0.0
[   214s] started OBJB_A0X|scaled|rule|raw|UAFE seed 9 pid 1457558 avail_GiB 47.4 own_GiB 3.11 psi 0.0
[   214s] finished OBJB_A0X|scaled|rule|raw|UAFE seed 6 rc 0 avail_GiB 47.3 own_GiB 3.12 psi 0.0
[   215s] started OBJB_A0X|scaled|rule|raw|UAFE seed 10 pid 1457578 avail_GiB 47.3 own_GiB 3.14 psi 0.0
[   215s] finished OBJB_A0X|scaled|rule|raw|UAFE seed 7 rc 0 avail_GiB 47.3 own_GiB 3.15 psi 0.0
[   215s] started OBJB_A0X|scaled|rule|raw|UAFE seed 11 pid 1457579 avail_GiB 47.3 own_GiB 3.17 psi 0.0
[   316s] finished OBJB_A0X|scaled|rule|raw|UAFE seed 8 rc 0 avail_GiB 47.5 own_GiB 3.09 psi 0.0
[   316s] started OBJB_A0X|scaled|rule|raw|UAFE seed 12 pid 1458237 avail_GiB 47.5 own_GiB 3.09 psi 0.0
[   316s] finished OBJB_A0X|scaled|rule|raw|UAFE seed 9 rc 0 avail_GiB 47.5 own_GiB 3.10 psi 0.0
[   316s] started OBJB_A0X|scaled|rule|raw|UAFE seed 13 pid 1458238 avail_GiB 47.5 own_GiB 3.11 psi 0.0
[   316s] finished OBJB_A0X|scaled|rule|raw|UAFE seed 10 rc 0 avail_GiB 47.4 own_GiB 3.12 psi 0.0
[   316s] started OBJB_A0X|scaled|rule|raw|UAFE seed 14 pid 1458239 avail_GiB 47.3 own_GiB 3.13 psi 0.0
[   316s] finished OBJB_A0X|scaled|rule|raw|UAFE seed 11 rc 0 avail_GiB 47.3 own_GiB 3.15 psi 0.0
[   316s] started OBJB_A0X|scaled|rule|raw|UAFE seed 15 pid 1458240 avail_GiB 47.3 own_GiB 3.17 psi 0.0
[   417s] finished OBJB_A0X|scaled|rule|raw|UAFE seed 12 rc 0 avail_GiB 47.3 own_GiB 3.30 psi 0.0
[   417s] started OBJB_A0X|scaled|rule|raw|UAFE seed 16 pid 1458945 avail_GiB 47.2 own_GiB 4.27 psi 0.0
[   417s] finished OBJB_A0X|scaled|rule|raw|UAFE seed 13 rc 0 avail_GiB 47.3 own_GiB 3.17 psi 0.0
[   417s] started OBJB_A0X|scaled|rule|raw|UAFE seed 17 pid 1458946 avail_GiB 47.3 own_GiB 3.19 psi 0.0
[   417s] finished OBJB_A0X|scaled|rule|raw|UAFE seed 14 rc 0 avail_GiB 47.2 own_GiB 3.21 psi 0.0
[   418s] started OBJB_A0X|scaled|rule|raw|UAFE seed 18 pid 1458947 avail_GiB 47.3 own_GiB 3.14 psi 0.0
[   418s] finished OBJB_A0X|scaled|rule|raw|UAFE seed 15 rc 0 avail_GiB 47.6 own_GiB 3.16 psi 0.0
[   418s] started OBJB_A0X|scaled|rule|raw|UAFE seed 19 pid 1458951 avail_GiB 47.5 own_GiB 3.17 psi 0.0
[   519s] finished OBJB_A0X|scaled|rule|raw|UAFE seed 16 rc 0 avail_GiB 47.5 own_GiB 3.23 psi 0.0
[   519s] started OBJB_A0X|scaled|rule|raw|UAFE seed 20 pid 1459972 avail_GiB 47.5 own_GiB 3.17 psi 0.0
[   519s] finished OBJB_A0X|scaled|rule|raw|UAFE seed 17 rc 0 avail_GiB 47.4 own_GiB 3.17 psi 0.0
[   519s] started OBJB_A0X|scaled|rule|raw|UAFE seed 21 pid 1459973 avail_GiB 47.5 own_GiB 3.11 psi 0.0
[   519s] finished OBJB_A0X|scaled|rule|raw|UAFE seed 18 rc 0 avail_GiB 47.5 own_GiB 3.11 psi 0.0
[   519s] started OBJB_A0X|scaled|rule|raw|UAFE seed 22 pid 1459974 avail_GiB 47.5 own_GiB 3.13 psi 0.0
[   519s] finished OBJB_A0X|scaled|rule|raw|UAFE seed 19 rc 0 avail_GiB 47.4 own_GiB 3.15 psi 0.0
[   519s] started OBJB_A0X|scaled|rule|raw|UAFE seed 23 pid 1459977 avail_GiB 47.4 own_GiB 3.16 psi 0.0
[   620s] finished OBJB_A0X|scaled|rule|raw|UAFE seed 20 rc 0 avail_GiB 47.4 own_GiB 2.64 psi 0.0
[   620s] started OBJB_A0X|scaled|rule|raw|UAFE seed 24 pid 1461098 avail_GiB 47.5 own_GiB 3.23 psi 0.0
[   620s] finished OBJB_A0X|scaled|rule|raw|UAFE seed 22 rc 0 avail_GiB 47.4 own_GiB 3.23 psi 0.0
[   621s] started OBJB_A0X|scaled|rule|raw|UAFE seed 25 pid 1461099 avail_GiB 47.4 own_GiB 3.72 psi 0.0
[   621s] finished OBJB_A0X|scaled|rule|raw|UAFE seed 21 rc 0 avail_GiB 47.4 own_GiB 3.20 psi 0.0
[   621s] started OBJB_A0X|scaled|rule|raw|UAFE seed 26 pid 1461100 avail_GiB 47.4 own_GiB 3.15 psi 0.0
[   621s] finished OBJB_A0X|scaled|rule|raw|UAFE seed 23 rc 0 avail_GiB 47.5 own_GiB 3.15 psi 0.0
[   621s] started OBJB_A0X|scaled|rule|raw|UAFE seed 27 pid 1461101 avail_GiB 47.3 own_GiB 3.17 psi 0.0
[   722s] finished OBJB_A0X|scaled|rule|raw|UAFE seed 26 rc 0 avail_GiB 47.2 own_GiB 3.26 psi 0.0
[   722s] started OBJB_A0X|scaled|rule|raw|UAFE seed 28 pid 1462136 avail_GiB 47.4 own_GiB 3.27 psi 0.0
[   727s] finished OBJB_A0X|scaled|rule|raw|UAFE seed 24 rc 0 avail_GiB 47.5 own_GiB 3.12 psi 0.0
[   727s] started OBJB_A0X|scaled|rule|raw|UAFE seed 29 pid 1462163 avail_GiB 47.5 own_GiB 3.12 psi 0.0
[   727s] finished OBJB_A0X|scaled|rule|raw|UAFE seed 25 rc 0 avail_GiB 47.5 own_GiB 3.13 psi 0.0
[   727s] started OBJB_A0X|scaled|rule|raw|UAFE seed 30 pid 1462164 avail_GiB 47.6 own_GiB 3.14 psi 0.0
[   727s] finished OBJB_A0X|scaled|rule|raw|UAFE seed 27 rc 0 avail_GiB 47.6 own_GiB 3.15 psi 0.0
[   728s] started OBJB_A0X|scaled|rule|raw|UAFE seed 31 pid 1462165 avail_GiB 47.4 own_GiB 3.18 psi 0.0
[   829s] finished OBJB_A0X|scaled|rule|raw|UAFE seed 28 rc 0 avail_GiB 47.5 own_GiB 3.23 psi 0.0
[   829s] started OBJB_A0X|lit|rule|raw|UAFE seed 0 pid 1463072 avail_GiB 47.4 own_GiB 3.24 psi 0.0
[   829s] finished OBJB_A0X|scaled|rule|raw|UAFE seed 31 rc 0 avail_GiB 47.4 own_GiB 2.86 psi 0.0
[   829s] started OBJB_A0X|lit|rule|raw|UAFE seed 1 pid 1463073 avail_GiB 47.5 own_GiB 3.10 psi 0.0
[   829s] finished OBJB_A0X|scaled|rule|raw|UAFE seed 29 rc 0 avail_GiB 47.5 own_GiB 3.11 psi 0.0
[   829s] started OBJB_A0X|lit|rule|raw|UAFE seed 2 pid 1463074 avail_GiB 47.6 own_GiB 3.14 psi 0.0
[   831s] aggregated OBJB_A0X|scaled|rule|raw|UAFE
[   831s] finished OBJB_A0X|scaled|rule|raw|UAFE seed 30 rc 0 avail_GiB 47.4 own_GiB 3.29 psi 0.0
[   831s] started OBJB_A0X|lit|rule|raw|UAFE seed 3 pid 1463090 avail_GiB 47.4 own_GiB 3.29 psi 0.0
[   927s] finished OBJB_A0X|lit|rule|raw|UAFE seed 0 rc 0 avail_GiB 47.3 own_GiB 3.38 psi 0.0
[   928s] started OBJB_A0X|lit|rule|raw|UAFE seed 4 pid 1464358 avail_GiB 47.1 own_GiB 3.31 psi 0.0
[   928s] finished OBJB_A0X|lit|rule|raw|UAFE seed 2 rc 0 avail_GiB 47.1 own_GiB 3.32 psi 0.0
[   928s] started OBJB_A0X|lit|rule|raw|UAFE seed 5 pid 1464359 avail_GiB 47.1 own_GiB 3.34 psi 0.0
[   933s] finished OBJB_A0X|lit|rule|raw|UAFE seed 1 rc 0 avail_GiB 47.5 own_GiB 3.17 psi 0.0
[   933s] started OBJB_A0X|lit|rule|raw|UAFE seed 6 pid 1464408 avail_GiB 47.4 own_GiB 3.18 psi 0.0
[   933s] finished OBJB_A0X|lit|rule|raw|UAFE seed 3 rc 0 avail_GiB 47.4 own_GiB 3.20 psi 0.0
[   933s] started OBJB_A0X|lit|rule|raw|UAFE seed 7 pid 1464409 avail_GiB 47.5 own_GiB 3.21 psi 0.0
[  1029s] finished OBJB_A0X|lit|rule|raw|UAFE seed 4 rc 0 avail_GiB 47.4 own_GiB 3.23 psi 0.0
[  1030s] started OBJB_A0X|lit|rule|raw|UAFE seed 8 pid 1465206 avail_GiB 47.4 own_GiB 3.24 psi 0.0
[  1030s] finished OBJB_A0X|lit|rule|raw|UAFE seed 5 rc 0 avail_GiB 47.4 own_GiB 3.24 psi 0.0
[  1030s] started OBJB_A0X|lit|rule|raw|UAFE seed 9 pid 1465207 avail_GiB 47.4 own_GiB 3.27 psi 0.0
[  1035s] finished OBJB_A0X|lit|rule|raw|UAFE seed 6 rc 0 avail_GiB 47.4 own_GiB 3.17 psi 0.0
[  1035s] started OBJB_A0X|lit|rule|raw|UAFE seed 10 pid 1465239 avail_GiB 47.2 own_GiB 3.18 psi 0.0
[  1035s] finished OBJB_A0X|lit|rule|raw|UAFE seed 7 rc 0 avail_GiB 47.2 own_GiB 3.19 psi 0.0
[  1035s] started OBJB_A0X|lit|rule|raw|UAFE seed 11 pid 1465249 avail_GiB 47.2 own_GiB 3.21 psi 0.0
[  1131s] finished OBJB_A0X|lit|rule|raw|UAFE seed 8 rc 0 avail_GiB 47.3 own_GiB 3.23 psi 0.0
[  1131s] started OBJB_A0X|lit|rule|raw|UAFE seed 12 pid 1466003 avail_GiB 47.3 own_GiB 3.24 psi 0.0
[  1131s] finished OBJB_A0X|lit|rule|raw|UAFE seed 9 rc 0 avail_GiB 47.2 own_GiB 3.24 psi 0.0
[  1132s] started OBJB_A0X|lit|rule|raw|UAFE seed 13 pid 1466006 avail_GiB 47.2 own_GiB 3.27 psi 0.0
[  1137s] finished OBJB_A0X|lit|rule|raw|UAFE seed 10 rc 0 avail_GiB 47.5 own_GiB 3.17 psi 0.0
[  1137s] started OBJB_A0X|lit|rule|raw|UAFE seed 14 pid 1466039 avail_GiB 47.4 own_GiB 3.18 psi 0.0
[  1137s] finished OBJB_A0X|lit|rule|raw|UAFE seed 11 rc 0 avail_GiB 47.4 own_GiB 3.19 psi 0.0
[  1137s] started OBJB_A0X|lit|rule|raw|UAFE seed 15 pid 1466040 avail_GiB 47.3 own_GiB 3.21 psi 0.0
[  1228s] finished OBJB_A0X|lit|rule|raw|UAFE seed 12 rc 0 avail_GiB 47.1 own_GiB 3.29 psi 0.0
[  1228s] started OBJB_A0X|lit|rule|raw|UAFE seed 16 pid 1466789 avail_GiB 47.1 own_GiB 3.29 psi 0.0
[  1233s] finished OBJB_A0X|lit|rule|raw|UAFE seed 13 rc 0 avail_GiB 47.4 own_GiB 3.26 psi 0.0
[  1233s] started OBJB_A0X|lit|rule|raw|UAFE seed 17 pid 1466825 avail_GiB 47.2 own_GiB 3.27 psi 0.0
[  1238s] finished OBJB_A0X|lit|rule|raw|UAFE seed 14 rc 0 avail_GiB 47.4 own_GiB 3.17 psi 0.0
[  1239s] started OBJB_A0X|lit|rule|raw|UAFE seed 18 pid 1466870 avail_GiB 47.4 own_GiB 3.18 psi 0.0
[  1239s] finished OBJB_A0X|lit|rule|raw|UAFE seed 15 rc 0 avail_GiB 47.5 own_GiB 3.19 psi 0.0
[  1239s] started OBJB_A0X|lit|rule|raw|UAFE seed 19 pid 1466871 avail_GiB 47.5 own_GiB 3.21 psi 0.0
[  1330s] finished OBJB_A0X|lit|rule|raw|UAFE seed 16 rc 0 avail_GiB 47.4 own_GiB 3.23 psi 0.0
[  1330s] started OBJB_A0X|lit|rule|raw|UAFE seed 20 pid 1467618 avail_GiB 47.4 own_GiB 3.23 psi 0.0
[  1330s] finished OBJB_A0X|lit|rule|raw|UAFE seed 17 rc 0 avail_GiB 47.4 own_GiB 3.24 psi 0.0
[  1330s] started OBJB_A0X|lit|rule|raw|UAFE seed 21 pid 1467619 avail_GiB 47.3 own_GiB 3.26 psi 0.0
[  1335s] finished OBJB_A0X|lit|rule|raw|UAFE seed 18 rc 0 avail_GiB 47.2 own_GiB 3.23 psi 0.0
[  1335s] started OBJB_A0X|lit|rule|raw|UAFE seed 22 pid 1467670 avail_GiB 47.2 own_GiB 3.24 psi 0.0
[  1340s] finished OBJB_A0X|lit|rule|raw|UAFE seed 19 rc 0 avail_GiB 47.4 own_GiB 3.21 psi 0.0
[  1341s] started OBJB_A0X|lit|rule|raw|UAFE seed 23 pid 1467710 avail_GiB 47.4 own_GiB 3.22 psi 0.0
[  1427s] finished OBJB_A0X|lit|rule|raw|UAFE seed 20 rc 0 avail_GiB 47.2 own_GiB 3.28 psi 0.0
[  1427s] started OBJB_A0X|lit|rule|raw|UAFE seed 24 pid 1468510 avail_GiB 47.4 own_GiB 3.29 psi 0.0
[  1432s] finished OBJB_A0X|lit|rule|raw|UAFE seed 21 rc 0 avail_GiB 47.4 own_GiB 3.26 psi 0.0
[  1432s] started OBJB_A0X|lit|rule|raw|UAFE seed 25 pid 1468543 avail_GiB 47.2 own_GiB 3.27 psi 0.0
[  1437s] finished OBJB_A0X|lit|rule|raw|UAFE seed 22 rc 0 avail_GiB 47.4 own_GiB 3.25 psi 0.0
[  1437s] started OBJB_A0X|lit|rule|raw|UAFE seed 26 pid 1468576 avail_GiB 47.4 own_GiB 3.41 psi 0.0
[  1437s] finished OBJB_A0X|lit|rule|raw|UAFE seed 23 rc 0 avail_GiB 47.4 own_GiB 3.19 psi 0.0
[  1438s] started OBJB_A0X|lit|rule|raw|UAFE seed 27 pid 1468577 avail_GiB 47.4 own_GiB 3.21 psi 0.0
[  1529s] finished OBJB_A0X|lit|rule|raw|UAFE seed 24 rc 0 avail_GiB 47.1 own_GiB 3.29 psi 0.0
[  1529s] started OBJB_A0X|lit|rule|raw|UAFE seed 28 pid 1469278 avail_GiB 47.1 own_GiB 3.29 psi 0.0
[  1534s] finished OBJB_A0X|lit|rule|raw|UAFE seed 25 rc 0 avail_GiB 47.3 own_GiB 3.26 psi 0.0
[  1534s] started OBJB_A0X|lit|rule|raw|UAFE seed 29 pid 1469310 avail_GiB 47.2 own_GiB 3.27 psi 0.0
[  1539s] finished OBJB_A0X|lit|rule|raw|UAFE seed 26 rc 0 avail_GiB 47.4 own_GiB 3.17 psi 0.0
[  1539s] started OBJB_A0X|lit|rule|raw|UAFE seed 30 pid 1469353 avail_GiB 47.4 own_GiB 3.18 psi 0.0
[  1539s] finished OBJB_A0X|lit|rule|raw|UAFE seed 27 rc 0 avail_GiB 47.5 own_GiB 3.19 psi 0.0
[  1539s] started OBJB_A0X|lit|rule|raw|UAFE seed 31 pid 1469354 avail_GiB 47.4 own_GiB 3.21 psi 0.0
[  1630s] finished OBJB_A0X|lit|rule|raw|UAFE seed 28 rc 0 avail_GiB 47.1 own_GiB 3.29 psi 0.0
[  1631s] started OBJB_A0X|scaled|rule|raw|UAFE|fee_x1.25 seed 0 pid 1469964 avail_GiB 47.1 own_GiB 3.29 psi 0.0
[  1636s] finished OBJB_A0X|lit|rule|raw|UAFE seed 29 rc 0 avail_GiB 47.3 own_GiB 3.26 psi 0.0
[  1636s] started OBJB_A0X|scaled|rule|raw|UAFE|fee_x1.25 seed 1 pid 1469999 avail_GiB 47.2 own_GiB 3.27 psi 0.0
[  1641s] finished OBJB_A0X|lit|rule|raw|UAFE seed 30 rc 0 avail_GiB 47.4 own_GiB 3.17 psi 0.0
[  1641s] started OBJB_A0X|scaled|rule|raw|UAFE|fee_x1.25 seed 2 pid 1470038 avail_GiB 47.5 own_GiB 3.18 psi 0.0
[  1643s] aggregated OBJB_A0X|lit|rule|raw|UAFE
[  1644s] finished OBJB_A0X|lit|rule|raw|UAFE seed 31 rc 0 avail_GiB 47.4 own_GiB 3.32 psi 0.0
[  1644s] started OBJB_A0X|scaled|rule|raw|UAFE|fee_x1.25 seed 3 pid 1470057 avail_GiB 47.2 own_GiB 3.33 psi 0.0
[  1735s] finished OBJB_A0X|scaled|rule|raw|UAFE|fee_x1.25 seed 0 rc 0 avail_GiB 47.0 own_GiB 3.38 psi 0.0
[  1735s] started OBJB_A0X|scaled|rule|raw|UAFE|fee_x1.25 seed 4 pid 1470681 avail_GiB 47.1 own_GiB 3.39 psi 0.0
[  1740s] finished OBJB_A0X|scaled|rule|raw|UAFE|fee_x1.25 seed 1 rc 0 avail_GiB 47.2 own_GiB 3.36 psi 0.0
[  1740s] started OBJB_A0X|scaled|rule|raw|UAFE|fee_x1.25 seed 5 pid 1470728 avail_GiB 47.1 own_GiB 3.37 psi 0.0
[  1745s] finished OBJB_A0X|scaled|rule|raw|UAFE|fee_x1.25 seed 2 rc 0 avail_GiB 47.5 own_GiB 3.18 psi 0.0
[  1745s] started OBJB_A0X|scaled|rule|raw|UAFE|fee_x1.25 seed 6 pid 1470765 avail_GiB 47.4 own_GiB 3.18 psi 0.0
[  1745s] finished OBJB_A0X|scaled|rule|raw|UAFE|fee_x1.25 seed 3 rc 0 avail_GiB 47.4 own_GiB 3.20 psi 0.0
[  1746s] started OBJB_A0X|scaled|rule|raw|UAFE|fee_x1.25 seed 7 pid 1470766 avail_GiB 47.2 own_GiB 3.21 psi 0.0
[  1837s] finished OBJB_A0X|scaled|rule|raw|UAFE|fee_x1.25 seed 4 rc 0 avail_GiB 47.1 own_GiB 3.28 psi 0.0
[  1837s] started OBJB_A0X|scaled|rule|raw|UAFE|fee_x1.25 seed 8 pid 1471534 avail_GiB 47.1 own_GiB 3.30 psi 0.0
[  1842s] finished OBJB_A0X|scaled|rule|raw|UAFE|fee_x1.25 seed 5 rc 0 avail_GiB 47.2 own_GiB 3.26 psi 0.0
[  1842s] started OBJB_A0X|scaled|rule|raw|UAFE|fee_x1.25 seed 9 pid 1471585 avail_GiB 47.1 own_GiB 3.27 psi 0.0
[  1847s] finished OBJB_A0X|scaled|rule|raw|UAFE|fee_x1.25 seed 6 rc 0 avail_GiB 47.4 own_GiB 3.17 psi 0.0
[  1847s] started OBJB_A0X|scaled|rule|raw|UAFE|fee_x1.25 seed 10 pid 1471614 avail_GiB 47.4 own_GiB 3.18 psi 0.0
[  1847s] finished OBJB_A0X|scaled|rule|raw|UAFE|fee_x1.25 seed 7 rc 0 avail_GiB 47.4 own_GiB 3.20 psi 0.0
[  1847s] started OBJB_A0X|scaled|rule|raw|UAFE|fee_x1.25 seed 11 pid 1471615 avail_GiB 47.3 own_GiB 3.21 psi 0.0
[  1938s] finished OBJB_A0X|scaled|rule|raw|UAFE|fee_x1.25 seed 8 rc 0 avail_GiB 47.3 own_GiB 3.28 psi 0.0
[  1939s] started OBJB_A0X|scaled|rule|raw|UAFE|fee_x1.25 seed 12 pid 1472218 avail_GiB 47.3 own_GiB 3.29 psi 0.0
[  1944s] finished OBJB_A0X|scaled|rule|raw|UAFE|fee_x1.25 seed 9 rc 0 avail_GiB 47.4 own_GiB 3.26 psi 0.0
[  1944s] started OBJB_A0X|scaled|rule|raw|UAFE|fee_x1.25 seed 13 pid 1472249 avail_GiB 47.3 own_GiB 3.27 psi 0.0
[  1949s] finished OBJB_A0X|scaled|rule|raw|UAFE|fee_x1.25 seed 10 rc 0 avail_GiB 47.4 own_GiB 3.17 psi 0.0
[  1949s] started OBJB_A0X|scaled|rule|raw|UAFE|fee_x1.25 seed 14 pid 1472287 avail_GiB 47.4 own_GiB 3.18 psi 0.0
[  1949s] finished OBJB_A0X|scaled|rule|raw|UAFE|fee_x1.25 seed 11 rc 0 avail_GiB 47.3 own_GiB 3.20 psi 0.0
[  1949s] started OBJB_A0X|scaled|rule|raw|UAFE|fee_x1.25 seed 15 pid 1472288 avail_GiB 47.2 own_GiB 3.21 psi 0.0
[  2040s] finished OBJB_A0X|scaled|rule|raw|UAFE|fee_x1.25 seed 12 rc 0 avail_GiB 47.3 own_GiB 3.28 psi 0.0
[  2040s] started OBJB_A0X|scaled|rule|raw|UAFE|fee_x1.25 seed 16 pid 1472930 avail_GiB 47.4 own_GiB 3.30 psi 0.0
[  2046s] finished OBJB_A0X|scaled|rule|raw|UAFE|fee_x1.25 seed 13 rc 0 avail_GiB 47.2 own_GiB 3.26 psi 0.0
[  2046s] started OBJB_A0X|scaled|rule|raw|UAFE|fee_x1.25 seed 17 pid 1472956 avail_GiB 47.4 own_GiB 3.27 psi 0.0
[  2051s] finished OBJB_A0X|scaled|rule|raw|UAFE|fee_x1.25 seed 14 rc 0 avail_GiB 47.4 own_GiB 3.17 psi 0.0
[  2051s] started OBJB_A0X|scaled|rule|raw|UAFE|fee_x1.25 seed 18 pid 1472994 avail_GiB 47.2 own_GiB 3.18 psi 0.0
[  2051s] finished OBJB_A0X|scaled|rule|raw|UAFE|fee_x1.25 seed 15 rc 0 avail_GiB 47.2 own_GiB 3.20 psi 0.0
[  2051s] started OBJB_A0X|scaled|rule|raw|UAFE|fee_x1.25 seed 19 pid 1472995 avail_GiB 47.2 own_GiB 3.21 psi 0.0
[  2142s] finished OBJB_A0X|scaled|rule|raw|UAFE|fee_x1.25 seed 16 rc 0 avail_GiB 47.1 own_GiB 3.28 psi 0.0
[  2142s] started OBJB_A0X|scaled|rule|raw|UAFE|fee_x1.25 seed 20 pid 1473811 avail_GiB 47.1 own_GiB 3.29 psi 0.0
[  2147s] finished OBJB_A0X|scaled|rule|raw|UAFE|fee_x1.25 seed 17 rc 0 avail_GiB 47.3 own_GiB 3.26 psi 0.0
[  2148s] started OBJB_A0X|scaled|rule|raw|UAFE|fee_x1.25 seed 21 pid 1473842 avail_GiB 47.4 own_GiB 3.27 psi 0.0
[  2153s] finished OBJB_A0X|scaled|rule|raw|UAFE|fee_x1.25 seed 18 rc 0 avail_GiB 47.2 own_GiB 3.17 psi 0.0
[  2153s] started OBJB_A0X|scaled|rule|raw|UAFE|fee_x1.25 seed 22 pid 1473907 avail_GiB 47.2 own_GiB 3.18 psi 0.0
[  2153s] finished OBJB_A0X|scaled|rule|raw|UAFE|fee_x1.25 seed 19 rc 0 avail_GiB 47.2 own_GiB 3.20 psi 0.0
[  2153s] started OBJB_A0X|scaled|rule|raw|UAFE|fee_x1.25 seed 23 pid 1473909 avail_GiB 47.5 own_GiB 3.21 psi 0.0
[  2249s] finished OBJB_A0X|scaled|rule|raw|UAFE|fee_x1.25 seed 20 rc 0 avail_GiB 46.6 own_GiB 3.29 psi 0.0
[  2249s] started OBJB_A0X|scaled|rule|raw|UAFE|fee_x1.25 seed 24 pid 1474846 avail_GiB 46.9 own_GiB 3.30 psi 0.0
[  2254s] finished OBJB_A0X|scaled|rule|raw|UAFE|fee_x1.25 seed 21 rc 0 avail_GiB 46.8 own_GiB 3.26 psi 0.0
[  2255s] started OBJB_A0X|scaled|rule|raw|UAFE|fee_x1.25 seed 25 pid 1474892 avail_GiB 46.9 own_GiB 3.27 psi 0.0
[  2260s] finished OBJB_A0X|scaled|rule|raw|UAFE|fee_x1.25 seed 22 rc 0 avail_GiB 46.7 own_GiB 3.17 psi 0.0
[  2260s] started OBJB_A0X|scaled|rule|raw|UAFE|fee_x1.25 seed 26 pid 1474920 avail_GiB 47.0 own_GiB 3.18 psi 0.0
[  2260s] finished OBJB_A0X|scaled|rule|raw|UAFE|fee_x1.25 seed 23 rc 0 avail_GiB 46.9 own_GiB 3.19 psi 0.0
[  2260s] started OBJB_A0X|scaled|rule|raw|UAFE|fee_x1.25 seed 27 pid 1474933 avail_GiB 46.9 own_GiB 3.21 psi 0.0
[  2356s] finished OBJB_A0X|scaled|rule|raw|UAFE|fee_x1.25 seed 24 rc 0 avail_GiB 46.6 own_GiB 3.29 psi 0.0
[  2356s] started OBJB_A0X|scaled|rule|raw|UAFE|fee_x1.25 seed 28 pid 1475807 avail_GiB 46.8 own_GiB 3.30 psi 0.0
[  2361s] finished OBJB_A0X|scaled|rule|raw|UAFE|fee_x1.25 seed 25 rc 0 avail_GiB 46.6 own_GiB 3.26 psi 0.0
[  2362s] started OBJB_A0X|scaled|rule|raw|UAFE|fee_x1.25 seed 29 pid 1475836 avail_GiB 46.6 own_GiB 3.27 psi 0.0
[  2367s] finished OBJB_A0X|scaled|rule|raw|UAFE|fee_x1.25 seed 26 rc 0 avail_GiB 46.9 own_GiB 3.17 psi 0.0
[  2367s] started OBJB_A0X|scaled|rule|raw|UAFE|fee_x1.25 seed 30 pid 1475890 avail_GiB 46.9 own_GiB 3.18 psi 0.0
[  2367s] finished OBJB_A0X|scaled|rule|raw|UAFE|fee_x1.25 seed 27 rc 0 avail_GiB 46.8 own_GiB 3.19 psi 0.0
[  2367s] started OBJB_A0X|scaled|rule|raw|UAFE|fee_x1.25 seed 31 pid 1475891 avail_GiB 46.9 own_GiB 3.21 psi 0.0
[  2463s] finished OBJB_A0X|scaled|rule|raw|UAFE|fee_x1.25 seed 28 rc 0 avail_GiB 47.1 own_GiB 3.29 psi 0.0
[  2463s] started OBJB_A0X|scaled|rule|raw|UAFE|slip_x1.5 seed 0 pid 1476809 avail_GiB 47.1 own_GiB 3.30 psi 0.0
[  2468s] finished OBJB_A0X|scaled|rule|raw|UAFE|fee_x1.25 seed 29 rc 0 avail_GiB 47.3 own_GiB 3.26 psi 0.0
[  2468s] started OBJB_A0X|scaled|rule|raw|UAFE|slip_x1.5 seed 1 pid 1476868 avail_GiB 47.4 own_GiB 3.27 psi 0.0
[  2474s] finished OBJB_A0X|scaled|rule|raw|UAFE|fee_x1.25 seed 30 rc 0 avail_GiB 47.2 own_GiB 3.17 psi 0.0
[  2474s] started OBJB_A0X|scaled|rule|raw|UAFE|slip_x1.5 seed 2 pid 1476909 avail_GiB 47.2 own_GiB 3.18 psi 0.0
[  2476s] aggregated OBJB_A0X|scaled|rule|raw|UAFE|fee_x1.25
[  2476s] finished OBJB_A0X|scaled|rule|raw|UAFE|fee_x1.25 seed 31 rc 0 avail_GiB 47.1 own_GiB 3.32 psi 0.0
[  2476s] started OBJB_A0X|scaled|rule|raw|UAFE|slip_x1.5 seed 3 pid 1476925 avail_GiB 47.3 own_GiB 3.33 psi 0.0
[  2567s] finished OBJB_A0X|scaled|rule|raw|UAFE|slip_x1.5 seed 0 rc 0 avail_GiB 45.6 own_GiB 3.38 psi 0.0
[  2567s] started OBJB_A0X|scaled|rule|raw|UAFE|slip_x1.5 seed 4 pid 1477839 avail_GiB 45.8 own_GiB 3.39 psi 0.0
[  2572s] finished OBJB_A0X|scaled|rule|raw|UAFE|slip_x1.5 seed 1 rc 0 avail_GiB 45.9 own_GiB 3.35 psi 0.0
[  2573s] started OBJB_A0X|scaled|rule|raw|UAFE|slip_x1.5 seed 5 pid 1477870 avail_GiB 45.7 own_GiB 3.36 psi 0.0
[  2578s] finished OBJB_A0X|scaled|rule|raw|UAFE|slip_x1.5 seed 2 rc 0 avail_GiB 45.6 own_GiB 2.73 psi 0.0
[  2578s] started OBJB_A0X|scaled|rule|raw|UAFE|slip_x1.5 seed 6 pid 1477898 avail_GiB 46.0 own_GiB 3.18 psi 0.0
[  2578s] finished OBJB_A0X|scaled|rule|raw|UAFE|slip_x1.5 seed 3 rc 0 avail_GiB 45.9 own_GiB 3.19 psi 0.0
[  2578s] started OBJB_A0X|scaled|rule|raw|UAFE|slip_x1.5 seed 7 pid 1477900 avail_GiB 45.9 own_GiB 3.20 psi 0.0
[  2669s] finished OBJB_A0X|scaled|rule|raw|UAFE|slip_x1.5 seed 4 rc 0 avail_GiB 47.3 own_GiB 3.28 psi 0.0
[  2669s] started OBJB_A0X|scaled|rule|raw|UAFE|slip_x1.5 seed 8 pid 1478639 avail_GiB 47.3 own_GiB 3.29 psi 0.0
[  2674s] finished OBJB_A0X|scaled|rule|raw|UAFE|slip_x1.5 seed 5 rc 0 avail_GiB 47.4 own_GiB 3.26 psi 0.0
[  2675s] started OBJB_A0X|scaled|rule|raw|UAFE|slip_x1.5 seed 9 pid 1478697 avail_GiB 47.2 own_GiB 3.27 psi 0.0
[  2685s] finished OBJB_A0X|scaled|rule|raw|UAFE|slip_x1.5 seed 6 rc 0 avail_GiB 46.0 own_GiB 3.18 psi 0.0
[  2685s] started OBJB_A0X|scaled|rule|raw|UAFE|slip_x1.5 seed 10 pid 1478842 avail_GiB 46.0 own_GiB 3.19 psi 0.0
[  2685s] finished OBJB_A0X|scaled|rule|raw|UAFE|slip_x1.5 seed 7 rc 0 avail_GiB 46.0 own_GiB 3.19 psi 0.0
[  2685s] started OBJB_A0X|scaled|rule|raw|UAFE|slip_x1.5 seed 11 pid 1478843 avail_GiB 46.0 own_GiB 3.21 psi 0.0
[  2776s] finished OBJB_A0X|scaled|rule|raw|UAFE|slip_x1.5 seed 8 rc 0 avail_GiB 47.3 own_GiB 3.28 psi 0.0
[  2776s] started OBJB_A0X|scaled|rule|raw|UAFE|slip_x1.5 seed 12 pid 1479623 avail_GiB 47.1 own_GiB 3.30 psi 0.0
[  2781s] finished OBJB_A0X|scaled|rule|raw|UAFE|slip_x1.5 seed 9 rc 0 avail_GiB 47.1 own_GiB 3.26 psi 0.0
[  2782s] started OBJB_A0X|scaled|rule|raw|UAFE|slip_x1.5 seed 13 pid 1479743 avail_GiB 47.2 own_GiB 3.27 psi 0.0
[  2787s] finished OBJB_A0X|scaled|rule|raw|UAFE|slip_x1.5 seed 10 rc 0 avail_GiB 47.4 own_GiB 3.24 psi 0.0
[  2787s] started OBJB_A0X|scaled|rule|raw|UAFE|slip_x1.5 seed 14 pid 1479795 avail_GiB 47.3 own_GiB 3.26 psi 0.0
[  2792s] finished OBJB_A0X|scaled|rule|raw|UAFE|slip_x1.5 seed 11 rc 0 avail_GiB 47.2 own_GiB 3.21 psi 0.0
[  2792s] started OBJB_A0X|scaled|rule|raw|UAFE|slip_x1.5 seed 15 pid 1479824 avail_GiB 47.2 own_GiB 3.22 psi 0.0
[  2878s] finished OBJB_A0X|scaled|rule|raw|UAFE|slip_x1.5 seed 12 rc 0 avail_GiB 47.4 own_GiB 3.28 psi 0.0
[  2878s] started OBJB_A0X|scaled|rule|raw|UAFE|slip_x1.5 seed 16 pid 1480658 avail_GiB 47.3 own_GiB 3.29 psi 0.0
[  2888s] finished OBJB_A0X|scaled|rule|raw|UAFE|slip_x1.5 seed 13 rc 0 avail_GiB 47.1 own_GiB 3.26 psi 0.0
[  2888s] started OBJB_A0X|scaled|rule|raw|UAFE|slip_x1.5 seed 17 pid 1480742 avail_GiB 47.4 own_GiB 3.27 psi 0.0
[  2894s] finished OBJB_A0X|scaled|rule|raw|UAFE|slip_x1.5 seed 14 rc 0 avail_GiB 47.3 own_GiB 3.24 psi 0.0
[  2894s] started OBJB_A0X|scaled|rule|raw|UAFE|slip_x1.5 seed 18 pid 1480771 avail_GiB 47.4 own_GiB 3.24 psi 0.0
[  2899s] finished OBJB_A0X|scaled|rule|raw|UAFE|slip_x1.5 seed 15 rc 0 avail_GiB 47.2 own_GiB 3.21 psi 0.0
[  2899s] started OBJB_A0X|scaled|rule|raw|UAFE|slip_x1.5 seed 19 pid 1480799 avail_GiB 47.2 own_GiB 3.22 psi 0.0
[  2980s] finished OBJB_A0X|scaled|rule|raw|UAFE|slip_x1.5 seed 16 rc 0 avail_GiB 47.3 own_GiB 3.28 psi 0.0
[  2980s] started OBJB_A0X|scaled|rule|raw|UAFE|slip_x1.5 seed 20 pid 1481453 avail_GiB 47.3 own_GiB 3.29 psi 0.0
[  2990s] finished OBJB_A0X|scaled|rule|raw|UAFE|slip_x1.5 seed 17 rc 0 avail_GiB 47.3 own_GiB 3.26 psi 0.0
[  2990s] started OBJB_A0X|scaled|rule|raw|UAFE|slip_x1.5 seed 21 pid 1481526 avail_GiB 47.1 own_GiB 3.27 psi 0.0
[  2996s] finished OBJB_A0X|scaled|rule|raw|UAFE|slip_x1.5 seed 18 rc 0 avail_GiB 47.2 own_GiB 3.24 psi 0.0
[  2996s] started OBJB_A0X|scaled|rule|raw|UAFE|slip_x1.5 seed 22 pid 1481589 avail_GiB 47.2 own_GiB 3.24 psi 0.0
[  3001s] finished OBJB_A0X|scaled|rule|raw|UAFE|slip_x1.5 seed 19 rc 0 avail_GiB 47.4 own_GiB 3.21 psi 0.0
[  3001s] started OBJB_A0X|scaled|rule|raw|UAFE|slip_x1.5 seed 23 pid 1481619 avail_GiB 47.4 own_GiB 3.22 psi 0.0
[  3082s] finished OBJB_A0X|scaled|rule|raw|UAFE|slip_x1.5 seed 20 rc 0 avail_GiB 47.4 own_GiB 3.28 psi 0.0
[  3082s] started OBJB_A0X|scaled|rule|raw|UAFE|slip_x1.5 seed 24 pid 1482300 avail_GiB 47.4 own_GiB 3.29 psi 0.0
[  3097s] finished OBJB_A0X|scaled|rule|raw|UAFE|slip_x1.5 seed 21 rc 0 avail_GiB 47.1 own_GiB 3.26 psi 0.0
[  3097s] started OBJB_A0X|scaled|rule|raw|UAFE|slip_x1.5 seed 25 pid 1482426 avail_GiB 47.1 own_GiB 3.27 psi 0.0
[  3103s] finished OBJB_A0X|scaled|rule|raw|UAFE|slip_x1.5 seed 22 rc 0 avail_GiB 47.4 own_GiB 3.24 psi 0.0
[  3103s] started OBJB_A0X|scaled|rule|raw|UAFE|slip_x1.5 seed 26 pid 1482457 avail_GiB 47.4 own_GiB 3.25 psi 0.0
[  3108s] finished OBJB_A0X|scaled|rule|raw|UAFE|slip_x1.5 seed 23 rc 0 avail_GiB 47.4 own_GiB 3.22 psi 0.0
[  3108s] started OBJB_A0X|scaled|rule|raw|UAFE|slip_x1.5 seed 27 pid 1482497 avail_GiB 47.2 own_GiB 3.22 psi 0.0
[  3184s] finished OBJB_A0X|scaled|rule|raw|UAFE|slip_x1.5 seed 24 rc 0 avail_GiB 45.9 own_GiB 3.27 psi 0.0
[  3184s] started OBJB_A0X|scaled|rule|raw|UAFE|slip_x1.5 seed 28 pid 1483162 avail_GiB 46.2 own_GiB 3.28 psi 0.0
[  3204s] finished OBJB_A0X|scaled|rule|raw|UAFE|slip_x1.5 seed 25 rc 0 avail_GiB 46.2 own_GiB 3.27 psi 0.0
[  3204s] started OBJB_A0X|scaled|rule|raw|UAFE|slip_x1.5 seed 29 pid 1483317 avail_GiB 46.1 own_GiB 3.29 psi 0.0
[  3210s] finished OBJB_A0X|scaled|rule|raw|UAFE|slip_x1.5 seed 26 rc 0 avail_GiB 45.9 own_GiB 3.24 psi 0.0
[  3210s] started OBJB_A0X|scaled|rule|raw|UAFE|slip_x1.5 seed 30 pid 1483345 avail_GiB 46.2 own_GiB 3.25 psi 0.0
[  3215s] finished OBJB_A0X|scaled|rule|raw|UAFE|slip_x1.5 seed 27 rc 0 avail_GiB 46.1 own_GiB 3.21 psi 0.0
[  3215s] started OBJB_A0X|scaled|rule|raw|UAFE|slip_x1.5 seed 31 pid 1483379 avail_GiB 46.2 own_GiB 3.22 psi 0.0
[  3291s] finished OBJB_A0X|scaled|rule|raw|UAFE|slip_x1.5 seed 28 rc 0 avail_GiB 47.2 own_GiB 3.27 psi 0.0
[  3291s] started OBJB_A0X|scaled|rule|raw|UAFE|fill_x0.9 seed 0 pid 1483993 avail_GiB 47.1 own_GiB 3.28 psi 0.0
[  3306s] finished OBJB_A0X|scaled|rule|raw|UAFE|slip_x1.5 seed 29 rc 0 avail_GiB 47.3 own_GiB 3.26 psi 0.0
[  3306s] started OBJB_A0X|scaled|rule|raw|UAFE|fill_x0.9 seed 1 pid 1484093 avail_GiB 47.3 own_GiB 3.27 psi 0.0
[  3317s] finished OBJB_A0X|scaled|rule|raw|UAFE|slip_x1.5 seed 30 rc 0 avail_GiB 47.5 own_GiB 3.18 psi 0.0
[  3317s] started OBJB_A0X|scaled|rule|raw|UAFE|fill_x0.9 seed 2 pid 1484185 avail_GiB 47.5 own_GiB 3.19 psi 0.0
[  3319s] aggregated OBJB_A0X|scaled|rule|raw|UAFE|slip_x1.5
[  3319s] finished OBJB_A0X|scaled|rule|raw|UAFE|slip_x1.5 seed 31 rc 0 avail_GiB 47.3 own_GiB 3.33 psi 0.0
[  3319s] started OBJB_A0X|scaled|rule|raw|UAFE|fill_x0.9 seed 3 pid 1484191 avail_GiB 47.3 own_GiB 3.34 psi 0.0
[  3395s] finished OBJB_A0X|scaled|rule|raw|UAFE|fill_x0.9 seed 0 rc 0 avail_GiB 46.1 own_GiB 3.37 psi 0.0
[  3395s] started OBJB_A0X|scaled|rule|raw|UAFE|fill_x0.9 seed 4 pid 1484850 avail_GiB 45.9 own_GiB 3.38 psi 0.0
[  3410s] finished OBJB_A0X|scaled|rule|raw|UAFE|fill_x0.9 seed 1 rc 0 avail_GiB 47.0 own_GiB 3.36 psi 0.0
[  3411s] started OBJB_A0X|scaled|rule|raw|UAFE|fill_x0.9 seed 5 pid 1484992 avail_GiB 47.3 own_GiB 3.37 psi 0.0
[  3421s] finished OBJB_A0X|scaled|rule|raw|UAFE|fill_x0.9 seed 2 rc 0 avail_GiB 47.4 own_GiB 3.18 psi 0.0
[  3421s] started OBJB_A0X|scaled|rule|raw|UAFE|fill_x0.9 seed 6 pid 1485066 avail_GiB 47.4 own_GiB 3.19 psi 0.0
[  3421s] finished OBJB_A0X|scaled|rule|raw|UAFE|fill_x0.9 seed 3 rc 0 avail_GiB 47.4 own_GiB 3.20 psi 0.0
[  3421s] started OBJB_A0X|scaled|rule|raw|UAFE|fill_x0.9 seed 7 pid 1485067 avail_GiB 47.3 own_GiB 3.21 psi 0.0
[  3497s] finished OBJB_A0X|scaled|rule|raw|UAFE|fill_x0.9 seed 4 rc 0 avail_GiB 47.1 own_GiB 3.28 psi 0.0
[  3497s] started OBJB_A0X|scaled|rule|raw|UAFE|fill_x0.9 seed 8 pid 1485654 avail_GiB 47.4 own_GiB 3.28 psi 0.0
[  3512s] finished OBJB_A0X|scaled|rule|raw|UAFE|fill_x0.9 seed 5 rc 0 avail_GiB 47.1 own_GiB 3.26 psi 0.0
[  3512s] started OBJB_A0X|scaled|rule|raw|UAFE|fill_x0.9 seed 9 pid 1485758 avail_GiB 47.1 own_GiB 3.27 psi 0.0
[  3523s] finished OBJB_A0X|scaled|rule|raw|UAFE|fill_x0.9 seed 6 rc 0 avail_GiB 47.2 own_GiB 3.18 psi 0.0
[  3523s] started OBJB_A0X|scaled|rule|raw|UAFE|fill_x0.9 seed 10 pid 1485829 avail_GiB 47.2 own_GiB 3.19 psi 0.0
[  3523s] finished OBJB_A0X|scaled|rule|raw|UAFE|fill_x0.9 seed 7 rc 0 avail_GiB 47.2 own_GiB 3.20 psi 0.0
[  3523s] started OBJB_A0X|scaled|rule|raw|UAFE|fill_x0.9 seed 11 pid 1485830 avail_GiB 47.4 own_GiB 3.21 psi 0.0
[  3599s] finished OBJB_A0X|scaled|rule|raw|UAFE|fill_x0.9 seed 8 rc 0 avail_GiB 47.1 own_GiB 3.28 psi 0.0
[  3599s] started OBJB_A0X|scaled|rule|raw|UAFE|fill_x0.9 seed 12 pid 1486386 avail_GiB 47.4 own_GiB 3.28 psi 0.0
[  3614s] finished OBJB_A0X|scaled|rule|raw|UAFE|fill_x0.9 seed 9 rc 0 avail_GiB 47.4 own_GiB 3.26 psi 0.0
[  3614s] started OBJB_A0X|scaled|rule|raw|UAFE|fill_x0.9 seed 13 pid 1486519 avail_GiB 47.3 own_GiB 3.27 psi 0.0
[  3624s] finished OBJB_A0X|scaled|rule|raw|UAFE|fill_x0.9 seed 10 rc 0 avail_GiB 47.5 own_GiB 3.18 psi 0.0
[  3625s] started OBJB_A0X|scaled|rule|raw|UAFE|fill_x0.9 seed 14 pid 1486590 avail_GiB 47.3 own_GiB 3.19 psi 0.0
[  3625s] finished OBJB_A0X|scaled|rule|raw|UAFE|fill_x0.9 seed 11 rc 0 avail_GiB 47.2 own_GiB 3.20 psi 0.0
[  3625s] started OBJB_A0X|scaled|rule|raw|UAFE|fill_x0.9 seed 15 pid 1486591 avail_GiB 47.2 own_GiB 3.21 psi 0.0
[  3701s] finished OBJB_A0X|scaled|rule|raw|UAFE|fill_x0.9 seed 12 rc 0 avail_GiB 47.4 own_GiB 3.28 psi 0.0
[  3701s] started OBJB_A0X|scaled|rule|raw|UAFE|fill_x0.9 seed 16 pid 1487199 avail_GiB 47.3 own_GiB 3.28 psi 0.0
[  3716s] finished OBJB_A0X|scaled|rule|raw|UAFE|fill_x0.9 seed 13 rc 0 avail_GiB 47.1 own_GiB 3.26 psi 0.0
[  3716s] started OBJB_A0X|scaled|rule|raw|UAFE|fill_x0.9 seed 17 pid 1487309 avail_GiB 47.4 own_GiB 3.27 psi 0.0
[  3726s] finished OBJB_A0X|scaled|rule|raw|UAFE|fill_x0.9 seed 14 rc 0 avail_GiB 47.4 own_GiB 3.18 psi 0.0
[  3726s] started OBJB_A0X|scaled|rule|raw|UAFE|fill_x0.9 seed 18 pid 1487442 avail_GiB 47.4 own_GiB 3.19 psi 0.0
[  3726s] finished OBJB_A0X|scaled|rule|raw|UAFE|fill_x0.9 seed 15 rc 0 avail_GiB 47.3 own_GiB 3.20 psi 0.0
[  3727s] started OBJB_A0X|scaled|rule|raw|UAFE|fill_x0.9 seed 19 pid 1487443 avail_GiB 47.3 own_GiB 3.21 psi 0.0
[  3803s] finished OBJB_A0X|scaled|rule|raw|UAFE|fill_x0.9 seed 16 rc 0 avail_GiB 47.1 own_GiB 3.28 psi 0.0
[  3803s] started OBJB_A0X|scaled|rule|raw|UAFE|fill_x0.9 seed 20 pid 1487998 avail_GiB 47.4 own_GiB 3.28 psi 0.0
[  3818s] finished OBJB_A0X|scaled|rule|raw|UAFE|fill_x0.9 seed 17 rc 0 avail_GiB 47.1 own_GiB 3.26 psi 0.0
[  3818s] started OBJB_A0X|scaled|rule|raw|UAFE|fill_x0.9 seed 21 pid 1488125 avail_GiB 47.1 own_GiB 3.27 psi 0.0
[  3828s] finished OBJB_A0X|scaled|rule|raw|UAFE|fill_x0.9 seed 18 rc 0 avail_GiB 47.5 own_GiB 3.18 psi 0.0
[  3828s] started OBJB_A0X|scaled|rule|raw|UAFE|fill_x0.9 seed 22 pid 1488192 avail_GiB 47.3 own_GiB 3.19 psi 0.0
[  3828s] finished OBJB_A0X|scaled|rule|raw|UAFE|fill_x0.9 seed 19 rc 0 avail_GiB 47.3 own_GiB 3.20 psi 0.0
[  3829s] started OBJB_A0X|scaled|rule|raw|UAFE|fill_x0.9 seed 23 pid 1488193 avail_GiB 47.2 own_GiB 3.21 psi 0.0
[  3904s] finished OBJB_A0X|scaled|rule|raw|UAFE|fill_x0.9 seed 20 rc 0 avail_GiB 47.4 own_GiB 3.28 psi 0.0
[  3905s] started OBJB_A0X|scaled|rule|raw|UAFE|fill_x0.9 seed 24 pid 1488919 avail_GiB 47.3 own_GiB 3.28 psi 0.0
[  3920s] finished OBJB_A0X|scaled|rule|raw|UAFE|fill_x0.9 seed 21 rc 0 avail_GiB 47.1 own_GiB 3.26 psi 0.0
[  3920s] started OBJB_A0X|scaled|rule|raw|UAFE|fill_x0.9 seed 25 pid 1489055 avail_GiB 47.1 own_GiB 3.27 psi 0.0
[  3930s] finished OBJB_A0X|scaled|rule|raw|UAFE|fill_x0.9 seed 22 rc 0 avail_GiB 47.2 own_GiB 3.18 psi 0.0
[  3930s] started OBJB_A0X|scaled|rule|raw|UAFE|fill_x0.9 seed 26 pid 1489127 avail_GiB 47.4 own_GiB 3.19 psi 0.0
[  3930s] finished OBJB_A0X|scaled|rule|raw|UAFE|fill_x0.9 seed 23 rc 0 avail_GiB 47.4 own_GiB 3.20 psi 0.0
[  3930s] started OBJB_A0X|scaled|rule|raw|UAFE|fill_x0.9 seed 27 pid 1489129 avail_GiB 47.3 own_GiB 3.21 psi 0.0
[  4006s] finished OBJB_A0X|scaled|rule|raw|UAFE|fill_x0.9 seed 24 rc 0 avail_GiB 47.4 own_GiB 3.28 psi 0.0
[  4006s] started OBJB_A0X|scaled|rule|raw|UAFE|fill_x0.9 seed 28 pid 1489721 avail_GiB 47.3 own_GiB 3.28 psi 0.0
[  4022s] finished OBJB_A0X|scaled|rule|raw|UAFE|fill_x0.9 seed 25 rc 0 avail_GiB 47.1 own_GiB 3.26 psi 0.0
[  4022s] started OBJB_A0X|scaled|rule|raw|UAFE|fill_x0.9 seed 29 pid 1489834 avail_GiB 47.1 own_GiB 3.27 psi 0.0
[  4032s] finished OBJB_A0X|scaled|rule|raw|UAFE|fill_x0.9 seed 26 rc 0 avail_GiB 47.4 own_GiB 3.18 psi 0.0
[  4032s] started OBJB_A0X|scaled|rule|raw|UAFE|fill_x0.9 seed 30 pid 1489892 avail_GiB 47.4 own_GiB 3.19 psi 0.0
[  4032s] finished OBJB_A0X|scaled|rule|raw|UAFE|fill_x0.9 seed 27 rc 0 avail_GiB 47.3 own_GiB 3.20 psi 0.0
[  4032s] started OBJB_A0X|scaled|rule|raw|UAFE|fill_x0.9 seed 31 pid 1489893 avail_GiB 47.4 own_GiB 3.21 psi 0.0
[  4108s] finished OBJB_A0X|scaled|rule|raw|UAFE|fill_x0.9 seed 28 rc 0 avail_GiB 47.2 own_GiB 3.28 psi 0.0
[  4123s] finished OBJB_A0X|scaled|rule|raw|UAFE|fill_x0.9 seed 29 rc 0 avail_GiB 47.3 own_GiB 3.23 psi 0.0
[  4134s] finished OBJB_A0X|scaled|rule|raw|UAFE|fill_x0.9 seed 31 rc 0 avail_GiB 47.3 own_GiB 3.19 psi 0.0
[  4141s] aggregated OBJB_A0X|scaled|rule|raw|UAFE|fill_x0.9
[  4141s] finished OBJB_A0X|scaled|rule|raw|UAFE|fill_x0.9 seed 30 rc 0 avail_GiB 47.5 own_GiB 3.11 psi 0.0
[  4141s] CHECK runs.all_rc0 OK {"OBJB_A0X|scaled|rule|raw|UAFE": {"1": 0, "0": 0, "2": 0, "3": 0, "4": 0, "5": 0, "6": 0, "7": 0, "8": 0, "9": 0, "10": 0, "11": 0, "12": 0, "13": 0, "14": 0, "15": 0, "16": 0, "17": 0, "18": 0, "19": 0, "20": 0, "22": 0, "21": 0, "23": 0,
[  4141s] CHECK runs.audits_clean OK 
BT_LAUNCH VERDICT=PASS label=full_a0x runs=5 seeds=32 receipt_sha256=7b3c8cc496e1793fac32a1917b02420f15f66cf68f1de50281965d9467ecc679
EXIT 0
