[     0s] CHECK pin.exec_sim OK {"path": "/workspace/baseline_tables_2026-09-19/devices/exec_copy/exec_sim.py", "got": "29679672e68d4842", "want": "29679672e68d4842"}
[     0s] CHECK pin.simlib OK {"path": "/workspace/baseline_tables_2026-09-19/devices/exec_copy/simlib.py", "got": "55246fe98da2d57a", "want": "55246fe98da2d57a"}
[     0s] CHECK pin.v1b_gate OK {"path": "/workspace/baseline_tables_2026-09-19/devices/exec_copy/v1b_gate.py", "got": "4a725921a470f4c1", "want": "4a725921a470f4c1"}
[     0s] CHECK pin.v1_gate OK {"path": "/workspace/baseline_tables_2026-09-19/devices/exec_copy/v1_gate.py", "got": "c97d9b3d49212b49", "want": "c97d9b3d49212b49"}
[     0s] CHECK pin.calibration OK {"path": "/workspace/baseline_tables_2026-09-19/devices/exec_copy/CALIBRATION_v3_POOLED_20260826_20260910.json", "got": "fda342431d39703e", "want": "fda342431d39703e"}
[     0s] CHECK pin.input_manifest OK {"path": "/workspace/baseline_tables_2026-09-19/devices/exec_copy/INPUT_MANIFEST.json", "got": "59875e5a69db415f", "want": "59875e5a69db415f"}
[     6s] CHECK pin.price_full_old OK {"path": "/workspace/baseline_tables_2026-09-19/work/price_full_old.npy", "got": "0d23e3bf43138714", "want": "0d23e3bf43138714"}
[    12s] CHECK pin.price_full_raw OK {"path": "/workspace/baseline_tables_2026-09-19/work/price_full_raw.npy", "got": "b935ea28e386ba3c", "want": "b935ea28e386ba3c"}
[    12s] CHECK pin.price_full_meta OK {"path": "/workspace/baseline_tables_2026-09-19/work/price_full_meta.npz", "got": "f2f5382889f8c926", "want": "f2f5382889f8c926"}
[    12s] CHECK pin.price_receipt OK {"path": "/workspace/baseline_tables_2026-09-19/receipts/BT_PRICES_FULL.json", "got": "9f6d8a55e8eb033b", "want": "9f6d8a55e8eb033b"}
[    12s] CHECK pin.p2_s2_lib OK {"path": "/workspace/uplift_r2_2026-09-13/P2/devices/p2_s2_lib.py", "got": "c53f5c495036727f", "want": "c53f5c495036727f"}
[    13s] CHECK pin.ledger_full OK {"path": "/workspace/uplift_r2_2026-09-13/P2/work/ledger_full.npz", "got": "bea6f5752772d54e", "want": "bea6f5752772d54e"}
[    13s] CHECK pin.tradability OK {"path": "/workspace/fx_data_2026-09-13/out/trd/tradability_v1.npz", "got": "54d409d0ddf695f4", "want": "54d409d0ddf695f4"}
[    13s] CHECK pin.universe OK {"path": "/workspace/uplift_r2_2026-09-13/P2/work/universe.npz", "got": "6322b57366078ed0", "want": "6322b57366078ed0"}
[    13s] CHECK price_receipt.PASS_and_outputs OK 
[    14s] CHECK pin.executor_tree_409ea16_vs_manifest OK {"n": 332, "bad": []}
[    14s] CHECK exec_sim.version_v3.1 OK "v3.1"
[    14s] CHECK runs.selected OK {"runs": ["S2_A0pred_s42|CMB|rule|old|LEGACY", "S2_A0pred_s42|CMB|rule|raw|UAFE", "S2_A0pred_s2027|CMB|rule|old|LEGACY", "S2_A0pred_s2027|CMB|rule|raw|UAFE"], "seeds": [0, 1, 2, 3, 4, 5, 6, 7, 8, 9, 10, 11, 12, 13, 14, 15, 16, 17, 18, 19, 2
[    14s] CHECK window.n_anchors OK 9138
[    14s] CHECK window.equals_S2_W_ALPHA OK 
[    14s] CHECK axis.symbols OK 
[    14s] CHECK prices.grid_covers_window OK {"grid0": 1656532800, "n": 438721}
[    14s] CHECK ua_sets.counts OK {"UNAVAILABLE_3084": 3084, "OLD_ZERO_PRICED_INLIFE_NAN": 24397}
[    15s] prices old (438721, 829)
[    16s] prices raw (438721, 829)
[    16s] CHECK run.S2_A0pred_s42|CMB|rule|old|LEGACY.policy_named OK 
[    16s] CHECK run.S2_A0pred_s42|CMB|rule|raw|UAFE.policy_named OK 
[    16s] CHECK run.S2_A0pred_s42|CMB|rule|raw|UAFE.ua_cells_already_at_last_available_price OK {"cells_that_would_change": 0}
[    16s] CHECK run.S2_A0pred_s2027|CMB|rule|old|LEGACY.policy_named OK 
[    16s] CHECK run.S2_A0pred_s2027|CMB|rule|raw|UAFE.policy_named OK 
[    16s] CHECK run.S2_A0pred_s2027|CMB|rule|raw|UAFE.ua_cells_already_at_last_available_price OK {"cells_that_would_change": 0}
[    16s] funding rows 2385829
[    16s] CHECK axis.tradability_symbols OK 
[    16s] CHECK tradability.covers_window OK 
[    16s] CHECK axis.universe OK 
[    16s] CHECK calibration.v3_pooled_frozen OK 
[    16s] CHECK calibration.decision_offset_N+24 OK 1440
[    16s] CHECK executor.pns_wide OK 
[    16s] CHECK executor.gross_mult_config OK {"gm": 2.0, "onu": "hold"}
[    17s] CHECK s2run.S2_A0pred_s2027.shas OK {"json": "c63b59a72438a1a0", "vec": "17b78784c6846cfc"}
[    18s] CHECK s2run.S2_A0pred_s42.shas OK {"json": "d01063c0ee68a487", "vec": "8c7c886376c484ea"}
[    23s] resume: existing 87 to run 41
[    23s] started S2_A0pred_s2027|CMB|rule|old|LEGACY seed 23 pid 1274290 avail_GiB 39.4
[    23s] started S2_A0pred_s2027|CMB|rule|old|LEGACY seed 24 pid 1274292 avail_GiB 39.4
[    23s] started S2_A0pred_s2027|CMB|rule|old|LEGACY seed 25 pid 1274293 avail_GiB 39.4
[    23s] started S2_A0pred_s2027|CMB|rule|old|LEGACY seed 26 pid 1274294 avail_GiB 39.4
[    23s] started S2_A0pred_s2027|CMB|rule|old|LEGACY seed 27 pid 1274295 avail_GiB 39.4
[    23s] started S2_A0pred_s2027|CMB|rule|old|LEGACY seed 28 pid 1274296 avail_GiB 39.4
[    23s] started S2_A0pred_s2027|CMB|rule|old|LEGACY seed 29 pid 1274297 avail_GiB 39.4
[    23s] started S2_A0pred_s2027|CMB|rule|old|LEGACY seed 30 pid 1274298 avail_GiB 39.4
[   119s] finished S2_A0pred_s2027|CMB|rule|old|LEGACY seed 28 rc 0 avail_GiB 38.8
[   119s] started S2_A0pred_s2027|CMB|rule|old|LEGACY seed 31 pid 1274727 avail_GiB 38.8
[   119s] finished S2_A0pred_s2027|CMB|rule|old|LEGACY seed 26 rc 0 avail_GiB 38.9
[   119s] started S2_A0pred_s2027|CMB|rule|raw|UAFE seed 0 pid 1274728 avail_GiB 38.9
[   119s] finished S2_A0pred_s2027|CMB|rule|old|LEGACY seed 27 rc 0 avail_GiB 39.0
[   119s] started S2_A0pred_s2027|CMB|rule|raw|UAFE seed 1 pid 1274729 avail_GiB 39.0
[   119s] finished S2_A0pred_s2027|CMB|rule|old|LEGACY seed 30 rc 0 avail_GiB 39.0
[   119s] started S2_A0pred_s2027|CMB|rule|raw|UAFE seed 2 pid 1274730 avail_GiB 39.0
[   119s] finished S2_A0pred_s2027|CMB|rule|old|LEGACY seed 24 rc 0 avail_GiB 39.1
[   119s] started S2_A0pred_s2027|CMB|rule|raw|UAFE seed 3 pid 1274731 avail_GiB 39.1
[   120s] finished S2_A0pred_s2027|CMB|rule|old|LEGACY seed 23 rc 0 avail_GiB 39.3
[   120s] started S2_A0pred_s2027|CMB|rule|raw|UAFE seed 4 pid 1274741 avail_GiB 39.3
[   121s] finished S2_A0pred_s2027|CMB|rule|old|LEGACY seed 25 rc 0 avail_GiB 39.1
[   121s] started S2_A0pred_s2027|CMB|rule|raw|UAFE seed 5 pid 1274743 avail_GiB 39.1
[   122s] finished S2_A0pred_s2027|CMB|rule|old|LEGACY seed 29 rc 0 avail_GiB 39.1
[   122s] started S2_A0pred_s2027|CMB|rule|raw|UAFE seed 6 pid 1274744 avail_GiB 39.1
[   220s] aggregated S2_A0pred_s2027|CMB|rule|old|LEGACY
[   220s] finished S2_A0pred_s2027|CMB|rule|old|LEGACY seed 31 rc 0 avail_GiB 39.2
[   220s] started S2_A0pred_s2027|CMB|rule|raw|UAFE seed 7 pid 1275149 avail_GiB 39.2
[   220s] finished S2_A0pred_s2027|CMB|rule|raw|UAFE seed 0 rc 0 avail_GiB 39.4
[   220s] started S2_A0pred_s2027|CMB|rule|raw|UAFE seed 8 pid 1275150 avail_GiB 39.3
[   220s] finished S2_A0pred_s2027|CMB|rule|raw|UAFE seed 1 rc 0 avail_GiB 39.3
[   220s] started S2_A0pred_s2027|CMB|rule|raw|UAFE seed 9 pid 1275151 avail_GiB 39.3
[   220s] finished S2_A0pred_s2027|CMB|rule|raw|UAFE seed 2 rc 0 avail_GiB 39.3
[   220s] started S2_A0pred_s2027|CMB|rule|raw|UAFE seed 10 pid 1275153 avail_GiB 39.3
[   220s] finished S2_A0pred_s2027|CMB|rule|raw|UAFE seed 3 rc 0 avail_GiB 39.2
[   220s] started S2_A0pred_s2027|CMB|rule|raw|UAFE seed 11 pid 1275154 avail_GiB 39.2
[   220s] finished S2_A0pred_s2027|CMB|rule|raw|UAFE seed 4 rc 0 avail_GiB 39.2
[   220s] started S2_A0pred_s2027|CMB|rule|raw|UAFE seed 12 pid 1275155 avail_GiB 39.2
[   220s] finished S2_A0pred_s2027|CMB|rule|raw|UAFE seed 6 rc 0 avail_GiB 39.3
[   220s] started S2_A0pred_s2027|CMB|rule|raw|UAFE seed 13 pid 1275157 avail_GiB 39.2
[   220s] finished S2_A0pred_s2027|CMB|rule|raw|UAFE seed 5 rc 0 avail_GiB 39.3
[   220s] started S2_A0pred_s2027|CMB|rule|raw|UAFE seed 14 pid 1275158 avail_GiB 39.3
[   318s] finished S2_A0pred_s2027|CMB|rule|raw|UAFE seed 9 rc 0 avail_GiB 38.8
[   318s] started S2_A0pred_s2027|CMB|rule|raw|UAFE seed 15 pid 1275493 avail_GiB 38.8
[   318s] finished S2_A0pred_s2027|CMB|rule|raw|UAFE seed 14 rc 0 avail_GiB 39.1
[   318s] started S2_A0pred_s2027|CMB|rule|raw|UAFE seed 16 pid 1275494 avail_GiB 39.0
[   318s] finished S2_A0pred_s2027|CMB|rule|raw|UAFE seed 7 rc 0 avail_GiB 39.1
[   318s] started S2_A0pred_s2027|CMB|rule|raw|UAFE seed 17 pid 1275495 avail_GiB 39.1
[   318s] finished S2_A0pred_s2027|CMB|rule|raw|UAFE seed 13 rc 0 avail_GiB 39.1
[   318s] started S2_A0pred_s2027|CMB|rule|raw|UAFE seed 18 pid 1275496 avail_GiB 39.1
[   319s] finished S2_A0pred_s2027|CMB|rule|raw|UAFE seed 12 rc 0 avail_GiB 39.0
[   319s] started S2_A0pred_s2027|CMB|rule|raw|UAFE seed 19 pid 1275506 avail_GiB 39.0
[   319s] finished S2_A0pred_s2027|CMB|rule|raw|UAFE seed 11 rc 0 avail_GiB 39.0
[   319s] started S2_A0pred_s2027|CMB|rule|raw|UAFE seed 20 pid 1275507 avail_GiB 39.0
[   321s] finished S2_A0pred_s2027|CMB|rule|raw|UAFE seed 10 rc 0 avail_GiB 39.2
[   321s] started S2_A0pred_s2027|CMB|rule|raw|UAFE seed 21 pid 1275509 avail_GiB 39.2
[   327s] finished S2_A0pred_s2027|CMB|rule|raw|UAFE seed 8 rc 0 avail_GiB 39.0
[   327s] started S2_A0pred_s2027|CMB|rule|raw|UAFE seed 22 pid 1275527 avail_GiB 39.0
[   423s] finished S2_A0pred_s2027|CMB|rule|raw|UAFE seed 15 rc 0 avail_GiB 38.9
[   423s] started S2_A0pred_s2027|CMB|rule|raw|UAFE seed 23 pid 1275822 avail_GiB 38.8
[   423s] finished S2_A0pred_s2027|CMB|rule|raw|UAFE seed 19 rc 0 avail_GiB 38.9
[   423s] started S2_A0pred_s2027|CMB|rule|raw|UAFE seed 24 pid 1275823 avail_GiB 38.9
[   423s] finished S2_A0pred_s2027|CMB|rule|raw|UAFE seed 16 rc 0 avail_GiB 39.0
[   423s] started S2_A0pred_s2027|CMB|rule|raw|UAFE seed 25 pid 1275824 avail_GiB 39.0
[   423s] finished S2_A0pred_s2027|CMB|rule|raw|UAFE seed 17 rc 0 avail_GiB 39.2
[   423s] started S2_A0pred_s2027|CMB|rule|raw|UAFE seed 26 pid 1275825 avail_GiB 39.2
[   424s] finished S2_A0pred_s2027|CMB|rule|raw|UAFE seed 18 rc 0 avail_GiB 39.0
[   424s] started S2_A0pred_s2027|CMB|rule|raw|UAFE seed 27 pid 1275857 avail_GiB 39.0
[   425s] finished S2_A0pred_s2027|CMB|rule|raw|UAFE seed 20 rc 0 avail_GiB 39.0
[   425s] started S2_A0pred_s2027|CMB|rule|raw|UAFE seed 28 pid 1275858 avail_GiB 39.0
[   432s] finished S2_A0pred_s2027|CMB|rule|raw|UAFE seed 21 rc 0 avail_GiB 39.0
[   432s] started S2_A0pred_s2027|CMB|rule|raw|UAFE seed 29 pid 1275867 avail_GiB 39.0
[   433s] finished S2_A0pred_s2027|CMB|rule|raw|UAFE seed 22 rc 0 avail_GiB 39.0
[   433s] started S2_A0pred_s2027|CMB|rule|raw|UAFE seed 30 pid 1275882 avail_GiB 39.0
[   530s] finished S2_A0pred_s2027|CMB|rule|raw|UAFE seed 23 rc 0 avail_GiB 38.8
[   530s] started S2_A0pred_s2027|CMB|rule|raw|UAFE seed 31 pid 1276244 avail_GiB 38.8
[   530s] finished S2_A0pred_s2027|CMB|rule|raw|UAFE seed 26 rc 0 avail_GiB 39.1
[   531s] finished S2_A0pred_s2027|CMB|rule|raw|UAFE seed 24 rc 0 avail_GiB 38.9
[   532s] finished S2_A0pred_s2027|CMB|rule|raw|UAFE seed 25 rc 0 avail_GiB 39.1
[   533s] finished S2_A0pred_s2027|CMB|rule|raw|UAFE seed 28 rc 0 avail_GiB 39.0
[   534s] finished S2_A0pred_s2027|CMB|rule|raw|UAFE seed 27 rc 0 avail_GiB 39.2
[   540s] finished S2_A0pred_s2027|CMB|rule|raw|UAFE seed 29 rc 0 avail_GiB 39.2
[   540s] finished S2_A0pred_s2027|CMB|rule|raw|UAFE seed 30 rc 0 avail_GiB 39.2
[   635s] aggregated S2_A0pred_s2027|CMB|rule|raw|UAFE
[   635s] finished S2_A0pred_s2027|CMB|rule|raw|UAFE seed 31 rc 0 avail_GiB 39.2
[   635s] CHECK runs.all_rc0 OK {"S2_A0pred_s42|CMB|rule|old|LEGACY": {"0": 0, "1": 0, "2": 0, "3": 0, "4": 0, "5": 0, "6": 0, "7": 0, "8": 0, "9": 0, "10": 0, "11": 0, "12": 0, "13": 0, "14": 0, "15": 0, "16": 0, "17": 0, "18": 0, "19": 0, "20": 0, "21": 0, "22": 0, "23"
[   635s] CHECK runs.audits_clean OK 
BT_LAUNCH VERDICT=PASS label=full_r1 runs=4 seeds=32 receipt_sha256=84758f0f17d6dfa4322d2ccbad1563a4d35d5612b608e9194288c75d7fc93699
