[     0s] CHECK config.not_a_template_and_nothing_pending OK {"status": "FROZEN before any object-B number of this device (A0 part; pairing with the v4 refit follows)", "pending": []}
[     0s] CHECK pin.prereg OK {"path": "/workspace/baseline_tables_2026-09-19/pins/PREREG_baseline_tables_certified_2026-09-19.md", "got": "d9fe45e3191f56e5", "want": "d9fe45e3191f56e5"}
[     0s] CHECK pin.prereg_amendment_1 OK {"path": "/workspace/baseline_tables_2026-09-19/pins/AMENDMENT_1_baseline_tables_certified_2026-09-19.md", "got": "766bc367743d8542", "want": "766bc367743d8542"}
[     0s] CHECK pin.exec_sim OK {"path": "/workspace/baseline_tables_2026-09-19/devices/exec_copy/exec_sim.py", "got": "29679672e68d4842", "want": "29679672e68d4842"}
[     0s] CHECK pin.simlib OK {"path": "/workspace/baseline_tables_2026-09-19/devices/exec_copy/simlib.py", "got": "55246fe98da2d57a", "want": "55246fe98da2d57a"}
[     0s] CHECK pin.v1b_gate OK {"path": "/workspace/baseline_tables_2026-09-19/devices/exec_copy/v1b_gate.py", "got": "4a725921a470f4c1", "want": "4a725921a470f4c1"}
[     0s] CHECK pin.v1_gate OK {"path": "/workspace/baseline_tables_2026-09-19/devices/exec_copy/v1_gate.py", "got": "c97d9b3d49212b49", "want": "c97d9b3d49212b49"}
[     0s] CHECK pin.calibration OK {"path": "/workspace/baseline_tables_2026-09-19/devices/exec_copy/CALIBRATION_v3_POOLED_20260826_20260910.json", "got": "fda342431d39703e", "want": "fda342431d39703e"}
[     0s] CHECK pin.input_manifest OK {"path": "/workspace/baseline_tables_2026-09-19/devices/exec_copy/INPUT_MANIFEST.json", "got": "59875e5a69db415f", "want": "59875e5a69db415f"}
[     0s] CHECK pin.p2_s2_lib OK {"path": "/workspace/uplift_r2_2026-09-13/P2/devices/p2_s2_lib.py", "got": "c53f5c495036727f", "want": "c53f5c495036727f"}
[     7s] CHECK pin.price_full_raw OK {"path": "/workspace/baseline_tables_2026-09-19/work/price_full_raw_x0918r.npy", "got": "23af32bd97c267d1", "want": "23af32bd97c267d1"}
[     7s] CHECK pin.price_full_meta OK {"path": "/workspace/baseline_tables_2026-09-19/work/price_full_raw_x0918r_meta.npz", "got": "d1e49cc9f0a7ddc4", "want": "d1e49cc9f0a7ddc4"}
[     7s] CHECK pin.price_receipt OK {"path": "/workspace/baseline_tables_2026-09-19/receipts/BT_PRICES_FULL_X0918R.json", "got": "130592b122831e03", "want": "130592b122831e03"}
[     8s] CHECK pin.price_source_table_x0918r OK {"path": "/workspace/raw_price_fix_2026-09-19/ext_x0918r/work/price_logtable_raw_x0918r.npy", "got": "9249b0da4a4c5789", "want": "9249b0da4a4c5789"}
[     8s] CHECK pin.price_source_meta_x0918r OK {"path": "/workspace/raw_price_fix_2026-09-19/ext_x0918r/work/price_meta_raw_x0918r.npz", "got": "da136830cee7e1a2", "want": "da136830cee7e1a2"}
[     8s] CHECK pin.ledger_full OK {"path": "/workspace/baseline_tables_2026-09-19/funding/ledger_spliced_p2_to_20260901T0200_streamD_after.npz", "got": "073088e503c026d6", "want": "073088e503c026d6"}
[     8s] CHECK pin.funding_overlap_proof OK {"path": "/workspace/baseline_tables_2026-09-19/funding/BT_FUNDING_OVERLAP.json", "got": "0ee6d99bfa2acfb9", "want": "0ee6d99bfa2acfb9"}
[     8s] CHECK pin.funding_source_p2 OK {"path": "/workspace/uplift_r2_2026-09-13/P2/work/ledger_full.npz", "got": "bea6f5752772d54e", "want": "bea6f5752772d54e"}
[     8s] CHECK pin.funding_source_stream_d OK {"path": "/workspace/axis_0919/funding/funding_ledger.npz", "got": "74b69e635efbf355", "want": "74b69e635efbf355"}
[     8s] CHECK pin.funding_4h_accounting_stream_d OK {"path": "/workspace/axis_0919/funding/funding_4h_accounting.npz", "got": "2838e5f6cf42fff5", "want": "2838e5f6cf42fff5"}
[     8s] CHECK pin.tradability OK {"path": "/workspace/axis_0919/x0918r/trd/tradability_v1.npz", "got": "bebf69ab9ddb3b05", "want": "bebf69ab9ddb3b05"}
[     8s] CHECK pin.universe OK {"path": "/workspace/uplift_r2_2026-09-13/P2/work/universe.npz", "got": "6322b57366078ed0", "want": "6322b57366078ed0"}
[     8s] CHECK pin.g0_labels OK {"path": "/workspace/baseline_tables_2026-09-19/g0x/g0_labels_x0918.npz", "got": "c3832939e1b01333", "want": "c3832939e1b01333"}
[     8s] CHECK pin.g0_receipt OK {"path": "/workspace/baseline_tables_2026-09-19/g0x/RECEIPT_bt_g0_extend.json", "got": "8afd680472ef21be", "want": "8afd680472ef21be"}
[     8s] CHECK price_receipt.PASS_and_outputs OK {"price_kinds": ["raw"]}
[    10s] CHECK pin.executor_tree_409ea16_vs_manifest OK {"n": 332, "bad": []}
[    10s] CHECK exec_sim.version_v3.1 OK "v3.1"
[    10s] CHECK runs.selected OK {"runs": ["OBJB_A0|scaled|rule|raw|UAFE", "OBJB_A0|lit|rule|raw|UAFE", "OBJB_A0|scaled|rule|raw|UAFE|fee_x1.25", "OBJB_A0|scaled|rule|raw|UAFE|slip_x1.5", "OBJB_A0|scaled|rule|raw|UAFE|fill_x0.9"], "seeds": [0, 1, 2, 3, 4, 5, 6, 7, 8, 9, 10
[    10s] CHECK window.n_anchors OK 9139
[    10s] CHECK axis.symbols OK 
[    10s] CHECK prices.grid_covers_window OK {"grid0": 1656532800, "n": 444145}
[    10s] CHECK ua_sets.counts_of_the_sets_the_runs_use OK {"UNAVAILABLE_3084": 3084}
[    11s] prices raw (444145, 829)
[    11s] CHECK run.OBJB_A0|scaled|rule|raw|UAFE.policy_named OK 
[    11s] CHECK run.OBJB_A0|scaled|rule|raw|UAFE.ua_cells_already_at_last_available_price OK {"cells_that_would_change": 0}
[    11s] CHECK run.OBJB_A0|lit|rule|raw|UAFE.policy_named OK 
[    11s] CHECK run.OBJB_A0|lit|rule|raw|UAFE.ua_cells_already_at_last_available_price OK {"cells_that_would_change": 0}
[    11s] CHECK run.OBJB_A0|scaled|rule|raw|UAFE|fee_x1.25.policy_named OK 
[    11s] CHECK run.OBJB_A0|scaled|rule|raw|UAFE|fee_x1.25.ua_cells_already_at_last_available_price OK {"cells_that_would_change": 0}
[    11s] CHECK run.OBJB_A0|scaled|rule|raw|UAFE|slip_x1.5.policy_named OK 
[    11s] CHECK run.OBJB_A0|scaled|rule|raw|UAFE|slip_x1.5.ua_cells_already_at_last_available_price OK {"cells_that_would_change": 0}
[    11s] CHECK run.OBJB_A0|scaled|rule|raw|UAFE|fill_x0.9.policy_named OK 
[    11s] CHECK run.OBJB_A0|scaled|rule|raw|UAFE|fill_x0.9.ua_cells_already_at_last_available_price OK {"cells_that_would_change": 0}
[    11s] funding rows 2386274
[    11s] CHECK axis.tradability_symbols OK 
[    11s] CHECK tradability.covers_window OK 
[    11s] CHECK calibration.v3_pooled_frozen OK 
[    11s] CHECK calibration.decision_offset_N+24 OK 1440
[    11s] CHECK executor.pns_wide OK 
[    11s] CHECK executor.gross_mult_config OK {"gm": 2.0, "onu": "hold"}
[    12s] CHECK objb_targets.OBJB_A0|scaled|rule|raw|UAFE.loaded OK {"window_anchors": 9139, "combo": 6702, "king": 2437, "hold": 0, "written_rows_without_weights": 0}
[    12s] CHECK objb_targets.OBJB_A0|lit|rule|raw|UAFE.loaded OK {"window_anchors": 9139, "combo": 2356, "king": 6783, "hold": 0, "written_rows_without_weights": 0}
[    13s] CHECK objb_targets.OBJB_A0|scaled|rule|raw|UAFE|fee_x1.25.loaded OK {"window_anchors": 9139, "combo": 6702, "king": 2437, "hold": 0, "written_rows_without_weights": 0}
[    13s] CHECK objb_targets.OBJB_A0|scaled|rule|raw|UAFE|slip_x1.5.loaded OK {"window_anchors": 9139, "combo": 6702, "king": 2437, "hold": 0, "written_rows_without_weights": 0}
[    13s] CHECK objb_targets.OBJB_A0|scaled|rule|raw|UAFE|fill_x0.9.loaded OK {"window_anchors": 9139, "combo": 6702, "king": 2437, "hold": 0, "written_rows_without_weights": 0}
[    13s] resume: existing 0 to run 160
[    13s] started OBJB_A0|scaled|rule|raw|UAFE seed 0 pid 1405731 avail_GiB 34.9 own_GiB 3.09 psi 0.0
[    14s] started OBJB_A0|scaled|rule|raw|UAFE seed 1 pid 1405732 avail_GiB 34.9 own_GiB 3.10 psi 0.0
[    14s] started OBJB_A0|scaled|rule|raw|UAFE seed 2 pid 1405733 avail_GiB 34.7 own_GiB 3.12 psi 0.0
[    14s] started OBJB_A0|scaled|rule|raw|UAFE seed 3 pid 1405734 avail_GiB 34.3 own_GiB 3.14 psi 0.0
[   130s] finished OBJB_A0|scaled|rule|raw|UAFE seed 0 rc 0 avail_GiB 32.6 own_GiB 3.14 psi 0.0
[   130s] started OBJB_A0|scaled|rule|raw|UAFE seed 4 pid 1406541 avail_GiB 32.4 own_GiB 3.15 psi 0.0
[   130s] finished OBJB_A0|scaled|rule|raw|UAFE seed 1 rc 0 avail_GiB 32.4 own_GiB 3.15 psi 0.0
[   130s] started OBJB_A0|scaled|rule|raw|UAFE seed 5 pid 1406543 avail_GiB 32.3 own_GiB 3.16 psi 0.0
[   130s] finished OBJB_A0|scaled|rule|raw|UAFE seed 3 rc 0 avail_GiB 32.3 own_GiB 3.18 psi 0.0
[   131s] started OBJB_A0|scaled|rule|raw|UAFE seed 6 pid 1406546 avail_GiB 32.5 own_GiB 3.20 psi 0.0
[   136s] finished OBJB_A0|scaled|rule|raw|UAFE seed 2 rc 0 avail_GiB 34.4 own_GiB 3.17 psi 0.0
[   136s] started OBJB_A0|scaled|rule|raw|UAFE seed 7 pid 1406595 avail_GiB 35.0 own_GiB 3.18 psi 0.0
[   252s] finished OBJB_A0|scaled|rule|raw|UAFE seed 4 rc 0 avail_GiB 34.6 own_GiB 3.08 psi 0.0
[   252s] started OBJB_A0|scaled|rule|raw|UAFE seed 8 pid 1407387 avail_GiB 34.6 own_GiB 3.09 psi 0.0
[   252s] finished OBJB_A0|scaled|rule|raw|UAFE seed 5 rc 0 avail_GiB 34.5 own_GiB 3.09 psi 0.0
[   252s] started OBJB_A0|scaled|rule|raw|UAFE seed 9 pid 1407388 avail_GiB 34.2 own_GiB 3.10 psi 0.0
[   252s] finished OBJB_A0|scaled|rule|raw|UAFE seed 6 rc 0 avail_GiB 34.1 own_GiB 3.11 psi 0.0
[   253s] started OBJB_A0|scaled|rule|raw|UAFE seed 10 pid 1407389 avail_GiB 34.1 own_GiB 3.13 psi 0.0
[   253s] finished OBJB_A0|scaled|rule|raw|UAFE seed 7 rc 0 avail_GiB 34.4 own_GiB 3.15 psi 0.0
[   253s] started OBJB_A0|scaled|rule|raw|UAFE seed 11 pid 1407390 avail_GiB 35.0 own_GiB 3.16 psi 0.0
[   369s] finished OBJB_A0|scaled|rule|raw|UAFE seed 9 rc 0 avail_GiB 32.6 own_GiB 3.23 psi 0.0
[   369s] started OBJB_A0|scaled|rule|raw|UAFE seed 12 pid 1408197 avail_GiB 32.4 own_GiB 3.16 psi 0.0
[   369s] finished OBJB_A0|scaled|rule|raw|UAFE seed 8 rc 0 avail_GiB 32.4 own_GiB 3.17 psi 0.0
[   369s] started OBJB_A0|scaled|rule|raw|UAFE seed 13 pid 1408200 avail_GiB 32.3 own_GiB 3.18 psi 0.0
[   369s] finished OBJB_A0|scaled|rule|raw|UAFE seed 11 rc 0 avail_GiB 32.3 own_GiB 3.19 psi 0.0
[   370s] started OBJB_A0|scaled|rule|raw|UAFE seed 14 pid 1408201 avail_GiB 32.1 own_GiB 3.13 psi 0.0
[   370s] finished OBJB_A0|scaled|rule|raw|UAFE seed 10 rc 0 avail_GiB 32.2 own_GiB 3.15 psi 0.0
[   370s] started OBJB_A0|scaled|rule|raw|UAFE seed 15 pid 1408202 avail_GiB 32.1 own_GiB 3.16 psi 0.0
[   486s] finished OBJB_A0|scaled|rule|raw|UAFE seed 12 rc 0 avail_GiB 31.9 own_GiB 3.14 psi 0.0
[   486s] started OBJB_A0|scaled|rule|raw|UAFE seed 16 pid 1409016 avail_GiB 32.1 own_GiB 3.15 psi 0.0
[   486s] finished OBJB_A0|scaled|rule|raw|UAFE seed 13 rc 0 avail_GiB 32.1 own_GiB 3.15 psi 0.0
[   486s] started OBJB_A0|scaled|rule|raw|UAFE seed 17 pid 1409018 avail_GiB 32.1 own_GiB 3.16 psi 0.0
[   486s] finished OBJB_A0|scaled|rule|raw|UAFE seed 15 rc 0 avail_GiB 32.1 own_GiB 3.18 psi 0.0
[   487s] started OBJB_A0|scaled|rule|raw|UAFE seed 18 pid 1409019 avail_GiB 32.0 own_GiB 3.20 psi 0.0
[   492s] finished OBJB_A0|scaled|rule|raw|UAFE seed 14 rc 0 avail_GiB 35.2 own_GiB 3.17 psi 0.0
[   492s] started OBJB_A0|scaled|rule|raw|UAFE seed 19 pid 1409051 avail_GiB 35.0 own_GiB 3.18 psi 0.0
[   603s] finished OBJB_A0|scaled|rule|raw|UAFE seed 16 rc 0 avail_GiB 32.1 own_GiB 3.20 psi 0.0
[   603s] started OBJB_A0|scaled|rule|raw|UAFE seed 20 pid 1409831 avail_GiB 32.9 own_GiB 3.20 psi 0.0
[   603s] finished OBJB_A0|scaled|rule|raw|UAFE seed 17 rc 0 avail_GiB 32.9 own_GiB 3.21 psi 0.0
[   604s] started OBJB_A0|scaled|rule|raw|UAFE seed 21 pid 1409832 avail_GiB 32.9 own_GiB 3.22 psi 0.0
[   609s] finished OBJB_A0|scaled|rule|raw|UAFE seed 18 rc 0 avail_GiB 32.8 own_GiB 3.14 psi 0.0
[   609s] started OBJB_A0|scaled|rule|raw|UAFE seed 22 pid 1409864 avail_GiB 32.7 own_GiB 3.15 psi 0.0
[   609s] finished OBJB_A0|scaled|rule|raw|UAFE seed 19 rc 0 avail_GiB 32.8 own_GiB 3.15 psi 0.0
[   609s] started OBJB_A0|scaled|rule|raw|UAFE seed 23 pid 1409865 avail_GiB 32.8 own_GiB 3.17 psi 0.0
[   720s] finished OBJB_A0|scaled|rule|raw|UAFE seed 20 rc 0 avail_GiB 34.5 own_GiB 3.26 psi 0.0
[   721s] started OBJB_A0|scaled|rule|raw|UAFE seed 24 pid 1410728 avail_GiB 34.9 own_GiB 3.28 psi 0.0
[   726s] finished OBJB_A0|scaled|rule|raw|UAFE seed 21 rc 0 avail_GiB 31.8 own_GiB 3.11 psi 0.0
[   726s] started OBJB_A0|scaled|rule|raw|UAFE seed 25 pid 1410755 avail_GiB 31.9 own_GiB 3.12 psi 0.0
[   726s] finished OBJB_A0|scaled|rule|raw|UAFE seed 22 rc 0 avail_GiB 31.9 own_GiB 3.12 psi 0.0
[   726s] started OBJB_A0|scaled|rule|raw|UAFE seed 26 pid 1410756 avail_GiB 31.9 own_GiB 3.13 psi 0.0
[   726s] finished OBJB_A0|scaled|rule|raw|UAFE seed 23 rc 0 avail_GiB 31.8 own_GiB 3.15 psi 0.0
[   726s] started OBJB_A0|scaled|rule|raw|UAFE seed 27 pid 1410769 avail_GiB 32.2 own_GiB 3.17 psi 0.0
[   838s] finished OBJB_A0|scaled|rule|raw|UAFE seed 24 rc 0 avail_GiB 33.9 own_GiB 3.25 psi 0.0
[   838s] started OBJB_A0|scaled|rule|raw|UAFE seed 28 pid 1411528 avail_GiB 33.7 own_GiB 3.26 psi 0.0
[   843s] finished OBJB_A0|scaled|rule|raw|UAFE seed 25 rc 0 avail_GiB 31.9 own_GiB 3.11 psi 0.0
[   843s] started OBJB_A0|scaled|rule|raw|UAFE seed 29 pid 1411568 avail_GiB 31.9 own_GiB 3.12 psi 0.0
[   843s] finished OBJB_A0|scaled|rule|raw|UAFE seed 26 rc 0 avail_GiB 32.2 own_GiB 3.12 psi 0.0
[   843s] started OBJB_A0|scaled|rule|raw|UAFE seed 30 pid 1411569 avail_GiB 32.1 own_GiB 3.13 psi 0.0
[   843s] finished OBJB_A0|scaled|rule|raw|UAFE seed 27 rc 0 avail_GiB 32.1 own_GiB 3.14 psi 0.0
[   843s] started OBJB_A0|scaled|rule|raw|UAFE seed 31 pid 1411571 avail_GiB 32.0 own_GiB 3.16 psi 0.0
[   955s] finished OBJB_A0|scaled|rule|raw|UAFE seed 28 rc 0 avail_GiB 34.2 own_GiB 3.25 psi 0.0
[   955s] started OBJB_A0|lit|rule|raw|UAFE seed 0 pid 1412344 avail_GiB 34.4 own_GiB 3.26 psi 0.0
[   960s] finished OBJB_A0|scaled|rule|raw|UAFE seed 31 rc 0 avail_GiB 31.9 own_GiB 3.22 psi 0.0
[   960s] started OBJB_A0|lit|rule|raw|UAFE seed 1 pid 1412376 avail_GiB 31.9 own_GiB 3.23 psi 0.0
[   965s] finished OBJB_A0|scaled|rule|raw|UAFE seed 29 rc 0 avail_GiB 33.7 own_GiB 3.14 psi 0.0
[   965s] started OBJB_A0|lit|rule|raw|UAFE seed 2 pid 1412423 avail_GiB 33.5 own_GiB 3.15 psi 0.0
[   968s] aggregated OBJB_A0|scaled|rule|raw|UAFE
[   968s] finished OBJB_A0|scaled|rule|raw|UAFE seed 30 rc 0 avail_GiB 34.4 own_GiB 3.28 psi 0.0
[   968s] started OBJB_A0|lit|rule|raw|UAFE seed 3 pid 1412429 avail_GiB 34.0 own_GiB 3.29 psi 0.0
[  1069s] finished OBJB_A0|lit|rule|raw|UAFE seed 0 rc 0 avail_GiB 33.2 own_GiB 3.35 psi 0.0
[  1070s] started OBJB_A0|lit|rule|raw|UAFE seed 4 pid 1413107 avail_GiB 32.8 own_GiB 3.35 psi 0.0
[  1075s] finished OBJB_A0|lit|rule|raw|UAFE seed 1 rc 0 avail_GiB 32.8 own_GiB 3.32 psi 0.0
[  1075s] started OBJB_A0|lit|rule|raw|UAFE seed 5 pid 1413149 avail_GiB 32.7 own_GiB 3.33 psi 0.0
[  1080s] finished OBJB_A0|lit|rule|raw|UAFE seed 2 rc 0 avail_GiB 33.1 own_GiB 3.22 psi 0.0
[  1080s] started OBJB_A0|lit|rule|raw|UAFE seed 6 pid 1413203 avail_GiB 33.1 own_GiB 3.23 psi 0.0
[  1085s] finished OBJB_A0|lit|rule|raw|UAFE seed 3 rc 0 avail_GiB 34.5 own_GiB 3.20 psi 0.0
[  1086s] started OBJB_A0|lit|rule|raw|UAFE seed 7 pid 1413229 avail_GiB 33.9 own_GiB 3.21 psi 0.0
[  1182s] finished OBJB_A0|lit|rule|raw|UAFE seed 4 rc 0 avail_GiB 33.1 own_GiB 3.27 psi 0.0
[  1182s] started OBJB_A0|lit|rule|raw|UAFE seed 8 pid 1413883 avail_GiB 33.0 own_GiB 3.28 psi 0.0
[  1187s] finished OBJB_A0|lit|rule|raw|UAFE seed 5 rc 0 avail_GiB 32.4 own_GiB 3.25 psi 0.0
[  1187s] started OBJB_A0|lit|rule|raw|UAFE seed 9 pid 1413911 avail_GiB 32.3 own_GiB 3.25 psi 0.0
[  1198s] finished OBJB_A0|lit|rule|raw|UAFE seed 6 rc 0 avail_GiB 31.8 own_GiB 3.23 psi 0.0
[  1198s] started OBJB_A0|lit|rule|raw|UAFE seed 10 pid 1413993 avail_GiB 31.8 own_GiB 3.24 psi 0.0
[  1203s] finished OBJB_A0|lit|rule|raw|UAFE seed 7 rc 0 avail_GiB 35.2 own_GiB 3.20 psi 0.0
[  1203s] started OBJB_A0|lit|rule|raw|UAFE seed 11 pid 1414037 avail_GiB 34.7 own_GiB 3.21 psi 0.0
[  1294s] finished OBJB_A0|lit|rule|raw|UAFE seed 8 rc 0 avail_GiB 31.7 own_GiB 3.27 psi 0.0
[  1295s] started OBJB_A0|lit|rule|raw|UAFE seed 12 pid 1414669 avail_GiB 31.7 own_GiB 3.28 psi 0.0
[  1300s] finished OBJB_A0|lit|rule|raw|UAFE seed 9 rc 0 avail_GiB 33.0 own_GiB 3.24 psi 0.0
[  1300s] started OBJB_A0|lit|rule|raw|UAFE seed 13 pid 1414716 avail_GiB 33.3 own_GiB 3.25 psi 0.0
[  1310s] finished OBJB_A0|lit|rule|raw|UAFE seed 10 rc 0 avail_GiB 35.5 own_GiB 3.23 psi 0.0
[  1310s] started OBJB_A0|lit|rule|raw|UAFE seed 14 pid 1414783 avail_GiB 35.7 own_GiB 3.23 psi 0.0
[  1316s] finished OBJB_A0|lit|rule|raw|UAFE seed 11 rc 0 avail_GiB 31.8 own_GiB 3.20 psi 0.0
[  1316s] started OBJB_A0|lit|rule|raw|UAFE seed 15 pid 1414813 avail_GiB 32.1 own_GiB 3.21 psi 0.0
[  1407s] finished OBJB_A0|lit|rule|raw|UAFE seed 12 rc 0 avail_GiB 35.6 own_GiB 3.27 psi 0.0
[  1407s] started OBJB_A0|lit|rule|raw|UAFE seed 16 pid 1415530 avail_GiB 35.5 own_GiB 3.28 psi 0.0
[  1418s] finished OBJB_A0|lit|rule|raw|UAFE seed 13 rc 0 avail_GiB 33.9 own_GiB 3.25 psi 0.0
[  1418s] started OBJB_A0|lit|rule|raw|UAFE seed 17 pid 1415633 avail_GiB 34.2 own_GiB 3.26 psi 0.0
[  1428s] finished OBJB_A0|lit|rule|raw|UAFE seed 14 rc 0 avail_GiB 32.0 own_GiB 3.23 psi 0.0
[  1428s] started OBJB_A0|lit|rule|raw|UAFE seed 18 pid 1415704 avail_GiB 32.1 own_GiB 3.24 psi 0.0
[  1433s] finished OBJB_A0|lit|rule|raw|UAFE seed 15 rc 0 avail_GiB 33.3 own_GiB 3.21 psi 0.0
[  1433s] started OBJB_A0|lit|rule|raw|UAFE seed 19 pid 1415730 avail_GiB 33.0 own_GiB 3.21 psi 0.0
[  1520s] finished OBJB_A0|lit|rule|raw|UAFE seed 16 rc 0 avail_GiB 32.1 own_GiB 3.27 psi 0.0
[  1520s] started OBJB_A0|lit|rule|raw|UAFE seed 20 pid 1416343 avail_GiB 31.9 own_GiB 3.28 psi 0.0
[  1530s] finished OBJB_A0|lit|rule|raw|UAFE seed 17 rc 0 avail_GiB 33.0 own_GiB 3.25 psi 0.0
[  1530s] started OBJB_A0|lit|rule|raw|UAFE seed 21 pid 1416402 avail_GiB 33.0 own_GiB 3.26 psi 0.0
[  1540s] finished OBJB_A0|lit|rule|raw|UAFE seed 18 rc 0 avail_GiB 34.6 own_GiB 3.23 psi 0.0
[  1541s] started OBJB_A0|lit|rule|raw|UAFE seed 22 pid 1416482 avail_GiB 34.2 own_GiB 3.24 psi 0.0
[  1546s] finished OBJB_A0|lit|rule|raw|UAFE seed 19 rc 0 avail_GiB 32.0 own_GiB 3.20 psi 0.0
[  1546s] started OBJB_A0|lit|rule|raw|UAFE seed 23 pid 1416510 avail_GiB 31.8 own_GiB 3.21 psi 0.0
[  1637s] finished OBJB_A0|lit|rule|raw|UAFE seed 20 rc 0 avail_GiB 35.5 own_GiB 3.27 psi 0.0
[  1637s] started OBJB_A0|lit|rule|raw|UAFE seed 24 pid 1417113 avail_GiB 35.2 own_GiB 3.28 psi 0.0
[  1642s] finished OBJB_A0|lit|rule|raw|UAFE seed 21 rc 0 avail_GiB 31.9 own_GiB 3.24 psi 0.0
[  1643s] started OBJB_A0|lit|rule|raw|UAFE seed 25 pid 1417164 avail_GiB 32.0 own_GiB 3.25 psi 0.0
[  1658s] finished OBJB_A0|lit|rule|raw|UAFE seed 22 rc 0 avail_GiB 32.6 own_GiB 3.17 psi 0.0
[  1658s] started OBJB_A0|lit|rule|raw|UAFE seed 26 pid 1417275 avail_GiB 32.6 own_GiB 3.18 psi 0.0
[  1658s] finished OBJB_A0|lit|rule|raw|UAFE seed 23 rc 0 avail_GiB 32.4 own_GiB 3.19 psi 0.0
[  1658s] started OBJB_A0|lit|rule|raw|UAFE seed 27 pid 1417277 avail_GiB 32.4 own_GiB 3.21 psi 0.0
[  1755s] finished OBJB_A0|lit|rule|raw|UAFE seed 24 rc 0 avail_GiB 32.4 own_GiB 3.21 psi 0.0
[  1755s] started OBJB_A0|lit|rule|raw|UAFE seed 28 pid 1417914 avail_GiB 32.5 own_GiB 3.22 psi 0.0
[  1755s] finished OBJB_A0|lit|rule|raw|UAFE seed 25 rc 0 avail_GiB 32.5 own_GiB 3.23 psi 0.0
[  1755s] started OBJB_A0|lit|rule|raw|UAFE seed 29 pid 1417916 avail_GiB 32.5 own_GiB 3.25 psi 0.0
[  1770s] finished OBJB_A0|lit|rule|raw|UAFE seed 26 rc 0 avail_GiB 34.0 own_GiB 3.17 psi 0.0
[  1770s] started OBJB_A0|lit|rule|raw|UAFE seed 30 pid 1418038 avail_GiB 33.9 own_GiB 3.18 psi 0.0
[  1770s] finished OBJB_A0|lit|rule|raw|UAFE seed 27 rc 0 avail_GiB 33.7 own_GiB 3.19 psi 0.0
[  1771s] started OBJB_A0|lit|rule|raw|UAFE seed 31 pid 1418039 avail_GiB 34.1 own_GiB 3.21 psi 0.0
[  1867s] finished OBJB_A0|lit|rule|raw|UAFE seed 28 rc 0 avail_GiB 34.4 own_GiB 3.21 psi 0.0
[  1867s] started OBJB_A0|scaled|rule|raw|UAFE|fee_x1.25 seed 0 pid 1418709 avail_GiB 34.3 own_GiB 3.22 psi 0.0
[  1867s] finished OBJB_A0|lit|rule|raw|UAFE seed 29 rc 0 avail_GiB 34.2 own_GiB 3.23 psi 0.0
[  1867s] started OBJB_A0|scaled|rule|raw|UAFE|fee_x1.25 seed 1 pid 1418720 avail_GiB 34.0 own_GiB 3.25 psi 0.0
[  1883s] finished OBJB_A0|lit|rule|raw|UAFE seed 30 rc 0 avail_GiB 33.3 own_GiB 3.23 psi 0.0
[  1883s] started OBJB_A0|scaled|rule|raw|UAFE|fee_x1.25 seed 2 pid 1418815 avail_GiB 33.3 own_GiB 3.25 psi 0.0
[  1890s] aggregated OBJB_A0|lit|rule|raw|UAFE
[  1891s] finished OBJB_A0|lit|rule|raw|UAFE seed 31 rc 0 avail_GiB 33.3 own_GiB 3.32 psi 0.0
[  1891s] started OBJB_A0|scaled|rule|raw|UAFE|fee_x1.25 seed 3 pid 1418856 avail_GiB 33.4 own_GiB 3.33 psi 0.0
[  1982s] finished OBJB_A0|scaled|rule|raw|UAFE|fee_x1.25 seed 0 rc 0 avail_GiB 31.9 own_GiB 3.37 psi 0.0
[  1982s] started OBJB_A0|scaled|rule|raw|UAFE|fee_x1.25 seed 4 pid 1419505 avail_GiB 31.9 own_GiB 3.38 psi 0.0
[  1987s] finished OBJB_A0|scaled|rule|raw|UAFE|fee_x1.25 seed 1 rc 0 avail_GiB 32.8 own_GiB 3.34 psi 0.0
[  1987s] started OBJB_A0|scaled|rule|raw|UAFE|fee_x1.25 seed 5 pid 1419542 avail_GiB 32.7 own_GiB 3.35 psi 0.0
[  1998s] finished OBJB_A0|scaled|rule|raw|UAFE|fee_x1.25 seed 2 rc 0 avail_GiB 31.9 own_GiB 3.23 psi 0.0
[  1998s] started OBJB_A0|scaled|rule|raw|UAFE|fee_x1.25 seed 6 pid 1419602 avail_GiB 32.3 own_GiB 3.24 psi 0.0
[  2008s] finished OBJB_A0|scaled|rule|raw|UAFE|fee_x1.25 seed 3 rc 0 avail_GiB 32.8 own_GiB 3.21 psi 0.0
[  2008s] started OBJB_A0|scaled|rule|raw|UAFE|fee_x1.25 seed 7 pid 1419660 avail_GiB 32.8 own_GiB 3.22 psi 0.0
[  2100s] finished OBJB_A0|scaled|rule|raw|UAFE|fee_x1.25 seed 4 rc 0 avail_GiB 33.1 own_GiB 3.27 psi 0.0
[  2100s] started OBJB_A0|scaled|rule|raw|UAFE|fee_x1.25 seed 8 pid 1420317 avail_GiB 33.2 own_GiB 3.28 psi 0.0
[  2105s] finished OBJB_A0|scaled|rule|raw|UAFE|fee_x1.25 seed 5 rc 0 avail_GiB 32.3 own_GiB 3.24 psi 0.0
[  2105s] started OBJB_A0|scaled|rule|raw|UAFE|fee_x1.25 seed 9 pid 1420355 avail_GiB 32.3 own_GiB 3.26 psi 0.0
[  2115s] finished OBJB_A0|scaled|rule|raw|UAFE|fee_x1.25 seed 6 rc 0 avail_GiB 32.6 own_GiB 3.23 psi 0.0
[  2115s] started OBJB_A0|scaled|rule|raw|UAFE|fee_x1.25 seed 10 pid 1420412 avail_GiB 32.3 own_GiB 3.24 psi 0.0
[  2126s] finished OBJB_A0|scaled|rule|raw|UAFE|fee_x1.25 seed 7 rc 0 avail_GiB 33.0 own_GiB 3.21 psi 0.0
[  2126s] started OBJB_A0|scaled|rule|raw|UAFE|fee_x1.25 seed 11 pid 1420481 avail_GiB 33.2 own_GiB 3.22 psi 0.0
[  2217s] finished OBJB_A0|scaled|rule|raw|UAFE|fee_x1.25 seed 8 rc 0 avail_GiB 33.5 own_GiB 3.27 psi 0.0
[  2217s] started OBJB_A0|scaled|rule|raw|UAFE|fee_x1.25 seed 12 pid 1421130 avail_GiB 33.4 own_GiB 3.28 psi 0.0
[  2227s] finished OBJB_A0|scaled|rule|raw|UAFE|fee_x1.25 seed 9 rc 0 avail_GiB 32.1 own_GiB 3.25 psi 0.0
[  2228s] started OBJB_A0|scaled|rule|raw|UAFE|fee_x1.25 seed 13 pid 1421211 avail_GiB 32.1 own_GiB 3.26 psi 0.0
[  2233s] finished OBJB_A0|scaled|rule|raw|UAFE|fee_x1.25 seed 10 rc 0 avail_GiB 34.2 own_GiB 3.22 psi 0.0
[  2233s] started OBJB_A0|scaled|rule|raw|UAFE|fee_x1.25 seed 14 pid 1421243 avail_GiB 33.9 own_GiB 3.24 psi 0.0
[  2248s] finished OBJB_A0|scaled|rule|raw|UAFE|fee_x1.25 seed 11 rc 0 avail_GiB 33.8 own_GiB 3.21 psi 0.0
[  2248s] started OBJB_A0|scaled|rule|raw|UAFE|fee_x1.25 seed 15 pid 1421339 avail_GiB 33.3 own_GiB 3.23 psi 0.0
[  2335s] finished OBJB_A0|scaled|rule|raw|UAFE|fee_x1.25 seed 12 rc 0 avail_GiB 32.4 own_GiB 3.27 psi 0.0
[  2335s] started OBJB_A0|scaled|rule|raw|UAFE|fee_x1.25 seed 16 pid 1421958 avail_GiB 32.3 own_GiB 3.28 psi 0.0
[  2350s] finished OBJB_A0|scaled|rule|raw|UAFE|fee_x1.25 seed 13 rc 0 avail_GiB 33.2 own_GiB 3.19 psi 0.0
[  2350s] started OBJB_A0|scaled|rule|raw|UAFE|fee_x1.25 seed 17 pid 1422074 avail_GiB 33.2 own_GiB 3.20 psi 0.0
[  2350s] finished OBJB_A0|scaled|rule|raw|UAFE|fee_x1.25 seed 14 rc 0 avail_GiB 33.1 own_GiB 3.21 psi 0.0
[  2350s] started OBJB_A0|scaled|rule|raw|UAFE|fee_x1.25 seed 18 pid 1422082 avail_GiB 33.1 own_GiB 3.23 psi 0.0
[  2371s] finished OBJB_A0|scaled|rule|raw|UAFE|fee_x1.25 seed 15 rc 0 avail_GiB 32.8 own_GiB 3.22 psi 0.0
[  2371s] started OBJB_A0|scaled|rule|raw|UAFE|fee_x1.25 seed 19 pid 1422207 avail_GiB 32.9 own_GiB 3.22 psi 0.0
[  2452s] finished OBJB_A0|scaled|rule|raw|UAFE|fee_x1.25 seed 16 rc 0 avail_GiB 33.5 own_GiB 3.27 psi 0.0
[  2452s] started OBJB_A0|scaled|rule|raw|UAFE|fee_x1.25 seed 20 pid 1422760 avail_GiB 32.9 own_GiB 3.28 psi 0.0
[  2468s] finished OBJB_A0|scaled|rule|raw|UAFE|fee_x1.25 seed 17 rc 0 avail_GiB 33.2 own_GiB 3.19 psi 0.0
[  2468s] started OBJB_A0|scaled|rule|raw|UAFE|fee_x1.25 seed 21 pid 1422893 avail_GiB 32.8 own_GiB 3.20 psi 0.0
[  2468s] finished OBJB_A0|scaled|rule|raw|UAFE|fee_x1.25 seed 18 rc 0 avail_GiB 32.7 own_GiB 3.21 psi 0.0
[  2468s] started OBJB_A0|scaled|rule|raw|UAFE|fee_x1.25 seed 22 pid 1422896 avail_GiB 32.6 own_GiB 3.23 psi 0.0
[  2488s] finished OBJB_A0|scaled|rule|raw|UAFE|fee_x1.25 seed 19 rc 0 avail_GiB 34.3 own_GiB 3.22 psi 0.0
[  2489s] started OBJB_A0|scaled|rule|raw|UAFE|fee_x1.25 seed 23 pid 1423045 avail_GiB 34.2 own_GiB 3.23 psi 0.0
[  2565s] finished OBJB_A0|scaled|rule|raw|UAFE|fee_x1.25 seed 20 rc 0 avail_GiB 33.6 own_GiB 3.26 psi 0.0
[  2565s] started OBJB_A0|scaled|rule|raw|UAFE|fee_x1.25 seed 24 pid 1423577 avail_GiB 33.0 own_GiB 3.28 psi 0.0
[  2585s] finished OBJB_A0|scaled|rule|raw|UAFE|fee_x1.25 seed 21 rc 0 avail_GiB 33.4 own_GiB 3.19 psi 0.0
[  2585s] started OBJB_A0|scaled|rule|raw|UAFE|fee_x1.25 seed 25 pid 1423737 avail_GiB 32.9 own_GiB 3.20 psi 0.0
[  2585s] finished OBJB_A0|scaled|rule|raw|UAFE|fee_x1.25 seed 22 rc 0 avail_GiB 32.9 own_GiB 3.22 psi 0.0
[  2586s] started OBJB_A0|scaled|rule|raw|UAFE|fee_x1.25 seed 26 pid 1423738 avail_GiB 32.3 own_GiB 3.23 psi 0.0
[  2606s] finished OBJB_A0|scaled|rule|raw|UAFE|fee_x1.25 seed 23 rc 0 avail_GiB 31.8 own_GiB 3.22 psi 0.0
[  2606s] started OBJB_A0|scaled|rule|raw|UAFE|fee_x1.25 seed 27 pid 1423886 avail_GiB 31.7 own_GiB 3.23 psi 0.0
[  2682s] finished OBJB_A0|scaled|rule|raw|UAFE|fee_x1.25 seed 24 rc 0 avail_GiB 33.6 own_GiB 3.26 psi 0.0
[  2682s] started OBJB_A0|scaled|rule|raw|UAFE|fee_x1.25 seed 28 pid 1424399 avail_GiB 33.0 own_GiB 3.28 psi 0.0
[  2703s] finished OBJB_A0|scaled|rule|raw|UAFE|fee_x1.25 seed 26 rc 0 avail_GiB 31.9 own_GiB 3.25 psi 0.0
[  2703s] started OBJB_A0|scaled|rule|raw|UAFE|fee_x1.25 seed 29 pid 1424567 avail_GiB 31.8 own_GiB 3.26 psi 0.0
[  2708s] finished OBJB_A0|scaled|rule|raw|UAFE|fee_x1.25 seed 25 rc 0 avail_GiB 33.6 own_GiB 3.23 psi 0.0
[  2708s] started OBJB_A0|scaled|rule|raw|UAFE|fee_x1.25 seed 30 pid 1424622 avail_GiB 33.4 own_GiB 3.24 psi 0.0
[  2723s] finished OBJB_A0|scaled|rule|raw|UAFE|fee_x1.25 seed 27 rc 0 avail_GiB 33.0 own_GiB 3.22 psi 0.0
[  2724s] started OBJB_A0|scaled|rule|raw|UAFE|fee_x1.25 seed 31 pid 1424764 avail_GiB 32.8 own_GiB 3.23 psi 0.0
[  2800s] finished OBJB_A0|scaled|rule|raw|UAFE|fee_x1.25 seed 28 rc 0 avail_GiB 31.9 own_GiB 3.26 psi 0.0
[  2800s] started OBJB_A0|scaled|rule|raw|UAFE|slip_x1.5 seed 0 pid 1425330 avail_GiB 31.6 own_GiB 3.28 psi 0.0
[  2825s] finished OBJB_A0|scaled|rule|raw|UAFE|fee_x1.25 seed 29 rc 0 avail_GiB 32.0 own_GiB 3.20 psi 0.0
[  2826s] started OBJB_A0|scaled|rule|raw|UAFE|slip_x1.5 seed 1 pid 1425497 avail_GiB 32.1 own_GiB 3.20 psi 0.0
[  2826s] finished OBJB_A0|scaled|rule|raw|UAFE|fee_x1.25 seed 30 rc 0 avail_GiB 32.0 own_GiB 3.22 psi 0.0
[  2826s] started OBJB_A0|scaled|rule|raw|UAFE|slip_x1.5 seed 2 pid 1425499 avail_GiB 31.9 own_GiB 3.24 psi 0.0
[  2843s] aggregated OBJB_A0|scaled|rule|raw|UAFE|fee_x1.25
[  2843s] finished OBJB_A0|scaled|rule|raw|UAFE|fee_x1.25 seed 31 rc 0 avail_GiB 33.6 own_GiB 3.33 psi 0.0
[  2844s] started OBJB_A0|scaled|rule|raw|UAFE|slip_x1.5 seed 3 pid 1425636 avail_GiB 34.3 own_GiB 3.33 psi 0.0
[  2920s] finished OBJB_A0|scaled|rule|raw|UAFE|slip_x1.5 seed 0 rc 0 avail_GiB 33.3 own_GiB 3.36 psi 0.0
[  2920s] started OBJB_A0|scaled|rule|raw|UAFE|slip_x1.5 seed 4 pid 1426197 avail_GiB 33.3 own_GiB 3.37 psi 0.0
[  2940s] finished OBJB_A0|scaled|rule|raw|UAFE|slip_x1.5 seed 2 rc 0 avail_GiB 32.5 own_GiB 3.35 psi 0.0
[  2940s] started OBJB_A0|scaled|rule|raw|UAFE|slip_x1.5 seed 5 pid 1426344 avail_GiB 32.1 own_GiB 3.36 psi 0.0
[  2945s] finished OBJB_A0|scaled|rule|raw|UAFE|slip_x1.5 seed 1 rc 0 avail_GiB 32.7 own_GiB 3.23 psi 0.0
[  2946s] started OBJB_A0|scaled|rule|raw|UAFE|slip_x1.5 seed 6 pid 1426388 avail_GiB 32.6 own_GiB 3.24 psi 0.0
[  2961s] finished OBJB_A0|scaled|rule|raw|UAFE|slip_x1.5 seed 3 rc 0 avail_GiB 32.6 own_GiB 3.22 psi 0.0
[  2961s] started OBJB_A0|scaled|rule|raw|UAFE|slip_x1.5 seed 7 pid 1426512 avail_GiB 32.5 own_GiB 3.22 psi 0.0
[  3037s] finished OBJB_A0|scaled|rule|raw|UAFE|slip_x1.5 seed 4 rc 0 avail_GiB 32.3 own_GiB 3.26 psi 0.0
[  3037s] started OBJB_A0|scaled|rule|raw|UAFE|slip_x1.5 seed 8 pid 1427092 avail_GiB 32.0 own_GiB 3.27 psi 0.0
[  3063s] finished OBJB_A0|scaled|rule|raw|UAFE|slip_x1.5 seed 5 rc 0 avail_GiB 33.3 own_GiB 3.20 psi 0.0
[  3063s] started OBJB_A0|scaled|rule|raw|UAFE|slip_x1.5 seed 9 pid 1427296 avail_GiB 33.0 own_GiB 3.21 psi 0.0
[  3063s] finished OBJB_A0|scaled|rule|raw|UAFE|slip_x1.5 seed 6 rc 0 avail_GiB 32.9 own_GiB 3.21 psi 0.0
[  3063s] started OBJB_A0|scaled|rule|raw|UAFE|slip_x1.5 seed 10 pid 1427297 avail_GiB 33.0 own_GiB 3.23 psi 0.0
[  3078s] finished OBJB_A0|scaled|rule|raw|UAFE|slip_x1.5 seed 7 rc 0 avail_GiB 32.6 own_GiB 3.22 psi 0.0
[  3078s] started OBJB_A0|scaled|rule|raw|UAFE|slip_x1.5 seed 11 pid 1427383 avail_GiB 32.7 own_GiB 3.22 psi 0.0
[  3155s] finished OBJB_A0|scaled|rule|raw|UAFE|slip_x1.5 seed 8 rc 0 avail_GiB 32.9 own_GiB 3.26 psi 0.0
[  3155s] started OBJB_A0|scaled|rule|raw|UAFE|slip_x1.5 seed 12 pid 1427933 avail_GiB 32.6 own_GiB 3.27 psi 0.0
[  3180s] finished OBJB_A0|scaled|rule|raw|UAFE|slip_x1.5 seed 9 rc 0 avail_GiB 32.2 own_GiB 3.20 psi 0.0
[  3180s] started OBJB_A0|scaled|rule|raw|UAFE|slip_x1.5 seed 13 pid 1428122 avail_GiB 32.1 own_GiB 3.21 psi 0.0
[  3180s] finished OBJB_A0|scaled|rule|raw|UAFE|slip_x1.5 seed 10 rc 0 avail_GiB 32.1 own_GiB 3.21 psi 0.0
[  3180s] started OBJB_A0|scaled|rule|raw|UAFE|slip_x1.5 seed 14 pid 1428125 avail_GiB 32.1 own_GiB 3.23 psi 0.0
[  3196s] finished OBJB_A0|scaled|rule|raw|UAFE|slip_x1.5 seed 11 rc 0 avail_GiB 33.1 own_GiB 3.21 psi 0.0
[  3196s] started OBJB_A0|scaled|rule|raw|UAFE|slip_x1.5 seed 15 pid 1428221 avail_GiB 33.1 own_GiB 3.22 psi 0.0
[  3272s] finished OBJB_A0|scaled|rule|raw|UAFE|slip_x1.5 seed 12 rc 0 avail_GiB 33.2 own_GiB 3.26 psi 0.0
[  3272s] started OBJB_A0|scaled|rule|raw|UAFE|slip_x1.5 seed 16 pid 1428776 avail_GiB 33.2 own_GiB 3.27 psi 0.0
[  3298s] finished OBJB_A0|scaled|rule|raw|UAFE|slip_x1.5 seed 14 rc 0 avail_GiB 32.5 own_GiB 3.09 psi 0.0
[  3298s] started OBJB_A0|scaled|rule|raw|UAFE|slip_x1.5 seed 17 pid 1428987 avail_GiB 32.4 own_GiB 3.21 psi 0.0
[  3298s] finished OBJB_A0|scaled|rule|raw|UAFE|slip_x1.5 seed 13 rc 0 avail_GiB 32.5 own_GiB 3.21 psi 0.0
[  3298s] started OBJB_A0|scaled|rule|raw|UAFE|slip_x1.5 seed 18 pid 1428988 avail_GiB 32.6 own_GiB 3.23 psi 0.0
[  3313s] finished OBJB_A0|scaled|rule|raw|UAFE|slip_x1.5 seed 15 rc 0 avail_GiB 32.2 own_GiB 3.22 psi 0.0
[  3313s] started OBJB_A0|scaled|rule|raw|UAFE|slip_x1.5 seed 19 pid 1429100 avail_GiB 32.2 own_GiB 3.22 psi 0.0
[  3390s] finished OBJB_A0|scaled|rule|raw|UAFE|slip_x1.5 seed 16 rc 0 avail_GiB 33.7 own_GiB 3.26 psi 0.0
[  3390s] started OBJB_A0|scaled|rule|raw|UAFE|slip_x1.5 seed 20 pid 1429627 avail_GiB 33.8 own_GiB 3.27 psi 0.0
[  3415s] finished OBJB_A0|scaled|rule|raw|UAFE|slip_x1.5 seed 17 rc 0 avail_GiB 33.8 own_GiB 3.20 psi 0.0
[  3415s] started OBJB_A0|scaled|rule|raw|UAFE|slip_x1.5 seed 21 pid 1429808 avail_GiB 34.0 own_GiB 3.21 psi 0.0
[  3415s] finished OBJB_A0|scaled|rule|raw|UAFE|slip_x1.5 seed 18 rc 0 avail_GiB 34.1 own_GiB 3.21 psi 0.0
[  3416s] started OBJB_A0|scaled|rule|raw|UAFE|slip_x1.5 seed 22 pid 1429829 avail_GiB 33.7 own_GiB 3.23 psi 0.0
[  3431s] finished OBJB_A0|scaled|rule|raw|UAFE|slip_x1.5 seed 19 rc 0 avail_GiB 33.0 own_GiB 3.21 psi 0.0
[  3431s] started OBJB_A0|scaled|rule|raw|UAFE|slip_x1.5 seed 23 pid 1429973 avail_GiB 33.5 own_GiB 3.22 psi 0.0
[  3507s] finished OBJB_A0|scaled|rule|raw|UAFE|slip_x1.5 seed 20 rc 0 avail_GiB 32.6 own_GiB 3.26 psi 0.0
[  3507s] started OBJB_A0|scaled|rule|raw|UAFE|slip_x1.5 seed 24 pid 1430463 avail_GiB 32.3 own_GiB 3.27 psi 0.0
[  3533s] finished OBJB_A0|scaled|rule|raw|UAFE|slip_x1.5 seed 21 rc 0 avail_GiB 32.4 own_GiB 3.26 psi 0.0
[  3533s] started OBJB_A0|scaled|rule|raw|UAFE|slip_x1.5 seed 25 pid 1430671 avail_GiB 32.2 own_GiB 3.26 psi 0.0
[  3538s] finished OBJB_A0|scaled|rule|raw|UAFE|slip_x1.5 seed 22 rc 0 avail_GiB 34.0 own_GiB 3.23 psi 0.0
[  3538s] started OBJB_A0|scaled|rule|raw|UAFE|slip_x1.5 seed 26 pid 1430713 avail_GiB 33.9 own_GiB 3.24 psi 0.0
[  3549s] finished OBJB_A0|scaled|rule|raw|UAFE|slip_x1.5 seed 23 rc 0 avail_GiB 32.5 own_GiB 3.21 psi 0.0
[  3549s] started OBJB_A0|scaled|rule|raw|UAFE|slip_x1.5 seed 27 pid 1430817 avail_GiB 32.8 own_GiB 3.22 psi 0.0
[  3625s] finished OBJB_A0|scaled|rule|raw|UAFE|slip_x1.5 seed 24 rc 0 avail_GiB 32.6 own_GiB 3.26 psi 0.0
[  3625s] started OBJB_A0|scaled|rule|raw|UAFE|slip_x1.5 seed 28 pid 1431384 avail_GiB 32.8 own_GiB 3.27 psi 0.0
[  3650s] finished OBJB_A0|scaled|rule|raw|UAFE|slip_x1.5 seed 25 rc 0 avail_GiB 32.6 own_GiB 3.20 psi 0.0
[  3650s] started OBJB_A0|scaled|rule|raw|UAFE|slip_x1.5 seed 29 pid 1431565 avail_GiB 32.6 own_GiB 3.21 psi 0.0
[  3651s] finished OBJB_A0|scaled|rule|raw|UAFE|slip_x1.5 seed 26 rc 0 avail_GiB 32.6 own_GiB 3.21 psi 0.0
[  3651s] started OBJB_A0|scaled|rule|raw|UAFE|slip_x1.5 seed 30 pid 1431566 avail_GiB 32.5 own_GiB 3.23 psi 0.0
[  3666s] finished OBJB_A0|scaled|rule|raw|UAFE|slip_x1.5 seed 27 rc 0 avail_GiB 32.5 own_GiB 3.22 psi 0.0
[  3666s] started OBJB_A0|scaled|rule|raw|UAFE|slip_x1.5 seed 31 pid 1431675 avail_GiB 32.5 own_GiB 3.22 psi 0.0
[  3742s] finished OBJB_A0|scaled|rule|raw|UAFE|slip_x1.5 seed 28 rc 0 avail_GiB 31.7 own_GiB 3.26 psi 0.0
[  3743s] started OBJB_A0|scaled|rule|raw|UAFE|fill_x0.9 seed 0 pid 1432258 avail_GiB 32.2 own_GiB 3.27 psi 0.0
[  3768s] finished OBJB_A0|scaled|rule|raw|UAFE|slip_x1.5 seed 29 rc 0 avail_GiB 32.5 own_GiB 3.20 psi 0.0
[  3768s] started OBJB_A0|scaled|rule|raw|UAFE|fill_x0.9 seed 1 pid 1432402 avail_GiB 32.4 own_GiB 3.20 psi 0.0
[  3768s] finished OBJB_A0|scaled|rule|raw|UAFE|slip_x1.5 seed 30 rc 0 avail_GiB 32.5 own_GiB 3.21 psi 0.0
[  3768s] started OBJB_A0|scaled|rule|raw|UAFE|fill_x0.9 seed 2 pid 1432405 avail_GiB 32.2 own_GiB 3.23 psi 0.0
[  3786s] aggregated OBJB_A0|scaled|rule|raw|UAFE|slip_x1.5
[  3786s] finished OBJB_A0|scaled|rule|raw|UAFE|slip_x1.5 seed 31 rc 0 avail_GiB 33.1 own_GiB 3.32 psi 0.0
[  3786s] started OBJB_A0|scaled|rule|raw|UAFE|fill_x0.9 seed 3 pid 1432548 avail_GiB 33.3 own_GiB 3.33 psi 0.0
[  3862s] finished OBJB_A0|scaled|rule|raw|UAFE|fill_x0.9 seed 0 rc 0 avail_GiB 32.2 own_GiB 3.36 psi 0.0
[  3862s] started OBJB_A0|scaled|rule|raw|UAFE|fill_x0.9 seed 4 pid 1433118 avail_GiB 32.2 own_GiB 3.37 psi 0.0
[  3888s] finished OBJB_A0|scaled|rule|raw|UAFE|fill_x0.9 seed 1 rc 0 avail_GiB 32.3 own_GiB 3.20 psi 0.0
[  3888s] started OBJB_A0|scaled|rule|raw|UAFE|fill_x0.9 seed 5 pid 1433280 avail_GiB 32.1 own_GiB 3.21 psi 0.0
[  3888s] finished OBJB_A0|scaled|rule|raw|UAFE|fill_x0.9 seed 2 rc 0 avail_GiB 32.1 own_GiB 3.21 psi 0.0
[  3888s] started OBJB_A0|scaled|rule|raw|UAFE|fill_x0.9 seed 6 pid 1433285 avail_GiB 32.2 own_GiB 3.23 psi 0.0
[  3903s] finished OBJB_A0|scaled|rule|raw|UAFE|fill_x0.9 seed 3 rc 0 avail_GiB 31.8 own_GiB 3.22 psi 0.0
[  3904s] started OBJB_A0|scaled|rule|raw|UAFE|fill_x0.9 seed 7 pid 1433414 avail_GiB 31.8 own_GiB 3.22 psi 0.0
[  3980s] finished OBJB_A0|scaled|rule|raw|UAFE|fill_x0.9 seed 4 rc 0 avail_GiB 32.4 own_GiB 3.26 psi 0.0
[  3980s] started OBJB_A0|scaled|rule|raw|UAFE|fill_x0.9 seed 8 pid 1433950 avail_GiB 32.4 own_GiB 3.27 psi 0.0
[  4005s] finished OBJB_A0|scaled|rule|raw|UAFE|fill_x0.9 seed 5 rc 0 avail_GiB 34.6 own_GiB 3.20 psi 0.0
[  4005s] started OBJB_A0|scaled|rule|raw|UAFE|fill_x0.9 seed 9 pid 1434129 avail_GiB 34.3 own_GiB 3.21 psi 0.0
[  4005s] finished OBJB_A0|scaled|rule|raw|UAFE|fill_x0.9 seed 6 rc 0 avail_GiB 34.3 own_GiB 3.21 psi 0.0
[  4006s] started OBJB_A0|scaled|rule|raw|UAFE|fill_x0.9 seed 10 pid 1434130 avail_GiB 35.0 own_GiB 3.23 psi 0.0
[  4016s] finished OBJB_A0|scaled|rule|raw|UAFE|fill_x0.9 seed 7 rc 0 avail_GiB 33.7 own_GiB 3.21 psi 0.0
[  4016s] started OBJB_A0|scaled|rule|raw|UAFE|fill_x0.9 seed 11 pid 1434209 avail_GiB 33.3 own_GiB 3.22 psi 0.0
[  4097s] finished OBJB_A0|scaled|rule|raw|UAFE|fill_x0.9 seed 8 rc 0 avail_GiB 32.2 own_GiB 3.27 psi 0.0
[  4097s] started OBJB_A0|scaled|rule|raw|UAFE|fill_x0.9 seed 12 pid 1434784 avail_GiB 32.9 own_GiB 3.27 psi 0.0
[  4123s] finished OBJB_A0|scaled|rule|raw|UAFE|fill_x0.9 seed 9 rc 0 avail_GiB 32.3 own_GiB 3.20 psi 0.0
[  4123s] started OBJB_A0|scaled|rule|raw|UAFE|fill_x0.9 seed 13 pid 1434986 avail_GiB 32.3 own_GiB 3.21 psi 0.0
[  4123s] finished OBJB_A0|scaled|rule|raw|UAFE|fill_x0.9 seed 10 rc 0 avail_GiB 32.5 own_GiB 3.21 psi 0.0
[  4123s] started OBJB_A0|scaled|rule|raw|UAFE|fill_x0.9 seed 14 pid 1434987 avail_GiB 32.5 own_GiB 3.23 psi 0.0
[  4128s] finished OBJB_A0|scaled|rule|raw|UAFE|fill_x0.9 seed 11 rc 0 avail_GiB 33.8 own_GiB 3.20 psi 0.0
[  4128s] started OBJB_A0|scaled|rule|raw|UAFE|fill_x0.9 seed 15 pid 1435015 avail_GiB 33.5 own_GiB 3.21 psi 0.0
[  4210s] finished OBJB_A0|scaled|rule|raw|UAFE|fill_x0.9 seed 12 rc 0 avail_GiB 32.5 own_GiB 3.26 psi 0.0
[  4210s] started OBJB_A0|scaled|rule|raw|UAFE|fill_x0.9 seed 16 pid 1435616 avail_GiB 32.4 own_GiB 3.27 psi 0.0
[  4240s] finished OBJB_A0|scaled|rule|raw|UAFE|fill_x0.9 seed 13 rc 0 avail_GiB 34.4 own_GiB 3.14 psi 0.0
[  4241s] started OBJB_A0|scaled|rule|raw|UAFE|fill_x0.9 seed 17 pid 1435843 avail_GiB 34.4 own_GiB 3.15 psi 0.0
[  4241s] finished OBJB_A0|scaled|rule|raw|UAFE|fill_x0.9 seed 14 rc 0 avail_GiB 34.1 own_GiB 3.16 psi 0.0
[  4241s] started OBJB_A0|scaled|rule|raw|UAFE|fill_x0.9 seed 18 pid 1435846 avail_GiB 34.0 own_GiB 3.17 psi 0.0
[  4241s] finished OBJB_A0|scaled|rule|raw|UAFE|fill_x0.9 seed 15 rc 0 avail_GiB 33.8 own_GiB 3.18 psi 0.0
[  4241s] started OBJB_A0|scaled|rule|raw|UAFE|fill_x0.9 seed 19 pid 1435847 avail_GiB 33.3 own_GiB 3.19 psi 0.0
[  4327s] finished OBJB_A0|scaled|rule|raw|UAFE|fill_x0.9 seed 16 rc 0 avail_GiB 33.3 own_GiB 3.26 psi 0.0
[  4327s] started OBJB_A0|scaled|rule|raw|UAFE|fill_x0.9 seed 20 pid 1436465 avail_GiB 33.2 own_GiB 3.27 psi 0.0
[  4358s] finished OBJB_A0|scaled|rule|raw|UAFE|fill_x0.9 seed 17 rc 0 avail_GiB 31.7 own_GiB 3.14 psi 0.0
[  4358s] started OBJB_A0|scaled|rule|raw|UAFE|fill_x0.9 seed 21 pid 1436697 avail_GiB 31.7 own_GiB 3.15 psi 0.0
[  4358s] finished OBJB_A0|scaled|rule|raw|UAFE|fill_x0.9 seed 18 rc 0 avail_GiB 31.8 own_GiB 3.16 psi 0.0
[  4358s] started OBJB_A0|scaled|rule|raw|UAFE|fill_x0.9 seed 22 pid 1436699 avail_GiB 32.0 own_GiB 3.17 psi 0.0
[  4358s] finished OBJB_A0|scaled|rule|raw|UAFE|fill_x0.9 seed 19 rc 0 avail_GiB 31.8 own_GiB 3.18 psi 0.0
[  4358s] started OBJB_A0|scaled|rule|raw|UAFE|fill_x0.9 seed 23 pid 1436700 avail_GiB 31.8 own_GiB 3.20 psi 0.0
[  4445s] finished OBJB_A0|scaled|rule|raw|UAFE|fill_x0.9 seed 20 rc 0 avail_GiB 32.3 own_GiB 3.26 psi 0.0
[  4445s] started OBJB_A0|scaled|rule|raw|UAFE|fill_x0.9 seed 24 pid 1437352 avail_GiB 32.3 own_GiB 3.27 psi 0.0
[  4475s] finished OBJB_A0|scaled|rule|raw|UAFE|fill_x0.9 seed 21 rc 0 avail_GiB 32.4 own_GiB 3.14 psi 0.0
[  4475s] started OBJB_A0|scaled|rule|raw|UAFE|fill_x0.9 seed 25 pid 1437559 avail_GiB 32.5 own_GiB 3.15 psi 0.0
[  4475s] finished OBJB_A0|scaled|rule|raw|UAFE|fill_x0.9 seed 22 rc 0 avail_GiB 32.4 own_GiB 3.16 psi 0.0
[  4476s] started OBJB_A0|scaled|rule|raw|UAFE|fill_x0.9 seed 26 pid 1437560 avail_GiB 32.5 own_GiB 3.17 psi 0.0
[  4476s] finished OBJB_A0|scaled|rule|raw|UAFE|fill_x0.9 seed 23 rc 0 avail_GiB 32.4 own_GiB 3.18 psi 0.0
[  4476s] started OBJB_A0|scaled|rule|raw|UAFE|fill_x0.9 seed 27 pid 1437561 avail_GiB 32.6 own_GiB 3.19 psi 0.0
[  4557s] finished OBJB_A0|scaled|rule|raw|UAFE|fill_x0.9 seed 24 rc 0 avail_GiB 32.3 own_GiB 3.26 psi 0.0
[  4557s] started OBJB_A0|scaled|rule|raw|UAFE|fill_x0.9 seed 28 pid 1438154 avail_GiB 32.3 own_GiB 3.27 psi 0.0
[  4593s] finished OBJB_A0|scaled|rule|raw|UAFE|fill_x0.9 seed 25 rc 0 avail_GiB 34.0 own_GiB 3.14 psi 0.0
[  4593s] started OBJB_A0|scaled|rule|raw|UAFE|fill_x0.9 seed 29 pid 1438389 avail_GiB 33.8 own_GiB 3.15 psi 0.0
[  4593s] finished OBJB_A0|scaled|rule|raw|UAFE|fill_x0.9 seed 26 rc 0 avail_GiB 34.0 own_GiB 3.16 psi 0.0
[  4593s] started OBJB_A0|scaled|rule|raw|UAFE|fill_x0.9 seed 30 pid 1438392 avail_GiB 34.7 own_GiB 3.17 psi 0.0
[  4593s] finished OBJB_A0|scaled|rule|raw|UAFE|fill_x0.9 seed 27 rc 0 avail_GiB 34.5 own_GiB 3.18 psi 0.0
[  4593s] started OBJB_A0|scaled|rule|raw|UAFE|fill_x0.9 seed 31 pid 1438393 avail_GiB 34.0 own_GiB 3.20 psi 0.0
[  4674s] finished OBJB_A0|scaled|rule|raw|UAFE|fill_x0.9 seed 28 rc 0 avail_GiB 32.2 own_GiB 3.26 psi 0.0
[  4705s] finished OBJB_A0|scaled|rule|raw|UAFE|fill_x0.9 seed 29 rc 0 avail_GiB 32.4 own_GiB 3.22 psi 0.0
[  4710s] finished OBJB_A0|scaled|rule|raw|UAFE|fill_x0.9 seed 30 rc 0 avail_GiB 32.4 own_GiB 3.10 psi 0.0
[  4712s] aggregated OBJB_A0|scaled|rule|raw|UAFE|fill_x0.9
[  4712s] finished OBJB_A0|scaled|rule|raw|UAFE|fill_x0.9 seed 31 rc 0 avail_GiB 32.4 own_GiB 3.10 psi 0.0
[  4712s] CHECK runs.all_rc0 OK {"OBJB_A0|scaled|rule|raw|UAFE": {"0": 0, "1": 0, "3": 0, "2": 0, "4": 0, "5": 0, "6": 0, "7": 0, "9": 0, "8": 0, "11": 0, "10": 0, "12": 0, "13": 0, "15": 0, "14": 0, "16": 0, "17": 0, "18": 0, "19": 0, "20": 0, "21": 0, "22": 0, "23": 0, 
[  4712s] CHECK runs.audits_clean OK 
BT_LAUNCH VERDICT=PASS label=full_a0 runs=5 seeds=32 receipt_sha256=515eaae829fd88f7ec009b8f5ded55fd4120eaf1b649a8ecbd961d65f731a883
EXIT 0
