[     0s] CHECK config.not_a_template_and_nothing_pending OK {"status": "FROZEN before any object-B number of this device (arm V4; paired against the published A0 arm)", "pending": []}
[     0s] CHECK pin.prereg OK {"path": "/workspace/baseline_tables_2026-09-19/pins/PREREG_baseline_tables_certified_2026-09-19.md", "got": "d9fe45e3191f56e5", "want": "d9fe45e3191f56e5"}
[     0s] CHECK pin.prereg_amendment_1 OK {"path": "/workspace/baseline_tables_2026-09-19/pins/AMENDMENT_1_baseline_tables_certified_2026-09-19.md", "got": "766bc367743d8542", "want": "766bc367743d8542"}
[     0s] CHECK pin.prereg_amendment_2 OK {"path": "/workspace/baseline_tables_2026-09-19/pins/AMENDMENT_2_baseline_tables_certified_2026-09-20.md", "got": "52ae1969522d8620", "want": "52ae1969522d8620"}
[     0s] CHECK pin.exec_sim OK {"path": "/workspace/baseline_tables_2026-09-19/devices/exec_copy/exec_sim.py", "got": "29679672e68d4842", "want": "29679672e68d4842"}
[     0s] CHECK pin.simlib OK {"path": "/workspace/baseline_tables_2026-09-19/devices/exec_copy/simlib.py", "got": "55246fe98da2d57a", "want": "55246fe98da2d57a"}
[     0s] CHECK pin.v1b_gate OK {"path": "/workspace/baseline_tables_2026-09-19/devices/exec_copy/v1b_gate.py", "got": "4a725921a470f4c1", "want": "4a725921a470f4c1"}
[     0s] CHECK pin.v1_gate OK {"path": "/workspace/baseline_tables_2026-09-19/devices/exec_copy/v1_gate.py", "got": "c97d9b3d49212b49", "want": "c97d9b3d49212b49"}
[     0s] CHECK pin.calibration OK {"path": "/workspace/baseline_tables_2026-09-19/devices/exec_copy/CALIBRATION_v3_POOLED_20260826_20260910.json", "got": "fda342431d39703e", "want": "fda342431d39703e"}
[     0s] CHECK pin.input_manifest OK {"path": "/workspace/baseline_tables_2026-09-19/devices/exec_copy/INPUT_MANIFEST.json", "got": "59875e5a69db415f", "want": "59875e5a69db415f"}
[     0s] CHECK pin.p2_s2_lib OK {"path": "/workspace/uplift_r2_2026-09-13/P2/devices/p2_s2_lib.py", "got": "c53f5c495036727f", "want": "c53f5c495036727f"}
[     5s] CHECK pin.price_full_raw OK {"path": "/workspace/baseline_tables_2026-09-19/work/price_full_raw_x0918r.npy", "got": "23af32bd97c267d1", "want": "23af32bd97c267d1"}
[     5s] CHECK pin.price_full_meta OK {"path": "/workspace/baseline_tables_2026-09-19/work/price_full_raw_x0918r_meta.npz", "got": "d1e49cc9f0a7ddc4", "want": "d1e49cc9f0a7ddc4"}
[     5s] CHECK pin.price_receipt OK {"path": "/workspace/baseline_tables_2026-09-19/receipts/BT_PRICES_FULL_X0918R.json", "got": "130592b122831e03", "want": "130592b122831e03"}
[     6s] CHECK pin.price_source_table_x0918r OK {"path": "/workspace/raw_price_fix_2026-09-19/ext_x0918r/work/price_logtable_raw_x0918r.npy", "got": "9249b0da4a4c5789", "want": "9249b0da4a4c5789"}
[     6s] CHECK pin.price_source_meta_x0918r OK {"path": "/workspace/raw_price_fix_2026-09-19/ext_x0918r/work/price_meta_raw_x0918r.npz", "got": "da136830cee7e1a2", "want": "da136830cee7e1a2"}
[     6s] CHECK pin.ledger_full OK {"path": "/workspace/baseline_tables_2026-09-19/funding/ledger_spliced_p2_to_20260901T0200_streamD_after.npz", "got": "073088e503c026d6", "want": "073088e503c026d6"}
[     6s] CHECK pin.funding_overlap_proof OK {"path": "/workspace/baseline_tables_2026-09-19/funding/BT_FUNDING_OVERLAP.json", "got": "0ee6d99bfa2acfb9", "want": "0ee6d99bfa2acfb9"}
[     6s] CHECK pin.funding_source_p2 OK {"path": "/workspace/uplift_r2_2026-09-13/P2/work/ledger_full.npz", "got": "bea6f5752772d54e", "want": "bea6f5752772d54e"}
[     6s] CHECK pin.funding_source_stream_d OK {"path": "/workspace/axis_0919/funding/funding_ledger.npz", "got": "74b69e635efbf355", "want": "74b69e635efbf355"}
[     6s] CHECK pin.funding_4h_accounting_stream_d OK {"path": "/workspace/axis_0919/funding/funding_4h_accounting.npz", "got": "2838e5f6cf42fff5", "want": "2838e5f6cf42fff5"}
[     6s] CHECK pin.tradability OK {"path": "/workspace/axis_0919/x0918r/trd/tradability_v1.npz", "got": "bebf69ab9ddb3b05", "want": "bebf69ab9ddb3b05"}
[     6s] CHECK pin.universe OK {"path": "/workspace/uplift_r2_2026-09-13/P2/work/universe.npz", "got": "6322b57366078ed0", "want": "6322b57366078ed0"}
[     6s] CHECK pin.g0_labels OK {"path": "/workspace/baseline_tables_2026-09-19/g0x/g0_labels_x0918.npz", "got": "c3832939e1b01333", "want": "c3832939e1b01333"}
[     6s] CHECK pin.g0_receipt OK {"path": "/workspace/baseline_tables_2026-09-19/g0x/RECEIPT_bt_g0_extend.json", "got": "8afd680472ef21be", "want": "8afd680472ef21be"}
[     6s] CHECK price_receipt.PASS_and_outputs OK {"price_kinds": ["raw"]}
[     8s] CHECK pin.executor_tree_409ea16_vs_manifest OK {"n": 332, "bad": []}
[     8s] CHECK exec_sim.version_v3.1 OK "v3.1"
[     8s] CHECK runs.selected OK {"runs": ["OBJB_V4|scaled|rule|raw|UAFE", "OBJB_V4|lit|rule|raw|UAFE", "OBJB_V4|scaled|rule|raw|UAFE|fee_x1.25", "OBJB_V4|scaled|rule|raw|UAFE|slip_x1.5", "OBJB_V4|scaled|rule|raw|UAFE|fill_x0.9"], "seeds": [0, 1, 2, 3, 4, 5, 6, 7, 8, 9, 10
[     8s] CHECK window.n_anchors OK 9139
[     8s] CHECK axis.symbols OK 
[     8s] CHECK prices.grid_covers_window OK {"grid0": 1656532800, "n": 444145}
[     8s] CHECK ua_sets.counts_of_the_sets_the_runs_use OK {"UNAVAILABLE_3084": 3084}
[     9s] prices raw (444145, 829)
[     9s] CHECK run.OBJB_V4|scaled|rule|raw|UAFE.policy_named OK 
[     9s] CHECK run.OBJB_V4|scaled|rule|raw|UAFE.ua_cells_already_at_last_available_price OK {"cells_that_would_change": 0}
[     9s] CHECK run.OBJB_V4|lit|rule|raw|UAFE.policy_named OK 
[     9s] CHECK run.OBJB_V4|lit|rule|raw|UAFE.ua_cells_already_at_last_available_price OK {"cells_that_would_change": 0}
[     9s] CHECK run.OBJB_V4|scaled|rule|raw|UAFE|fee_x1.25.policy_named OK 
[     9s] CHECK run.OBJB_V4|scaled|rule|raw|UAFE|fee_x1.25.ua_cells_already_at_last_available_price OK {"cells_that_would_change": 0}
[     9s] CHECK run.OBJB_V4|scaled|rule|raw|UAFE|slip_x1.5.policy_named OK 
[     9s] CHECK run.OBJB_V4|scaled|rule|raw|UAFE|slip_x1.5.ua_cells_already_at_last_available_price OK {"cells_that_would_change": 0}
[     9s] CHECK run.OBJB_V4|scaled|rule|raw|UAFE|fill_x0.9.policy_named OK 
[     9s] CHECK run.OBJB_V4|scaled|rule|raw|UAFE|fill_x0.9.ua_cells_already_at_last_available_price OK {"cells_that_would_change": 0}
[     9s] funding rows 2386274
[     9s] CHECK axis.tradability_symbols OK 
[     9s] CHECK tradability.covers_window OK 
[     9s] CHECK calibration.v3_pooled_frozen OK 
[     9s] CHECK calibration.decision_offset_N+24 OK 1440
[     9s] CHECK executor.pns_wide OK 
[     9s] CHECK executor.gross_mult_config OK {"gm": 2.0, "onu": "hold"}
[    10s] CHECK objb_targets.OBJB_V4|scaled|rule|raw|UAFE.loaded OK {"window_anchors": 9139, "combo": 7060, "king": 2079, "hold": 0, "written_rows_without_weights": 0}
[    10s] CHECK objb_targets.OBJB_V4|lit|rule|raw|UAFE.loaded OK {"window_anchors": 9139, "combo": 2394, "king": 6745, "hold": 0, "written_rows_without_weights": 0}
[    11s] CHECK objb_targets.OBJB_V4|scaled|rule|raw|UAFE|fee_x1.25.loaded OK {"window_anchors": 9139, "combo": 7060, "king": 2079, "hold": 0, "written_rows_without_weights": 0}
[    11s] CHECK objb_targets.OBJB_V4|scaled|rule|raw|UAFE|slip_x1.5.loaded OK {"window_anchors": 9139, "combo": 7060, "king": 2079, "hold": 0, "written_rows_without_weights": 0}
[    11s] CHECK objb_targets.OBJB_V4|scaled|rule|raw|UAFE|fill_x0.9.loaded OK {"window_anchors": 9139, "combo": 7060, "king": 2079, "hold": 0, "written_rows_without_weights": 0}
[    12s] resume: existing 0 to run 160
[    12s] started OBJB_V4|scaled|rule|raw|UAFE seed 0 pid 1520691 avail_GiB 53.6 own_GiB 3.09 psi 0.0
[    12s] started OBJB_V4|scaled|rule|raw|UAFE seed 1 pid 1520692 avail_GiB 53.6 own_GiB 3.11 psi 0.0
[    12s] started OBJB_V4|scaled|rule|raw|UAFE seed 2 pid 1520693 avail_GiB 53.6 own_GiB 3.12 psi 0.0
[    12s] started OBJB_V4|scaled|rule|raw|UAFE seed 3 pid 1520694 avail_GiB 53.5 own_GiB 3.14 psi 0.0
[   118s] finished OBJB_V4|scaled|rule|raw|UAFE seed 0 rc 0 avail_GiB 53.6 own_GiB 3.09 psi 0.0
[   118s] started OBJB_V4|scaled|rule|raw|UAFE seed 4 pid 1521490 avail_GiB 53.6 own_GiB 3.09 psi 0.0
[   118s] finished OBJB_V4|scaled|rule|raw|UAFE seed 1 rc 0 avail_GiB 53.6 own_GiB 3.10 psi 0.0
[   118s] started OBJB_V4|scaled|rule|raw|UAFE seed 5 pid 1521491 avail_GiB 53.6 own_GiB 3.11 psi 0.0
[   118s] finished OBJB_V4|scaled|rule|raw|UAFE seed 2 rc 0 avail_GiB 53.6 own_GiB 3.12 psi 0.0
[   118s] started OBJB_V4|scaled|rule|raw|UAFE seed 6 pid 1521492 avail_GiB 53.6 own_GiB 3.13 psi 0.0
[   118s] finished OBJB_V4|scaled|rule|raw|UAFE seed 3 rc 0 avail_GiB 53.5 own_GiB 3.15 psi 0.0
[   118s] started OBJB_V4|scaled|rule|raw|UAFE seed 7 pid 1521493 avail_GiB 53.5 own_GiB 3.17 psi 0.0
[   219s] finished OBJB_V4|scaled|rule|raw|UAFE seed 4 rc 0 avail_GiB 53.4 own_GiB 3.28 psi 0.0
[   219s] started OBJB_V4|scaled|rule|raw|UAFE seed 8 pid 1522224 avail_GiB 53.4 own_GiB 3.30 psi 0.0
[   224s] finished OBJB_V4|scaled|rule|raw|UAFE seed 5 rc 0 avail_GiB 53.6 own_GiB 3.12 psi 0.0
[   224s] started OBJB_V4|scaled|rule|raw|UAFE seed 9 pid 1522259 avail_GiB 53.6 own_GiB 3.13 psi 0.0
[   224s] finished OBJB_V4|scaled|rule|raw|UAFE seed 6 rc 0 avail_GiB 53.6 own_GiB 3.13 psi 0.0
[   225s] started OBJB_V4|scaled|rule|raw|UAFE seed 10 pid 1522260 avail_GiB 53.5 own_GiB 3.14 psi 0.0
[   225s] finished OBJB_V4|scaled|rule|raw|UAFE seed 7 rc 0 avail_GiB 53.5 own_GiB 3.15 psi 0.0
[   225s] started OBJB_V4|scaled|rule|raw|UAFE seed 11 pid 1522263 avail_GiB 53.5 own_GiB 3.17 psi 0.0
[   326s] finished OBJB_V4|scaled|rule|raw|UAFE seed 8 rc 0 avail_GiB 53.5 own_GiB 3.21 psi 0.0
[   326s] started OBJB_V4|scaled|rule|raw|UAFE seed 12 pid 1522910 avail_GiB 53.5 own_GiB 3.22 psi 0.0
[   326s] finished OBJB_V4|scaled|rule|raw|UAFE seed 11 rc 0 avail_GiB 53.5 own_GiB 3.23 psi 0.0
[   326s] started OBJB_V4|scaled|rule|raw|UAFE seed 13 pid 1522911 avail_GiB 53.4 own_GiB 3.24 psi 0.0
[   331s] finished OBJB_V4|scaled|rule|raw|UAFE seed 9 rc 0 avail_GiB 53.5 own_GiB 3.15 psi 0.0
[   331s] started OBJB_V4|scaled|rule|raw|UAFE seed 14 pid 1522960 avail_GiB 53.5 own_GiB 3.16 psi 0.0
[   331s] finished OBJB_V4|scaled|rule|raw|UAFE seed 10 rc 0 avail_GiB 53.5 own_GiB 3.16 psi 0.0
[   331s] started OBJB_V4|scaled|rule|raw|UAFE seed 15 pid 1522963 avail_GiB 53.5 own_GiB 3.18 psi 0.0
[   432s] finished OBJB_V4|scaled|rule|raw|UAFE seed 12 rc 0 avail_GiB 53.5 own_GiB 3.21 psi 0.0
[   432s] started OBJB_V4|scaled|rule|raw|UAFE seed 16 pid 1523611 avail_GiB 53.5 own_GiB 3.21 psi 0.0
[   432s] finished OBJB_V4|scaled|rule|raw|UAFE seed 13 rc 0 avail_GiB 53.5 own_GiB 3.22 psi 0.0
[   433s] started OBJB_V4|scaled|rule|raw|UAFE seed 17 pid 1523612 avail_GiB 53.5 own_GiB 3.23 psi 0.0
[   438s] finished OBJB_V4|scaled|rule|raw|UAFE seed 14 rc 0 avail_GiB 53.5 own_GiB 3.15 psi 0.0
[   438s] started OBJB_V4|scaled|rule|raw|UAFE seed 18 pid 1523657 avail_GiB 53.5 own_GiB 3.16 psi 0.0
[   438s] finished OBJB_V4|scaled|rule|raw|UAFE seed 15 rc 0 avail_GiB 53.5 own_GiB 3.16 psi 0.0
[   438s] started OBJB_V4|scaled|rule|raw|UAFE seed 19 pid 1523658 avail_GiB 53.5 own_GiB 3.17 psi 0.0
[   539s] finished OBJB_V4|scaled|rule|raw|UAFE seed 16 rc 0 avail_GiB 53.5 own_GiB 3.15 psi 0.0
[   539s] started OBJB_V4|scaled|rule|raw|UAFE seed 20 pid 1524312 avail_GiB 53.5 own_GiB 3.15 psi 0.0
[   539s] finished OBJB_V4|scaled|rule|raw|UAFE seed 17 rc 0 avail_GiB 53.5 own_GiB 3.16 psi 0.0
[   539s] started OBJB_V4|scaled|rule|raw|UAFE seed 21 pid 1524313 avail_GiB 53.5 own_GiB 3.17 psi 0.0
[   539s] finished OBJB_V4|scaled|rule|raw|UAFE seed 18 rc 0 avail_GiB 53.5 own_GiB 3.19 psi 0.0
[   539s] started OBJB_V4|scaled|rule|raw|UAFE seed 22 pid 1524314 avail_GiB 53.5 own_GiB 3.21 psi 0.0
[   544s] finished OBJB_V4|scaled|rule|raw|UAFE seed 19 rc 0 avail_GiB 53.5 own_GiB 3.18 psi 0.0
[   545s] started OBJB_V4|scaled|rule|raw|UAFE seed 23 pid 1524365 avail_GiB 53.5 own_GiB 3.19 psi 0.0
[   641s] finished OBJB_V4|scaled|rule|raw|UAFE seed 20 rc 0 avail_GiB 53.4 own_GiB 3.26 psi 0.0
[   641s] started OBJB_V4|scaled|rule|raw|UAFE seed 24 pid 1524975 avail_GiB 53.4 own_GiB 3.27 psi 0.0
[   646s] finished OBJB_V4|scaled|rule|raw|UAFE seed 21 rc 0 avail_GiB 53.5 own_GiB 3.19 psi 0.0
[   646s] started OBJB_V4|scaled|rule|raw|UAFE seed 25 pid 1525023 avail_GiB 53.6 own_GiB 3.13 psi 0.0
[   646s] finished OBJB_V4|scaled|rule|raw|UAFE seed 22 rc 0 avail_GiB 53.6 own_GiB 3.13 psi 0.0
[   646s] started OBJB_V4|scaled|rule|raw|UAFE seed 26 pid 1525034 avail_GiB 53.5 own_GiB 3.14 psi 0.0
[   646s] finished OBJB_V4|scaled|rule|raw|UAFE seed 23 rc 0 avail_GiB 53.5 own_GiB 3.15 psi 0.0
[   646s] started OBJB_V4|scaled|rule|raw|UAFE seed 27 pid 1525035 avail_GiB 53.5 own_GiB 3.17 psi 0.0
[   747s] finished OBJB_V4|scaled|rule|raw|UAFE seed 24 rc 0 avail_GiB 53.4 own_GiB 3.26 psi 0.0
[   747s] started OBJB_V4|scaled|rule|raw|UAFE seed 28 pid 1525685 avail_GiB 53.4 own_GiB 3.27 psi 0.0
[   752s] finished OBJB_V4|scaled|rule|raw|UAFE seed 25 rc 0 avail_GiB 53.6 own_GiB 3.12 psi 0.0
[   752s] started OBJB_V4|scaled|rule|raw|UAFE seed 29 pid 1525711 avail_GiB 53.6 own_GiB 3.13 psi 0.0
[   752s] finished OBJB_V4|scaled|rule|raw|UAFE seed 26 rc 0 avail_GiB 53.6 own_GiB 3.13 psi 0.0
[   753s] started OBJB_V4|scaled|rule|raw|UAFE seed 30 pid 1525712 avail_GiB 53.5 own_GiB 3.14 psi 0.0
[   753s] finished OBJB_V4|scaled|rule|raw|UAFE seed 27 rc 0 avail_GiB 53.5 own_GiB 3.15 psi 0.0
[   753s] started OBJB_V4|scaled|rule|raw|UAFE seed 31 pid 1525715 avail_GiB 53.5 own_GiB 3.17 psi 0.0
[   854s] finished OBJB_V4|scaled|rule|raw|UAFE seed 28 rc 0 avail_GiB 53.4 own_GiB 3.27 psi 0.0
[   854s] started OBJB_V4|lit|rule|raw|UAFE seed 0 pid 1526394 avail_GiB 53.4 own_GiB 3.30 psi 0.0
[   859s] finished OBJB_V4|scaled|rule|raw|UAFE seed 29 rc 0 avail_GiB 53.6 own_GiB 3.12 psi 0.0
[   859s] started OBJB_V4|lit|rule|raw|UAFE seed 1 pid 1526430 avail_GiB 53.6 own_GiB 3.13 psi 0.0
[   859s] finished OBJB_V4|scaled|rule|raw|UAFE seed 30 rc 0 avail_GiB 53.5 own_GiB 3.13 psi 0.0
[   859s] started OBJB_V4|lit|rule|raw|UAFE seed 2 pid 1526431 avail_GiB 53.5 own_GiB 3.14 psi 0.0
[   861s] aggregated OBJB_V4|scaled|rule|raw|UAFE
[   861s] finished OBJB_V4|scaled|rule|raw|UAFE seed 31 rc 0 avail_GiB 53.4 own_GiB 3.29 psi 0.0
[   861s] started OBJB_V4|lit|rule|raw|UAFE seed 3 pid 1526436 avail_GiB 53.4 own_GiB 3.30 psi 0.0
[   952s] finished OBJB_V4|lit|rule|raw|UAFE seed 0 rc 0 avail_GiB 53.3 own_GiB 3.36 psi 0.0
[   952s] started OBJB_V4|lit|rule|raw|UAFE seed 4 pid 1527045 avail_GiB 53.3 own_GiB 3.37 psi 0.0
[   958s] finished OBJB_V4|lit|rule|raw|UAFE seed 1 rc 0 avail_GiB 53.5 own_GiB 3.20 psi 0.0
[   958s] started OBJB_V4|lit|rule|raw|UAFE seed 5 pid 1527080 avail_GiB 53.5 own_GiB 3.21 psi 0.0
[   958s] finished OBJB_V4|lit|rule|raw|UAFE seed 2 rc 0 avail_GiB 53.5 own_GiB 3.22 psi 0.0
[   958s] started OBJB_V4|lit|rule|raw|UAFE seed 6 pid 1527081 avail_GiB 53.4 own_GiB 3.25 psi 0.0
[   963s] finished OBJB_V4|lit|rule|raw|UAFE seed 3 rc 0 avail_GiB 53.5 own_GiB 3.21 psi 0.0
[   963s] started OBJB_V4|lit|rule|raw|UAFE seed 7 pid 1527120 avail_GiB 53.5 own_GiB 3.21 psi 0.0
[  1054s] finished OBJB_V4|lit|rule|raw|UAFE seed 4 rc 0 avail_GiB 53.4 own_GiB 3.29 psi 0.0
[  1054s] started OBJB_V4|lit|rule|raw|UAFE seed 8 pid 1527715 avail_GiB 53.4 own_GiB 3.31 psi 0.0
[  1059s] finished OBJB_V4|lit|rule|raw|UAFE seed 5 rc 0 avail_GiB 53.5 own_GiB 3.22 psi 0.0
[  1060s] started OBJB_V4|lit|rule|raw|UAFE seed 9 pid 1527752 avail_GiB 53.5 own_GiB 3.22 psi 0.0
[  1060s] finished OBJB_V4|lit|rule|raw|UAFE seed 6 rc 0 avail_GiB 53.5 own_GiB 3.74 psi 0.0
[  1060s] started OBJB_V4|lit|rule|raw|UAFE seed 10 pid 1527753 avail_GiB 53.5 own_GiB 3.17 psi 0.0
[  1060s] finished OBJB_V4|lit|rule|raw|UAFE seed 7 rc 0 avail_GiB 53.5 own_GiB 3.18 psi 0.0
[  1060s] started OBJB_V4|lit|rule|raw|UAFE seed 11 pid 1527754 avail_GiB 53.5 own_GiB 3.21 psi 0.0
[  1156s] finished OBJB_V4|lit|rule|raw|UAFE seed 8 rc 0 avail_GiB 53.5 own_GiB 3.23 psi 0.0
[  1156s] started OBJB_V4|lit|rule|raw|UAFE seed 12 pid 1528387 avail_GiB 53.4 own_GiB 3.25 psi 0.0
[  1156s] finished OBJB_V4|lit|rule|raw|UAFE seed 9 rc 0 avail_GiB 53.4 own_GiB 3.27 psi 0.0
[  1156s] started OBJB_V4|lit|rule|raw|UAFE seed 13 pid 1528388 avail_GiB 53.4 own_GiB 3.37 psi 0.0
[  1161s] finished OBJB_V4|lit|rule|raw|UAFE seed 10 rc 0 avail_GiB 53.5 own_GiB 3.17 psi 0.0
[  1161s] started OBJB_V4|lit|rule|raw|UAFE seed 14 pid 1528414 avail_GiB 53.5 own_GiB 3.18 psi 0.0
[  1162s] finished OBJB_V4|lit|rule|raw|UAFE seed 11 rc 0 avail_GiB 53.5 own_GiB 3.19 psi 0.0
[  1162s] started OBJB_V4|lit|rule|raw|UAFE seed 15 pid 1528415 avail_GiB 53.5 own_GiB 3.21 psi 0.0
[  1253s] finished OBJB_V4|lit|rule|raw|UAFE seed 12 rc 0 avail_GiB 53.4 own_GiB 3.31 psi 0.0
[  1253s] started OBJB_V4|lit|rule|raw|UAFE seed 16 pid 1528991 avail_GiB 53.5 own_GiB 3.24 psi 0.0
[  1253s] finished OBJB_V4|lit|rule|raw|UAFE seed 13 rc 0 avail_GiB 53.4 own_GiB 3.24 psi 0.0
[  1253s] started OBJB_V4|lit|rule|raw|UAFE seed 17 pid 1528992 avail_GiB 53.4 own_GiB 3.26 psi 0.0
[  1258s] finished OBJB_V4|lit|rule|raw|UAFE seed 14 rc 0 avail_GiB 53.5 own_GiB 3.17 psi 0.0
[  1258s] started OBJB_V4|lit|rule|raw|UAFE seed 18 pid 1529040 avail_GiB 53.5 own_GiB 3.18 psi 0.0
[  1258s] finished OBJB_V4|lit|rule|raw|UAFE seed 15 rc 0 avail_GiB 53.5 own_GiB 3.19 psi 0.0
[  1258s] started OBJB_V4|lit|rule|raw|UAFE seed 19 pid 1529041 avail_GiB 53.5 own_GiB 3.21 psi 0.0
[  1349s] finished OBJB_V4|lit|rule|raw|UAFE seed 17 rc 0 avail_GiB 53.4 own_GiB 3.30 psi 0.0
[  1350s] started OBJB_V4|lit|rule|raw|UAFE seed 20 pid 1529663 avail_GiB 53.5 own_GiB 3.24 psi 0.0
[  1350s] finished OBJB_V4|lit|rule|raw|UAFE seed 16 rc 0 avail_GiB 53.4 own_GiB 3.24 psi 0.0
[  1350s] started OBJB_V4|lit|rule|raw|UAFE seed 21 pid 1529664 avail_GiB 53.4 own_GiB 3.26 psi 0.0
[  1355s] finished OBJB_V4|lit|rule|raw|UAFE seed 18 rc 0 avail_GiB 53.5 own_GiB 3.17 psi 0.0
[  1355s] started OBJB_V4|lit|rule|raw|UAFE seed 22 pid 1529688 avail_GiB 53.5 own_GiB 3.18 psi 0.0
[  1355s] finished OBJB_V4|lit|rule|raw|UAFE seed 19 rc 0 avail_GiB 53.5 own_GiB 3.19 psi 0.0
[  1355s] started OBJB_V4|lit|rule|raw|UAFE seed 23 pid 1529689 avail_GiB 53.5 own_GiB 3.21 psi 0.0
[  1451s] finished OBJB_V4|lit|rule|raw|UAFE seed 20 rc 0 avail_GiB 53.5 own_GiB 3.23 psi 0.0
[  1451s] started OBJB_V4|lit|rule|raw|UAFE seed 24 pid 1530327 avail_GiB 53.4 own_GiB 3.24 psi 0.0
[  1451s] finished OBJB_V4|lit|rule|raw|UAFE seed 21 rc 0 avail_GiB 53.4 own_GiB 3.25 psi 0.0
[  1452s] started OBJB_V4|lit|rule|raw|UAFE seed 25 pid 1530328 avail_GiB 53.4 own_GiB 3.26 psi 0.0
[  1457s] finished OBJB_V4|lit|rule|raw|UAFE seed 22 rc 0 avail_GiB 53.5 own_GiB 3.17 psi 0.0
[  1457s] started OBJB_V4|lit|rule|raw|UAFE seed 26 pid 1530362 avail_GiB 53.5 own_GiB 3.18 psi 0.0
[  1457s] finished OBJB_V4|lit|rule|raw|UAFE seed 23 rc 0 avail_GiB 53.5 own_GiB 3.19 psi 0.0
[  1457s] started OBJB_V4|lit|rule|raw|UAFE seed 27 pid 1530363 avail_GiB 53.5 own_GiB 3.21 psi 0.0
[  1548s] finished OBJB_V4|lit|rule|raw|UAFE seed 25 rc 0 avail_GiB 53.4 own_GiB 3.30 psi 0.0
[  1548s] started OBJB_V4|lit|rule|raw|UAFE seed 28 pid 1530961 avail_GiB 53.5 own_GiB 3.24 psi 0.0
[  1548s] finished OBJB_V4|lit|rule|raw|UAFE seed 24 rc 0 avail_GiB 53.4 own_GiB 3.24 psi 0.0
[  1548s] started OBJB_V4|lit|rule|raw|UAFE seed 29 pid 1530962 avail_GiB 53.4 own_GiB 3.26 psi 0.0
[  1553s] finished OBJB_V4|lit|rule|raw|UAFE seed 26 rc 0 avail_GiB 53.5 own_GiB 3.17 psi 0.0
[  1554s] started OBJB_V4|lit|rule|raw|UAFE seed 30 pid 1531010 avail_GiB 53.5 own_GiB 3.18 psi 0.0
[  1554s] finished OBJB_V4|lit|rule|raw|UAFE seed 27 rc 0 avail_GiB 53.5 own_GiB 3.19 psi 0.0
[  1554s] started OBJB_V4|lit|rule|raw|UAFE seed 31 pid 1531011 avail_GiB 53.5 own_GiB 3.21 psi 0.0
[  1650s] finished OBJB_V4|lit|rule|raw|UAFE seed 28 rc 0 avail_GiB 53.5 own_GiB 3.19 psi 0.0
[  1650s] started OBJB_V4|scaled|rule|raw|UAFE|fee_x1.25 seed 0 pid 1531632 avail_GiB 53.5 own_GiB 3.19 psi 0.0
[  1650s] finished OBJB_V4|lit|rule|raw|UAFE seed 29 rc 0 avail_GiB 53.5 own_GiB 3.20 psi 0.0
[  1650s] started OBJB_V4|scaled|rule|raw|UAFE|fee_x1.25 seed 1 pid 1531633 avail_GiB 53.5 own_GiB 2.89 psi 0.0
[  1650s] finished OBJB_V4|lit|rule|raw|UAFE seed 30 rc 0 avail_GiB 53.5 own_GiB 3.15 psi 0.0
[  1650s] started OBJB_V4|scaled|rule|raw|UAFE|fee_x1.25 seed 2 pid 1531634 avail_GiB 53.5 own_GiB 3.17 psi 0.0
[  1653s] aggregated OBJB_V4|lit|rule|raw|UAFE
[  1653s] finished OBJB_V4|lit|rule|raw|UAFE seed 31 rc 0 avail_GiB 53.4 own_GiB 3.31 psi 0.0
[  1653s] started OBJB_V4|scaled|rule|raw|UAFE|fee_x1.25 seed 3 pid 1531657 avail_GiB 53.4 own_GiB 3.32 psi 0.0
[  1754s] finished OBJB_V4|scaled|rule|raw|UAFE|fee_x1.25 seed 0 rc 0 avail_GiB 53.6 own_GiB 3.11 psi 0.0
[  1754s] started OBJB_V4|scaled|rule|raw|UAFE|fee_x1.25 seed 4 pid 1532316 avail_GiB 53.6 own_GiB 3.12 psi 0.0
[  1754s] finished OBJB_V4|scaled|rule|raw|UAFE|fee_x1.25 seed 1 rc 0 avail_GiB 53.6 own_GiB 3.13 psi 0.0
[  1754s] started OBJB_V4|scaled|rule|raw|UAFE|fee_x1.25 seed 5 pid 1532317 avail_GiB 53.5 own_GiB 3.14 psi 0.0
[  1754s] finished OBJB_V4|scaled|rule|raw|UAFE|fee_x1.25 seed 2 rc 0 avail_GiB 53.5 own_GiB 3.15 psi 0.0
[  1754s] started OBJB_V4|scaled|rule|raw|UAFE|fee_x1.25 seed 6 pid 1532318 avail_GiB 53.5 own_GiB 3.17 psi 0.0
[  1754s] finished OBJB_V4|scaled|rule|raw|UAFE|fee_x1.25 seed 3 rc 0 avail_GiB 53.5 own_GiB 3.18 psi 0.0
[  1754s] started OBJB_V4|scaled|rule|raw|UAFE|fee_x1.25 seed 7 pid 1532319 avail_GiB 53.5 own_GiB 3.21 psi 0.0
[  1855s] finished OBJB_V4|scaled|rule|raw|UAFE|fee_x1.25 seed 4 rc 0 avail_GiB 53.4 own_GiB 3.24 psi 0.0
[  1856s] started OBJB_V4|scaled|rule|raw|UAFE|fee_x1.25 seed 8 pid 1532966 avail_GiB 53.4 own_GiB 3.25 psi 0.0
[  1856s] finished OBJB_V4|scaled|rule|raw|UAFE|fee_x1.25 seed 5 rc 0 avail_GiB 53.4 own_GiB 3.27 psi 0.0
[  1856s] started OBJB_V4|scaled|rule|raw|UAFE|fee_x1.25 seed 9 pid 1532967 avail_GiB 53.5 own_GiB 3.20 psi 0.0
[  1856s] finished OBJB_V4|scaled|rule|raw|UAFE|fee_x1.25 seed 6 rc 0 avail_GiB 53.5 own_GiB 3.22 psi 0.0
[  1856s] started OBJB_V4|scaled|rule|raw|UAFE|fee_x1.25 seed 10 pid 1532968 avail_GiB 53.5 own_GiB 3.24 psi 0.0
[  1861s] finished OBJB_V4|scaled|rule|raw|UAFE|fee_x1.25 seed 7 rc 0 avail_GiB 53.5 own_GiB 3.20 psi 0.0
[  1861s] started OBJB_V4|scaled|rule|raw|UAFE|fee_x1.25 seed 11 pid 1533003 avail_GiB 53.5 own_GiB 3.21 psi 0.0
[  1957s] finished OBJB_V4|scaled|rule|raw|UAFE|fee_x1.25 seed 8 rc 0 avail_GiB 53.4 own_GiB 3.31 psi 0.0
[  1957s] started OBJB_V4|scaled|rule|raw|UAFE|fee_x1.25 seed 12 pid 1533652 avail_GiB 53.5 own_GiB 3.24 psi 0.0
[  1957s] finished OBJB_V4|scaled|rule|raw|UAFE|fee_x1.25 seed 9 rc 0 avail_GiB 53.4 own_GiB 3.25 psi 0.0
[  1958s] started OBJB_V4|scaled|rule|raw|UAFE|fee_x1.25 seed 13 pid 1533653 avail_GiB 53.4 own_GiB 3.27 psi 0.0
[  1963s] finished OBJB_V4|scaled|rule|raw|UAFE|fee_x1.25 seed 10 rc 0 avail_GiB 53.5 own_GiB 3.17 psi 0.0
[  1963s] started OBJB_V4|scaled|rule|raw|UAFE|fee_x1.25 seed 14 pid 1533692 avail_GiB 53.5 own_GiB 3.18 psi 0.0
[  1963s] finished OBJB_V4|scaled|rule|raw|UAFE|fee_x1.25 seed 11 rc 0 avail_GiB 53.5 own_GiB 3.19 psi 0.0
[  1963s] started OBJB_V4|scaled|rule|raw|UAFE|fee_x1.25 seed 15 pid 1533693 avail_GiB 53.5 own_GiB 3.21 psi 0.0
[  2064s] finished OBJB_V4|scaled|rule|raw|UAFE|fee_x1.25 seed 12 rc 0 avail_GiB 53.4 own_GiB 3.24 psi 0.0
[  2064s] started OBJB_V4|scaled|rule|raw|UAFE|fee_x1.25 seed 16 pid 1534359 avail_GiB 53.4 own_GiB 3.25 psi 0.0
[  2064s] finished OBJB_V4|scaled|rule|raw|UAFE|fee_x1.25 seed 13 rc 0 avail_GiB 53.4 own_GiB 3.27 psi 0.0
[  2064s] started OBJB_V4|scaled|rule|raw|UAFE|fee_x1.25 seed 17 pid 1534360 avail_GiB 53.4 own_GiB 3.44 psi 0.0
[  2064s] finished OBJB_V4|scaled|rule|raw|UAFE|fee_x1.25 seed 14 rc 0 avail_GiB 53.5 own_GiB 3.23 psi 0.0
[  2065s] started OBJB_V4|scaled|rule|raw|UAFE|fee_x1.25 seed 18 pid 1534363 avail_GiB 53.4 own_GiB 3.25 psi 0.0
[  2070s] finished OBJB_V4|scaled|rule|raw|UAFE|fee_x1.25 seed 15 rc 0 avail_GiB 53.5 own_GiB 3.20 psi 0.0
[  2070s] started OBJB_V4|scaled|rule|raw|UAFE|fee_x1.25 seed 19 pid 1534387 avail_GiB 53.5 own_GiB 3.21 psi 0.0
[  2166s] finished OBJB_V4|scaled|rule|raw|UAFE|fee_x1.25 seed 16 rc 0 avail_GiB 53.5 own_GiB 3.23 psi 0.0
[  2166s] started OBJB_V4|scaled|rule|raw|UAFE|fee_x1.25 seed 20 pid 1535035 avail_GiB 53.4 own_GiB 3.25 psi 0.0
[  2166s] finished OBJB_V4|scaled|rule|raw|UAFE|fee_x1.25 seed 18 rc 0 avail_GiB 53.4 own_GiB 3.26 psi 0.0
[  2166s] started OBJB_V4|scaled|rule|raw|UAFE|fee_x1.25 seed 21 pid 1535036 avail_GiB 53.4 own_GiB 3.28 psi 0.0
[  2171s] finished OBJB_V4|scaled|rule|raw|UAFE|fee_x1.25 seed 17 rc 0 avail_GiB 53.5 own_GiB 3.17 psi 0.0
[  2171s] started OBJB_V4|scaled|rule|raw|UAFE|fee_x1.25 seed 22 pid 1535074 avail_GiB 53.5 own_GiB 3.18 psi 0.0
[  2171s] finished OBJB_V4|scaled|rule|raw|UAFE|fee_x1.25 seed 19 rc 0 avail_GiB 53.5 own_GiB 3.19 psi 0.0
[  2171s] started OBJB_V4|scaled|rule|raw|UAFE|fee_x1.25 seed 23 pid 1535075 avail_GiB 53.5 own_GiB 3.21 psi 0.0
[  2268s] finished OBJB_V4|scaled|rule|raw|UAFE|fee_x1.25 seed 20 rc 0 avail_GiB 53.4 own_GiB 3.23 psi 0.0
[  2268s] started OBJB_V4|scaled|rule|raw|UAFE|fee_x1.25 seed 24 pid 1535683 avail_GiB 53.4 own_GiB 3.24 psi 0.0
[  2268s] finished OBJB_V4|scaled|rule|raw|UAFE|fee_x1.25 seed 21 rc 0 avail_GiB 53.4 own_GiB 3.25 psi 0.0
[  2268s] started OBJB_V4|scaled|rule|raw|UAFE|fee_x1.25 seed 25 pid 1535684 avail_GiB 53.4 own_GiB 3.27 psi 0.0
[  2273s] finished OBJB_V4|scaled|rule|raw|UAFE|fee_x1.25 seed 22 rc 0 avail_GiB 53.5 own_GiB 3.17 psi 0.0
[  2273s] started OBJB_V4|scaled|rule|raw|UAFE|fee_x1.25 seed 26 pid 1535723 avail_GiB 53.5 own_GiB 3.18 psi 0.0
[  2273s] finished OBJB_V4|scaled|rule|raw|UAFE|fee_x1.25 seed 23 rc 0 avail_GiB 53.5 own_GiB 3.19 psi 0.0
[  2273s] started OBJB_V4|scaled|rule|raw|UAFE|fee_x1.25 seed 27 pid 1535724 avail_GiB 53.5 own_GiB 3.21 psi 0.0
[  2369s] finished OBJB_V4|scaled|rule|raw|UAFE|fee_x1.25 seed 24 rc 0 avail_GiB 53.4 own_GiB 3.29 psi 0.0
[  2369s] started OBJB_V4|scaled|rule|raw|UAFE|fee_x1.25 seed 28 pid 1536352 avail_GiB 53.4 own_GiB 3.31 psi 0.0
[  2374s] finished OBJB_V4|scaled|rule|raw|UAFE|fee_x1.25 seed 25 rc 0 avail_GiB 53.5 own_GiB 3.20 psi 0.0
[  2375s] started OBJB_V4|scaled|rule|raw|UAFE|fee_x1.25 seed 29 pid 1536401 avail_GiB 53.5 own_GiB 3.22 psi 0.0
[  2375s] finished OBJB_V4|scaled|rule|raw|UAFE|fee_x1.25 seed 26 rc 0 avail_GiB 53.4 own_GiB 3.24 psi 0.0
[  2375s] started OBJB_V4|scaled|rule|raw|UAFE|fee_x1.25 seed 30 pid 1536404 avail_GiB 53.5 own_GiB 3.16 psi 0.0
[  2375s] finished OBJB_V4|scaled|rule|raw|UAFE|fee_x1.25 seed 27 rc 0 avail_GiB 53.5 own_GiB 3.19 psi 0.0
[  2375s] started OBJB_V4|scaled|rule|raw|UAFE|fee_x1.25 seed 31 pid 1536405 avail_GiB 53.5 own_GiB 3.21 psi 0.0
[  2476s] finished OBJB_V4|scaled|rule|raw|UAFE|fee_x1.25 seed 28 rc 0 avail_GiB 53.5 own_GiB 3.17 psi 0.0
[  2476s] started OBJB_V4|scaled|rule|raw|UAFE|slip_x1.5 seed 0 pid 1537063 avail_GiB 53.5 own_GiB 3.18 psi 0.0
[  2476s] finished OBJB_V4|scaled|rule|raw|UAFE|fee_x1.25 seed 30 rc 0 avail_GiB 53.5 own_GiB 3.19 psi 0.0
[  2476s] started OBJB_V4|scaled|rule|raw|UAFE|slip_x1.5 seed 1 pid 1537064 avail_GiB 53.5 own_GiB 3.20 psi 0.0
[  2476s] finished OBJB_V4|scaled|rule|raw|UAFE|fee_x1.25 seed 31 rc 0 avail_GiB 53.5 own_GiB 3.22 psi 0.0
[  2476s] started OBJB_V4|scaled|rule|raw|UAFE|slip_x1.5 seed 2 pid 1537065 avail_GiB 53.4 own_GiB 3.25 psi 0.0
[  2484s] aggregated OBJB_V4|scaled|rule|raw|UAFE|fee_x1.25
[  2484s] finished OBJB_V4|scaled|rule|raw|UAFE|fee_x1.25 seed 29 rc 0 avail_GiB 53.4 own_GiB 3.32 psi 0.0
[  2484s] started OBJB_V4|scaled|rule|raw|UAFE|slip_x1.5 seed 3 pid 1537119 avail_GiB 53.4 own_GiB 3.33 psi 0.0
[  2580s] finished OBJB_V4|scaled|rule|raw|UAFE|slip_x1.5 seed 0 rc 0 avail_GiB 53.5 own_GiB 3.17 psi 0.0
[  2580s] started OBJB_V4|scaled|rule|raw|UAFE|slip_x1.5 seed 4 pid 1537750 avail_GiB 53.5 own_GiB 3.18 psi 0.0
[  2580s] finished OBJB_V4|scaled|rule|raw|UAFE|slip_x1.5 seed 1 rc 0 avail_GiB 53.5 own_GiB 3.18 psi 0.0
[  2580s] started OBJB_V4|scaled|rule|raw|UAFE|slip_x1.5 seed 5 pid 1537751 avail_GiB 53.5 own_GiB 3.19 psi 0.0
[  2580s] finished OBJB_V4|scaled|rule|raw|UAFE|slip_x1.5 seed 2 rc 0 avail_GiB 53.5 own_GiB 3.21 psi 0.0
[  2580s] started OBJB_V4|scaled|rule|raw|UAFE|slip_x1.5 seed 6 pid 1537752 avail_GiB 53.5 own_GiB 3.22 psi 0.0
[  2585s] finished OBJB_V4|scaled|rule|raw|UAFE|slip_x1.5 seed 3 rc 0 avail_GiB 53.5 own_GiB 3.20 psi 0.0
[  2586s] started OBJB_V4|scaled|rule|raw|UAFE|slip_x1.5 seed 7 pid 1537791 avail_GiB 53.5 own_GiB 3.21 psi 0.0
[  2682s] finished OBJB_V4|scaled|rule|raw|UAFE|slip_x1.5 seed 4 rc 0 avail_GiB 53.5 own_GiB 3.17 psi 0.0
[  2682s] started OBJB_V4|scaled|rule|raw|UAFE|slip_x1.5 seed 8 pid 1538427 avail_GiB 53.5 own_GiB 3.18 psi 0.0
[  2682s] finished OBJB_V4|scaled|rule|raw|UAFE|slip_x1.5 seed 5 rc 0 avail_GiB 53.5 own_GiB 3.18 psi 0.0
[  2682s] started OBJB_V4|scaled|rule|raw|UAFE|slip_x1.5 seed 9 pid 1538428 avail_GiB 53.5 own_GiB 3.19 psi 0.0
[  2682s] finished OBJB_V4|scaled|rule|raw|UAFE|slip_x1.5 seed 6 rc 0 avail_GiB 53.5 own_GiB 3.21 psi 0.0
[  2682s] started OBJB_V4|scaled|rule|raw|UAFE|slip_x1.5 seed 10 pid 1538429 avail_GiB 53.5 own_GiB 3.22 psi 0.0
[  2687s] finished OBJB_V4|scaled|rule|raw|UAFE|slip_x1.5 seed 7 rc 0 avail_GiB 53.5 own_GiB 3.20 psi 0.0
[  2687s] started OBJB_V4|scaled|rule|raw|UAFE|slip_x1.5 seed 11 pid 1538463 avail_GiB 53.5 own_GiB 3.21 psi 0.0
[  2783s] finished OBJB_V4|scaled|rule|raw|UAFE|slip_x1.5 seed 8 rc 0 avail_GiB 53.5 own_GiB 3.17 psi 0.0
[  2783s] started OBJB_V4|scaled|rule|raw|UAFE|slip_x1.5 seed 12 pid 1539083 avail_GiB 53.5 own_GiB 3.18 psi 0.0
[  2783s] finished OBJB_V4|scaled|rule|raw|UAFE|slip_x1.5 seed 9 rc 0 avail_GiB 53.5 own_GiB 3.18 psi 0.0
[  2784s] started OBJB_V4|scaled|rule|raw|UAFE|slip_x1.5 seed 13 pid 1539093 avail_GiB 53.5 own_GiB 3.19 psi 0.0
[  2784s] finished OBJB_V4|scaled|rule|raw|UAFE|slip_x1.5 seed 10 rc 0 avail_GiB 53.5 own_GiB 3.21 psi 0.0
[  2784s] started OBJB_V4|scaled|rule|raw|UAFE|slip_x1.5 seed 14 pid 1539104 avail_GiB 53.5 own_GiB 3.22 psi 0.0
[  2789s] finished OBJB_V4|scaled|rule|raw|UAFE|slip_x1.5 seed 11 rc 0 avail_GiB 53.5 own_GiB 3.20 psi 0.0
[  2789s] started OBJB_V4|scaled|rule|raw|UAFE|slip_x1.5 seed 15 pid 1539141 avail_GiB 53.5 own_GiB 3.21 psi 0.0
[  2885s] finished OBJB_V4|scaled|rule|raw|UAFE|slip_x1.5 seed 12 rc 0 avail_GiB 53.5 own_GiB 3.23 psi 0.0
[  2885s] started OBJB_V4|scaled|rule|raw|UAFE|slip_x1.5 seed 16 pid 1539743 avail_GiB 53.4 own_GiB 3.25 psi 0.0
[  2885s] finished OBJB_V4|scaled|rule|raw|UAFE|slip_x1.5 seed 13 rc 0 avail_GiB 53.4 own_GiB 3.26 psi 0.0
[  2885s] started OBJB_V4|scaled|rule|raw|UAFE|slip_x1.5 seed 17 pid 1539744 avail_GiB 53.5 own_GiB 3.20 psi 0.0
[  2885s] finished OBJB_V4|scaled|rule|raw|UAFE|slip_x1.5 seed 14 rc 0 avail_GiB 53.5 own_GiB 3.21 psi 0.0
[  2886s] started OBJB_V4|scaled|rule|raw|UAFE|slip_x1.5 seed 18 pid 1539745 avail_GiB 53.5 own_GiB 3.22 psi 0.0
[  2891s] finished OBJB_V4|scaled|rule|raw|UAFE|slip_x1.5 seed 15 rc 0 avail_GiB 53.5 own_GiB 3.20 psi 0.0
[  2891s] started OBJB_V4|scaled|rule|raw|UAFE|slip_x1.5 seed 19 pid 1539780 avail_GiB 53.5 own_GiB 3.21 psi 0.0
[  2992s] finished OBJB_V4|scaled|rule|raw|UAFE|slip_x1.5 seed 16 rc 0 avail_GiB 53.5 own_GiB 3.17 psi 0.0
[  2992s] started OBJB_V4|scaled|rule|raw|UAFE|slip_x1.5 seed 20 pid 1540448 avail_GiB 53.5 own_GiB 3.18 psi 0.0
[  2992s] finished OBJB_V4|scaled|rule|raw|UAFE|slip_x1.5 seed 17 rc 0 avail_GiB 53.5 own_GiB 3.18 psi 0.0
[  2992s] started OBJB_V4|scaled|rule|raw|UAFE|slip_x1.5 seed 21 pid 1540449 avail_GiB 53.5 own_GiB 3.19 psi 0.0
[  2992s] finished OBJB_V4|scaled|rule|raw|UAFE|slip_x1.5 seed 18 rc 0 avail_GiB 53.5 own_GiB 3.20 psi 0.0
[  2992s] started OBJB_V4|scaled|rule|raw|UAFE|slip_x1.5 seed 22 pid 1540450 avail_GiB 53.5 own_GiB 3.22 psi 0.0
[  2998s] finished OBJB_V4|scaled|rule|raw|UAFE|slip_x1.5 seed 19 rc 0 avail_GiB 53.5 own_GiB 3.20 psi 0.0
[  2998s] started OBJB_V4|scaled|rule|raw|UAFE|slip_x1.5 seed 23 pid 1540490 avail_GiB 53.5 own_GiB 3.21 psi 0.0
[  3099s] finished OBJB_V4|scaled|rule|raw|UAFE|slip_x1.5 seed 20 rc 0 avail_GiB 53.5 own_GiB 3.17 psi 0.0
[  3099s] started OBJB_V4|scaled|rule|raw|UAFE|slip_x1.5 seed 24 pid 1541170 avail_GiB 53.5 own_GiB 3.18 psi 0.0
[  3099s] finished OBJB_V4|scaled|rule|raw|UAFE|slip_x1.5 seed 21 rc 0 avail_GiB 53.5 own_GiB 3.18 psi 0.0
[  3099s] started OBJB_V4|scaled|rule|raw|UAFE|slip_x1.5 seed 25 pid 1541171 avail_GiB 53.5 own_GiB 3.19 psi 0.0
[  3099s] finished OBJB_V4|scaled|rule|raw|UAFE|slip_x1.5 seed 22 rc 0 avail_GiB 53.5 own_GiB 3.21 psi 0.0
[  3099s] started OBJB_V4|scaled|rule|raw|UAFE|slip_x1.5 seed 26 pid 1541172 avail_GiB 53.5 own_GiB 3.22 psi 0.0
[  3104s] finished OBJB_V4|scaled|rule|raw|UAFE|slip_x1.5 seed 23 rc 0 avail_GiB 53.5 own_GiB 3.20 psi 0.0
[  3105s] started OBJB_V4|scaled|rule|raw|UAFE|slip_x1.5 seed 27 pid 1541225 avail_GiB 53.5 own_GiB 3.21 psi 0.0
[  3201s] finished OBJB_V4|scaled|rule|raw|UAFE|slip_x1.5 seed 24 rc 0 avail_GiB 53.5 own_GiB 3.17 psi 0.0
[  3201s] started OBJB_V4|scaled|rule|raw|UAFE|slip_x1.5 seed 28 pid 1541827 avail_GiB 53.5 own_GiB 3.18 psi 0.0
[  3201s] finished OBJB_V4|scaled|rule|raw|UAFE|slip_x1.5 seed 25 rc 0 avail_GiB 53.5 own_GiB 3.18 psi 0.0
[  3201s] started OBJB_V4|scaled|rule|raw|UAFE|slip_x1.5 seed 29 pid 1541828 avail_GiB 53.5 own_GiB 3.19 psi 0.0
[  3201s] finished OBJB_V4|scaled|rule|raw|UAFE|slip_x1.5 seed 26 rc 0 avail_GiB 53.5 own_GiB 3.20 psi 0.0
[  3201s] started OBJB_V4|scaled|rule|raw|UAFE|slip_x1.5 seed 30 pid 1541829 avail_GiB 53.5 own_GiB 3.22 psi 0.0
[  3206s] finished OBJB_V4|scaled|rule|raw|UAFE|slip_x1.5 seed 27 rc 0 avail_GiB 53.5 own_GiB 3.20 psi 0.0
[  3206s] started OBJB_V4|scaled|rule|raw|UAFE|slip_x1.5 seed 31 pid 1541855 avail_GiB 53.5 own_GiB 3.21 psi 0.0
[  3302s] finished OBJB_V4|scaled|rule|raw|UAFE|slip_x1.5 seed 28 rc 0 avail_GiB 53.5 own_GiB 3.17 psi 0.0
[  3302s] started OBJB_V4|scaled|rule|raw|UAFE|fill_x0.9 seed 0 pid 1542540 avail_GiB 53.5 own_GiB 3.18 psi 0.0
[  3302s] finished OBJB_V4|scaled|rule|raw|UAFE|slip_x1.5 seed 29 rc 0 avail_GiB 53.5 own_GiB 3.18 psi 0.0
[  3303s] started OBJB_V4|scaled|rule|raw|UAFE|fill_x0.9 seed 1 pid 1542541 avail_GiB 53.5 own_GiB 3.19 psi 0.0
[  3303s] finished OBJB_V4|scaled|rule|raw|UAFE|slip_x1.5 seed 30 rc 0 avail_GiB 53.5 own_GiB 3.20 psi 0.0
[  3303s] started OBJB_V4|scaled|rule|raw|UAFE|fill_x0.9 seed 2 pid 1542542 avail_GiB 53.5 own_GiB 3.22 psi 0.0
[  3310s] aggregated OBJB_V4|scaled|rule|raw|UAFE|slip_x1.5
[  3310s] finished OBJB_V4|scaled|rule|raw|UAFE|slip_x1.5 seed 31 rc 0 avail_GiB 53.4 own_GiB 3.31 psi 0.0
[  3310s] started OBJB_V4|scaled|rule|raw|UAFE|fill_x0.9 seed 3 pid 1542601 avail_GiB 53.4 own_GiB 3.32 psi 0.0
[  3406s] finished OBJB_V4|scaled|rule|raw|UAFE|fill_x0.9 seed 0 rc 0 avail_GiB 53.5 own_GiB 3.17 psi 0.0
[  3406s] started OBJB_V4|scaled|rule|raw|UAFE|fill_x0.9 seed 4 pid 1543229 avail_GiB 53.5 own_GiB 3.18 psi 0.0
[  3406s] finished OBJB_V4|scaled|rule|raw|UAFE|fill_x0.9 seed 1 rc 0 avail_GiB 53.5 own_GiB 3.18 psi 0.0
[  3406s] started OBJB_V4|scaled|rule|raw|UAFE|fill_x0.9 seed 5 pid 1543230 avail_GiB 53.5 own_GiB 3.19 psi 0.0
[  3407s] finished OBJB_V4|scaled|rule|raw|UAFE|fill_x0.9 seed 2 rc 0 avail_GiB 53.5 own_GiB 3.20 psi 0.0
[  3407s] started OBJB_V4|scaled|rule|raw|UAFE|fill_x0.9 seed 6 pid 1543231 avail_GiB 53.5 own_GiB 3.22 psi 0.0
[  3412s] finished OBJB_V4|scaled|rule|raw|UAFE|fill_x0.9 seed 3 rc 0 avail_GiB 53.5 own_GiB 3.20 psi 0.0
[  3412s] started OBJB_V4|scaled|rule|raw|UAFE|fill_x0.9 seed 7 pid 1543256 avail_GiB 53.5 own_GiB 3.21 psi 0.0
[  3508s] finished OBJB_V4|scaled|rule|raw|UAFE|fill_x0.9 seed 4 rc 0 avail_GiB 53.5 own_GiB 3.17 psi 0.0
[  3508s] started OBJB_V4|scaled|rule|raw|UAFE|fill_x0.9 seed 8 pid 1543890 avail_GiB 53.5 own_GiB 3.18 psi 0.0
[  3508s] finished OBJB_V4|scaled|rule|raw|UAFE|fill_x0.9 seed 5 rc 0 avail_GiB 53.5 own_GiB 3.18 psi 0.0
[  3508s] started OBJB_V4|scaled|rule|raw|UAFE|fill_x0.9 seed 9 pid 1543891 avail_GiB 53.5 own_GiB 3.19 psi 0.0
[  3508s] finished OBJB_V4|scaled|rule|raw|UAFE|fill_x0.9 seed 6 rc 0 avail_GiB 53.5 own_GiB 3.20 psi 0.0
[  3508s] started OBJB_V4|scaled|rule|raw|UAFE|fill_x0.9 seed 10 pid 1543892 avail_GiB 53.5 own_GiB 3.22 psi 0.0
[  3513s] finished OBJB_V4|scaled|rule|raw|UAFE|fill_x0.9 seed 7 rc 0 avail_GiB 53.5 own_GiB 3.20 psi 0.0
[  3514s] started OBJB_V4|scaled|rule|raw|UAFE|fill_x0.9 seed 11 pid 1543941 avail_GiB 53.5 own_GiB 3.21 psi 0.0
[  3610s] finished OBJB_V4|scaled|rule|raw|UAFE|fill_x0.9 seed 8 rc 0 avail_GiB 53.5 own_GiB 3.17 psi 0.0
[  3610s] started OBJB_V4|scaled|rule|raw|UAFE|fill_x0.9 seed 12 pid 1544578 avail_GiB 53.5 own_GiB 3.18 psi 0.0
[  3610s] finished OBJB_V4|scaled|rule|raw|UAFE|fill_x0.9 seed 9 rc 0 avail_GiB 53.5 own_GiB 3.18 psi 0.0
[  3610s] started OBJB_V4|scaled|rule|raw|UAFE|fill_x0.9 seed 13 pid 1544579 avail_GiB 53.5 own_GiB 3.19 psi 0.0
[  3610s] finished OBJB_V4|scaled|rule|raw|UAFE|fill_x0.9 seed 10 rc 0 avail_GiB 53.5 own_GiB 3.20 psi 0.0
[  3610s] started OBJB_V4|scaled|rule|raw|UAFE|fill_x0.9 seed 14 pid 1544582 avail_GiB 53.5 own_GiB 3.22 psi 0.0
[  3615s] finished OBJB_V4|scaled|rule|raw|UAFE|fill_x0.9 seed 11 rc 0 avail_GiB 53.5 own_GiB 3.20 psi 0.0
[  3615s] started OBJB_V4|scaled|rule|raw|UAFE|fill_x0.9 seed 15 pid 1544608 avail_GiB 53.5 own_GiB 3.21 psi 0.0
[  3711s] finished OBJB_V4|scaled|rule|raw|UAFE|fill_x0.9 seed 12 rc 0 avail_GiB 53.5 own_GiB 3.17 psi 0.0
[  3711s] started OBJB_V4|scaled|rule|raw|UAFE|fill_x0.9 seed 16 pid 1545260 avail_GiB 53.5 own_GiB 3.18 psi 0.0
[  3711s] finished OBJB_V4|scaled|rule|raw|UAFE|fill_x0.9 seed 13 rc 0 avail_GiB 53.5 own_GiB 3.18 psi 0.0
[  3711s] started OBJB_V4|scaled|rule|raw|UAFE|fill_x0.9 seed 17 pid 1545271 avail_GiB 53.5 own_GiB 3.19 psi 0.0
[  3711s] finished OBJB_V4|scaled|rule|raw|UAFE|fill_x0.9 seed 14 rc 0 avail_GiB 53.5 own_GiB 3.20 psi 0.0
[  3712s] started OBJB_V4|scaled|rule|raw|UAFE|fill_x0.9 seed 18 pid 1545272 avail_GiB 53.5 own_GiB 3.22 psi 0.0
[  3717s] finished OBJB_V4|scaled|rule|raw|UAFE|fill_x0.9 seed 15 rc 0 avail_GiB 53.5 own_GiB 3.20 psi 0.0
[  3717s] started OBJB_V4|scaled|rule|raw|UAFE|fill_x0.9 seed 19 pid 1545310 avail_GiB 53.5 own_GiB 3.21 psi 0.0
[  3813s] finished OBJB_V4|scaled|rule|raw|UAFE|fill_x0.9 seed 16 rc 0 avail_GiB 53.5 own_GiB 3.17 psi 0.0
[  3813s] started OBJB_V4|scaled|rule|raw|UAFE|fill_x0.9 seed 20 pid 1545935 avail_GiB 53.5 own_GiB 3.18 psi 0.0
[  3813s] finished OBJB_V4|scaled|rule|raw|UAFE|fill_x0.9 seed 17 rc 0 avail_GiB 53.5 own_GiB 3.18 psi 0.0
[  3813s] started OBJB_V4|scaled|rule|raw|UAFE|fill_x0.9 seed 21 pid 1545945 avail_GiB 53.5 own_GiB 3.19 psi 0.0
[  3813s] finished OBJB_V4|scaled|rule|raw|UAFE|fill_x0.9 seed 18 rc 0 avail_GiB 53.5 own_GiB 3.20 psi 0.0
[  3813s] started OBJB_V4|scaled|rule|raw|UAFE|fill_x0.9 seed 22 pid 1545946 avail_GiB 53.5 own_GiB 3.22 psi 0.0
[  3818s] finished OBJB_V4|scaled|rule|raw|UAFE|fill_x0.9 seed 19 rc 0 avail_GiB 53.5 own_GiB 3.20 psi 0.0
[  3818s] started OBJB_V4|scaled|rule|raw|UAFE|fill_x0.9 seed 23 pid 1545982 avail_GiB 53.5 own_GiB 3.21 psi 0.0
[  3914s] finished OBJB_V4|scaled|rule|raw|UAFE|fill_x0.9 seed 20 rc 0 avail_GiB 53.5 own_GiB 3.17 psi 0.0
[  3915s] started OBJB_V4|scaled|rule|raw|UAFE|fill_x0.9 seed 24 pid 1546617 avail_GiB 53.5 own_GiB 3.18 psi 0.0
[  3915s] finished OBJB_V4|scaled|rule|raw|UAFE|fill_x0.9 seed 21 rc 0 avail_GiB 53.5 own_GiB 3.18 psi 0.0
[  3915s] started OBJB_V4|scaled|rule|raw|UAFE|fill_x0.9 seed 25 pid 1546618 avail_GiB 53.5 own_GiB 3.19 psi 0.0
[  3915s] finished OBJB_V4|scaled|rule|raw|UAFE|fill_x0.9 seed 22 rc 0 avail_GiB 53.5 own_GiB 3.20 psi 0.0
[  3915s] started OBJB_V4|scaled|rule|raw|UAFE|fill_x0.9 seed 26 pid 1546619 avail_GiB 53.5 own_GiB 3.22 psi 0.0
[  3920s] finished OBJB_V4|scaled|rule|raw|UAFE|fill_x0.9 seed 23 rc 0 avail_GiB 53.5 own_GiB 3.20 psi 0.0
[  3920s] started OBJB_V4|scaled|rule|raw|UAFE|fill_x0.9 seed 27 pid 1546657 avail_GiB 53.5 own_GiB 3.21 psi 0.0
[  4016s] finished OBJB_V4|scaled|rule|raw|UAFE|fill_x0.9 seed 24 rc 0 avail_GiB 53.5 own_GiB 3.17 psi 0.0
[  4016s] started OBJB_V4|scaled|rule|raw|UAFE|fill_x0.9 seed 28 pid 1547309 avail_GiB 53.5 own_GiB 3.18 psi 0.0
[  4016s] finished OBJB_V4|scaled|rule|raw|UAFE|fill_x0.9 seed 25 rc 0 avail_GiB 53.5 own_GiB 3.18 psi 0.0
[  4016s] started OBJB_V4|scaled|rule|raw|UAFE|fill_x0.9 seed 29 pid 1547310 avail_GiB 53.5 own_GiB 3.19 psi 0.0
[  4016s] finished OBJB_V4|scaled|rule|raw|UAFE|fill_x0.9 seed 26 rc 0 avail_GiB 53.5 own_GiB 3.20 psi 0.0
[  4016s] started OBJB_V4|scaled|rule|raw|UAFE|fill_x0.9 seed 30 pid 1547311 avail_GiB 53.5 own_GiB 3.22 psi 0.0
[  4022s] finished OBJB_V4|scaled|rule|raw|UAFE|fill_x0.9 seed 27 rc 0 avail_GiB 53.5 own_GiB 3.20 psi 0.0
[  4022s] started OBJB_V4|scaled|rule|raw|UAFE|fill_x0.9 seed 31 pid 1547337 avail_GiB 53.5 own_GiB 3.21 psi 0.0
[  4118s] finished OBJB_V4|scaled|rule|raw|UAFE|fill_x0.9 seed 28 rc 0 avail_GiB 53.5 own_GiB 3.17 psi 0.0
[  4118s] finished OBJB_V4|scaled|rule|raw|UAFE|fill_x0.9 seed 29 rc 0 avail_GiB 53.5 own_GiB 3.17 psi 0.0
[  4118s] finished OBJB_V4|scaled|rule|raw|UAFE|fill_x0.9 seed 30 rc 0 avail_GiB 53.5 own_GiB 3.17 psi 0.0
[  4125s] aggregated OBJB_V4|scaled|rule|raw|UAFE|fill_x0.9
[  4125s] finished OBJB_V4|scaled|rule|raw|UAFE|fill_x0.9 seed 31 rc 0 avail_GiB 53.6 own_GiB 3.11 psi 0.0
[  4125s] CHECK runs.all_rc0 OK {"OBJB_V4|scaled|rule|raw|UAFE": {"0": 0, "1": 0, "2": 0, "3": 0, "4": 0, "5": 0, "6": 0, "7": 0, "8": 0, "11": 0, "9": 0, "10": 0, "12": 0, "13": 0, "14": 0, "15": 0, "16": 0, "17": 0, "18": 0, "19": 0, "20": 0, "21": 0, "22": 0, "23": 0, 
[  4125s] CHECK runs.audits_clean OK 
BT_LAUNCH VERDICT=PASS label=full_v4 runs=5 seeds=32 receipt_sha256=007582e2a214e8b0372e256baca070d0783201e55b4c315aee37f5f6f2ff219b
EXIT 0
