[     1s] CHECK input_sha.cache_x0918r OK {"expected": "08bb295745e6df84", "got": "08bb295745e6df84"}
[     1s] CHECK input_sha.base_patch OK {"expected": "984c289238385017", "got": "984c289238385017"}
[     1s] CHECK input_sha.ext_patch OK {"expected": "01d234c7e8e28ea9", "got": "01d234c7e8e28ea9"}
[     1s] CHECK input_sha.rp_lib OK {"expected": "f802036f1a2e9e9f", "got": "f802036f1a2e9e9f"}
[     1s] CHECK input_sha.ext_device OK {"expected": "217425a1be249d01", "got": "217425a1be249d01"}
[     2s] CHECK input_sha.ext_lp OK {"expected": "9249b0da4a4c5789", "got": "9249b0da4a4c5789"}
[     2s] CHECK input_sha.ext_meta OK {"expected": "da136830cee7e1a2", "got": "da136830cee7e1a2"}
[     2s] CHECK input_sha.ledger_p2 OK {"expected": "bea6f5752772d54e", "got": "bea6f5752772d54e"}
[     2s] CHECK input_sha.ledger_axis OK {"expected": "74b69e635efbf355", "got": "74b69e635efbf355"}
[     8s] CHECK input_sha.my_full_raw OK {"expected": "b935ea28e386ba3c", "got": "b935ea28e386ba3c"}
[     8s] CHECK input_sha.my_full_meta OK {"expected": "f2f5382889f8c926", "got": "f2f5382889f8c926"}
[     8s] CHECK cache.symbols_axis OK 
[     8s] CHECK cache.ret5_channel0_strict_5m OK {"first": "2022-01-01T00:00Z", "last": "2026-09-19T00:00Z"}
[     8s] CHECK cache.data_header OK {"shape": [495937, 829, 7]}
[    34s] ret5 streamed (495937, 829)
[    34s] CHECK G1.sample_set_equals_pinned_meta_bounds OK {"n": 64769}
[    34s] CHECK patch.symbols OK 
[    34s] CHECK patch.no_unavailable_bound_bar_in_range OK 
[    34s] CHECK G5.unavailable_count_3084_ext_adds_none OK {"n": 3084}
[    34s] CHECK G5.unavailable_are_nan_cache_bars OK 
[    34s] CHECK G3.old_grid_is_a_prefix OK {"old_rows": 438721, "new_rows": 444145}
[    35s] block 0 applied 69 G2 mismatch 0 G3 mismatch 0
[    38s] block 192 applied 288 G2 mismatch 0 G3 mismatch 0
[    41s] block 384 applied 487 G2 mismatch 0 G3 mismatch 0
[    44s] block 576 applied 713 G2 mismatch 0 G3 mismatch 0
[    47s] block 768 applied 946 G2 mismatch 0 G3 mismatch 0
[    47s] CHECK G2.full_grid_equals_pinned_extended_table_at_every_sample_bitwise OK {"cells": 53693501, "mismatch": 0}
[    47s] CHECK G3.full_grid_equals_my_old_full_raw_grid_on_the_old_span_bitwise OK {"cells": 363699709, "mismatch": 0}
[    47s] CHECK G4.cref_first_fin_ref_equal_pinned_meta OK 
[    47s] CHECK patch.applied_952_plus_ext OK {"applied": 959}
[    47s] CHECK grid.finite OK 
BT_PRICES_FULL_X0918R VERDICT=PASS grid_rows=444145 samples_bitwise=53693501/53693501 old_span_bitwise=363699709/363699709 receipt_sha256=130592b122831e03c24916e771be5174c9be3930500eb735a7d268907ee000f2
