[     4s] CHECK input_sha.cache OK {"expected": "1d7f459dee434ec4", "got": "1d7f459dee434ec4"}
[     4s] CHECK input_sha.meta_y4 OK {"expected": "0e3c09ac86c727ac", "got": "0e3c09ac86c727ac"}
[     4s] CHECK input_sha.ledger OK {"expected": "bea6f5752772d54e", "got": "bea6f5752772d54e"}
[     5s] CHECK input_sha.old_lp OK {"expected": "3b588cb058920d57", "got": "3b588cb058920d57"}
[     5s] CHECK input_sha.old_meta OK {"expected": "fc6a381a76e311e6", "got": "fc6a381a76e311e6"}
[     6s] CHECK input_sha.raw_lp OK {"expected": "0b134159a61aa77e", "got": "0b134159a61aa77e"}
[     6s] CHECK input_sha.raw_meta OK {"expected": "c27fdb11af42f374", "got": "c27fdb11af42f374"}
[     6s] CHECK input_sha.raw_patch OK {"expected": "984c289238385017", "got": "984c289238385017"}
[     6s] CHECK input_sha.rp_lib OK {"expected": "f802036f1a2e9e9f", "got": "f802036f1a2e9e9f"}
[     6s] CHECK input_sha.r_prices_py OK {"expected": "3614558d6eb58200", "got": "3614558d6eb58200"}
[     6s] CHECK input_sha.r_prices_raw_py OK {"expected": "07a3deaf2659b4c1", "got": "07a3deaf2659b4c1"}
[     6s] CHECK cache.symbols_axis OK 
[     6s] CHECK cache.ret5_is_channel0 OK ["ret5", "range", "cpos", "log_qv", "log_cnt", "log_avgsz", "tbf"]
[     6s] CHECK cache.ts_strict_5m OK 
[     6s] CHECK cache.data_header OK {"shape": [490753, 829, 7]}
[    31s] ret5 streamed (490753, 829)
[    32s] CHECK samples.equal_old_meta_bounds OK {"n": 63975}
[    32s] CHECK samples.equal_raw_meta_bounds OK 
[    32s] CHECK samples.inside_grid OK {"first": 1656532800, "last": 1788148800}
[    32s] CHECK grid.contiguous_cache_rows OK {"n_grid": 438721, "first_cache_row": 51792}
[    32s] CHECK patch.symbols OK 
[    32s] CHECK patch.no_unavailable_bound_bar_in_range OK {"n": 0}
[    32s] CHECK unavail.count_3084 OK {"n": 3084}
[    32s] CHECK unavail.are_nan_cache_bars OK 
[    33s] block 0 old_patch_cells 38 raw_applied 65 mismatch {'old': 0, 'raw': 0}
[    35s] block 48 old_patch_cells 81 raw_applied 127 mismatch {'old': 0, 'raw': 0}
[    36s] block 96 old_patch_cells 122 raw_applied 184 mismatch {'old': 0, 'raw': 0}
[    37s] block 144 old_patch_cells 154 raw_applied 236 mismatch {'old': 0, 'raw': 0}
[    38s] block 192 old_patch_cells 183 raw_applied 283 mismatch {'old': 0, 'raw': 0}
[    40s] block 240 old_patch_cells 214 raw_applied 334 mismatch {'old': 0, 'raw': 0}
[    41s] block 288 old_patch_cells 243 raw_applied 371 mismatch {'old': 0, 'raw': 0}
[    42s] block 336 old_patch_cells 277 raw_applied 428 mismatch {'old': 0, 'raw': 0}
[    44s] block 384 old_patch_cells 311 raw_applied 482 mismatch {'old': 0, 'raw': 0}
[    45s] block 432 old_patch_cells 345 raw_applied 543 mismatch {'old': 0, 'raw': 0}
[    46s] block 480 old_patch_cells 378 raw_applied 606 mismatch {'old': 0, 'raw': 0}
[    47s] block 528 old_patch_cells 413 raw_applied 657 mismatch {'old': 0, 'raw': 0}
[    48s] block 576 old_patch_cells 442 raw_applied 707 mismatch {'old': 0, 'raw': 0}
[    50s] block 624 old_patch_cells 474 raw_applied 756 mismatch {'old': 0, 'raw': 0}
[    51s] block 672 old_patch_cells 512 raw_applied 815 mismatch {'old': 0, 'raw': 0}
[    52s] block 720 old_patch_cells 552 raw_applied 885 mismatch {'old': 0, 'raw': 0}
[    54s] block 768 old_patch_cells 582 raw_applied 939 mismatch {'old': 0, 'raw': 0}
[    54s] block 816 old_patch_cells 590 raw_applied 952 mismatch {'old': 0, 'raw': 0}
[    54s] CHECK gate.old_full_grid_equals_pinned_at_every_sample_bitwise OK {"cells": 53035275, "mismatch": 0, "max_abs": 0.0}
[    54s] CHECK gate.raw_full_grid_equals_pinned_at_every_sample_bitwise OK {"cells": 53035275, "mismatch": 0, "max_abs": 0.0}
[    54s] CHECK gate.old_patch_cells_590 OK {"n": 590}
[    54s] CHECK gate.raw_bars_replaced_952 OK {"n": 952}
[    54s] CHECK meta.old.cref_bitwise OK 
[    54s] CHECK meta.old.first_last_fin OK 
[    54s] CHECK meta.raw.cref_bitwise OK 
[    54s] CHECK meta.raw.first_last_fin OK 
[    54s] CHECK meta.ref_px_ref_b_equal_old_raw OK 
[    54s] CHECK grid.finite OK 
[    54s] CHECK unavail.subset_of_inlife_nan_or_outside_life OK 
BT_PRICES_FULL VERDICT=PASS grid_rows=438721 samples_bitwise_old=53035275/53035275 raw=53035275/53035275 unavail_on_grid=3084 receipt_sha256=9f6d8a55e8eb033bc9aa73a7714816d97027d626e5c839180407d985ca977ef1
