CONTROL EXIT 3 scaled_rule_raw_UAFE
BT_EXT_CONTROL VERDICT: FAILURES 9/199: ['C3.seed06.nav5_prefix_bitwise_equal', 'C3.seed08.nav5_prefix_bitwise_equal', 'C3.seed10.nav5_prefix_bitwise_equal', 'C3.seed13.nav5_prefix_bitwise_equal', 'C3.seed17.nav5_prefix_bitwise_equal', 'C3.seed18.nav5_prefix_bitwise_equal']
CONTROL EXIT 3 lit_rule_raw_UAFE
BT_EXT_CONTROL VERDICT: FAILURES 4/199: ['C3.seed17.nav5_prefix_bitwise_equal', 'C3.seed23.nav5_prefix_bitwise_equal', 'C3.seed26.nav5_prefix_bitwise_equal', 'C3.seed27.nav5_prefix_bitwise_equal']
CONTROL EXIT 3 scaled_rule_raw_UAFE_fee_x1.25
BT_EXT_CONTROL VERDICT: FAILURES 15/199: ['C3.seed00.nav5_prefix_bitwise_equal', 'C3.seed01.nav5_prefix_bitwise_equal', 'C3.seed05.nav5_prefix_bitwise_equal', 'C3.seed07.nav5_prefix_bitwise_equal', 'C3.seed09.nav5_prefix_bitwise_equal', 'C3.seed11.nav5_prefix_bitwise_equal']
CONTROL EXIT 3 scaled_rule_raw_UAFE_slip_x1.5
BT_EXT_CONTROL VERDICT: FAILURES 9/199: ['C3.seed01.nav5_prefix_bitwise_equal', 'C3.seed02.nav5_prefix_bitwise_equal', 'C3.seed03.nav5_prefix_bitwise_equal', 'C3.seed07.nav5_prefix_bitwise_equal', 'C3.seed08.nav5_prefix_bitwise_equal', 'C3.seed09.nav5_prefix_bitwise_equal']
CONTROL EXIT 3 scaled_rule_raw_UAFE_fill_x0.9
BT_EXT_CONTROL VERDICT: FAILURES 10/199: ['C3.seed02.nav5_prefix_bitwise_equal', 'C3.seed05.nav5_prefix_bitwise_equal', 'C3.seed11.nav5_prefix_bitwise_equal', 'C3.seed12.nav5_prefix_bitwise_equal', 'C3.seed13.nav5_prefix_bitwise_equal', 'C3.seed15.nav5_prefix_bitwise_equal']
BATTERY EXIT 0 OBJB_A0X_scaled_rule_raw_UAFE
BT_BATTERY VERDICT: ALL PASS 53/53 checks (baselines green first, every mutation red)
BATTERY EXIT 0 OBJB_A0X_lit_rule_raw_UAFE
BT_BATTERY VERDICT: ALL PASS 53/53 checks (baselines green first, every mutation red)
BATTERY EXIT 0 OBJB_A0X_scaled_rule_raw_UAFE_fee_x1.25
BT_BATTERY VERDICT: ALL PASS 53/53 checks (baselines green first, every mutation red)
BATTERY EXIT 0 OBJB_A0X_scaled_rule_raw_UAFE_slip_x1.5
BT_BATTERY VERDICT: ALL PASS 53/53 checks (baselines green first, every mutation red)
BATTERY EXIT 0 OBJB_A0X_scaled_rule_raw_UAFE_fill_x0.9
BT_BATTERY VERDICT: ALL PASS 53/53 checks (baselines green first, every mutation red)
RUN_SUMMARY EXIT 0
BT_RUN_SUMMARY written /workspace/baseline_tables_2026-09-19/receipts/BT_RUN_SUMMARY_A0X.json core_hours 4.46 wall_s 4141.1
MAIN_A0X EXIT 0
BT_TABLES main_a0 written /workspace/baseline_tables_2026-09-19/receipts/BT_MAIN_A0X.json 66f152eb550f0970550d521e77bfbee67516e5450275c53495d1058eac1678fb
BT_P_READING written /workspace/baseline_tables_2026-09-19/receipts/BT_P_READING_A0X.json 2b3b948fe48fc6f5 | quarterly starts that breach on at least one path: {"OBJB_A0X|scaled (main reading, extended window)": 7, "OBJB_A0X|lit (reported, extended window)": 10}
P_READING EXIT 0
