BATTERY EXIT 0 OBJB_V4_scaled_rule_raw_UAFE
BT_BATTERY VERDICT: ALL PASS 53/53 checks (baselines green first, every mutation red)
BATTERY EXIT 0 OBJB_V4_lit_rule_raw_UAFE
BT_BATTERY VERDICT: ALL PASS 53/53 checks (baselines green first, every mutation red)
BATTERY EXIT 0 OBJB_V4_scaled_rule_raw_UAFE_fee_x1.25
BT_BATTERY VERDICT: ALL PASS 53/53 checks (baselines green first, every mutation red)
BATTERY EXIT 0 OBJB_V4_scaled_rule_raw_UAFE_slip_x1.5
BT_BATTERY VERDICT: ALL PASS 53/53 checks (baselines green first, every mutation red)
BATTERY EXIT 0 OBJB_V4_scaled_rule_raw_UAFE_fill_x0.9
BT_BATTERY VERDICT: ALL PASS 53/53 checks (baselines green first, every mutation red)
RUN_SUMMARY EXIT 0
BT_RUN_SUMMARY written /workspace/baseline_tables_2026-09-19/receipts/BT_RUN_SUMMARY_V4.json core_hours 4.44 wall_s 4125.1
MAIN_V4 EXIT 0
BT_TABLES main_a0 written /workspace/baseline_tables_2026-09-19/receipts/BT_MAIN_V4.json 8e4155826881e26e095821ff856b26818a1624eb0967c319451d277b11d56093
MAIN_PAIR EXIT 0
BT_TABLES main_pair written /workspace/baseline_tables_2026-09-19/receipts/BT_MAIN_PAIR_A0_vs_V4.json ee7bc0405c4a8ba1927298ec1c4b71549137036aa1cb7a49acb98ee08f72b774
BT_P_CONFIG_FOR wrote /workspace/baseline_tables_2026-09-19/RUN_CONFIG_Preading_V4_2026-09-20.json bcc6e8397b8869c4 | runs: ['OBJB_V4_scaled_rule_raw_UAFE', 'OBJB_V4_lit_rule_raw_UAFE'] | p_reading block identical to RUN_CONFIG_Preading_A0_2026-09-20.json
P_CONFIG EXIT 0
BT_P_READING written /workspace/baseline_tables_2026-09-19/receipts/BT_P_READING_V4.json 5c53d7d6b64d50ba | quarterly starts that breach on at least one path: {"OBJB_V4|scaled (main reading, the v4 retrain arm)": 7, "OBJB_V4|lit (reported, the v4 retrain arm)": 10}
P_READING EXIT 0
