REC d30_n2_c42_rec | all 18 arms share identical anchor set: n= 10038 first 2022-01-31 00:00 last 2026-08-30 20:00
F10 s42 preds finite rows: first 2023-01-01 00:00 last 2026-08-10 20:00 | rows 7908 / 10086
F10 s2027 last finite 2026-08-10 20:00 rows 7908
window sizes: {'2024': 2196, '2025': 2190, '2026<=cut': 1332, '2026all': 1452, '2024on': 5838, '2024on<=cut': 5718, '2025on': 3642, '2025on<=cut': 3522}

===== CAL=log  [raw Σ-simple y4, no transform]  rec=d30_n2_c42_rec
arm           seed  |                 2024 |                 2025 |            2026<=cut |              2026all |               2024on |               2025on | gross w_king w_rev w_fund turn(2024on)
A             42    | +0.093 S+0.26 DD1334 |  +0.573 S+1.25 DD561 |  +2.058 S+4.01 DD403 |  +1.499 S+2.87 DD840 | +0.623 S+1.41 DD1334 |  +0.942 S+1.94 DD840 | 0.778 0.524 0.098 0.378 0.0315
B             42    | +0.158 S+0.46 DD1206 |  +0.551 S+1.23 DD566 |  +2.163 S+4.01 DD394 |  +1.653 S+3.04 DD756 | +0.677 S+1.54 DD1206 |  +0.990 S+2.03 DD756 | 0.778 0.588 0.000 0.412 0.0281
C             42    |  +0.161 S+0.52 DD916 |  +0.444 S+1.24 DD485 |  +2.160 S+4.45 DD392 |  +1.609 S+3.23 DD862 |  +0.627 S+1.65 DD916 |  +0.909 S+2.17 DD862 | 0.672 0.524 0.098 0.378 0.0342
C             2027  |  +0.233 S+0.75 DD921 |  +0.521 S+1.39 DD515 |  +2.129 S+4.36 DD403 |  +1.584 S+3.16 DD862 |  +0.677 S+1.74 DD921 |  +0.944 S+2.20 DD862 | 0.682 0.524 0.098 0.378 0.0333
D             42    |  +0.255 S+0.86 DD719 |  +0.436 S+1.25 DD503 |  +2.373 S+4.61 DD395 |  +1.893 S+3.64 DD727 |  +0.730 S+1.91 DD727 |  +1.017 S+2.39 DD727 | 0.671 0.588 0.000 0.412 0.0308
D             2027  |  +0.308 S+1.04 DD765 |  +0.523 S+1.43 DD536 |  +2.345 S+4.53 DD401 |  +1.884 S+3.59 DD705 |  +0.780 S+2.00 DD765 |  +1.065 S+2.44 DD705 | 0.681 0.588 0.000 0.412 0.0301

===== CAL=simple  [expm1(Σ-simple y4)]  rec=d30_n2_c42_rec
arm           seed  |                 2024 |                 2025 |            2026<=cut |              2026all |               2024on |               2025on | gross w_king w_rev w_fund turn(2024on)
A             42    |  +0.302 S+0.85 DD792 | +0.692 S+1.60 DD1156 |  +3.307 S+6.32 DD294 |  +2.812 S+5.33 DD712 | +1.072 S+2.48 DD1156 | +1.537 S+3.25 DD1156 | 0.740 0.312 0.052 0.636 0.0213
B             42    |  +0.325 S+0.94 DD747 | +0.706 S+1.65 DD1173 |  +3.362 S+6.55 DD278 |  +2.864 S+5.52 DD706 | +1.099 S+2.58 DD1173 | +1.566 S+3.35 DD1173 | 0.732 0.344 0.000 0.656 0.0199
C             42    |  +0.308 S+0.99 DD757 |  +0.818 S+2.32 DD685 |  +3.586 S+6.96 DD262 |  +3.094 S+5.95 DD682 |  +1.192 S+3.07 DD757 |  +1.725 S+4.03 DD685 | 0.663 0.312 0.052 0.636 0.0229
C             2027  |  +0.368 S+1.17 DD768 |  +0.860 S+2.40 DD631 |  +3.540 S+6.86 DD289 |  +3.051 S+5.86 DD683 |  +1.220 S+3.12 DD768 |  +1.734 S+4.02 DD683 | 0.668 0.312 0.052 0.636 0.0223
D             42    |  +0.322 S+1.06 DD694 |  +0.843 S+2.41 DD670 |  +3.629 S+7.14 DD258 |  +3.132 S+6.11 DD682 |  +1.216 S+3.18 DD694 |  +1.756 S+4.15 DD682 | 0.655 0.344 0.000 0.656 0.0214
D             2027  |  +0.389 S+1.27 DD699 |  +0.878 S+2.47 DD618 |  +3.620 S+7.11 DD261 |  +3.123 S+6.07 DD683 |  +1.252 S+3.25 DD699 |  +1.773 S+4.16 DD683 | 0.660 0.344 0.000 0.656 0.0208

===== CAL=prod  [compounded Π(1+r5)-1 over [E+1,E+48], no transform]  rec=d30_n2_c42_rec
arm           seed  |                 2024 |                 2025 |            2026<=cut |              2026all |               2024on |               2025on | gross w_king w_rev w_fund turn(2024on)
A             42    | -0.038 S-0.10 DD1674 |  +0.550 S+1.18 DD573 |  +1.823 S+3.63 DD380 |  +1.305 S+2.56 DD787 | +0.517 S+1.17 DD1674 |  +0.851 S+1.76 DD792 | 0.769 0.542 0.115 0.343 0.0340
B             42    | +0.087 S+0.25 DD1426 |  +0.531 S+1.17 DD612 |  +2.052 S+3.85 DD367 |  +1.549 S+2.88 DD754 | +0.617 S+1.40 DD1426 |  +0.937 S+1.91 DD830 | 0.772 0.617 0.000 0.383 0.0297
C             42    | +0.095 S+0.32 DD1088 |  +0.481 S+1.31 DD491 |  +1.998 S+4.18 DD329 |  +1.526 S+3.12 DD782 | +0.596 S+1.57 DD1088 |  +0.897 S+2.14 DD782 | 0.657 0.542 0.115 0.343 0.0367
C             2027  | +0.184 S+0.62 DD1040 |  +0.532 S+1.41 DD522 |  +2.021 S+4.21 DD337 |  +1.545 S+3.16 DD783 | +0.653 S+1.71 DD1040 |  +0.936 S+2.20 DD783 | 0.667 0.542 0.115 0.343 0.0358
D             42    |  +0.232 S+0.82 DD797 |  +0.471 S+1.31 DD512 |  +2.271 S+4.43 DD336 |  +1.833 S+3.54 DD704 |  +0.720 S+1.89 DD797 |  +1.014 S+2.36 DD704 | 0.658 0.617 0.000 0.383 0.0324
D             2027  |  +0.309 S+1.10 DD765 |  +0.536 S+1.45 DD551 |  +2.268 S+4.40 DD344 |  +1.833 S+3.52 DD694 |  +0.773 S+2.01 DD765 |  +1.053 S+2.41 DD694 | 0.667 0.617 0.000 0.383 0.0317

===== DELTAS CAL=log (net_ex bps/anchor, paired by anchor; day-block bootstrap 2000 resamples, CI95)
pair      seed  | 2024on: Δ [CI95] P>0               | 2025on: Δ [CI95] P>0               | 2024on<=cut            | 2025on<=cut            | per-year Δ 2024/2025/2026<=cut/2026all | ΔSharpe 2024on/2025on | Δturn 2024on
D-A       42    | +0.108 [-0.101,+0.312] 0.837       | +0.075 [-0.227,+0.375] 0.680       | +0.083 [-0.129,+0.293] | +0.034 [-0.284,+0.327] | +0.162/-0.137/+0.315/+0.394 | +0.50/+0.44 | -0.0007
D-A       2027  | +0.158 [-0.052,+0.367] 0.923       | +0.123 [-0.189,+0.413] 0.788       | +0.130 [-0.080,+0.342] | +0.077 [-0.216,+0.362] | +0.215/-0.050/+0.286/+0.385 | +0.59/+0.50 | -0.0014
B-A       42    | +0.054 [-0.041,+0.157] 0.872       | +0.048 [-0.099,+0.192] 0.733       | +0.041 [-0.057,+0.134] | +0.025 [-0.121,+0.161] | +0.065/-0.022/+0.104/+0.154 | +0.13/+0.08 | -0.0034
C-A       42    | +0.005 [-0.177,+0.200] 0.500       | -0.034 [-0.286,+0.232] 0.405       | +0.000 [-0.188,+0.177] | -0.042 [-0.294,+0.227] | +0.068/-0.129/+0.102/+0.111 | +0.23/+0.22 | +0.0027
C-A       2027  | +0.054 [-0.122,+0.224] 0.722       | +0.002 [-0.245,+0.241] 0.510       | +0.050 [-0.131,+0.231] | -0.006 [-0.263,+0.246] | +0.140/-0.052/+0.071/+0.085 | +0.33/+0.26 | +0.0018
D-B       42    | +0.053 [-0.133,+0.225] 0.703       | +0.027 [-0.212,+0.283] 0.578       | +0.043 [-0.138,+0.226] | +0.009 [-0.252,+0.269] | +0.097/-0.114/+0.211/+0.240 | +0.37/+0.36 | +0.0027
D-B       2027  | +0.103 [-0.069,+0.284] 0.863       | +0.075 [-0.157,+0.336] 0.747       | +0.089 [-0.079,+0.267] | +0.052 [-0.198,+0.293] | +0.150/-0.028/+0.182/+0.231 | +0.47/+0.42 | +0.0020
D-C       42    | +0.103 [+0.006,+0.201] 0.982       | +0.108 [-0.035,+0.256] 0.925       | +0.083 [-0.014,+0.181] | +0.076 [-0.069,+0.215] | +0.094/-0.008/+0.213/+0.283 | +0.26/+0.22 | -0.0034
D-C       2027  | +0.104 [+0.004,+0.213] 0.978       | +0.121 [-0.019,+0.273] 0.951       | +0.080 [-0.014,+0.182] | +0.083 [-0.062,+0.223] | +0.076/+0.002/+0.216/+0.300 | +0.26/+0.24 | -0.0032

===== DELTAS CAL=simple (net_ex bps/anchor, paired by anchor; day-block bootstrap 2000 resamples, CI95)
pair      seed  | 2024on: Δ [CI95] P>0               | 2025on: Δ [CI95] P>0               | 2024on<=cut            | 2025on<=cut            | per-year Δ 2024/2025/2026<=cut/2026all | ΔSharpe 2024on/2025on | Δturn 2024on
D-A       42    | +0.144 [-0.009,+0.305] 0.966       | +0.219 [-0.004,+0.426] 0.973       | +0.141 [-0.031,+0.307] | +0.216 [-0.009,+0.435] | +0.020/+0.152/+0.322/+0.320 | +0.70/+0.91 | +0.0001
D-A       2027  | +0.180 [+0.023,+0.338] 0.988       | +0.236 [+0.034,+0.446] 0.987       | +0.178 [+0.025,+0.335] | +0.234 [+0.022,+0.444] | +0.088/+0.186/+0.313/+0.312 | +0.77/+0.91 | -0.0004
B-A       42    | +0.027 [-0.026,+0.084] 0.825       | +0.029 [-0.044,+0.102] 0.785       | +0.027 [-0.028,+0.086] | +0.030 [-0.045,+0.107] | +0.024/+0.014/+0.056/+0.052 | +0.11/+0.10 | -0.0014
C-A       42    | +0.120 [-0.018,+0.271] 0.956       | +0.189 [-0.008,+0.391] 0.969       | +0.116 [-0.033,+0.269] | +0.184 [-0.027,+0.396] | +0.007/+0.127/+0.279/+0.282 | +0.59/+0.79 | +0.0016
C-A       2027  | +0.148 [+0.006,+0.295] 0.980       | +0.197 [-0.002,+0.386] 0.973       | +0.144 [-0.006,+0.287] | +0.193 [-0.009,+0.403] | +0.067/+0.169/+0.233/+0.240 | +0.64/+0.78 | +0.0010
D-B       42    | +0.117 [-0.027,+0.259] 0.944       | +0.190 [-0.010,+0.388] 0.964       | +0.113 [-0.032,+0.259] | +0.186 [-0.019,+0.392] | -0.004/+0.138/+0.267/+0.268 | +0.60/+0.80 | +0.0015
D-B       2027  | +0.153 [+0.015,+0.291] 0.987       | +0.207 [+0.007,+0.405] 0.981       | +0.150 [-0.001,+0.294] | +0.204 [+0.004,+0.402] | +0.064/+0.172/+0.257/+0.259 | +0.67/+0.81 | +0.0009
D-C       42    | +0.024 [-0.034,+0.081] 0.782       | +0.030 [-0.038,+0.098] 0.784       | +0.025 [-0.037,+0.085] | +0.032 [-0.039,+0.109] | +0.013/+0.025/+0.043/+0.038 | +0.11/+0.12 | -0.0015
D-C       2027  | +0.032 [-0.025,+0.091] 0.856       | +0.039 [-0.032,+0.115] 0.854       | +0.033 [-0.028,+0.094] | +0.041 [-0.032,+0.115] | +0.021/+0.018/+0.080/+0.072 | +0.13/+0.14 | -0.0014

===== DELTAS CAL=prod (net_ex bps/anchor, paired by anchor; day-block bootstrap 2000 resamples, CI95)
pair      seed  | 2024on: Δ [CI95] P>0               | 2025on: Δ [CI95] P>0               | 2024on<=cut            | 2025on<=cut            | per-year Δ 2024/2025/2026<=cut/2026all | ΔSharpe 2024on/2025on | Δturn 2024on
D-A       42    | +0.203 [-0.022,+0.439] 0.959       | +0.163 [-0.139,+0.474] 0.845       | +0.178 [-0.049,+0.416] | +0.120 [-0.192,+0.448] | +0.270/-0.079/+0.448/+0.528 | +0.72/+0.60 | -0.0015
D-A       2027  | +0.256 [+0.029,+0.477] 0.992       | +0.202 [-0.110,+0.506] 0.904       | +0.231 [+0.011,+0.465] | +0.159 [-0.153,+0.469] | +0.346/-0.014/+0.444/+0.528 | +0.84/+0.65 | -0.0022
B-A       42    | +0.101 [-0.017,+0.211] 0.951       | +0.086 [-0.074,+0.252] 0.863       | +0.094 [-0.023,+0.210] | +0.075 [-0.088,+0.236] | +0.124/-0.019/+0.228/+0.245 | +0.23/+0.15 | -0.0043
C-A       42    | +0.079 [-0.114,+0.263] 0.786       | +0.047 [-0.207,+0.312] 0.642       | +0.066 [-0.132,+0.257] | +0.023 [-0.253,+0.301] | +0.133/-0.069/+0.175/+0.221 | +0.40/+0.38 | +0.0028
C-A       2027  | +0.137 [-0.035,+0.305] 0.936       | +0.085 [-0.161,+0.333] 0.768       | +0.125 [-0.051,+0.309] | +0.064 [-0.196,+0.324] | +0.222/-0.018/+0.197/+0.241 | +0.53/+0.43 | +0.0019
D-B       42    | +0.102 [-0.086,+0.297] 0.839       | +0.077 [-0.194,+0.341] 0.716       | +0.084 [-0.115,+0.279] | +0.045 [-0.230,+0.323] | +0.145/-0.060/+0.220/+0.284 | +0.49/+0.45 | +0.0028
D-B       2027  | +0.156 [-0.030,+0.353] 0.956       | +0.116 [-0.139,+0.373] 0.808       | +0.137 [-0.066,+0.327] | +0.085 [-0.165,+0.359] | +0.222/+0.005/+0.216/+0.283 | +0.61/+0.50 | +0.0021
D-C       42    | +0.124 [+0.016,+0.238] 0.988       | +0.116 [-0.028,+0.262] 0.939       | +0.112 [+0.005,+0.225] | +0.097 [-0.059,+0.256] | +0.137/-0.010/+0.273/+0.307 | +0.32/+0.22 | -0.0043
D-C       2027  | +0.119 [+0.013,+0.230] 0.987       | +0.117 [-0.027,+0.280] 0.936       | +0.107 [-0.003,+0.217] | +0.096 [-0.062,+0.252] | +0.124/+0.004/+0.247/+0.287 | +0.30/+0.22 | -0.0041

wrote /workspace/review_scratch/combo_recheck/stats_d30_n2_c42_rec.json
