REC S0_rec | all 18 arms share identical anchor set: n= 10038 first 2022-01-31 00:00 last 2026-08-30 20:00
F10 s42 preds finite rows: first 2023-01-01 00:00 last 2026-08-10 20:00 | rows 7908 / 10086
F10 s2027 last finite 2026-08-10 20:00 rows 7908
window sizes: {'2024': 2196, '2025': 2190, '2026<=cut': 1332, '2026all': 1452, '2024on': 5838, '2024on<=cut': 5718, '2025on': 3642, '2025on<=cut': 3522}

===== CAL=log  [raw Σ-simple y4, no transform]  rec=S0_rec
arm           seed  |                 2024 |                 2025 |            2026<=cut |              2026all |               2024on |               2025on | gross w_king w_rev w_fund turn(2024on)
A             42    | +0.048 S+0.13 DD1486 |  +0.480 S+1.01 DD624 |  +2.114 S+3.82 DD444 |  +1.533 S+2.70 DD876 | +0.579 S+1.24 DD1486 |  +0.900 S+1.75 DD876 | 0.794 0.524 0.098 0.378 0.0321
B             42    | +0.124 S+0.34 DD1346 |  +0.497 S+1.07 DD588 |  +2.426 S+4.22 DD426 |  +1.855 S+3.16 DD838 | +0.695 S+1.49 DD1346 |  +1.038 S+2.01 DD838 | 0.796 0.588 0.000 0.412 0.0285
C             42    | +0.093 S+0.28 DD1058 |  +0.438 S+1.14 DD534 |  +2.295 S+4.23 DD419 |  +1.721 S+3.09 DD880 | +0.627 S+1.50 DD1058 |  +0.949 S+2.06 DD880 | 0.695 0.524 0.098 0.378 0.0344
C             2027  | +0.169 S+0.51 DD1036 |  +0.505 S+1.25 DD553 |  +2.255 S+4.15 DD425 |  +1.685 S+3.02 DD876 | +0.672 S+1.59 DD1036 |  +0.976 S+2.07 DD876 | 0.705 0.524 0.098 0.378 0.0336
D             42    |  +0.178 S+0.56 DD886 |  +0.469 S+1.24 DD526 |  +2.540 S+4.50 DD402 |  +2.003 S+3.48 DD806 |  +0.741 S+1.78 DD886 |  +1.080 S+2.32 DD806 | 0.695 0.588 0.000 0.412 0.0310
D             2027  |  +0.250 S+0.79 DD871 |  +0.531 S+1.35 DD551 |  +2.501 S+4.41 DD406 |  +1.968 S+3.41 DD806 |  +0.783 S+1.85 DD871 |  +1.104 S+2.32 DD806 | 0.705 0.588 0.000 0.412 0.0303

===== CAL=simple  [expm1(Σ-simple y4)]  rec=S0_rec
arm           seed  |                 2024 |                 2025 |            2026<=cut |              2026all |               2024on |               2025on | gross w_king w_rev w_fund turn(2024on)
A             42    |  +0.336 S+0.88 DD846 | +0.541 S+1.21 DD1290 |  +3.208 S+5.78 DD363 |  +2.729 S+4.86 DD736 | +1.008 S+2.21 DD1290 | +1.413 S+2.85 DD1290 | 0.759 0.312 0.052 0.636 0.0216
B             42    |  +0.365 S+0.99 DD795 | +0.559 S+1.27 DD1294 |  +3.396 S+6.27 DD348 |  +2.907 S+5.30 DD730 | +1.070 S+2.40 DD1294 | +1.495 S+3.07 DD1294 | 0.751 0.344 0.000 0.656 0.0202
C             42    |  +0.296 S+0.87 DD792 |  +0.758 S+2.02 DD731 |  +3.273 S+5.86 DD366 |  +2.789 S+4.95 DD735 |  +1.090 S+2.60 DD792 |  +1.568 S+3.41 DD735 | 0.694 0.312 0.052 0.636 0.0229
C             2027  |  +0.352 S+1.02 DD808 |  +0.800 S+2.08 DD706 |  +3.258 S+5.84 DD369 |  +2.775 S+4.92 DD736 |  +1.123 S+2.65 DD808 |  +1.588 S+3.41 DD736 | 0.699 0.312 0.052 0.636 0.0223
D             42    |  +0.322 S+0.97 DD709 |  +0.776 S+2.09 DD728 |  +3.441 S+6.31 DD347 |  +2.949 S+5.34 DD730 |  +1.146 S+2.79 DD730 |  +1.642 S+3.63 DD730 | 0.686 0.344 0.000 0.656 0.0214
D             2027  |  +0.383 S+1.15 DD726 |  +0.816 S+2.14 DD697 |  +3.441 S+6.30 DD347 |  +2.948 S+5.33 DD730 |  +1.183 S+2.85 DD730 |  +1.666 S+3.64 DD730 | 0.692 0.344 0.000 0.656 0.0208

===== CAL=prod  [compounded Π(1+r5)-1 over [E+1,E+48], no transform]  rec=S0_rec
arm           seed  |                 2024 |                 2025 |            2026<=cut |              2026all |               2024on |               2025on | gross w_king w_rev w_fund turn(2024on)
A             42    | -0.051 S-0.13 DD1768 |  +0.413 S+0.86 DD630 |  +1.873 S+3.48 DD479 |  +1.296 S+2.35 DD868 | +0.458 S+0.98 DD1768 |  +0.765 S+1.50 DD940 | 0.784 0.542 0.115 0.343 0.0346
B             42    | +0.065 S+0.18 DD1550 |  +0.445 S+0.95 DD611 |  +2.220 S+3.89 DD434 |  +1.652 S+2.85 DD835 | +0.602 S+1.29 DD1550 |  +0.926 S+1.79 DD854 | 0.789 0.617 0.000 0.383 0.0302
C             42    | +0.044 S+0.14 DD1271 |  +0.440 S+1.13 DD564 |  +2.081 S+3.94 DD438 |  +1.506 S+2.77 DD880 | +0.556 S+1.35 DD1271 |  +0.865 S+1.89 DD880 | 0.681 0.542 0.115 0.343 0.0371
C             2027  | +0.128 S+0.39 DD1232 |  +0.502 S+1.24 DD595 |  +2.037 S+3.85 DD453 |  +1.465 S+2.69 DD879 | +0.601 S+1.44 DD1232 |  +0.886 S+1.90 DD892 | 0.691 0.542 0.115 0.343 0.0362
D             42    | +0.164 S+0.54 DD1019 |  +0.472 S+1.24 DD564 |  +2.333 S+4.17 DD410 |  +1.807 S+3.18 DD805 | +0.689 S+1.67 DD1019 |  +1.005 S+2.16 DD805 | 0.683 0.617 0.000 0.383 0.0327
D             2027  |  +0.249 S+0.82 DD984 |  +0.536 S+1.35 DD598 |  +2.304 S+4.10 DD418 |  +1.783 S+3.12 DD803 |  +0.738 S+1.76 DD984 |  +1.033 S+2.18 DD839 | 0.693 0.617 0.000 0.383 0.0320

===== DELTAS CAL=log (net_ex bps/anchor, paired by anchor; day-block bootstrap 2000 resamples, CI95)
pair      seed  | 2024on: Δ [CI95] P>0               | 2025on: Δ [CI95] P>0               | 2024on<=cut            | 2025on<=cut            | per-year Δ 2024/2025/2026<=cut/2026all | ΔSharpe 2024on/2025on | Δturn 2024on
D-A       42    | +0.162 [-0.045,+0.361] 0.934       | +0.180 [-0.117,+0.469] 0.883       | +0.145 [-0.071,+0.362] | +0.154 [-0.165,+0.466] | +0.130/-0.011/+0.426/+0.469 | +0.54/+0.57 | -0.0011
D-A       2027  | +0.203 [-0.003,+0.412] 0.974       | +0.204 [-0.096,+0.489] 0.917       | +0.188 [-0.020,+0.396] | +0.178 [-0.106,+0.456] | +0.202/+0.052/+0.387/+0.434 | +0.61/+0.57 | -0.0018
B-A       42    | +0.115 [+0.021,+0.220] 0.992       | +0.139 [-0.009,+0.280] 0.963       | +0.109 [+0.009,+0.203] | +0.129 [-0.018,+0.274] | +0.076/+0.018/+0.313/+0.321 | +0.25/+0.26 | -0.0035
C-A       42    | +0.048 [-0.123,+0.237] 0.706       | +0.050 [-0.192,+0.300] 0.649       | +0.044 [-0.127,+0.211] | +0.043 [-0.197,+0.297] | +0.045/-0.042/+0.181/+0.188 | +0.27/+0.30 | +0.0024
C-A       2027  | +0.093 [-0.072,+0.255] 0.873       | +0.076 [-0.145,+0.295] 0.765       | +0.089 [-0.078,+0.255] | +0.069 [-0.152,+0.301] | +0.120/+0.026/+0.141/+0.152 | +0.35/+0.32 | +0.0015
D-B       42    | +0.046 [-0.128,+0.212] 0.679       | +0.042 [-0.187,+0.280] 0.640       | +0.036 [-0.141,+0.215] | +0.025 [-0.227,+0.270] | +0.054/-0.029/+0.113/+0.148 | +0.29/+0.30 | +0.0024
D-B       2027  | +0.088 [-0.076,+0.251] 0.849       | +0.066 [-0.157,+0.306] 0.731       | +0.079 [-0.082,+0.239] | +0.049 [-0.181,+0.281] | +0.126/+0.034/+0.074/+0.113 | +0.36/+0.31 | +0.0018
D-C       42    | +0.113 [+0.015,+0.205] 0.991       | +0.131 [-0.003,+0.267] 0.971       | +0.101 [+0.006,+0.198] | +0.112 [-0.027,+0.252] | +0.085/+0.031/+0.244/+0.282 | +0.27/+0.26 | -0.0035
D-C       2027  | +0.111 [+0.019,+0.207] 0.993       | +0.128 [-0.002,+0.261] 0.974       | +0.099 [+0.010,+0.196] | +0.109 [-0.025,+0.246] | +0.081/+0.026/+0.246/+0.283 | +0.26/+0.25 | -0.0033

===== DELTAS CAL=simple (net_ex bps/anchor, paired by anchor; day-block bootstrap 2000 resamples, CI95)
pair      seed  | 2024on: Δ [CI95] P>0               | 2025on: Δ [CI95] P>0               | 2024on<=cut            | 2025on<=cut            | per-year Δ 2024/2025/2026<=cut/2026all | ΔSharpe 2024on/2025on | Δturn 2024on
D-A       42    | +0.138 [-0.015,+0.297] 0.963       | +0.229 [+0.025,+0.426] 0.986       | +0.139 [-0.028,+0.300] | +0.234 [+0.015,+0.453] | -0.014/+0.235/+0.233/+0.220 | +0.57/+0.78 | -0.0002
D-A       2027  | +0.176 [+0.021,+0.331] 0.986       | +0.253 [+0.068,+0.449] 0.995       | +0.178 [+0.026,+0.329] | +0.259 [+0.061,+0.463] | +0.047/+0.276/+0.232/+0.219 | +0.64/+0.79 | -0.0008
B-A       42    | +0.062 [+0.007,+0.120] 0.986       | +0.082 [+0.010,+0.153] 0.989       | +0.062 [+0.003,+0.124] | +0.083 [+0.004,+0.161] | +0.029/+0.018/+0.188/+0.178 | +0.19/+0.22 | -0.0014
C-A       42    | +0.082 [-0.049,+0.221] 0.887       | +0.155 [-0.036,+0.352] 0.950       | +0.083 [-0.055,+0.232] | +0.160 [-0.027,+0.358] | -0.040/+0.218/+0.065/+0.061 | +0.38/+0.55 | +0.0013
C-A       2027  | +0.115 [-0.016,+0.253] 0.960       | +0.175 [-0.001,+0.342] 0.974       | +0.117 [-0.017,+0.248] | +0.180 [+0.010,+0.360] | +0.016/+0.260/+0.050/+0.046 | +0.44/+0.56 | +0.0007
D-B       42    | +0.076 [-0.062,+0.212] 0.853       | +0.147 [-0.044,+0.333] 0.940       | +0.077 [-0.067,+0.217] | +0.152 [-0.042,+0.346] | -0.043/+0.217/+0.045/+0.042 | +0.39/+0.56 | +0.0012
D-B       2027  | +0.114 [-0.013,+0.247] 0.962       | +0.171 [-0.005,+0.349] 0.972       | +0.116 [-0.019,+0.244] | +0.177 [-0.005,+0.366] | +0.018/+0.257/+0.044/+0.041 | +0.45/+0.57 | +0.0006
D-C       42    | +0.056 [-0.005,+0.115] 0.966       | +0.074 [+0.004,+0.143] 0.982       | +0.056 [-0.007,+0.118] | +0.074 [+0.004,+0.149] | +0.026/+0.018/+0.168/+0.159 | +0.19/+0.22 | -0.0015
D-C       2027  | +0.060 [+0.001,+0.121] 0.977       | +0.078 [+0.009,+0.148] 0.985       | +0.060 [-0.001,+0.121] | +0.079 [+0.011,+0.152] | +0.031/+0.016/+0.183/+0.173 | +0.20/+0.23 | -0.0015

===== DELTAS CAL=prod (net_ex bps/anchor, paired by anchor; day-block bootstrap 2000 resamples, CI95)
pair      seed  | 2024on: Δ [CI95] P>0               | 2025on: Δ [CI95] P>0               | 2024on<=cut            | 2025on<=cut            | per-year Δ 2024/2025/2026<=cut/2026all | ΔSharpe 2024on/2025on | Δturn 2024on
D-A       42    | +0.230 [-0.004,+0.466] 0.973       | +0.239 [-0.067,+0.557] 0.941       | +0.212 [-0.011,+0.462] | +0.211 [-0.110,+0.535] | +0.215/+0.059/+0.460/+0.511 | +0.69/+0.66 | -0.0019
D-A       2027  | +0.280 [+0.062,+0.501] 0.997       | +0.268 [-0.035,+0.572] 0.962       | +0.263 [+0.045,+0.486] | +0.239 [-0.060,+0.539] | +0.300/+0.122/+0.431/+0.487 | +0.78/+0.68 | -0.0026
B-A       42    | +0.144 [+0.028,+0.259] 0.990       | +0.161 [-0.000,+0.324] 0.974       | +0.138 [+0.025,+0.254] | +0.151 [-0.014,+0.316] | +0.116/+0.032/+0.347/+0.356 | +0.31/+0.29 | -0.0044
C-A       42    | +0.098 [-0.079,+0.274] 0.848       | +0.100 [-0.148,+0.358] 0.777       | +0.095 [-0.095,+0.279] | +0.095 [-0.163,+0.347] | +0.095/+0.027/+0.207/+0.210 | +0.37/+0.39 | +0.0025
C-A       2027  | +0.143 [-0.019,+0.300] 0.956       | +0.121 [-0.104,+0.351] 0.854       | +0.141 [-0.017,+0.307] | +0.117 [-0.115,+0.349] | +0.179/+0.089/+0.164/+0.169 | +0.45/+0.40 | +0.0016
D-B       42    | +0.086 [-0.094,+0.268] 0.815       | +0.078 [-0.176,+0.330] 0.738       | +0.075 [-0.117,+0.255] | +0.060 [-0.192,+0.326] | +0.099/+0.027/+0.113/+0.155 | +0.38/+0.36 | +0.0025
D-B       2027  | +0.136 [-0.031,+0.311] 0.939       | +0.107 [-0.115,+0.340] 0.819       | +0.125 [-0.053,+0.296] | +0.088 [-0.136,+0.327] | +0.183/+0.091/+0.084/+0.131 | +0.47/+0.39 | +0.0018
D-C       42    | +0.133 [+0.020,+0.246] 0.993       | +0.140 [-0.009,+0.289] 0.966       | +0.118 [+0.009,+0.232] | +0.116 [-0.042,+0.271] | +0.121/+0.033/+0.252/+0.301 | +0.32/+0.27 | -0.0044
D-C       2027  | +0.137 [+0.027,+0.255] 0.994       | +0.147 [-0.005,+0.311] 0.972       | +0.121 [+0.006,+0.236] | +0.122 [-0.038,+0.282] | +0.121/+0.033/+0.267/+0.318 | +0.33/+0.28 | -0.0043

wrote /workspace/review_scratch/combo_recheck/stats_S0_rec.json
