sha256 meta_newprod_v4    0e3c09ac86c727ac1a7893889918e3b367463fd059a154f5e320eed47f5725c3
sha256 A0_series          88283c5f05b5d6b5213ca45f20577a3060a4831f72c6169c6efea8588cea1419
sha256 costb_PWR_G230k    295b4e7b462373e495fe995ca993fd7a96ab64d050a66ada0d670acf7e9b3d53
sha256 panel_v2ext        5e67c0559daa904d8f0526b6e268e93dcb45aab89d82646cf79a794445481116
sha256 self_stage2        9a37ebab2619b0b7355f53383bcb6ae800b0e947729bab25267b3c5cc5ec6ddd

REAL  gross +0.2771 turn 0.06292 cost 0.1876 NET +0.0895 SR_net +0.1110
NET mean g CI95 [-0.6762,+0.8398]   gross CI95 [-0.4892,+1.0257]   SR_net CI95 [-0.8417,+1.0466]
SE(annualised Sharpe)=sqrt(2190/9138)=0.4895 -> parametric CI95 [-0.8485,+1.0705]

== turnover-matched nulls (SHIFT101/503/1009, RELAB1-3) ==
arm          grossG     turn      NETg   SR_net
REAL        +0.2771  0.06292   +0.0895  +0.1110
SHIFT101    -0.3875  0.06353   -0.5769  -0.8467
SHIFT503    -0.2863  0.06492   -0.4805  -0.8087
SHIFT1009   -0.2899  0.06648   -0.4881  -0.8686
RELAB1      -0.2590  0.06455   -0.4513  -0.8576
RELAB2      -0.0219  0.06040   -0.2000  -0.4001
RELAB3      +0.0235  0.06333   -0.1647  -0.3091
null NET mean -0.3936 sd 0.1693 ; REAL z vs nulls = +2.85 ; REAL exceeds 6/6 nulls

== STEP 2b AMIHUD / SIZE IDENTITY TEST ==
AMI_long_illiquid  gross +0.7274 NET -0.8117 SR_net -1.7079  rho(NET,VRPnet)=+0.1315  rho(gross,VRPgross)=+0.1312
AMI_long_liquid    gross -0.7274 NET -2.2666 SR_net -4.7750  rho(NET,VRPnet)=-0.1308  rho(gross,VRPgross)=-0.1312
SIZE_long_liquid   gross -0.9877 NET -1.0673 SR_net -1.9934  rho(NET,VRPnet)=-0.5061  rho(gross,VRPgross)=-0.5062
rho(VRP_net, AMIHUD_sleeve_net) = +0.1315 CI95 [+0.0991,+0.1647]
per-anchor xs Spearman( -vol42 , amihud_24h ) mean +0.0400  median +0.0580  n=1306
per-anchor xs Spearman( -vol42 , log qv4h  ) mean -0.2620  median -0.2660  n=1306
AMIHUD sleeve rho to A0: uncond +0.2309 ; in A0 bottom quintile +0.1194   [known reject: +0.343/+0.438]

== lookback robustness ==
L= 12 gross +0.2792 turn 0.18380 NET -0.2642 SR_net -0.3422 rho_A0 +0.0025
L= 42 gross +0.2771 turn 0.06292 NET +0.0895 SR_net +0.1110 rho_A0 +0.0075
L= 84 gross +0.1907 turn 0.03741 NET +0.0782 SR_net +0.0974 rho_A0 +0.0064
L=168 gross +0.0992 turn 0.02343 NET +0.0281 SR_net +0.0352 rho_A0 -0.0025

== STEP 4 DOWNSIDE ==
net beta to market           VRP -0.12986   A0 -0.00259
net beta to A0               VRP +0.01239
maxDD (bps gross, cum sum)   VRP   3132.3   A0   2520.5
worst UTC day (bps gross)    VRP  -521.00   A0  -232.24
worst anchor (bps gross)     VRP  -325.43   A0  -177.07
frac positive anchors        VRP   0.5130   A0   0.5068
top1% anchors share of total VRP   14.018   A0    1.224
worst 1% anchors sum        VRP -12514.8   A0  -7844.8

== STEP 5 ARITHMETIC ==
A0 SR(this archive)=+1.3991  A0 SR(brief)=+1.2912  cand SR_net=+0.1110  rho=+0.0075
MV-optimal combined SR  (archive A0) +1.4027   (brief A0) +1.2952
gross-zero-cost ceiling: cand SR_gross +0.3435 -> MV-optimal with brief A0 +1.3336
  lam=0.00 of gross to VRP -> combined SR +1.3991  (dSR +0.0000)
  lam=0.05 of gross to VRP -> combined SR +1.4025  (dSR +0.0035)
  lam=0.10 of gross to VRP -> combined SR +1.3944  (dSR -0.0047)
  lam=0.15 of gross to VRP -> combined SR +1.3719  (dSR -0.0272)
  lam=0.20 of gross to VRP -> combined SR +1.3328  (dSR -0.0662)
  lam=0.25 of gross to VRP -> combined SR +1.2764  (dSR -0.1227)
  lam=0.30 of gross to VRP -> combined SR +1.2036  (dSR -0.1954)
  lam=0.40 of gross to VRP -> combined SR +1.0215  (dSR -0.3775)
  lam=0.50 of gross to VRP -> combined SR +0.8195  (dSR -0.5795)
best lam=0.05 SR +1.4025 ; dSR vs A0 = +0.0035 CI95 [-0.0780,+0.0869]
target 3.966 ; shortfall from archive-A0 combined = 2.5633 SR = 5.24 SE
an uncorrelated source would still need standalone SR 3.7499 to reach 3.966 alongside brief A0 ; this one delivers 0.1110 (3.0%)

stage2 21s -> RECEIPT_VRP_DELTA1.json
