INFRA pod2 quota relief (lead): /workspace quota exhausted 15:51Z killed P2 Stage C attempt 1 and stopped pulls; deleting ONLY the large raw feature caches under /workspace/uplift_2026-09-11/r2_sleeve/feat (09-11 08:36Z, round-1 r2 sleeve line, closed); reference scan over uplift_2026-09-11 / uplift_r2 / uplift_r3 / w3_monthly_chain / review_scratch / aud_prod devices+receipts found no reference to r2_sleeve/feat outside its own dir; r2_new_feats.npz (100 MB) and all devices/receipts kept; regenerable from the holefix cache
Sun Sep 13 16:07:05 UTC 2026
total 11234360
drwxrwxrwx 2 root root    3001070 2026-09-11T08:43:05 .
drwxrwxrwx 6 root root    3001080 2026-09-11T09:18:39 ..
-rw-rw-rw- 1 root root 1627337076 2026-09-11T08:36:44 cpos.npy
-rw-rw-rw- 1 root root 1627337076 2026-09-11T08:36:54 log_avgsz.npy
-rw-rw-rw- 1 root root 1627337076 2026-09-11T08:36:51 log_cnt.npy
-rw-rw-rw- 1 root root 1627337076 2026-09-11T08:36:48 log_qv.npy
-rw-rw-rw- 1 root root  106621057 2026-09-11T08:43:14 r2_new_feats.npz
-rw-rw-rw- 1 root root 1627337076 2026-09-11T08:36:29 range.npy
-rw-rw-rw- 1 root root 1627337076 2026-09-11T08:35:41 ret5.npy
-rw-rw-rw- 1 root root 1627337076 2026-09-11T08:36:58 tbf.npy
/workspace/uplift_2026-09-11/r2_sleeve/feat/cpos.npy size=1627337076 head1MB_sha256=9bf61f00a1986924
/workspace/uplift_2026-09-11/r2_sleeve/feat/log_avgsz.npy size=1627337076 head1MB_sha256=2d572e23a8e71bb4
/workspace/uplift_2026-09-11/r2_sleeve/feat/log_cnt.npy size=1627337076 head1MB_sha256=c2ac2d7909b7680e
/workspace/uplift_2026-09-11/r2_sleeve/feat/log_qv.npy size=1627337076 head1MB_sha256=532b19e31702dff8
/workspace/uplift_2026-09-11/r2_sleeve/feat/range.npy size=1627337076 head1MB_sha256=088c63a8b70befdd
/workspace/uplift_2026-09-11/r2_sleeve/feat/ret5.npy size=1627337076 head1MB_sha256=58d5f0627b103919
/workspace/uplift_2026-09-11/r2_sleeve/feat/tbf.npy size=1627337076 head1MB_sha256=bc0982b21149c4ce
fuser: no holders reported / unavailable
1048576 bytes (1.0 MB, 1.0 MiB) copied, 0.00922503 s, 114 MB/s
rm rc=0
total 108059
drwxrwxrwx 2 root root   2010168 Sep 13 16:07 .
drwxrwxrwx 6 root root   2019596 Sep 11 09:18 ..
-rw-rw-rw- 1 root root 106621057 Sep 11 08:43 r2_new_feats.npz
2147483648 bytes (2.1 GB, 2.0 GiB) copied, 3.85898 s, 556 MB/s
probe cleaned
Sun Sep 13 16:07:14 UTC 2026
