== live_all
   external_dust            name-anchors   62 names  19 median|held| 22.1 p90 37 run median 1.0 max 16 shift -2401 e.g. ['1INCHUSDT', 'BABYUSDT', 'BIOUSDT', 'BOMEUSDT', 'EIGENUSDT', 'EPICUSDT']
   external_held_exit       name-anchors  273 names  37 median|held| 0.4 p90 385 run median 1.0 max 54 shift 26646 e.g. ['ACHUSDT', 'AIOUSDT', 'ANKRUSDT', 'API3USDT', 'AVNTUSDT', 'BATUSDT']
   per_name_stop            name-anchors   16 names  14 median|held| 1017.0 p90 2181 run median 1.0 max 35 shift -5313 e.g. ['ARBUSDT', 'ARUSDT', 'BCHUSDT', 'ENAUSDT', 'GUSDT', 'HUSDT']
   per_name_stop_cooldown   name-anchors   80 names   3 median|held| 0.8 p90 2 run median 33.0 max 35 shift 66763 e.g. ['BCHUSDT', 'ENAUSDT', 'ZAMAUSDT']
   unattributed             name-anchors    2 names   2 median|held| 1508.9 p90 2249 run median 1.0 max 1 shift 3018 e.g. ['AINUSDT', 'UAIUSDT']
== live_overlap
   external_dust            name-anchors   20 names   5 median|held| 20.7 p90 67 run median 3.0 max 8 shift -982 e.g. ['BIOUSDT', 'IOUSDT', 'LTCUSDT', 'MONUSDT', 'RIFUSDT']
   external_held_exit       name-anchors  106 names  23 median|held| 0.4 p90 936 run median 1.0 max 15 shift 20044 e.g. ['AVNTUSDT', 'BIGTIMEUSDT', 'BIRBUSDT', 'CATIUSDT', 'DODOXUSDT', 'DOODUSDT']
   per_name_stop            name-anchors    4 names   3 median|held| 576.0 p90 1089 run median 1.0 max 2 shift -2626 e.g. ['GUSDT', 'NEARUSDT', 'ONEUSDT']
   unattributed             name-anchors    2 names   2 median|held| 1508.9 p90 2249 run median 1.0 max 1 shift 3018 e.g. ['AINUSDT', 'UAIUSDT']
== engine_overlap
   external_dust            name-anchors    2 names   1 median|held| 134.7 p90 135 run median 2.0 max 2 shift None e.g. ['SAHARAUSDT']
   external_held_exit       name-anchors   24 names  18 median|held| 4388.9 p90 9784 run median 1.0 max 2 shift None e.g. ['AVNTUSDT', 'BIRBUSDT', 'CATIUSDT', 'DODOXUSDT', 'DOODUSDT', 'DYMUSDT']
   per_name_stop            name-anchors    4 names   4 median|held| 4249.9 p90 7089 run median 1.0 max 15 shift None e.g. ['IOSTUSDT', 'NEARUSDT', 'ONEUSDT', 'RAVEUSDT']
   per_name_stop_cooldown   name-anchors   18 names   2 median|held| 0.0 p90 0 run median 9.5 max 15 shift None e.g. ['IOSTUSDT', 'TACUSDT']
overlap anchors: ['09-16T12Z', '09-16T16Z', '09-16T20Z', '09-17T00Z', '09-17T04Z', '09-17T08Z', '09-17T12Z', '09-17T16Z', '09-17T20Z', '09-18T00Z', '09-18T04Z', '09-18T08Z', '09-18T12Z', '09-18T16Z', '09-18T20Z']
live unattributed: {'AINUSDT': 1, 'UAIUSDT': 1}
live net/NAV % (overlap): {'09-16T12Z': -0.056, '09-16T16Z': -0.064, '09-16T20Z': -0.062, '09-17T00Z': -0.05, '09-17T04Z': -0.064, '09-17T08Z': -0.066, '09-17T12Z': 0.0, '09-17T16Z': -0.094, '09-17T20Z': -0.022, '09-18T00Z': -0.019, '09-18T04Z': -0.054, '09-18T08Z': -0.052, '09-18T12Z': -0.045, '09-18T16Z': -0.091, '09-18T20Z': -0.082}
engine net/NAV % (overlap): {'09-16T12Z': -2.163, '09-16T16Z': -2.622, '09-16T20Z': -2.621, '09-17T00Z': -2.626, '09-17T04Z': -0.485, '09-17T08Z': -0.493, '09-17T12Z': -0.47, '09-17T16Z': -0.438, '09-17T20Z': -0.5, '09-18T00Z': -0.484, '09-18T04Z': -0.424, '09-18T08Z': -0.401, '09-18T12Z': -0.396, '09-18T16Z': -0.401, '09-18T20Z': -0.395}
