2026-09-27T07:08:56Z F10D10_g1_START shas 8c297e0a6c854e62 f5651d708a567eb2 40cd3ba5476c224f 3a3f5fc944ea7d8a 
F10D10_G1 PASS code=8c297e0a6c854e62,f5651d708a567eb2,40cd3ba5476c224f
F10D10_G1_DONE rc=0
2026-09-27T07:37:13Z F10D10_train_START shas 8c297e0a6c854e62 f5651d708a567eb2 40cd3ba5476c224f 3a3f5fc944ea7d8a 
2026-09-27T07:37:13Z share_d10.json 8d973f637e4f1bb5
2026-09-27T07:37:38Z F10D10_cells_START shas 8c297e0a6c854e62 f5651d708a567eb2 40cd3ba5476c224f 3a3f5fc944ea7d8a 
2026-09-27T08:36:12Z F10D10_SEED_DONE s42 DLARCH_TRAIN_DONE arm=G1_T0_nomask seed=42 params=110082 out=/workspace/dlarch_2026-09-24/f10d10_2026-09-27/runs/d10/G1_T0_nomask/f10_s42 oof_sha=82db26dfa12432ea receipt_sha=2ec2d57b793c9be9
2026-09-27T08:36:42Z cell s42 start
2026-09-27T08:51:33Z F10D10_CELL_DONE s42 DLARCH_CELL_RETAIN tag=DLARCH_D10_s42_scaled_rule_raw_UAFE ALL_PRECONDITIONS_PASS=True deleted=32 p2_bitwise=True red=True
2026-09-27T09:34:36Z cell s2027 start
2026-09-27T09:34:38Z F10D10_SEED_DONE s2027 DLARCH_TRAIN_DONE arm=G1_T0_nomask seed=2027 params=110082 out=/workspace/dlarch_2026-09-24/f10d10_2026-09-27/runs/d10/G1_T0_nomask/f10_s2027 oof_sha=4853342e050e7c86 receipt_sha=c8a61753efdc0fdd
2026-09-27T09:48:32Z F10D10_CELL_DONE s2027 DLARCH_CELL_RETAIN tag=DLARCH_D10_s2027_scaled_rule_raw_UAFE ALL_PRECONDITIONS_PASS=True deleted=32 p2_bitwise=True red=True
2026-09-27T10:32:29Z F10D10_SEED_DONE s7 DLARCH_TRAIN_DONE arm=G1_T0_nomask seed=7 params=110082 out=/workspace/dlarch_2026-09-24/f10d10_2026-09-27/runs/d10/G1_T0_nomask/f10_s7 oof_sha=a671cd0c92d66c77 receipt_sha=757a461877ee9c5d
F10D10_TRAIN_DONE rc=0
2026-09-27T10:32:35Z cell s7 start
2026-09-27T10:47:17Z F10D10_CELL_DONE s7 DLARCH_CELL_RETAIN tag=DLARCH_D10_s7_scaled_rule_raw_UAFE ALL_PRECONDITIONS_PASS=True deleted=32 p2_bitwise=True red=True
F10D10_CELLS_DONE rc=0
2026-09-27T10:56:05Z F10D10_read_START shas 8c297e0a6c854e62 f5651d708a567eb2 40cd3ba5476c224f 3a3f5fc944ea7d8a 
2026-09-27T10:56:07Z F10D10_READ DLARCH_PAIRED_D VERDICT=UNDECIDED (from DLARCH_REF_NC_s) out=/workspace/dlarch_2026-09-24/receipts/PAIRED_D_D10_2026-09-27.json sha256=2acb2378324c8ec9
F10D10_READ_DONE rc=0
