09-24T08Z base     rc 0 n 304
09-24T08Z no_fund  rc 0 n 304
09-24T08Z no_king  rc 0 n 304
09-24T08Z no_f10   rc 0 n 304
09-24T12Z base     rc 0 n 306
09-24T12Z no_fund  rc 0 n 305
09-24T12Z no_king  rc 0 n 306
09-24T12Z no_f10   rc 0 n 305
09-24T16Z base     rc 0 n 308
09-24T16Z no_fund  rc 0 n 308
09-24T16Z no_king  rc 0 n 307
09-24T16Z no_f10   rc 0 n 307
09-24T20Z base     rc 0 n 310
09-24T20Z no_fund  rc 0 n 310
09-24T20Z no_king  rc 0 n 310
09-24T20Z no_f10   rc 0 n 310
09-25T00Z base     rc 0 n 312
09-25T00Z no_fund  rc 0 n 312
09-25T00Z no_king  rc 0 n 311
09-25T00Z no_f10   rc 0 n 312
09-25T04Z base     rc 0 n 316
09-25T04Z no_fund  rc 0 n 317
09-25T04Z no_king  rc 0 n 315
09-25T04Z no_f10   rc 0 n 316
09-25T08Z base     rc 0 n 317
09-25T08Z no_fund  rc 0 n 317
09-25T08Z no_king  rc 0 n 316
09-25T08Z no_f10   rc 0 n 317
base book P&L: {'09-24T08Z': -12.3, '09-24T12Z': -932.9, '09-24T16Z': -73.7, '09-24T20Z': 173.7, '09-25T00Z': -786.9, '09-25T04Z': -722.3, '09-25T08Z': -828.8}
CF leg fund: sum -734.8 over 7 priced anchors; per anchor {09-24T08Z: +24.7, 09-24T12Z: -29.1, 09-24T16Z: -213.5, 09-24T20Z: +379.1, 09-25T00Z: -478.4, 09-25T04Z: +196.3, 09-25T08Z: -613.9}
CF leg king: sum +96.3 over 7 priced anchors; per anchor {09-24T08Z: +9.1, 09-24T12Z: -18.1, 09-24T16Z: +34.1, 09-24T20Z: -28.5, 09-25T00Z: +95.9, 09-25T04Z: -63.3, 09-25T08Z: +67.1}
CF leg f10: sum +20.8 over 7 priced anchors; per anchor {09-24T08Z: +7.7, 09-24T12Z: -13.6, 09-24T16Z: +32.6, 09-24T20Z: -12.8, 09-25T00Z: -0.5, 09-25T04Z: +3.4, 09-25T08Z: +4.0}
