GATE G-A2 PASS {"G_A2_true_arm": {"rec_bitwise": true, "W_bitwise": true, "DIAG_bitwise": true, "rec_maxabs": 0.0}, "G_A2_null_SHIFT101": {"rec_bitwise": true, "W_bitwise": true, "DIAG_bitwise": true, "rec_maxabs": 0.0}}
R12_CEM_99_neutral_s42 true {'dg': 0.037973874349382375, 'dturn_frac_pct': 0.2723864311395596, 'dturn_file_pct': 0.3276884370233546, 'fire_n': 141, 'cem_n_mean': 1.553191489361702, 'cost_ex_per_gross': 0.1754886016216794}
R12_CEM_95_neutral_s42 true {'dg': 0.035051144375213505, 'dturn_frac_pct': 1.7197456920619691, 'dturn_file_pct': 1.9277978982431332, 'fire_n': 738, 'cem_n_mean': 1.997289972899729, 'cost_ex_per_gross': 0.17802165246233018}
R12_CEM_99_derisk_s42 true {'dg': 0.03717013767171551, 'dturn_frac_pct': 0.24120180746238784, 'dturn_file_pct': 0.23404434059637325, 'fire_n': 141, 'cem_n_mean': 1.5602836879432624, 'cost_ex_per_gross': 0.17543402482146567}

== R12_CEM_99_neutral_s42 true dturn 0.272386 dg 0.037974 fires 141
  SHIFTC101 dose +0.20312 dturn 0.271923 (rel 0.0017) fires 141 dg -0.001378 cem_n 1.000 evals 7 ok=True
  SHIFTC503 dose +0.06250 dturn 0.274420 (rel 0.0075) fires 141 dg -0.006943 cem_n 1.000 evals 5 ok=True
  SHIFTC1009 dose -0.07812 dturn 0.271498 (rel 0.0033) fires 141 dg -0.009781 cem_n 1.007 evals 7 ok=True
  RELAB1    dose +0.17188 dturn 0.272730 (rel 0.0013) fires 141 dg +0.002457 cem_n 1.000 evals 7 ok=True
  RELAB2    dose +0.15625 dturn 0.270469 (rel 0.0070) fires 141 dg -0.007489 cem_n 1.000 evals 6 ok=True
  RELAB3    dose +0.06250 dturn 0.270016 (rel 0.0087) fires 141 dg -0.002756 cem_n 1.000 evals 5 ok=True

== R12_CEM_95_neutral_s42 true dturn 1.719746 dg 0.035051 fires 738
  SHIFTC101 dose +0.29688 dturn 1.719333 (rel 0.0002) fires 738 dg +0.002502 cem_n 1.337 evals 7 ok=True
  SHIFTC503 dose +0.23438 dturn 1.722891 (rel 0.0018) fires 738 dg -0.030070 cem_n 1.257 evals 7 ok=True
  SHIFTC1009 dose +0.25000 dturn 1.712453 (rel 0.0042) fires 738 dg -0.029735 cem_n 1.035 evals 3 ok=True
  RELAB1    dose +0.59375 dturn 1.712764 (rel 0.0041) fires 738 dg +0.003587 cem_n 1.000 evals 7 ok=True
  RELAB2    dose +0.62500 dturn 1.730223 (rel 0.0061) fires 738 dg -0.013467 cem_n 1.004 evals 5 ok=True
  RELAB3    dose +0.50000 dturn 1.711238 (rel 0.0049) fires 738 dg -0.010498 cem_n 1.001 evals 8 ok=True

== R12_CEM_99_derisk_s42 true dturn 0.241202 dg 0.037170 fires 141
  SHIFTC101 dose +0.16406 dturn 0.242922 (rel 0.0071) fires 141 dg +0.000176 cem_n 1.000 evals 8 ok=True
  SHIFTC503 dose +0.00000 dturn 0.241455 (rel 0.0010) fires 141 dg -0.007595 cem_n 1.000 evals 1 ok=True
  SHIFTC1009 dose -0.07812 dturn 0.240862 (rel 0.0014) fires 141 dg -0.006408 cem_n 1.007 evals 7 ok=True
  RELAB1    dose +0.15625 dturn 0.240687 (rel 0.0021) fires 141 dg +0.001876 cem_n 1.000 evals 6 ok=True
  RELAB2    dose +0.15625 dturn 0.240180 (rel 0.0042) fires 141 dg -0.007484 cem_n 1.000 evals 6 ok=True
  RELAB3    dose +0.03125 dturn 0.240052 (rel 0.0048) fires 141 dg -0.002497 cem_n 1.000 evals 6 ok=True
NULLS_DONE runs 102 wall 431.0
