{"preflight": {"utc": "2026-09-13T11:49:00Z", "loadavg": ["2.17", "2.51", "2.17"], "memory_current": 6669987840, "protected_pids": "PID STAT     ELAPSED COMMAND\n 333197 Tl    1-20:42:04 /workspace/venv/bin/python -B /workspace/codex_research/QNT-2026-0907/strategy_rebuild_20260911/leverage_data/collect_oi.py\n 339489 Tl    1-19:45:22 /workspace/venv/bin/python -B /workspace/codex_research/QNT-2026-0907/strategy_rebuild_20260911/leverage_visibility/sample_visibility.p", "top_cpu": "PID USER     STAT %CPU   RSS     ELAPSED COMMAND\n 593532 root     SN   19.0 34244       00:01 /workspace/venv/bin/python -B p2_s2_launch.py PATH,HOME,LC_CTYPE\n 593517 root     Ss    0.6 10416       00:03 sshd: root@notty\n 333197 root     Tl    0.4 27944  1-20:42:04 /workspace/venv/bin/python -B /workspace/codex_research/QNT-2026-0907/strategy_rebuild_20260911/leverage_data/colle\n      1 root     Ss    0.0   736  6-02:12:01 /sbin/docker-init -- /opt/nvidia/nvidia_entrypoint.sh /start.sh\n     51 root     S     0.0  2712  6-02:12:00 /bin/bash /start.sh\n     84 root     Ss    0.0  1564  6-02:12:00 nginx: master process /usr/sbin/nginx\n     85 nobody   S     0.0  2924  6-02:12:00 nginx: worker process\n    106 root     Ss    0.0  4752  6-02:12:00 sshd: /usr/sbin/sshd [listener] 0 of 10-100 startups\n    111 root     S     0.0  1872  6-02:12:00 /bin/bash /start.sh\n    116 root     S     0.0 74880  6-02:12:00 /usr/bin/python /usr/local/bin/jupyter-lab --allow-root --no-browser --port=8888 --ip=* --FileContentsManager.delet\n    117 root     S     0.0  1468  6-02:12:00 sleep infinity", "nvidia_smi": "0 %, 2 MiB"}}
{"globals": "S2_v4_s42", "load_s": 18.3, "king_label_end": {"2024": "2024-01-01T00:00:00Z", "2025": "2025-01-01T00:00:00Z", "2026": "2026-01-01T00:00:00Z"}, "f10_yearly": {"2023": "2022-12-22T00:00:00Z", "2024": "2023-12-22T00:00:00Z"}, "splice_boundary": 1735689600}
{"globals": "S2_v4_s2027", "load_s": 18.8, "king_label_end": {"2024": "2024-01-01T00:00:00Z", "2025": "2025-01-01T00:00:00Z", "2026": "2026-01-01T00:00:00Z"}, "f10_yearly": {"2023": "2022-12-22T00:00:00Z", "2024": "2023-12-22T00:00:00Z"}, "splice_boundary": 1735689600}
{"globals": "S2_A0pred_s42", "load_s": 19.2, "king_label_end": {"2024": "2024-01-01T00:00:00Z", "2025": "2025-01-01T00:00:00Z", "2026": "2026-01-01T00:00:00Z"}, "f10_yearly": {"2023": "2022-12-22T00:00:00Z", "2024": "2023-12-22T00:00:00Z", "2025": "2024-12-22T00:00:00Z", "2026": "2025-12-22T00:00:00Z"}, "splice_boundary": 4611686018427387904}
{"globals": "S2_A0pred_s2027", "load_s": 19.7, "king_label_end": {"2024": "2024-01-01T00:00:00Z", "2025": "2025-01-01T00:00:00Z", "2026": "2026-01-01T00:00:00Z"}, "f10_yearly": {"2023": "2022-12-22T00:00:00Z", "2024": "2023-12-22T00:00:00Z", "2025": "2024-12-22T00:00:00Z", "2026": "2025-12-22T00:00:00Z"}, "splice_boundary": 4611686018427387904}
{"globals": "S2_v4_s42_serveall", "load_s": 20.2, "king_label_end": {"2024": "2024-01-01T00:00:00Z", "2025": "2025-01-01T00:00:00Z", "2026": "2026-01-01T00:00:00Z"}, "f10_yearly": {"2023": "2022-12-22T00:00:00Z", "2024": "2023-12-22T00:00:00Z"}, "splice_boundary": 1735689600}
{"globals": "S2_v4_s42_pins", "load_s": 20.6, "king_label_end": {"2024": "2024-01-01T00:00:00Z", "2025": "2025-01-01T00:00:00Z", "2026": "2026-01-01T00:00:00Z"}, "f10_yearly": {"2023": "2022-12-22T00:00:00Z", "2024": "2023-12-22T00:00:00Z"}, "splice_boundary": 1735689600}
{"all_globals_s": 20.6, "memory_current": 12822163456}
{"forked": "S2_v4_s42", "pid": 593561}
{"forked": "S2_v4_s2027", "pid": 593562}
{"forked": "S2_A0pred_s42", "pid": 593563}
{"forked": "S2_A0pred_s2027", "pid": 593564}
{"forked": "S2_v4_s42_serveall", "pid": 593565}
{"forked": "S2_v4_s42_pins", "pid": 593566}
{"exited": "S2_v4_s42_pins", "pid": 593566, "rc": 0, "wall_s": 3369.1, "n_records": 10039, "fatal": null, "driver_sha256": "dc4e6c8571bcc3bb6c1744fcda5f768ef9f0e3af17111574a15d188623082c54", "receipt_sha256": "7565ffa3141f9d3dbe53b58796601444fb29b9ef0a43243bf2bccd5f30ba0ecb", "vec_sha256": "b8e7075d54d7e7b5e2820ffe93bdd6145a8e7047128b25e10a904c5d9d7422c3", "memory_current": 20804984832}
{"exited": "S2_A0pred_s42", "pid": 593563, "rc": 0, "wall_s": 11935.1, "n_records": 10039, "fatal": null, "driver_sha256": "dc4e6c8571bcc3bb6c1744fcda5f768ef9f0e3af17111574a15d188623082c54", "receipt_sha256": "d01063c0ee68a48799229aef60736e7a1a8e46dbbdc9d5d72f3f227f95affbbe", "vec_sha256": "8c7c886376c484ea243efc2e94bac529f6cc9dfee5ceba3104dd6d89201c9770", "memory_current": 49951797248}
{"exited": "S2_A0pred_s2027", "pid": 593564, "rc": 0, "wall_s": 11941.0, "n_records": 10039, "fatal": null, "driver_sha256": "dc4e6c8571bcc3bb6c1744fcda5f768ef9f0e3af17111574a15d188623082c54", "receipt_sha256": "c63b59a72438a1a0f789e548ac10e5ed48e54a9e23bcfbdcd532c497b3850133", "vec_sha256": "17b78784c6846cfc198a10e1531cc9befd82a6b382323a304eda34e1aca0b8c4", "memory_current": 49112805376}
{"exited": "S2_v4_s42", "pid": 593561, "rc": 0, "wall_s": 11948.1, "n_records": 10039, "fatal": null, "driver_sha256": "dc4e6c8571bcc3bb6c1744fcda5f768ef9f0e3af17111574a15d188623082c54", "receipt_sha256": "4c5612f613ddad105d7c8997dcdc5a37bda8ccb8892b80cf18b370d325232bc6", "vec_sha256": "902c8d905a63b3a0a03a5ae485707eb21288d122816d32b4d1c81429f6a28a91", "memory_current": 48599412736}
{"exited": "S2_v4_s2027", "pid": 593562, "rc": 0, "wall_s": 11955.6, "n_records": 10039, "fatal": null, "driver_sha256": "dc4e6c8571bcc3bb6c1744fcda5f768ef9f0e3af17111574a15d188623082c54", "receipt_sha256": "5aba956d75faec46e63147baf84f37b5ed2af58a91061438ce94329aa3a71741", "vec_sha256": "1aeef37b0ad36676bda586958b958acc20f2ed99fdcda58f0dd4b1358200801b", "memory_current": 48120901632}
{"exited": "S2_v4_s42_serveall", "pid": 593565, "rc": 0, "wall_s": 11959.2, "n_records": 10039, "fatal": null, "driver_sha256": "dc4e6c8571bcc3bb6c1744fcda5f768ef9f0e3af17111574a15d188623082c54", "receipt_sha256": "6cd3429858a2a28ebb5b127f8910a168ed6aa6b404e6ff1067cce6524793bd78", "vec_sha256": "aabd2c97c7182852e9d75c9644ac8414a50e55fa128653064853e12ff4d34af6", "memory_current": 47605125120}
S2_LAUNCH_DONE all_rc0_and_complete=True S2_v4_s42:rc=0,n=10039 S2_v4_s2027:rc=0,n=10039 S2_A0pred_s42:rc=0,n=10039 S2_A0pred_s2027:rc=0,n=10039 S2_v4_s42_serveall:rc=0,n=10039 S2_v4_s42_pins:rc=0,n=10039 receipt_sha256=37486b67973d101daad023596dd7073384c7b687c1948e65899323f6fa3f5843
rc=0
