{"preflight": {"utc": "2026-09-13T11:48:07Z", "loadavg": ["2.61", "2.60", "2.18"], "memory_current": 6544887808, "protected_pids": "PID STAT     ELAPSED COMMAND\n 333197 Tl    1-20:41:10 /workspace/venv/bin/python -B /workspace/codex_research/QNT-2026-0907/strategy_rebuild_20260911/leverage_data/collect_oi.py\n 339489 Tl    1-19:44:28 /workspace/venv/bin/python -B /workspace/codex_research/QNT-2026-0907/strategy_rebuild_20260911/leverage_visibility/sample_visibility.p", "top_cpu": "PID USER     STAT %CPU   RSS     ELAPSED COMMAND\n 593387 root     SN   19.0 33140       00:01 /workspace/venv/bin/python -B p2_s2_launch.py PATH,HOME,LC_CTYPE --smoke 3 2025-03-01T00:00:00Z\n 333197 root     Tl    0.4 27944  1-20:41:10 /workspace/venv/bin/python -B /workspace/codex_research/QNT-2026-0907/strategy_rebuild_20260911/leverage_data/colle\n 593373 root     Ss    0.3 10336       00:03 sshd: root@notty\n      1 root     Ss    0.0   736  6-02:11:07 /sbin/docker-init -- /opt/nvidia/nvidia_entrypoint.sh /start.sh\n     51 root     S     0.0  2712  6-02:11:06 /bin/bash /start.sh\n     84 root     Ss    0.0  1564  6-02:11:06 nginx: master process /usr/sbin/nginx\n     85 nobody   S     0.0  2924  6-02:11:06 nginx: worker process\n    106 root     Ss    0.0  4752  6-02:11:06 sshd: /usr/sbin/sshd [listener] 0 of 10-100 startups\n    111 root     S     0.0  1872  6-02:11:06 /bin/bash /start.sh\n    116 root     S     0.0 74880  6-02:11:06 /usr/bin/python /usr/local/bin/jupyter-lab --allow-root --no-browser --port=8888 --ip=* --FileContentsManager.delet\n    117 root     S     0.0  1468  6-02:11:06 sleep infinity", "nvidia_smi": "0 %, 2 MiB"}}
{"globals": "S2_v4_s42", "load_s": 21.2, "king_label_end": {"2024": "2024-01-01T00:00:00Z", "2025": "2025-01-01T00:00:00Z", "2026": "2026-01-01T00:00:00Z"}, "f10_yearly": {"2023": "2022-12-22T00:00:00Z", "2024": "2023-12-22T00:00:00Z"}, "splice_boundary": 1735689600}
{"globals": "S2_v4_s2027", "load_s": 21.8, "king_label_end": {"2024": "2024-01-01T00:00:00Z", "2025": "2025-01-01T00:00:00Z", "2026": "2026-01-01T00:00:00Z"}, "f10_yearly": {"2023": "2022-12-22T00:00:00Z", "2024": "2023-12-22T00:00:00Z"}, "splice_boundary": 1735689600}
{"globals": "S2_A0pred_s42", "load_s": 22.5, "king_label_end": {"2024": "2024-01-01T00:00:00Z", "2025": "2025-01-01T00:00:00Z", "2026": "2026-01-01T00:00:00Z"}, "f10_yearly": {"2023": "2022-12-22T00:00:00Z", "2024": "2023-12-22T00:00:00Z", "2025": "2024-12-22T00:00:00Z", "2026": "2025-12-22T00:00:00Z"}, "splice_boundary": 4611686018427387904}
{"globals": "S2_A0pred_s2027", "load_s": 23.1, "king_label_end": {"2024": "2024-01-01T00:00:00Z", "2025": "2025-01-01T00:00:00Z", "2026": "2026-01-01T00:00:00Z"}, "f10_yearly": {"2023": "2022-12-22T00:00:00Z", "2024": "2023-12-22T00:00:00Z", "2025": "2024-12-22T00:00:00Z", "2026": "2025-12-22T00:00:00Z"}, "splice_boundary": 4611686018427387904}
{"globals": "S2_v4_s42_serveall", "load_s": 23.6, "king_label_end": {"2024": "2024-01-01T00:00:00Z", "2025": "2025-01-01T00:00:00Z", "2026": "2026-01-01T00:00:00Z"}, "f10_yearly": {"2023": "2022-12-22T00:00:00Z", "2024": "2023-12-22T00:00:00Z"}, "splice_boundary": 1735689600}
{"globals": "S2_v4_s42_pins", "load_s": 24.1, "king_label_end": {"2024": "2024-01-01T00:00:00Z", "2025": "2025-01-01T00:00:00Z", "2026": "2026-01-01T00:00:00Z"}, "f10_yearly": {"2023": "2022-12-22T00:00:00Z", "2024": "2023-12-22T00:00:00Z"}, "splice_boundary": 1735689600}
{"all_globals_s": 24.1, "memory_current": 12698705920}
{"forked": "S2_v4_s42", "pid": 593446}
{"forked": "S2_v4_s2027", "pid": 593447}
{"forked": "S2_A0pred_s42", "pid": 593448}
{"forked": "S2_A0pred_s2027", "pid": 593449}
{"forked": "S2_v4_s42_serveall", "pid": 593450}
{"forked": "S2_v4_s42_pins", "pid": 593451}
{"exited": "S2_v4_s42_pins", "pid": 593451, "rc": 0, "wall_s": 1.7, "n_records": 3, "fatal": null, "driver_sha256": "dc4e6c8571bcc3bb6c1744fcda5f768ef9f0e3af17111574a15d188623082c54", "receipt_sha256": "8187d53f962287f66d0b1c005d42968ddaf6c89a379d6c2ded023aea645d176a", "vec_sha256": "a1f2ce1c509cebf9ec5fe7e2d894da4c0b9e9de053b07d32e3318a55d73ff17a", "memory_current": 15071395840}
{"exited": "S2_A0pred_s42", "pid": 593448, "rc": 0, "wall_s": 8.4, "n_records": 3, "fatal": null, "driver_sha256": "dc4e6c8571bcc3bb6c1744fcda5f768ef9f0e3af17111574a15d188623082c54", "receipt_sha256": "47b725039c4e5ede8841580d8303df6fe0d95f2db885d1475dc8fcbdf0ddb6ee", "vec_sha256": "fdd239013db4c0011cb87f0d994aeaad4019b96b1690f165a734dae8ae19a9e5", "memory_current": 13285965824}
{"exited": "S2_v4_s42_serveall", "pid": 593450, "rc": 0, "wall_s": 8.3, "n_records": 3, "fatal": null, "driver_sha256": "dc4e6c8571bcc3bb6c1744fcda5f768ef9f0e3af17111574a15d188623082c54", "receipt_sha256": "907e5d8662514e85b8f520823970ca5e7ab556301866b6c4b472f6362f2544b6", "vec_sha256": "0285c4c4faffd04eed3e9170896eb28e14e1b1ee5490cdfea760a25df15767af", "memory_current": 13285642240}
{"exited": "S2_A0pred_s2027", "pid": 593449, "rc": 0, "wall_s": 8.4, "n_records": 3, "fatal": null, "driver_sha256": "dc4e6c8571bcc3bb6c1744fcda5f768ef9f0e3af17111574a15d188623082c54", "receipt_sha256": "509d68920951e33245d49414bd36abbbe04c5a86546a4ef9f11ec32774c81c66", "vec_sha256": "4ac85f641430175f23ac4b1e0b4645dab31ecd1d9f4b00e24463e963e6d35bbc", "memory_current": 13068136448}
{"exited": "S2_v4_s42", "pid": 593446, "rc": 0, "wall_s": 8.4, "n_records": 3, "fatal": null, "driver_sha256": "dc4e6c8571bcc3bb6c1744fcda5f768ef9f0e3af17111574a15d188623082c54", "receipt_sha256": "ced3b332168eb40d41e2e50427c1c1cd9d929c9de572eb9fa06522b9cdc51df8", "vec_sha256": "0285c4c4faffd04eed3e9170896eb28e14e1b1ee5490cdfea760a25df15767af", "memory_current": 13068111872}
{"exited": "S2_v4_s2027", "pid": 593447, "rc": 0, "wall_s": 8.5, "n_records": 3, "fatal": null, "driver_sha256": "dc4e6c8571bcc3bb6c1744fcda5f768ef9f0e3af17111574a15d188623082c54", "receipt_sha256": "097b6042d24a197f40b9354f895a4b2da1112ea2196514b305a2e669c33a8bb9", "vec_sha256": "c6bc7405dc3615d9d7ca723876f6b9f19af160d3217f952f70da7d1eb3037a7c", "memory_current": 12822556672}
S2_LAUNCH_DONE_smoke all_rc0_and_complete=True S2_v4_s42:rc=0,n=3 S2_v4_s2027:rc=0,n=3 S2_A0pred_s42:rc=0,n=3 S2_A0pred_s2027:rc=0,n=3 S2_v4_s42_serveall:rc=0,n=3 S2_v4_s42_pins:rc=0,n=3 receipt_sha256=4d528ffa243297f359118fcb8f13c82de9f22a0a49e6a7f7f0e95ad838e7da57
rc=0
