{"preflight": {"utc": "2026-09-13T11:46:11Z", "loadavg": ["4.79", "2.87", "2.20"], "memory_current": 5717594112, "protected_pids": "PID STAT     ELAPSED COMMAND\n 333197 Tl    1-20:39:14 /workspace/venv/bin/python -B /workspace/codex_research/QNT-2026-0907/strategy_rebuild_20260911/leverage_data/collect_oi.py\n 339489 Tl    1-19:42:32 /workspace/venv/bin/python -B /workspace/codex_research/QNT-2026-0907/strategy_rebuild_20260911/leverage_visibility/sample_visibility.p", "top_cpu": "PID USER     STAT %CPU   RSS     ELAPSED COMMAND\n 592935 root     DNl  63.2 44524       00:04 /workspace/venv/bin/python devices/l2_a_semantics2.py PATH,HOME,LC_CTYPE,OMP_NUM_THREADS,OPENBLAS_NUM_THREADS,MKL_N\n 592949 root     Ss    0.6 10344       00:03 sshd: root@notty\n 333197 root     Tl    0.4 27944  1-20:39:14 /workspace/venv/bin/python -B /workspace/codex_research/QNT-2026-0907/strategy_rebuild_20260911/leverage_data/colle\n      1 root     Ss    0.0   736  6-02:09:11 /sbin/docker-init -- /opt/nvidia/nvidia_entrypoint.sh /start.sh\n     51 root     S     0.0  2712  6-02:09:10 /bin/bash /start.sh\n     84 root     Ss    0.0  1564  6-02:09:10 nginx: master process /usr/sbin/nginx\n     85 nobody   S     0.0  2924  6-02:09:10 nginx: worker process\n    106 root     Ss    0.0  4752  6-02:09:10 sshd: /usr/sbin/sshd [listener] 0 of 10-100 startups\n    111 root     S     0.0  1872  6-02:09:10 /bin/bash /start.sh\n    116 root     S     0.0 74880  6-02:09:10 /usr/bin/python /usr/local/bin/jupyter-lab --allow-root --no-browser --port=8888 --ip=* --FileContentsManager.delet\n    117 root     S     0.0  1468  6-02:09:10 sleep infinity", "nvidia_smi": "0 %, 2 MiB"}}
{"globals": "S2_v4_s42", "load_s": 21.5, "king_label_end": {"2024": "2024-01-01T00:00:00Z", "2025": "2025-01-01T00:00:00Z", "2026": "2026-01-01T00:00:00Z"}, "f10_yearly": {"2023": "2022-12-22T00:00:00Z", "2024": "2023-12-22T00:00:00Z"}, "splice_boundary": 1735689600}
{"globals": "S2_v4_s2027", "load_s": 22.1, "king_label_end": {"2024": "2024-01-01T00:00:00Z", "2025": "2025-01-01T00:00:00Z", "2026": "2026-01-01T00:00:00Z"}, "f10_yearly": {"2023": "2022-12-22T00:00:00Z", "2024": "2023-12-22T00:00:00Z"}, "splice_boundary": 1735689600}
{"globals": "S2_A0pred_s42", "load_s": 22.8, "king_label_end": {"2024": "2024-01-01T00:00:00Z", "2025": "2025-01-01T00:00:00Z", "2026": "2026-01-01T00:00:00Z"}, "f10_yearly": {"2023": "2022-12-22T00:00:00Z", "2024": "2023-12-22T00:00:00Z", "2025": "2024-12-22T00:00:00Z", "2026": "2025-12-22T00:00:00Z"}, "splice_boundary": 4611686018427387904}
{"globals": "S2_A0pred_s2027", "load_s": 23.4, "king_label_end": {"2024": "2024-01-01T00:00:00Z", "2025": "2025-01-01T00:00:00Z", "2026": "2026-01-01T00:00:00Z"}, "f10_yearly": {"2023": "2022-12-22T00:00:00Z", "2024": "2023-12-22T00:00:00Z", "2025": "2024-12-22T00:00:00Z", "2026": "2025-12-22T00:00:00Z"}, "splice_boundary": 4611686018427387904}
{"globals": "S2_v4_s42_serveall", "load_s": 23.9, "king_label_end": {"2024": "2024-01-01T00:00:00Z", "2025": "2025-01-01T00:00:00Z", "2026": "2026-01-01T00:00:00Z"}, "f10_yearly": {"2023": "2022-12-22T00:00:00Z", "2024": "2023-12-22T00:00:00Z"}, "splice_boundary": 1735689600}
{"globals": "S2_v4_s42_pins", "load_s": 24.3, "king_label_end": {"2024": "2024-01-01T00:00:00Z", "2025": "2025-01-01T00:00:00Z", "2026": "2026-01-01T00:00:00Z"}, "f10_yearly": {"2023": "2022-12-22T00:00:00Z", "2024": "2023-12-22T00:00:00Z"}, "splice_boundary": 1735689600}
{"all_globals_s": 24.3, "memory_current": 12761997312}
{"forked": "S2_v4_s42", "pid": 593055}
{"forked": "S2_v4_s2027", "pid": 593056}
{"forked": "S2_A0pred_s42", "pid": 593057}
{"forked": "S2_A0pred_s2027", "pid": 593058}
{"forked": "S2_v4_s42_serveall", "pid": 593059}
{"forked": "S2_v4_s42_pins", "pid": 593060}
{"exited": "S2_v4_s42_pins", "pid": 593060, "rc": 0, "wall_s": 1.6, "n_records": 3, "fatal": null, "driver_sha256": "dc4e6c8571bcc3bb6c1744fcda5f768ef9f0e3af17111574a15d188623082c54", "receipt_sha256": "5f0f89c0d8d5fc1d830439d6194817a9773196a5fb08cfc9092c4b9aa2f8ddda", "vec_sha256": "a1f2ce1c509cebf9ec5fe7e2d894da4c0b9e9de053b07d32e3318a55d73ff17a", "memory_current": 15131897856}
{"exited": "S2_v4_s42_serveall", "pid": 593059, "rc": 1, "wall_s": 5.3, "n_records": 1, "fatal": "combo_stage rc=1 at 2025-03-01T00:00:00Z: []", "driver_sha256": "dc4e6c8571bcc3bb6c1744fcda5f768ef9f0e3af17111574a15d188623082c54", "receipt_sha256": "b6ceb3ca027b3b68809e7ef5a5756d115bab3a40ddfb42494920b1be09a27677", "vec_sha256": "d82a50d6c16ed690dab7e019f258a9c6341c03cc7438ca20b916887b8d587e9e", "memory_current": 13185744896}
{"exited": "S2_v4_s2027", "pid": 593056, "rc": 1, "wall_s": 5.4, "n_records": 1, "fatal": "combo_stage rc=1 at 2025-03-01T00:00:00Z: []", "driver_sha256": "dc4e6c8571bcc3bb6c1744fcda5f768ef9f0e3af17111574a15d188623082c54", "receipt_sha256": "9a60a8fe320d39f7fa6f1230bb45dfe31c5db45bc086d7efc06baa46e53f3e97", "vec_sha256": "d82a50d6c16ed690dab7e019f258a9c6341c03cc7438ca20b916887b8d587e9e", "memory_current": 13131878400}
{"exited": "S2_A0pred_s2027", "pid": 593058, "rc": 1, "wall_s": 5.4, "n_records": 1, "fatal": "combo_stage rc=1 at 2025-03-01T00:00:00Z: []", "driver_sha256": "dc4e6c8571bcc3bb6c1744fcda5f768ef9f0e3af17111574a15d188623082c54", "receipt_sha256": "fbda587bcd5400199012576e3e7fe2d3454ba1d9b7d5c6c551347601242354f3", "vec_sha256": "d82a50d6c16ed690dab7e019f258a9c6341c03cc7438ca20b916887b8d587e9e", "memory_current": 13127299072}
{"exited": "S2_A0pred_s42", "pid": 593057, "rc": 1, "wall_s": 5.4, "n_records": 1, "fatal": "combo_stage rc=1 at 2025-03-01T00:00:00Z: []", "driver_sha256": "dc4e6c8571bcc3bb6c1744fcda5f768ef9f0e3af17111574a15d188623082c54", "receipt_sha256": "c4361236e9f5446e45aba1d954607ff6fec292b4c15629a3c15db606b822fac7", "vec_sha256": "d82a50d6c16ed690dab7e019f258a9c6341c03cc7438ca20b916887b8d587e9e", "memory_current": 13126766592}
{"exited": "S2_v4_s42", "pid": 593055, "rc": 1, "wall_s": 5.5, "n_records": 1, "fatal": "combo_stage rc=1 at 2025-03-01T00:00:00Z: []", "driver_sha256": "dc4e6c8571bcc3bb6c1744fcda5f768ef9f0e3af17111574a15d188623082c54", "receipt_sha256": "b1b2a0579b0c3b68ba8593cd4179d91148f9890820074c30f3aaf0ac1e1715cc", "vec_sha256": "d82a50d6c16ed690dab7e019f258a9c6341c03cc7438ca20b916887b8d587e9e", "memory_current": 12885245952}
S2_LAUNCH_DONE_smoke all_rc0_and_complete=False S2_v4_s42:rc=1,n=1 S2_v4_s2027:rc=1,n=1 S2_A0pred_s42:rc=1,n=1 S2_A0pred_s2027:rc=1,n=1 S2_v4_s42_serveall:rc=1,n=1 S2_v4_s42_pins:rc=0,n=3 receipt_sha256=358d4b5ec60ac5216ae7c9c7adb078c3aa8e28d5c9ae5cf62ddf26b1e24fd832
rc=3
