| fold | init_from | lr | best_ep | va@best | va max | n_train | net bps | ES5 | turnover | α* | wall s | .pt sha |
|---|---|---|---|---|---|---|---|---|---|---|---|---|
| 202501 | INIT_STATE | 0.0003 | 2 | -3.388 | -3.388 | 6563 | +0.418 | 24.85 | 0.0681 | 0.0963 | 311 | 5bd7fc3152d6 |
| 202502 | prev_fold_best_state:202501 | 0.0003 | 12 | -3.750 | -3.750 | 6749 | +1.180 | 37.12 | 0.0587 | 0.0952 | 310 | e7297a771c16 |
| 202503 | prev_fold_best_state:202502 | 0.0003 | 6 | -4.255 | -4.255 | 6917 | +0.937 | 27.16 | 0.0565 | 0.0950 | 308 | 86a0ce527468 |
| 202504 | prev_fold_best_state:202503 | 0.0003 | 8 | -4.699 | -4.699 | 7103 | +0.218 | 26.41 | 0.0636 | 0.0961 | 316 | d14daad2a1ea |
| 202505 | prev_fold_best_state:202504 | 0.0003 | 8 | -5.640 | -5.640 | 7283 | +1.863 | 29.94 | 0.0625 | 0.0985 | 320 | 366e97e488fa |
| 202506 | prev_fold_best_state:202505 | 0.0003 | 1 | -5.962 | -5.962 | 7469 | +0.006 | 22.64 | 0.0612 | 0.0996 | 339 | c200179a6f51 |
| 202507 | prev_fold_best_state:202506 | 0.0003 | 3 | -6.588 | -6.588 | 7649 | +1.774 | 22.36 | 0.0567 | 0.1020 | 338 | 3e1cb3bdc816 |
| 202508 | prev_fold_best_state:202507 | 0.0003 | 4 | -6.218 | -6.218 | 7835 | +1.107 | 19.43 | 0.0610 | 0.1050 | 348 | 1e9a7a126fec |
| 202509 | prev_fold_best_state:202508 | 0.0003 | 2 | -5.323 | -5.323 | 8021 | +2.618 | 28.37 | 0.0460 | 0.1074 | 357 | 1e8f9b175fbc |
| 202510 | prev_fold_best_state:202509 | 0.0003 | 3 | -4.920 | -4.920 | 8201 | +6.011 | 50.76 | 0.0260 | 0.1107 | 366 | a66f02ac4e9b |
| 202511 | prev_fold_best_state:202510 | 0.0003 | 6 | -5.549 | -5.549 | 8387 | +1.063 | 53.64 | 0.0152 | 0.1173 | 371 | f9cfb445bafc |
| 202512 | prev_fold_best_state:202511 | 0.0003 | 3 | -7.243 | -7.243 | 8567 | +0.567 | 39.97 | 0.0224 | 0.1222 | 383 | f21f8c7fa1f2 |
| 202601 | prev_fold_best_state:202512 | 0.0003 | 5 | -7.759 | -7.759 | 8753 | +1.270 | 38.23 | 0.0340 | 0.1296 | 392 | e75c085fc0fb |
| 202602 | prev_fold_best_state:202601 | 0.0003 | 7 | -7.949 | -7.949 | 8939 | +4.097 | 30.54 | 0.0528 | 0.1396 | 391 | 945d9b67a968 |
| 202603 | prev_fold_best_state:202602 | 0.0003 | 3 | -7.802 | -7.802 | 9107 | +2.578 | 26.36 | 0.0732 | 0.1468 | 404 | 2f486fd8eea3 |
| 202604 | prev_fold_best_state:202603 | 0.0003 | 0 | -7.486 | -7.486 | 9293 | +7.228 | 44.25 | 0.0694 | 0.1495 | 416 | f64b2dd1f0bb |
| 202605 | prev_fold_best_state:202604 | 0.0003 | 11 | -7.156 | -7.156 | 9473 | +2.883 | 36.39 | 0.0659 | 0.1679 | 423 | 761a3f856630 |
| 202606 | prev_fold_best_state:202605 | 0.0003 | 5 | -7.046 | -7.046 | 9659 | +6.062 | 51.35 | 0.0532 | 0.1808 | 430 | 8613a13e6b11 |
| 202607 | prev_fold_best_state:202606 | 0.0003 | 6 | -7.298 | -7.298 | 9839 | +5.121 | 44.01 | 0.0595 | 0.1985 | 430 | 45b86d46de56 |
| 202608 | prev_fold_best_state:202607 | 0.0003 | 9 | -6.561 | -6.561 | 10025 | -0.846 | 49.38 | 0.0620 | 0.2229 | 447 | c3808d4cf1a6 |
stitched /workspace/review_scratch/allweather_trackB/warmstart/W1/preds/f10_V2MAIN_mE1w1_s42.npy sha 2565aeba0c0e536b finite rows 3642 net_mean_all +2.308; best_ep list [2, 12, 6, 8, 8, 1, 3, 4, 2, 3, 6, 3, 5, 7, 3, 0, 11, 5, 6, 9]; best_ep==0 (kept the previous month model after one epoch): 1/20; best_ep<=2: 4/20
vs CONST stitched: finite rows equal True, cells equal True; per-anchor rank corr W1 vs CONST: mean +0.205 median +0.168 p10 +0.043 (n=3642)
spl42: /workspace/review_scratch/allweather_trackB/replay/dev_alt/f8_2026-08-22/preds/f10_gate_mE1w1_R0_spl42.npy sha 0f7e2ae55554b319
spl27: /workspace/review_scratch/allweather_trackB/replay/dev_alt/f8_2026-08-22/preds/f10_gate_mE1w1_R0_spl27.npy sha e33773e6a6a21c8b
coverage {'202501': '186/186', '202502': '168/168', '202503': '186/186', '202504': '180/180', '202505': '186/186', '202506': '180/180', '202507': '186/186', '202508': '186/186', '202509': '180/180', '202510': '186/186', '202511': '180/180', '202512': '186/186', '202601': '186/186', '202602': '168/168', '202603': '186/186', '202604': '180/180', '202605': '186/186', '202606': '180/180', '202607': '186/186', '202608': '180/180'}
MERGE_DONE W1
