| fold | init_from | lr | best_ep | va@best | va max | n_train | net bps | ES5 | turnover | α* | wall s | .pt sha |
|---|---|---|---|---|---|---|---|---|---|---|---|---|
| 202501 | INIT_STATE | 0.0001 | 2 | -3.133 | -3.133 | 6563 | +0.347 | 20.90 | 0.0712 | 0.0970 | 312 | 7cf9f768f4eb |
| 202502 | prev_fold_best_state:202501 | 0.0001 | 0 | -3.461 | -3.461 | 6749 | +0.290 | 42.63 | 0.0636 | 0.0969 | 307 | 5df47de34e86 |
| 202503 | prev_fold_best_state:202502 | 0.0001 | 5 | -4.800 | -4.800 | 6917 | +1.185 | 22.14 | 0.0619 | 0.0965 | 304 | 4d376aac4cc0 |
| 202504 | prev_fold_best_state:202503 | 0.0001 | 2 | -4.892 | -4.892 | 7103 | +0.996 | 21.04 | 0.0640 | 0.0965 | 315 | 5ab39f3de96c |
| 202505 | prev_fold_best_state:202504 | 0.0001 | 1 | -5.135 | -5.135 | 7283 | +1.806 | 18.86 | 0.0612 | 0.0965 | 317 | 8b22ac80b3a7 |
| 202506 | prev_fold_best_state:202505 | 0.0001 | 1 | -4.982 | -4.982 | 7469 | +0.140 | 20.97 | 0.0583 | 0.0964 | 336 | 20a9aea2d187 |
| 202507 | prev_fold_best_state:202506 | 0.0001 | 2 | -4.781 | -4.781 | 7649 | +1.308 | 23.50 | 0.0581 | 0.0964 | 337 | 525aebc82879 |
| 202508 | prev_fold_best_state:202507 | 0.0001 | 9 | -4.660 | -4.660 | 7835 | +0.082 | 18.15 | 0.0589 | 0.0964 | 350 | 0f10c8b06329 |
| 202509 | prev_fold_best_state:202508 | 0.0001 | 3 | -4.233 | -4.233 | 8021 | +2.765 | 29.57 | 0.0440 | 0.0965 | 356 | b6d13c40c831 |
| 202510 | prev_fold_best_state:202509 | 0.0001 | 1 | -4.603 | -4.603 | 8201 | +5.962 | 44.48 | 0.0248 | 0.0967 | 364 | 03813dc1dc4d |
| 202511 | prev_fold_best_state:202510 | 0.0001 | 8 | -4.915 | -4.915 | 8387 | +1.079 | 53.58 | 0.0143 | 0.0970 | 373 | d84ff107221c |
| 202512 | prev_fold_best_state:202511 | 0.0001 | 8 | -6.785 | -6.785 | 8567 | +0.592 | 39.72 | 0.0196 | 0.0973 | 382 | 51923ca637d6 |
| 202601 | prev_fold_best_state:202512 | 0.0001 | 3 | -7.684 | -7.684 | 8753 | +1.318 | 36.97 | 0.0277 | 0.0975 | 393 | d08f827212b0 |
| 202602 | prev_fold_best_state:202601 | 0.0001 | 3 | -7.695 | -7.695 | 8939 | +3.689 | 29.60 | 0.0398 | 0.0978 | 393 | 9f933de33acf |
| 202603 | prev_fold_best_state:202602 | 0.0001 | 3 | -7.505 | -7.505 | 9107 | +3.227 | 23.12 | 0.0556 | 0.0981 | 403 | e74f6d4be11f |
| 202604 | prev_fold_best_state:202603 | 0.0001 | 6 | -7.325 | -7.325 | 9293 | +6.022 | 39.12 | 0.0544 | 0.0986 | 418 | 10d454b9d402 |
| 202605 | prev_fold_best_state:202604 | 0.0001 | 11 | -6.934 | -6.934 | 9473 | +2.921 | 35.53 | 0.0425 | 0.0995 | 422 | e304d3a16325 |
| 202606 | prev_fold_best_state:202605 | 0.0001 | 9 | -6.791 | -6.791 | 9659 | +5.688 | 49.25 | 0.0354 | 0.1004 | 432 | 5c1910ccd94b |
| 202607 | prev_fold_best_state:202606 | 0.0001 | 5 | -7.111 | -7.111 | 9839 | +3.919 | 43.65 | 0.0352 | 0.1010 | 429 | 2a32aaab99cf |
| 202608 | prev_fold_best_state:202607 | 0.0001 | 4 | -6.419 | -6.419 | 10025 | -0.712 | 51.23 | 0.0345 | 0.1018 | 451 | 5f531f1e9ce8 |
stitched /workspace/review_scratch/allweather_trackB/warmstart/W2/preds/f10_V2MAIN_mE1w2_s42.npy sha c8c0406b7aae7e8d finite rows 3642 net_mean_all +2.131; best_ep list [2, 0, 5, 2, 1, 1, 2, 9, 3, 1, 8, 8, 3, 3, 3, 6, 11, 9, 5, 4]; best_ep==0 (kept the previous month model after one epoch): 1/20; best_ep<=2: 7/20
vs CONST stitched: finite rows equal True, cells equal True; per-anchor rank corr W2 vs CONST: mean +0.391 median +0.359 p10 +0.169 (n=3642)
spl42: /workspace/review_scratch/allweather_trackB/replay/dev_alt/f8_2026-08-22/preds/f10_gate_mE1w2_R0_spl42.npy sha ac094ea14dda5d71
spl27: /workspace/review_scratch/allweather_trackB/replay/dev_alt/f8_2026-08-22/preds/f10_gate_mE1w2_R0_spl27.npy sha 90d30efdc25fd71e
coverage {'202501': '186/186', '202502': '168/168', '202503': '186/186', '202504': '180/180', '202505': '186/186', '202506': '180/180', '202507': '186/186', '202508': '186/186', '202509': '180/180', '202510': '186/186', '202511': '180/180', '202512': '186/186', '202601': '186/186', '202602': '168/168', '202603': '186/186', '202604': '180/180', '202605': '186/186', '202606': '180/180', '202607': '186/186', '202608': '180/180'}
MERGE_DONE W2
