[    6.5s] rows 2745557 cols 171 anchors 10206 med|y| 0.00894
[    8.3s] MWF start tag mE1c embargo 1 months [202501] base_sha 93cc2cdf925a self_sha ccfebb4e6621 torch 2.11.0+cu128 gpu NVIDIA RTX PRO 4500 Blackwell
[    8.3s] CAUSALITY ASSERT mE1c 202501: n_train 6563 max_train_idx 6562 (2024-12-31 16:00) max_train_label_end 2024-12-31 20:00 <= cutoff 2024-12-31 20:00 (= first_test 2025-01-01 00:00 - 1 anchors) OK
/workspace/review_scratch/allweather_trackB/pod_f10_train_monthly_warmstart.py:385: UserWarning: Converting a tensor with requires_grad=True to a scalar may lead to unexpected behavior.
Consider using tensor.detach() first. (Triggered internally at /pytorch/torch/csrc/autograd/generated/python_variable_methods.cpp:836.)
  al = float(mdl.alpha()); va_curve.append(round(va, 4)); alist.append(round(al, 4)); ep_s.append(round(time.time() - t0, 1))
[   37.4s] [mE1c 202501] ep0 va -4.859 α 0.099 τ 0.50 (20s)
[   56.1s] [mE1c 202501] ep1 va -3.984 α 0.099 τ 0.47 (19s)
[   74.7s] [mE1c 202501] ep2 va -3.215 α 0.098 τ 0.44 (19s)
[   92.6s] [mE1c 202501] ep3 va -4.287 α 0.097 τ 0.41 (18s)
[  110.6s] [mE1c 202501] ep4 va -3.383 α 0.097 τ 0.39 (18s)
[  128.5s] [mE1c 202501] ep5 va -3.652 α 0.097 τ 0.36 (18s)
[  146.9s] [mE1c 202501] ep6 va -3.109 α 0.097 τ 0.33 (18s)
[  165.4s] [mE1c 202501] ep7 va -3.905 α 0.096 τ 0.30 (19s)
[  183.8s] [mE1c 202501] ep8 va -3.241 α 0.096 τ 0.27 (18s)
[  202.3s] [mE1c 202501] ep9 va -3.787 α 0.096 τ 0.24 (19s)
[  220.7s] [mE1c 202501] ep10 va -3.703 α 0.096 τ 0.21 (18s)
[  238.6s] [mE1c 202501] ep11 va -3.703 α 0.096 τ 0.19 (18s)
[  256.4s] [mE1c 202501] ep12 va -3.983 α 0.096 τ 0.16 (18s)
[  275.3s] [mE1c 202501] ep13 va -3.640 α 0.096 τ 0.13 (19s)
[  293.9s] [mE1c 202501] ep14 va -3.662 α 0.096 τ 0.10 (19s)
[  295.4s] == mE1c 202501: net +0.229 bps/锚 ES5 22.94 换手 0.0742 α* 0.0966 best_ep 6 wall 277s
[  295.5s] MWF_TRAIN_DONE mE1c s42 folds 1 月均净 +0.229 bps/锚(训练帧, 非终审)
