[   13.5s] rows 2745557 cols 171 anchors 10206 med|y| 0.00894
[   15.9s] MWF start tag mE1w2 embargo 1 months [202501, 202502, 202503, 202504, 202505, 202506, 202507, 202508, 202509, 202510, 202511, 202512, 202601, 202602, 202603, 202604, 202605, 202606, 202607, 202608] base_sha 93cc2cdf925a self_sha ccfebb4e6621 torch 2.11.0+cu128 gpu NVIDIA RTX PRO 4500 Blackwell
[   15.9s] CAUSALITY ASSERT mE1w2 202501: n_train 6563 max_train_idx 6562 (2024-12-31 16:00) max_train_label_end 2024-12-31 20:00 <= cutoff 2024-12-31 20:00 (= first_test 2025-01-01 00:00 - 1 anchors) OK
[   16.1s] WARM init 202501 from INIT_STATE (/workspace/review_scratch/allweather_trackB/mE1_constseed/yearly_out/models/f10_V2MAIN_YS_s42_2025.pt)
/workspace/review_scratch/allweather_trackB/pod_f10_train_monthly_warmstart.py:385: UserWarning: Converting a tensor with requires_grad=True to a scalar may lead to unexpected behavior.
Consider using tensor.detach() first. (Triggered internally at /pytorch/torch/csrc/autograd/generated/python_variable_methods.cpp:836.)
  al = float(mdl.alpha()); va_curve.append(round(va, 4)); alist.append(round(al, 4)); ep_s.append(round(time.time() - t0, 1))
[   45.1s] [mE1w2 202501] ep0 va -3.201 α 0.097 τ 0.50 (21s)
[   64.5s] [mE1w2 202501] ep1 va -3.387 α 0.097 τ 0.47 (19s)
[   84.0s] [mE1w2 202501] ep2 va -3.133 α 0.097 τ 0.44 (20s)
[  103.4s] [mE1w2 202501] ep3 va -3.191 α 0.097 τ 0.41 (19s)
[  123.0s] [mE1w2 202501] ep4 va -3.641 α 0.097 τ 0.39 (20s)
[  143.5s] [mE1w2 202501] ep5 va -3.753 α 0.097 τ 0.36 (21s)
[  164.7s] [mE1w2 202501] ep6 va -3.455 α 0.097 τ 0.33 (21s)
[  186.2s] [mE1w2 202501] ep7 va -3.448 α 0.097 τ 0.30 (21s)
[  207.2s] [mE1w2 202501] ep8 va -3.517 α 0.097 τ 0.27 (21s)
[  228.4s] [mE1w2 202501] ep9 va -3.545 α 0.097 τ 0.24 (21s)
[  249.7s] [mE1w2 202501] ep10 va -3.458 α 0.097 τ 0.21 (21s)
[  271.4s] [mE1w2 202501] ep11 va -3.613 α 0.097 τ 0.19 (22s)
[  292.7s] [mE1w2 202501] ep12 va -3.448 α 0.097 τ 0.16 (21s)
[  314.2s] [mE1w2 202501] ep13 va -3.462 α 0.097 τ 0.13 (22s)
[  335.4s] [mE1w2 202501] ep14 va -3.456 α 0.097 τ 0.10 (21s)
[  337.5s] == mE1w2 202501: net +0.347 bps/锚 ES5 20.90 换手 0.0712 α* 0.097 best_ep 2 wall 312s
[  337.5s] CAUSALITY ASSERT mE1w2 202502: n_train 6749 max_train_idx 6748 (2025-01-31 16:00) max_train_label_end 2025-01-31 20:00 <= cutoff 2025-01-31 20:00 (= first_test 2025-02-01 00:00 - 1 anchors) OK
[  337.5s] WARM init 202502 from prev_fold_best_state:202501 (/workspace/review_scratch/allweather_trackB/warmstart/W2/models/mE1w2_202501.pt)
[  359.4s] [mE1w2 202502] ep0 va -3.461 α 0.097 τ 0.50 (22s)
[  381.4s] [mE1w2 202502] ep1 va -3.968 α 0.097 τ 0.47 (22s)
[  403.1s] [mE1w2 202502] ep2 va -3.699 α 0.097 τ 0.44 (22s)
[  425.0s] [mE1w2 202502] ep3 va -3.735 α 0.097 τ 0.41 (22s)
[  446.9s] [mE1w2 202502] ep4 va -3.763 α 0.097 τ 0.39 (22s)
[  466.5s] [mE1w2 202502] ep5 va -3.728 α 0.097 τ 0.36 (20s)
[  485.9s] [mE1w2 202502] ep6 va -3.753 α 0.097 τ 0.33 (19s)
[  505.2s] [mE1w2 202502] ep7 va -3.867 α 0.097 τ 0.30 (19s)
[  524.9s] [mE1w2 202502] ep8 va -3.894 α 0.097 τ 0.27 (20s)
[  545.0s] [mE1w2 202502] ep9 va -3.753 α 0.097 τ 0.24 (20s)
[  565.0s] [mE1w2 202502] ep10 va -3.768 α 0.097 τ 0.21 (20s)
[  584.8s] [mE1w2 202502] ep11 va -3.724 α 0.097 τ 0.19 (20s)
[  604.9s] [mE1w2 202502] ep12 va -3.743 α 0.097 τ 0.16 (20s)
[  624.8s] [mE1w2 202502] ep13 va -3.755 α 0.097 τ 0.13 (20s)
[  644.8s] [mE1w2 202502] ep14 va -3.762 α 0.097 τ 0.10 (20s)
[  646.4s] == mE1w2 202502: net +0.290 bps/锚 ES5 42.63 换手 0.0636 α* 0.0969 best_ep 0 wall 307s
[  646.4s] CAUSALITY ASSERT mE1w2 202503: n_train 6917 max_train_idx 6916 (2025-02-28 16:00) max_train_label_end 2025-02-28 20:00 <= cutoff 2025-02-28 20:00 (= first_test 2025-03-01 00:00 - 1 anchors) OK
[  646.4s] WARM init 202503 from prev_fold_best_state:202502 (/workspace/review_scratch/allweather_trackB/warmstart/W2/models/mE1w2_202502.pt)
[  666.3s] [mE1w2 202503] ep0 va -5.901 α 0.097 τ 0.50 (20s)
[  686.2s] [mE1w2 202503] ep1 va -5.686 α 0.097 τ 0.47 (20s)
[  706.0s] [mE1w2 202503] ep2 va -5.905 α 0.097 τ 0.44 (20s)
[  725.9s] [mE1w2 202503] ep3 va -5.435 α 0.097 τ 0.41 (20s)
[  746.4s] [mE1w2 202503] ep4 va -5.776 α 0.097 τ 0.39 (21s)
[  766.9s] [mE1w2 202503] ep5 va -4.800 α 0.097 τ 0.36 (20s)
[  787.4s] [mE1w2 202503] ep6 va -4.910 α 0.097 τ 0.33 (20s)
[  807.8s] [mE1w2 202503] ep7 va -5.173 α 0.097 τ 0.30 (20s)
[  827.7s] [mE1w2 202503] ep8 va -4.967 α 0.096 τ 0.27 (20s)
[  847.8s] [mE1w2 202503] ep9 va -5.042 α 0.096 τ 0.24 (20s)
[  868.3s] [mE1w2 202503] ep10 va -5.259 α 0.096 τ 0.21 (21s)
[  888.8s] [mE1w2 202503] ep11 va -5.129 α 0.096 τ 0.19 (21s)
[  909.4s] [mE1w2 202503] ep12 va -5.298 α 0.096 τ 0.16 (21s)
[  929.9s] [mE1w2 202503] ep13 va -5.160 α 0.096 τ 0.13 (21s)
[  950.5s] [mE1w2 202503] ep14 va -5.120 α 0.096 τ 0.10 (21s)
[  952.2s] == mE1w2 202503: net +1.185 bps/锚 ES5 22.14 换手 0.0619 α* 0.0965 best_ep 5 wall 304s
[  952.3s] CAUSALITY ASSERT mE1w2 202504: n_train 7103 max_train_idx 7102 (2025-03-31 16:00) max_train_label_end 2025-03-31 20:00 <= cutoff 2025-03-31 20:00 (= first_test 2025-04-01 00:00 - 1 anchors) OK
[  952.3s] WARM init 202504 from prev_fold_best_state:202503 (/workspace/review_scratch/allweather_trackB/warmstart/W2/models/mE1w2_202503.pt)
[  972.9s] [mE1w2 202504] ep0 va -5.578 α 0.097 τ 0.50 (21s)
[  993.8s] [mE1w2 202504] ep1 va -5.240 α 0.097 τ 0.47 (21s)
[ 1014.9s] [mE1w2 202504] ep2 va -4.892 α 0.096 τ 0.44 (21s)
[ 1036.2s] [mE1w2 202504] ep3 va -5.855 α 0.096 τ 0.41 (21s)
[ 1057.4s] [mE1w2 202504] ep4 va -5.511 α 0.096 τ 0.39 (21s)
[ 1078.9s] [mE1w2 202504] ep5 va -5.650 α 0.096 τ 0.36 (21s)
[ 1099.7s] [mE1w2 202504] ep6 va -5.925 α 0.096 τ 0.33 (21s)
[ 1120.1s] [mE1w2 202504] ep7 va -6.357 α 0.096 τ 0.30 (20s)
[ 1141.0s] [mE1w2 202504] ep8 va -4.992 α 0.096 τ 0.27 (21s)
[ 1161.9s] [mE1w2 202504] ep9 va -5.242 α 0.096 τ 0.24 (21s)
[ 1183.1s] [mE1w2 202504] ep10 va -5.313 α 0.096 τ 0.21 (21s)
[ 1203.8s] [mE1w2 202504] ep11 va -5.161 α 0.096 τ 0.19 (21s)
[ 1225.0s] [mE1w2 202504] ep12 va -5.419 α 0.096 τ 0.16 (21s)
[ 1246.3s] [mE1w2 202504] ep13 va -5.240 α 0.096 τ 0.13 (21s)
[ 1267.6s] [mE1w2 202504] ep14 va -5.271 α 0.096 τ 0.10 (21s)
[ 1269.1s] == mE1w2 202504: net +0.996 bps/锚 ES5 21.04 换手 0.0640 α* 0.0965 best_ep 2 wall 315s
[ 1269.1s] CAUSALITY ASSERT mE1w2 202505: n_train 7283 max_train_idx 7282 (2025-04-30 16:00) max_train_label_end 2025-04-30 20:00 <= cutoff 2025-04-30 20:00 (= first_test 2025-05-01 00:00 - 1 anchors) OK
[ 1269.2s] WARM init 202505 from prev_fold_best_state:202504 (/workspace/review_scratch/allweather_trackB/warmstart/W2/models/mE1w2_202504.pt)
[ 1290.4s] [mE1w2 202505] ep0 va -6.346 α 0.096 τ 0.50 (21s)
[ 1311.8s] [mE1w2 202505] ep1 va -5.135 α 0.096 τ 0.47 (21s)
[ 1333.1s] [mE1w2 202505] ep2 va -5.619 α 0.096 τ 0.44 (21s)
[ 1354.0s] [mE1w2 202505] ep3 va -5.848 α 0.096 τ 0.41 (21s)
[ 1374.9s] [mE1w2 202505] ep4 va -5.406 α 0.096 τ 0.39 (21s)
[ 1395.8s] [mE1w2 202505] ep5 va -6.207 α 0.096 τ 0.36 (21s)
[ 1416.7s] [mE1w2 202505] ep6 va -5.642 α 0.096 τ 0.33 (21s)
[ 1437.6s] [mE1w2 202505] ep7 va -6.061 α 0.096 τ 0.30 (21s)
[ 1458.6s] [mE1w2 202505] ep8 va -5.299 α 0.096 τ 0.27 (21s)
[ 1479.5s] [mE1w2 202505] ep9 va -5.994 α 0.096 τ 0.24 (21s)
[ 1500.6s] [mE1w2 202505] ep10 va -5.677 α 0.096 τ 0.21 (21s)
[ 1521.8s] [mE1w2 202505] ep11 va -5.242 α 0.096 τ 0.19 (21s)
[ 1543.1s] [mE1w2 202505] ep12 va -5.547 α 0.096 τ 0.16 (21s)
[ 1564.8s] [mE1w2 202505] ep13 va -5.525 α 0.096 τ 0.13 (22s)
[ 1586.6s] [mE1w2 202505] ep14 va -5.481 α 0.096 τ 0.10 (22s)
[ 1588.0s] == mE1w2 202505: net +1.806 bps/锚 ES5 18.86 换手 0.0612 α* 0.0965 best_ep 1 wall 317s
[ 1588.0s] CAUSALITY ASSERT mE1w2 202506: n_train 7469 max_train_idx 7468 (2025-05-31 16:00) max_train_label_end 2025-05-31 20:00 <= cutoff 2025-05-31 20:00 (= first_test 2025-06-01 00:00 - 1 anchors) OK
[ 1588.1s] WARM init 202506 from prev_fold_best_state:202505 (/workspace/review_scratch/allweather_trackB/warmstart/W2/models/mE1w2_202505.pt)
[ 1610.4s] [mE1w2 202506] ep0 va -6.780 α 0.096 τ 0.50 (22s)
[ 1632.6s] [mE1w2 202506] ep1 va -4.982 α 0.096 τ 0.47 (22s)
[ 1654.9s] [mE1w2 202506] ep2 va -5.348 α 0.096 τ 0.44 (22s)
[ 1677.3s] [mE1w2 202506] ep3 va -6.057 α 0.096 τ 0.41 (22s)
[ 1699.7s] [mE1w2 202506] ep4 va -5.154 α 0.096 τ 0.39 (22s)
[ 1721.7s] [mE1w2 202506] ep5 va -5.279 α 0.096 τ 0.36 (22s)
[ 1743.1s] [mE1w2 202506] ep6 va -5.317 α 0.096 τ 0.33 (21s)
[ 1764.5s] [mE1w2 202506] ep7 va -6.138 α 0.096 τ 0.30 (21s)
[ 1786.0s] [mE1w2 202506] ep8 va -5.902 α 0.096 τ 0.27 (21s)
[ 1807.4s] [mE1w2 202506] ep9 va -5.448 α 0.096 τ 0.24 (21s)
[ 1828.8s] [mE1w2 202506] ep10 va -5.517 α 0.096 τ 0.21 (21s)
[ 1855.1s] [mE1w2 202506] ep11 va -5.370 α 0.096 τ 0.19 (26s)
[ 1878.8s] [mE1w2 202506] ep12 va -5.435 α 0.096 τ 0.16 (24s)
[ 1902.3s] [mE1w2 202506] ep13 va -5.424 α 0.096 τ 0.13 (23s)
[ 1924.6s] [mE1w2 202506] ep14 va -5.425 α 0.096 τ 0.10 (22s)
[ 1926.0s] == mE1w2 202506: net +0.140 bps/锚 ES5 20.97 换手 0.0583 α* 0.0964 best_ep 1 wall 337s
[ 1926.0s] CAUSALITY ASSERT mE1w2 202507: n_train 7649 max_train_idx 7648 (2025-06-30 16:00) max_train_label_end 2025-06-30 20:00 <= cutoff 2025-06-30 20:00 (= first_test 2025-07-01 00:00 - 1 anchors) OK
[ 1926.0s] WARM init 202507 from prev_fold_best_state:202506 (/workspace/review_scratch/allweather_trackB/warmstart/W2/models/mE1w2_202506.pt)
[ 1948.1s] [mE1w2 202507] ep0 va -6.705 α 0.096 τ 0.50 (22s)
[ 1970.3s] [mE1w2 202507] ep1 va -5.544 α 0.096 τ 0.47 (22s)
[ 1992.5s] [mE1w2 202507] ep2 va -4.781 α 0.096 τ 0.44 (22s)
[ 2014.5s] [mE1w2 202507] ep3 va -6.617 α 0.096 τ 0.41 (22s)
[ 2037.2s] [mE1w2 202507] ep4 va -6.327 α 0.096 τ 0.39 (23s)
[ 2059.9s] [mE1w2 202507] ep5 va -5.597 α 0.096 τ 0.36 (23s)
[ 2082.7s] [mE1w2 202507] ep6 va -5.882 α 0.096 τ 0.33 (23s)
[ 2105.0s] [mE1w2 202507] ep7 va -5.862 α 0.096 τ 0.30 (22s)
[ 2127.8s] [mE1w2 202507] ep8 va -5.586 α 0.096 τ 0.27 (23s)
[ 2150.7s] [mE1w2 202507] ep9 va -5.230 α 0.096 τ 0.24 (23s)
[ 2173.4s] [mE1w2 202507] ep10 va -5.501 α 0.096 τ 0.21 (23s)
[ 2196.0s] [mE1w2 202507] ep11 va -5.781 α 0.096 τ 0.19 (23s)
[ 2218.9s] [mE1w2 202507] ep12 va -5.745 α 0.096 τ 0.16 (23s)
[ 2241.0s] [mE1w2 202507] ep13 va -5.471 α 0.096 τ 0.13 (22s)
[ 2263.0s] [mE1w2 202507] ep14 va -5.483 α 0.096 τ 0.10 (22s)
[ 2264.3s] == mE1w2 202507: net +1.308 bps/锚 ES5 23.50 换手 0.0581 α* 0.0964 best_ep 2 wall 337s
[ 2264.3s] CAUSALITY ASSERT mE1w2 202508: n_train 7835 max_train_idx 7834 (2025-07-31 16:00) max_train_label_end 2025-07-31 20:00 <= cutoff 2025-07-31 20:00 (= first_test 2025-08-01 00:00 - 1 anchors) OK
[ 2264.4s] WARM init 202508 from prev_fold_best_state:202507 (/workspace/review_scratch/allweather_trackB/warmstart/W2/models/mE1w2_202507.pt)
[ 2287.0s] [mE1w2 202508] ep0 va -5.999 α 0.096 τ 0.50 (23s)
[ 2310.5s] [mE1w2 202508] ep1 va -4.702 α 0.096 τ 0.47 (24s)
[ 2334.0s] [mE1w2 202508] ep2 va -5.130 α 0.096 τ 0.44 (24s)
[ 2357.6s] [mE1w2 202508] ep3 va -6.415 α 0.096 τ 0.41 (24s)
[ 2381.1s] [mE1w2 202508] ep4 va -4.761 α 0.096 τ 0.39 (23s)
[ 2404.5s] [mE1w2 202508] ep5 va -5.170 α 0.096 τ 0.36 (23s)
[ 2427.9s] [mE1w2 202508] ep6 va -5.223 α 0.096 τ 0.33 (23s)
[ 2451.4s] [mE1w2 202508] ep7 va -6.117 α 0.096 τ 0.30 (23s)
[ 2474.8s] [mE1w2 202508] ep8 va -5.000 α 0.096 τ 0.27 (23s)
[ 2498.3s] [mE1w2 202508] ep9 va -4.660 α 0.096 τ 0.24 (23s)
[ 2521.7s] [mE1w2 202508] ep10 va -5.012 α 0.096 τ 0.21 (23s)
[ 2545.2s] [mE1w2 202508] ep11 va -5.067 α 0.096 τ 0.19 (23s)
[ 2568.6s] [mE1w2 202508] ep12 va -5.212 α 0.096 τ 0.16 (23s)
[ 2591.8s] [mE1w2 202508] ep13 va -5.129 α 0.096 τ 0.13 (23s)
[ 2614.4s] [mE1w2 202508] ep14 va -5.115 α 0.096 τ 0.10 (23s)
[ 2615.8s] == mE1w2 202508: net +0.082 bps/锚 ES5 18.15 换手 0.0589 α* 0.0964 best_ep 9 wall 350s
[ 2615.8s] CAUSALITY ASSERT mE1w2 202509: n_train 8021 max_train_idx 8020 (2025-08-31 16:00) max_train_label_end 2025-08-31 20:00 <= cutoff 2025-08-31 20:00 (= first_test 2025-09-01 00:00 - 1 anchors) OK
[ 2615.8s] WARM init 202509 from prev_fold_best_state:202508 (/workspace/review_scratch/allweather_trackB/warmstart/W2/models/mE1w2_202508.pt)
[ 2638.9s] [mE1w2 202509] ep0 va -4.907 α 0.097 τ 0.50 (23s)
[ 2662.0s] [mE1w2 202509] ep1 va -5.341 α 0.097 τ 0.47 (23s)
[ 2685.5s] [mE1w2 202509] ep2 va -4.655 α 0.097 τ 0.44 (23s)
[ 2709.6s] [mE1w2 202509] ep3 va -4.233 α 0.097 τ 0.41 (24s)
[ 2733.6s] [mE1w2 202509] ep4 va -4.754 α 0.097 τ 0.39 (24s)
[ 2757.7s] [mE1w2 202509] ep5 va -4.580 α 0.097 τ 0.36 (24s)
[ 2781.6s] [mE1w2 202509] ep6 va -4.997 α 0.097 τ 0.33 (24s)
[ 2805.8s] [mE1w2 202509] ep7 va -4.915 α 0.097 τ 0.30 (24s)
[ 2829.8s] [mE1w2 202509] ep8 va -5.033 α 0.097 τ 0.27 (24s)
[ 2853.9s] [mE1w2 202509] ep9 va -4.541 α 0.097 τ 0.24 (24s)
[ 2878.0s] [mE1w2 202509] ep10 va -4.342 α 0.097 τ 0.21 (24s)
[ 2901.7s] [mE1w2 202509] ep11 va -4.538 α 0.097 τ 0.19 (24s)
[ 2924.9s] [mE1w2 202509] ep12 va -4.695 α 0.097 τ 0.16 (23s)
[ 2948.1s] [mE1w2 202509] ep13 va -4.678 α 0.097 τ 0.13 (23s)
[ 2971.3s] [mE1w2 202509] ep14 va -4.676 α 0.097 τ 0.10 (23s)
[ 2972.7s] == mE1w2 202509: net +2.765 bps/锚 ES5 29.57 换手 0.0440 α* 0.0965 best_ep 3 wall 355s
[ 2972.7s] CAUSALITY ASSERT mE1w2 202510: n_train 8201 max_train_idx 8200 (2025-09-30 16:00) max_train_label_end 2025-09-30 20:00 <= cutoff 2025-09-30 20:00 (= first_test 2025-10-01 00:00 - 1 anchors) OK
[ 2972.7s] WARM init 202510 from prev_fold_best_state:202509 (/workspace/review_scratch/allweather_trackB/warmstart/W2/models/mE1w2_202509.pt)
[ 2997.1s] [mE1w2 202510] ep0 va -5.139 α 0.097 τ 0.50 (24s)
[ 3020.7s] [mE1w2 202510] ep1 va -4.603 α 0.097 τ 0.47 (24s)
[ 3044.7s] [mE1w2 202510] ep2 va -5.183 α 0.097 τ 0.44 (24s)
[ 3069.2s] [mE1w2 202510] ep3 va -4.839 α 0.097 τ 0.41 (24s)
[ 3093.4s] [mE1w2 202510] ep4 va -5.999 α 0.097 τ 0.39 (24s)
[ 3117.2s] [mE1w2 202510] ep5 va -4.663 α 0.097 τ 0.36 (24s)
[ 3140.9s] [mE1w2 202510] ep6 va -5.367 α 0.097 τ 0.33 (24s)
[ 3165.3s] [mE1w2 202510] ep7 va -4.910 α 0.097 τ 0.30 (24s)
[ 3189.7s] [mE1w2 202510] ep8 va -5.124 α 0.097 τ 0.27 (24s)
[ 3214.3s] [mE1w2 202510] ep9 va -4.668 α 0.097 τ 0.24 (25s)
[ 3238.3s] [mE1w2 202510] ep10 va -4.674 α 0.097 τ 0.21 (24s)
[ 3262.7s] [mE1w2 202510] ep11 va -4.707 α 0.097 τ 0.19 (24s)
[ 3287.3s] [mE1w2 202510] ep12 va -4.805 α 0.097 τ 0.16 (25s)
[ 3311.7s] [mE1w2 202510] ep13 va -4.666 α 0.097 τ 0.13 (24s)
[ 3336.2s] [mE1w2 202510] ep14 va -4.699 α 0.097 τ 0.10 (24s)
[ 3337.4s] == mE1w2 202510: net +5.962 bps/锚 ES5 44.48 换手 0.0248 α* 0.0967 best_ep 1 wall 364s
[ 3337.4s] CAUSALITY ASSERT mE1w2 202511: n_train 8387 max_train_idx 8386 (2025-10-31 16:00) max_train_label_end 2025-10-31 20:00 <= cutoff 2025-10-31 20:00 (= first_test 2025-11-01 00:00 - 1 anchors) OK
[ 3337.4s] WARM init 202511 from prev_fold_best_state:202510 (/workspace/review_scratch/allweather_trackB/warmstart/W2/models/mE1w2_202510.pt)
[ 3362.5s] [mE1w2 202511] ep0 va -5.492 α 0.097 τ 0.50 (25s)
[ 3387.6s] [mE1w2 202511] ep1 va -5.778 α 0.097 τ 0.47 (25s)
[ 3412.9s] [mE1w2 202511] ep2 va -5.009 α 0.097 τ 0.44 (25s)
[ 3438.1s] [mE1w2 202511] ep3 va -5.164 α 0.097 τ 0.41 (25s)
[ 3463.5s] [mE1w2 202511] ep4 va -5.072 α 0.097 τ 0.39 (25s)
[ 3488.1s] [mE1w2 202511] ep5 va -5.093 α 0.097 τ 0.36 (25s)
[ 3513.1s] [mE1w2 202511] ep6 va -5.008 α 0.097 τ 0.33 (25s)
[ 3538.1s] [mE1w2 202511] ep7 va -5.091 α 0.097 τ 0.30 (25s)
[ 3563.2s] [mE1w2 202511] ep8 va -4.915 α 0.097 τ 0.27 (25s)
[ 3588.4s] [mE1w2 202511] ep9 va -5.131 α 0.097 τ 0.24 (25s)
[ 3612.8s] [mE1w2 202511] ep10 va -5.104 α 0.097 τ 0.21 (24s)
[ 3637.4s] [mE1w2 202511] ep11 va -5.120 α 0.097 τ 0.19 (25s)
[ 3661.8s] [mE1w2 202511] ep12 va -5.065 α 0.097 τ 0.16 (24s)
[ 3686.0s] [mE1w2 202511] ep13 va -5.071 α 0.097 τ 0.13 (24s)
[ 3710.3s] [mE1w2 202511] ep14 va -5.115 α 0.097 τ 0.10 (24s)
[ 3711.4s] == mE1w2 202511: net +1.079 bps/锚 ES5 53.58 换手 0.0143 α* 0.097 best_ep 8 wall 373s
[ 3711.5s] CAUSALITY ASSERT mE1w2 202512: n_train 8567 max_train_idx 8566 (2025-11-30 16:00) max_train_label_end 2025-11-30 20:00 <= cutoff 2025-11-30 20:00 (= first_test 2025-12-01 00:00 - 1 anchors) OK
[ 3711.5s] WARM init 202512 from prev_fold_best_state:202511 (/workspace/review_scratch/allweather_trackB/warmstart/W2/models/mE1w2_202511.pt)
[ 3736.6s] [mE1w2 202512] ep0 va -7.063 α 0.097 τ 0.50 (25s)
[ 3762.4s] [mE1w2 202512] ep1 va -7.071 α 0.097 τ 0.47 (26s)
[ 3787.4s] [mE1w2 202512] ep2 va -7.153 α 0.097 τ 0.44 (25s)
[ 3812.4s] [mE1w2 202512] ep3 va -6.892 α 0.097 τ 0.41 (25s)
[ 3837.3s] [mE1w2 202512] ep4 va -6.940 α 0.097 τ 0.39 (25s)
[ 3862.2s] [mE1w2 202512] ep5 va -6.857 α 0.097 τ 0.36 (25s)
[ 3887.1s] [mE1w2 202512] ep6 va -6.926 α 0.097 τ 0.33 (25s)
[ 3912.6s] [mE1w2 202512] ep7 va -6.928 α 0.097 τ 0.30 (26s)
[ 3938.5s] [mE1w2 202512] ep8 va -6.785 α 0.097 τ 0.27 (26s)
[ 3964.3s] [mE1w2 202512] ep9 va -6.824 α 0.097 τ 0.24 (26s)
[ 3990.1s] [mE1w2 202512] ep10 va -6.854 α 0.097 τ 0.21 (26s)
[ 4015.9s] [mE1w2 202512] ep11 va -6.934 α 0.097 τ 0.19 (26s)
[ 4041.7s] [mE1w2 202512] ep12 va -6.824 α 0.097 τ 0.16 (26s)
[ 4067.6s] [mE1w2 202512] ep13 va -6.827 α 0.097 τ 0.13 (26s)
[ 4093.5s] [mE1w2 202512] ep14 va -6.847 α 0.097 τ 0.10 (26s)
[ 4094.5s] == mE1w2 202512: net +0.592 bps/锚 ES5 39.71 换手 0.0196 α* 0.0973 best_ep 8 wall 382s
[ 4094.5s] CAUSALITY ASSERT mE1w2 202601: n_train 8753 max_train_idx 8752 (2025-12-31 16:00) max_train_label_end 2025-12-31 20:00 <= cutoff 2025-12-31 20:00 (= first_test 2026-01-01 00:00 - 1 anchors) OK
[ 4094.5s] WARM init 202601 from prev_fold_best_state:202512 (/workspace/review_scratch/allweather_trackB/warmstart/W2/models/mE1w2_202512.pt)
[ 4120.8s] [mE1w2 202601] ep0 va -7.778 α 0.097 τ 0.50 (26s)
[ 4147.0s] [mE1w2 202601] ep1 va -7.694 α 0.097 τ 0.47 (26s)
[ 4173.3s] [mE1w2 202601] ep2 va -7.773 α 0.097 τ 0.44 (26s)
[ 4199.6s] [mE1w2 202601] ep3 va -7.684 α 0.098 τ 0.41 (26s)
[ 4226.0s] [mE1w2 202601] ep4 va -7.917 α 0.098 τ 0.39 (26s)
[ 4252.5s] [mE1w2 202601] ep5 va -7.918 α 0.098 τ 0.36 (27s)
[ 4278.7s] [mE1w2 202601] ep6 va -7.715 α 0.098 τ 0.33 (26s)
[ 4305.0s] [mE1w2 202601] ep7 va -7.749 α 0.098 τ 0.30 (26s)
[ 4331.2s] [mE1w2 202601] ep8 va -7.859 α 0.098 τ 0.27 (26s)
[ 4357.4s] [mE1w2 202601] ep9 va -7.763 α 0.098 τ 0.24 (26s)
[ 4383.6s] [mE1w2 202601] ep10 va -7.804 α 0.098 τ 0.21 (26s)
[ 4409.9s] [mE1w2 202601] ep11 va -7.737 α 0.098 τ 0.19 (26s)
[ 4436.0s] [mE1w2 202601] ep12 va -7.735 α 0.098 τ 0.16 (26s)
[ 4461.5s] [mE1w2 202601] ep13 va -7.763 α 0.098 τ 0.13 (26s)
[ 4487.7s] [mE1w2 202601] ep14 va -7.766 α 0.098 τ 0.10 (26s)
[ 4488.9s] == mE1w2 202601: net +1.318 bps/锚 ES5 36.96 换手 0.0277 α* 0.0975 best_ep 3 wall 393s
[ 4488.9s] CAUSALITY ASSERT mE1w2 202602: n_train 8939 max_train_idx 8938 (2026-01-31 16:00) max_train_label_end 2026-01-31 20:00 <= cutoff 2026-01-31 20:00 (= first_test 2026-02-01 00:00 - 1 anchors) OK
[ 4488.9s] WARM init 202602 from prev_fold_best_state:202601 (/workspace/review_scratch/allweather_trackB/warmstart/W2/models/mE1w2_202601.pt)
[ 4514.8s] [mE1w2 202602] ep0 va -7.896 α 0.098 τ 0.50 (26s)
[ 4540.6s] [mE1w2 202602] ep1 va -7.725 α 0.098 τ 0.47 (26s)
[ 4566.4s] [mE1w2 202602] ep2 va -7.783 α 0.098 τ 0.44 (26s)
[ 4592.5s] [mE1w2 202602] ep3 va -7.695 α 0.098 τ 0.41 (26s)
[ 4619.2s] [mE1w2 202602] ep4 va -7.972 α 0.098 τ 0.39 (27s)
[ 4645.9s] [mE1w2 202602] ep5 va -7.857 α 0.098 τ 0.36 (27s)
[ 4672.7s] [mE1w2 202602] ep6 va -7.798 α 0.098 τ 0.33 (27s)
[ 4699.5s] [mE1w2 202602] ep7 va -7.744 α 0.098 τ 0.30 (27s)
[ 4725.4s] [mE1w2 202602] ep8 va -7.743 α 0.098 τ 0.27 (26s)
[ 4751.9s] [mE1w2 202602] ep9 va -7.761 α 0.098 τ 0.24 (27s)
[ 4778.6s] [mE1w2 202602] ep10 va -7.789 α 0.098 τ 0.21 (27s)
[ 4804.5s] [mE1w2 202602] ep11 va -7.755 α 0.098 τ 0.19 (26s)
[ 4830.3s] [mE1w2 202602] ep12 va -7.786 α 0.098 τ 0.16 (26s)
[ 4856.3s] [mE1w2 202602] ep13 va -7.814 α 0.098 τ 0.13 (26s)
[ 4882.2s] [mE1w2 202602] ep14 va -7.805 α 0.098 τ 0.10 (26s)
[ 4883.2s] == mE1w2 202602: net +3.690 bps/锚 ES5 29.60 换手 0.0398 α* 0.0978 best_ep 3 wall 393s
[ 4883.2s] CAUSALITY ASSERT mE1w2 202603: n_train 9107 max_train_idx 9106 (2026-02-28 16:00) max_train_label_end 2026-02-28 20:00 <= cutoff 2026-02-28 20:00 (= first_test 2026-03-01 00:00 - 1 anchors) OK
[ 4883.3s] WARM init 202603 from prev_fold_best_state:202602 (/workspace/review_scratch/allweather_trackB/warmstart/W2/models/mE1w2_202602.pt)
[ 4910.4s] [mE1w2 202603] ep0 va -7.687 α 0.098 τ 0.50 (27s)
[ 4937.3s] [mE1w2 202603] ep1 va -7.713 α 0.098 τ 0.47 (27s)
[ 4964.5s] [mE1w2 202603] ep2 va -7.683 α 0.098 τ 0.44 (27s)
[ 4991.8s] [mE1w2 202603] ep3 va -7.505 α 0.098 τ 0.41 (27s)
[ 5019.0s] [mE1w2 202603] ep4 va -7.834 α 0.098 τ 0.39 (27s)
[ 5045.6s] [mE1w2 202603] ep5 va -7.756 α 0.098 τ 0.36 (27s)
[ 5071.8s] [mE1w2 202603] ep6 va -7.665 α 0.098 τ 0.33 (26s)
[ 5098.0s] [mE1w2 202603] ep7 va -7.751 α 0.098 τ 0.30 (26s)
[ 5124.6s] [mE1w2 202603] ep8 va -7.652 α 0.098 τ 0.27 (27s)
[ 5150.8s] [mE1w2 202603] ep9 va -7.722 α 0.098 τ 0.24 (26s)
[ 5177.9s] [mE1w2 202603] ep10 va -7.699 α 0.098 τ 0.21 (27s)
[ 5204.8s] [mE1w2 202603] ep11 va -7.707 α 0.098 τ 0.19 (27s)
[ 5231.8s] [mE1w2 202603] ep12 va -7.666 α 0.098 τ 0.16 (27s)
[ 5258.9s] [mE1w2 202603] ep13 va -7.691 α 0.098 τ 0.13 (27s)
[ 5286.4s] [mE1w2 202603] ep14 va -7.679 α 0.098 τ 0.10 (27s)
[ 5287.4s] == mE1w2 202603: net +3.227 bps/锚 ES5 23.12 换手 0.0556 α* 0.0981 best_ep 3 wall 403s
[ 5287.4s] CAUSALITY ASSERT mE1w2 202604: n_train 9293 max_train_idx 9292 (2026-03-31 16:00) max_train_label_end 2026-03-31 20:00 <= cutoff 2026-03-31 20:00 (= first_test 2026-04-01 00:00 - 1 anchors) OK
[ 5287.5s] WARM init 202604 from prev_fold_best_state:202603 (/workspace/review_scratch/allweather_trackB/warmstart/W2/models/mE1w2_202603.pt)
[ 5315.4s] [mE1w2 202604] ep0 va -7.427 α 0.098 τ 0.50 (28s)
[ 5343.3s] [mE1w2 202604] ep1 va -7.360 α 0.098 τ 0.47 (28s)
[ 5371.4s] [mE1w2 202604] ep2 va -7.408 α 0.098 τ 0.44 (28s)
[ 5399.4s] [mE1w2 202604] ep3 va -7.332 α 0.098 τ 0.41 (28s)
[ 5427.4s] [mE1w2 202604] ep4 va -7.462 α 0.099 τ 0.39 (28s)
[ 5455.3s] [mE1w2 202604] ep5 va -7.331 α 0.099 τ 0.36 (28s)
[ 5483.3s] [mE1w2 202604] ep6 va -7.325 α 0.099 τ 0.33 (28s)
[ 5511.2s] [mE1w2 202604] ep7 va -7.399 α 0.099 τ 0.30 (28s)
[ 5539.0s] [mE1w2 202604] ep8 va -7.388 α 0.099 τ 0.27 (28s)
[ 5567.0s] [mE1w2 202604] ep9 va -7.426 α 0.099 τ 0.24 (28s)
[ 5595.3s] [mE1w2 202604] ep10 va -7.370 α 0.099 τ 0.21 (28s)
[ 5622.6s] [mE1w2 202604] ep11 va -7.369 α 0.099 τ 0.19 (27s)
[ 5650.5s] [mE1w2 202604] ep12 va -7.353 α 0.099 τ 0.16 (28s)
[ 5677.9s] [mE1w2 202604] ep13 va -7.357 α 0.099 τ 0.13 (27s)
[ 5705.8s] [mE1w2 202604] ep14 va -7.358 α 0.099 τ 0.10 (28s)
[ 5706.6s] == mE1w2 202604: net +6.022 bps/锚 ES5 39.11 换手 0.0544 α* 0.0986 best_ep 6 wall 418s
[ 5706.6s] CAUSALITY ASSERT mE1w2 202605: n_train 9473 max_train_idx 9472 (2026-04-30 16:00) max_train_label_end 2026-04-30 20:00 <= cutoff 2026-04-30 20:00 (= first_test 2026-05-01 00:00 - 1 anchors) OK
[ 5706.7s] WARM init 202605 from prev_fold_best_state:202604 (/workspace/review_scratch/allweather_trackB/warmstart/W2/models/mE1w2_202604.pt)
[ 5734.8s] [mE1w2 202605] ep0 va -7.045 α 0.099 τ 0.50 (28s)
[ 5763.3s] [mE1w2 202605] ep1 va -7.084 α 0.099 τ 0.47 (28s)
[ 5791.6s] [mE1w2 202605] ep2 va -6.940 α 0.099 τ 0.44 (28s)
[ 5819.7s] [mE1w2 202605] ep3 va -7.041 α 0.099 τ 0.41 (28s)
[ 5848.3s] [mE1w2 202605] ep4 va -7.087 α 0.099 τ 0.39 (29s)
[ 5876.8s] [mE1w2 202605] ep5 va -6.985 α 0.099 τ 0.36 (29s)
[ 5904.5s] [mE1w2 202605] ep6 va -6.992 α 0.099 τ 0.33 (28s)
[ 5932.0s] [mE1w2 202605] ep7 va -7.006 α 0.099 τ 0.30 (28s)
[ 5960.3s] [mE1w2 202605] ep8 va -7.102 α 0.099 τ 0.27 (28s)
[ 5987.7s] [mE1w2 202605] ep9 va -6.938 α 0.099 τ 0.24 (27s)
[ 6016.0s] [mE1w2 202605] ep10 va -7.011 α 0.099 τ 0.21 (28s)
[ 6044.5s] [mE1w2 202605] ep11 va -6.934 α 0.099 τ 0.19 (28s)
[ 6072.9s] [mE1w2 202605] ep12 va -7.052 α 0.099 τ 0.16 (28s)
[ 6101.1s] [mE1w2 202605] ep13 va -7.019 α 0.099 τ 0.13 (28s)
[ 6128.7s] [mE1w2 202605] ep14 va -7.012 α 0.099 τ 0.10 (28s)
[ 6129.6s] == mE1w2 202605: net +2.921 bps/锚 ES5 35.53 换手 0.0425 α* 0.0995 best_ep 11 wall 422s
[ 6129.7s] CAUSALITY ASSERT mE1w2 202606: n_train 9659 max_train_idx 9658 (2026-05-31 16:00) max_train_label_end 2026-05-31 20:00 <= cutoff 2026-05-31 20:00 (= first_test 2026-06-01 00:00 - 1 anchors) OK
[ 6129.7s] WARM init 202606 from prev_fold_best_state:202605 (/workspace/review_scratch/allweather_trackB/warmstart/W2/models/mE1w2_202605.pt)
[ 6158.3s] [mE1w2 202606] ep0 va -7.007 α 0.100 τ 0.50 (29s)
[ 6187.3s] [mE1w2 202606] ep1 va -7.022 α 0.100 τ 0.47 (29s)
[ 6216.2s] [mE1w2 202606] ep2 va -7.071 α 0.100 τ 0.44 (29s)
[ 6245.2s] [mE1w2 202606] ep3 va -6.927 α 0.100 τ 0.41 (29s)
[ 6274.5s] [mE1w2 202606] ep4 va -6.914 α 0.100 τ 0.39 (29s)
[ 6303.6s] [mE1w2 202606] ep5 va -6.851 α 0.100 τ 0.36 (29s)
[ 6332.3s] [mE1w2 202606] ep6 va -6.942 α 0.100 τ 0.33 (29s)
[ 6361.3s] [mE1w2 202606] ep7 va -6.907 α 0.100 τ 0.30 (29s)
[ 6390.2s] [mE1w2 202606] ep8 va -7.051 α 0.100 τ 0.27 (29s)
[ 6419.1s] [mE1w2 202606] ep9 va -6.791 α 0.100 τ 0.24 (29s)
[ 6447.9s] [mE1w2 202606] ep10 va -6.856 α 0.100 τ 0.21 (29s)
[ 6476.6s] [mE1w2 202606] ep11 va -6.924 α 0.100 τ 0.19 (29s)
[ 6505.5s] [mE1w2 202606] ep12 va -6.934 α 0.100 τ 0.16 (29s)
[ 6533.7s] [mE1w2 202606] ep13 va -6.905 α 0.100 τ 0.13 (28s)
[ 6561.6s] [mE1w2 202606] ep14 va -6.902 α 0.100 τ 0.10 (28s)
[ 6562.3s] == mE1w2 202606: net +5.688 bps/锚 ES5 49.25 换手 0.0354 α* 0.1004 best_ep 9 wall 432s
[ 6562.4s] CAUSALITY ASSERT mE1w2 202607: n_train 9839 max_train_idx 9838 (2026-06-30 16:00) max_train_label_end 2026-06-30 20:00 <= cutoff 2026-06-30 20:00 (= first_test 2026-07-01 00:00 - 1 anchors) OK
[ 6562.4s] WARM init 202607 from prev_fold_best_state:202606 (/workspace/review_scratch/allweather_trackB/warmstart/W2/models/mE1w2_202606.pt)
[ 6591.0s] [mE1w2 202607] ep0 va -7.123 α 0.101 τ 0.50 (29s)
[ 6619.4s] [mE1w2 202607] ep1 va -7.310 α 0.101 τ 0.47 (28s)
[ 6648.0s] [mE1w2 202607] ep2 va -7.244 α 0.101 τ 0.44 (29s)
[ 6676.6s] [mE1w2 202607] ep3 va -7.187 α 0.101 τ 0.41 (29s)
[ 6705.2s] [mE1w2 202607] ep4 va -7.195 α 0.101 τ 0.39 (29s)
[ 6733.8s] [mE1w2 202607] ep5 va -7.111 α 0.101 τ 0.36 (29s)
[ 6762.4s] [mE1w2 202607] ep6 va -7.158 α 0.101 τ 0.33 (29s)
[ 6791.0s] [mE1w2 202607] ep7 va -7.132 α 0.101 τ 0.30 (29s)
[ 6819.7s] [mE1w2 202607] ep8 va -7.208 α 0.101 τ 0.27 (29s)
[ 6848.3s] [mE1w2 202607] ep9 va -7.187 α 0.101 τ 0.24 (29s)
[ 6876.8s] [mE1w2 202607] ep10 va -7.170 α 0.101 τ 0.21 (29s)
[ 6905.3s] [mE1w2 202607] ep11 va -7.155 α 0.101 τ 0.19 (28s)
[ 6933.9s] [mE1w2 202607] ep12 va -7.163 α 0.101 τ 0.16 (29s)
[ 6962.6s] [mE1w2 202607] ep13 va -7.160 α 0.101 τ 0.13 (29s)
[ 6991.6s] [mE1w2 202607] ep14 va -7.162 α 0.101 τ 0.10 (29s)
[ 6992.2s] == mE1w2 202607: net +3.919 bps/锚 ES5 43.65 换手 0.0351 α* 0.101 best_ep 5 wall 429s
[ 6992.2s] CAUSALITY ASSERT mE1w2 202608: n_train 10025 max_train_idx 10024 (2026-07-31 16:00) max_train_label_end 2026-07-31 20:00 <= cutoff 2026-07-31 20:00 (= first_test 2026-08-01 00:00 - 1 anchors) OK
[ 6992.2s] WARM init 202608 from prev_fold_best_state:202607 (/workspace/review_scratch/allweather_trackB/warmstart/W2/models/mE1w2_202607.pt)
[ 7021.2s] [mE1w2 202608] ep0 va -6.475 α 0.101 τ 0.50 (29s)
[ 7049.9s] [mE1w2 202608] ep1 va -6.499 α 0.101 τ 0.47 (29s)
[ 7079.8s] [mE1w2 202608] ep2 va -6.435 α 0.102 τ 0.44 (30s)
[ 7109.9s] [mE1w2 202608] ep3 va -6.553 α 0.102 τ 0.41 (30s)
[ 7139.8s] [mE1w2 202608] ep4 va -6.419 α 0.102 τ 0.39 (30s)
[ 7169.5s] [mE1w2 202608] ep5 va -6.464 α 0.102 τ 0.36 (30s)
[ 7199.7s] [mE1w2 202608] ep6 va -6.460 α 0.102 τ 0.33 (30s)
[ 7229.9s] [mE1w2 202608] ep7 va -6.459 α 0.102 τ 0.30 (30s)
[ 7259.9s] [mE1w2 202608] ep8 va -6.467 α 0.102 τ 0.27 (30s)
[ 7289.8s] [mE1w2 202608] ep9 va -6.424 α 0.102 τ 0.24 (30s)
[ 7320.7s] [mE1w2 202608] ep10 va -6.461 α 0.102 τ 0.21 (31s)
[ 7351.7s] [mE1w2 202608] ep11 va -6.496 α 0.102 τ 0.19 (31s)
[ 7382.2s] [mE1w2 202608] ep12 va -6.489 α 0.102 τ 0.16 (30s)
[ 7413.3s] [mE1w2 202608] ep13 va -6.470 α 0.102 τ 0.13 (31s)
[ 7443.1s] [mE1w2 202608] ep14 va -6.472 α 0.102 τ 0.10 (30s)
[ 7443.6s] == mE1w2 202608: net -0.711 bps/锚 ES5 51.23 换手 0.0345 α* 0.1018 best_ep 4 wall 451s
[ 7443.6s] MWF_TRAIN_DONE mE1w2 s42 folds 20 月均净 +2.131 bps/锚(训练帧, 非终审)
