[    3.8s] rows 2745557 cols 171 anchors 10206 med|y| 0.00894
[    5.1s] MWF start tag mE1c embargo 1 months [202501] base_sha 93cc2cdf925a self_sha 681d993956b1 torch 2.11.0+cu128 gpu NVIDIA RTX PRO 4500 Blackwell
[    5.1s] CAUSALITY ASSERT mE1c 202501: n_train 6563 max_train_idx 6562 (2024-12-31 16:00) max_train_label_end 2024-12-31 20:00 <= cutoff 2024-12-31 20:00 (= first_test 2025-01-01 00:00 - 1 anchors) OK
/workspace/review_scratch/allweather_trackB/pod_f10_train_monthly_warm_earlystop.py:387: UserWarning: Converting a tensor with requires_grad=True to a scalar may lead to unexpected behavior.
Consider using tensor.detach() first. (Triggered internally at /pytorch/torch/csrc/autograd/generated/python_variable_methods.cpp:836.)
  al = float(mdl.alpha()); va_curve.append(round(va, 4)); alist.append(round(al, 4)); ep_s.append(round(time.time() - t0, 1))
[   32.1s] [mE1c 202501] ep0 va -4.859 α 0.099 τ 0.50 (22s)
[   53.5s] [mE1c 202501] ep1 va -3.984 α 0.099 τ 0.47 (21s)
[   74.6s] [mE1c 202501] ep2 va -3.215 α 0.098 τ 0.44 (21s)
[   95.9s] [mE1c 202501] ep3 va -4.287 α 0.097 τ 0.41 (21s)
[  116.7s] [mE1c 202501] ep4 va -3.383 α 0.097 τ 0.39 (21s)
[  138.3s] [mE1c 202501] ep5 va -3.652 α 0.097 τ 0.36 (21s)
[  160.0s] [mE1c 202501] ep6 va -3.109 α 0.097 τ 0.33 (22s)
[  181.3s] [mE1c 202501] ep7 va -3.905 α 0.096 τ 0.30 (21s)
[  202.3s] [mE1c 202501] ep8 va -3.241 α 0.096 τ 0.27 (21s)
[  222.9s] [mE1c 202501] ep9 va -3.787 α 0.096 τ 0.24 (21s)
[  243.8s] [mE1c 202501] ep10 va -3.703 α 0.096 τ 0.21 (21s)
[  264.8s] [mE1c 202501] ep11 va -3.703 α 0.096 τ 0.19 (21s)
[  285.6s] [mE1c 202501] ep12 va -3.983 α 0.096 τ 0.16 (21s)
[  306.3s] [mE1c 202501] ep13 va -3.640 α 0.096 τ 0.13 (21s)
[  327.2s] [mE1c 202501] ep14 va -3.662 α 0.096 τ 0.10 (21s)
[  329.7s] == mE1c 202501: net +0.229 bps/锚 ES5 22.94 换手 0.0742 α* 0.0966 best_ep 6 wall 317s
[  329.7s] MWF_TRAIN_DONE mE1c s42 folds 1 月均净 +0.229 bps/锚(训练帧, 非终审)
