[   13.6s] rows 2745557 cols 171 anchors 10206 med|y| 0.00894
[   15.9s] MWF start tag mE1w1 embargo 1 months [202501, 202502, 202503, 202504, 202505, 202506, 202507, 202508, 202509, 202510, 202511, 202512, 202601, 202602, 202603, 202604, 202605, 202606, 202607, 202608] base_sha 93cc2cdf925a self_sha ccfebb4e6621 torch 2.11.0+cu128 gpu NVIDIA RTX PRO 4500 Blackwell
[   15.9s] CAUSALITY ASSERT mE1w1 202501: n_train 6563 max_train_idx 6562 (2024-12-31 16:00) max_train_label_end 2024-12-31 20:00 <= cutoff 2024-12-31 20:00 (= first_test 2025-01-01 00:00 - 1 anchors) OK
[   16.1s] WARM init 202501 from INIT_STATE (/workspace/review_scratch/allweather_trackB/mE1_constseed/yearly_out/models/f10_V2MAIN_YS_s42_2025.pt)
/workspace/review_scratch/allweather_trackB/pod_f10_train_monthly_warmstart.py:385: UserWarning: Converting a tensor with requires_grad=True to a scalar may lead to unexpected behavior.
Consider using tensor.detach() first. (Triggered internally at /pytorch/torch/csrc/autograd/generated/python_variable_methods.cpp:836.)
  al = float(mdl.alpha()); va_curve.append(round(va, 4)); alist.append(round(al, 4)); ep_s.append(round(time.time() - t0, 1))
[   45.3s] [mE1w1 202501] ep0 va -3.862 α 0.097 τ 0.50 (21s)
[   64.6s] [mE1w1 202501] ep1 va -3.846 α 0.097 τ 0.47 (19s)
[   84.0s] [mE1w1 202501] ep2 va -3.388 α 0.096 τ 0.44 (19s)
[  103.4s] [mE1w1 202501] ep3 va -4.298 α 0.096 τ 0.41 (19s)
[  122.6s] [mE1w1 202501] ep4 va -3.691 α 0.096 τ 0.39 (19s)
[  143.3s] [mE1w1 202501] ep5 va -4.351 α 0.096 τ 0.36 (21s)
[  164.6s] [mE1w1 202501] ep6 va -3.480 α 0.096 τ 0.33 (21s)
[  186.0s] [mE1w1 202501] ep7 va -3.722 α 0.096 τ 0.30 (21s)
[  207.3s] [mE1w1 202501] ep8 va -3.442 α 0.096 τ 0.27 (21s)
[  228.6s] [mE1w1 202501] ep9 va -3.971 α 0.096 τ 0.24 (21s)
[  249.5s] [mE1w1 202501] ep10 va -3.538 α 0.096 τ 0.21 (21s)
[  270.8s] [mE1w1 202501] ep11 va -3.678 α 0.096 τ 0.19 (21s)
[  292.0s] [mE1w1 202501] ep12 va -3.448 α 0.096 τ 0.16 (21s)
[  313.6s] [mE1w1 202501] ep13 va -3.608 α 0.096 τ 0.13 (22s)
[  335.0s] [mE1w1 202501] ep14 va -3.581 α 0.096 τ 0.10 (21s)
[  337.5s] == mE1w1 202501: net +0.418 bps/锚 ES5 24.85 换手 0.0681 α* 0.0963 best_ep 2 wall 311s
[  337.5s] CAUSALITY ASSERT mE1w1 202502: n_train 6749 max_train_idx 6748 (2025-01-31 16:00) max_train_label_end 2025-01-31 20:00 <= cutoff 2025-01-31 20:00 (= first_test 2025-02-01 00:00 - 1 anchors) OK
[  337.5s] WARM init 202502 from prev_fold_best_state:202501 (/workspace/review_scratch/allweather_trackB/warmstart/W1/models/mE1w1_202501.pt)
[  359.6s] [mE1w1 202502] ep0 va -5.405 α 0.096 τ 0.50 (22s)
[  381.6s] [mE1w1 202502] ep1 va -4.581 α 0.096 τ 0.47 (22s)
[  403.3s] [mE1w1 202502] ep2 va -4.750 α 0.096 τ 0.44 (22s)
[  425.4s] [mE1w1 202502] ep3 va -4.480 α 0.095 τ 0.41 (22s)
[  447.4s] [mE1w1 202502] ep4 va -4.526 α 0.095 τ 0.39 (22s)
[  467.7s] [mE1w1 202502] ep5 va -5.779 α 0.095 τ 0.36 (20s)
[  487.8s] [mE1w1 202502] ep6 va -3.982 α 0.095 τ 0.33 (20s)
[  508.0s] [mE1w1 202502] ep7 va -4.062 α 0.095 τ 0.30 (20s)
[  528.0s] [mE1w1 202502] ep8 va -3.998 α 0.095 τ 0.27 (20s)
[  548.0s] [mE1w1 202502] ep9 va -4.052 α 0.095 τ 0.24 (20s)
[  568.0s] [mE1w1 202502] ep10 va -4.040 α 0.095 τ 0.21 (20s)
[  588.0s] [mE1w1 202502] ep11 va -3.796 α 0.095 τ 0.19 (20s)
[  608.0s] [mE1w1 202502] ep12 va -3.750 α 0.095 τ 0.16 (20s)
[  628.0s] [mE1w1 202502] ep13 va -3.957 α 0.095 τ 0.13 (20s)
[  647.9s] [mE1w1 202502] ep14 va -3.953 α 0.095 τ 0.10 (20s)
[  649.6s] == mE1w1 202502: net +1.180 bps/锚 ES5 37.12 换手 0.0587 α* 0.0952 best_ep 12 wall 310s
[  649.6s] CAUSALITY ASSERT mE1w1 202503: n_train 6917 max_train_idx 6916 (2025-02-28 16:00) max_train_label_end 2025-02-28 20:00 <= cutoff 2025-02-28 20:00 (= first_test 2025-03-01 00:00 - 1 anchors) OK
[  649.6s] WARM init 202503 from prev_fold_best_state:202502 (/workspace/review_scratch/allweather_trackB/warmstart/W1/models/mE1w1_202502.pt)
[  670.3s] [mE1w1 202503] ep0 va -7.638 α 0.095 τ 0.50 (21s)
[  690.9s] [mE1w1 202503] ep1 va -7.314 α 0.095 τ 0.47 (21s)
[  711.5s] [mE1w1 202503] ep2 va -6.927 α 0.095 τ 0.44 (21s)
[  732.2s] [mE1w1 202503] ep3 va -4.931 α 0.095 τ 0.41 (21s)
[  752.7s] [mE1w1 202503] ep4 va -5.086 α 0.095 τ 0.39 (21s)
[  773.2s] [mE1w1 202503] ep5 va -4.926 α 0.095 τ 0.36 (21s)
[  793.8s] [mE1w1 202503] ep6 va -4.255 α 0.095 τ 0.33 (21s)
[  814.3s] [mE1w1 202503] ep7 va -5.174 α 0.095 τ 0.30 (20s)
[  834.9s] [mE1w1 202503] ep8 va -5.195 α 0.095 τ 0.27 (21s)
[  855.4s] [mE1w1 202503] ep9 va -4.919 α 0.095 τ 0.24 (21s)
[  875.9s] [mE1w1 202503] ep10 va -5.366 α 0.095 τ 0.21 (20s)
[  896.4s] [mE1w1 202503] ep11 va -5.056 α 0.095 τ 0.19 (21s)
[  917.1s] [mE1w1 202503] ep12 va -5.129 α 0.095 τ 0.16 (21s)
[  937.2s] [mE1w1 202503] ep13 va -5.306 α 0.095 τ 0.13 (20s)
[  957.1s] [mE1w1 202503] ep14 va -5.247 α 0.095 τ 0.10 (20s)
[  958.7s] == mE1w1 202503: net +0.937 bps/锚 ES5 27.16 换手 0.0564 α* 0.095 best_ep 6 wall 308s
[  958.7s] CAUSALITY ASSERT mE1w1 202504: n_train 7103 max_train_idx 7102 (2025-03-31 16:00) max_train_label_end 2025-03-31 20:00 <= cutoff 2025-03-31 20:00 (= first_test 2025-04-01 00:00 - 1 anchors) OK
[  958.7s] WARM init 202504 from prev_fold_best_state:202503 (/workspace/review_scratch/allweather_trackB/warmstart/W1/models/mE1w1_202503.pt)
[  980.0s] [mE1w1 202504] ep0 va -7.153 α 0.095 τ 0.50 (21s)
[ 1001.2s] [mE1w1 202504] ep1 va -6.022 α 0.095 τ 0.47 (21s)
[ 1022.1s] [mE1w1 202504] ep2 va -4.882 α 0.095 τ 0.44 (21s)
[ 1042.5s] [mE1w1 202504] ep3 va -5.904 α 0.096 τ 0.41 (20s)
[ 1063.2s] [mE1w1 202504] ep4 va -5.714 α 0.096 τ 0.39 (21s)
[ 1084.4s] [mE1w1 202504] ep5 va -5.336 α 0.096 τ 0.36 (21s)
[ 1105.7s] [mE1w1 202504] ep6 va -5.428 α 0.096 τ 0.33 (21s)
[ 1127.0s] [mE1w1 202504] ep7 va -6.322 α 0.096 τ 0.30 (21s)
[ 1148.2s] [mE1w1 202504] ep8 va -4.699 α 0.096 τ 0.27 (21s)
[ 1169.4s] [mE1w1 202504] ep9 va -5.142 α 0.096 τ 0.24 (21s)
[ 1190.7s] [mE1w1 202504] ep10 va -5.713 α 0.096 τ 0.21 (21s)
[ 1211.9s] [mE1w1 202504] ep11 va -5.463 α 0.096 τ 0.19 (21s)
[ 1233.1s] [mE1w1 202504] ep12 va -5.687 α 0.096 τ 0.16 (21s)
[ 1254.0s] [mE1w1 202504] ep13 va -5.650 α 0.096 τ 0.13 (21s)
[ 1274.9s] [mE1w1 202504] ep14 va -5.696 α 0.096 τ 0.10 (21s)
[ 1276.4s] == mE1w1 202504: net +0.219 bps/锚 ES5 26.41 换手 0.0636 α* 0.0961 best_ep 8 wall 316s
[ 1276.4s] CAUSALITY ASSERT mE1w1 202505: n_train 7283 max_train_idx 7282 (2025-04-30 16:00) max_train_label_end 2025-04-30 20:00 <= cutoff 2025-04-30 20:00 (= first_test 2025-05-01 00:00 - 1 anchors) OK
[ 1276.4s] WARM init 202505 from prev_fold_best_state:202504 (/workspace/review_scratch/allweather_trackB/warmstart/W1/models/mE1w1_202504.pt)
[ 1297.5s] [mE1w1 202505] ep0 va -6.372 α 0.097 τ 0.50 (21s)
[ 1319.0s] [mE1w1 202505] ep1 va -6.238 α 0.097 τ 0.47 (22s)
[ 1340.7s] [mE1w1 202505] ep2 va -7.181 α 0.097 τ 0.44 (22s)
[ 1362.5s] [mE1w1 202505] ep3 va -7.662 α 0.097 τ 0.41 (22s)
[ 1384.2s] [mE1w1 202505] ep4 va -6.861 α 0.098 τ 0.39 (22s)
[ 1405.4s] [mE1w1 202505] ep5 va -6.309 α 0.098 τ 0.36 (21s)
[ 1426.4s] [mE1w1 202505] ep6 va -6.816 α 0.098 τ 0.33 (21s)
[ 1447.6s] [mE1w1 202505] ep7 va -7.396 α 0.098 τ 0.30 (21s)
[ 1468.6s] [mE1w1 202505] ep8 va -5.640 α 0.098 τ 0.27 (21s)
[ 1489.6s] [mE1w1 202505] ep9 va -6.203 α 0.099 τ 0.24 (21s)
[ 1510.8s] [mE1w1 202505] ep10 va -6.300 α 0.099 τ 0.21 (21s)
[ 1531.8s] [mE1w1 202505] ep11 va -6.303 α 0.099 τ 0.19 (21s)
[ 1553.5s] [mE1w1 202505] ep12 va -6.400 α 0.099 τ 0.16 (22s)
[ 1574.9s] [mE1w1 202505] ep13 va -6.448 α 0.099 τ 0.13 (21s)
[ 1596.6s] [mE1w1 202505] ep14 va -6.378 α 0.099 τ 0.10 (22s)
[ 1598.2s] == mE1w1 202505: net +1.863 bps/锚 ES5 29.94 换手 0.0625 α* 0.0985 best_ep 8 wall 320s
[ 1598.3s] CAUSALITY ASSERT mE1w1 202506: n_train 7469 max_train_idx 7468 (2025-05-31 16:00) max_train_label_end 2025-05-31 20:00 <= cutoff 2025-05-31 20:00 (= first_test 2025-06-01 00:00 - 1 anchors) OK
[ 1598.3s] WARM init 202506 from prev_fold_best_state:202505 (/workspace/review_scratch/allweather_trackB/warmstart/W1/models/mE1w1_202505.pt)
[ 1620.6s] [mE1w1 202506] ep0 va -7.231 α 0.099 τ 0.50 (22s)
[ 1642.8s] [mE1w1 202506] ep1 va -5.962 α 0.100 τ 0.47 (22s)
[ 1665.1s] [mE1w1 202506] ep2 va -6.977 α 0.100 τ 0.44 (22s)
[ 1687.0s] [mE1w1 202506] ep3 va -6.215 α 0.100 τ 0.41 (22s)
[ 1709.3s] [mE1w1 202506] ep4 va -6.246 α 0.101 τ 0.39 (22s)
[ 1731.6s] [mE1w1 202506] ep5 va -7.046 α 0.101 τ 0.36 (22s)
[ 1754.0s] [mE1w1 202506] ep6 va -6.072 α 0.101 τ 0.33 (22s)
[ 1776.3s] [mE1w1 202506] ep7 va -7.184 α 0.102 τ 0.30 (22s)
[ 1798.6s] [mE1w1 202506] ep8 va -7.039 α 0.102 τ 0.27 (22s)
[ 1820.9s] [mE1w1 202506] ep9 va -6.891 α 0.102 τ 0.24 (22s)
[ 1844.5s] [mE1w1 202506] ep10 va -6.688 α 0.102 τ 0.21 (24s)
[ 1870.0s] [mE1w1 202506] ep11 va -6.975 α 0.102 τ 0.19 (26s)
[ 1893.2s] [mE1w1 202506] ep12 va -7.147 α 0.102 τ 0.16 (23s)
[ 1915.4s] [mE1w1 202506] ep13 va -7.013 α 0.102 τ 0.13 (22s)
[ 1936.9s] [mE1w1 202506] ep14 va -6.985 α 0.102 τ 0.10 (21s)
[ 1938.3s] == mE1w1 202506: net +0.006 bps/锚 ES5 22.64 换手 0.0611 α* 0.0996 best_ep 1 wall 339s
[ 1938.3s] CAUSALITY ASSERT mE1w1 202507: n_train 7649 max_train_idx 7648 (2025-06-30 16:00) max_train_label_end 2025-06-30 20:00 <= cutoff 2025-06-30 20:00 (= first_test 2025-07-01 00:00 - 1 anchors) OK
[ 1938.3s] WARM init 202507 from prev_fold_best_state:202506 (/workspace/review_scratch/allweather_trackB/warmstart/W1/models/mE1w1_202506.pt)
[ 1960.6s] [mE1w1 202507] ep0 va -7.364 α 0.101 τ 0.50 (22s)
[ 1982.8s] [mE1w1 202507] ep1 va -7.052 α 0.101 τ 0.47 (22s)
[ 2005.5s] [mE1w1 202507] ep2 va -7.154 α 0.102 τ 0.44 (23s)
[ 2028.4s] [mE1w1 202507] ep3 va -6.588 α 0.102 τ 0.41 (23s)
[ 2051.3s] [mE1w1 202507] ep4 va -7.447 α 0.103 τ 0.39 (23s)
[ 2074.2s] [mE1w1 202507] ep5 va -7.243 α 0.103 τ 0.36 (23s)
[ 2096.9s] [mE1w1 202507] ep6 va -7.334 α 0.103 τ 0.33 (23s)
[ 2119.7s] [mE1w1 202507] ep7 va -6.748 α 0.104 τ 0.30 (23s)
[ 2142.6s] [mE1w1 202507] ep8 va -7.649 α 0.104 τ 0.27 (23s)
[ 2165.3s] [mE1w1 202507] ep9 va -6.837 α 0.104 τ 0.24 (23s)
[ 2187.4s] [mE1w1 202507] ep10 va -6.710 α 0.104 τ 0.21 (22s)
[ 2209.5s] [mE1w1 202507] ep11 va -7.099 α 0.104 τ 0.19 (22s)
[ 2231.7s] [mE1w1 202507] ep12 va -7.079 α 0.104 τ 0.16 (22s)
[ 2254.0s] [mE1w1 202507] ep13 va -6.999 α 0.105 τ 0.13 (22s)
[ 2275.8s] [mE1w1 202507] ep14 va -6.996 α 0.105 τ 0.10 (22s)
[ 2277.1s] == mE1w1 202507: net +1.774 bps/锚 ES5 22.36 换手 0.0567 α* 0.102 best_ep 3 wall 337s
[ 2277.1s] CAUSALITY ASSERT mE1w1 202508: n_train 7835 max_train_idx 7834 (2025-07-31 16:00) max_train_label_end 2025-07-31 20:00 <= cutoff 2025-07-31 20:00 (= first_test 2025-08-01 00:00 - 1 anchors) OK
[ 2277.2s] WARM init 202508 from prev_fold_best_state:202507 (/workspace/review_scratch/allweather_trackB/warmstart/W1/models/mE1w1_202507.pt)
[ 2299.8s] [mE1w1 202508] ep0 va -6.343 α 0.103 τ 0.50 (23s)
[ 2322.4s] [mE1w1 202508] ep1 va -7.002 α 0.104 τ 0.47 (23s)
[ 2345.0s] [mE1w1 202508] ep2 va -6.503 α 0.104 τ 0.44 (23s)
[ 2368.1s] [mE1w1 202508] ep3 va -8.424 α 0.104 τ 0.41 (23s)
[ 2391.7s] [mE1w1 202508] ep4 va -6.218 α 0.105 τ 0.39 (24s)
[ 2415.0s] [mE1w1 202508] ep5 va -7.217 α 0.105 τ 0.36 (23s)
[ 2438.4s] [mE1w1 202508] ep6 va -6.832 α 0.106 τ 0.33 (23s)
[ 2461.3s] [mE1w1 202508] ep7 va -7.111 α 0.106 τ 0.30 (23s)
[ 2484.3s] [mE1w1 202508] ep8 va -6.873 α 0.107 τ 0.27 (23s)
[ 2507.7s] [mE1w1 202508] ep9 va -6.748 α 0.107 τ 0.24 (23s)
[ 2531.4s] [mE1w1 202508] ep10 va -6.831 α 0.107 τ 0.21 (24s)
[ 2555.1s] [mE1w1 202508] ep11 va -6.990 α 0.107 τ 0.19 (24s)
[ 2578.6s] [mE1w1 202508] ep12 va -6.948 α 0.107 τ 0.16 (24s)
[ 2602.0s] [mE1w1 202508] ep13 va -7.058 α 0.107 τ 0.13 (23s)
[ 2625.6s] [mE1w1 202508] ep14 va -7.049 α 0.107 τ 0.10 (24s)
[ 2627.0s] == mE1w1 202508: net +1.107 bps/锚 ES5 19.44 换手 0.0610 α* 0.105 best_ep 4 wall 348s
[ 2627.1s] CAUSALITY ASSERT mE1w1 202509: n_train 8021 max_train_idx 8020 (2025-08-31 16:00) max_train_label_end 2025-08-31 20:00 <= cutoff 2025-08-31 20:00 (= first_test 2025-09-01 00:00 - 1 anchors) OK
[ 2627.1s] WARM init 202509 from prev_fold_best_state:202508 (/workspace/review_scratch/allweather_trackB/warmstart/W1/models/mE1w1_202508.pt)
[ 2651.2s] [mE1w1 202509] ep0 va -5.847 α 0.106 τ 0.50 (24s)
[ 2675.2s] [mE1w1 202509] ep1 va -6.463 α 0.107 τ 0.47 (24s)
[ 2698.6s] [mE1w1 202509] ep2 va -5.323 α 0.107 τ 0.44 (23s)
[ 2721.7s] [mE1w1 202509] ep3 va -6.755 α 0.108 τ 0.41 (23s)
[ 2745.5s] [mE1w1 202509] ep4 va -6.087 α 0.109 τ 0.39 (24s)
[ 2769.5s] [mE1w1 202509] ep5 va -6.105 α 0.109 τ 0.36 (24s)
[ 2793.5s] [mE1w1 202509] ep6 va -6.349 α 0.110 τ 0.33 (24s)
[ 2817.5s] [mE1w1 202509] ep7 va -5.734 α 0.110 τ 0.30 (24s)
[ 2841.1s] [mE1w1 202509] ep8 va -6.036 α 0.111 τ 0.27 (24s)
[ 2865.1s] [mE1w1 202509] ep9 va -5.510 α 0.111 τ 0.24 (24s)
[ 2888.3s] [mE1w1 202509] ep10 va -5.887 α 0.111 τ 0.21 (23s)
[ 2912.3s] [mE1w1 202509] ep11 va -5.799 α 0.111 τ 0.19 (24s)
[ 2936.5s] [mE1w1 202509] ep12 va -5.788 α 0.111 τ 0.16 (24s)
[ 2960.2s] [mE1w1 202509] ep13 va -5.840 α 0.112 τ 0.13 (24s)
[ 2984.1s] [mE1w1 202509] ep14 va -5.873 α 0.112 τ 0.10 (24s)
[ 2985.5s] == mE1w1 202509: net +2.618 bps/锚 ES5 28.37 换手 0.0460 α* 0.1074 best_ep 2 wall 357s
[ 2985.6s] CAUSALITY ASSERT mE1w1 202510: n_train 8201 max_train_idx 8200 (2025-09-30 16:00) max_train_label_end 2025-09-30 20:00 <= cutoff 2025-09-30 20:00 (= first_test 2025-10-01 00:00 - 1 anchors) OK
[ 2985.6s] WARM init 202510 from prev_fold_best_state:202509 (/workspace/review_scratch/allweather_trackB/warmstart/W1/models/mE1w1_202509.pt)
[ 3009.6s] [mE1w1 202510] ep0 va -5.480 α 0.109 τ 0.50 (24s)
[ 3034.2s] [mE1w1 202510] ep1 va -5.700 α 0.109 τ 0.47 (25s)
[ 3058.8s] [mE1w1 202510] ep2 va -5.784 α 0.110 τ 0.44 (25s)
[ 3083.2s] [mE1w1 202510] ep3 va -4.920 α 0.111 τ 0.41 (24s)
[ 3107.3s] [mE1w1 202510] ep4 va -5.667 α 0.111 τ 0.39 (24s)
[ 3131.9s] [mE1w1 202510] ep5 va -5.151 α 0.112 τ 0.36 (25s)
[ 3156.5s] [mE1w1 202510] ep6 va -5.734 α 0.113 τ 0.33 (25s)
[ 3181.1s] [mE1w1 202510] ep7 va -5.497 α 0.113 τ 0.30 (25s)
[ 3205.5s] [mE1w1 202510] ep8 va -5.461 α 0.114 τ 0.27 (24s)
[ 3229.6s] [mE1w1 202510] ep9 va -5.189 α 0.114 τ 0.24 (24s)
[ 3253.7s] [mE1w1 202510] ep10 va -5.354 α 0.115 τ 0.21 (24s)
[ 3278.2s] [mE1w1 202510] ep11 va -5.415 α 0.115 τ 0.19 (25s)
[ 3303.0s] [mE1w1 202510] ep12 va -5.503 α 0.115 τ 0.16 (25s)
[ 3327.4s] [mE1w1 202510] ep13 va -5.468 α 0.115 τ 0.13 (24s)
[ 3351.9s] [mE1w1 202510] ep14 va -5.498 α 0.115 τ 0.10 (25s)
[ 3353.2s] == mE1w1 202510: net +6.011 bps/锚 ES5 50.76 换手 0.0260 α* 0.1107 best_ep 3 wall 366s
[ 3353.3s] CAUSALITY ASSERT mE1w1 202511: n_train 8387 max_train_idx 8386 (2025-10-31 16:00) max_train_label_end 2025-10-31 20:00 <= cutoff 2025-10-31 20:00 (= first_test 2025-11-01 00:00 - 1 anchors) OK
[ 3353.3s] WARM init 202511 from prev_fold_best_state:202510 (/workspace/review_scratch/allweather_trackB/warmstart/W1/models/mE1w1_202510.pt)
[ 3378.3s] [mE1w1 202511] ep0 va -5.979 α 0.112 τ 0.50 (25s)
[ 3403.4s] [mE1w1 202511] ep1 va -6.222 α 0.113 τ 0.47 (25s)
[ 3428.6s] [mE1w1 202511] ep2 va -5.813 α 0.114 τ 0.44 (25s)
[ 3453.6s] [mE1w1 202511] ep3 va -5.868 α 0.115 τ 0.41 (25s)
[ 3478.7s] [mE1w1 202511] ep4 va -5.825 α 0.116 τ 0.39 (25s)
[ 3503.7s] [mE1w1 202511] ep5 va -6.168 α 0.117 τ 0.36 (25s)
[ 3528.7s] [mE1w1 202511] ep6 va -5.549 α 0.117 τ 0.33 (25s)
[ 3553.8s] [mE1w1 202511] ep7 va -5.916 α 0.118 τ 0.30 (25s)
[ 3578.2s] [mE1w1 202511] ep8 va -5.998 α 0.119 τ 0.27 (24s)
[ 3602.6s] [mE1w1 202511] ep9 va -6.216 α 0.119 τ 0.24 (24s)
[ 3626.9s] [mE1w1 202511] ep10 va -5.981 α 0.119 τ 0.21 (24s)
[ 3651.2s] [mE1w1 202511] ep11 va -5.944 α 0.120 τ 0.19 (24s)
[ 3675.4s] [mE1w1 202511] ep12 va -5.998 α 0.120 τ 0.16 (24s)
[ 3699.7s] [mE1w1 202511] ep13 va -5.978 α 0.120 τ 0.13 (24s)
[ 3724.1s] [mE1w1 202511] ep14 va -5.979 α 0.120 τ 0.10 (24s)
[ 3725.4s] == mE1w1 202511: net +1.063 bps/锚 ES5 53.64 换手 0.0152 α* 0.1173 best_ep 6 wall 371s
[ 3725.4s] CAUSALITY ASSERT mE1w1 202512: n_train 8567 max_train_idx 8566 (2025-11-30 16:00) max_train_label_end 2025-11-30 20:00 <= cutoff 2025-11-30 20:00 (= first_test 2025-12-01 00:00 - 1 anchors) OK
[ 3725.4s] WARM init 202512 from prev_fold_best_state:202511 (/workspace/review_scratch/allweather_trackB/warmstart/W1/models/mE1w1_202511.pt)
[ 3750.8s] [mE1w1 202512] ep0 va -7.362 α 0.119 τ 0.50 (25s)
[ 3776.5s] [mE1w1 202512] ep1 va -7.344 α 0.120 τ 0.47 (26s)
[ 3802.4s] [mE1w1 202512] ep2 va -7.461 α 0.121 τ 0.44 (26s)
[ 3828.2s] [mE1w1 202512] ep3 va -7.243 α 0.122 τ 0.41 (26s)
[ 3853.7s] [mE1w1 202512] ep4 va -7.463 α 0.123 τ 0.39 (26s)
[ 3879.3s] [mE1w1 202512] ep5 va -7.429 α 0.124 τ 0.36 (26s)
[ 3905.1s] [mE1w1 202512] ep6 va -7.659 α 0.125 τ 0.33 (26s)
[ 3930.8s] [mE1w1 202512] ep7 va -7.477 α 0.126 τ 0.30 (26s)
[ 3955.7s] [mE1w1 202512] ep8 va -7.440 α 0.127 τ 0.27 (25s)
[ 3980.5s] [mE1w1 202512] ep9 va -7.440 α 0.127 τ 0.24 (25s)
[ 4005.4s] [mE1w1 202512] ep10 va -7.387 α 0.128 τ 0.21 (25s)
[ 4030.5s] [mE1w1 202512] ep11 va -7.516 α 0.128 τ 0.19 (25s)
[ 4056.3s] [mE1w1 202512] ep12 va -7.494 α 0.128 τ 0.16 (26s)
[ 4082.1s] [mE1w1 202512] ep13 va -7.511 α 0.128 τ 0.13 (26s)
[ 4108.0s] [mE1w1 202512] ep14 va -7.510 α 0.128 τ 0.10 (26s)
[ 4109.2s] == mE1w1 202512: net +0.567 bps/锚 ES5 39.97 换手 0.0224 α* 0.1222 best_ep 3 wall 383s
[ 4109.3s] CAUSALITY ASSERT mE1w1 202601: n_train 8753 max_train_idx 8752 (2025-12-31 16:00) max_train_label_end 2025-12-31 20:00 <= cutoff 2025-12-31 20:00 (= first_test 2026-01-01 00:00 - 1 anchors) OK
[ 4109.3s] WARM init 202601 from prev_fold_best_state:202512 (/workspace/review_scratch/allweather_trackB/warmstart/W1/models/mE1w1_202512.pt)
[ 4135.6s] [mE1w1 202601] ep0 va -7.761 α 0.124 τ 0.50 (26s)
[ 4161.7s] [mE1w1 202601] ep1 va -7.771 α 0.125 τ 0.47 (26s)
[ 4187.8s] [mE1w1 202601] ep2 va -7.822 α 0.126 τ 0.44 (26s)
[ 4213.1s] [mE1w1 202601] ep3 va -7.811 α 0.127 τ 0.41 (25s)
[ 4238.8s] [mE1w1 202601] ep4 va -7.767 α 0.129 τ 0.39 (26s)
[ 4264.9s] [mE1w1 202601] ep5 va -7.759 α 0.130 τ 0.36 (26s)
[ 4291.0s] [mE1w1 202601] ep6 va -7.888 α 0.131 τ 0.33 (26s)
[ 4317.1s] [mE1w1 202601] ep7 va -7.849 α 0.131 τ 0.30 (26s)
[ 4343.3s] [mE1w1 202601] ep8 va -7.856 α 0.132 τ 0.27 (26s)
[ 4369.3s] [mE1w1 202601] ep9 va -7.839 α 0.133 τ 0.24 (26s)
[ 4395.7s] [mE1w1 202601] ep10 va -7.797 α 0.133 τ 0.21 (26s)
[ 4422.1s] [mE1w1 202601] ep11 va -7.838 α 0.134 τ 0.19 (26s)
[ 4448.5s] [mE1w1 202601] ep12 va -7.786 α 0.134 τ 0.16 (26s)
[ 4474.7s] [mE1w1 202601] ep13 va -7.820 α 0.134 τ 0.13 (26s)
[ 4500.9s] [mE1w1 202601] ep14 va -7.818 α 0.134 τ 0.10 (26s)
[ 4501.9s] == mE1w1 202601: net +1.270 bps/锚 ES5 38.24 换手 0.0340 α* 0.1296 best_ep 5 wall 392s
[ 4501.9s] CAUSALITY ASSERT mE1w1 202602: n_train 8939 max_train_idx 8938 (2026-01-31 16:00) max_train_label_end 2026-01-31 20:00 <= cutoff 2026-01-31 20:00 (= first_test 2026-02-01 00:00 - 1 anchors) OK
[ 4502.0s] WARM init 202602 from prev_fold_best_state:202601 (/workspace/review_scratch/allweather_trackB/warmstart/W1/models/mE1w1_202601.pt)
[ 4528.7s] [mE1w1 202602] ep0 va -7.985 α 0.131 τ 0.50 (27s)
[ 4555.4s] [mE1w1 202602] ep1 va -8.102 α 0.133 τ 0.47 (27s)
[ 4581.4s] [mE1w1 202602] ep2 va -8.003 α 0.134 τ 0.44 (26s)
[ 4607.4s] [mE1w1 202602] ep3 va -7.999 α 0.135 τ 0.41 (26s)
[ 4633.1s] [mE1w1 202602] ep4 va -8.059 α 0.136 τ 0.39 (26s)
[ 4658.9s] [mE1w1 202602] ep5 va -8.007 α 0.138 τ 0.36 (26s)
[ 4684.6s] [mE1w1 202602] ep6 va -8.126 α 0.139 τ 0.33 (26s)
[ 4711.3s] [mE1w1 202602] ep7 va -7.949 α 0.140 τ 0.30 (27s)
[ 4737.4s] [mE1w1 202602] ep8 va -7.989 α 0.140 τ 0.27 (26s)
[ 4763.1s] [mE1w1 202602] ep9 va -8.098 α 0.141 τ 0.24 (26s)
[ 4789.0s] [mE1w1 202602] ep10 va -8.038 α 0.142 τ 0.21 (26s)
[ 4814.8s] [mE1w1 202602] ep11 va -7.980 α 0.142 τ 0.19 (26s)
[ 4840.6s] [mE1w1 202602] ep12 va -8.036 α 0.142 τ 0.16 (26s)
[ 4866.5s] [mE1w1 202602] ep13 va -8.051 α 0.142 τ 0.13 (26s)
[ 4892.7s] [mE1w1 202602] ep14 va -8.042 α 0.142 τ 0.10 (26s)
[ 4893.6s] == mE1w1 202602: net +4.097 bps/锚 ES5 30.54 换手 0.0528 α* 0.1396 best_ep 7 wall 391s
[ 4893.6s] CAUSALITY ASSERT mE1w1 202603: n_train 9107 max_train_idx 9106 (2026-02-28 16:00) max_train_label_end 2026-02-28 20:00 <= cutoff 2026-02-28 20:00 (= first_test 2026-03-01 00:00 - 1 anchors) OK
[ 4893.6s] WARM init 202603 from prev_fold_best_state:202602 (/workspace/review_scratch/allweather_trackB/warmstart/W1/models/mE1w1_202602.pt)
[ 4920.8s] [mE1w1 202603] ep0 va -7.949 α 0.142 τ 0.50 (27s)
[ 4947.7s] [mE1w1 202603] ep1 va -7.987 α 0.144 τ 0.47 (27s)
[ 4974.6s] [mE1w1 202603] ep2 va -7.893 α 0.145 τ 0.44 (27s)
[ 5001.0s] [mE1w1 202603] ep3 va -7.802 α 0.147 τ 0.41 (26s)
[ 5027.5s] [mE1w1 202603] ep4 va -7.869 α 0.148 τ 0.39 (26s)
[ 5054.2s] [mE1w1 202603] ep5 va -7.868 α 0.150 τ 0.36 (27s)
[ 5081.5s] [mE1w1 202603] ep6 va -7.930 α 0.151 τ 0.33 (27s)
[ 5107.9s] [mE1w1 202603] ep7 va -7.924 α 0.152 τ 0.30 (26s)
[ 5135.4s] [mE1w1 202603] ep8 va -7.914 α 0.153 τ 0.27 (27s)
[ 5162.7s] [mE1w1 202603] ep9 va -7.938 α 0.154 τ 0.24 (27s)
[ 5189.8s] [mE1w1 202603] ep10 va -7.981 α 0.154 τ 0.21 (27s)
[ 5216.8s] [mE1w1 202603] ep11 va -7.973 α 0.155 τ 0.19 (27s)
[ 5244.0s] [mE1w1 202603] ep12 va -7.924 α 0.155 τ 0.16 (27s)
[ 5270.9s] [mE1w1 202603] ep13 va -7.933 α 0.155 τ 0.13 (27s)
[ 5298.1s] [mE1w1 202603] ep14 va -7.929 α 0.155 τ 0.10 (27s)
[ 5298.9s] == mE1w1 202603: net +2.578 bps/锚 ES5 26.36 换手 0.0731 α* 0.1468 best_ep 3 wall 404s
[ 5299.0s] CAUSALITY ASSERT mE1w1 202604: n_train 9293 max_train_idx 9292 (2026-03-31 16:00) max_train_label_end 2026-03-31 20:00 <= cutoff 2026-03-31 20:00 (= first_test 2026-04-01 00:00 - 1 anchors) OK
[ 5299.0s] WARM init 202604 from prev_fold_best_state:202603 (/workspace/review_scratch/allweather_trackB/warmstart/W1/models/mE1w1_202603.pt)
[ 5327.1s] [mE1w1 202604] ep0 va -7.486 α 0.150 τ 0.50 (28s)
[ 5355.0s] [mE1w1 202604] ep1 va -7.524 α 0.151 τ 0.47 (28s)
[ 5382.8s] [mE1w1 202604] ep2 va -7.556 α 0.153 τ 0.44 (28s)
[ 5409.9s] [mE1w1 202604] ep3 va -7.487 α 0.155 τ 0.41 (27s)
[ 5436.9s] [mE1w1 202604] ep4 va -7.632 α 0.157 τ 0.39 (27s)
[ 5463.8s] [mE1w1 202604] ep5 va -7.509 α 0.158 τ 0.36 (27s)
[ 5490.8s] [mE1w1 202604] ep6 va -7.576 α 0.160 τ 0.33 (27s)
[ 5518.5s] [mE1w1 202604] ep7 va -7.556 α 0.161 τ 0.30 (28s)
[ 5546.4s] [mE1w1 202604] ep8 va -7.588 α 0.163 τ 0.27 (28s)
[ 5574.9s] [mE1w1 202604] ep9 va -7.550 α 0.163 τ 0.24 (28s)
[ 5602.9s] [mE1w1 202604] ep10 va -7.533 α 0.164 τ 0.21 (28s)
[ 5631.0s] [mE1w1 202604] ep11 va -7.537 α 0.165 τ 0.19 (28s)
[ 5659.1s] [mE1w1 202604] ep12 va -7.532 α 0.165 τ 0.16 (28s)
[ 5687.0s] [mE1w1 202604] ep13 va -7.536 α 0.165 τ 0.13 (28s)
[ 5715.0s] [mE1w1 202604] ep14 va -7.533 α 0.165 τ 0.10 (28s)
[ 5715.8s] == mE1w1 202604: net +7.228 bps/锚 ES5 44.25 换手 0.0694 α* 0.1495 best_ep 0 wall 416s
[ 5715.8s] CAUSALITY ASSERT mE1w1 202605: n_train 9473 max_train_idx 9472 (2026-04-30 16:00) max_train_label_end 2026-04-30 20:00 <= cutoff 2026-04-30 20:00 (= first_test 2026-05-01 00:00 - 1 anchors) OK
[ 5715.8s] WARM init 202605 from prev_fold_best_state:202604 (/workspace/review_scratch/allweather_trackB/warmstart/W1/models/mE1w1_202604.pt)
[ 5744.4s] [mE1w1 202605] ep0 va -7.231 α 0.152 τ 0.50 (29s)
[ 5772.7s] [mE1w1 202605] ep1 va -7.238 α 0.154 τ 0.47 (28s)
[ 5801.0s] [mE1w1 202605] ep2 va -7.220 α 0.156 τ 0.44 (28s)
[ 5829.2s] [mE1w1 202605] ep3 va -7.196 α 0.158 τ 0.41 (28s)
[ 5857.7s] [mE1w1 202605] ep4 va -7.295 α 0.160 τ 0.39 (29s)
[ 5885.2s] [mE1w1 202605] ep5 va -7.204 α 0.162 τ 0.36 (28s)
[ 5913.7s] [mE1w1 202605] ep6 va -7.203 α 0.163 τ 0.33 (28s)
[ 5942.0s] [mE1w1 202605] ep7 va -7.173 α 0.165 τ 0.30 (28s)
[ 5970.4s] [mE1w1 202605] ep8 va -7.195 α 0.166 τ 0.27 (28s)
[ 5999.1s] [mE1w1 202605] ep9 va -7.187 α 0.167 τ 0.24 (29s)
[ 6027.4s] [mE1w1 202605] ep10 va -7.195 α 0.167 τ 0.21 (28s)
[ 6055.7s] [mE1w1 202605] ep11 va -7.156 α 0.168 τ 0.19 (28s)
[ 6083.8s] [mE1w1 202605] ep12 va -7.203 α 0.168 τ 0.16 (28s)
[ 6111.2s] [mE1w1 202605] ep13 va -7.214 α 0.168 τ 0.13 (27s)
[ 6138.7s] [mE1w1 202605] ep14 va -7.209 α 0.168 τ 0.10 (27s)
[ 6139.5s] == mE1w1 202605: net +2.883 bps/锚 ES5 36.39 换手 0.0659 α* 0.1679 best_ep 11 wall 423s
[ 6139.5s] CAUSALITY ASSERT mE1w1 202606: n_train 9659 max_train_idx 9658 (2026-05-31 16:00) max_train_label_end 2026-05-31 20:00 <= cutoff 2026-05-31 20:00 (= first_test 2026-06-01 00:00 - 1 anchors) OK
[ 6139.6s] WARM init 202606 from prev_fold_best_state:202605 (/workspace/review_scratch/allweather_trackB/warmstart/W1/models/mE1w1_202605.pt)
[ 6167.5s] [mE1w1 202606] ep0 va -7.329 α 0.171 τ 0.50 (28s)
[ 6195.4s] [mE1w1 202606] ep1 va -7.184 α 0.173 τ 0.47 (28s)
[ 6223.3s] [mE1w1 202606] ep2 va -7.225 α 0.175 τ 0.44 (28s)
[ 6251.6s] [mE1w1 202606] ep3 va -7.139 α 0.177 τ 0.41 (28s)
[ 6280.7s] [mE1w1 202606] ep4 va -7.150 α 0.179 τ 0.39 (29s)
[ 6309.7s] [mE1w1 202606] ep5 va -7.046 α 0.181 τ 0.36 (29s)
[ 6338.5s] [mE1w1 202606] ep6 va -7.220 α 0.183 τ 0.33 (29s)
[ 6367.4s] [mE1w1 202606] ep7 va -7.180 α 0.184 τ 0.30 (29s)
[ 6396.3s] [mE1w1 202606] ep8 va -7.186 α 0.185 τ 0.27 (29s)
[ 6425.2s] [mE1w1 202606] ep9 va -7.192 α 0.186 τ 0.24 (29s)
[ 6454.1s] [mE1w1 202606] ep10 va -7.162 α 0.187 τ 0.21 (29s)
[ 6482.8s] [mE1w1 202606] ep11 va -7.167 α 0.188 τ 0.19 (29s)
[ 6511.6s] [mE1w1 202606] ep12 va -7.161 α 0.188 τ 0.16 (29s)
[ 6540.7s] [mE1w1 202606] ep13 va -7.186 α 0.188 τ 0.13 (29s)
[ 6569.6s] [mE1w1 202606] ep14 va -7.182 α 0.188 τ 0.10 (29s)
[ 6570.5s] == mE1w1 202606: net +6.062 bps/锚 ES5 51.35 换手 0.0532 α* 0.1808 best_ep 5 wall 430s
[ 6570.6s] CAUSALITY ASSERT mE1w1 202607: n_train 9839 max_train_idx 9838 (2026-06-30 16:00) max_train_label_end 2026-06-30 20:00 <= cutoff 2026-06-30 20:00 (= first_test 2026-07-01 00:00 - 1 anchors) OK
[ 6570.6s] WARM init 202607 from prev_fold_best_state:202606 (/workspace/review_scratch/allweather_trackB/warmstart/W1/models/mE1w1_202606.pt)
[ 6600.1s] [mE1w1 202607] ep0 va -7.344 α 0.184 τ 0.50 (30s)
[ 6628.8s] [mE1w1 202607] ep1 va -7.471 α 0.187 τ 0.47 (29s)
[ 6657.4s] [mE1w1 202607] ep2 va -7.467 α 0.189 τ 0.44 (29s)
[ 6686.0s] [mE1w1 202607] ep3 va -7.423 α 0.192 τ 0.41 (29s)
[ 6714.6s] [mE1w1 202607] ep4 va -7.344 α 0.194 τ 0.39 (29s)
[ 6743.1s] [mE1w1 202607] ep5 va -7.378 α 0.196 τ 0.36 (29s)
[ 6771.7s] [mE1w1 202607] ep6 va -7.298 α 0.198 τ 0.33 (29s)
[ 6800.4s] [mE1w1 202607] ep7 va -7.450 α 0.200 τ 0.30 (29s)
[ 6829.1s] [mE1w1 202607] ep8 va -7.467 α 0.202 τ 0.27 (29s)
[ 6857.8s] [mE1w1 202607] ep9 va -7.427 α 0.203 τ 0.24 (29s)
[ 6886.5s] [mE1w1 202607] ep10 va -7.410 α 0.204 τ 0.21 (29s)
[ 6914.7s] [mE1w1 202607] ep11 va -7.410 α 0.204 τ 0.19 (28s)
[ 6943.2s] [mE1w1 202607] ep12 va -7.409 α 0.205 τ 0.16 (29s)
[ 6972.0s] [mE1w1 202607] ep13 va -7.410 α 0.205 τ 0.13 (29s)
[ 7000.5s] [mE1w1 202607] ep14 va -7.411 α 0.205 τ 0.10 (29s)
[ 7001.0s] == mE1w1 202607: net +5.121 bps/锚 ES5 44.01 换手 0.0595 α* 0.1985 best_ep 6 wall 430s
[ 7001.1s] CAUSALITY ASSERT mE1w1 202608: n_train 10025 max_train_idx 10024 (2026-07-31 16:00) max_train_label_end 2026-07-31 20:00 <= cutoff 2026-07-31 20:00 (= first_test 2026-08-01 00:00 - 1 anchors) OK
[ 7001.1s] WARM init 202608 from prev_fold_best_state:202607 (/workspace/review_scratch/allweather_trackB/warmstart/W1/models/mE1w1_202607.pt)
[ 7031.3s] [mE1w1 202608] ep0 va -6.580 α 0.202 τ 0.50 (30s)
[ 7061.4s] [mE1w1 202608] ep1 va -6.671 α 0.205 τ 0.47 (30s)
[ 7091.5s] [mE1w1 202608] ep2 va -6.631 α 0.208 τ 0.44 (30s)
[ 7121.6s] [mE1w1 202608] ep3 va -6.714 α 0.211 τ 0.41 (30s)
[ 7151.7s] [mE1w1 202608] ep4 va -6.583 α 0.213 τ 0.39 (30s)
[ 7182.0s] [mE1w1 202608] ep5 va -6.599 α 0.216 τ 0.36 (30s)
[ 7211.2s] [mE1w1 202608] ep6 va -6.591 α 0.218 τ 0.33 (29s)
[ 7240.3s] [mE1w1 202608] ep7 va -6.604 α 0.220 τ 0.30 (29s)
[ 7269.3s] [mE1w1 202608] ep8 va -6.578 α 0.222 τ 0.27 (29s)
[ 7298.3s] [mE1w1 202608] ep9 va -6.561 α 0.223 τ 0.24 (29s)
[ 7328.4s] [mE1w1 202608] ep10 va -6.588 α 0.224 τ 0.21 (30s)
[ 7358.6s] [mE1w1 202608] ep11 va -6.606 α 0.225 τ 0.19 (30s)
[ 7388.7s] [mE1w1 202608] ep12 va -6.621 α 0.225 τ 0.16 (30s)
[ 7419.0s] [mE1w1 202608] ep13 va -6.609 α 0.225 τ 0.13 (30s)
[ 7448.0s] [mE1w1 202608] ep14 va -6.613 α 0.225 τ 0.10 (29s)
[ 7448.5s] == mE1w1 202608: net -0.846 bps/锚 ES5 49.38 换手 0.0620 α* 0.2229 best_ep 9 wall 447s
[ 7448.5s] MWF_TRAIN_DONE mE1w1 s42 folds 20 月均净 +2.308 bps/锚(训练帧, 非终审)
