total 96469
-rw-rw-rw- 1 root root 14938849 Sep  4 14:31 w10_ablation_series_alt_true_new_dyn.npz
-rw-rw-rw- 1 root root  8916998 Sep  4 14:30 w10_ablation_series_alt_true_new_w3fix.npz
-rw-rw-rw- 1 root root     2287 Sep  4 14:31 w10_ablation_summary_alt_true_new_dyn.json
-rw-rw-rw- 1 root root     2288 Sep  4 14:30 w10_ablation_summary_alt_true_new_w3fix.json
---DIFF
64c70a44ee88b79547a444ccb969c58d17d3a25f2f02af9cc77055b767bfe430  /workspace/review_scratch/refute_C6_1/dev/w10_universe.py
64c70a44ee88b79547a444ccb969c58d17d3a25f2f02af9cc77055b767bfe430  /workspace/port_w10/w10_universe.py
---RUN
PANEL realpath: /workspace/data/wide_panel_4h_v2ext.npz size 232319980
panel ts 10039 2022-01-31 00:00 → 2026-08-31 00:00 FN (10039, 829) IV (10039, 829)

=== pod_live_w3fix_callog_s42 | live form, W3FIX 0.21/0/0.79, CAL=log
    file=/workspace/port_w10/probe_artifacts/w10_ablation_series_pod_live_w3fix_callog_s42.npz sha256[:16]=5faf9106ed84dc8f n=10038 CAL=log W3FIX=0.21,0,0.79 M=829 T=400 FTRIM=zero FSEED=42
    σ_fund(30-anchor roll) mean by year [bps]: 2022:4.5, 2023:5.5, 2024:4.3, 2025:14.2, 2026:15.9
  -- period 2024-26: n=5838 (roll-nan dropped 0); tercile cuts on 30-anchor roll σ_fund: q1/3=5.75 q2/3=13.47 bps
     LOW  σ_fund≈  3.4bp n=1946 | net_ex -0.822 bps/anchor(perNAV) CI95[-1.589,-0.114] | gross 0.844 → -0.973 bps/anchor(per gross) = -21.3 %/gross/yr ⇒ 2×gross -42.6 %NAV/yr (arith) | comp 2×gross -35.1%/yr maxDD -37.1% | Sharpe -2.22 | w3_king 0.21 | years {2024: 1812, 2025: 134}
     MID  σ_fund≈  9.7bp n=1946 | net_ex +0.596 bps/anchor(perNAV) CI95[-0.426,+1.698] | gross 0.767 → +0.776 bps/anchor(per gross) = +17.0 %/gross/yr ⇒ 2×gross +34.0 %NAV/yr (arith) | comp 2×gross +39.0%/yr maxDD -33.1% | Sharpe +1.28 | w3_king 0.21 | years {2024: 352, 2025: 1020, 2026: 574}
     HIGH σ_fund≈ 19.6bp n=1946 | net_ex +1.596 bps/anchor(perNAV) CI95[+0.547,+2.588] | gross 0.761 → +2.098 bps/anchor(per gross) = +46.0 %/gross/yr ⇒ 2×gross +91.9 %NAV/yr (arith) | comp 2×gross +139.2%/yr maxDD -13.2% | Sharpe +3.19 | w3_king 0.21 | years {2024: 32, 2025: 1036, 2026: 878}
     [sens: raw sf p33/p67=4.33/12.26] LOW: -0.641bps → -16.7%/gross/yr S-1.69 n1927 | MID: +0.877bps → +24.9%/gross/yr S+1.90 n1984 | HIGH: +1.121bps → +32.2%/gross/yr S+2.26 n1927
  -- period 2023-26 [supp]: n=8028 (roll-nan dropped 0); tercile cuts on 30-anchor roll σ_fund: q1/3=4.33 q2/3=11.31 bps
     LOW  σ_fund≈  2.8bp n=2676 | net_ex -0.471 bps/anchor(perNAV) CI95[-1.121,+0.178] | gross 0.862 → -0.546 bps/anchor(per gross) = -12.0 %/gross/yr ⇒ 2×gross -23.9 %NAV/yr (arith) | comp 2×gross -22.6%/yr maxDD -35.1% | Sharpe -1.33 | w3_king 0.21 | years {2023: 1227, 2024: 1423, 2025: 26}
     MID  σ_fund≈  7.6bp n=2676 | net_ex -0.331 bps/anchor(perNAV) CI95[-1.100,+0.423] | gross 0.805 → -0.411 bps/anchor(per gross) = -9.0 %/gross/yr ⇒ 2×gross -18.0 %NAV/yr (arith) | comp 2×gross -16.3%/yr maxDD -38.7% | Sharpe -0.80 | w3_king 0.21 | years {2023: 723, 2024: 692, 2025: 825, 2026: 436}
     HIGH σ_fund≈ 17.9bp n=2676 | net_ex +1.486 bps/anchor(perNAV) CI95[+0.638,+2.354] | gross 0.771 → +1.928 bps/anchor(per gross) = +42.2 %/gross/yr ⇒ 2×gross +84.4 %NAV/yr (arith) | comp 2×gross +127.3%/yr maxDD -13.5% | Sharpe +3.12 | w3_king 0.21 | years {2023: 240, 2024: 81, 2025: 1339, 2026: 1016}
     [sens: raw sf p33/p67=3.18/10.30] LOW: -0.435bps → -11.1%/gross/yr S-1.26 n2649 | MID: +0.052bps → +1.4%/gross/yr S+0.12 n2730 | HIGH: +1.072bps → +30.2%/gross/yr S+2.26 n2649

=== pod_live_callog_s42 | live form, dynamic msharpe seat, CAL=log
    file=/workspace/port_w10/probe_artifacts/w10_ablation_series_pod_live_callog_s42.npz sha256[:16]=dd85ded80c7af058 n=10038 CAL=log W3FIX=None M=829 T=400 FTRIM=zero FSEED=42
    σ_fund(30-anchor roll) mean by year [bps]: 2022:4.5, 2023:5.5, 2024:4.3, 2025:14.2, 2026:15.9
  -- period 2024-26: n=5838 (roll-nan dropped 0); tercile cuts on 30-anchor roll σ_fund: q1/3=5.75 q2/3=13.47 bps
     LOW  σ_fund≈  3.4bp n=1946 | net_ex +0.165 bps/anchor(perNAV) CI95[-0.389,+0.698] | gross 0.606 → +0.273 bps/anchor(per gross) = +6.0 %/gross/yr ⇒ 2×gross +11.9 %NAV/yr (arith) | comp 2×gross +36.2%/yr maxDD -18.1% | Sharpe +0.58 | w3_king 0.62 | years {2024: 1812, 2025: 134}
     MID  σ_fund≈  9.7bp n=1946 | net_ex +0.872 bps/anchor(perNAV) CI95[+0.069,+1.727] | gross 0.588 → +1.484 bps/anchor(per gross) = +32.5 %/gross/yr ⇒ 2×gross +65.0 %NAV/yr (arith) | comp 2×gross +72.1%/yr maxDD -17.5% | Sharpe +2.33 | w3_king 0.62 | years {2024: 352, 2025: 1020, 2026: 574}
     HIGH σ_fund≈ 19.6bp n=1946 | net_ex +1.037 bps/anchor(perNAV) CI95[+0.141,+1.851] | gross 0.665 → +1.558 bps/anchor(per gross) = +34.1 %/gross/yr ⇒ 2×gross +68.3 %NAV/yr (arith) | comp 2×gross +76.2%/yr maxDD -15.9% | Sharpe +2.42 | w3_king 0.51 | years {2024: 32, 2025: 1036, 2026: 878}
     [sens: raw sf p33/p67=4.33/12.26] LOW: +0.046bps → +1.7%/gross/yr S+0.17 n1927 | MID: +1.101bps → +39.5%/gross/yr S+2.91 n1984 | HIGH: +0.915bps → +30.9%/gross/yr S+2.15 n1927
  -- period 2023-26 [supp]: n=8028 (roll-nan dropped 0); tercile cuts on 30-anchor roll σ_fund: q1/3=4.33 q2/3=11.31 bps
     LOW  σ_fund≈  2.8bp n=2676 | net_ex -0.012 bps/anchor(perNAV) CI95[-0.550,+0.531] | gross 0.723 → -0.016 bps/anchor(per gross) = -0.3 %/gross/yr ⇒ 2×gross -0.7 %NAV/yr (arith) | comp 2×gross +8.8%/yr maxDD -24.6% | Sharpe -0.04 | w3_king 0.36 | years {2023: 1227, 2024: 1423, 2025: 26}
     MID  σ_fund≈  7.6bp n=2676 | net_ex +0.252 bps/anchor(perNAV) CI95[-0.337,+0.852] | gross 0.652 → +0.386 bps/anchor(per gross) = +8.5 %/gross/yr ⇒ 2×gross +16.9 %NAV/yr (arith) | comp 2×gross +23.6%/yr maxDD -18.4% | Sharpe +0.76 | w3_king 0.47 | years {2023: 723, 2024: 692, 2025: 825, 2026: 436}
     HIGH σ_fund≈ 17.9bp n=2676 | net_ex +0.963 bps/anchor(perNAV) CI95[+0.217,+1.673] | gross 0.662 → +1.454 bps/anchor(per gross) = +31.9 %/gross/yr ⇒ 2×gross +63.7 %NAV/yr (arith) | comp 2×gross +75.2%/yr maxDD -15.9% | Sharpe +2.38 | w3_king 0.49 | years {2023: 240, 2024: 81, 2025: 1339, 2026: 1016}
     [sens: raw sf p33/p67=3.18/10.30] LOW: -0.048bps → -1.5%/gross/yr S-0.16 n2649 | MID: +0.411bps → +13.8%/gross/yr S+1.21 n2730 | HIGH: +0.840bps → +27.2%/gross/yr S+2.06 n2649

=== alt_true_new_w3fix | live form, W3FIX, y4=Π-caliber expm1(Σlog1p r5) window (E,E+4h], CAL=log
    file=/workspace/review_scratch/refute_C6_1/dev/probe_artifacts/w10_ablation_series_alt_true_new_w3fix.npz sha256[:16]=c233719fffc09e29 n=10038 CAL=log W3FIX=0.21,0,0.79 M=829 T=400 FTRIM=zero FSEED=42
    σ_fund(30-anchor roll) mean by year [bps]: 2022:4.5, 2023:5.5, 2024:4.3, 2025:14.2, 2026:15.9
  -- period 2024-26: n=5838 (roll-nan dropped 0); tercile cuts on 30-anchor roll σ_fund: q1/3=5.75 q2/3=13.47 bps
     LOW  σ_fund≈  3.4bp n=1946 | net_ex -0.859 bps/anchor(perNAV) CI95[-1.620,-0.159] | gross 0.843 → -1.020 bps/anchor(per gross) = -22.3 %/gross/yr ⇒ 2×gross -44.7 %NAV/yr (arith) | comp 2×gross -36.3%/yr maxDD -37.6% | Sharpe -2.32 | w3_king 0.21 | years {2024: 1812, 2025: 134}
     MID  σ_fund≈  9.7bp n=1946 | net_ex +0.506 bps/anchor(perNAV) CI95[-0.554,+1.629] | gross 0.766 → +0.661 bps/anchor(per gross) = +14.5 %/gross/yr ⇒ 2×gross +29.0 %NAV/yr (arith) | comp 2×gross +32.4%/yr maxDD -32.4% | Sharpe +1.07 | w3_king 0.21 | years {2024: 352, 2025: 1020, 2026: 574}
     HIGH σ_fund≈ 19.6bp n=1946 | net_ex +1.572 bps/anchor(perNAV) CI95[+0.524,+2.543] | gross 0.757 → +2.078 bps/anchor(per gross) = +45.5 %/gross/yr ⇒ 2×gross +91.0 %NAV/yr (arith) | comp 2×gross +138.2%/yr maxDD -12.6% | Sharpe +3.13 | w3_king 0.21 | years {2024: 32, 2025: 1036, 2026: 878}
     [sens: raw sf p33/p67=4.33/12.26] LOW: -0.733bps → -19.1%/gross/yr S-1.91 n1927 | MID: +0.749bps → +21.3%/gross/yr S+1.61 n1984 | HIGH: +1.193bps → +34.5%/gross/yr S+2.39 n1927
  -- period 2023-26 [supp]: n=8028 (roll-nan dropped 0); tercile cuts on 30-anchor roll σ_fund: q1/3=4.33 q2/3=11.31 bps
     LOW  σ_fund≈  2.8bp n=2676 | net_ex -0.526 bps/anchor(perNAV) CI95[-1.178,+0.125] | gross 0.862 → -0.611 bps/anchor(per gross) = -13.4 %/gross/yr ⇒ 2×gross -26.8 %NAV/yr (arith) | comp 2×gross -24.8%/yr maxDD -37.1% | Sharpe -1.48 | w3_king 0.21 | years {2023: 1227, 2024: 1423, 2025: 26}
     MID  σ_fund≈  7.6bp n=2676 | net_ex -0.377 bps/anchor(perNAV) CI95[-1.160,+0.387] | gross 0.804 → -0.469 bps/anchor(per gross) = -10.3 %/gross/yr ⇒ 2×gross -20.5 %NAV/yr (arith) | comp 2×gross -18.5%/yr maxDD -38.4% | Sharpe -0.90 | w3_king 0.21 | years {2023: 723, 2024: 692, 2025: 825, 2026: 436}
     HIGH σ_fund≈ 17.9bp n=2676 | net_ex +1.460 bps/anchor(perNAV) CI95[+0.635,+2.314] | gross 0.768 → +1.901 bps/anchor(per gross) = +41.6 %/gross/yr ⇒ 2×gross +83.2 %NAV/yr (arith) | comp 2×gross +125.9%/yr maxDD -13.3% | Sharpe +3.06 | w3_king 0.21 | years {2023: 240, 2024: 81, 2025: 1339, 2026: 1016}
     [sens: raw sf p33/p67=3.18/10.30] LOW: -0.492bps → -12.5%/gross/yr S-1.43 n2649 | MID: -0.105bps → -2.9%/gross/yr S-0.25 n2730 | HIGH: +1.163bps → +32.9%/gross/yr S+2.44 n2649

=== alt_true_new_dyn | live form, dynamic seat, y4=Π-caliber (E,E+4h], CAL=log
    file=/workspace/review_scratch/refute_C6_1/dev/probe_artifacts/w10_ablation_series_alt_true_new_dyn.npz sha256[:16]=34916d2e3853f2c5 n=10038 CAL=log W3FIX=None M=829 T=400 FTRIM=zero FSEED=42
    σ_fund(30-anchor roll) mean by year [bps]: 2022:4.5, 2023:5.5, 2024:4.3, 2025:14.2, 2026:15.9
  -- period 2024-26: n=5838 (roll-nan dropped 0); tercile cuts on 30-anchor roll σ_fund: q1/3=5.75 q2/3=13.47 bps
     LOW  σ_fund≈  3.4bp n=1946 | net_ex +0.107 bps/anchor(perNAV) CI95[-0.426,+0.635] | gross 0.587 → +0.182 bps/anchor(per gross) = +4.0 %/gross/yr ⇒ 2×gross +8.0 %NAV/yr (arith) | comp 2×gross +34.8%/yr maxDD -21.8% | Sharpe +0.39 | w3_king 0.67 | years {2024: 1812, 2025: 134}
     MID  σ_fund≈  9.7bp n=1946 | net_ex +0.833 bps/anchor(perNAV) CI95[+0.027,+1.690] | gross 0.579 → +1.437 bps/anchor(per gross) = +31.5 %/gross/yr ⇒ 2×gross +62.9 %NAV/yr (arith) | comp 2×gross +71.2%/yr maxDD -16.6% | Sharpe +2.20 | w3_king 0.63 | years {2024: 352, 2025: 1020, 2026: 574}
     HIGH σ_fund≈ 19.6bp n=1946 | net_ex +1.116 bps/anchor(perNAV) CI95[+0.260,+1.926] | gross 0.659 → +1.694 bps/anchor(per gross) = +37.1 %/gross/yr ⇒ 2×gross +74.2 %NAV/yr (arith) | comp 2×gross +89.3%/yr maxDD -16.1% | Sharpe +2.63 | w3_king 0.52 | years {2024: 32, 2025: 1036, 2026: 878}
     [sens: raw sf p33/p67=4.33/12.26] LOW: +0.002bps → +0.1%/gross/yr S+0.01 n1927 | MID: +0.974bps → +35.5%/gross/yr S+2.58 n1984 | HIGH: +1.071bps → +36.5%/gross/yr S+2.55 n1927
  -- period 2023-26 [supp]: n=8028 (roll-nan dropped 0); tercile cuts on 30-anchor roll σ_fund: q1/3=4.33 q2/3=11.31 bps
     LOW  σ_fund≈  2.8bp n=2676 | net_ex -0.076 bps/anchor(perNAV) CI95[-0.613,+0.462] | gross 0.714 → -0.106 bps/anchor(per gross) = -2.3 %/gross/yr ⇒ 2×gross -4.7 %NAV/yr (arith) | comp 2×gross +6.6%/yr maxDD -28.3% | Sharpe -0.25 | w3_king 0.39 | years {2023: 1227, 2024: 1423, 2025: 26}
     MID  σ_fund≈  7.6bp n=2676 | net_ex +0.243 bps/anchor(perNAV) CI95[-0.359,+0.856] | gross 0.645 → +0.376 bps/anchor(per gross) = +8.2 %/gross/yr ⇒ 2×gross +16.5 %NAV/yr (arith) | comp 2×gross +24.9%/yr maxDD -17.4% | Sharpe +0.72 | w3_king 0.48 | years {2023: 723, 2024: 692, 2025: 825, 2026: 436}
     HIGH σ_fund≈ 17.9bp n=2676 | net_ex +0.990 bps/anchor(perNAV) CI95[+0.291,+1.678] | gross 0.656 → +1.509 bps/anchor(per gross) = +33.0 %/gross/yr ⇒ 2×gross +66.1 %NAV/yr (arith) | comp 2×gross +81.1%/yr maxDD -16.1% | Sharpe +2.48 | w3_king 0.50 | years {2023: 240, 2024: 81, 2025: 1339, 2026: 1016}
     [sens: raw sf p33/p67=3.18/10.30] LOW: -0.108bps → -3.4%/gross/yr S-0.37 n2649 | MID: +0.296bps → +10.1%/gross/yr S+0.86 n2730 | HIGH: +0.972bps → +31.7%/gross/yr S+2.41 n2649

=== pod_live_w3fix_calsimple_s42 [CONTAMINATED ref] | live form, W3FIX, CAL=simple (expm1 pseudo-convexity) — reference only
    file=/workspace/port_w10/probe_artifacts/w10_ablation_series_pod_live_w3fix_calsimple_s42.npz sha256[:16]=53bdbcfbbc9b5f21 n=10038 CAL=simple W3FIX=0.21,0,0.79 M=829 T=400 FTRIM=zero FSEED=42
    σ_fund(30-anchor roll) mean by year [bps]: 2022:4.5, 2023:5.5, 2024:4.3, 2025:14.2, 2026:15.9
  -- period 2024-26: n=5838 (roll-nan dropped 0); tercile cuts on 30-anchor roll σ_fund: q1/3=5.75 q2/3=13.47 bps
     LOW  σ_fund≈  3.4bp n=1946 | net_ex -0.476 bps/anchor(perNAV) CI95[-1.271,+0.246] | gross 0.844 → -0.565 bps/anchor(per gross) = -12.4 %/gross/yr ⇒ 2×gross -24.7 %NAV/yr (arith) | comp 2×gross -22.4%/yr maxDD -30.5% | Sharpe -1.27 | w3_king 0.21 | years {2024: 1812, 2025: 134}
     MID  σ_fund≈  9.7bp n=1946 | net_ex +1.712 bps/anchor(perNAV) CI95[+0.594,+2.912] | gross 0.771 → +2.221 bps/anchor(per gross) = +48.6 %/gross/yr ⇒ 2×gross +97.3 %NAV/yr (arith) | comp 2×gross +163.4%/yr maxDD -28.0% | Sharpe +3.48 | w3_king 0.21 | years {2024: 352, 2025: 1020, 2026: 574}
     HIGH σ_fund≈ 19.6bp n=1946 | net_ex +3.183 bps/anchor(perNAV) CI95[+2.054,+4.224] | gross 0.763 → +4.172 bps/anchor(per gross) = +91.4 %/gross/yr ⇒ 2×gross +182.7 %NAV/yr (arith) | comp 2×gross +493.5%/yr maxDD -8.6% | Sharpe +6.06 | w3_king 0.21 | years {2024: 32, 2025: 1036, 2026: 878}
     [sens: raw sf p33/p67=4.33/12.26] LOW: -0.256bps → -6.7%/gross/yr S-0.66 n1927 | MID: +1.997bps → +56.5%/gross/yr S+4.11 n1984 | HIGH: +2.663bps → +76.3%/gross/yr S+5.10 n1927
  -- period 2023-26 [supp]: n=8028 (roll-nan dropped 0); tercile cuts on 30-anchor roll σ_fund: q1/3=4.33 q2/3=11.31 bps
     LOW  σ_fund≈  2.8bp n=2676 | net_ex -0.253 bps/anchor(perNAV) CI95[-0.911,+0.407] | gross 0.861 → -0.294 bps/anchor(per gross) = -6.4 %/gross/yr ⇒ 2×gross -12.9 %NAV/yr (arith) | comp 2×gross -13.6%/yr maxDD -28.1% | Sharpe -0.71 | w3_king 0.21 | years {2023: 1227, 2024: 1423, 2025: 26}
     MID  σ_fund≈  7.6bp n=2676 | net_ex +0.418 bps/anchor(perNAV) CI95[-0.404,+1.236] | gross 0.807 → +0.518 bps/anchor(per gross) = +11.3 %/gross/yr ⇒ 2×gross +22.7 %NAV/yr (arith) | comp 2×gross +28.2%/yr maxDD -31.2% | Sharpe +0.97 | w3_king 0.21 | years {2023: 723, 2024: 692, 2025: 825, 2026: 436}
     HIGH σ_fund≈ 17.9bp n=2676 | net_ex +2.816 bps/anchor(perNAV) CI95[+1.923,+3.768] | gross 0.773 → +3.640 bps/anchor(per gross) = +79.7 %/gross/yr ⇒ 2×gross +159.5 %NAV/yr (arith) | comp 2×gross +386.3%/yr maxDD -9.9% | Sharpe +5.64 | w3_king 0.21 | years {2023: 240, 2024: 81, 2025: 1339, 2026: 1016}
     [sens: raw sf p33/p67=3.18/10.30] LOW: -0.148bps → -3.8%/gross/yr S-0.42 n2649 | MID: +0.699bps → +19.1%/gross/yr S+1.59 n2730 | HIGH: +2.439bps → +68.5%/gross/yr S+4.91 n2649

=== pod_live_calsimple_s42 [CONTAMINATED ref] | live form, dynamic seat, CAL=simple — reference only
    file=/workspace/port_w10/probe_artifacts/w10_ablation_series_pod_live_calsimple_s42.npz sha256[:16]=e0917815955a5f3b n=10038 CAL=simple W3FIX=None M=829 T=400 FTRIM=zero FSEED=42
    σ_fund(30-anchor roll) mean by year [bps]: 2022:4.5, 2023:5.5, 2024:4.3, 2025:14.2, 2026:15.9
  -- period 2024-26: n=5838 (roll-nan dropped 0); tercile cuts on 30-anchor roll σ_fund: q1/3=5.75 q2/3=13.47 bps
     LOW  σ_fund≈  3.4bp n=1946 | net_ex +0.209 bps/anchor(perNAV) CI95[-0.375,+0.773] | gross 0.644 → +0.325 bps/anchor(per gross) = +7.1 %/gross/yr ⇒ 2×gross +14.2 %NAV/yr (arith) | comp 2×gross +29.2%/yr maxDD -13.1% | Sharpe +0.71 | w3_king 0.41 | years {2024: 1812, 2025: 134}
     MID  σ_fund≈  9.7bp n=1946 | net_ex +1.825 bps/anchor(perNAV) CI95[+0.904,+2.833] | gross 0.591 → +3.088 bps/anchor(per gross) = +67.6 %/gross/yr ⇒ 2×gross +135.3 %NAV/yr (arith) | comp 2×gross +230.2%/yr maxDD -17.2% | Sharpe +4.57 | w3_king 0.40 | years {2024: 352, 2025: 1020, 2026: 574}
     HIGH σ_fund≈ 19.6bp n=1946 | net_ex +2.757 bps/anchor(perNAV) CI95[+1.682,+3.777] | gross 0.615 → +4.484 bps/anchor(per gross) = +98.2 %/gross/yr ⇒ 2×gross +196.4 %NAV/yr (arith) | comp 2×gross +402.0%/yr maxDD -21.0% | Sharpe +5.73 | w3_king 0.26 | years {2024: 32, 2025: 1036, 2026: 878}
     [sens: raw sf p33/p67=4.33/12.26] LOW: +0.100bps → +3.4%/gross/yr S+0.34 n1927 | MID: +2.075bps → +75.2%/gross/yr S+5.08 n1984 | HIGH: +2.603bps → +93.6%/gross/yr S+5.53 n1927
  -- period 2023-26 [supp]: n=8028 (roll-nan dropped 0); tercile cuts on 30-anchor roll σ_fund: q1/3=4.33 q2/3=11.31 bps
     LOW  σ_fund≈  2.8bp n=2676 | net_ex +0.112 bps/anchor(perNAV) CI95[-0.430,+0.662] | gross 0.732 → +0.152 bps/anchor(per gross) = +3.3 %/gross/yr ⇒ 2×gross +6.7 %NAV/yr (arith) | comp 2×gross +10.4%/yr maxDD -18.3% | Sharpe +0.35 | w3_king 0.29 | years {2023: 1227, 2024: 1423, 2025: 26}
     MID  σ_fund≈  7.6bp n=2676 | net_ex +0.680 bps/anchor(perNAV) CI95[+0.043,+1.330] | gross 0.655 → +1.038 bps/anchor(per gross) = +22.7 %/gross/yr ⇒ 2×gross +45.5 %NAV/yr (arith) | comp 2×gross +66.0%/yr maxDD -17.3% | Sharpe +1.97 | w3_king 0.38 | years {2023: 723, 2024: 692, 2025: 825, 2026: 436}
     HIGH σ_fund≈ 17.9bp n=2676 | net_ex +2.452 bps/anchor(perNAV) CI95[+1.585,+3.329] | gross 0.626 → +3.916 bps/anchor(per gross) = +85.8 %/gross/yr ⇒ 2×gross +171.5 %NAV/yr (arith) | comp 2×gross +340.8%/yr maxDD -23.2% | Sharpe +5.43 | w3_king 0.29 | years {2023: 240, 2024: 81, 2025: 1339, 2026: 1016}
     [sens: raw sf p33/p67=3.18/10.30] LOW: +0.031bps → +0.9%/gross/yr S+0.10 n2649 | MID: +0.921bps → +31.0%/gross/yr S+2.53 n2730 | HIGH: +2.296bps → +78.7%/gross/yr S+5.15 n2649

wrote /workspace/review_scratch/gap_4/gap4_sigfund_terciles.json
GAP4_DONE
