23:24:20 PG-D2-3 kappa 8.941744090583917e-05 calibrated IC 0.010000007238857866
/workspace/venv/lib/python3.11/site-packages/sklearn/linear_model/_ridge.py:227: LinAlgWarning: An ill-conditioned matrix detected: slice 0 has rcond = 7.749451214067449e-08.
  return linalg.solve(A, Xy, assume_a="pos", overwrite_a=True).T
23:24:46   fold 2023 {'train_pairs': 149775, 'test_pairs': 410256, 'train_label_end': '2022-12-22T00:00:00Z'}
/workspace/venv/lib/python3.11/site-packages/sklearn/linear_model/_ridge.py:227: LinAlgWarning: An ill-conditioned matrix detected: slice 0 has rcond = 2.06618562259564e-08.
  return linalg.solve(A, Xy, assume_a="pos", overwrite_a=True).T
23:25:33   fold 2024 {'train_pairs': 554414, 'test_pairs': 600192, 'train_label_end': '2023-12-22T00:00:00Z'}
/workspace/venv/lib/python3.11/site-packages/sklearn/linear_model/_ridge.py:227: LinAlgWarning: An ill-conditioned matrix detected: slice 0 has rcond = 2.185869618642755e-08.
  return linalg.solve(A, Xy, assume_a="pos", overwrite_a=True).T
23:27:14   fold 2025 {'train_pairs': 1149020, 'test_pairs': 849226, 'train_label_end': '2024-12-22T00:00:00Z'}
/workspace/venv/lib/python3.11/site-packages/sklearn/linear_model/_ridge.py:227: LinAlgWarning: An ill-conditioned matrix detected: slice 0 has rcond = 4.077881854414045e-08.
  return linalg.solve(A, Xy, assume_a="pos", overwrite_a=True).T
23:29:45   fold 2026 {'train_pairs': 1994154, 'test_pairs': 626800, 'train_label_end': '2025-12-22T00:00:00Z'}
/workspace/venv/lib/python3.11/site-packages/sklearn/linear_model/_ridge.py:227: LinAlgWarning: An ill-conditioned matrix detected: slice 0 has rcond = 7.749591901529129e-08.
  return linalg.solve(A, Xy, assume_a="pos", overwrite_a=True).T
23:29:54   fold 2023 {'train_pairs': 149775, 'test_pairs': 410256, 'train_label_end': '2022-12-22T00:00:00Z'}
/workspace/venv/lib/python3.11/site-packages/sklearn/linear_model/_ridge.py:227: LinAlgWarning: An ill-conditioned matrix detected: slice 0 has rcond = 2.0662067612420287e-08.
  return linalg.solve(A, Xy, assume_a="pos", overwrite_a=True).T
23:30:12   fold 2024 {'train_pairs': 554414, 'test_pairs': 600192, 'train_label_end': '2023-12-22T00:00:00Z'}
/workspace/venv/lib/python3.11/site-packages/sklearn/linear_model/_ridge.py:227: LinAlgWarning: An ill-conditioned matrix detected: slice 0 has rcond = 2.1858976850808176e-08.
  return linalg.solve(A, Xy, assume_a="pos", overwrite_a=True).T
23:31:34   fold 2025 {'train_pairs': 1149020, 'test_pairs': 849226, 'train_label_end': '2024-12-22T00:00:00Z'}
/workspace/venv/lib/python3.11/site-packages/sklearn/linear_model/_ridge.py:227: LinAlgWarning: An ill-conditioned matrix detected: slice 0 has rcond = 4.077885051856356e-08.
  return linalg.solve(A, Xy, assume_a="pos", overwrite_a=True).T
23:33:34   fold 2026 {'train_pairs': 1994154, 'test_pairs': 626800, 'train_label_end': '2025-12-22T00:00:00Z'}
D2_PREGATES DONE out=/workspace/dlarch_2026-09-24/receipts/D2_PREGATES_2026-09-26.json sha256=378eec4178125be72d8484b619cb9ed281b5593fd816a8c7ba3ef6eff89e227c
rc=0
