16:07:40 hashing inputs (NEWS_FEATURES is 2.9 GB)
16:07:43 axes {"leg_anchors": 10333, "first": "2022-01-01T00:00:00Z", "last": "2026-09-19T00:00:00Z", "label_anchors": 10321, "leg_anchors_with_label": 10321, "ready": 9247, "symbols": 829}
16:07:43 L1 score IC
16:07:46 L1 2023H2 {'king': 0.03817, 'f10_s42': -0.0054, 'f10_s2027': -0.00593, 'fund_z': 0.00256, 'rev24_z': 0.0291}
16:07:50 L1 2024 {'king': 0.0597, 'f10_s42': 0.03512, 'f10_s2027': 0.03216, 'fund_z': -0.00524, 'rev24_z': 0.0352}
16:07:55 L1 2025 {'king': 0.06995, 'f10_s42': 0.01399, 'f10_s2027': 0.02447, 'fund_z': 0.01048, 'rev24_z': 0.03874}
16:08:07 L1 pre2026 {'king': 0.05944, 'f10_s42': 0.01852, 'f10_s2027': 0.02141, 'fund_z': 0.0026, 'rev24_z': 0.03538}
16:08:07 L2 leg layer
16:08:09 L2 2023H2 {'king': 0.0137, 'rev24': -0.9692, 'fund': 0.2247, 'f10_s42': 0.7346, 'f10_s2027': 1.1629}
16:08:09 L2 2024 {'king': 1.77, 'rev24': 0.395, 'fund': -0.4391, 'f10_s42': 2.4643, 'f10_s2027': 2.9733}
16:08:09 L2 2025 {'king': 2.2954, 'rev24': 0.3466, 'fund': 1.69, 'f10_s42': 1.7366, 'f10_s2027': 1.9288}
16:08:09 L2 pre2026 {'king': 1.625, 'rev24': 0.1004, 'fund': 0.5434, 'f10_s42': 1.8252, 'f10_s2027': 2.1916}
16:08:10 L3-L6 s42 literal: combo anchors 8142
16:08:11 L3-L6 s42 scaled_diagnostic: combo anchors 8142
16:08:12 L3-L6 s42 done
16:08:12 L3-L6 s2027 literal: combo anchors 8142
16:08:14 L3-L6 s2027 scaled_diagnostic: combo anchors 8142
16:08:15 L3-L6 s2027 done
16:08:15 L7 engine book layer
16:08:17 L7 NEWS2_s42_scaled_rule_raw_UAFE g pre2026 path_mean 0.541594905657622
16:08:19 L7 NEWS2_s42_lit_rule_raw_UAFE g pre2026 path_mean 0.32836950126691533
16:08:20 L7 NEWS2_s2027_scaled_rule_raw_UAFE g pre2026 path_mean 0.591084259347721
16:08:22 L7 NEWS2_s2027_lit_rule_raw_UAFE g pre2026 path_mean 0.24332319884810238
LADDER VERDICT=VOID_NULL_CONTROL_FAILED null_pass=False n4_pass=True json=a0eb1a9fb35650c8 unavailable=0
