00:51:19 hashing inputs
00:51:23 caches built; anchors per segment {'2023H2': 1109, '2024': 2196, '2025': 2190, 'pre2026': 5495}
00:51:35 unpermuted truth computed
00:51:37 popdemo king A 0 B 15 nonfinite_label_cells 3
00:51:39 popdemo rev24 A 0 B 15 nonfinite_label_cells 3
00:51:41 popdemo fund A 0 B 15 nonfinite_label_cells 3
00:51:42 popdemo f10_s42 A 0 B 15 nonfinite_label_cells 3
00:51:44 popdemo f10_s2027 A 0 B 15 nonfinite_label_cells 3
00:53:53 b=10/200 elapsed 2.1 min, eta 40.8 min
00:56:02 b=20/200 elapsed 4.3 min, eta 38.7 min
00:58:12 b=30/200 elapsed 6.5 min, eta 36.6 min
01:00:22 b=40/200 elapsed 8.6 min, eta 34.5 min
01:02:32 b=50/200 elapsed 10.8 min, eta 32.4 min
01:04:42 b=60/200 elapsed 13.0 min, eta 30.3 min
01:06:51 b=70/200 elapsed 15.1 min, eta 28.1 min
01:09:00 b=80/200 elapsed 17.3 min, eta 25.9 min
01:11:10 b=90/200 elapsed 19.4 min, eta 23.7 min
01:13:34 b=100/200 elapsed 21.8 min, eta 21.8 min
01:15:59 b=110/200 elapsed 24.3 min, eta 19.8 min
01:18:19 b=120/200 elapsed 26.6 min, eta 17.7 min
01:20:44 b=130/200 elapsed 29.0 min, eta 15.6 min
01:22:55 b=140/200 elapsed 31.2 min, eta 13.4 min
01:25:04 b=150/200 elapsed 33.3 min, eta 11.1 min
01:27:14 b=160/200 elapsed 35.5 min, eta 8.9 min
01:29:23 b=170/200 elapsed 37.7 min, eta 6.6 min
01:31:34 b=180/200 elapsed 39.8 min, eta 4.4 min
01:33:44 b=190/200 elapsed 42.0 min, eta 2.2 min
01:35:54 b=200/200 elapsed 44.2 min, eta 0.0 min
01:35:54 S1 scheme-A null
01:36:01 S1-A 42 {"mean_null": 2.1628989375071956e-06, "se_null": 0.000213422001146658, "abs_mean_over_se": 0.010134376614812585, "PASS": true}
01:36:09 S1-A 2027 {"mean_null": -0.00020065239522985538, "se_null": 0.00020859056401843952, "abs_mean_over_se": 0.9619437781093377, "PASS": true}
NULLGATE_SCHEMEA VERDICT=PASS B=200 cells=40 failing=0 no_measurement=0 s1_failing=0 ic_identical=20/20 leg_changed=10/20 red_pair=True/True json=d2d11b165fdcb4d6
