16:43:32 hashing inputs
16:43:35 anchors per segment {'2023H2': 1109, '2024': 2196, '2025': 2190, 'pre2026': 5495}
16:43:36 f10 rank cache built 10990
16:43:49 unpermuted truth computed
16:45:59 b=10/200 elapsed 2.2 min, eta 41.2 min
16:48:07 b=20/200 elapsed 4.3 min, eta 38.6 min
16:50:15 b=30/200 elapsed 6.4 min, eta 36.4 min
16:52:27 b=40/200 elapsed 8.6 min, eta 34.5 min
16:54:38 b=50/200 elapsed 10.8 min, eta 32.4 min
16:56:46 b=60/200 elapsed 12.9 min, eta 30.2 min
16:58:53 b=70/200 elapsed 15.1 min, eta 28.0 min
17:01:00 b=80/200 elapsed 17.2 min, eta 25.8 min
17:03:09 b=90/200 elapsed 19.3 min, eta 23.6 min
17:05:17 b=100/200 elapsed 21.5 min, eta 21.5 min
17:07:24 b=110/200 elapsed 23.6 min, eta 19.3 min
17:09:32 b=120/200 elapsed 25.7 min, eta 17.1 min
17:11:40 b=130/200 elapsed 27.8 min, eta 15.0 min
17:13:47 b=140/200 elapsed 30.0 min, eta 12.8 min
17:15:55 b=150/200 elapsed 32.1 min, eta 10.7 min
17:18:03 b=160/200 elapsed 34.2 min, eta 8.6 min
17:20:13 b=170/200 elapsed 36.4 min, eta 6.4 min
17:22:22 b=180/200 elapsed 38.5 min, eta 4.3 min
17:24:30 b=190/200 elapsed 40.7 min, eta 2.1 min
17:26:39 b=200/200 elapsed 42.8 min, eta 0.0 min
NULLGATE VERDICT=PASS B=200 cells=40 failing=0 no_measurement=0 red_pair=True/True json=2bd9b5e1839c23f7
