{
  "old_cases": {
    "normal": [
      "PASS",
      3.0
    ],
    "no_side": [
      "FAIL",
      3.0
    ],
    "mixed_missing_side": [
      "FAIL",
      52.5
    ],
    "fee_nan": [
      "FAIL",
      null
    ],
    "unconverted_foreign_fee": [
      "FAIL",
      null
    ],
    "converted_foreign_fee": [
      "PASS",
      3.0
    ],
    "known_zero_fee": [
      "PASS",
      1.0
    ],
    "unknown_fill": [
      "FAIL",
      null
    ],
    "zero_fill": [
      "UNDETERMINED",
      null
    ],
    "valid_sell": [
      "PASS",
      3.0
    ],
    "contradictory_sign": [
      "FAIL",
      3.0
    ]
  },
  "real": {
    "n_fills": 185,
    "notional_usdt": 11883.468
  },
  "real_verdict": "PASS",
  "wrong_members_mock_verdict": "PASS",
  "per_regime_mass_swap": "FAIL",
  "signed_compensation_verdict": "PASS",
  "zero_extra_regime": "FAIL",
  "support": {
    "generated_populations": 1200,
    "complete_populations": 470,
    "equal_count_complete_populations": 449,
    "membership_violations": []
  },
  "nav_residuals": {
    "prior_1000_both": 0.0,
    "same_day_transfer_20": 0.0,
    "cross_midnight": null,
    "flow_nan": null,
    "flow_none": null,
    "income_truncated": null,
    "equity_nan": "NaN",
    "equity_none": -100.0,
    "start_equity_none": 0.0,
    "valid_zero_start_deposit": -100.0
  }
}
