[fixed_live_calsimple] CAL=simple M=829 T=400 FTRIM=zero W3FIX=0.21,0,0.79
   2022: 2x ann -18.4% S -1.11 DD -22.7% worstM -9.1% n 2010 mean -0.4302 gross 0.888 | per-gross 2x ann -22.0% DD -26.6%
   2023: 2x ann -12.6% S -0.89 DD -21.1% worstM -10.5% n 2190 mean -0.2840 gross 0.871 | per-gross 2x ann -14.8% DD -24.3%
   2024: 2x ann -15.8% S -0.92 DD -26.4% worstM -11.2% n 2196 mean -0.3582 gross 0.846 | per-gross 2x ann -18.2% DD -31.3%
   2025: 2x ann +81.4% S +3.08 DD -13.6% worstM -9.0% n 2190 mean +1.4060 gross 0.753 | per-gross 2x ann +128.2% DD -16.9%
   2026: 2x ann +548.7% S +7.49 DD -13.1% worstM +0.6% n 1452 mean +4.3441 gross 0.771 | per-gross 2x ann +1006.9% DD -16.0%
   2023+: 2x ann +51.8% S +2.29 DD -42.1% worstM -11.2% n 8028
   2025-26: 2x ann +201.5% S +5.05 DD -13.6% worstM -9.0% n 3642
   2024-26: 2x ann +86.7% S +3.14 DD -35.1% worstM -11.2% n 5838
[fixed_live_callog] CAL=log M=829 T=400 FTRIM=zero W3FIX=0.21,0,0.79
   2022: 2x ann -6.4% S -0.32 DD -15.4% worstM -9.1% n 2010 mean -0.1203 gross 0.886 | per-gross 2x ann -7.4% DD -16.9%
   2023: 2x ann -16.2% S -1.20 DD -22.3% worstM -9.8% n 2190 mean -0.3807 gross 0.872 | per-gross 2x ann -18.9% DD -25.8%
   2024: 2x ann -25.6% S -1.68 DD -31.1% worstM -13.6% n 2196 mean -0.6421 gross 0.847 | per-gross 2x ann -29.1% DD -35.5%
   2025: 2x ann +11.3% S +0.67 DD -16.7% worstM -12.1% n 2190 mean +0.2844 gross 0.75 | per-gross 2x ann +17.7% DD -21.0%
   2026: 2x ann +174.8% S +4.21 DD -14.5% worstM -5.2% n 1452 mean +2.3780 gross 0.767 | per-gross 2x ann +268.8% DD -17.9%
   2023+: 2x ann +8.7% S +0.55 DD -51.5% worstM -13.6% n 8028
   2025-26: 2x ann +59.6% S +2.31 DD -16.7% worstM -12.1% n 3642
   2024-26: 2x ann +19.8% S +1.02 DD -41.4% worstM -13.6% n 5838
[armB_N400_FTRIM_fx_calsimple] CAL=simple M=400 T=0 FTRIM=zero W3FIX=0.21,0,0.79
   2022: 2x ann -18.6% S -1.13 DD -22.7% worstM -9.1% n 2010 mean -0.4356 gross 0.888 | per-gross 2x ann -22.2% DD -26.7%
   2023: 2x ann -12.3% S -0.86 DD -20.6% worstM -10.3% n 2190 mean -0.2764 gross 0.871 | per-gross 2x ann -14.4% DD -23.8%
   2024: 2x ann -15.5% S -0.91 DD -26.3% worstM -10.9% n 2196 mean -0.3523 gross 0.845 | per-gross 2x ann -18.2% DD -31.5%
   2025: 2x ann +61.8% S +2.39 DD -13.1% worstM -8.5% n 2190 mean +1.1488 gross 0.833 | per-gross 2x ann +73.0% DD -16.4%
   2026: 2x ann +406.7% S +6.39 DD -14.0% worstM -1.5% n 1452 mean +3.7831 gross 0.857 | per-gross 2x ann +566.1% DD -16.0%
   2023+: 2x ann +40.9% S +1.86 DD -41.3% worstM -10.9% n 8028
   2025-26: 2x ann +155.0% S +4.16 DD -14.0% worstM -8.5% n 3642
   2024-26: 2x ann +68.3% S +2.58 DD -34.6% worstM -10.9% n 5838
[armB_N400_FTRIM_fx_callog] CAL=log M=400 T=0 FTRIM=zero W3FIX=0.21,0,0.79
   2022: 2x ann -6.5% S -0.33 DD -15.4% worstM -9.1% n 2010 mean -0.1228 gross 0.886 | per-gross 2x ann -7.6% DD -16.9%
   2023: 2x ann -16.3% S -1.21 DD -22.4% worstM -9.8% n 2190 mean -0.3837 gross 0.872 | per-gross 2x ann -19.1% DD -25.9%
   2024: 2x ann -26.1% S -1.74 DD -31.3% worstM -13.2% n 2196 mean -0.6577 gross 0.845 | per-gross 2x ann -29.9% DD -36.0%
   2025: 2x ann +11.6% S +0.65 DD -16.1% worstM -11.4% n 2190 mean +0.2956 gross 0.829 | per-gross 2x ann +12.7% DD -20.3%
   2026: 2x ann +154.5% S +3.84 DD -15.1% worstM -6.6% n 1452 mean +2.2051 gross 0.853 | per-gross 2x ann +198.3% DD -17.3%
   2023+: 2x ann +7.0% S +0.46 DD -51.4% worstM -13.2% n 8028
   2025-26: 2x ann +55.0% S +2.09 DD -16.1% worstM -11.4% n 3642
   2024-26: 2x ann +17.3% S +0.89 DD -41.2% worstM -13.2% n 5838
[dyn_live_calsimple] CAL=simple M=829 T=400 FTRIM=zero W3FIX=None
   2022: 2x ann -5.5% S -0.27 DD -15.0% worstM -6.7% n 2010 mean -0.0995 gross 0.82 | per-gross 2x ann -8.8% DD -20.5%
   2023: 2x ann -12.9% S -0.98 DD -20.5% worstM -9.4% n 2190 mean -0.2949 gross 0.817 | per-gross 2x ann -15.7% DD -24.9%
   2024: 2x ann +9.2% S +0.75 DD -11.1% worstM -6.7% n 2196 mean +0.2195 gross 0.636 | per-gross 2x ann +23.6% DD -14.4%
   2025: 2x ann +68.7% S +3.38 DD -12.4% worstM -7.2% n 2190 mean +1.2226 gross 0.549 | per-gross 2x ann +121.6% DD -27.3%
   2026: 2x ann +523.2% S +7.63 DD -13.0% worstM +1.5% n 1452 mean +4.2467 gross 0.689 | per-gross 2x ann +1228.2% DD -17.2%
   2023+: 2x ann +58.4% S +2.88 DD -21.5% worstM -9.4% n 8028
   2025-26: 2x ann +184.0% S +5.39 DD -13.0% worstM -7.2% n 3642
   2024-26: 2x ann +98.2% S +4.00 DD -13.0% worstM -7.2% n 5838
[dyn_live_callog] CAL=log M=829 T=400 FTRIM=zero W3FIX=None
   2022: 2x ann +13.4% S +0.90 DD -9.1% worstM -6.9% n 2010 mean +0.3128 gross 0.819 | per-gross 2x ann +17.2% DD -12.5%
   2023: 2x ann -15.8% S -1.21 DD -20.8% worstM -9.6% n 2190 mean -0.3732 gross 0.837 | per-gross 2x ann -19.3% DD -25.1%
   2024: 2x ann +5.9% S +0.53 DD -15.2% worstM -7.1% n 2196 mean +0.1489 gross 0.602 | per-gross 2x ann +29.5% DD -19.7%
   2025: 2x ann +15.9% S +1.15 DD -8.3% worstM -5.9% n 2190 mean +0.3590 gross 0.531 | per-gross 2x ann +31.9% DD -15.9%
   2026: 2x ann +135.2% S +3.84 DD -14.4% worstM -5.9% n 1452 mean +2.0132 gross 0.779 | per-gross 2x ann +198.0% DD -17.5%
   2023+: 2x ann +17.8% S +1.14 DD -29.2% worstM -9.6% n 8028
   2025-26: 2x ann +53.7% S +2.48 DD -14.4% worstM -5.9% n 3642
   2024-26: 2x ann +33.6% S +1.88 DD -15.2% worstM -7.1% n 5838
