<!-- judge_gate_addendum3.py: n=10038 2022-01-31 00:00→2026-08-30 20:00; windows {'pre-2025': 6396, '2025-01/02': 354, 'FROZEN 2025-03->26<=cut': 3168, 'FULL 2025-01->26<=cut': 3522, '2025 full': 2190, '2026<=cut': 1332}; bootstrap UTC-day 2000 seed 20260905 -->
## AD3-1 · Levels per gross (bps/anchor); VERIFIED judge_gate_addendum3.json levels; NAV %/yr @2× = mean × 43.8; 2×DD %NAV = maxDD × 2/100
| arm | FPRED | seed | FROZEN [CI95] | S | maxDD (2×DD %NAV) | turn/gross | NAV %/yr @2× | FULL [CI95] | S | 2025-01/02 | 2025 full | 2026≤cut |
|---|---|---|---|---|---|---|---|---|---|---|---|---|
| yearly_s42 | (default f10_V2MAIN_s{FSEED}) | 42 | **+1.557** [+0.580, +2.498] | +2.57 | 1133 (22.7%) | 0.06442 | +68.2% | **+1.611** [+0.710, +2.535] | +2.69 | +2.088 | +0.651 | +3.189 |
| yearly_s2027 | (default f10_V2MAIN_s{FSEED}) | 2027 | **+1.622** [+0.683, +2.618] | +2.68 | 938 (18.8%) | 0.05945 | +71.1% | **+1.666** [+0.739, +2.495] | +2.78 | +2.058 | +0.768 | +3.143 |
| R0_s42 | f10_gate_mE1_R0_s42.npy | 42 | **+1.386** [+0.397, +2.367] | +2.26 | 1213 (24.3%) | 0.06381 | +60.7% | **+1.482** [+0.593, +2.448] | +2.44 | +2.342 | +0.567 | +2.986 |
| CONST42 | f10_gate_mE1c_R0_spl42.npy | 42 | **+1.442** [+0.526, +2.449] | +2.37 | 1112 (22.2%) | 0.06337 | +63.1% | **+1.509** [+0.589, +2.391] | +2.50 | +2.112 | +0.540 | +3.103 |
| FLOOR5 | f10_gate_mE1cF5_R0_spl42.npy | 42 | **+1.610** [+0.636, +2.535] | +2.69 | 870 (17.4%) | 0.05907 | +70.5% | **+1.660** [+0.786, +2.546] | +2.79 | +2.112 | +0.770 | +3.125 |
| FLOOR5_spl27 | f10_gate_mE1cF5_R0_spl27.npy | 2027 | **+1.610** [+0.687, +2.553] | +2.69 | 870 (17.4%) | 0.05907 | +70.5% | **+1.663** [+0.773, +2.589] | +2.80 | +2.140 | +0.774 | +3.125 |
| FIX7 | f10_gate_mE1cX7_R0_spl42.npy | 42 | **+1.708** [+0.769, +2.661] | +2.87 | 832 (16.6%) | 0.05910 | +74.8% | **+1.730** [+0.890, +2.597] | +2.93 | +1.920 | +0.798 | +3.263 |
| FIX7_spl27 | f10_gate_mE1cX7_R0_spl27.npy | 2027 | **+1.708** [+0.797, +2.665] | +2.87 | 832 (16.6%) | 0.05910 | +74.8% | **+1.732** [+0.898, +2.612] | +2.93 | +1.940 | +0.801 | +3.263 |

## AD3-2 · Paired Δ per gross (Δg = g_x − g_ref by anchor; UTC-day-block bootstrap; Δ [CI95] P(Δ>0)); VERIFIED judge_gate_addendum3.json deltas
| pair | pre-2025 | 2025-01/02 | 2025 full | 2026≤cut | **FROZEN 2025-03→26≤cut** | **FULL 2025-01→26≤cut** | ΔSharpe frozen/full | Δturn% | maxDD ref→x | Δ w/o best month (frozen) |
|---|---|---|---|---|---|---|---|---|---|---|
| FLOOR5 − yearly_s42 [primary] | +0.000 [+0.000,+0.000] P0.00 (=0) | +0.024 [-0.606,+0.674] P0.52 | +0.119 [-0.140,+0.378] P0.82 | -0.064 [-0.289,+0.124] P0.27 | **+0.053 [-0.133,+0.225] P0.73** | **+0.050 [-0.126,+0.227] P0.71** | +0.119 / +0.104 | -8.3% | 1133→870 | -0.029 [-0.188,+0.138] (best 202504 +252) |
| FLOOR5 − CONST42 [primary] | +0.000 [+0.000,+0.000] P0.00 (=0) | +0.000 [+0.000,+0.000] P0.00 (=0) | +0.230 [+0.058,+0.399] P1.00 | +0.022 [-0.080,+0.131] P0.65 | **+0.168 [+0.049,+0.293] P0.99** | **+0.151 [+0.034,+0.261] P0.99** | +0.316 / +0.288 | -6.8% | 1112→870 | +0.124 [+0.021,+0.239] (best 202504 +162) |
| FIX7 − yearly_s42 [primary] | +0.000 [+0.000,+0.000] P0.00 (=0) | -0.167 [-0.962,+0.627] P0.34 | +0.147 [-0.136,+0.460] P0.84 | +0.074 [-0.083,+0.237] P0.81 | **+0.151 [-0.048,+0.353] P0.93** | **+0.119 [-0.087,+0.326] P0.89** | +0.301 / +0.242 | -8.3% | 1133→832 | +0.055 [-0.134,+0.239] (best 202504 +314) |
| FIX7 − CONST42 [primary] | +0.000 [+0.000,+0.000] P0.00 (=0) | -0.191 [-0.639,+0.296] P0.20 | +0.258 [-0.004,+0.508] P0.97 | +0.160 [-0.043,+0.400] P0.93 | **+0.267 [+0.083,+0.462] P1.00** | **+0.221 [+0.035,+0.415] P0.99** | +0.498 / +0.426 | -6.7% | 1112→832 | +0.208 [+0.034,+0.395] (best 202504 +224) |
| FLOOR5(spl27) − yearly_s2027 | +0.000 [+0.000,+0.000] P0.00 (=0) | +0.083 [-0.516,+0.661] P0.60 | +0.007 [-0.202,+0.205] P0.53 | -0.018 [-0.153,+0.116] P0.40 | **-0.012 [-0.158,+0.125] P0.41** | **-0.003 [-0.143,+0.129] P0.48** | +0.010 / +0.018 | -0.6% | 938→870 | -0.050 [-0.176,+0.073] (best 202504 +112) |
| FIX7(spl27) − yearly_s2027 | +0.000 [+0.000,+0.000] P0.00 (=0) | -0.118 [-0.701,+0.409] P0.34 | +0.033 [-0.219,+0.280] P0.59 | +0.120 [-0.046,+0.312] P0.91 | **+0.086 [-0.089,+0.272] P0.83** | **+0.066 [-0.099,+0.241] P0.78** | +0.192 / +0.154 | -0.6% | 938→832 | +0.033 [-0.123,+0.193] (best 202504 +173) |
| FLOOR5 − R0(mE1,s42) | +0.000 [+0.000,+0.000] P0.00 (=0) | -0.231 [-0.787,+0.298] P0.21 | +0.203 [-0.038,+0.465] P0.95 | +0.139 [-0.045,+0.335] P0.92 | **+0.224 [+0.046,+0.407] P0.99** | **+0.178 [+0.004,+0.360] P0.98** | +0.428 / +0.351 | -7.4% | 1213→870 | +0.153 [+0.003,+0.310] (best 202504 +252) |
| FIX7 − R0(mE1,s42) | +0.000 [+0.000,+0.000] P0.00 (=0) | -0.422 [-1.169,+0.322] P0.12 | +0.231 [-0.085,+0.572] P0.93 | +0.276 [+0.087,+0.497] P1.00 | **+0.323 [+0.086,+0.550] P1.00** | **+0.248 [+0.032,+0.471] P0.99** | +0.610 / +0.489 | -7.4% | 1213→832 | +0.237 [+0.042,+0.437] (best 202504 +314) |
| FLOOR5 − FIX7 | +0.000 [+0.000,+0.000] P0.00 (=0) | +0.191 [-0.246,+0.662] P0.78 | -0.028 [-0.215,+0.157] P0.38 | -0.138 [-0.330,+0.024] P0.05 | **-0.099 [-0.243,+0.034] P0.07** | **-0.069 [-0.213,+0.072] P0.16** | -0.182 / -0.138 | -0.1% | 832→870 | -0.113 [-0.260,+0.035] (best 202509 +24) |
| CONST42 − yearly_s42 [§11 reference] | +0.000 [+0.000,+0.000] P0.00 (=0) | +0.024 [-0.603,+0.686] P0.51 | -0.111 [-0.326,+0.108] P0.16 | -0.086 [-0.340,+0.136] P0.26 | **-0.116 [-0.289,+0.044] P0.08** | **-0.102 [-0.275,+0.062] P0.12** | -0.197 / -0.184 | -1.6% | 1133→1112 | -0.153 [-0.321,+0.009] (best 202504 +90) |

## AD3-3 · Frozen reading (PREREG §3): (A) some arm: ARM − yearly_s42 CI ∋ 0 ∧ Δ ≥ −0.05 ∧ ARM − CONST42 CI lower > 0; (B) both arms ARM − yearly_s42 CI upper < 0; (C) otherwise
| window | FLOOR5 − yearly | FLOOR5 − CONST | FLOOR5 (A)? | FIX7 − yearly | FIX7 − CONST | FIX7 (A)? | (A) | (B) | verdict |
|---|---|---|---|---|---|---|---|---|---|
| FROZEN 2025-03->26<=cut | +0.053 [-0.133,+0.225] | +0.168 [+0.049,+0.293] | True | +0.151 [-0.048,+0.353] | +0.267 [+0.083,+0.462] | True | True | False | **(A) 早停是主因 ⇒ 冻结候选撤回, 改立'月度重训 + best-epoch 规则修正'候选(仍需影子/第二仪器再验, 不直接部署)** |
| FULL 2025-01->26<=cut | +0.050 [-0.126,+0.227] | +0.151 [+0.034,+0.261] | True | +0.119 [-0.087,+0.326] | +0.221 [+0.035,+0.415] | True | True | False | **(A) 早停是主因 ⇒ 冻结候选撤回, 改立'月度重训 + best-epoch 规则修正'候选(仍需影子/第二仪器再验, 不直接部署)** |

## AD3-4 · Score level: per-anchor rank IC (same anchor set); ΔIC with UTC-day-block bootstrap
| window | IC FLOOR5 | IC FIX7 | IC CONST | IC R0 s42 | IC yearly s42 | ΔIC FLOOR5−yearly | ΔIC FIX7−yearly | ΔIC FLOOR5−CONST | ΔIC FIX7−CONST |
|---|---|---|---|---|---|---|---|---|---|
| FROZEN 2025-03->26<=cut (n=3168) | +0.0241 | +0.0218 | +0.0206 | +0.0202 | +0.0191 | +0.0050 [+0.0028,+0.0071] | +0.0027 [+0.0006,+0.0050] | +0.0034 [+0.0018,+0.0051] | +0.0012 [-0.0009,+0.0031] |
| FULL 2025-01->26<=cut (n=3522) | +0.0226 | +0.0200 | +0.0195 | +0.0197 | +0.0187 | +0.0039 [+0.0019,+0.0059] | +0.0013 [-0.0010,+0.0036] | +0.0031 [+0.0015,+0.0046] | +0.0005 [-0.0014,+0.0025] |
===== §12 READING [FROZEN 2025-03->26<=cut]: FLOOR5−yearly +0.0526 [-0.1335,+0.2252] FLOOR5−CONST +0.1684 [+0.0487,+0.2930] | FIX7−yearly +0.1512 [-0.0481,+0.3530] FIX7−CONST +0.2669 [+0.0827,+0.4619] ⇒ (A) 早停是主因 ⇒ 冻结候选撤回, 改立'月度重训 + best-epoch 规则修正'候选(仍需影子/第二仪器再验, 不直接部署)
===== §12 READING [FULL 2025-01->26<=cut]: FLOOR5−yearly +0.0498 [-0.1264,+0.2268] FLOOR5−CONST +0.1515 [+0.0343,+0.2608] | FIX7−yearly +0.1191 [-0.0867,+0.3263] FIX7−CONST +0.2209 [+0.0349,+0.4151] ⇒ (A) 早停是主因 ⇒ 冻结候选撤回, 改立'月度重训 + best-epoch 规则修正'候选(仍需影子/第二仪器再验, 不直接部署)
ADDENDUM3_JUDGE_DONE
