| fold | shard | rule | best_ep | argmax(va) unrestricted | va@best | va max | n_train | net bps | ES5 | turnover | α* | wall s | .pt sha |
|---|---|---|---|---|---|---|---|---|---|---|---|---|---|
| 202501 | shard0 | fix7 | 7 | 6 | -3.905 | -3.109 | 6563 | +0.194 | 18.84 | 0.0703 | 0.0965 | 736 | 307bb9baf5af |
| 202502 | shard1 | fix7 | 7 | 5 | -3.957 | -3.299 | 6749 | -0.025 | 37.92 | 0.0687 | 0.0965 | 752 | aa00fdf50b13 |
| 202503 | shard2 | fix7 | 7 | 4 | -5.598 | -4.011 | 6917 | +1.117 | 18.91 | 0.0709 | 0.0964 | 768 | 2064cb78425f |
| 202504 | shard3 | fix7 | 7 | 2 | -6.221 | -3.783 | 7103 | +1.442 | 20.48 | 0.0724 | 0.0960 | 790 | f9e1c571beaa |
| 202505 | shard0 | fix7 | 7 | 1 | -4.426 | -3.002 | 7283 | +0.520 | 12.96 | 0.0755 | 0.0958 | 1062 | 71241b54cfa8 |
| 202506 | shard1 | fix7 | 7 | 2 | -6.056 | -3.336 | 7469 | +0.366 | 21.32 | 0.0721 | 0.0957 | 1099 | 1234434400db |
| 202507 | shard2 | fix7 | 7 | 2 | -6.375 | -4.327 | 7649 | +0.721 | 26.99 | 0.0658 | 0.0944 | 1116 | 8f7a8af44022 |
| 202508 | shard3 | fix7 | 7 | 4 | -4.795 | -3.734 | 7835 | -0.429 | 17.19 | 0.0693 | 0.0948 | 1157 | c1f364a2c0d6 |
| 202509 | shard0 | fix7 | 7 | 5 | -4.195 | -3.728 | 8021 | +2.382 | 28.34 | 0.0512 | 0.0948 | 931 | 4e30554ef866 |
| 202510 | shard1 | fix7 | 7 | 5 | -4.158 | -3.817 | 8201 | +6.248 | 47.68 | 0.0274 | 0.0943 | 941 | d1f818f88ae7 |
| 202511 | shard2 | fix7 | 7 | 10 | -5.210 | -4.933 | 8387 | +1.082 | 53.58 | 0.0141 | 0.0933 | 955 | a5a9b1774fce |
| 202512 | shard3 | fix7 | 7 | 11 | -7.308 | -7.076 | 8567 | +0.598 | 39.66 | 0.0192 | 0.0939 | 964 | ba91536e37b5 |
| 202601 | shard0 | fix7 | 7 | 12 | -7.984 | -7.870 | 8753 | +1.329 | 36.79 | 0.0270 | 0.0940 | 965 | 5763739cb2cc |
| 202602 | shard1 | fix7 | 7 | 6 | -8.017 | -7.984 | 8939 | +3.690 | 29.73 | 0.0389 | 0.0948 | 983 | be2d88121b4c |
| 202603 | shard2 | fix7 | 7 | 11 | -7.914 | -7.812 | 9107 | +3.175 | 24.40 | 0.0549 | 0.0940 | 1003 | 6555f7eab2d4 |
| 202604 | shard3 | fix7 | 7 | 3 | -7.603 | -7.430 | 9293 | +6.066 | 40.02 | 0.0530 | 0.0935 | 1030 | 44ceb0ad4caa |
| 202605 | shard0 | fix7 | 7 | 3 | -7.000 | -6.974 | 9473 | +2.740 | 35.25 | 0.0429 | 0.0931 | 1053 | 34637aac2fa8 |
| 202606 | shard1 | fix7 | 7 | 3 | -6.899 | -6.875 | 9659 | +5.795 | 51.37 | 0.0362 | 0.0934 | 1050 | df60faa29e76 |
| 202607 | shard2 | fix7 | 7 | 7 | -7.061 | -7.061 | 9839 | +4.444 | 41.48 | 0.0390 | 0.0933 | 1028 | 462faefba050 |
| 202608 | shard3 | fix7 | 7 | 4 | -6.415 | -6.322 | 10025 | -0.118 | 46.65 | 0.0366 | 0.0929 | 978 | a5fc46b49d9f |
stitched /workspace/review_scratch/allweather_trackB/earlystop/FIX7/preds/f10_V2MAIN_mE1cX7_s42.npy sha 3cf0aa675db2e080 finite rows 3642 net_mean_all +2.067; best_ep list [7, 7, 7, 7, 7, 7, 7, 7, 7, 7, 7, 7, 7, 7, 7, 7, 7, 7, 7, 7]; folds where the rule changed the epoch vs unrestricted argmax: 19/20
vs CONST stitched: finite rows equal True, cells equal True; per-anchor rank corr FIX7 vs CONST: mean +0.855 median +0.881 p10 +0.689 (n=3642)
spl42: /workspace/review_scratch/allweather_trackB/replay/dev_alt/f8_2026-08-22/preds/f10_gate_mE1cX7_R0_spl42.npy sha 44a4f0d6cf5acc61
spl27: /workspace/review_scratch/allweather_trackB/replay/dev_alt/f8_2026-08-22/preds/f10_gate_mE1cX7_R0_spl27.npy sha 7f3a97b72f5c44c7
coverage {'202501': '186/186', '202502': '168/168', '202503': '186/186', '202504': '180/180', '202505': '186/186', '202506': '180/180', '202507': '186/186', '202508': '186/186', '202509': '180/180', '202510': '186/186', '202511': '180/180', '202512': '186/186', '202601': '186/186', '202602': '168/168', '202603': '186/186', '202604': '180/180', '202605': '186/186', '202606': '180/180', '202607': '186/186', '202608': '180/180'}
MERGE_DONE FIX7
