| fold | shard | rule | best_ep | argmax(va) unrestricted | va@best | va max | n_train | net bps | ES5 | turnover | α* | wall s | .pt sha |
|---|---|---|---|---|---|---|---|---|---|---|---|---|---|
| 202501 | shard0 | floor5 | 6 | 6 | -3.109 | -3.109 | 6563 | +0.229 | 22.94 | 0.0742 | 0.0966 | 736 | 7fdc5fd13c25 |
| 202502 | shard1 | floor5 | 5 | 5 | -3.299 | -3.299 | 6749 | -0.185 | 29.08 | 0.0752 | 0.0969 | 751 | e49db8be5731 |
| 202503 | shard2 | floor5 | 6 | 4 | -4.105 | -4.011 | 6917 | +0.905 | 17.57 | 0.0735 | 0.0966 | 768 | 1daf62386ba2 |
| 202504 | shard3 | floor5 | 8 | 2 | -4.579 | -3.783 | 7103 | +0.376 | 22.34 | 0.0707 | 0.0958 | 791 | 8e4cd6178282 |
| 202505 | shard0 | floor5 | 7 | 1 | -4.426 | -3.002 | 7283 | +0.520 | 12.96 | 0.0755 | 0.0958 | 1062 | 4b454f587f83 |
| 202506 | shard1 | floor5 | 5 | 2 | -3.787 | -3.336 | 7469 | +0.443 | 12.74 | 0.0773 | 0.0962 | 1096 | 632d1e00748d |
| 202507 | shard2 | floor5 | 5 | 2 | -4.474 | -4.327 | 7649 | +1.124 | 24.34 | 0.0698 | 0.0949 | 1119 | 422e1672f6ab |
| 202508 | shard3 | floor5 | 5 | 4 | -3.996 | -3.734 | 7835 | -0.477 | 16.01 | 0.0743 | 0.0954 | 1162 | ce851c08a471 |
| 202509 | shard0 | floor5 | 5 | 5 | -3.728 | -3.728 | 8021 | +2.394 | 27.74 | 0.0547 | 0.0954 | 931 | 817d3f0a03e5 |
| 202510 | shard1 | floor5 | 5 | 5 | -3.817 | -3.817 | 8201 | +6.226 | 49.74 | 0.0278 | 0.0949 | 942 | e8bec48c75ba |
| 202511 | shard2 | floor5 | 10 | 10 | -4.933 | -4.933 | 8387 | +1.082 | 53.58 | 0.0141 | 0.0930 | 953 | fed02badf42d |
| 202512 | shard3 | floor5 | 11 | 11 | -7.076 | -7.076 | 8567 | +0.598 | 39.65 | 0.0191 | 0.0935 | 962 | 2d6c46807bca |
| 202601 | shard0 | floor5 | 12 | 12 | -7.870 | -7.870 | 8753 | +1.329 | 36.77 | 0.0269 | 0.0937 | 966 | cd4fe9859a69 |
| 202602 | shard1 | floor5 | 6 | 6 | -7.984 | -7.984 | 8939 | +3.716 | 29.69 | 0.0389 | 0.0950 | 984 | 6ac3a65848b5 |
| 202603 | shard2 | floor5 | 11 | 11 | -7.812 | -7.812 | 9107 | +3.361 | 24.43 | 0.0535 | 0.0936 | 1004 | f03f05c39966 |
| 202604 | shard3 | floor5 | 8 | 3 | -7.482 | -7.430 | 9293 | +5.950 | 40.00 | 0.0559 | 0.0934 | 1030 | 403d99748b2e |
| 202605 | shard0 | floor5 | 11 | 3 | -6.976 | -6.974 | 9473 | +2.802 | 36.06 | 0.0411 | 0.0927 | 1053 | 36a4a2beac11 |
| 202606 | shard1 | floor5 | 7 | 3 | -6.899 | -6.875 | 9659 | +5.795 | 51.37 | 0.0362 | 0.0934 | 1050 | 12ef169d8a49 |
| 202607 | shard2 | floor5 | 7 | 7 | -7.061 | -7.061 | 9839 | +4.444 | 41.48 | 0.0390 | 0.0933 | 1027 | 9d94b8f1a039 |
| 202608 | shard3 | floor5 | 5 | 4 | -6.347 | -6.322 | 10025 | -0.182 | 46.49 | 0.0389 | 0.0935 | 976 | e7139ef69089 |
stitched /workspace/review_scratch/allweather_trackB/earlystop/FLOOR5/preds/f10_V2MAIN_mE1cF5_s42.npy sha f93025bd4db4ac1c finite rows 3642 net_mean_all +2.022; best_ep list [6, 5, 6, 8, 7, 5, 5, 5, 5, 5, 10, 11, 12, 6, 11, 8, 11, 7, 7, 5]; folds where the rule changed the epoch vs unrestricted argmax: 10/20
vs CONST stitched: finite rows equal True, cells equal True; per-anchor rank corr FLOOR5 vs CONST: mean +0.900 median +0.987 p10 +0.604 (n=3642)
spl42: /workspace/review_scratch/allweather_trackB/replay/dev_alt/f8_2026-08-22/preds/f10_gate_mE1cF5_R0_spl42.npy sha 0e9850b69ddf7922
spl27: /workspace/review_scratch/allweather_trackB/replay/dev_alt/f8_2026-08-22/preds/f10_gate_mE1cF5_R0_spl27.npy sha e02cce6c38838c84
coverage {'202501': '186/186', '202502': '168/168', '202503': '186/186', '202504': '180/180', '202505': '186/186', '202506': '180/180', '202507': '186/186', '202508': '186/186', '202509': '180/180', '202510': '186/186', '202511': '180/180', '202512': '186/186', '202601': '186/186', '202602': '168/168', '202603': '186/186', '202604': '180/180', '202605': '186/186', '202606': '180/180', '202607': '186/186', '202608': '180/180'}
MERGE_DONE FLOOR5
