[   15.6s] rows 2745557 cols 171 anchors 10206 med|y| 0.00894
[   18.5s] MWF start tag mE1cX7 embargo 1 months [202501, 202505, 202509, 202601, 202605] base_sha 93cc2cdf925a self_sha 55ee8382deec torch 2.11.0+cu128 gpu NVIDIA RTX PRO 4500 Blackwell
[   18.5s] CAUSALITY ASSERT mE1cX7 202501: n_train 6563 max_train_idx 6562 (2024-12-31 16:00) max_train_label_end 2024-12-31 20:00 <= cutoff 2024-12-31 20:00 (= first_test 2025-01-01 00:00 - 1 anchors) OK
/workspace/review_scratch/allweather_trackB/pod_f10_train_monthly_earlystop.py:375: UserWarning: Converting a tensor with requires_grad=True to a scalar may lead to unexpected behavior.
Consider using tensor.detach() first. (Triggered internally at /pytorch/torch/csrc/autograd/generated/python_variable_methods.cpp:836.)
  al = float(mdl.alpha()); va_curve.append(round(va, 4)); alist.append(round(al, 4)); ep_s.append(round(time.time() - t0, 1))
[   77.5s] [mE1cX7 202501] ep0 va -4.859 α 0.099 τ 0.50 (49s)
[  124.9s] [mE1cX7 202501] ep1 va -3.984 α 0.099 τ 0.47 (47s)
[  172.7s] [mE1cX7 202501] ep2 va -3.215 α 0.098 τ 0.44 (48s)
[  220.1s] [mE1cX7 202501] ep3 va -4.287 α 0.097 τ 0.41 (47s)
[  268.0s] [mE1cX7 202501] ep4 va -3.383 α 0.097 τ 0.39 (48s)
[  315.4s] [mE1cX7 202501] ep5 va -3.652 α 0.097 τ 0.36 (47s)
[  363.2s] [mE1cX7 202501] ep6 va -3.109 α 0.097 τ 0.33 (48s)
[  410.8s] [mE1cX7 202501] ep7 va -3.905 α 0.096 τ 0.30 (48s)
[  458.4s] [mE1cX7 202501] ep8 va -3.241 α 0.096 τ 0.27 (48s)
[  506.1s] [mE1cX7 202501] ep9 va -3.787 α 0.096 τ 0.24 (48s)
[  554.0s] [mE1cX7 202501] ep10 va -3.703 α 0.096 τ 0.21 (48s)
[  614.0s] [mE1cX7 202501] ep11 va -3.703 α 0.096 τ 0.19 (60s)
[  669.5s] [mE1cX7 202501] ep12 va -3.983 α 0.096 τ 0.16 (55s)
[  717.1s] [mE1cX7 202501] ep13 va -3.640 α 0.096 τ 0.13 (48s)
[  764.5s] [mE1cX7 202501] ep14 va -3.662 α 0.096 τ 0.10 (47s)
[  775.1s] == mE1cX7 202501: net +0.194 bps/锚 ES5 18.84 换手 0.0703 α* 0.0965 best_ep 7 wall 736s
[  775.1s] CAUSALITY ASSERT mE1cX7 202505: n_train 7283 max_train_idx 7282 (2025-04-30 16:00) max_train_label_end 2025-04-30 20:00 <= cutoff 2025-04-30 20:00 (= first_test 2025-05-01 00:00 - 1 anchors) OK
[  823.5s] [mE1cX7 202505] ep0 va -4.623 α 0.099 τ 0.50 (48s)
[  875.5s] [mE1cX7 202505] ep1 va -3.002 α 0.099 τ 0.47 (52s)
[  928.5s] [mE1cX7 202505] ep2 va -3.664 α 0.098 τ 0.44 (53s)
[  981.6s] [mE1cX7 202505] ep3 va -3.883 α 0.097 τ 0.41 (53s)
[ 1037.5s] [mE1cX7 202505] ep4 va -4.661 α 0.097 τ 0.39 (56s)
[ 1091.7s] [mE1cX7 202505] ep5 va -4.678 α 0.096 τ 0.36 (54s)
[ 1180.9s] [mE1cX7 202505] ep6 va -4.712 α 0.096 τ 0.33 (89s)
[ 1284.9s] [mE1cX7 202505] ep7 va -4.426 α 0.096 τ 0.30 (104s)
[ 1389.3s] [mE1cX7 202505] ep8 va -4.522 α 0.096 τ 0.27 (104s)
[ 1480.8s] [mE1cX7 202505] ep9 va -6.411 α 0.096 τ 0.24 (92s)
[ 1559.0s] [mE1cX7 202505] ep10 va -5.583 α 0.096 τ 0.21 (78s)
[ 1625.3s] [mE1cX7 202505] ep11 va -6.035 α 0.096 τ 0.19 (66s)
[ 1692.7s] [mE1cX7 202505] ep12 va -5.488 α 0.096 τ 0.16 (67s)
[ 1765.5s] [mE1cX7 202505] ep13 va -5.333 α 0.096 τ 0.13 (73s)
[ 1837.2s] [mE1cX7 202505] ep14 va -5.475 α 0.096 τ 0.10 (72s)
[ 1849.5s] == mE1cX7 202505: net +0.520 bps/锚 ES5 12.96 换手 0.0755 α* 0.0958 best_ep 7 wall 1062s
[ 1849.6s] CAUSALITY ASSERT mE1cX7 202509: n_train 8021 max_train_idx 8020 (2025-08-31 16:00) max_train_label_end 2025-08-31 20:00 <= cutoff 2025-08-31 20:00 (= first_test 2025-09-01 00:00 - 1 anchors) OK
[ 1924.1s] [mE1cX7 202509] ep0 va -4.020 α 0.099 τ 0.50 (74s)
[ 1996.1s] [mE1cX7 202509] ep1 va -3.752 α 0.098 τ 0.47 (72s)
[ 2071.2s] [mE1cX7 202509] ep2 va -5.124 α 0.097 τ 0.44 (75s)
[ 2135.7s] [mE1cX7 202509] ep3 va -4.023 α 0.096 τ 0.41 (64s)
[ 2194.3s] [mE1cX7 202509] ep4 va -4.172 α 0.096 τ 0.39 (59s)
[ 2253.1s] [mE1cX7 202509] ep5 va -3.728 α 0.095 τ 0.36 (59s)
[ 2311.9s] [mE1cX7 202509] ep6 va -4.937 α 0.095 τ 0.33 (59s)
[ 2370.5s] [mE1cX7 202509] ep7 va -4.195 α 0.095 τ 0.30 (59s)
[ 2429.2s] [mE1cX7 202509] ep8 va -3.863 α 0.095 τ 0.27 (59s)
[ 2487.8s] [mE1cX7 202509] ep9 va -3.908 α 0.095 τ 0.24 (59s)
[ 2546.6s] [mE1cX7 202509] ep10 va -4.062 α 0.095 τ 0.21 (59s)
[ 2605.1s] [mE1cX7 202509] ep11 va -3.965 α 0.095 τ 0.19 (59s)
[ 2663.7s] [mE1cX7 202509] ep12 va -4.134 α 0.094 τ 0.16 (59s)
[ 2722.2s] [mE1cX7 202509] ep13 va -3.942 α 0.094 τ 0.13 (58s)
[ 2780.9s] [mE1cX7 202509] ep14 va -3.978 α 0.094 τ 0.10 (59s)
[ 2788.2s] == mE1cX7 202509: net +2.382 bps/锚 ES5 28.34 换手 0.0512 α* 0.0948 best_ep 7 wall 931s
[ 2788.2s] CAUSALITY ASSERT mE1cX7 202601: n_train 8753 max_train_idx 8752 (2025-12-31 16:00) max_train_label_end 2025-12-31 20:00 <= cutoff 2025-12-31 20:00 (= first_test 2026-01-01 00:00 - 1 anchors) OK
[ 2851.0s] [mE1cX7 202601] ep0 va -8.141 α 0.099 τ 0.50 (63s)
[ 2914.2s] [mE1cX7 202601] ep1 va -8.090 α 0.098 τ 0.47 (63s)
[ 2977.5s] [mE1cX7 202601] ep2 va -8.091 α 0.097 τ 0.44 (63s)
[ 3042.2s] [mE1cX7 202601] ep3 va -8.006 α 0.096 τ 0.41 (65s)
[ 3107.0s] [mE1cX7 202601] ep4 va -8.035 α 0.095 τ 0.39 (65s)
[ 3172.0s] [mE1cX7 202601] ep5 va -8.175 α 0.095 τ 0.36 (65s)
[ 3236.9s] [mE1cX7 202601] ep6 va -7.946 α 0.094 τ 0.33 (65s)
[ 3301.4s] [mE1cX7 202601] ep7 va -7.984 α 0.094 τ 0.30 (65s)
[ 3366.0s] [mE1cX7 202601] ep8 va -8.058 α 0.094 τ 0.27 (65s)
[ 3430.6s] [mE1cX7 202601] ep9 va -7.990 α 0.094 τ 0.24 (65s)
[ 3495.2s] [mE1cX7 202601] ep10 va -7.871 α 0.094 τ 0.21 (65s)
[ 3560.0s] [mE1cX7 202601] ep11 va -7.874 α 0.094 τ 0.19 (65s)
[ 3624.4s] [mE1cX7 202601] ep12 va -7.870 α 0.094 τ 0.16 (64s)
[ 3689.0s] [mE1cX7 202601] ep13 va -7.908 α 0.094 τ 0.13 (65s)
[ 3753.6s] [mE1cX7 202601] ep14 va -7.912 α 0.094 τ 0.10 (65s)
[ 3759.2s] == mE1cX7 202601: net +1.329 bps/锚 ES5 36.79 换手 0.0270 α* 0.094 best_ep 7 wall 965s
[ 3759.2s] CAUSALITY ASSERT mE1cX7 202605: n_train 9473 max_train_idx 9472 (2026-04-30 16:00) max_train_label_end 2026-04-30 20:00 <= cutoff 2026-04-30 20:00 (= first_test 2026-05-01 00:00 - 1 anchors) OK
[ 3829.3s] [mE1cX7 202605] ep0 va -7.099 α 0.098 τ 0.50 (70s)
[ 3898.6s] [mE1cX7 202605] ep1 va -7.015 α 0.097 τ 0.47 (69s)
[ 3968.1s] [mE1cX7 202605] ep2 va -7.010 α 0.096 τ 0.44 (70s)
[ 4037.4s] [mE1cX7 202605] ep3 va -6.974 α 0.095 τ 0.41 (69s)
[ 4107.8s] [mE1cX7 202605] ep4 va -7.117 α 0.094 τ 0.39 (70s)
[ 4178.2s] [mE1cX7 202605] ep5 va -6.990 α 0.094 τ 0.36 (70s)
[ 4248.8s] [mE1cX7 202605] ep6 va -7.103 α 0.093 τ 0.33 (71s)
[ 4318.9s] [mE1cX7 202605] ep7 va -7.000 α 0.093 τ 0.30 (70s)
[ 4389.4s] [mE1cX7 202605] ep8 va -7.121 α 0.093 τ 0.27 (70s)
[ 4459.7s] [mE1cX7 202605] ep9 va -7.025 α 0.093 τ 0.24 (70s)
[ 4530.5s] [mE1cX7 202605] ep10 va -7.066 α 0.093 τ 0.21 (71s)
[ 4600.8s] [mE1cX7 202605] ep11 va -6.976 α 0.093 τ 0.19 (70s)
[ 4671.4s] [mE1cX7 202605] ep12 va -7.023 α 0.093 τ 0.16 (71s)
[ 4742.0s] [mE1cX7 202605] ep13 va -7.049 α 0.093 τ 0.13 (71s)
[ 4812.3s] [mE1cX7 202605] ep14 va -7.029 α 0.093 τ 0.10 (70s)
[ 4816.0s] == mE1cX7 202605: net +2.740 bps/锚 ES5 35.25 换手 0.0429 α* 0.0931 best_ep 7 wall 1053s
[ 4816.1s] MWF_TRAIN_DONE mE1cX7 s42 folds 5 月均净 +1.433 bps/锚(训练帧, 非终审)
