[   15.6s] rows 2745557 cols 171 anchors 10206 med|y| 0.00894
[   18.5s] MWF start tag mE1cX7 embargo 1 months [202504, 202508, 202512, 202604, 202608] base_sha 93cc2cdf925a self_sha 55ee8382deec torch 2.11.0+cu128 gpu NVIDIA RTX PRO 4500 Blackwell
[   18.5s] CAUSALITY ASSERT mE1cX7 202504: n_train 7103 max_train_idx 7102 (2025-03-31 16:00) max_train_label_end 2025-03-31 20:00 <= cutoff 2025-03-31 20:00 (= first_test 2025-04-01 00:00 - 1 anchors) OK
/workspace/review_scratch/allweather_trackB/pod_f10_train_monthly_earlystop.py:375: UserWarning: Converting a tensor with requires_grad=True to a scalar may lead to unexpected behavior.
Consider using tensor.detach() first. (Triggered internally at /pytorch/torch/csrc/autograd/generated/python_variable_methods.cpp:836.)
  al = float(mdl.alpha()); va_curve.append(round(va, 4)); alist.append(round(al, 4)); ep_s.append(round(time.time() - t0, 1))
[   81.2s] [mE1cX7 202504] ep0 va -4.710 α 0.100 τ 0.50 (52s)
[  132.6s] [mE1cX7 202504] ep1 va -4.069 α 0.099 τ 0.47 (51s)
[  184.6s] [mE1cX7 202504] ep2 va -3.783 α 0.098 τ 0.44 (52s)
[  236.4s] [mE1cX7 202504] ep3 va -4.719 α 0.097 τ 0.41 (52s)
[  288.3s] [mE1cX7 202504] ep4 va -5.829 α 0.097 τ 0.39 (52s)
[  339.6s] [mE1cX7 202504] ep5 va -5.403 α 0.096 τ 0.36 (51s)
[  391.5s] [mE1cX7 202504] ep6 va -5.698 α 0.096 τ 0.33 (52s)
[  442.8s] [mE1cX7 202504] ep7 va -6.221 α 0.096 τ 0.30 (51s)
[  494.4s] [mE1cX7 202504] ep8 va -4.579 α 0.096 τ 0.27 (52s)
[  546.4s] [mE1cX7 202504] ep9 va -5.414 α 0.096 τ 0.24 (52s)
[  609.6s] [mE1cX7 202504] ep10 va -5.798 α 0.096 τ 0.21 (63s)
[  670.5s] [mE1cX7 202504] ep11 va -5.788 α 0.096 τ 0.19 (61s)
[  722.1s] [mE1cX7 202504] ep12 va -5.986 α 0.096 τ 0.16 (52s)
[  772.3s] [mE1cX7 202504] ep13 va -5.480 α 0.096 τ 0.13 (50s)
[  819.2s] [mE1cX7 202504] ep14 va -5.665 α 0.096 τ 0.10 (47s)
[  828.5s] == mE1cX7 202504: net +1.442 bps/锚 ES5 20.48 换手 0.0724 α* 0.096 best_ep 7 wall 791s
[  828.5s] CAUSALITY ASSERT mE1cX7 202508: n_train 7835 max_train_idx 7834 (2025-07-31 16:00) max_train_label_end 2025-07-31 20:00 <= cutoff 2025-07-31 20:00 (= first_test 2025-08-01 00:00 - 1 anchors) OK
[  886.2s] [mE1cX7 202508] ep0 va -6.327 α 0.099 τ 0.50 (58s)
[  943.8s] [mE1cX7 202508] ep1 va -4.018 α 0.098 τ 0.47 (58s)
[ 1002.3s] [mE1cX7 202508] ep2 va -4.320 α 0.097 τ 0.44 (58s)
[ 1061.6s] [mE1cX7 202508] ep3 va -4.341 α 0.096 τ 0.41 (59s)
[ 1131.5s] [mE1cX7 202508] ep4 va -3.734 α 0.096 τ 0.39 (70s)
[ 1240.5s] [mE1cX7 202508] ep5 va -3.996 α 0.095 τ 0.36 (109s)
[ 1346.7s] [mE1cX7 202508] ep6 va -4.836 α 0.095 τ 0.33 (106s)
[ 1456.3s] [mE1cX7 202508] ep7 va -4.795 α 0.095 τ 0.30 (110s)
[ 1542.7s] [mE1cX7 202508] ep8 va -4.035 α 0.095 τ 0.27 (86s)
[ 1618.6s] [mE1cX7 202508] ep9 va -5.103 α 0.095 τ 0.24 (76s)
[ 1688.8s] [mE1cX7 202508] ep10 va -5.595 α 0.095 τ 0.21 (70s)
[ 1765.8s] [mE1cX7 202508] ep11 va -4.773 α 0.095 τ 0.19 (77s)
[ 1841.7s] [mE1cX7 202508] ep12 va -4.631 α 0.095 τ 0.16 (76s)
[ 1912.8s] [mE1cX7 202508] ep13 va -5.163 α 0.095 τ 0.13 (71s)
[ 1985.5s] [mE1cX7 202508] ep14 va -5.026 α 0.095 τ 0.10 (73s)
[ 1995.2s] == mE1cX7 202508: net -0.429 bps/锚 ES5 17.19 换手 0.0694 α* 0.0948 best_ep 7 wall 1157s
[ 1995.2s] CAUSALITY ASSERT mE1cX7 202512: n_train 8567 max_train_idx 8566 (2025-11-30 16:00) max_train_label_end 2025-11-30 20:00 <= cutoff 2025-11-30 20:00 (= first_test 2025-12-01 00:00 - 1 anchors) OK
[ 2075.9s] [mE1cX7 202512] ep0 va -8.032 α 0.098 τ 0.50 (81s)
[ 2143.0s] [mE1cX7 202512] ep1 va -7.830 α 0.097 τ 0.47 (67s)
[ 2206.1s] [mE1cX7 202512] ep2 va -7.865 α 0.097 τ 0.44 (63s)
[ 2269.2s] [mE1cX7 202512] ep3 va -7.698 α 0.096 τ 0.41 (63s)
[ 2332.4s] [mE1cX7 202512] ep4 va -7.642 α 0.095 τ 0.39 (63s)
[ 2395.4s] [mE1cX7 202512] ep5 va -7.495 α 0.094 τ 0.36 (63s)
[ 2458.5s] [mE1cX7 202512] ep6 va -7.318 α 0.094 τ 0.33 (63s)
[ 2521.4s] [mE1cX7 202512] ep7 va -7.308 α 0.094 τ 0.30 (63s)
[ 2584.4s] [mE1cX7 202512] ep8 va -7.245 α 0.094 τ 0.27 (63s)
[ 2647.5s] [mE1cX7 202512] ep9 va -7.126 α 0.094 τ 0.24 (63s)
[ 2710.3s] [mE1cX7 202512] ep10 va -7.140 α 0.094 τ 0.21 (63s)
[ 2773.4s] [mE1cX7 202512] ep11 va -7.076 α 0.094 τ 0.19 (63s)
[ 2834.9s] [mE1cX7 202512] ep12 va -7.096 α 0.094 τ 0.16 (62s)
[ 2895.3s] [mE1cX7 202512] ep13 va -7.091 α 0.094 τ 0.13 (60s)
[ 2959.0s] [mE1cX7 202512] ep14 va -7.078 α 0.094 τ 0.10 (64s)
[ 2965.2s] == mE1cX7 202512: net +0.598 bps/锚 ES5 39.66 换手 0.0192 α* 0.0939 best_ep 7 wall 964s
[ 2965.2s] CAUSALITY ASSERT mE1cX7 202604: n_train 9293 max_train_idx 9292 (2026-03-31 16:00) max_train_label_end 2026-03-31 20:00 <= cutoff 2026-03-31 20:00 (= first_test 2026-04-01 00:00 - 1 anchors) OK
[ 3034.0s] [mE1cX7 202604] ep0 va -7.815 α 0.098 τ 0.50 (69s)
[ 3102.9s] [mE1cX7 202604] ep1 va -7.550 α 0.097 τ 0.47 (69s)
[ 3171.3s] [mE1cX7 202604] ep2 va -7.681 α 0.096 τ 0.44 (68s)
[ 3239.9s] [mE1cX7 202604] ep3 va -7.430 α 0.095 τ 0.41 (69s)
[ 3308.4s] [mE1cX7 202604] ep4 va -7.593 α 0.095 τ 0.39 (68s)
[ 3377.6s] [mE1cX7 202604] ep5 va -7.559 α 0.094 τ 0.36 (69s)
[ 3446.6s] [mE1cX7 202604] ep6 va -7.581 α 0.094 τ 0.33 (69s)
[ 3515.6s] [mE1cX7 202604] ep7 va -7.603 α 0.094 τ 0.30 (69s)
[ 3584.6s] [mE1cX7 202604] ep8 va -7.482 α 0.093 τ 0.27 (69s)
[ 3653.3s] [mE1cX7 202604] ep9 va -7.654 α 0.093 τ 0.24 (69s)
[ 3722.5s] [mE1cX7 202604] ep10 va -7.562 α 0.093 τ 0.21 (69s)
[ 3790.1s] [mE1cX7 202604] ep11 va -7.587 α 0.093 τ 0.19 (68s)
[ 3858.2s] [mE1cX7 202604] ep12 va -7.573 α 0.093 τ 0.16 (68s)
[ 3926.4s] [mE1cX7 202604] ep13 va -7.560 α 0.093 τ 0.13 (68s)
[ 3995.4s] [mE1cX7 202604] ep14 va -7.561 α 0.093 τ 0.10 (69s)
[ 3999.8s] == mE1cX7 202604: net +6.066 bps/锚 ES5 40.02 换手 0.0530 α* 0.0935 best_ep 7 wall 1030s
[ 3999.8s] CAUSALITY ASSERT mE1cX7 202608: n_train 10025 max_train_idx 10024 (2026-07-31 16:00) max_train_label_end 2026-07-31 20:00 <= cutoff 2026-07-31 20:00 (= first_test 2026-08-01 00:00 - 1 anchors) OK
[ 4074.0s] [mE1cX7 202608] ep0 va -6.416 α 0.098 τ 0.50 (74s)
[ 4148.0s] [mE1cX7 202608] ep1 va -6.435 α 0.097 τ 0.47 (74s)
[ 4222.2s] [mE1cX7 202608] ep2 va -6.449 α 0.096 τ 0.44 (74s)
[ 4296.5s] [mE1cX7 202608] ep3 va -6.406 α 0.095 τ 0.41 (74s)
[ 4370.6s] [mE1cX7 202608] ep4 va -6.322 α 0.094 τ 0.39 (74s)
[ 4445.1s] [mE1cX7 202608] ep5 va -6.347 α 0.093 τ 0.36 (74s)
[ 4519.2s] [mE1cX7 202608] ep6 va -6.419 α 0.093 τ 0.33 (74s)
[ 4593.6s] [mE1cX7 202608] ep7 va -6.415 α 0.093 τ 0.30 (74s)
[ 4668.1s] [mE1cX7 202608] ep8 va -6.419 α 0.093 τ 0.27 (75s)
[ 4742.2s] [mE1cX7 202608] ep9 va -6.472 α 0.093 τ 0.24 (74s)
[ 4815.7s] [mE1cX7 202608] ep10 va -6.400 α 0.093 τ 0.21 (74s)
[ 4871.5s] [mE1cX7 202608] ep11 va -6.516 α 0.092 τ 0.19 (56s)
[ 4914.1s] [mE1cX7 202608] ep12 va -6.516 α 0.092 τ 0.16 (43s)
[ 4947.7s] [mE1cX7 202608] ep13 va -6.454 α 0.092 τ 0.13 (34s)
[ 4977.9s] [mE1cX7 202608] ep14 va -6.454 α 0.092 τ 0.10 (30s)
[ 4978.5s] == mE1cX7 202608: net -0.118 bps/锚 ES5 46.65 换手 0.0366 α* 0.0929 best_ep 7 wall 978s
[ 4978.5s] MWF_TRAIN_DONE mE1cX7 s42 folds 5 月均净 +1.512 bps/锚(训练帧, 非终审)
