[   15.7s] rows 2745557 cols 171 anchors 10206 med|y| 0.00894
[   18.6s] MWF start tag mE1cF5 embargo 1 months [202504, 202508, 202512, 202604, 202608] base_sha 93cc2cdf925a self_sha 55ee8382deec torch 2.11.0+cu128 gpu NVIDIA RTX PRO 4500 Blackwell
[   18.6s] CAUSALITY ASSERT mE1cF5 202504: n_train 7103 max_train_idx 7102 (2025-03-31 16:00) max_train_label_end 2025-03-31 20:00 <= cutoff 2025-03-31 20:00 (= first_test 2025-04-01 00:00 - 1 anchors) OK
/workspace/review_scratch/allweather_trackB/pod_f10_train_monthly_earlystop.py:375: UserWarning: Converting a tensor with requires_grad=True to a scalar may lead to unexpected behavior.
Consider using tensor.detach() first. (Triggered internally at /pytorch/torch/csrc/autograd/generated/python_variable_methods.cpp:836.)
  al = float(mdl.alpha()); va_curve.append(round(va, 4)); alist.append(round(al, 4)); ep_s.append(round(time.time() - t0, 1))
[   81.3s] [mE1cF5 202504] ep0 va -4.710 α 0.100 τ 0.50 (53s)
[  132.6s] [mE1cF5 202504] ep1 va -4.069 α 0.099 τ 0.47 (51s)
[  184.4s] [mE1cF5 202504] ep2 va -3.783 α 0.098 τ 0.44 (52s)
[  236.1s] [mE1cF5 202504] ep3 va -4.719 α 0.097 τ 0.41 (52s)
[  288.0s] [mE1cF5 202504] ep4 va -5.829 α 0.097 τ 0.39 (52s)
[  339.4s] [mE1cF5 202504] ep5 va -5.403 α 0.096 τ 0.36 (51s)
[  391.2s] [mE1cF5 202504] ep6 va -5.698 α 0.096 τ 0.33 (52s)
[  442.5s] [mE1cF5 202504] ep7 va -6.221 α 0.096 τ 0.30 (51s)
[  494.1s] [mE1cF5 202504] ep8 va -4.579 α 0.096 τ 0.27 (52s)
[  546.1s] [mE1cF5 202504] ep9 va -5.414 α 0.096 τ 0.24 (52s)
[  609.4s] [mE1cF5 202504] ep10 va -5.798 α 0.096 τ 0.21 (63s)
[  670.3s] [mE1cF5 202504] ep11 va -5.788 α 0.096 τ 0.19 (61s)
[  721.9s] [mE1cF5 202504] ep12 va -5.986 α 0.096 τ 0.16 (52s)
[  772.1s] [mE1cF5 202504] ep13 va -5.480 α 0.096 τ 0.13 (50s)
[  818.9s] [mE1cF5 202504] ep14 va -5.665 α 0.096 τ 0.10 (47s)
[  828.3s] == mE1cF5 202504: net +0.376 bps/锚 ES5 22.34 换手 0.0707 α* 0.0958 best_ep 8 wall 791s
[  828.3s] CAUSALITY ASSERT mE1cF5 202508: n_train 7835 max_train_idx 7834 (2025-07-31 16:00) max_train_label_end 2025-07-31 20:00 <= cutoff 2025-07-31 20:00 (= first_test 2025-08-01 00:00 - 1 anchors) OK
[  885.8s] [mE1cF5 202508] ep0 va -6.327 α 0.099 τ 0.50 (58s)
[  943.6s] [mE1cF5 202508] ep1 va -4.018 α 0.098 τ 0.47 (58s)
[ 1002.0s] [mE1cF5 202508] ep2 va -4.320 α 0.097 τ 0.44 (58s)
[ 1061.0s] [mE1cF5 202508] ep3 va -4.341 α 0.096 τ 0.41 (59s)
[ 1130.6s] [mE1cF5 202508] ep4 va -3.734 α 0.096 τ 0.39 (70s)
[ 1241.8s] [mE1cF5 202508] ep5 va -3.996 α 0.095 τ 0.36 (111s)
[ 1348.7s] [mE1cF5 202508] ep6 va -4.836 α 0.095 τ 0.33 (107s)
[ 1460.4s] [mE1cF5 202508] ep7 va -4.795 α 0.095 τ 0.30 (112s)
[ 1545.8s] [mE1cF5 202508] ep8 va -4.035 α 0.095 τ 0.27 (85s)
[ 1619.8s] [mE1cF5 202508] ep9 va -5.103 α 0.095 τ 0.24 (74s)
[ 1691.3s] [mE1cF5 202508] ep10 va -5.595 α 0.095 τ 0.21 (71s)
[ 1769.6s] [mE1cF5 202508] ep11 va -4.773 α 0.095 τ 0.19 (78s)
[ 1845.2s] [mE1cF5 202508] ep12 va -4.631 α 0.095 τ 0.16 (76s)
[ 1917.5s] [mE1cF5 202508] ep13 va -5.163 α 0.095 τ 0.13 (72s)
[ 1989.8s] [mE1cF5 202508] ep14 va -5.026 α 0.095 τ 0.10 (72s)
[ 1999.7s] == mE1cF5 202508: net -0.477 bps/锚 ES5 16.01 换手 0.0743 α* 0.0954 best_ep 5 wall 1162s
[ 1999.7s] CAUSALITY ASSERT mE1cF5 202512: n_train 8567 max_train_idx 8566 (2025-11-30 16:00) max_train_label_end 2025-11-30 20:00 <= cutoff 2025-11-30 20:00 (= first_test 2025-12-01 00:00 - 1 anchors) OK
[ 2080.6s] [mE1cF5 202512] ep0 va -8.032 α 0.098 τ 0.50 (81s)
[ 2146.5s] [mE1cF5 202512] ep1 va -7.830 α 0.097 τ 0.47 (66s)
[ 2209.6s] [mE1cF5 202512] ep2 va -7.865 α 0.097 τ 0.44 (63s)
[ 2272.7s] [mE1cF5 202512] ep3 va -7.698 α 0.096 τ 0.41 (63s)
[ 2335.8s] [mE1cF5 202512] ep4 va -7.642 α 0.095 τ 0.39 (63s)
[ 2398.8s] [mE1cF5 202512] ep5 va -7.495 α 0.094 τ 0.36 (63s)
[ 2461.8s] [mE1cF5 202512] ep6 va -7.318 α 0.094 τ 0.33 (63s)
[ 2524.8s] [mE1cF5 202512] ep7 va -7.308 α 0.094 τ 0.30 (63s)
[ 2587.8s] [mE1cF5 202512] ep8 va -7.245 α 0.094 τ 0.27 (63s)
[ 2650.9s] [mE1cF5 202512] ep9 va -7.126 α 0.094 τ 0.24 (63s)
[ 2713.8s] [mE1cF5 202512] ep10 va -7.140 α 0.094 τ 0.21 (63s)
[ 2776.8s] [mE1cF5 202512] ep11 va -7.076 α 0.094 τ 0.19 (63s)
[ 2838.3s] [mE1cF5 202512] ep12 va -7.096 α 0.094 τ 0.16 (61s)
[ 2898.7s] [mE1cF5 202512] ep13 va -7.091 α 0.094 τ 0.13 (60s)
[ 2962.0s] [mE1cF5 202512] ep14 va -7.078 α 0.094 τ 0.10 (63s)
[ 2968.2s] == mE1cF5 202512: net +0.598 bps/锚 ES5 39.65 换手 0.0191 α* 0.0935 best_ep 11 wall 962s
[ 2968.2s] CAUSALITY ASSERT mE1cF5 202604: n_train 9293 max_train_idx 9292 (2026-03-31 16:00) max_train_label_end 2026-03-31 20:00 <= cutoff 2026-03-31 20:00 (= first_test 2026-04-01 00:00 - 1 anchors) OK
[ 3037.1s] [mE1cF5 202604] ep0 va -7.815 α 0.098 τ 0.50 (69s)
[ 3105.9s] [mE1cF5 202604] ep1 va -7.550 α 0.097 τ 0.47 (69s)
[ 3174.1s] [mE1cF5 202604] ep2 va -7.681 α 0.096 τ 0.44 (68s)
[ 3243.0s] [mE1cF5 202604] ep3 va -7.430 α 0.095 τ 0.41 (69s)
[ 3311.5s] [mE1cF5 202604] ep4 va -7.593 α 0.095 τ 0.39 (69s)
[ 3380.8s] [mE1cF5 202604] ep5 va -7.559 α 0.094 τ 0.36 (69s)
[ 3449.7s] [mE1cF5 202604] ep6 va -7.581 α 0.094 τ 0.33 (69s)
[ 3518.8s] [mE1cF5 202604] ep7 va -7.603 α 0.094 τ 0.30 (69s)
[ 3587.7s] [mE1cF5 202604] ep8 va -7.482 α 0.093 τ 0.27 (69s)
[ 3656.4s] [mE1cF5 202604] ep9 va -7.654 α 0.093 τ 0.24 (69s)
[ 3725.7s] [mE1cF5 202604] ep10 va -7.562 α 0.093 τ 0.21 (69s)
[ 3793.2s] [mE1cF5 202604] ep11 va -7.587 α 0.093 τ 0.19 (68s)
[ 3861.4s] [mE1cF5 202604] ep12 va -7.573 α 0.093 τ 0.16 (68s)
[ 3929.5s] [mE1cF5 202604] ep13 va -7.560 α 0.093 τ 0.13 (68s)
[ 3998.3s] [mE1cF5 202604] ep14 va -7.561 α 0.093 τ 0.10 (69s)
[ 4002.6s] == mE1cF5 202604: net +5.950 bps/锚 ES5 40.00 换手 0.0559 α* 0.0934 best_ep 8 wall 1030s
[ 4002.6s] CAUSALITY ASSERT mE1cF5 202608: n_train 10025 max_train_idx 10024 (2026-07-31 16:00) max_train_label_end 2026-07-31 20:00 <= cutoff 2026-07-31 20:00 (= first_test 2026-08-01 00:00 - 1 anchors) OK
[ 4077.2s] [mE1cF5 202608] ep0 va -6.416 α 0.098 τ 0.50 (75s)
[ 4151.6s] [mE1cF5 202608] ep1 va -6.435 α 0.097 τ 0.47 (74s)
[ 4225.9s] [mE1cF5 202608] ep2 va -6.449 α 0.096 τ 0.44 (74s)
[ 4300.1s] [mE1cF5 202608] ep3 va -6.406 α 0.095 τ 0.41 (74s)
[ 4374.2s] [mE1cF5 202608] ep4 va -6.322 α 0.094 τ 0.39 (74s)
[ 4448.7s] [mE1cF5 202608] ep5 va -6.347 α 0.093 τ 0.36 (74s)
[ 4522.7s] [mE1cF5 202608] ep6 va -6.419 α 0.093 τ 0.33 (74s)
[ 4596.7s] [mE1cF5 202608] ep7 va -6.415 α 0.093 τ 0.30 (74s)
[ 4671.1s] [mE1cF5 202608] ep8 va -6.419 α 0.093 τ 0.27 (74s)
[ 4745.3s] [mE1cF5 202608] ep9 va -6.472 α 0.093 τ 0.24 (74s)
[ 4818.0s] [mE1cF5 202608] ep10 va -6.400 α 0.093 τ 0.21 (73s)
[ 4873.9s] [mE1cF5 202608] ep11 va -6.516 α 0.092 τ 0.19 (56s)
[ 4915.6s] [mE1cF5 202608] ep12 va -6.516 α 0.092 τ 0.16 (42s)
[ 4948.7s] [mE1cF5 202608] ep13 va -6.454 α 0.092 τ 0.13 (33s)
[ 4978.4s] [mE1cF5 202608] ep14 va -6.454 α 0.092 τ 0.10 (30s)
[ 4978.9s] == mE1cF5 202608: net -0.182 bps/锚 ES5 46.49 换手 0.0389 α* 0.0935 best_ep 5 wall 976s
[ 4978.9s] MWF_TRAIN_DONE mE1cF5 s42 folds 5 月均净 +1.253 bps/锚(训练帧, 非终审)
