[   16.1s] rows 2745557 cols 171 anchors 10206 med|y| 0.00894
[   19.0s] MWF start tag mE1cF5 embargo 1 months [202503, 202507, 202511, 202603, 202607] base_sha 93cc2cdf925a self_sha 55ee8382deec torch 2.11.0+cu128 gpu NVIDIA RTX PRO 4500 Blackwell
[   19.0s] CAUSALITY ASSERT mE1cF5 202503: n_train 6917 max_train_idx 6916 (2025-02-28 16:00) max_train_label_end 2025-02-28 20:00 <= cutoff 2025-02-28 20:00 (= first_test 2025-03-01 00:00 - 1 anchors) OK
/workspace/review_scratch/allweather_trackB/pod_f10_train_monthly_earlystop.py:375: UserWarning: Converting a tensor with requires_grad=True to a scalar may lead to unexpected behavior.
Consider using tensor.detach() first. (Triggered internally at /pytorch/torch/csrc/autograd/generated/python_variable_methods.cpp:836.)
  al = float(mdl.alpha()); va_curve.append(round(va, 4)); alist.append(round(al, 4)); ep_s.append(round(time.time() - t0, 1))
[   80.2s] [mE1cF5 202503] ep0 va -5.410 α 0.099 τ 0.50 (51s)
[  130.1s] [mE1cF5 202503] ep1 va -4.138 α 0.099 τ 0.47 (50s)
[  180.0s] [mE1cF5 202503] ep2 va -4.018 α 0.098 τ 0.44 (50s)
[  230.0s] [mE1cF5 202503] ep3 va -5.767 α 0.098 τ 0.41 (50s)
[  279.9s] [mE1cF5 202503] ep4 va -4.011 α 0.097 τ 0.39 (50s)
[  330.1s] [mE1cF5 202503] ep5 va -4.716 α 0.097 τ 0.36 (50s)
[  380.0s] [mE1cF5 202503] ep6 va -4.105 α 0.097 τ 0.33 (50s)
[  430.0s] [mE1cF5 202503] ep7 va -5.598 α 0.096 τ 0.30 (50s)
[  480.0s] [mE1cF5 202503] ep8 va -4.569 α 0.096 τ 0.27 (50s)
[  529.9s] [mE1cF5 202503] ep9 va -4.747 α 0.096 τ 0.24 (50s)
[  585.0s] [mE1cF5 202503] ep10 va -5.755 α 0.096 τ 0.21 (55s)
[  650.8s] [mE1cF5 202503] ep11 va -5.193 α 0.096 τ 0.19 (66s)
[  701.6s] [mE1cF5 202503] ep12 va -5.092 α 0.096 τ 0.16 (51s)
[  751.8s] [mE1cF5 202503] ep13 va -5.279 α 0.096 τ 0.13 (50s)
[  797.3s] [mE1cF5 202503] ep14 va -5.277 α 0.096 τ 0.10 (46s)
[  807.1s] == mE1cF5 202503: net +0.905 bps/锚 ES5 17.56 换手 0.0735 α* 0.0966 best_ep 6 wall 768s
[  807.1s] CAUSALITY ASSERT mE1cF5 202507: n_train 7649 max_train_idx 7648 (2025-06-30 16:00) max_train_label_end 2025-06-30 20:00 <= cutoff 2025-06-30 20:00 (= first_test 2025-07-01 00:00 - 1 anchors) OK
[  860.8s] [mE1cF5 202507] ep0 va -5.313 α 0.098 τ 0.50 (54s)
[  916.4s] [mE1cF5 202507] ep1 va -7.128 α 0.097 τ 0.47 (56s)
[  972.2s] [mE1cF5 202507] ep2 va -4.327 α 0.097 τ 0.44 (56s)
[ 1030.5s] [mE1cF5 202507] ep3 va -4.594 α 0.096 τ 0.41 (58s)
[ 1086.3s] [mE1cF5 202507] ep4 va -5.134 α 0.095 τ 0.39 (56s)
[ 1177.4s] [mE1cF5 202507] ep5 va -4.474 α 0.095 τ 0.36 (91s)
[ 1283.5s] [mE1cF5 202507] ep6 va -5.712 α 0.095 τ 0.33 (106s)
[ 1389.6s] [mE1cF5 202507] ep7 va -6.375 α 0.094 τ 0.30 (106s)
[ 1487.3s] [mE1cF5 202507] ep8 va -5.277 α 0.094 τ 0.27 (98s)
[ 1567.1s] [mE1cF5 202507] ep9 va -4.667 α 0.094 τ 0.24 (80s)
[ 1634.7s] [mE1cF5 202507] ep10 va -5.107 α 0.094 τ 0.21 (68s)
[ 1708.7s] [mE1cF5 202507] ep11 va -5.724 α 0.094 τ 0.19 (74s)
[ 1783.9s] [mE1cF5 202507] ep12 va -5.732 α 0.094 τ 0.16 (75s)
[ 1856.8s] [mE1cF5 202507] ep13 va -5.183 α 0.094 τ 0.13 (73s)
[ 1925.8s] [mE1cF5 202507] ep14 va -5.173 α 0.094 τ 0.10 (69s)
[ 1937.3s] == mE1cF5 202507: net +1.124 bps/锚 ES5 24.34 换手 0.0698 α* 0.0949 best_ep 5 wall 1119s
[ 1937.3s] CAUSALITY ASSERT mE1cF5 202511: n_train 8387 max_train_idx 8386 (2025-10-31 16:00) max_train_label_end 2025-10-31 20:00 <= cutoff 2025-10-31 20:00 (= first_test 2025-11-01 00:00 - 1 anchors) OK
[ 2014.5s] [mE1cF5 202511] ep0 va -5.815 α 0.098 τ 0.50 (77s)
[ 2093.3s] [mE1cF5 202511] ep1 va -6.374 α 0.097 τ 0.47 (79s)
[ 2155.4s] [mE1cF5 202511] ep2 va -5.404 α 0.096 τ 0.44 (62s)
[ 2216.9s] [mE1cF5 202511] ep3 va -5.638 α 0.095 τ 0.41 (62s)
[ 2278.4s] [mE1cF5 202511] ep4 va -5.333 α 0.094 τ 0.39 (62s)
[ 2340.0s] [mE1cF5 202511] ep5 va -5.162 α 0.094 τ 0.36 (62s)
[ 2401.5s] [mE1cF5 202511] ep6 va -5.318 α 0.094 τ 0.33 (62s)
[ 2463.0s] [mE1cF5 202511] ep7 va -5.210 α 0.093 τ 0.30 (62s)
[ 2524.5s] [mE1cF5 202511] ep8 va -5.050 α 0.093 τ 0.27 (61s)
[ 2586.0s] [mE1cF5 202511] ep9 va -5.183 α 0.093 τ 0.24 (62s)
[ 2647.6s] [mE1cF5 202511] ep10 va -4.933 α 0.093 τ 0.21 (62s)
[ 2708.9s] [mE1cF5 202511] ep11 va -4.989 α 0.093 τ 0.19 (61s)
[ 2770.3s] [mE1cF5 202511] ep12 va -4.990 α 0.093 τ 0.16 (61s)
[ 2830.0s] [mE1cF5 202511] ep13 va -5.003 α 0.093 τ 0.13 (60s)
[ 2890.0s] [mE1cF5 202511] ep14 va -4.990 α 0.093 τ 0.10 (60s)
[ 2896.3s] == mE1cF5 202511: net +1.082 bps/锚 ES5 53.58 换手 0.0141 α* 0.093 best_ep 10 wall 953s
[ 2896.3s] CAUSALITY ASSERT mE1cF5 202603: n_train 9107 max_train_idx 9106 (2026-02-28 16:00) max_train_label_end 2026-02-28 20:00 <= cutoff 2026-02-28 20:00 (= first_test 2026-03-01 00:00 - 1 anchors) OK
[ 2963.0s] [mE1cF5 202603] ep0 va -8.126 α 0.099 τ 0.50 (67s)
[ 3029.1s] [mE1cF5 202603] ep1 va -7.900 α 0.098 τ 0.47 (66s)
[ 3096.2s] [mE1cF5 202603] ep2 va -7.944 α 0.097 τ 0.44 (67s)
[ 3163.4s] [mE1cF5 202603] ep3 va -7.905 α 0.096 τ 0.41 (67s)
[ 3230.3s] [mE1cF5 202603] ep4 va -7.980 α 0.095 τ 0.39 (67s)
[ 3297.3s] [mE1cF5 202603] ep5 va -7.920 α 0.095 τ 0.36 (67s)
[ 3364.2s] [mE1cF5 202603] ep6 va -7.861 α 0.094 τ 0.33 (67s)
[ 3431.3s] [mE1cF5 202603] ep7 va -7.914 α 0.094 τ 0.30 (67s)
[ 3498.5s] [mE1cF5 202603] ep8 va -7.822 α 0.094 τ 0.27 (67s)
[ 3565.6s] [mE1cF5 202603] ep9 va -7.949 α 0.094 τ 0.24 (67s)
[ 3632.9s] [mE1cF5 202603] ep10 va -7.840 α 0.094 τ 0.21 (67s)
[ 3700.1s] [mE1cF5 202603] ep11 va -7.812 α 0.094 τ 0.19 (67s)
[ 3766.1s] [mE1cF5 202603] ep12 va -7.831 α 0.094 τ 0.16 (66s)
[ 3833.2s] [mE1cF5 202603] ep13 va -7.878 α 0.094 τ 0.13 (67s)
[ 3899.8s] [mE1cF5 202603] ep14 va -7.840 α 0.094 τ 0.10 (67s)
[ 3904.4s] == mE1cF5 202603: net +3.361 bps/锚 ES5 24.43 换手 0.0535 α* 0.0936 best_ep 11 wall 1003s
[ 3904.5s] CAUSALITY ASSERT mE1cF5 202607: n_train 9839 max_train_idx 9838 (2026-06-30 16:00) max_train_label_end 2026-06-30 20:00 <= cutoff 2026-06-30 20:00 (= first_test 2026-07-01 00:00 - 1 anchors) OK
[ 3977.5s] [mE1cF5 202607] ep0 va -7.140 α 0.099 τ 0.50 (73s)
[ 4049.3s] [mE1cF5 202607] ep1 va -7.239 α 0.098 τ 0.47 (72s)
[ 4122.4s] [mE1cF5 202607] ep2 va -7.219 α 0.096 τ 0.44 (73s)
[ 4195.4s] [mE1cF5 202607] ep3 va -7.108 α 0.095 τ 0.41 (73s)
[ 4268.1s] [mE1cF5 202607] ep4 va -7.071 α 0.095 τ 0.39 (73s)
[ 4341.8s] [mE1cF5 202607] ep5 va -7.135 α 0.094 τ 0.36 (74s)
[ 4414.4s] [mE1cF5 202607] ep6 va -7.105 α 0.094 τ 0.33 (73s)
[ 4487.3s] [mE1cF5 202607] ep7 va -7.061 α 0.093 τ 0.30 (73s)
[ 4560.4s] [mE1cF5 202607] ep8 va -7.182 α 0.093 τ 0.27 (73s)
[ 4633.3s] [mE1cF5 202607] ep9 va -7.167 α 0.093 τ 0.24 (73s)
[ 4706.2s] [mE1cF5 202607] ep10 va -7.189 α 0.093 τ 0.21 (73s)
[ 4779.4s] [mE1cF5 202607] ep11 va -7.163 α 0.093 τ 0.19 (73s)
[ 4842.6s] [mE1cF5 202607] ep12 va -7.165 α 0.093 τ 0.16 (63s)
[ 4894.2s] [mE1cF5 202607] ep13 va -7.174 α 0.093 τ 0.13 (52s)
[ 4931.1s] [mE1cF5 202607] ep14 va -7.178 α 0.093 τ 0.10 (37s)
[ 4932.2s] == mE1cF5 202607: net +4.444 bps/锚 ES5 41.48 换手 0.0390 α* 0.0933 best_ep 7 wall 1027s
[ 4932.2s] MWF_TRAIN_DONE mE1cF5 s42 folds 5 月均净 +2.183 bps/锚(训练帧, 非终审)
