[   15.6s] rows 2745557 cols 171 anchors 10206 med|y| 0.00894
[   18.4s] MWF start tag mE1cF5 embargo 1 months [202502, 202506, 202510, 202602, 202606] base_sha 93cc2cdf925a self_sha 55ee8382deec torch 2.11.0+cu128 gpu NVIDIA RTX PRO 4500 Blackwell
[   18.5s] CAUSALITY ASSERT mE1cF5 202502: n_train 6749 max_train_idx 6748 (2025-01-31 16:00) max_train_label_end 2025-01-31 20:00 <= cutoff 2025-01-31 20:00 (= first_test 2025-02-01 00:00 - 1 anchors) OK
/workspace/review_scratch/allweather_trackB/pod_f10_train_monthly_earlystop.py:375: UserWarning: Converting a tensor with requires_grad=True to a scalar may lead to unexpected behavior.
Consider using tensor.detach() first. (Triggered internally at /pytorch/torch/csrc/autograd/generated/python_variable_methods.cpp:836.)
  al = float(mdl.alpha()); va_curve.append(round(va, 4)); alist.append(round(al, 4)); ep_s.append(round(time.time() - t0, 1))
[   78.5s] [mE1cF5 202502] ep0 va -4.784 α 0.099 τ 0.50 (50s)
[  127.3s] [mE1cF5 202502] ep1 va -4.114 α 0.099 τ 0.47 (49s)
[  176.0s] [mE1cF5 202502] ep2 va -3.501 α 0.098 τ 0.44 (49s)
[  224.7s] [mE1cF5 202502] ep3 va -3.563 α 0.098 τ 0.41 (49s)
[  273.2s] [mE1cF5 202502] ep4 va -3.530 α 0.097 τ 0.39 (49s)
[  321.9s] [mE1cF5 202502] ep5 va -3.299 α 0.097 τ 0.36 (49s)
[  370.9s] [mE1cF5 202502] ep6 va -3.549 α 0.097 τ 0.33 (49s)
[  419.6s] [mE1cF5 202502] ep7 va -3.957 α 0.096 τ 0.30 (49s)
[  468.5s] [mE1cF5 202502] ep8 va -3.889 α 0.096 τ 0.27 (49s)
[  517.0s] [mE1cF5 202502] ep9 va -4.055 α 0.096 τ 0.24 (49s)
[  568.0s] [mE1cF5 202502] ep10 va -4.131 α 0.096 τ 0.21 (51s)
[  631.6s] [mE1cF5 202502] ep11 va -3.864 α 0.096 τ 0.19 (64s)
[  684.9s] [mE1cF5 202502] ep12 va -3.721 α 0.096 τ 0.16 (53s)
[  733.9s] [mE1cF5 202502] ep13 va -3.848 α 0.096 τ 0.13 (49s)
[  780.1s] [mE1cF5 202502] ep14 va -3.898 α 0.096 τ 0.10 (46s)
[  790.3s] == mE1cF5 202502: net -0.185 bps/锚 ES5 29.08 换手 0.0752 α* 0.0969 best_ep 5 wall 751s
[  790.3s] CAUSALITY ASSERT mE1cF5 202506: n_train 7469 max_train_idx 7468 (2025-05-31 16:00) max_train_label_end 2025-05-31 20:00 <= cutoff 2025-05-31 20:00 (= first_test 2025-06-01 00:00 - 1 anchors) OK
[  840.6s] [mE1cF5 202506] ep0 va -5.962 α 0.099 τ 0.50 (50s)
[  894.8s] [mE1cF5 202506] ep1 va -4.393 α 0.098 τ 0.47 (54s)
[  949.4s] [mE1cF5 202506] ep2 va -3.336 α 0.098 τ 0.44 (55s)
[ 1005.1s] [mE1cF5 202506] ep3 va -4.264 α 0.097 τ 0.41 (56s)
[ 1061.5s] [mE1cF5 202506] ep4 va -3.611 α 0.097 τ 0.39 (56s)
[ 1128.2s] [mE1cF5 202506] ep5 va -3.787 α 0.096 τ 0.36 (67s)
[ 1233.1s] [mE1cF5 202506] ep6 va -4.498 α 0.096 τ 0.33 (105s)
[ 1339.1s] [mE1cF5 202506] ep7 va -6.056 α 0.096 τ 0.30 (106s)
[ 1446.8s] [mE1cF5 202506] ep8 va -5.766 α 0.096 τ 0.27 (108s)
[ 1528.1s] [mE1cF5 202506] ep9 va -5.368 α 0.096 τ 0.24 (81s)
[ 1603.7s] [mE1cF5 202506] ep10 va -4.814 α 0.095 τ 0.21 (76s)
[ 1667.9s] [mE1cF5 202506] ep11 va -5.411 α 0.095 τ 0.19 (64s)
[ 1742.0s] [mE1cF5 202506] ep12 va -5.383 α 0.095 τ 0.16 (74s)
[ 1816.5s] [mE1cF5 202506] ep13 va -5.561 α 0.095 τ 0.13 (75s)
[ 1886.1s] [mE1cF5 202506] ep14 va -5.519 α 0.095 τ 0.10 (70s)
[ 1898.0s] == mE1cF5 202506: net +0.443 bps/锚 ES5 12.74 换手 0.0773 α* 0.0962 best_ep 5 wall 1096s
[ 1898.0s] CAUSALITY ASSERT mE1cF5 202510: n_train 8201 max_train_idx 8200 (2025-09-30 16:00) max_train_label_end 2025-09-30 20:00 <= cutoff 2025-09-30 20:00 (= first_test 2025-10-01 00:00 - 1 anchors) OK
[ 1973.6s] [mE1cF5 202510] ep0 va -4.919 α 0.098 τ 0.50 (76s)
[ 2048.9s] [mE1cF5 202510] ep1 va -4.811 α 0.098 τ 0.47 (75s)
[ 2120.3s] [mE1cF5 202510] ep2 va -4.122 α 0.097 τ 0.44 (71s)
[ 2180.2s] [mE1cF5 202510] ep3 va -4.228 α 0.096 τ 0.41 (60s)
[ 2240.1s] [mE1cF5 202510] ep4 va -5.818 α 0.095 τ 0.39 (60s)
[ 2300.0s] [mE1cF5 202510] ep5 va -3.817 α 0.095 τ 0.36 (60s)
[ 2359.9s] [mE1cF5 202510] ep6 va -4.689 α 0.095 τ 0.33 (60s)
[ 2420.1s] [mE1cF5 202510] ep7 va -4.158 α 0.094 τ 0.30 (60s)
[ 2480.4s] [mE1cF5 202510] ep8 va -4.643 α 0.094 τ 0.27 (60s)
[ 2540.7s] [mE1cF5 202510] ep9 va -4.082 α 0.094 τ 0.24 (60s)
[ 2600.8s] [mE1cF5 202510] ep10 va -4.103 α 0.094 τ 0.21 (60s)
[ 2660.8s] [mE1cF5 202510] ep11 va -3.982 α 0.094 τ 0.19 (60s)
[ 2720.7s] [mE1cF5 202510] ep12 va -4.160 α 0.094 τ 0.16 (60s)
[ 2781.0s] [mE1cF5 202510] ep13 va -4.020 α 0.094 τ 0.13 (60s)
[ 2839.9s] [mE1cF5 202510] ep14 va -4.038 α 0.094 τ 0.10 (59s)
[ 2847.0s] == mE1cF5 202510: net +6.226 bps/锚 ES5 49.74 换手 0.0278 α* 0.0949 best_ep 5 wall 942s
[ 2847.0s] CAUSALITY ASSERT mE1cF5 202602: n_train 8939 max_train_idx 8938 (2026-01-31 16:00) max_train_label_end 2026-01-31 20:00 <= cutoff 2026-01-31 20:00 (= first_test 2026-02-01 00:00 - 1 anchors) OK
[ 2911.3s] [mE1cF5 202602] ep0 va -8.271 α 0.099 τ 0.50 (64s)
[ 2975.4s] [mE1cF5 202602] ep1 va -8.072 α 0.098 τ 0.47 (64s)
[ 3041.2s] [mE1cF5 202602] ep2 va -8.109 α 0.097 τ 0.44 (66s)
[ 3107.1s] [mE1cF5 202602] ep3 va -8.007 α 0.096 τ 0.41 (66s)
[ 3173.1s] [mE1cF5 202602] ep4 va -8.182 α 0.096 τ 0.39 (66s)
[ 3239.1s] [mE1cF5 202602] ep5 va -8.009 α 0.095 τ 0.36 (66s)
[ 3305.3s] [mE1cF5 202602] ep6 va -7.984 α 0.095 τ 0.33 (66s)
[ 3371.3s] [mE1cF5 202602] ep7 va -8.017 α 0.095 τ 0.30 (66s)
[ 3437.2s] [mE1cF5 202602] ep8 va -8.028 α 0.095 τ 0.27 (66s)
[ 3502.7s] [mE1cF5 202602] ep9 va -8.060 α 0.095 τ 0.24 (66s)
[ 3568.8s] [mE1cF5 202602] ep10 va -7.987 α 0.095 τ 0.21 (66s)
[ 3634.7s] [mE1cF5 202602] ep11 va -7.989 α 0.094 τ 0.19 (66s)
[ 3700.5s] [mE1cF5 202602] ep12 va -8.017 α 0.094 τ 0.16 (66s)
[ 3765.0s] [mE1cF5 202602] ep13 va -8.051 α 0.094 τ 0.13 (65s)
[ 3830.7s] [mE1cF5 202602] ep14 va -8.018 α 0.094 τ 0.10 (66s)
[ 3835.7s] == mE1cF5 202602: net +3.716 bps/锚 ES5 29.69 换手 0.0389 α* 0.095 best_ep 6 wall 984s
[ 3835.8s] CAUSALITY ASSERT mE1cF5 202606: n_train 9659 max_train_idx 9658 (2026-05-31 16:00) max_train_label_end 2026-05-31 20:00 <= cutoff 2026-05-31 20:00 (= first_test 2026-06-01 00:00 - 1 anchors) OK
[ 3906.4s] [mE1cF5 202606] ep0 va -7.085 α 0.098 τ 0.50 (71s)
[ 3977.9s] [mE1cF5 202606] ep1 va -7.111 α 0.097 τ 0.47 (72s)
[ 4048.9s] [mE1cF5 202606] ep2 va -6.962 α 0.096 τ 0.44 (71s)
[ 4120.5s] [mE1cF5 202606] ep3 va -6.875 α 0.095 τ 0.41 (72s)
[ 4192.4s] [mE1cF5 202606] ep4 va -6.990 α 0.095 τ 0.39 (72s)
[ 4264.5s] [mE1cF5 202606] ep5 va -6.965 α 0.094 τ 0.36 (72s)
[ 4336.3s] [mE1cF5 202606] ep6 va -6.993 α 0.094 τ 0.33 (72s)
[ 4408.1s] [mE1cF5 202606] ep7 va -6.899 α 0.093 τ 0.30 (72s)
[ 4479.8s] [mE1cF5 202606] ep8 va -6.981 α 0.093 τ 0.27 (72s)
[ 4551.3s] [mE1cF5 202606] ep9 va -6.975 α 0.093 τ 0.24 (71s)
[ 4623.1s] [mE1cF5 202606] ep10 va -6.952 α 0.093 τ 0.21 (72s)
[ 4694.6s] [mE1cF5 202606] ep11 va -7.043 α 0.093 τ 0.19 (72s)
[ 4766.6s] [mE1cF5 202606] ep12 va -7.022 α 0.093 τ 0.16 (72s)
[ 4832.3s] [mE1cF5 202606] ep13 va -7.014 α 0.093 τ 0.13 (66s)
[ 4886.2s] [mE1cF5 202606] ep14 va -7.017 α 0.093 τ 0.10 (54s)
[ 4888.6s] == mE1cF5 202606: net +5.795 bps/锚 ES5 51.37 换手 0.0362 α* 0.0934 best_ep 7 wall 1050s
[ 4888.6s] MWF_TRAIN_DONE mE1cF5 s42 folds 5 月均净 +3.199 bps/锚(训练帧, 非终审)
