[   15.9s] rows 2745557 cols 171 anchors 10206 med|y| 0.00894
[   18.8s] MWF start tag mE1cX7 embargo 1 months [202502, 202506, 202510, 202602, 202606] base_sha 93cc2cdf925a self_sha 55ee8382deec torch 2.11.0+cu128 gpu NVIDIA RTX PRO 4500 Blackwell
[   18.8s] CAUSALITY ASSERT mE1cX7 202502: n_train 6749 max_train_idx 6748 (2025-01-31 16:00) max_train_label_end 2025-01-31 20:00 <= cutoff 2025-01-31 20:00 (= first_test 2025-02-01 00:00 - 1 anchors) OK
/workspace/review_scratch/allweather_trackB/pod_f10_train_monthly_earlystop.py:375: UserWarning: Converting a tensor with requires_grad=True to a scalar may lead to unexpected behavior.
Consider using tensor.detach() first. (Triggered internally at /pytorch/torch/csrc/autograd/generated/python_variable_methods.cpp:836.)
  al = float(mdl.alpha()); va_curve.append(round(va, 4)); alist.append(round(al, 4)); ep_s.append(round(time.time() - t0, 1))
[   78.8s] [mE1cX7 202502] ep0 va -4.784 α 0.099 τ 0.50 (50s)
[  127.6s] [mE1cX7 202502] ep1 va -4.114 α 0.099 τ 0.47 (49s)
[  176.3s] [mE1cX7 202502] ep2 va -3.501 α 0.098 τ 0.44 (49s)
[  225.0s] [mE1cX7 202502] ep3 va -3.563 α 0.098 τ 0.41 (49s)
[  273.6s] [mE1cX7 202502] ep4 va -3.530 α 0.097 τ 0.39 (49s)
[  322.2s] [mE1cX7 202502] ep5 va -3.299 α 0.097 τ 0.36 (49s)
[  371.2s] [mE1cX7 202502] ep6 va -3.549 α 0.097 τ 0.33 (49s)
[  419.9s] [mE1cX7 202502] ep7 va -3.957 α 0.096 τ 0.30 (49s)
[  468.8s] [mE1cX7 202502] ep8 va -3.889 α 0.096 τ 0.27 (49s)
[  517.3s] [mE1cX7 202502] ep9 va -4.055 α 0.096 τ 0.24 (49s)
[  568.3s] [mE1cX7 202502] ep10 va -4.131 α 0.096 τ 0.21 (51s)
[  631.9s] [mE1cX7 202502] ep11 va -3.864 α 0.096 τ 0.19 (64s)
[  685.6s] [mE1cX7 202502] ep12 va -3.721 α 0.096 τ 0.16 (54s)
[  734.5s] [mE1cX7 202502] ep13 va -3.848 α 0.096 τ 0.13 (49s)
[  780.7s] [mE1cX7 202502] ep14 va -3.898 α 0.096 τ 0.10 (46s)
[  790.8s] == mE1cX7 202502: net -0.025 bps/锚 ES5 37.92 换手 0.0687 α* 0.0965 best_ep 7 wall 752s
[  790.8s] CAUSALITY ASSERT mE1cX7 202506: n_train 7469 max_train_idx 7468 (2025-05-31 16:00) max_train_label_end 2025-05-31 20:00 <= cutoff 2025-05-31 20:00 (= first_test 2025-06-01 00:00 - 1 anchors) OK
[  841.3s] [mE1cX7 202506] ep0 va -5.962 α 0.099 τ 0.50 (50s)
[  895.5s] [mE1cX7 202506] ep1 va -4.393 α 0.098 τ 0.47 (54s)
[  950.1s] [mE1cX7 202506] ep2 va -3.336 α 0.098 τ 0.44 (55s)
[ 1005.7s] [mE1cX7 202506] ep3 va -4.264 α 0.097 τ 0.41 (56s)
[ 1062.1s] [mE1cX7 202506] ep4 va -3.611 α 0.097 τ 0.39 (56s)
[ 1128.5s] [mE1cX7 202506] ep5 va -3.787 α 0.096 τ 0.36 (66s)
[ 1235.0s] [mE1cX7 202506] ep6 va -4.498 α 0.096 τ 0.33 (106s)
[ 1337.6s] [mE1cX7 202506] ep7 va -6.056 α 0.096 τ 0.30 (103s)
[ 1444.9s] [mE1cX7 202506] ep8 va -5.766 α 0.096 τ 0.27 (107s)
[ 1527.8s] [mE1cX7 202506] ep9 va -5.368 α 0.096 τ 0.24 (83s)
[ 1604.0s] [mE1cX7 202506] ep10 va -4.814 α 0.095 τ 0.21 (76s)
[ 1669.7s] [mE1cX7 202506] ep11 va -5.411 α 0.095 τ 0.19 (66s)
[ 1745.5s] [mE1cX7 202506] ep12 va -5.383 α 0.095 τ 0.16 (76s)
[ 1819.6s] [mE1cX7 202506] ep13 va -5.561 α 0.095 τ 0.13 (74s)
[ 1889.5s] [mE1cX7 202506] ep14 va -5.519 α 0.095 τ 0.10 (70s)
[ 1900.6s] == mE1cX7 202506: net +0.366 bps/锚 ES5 21.32 换手 0.0721 α* 0.0957 best_ep 7 wall 1099s
[ 1900.6s] CAUSALITY ASSERT mE1cX7 202510: n_train 8201 max_train_idx 8200 (2025-09-30 16:00) max_train_label_end 2025-09-30 20:00 <= cutoff 2025-09-30 20:00 (= first_test 2025-10-01 00:00 - 1 anchors) OK
[ 1977.0s] [mE1cX7 202510] ep0 va -4.919 α 0.098 τ 0.50 (76s)
[ 2050.7s] [mE1cX7 202510] ep1 va -4.811 α 0.098 τ 0.47 (74s)
[ 2121.7s] [mE1cX7 202510] ep2 va -4.122 α 0.097 τ 0.44 (71s)
[ 2181.7s] [mE1cX7 202510] ep3 va -4.228 α 0.096 τ 0.41 (60s)
[ 2241.9s] [mE1cX7 202510] ep4 va -5.818 α 0.095 τ 0.39 (60s)
[ 2302.2s] [mE1cX7 202510] ep5 va -3.817 α 0.095 τ 0.36 (60s)
[ 2362.5s] [mE1cX7 202510] ep6 va -4.689 α 0.095 τ 0.33 (60s)
[ 2422.7s] [mE1cX7 202510] ep7 va -4.158 α 0.094 τ 0.30 (60s)
[ 2483.0s] [mE1cX7 202510] ep8 va -4.643 α 0.094 τ 0.27 (60s)
[ 2543.2s] [mE1cX7 202510] ep9 va -4.082 α 0.094 τ 0.24 (60s)
[ 2603.4s] [mE1cX7 202510] ep10 va -4.103 α 0.094 τ 0.21 (60s)
[ 2663.2s] [mE1cX7 202510] ep11 va -3.982 α 0.094 τ 0.19 (60s)
[ 2722.9s] [mE1cX7 202510] ep12 va -4.160 α 0.094 τ 0.16 (60s)
[ 2782.5s] [mE1cX7 202510] ep13 va -4.020 α 0.094 τ 0.13 (60s)
[ 2841.6s] [mE1cX7 202510] ep14 va -4.038 α 0.094 τ 0.10 (59s)
[ 2848.6s] == mE1cX7 202510: net +6.248 bps/锚 ES5 47.68 换手 0.0274 α* 0.0943 best_ep 7 wall 941s
[ 2848.6s] CAUSALITY ASSERT mE1cX7 202602: n_train 8939 max_train_idx 8938 (2026-01-31 16:00) max_train_label_end 2026-01-31 20:00 <= cutoff 2026-01-31 20:00 (= first_test 2026-02-01 00:00 - 1 anchors) OK
[ 2913.1s] [mE1cX7 202602] ep0 va -8.271 α 0.099 τ 0.50 (64s)
[ 2977.3s] [mE1cX7 202602] ep1 va -8.072 α 0.098 τ 0.47 (64s)
[ 3043.0s] [mE1cX7 202602] ep2 va -8.109 α 0.097 τ 0.44 (66s)
[ 3109.3s] [mE1cX7 202602] ep3 va -8.007 α 0.096 τ 0.41 (66s)
[ 3174.8s] [mE1cX7 202602] ep4 va -8.182 α 0.096 τ 0.39 (66s)
[ 3240.8s] [mE1cX7 202602] ep5 va -8.009 α 0.095 τ 0.36 (66s)
[ 3306.6s] [mE1cX7 202602] ep6 va -7.984 α 0.095 τ 0.33 (66s)
[ 3372.4s] [mE1cX7 202602] ep7 va -8.017 α 0.095 τ 0.30 (66s)
[ 3438.2s] [mE1cX7 202602] ep8 va -8.028 α 0.095 τ 0.27 (66s)
[ 3503.7s] [mE1cX7 202602] ep9 va -8.060 α 0.095 τ 0.24 (65s)
[ 3569.9s] [mE1cX7 202602] ep10 va -7.987 α 0.095 τ 0.21 (66s)
[ 3635.9s] [mE1cX7 202602] ep11 va -7.989 α 0.094 τ 0.19 (66s)
[ 3701.6s] [mE1cX7 202602] ep12 va -8.017 α 0.094 τ 0.16 (66s)
[ 3766.0s] [mE1cX7 202602] ep13 va -8.051 α 0.094 τ 0.13 (64s)
[ 3831.6s] [mE1cX7 202602] ep14 va -8.018 α 0.094 τ 0.10 (66s)
[ 3836.5s] == mE1cX7 202602: net +3.690 bps/锚 ES5 29.73 换手 0.0389 α* 0.0948 best_ep 7 wall 983s
[ 3836.5s] CAUSALITY ASSERT mE1cX7 202606: n_train 9659 max_train_idx 9658 (2026-05-31 16:00) max_train_label_end 2026-05-31 20:00 <= cutoff 2026-05-31 20:00 (= first_test 2026-06-01 00:00 - 1 anchors) OK
[ 3907.1s] [mE1cX7 202606] ep0 va -7.085 α 0.098 τ 0.50 (71s)
[ 3978.6s] [mE1cX7 202606] ep1 va -7.111 α 0.097 τ 0.47 (72s)
[ 4049.6s] [mE1cX7 202606] ep2 va -6.962 α 0.096 τ 0.44 (71s)
[ 4121.2s] [mE1cX7 202606] ep3 va -6.875 α 0.095 τ 0.41 (72s)
[ 4193.0s] [mE1cX7 202606] ep4 va -6.990 α 0.095 τ 0.39 (72s)
[ 4265.1s] [mE1cX7 202606] ep5 va -6.965 α 0.094 τ 0.36 (72s)
[ 4337.0s] [mE1cX7 202606] ep6 va -6.993 α 0.094 τ 0.33 (72s)
[ 4408.8s] [mE1cX7 202606] ep7 va -6.899 α 0.093 τ 0.30 (72s)
[ 4480.5s] [mE1cX7 202606] ep8 va -6.981 α 0.093 τ 0.27 (72s)
[ 4552.0s] [mE1cX7 202606] ep9 va -6.975 α 0.093 τ 0.24 (71s)
[ 4623.7s] [mE1cX7 202606] ep10 va -6.952 α 0.093 τ 0.21 (72s)
[ 4695.3s] [mE1cX7 202606] ep11 va -7.043 α 0.093 τ 0.19 (72s)
[ 4767.0s] [mE1cX7 202606] ep12 va -7.022 α 0.093 τ 0.16 (72s)
[ 4832.6s] [mE1cX7 202606] ep13 va -7.014 α 0.093 τ 0.13 (66s)
[ 4886.5s] [mE1cX7 202606] ep14 va -7.017 α 0.093 τ 0.10 (54s)
[ 4889.0s] == mE1cX7 202606: net +5.795 bps/锚 ES5 51.37 换手 0.0362 α* 0.0934 best_ep 7 wall 1050s
[ 4889.0s] MWF_TRAIN_DONE mE1cX7 s42 folds 5 月均净 +3.215 bps/锚(训练帧, 非终审)
