tests_fx_prod code=/Users/haosiyu/cc_tmp/fx_prod shadow_loop_v3.py=55bd89c9adce3999 combo_stage.py=1c6a491d30606312 cells=['P1', 'P6', 'P9'] utc=2026-09-13T15:45:51Z
[P1] king column 80: training v0 vs served (snapshot-forward replay at 09-12 12Z; state = close of 08Z)
  OK   [RED] P1-R1 served X[:,76] (king col 80) == float32(training v0 = pod_panel_ext.py L124-133 on raw rate) for fresh members, 0 otherwise — {'members': 400, 'fresh': 400, 'mismatching_cells': 0, 'median_served_over_v0_by_iv': {1.0: 1.0, 4.0: 1.0, 8.0: 1.0}}
  OK   [KEEP] P1-N1 fund leg z / fund_z_old / base_n / fund_base_n / members == live prev_rec at A (fund leg remains v1)
  OK   [KEEP] P1-R0 flag OFF: replay king weights at 09-12 12Z == live weights file (idx/val/members bitwise)
  OK   [NEW] P1-N2 ON vs OFF: members equal; X columns != 76 bitwise equal; pred bitwise equal on rows whose col 76 is equal — {'rows_col76_equal': 89, 'rows': 400}
  OK   [NEW] P1-N2b flag OFF served col 76 == v1 (fe_v) ⇒ OFF is the old serving
  OK   [NEW] P1-N3 ema_v0 carried by the producer recursion == training oracle for all names after the anchor (bitwise), last_ts == ema — {'n': 525, 'bad': []}
  OK   [NEW] P1-N4 missing v0 entry: served 0, not cold-started, counted in the fund_col80 log event — {'victim': '0GUSDT', 'served': 0.0, 'event': {'e': 'fund_col80', 'anchor_ts': 1789214400, 'caliber': 'v0', 'v0_state': True, 'n_fresh_missing_v0': 1, 'n_members_missing_v0': 1, 'missing_v0': ['0GUSDT'], 'logged_utc': '2026-09-13T15:46:07Z'}}
  OK   [NEW] P1-N5 load: no ema_v0 ⇒ REFUSE_TO_START exit 2; inconsistent last_ts ⇒ exit 2; consistent ⇒ loads with ema_v0 — {'no_v0': 'exit2', 'inconsistent': 'exit2', 'consistent': 'loaded'}
  OK   [NEW] P1-N6 ShadowState.save writes ema_v0 into aux.json (single atomic write) and it round-trips
[P6] bundle bootstrap: seed interval labels and EMA/seed alignment
  OK   [RED] P6-R1 bootstrap from the 08-16 bundle is REFUSED (exact EMA impact of label repairs > 1e-9) and names PROM/ACE/DEXE/ERA/BANK — {'result': 'exit2', 'named': ['PROMUSDT', 'ACEUSDT', 'DEXEUSDT', 'ERAUSDT', 'BANKUSDT'], 'stdout': ".0005076236735097126), ('BANKUSDT', 'repair_impact_on_bundle_ema', -0.00011503008606435535), ('DEXEUSDT', 'repair_impact_on_bundle_ema', -0.0003445525873658286), ('ERAUSDT', 'repair_impact_on_bundle_ema', -0.00020121868619534384), ('PROMUSDT', 'repair_impact_on_bundle_ema', -0.0027458696833691032)]\n"}
  OK   [RED] P6-R2 v3 bundle (ONG 08-25 08Z label corrected): after bootstrap ema[s].last_ts == seed last row for all 450 names and acc == producer recursion over the missing seed rows — {'names_not_at_seed_end': 0, 'example': [], 'worst_abs_diff': 0.0}
  OK   [KEEP] P6-K1 v3 seed switch rows ESPORTS 07-29 20Z / T 07-25 04Z (zip-declared 4) keep iv 4.0 after bootstrap — {'got': {('ESPORTSUSDT', 1785355200): [4.0], ('TUSDT', 1784952000): [4.0]}, 'zip_declared_4': True}
  OK   [RED] P6-R3 in-service v3 bundle as exported is REFUSED and names ONGUSDT (seed label 2.0 vs declared 4, EMA impact > 1e-9) — {'result': 'exit2', 'stdout': "REFUSE_TO_START: bundle seed/EMA inconsistent (1): [('ONGUSDT', 'repair_impact_on_bundle_ema', -5.984672158291157e-07)]\n"}
  OK   [NEW] P6-N1 v3 bootstrap logs seed_iv_rederived with repaired rows, kept-unresolved rows (ESPORTS/T switch rows) and caught-up EMA counts — {'e': 'seed_iv_rederived', 'n_repaired': 0, 'repaired': [], 'n_kept_unresolved': 2, 'kept_unresolved': [['ESPORTSUSDT', 1785355200, 4.0, 1.0, 'unresolved'], ['TUSDT', 1784952000, 4.0, 1.0, 'unresolved']], 'n_caught_up_v1': 448, 'n_caught_up_v0': 448, 'max_abs_repair_impact': 0.0, 'logged_utc': '2026-09-13T15:46:36Z'}
  OK   [NEW] P6-N2 real 4h steady row 0GUSDT 07-23 12Z relabelled 1.0: exact impact 4.32e-10 <= 1e-9 ⇒ loads, row repaired to 4.0 (if still in the 400-row tail) and named — {'result': 'loaded', 'repaired': [['0GUSDT', 1784808000, 1.0, 4.0, 'steady']], 'stdout': ''}
  OK   [NEW] P6-N3 EMA last_ts that is not a seed row ⇒ REFUSE_TO_START (catch-up only from a seed row) — {'result': 'exit2', 'stdout': "REFUSE_TO_START: bundle seed/EMA inconsistent (1): [('0GUSDT', 'ema_last_ts_not_a_seed_row', 1788134407)]\n"}
  OK   [NEW] P6-N4 bundle v0 state caught up to the seed end == training v0 oracle for all names (bitwise) — {'bad': [], 'n': 450}
[P9] live append path: interval labels re-resolved with exact rules, exact EMA correction
  OK   [RED] P9-R ONGUSDT 08-25 08Z: label 4.0 after the next anchor and v1 EMA == rebuild with the ledger's labels — interest signature (rate 5.000e-05 = 4h interest leg; August zip declares 4) — {'label': 4.0, 'acc': -0.007570904086279062, 'rebuild': -0.007570904086279062}
  OK   [KEEP] P9-K ONGUSDT: neighbour rows before/after the transition keep the producer's labels — {'neighbours': [(1787634000, 1.0), (1787659200, 4.0)]}
  OK   [NEW] P9-N COTIUSDT 08-31 20Z: label kept 1.0 and logged unresolved with candidates [1, 4] — back 1h / fwd 4h, no signature: unresolved at the append path (August zip declares 4; monthly reconciliation fixes it) — {'label': 1.0, 'logged': [['COTIUSDT', 1788206400, 1.0, [1.0, 4.0], 'unresolved']]}
  OK   [KEEP] P9-K COTIUSDT: neighbour rows before/after the transition keep the producer's labels — {'neighbours': [(1788202800, 1.0), (1788220800, 4.0)]}
  OK   [RED] P9-R ZKCUSDT 09-02 20Z: label is an adjacent schedule (forward 4.0, likely 40/41) and v1 EMA == rebuild with the ledger's labels — 3h gap between a 1h and a 4h schedule: stored 2.0 is not an adjacent schedule — {'label': 4.0}
  OK   [KEEP] P9-K ZKCUSDT: neighbour rows before/after the transition keep the producer's labels — {'neighbours': [(1788368400, 1.0), (1788393600, 4.0)]}
  OK   [NEW] P9-N TUSDT 09-06 00Z: label kept 1.0 and logged unresolved with candidates [1, 4] — back 1h / fwd 4h, no signature: unresolved (September zip not published) — {'label': 1.0, 'logged': [['TUSDT', 1788652800, 1.0, [1.0, 4.0], 'unresolved']]}
  OK   [KEEP] P9-K TUSDT: neighbour rows before/after the transition keep the producer's labels — {'neighbours': [(1788649200, 1.0), (1788667200, 4.0)]}
  OK   [NEW] P9-N SKRUSDT 09-07 20Z: label kept 1.0 and logged unresolved with candidates [1, 4] — back 1h / fwd 4h, no signature: unresolved (September zip not published) — {'label': 1.0, 'logged': [['SKRUSDT', 1788811200, 1.0, [1.0, 4.0], 'unresolved']]}
  OK   [KEEP] P9-K SKRUSDT: neighbour rows before/after the transition keep the producer's labels — {'neighbours': [(1788807600, 1.0), (1788825600, 4.0)]}
  OK   [RED] P9-R SOPHUSDT 09-11 12Z: label is an adjacent schedule (forward 4.0, likely 40/41) and v1 EMA == rebuild with the ledger's labels — 3h gap between a 1h and a 4h schedule: stored 2.0 is not an adjacent schedule — {'label': 4.0}
  OK   [KEEP] P9-K SOPHUSDT: neighbour rows before/after the transition keep the producer's labels — {'neighbours': [(1789117200, 1.0), (1789142400, 4.0)]}
  OK   [KEEP] P9-K ONG 08-26 20Z long->short at the cap (rate -0.02): label stays 4.0
  OK   [RED] P9-R cold start ILVUSDT at 09-04 00Z: first row 07-26 08Z labelled like the zip (4.0), not the 8.0 default; v1 EMA == rebuild with the ledger labels — {'first': [1785052800, 5e-05, 4.0]}
SUMMARY tests_fx_prod: 31 cells, 0 fail (RED fail 0, KEEP fail 0, NEW fail 0, CRASH 0)
rc=0
