packed /workspace/fx_data_2026-09-13/out/arms/C0_PWR230k_s42.npz (10039, 23) (10039, 829)
C0_PWR230k_s42 done
packed /workspace/fx_data_2026-09-13/out/arms/TU_PWR230k_s42.npz (10039, 23) (10039, 829)
TU_PWR230k_s42 done
packed /workspace/fx_data_2026-09-13/out/arms/TB_PWR230k_s42.npz (10039, 23) (10039, 829)
TB_PWR230k_s42 done
packed /workspace/fx_data_2026-09-13/out/arms/TF_PWR230k_s42.npz (10039, 23) (10039, 829)
TF_PWR230k_s42 done
packed /workspace/fx_data_2026-09-13/out/arms/TF4_PWR230k_s42.npz (10039, 23) (10039, 829)
TF4_PWR230k_s42 done
packed /workspace/fx_data_2026-09-13/out/arms/C0_PWR230k_s2027.npz (10039, 23) (10039, 829)
C0_PWR230k_s2027 done
packed /workspace/fx_data_2026-09-13/out/arms/TU_PWR230k_s2027.npz (10039, 23) (10039, 829)
TU_PWR230k_s2027 done
packed /workspace/fx_data_2026-09-13/out/arms/TB_PWR230k_s2027.npz (10039, 23) (10039, 829)
TB_PWR230k_s2027 done
packed /workspace/fx_data_2026-09-13/out/arms/TF_PWR230k_s2027.npz (10039, 23) (10039, 829)
TF_PWR230k_s2027 done
packed /workspace/fx_data_2026-09-13/out/arms/TF4_PWR230k_s2027.npz (10039, 23) (10039, 829)
TF4_PWR230k_s2027 done
ALL_ARMS_DONE
rc=0
