[     9s] input shas ok
[    38s] holefix2 channels (490753, 829, 2) (490753, 829, 7)
[    66s] x0910 channels (493633, 829, 2) (493633, 829, 7)
[    81s] P {"symbols": 829, "rows_holefix2": 490753, "rows_union": 493633, "first_bar": "2022-01-01T00:00Z", "last_bar_holefix2": "2026-09-01T00:00Z", "last_bar": "2026-09-11T00:00Z", "x0910_prefix_equal_log_cnt": true, "x0910_prefix_equal_ret5": true, "spacing_census_s": {"300": 493632}, "log_cnt_min_positive": 0.693359375, "log_cnt_max": 13.9921875, "cells": {"TRADED": 153569514, "UNTRADED": 15881719, "NODATA": 239770524, "TRADED_ret5_nan": 840, "UNTRADED_ret5_nan": 1, "NODATA_ret5_finite": 0, "UNTRADED_ret5_exactly0": 15881718, "UNTRADED_ret5_nonzero": 0}}
[    92s] A W24H (10285, 829) 3208920
[   103s] A W4H (10285, 829) 3208062
[   109s] R W24H ok
[   115s] R W4H ok
[   119s] D ok 123820
[   121s] C {"2022": {"anchors": 2190, "dead_after_name_anchors": 17380, "W24H": {"TRADABLE": 310947, "UNTRADED": 6993, "NODATA": 1497570, "lag_TRADABLE_and_dead": 84, "UNTRADED_and_dead": 2893, "UNTRADED_but_trades_again": 1911}, "W4H": {"TRADABLE": 310847, "UNTRADED": 7028, "NODATA": 1497635, "lag_TRADABLE_and_dead": 14, "UNTRADED_but_trades_again": 1921}}, "2023": {"anchors": 2190, "dead_after_name_anchors": 33987, "W24H": {"TRADABLE": 415952, "UNTRADED": 18999, "NODATA": 1380559, "lag_TRADABLE_and_dead": 18, "UNTRADED_and_dead": 14259, "UNTRADED_but_trades_again": 2550}, "W4H": {"TRADABLE": 415932, "U
[   128s] T7 {"hours_compared": 7638831, "both_traded": 7566867, "both_zero": 71964, "t7_traded_cache_untraded": 0, "t7_zero_cache_traded": 0, "cache_nodata_t7_row": 504, "symbols": 362, "symbols_not_on_axis": 0}
Traceback (most recent call last):
  File "/workspace/fx_data_2026-09-13/devices/fx_trd_build.py", line 190, in <module>
    A2 = T.Artifact.load(art, expected_sha256=rec["artifact"]["sha256"])
         ^^^^^^^^^^^^^^^^^^^^^^^^^^^^^^^^^^^^^^^^^^^^^^^^^^^^^^^^^^^^^^^
  File "/workspace/fx_data_2026-09-13/common/tradability.py", line 162, in load
    return cls(np.load(path, allow_pickle=False), path, sha)
           ^^^^^^^^^^^^^^^^^^^^^^^^^^^^^^^^^^^^^^^^^^^^^^^^^
  File "/workspace/fx_data_2026-09-13/common/tradability.py", line 144, in __init__
    raise TradabilityError("artifact was built under spec %s, module is %s" % (spec[:16], SPEC_SHA256[:16]))
tradability.TradabilityError: artifact was built under spec ['99ae35e01ec3dd, module is 99ae35e01ec3dd06
rc=1
