=== TRAIN STATUS ===
TRAIN_RC[D4]=0 2026-09-11T13:01:49Z
TRAIN_RC[D2]=0 2026-09-11T13:01:49Z
TRAIN_RC[D3]=0 2026-09-11T13:01:49Z
TRAIN_RC[D1]=0 2026-09-11T13:01:50Z
TRAIN_RC[D8]=0 2026-09-11T13:05:46Z
TRAIN_RC[D5]=0 2026-09-11T13:05:46Z
TRAIN_RC[D6]=0 2026-09-11T13:05:46Z
TRAIN_RC[D7]=0 2026-09-11T13:05:46Z
TRAIN_RC[R3,V2=1]=0 2026-09-11T13:24:05Z
TRAIN_RC[R2,V2=1]=0 2026-09-11T13:24:05Z
TRAIN_RC[R4,V2=1]=0 2026-09-11T13:24:06Z
TRAIN_RC[R1,V2=1]=0 2026-09-11T13:24:17Z
[ 1925.9s] F10_TRAIN_DONE V2MAIN s42 年均净 +0.165 bps/锚(训练帧, 非终审)
[ 1924.8s] F10_TRAIN_DONE V2MAIN s42 年均净 +0.165 bps/锚(训练帧, 非终审)
[ 1925.1s] F10_TRAIN_DONE V2MAIN s42 年均净 +0.165 bps/锚(训练帧, 非终审)
[ 1925.7s] F10_TRAIN_DONE V2MAIN s42 年均净 +0.165 bps/锚(训练帧, 非终审)
[ 1943.8s] F10_TRAIN_DONE V2MAIN s42 年均净 +0.165 bps/锚(训练帧, 非终审)
[ 1945.0s] F10_TRAIN_DONE V2MAIN s42 年均净 +0.165 bps/锚(训练帧, 非终审)
[ 1943.4s] F10_TRAIN_DONE V2MAIN s42 年均净 +0.165 bps/锚(训练帧, 非终审)
[ 1943.5s] F10_TRAIN_DONE V2MAIN s42 年均净 +0.165 bps/锚(训练帧, 非终审)
[ 2347.0s] F10_TRAIN_DONE V2MAIN s42 年均净 +1.302 bps/锚(训练帧, 非终审)
[ 2335.8s] F10_TRAIN_DONE V2MAIN s42 年均净 +1.302 bps/锚(训练帧, 非终审)
[ 2335.4s] F10_TRAIN_DONE V2MAIN s42 年均净 +1.302 bps/锚(训练帧, 非终审)
[ 2335.9s] F10_TRAIN_DONE V2MAIN s42 年均净 +1.302 bps/锚(训练帧, 非终审)
=== VERIFY TRAIN (sha / va / input shas) ===
run              V2     preds_sha16      best_va 2023/24/25/26                      net_all    bitwise==ARCH_s42
ARCHIVED_s42     ?      42666fc75aa68b44 -4.0958/-4.6342/-3.1712/-7.6507            1.302      True
ARCHIVED_s2027   ?      57c3625cf616c851 -3.4891/-4.7040/-3.1733/-7.6245            1.3624     False
R3_s42           V2ZERO e754c0ad39da3908 -2.6494/-2.0746/-1.7738/-2.0245            0.1652     False
R3_s7            V2ZERO dc752b7e5bcd7c5a -1.9380/-1.6138/-1.5788/-2.0127            0.1472     False
R3_s101          V2ZERO 9877ee6fa89eb873 -2.3855/-1.9040/-1.2661/-1.5698            0.1176     False
R3_s1234         V2ZERO a262318d02a20afd -2.4112/-2.1931/-1.5753/-1.8566            0.111      False
R3_s31337        V2ZERO 1aa187d2f711b823 -2.4390/-2.0112/-1.4419/-1.3466            0.1206     False
D1               V2ZERO e754c0ad39da3908 -2.6494/-2.0746/-1.7738/-2.0245            0.1652     False
D2               V2ZERO e754c0ad39da3908 -2.6494/-2.0746/-1.7738/-2.0245            0.1652     False
D3               V2ZERO e754c0ad39da3908 -2.6494/-2.0746/-1.7738/-2.0245            0.1652     False
D4               V2ZERO e754c0ad39da3908 -2.6494/-2.0746/-1.7738/-2.0245            0.1652     False
D5               V2ZERO e754c0ad39da3908 -2.6494/-2.0746/-1.7738/-2.0245            0.1652     False
D6               V2ZERO e754c0ad39da3908 -2.6494/-2.0746/-1.7738/-2.0245            0.1652     False
D7               V2ZERO e754c0ad39da3908 -2.6494/-2.0746/-1.7738/-2.0245            0.1652     False
D8               V2ZERO e754c0ad39da3908 -2.6494/-2.0746/-1.7738/-2.0245            0.1652     False
R1               V2ONE  42666fc75aa68b44 -4.0958/-4.6342/-3.1712/-7.6507            1.302      True
R2               V2ONE  42666fc75aa68b44 -4.0958/-4.6342/-3.1712/-7.6507            1.302      True
R3               V2ONE  42666fc75aa68b44 -4.0958/-4.6342/-3.1712/-7.6507            1.302      True
R4               V2ONE  42666fc75aa68b44 -4.0958/-4.6342/-3.1712/-7.6507            1.302      True
within V2ZERO: all identical sha = False
within V2ONE: all identical sha = True
VERIFY_TRAIN_DONE
=== ALIGN ===
D1 e754c0ad39da3908 -> f10_A0_sD1.npy
D2 e754c0ad39da3908 -> f10_A0_sD2.npy
D3 e754c0ad39da3908 -> f10_A0_sD3.npy
D4 e754c0ad39da3908 -> f10_A0_sD4.npy
D5 e754c0ad39da3908 -> f10_A0_sD5.npy
D6 e754c0ad39da3908 -> f10_A0_sD6.npy
D7 e754c0ad39da3908 -> f10_A0_sD7.npy
D8 e754c0ad39da3908 -> f10_A0_sD8.npy
R1 42666fc75aa68b44 -> f10_A0_sR1.npy
R2 42666fc75aa68b44 -> f10_A0_sR2.npy
R3 42666fc75aa68b44 -> f10_A0_sR3.npy
R4 42666fc75aa68b44 -> f10_A0_sR4.npy
SAME_SEED42_newenv_pairs               {'n_pairs': 78, 'mean': 0.8858284696944151, 'min': 0.7526283510045667, 'max': 1.0}
DIFF_SEED_newenv_pairs                 {'n_pairs': 6, 'mean': 0.625352097068829, 'min': 0.47276018722970214, 'max': 0.7708208936364254}
SEED42_vs_OTHERSEED_newenv             {'n_pairs': 52, 'mean': 0.6276375663370213, 'min': 0.4415564102071977, 'max': 0.7063834520809241}
ARCHIVED_s42_vs_ARCHIVED_s2027         {'n_pairs': 1, 'mean': 0.8430799768549888, 'min': 0.8430799768549888, 'max': 0.8430799768549888}
ARCHIVED_s42_vs_SAME_SEED42_newenv     {'n_pairs': 13, 'mean': 0.8287427045416232, 'min': 0.7526283510045667, 'max': 1.0}
ALIGN_P4_DONE
=== DEVICE at FITTED cost PWR230k ===
R4_A0_PWR230k_dyn_sD1              ok  26.8s sha bb469b33062355ba
R4_A0_PWR230k_fix_sD1              ok  25.5s sha 03ced19cde5e16b5
R4_A0_PWR230k_dyn_sD2              ok  27.1s sha b86304239e1aa208
R4_A0_PWR230k_fix_sD2              ok  24.9s sha 0753b1ef607a57e0
R4_A0_PWR230k_dyn_sD3              ok  27.1s sha aa4e3bad8fde0780
R4_A0_PWR230k_fix_sD3              ok  25.2s sha 70b3f82775aa658f
R4_A0_PWR230k_dyn_sD4              ok  26.6s sha a2f90d8c42782fa4
R4_A0_PWR230k_fix_sD4              ok  25.0s sha 7e158d3243a1b77d
R4_A0_PWR230k_dyn_sD5              ok  27.3s sha 1c916c7d5d218c20
R4_A0_PWR230k_fix_sD5              ok  25.8s sha 53e33b49de17e792
R4_A0_PWR230k_dyn_sD6              ok  27.5s sha e58761608952aa5c
R4_A0_PWR230k_fix_sD6              ok  26.0s sha d25d1028572f63df
R4_A0_PWR230k_dyn_sD7              ok  27.4s sha a039b35956d4766a
R4_A0_PWR230k_fix_sD7              ok  25.2s sha de2558c2d174af9e
R4_A0_PWR230k_dyn_sD8              ok  27.1s sha d882472eae0ce62e
R4_A0_PWR230k_fix_sD8              ok  25.4s sha 8b5b9cc74c419db6
R4_A0_PWR230k_dyn_sR1              ok  26.3s sha 2c2541041992fc24
R4_A0_PWR230k_fix_sR1              ok  25.0s sha bd5a1cf557108592
R4_A0_PWR230k_dyn_sR2              ok  26.3s sha c66a2ce82d26b16f
R4_A0_PWR230k_fix_sR2              ok  25.0s sha c6e0794c0d76a61b
R4_A0_PWR230k_dyn_sR3              ok  27.0s sha f9ed1cea35afaa42
R4_A0_PWR230k_fix_sR3              ok  24.5s sha d3009dc61c4e06f0
R4_A0_PWR230k_dyn_sR4              ok  26.6s sha 52e12a797caf5bc4
R4_A0_PWR230k_fix_sR4              ok  24.9s sha 61db9528c37df2ae
RUNNER_DONE
=== ANALYZE ===
   },
   "g": {
    "n": 4,
    "mean": 1.7631,
    "sd": 0.0198,
    "min": 1.7519,
    "max": 1.7927,
    "range": 0.0408
   },
   "SE_of_one_SR_estimate": 0.8314,
   "per_draw_SR": {
    "7": 2.7739,
    "101": 2.7838,
    "1234": 2.8328,
    "31337": 2.7732
   }
  },
  "fix|FROZEN|ARCHIVED_V2ONE": {
   "SR": {
    "n": 2,
    "mean": 2.8308,
    "sd": 0.0037,
    "min": 2.8281,
    "max": 2.8334,
    "range": 0.0053
   },
   "g": {
    "n": 2,
    "mean": 1.8014,
    "sd": 0.0046,
    "min": 1.7982,
    "max": 1.8047,
    "range": 0.0065
   },
   "SE_of_one_SR_estimate": 0.8314,
   "per_draw_SR": {
    "42": 2.8334,
    "2027": 2.8281
   }
  }
 },
 "inservice_position": {
  "dyn|FULL": {
   "archived_s42_SR": 1.415,
   "same_seed_mean": 1.415,
   "z_vs_same_seed": NaN,
   "frac_of_draws_below_archived": 0.0,
   "n_draws": 5
  },
  "dyn|F23": {
   "archived_s42_SR": 1.5118,
   "same_seed_mean": 1.5118,
   "z_vs_same_seed": NaN,
   "frac_of_draws_below_archived": 0.0,
   "n_draws": 5
  },
  "dyn|FROZEN": {
   "archived_s42_SR": 2.9357,
   "same_seed_mean": 2.9357,
   "z_vs_same_seed": NaN,
   "frac_of_draws_below_archived": 0.0,
   "n_draws": 5
  },
  "fix|FULL": {
   "archived_s42_SR": 0.4841,
   "same_seed_mean": 0.4841,
   "z_vs_same_seed": 0.894,
   "frac_of_draws_below_archived": 0.0,
   "n_draws": 5
  },
  "fix|F23": {
   "archived_s42_SR": 0.4995,
   "same_seed_mean": 0.4995,
   "z_vs_same_seed": NaN,
   "frac_of_draws_below_archived": 0.0,
   "n_draws": 5
  },
  "fix|FROZEN": {
   "archived_s42_SR": 2.8334,
   "same_seed_mean": 2.8334,
   "z_vs_same_seed": NaN,
   "frac_of_draws_below_archived": 0.0,
   "n_draws": 5
  }
 },
 "seat_amplification": {
  "group_used": "SEEDS_V2ZERO",
  "FULL": {
   "sd_SR_dyn": 0.0203,
   "sd_SR_fix": 0.0168,
   "ratio_dyn_over_fix": 1.208,
   "mean_model_leg_weight_dyn": 0.4636,
   "mean_model_leg_weight_fix": 0.21,
   "sd_SR_dyn_per_unit_modelweight": 0.0438,
   "sd_SR_fix_per_unit_modelweight": 0.08,
   "sd_of_dyn_model_leg_weight_across_draws": 0.0
  },
  "F23": {
   "sd_SR_dyn": 0.0222,
   "sd_SR_fix": 0.0185,
   "ratio_dyn_over_fix": 1.2,
   "mean_model_leg_weight_dyn": 0.4636,
   "mean_model_leg_weight_fix": 0.21,
   "sd_SR_dyn_per_unit_modelweight": 0.0479,
   "sd_SR_fix_per_unit_modelweight": 0.0881,
   "sd_of_dyn_model_leg_weight_across_draws": 0.0
  },
  "FROZEN": {
   "sd_SR_dyn": 0.0402,
   "sd_SR_fix": 0.0283,
   "ratio_dyn_over_fix": 1.42,
   "mean_model_leg_weight_dyn": 0.4636,
   "mean_model_leg_weight_fix": 0.21,
   "sd_SR_dyn_per_unit_modelweight": 0.0867,
   "sd_SR_fix_per_unit_modelweight": 0.1348,
   "sd_of_dyn_model_leg_weight_across_draws": 0.0
  }
 }
}
ANALYZE_P4_DONE
CHAIN_P4_DONE
