[    0.4s] meta (10182, 829) panel (10039, 829)
[    0.9s] A_ew parity vs r12 = 0.0 (bit-exact), members mean 282.8
[    1.3s] beta prefix-sum vs direct maxabs {60: 9.614531393253856e-13, 120: 5.224709553885987e-13, 250: 2.3447910280083306e-13}
[    1.5s] beta matrix W=60 built, finite frac 0.3243
[    1.7s] beta matrix W=120 built, finite frac 0.3194
[    1.9s] beta matrix W=250 built, finite frac 0.3085
[    2.7s] archive self-check OK {'mean_g': 0.6341956721704608, 'sharpe': 1.2912234378101446, 'turn_raw': 0.03031580569927569, 'turn_matched': 0.05402702626085247}
[    3.2s] GATE P s42 {'pnl_ex_maxabs': 8.610721977220237e-06, 'carry_ex_maxabs': 1.5488434490507075e-07, 'cost_ex_maxabs': 2.547998927127093e-08, 'net_ex_maxabs': 8.607697964180261e-06, 'g_maxabs': 1.1258829715643515e-05, 'mean_g_rebuild': 0.6341956744917235, 'mean_g_archive': 0.6341956721704608}
[    3.8s] GATE P s2027 {'pnl_ex_maxabs': 8.610721977220237e-06, 'carry_ex_maxabs': 1.4247008461865107e-07, 'cost_ex_maxabs': 2.51799325834412e-08, 'net_ex_maxabs': 8.607697964180261e-06, 'g_maxabs': 1.1258829715643515e-05, 'mean_g_rebuild': 0.6579358511842209, 'mean_g_archive': 0.6579358470455169}
[    6.4s] shrinkage no-op {'g_maxabs': 9.72029258110203, 'theta_maxabs': 0.12669756985492353, 'note': 'Vasicek rho scales Bhat, s and V so it cancels exactly in theta* = kappa*Bhat*s/(VL+VS)'}
[    7.8s] arm K0.25_W60 done
[    9.1s] arm K0.25_W120 done
[   10.5s] arm K0.25_W250 done
[   11.8s] arm K0.50_W60 done
[   13.2s] arm K0.50_W120 done
[   14.5s] arm K0.50_W250 done
[   15.9s] arm K0.75_W60 done
[   17.2s] arm K0.75_W120 done
[   18.5s] arm K0.75_W250 done
[   19.9s] arm K1.00_W60 done
[   21.2s] arm K1.00_W120 done
[   22.6s] arm K1.00_W250 done
[   24.0s] ARM K0.25_W120 dg +0.0165 CI [-0.0301, 0.0644] dturn% +1.42
[   24.0s] ARM K0.25_W250 dg -0.0031 CI [-0.0502, 0.0462] dturn% +1.13
[   24.0s] ARM K0.25_W60 dg +0.0226 CI [-0.0218, 0.0713] dturn% +2.05
[   24.0s] ARM K0.50_W120 dg +0.0309 CI [-0.0592, 0.123] dturn% +3.64
[   24.0s] ARM K0.50_W250 dg -0.0081 CI [-0.0972, 0.0854] dturn% +2.95
[   24.0s] ARM K0.50_W60 dg +0.0391 CI [-0.0472, 0.1321] dturn% +5.16
[   24.0s] ARM K0.75_W120 dg +0.0390 CI [-0.0889, 0.1687] dturn% +6.11
[   24.0s] ARM K0.75_W250 dg -0.0110 CI [-0.1372, 0.1191] dturn% +4.92
[   24.0s] ARM K0.75_W60 dg +0.0524 CI [-0.0696, 0.1822] dturn% +8.59
[   24.0s] ARM K1.00_W120 dg +0.0487 CI [-0.1097, 0.2137] dturn% +8.61
[   24.0s] ARM K1.00_W250 dg -0.0118 CI [-0.1687, 0.1517] dturn% +6.90
[   24.0s] ARM K1.00_W60 dg +0.0662 CI [-0.0839, 0.2288] dturn% +12.09
[   24.0s] stage1 receipt written
[   25.1s] GATE M {"base": -0.0260912315448634, "overlay": 0.003475904333231711, "abs_base": 0.08501480366545436, "abs_overlay": 0.04222539776480765, "pct_reduction": 50.331711720501346, "ci_abs_base": [0.0814487918280004, 0.08862462221117798], "ci_abs_overlay": [0.0402493583424593, 0.044199710688484786], "ci_delta_abs": [-0.04660609920816613, -0.038874369105235285]}
[   25.1s] GATE M pass = True
[   26.5s] regime table done, cells 34
[   26.5s] tail {"base": {"n_days": 1673, "worst_day": "20220607", "worst_day_ret": -0.11171398183738601, "halt4": 6, "alert268": 24, "halt4_per_yr": 1.3090257023311416, "maxDD": 0.46417931631583276}, "overlay": {"n_days": 1673, "worst_day": "20220607", "worst_day_ret": -0.07217718874930457, "halt4": 2, "alert268": 17, "halt4_per_yr": 0.4363419007770472, "maxDD": 0.39503709738283865}, "archive": {"n_days": 1673, "worst_day": "20220607", "worst_day_ret": -0.11171398418422795, "halt4": 6, "alert268": 24, "halt4_per_yr": 1.3090257023311416, "maxDD": 0.4641793134243045}, "window": "W_TAIL n=10038 (NO warm drop)"}
[   36.6s] NULL NULL_RELAB1 kappa 1.2188 dg -0.0301 dturn +0.003816 (target +0.003837) fire 8861/9126
[   46.6s] NULL NULL_RELAB2 kappa 1.2812 dg +0.0085 dturn +0.003859 (target +0.003837) fire 9132/9126
[   56.8s] NULL NULL_RELAB3 kappa 1.2188 dg -0.0480 dturn +0.003850 (target +0.003837) fire 9133/9126
[   67.7s] NULL NULL_SHIFT101 kappa 0.9688 dg -0.0474 dturn +0.003803 (target +0.003837) fire 9133/9126
[   75.8s] NULL NULL_SHIFT503 kappa 0.8750 dg -0.0804 dturn +0.003845 (target +0.003837) fire 9133/9126
[   86.1s] NULL NULL_SHIFT1009 kappa 0.7812 dg +0.0102 dturn +0.003823 (target +0.003837) fire 8911/9126
[   86.1s] rho {"d_vs_gA0": [-0.3708471452018511, 9138], "g_overlay_vs_gA0": [0.9371896739380596, 9138], "d_vs_dXIB": [0.08887889784112846, 9138], "gXIB_vs_gA0": [0.8898834950267084, 9138], "d_vs_gXIB": [-0.3244966093769227, 9138], "xib_file": "/workspace/uplift_2026-09-11/seatladder/dev/probe_artifacts/w10_ablation_series_LAD_XIB_dyn_s42.npz", "xib_sha256": "60e58d79d52a789ae0a9502b56129c410dd25e335ebdcda5669d0b10d10fa6bd", "note": "d = overlay increment. |rho(d, dXIB)| >= 0.60 would mean the overlay is the same alpha re-weighting in disguise (prereg 8)."}
[   90.9s] seed s2027 {"dg": -0.008168780131742779, "ci95": [-0.1726788265055147, 0.16165400853659917], "boot_se": 0.08531841670525823, "dturn_matched": 0.003944459856265333, "dturn_pct": 6.918618011746336, "sharpe_ov": 1.4155462094305364, "sharpe_base": 1.329865076707991, "exante_gap_reduction_pct": 50.68784443932027, "dg_reprice_3p2167": -0.03444615104586868, "tail": {"n_days": 1673, "worst_day": "20220607", "worst_day_ret": -0.07217718874930457, "halt4": 2, "alert268": 18, "halt4_per_yr": 0.4363419007770472, "maxDD": 0.40679793554846055}}
[   91.0s] DONE
RESULT_JSON_AT /workspace/uplift_2026-09-11/r13_B_withinhalf/RECEIPT_r13B_full.json
