RUN 2026-09-05T04:30:30Z self 03ab65399c008406 rolling 463c05d0ffc01f21 {'ts0': '07-27 04:05Z', 'ts1': '09-05 04:00Z', 'shape': [11520, 829, 7]}
non-post_anchor readbacks: [('08-26 12:49Z', 'ladder_flatten@post_flatten')]

=== PER-SLOT TABLE (bps of realized_gross; paper on target_live weights) ===
N | canon | I1 I2 | wh | rg | paper_comp paper_sum | s25_comp s25_sum | s20_comp | twin | fund | twin+fund | IS$ | reasons
08-25 20Z | - | .. | 4 |   21975 |  +27.44  +27.57 |  +32.96  +33.12 |  +34.08 |  +28.81 |   -1.89 |  +26.92 |    +0.6 | pre-combo anchor (producer=shadow_loop_v3)
08-26 00Z | - | .2 | 4 |   21999 |   +0.96   -0.90 |   +6.76   +3.44 |   +7.78 |   -9.14 |   -1.92 |  -11.06 |    -1.7 | pre-combo anchor (producer=shadow_loop_v3)
08-26 04Z | Y | 12 | 4 |   22065 |  +47.53  +29.14 |  +38.87  +23.02 |  +36.15 |  +26.55 |   -2.00 |  +24.55 |    +0.7 | 
08-26 08Z | Y | 12 | 4 |   22098 |  +33.62  +31.51 |  +23.73  +24.53 |  +29.86 |  +42.54 |   -1.27 |  +41.27 |    +0.2 | 
08-26 12Z | - | 12 | 4 |   29536 |  -43.17  -34.98 |  -35.96  -29.52 |  -49.53 |  -68.32 |   +0.00 |  -68.32 |    -0.2 | book flattened intra-window (ladder_flatten@post_flatten @ 08-26 12:49Z; E-0826 §4-5e)
08-26 16Z | - | 1. | 4 |       0 |  +16.73  +20.19 |  +25.59  +29.08 |  +32.68 |    nan |    nan |    nan |    +0.0 | flat book at anchor (opening_halted=True, realized_gross=0)
08-26 20Z | Y | 12 | 4 |   15665 |  -50.14  -48.77 |  -47.72  -45.91 |  -45.80 |  -90.99 |   -2.79 |  -93.78 |    +8.3 | 
08-27 00Z | Y | 12 | 4 |   22338 | +100.44 +108.45 |  +80.19  +87.26 |  +81.34 |  +89.60 |   -3.89 |  +85.71 |    -0.8 | 
08-27 04Z | Y | 12 | 4 |   26054 |  +44.52  +43.78 |  +34.07  +31.18 |  +36.60 |  +13.71 |   -2.38 |  +11.33 |    +0.7 | 
08-27 08Z | Y | 12 | 4 |   29410 |  -64.51  -73.21 |  -56.60  -65.24 |  -65.40 |  -37.89 |   -1.28 |  -39.17 |    +1.5 | 
08-27 12Z | Y | 12 | 4 |   40264 |  -13.20  -12.20 |  -15.94  -15.59 |   -7.44 |  -31.59 |   -1.50 |  -33.09 |    +4.0 | 
08-27 16Z | Y | 12 | 4 |   41284 |  +20.18  +21.59 |  +21.04  +22.29 |  +20.22 |  +18.21 |   -1.48 |  +16.73 |    +1.2 | 
08-27 20Z | Y | 12 | 4 |   40828 |   -5.09   -4.58 |   -2.19   -1.75 |   -5.72 |   -8.93 |   -2.17 |  -11.10 |    -0.9 | 
08-28 00Z | Y | 12 | 4 |   41103 |  +16.68  +17.99 |  +27.65  +28.55 |  +22.37 |  +25.03 |   -1.70 |  +23.33 |    -0.0 | 
08-28 04Z | Y | 12 | 4 |   40904 |  +22.36  +22.22 |  +17.70  +17.46 |  +14.42 |  +11.56 |   -1.50 |  +10.06 |    +0.4 | 
08-28 08Z | Y | 12 | 4 |   40999 |  -20.36  -20.22 |  -11.13  -12.05 |   -6.04 |   -4.91 |   -1.44 |   -6.35 |    +0.7 | 
08-28 12Z | Y | 12 | 4 |   41321 |  +35.77  +36.10 |  +36.83  +38.19 |  +32.23 |  +14.02 |   -2.04 |  +11.98 |    +0.7 | 
08-28 16Z | Y | 12 | 4 |   41282 |  +24.55  +22.76 |  +13.59  +11.88 |  +23.09 |  +13.56 |   -1.32 |  +12.25 |    +1.6 | 
08-28 20Z | Y | 12 | 4 |   41298 |  -12.98  -13.86 |  -12.47  -12.50 |  -18.09 |  -15.05 |   -1.73 |  -16.78 |    +0.7 | 
08-29 00Z | Y | 12 | 4 |   41450 |  +38.74  +37.92 |  +38.73  +37.73 |  +46.65 |  +39.86 |   -1.88 |  +37.98 |    +0.5 | 
08-29 04Z | Y | 12 | 4 |   41512 |   +0.70   +0.38 |   +8.33   +8.07 |   +9.31 |   +4.27 |   -1.21 |   +3.06 |    -2.1 | 
08-29 08Z | Y | 12 | 4 |   41616 |  +67.50  +64.27 |  +58.38  +53.26 |  +43.13 |  +65.37 |   -2.20 |  +63.17 |    +1.0 | 
08-29 12Z | Y | 12 | 4 |   42013 |  -11.16   -9.80 |  -26.24  -22.44 |  -12.44 |   -0.10 |   -1.89 |   -1.99 |    +2.0 | 
08-29 16Z | - | .. | 8 |   42181 |   -7.84   -6.85 |  +16.01  +15.05 |  +12.32 |  +44.62 |   -5.13 |  +39.49 |    +1.4 | next anchor row missing -> no 4h end mid; 8h extended window used
08-29 20Z | - | .. | 4 |       0 |    nan    nan |    nan    nan |    nan |    nan |    nan |    nan |    +nan | no target_live file (producer down: E-0829-B restart); no anchors.jsonl row (executor did not trade this slot)
08-30 00Z | Y | 12 | 4 |   42146 |  -15.94  -16.20 |  -13.83  -13.62 |  -20.43 |  -11.40 |   -2.51 |  -13.91 |    +1.1 | 
08-30 04Z | Y | 12 | 4 |   42033 |  +21.77  +21.68 |   +9.91  +10.69 |  +19.29 |  +13.08 |   -2.64 |  +10.44 |    +1.2 | 
08-30 08Z | Y | 12 | 4 |   42505 |   -9.08   -8.47 |   -7.29   -7.53 |   -2.22 |   +3.28 |   -2.53 |   +0.74 |    +1.1 | 
08-30 12Z | Y | 12 | 4 |   42491 |   -3.50   -4.18 |  -15.51  -14.53 |  -19.61 |  -13.73 |   -2.72 |  -16.45 |    +1.4 | 
08-30 16Z | Y | 12 | 4 |   42147 |  -49.84  -50.51 |  -42.97  -43.93 |  -39.66 |  -49.05 |   -2.70 |  -51.75 |    +1.9 | 
08-30 20Z | Y | 12 | 4 |   41395 |   +3.05   +3.47 |  +12.68  +11.56 |  +10.77 |   -1.32 |   -2.64 |   -3.96 |    -0.3 | 
08-31 00Z | Y | 12 | 4 |   41408 |  +17.44  +16.73 |  +17.38  +19.64 |  +14.25 |  +42.16 |   -3.22 |  +38.94 |    +0.5 | 
08-31 04Z | Y | 12 | 4 |   41524 |  -33.84  -42.36 |  -16.14  -24.43 |  -23.03 |  -36.58 |   -2.74 |  -39.32 |    +0.6 | 
08-31 08Z | Y | 12 | 4 |   41509 |   +1.88   +4.47 |  -26.81  -25.27 |  -23.76 |   +5.84 |   -1.44 |   +4.40 |    +0.6 | 
08-31 12Z | Y | 12 | 4 |   41019 |   -4.72   -6.02 |   -8.29   -8.05 |   -3.32 |  -30.91 |   -1.77 |  -32.68 |    -0.2 | 
08-31 16Z | Y | 12 | 4 |   41166 |  -24.28  -25.10 |  -16.99  -17.23 |  -18.96 |  -24.68 |   -1.32 |  -26.00 |    -1.0 | 
08-31 20Z | Y | 12 | 4 |   40975 |  -12.53  -12.35 |  +11.89  +11.16 |   -6.38 |  -13.65 |   -1.96 |  -15.62 |    +0.6 | 
09-01 00Z | Y | 12 | 4 |   40753 |  +25.32   +7.37 |  -11.22  -15.89 |  +18.40 |  -41.08 |   -2.11 |  -43.19 |    -1.3 | 
09-01 04Z | Y | 12 | 4 |   40414 |   +9.95   +8.79 |  -11.77  -10.63 |  -13.54 |   -2.71 |   -2.59 |   -5.29 |    +0.2 | 
09-01 08Z | Y | 12 | 4 |   40200 |  -71.50  -97.82 |  -66.14  -72.08 |  -60.10 |  -36.21 |   -2.75 |  -38.96 |    +0.9 | 
09-01 12Z | Y | 12 | 4 |   39934 |  +58.47  +59.44 |  +51.38  +53.22 |  +44.51 |  +36.05 |   -3.07 |  +32.98 |    +1.0 | 
09-01 16Z | Y | 12 | 4 |   40212 |   -0.36   +1.13 |   +1.88   +2.73 |   +3.12 |  -17.12 |   -1.86 |  -18.98 |    +0.8 | 
09-01 20Z | - | .. | 8 |   40417 |  +39.44  +39.78 |  +16.13  +16.74 |  +21.56 |  +64.04 |   -2.01 |  +62.02 |    +0.5 | next anchor row missing -> no 4h end mid; 8h extended window used
09-02 00Z | - | .. | 4 |       0 |  -26.04  -26.39 |  +35.07  +37.71 |  +18.75 |    nan |    nan |    nan |    +nan | no anchors.jsonl row (executor did not trade this slot)
09-02 04Z | Y | 12 | 4 |   40801 |  +13.75  +13.79 |  -34.66  -38.64 |  -24.72 |   +0.59 |   -1.96 |   -1.38 |    +1.8 | 
09-02 08Z | Y | 12 | 4 |   40555 |  +12.88  +16.01 |  +17.23  +20.66 |  +17.34 |   +9.01 |   -2.28 |   +6.73 |    -0.3 | 
09-02 12Z | Y | 12 | 4 |   40520 |  +14.85  +14.53 |  +44.04  +42.52 |  +34.53 |  +63.93 |   -1.88 |  +62.05 |    +1.0 | 
09-02 16Z | Y | 12 | 4 |   40693 |  +68.78  +52.13 |  +30.90  +23.92 |  +63.42 |  +33.16 |   -1.35 |  +31.81 |    +1.2 | 
09-02 20Z | Y | 12 | 4 |   41282 |  -31.96  -18.96 |   -2.75   +9.21 |  -19.73 |  +42.20 |   -2.01 |  +40.19 |   +66.6 | 
09-03 00Z | Y | 12 | 4 |   41502 |  -20.27  -17.14 |  -24.49  -24.27 |  -20.60 |  -12.53 |   -1.63 |  -14.16 |    +6.9 | 
09-03 04Z | Y | 12 | 4 |   41674 |   +6.35  +10.25 |  -10.52   -6.66 |  -15.65 |   -6.76 |   -1.95 |   -8.71 |    +0.9 | 
09-03 08Z | Y | 12 | 4 |   41639 |   +6.81  +10.55 |   +3.18   +6.54 |  +14.00 |   +4.71 |   -1.03 |   +3.68 |    -1.3 | 
09-03 12Z | Y | 12 | 4 |   42029 |   -7.30   -8.42 |   -3.25   -5.86 |  -12.18 |  +18.90 |   -1.19 |  +17.71 |    -1.6 | 
09-03 16Z | Y | 12 | 4 |  163439 |  -22.91  -21.04 |  -16.13  -13.61 |  -17.50 |   -3.78 |   -0.92 |   -4.71 |   -54.0 | 
09-03 20Z | Y | 12 | 4 |  166138 |  -20.51  -24.89 |  -36.87  -41.08 |  -36.25 |   -7.41 |   -1.51 |   -8.91 |    +4.5 | 
09-04 00Z | Y | 12 | 4 |  165589 |  -15.20  -14.91 |  -16.10  -14.91 |   -8.75 |  -37.41 |   -1.05 |  -38.45 |    +2.2 | 
09-04 04Z | Y | 12 | 4 |  164402 |  -16.79  -13.85 |   -6.21   -3.55 |  -11.81 |  -15.20 |   -1.05 |  -16.25 |    +1.6 | 
09-04 08Z | Y | .2 | 4 |  163524 |  -31.95  -33.18 |  -33.20  -33.05 |  -32.30 |   -7.25 |   -1.30 |   -8.55 |    +1.0 | 
09-04 12Z | Y | .2 | 4 |  161095 |   -2.96   +2.77 |  -11.89   -4.94 |  -21.64 |  -11.12 |   -1.36 |  -12.48 |    -7.2 | 
09-04 16Z | Y | .2 | 4 |  163335 |  +45.84  +39.17 |  +67.26  +62.94 |  +73.57 |  +61.38 |   -0.72 |  +60.66 |    +4.0 | 
09-04 20Z | Y | .2 | 4 |  163756 |  +13.22  +14.78 |  -12.34  -10.93 |   -4.15 |  -14.80 |   -1.02 |  -15.82 |    +0.2 | 

=== SUMMARY BY SET (mean / sd / n / sum, bps per anchor) ===
[canon] n_rows=53
   paper_comp             n=53 mean= +3.775 sd= 33.36 se= 4.58 sum= +200.10
   paper_sum              n=53 mean= +2.549 sd= 34.15 se= 4.69 sum= +135.11
   paper_comp_s25         n=53 mean= +0.928 sd= 30.69 se= 4.22 sum=  +49.18
   paper_sum_s25          n=53 mean= +0.604 sd= 31.07 se= 4.27 sum=  +32.03
   paper_comp_s20         n=53 mean= +1.723 sd= 31.25 se= 4.29 sum=  +91.34
   twin_bps               n=53 mean= +2.159 sd= 32.46 se= 4.46 sum= +114.41
   funding_bps            n=53 mean= -1.895 sd=  0.67 se= 0.09 sum= -100.44
   twin_plus_funding      n=53 mean= +0.264 sd= 32.41 se= 4.45 sum=  +13.97
   paper_s25_minus_twin   n=53 mean= -1.231 sd= 18.40 se= 2.53 sum=  -65.23
   corr(paper_comp,twin)=0.764 corr(paper_s25,twin)=0.832
[canon_ex_0903] n_rows=47
   paper_comp             n=47 mean= +5.731 sd= 34.57 se= 5.04 sum= +269.37
   paper_sum              n=47 mean= +3.827 sd= 35.79 se= 5.22 sum= +179.88
   paper_comp_s25         n=47 mean= +2.194 sd= 32.24 se= 4.70 sum= +103.14
   paper_sum_s25          n=47 mean= +1.419 sd= 32.68 se= 4.77 sum=  +66.68
   paper_comp_s20         n=47 mean= +3.468 sd= 32.53 se= 4.75 sum= +163.00
   twin_bps               n=47 mean= +1.525 sd= 33.80 se= 4.93 sum=  +71.67
   funding_bps            n=47 mean= -1.951 sd=  0.68 se= 0.10 sum=  -91.70
   twin_plus_funding      n=47 mean= -0.426 sd= 33.75 se= 4.92 sum=  -20.03
   paper_s25_minus_twin   n=47 mean= +0.669 sd= 17.97 se= 2.62 sum=  +31.47
   corr(paper_comp,twin)=0.822 corr(paper_s25,twin)=0.853
[canon_ex_0903_and_0904] n_rows=40
   paper_comp             n=40 mean= +7.443 sd= 35.83 se= 5.67 sum= +297.72
   paper_sum              n=40 mean= +5.250 sd= 37.42 se= 5.92 sum= +209.99
   paper_comp_s25         n=40 mean= +3.812 sd= 31.98 se= 5.06 sum= +152.47
   paper_sum_s25          n=40 mean= +2.805 sd= 32.74 se= 5.18 sum= +112.20
   paper_comp_s20         n=40 mean= +5.108 sd= 31.92 se= 5.05 sum= +204.33
   twin_bps               n=40 mean= +2.587 sd= 34.54 se= 5.46 sum= +103.48
   funding_bps            n=40 mean= -2.093 sd=  0.63 se= 0.10 sum=  -83.70
   twin_plus_funding      n=40 mean= +0.494 sd= 34.50 se= 5.45 sum=  +19.78
   paper_s25_minus_twin   n=40 mean= +1.225 sd= 18.04 se= 2.85 sum=  +48.99
   corr(paper_comp,twin)=0.828 corr(paper_s25,twin)=0.856
[I1_set] n_rows=51
   paper_comp             n=51 mean= +2.932 sd= 33.77 se= 4.73 sum= +149.51
   paper_sum              n=51 mean= +1.898 sd= 34.52 se= 4.83 sum=  +96.78
   paper_comp_s25         n=51 mean= +0.568 sd= 30.01 se= 4.20 sum=  +28.98
   paper_sum_s25          n=51 mean= +0.344 sd= 30.57 se= 4.28 sum=  +17.57
   paper_comp_s20         n=51 mean= +1.157 sd= 30.81 se= 4.31 sum=  +59.00
   twin_bps               n=50 mean= +0.358 sd= 33.66 se= 4.76 sum=  +17.89
   funding_bps            n=50 mean= -1.921 sd=  0.70 se= 0.10 sum=  -96.05
   twin_plus_funding      n=50 mean= -1.563 sd= 33.51 se= 4.74 sum=  -78.16
   paper_s25_minus_twin   n=50 mean= -0.290 sd= 19.18 se= 2.71 sum=  -14.50
   corr(paper_comp,twin)=0.773 corr(paper_s25,twin)=0.825
[I2_set] n_rows=55
   paper_comp             n=55 mean= +2.871 sd= 33.34 se= 4.50 sum= +157.88
   paper_sum              n=55 mean= +1.804 sd= 33.89 se= 4.57 sum=  +99.23
   paper_comp_s25         n=55 mean= +0.363 sd= 30.54 se= 4.12 sum=  +19.98
   paper_sum_s25          n=55 mean= +0.108 sd= 30.76 se= 4.15 sum=   +5.95
   paper_comp_s20         n=55 mean= +0.902 sd= 31.45 se= 4.24 sum=  +49.59
   twin_bps               n=55 mean= +0.672 sd= 33.26 se= 4.49 sum=  +36.95
   funding_bps            n=55 mean= -1.861 sd=  0.71 se= 0.10 sum= -102.37
   twin_plus_funding      n=55 mean= -1.189 sd= 33.15 se= 4.47 sum=  -65.41
   paper_s25_minus_twin   n=55 mean= -0.309 sd= 18.75 se= 2.53 sum=  -16.97
   corr(paper_comp,twin)=0.772 corr(paper_s25,twin)=0.831
[canon_plus_flatten_anchor] n_rows=54
   paper_comp             n=54 mean= +2.906 sd= 33.65 se= 4.58 sum= +156.93
   paper_sum              n=54 mean= +1.854 sd= 34.21 se= 4.66 sum= +100.13
   paper_comp_s25         n=54 mean= +0.245 sd= 30.81 se= 4.19 sum=  +13.22
   paper_sum_s25          n=54 mean= +0.047 sd= 31.05 se= 4.22 sum=   +2.51
   paper_comp_s20         n=54 mean= +0.774 sd= 31.73 se= 4.32 sum=  +41.81
   twin_bps               n=54 mean= +0.854 sd= 33.55 se= 4.57 sum=  +46.09
   funding_bps            n=54 mean= -1.860 sd=  0.71 se= 0.10 sum= -100.44
   twin_plus_funding      n=54 mean= -1.007 sd= 33.44 se= 4.55 sum=  -54.35
   paper_s25_minus_twin   n=54 mean= -0.609 sd= 18.79 se= 2.56 sum=  -32.87
   corr(paper_comp,twin)=0.773 corr(paper_s25,twin)=0.833

=== DECOMPOSITION === {
 "I1_only": [
  1787760000
 ],
 "I2_only": [
  1787702400,
  1788508800,
  1788523200,
  1788537600,
  1788552000
 ],
 "common": 50,
 "twin": {
  "I1_reported_sum": 86.20524569114517,
  "I2_reported_sum": 1.4945301827639295,
  "I2_only_anchor_twin": {
   "08-26 00Z": -9.139110012683503,
   "09-04 08Z": -7.251523364817862,
   "09-04 12Z": -11.124808766803993,
   "09-04 16Z": 61.379058346351734,
   "09-04 20Z": -14.796261485486976
  },
  "I1_only_anchor_twin": {
   "08-26 16Z": NaN
  },
  "flatten_anchor_0826_12Z": {
   "I1_value": 0.0,
   "I2_value": -68.32008213087987,
   "why": "I1 keys position_readback by NOMINAL anchor -> the 12:49:28Z ladder_flatten@post_flatten readback (all qty 0) overwrote the 12:23Z post_anchor readback; I2 keys by actual anchor_ts -> pre-flatten positions held only 26 min"
  }
 },
 "paper_comp": {
  "I1_reported_sum": 149.55,
  "I2_reported_sum": 101.78489958791373,
  "I2_only": {
   "08-26 00Z": 0.9563167461201441,
   "09-04 08Z": -31.954097128755322,
   "09-04 12Z": -2.9576088245766026,
   "09-04 16Z": 45.837594631123174,
   "09-04 20Z": 13.218110129705362
  },
  "I1_only": {
   "08-26 16Z": 16.725285597906066
  }
 },
 "shift_on_common": {
  "s25_mean": 0.06774084980417548,
  "s20_mean": 0.5264454823443596,
  "n": 50,
  "mean_abs_diff_s25_s20": 6.959080884982709
 }
}

=== DAILY vs daily_nav (USDT) ===
day | span | nav_prev->nav | ext | eqΔnet | nwin | twin$ | fund$(span) | twin+fund | resid | IS$ | bridge_end(anchor) | bridge_start(anchor) | resid−bridgeΔ−IS | paper$ | paper_s25$ | fund.jsonl since00Z (excl/incl 00Z) vs venue FUNDING_FEE | notes
20260826 | (08-25 20:46Z, 08-26 20:45Z] | 15057->15127 | 0 |    +70.8 | 6 |     -6.0 |   -15.6 |    -21.6 |   +92.4 |   +7.4 |   -33.9(08-26 20Z) |   +14.8(08-25 20Z) |  +133.7 |   +114.1 |   +119.3 | -11.45/-15.39 vs -15.39 | ['08-25 20Z', '08-26 00Z', '08-26 04Z', '08-26 08Z', '08-26 12Z', '08-26 16Z'] ['08-25 20Z:pre-combo anchor (producer=shadow_loop_v3)', '08-26 00Z:pre-combo anchor (producer=shadow_loop_v3)', '08-26 12Z:book flattened intra-window (ladder_flatten@post_flatten @ 08-26 12:49Z; E-0826 §4-5e)', '08-26 16Z:flat book at anchor (opening_halted=True, realized_gross=0)']
20260827 | (08-26 20:45Z, 08-27 20:41Z] | 15127->20513 | 5450 |    -64.2 | 6 |    -70.1 |   -35.2 |   -105.3 |   +41.1 |   +5.6 |    -7.1(08-27 20Z) |   -33.9(08-26 20Z) |    +8.7 |   +102.3 |    +49.3 | -30.81/-35.05 vs -35.05 | ['08-26 20Z', '08-27 00Z', '08-27 04Z', '08-27 08Z', '08-27 12Z', '08-27 16Z'] []
20260828 | (08-27 20:41Z, 08-28 20:41Z] | 20513->20682 | 0 |   +169.1 | 6 |   +207.5 |   -41.7 |   +165.8 |    +3.3 |   +4.1 |    +7.5(08-28 20Z) |    -7.1(08-27 20Z) |   -15.4 |   +304.9 |   +339.7 | -32.87/-40.39 vs -40.39 | ['08-27 20Z', '08-28 00Z', '08-28 04Z', '08-28 08Z', '08-28 12Z', '08-28 16Z'] []
20260829 | (08-28 20:41Z, 08-29 20:29Z] | 20682->21093 | 0 |   +411.2 | 5 |   +392.4 |   -44.9 |   +347.5 |   +63.7 |   +2.9 | nan(08-29 20Z) |    +7.5(08-28 20Z) |   +68.3 |   +344.0 |   +276.3 | -37.76/-43.53 vs -43.53 | ['08-28 20Z', '08-29 00Z', '08-29 04Z', '08-29 08Z', '08-29 12Z'] []
20260830 | (08-29 20:29Z, 08-30 20:42Z] | 21093->20921 | 0 |   -171.8 | 6 |    -56.0 |   -69.2 |   -125.2 |   -46.7 |   +6.4 |   +32.8(08-30 20Z) | nan(08-29 20Z) |   -85.9 |   -272.3 |   -227.1 | -55.40/-65.37 vs -65.37 | ['08-29 16Z(8h)', '08-30 00Z', '08-30 04Z', '08-30 08Z', '08-30 12Z', '08-30 16Z'] ['08-29 16Z:next anchor row missing -> no 4h end mid; 8h extended window used']
20260831 | (08-30 20:42Z, 08-31 20:41Z] | 20921->20654 | 0 |   -267.0 | 6 |   -186.9 |   -54.3 |   -241.2 |   -25.7 |   +1.1 |   -19.9(08-31 20Z) |   +32.8(08-30 20Z) |   +25.9 |   -167.2 |   -157.8 | -43.35/-53.06 vs -53.06 | ['08-30 20Z', '08-31 00Z', '08-31 04Z', '08-31 08Z', '08-31 12Z', '08-31 16Z'] []
20260901 | (08-31 20:41Z, 09-01 20:41Z] | 20654->20317 | 0 |   -336.9 | 6 |   -304.8 |   -57.9 |   -362.6 |   +25.7 |   +2.2 |   +40.1(09-01 20Z) |   -19.9(08-31 20Z) |   -36.4 |    +36.7 |    -97.7 | -49.83/-56.36 vs -56.36 | ['08-31 20Z', '09-01 00Z', '09-01 04Z', '09-01 08Z', '09-01 12Z', '09-01 16Z'] []
20260902 | (09-01 20:41Z, 09-02 20:41Z] | 20317->21096 | 0 |   +778.1 | 5 |   +691.7 |   -38.5 |   +653.2 |  +124.9 |  +70.3 |  +146.0(09-02 20Z) |   +40.1(09-01 20Z) |   -51.3 |   +607.8 |   +297.8 | -30.36/-37.08 vs -46.83 | ['09-01 20Z(8h)', '09-02 04Z', '09-02 08Z', '09-02 12Z', '09-02 16Z'] ['09-01 20Z:next anchor row missing -> no 4h end mid; 8h extended window used']
20260903 | (09-02 20:41Z, 09-03 20:43Z] | 21096->83957 | 62998 |   -136.1 | 6 |   +131.2 |   -47.6 |    +83.6 |  -219.8 |  -44.6 |    -3.1(09-03 20Z) |  +146.0(09-02 20Z) |   -26.1 |   -566.3 |   -420.8 | -39.31/-47.24 vs -47.24 | ['09-02 20Z', '09-03 00Z', '09-03 04Z', '09-03 08Z', '09-03 12Z', '09-03 16Z'] []
20260904 | (09-03 20:43Z, 09-04 20:43Z] | 83957->83519 | 0 |   -438.7 | 6 |   -287.6 |  -114.4 |   -402.0 |   -36.7 |   +1.9 |   -73.0(09-04 20Z) |    -3.1(09-03 20Z) |   +31.4 |   -689.9 |   -616.9 | -89.37/-112.75 vs -112.75 | ['09-03 20Z', '09-04 00Z', '09-04 04Z', '09-04 08Z', '09-04 12Z', '09-04 16Z'] []
20260905 | (09-04 20:43Z, 09-05 00:43Z] | 83519->83315 | 0 |   -204.0 | 1 |   -242.3 |   -16.8 |   -259.1 |   +55.1 |   +0.0 |   +69.6(09-05 00Z) |   -73.0(09-04 20Z) |   -87.5 |   +216.5 |   -202.0 | +0.00/-16.47 vs -16.47 | PARTIAL ['09-04 20Z'] []
08-26 flatten-adjusted: {
 "twin_12Z_window_as_computed": -201.7928625950002,
 "executor_equity_12:45Z->16:38Z": -19.672904790000757,
 "funding_in_that_span": 0,
 "flatten_realised_price_pnl_est": -19.672904790000757,
 "twin_plus_funding_adjusted": 160.503046014999,
 "residual_adjusted": -89.74167335499968
}
merged 08-29+08-30: {'equity_delta_net': 239.3854779999965, 'twin_plus_funding': 222.36762286000013, 'residual': 17.017855139996385, 'IS': 9.293872360000108, 'n_windows': 11}
daily summary: {
 "days": [
  "20260826",
  "20260827",
  "20260828",
  "20260829",
  "20260830",
  "20260831",
  "20260901",
  "20260902",
  "20260903",
  "20260904",
  "20260905"
 ],
 "sum_equity_delta_net_all": -189.55424016999223,
 "sum_twin_plus_funding_all": -266.86650323500044,
 "sum_residual_all": 77.31226306500821,
 "sum_IS_all": 57.2431287500015,
 "sum_equity_delta_net_0827_0903": 382.405116669991,
 "sum_twin_plus_funding_0827_0903": 415.8603578549995,
 "sum_residual_0827_0903": -33.455241185008475,
 "sum_IS_0827_0903": 47.954394725001166,
 "sum_equity_delta_net_0827_0902": 518.5477662099993,
 "sum_twin_plus_funding_0827_0902": 332.2385358299998,
 "sum_residual_0827_0902": 186.3092303799995
}

=== I3 (beta_alpha) sleeve vs canon twin(notional)+funding, USDT ===
{'when': '09-02 04Z', 'I3_sleeve_total': -4.83, 'canon_twin_notl_plus_funding': -4.8308632320318985, 'canon_twin_qty_plus_funding': -5.614713449999714, 'I3_beta_pnl': 7.55, 'I3_btc_ret_4h(unshifted cache)': -0.00115, 'venue_btc_ratio': -0.0012666219902379705, 'I3_gross': 40801.349019409965, 'canon_rg': 40801.349019409965}
{'when': '09-02 08Z', 'I3_sleeve_total': 25.81, 'canon_twin_notl_plus_funding': 25.818910976674157, 'canon_twin_qty_plus_funding': 27.307772720000212, 'I3_beta_pnl': 57.67, 'I3_btc_ret_4h(unshifted cache)': -0.00848, 'venue_btc_ratio': -0.0039638606682914634, 'I3_gross': 40554.96888837001, 'canon_rg': 40554.96888837001}
{'when': '09-02 12Z', 'I3_sleeve_total': 250.99, 'canon_twin_notl_plus_funding': 250.99742666484545, 'canon_twin_qty_plus_funding': 251.4121490699999, 'I3_beta_pnl': -40.69, 'I3_btc_ret_4h(unshifted cache)': 0.00601, 'venue_btc_ratio': 0.006653513817961754, 'I3_gross': 40519.785869669984, 'canon_rg': 40519.785869669984}
{'when': '09-02 16Z', 'I3_sleeve_total': 147.24, 'canon_twin_notl_plus_funding': 147.2473234455631, 'canon_twin_qty_plus_funding': 129.45289845000002, 'I3_beta_pnl': -4.48, 'I3_btc_ret_4h(unshifted cache)': 0.00067, 'venue_btc_ratio': -0.001151280444559366, 'I3_gross': 40692.805972409995, 'canon_rg': 40692.805972409995}
{'when': '09-02 20Z', 'I3_sleeve_total': 164.36, 'canon_twin_notl_plus_funding': 164.3513749219179, 'canon_twin_qty_plus_funding': 165.90895780999992, 'I3_beta_pnl': 0.11, 'I3_btc_ret_4h(unshifted cache)': -2e-05, 'venue_btc_ratio': -0.004213736315209826, 'I3_gross': 41282.09238167004, 'canon_rg': 41282.09238167004}
{'when': '09-03 00Z', 'I3_sleeve_total': -56.34, 'canon_twin_notl_plus_funding': -56.34033894466089, 'canon_twin_qty_plus_funding': -58.75940366000002, 'I3_beta_pnl': -31.05, 'I3_btc_ret_4h(unshifted cache)': 0.00473, 'venue_btc_ratio': 0.0068605626647584295, 'I3_gross': 41502.13135262997, 'canon_rg': 41502.13135262997}
{'when': '09-03 04Z', 'I3_sleeve_total': -36.68, 'canon_twin_notl_plus_funding': -36.66852846181445, 'canon_twin_qty_plus_funding': -36.31243424999991, 'I3_beta_pnl': 3.21, 'I3_btc_ret_4h(unshifted cache)': -0.00049, 'venue_btc_ratio': 0.0028520852893356707, 'I3_gross': 41673.69430018999, 'canon_rg': 41673.69430018999}
{'when': '09-03 08Z', 'I3_sleeve_total': 16.51, 'canon_twin_notl_plus_funding': 16.499693777474292, 'canon_twin_qty_plus_funding': 15.329278609999843, 'I3_beta_pnl': -24.01, 'I3_btc_ret_4h(unshifted cache)': 0.00364, 'venue_btc_ratio': 0.0020574796324295264, 'I3_gross': 41638.67296141002, 'canon_rg': 41638.67296141002}
{'when': '09-03 12Z', 'I3_sleeve_total': 76.77, 'canon_twin_notl_plus_funding': 76.76633022369387, 'canon_twin_qty_plus_funding': 74.4284257049997, 'I3_beta_pnl': -297.76, 'I3_btc_ret_4h(unshifted cache)': 0.04373, 'venue_btc_ratio': 0.03534779332788274, 'I3_gross': 42029.36509677999, 'canon_rg': 42029.36509677999}
{'when': '09-03 16Z', 'I3_sleeve_total': -40.3, 'canon_twin_notl_plus_funding': -40.30020424118763, 'canon_twin_qty_plus_funding': -76.97300218999987, 'I3_beta_pnl': -126.52, 'I3_btc_ret_4h(unshifted cache)': 0.005, 'venue_btc_ratio': 0.007892981477134464, 'I3_gross': 163439.11540113002, 'canon_rg': 163439.11540113002}
{'when': '09-03 20Z', 'I3_sleeve_total': -153.04, 'canon_twin_notl_plus_funding': -153.04327122226542, 'canon_twin_qty_plus_funding': -148.07726484999932, 'I3_beta_pnl': 153.28, 'I3_btc_ret_4h(unshifted cache)': -0.00602, 'venue_btc_ratio': -0.0012646381248451188, 'I3_gross': 166137.53963660006, 'canon_rg': 166137.53963660006}
{'when': '09-04 00Z', 'I3_sleeve_total': -630.13, 'canon_twin_notl_plus_funding': -630.1492446313905, 'canon_twin_qty_plus_funding': -636.7272130100025, 'I3_beta_pnl': 126.27, 'I3_btc_ret_4h(unshifted cache)': -0.0052, 'venue_btc_ratio': -0.0018532134364127595, 'I3_gross': 165589.15023268005, 'canon_rg': 165589.15023268005}
CANON_DONE
