| fold | shard | seed_fold | n_train | best_ep | net bps | ES5 | turnover | α* | wall s | .pt sha |
|---|---|---|---|---|---|---|---|---|---|---|
| 202501 | shard0 | 42 | 6563 | 6 | +0.229 | 22.94 | 0.0742 | 0.0966 | 529 | d5df1d44485e |
| 202502 | shard1 | 42 | 6749 | 5 | -0.185 | 29.08 | 0.0752 | 0.0969 | 541 | cbe1492a5c77 |
| 202503 | shard2 | 42 | 6917 | 4 | +0.640 | 14.16 | 0.0799 | 0.0972 | 552 | 825f2cf9000e |
| 202504 | shard3 | 42 | 7103 | 2 | +0.032 | 12.26 | 0.0849 | 0.0979 | 565 | b95de3d8593a |
| 202505 | shard0 | 42 | 7283 | 1 | +0.194 | 15.63 | 0.0843 | 0.0986 | 583 | 541af80deda5 |
| 202506 | shard1 | 42 | 7469 | 2 | +0.008 | 9.02 | 0.0853 | 0.0977 | 602 | 2f04dbce1bee |
| 202507 | shard2 | 42 | 7649 | 2 | -0.138 | 22.14 | 0.0767 | 0.0966 | 618 | 4d94599547b6 |
| 202508 | shard3 | 42 | 7835 | 4 | -0.284 | 15.25 | 0.0749 | 0.0959 | 638 | 57411a1f7ba9 |
| 202509 | shard0 | 42 | 8021 | 5 | +2.394 | 27.74 | 0.0547 | 0.0954 | 661 | 892ea5eb6288 |
| 202510 | shard1 | 42 | 8201 | 5 | +6.226 | 49.74 | 0.0278 | 0.0949 | 675 | c9c711d4a28c |
| 202511 | shard2 | 42 | 8387 | 10 | +1.082 | 53.58 | 0.0141 | 0.0930 | 680 | b8481525768a |
| 202512 | shard3 | 42 | 8567 | 11 | +0.598 | 39.65 | 0.0191 | 0.0935 | 680 | bb82d00babda |
| 202601 | shard0 | 42 | 8753 | 12 | +1.329 | 36.77 | 0.0269 | 0.0937 | 509 | ce236cf8c5e6 |
| 202602 | shard1 | 42 | 8939 | 6 | +3.716 | 29.69 | 0.0389 | 0.0950 | 508 | 46cdfb0a896d |
| 202603 | shard2 | 42 | 9107 | 11 | +3.361 | 24.43 | 0.0535 | 0.0936 | 515 | 64c86a431716 |
| 202604 | shard3 | 42 | 9293 | 3 | +5.759 | 37.95 | 0.0601 | 0.0953 | 528 | bc888270491d |
| 202605 | shard0 | 42 | 9473 | 3 | +2.368 | 35.32 | 0.0464 | 0.0950 | 538 | 174406d1a388 |
| 202606 | shard1 | 42 | 9659 | 3 | +5.883 | 49.87 | 0.0386 | 0.0955 | 544 | ac79d8a78afe |
| 202607 | shard2 | 42 | 9839 | 7 | +4.444 | 41.48 | 0.0390 | 0.0933 | 544 | d1e64475db1b |
| 202608 | shard3 | 42 | 10025 | 4 | -0.186 | 47.05 | 0.0403 | 0.0940 | 540 | 356840366370 |
stitched /workspace/review_scratch/allweather_trackB/mE1_constseed/preds/f10_V2MAIN_mE1c_s42.npy sha b0637e7bed1c1e09 finite rows 3642 net_mean_all +1.873
vs mE1 s42 stitched: finite rows equal True, cells equal True; per-anchor rank corr const42 vs s42: mean +0.646 median +0.705 p10 +0.352 (n=3642)
spl42: /workspace/review_scratch/allweather_trackB/replay/dev_alt/f8_2026-08-22/preds/f10_gate_mE1c_R0_spl42.npy sha 76c4310eae45f2b6 overlap rows diff 0 cells diff 2
spl27: /workspace/review_scratch/allweather_trackB/replay/dev_alt/f8_2026-08-22/preds/f10_gate_mE1c_R0_spl27.npy sha 67bb9bfb1b3df7f3 overlap rows diff 0 cells diff 2
coverage {'202501': '186/186', '202502': '168/168', '202503': '186/186', '202504': '180/180', '202505': '186/186', '202506': '180/180', '202507': '186/186', '202508': '186/186', '202509': '180/180', '202510': '186/186', '202511': '180/180', '202512': '186/186', '202601': '186/186', '202602': '168/168', '202603': '186/186', '202604': '180/180', '202605': '186/186', '202606': '180/180', '202607': '186/186', '202608': '180/180'}
MERGE_DONE
