[   17.4s] rows 2745557 cols 171 anchors 10206 med|y| 0.00894
[   20.4s] MWF start tag mE1c embargo 1 months [202504, 202508, 202512, 202604, 202608] base_sha 93cc2cdf925a self_sha 6003c2a2978e torch 2.11.0+cu128 gpu NVIDIA RTX PRO 4500 Blackwell
[   20.4s] CAUSALITY ASSERT mE1c 202504: n_train 7103 max_train_idx 7102 (2025-03-31 16:00) max_train_label_end 2025-03-31 20:00 <= cutoff 2025-03-31 20:00 (= first_test 2025-04-01 00:00 - 1 anchors) OK
/workspace/review_scratch/allweather_trackB/pod_f10_train_monthly_constseed.py:373: UserWarning: Converting a tensor with requires_grad=True to a scalar may lead to unexpected behavior.
Consider using tensor.detach() first. (Triggered internally at /pytorch/torch/csrc/autograd/generated/python_variable_methods.cpp:836.)
  al = float(mdl.alpha()); va_curve.append(round(va, 4)); alist.append(round(al, 4)); ep_s.append(round(time.time() - t0, 1))
[   70.2s] [mE1c 202504] ep0 va -4.710 α 0.100 τ 0.50 (40s)
[  108.7s] [mE1c 202504] ep1 va -4.069 α 0.099 τ 0.47 (38s)
[  147.2s] [mE1c 202504] ep2 va -3.783 α 0.098 τ 0.44 (38s)
[  185.9s] [mE1c 202504] ep3 va -4.719 α 0.097 τ 0.41 (39s)
[  218.8s] [mE1c 202504] ep4 va -5.829 α 0.097 τ 0.39 (33s)
[  255.5s] [mE1c 202504] ep5 va -5.403 α 0.096 τ 0.36 (37s)
[  294.4s] [mE1c 202504] ep6 va -5.698 α 0.096 τ 0.33 (39s)
[  332.9s] [mE1c 202504] ep7 va -6.221 α 0.096 τ 0.30 (38s)
[  371.6s] [mE1c 202504] ep8 va -4.579 α 0.096 τ 0.27 (39s)
[  410.4s] [mE1c 202504] ep9 va -5.414 α 0.096 τ 0.24 (39s)
[  449.3s] [mE1c 202504] ep10 va -5.798 α 0.096 τ 0.21 (39s)
[  488.0s] [mE1c 202504] ep11 va -5.788 α 0.096 τ 0.19 (39s)
[  526.5s] [mE1c 202504] ep12 va -5.986 α 0.096 τ 0.16 (38s)
[  564.7s] [mE1c 202504] ep13 va -5.480 α 0.096 τ 0.13 (38s)
[  595.9s] [mE1c 202504] ep14 va -5.665 α 0.096 τ 0.10 (31s)
[  603.4s] == mE1c 202504: net +0.032 bps/锚 ES5 12.26 换手 0.0849 α* 0.0979 best_ep 2 wall 565s
[  603.5s] CAUSALITY ASSERT mE1c 202508: n_train 7835 max_train_idx 7834 (2025-07-31 16:00) max_train_label_end 2025-07-31 20:00 <= cutoff 2025-07-31 20:00 (= first_test 2025-08-01 00:00 - 1 anchors) OK
[  646.6s] [mE1c 202508] ep0 va -6.327 α 0.099 τ 0.50 (43s)
[  690.0s] [mE1c 202508] ep1 va -4.018 α 0.098 τ 0.47 (43s)
[  733.0s] [mE1c 202508] ep2 va -4.320 α 0.097 τ 0.44 (43s)
[  775.9s] [mE1c 202508] ep3 va -4.341 α 0.096 τ 0.41 (43s)
[  819.0s] [mE1c 202508] ep4 va -3.734 α 0.096 τ 0.39 (43s)
[  862.1s] [mE1c 202508] ep5 va -3.996 α 0.095 τ 0.36 (43s)
[  905.3s] [mE1c 202508] ep6 va -4.836 α 0.095 τ 0.33 (43s)
[  948.1s] [mE1c 202508] ep7 va -4.795 α 0.095 τ 0.30 (43s)
[  991.2s] [mE1c 202508] ep8 va -4.035 α 0.095 τ 0.27 (43s)
[ 1034.3s] [mE1c 202508] ep9 va -5.103 α 0.095 τ 0.24 (43s)
[ 1077.2s] [mE1c 202508] ep10 va -5.595 α 0.095 τ 0.21 (43s)
[ 1120.3s] [mE1c 202508] ep11 va -4.773 α 0.095 τ 0.19 (43s)
[ 1157.0s] [mE1c 202508] ep12 va -4.631 α 0.095 τ 0.16 (37s)
[ 1199.3s] [mE1c 202508] ep13 va -5.163 α 0.095 τ 0.13 (42s)
[ 1241.7s] [mE1c 202508] ep14 va -5.026 α 0.095 τ 0.10 (42s)
[ 1247.9s] == mE1c 202508: net -0.284 bps/锚 ES5 15.25 换手 0.0749 α* 0.0959 best_ep 4 wall 638s
[ 1247.9s] CAUSALITY ASSERT mE1c 202512: n_train 8567 max_train_idx 8566 (2025-11-30 16:00) max_train_label_end 2025-11-30 20:00 <= cutoff 2025-11-30 20:00 (= first_test 2025-12-01 00:00 - 1 anchors) OK
[ 1295.4s] [mE1c 202512] ep0 va -8.032 α 0.098 τ 0.50 (48s)
[ 1342.9s] [mE1c 202512] ep1 va -7.830 α 0.097 τ 0.47 (47s)
[ 1390.5s] [mE1c 202512] ep2 va -7.865 α 0.097 τ 0.44 (48s)
[ 1438.0s] [mE1c 202512] ep3 va -7.698 α 0.096 τ 0.41 (48s)
[ 1485.6s] [mE1c 202512] ep4 va -7.642 α 0.095 τ 0.39 (48s)
[ 1533.1s] [mE1c 202512] ep5 va -7.495 α 0.094 τ 0.36 (48s)
[ 1580.6s] [mE1c 202512] ep6 va -7.318 α 0.094 τ 0.33 (48s)
[ 1628.3s] [mE1c 202512] ep7 va -7.308 α 0.094 τ 0.30 (48s)
[ 1675.7s] [mE1c 202512] ep8 va -7.245 α 0.094 τ 0.27 (47s)
[ 1723.2s] [mE1c 202512] ep9 va -7.126 α 0.094 τ 0.24 (47s)
[ 1770.7s] [mE1c 202512] ep10 va -7.140 α 0.094 τ 0.21 (47s)
[ 1817.8s] [mE1c 202512] ep11 va -7.076 α 0.094 τ 0.19 (47s)
[ 1863.6s] [mE1c 202512] ep12 va -7.096 α 0.094 τ 0.16 (46s)
[ 1896.4s] [mE1c 202512] ep13 va -7.091 α 0.094 τ 0.13 (33s)
[ 1928.3s] [mE1c 202512] ep14 va -7.078 α 0.094 τ 0.10 (32s)
[ 1930.8s] == mE1c 202512: net +0.598 bps/锚 ES5 39.65 换手 0.0191 α* 0.0935 best_ep 11 wall 680s
[ 1930.8s] CAUSALITY ASSERT mE1c 202604: n_train 9293 max_train_idx 9292 (2026-03-31 16:00) max_train_label_end 2026-03-31 20:00 <= cutoff 2026-03-31 20:00 (= first_test 2026-04-01 00:00 - 1 anchors) OK
[ 1965.5s] [mE1c 202604] ep0 va -7.815 α 0.098 τ 0.50 (35s)
[ 2000.3s] [mE1c 202604] ep1 va -7.550 α 0.097 τ 0.47 (35s)
[ 2037.2s] [mE1c 202604] ep2 va -7.681 α 0.096 τ 0.44 (37s)
[ 2072.4s] [mE1c 202604] ep3 va -7.430 α 0.095 τ 0.41 (35s)
[ 2106.5s] [mE1c 202604] ep4 va -7.593 α 0.095 τ 0.39 (34s)
[ 2142.9s] [mE1c 202604] ep5 va -7.559 α 0.094 τ 0.36 (36s)
[ 2177.7s] [mE1c 202604] ep6 va -7.581 α 0.094 τ 0.33 (35s)
[ 2212.9s] [mE1c 202604] ep7 va -7.603 α 0.094 τ 0.30 (35s)
[ 2248.2s] [mE1c 202604] ep8 va -7.482 α 0.093 τ 0.27 (35s)
[ 2283.4s] [mE1c 202604] ep9 va -7.654 α 0.093 τ 0.24 (35s)
[ 2318.5s] [mE1c 202604] ep10 va -7.562 α 0.093 τ 0.21 (35s)
[ 2353.6s] [mE1c 202604] ep11 va -7.587 α 0.093 τ 0.19 (35s)
[ 2388.8s] [mE1c 202604] ep12 va -7.573 α 0.093 τ 0.16 (35s)
[ 2424.0s] [mE1c 202604] ep13 va -7.560 α 0.093 τ 0.13 (35s)
[ 2459.1s] [mE1c 202604] ep14 va -7.561 α 0.093 τ 0.10 (35s)
[ 2460.9s] == mE1c 202604: net +5.759 bps/锚 ES5 37.95 换手 0.0601 α* 0.0953 best_ep 3 wall 528s
[ 2460.9s] CAUSALITY ASSERT mE1c 202608: n_train 10025 max_train_idx 10024 (2026-07-31 16:00) max_train_label_end 2026-07-31 20:00 <= cutoff 2026-07-31 20:00 (= first_test 2026-08-01 00:00 - 1 anchors) OK
[ 2499.3s] [mE1c 202608] ep0 va -6.416 α 0.098 τ 0.50 (38s)
[ 2537.4s] [mE1c 202608] ep1 va -6.435 α 0.097 τ 0.47 (38s)
[ 2575.3s] [mE1c 202608] ep2 va -6.449 α 0.096 τ 0.44 (38s)
[ 2613.8s] [mE1c 202608] ep3 va -6.406 α 0.095 τ 0.41 (39s)
[ 2651.5s] [mE1c 202608] ep4 va -6.322 α 0.094 τ 0.39 (38s)
[ 2689.3s] [mE1c 202608] ep5 va -6.347 α 0.093 τ 0.36 (38s)
[ 2726.9s] [mE1c 202608] ep6 va -6.419 α 0.093 τ 0.33 (38s)
[ 2764.8s] [mE1c 202608] ep7 va -6.415 α 0.093 τ 0.30 (38s)
[ 2802.9s] [mE1c 202608] ep8 va -6.419 α 0.093 τ 0.27 (38s)
[ 2840.4s] [mE1c 202608] ep9 va -6.472 α 0.093 τ 0.24 (38s)
[ 2878.2s] [mE1c 202608] ep10 va -6.400 α 0.093 τ 0.21 (38s)
[ 2911.7s] [mE1c 202608] ep11 va -6.516 α 0.092 τ 0.19 (34s)
[ 2942.7s] [mE1c 202608] ep12 va -6.516 α 0.092 τ 0.16 (31s)
[ 2971.9s] [mE1c 202608] ep13 va -6.454 α 0.092 τ 0.13 (29s)
[ 3000.4s] [mE1c 202608] ep14 va -6.454 α 0.092 τ 0.10 (29s)
[ 3001.0s] == mE1c 202608: net -0.186 bps/锚 ES5 47.05 换手 0.0403 α* 0.094 best_ep 4 wall 539s
[ 3001.0s] MWF_TRAIN_DONE mE1c s42 folds 5 月均净 +1.184 bps/锚(训练帧, 非终审)
