[   17.5s] rows 2745557 cols 171 anchors 10206 med|y| 0.00894
[   20.4s] MWF start tag mE1c embargo 1 months [202502, 202506, 202510, 202602, 202606] base_sha 93cc2cdf925a self_sha 6003c2a2978e torch 2.11.0+cu128 gpu NVIDIA RTX PRO 4500 Blackwell
[   20.4s] CAUSALITY ASSERT mE1c 202502: n_train 6749 max_train_idx 6748 (2025-01-31 16:00) max_train_label_end 2025-01-31 20:00 <= cutoff 2025-01-31 20:00 (= first_test 2025-02-01 00:00 - 1 anchors) OK
/workspace/review_scratch/allweather_trackB/pod_f10_train_monthly_constseed.py:373: UserWarning: Converting a tensor with requires_grad=True to a scalar may lead to unexpected behavior.
Consider using tensor.detach() first. (Triggered internally at /pytorch/torch/csrc/autograd/generated/python_variable_methods.cpp:836.)
  al = float(mdl.alpha()); va_curve.append(round(va, 4)); alist.append(round(al, 4)); ep_s.append(round(time.time() - t0, 1))
[   68.4s] [mE1c 202502] ep0 va -4.784 α 0.099 τ 0.50 (38s)
[  104.8s] [mE1c 202502] ep1 va -4.114 α 0.099 τ 0.47 (36s)
[  141.4s] [mE1c 202502] ep2 va -3.501 α 0.098 τ 0.44 (37s)
[  177.8s] [mE1c 202502] ep3 va -3.563 α 0.098 τ 0.41 (36s)
[  210.2s] [mE1c 202502] ep4 va -3.530 α 0.097 τ 0.39 (32s)
[  243.4s] [mE1c 202502] ep5 va -3.299 α 0.097 τ 0.36 (33s)
[  280.1s] [mE1c 202502] ep6 va -3.549 α 0.097 τ 0.33 (37s)
[  316.9s] [mE1c 202502] ep7 va -3.957 α 0.096 τ 0.30 (37s)
[  353.5s] [mE1c 202502] ep8 va -3.889 α 0.096 τ 0.27 (37s)
[  390.0s] [mE1c 202502] ep9 va -4.055 α 0.096 τ 0.24 (37s)
[  426.9s] [mE1c 202502] ep10 va -4.131 α 0.096 τ 0.21 (37s)
[  463.6s] [mE1c 202502] ep11 va -3.864 α 0.096 τ 0.19 (37s)
[  500.3s] [mE1c 202502] ep12 va -3.721 α 0.096 τ 0.16 (37s)
[  536.9s] [mE1c 202502] ep13 va -3.848 α 0.096 τ 0.13 (37s)
[  571.8s] [mE1c 202502] ep14 va -3.898 α 0.096 τ 0.10 (35s)
[  577.4s] == mE1c 202502: net -0.185 bps/锚 ES5 29.08 换手 0.0752 α* 0.0969 best_ep 5 wall 541s
[  577.4s] CAUSALITY ASSERT mE1c 202506: n_train 7469 max_train_idx 7468 (2025-05-31 16:00) max_train_label_end 2025-05-31 20:00 <= cutoff 2025-05-31 20:00 (= first_test 2025-06-01 00:00 - 1 anchors) OK
[  612.6s] [mE1c 202506] ep0 va -5.962 α 0.099 τ 0.50 (35s)
[  653.3s] [mE1c 202506] ep1 va -4.393 α 0.098 τ 0.47 (41s)
[  694.3s] [mE1c 202506] ep2 va -3.336 α 0.098 τ 0.44 (41s)
[  735.1s] [mE1c 202506] ep3 va -4.264 α 0.097 τ 0.41 (41s)
[  775.9s] [mE1c 202506] ep4 va -3.611 α 0.097 τ 0.39 (41s)
[  817.1s] [mE1c 202506] ep5 va -3.787 α 0.096 τ 0.36 (41s)
[  858.1s] [mE1c 202506] ep6 va -4.498 α 0.096 τ 0.33 (41s)
[  899.2s] [mE1c 202506] ep7 va -6.056 α 0.096 τ 0.30 (41s)
[  940.3s] [mE1c 202506] ep8 va -5.766 α 0.096 τ 0.27 (41s)
[  981.2s] [mE1c 202506] ep9 va -5.368 α 0.096 τ 0.24 (41s)
[ 1021.9s] [mE1c 202506] ep10 va -4.814 α 0.095 τ 0.21 (41s)
[ 1062.8s] [mE1c 202506] ep11 va -5.411 α 0.095 τ 0.19 (41s)
[ 1103.8s] [mE1c 202506] ep12 va -5.383 α 0.095 τ 0.16 (41s)
[ 1140.8s] [mE1c 202506] ep13 va -5.561 α 0.095 τ 0.13 (37s)
[ 1179.7s] [mE1c 202506] ep14 va -5.519 α 0.095 τ 0.10 (39s)
[ 1186.6s] == mE1c 202506: net +0.008 bps/锚 ES5 9.02 换手 0.0853 α* 0.0977 best_ep 2 wall 602s
[ 1186.6s] CAUSALITY ASSERT mE1c 202510: n_train 8201 max_train_idx 8200 (2025-09-30 16:00) max_train_label_end 2025-09-30 20:00 <= cutoff 2025-09-30 20:00 (= first_test 2025-10-01 00:00 - 1 anchors) OK
[ 1230.9s] [mE1c 202510] ep0 va -4.919 α 0.098 τ 0.50 (44s)
[ 1275.2s] [mE1c 202510] ep1 va -4.811 α 0.098 τ 0.47 (44s)
[ 1320.4s] [mE1c 202510] ep2 va -4.122 α 0.097 τ 0.44 (45s)
[ 1365.5s] [mE1c 202510] ep3 va -4.228 α 0.096 τ 0.41 (45s)
[ 1410.6s] [mE1c 202510] ep4 va -5.818 α 0.095 τ 0.39 (45s)
[ 1455.7s] [mE1c 202510] ep5 va -3.817 α 0.095 τ 0.36 (45s)
[ 1500.8s] [mE1c 202510] ep6 va -4.689 α 0.095 τ 0.33 (45s)
[ 1545.9s] [mE1c 202510] ep7 va -4.158 α 0.094 τ 0.30 (45s)
[ 1591.0s] [mE1c 202510] ep8 va -4.643 α 0.094 τ 0.27 (45s)
[ 1636.0s] [mE1c 202510] ep9 va -4.082 α 0.094 τ 0.24 (45s)
[ 1681.1s] [mE1c 202510] ep10 va -4.103 α 0.094 τ 0.21 (45s)
[ 1726.2s] [mE1c 202510] ep11 va -3.982 α 0.094 τ 0.19 (45s)
[ 1771.5s] [mE1c 202510] ep12 va -4.160 α 0.094 τ 0.16 (45s)
[ 1816.5s] [mE1c 202510] ep13 va -4.020 α 0.094 τ 0.13 (45s)
[ 1861.4s] [mE1c 202510] ep14 va -4.038 α 0.094 τ 0.10 (45s)
[ 1865.5s] == mE1c 202510: net +6.226 bps/锚 ES5 49.74 换手 0.0278 α* 0.0949 best_ep 5 wall 675s
[ 1865.6s] CAUSALITY ASSERT mE1c 202602: n_train 8939 max_train_idx 8938 (2026-01-31 16:00) max_train_label_end 2026-01-31 20:00 <= cutoff 2026-01-31 20:00 (= first_test 2026-02-01 00:00 - 1 anchors) OK
[ 1900.2s] [mE1c 202602] ep0 va -8.271 α 0.099 τ 0.50 (35s)
[ 1933.5s] [mE1c 202602] ep1 va -8.072 α 0.098 τ 0.47 (33s)
[ 1967.0s] [mE1c 202602] ep2 va -8.109 α 0.097 τ 0.44 (33s)
[ 2000.3s] [mE1c 202602] ep3 va -8.007 α 0.096 τ 0.41 (33s)
[ 2035.0s] [mE1c 202602] ep4 va -8.182 α 0.096 τ 0.39 (35s)
[ 2068.5s] [mE1c 202602] ep5 va -8.009 α 0.095 τ 0.36 (33s)
[ 2104.4s] [mE1c 202602] ep6 va -7.984 α 0.095 τ 0.33 (36s)
[ 2137.7s] [mE1c 202602] ep7 va -8.017 α 0.095 τ 0.30 (33s)
[ 2170.9s] [mE1c 202602] ep8 va -8.028 α 0.095 τ 0.27 (33s)
[ 2204.6s] [mE1c 202602] ep9 va -8.060 α 0.095 τ 0.24 (34s)
[ 2237.9s] [mE1c 202602] ep10 va -7.987 α 0.095 τ 0.21 (33s)
[ 2272.6s] [mE1c 202602] ep11 va -7.989 α 0.094 τ 0.19 (35s)
[ 2306.9s] [mE1c 202602] ep12 va -8.017 α 0.094 τ 0.16 (34s)
[ 2340.1s] [mE1c 202602] ep13 va -8.051 α 0.094 τ 0.13 (33s)
[ 2374.0s] [mE1c 202602] ep14 va -8.018 α 0.094 τ 0.10 (34s)
[ 2376.2s] == mE1c 202602: net +3.716 bps/锚 ES5 29.69 换手 0.0389 α* 0.095 best_ep 6 wall 508s
[ 2376.2s] CAUSALITY ASSERT mE1c 202606: n_train 9659 max_train_idx 9658 (2026-05-31 16:00) max_train_label_end 2026-05-31 20:00 <= cutoff 2026-05-31 20:00 (= first_test 2026-06-01 00:00 - 1 anchors) OK
[ 2412.4s] [mE1c 202606] ep0 va -7.085 α 0.098 τ 0.50 (36s)
[ 2449.0s] [mE1c 202606] ep1 va -7.111 α 0.097 τ 0.47 (37s)
[ 2485.5s] [mE1c 202606] ep2 va -6.962 α 0.096 τ 0.44 (36s)
[ 2521.9s] [mE1c 202606] ep3 va -6.875 α 0.095 τ 0.41 (36s)
[ 2559.1s] [mE1c 202606] ep4 va -6.990 α 0.095 τ 0.39 (37s)
[ 2595.6s] [mE1c 202606] ep5 va -6.965 α 0.094 τ 0.36 (37s)
[ 2631.7s] [mE1c 202606] ep6 va -6.993 α 0.094 τ 0.33 (36s)
[ 2669.0s] [mE1c 202606] ep7 va -6.899 α 0.093 τ 0.30 (37s)
[ 2705.9s] [mE1c 202606] ep8 va -6.981 α 0.093 τ 0.27 (37s)
[ 2742.7s] [mE1c 202606] ep9 va -6.975 α 0.093 τ 0.24 (37s)
[ 2779.4s] [mE1c 202606] ep10 va -6.952 α 0.093 τ 0.21 (37s)
[ 2817.0s] [mE1c 202606] ep11 va -7.043 α 0.093 τ 0.19 (38s)
[ 2853.3s] [mE1c 202606] ep12 va -7.022 α 0.093 τ 0.16 (36s)
[ 2887.7s] [mE1c 202606] ep13 va -7.014 α 0.093 τ 0.13 (34s)
[ 2920.0s] [mE1c 202606] ep14 va -7.017 α 0.093 τ 0.10 (32s)
[ 2921.1s] == mE1c 202606: net +5.883 bps/锚 ES5 49.87 换手 0.0386 α* 0.0955 best_ep 3 wall 544s
[ 2921.1s] MWF_TRAIN_DONE mE1c s42 folds 5 月均净 +3.130 bps/锚(训练帧, 非终审)
