[   17.3s] rows 2745557 cols 171 anchors 10206 med|y| 0.00894
/workspace/review_scratch/allweather_trackB/pod_f10_train_yearly_save.py:316: UserWarning: Converting a tensor with requires_grad=True to a scalar may lead to unexpected behavior.
Consider using tensor.detach() first. (Triggered internally at /pytorch/torch/csrc/autograd/generated/python_variable_methods.cpp:836.)
  al = float(mdl.alpha()); va_curve.append(round(va, 4)); alist.append(round(al, 4))
[   42.9s] [2023] ep0 va -6.379 α 0.100 τ 0.50 (12s)
[   54.1s] [2023] ep1 va -4.320 α 0.099 τ 0.47 (11s)
[   65.4s] [2023] ep2 va -4.440 α 0.099 τ 0.44 (11s)
[   76.0s] [2023] ep3 va -4.763 α 0.099 τ 0.41 (11s)
[   87.3s] [2023] ep4 va -4.096 α 0.099 τ 0.39 (11s)
[   98.5s] [2023] ep5 va -3.623 α 0.099 τ 0.36 (11s)
[  109.1s] [2023] ep6 va -3.762 α 0.099 τ 0.33 (11s)
[  120.4s] [2023] ep7 va -3.489 α 0.099 τ 0.30 (11s)
[  131.4s] [2023] ep8 va -3.659 α 0.100 τ 0.27 (11s)
[  142.3s] [2023] ep9 va -4.359 α 0.100 τ 0.24 (11s)
[  153.3s] [2023] ep10 va -3.670 α 0.100 τ 0.21 (11s)
[  164.5s] [2023] ep11 va -3.664 α 0.100 τ 0.19 (11s)
[  175.5s] [2023] ep12 va -3.677 α 0.100 τ 0.16 (11s)
[  186.2s] [2023] ep13 va -3.855 α 0.100 τ 0.13 (11s)
[  197.7s] [2023] ep14 va -3.828 α 0.100 τ 0.10 (11s)
[  224.8s] == 2023: net +0.268 bps/锚 ES5 22.52 换手 0.0727 α* 0.0994
[  248.1s] [2024] ep0 va -5.672 α 0.099 τ 0.50 (23s)
[  271.5s] [2024] ep1 va -5.126 α 0.098 τ 0.47 (23s)
[  294.5s] [2024] ep2 va -5.003 α 0.097 τ 0.44 (23s)
[  317.6s] [2024] ep3 va -4.937 α 0.096 τ 0.41 (23s)
[  341.0s] [2024] ep4 va -4.747 α 0.095 τ 0.39 (23s)
[  363.9s] [2024] ep5 va -4.897 α 0.094 τ 0.36 (23s)
[  387.2s] [2024] ep6 va -4.712 α 0.094 τ 0.33 (23s)
[  410.1s] [2024] ep7 va -4.704 α 0.094 τ 0.30 (23s)
[  433.3s] [2024] ep8 va -4.819 α 0.094 τ 0.27 (23s)
[  456.5s] [2024] ep9 va -4.819 α 0.094 τ 0.24 (23s)
[  479.6s] [2024] ep10 va -4.912 α 0.094 τ 0.21 (23s)
[  502.8s] [2024] ep11 va -4.972 α 0.094 τ 0.19 (23s)
[  525.9s] [2024] ep12 va -4.994 α 0.094 τ 0.16 (23s)
[  549.1s] [2024] ep13 va -4.926 α 0.094 τ 0.13 (23s)
[  571.1s] [2024] ep14 va -4.934 α 0.094 τ 0.10 (22s)
[  592.1s] == 2024: net +0.653 bps/锚 ES5 27.91 换手 0.0598 α* 0.0938
[  626.5s] [2025] ep0 va -6.409 α 0.100 τ 0.50 (34s)
[  662.2s] [2025] ep1 va -3.845 α 0.099 τ 0.47 (36s)
[  697.8s] [2025] ep2 va -5.023 α 0.099 τ 0.44 (36s)
[  733.3s] [2025] ep3 va -4.339 α 0.098 τ 0.41 (36s)
[  769.0s] [2025] ep4 va -4.104 α 0.098 τ 0.39 (36s)
[  804.6s] [2025] ep5 va -3.173 α 0.097 τ 0.36 (36s)
[  840.1s] [2025] ep6 va -3.631 α 0.097 τ 0.33 (36s)
[  875.8s] [2025] ep7 va -3.644 α 0.097 τ 0.30 (36s)
[  911.5s] [2025] ep8 va -3.861 α 0.097 τ 0.27 (36s)
[  946.9s] [2025] ep9 va -4.229 α 0.097 τ 0.24 (35s)
[  982.6s] [2025] ep10 va -3.810 α 0.097 τ 0.21 (36s)
[ 1018.3s] [2025] ep11 va -3.881 α 0.097 τ 0.19 (36s)
[ 1053.7s] [2025] ep12 va -3.779 α 0.097 τ 0.16 (35s)
[ 1089.2s] [2025] ep13 va -3.956 α 0.097 τ 0.13 (36s)
[ 1124.9s] [2025] ep14 va -3.876 α 0.097 τ 0.10 (36s)
[ 1145.6s] == 2025: net +1.138 bps/锚 ES5 33.72 换手 0.0597 α* 0.0974
[ 1192.0s] [2026] ep0 va -8.143 α 0.099 τ 0.50 (46s)
[ 1239.1s] [2026] ep1 va -8.347 α 0.098 τ 0.47 (47s)
[ 1286.3s] [2026] ep2 va -7.937 α 0.097 τ 0.44 (47s)
[ 1334.4s] [2026] ep3 va -8.240 α 0.096 τ 0.41 (48s)
[ 1382.5s] [2026] ep4 va -8.037 α 0.095 τ 0.39 (48s)
[ 1430.6s] [2026] ep5 va -8.034 α 0.094 τ 0.36 (48s)
[ 1478.8s] [2026] ep6 va -8.024 α 0.094 τ 0.33 (48s)
[ 1526.9s] [2026] ep7 va -7.792 α 0.093 τ 0.30 (48s)
[ 1574.9s] [2026] ep8 va -7.876 α 0.093 τ 0.27 (48s)
[ 1623.1s] [2026] ep9 va -7.625 α 0.093 τ 0.24 (48s)
[ 1671.2s] [2026] ep10 va -7.796 α 0.093 τ 0.21 (48s)
[ 1719.3s] [2026] ep11 va -7.740 α 0.093 τ 0.19 (48s)
[ 1767.3s] [2026] ep12 va -7.791 α 0.093 τ 0.16 (48s)
[ 1815.3s] [2026] ep13 va -7.782 α 0.093 τ 0.13 (48s)
[ 1862.4s] [2026] ep14 va -7.781 α 0.093 τ 0.10 (47s)
[ 1873.5s] == 2026: net +3.391 bps/锚 ES5 39.73 换手 0.0402 α* 0.0932
[ 1873.8s] F10_TRAIN_DONE V2MAIN_YS s2027 年均净 +1.362 bps/锚(训练帧, 非终审)
