[   17.5s] rows 2745557 cols 171 anchors 10206 med|y| 0.00894
/workspace/review_scratch/allweather_trackB/pod_f10_train_yearly_save.py:316: UserWarning: Converting a tensor with requires_grad=True to a scalar may lead to unexpected behavior.
Consider using tensor.detach() first. (Triggered internally at /pytorch/torch/csrc/autograd/generated/python_variable_methods.cpp:836.)
  al = float(mdl.alpha()); va_curve.append(round(va, 4)); alist.append(round(al, 4))
[   43.1s] [2023] ep0 va -7.349 α 0.099 τ 0.50 (13s)
[   54.3s] [2023] ep1 va -5.689 α 0.099 τ 0.47 (11s)
[   65.5s] [2023] ep2 va -4.523 α 0.099 τ 0.44 (11s)
[   76.4s] [2023] ep3 va -4.422 α 0.098 τ 0.41 (11s)
[   87.7s] [2023] ep4 va -4.469 α 0.098 τ 0.39 (11s)
[   98.9s] [2023] ep5 va -4.205 α 0.098 τ 0.36 (11s)
[  109.5s] [2023] ep6 va -4.538 α 0.099 τ 0.33 (11s)
[  120.8s] [2023] ep7 va -4.096 α 0.099 τ 0.30 (11s)
[  131.8s] [2023] ep8 va -4.450 α 0.099 τ 0.27 (11s)
[  142.7s] [2023] ep9 va -4.243 α 0.099 τ 0.24 (11s)
[  153.7s] [2023] ep10 va -4.394 α 0.099 τ 0.21 (11s)
[  165.0s] [2023] ep11 va -4.484 α 0.100 τ 0.19 (11s)
[  175.9s] [2023] ep12 va -4.368 α 0.100 τ 0.16 (11s)
[  186.6s] [2023] ep13 va -4.460 α 0.100 τ 0.13 (11s)
[  198.1s] [2023] ep14 va -4.481 α 0.100 τ 0.10 (11s)
[  225.2s] == 2023: net +0.277 bps/锚 ES5 21.79 换手 0.0749 α* 0.0989
[  248.2s] [2024] ep0 va -5.571 α 0.099 τ 0.50 (23s)
[  271.6s] [2024] ep1 va -5.520 α 0.097 τ 0.47 (23s)
[  294.7s] [2024] ep2 va -5.323 α 0.096 τ 0.44 (23s)
[  317.8s] [2024] ep3 va -5.122 α 0.096 τ 0.41 (23s)
[  341.2s] [2024] ep4 va -5.039 α 0.095 τ 0.39 (23s)
[  364.1s] [2024] ep5 va -4.634 α 0.095 τ 0.36 (23s)
[  387.3s] [2024] ep6 va -5.021 α 0.094 τ 0.33 (23s)
[  410.3s] [2024] ep7 va -4.998 α 0.094 τ 0.30 (23s)
[  433.4s] [2024] ep8 va -4.866 α 0.094 τ 0.27 (23s)
[  456.6s] [2024] ep9 va -5.525 α 0.094 τ 0.24 (23s)
[  479.8s] [2024] ep10 va -5.026 α 0.094 τ 0.21 (23s)
[  502.9s] [2024] ep11 va -5.094 α 0.094 τ 0.19 (23s)
[  526.1s] [2024] ep12 va -5.147 α 0.094 τ 0.16 (23s)
[  549.3s] [2024] ep13 va -5.092 α 0.094 τ 0.13 (23s)
[  571.2s] [2024] ep14 va -5.082 α 0.094 τ 0.10 (22s)
[  592.2s] == 2024: net +0.540 bps/锚 ES5 28.95 换手 0.0595 α* 0.0946
[  626.7s] [2025] ep0 va -4.411 α 0.100 τ 0.50 (34s)
[  662.4s] [2025] ep1 va -4.364 α 0.099 τ 0.47 (36s)
[  697.9s] [2025] ep2 va -3.390 α 0.099 τ 0.44 (36s)
[  733.5s] [2025] ep3 va -3.495 α 0.098 τ 0.41 (36s)
[  769.1s] [2025] ep4 va -4.004 α 0.098 τ 0.39 (36s)
[  804.7s] [2025] ep5 va -3.171 α 0.097 τ 0.36 (36s)
[  840.3s] [2025] ep6 va -3.853 α 0.097 τ 0.33 (36s)
[  875.9s] [2025] ep7 va -3.877 α 0.097 τ 0.30 (36s)
[  911.7s] [2025] ep8 va -3.752 α 0.097 τ 0.27 (36s)
[  947.1s] [2025] ep9 va -3.790 α 0.097 τ 0.24 (35s)
[  982.7s] [2025] ep10 va -3.573 α 0.097 τ 0.21 (36s)
[ 1018.5s] [2025] ep11 va -3.673 α 0.097 τ 0.19 (36s)
[ 1053.8s] [2025] ep12 va -3.589 α 0.097 τ 0.16 (35s)
[ 1089.4s] [2025] ep13 va -3.522 α 0.097 τ 0.13 (36s)
[ 1125.1s] [2025] ep14 va -3.524 α 0.097 τ 0.10 (36s)
[ 1145.8s] == 2025: net +0.990 bps/锚 ES5 34.46 换手 0.0581 α* 0.0974
[ 1192.1s] [2026] ep0 va -8.382 α 0.098 τ 0.50 (46s)
[ 1239.3s] [2026] ep1 va -7.820 α 0.097 τ 0.47 (47s)
[ 1286.5s] [2026] ep2 va -8.196 α 0.096 τ 0.44 (47s)
[ 1334.5s] [2026] ep3 va -7.931 α 0.096 τ 0.41 (48s)
[ 1382.7s] [2026] ep4 va -7.862 α 0.095 τ 0.39 (48s)
[ 1430.8s] [2026] ep5 va -7.798 α 0.094 τ 0.36 (48s)
[ 1478.7s] [2026] ep6 va -7.794 α 0.094 τ 0.33 (48s)
[ 1526.8s] [2026] ep7 va -7.686 α 0.094 τ 0.30 (48s)
[ 1574.7s] [2026] ep8 va -7.786 α 0.093 τ 0.27 (48s)
[ 1623.0s] [2026] ep9 va -7.651 α 0.093 τ 0.24 (48s)
[ 1671.1s] [2026] ep10 va -7.727 α 0.093 τ 0.21 (48s)
[ 1719.2s] [2026] ep11 va -7.901 α 0.093 τ 0.19 (48s)
[ 1767.2s] [2026] ep12 va -7.702 α 0.093 τ 0.16 (48s)
[ 1815.2s] [2026] ep13 va -7.710 α 0.093 τ 0.13 (48s)
[ 1862.4s] [2026] ep14 va -7.730 α 0.093 τ 0.10 (47s)
[ 1873.5s] == 2026: net +3.401 bps/锚 ES5 39.78 换手 0.0390 α* 0.0933
[ 1873.8s] F10_TRAIN_DONE V2MAIN_YS s42 年均净 +1.302 bps/锚(训练帧, 非终审)
