[   17.5s] rows 2745557 cols 171 anchors 10206 med|y| 0.00894
[   20.4s] MWF start tag mE1c embargo 1 months [202501, 202505, 202509, 202601, 202605] base_sha 93cc2cdf925a self_sha 6003c2a2978e torch 2.11.0+cu128 gpu NVIDIA RTX PRO 4500 Blackwell
[   20.4s] CAUSALITY ASSERT mE1c 202501: n_train 6563 max_train_idx 6562 (2024-12-31 16:00) max_train_label_end 2024-12-31 20:00 <= cutoff 2024-12-31 20:00 (= first_test 2025-01-01 00:00 - 1 anchors) OK
/workspace/review_scratch/allweather_trackB/pod_f10_train_monthly_constseed.py:373: UserWarning: Converting a tensor with requires_grad=True to a scalar may lead to unexpected behavior.
Consider using tensor.detach() first. (Triggered internally at /pytorch/torch/csrc/autograd/generated/python_variable_methods.cpp:836.)
  al = float(mdl.alpha()); va_curve.append(round(va, 4)); alist.append(round(al, 4)); ep_s.append(round(time.time() - t0, 1))
[   67.6s] [mE1c 202501] ep0 va -4.859 α 0.099 τ 0.50 (37s)
[  103.2s] [mE1c 202501] ep1 va -3.984 α 0.099 τ 0.47 (36s)
[  138.8s] [mE1c 202501] ep2 va -3.215 α 0.098 τ 0.44 (36s)
[  174.2s] [mE1c 202501] ep3 va -4.287 α 0.097 τ 0.41 (35s)
[  206.9s] [mE1c 202501] ep4 va -3.383 α 0.097 τ 0.39 (33s)
[  238.1s] [mE1c 202501] ep5 va -3.652 α 0.097 τ 0.36 (31s)
[  273.8s] [mE1c 202501] ep6 va -3.109 α 0.097 τ 0.33 (36s)
[  309.6s] [mE1c 202501] ep7 va -3.905 α 0.096 τ 0.30 (36s)
[  345.1s] [mE1c 202501] ep8 va -3.241 α 0.096 τ 0.27 (36s)
[  381.1s] [mE1c 202501] ep9 va -3.787 α 0.096 τ 0.24 (36s)
[  416.8s] [mE1c 202501] ep10 va -3.703 α 0.096 τ 0.21 (36s)
[  452.5s] [mE1c 202501] ep11 va -3.703 α 0.096 τ 0.19 (36s)
[  488.1s] [mE1c 202501] ep12 va -3.983 α 0.096 τ 0.16 (36s)
[  523.8s] [mE1c 202501] ep13 va -3.640 α 0.096 τ 0.13 (36s)
[  559.2s] [mE1c 202501] ep14 va -3.662 α 0.096 τ 0.10 (35s)
[  567.5s] == mE1c 202501: net +0.229 bps/锚 ES5 22.94 换手 0.0742 α* 0.0966 best_ep 6 wall 529s
[  567.5s] CAUSALITY ASSERT mE1c 202505: n_train 7283 max_train_idx 7282 (2025-04-30 16:00) max_train_label_end 2025-04-30 20:00 <= cutoff 2025-04-30 20:00 (= first_test 2025-05-01 00:00 - 1 anchors) OK
[  599.2s] [mE1c 202505] ep0 va -4.623 α 0.099 τ 0.50 (32s)
[  638.5s] [mE1c 202505] ep1 va -3.002 α 0.099 τ 0.47 (39s)
[  678.3s] [mE1c 202505] ep2 va -3.664 α 0.098 τ 0.44 (40s)
[  718.1s] [mE1c 202505] ep3 va -3.883 α 0.097 τ 0.41 (40s)
[  758.1s] [mE1c 202505] ep4 va -4.661 α 0.097 τ 0.39 (40s)
[  798.0s] [mE1c 202505] ep5 va -4.678 α 0.096 τ 0.36 (40s)
[  837.8s] [mE1c 202505] ep6 va -4.712 α 0.096 τ 0.33 (40s)
[  877.4s] [mE1c 202505] ep7 va -4.426 α 0.096 τ 0.30 (40s)
[  917.2s] [mE1c 202505] ep8 va -4.522 α 0.096 τ 0.27 (40s)
[  956.9s] [mE1c 202505] ep9 va -6.411 α 0.096 τ 0.24 (40s)
[  996.6s] [mE1c 202505] ep10 va -5.583 α 0.096 τ 0.21 (40s)
[ 1036.4s] [mE1c 202505] ep11 va -6.035 α 0.096 τ 0.19 (40s)
[ 1076.3s] [mE1c 202505] ep12 va -5.488 α 0.096 τ 0.16 (40s)
[ 1116.1s] [mE1c 202505] ep13 va -5.333 α 0.096 τ 0.13 (40s)
[ 1150.4s] [mE1c 202505] ep14 va -5.475 α 0.096 τ 0.10 (34s)
[ 1157.4s] == mE1c 202505: net +0.194 bps/锚 ES5 15.63 换手 0.0843 α* 0.0986 best_ep 1 wall 583s
[ 1157.5s] CAUSALITY ASSERT mE1c 202509: n_train 8021 max_train_idx 8020 (2025-08-31 16:00) max_train_label_end 2025-08-31 20:00 <= cutoff 2025-08-31 20:00 (= first_test 2025-09-01 00:00 - 1 anchors) OK
[ 1200.8s] [mE1c 202509] ep0 va -4.020 α 0.099 τ 0.50 (43s)
[ 1243.9s] [mE1c 202509] ep1 va -3.752 α 0.098 τ 0.47 (43s)
[ 1287.6s] [mE1c 202509] ep2 va -5.124 α 0.097 τ 0.44 (44s)
[ 1332.1s] [mE1c 202509] ep3 va -4.023 α 0.096 τ 0.41 (45s)
[ 1376.4s] [mE1c 202509] ep4 va -4.172 α 0.096 τ 0.39 (44s)
[ 1420.7s] [mE1c 202509] ep5 va -3.728 α 0.095 τ 0.36 (44s)
[ 1464.9s] [mE1c 202509] ep6 va -4.937 α 0.095 τ 0.33 (44s)
[ 1509.0s] [mE1c 202509] ep7 va -4.195 α 0.095 τ 0.30 (44s)
[ 1553.3s] [mE1c 202509] ep8 va -3.863 α 0.095 τ 0.27 (44s)
[ 1597.7s] [mE1c 202509] ep9 va -3.908 α 0.095 τ 0.24 (44s)
[ 1641.9s] [mE1c 202509] ep10 va -4.062 α 0.095 τ 0.21 (44s)
[ 1686.1s] [mE1c 202509] ep11 va -3.965 α 0.095 τ 0.19 (44s)
[ 1730.3s] [mE1c 202509] ep12 va -4.134 α 0.094 τ 0.16 (44s)
[ 1774.5s] [mE1c 202509] ep13 va -3.942 α 0.094 τ 0.13 (44s)
[ 1818.6s] [mE1c 202509] ep14 va -3.978 α 0.094 τ 0.10 (44s)
[ 1824.5s] == mE1c 202509: net +2.395 bps/锚 ES5 27.74 换手 0.0547 α* 0.0954 best_ep 5 wall 661s
[ 1824.5s] CAUSALITY ASSERT mE1c 202601: n_train 8753 max_train_idx 8752 (2025-12-31 16:00) max_train_label_end 2025-12-31 20:00 <= cutoff 2025-12-31 20:00 (= first_test 2026-01-01 00:00 - 1 anchors) OK
[ 1870.9s] [mE1c 202601] ep0 va -8.141 α 0.099 τ 0.50 (46s)
[ 1903.8s] [mE1c 202601] ep1 va -8.090 α 0.098 τ 0.47 (33s)
[ 1936.2s] [mE1c 202601] ep2 va -8.091 α 0.097 τ 0.44 (32s)
[ 1969.0s] [mE1c 202601] ep3 va -8.006 α 0.096 τ 0.41 (33s)
[ 2002.0s] [mE1c 202601] ep4 va -8.035 α 0.095 τ 0.39 (33s)
[ 2036.4s] [mE1c 202601] ep5 va -8.175 α 0.095 τ 0.36 (34s)
[ 2069.2s] [mE1c 202601] ep6 va -7.946 α 0.094 τ 0.33 (33s)
[ 2101.5s] [mE1c 202601] ep7 va -7.984 α 0.094 τ 0.30 (32s)
[ 2134.5s] [mE1c 202601] ep8 va -8.058 α 0.094 τ 0.27 (33s)
[ 2167.7s] [mE1c 202601] ep9 va -7.990 α 0.094 τ 0.24 (33s)
[ 2200.8s] [mE1c 202601] ep10 va -7.871 α 0.094 τ 0.21 (33s)
[ 2233.8s] [mE1c 202601] ep11 va -7.874 α 0.094 τ 0.19 (33s)
[ 2267.7s] [mE1c 202601] ep12 va -7.870 α 0.094 τ 0.16 (34s)
[ 2300.6s] [mE1c 202601] ep13 va -7.908 α 0.094 τ 0.13 (33s)
[ 2333.6s] [mE1c 202601] ep14 va -7.912 α 0.094 τ 0.10 (33s)
[ 2335.8s] == mE1c 202601: net +1.329 bps/锚 ES5 36.77 换手 0.0269 α* 0.0937 best_ep 12 wall 509s
[ 2335.9s] CAUSALITY ASSERT mE1c 202605: n_train 9473 max_train_idx 9472 (2026-04-30 16:00) max_train_label_end 2026-04-30 20:00 <= cutoff 2026-04-30 20:00 (= first_test 2026-05-01 00:00 - 1 anchors) OK
[ 2372.0s] [mE1c 202605] ep0 va -7.099 α 0.098 τ 0.50 (36s)
[ 2408.3s] [mE1c 202605] ep1 va -7.015 α 0.097 τ 0.47 (36s)
[ 2443.6s] [mE1c 202605] ep2 va -7.010 α 0.096 τ 0.44 (35s)
[ 2479.4s] [mE1c 202605] ep3 va -6.974 α 0.095 τ 0.41 (36s)
[ 2515.2s] [mE1c 202605] ep4 va -7.117 α 0.094 τ 0.39 (36s)
[ 2551.2s] [mE1c 202605] ep5 va -6.990 α 0.094 τ 0.36 (36s)
[ 2587.0s] [mE1c 202605] ep6 va -7.103 α 0.093 τ 0.33 (36s)
[ 2622.7s] [mE1c 202605] ep7 va -7.000 α 0.093 τ 0.30 (36s)
[ 2658.6s] [mE1c 202605] ep8 va -7.121 α 0.093 τ 0.27 (36s)
[ 2694.3s] [mE1c 202605] ep9 va -7.025 α 0.093 τ 0.24 (36s)
[ 2730.2s] [mE1c 202605] ep10 va -7.066 α 0.093 τ 0.21 (36s)
[ 2765.7s] [mE1c 202605] ep11 va -6.976 α 0.093 τ 0.19 (35s)
[ 2801.6s] [mE1c 202605] ep12 va -7.023 α 0.093 τ 0.16 (36s)
[ 2837.7s] [mE1c 202605] ep13 va -7.049 α 0.093 τ 0.13 (36s)
[ 2873.9s] [mE1c 202605] ep14 va -7.029 α 0.093 τ 0.10 (36s)
[ 2875.5s] == mE1c 202605: net +2.368 bps/锚 ES5 35.32 换手 0.0464 α* 0.095 best_ep 3 wall 538s
[ 2875.6s] MWF_TRAIN_DONE mE1c s42 folds 5 月均净 +1.303 bps/锚(训练帧, 非终审)
