[   17.5s] rows 2745557 cols 171 anchors 10206 med|y| 0.00894
[   20.5s] MWF start tag mE1c embargo 1 months [202503, 202507, 202511, 202603, 202607] base_sha 93cc2cdf925a self_sha 6003c2a2978e torch 2.11.0+cu128 gpu NVIDIA RTX PRO 4500 Blackwell
[   20.5s] CAUSALITY ASSERT mE1c 202503: n_train 6917 max_train_idx 6916 (2025-02-28 16:00) max_train_label_end 2025-02-28 20:00 <= cutoff 2025-02-28 20:00 (= first_test 2025-03-01 00:00 - 1 anchors) OK
/workspace/review_scratch/allweather_trackB/pod_f10_train_monthly_constseed.py:373: UserWarning: Converting a tensor with requires_grad=True to a scalar may lead to unexpected behavior.
Consider using tensor.detach() first. (Triggered internally at /pytorch/torch/csrc/autograd/generated/python_variable_methods.cpp:836.)
  al = float(mdl.alpha()); va_curve.append(round(va, 4)); alist.append(round(al, 4)); ep_s.append(round(time.time() - t0, 1))
[   69.2s] [mE1c 202503] ep0 va -5.410 α 0.099 τ 0.50 (39s)
[  106.5s] [mE1c 202503] ep1 va -4.138 α 0.099 τ 0.47 (37s)
[  143.8s] [mE1c 202503] ep2 va -4.018 α 0.098 τ 0.44 (37s)
[  181.3s] [mE1c 202503] ep3 va -5.767 α 0.098 τ 0.41 (37s)
[  213.9s] [mE1c 202503] ep4 va -4.011 α 0.097 τ 0.39 (33s)
[  248.7s] [mE1c 202503] ep5 va -4.716 α 0.097 τ 0.36 (35s)
[  286.0s] [mE1c 202503] ep6 va -4.105 α 0.097 τ 0.33 (37s)
[  323.5s] [mE1c 202503] ep7 va -5.598 α 0.096 τ 0.30 (38s)
[  361.2s] [mE1c 202503] ep8 va -4.569 α 0.096 τ 0.27 (38s)
[  398.8s] [mE1c 202503] ep9 va -4.747 α 0.096 τ 0.24 (38s)
[  436.1s] [mE1c 202503] ep10 va -5.755 α 0.096 τ 0.21 (37s)
[  473.7s] [mE1c 202503] ep11 va -5.193 α 0.096 τ 0.19 (38s)
[  511.1s] [mE1c 202503] ep12 va -5.092 α 0.096 τ 0.16 (37s)
[  548.8s] [mE1c 202503] ep13 va -5.279 α 0.096 τ 0.13 (38s)
[  582.1s] [mE1c 202503] ep14 va -5.277 α 0.096 τ 0.10 (33s)
[  588.6s] == mE1c 202503: net +0.640 bps/锚 ES5 14.16 换手 0.0799 α* 0.0972 best_ep 4 wall 552s
[  588.6s] CAUSALITY ASSERT mE1c 202507: n_train 7649 max_train_idx 7648 (2025-06-30 16:00) max_train_label_end 2025-06-30 20:00 <= cutoff 2025-06-30 20:00 (= first_test 2025-07-01 00:00 - 1 anchors) OK
[  628.3s] [mE1c 202507] ep0 va -5.313 α 0.098 τ 0.50 (40s)
[  670.1s] [mE1c 202507] ep1 va -7.128 α 0.097 τ 0.47 (42s)
[  711.9s] [mE1c 202507] ep2 va -4.327 α 0.097 τ 0.44 (42s)
[  753.7s] [mE1c 202507] ep3 va -4.594 α 0.096 τ 0.41 (42s)
[  795.5s] [mE1c 202507] ep4 va -5.134 α 0.095 τ 0.39 (42s)
[  837.3s] [mE1c 202507] ep5 va -4.474 α 0.095 τ 0.36 (42s)
[  878.8s] [mE1c 202507] ep6 va -5.712 α 0.095 τ 0.33 (41s)
[  920.6s] [mE1c 202507] ep7 va -6.375 α 0.094 τ 0.30 (42s)
[  962.5s] [mE1c 202507] ep8 va -5.277 α 0.094 τ 0.27 (42s)
[ 1004.4s] [mE1c 202507] ep9 va -4.667 α 0.094 τ 0.24 (42s)
[ 1046.3s] [mE1c 202507] ep10 va -5.107 α 0.094 τ 0.21 (42s)
[ 1088.1s] [mE1c 202507] ep11 va -5.724 α 0.094 τ 0.19 (42s)
[ 1128.6s] [mE1c 202507] ep12 va -5.732 α 0.094 τ 0.16 (41s)
[ 1165.5s] [mE1c 202507] ep13 va -5.183 α 0.094 τ 0.13 (37s)
[ 1206.6s] [mE1c 202507] ep14 va -5.173 α 0.094 τ 0.10 (41s)
[ 1213.2s] == mE1c 202507: net -0.138 bps/锚 ES5 22.14 换手 0.0768 α* 0.0966 best_ep 2 wall 618s
[ 1213.2s] CAUSALITY ASSERT mE1c 202511: n_train 8387 max_train_idx 8386 (2025-10-31 16:00) max_train_label_end 2025-10-31 20:00 <= cutoff 2025-10-31 20:00 (= first_test 2025-11-01 00:00 - 1 anchors) OK
[ 1258.7s] [mE1c 202511] ep0 va -5.815 α 0.098 τ 0.50 (45s)
[ 1305.0s] [mE1c 202511] ep1 va -6.374 α 0.097 τ 0.47 (46s)
[ 1351.3s] [mE1c 202511] ep2 va -5.404 α 0.096 τ 0.44 (46s)
[ 1397.7s] [mE1c 202511] ep3 va -5.638 α 0.095 τ 0.41 (46s)
[ 1444.0s] [mE1c 202511] ep4 va -5.333 α 0.094 τ 0.39 (46s)
[ 1490.3s] [mE1c 202511] ep5 va -5.162 α 0.094 τ 0.36 (46s)
[ 1536.6s] [mE1c 202511] ep6 va -5.318 α 0.094 τ 0.33 (46s)
[ 1582.8s] [mE1c 202511] ep7 va -5.210 α 0.093 τ 0.30 (46s)
[ 1628.9s] [mE1c 202511] ep8 va -5.050 α 0.093 τ 0.27 (46s)
[ 1675.2s] [mE1c 202511] ep9 va -5.183 α 0.093 τ 0.24 (46s)
[ 1721.6s] [mE1c 202511] ep10 va -4.933 α 0.093 τ 0.21 (46s)
[ 1767.8s] [mE1c 202511] ep11 va -4.989 α 0.093 τ 0.19 (46s)
[ 1814.2s] [mE1c 202511] ep12 va -4.990 α 0.093 τ 0.16 (46s)
[ 1860.0s] [mE1c 202511] ep13 va -5.003 α 0.093 τ 0.13 (46s)
[ 1893.6s] [mE1c 202511] ep14 va -4.990 α 0.093 τ 0.10 (34s)
[ 1896.4s] == mE1c 202511: net +1.082 bps/锚 ES5 53.58 换手 0.0141 α* 0.093 best_ep 10 wall 680s
[ 1896.5s] CAUSALITY ASSERT mE1c 202603: n_train 9107 max_train_idx 9106 (2026-02-28 16:00) max_train_label_end 2026-02-28 20:00 <= cutoff 2026-02-28 20:00 (= first_test 2026-03-01 00:00 - 1 anchors) OK
[ 1930.0s] [mE1c 202603] ep0 va -8.126 α 0.099 τ 0.50 (34s)
[ 1963.9s] [mE1c 202603] ep1 va -7.900 α 0.098 τ 0.47 (34s)
[ 1998.3s] [mE1c 202603] ep2 va -7.944 α 0.097 τ 0.44 (34s)
[ 2034.3s] [mE1c 202603] ep3 va -7.905 α 0.096 τ 0.41 (36s)
[ 2068.1s] [mE1c 202603] ep4 va -7.980 α 0.095 τ 0.39 (34s)
[ 2102.3s] [mE1c 202603] ep5 va -7.920 α 0.095 τ 0.36 (34s)
[ 2136.6s] [mE1c 202603] ep6 va -7.861 α 0.094 τ 0.33 (34s)
[ 2170.5s] [mE1c 202603] ep7 va -7.914 α 0.094 τ 0.30 (34s)
[ 2204.8s] [mE1c 202603] ep8 va -7.822 α 0.094 τ 0.27 (34s)
[ 2238.9s] [mE1c 202603] ep9 va -7.949 α 0.094 τ 0.24 (34s)
[ 2275.0s] [mE1c 202603] ep10 va -7.840 α 0.094 τ 0.21 (36s)
[ 2309.5s] [mE1c 202603] ep11 va -7.812 α 0.094 τ 0.19 (34s)
[ 2343.4s] [mE1c 202603] ep12 va -7.831 α 0.094 τ 0.16 (34s)
[ 2376.9s] [mE1c 202603] ep13 va -7.878 α 0.094 τ 0.13 (33s)
[ 2411.2s] [mE1c 202603] ep14 va -7.840 α 0.094 τ 0.10 (34s)
[ 2413.1s] == mE1c 202603: net +3.361 bps/锚 ES5 24.43 换手 0.0535 α* 0.0936 best_ep 11 wall 515s
[ 2413.1s] CAUSALITY ASSERT mE1c 202607: n_train 9839 max_train_idx 9838 (2026-06-30 16:00) max_train_label_end 2026-06-30 20:00 <= cutoff 2026-06-30 20:00 (= first_test 2026-07-01 00:00 - 1 anchors) OK
[ 2449.9s] [mE1c 202607] ep0 va -7.140 α 0.099 τ 0.50 (37s)
[ 2486.2s] [mE1c 202607] ep1 va -7.239 α 0.098 τ 0.47 (36s)
[ 2523.0s] [mE1c 202607] ep2 va -7.219 α 0.096 τ 0.44 (37s)
[ 2560.7s] [mE1c 202607] ep3 va -7.108 α 0.095 τ 0.41 (38s)
[ 2598.2s] [mE1c 202607] ep4 va -7.071 α 0.095 τ 0.39 (37s)
[ 2636.2s] [mE1c 202607] ep5 va -7.135 α 0.094 τ 0.36 (38s)
[ 2673.7s] [mE1c 202607] ep6 va -7.105 α 0.094 τ 0.33 (37s)
[ 2711.9s] [mE1c 202607] ep7 va -7.061 α 0.093 τ 0.30 (38s)
[ 2749.4s] [mE1c 202607] ep8 va -7.182 α 0.093 τ 0.27 (38s)
[ 2786.5s] [mE1c 202607] ep9 va -7.167 α 0.093 τ 0.24 (37s)
[ 2824.5s] [mE1c 202607] ep10 va -7.189 α 0.093 τ 0.21 (38s)
[ 2862.1s] [mE1c 202607] ep11 va -7.163 α 0.093 τ 0.19 (38s)
[ 2895.9s] [mE1c 202607] ep12 va -7.165 α 0.093 τ 0.16 (34s)
[ 2927.6s] [mE1c 202607] ep13 va -7.174 α 0.093 τ 0.13 (32s)
[ 2956.9s] [mE1c 202607] ep14 va -7.178 α 0.093 τ 0.10 (29s)
[ 2957.7s] == mE1c 202607: net +4.444 bps/锚 ES5 41.48 换手 0.0390 α* 0.0933 best_ep 7 wall 544s
[ 2957.7s] MWF_TRAIN_DONE mE1c s42 folds 5 月均净 +1.878 bps/锚(训练帧, 非终审)
