G1 seat identity {'legs_sha256': '9ee5886f37d1727c306d0fb692d2cad1e6400ae13f19d5cd4e280dc59f208f65', 'rows_compared': 9247, 'rows_ready': 9247, 'BITWISE_IDENTICAL': True, 'rows_differing': 0, 'axis': ['2022-01-01T00:00:00Z', '2026-09-19T00:00:00Z']}
G1 red control {'perturbed_row': 6086, 'delta': '+1.0 bps on one fund LR entry', 'run1_one_ulp_float64_rows_differing': 0, 'rows_differing': 210, 'max_possible': 900}
{
 "2023H2": {
  "n": 1109,
  "fund_seat_mean": 0.33115034769055235,
  "p10": 0.0,
  "p50": 0.24188930925891833,
  "p90": 1.0,
  "frac_fund_seat_gt": {
   "0.5": 0.21550946798917944,
   "0.6": 0.18214607754733994,
   "0.7": 0.16501352569882777,
   "0.8": 0.16050495942290352
  },
  "frac_fund_seat_eq_1": 0.1587015329125338,
  "frac_fund_seat_eq_0": 0.1776375112714157,
  "trailing900_sigma_fund_over_king_median": 0.8140142032418664,
  "trailing900_corr_king_fund_median": 0.13424389793307445,
  "seat_abs_change_per_anchor_median": 0.004016885695081067
 },
 "2024": {
  "n": 2196,
  "fund_seat_mean": 0.411777486761596,
  "p10": 0.0,
  "p50": 0.18635903876774668,
  "p90": 1.0,
  "frac_fund_seat_gt": {
   "0.5": 0.39845173041894355,
   "0.6": 0.3829690346083789,
   "0.7": 0.35974499089253187,
   "0.8": 0.31876138433515483
  },
  "frac_fund_seat_eq_1": 0.20309653916211293,
  "frac_fund_seat_eq_0": 0.348816029143898,
  "trailing900_sigma_fund_over_king_median": 0.823990247205816,
  "trailing900_corr_king_fund_median": -0.0857238164027928,
  "seat_abs_change_per_anchor_median": 0.0
 },
 "2025": {
  "n": 2190,
  "fund_seat_mean": 0.30761973165514983,
  "p10": 0.0,
  "p50": 0.32561764121055603,
  "p90": 0.7264220319264522,
  "frac_fund_seat_gt": {
   "0.5": 0.3059360730593607,
   "0.6": 0.2465753424657534,
   "0.7": 0.1634703196347032,
   "0.8": 0.0
  },
  "frac_fund_seat_eq_1": 0.0,
  "frac_fund_seat_eq_0": 0.3547945205479452,
  "trailing900_sigma_fund_over_king_median": 0.8269789483660975,
  "trailing900_corr_king_fund_median": -0.17975764275574518,
  "seat_abs_change_per_anchor_median": 0.0021715378916276062
 },
 "pre2026": {
  "n": 5495,
  "fund_seat_mean": 0.35399386876106737,
  "p10": 0.0,
  "p50": 0.23718403633213098,
  "p90": 1.0,
  "frac_fund_seat_gt": {
   "0.5": 0.32465878070973614,
   "0.6": 0.2880800727934486,
   "0.7": 0.24222020018198362,
   "0.8": 0.15978161965423113
  },
  "frac_fund_seat_eq_1": 0.11319381255686989,
  "frac_fund_seat_eq_0": 0.3166515013648772,
  "trailing900_sigma_fund_over_king_median": 0.8208362166675542,
  "trailing900_corr_king_fund_median": -0.09107913014456757,
  "seat_abs_change_per_anchor_median": 0.0017993974633808071
 },
 "2026": {
  "n": 1566,
  "fund_seat_mean": 0.6858678840469182,
  "p10": 0.5243775439192411,
  "p50": 0.6802275211367492,
  "p90": 0.8130384413871266,
  "frac_fund_seat_gt": {
   "0.5": 0.9406130268199234,
   "0.6": 0.8026819923371648,
   "0.7": 0.4367816091954023,
   "0.8": 0.15070242656449553
  },
  "frac_fund_seat_eq_1": 0.0,
  "frac_fund_seat_eq_0": 0.0,
  "trailing900_sigma_fund_over_king_median": 0.9549706158624273,
  "trailing900_corr_king_fund_median": -0.1362137745825516,
  "seat_abs_change_per_anchor_median": 0.0030701299584593444
 }
}
instrument check {'pre2026': {'probe': 0.5132805490339347, 'receipt': 0.5132805490339347, 'abs_diff': 0.0}, '2026': {'probe': -1.2541852256446868, 'receipt': -1.2541852256446868, 'abs_diff': 0.0}} PASS
{
 "T0_s42-NC_s42X": {
  "2023H2": {
   "n_days": 184,
   "dbar_bps_per_day": -0.9049794387796042,
   "sd_daily_diff_bps": 48.670740581593975,
   "iid_se_bps": 3.588054599428876,
   "mbb30_se_bps": 4.578735987303287,
   "mbb30_ci95_halfwidth_bps": 8.569134086549852,
   "sd_daily_book_x_bps": 86.76906936903369,
   "sd_daily_book_y_bps": 82.1261425301969,
   "corr_daily_books": 0.8353016230477496,
   "acf_daily_diff_lags_1_2_3_5_10": [
    -0.03509342399438501,
    -0.05133644956142528,
    0.07685283677457981,
    0.03310718905228286,
    0.09902782754623131
   ]
  },
  "2024": {
   "n_days": 366,
   "dbar_bps_per_day": 1.2371534659694872,
   "sd_daily_diff_bps": 39.169288023813706,
   "iid_se_bps": 2.0474114833662234,
   "mbb30_se_bps": 1.7080453817388483,
   "mbb30_ci95_halfwidth_bps": 3.367635388017918,
   "sd_daily_book_x_bps": 103.06712926897185,
   "sd_daily_book_y_bps": 104.17166987970694,
   "corr_daily_books": 0.9286085720562751,
   "acf_daily_diff_lags_1_2_3_5_10": [
    -0.1058277919801807,
    0.0716462830631233,
    -0.10177747935277418,
    -0.015817871489416897,
    -0.015877840581262195
   ]
  },
  "2025": {
   "n_days": 365,
   "dbar_bps_per_day": 0.5023828782374369,
   "sd_daily_diff_bps": 80.75387605823865,
   "iid_se_bps": 4.226851057076722,
   "mbb30_se_bps": 4.430644609662359,
   "mbb30_ci95_halfwidth_bps": 8.774362391365276,
   "sd_daily_book_x_bps": 145.36329341168468,
   "sd_daily_book_y_bps": 145.33535796883456,
   "corr_daily_books": 0.8456627819933598,
   "acf_daily_diff_lags_1_2_3_5_10": [
    0.0444298699636226,
    0.08422011058312633,
    0.08329296835644721,
    0.019743400222903565,
    0.022628255928830908
   ]
  },
  "pre2026": {
   "n_days": 915,
   "dbar_bps_per_day": 0.5132805490339347,
   "sd_daily_diff_bps": 60.701294854354266,
   "iid_se_bps": 2.006722907458132,
   "mbb30_se_bps": 2.36556502009068,
   "mbb30_ci95_halfwidth_bps": 4.6502767146238515,
   "sd_daily_book_x_bps": 119.18273897129765,
   "sd_daily_book_y_bps": 118.86194517993503,
   "corr_daily_books": 0.8699538227801158,
   "acf_daily_diff_lags_1_2_3_5_10": [
    0.010595032469508225,
    0.06370306438305719,
    0.05090045098886291,
    0.024737147891871657,
    0.014611854336908613
   ]
  },
  "2026": {
   "n_days": 261,
   "dbar_bps_per_day": -1.2541852256446868,
   "sd_daily_diff_bps": 9.818375423483554,
   "iid_se_bps": 0.6077421815376778,
   "mbb30_se_bps": 0.6123354228223014,
   "mbb30_ci95_halfwidth_bps": 1.1831223716254666,
   "sd_daily_book_x_bps": 165.5974540090832,
   "sd_daily_book_y_bps": 165.95533899375357,
   "corr_daily_books": 0.998248432076978,
   "acf_daily_diff_lags_1_2_3_5_10": [
    -0.042831778859950376,
    -0.011544550193295472,
    0.1664407022095855,
    0.08042893395618035,
    -0.022411756321360773
   ]
  }
 },
 "F10FULL_s42-NC_s42X": {
  "2023H2": {
   "n_days": 184,
   "dbar_bps_per_day": -3.4011161162351664,
   "sd_daily_diff_bps": 49.118894460757886,
   "iid_se_bps": 3.621092941730042,
   "mbb30_se_bps": 2.974032919678513,
   "mbb30_ci95_halfwidth_bps": 5.7353710558905755,
   "sd_daily_book_x_bps": 78.14232837603788,
   "sd_daily_book_y_bps": 82.1261425301969,
   "corr_daily_books": 0.8132618183641396,
   "acf_daily_diff_lags_1_2_3_5_10": [
    0.11147566345468049,
    -0.10825129448037736,
    0.03627123312883581,
    -0.08490927359034174,
    -0.04516567017160982
   ]
  },
  "2024": {
   "n_days": 366,
   "dbar_bps_per_day": 5.39020038121546,
   "sd_daily_diff_bps": 73.6657032064086,
   "iid_se_bps": 3.8505679904968577,
   "mbb30_se_bps": 3.34652633908978,
   "mbb30_ci95_halfwidth_bps": 6.536271394792177,
   "sd_daily_book_x_bps": 109.03472555712963,
   "sd_daily_book_y_bps": 104.17166987970694,
   "corr_daily_books": 0.7621575184651992,
   "acf_daily_diff_lags_1_2_3_5_10": [
    -0.0779880475654931,
    -0.026695843922966506,
    -0.12294825139456907,
    0.0012982684956183673,
    -0.048834656956440285
   ]
  },
  "2025": {
   "n_days": 365,
   "dbar_bps_per_day": -6.603426587732118,
   "sd_daily_diff_bps": 110.08214232408008,
   "iid_se_bps": 5.761962674240419,
   "mbb30_se_bps": 8.008463159333937,
   "mbb30_ci95_halfwidth_bps": 15.216979768117325,
   "sd_daily_book_x_bps": 139.21351240377908,
   "sd_daily_book_y_bps": 145.33535796883456,
   "corr_daily_books": 0.7014577018507077,
   "acf_daily_diff_lags_1_2_3_5_10": [
    0.20308208549069579,
    0.0733978617430095,
    -0.02032407487960506,
    0.09580975712468845,
    0.006202150384161885
   ]
  },
  "pre2026": {
   "n_days": 915,
   "dbar_bps_per_day": -1.1620139129886724,
   "sd_daily_diff_bps": 86.63830494470638,
   "iid_se_bps": 2.8641740116588976,
   "mbb30_se_bps": 3.7167366796892582,
   "mbb30_ci95_halfwidth_bps": 7.377220377240933,
   "sd_daily_book_x_bps": 117.2523889150097,
   "sd_daily_book_y_bps": 118.86194517993503,
   "corr_daily_books": 0.7307997569426572,
   "acf_daily_diff_lags_1_2_3_5_10": [
    0.11887017993948387,
    0.03616288010767406,
    -0.04334501514144369,
    0.056276357723199034,
    0.0006226052013942788
   ]
  },
  "2026": {
   "n_days": 261,
   "dbar_bps_per_day": -1.1924778248386187,
   "sd_daily_diff_bps": 17.184338381481606,
   "iid_se_bps": 1.0636838423660397,
   "mbb30_se_bps": 0.7520659299430144,
   "mbb30_ci95_halfwidth_bps": 1.4698588637671806,
   "sd_daily_book_x_bps": 165.64019779288893,
   "sd_daily_book_y_bps": 165.95533899375357,
   "corr_daily_books": 0.9946305156223046,
   "acf_daily_diff_lags_1_2_3_5_10": [
    -0.008932033638946615,
    -0.018478020693982158,
    -0.21723641731774213,
    0.02818247714203466,
    0.12261604886679993
   ]
  }
 },
 "NC_s2027X-NC_s42X": {
  "2023H2": {
   "n_days": 184,
   "dbar_bps_per_day": -1.8703817942174383,
   "sd_daily_diff_bps": 31.752052142030625,
   "iid_se_bps": 2.3407923398766433,
   "mbb30_se_bps": 1.4864629227729256,
   "mbb30_ci95_halfwidth_bps": 2.8933001160053755,
   "sd_daily_book_x_bps": 78.53936864724497,
   "sd_daily_book_y_bps": 82.1261425301969,
   "corr_daily_books": 0.922844420378405,
   "acf_daily_diff_lags_1_2_3_5_10": [
    0.046303570658548635,
    -0.20308258921045297,
    -0.05927493372970509,
    0.04163675684008009,
    -0.21440038446778026
   ]
  },
  "2024": {
   "n_days": 366,
   "dbar_bps_per_day": -1.238581793230645,
   "sd_daily_diff_bps": 36.58841566827198,
   "iid_se_bps": 1.9125071242513474,
   "mbb30_se_bps": 1.6302531186635123,
   "mbb30_ci95_halfwidth_bps": 3.1640422434315707,
   "sd_daily_book_x_bps": 100.54815884752715,
   "sd_daily_book_y_bps": 104.17166987970694,
   "corr_daily_books": 0.9367219682989628,
   "acf_daily_diff_lags_1_2_3_5_10": [
    -0.12954674394813684,
    0.1314286695168972,
    -0.06948403090912991,
    0.027708103474388963,
    -0.006574451412961776
   ]
  },
  "2025": {
   "n_days": 365,
   "dbar_bps_per_day": 3.5276079167807968,
   "sd_daily_diff_bps": 80.25645078591397,
   "iid_se_bps": 4.200814628353153,
   "mbb30_se_bps": 3.403025907445428,
   "mbb30_ci95_halfwidth_bps": 6.710716101642121,
   "sd_daily_book_x_bps": 142.3053170129335,
   "sd_daily_book_y_bps": 145.33535796883456,
   "corr_daily_books": 0.8445044349737802,
   "acf_daily_diff_lags_1_2_3_5_10": [
    -0.054344561845744675,
    -0.034341977947608654,
    0.004970526459729084,
    -0.03906784371976111,
    -0.01761101900570777
   ]
  },
  "pre2026": {
   "n_days": 915,
   "dbar_bps_per_day": 0.5356346482694715,
   "sd_daily_diff_bps": 57.51199640065044,
   "iid_se_bps": 1.9012879528805664,
   "mbb30_se_bps": 1.7589686834160057,
   "mbb30_ci95_halfwidth_bps": 3.434139958860392,
   "sd_daily_book_x_bps": 115.73532160348174,
   "sd_daily_book_y_bps": 118.86194517993503,
   "corr_daily_books": 0.8801349233659718,
   "acf_daily_diff_lags_1_2_3_5_10": [
    -0.05966899140167218,
    -0.018537101340821708,
    -0.006314957540661729,
    -0.014058790950484595,
    -0.021836356177814466
   ]
  },
  "2026": {
   "n_days": 261,
   "dbar_bps_per_day": -0.7019268397059915,
   "sd_daily_diff_bps": 9.129705804048108,
   "iid_se_bps": 0.565114602246569,
   "mbb30_se_bps": 0.39051500682753687,
   "mbb30_ci95_halfwidth_bps": 0.7643805351821655,
   "sd_daily_book_x_bps": 165.08172731847,
   "sd_daily_book_y_bps": 165.95533899375357,
   "corr_daily_books": 0.9984927043031494,
   "acf_daily_diff_lags_1_2_3_5_10": [
    -0.006622538036217348,
    -0.19645704372590445,
    0.05748717178891923,
    -0.004233763671557996,
    -0.10215853428155192
   ]
  }
 },
 "NC_s7X-NC_s42X": {
  "2023H2": {
   "n_days": 184,
   "dbar_bps_per_day": 0.2735245776232152,
   "sd_daily_diff_bps": 44.84719367765296,
   "iid_se_bps": 3.3061789819453438,
   "mbb30_se_bps": 1.7600931987893664,
   "mbb30_ci95_halfwidth_bps": 3.4488175872719435,
   "sd_daily_book_x_bps": 86.39568666802107,
   "sd_daily_book_y_bps": 82.1261425301969,
   "corr_daily_books": 0.8595528532832626,
   "acf_daily_diff_lags_1_2_3_5_10": [
    0.05372183981809047,
    -0.19029129148396165,
    0.10616832075603178,
    -0.08040396362389282,
    -0.1168716248410378
   ]
  },
  "2024": {
   "n_days": 366,
   "dbar_bps_per_day": -0.4718857273436125,
   "sd_daily_diff_bps": 24.77546426862304,
   "iid_se_bps": 1.2950342630294631,
   "mbb30_se_bps": 0.8957358435594881,
   "mbb30_ci95_halfwidth_bps": 1.7649603787248467,
   "sd_daily_book_x_bps": 101.72266469073487,
   "sd_daily_book_y_bps": 104.17166987970694,
   "corr_daily_books": 0.9713198164992527,
   "acf_daily_diff_lags_1_2_3_5_10": [
    -0.1339798959598957,
    -0.11392569956112275,
    -0.021287810266470336,
    -0.0018297426780785545,
    -0.020648371236986915
   ]
  },
  "2025": {
   "n_days": 365,
   "dbar_bps_per_day": -1.6291545981007727,
   "sd_daily_diff_bps": 61.54387014364804,
   "iid_se_bps": 3.2213533921971,
   "mbb30_se_bps": 3.3120657084578156,
   "mbb30_ci95_halfwidth_bps": 6.521180430822915,
   "sd_daily_book_x_bps": 139.29416313700162,
   "sd_daily_book_y_bps": 145.33535796883456,
   "corr_daily_books": 0.9073531934665094,
   "acf_daily_diff_lags_1_2_3_5_10": [
    0.05075257369083047,
    0.07136342100040423,
    -0.15287635565346758,
    0.02656313255067716,
    0.08189566672885688
   ]
  },
  "pre2026": {
   "n_days": 915,
   "dbar_bps_per_day": -0.7836317838599699,
   "sd_daily_diff_bps": 46.44134884502289,
   "iid_se_bps": 1.5353036340356845,
   "mbb30_se_bps": 1.5329541143300298,
   "mbb30_ci95_halfwidth_bps": 3.0320130540224604,
   "sd_daily_book_x_bps": 115.66908991106914,
   "sd_daily_book_y_bps": 118.86194517993503,
   "corr_daily_books": 0.9219340049521034,
   "acf_daily_diff_lags_1_2_3_5_10": [
    0.030555840247098058,
    0.0015909905069096163,
    -0.09145775957183573,
    0.025330147565455263,
    0.028193389081648482
   ]
  },
  "2026": {
   "n_days": 261,
   "dbar_bps_per_day": -0.47485527610340267,
   "sd_daily_diff_bps": 9.130307879300265,
   "iid_se_bps": 0.565151869769088,
   "mbb30_se_bps": 0.4501573920339374,
   "mbb30_ci95_halfwidth_bps": 0.8726802429462803,
   "sd_daily_book_x_bps": 166.26877488369533,
   "sd_daily_book_y_bps": 165.95533899375357,
   "corr_daily_books": 0.9984912169053626,
   "acf_daily_diff_lags_1_2_3_5_10": [
    0.07742961959797581,
    -0.1122775955781976,
    -0.09845971654756369,
    -0.0032058806787654648,
    -0.15467613799611082
   ]
  }
 }
}
written receipts/ALLOC_SCALE_PROBE_2026-09-26.json b8c49d4c873f5a7b
