FILE 1000SHIBUSDT 2022-04-28 taker_finite=0.0 class=none best=None -1.000 k3=0
FILE 1000XECUSDT 2022-07-16 taker_finite=0.9965277777777778 class=base_-5 best=base_-5 0.920 k3=0
FILE AVAXUSDT 2022-07-31 taker_finite=1.0 class=none best=base_-5 0.865 k3=0
FILE COTIUSDT 2022-06-26 taker_finite=1.0 class=base_-5 best=base_-5 0.913 k3=0
FILE DGBUSDT 2022-12-23 taker_finite=1.0 class=base_-5 best=base_-5 0.934 k3=0
FILE DYDXUSDT 2022-08-11 taker_finite=1.0 class=none best=base_-5 0.858 k3=0
FILE DYDXUSDT 2022-08-26 taker_finite=1.0 class=none best=base_-5 0.847 k3=0
FILE FLMUSDT 2022-02-19 taker_finite=0.0 class=none best=None -1.000 k3=0
FILE GMTUSDT 2022-10-06 taker_finite=1.0 class=none best=base_-5 0.892 k3=0
FILE GTCUSDT 2022-08-25 taker_finite=1.0 class=base_-5 best=base_-5 0.962 k3=0
FILE HNTUSDT 2022-06-10 taker_finite=1.0 class=base_-5 best=base_-5 1.000 k3=0
FILE IOSTUSDT 2022-06-12 taker_finite=1.0 class=base_-5 best=base_-5 1.000 k3=0
FILE IOSTUSDT 2022-08-09 taker_finite=1.0 class=none best=base_-5 0.899 k3=0
FILE IOSTUSDT 2022-11-25 taker_finite=1.0 class=base_-5 best=base_-5 0.972 k3=0
FILE JASMYUSDT 2022-11-06 taker_finite=1.0 class=none best=base_-5 0.868 k3=0
FILE LPTUSDT 2022-09-17 taker_finite=1.0 class=base_-5 best=base_-5 0.983 k3=0
FILE MTLUSDT 2022-03-21 taker_finite=0.0 class=none best=None -1.000 k3=0
FILE SRMUSDT 2022-06-29 taker_finite=1.0 class=base_-5 best=base_-5 0.941 k3=0
FILE STMXUSDT 2022-09-01 taker_finite=1.0 class=base_-5 best=base_-5 0.969 k3=0
FILE TRBUSDT 2022-09-26 taker_finite=1.0 class=none best=base_-5 0.885 k3=0
FILE ACHUSDT 2023-05-30 taker_finite=1.0 class=base_-5 best=base_-5 0.951 k3=0
FILE ANTUSDT 2023-05-26 taker_finite=1.0 class=base_-5 best=base_-5 0.962 k3=0
FILE APEUSDT 2023-05-13 taker_finite=1.0 class=base_-5 best=base_-5 0.938 k3=0
FILE BCHUSDT 2023-11-09 taker_finite=1.0 class=none best=base_-5 0.590 k3=0
FILE BNBUSDT 2023-08-26 taker_finite=1.0 class=none best=base_-5 0.861 k3=0
FILE CKBUSDT 2023-12-31 taker_finite=1.0 class=base_-5 best=base_-5 0.955 k3=0
FILE COMPUSDT 2023-11-04 taker_finite=1.0 class=none best=base_-5 0.892 k3=0
FILE DASHUSDT 2023-06-29 taker_finite=1.0 class=base_-5 best=base_-5 0.938 k3=0
FILE DYDXUSDT 2023-10-19 taker_finite=1.0 class=base_-5 best=base_-5 0.944 k3=0
FILE GMTUSDT 2023-11-28 taker_finite=1.0 class=none best=base_-5 0.799 k3=0
FILE HFTUSDT 2023-12-08 taker_finite=1.0 class=base_-5 best=base_-5 0.927 k3=0
FILE IMXUSDT 2023-10-10 taker_finite=1.0 class=base_-5 best=base_-5 0.948 k3=0
FILE LDOUSDT 2023-07-16 taker_finite=1.0 class=none best=base_-5 0.892 k3=0
FILE MTLUSDT 2023-03-19 taker_finite=1.0 class=none best=base_-5 0.861 k3=0
FILE OMGUSDT 2023-09-27 taker_finite=1.0 class=base_-5 best=base_-5 0.969 k3=0
FILE PERPUSDT 2023-10-02 taker_finite=1.0 class=none best=base_-5 0.875 k3=0
FILE RDNTUSDT 2023-10-10 taker_finite=0.9965277777777778 class=base_-5 best=base_-5 0.955 k3=0
FILE SOLUSDT 2023-07-19 taker_finite=1.0 class=none best=base_-5 0.764 k3=0
FILE XMRUSDT 2023-05-20 taker_finite=1.0 class=base_-5 best=base_-5 0.951 k3=0
FILE ZENUSDT 2023-07-16 taker_finite=1.0 class=base_-5 best=base_-5 0.951 k3=0
FILE 1000FLOKIUSDT 2024-04-30 taker_finite=1.0 class=none best=quote_0 0.670 k3=5
FILE 1000FLOKIUSDT 2024-05-06 taker_finite=1.0 class=none best=quote_0 0.747 k3=5
FILE AMBUSDT 2024-02-01 taker_finite=1.0 class=base_-5 best=base_-5 0.948 k3=0
FILE API3USDT 2024-07-08 taker_finite=1.0 class=none best=quote_0 0.750 k3=5
FILE AXSUSDT 2024-04-18 taker_finite=1.0 class=none best=quote_0 0.778 k3=5
FILE AXSUSDT 2024-08-18 taker_finite=1.0 class=quote_0 best=quote_0 0.903 k3=5
FILE BICOUSDT 2024-11-22 taker_finite=1.0 class=none best=quote_0 0.878 k3=5
FILE BSVUSDT 2024-11-09 taker_finite=1.0 class=quote_0 best=quote_0 0.938 k3=5
FILE CHZUSDT 2024-04-09 taker_finite=1.0 class=none best=quote_0 0.792 k3=5
FILE COTIUSDT 2024-02-25 taker_finite=1.0 class=none best=base_-5 0.354 k3=0
FILE FRONTUSDT 2024-06-19 taker_finite=1.0 class=none best=quote_0 0.823 k3=5
FILE INJUSDT 2024-05-02 taker_finite=1.0 class=none best=quote_0 0.826 k3=5
FILE INJUSDT 2024-09-10 taker_finite=1.0 class=none best=quote_0 0.851 k3=5
FILE LISTAUSDT 2024-11-10 taker_finite=1.0 class=none best=quote_0 0.708 k3=5
FILE ORBSUSDT 2024-02-06 taker_finite=1.0 class=base_-5 best=base_-5 0.976 k3=0
FILE POWRUSDT 2024-02-02 taker_finite=1.0 class=base_-5 best=base_-5 0.944 k3=0
FILE RLCUSDT 2024-04-13 taker_finite=1.0 class=none best=quote_0 0.719 k3=5
FILE ROSEUSDT 2024-05-22 taker_finite=1.0 class=quote_0 best=quote_0 0.924 k3=5
FILE SPELLUSDT 2024-09-09 taker_finite=1.0 class=quote_0 best=quote_0 0.972 k3=5
FILE SUSHIUSDT 2024-07-01 taker_finite=1.0 class=quote_0 best=quote_0 0.938 k3=5
FILE ALTUSDT 2025-12-08 taker_finite=1.0 class=quote_0 best=quote_0 0.917 k3=5
FILE ATOMUSDT 2025-06-13 taker_finite=1.0 class=none best=quote_0 0.875 k3=5
FILE CHRUSDT 2025-08-18 taker_finite=1.0 class=none best=quote_0 0.642 k3=5
FILE CHZUSDT 2025-08-02 taker_finite=1.0 class=quote_0 best=quote_0 0.924 k3=5
FILE COMPUSDT 2025-11-19 taker_finite=1.0 class=quote_0 best=quote_0 0.913 k3=5
FILE DOGSUSDT 2025-09-20 taker_finite=1.0 class=none best=quote_0 0.872 k3=5
FILE DRIFTUSDT 2025-07-15 taker_finite=1.0 class=quote_0 best=quote_0 0.948 k3=5
FILE HUMAUSDT 2025-08-23 taker_finite=1.0 class=none best=quote_0 0.774 k3=5
FILE IOTAUSDT 2025-01-02 taker_finite=1.0 class=none best=quote_0 0.694 k3=5
FILE LPTUSDT 2025-09-22 taker_finite=1.0 class=none best=quote_0 0.826 k3=5
FILE LRCUSDT 2025-11-10 taker_finite=1.0 class=none best=quote_0 0.889 k3=5
FILE MAVUSDT 2025-11-23 taker_finite=1.0 class=none best=quote_0 0.316 k3=5
FILE NEARUSDT 2025-10-06 taker_finite=1.0 class=none best=quote_0 0.507 k3=5
FILE NXPCUSDT 2025-07-12 taker_finite=1.0 class=none best=quote_0 0.750 k3=5
FILE RVNUSDT 2025-01-30 taker_finite=1.0 class=quote_0 best=quote_0 0.927 k3=5
FILE SIGNUSDT 2025-11-26 taker_finite=1.0 class=quote_0 best=quote_0 0.927 k3=5
FILE STRKUSDT 2025-11-17 taker_finite=1.0 class=none best=quote_0 0.288 k3=5
FILE THEUSDT 2025-10-16 taker_finite=1.0 class=none best=quote_0 0.899 k3=5
FILE TONUSDT 2025-06-24 taker_finite=1.0 class=none best=quote_0 0.726 k3=5
FILE ZORAUSDT 2025-09-06 taker_finite=1.0 class=none best=quote_0 0.885 k3=5
FILE BARDUSDT 2026-05-20 taker_finite=1.0 class=quote_0 best=quote_0 0.962 k3=5
FILE BOMEUSDT 2026-04-30 taker_finite=1.0 class=none best=quote_0 0.861 k3=5
FILE DOTUSDT 2026-05-16 taker_finite=1.0 class=none best=quote_0 0.882 k3=5
FILE DRIFTUSDT 2026-01-22 taker_finite=1.0 class=quote_0 best=quote_0 0.976 k3=5
FILE FLUIDUSDT 2026-01-10 taker_finite=0.96875 class=quote_0 best=quote_0 0.971 k3=5
FILE JASMYUSDT 2026-05-12 taker_finite=1.0 class=none best=quote_0 0.885 k3=5
FILE KERNELUSDT 2026-04-01 taker_finite=1.0 class=none best=quote_0 0.389 k3=5
FILE LPTUSDT 2026-01-26 taker_finite=1.0 class=none best=quote_0 0.747 k3=5
FILE MEGAUSDT 2026-07-10 taker_finite=1.0 class=none best=quote_0 0.875 k3=5
FILE NOMUSDT 2026-07-12 taker_finite=1.0 class=quote_0 best=quote_0 0.931 k3=5
FILE PUMPUSDT 2026-08-14 taker_finite=1.0 class=none best=quote_0 0.806 k3=5
FILE RIFUSDT 2026-08-17 taker_finite=1.0 class=none best=quote_0 0.878 k3=5
FILE SAHARAUSDT 2026-06-26 taker_finite=1.0 class=none best=quote_0 0.830 k3=5
FILE SEIUSDT 2026-05-30 taker_finite=1.0 class=none best=quote_0 0.747 k3=5
FILE TAOUSDT 2026-02-03 taker_finite=1.0 class=none best=quote_0 0.292 k3=5
FILE VICUSDT 2026-05-23 taker_finite=1.0 class=quote_0 best=quote_0 0.910 k3=5
FILE WLDUSDT 2026-02-06 taker_finite=1.0 class=none best=quote_0 0.389 k3=5
FILE WLDUSDT 2026-05-16 taker_finite=1.0 class=none best=quote_0 0.837 k3=5
FILE WLFIUSDT 2026-05-09 taker_finite=1.0 class=none best=quote_0 0.861 k3=5
FILE ZKPUSDT 2026-03-09 taker_finite=1.0 class=none best=quote_0 0.875 k3=5
CLASSES {"2022|base_-5": 10, "2022|none": 10, "2023|base_-5": 12, "2023|none": 8, "2024|base_-5": 3, "2024|none": 12, "2024|quote_0": 5, "2025|none": 14, "2025|quote_0": 6, "2026|none": 15, "2026|quote_0": 5}
K3BEST {"2022|0": 20, "2023|0": 20, "2024|0": 4, "2024|5": 16, "2025|5": 20, "2026|5": 20}
K1 base {'-2': 0.0078, '-1': 0.0074, '0': 0.0073, '1': 0.9999, '2': 0.0072} | quote {'-2': 0.0077, '-1': 0.0074, '0': 0.0073, '1': 1.0, '2': 0.0072}
K2 base {'-10': 0.0001, '-9': 0.0001, '-8': 0.0003, '-7': 0.0, '-6': 0.0002, '-5': 0.3803, '-4': 0.0003, '-3': 0.0003, '-2': 0.0002, '-1': 0.0003, '0': 0.0828, '1': 0.0002, '2': 0.0003, '3': 0.0002, '4': 0.0001, '5': 0.0001, '6': 0.0001, '7': 0.0001, '8': 0.0001, '9': 0.0002, '10': 0.0001}
K2 quote {'-10': 0.0001, '-9': 0.0001, '-8': 0.0003, '-7': 0.0, '-6': 0.0003, '-5': 0.0874, '-4': 0.0001, '-3': 0.0001, '-2': 0.0002, '-1': 0.0007, '0': 0.4598, '1': 0.001, '2': 0.0001, '3': 0.0002, '4': 0.0001, '5': 0.0001, '6': 0.0, '7': 0.0002, '8': 0.0, '9': 0.0001, '10': 0.0001}
K2 corr {'-10': np.float64(0.018), '-9': np.float64(0.09), '-8': np.float64(0.158), '-7': np.float64(0.231), '-6': np.float64(0.298), '-5': np.float64(0.376), '-4': np.float64(0.39), '-3': np.float64(0.44), '-2': np.float64(0.494), '-1': np.float64(0.563), '0': np.float64(0.639), '1': np.float64(0.475), '2': np.float64(0.338), '3': np.float64(0.225), '4': np.float64(0.121), '5': np.float64(0.02), '6': np.float64(0.032), '7': np.float64(0.034), '8': np.float64(0.033), '9': np.float64(0.024), '10': np.float64(0.03)}
K3 {'-10': 0.002275, '-9': 0.002161, '-8': 0.002055, '-7': 0.001948, '-6': 0.001832, '-5': 0.00174, '-4': 0.001581, '-3': 0.001377, '-2': 0.001182, '-1': 0.000965, '0': 0.00065, '1': 0.001008, '2': 0.001051, '3': 0.00101, '4': 0.00083, '5': 0.000366, '6': 0.001004, '7': 0.001266, '8': 0.00144, '9': 0.001596, '10': 0.001713}
SUMMARY l2_a_semantics2 OK K1_cache_offset=1 K2_pooled_best_base=-5 K2_pooled_best_quote=0 K3_oi_minute=5 requests=1000 wall=119s
