2026-09-27T11:05:06Z KSR_gates_START devices train=4d683d44f5eb336e read=1fdf7dde040a7804 splice=9557d128585a9d4f
KSR_READ gate12 GATE1_PASS=True GATE2_PASS=True out=/workspace/dlarch_2026-09-24/receipts/KSR_GATES12_2026-09-27.json sha256=ffabf9dc3920b807ccc02f1171fb42f49f268626d931be917972516d3178ce9e
KSR_GATES PASS
KSR_GATES_DONE rc=0
2026-09-27T11:06:03Z KSR_arms_START devices train=4d683d44f5eb336e read=1fdf7dde040a7804 splice=9557d128585a9d4f
KSR_SPLICE PASS=True mode=red rows=552 out_sha256=f8a1500c505478f3ac7909f936939192fbdfadb9a2599d3122d6351fcfcbbd7a
KSR_SPLICE PASS=True mode=red rows=552 out_sha256=d0b48466a2a4fbd3752c75ed5e6ad7b6f00a611290eb6e6c9c417df3c763db00
KSR_SPLICE PASS=True mode=red rows=552 out_sha256=b866639f9fcbef20ffbf44ac1cb64b36c60a3853aac85ad45fed0931660facc7
KSR_SPLICE PASS=True mode=red rows=481 out_sha256=acd9c2cabe87f9ec0f300cfcc35741cbf49cae98315968b77a794e0f9a316117
KSR_SPLICE PASS=True mode=red rows=552 out_sha256=98b51d78a64d077edd6ea57998e43483f0f292e59bcb5d6c1a080b9e2edc40a1
KSR_SPLICE PASS=True mode=red rows=552 out_sha256=875dc8f9f18aee51da7dcb8ae63bcfd79ace272486ad0df99d981ff203ad8ea3
KSR_SPLICE PASS=True mode=red rows=552 out_sha256=4411b54948b209d4fbe2b4390706730536f737d60b6899fc1f30d7c174acdac4
KSR_SPLICE PASS=True mode=red rows=481 out_sha256=94e50e166997323a7e697c5e4c7c2414add5e74789dc8f35ac8fdb0e220341c4
KSR_SPLICE PASS=True mode=red rows=552 out_sha256=db8480305dd8d80f9b802e1e1e0c71997f055c4d2d7baf442d030c5b3e6a2439
KSR_SPLICE PASS=True mode=red rows=552 out_sha256=48d04ed001bc3cad65ecb6ef2eff895e2d63bdec5967a72f6df4d9bd082bfe4d
KSR_SPLICE PASS=True mode=red rows=552 out_sha256=b6ec9fbf73ee69fc70f28207bb5d278ccabc48768a12a071849ef7b762697557
KSR_SPLICE PASS=True mode=red rows=481 out_sha256=873a5deb583d5fc7eb1cf7061f275ede2a126d77ebcd42466e954b288172f60f
KSR_SPLICE PASS=True mode=red rows=552 out_sha256=22b0b970ce9df562c14ad6e12f7770e93af19bc6714d0153b70a1670119d6919
KSR_SPLICE PASS=True mode=red rows=552 out_sha256=5f36b275e0bba80d70883d3a36118cbbad00028b3301dfab773dc22e77a3aa7e
KSR_SPLICE PASS=True mode=red rows=552 out_sha256=7d1d692bd836635ff4c9530079fbf63f1cdc11e088648dd9e252030ff17f71b6
KSR_SPLICE PASS=True mode=red rows=481 out_sha256=460395110a1c0813f192d00bc6c9b615c362a6b2433b760d42b2f904c48c42fb
KSR_SPLICE PASS=True mode=red rows=552 out_sha256=c93fb8bde326cd288a43e673c723fe6d6eceaec66b576aa189f3a3c88424ae91
KSR_SPLICE PASS=True mode=red rows=552 out_sha256=e6161ffc2ba862ceac20552884c3c386b69ccc655274c3c85fe6fa4fdf8393bc
KSR_SPLICE PASS=True mode=red rows=552 out_sha256=26ae510b5ea0753051261b534e21d536ce5e5fc2da891df55e10b8a22e804bc6
KSR_SPLICE PASS=True mode=red rows=481 out_sha256=3fea816ffb8200e050a945ca2cae8f41b5e2716344f2b8f471cddc2e81e6c95b
KSR_SPLICE PASS=True mode=red rows=552 out_sha256=ad74024d692888b4707e90d6f6bc0bb2028938c78435467df1bc9a40c0067e7a
KSR_SPLICE PASS=True mode=red rows=552 out_sha256=7758259bff856eee5c4db814da569de5f2c5768f793f4389f5b0f82b3525d751
KSR_SPLICE PASS=True mode=red rows=552 out_sha256=af79c16d07df83afb68b4d7e922da71d67a562d4c4df7b36dacfb68a5f97d11e
KSR_SPLICE PASS=True mode=red rows=481 out_sha256=d7e44b5fc0b4844d9ebdac471e658a3bfeb68f8c68ce915daadb40fbee8658ee
KSR_SPLICE PASS=True mode=red rows=552 out_sha256=1dd13356e948e5e4890a54c9f902218b9b6e101ed3f96fa9363070ad65989fad
KSR_SPLICE PASS=True mode=red rows=552 out_sha256=a67af373bb8456d5c267afbeda0181f799da197dd1026d940f11445a1b8439ee
KSR_SPLICE PASS=True mode=red rows=552 out_sha256=dab838f82acfe682cf396763894383874f59065bf9209a2468008573d249f6fd
KSR_SPLICE PASS=True mode=red rows=481 out_sha256=efa60deb9da63f5a1f98382a2f15df5f7d90a9990051c330b72d6a5e619ae68b
KSR_SPLICE PASS=True mode=red rows=552 out_sha256=b2817411c6bb86d8e11eb4068c9d050b6fb9f4810ae1b03223903fa011b3e930
KSR_SPLICE PASS=True mode=red rows=552 out_sha256=422015d3165e5a4a11478d531866086d85ba031b348603d02f6732efe0772932
KSR_SPLICE PASS=True mode=red rows=552 out_sha256=bf753371d600da66ec7a0ce1cedc6c47a1cafa546300dd126b83b36a34cfd144
KSR_SPLICE PASS=True mode=red rows=481 out_sha256=33e6b83bb6910cc8ac4be317b74059172929edd359c4d119020471bf571847b7
2026-09-27T12:13:46Z arms built
KSR_ARMS_DONE rc=0
2026-09-27T12:48:09Z KSR_read_START devices train=4d683d44f5eb336e read=1fdf7dde040a7804 splice=9557d128585a9d4f
KSR_READ ic S1:IC_GATE_PASS=True S2R:IC_GATE_PASS=True S2T:IC_GATE_PASS=True RED:IC_GATE_PASS=False out=/workspace/dlarch_2026-09-24/receipts/KSR_IC_2026-09-27.json sha256=0cc70d1c6b89ba954fbd684d462c2ea00a2aadd707eb530a9e5ca0fe2a8c2f00
KSR_READ spectrum D_peak_k=-2 out=/workspace/dlarch_2026-09-24/receipts/KSR_SPECTRUM_2026-09-27.json sha256=1347e84140d859e41f9b37774a69e9b0f9fd9e2e9de521cdb0aa98225f687a99
KSR_READ_DONE rc=0
