files: yearly baf747ceb31f, mE60 2c6e9756feab, mE1 54bd748d2f15

== IC levels (rank IC per anchor, mean ± anchor s.e.) ==
  2025/yearly                  n= 2190 IC +0.0224 ± 0.0023  share>0 0.581
  2025/mE60                    n= 2190 IC +0.0151 ± 0.0022  share>0 0.559
  2025/mE1                     n= 2190 IC +0.0188 ± 0.0021  share>0 0.571
  2026<=cut/yearly             n= 1332 IC +0.0126 ± 0.0022  share>0 0.580
  2026<=cut/mE60               n= 1332 IC +0.0144 ± 0.0023  share>0 0.565
  2026<=cut/mE1                n= 1332 IC +0.0212 ± 0.0024  share>0 0.592
  2025->26<=cut/yearly         n= 3522 IC +0.0187 ± 0.0016  share>0 0.581
  2025->26<=cut/mE60           n= 3522 IC +0.0149 ± 0.0016  share>0 0.561
  2025->26<=cut/mE1            n= 3522 IC +0.0197 ± 0.0016  share>0 0.579
  2026-08-11->30/mE60          n=  120 IC +0.0377 ± 0.0091  share>0 0.625
  2026-08-11->30/mE1           n=  120 IC +0.0512 ± 0.0084  share>0 0.717
== paired ΔIC vs yearly (day-block bootstrap CI95) ==
  2025/mE60                    n=2190 Δ -0.0073 ± 0.0018 CI95 [-0.0111,-0.0037] P>0 0.001
  2025/mE1                     n=2190 Δ -0.0037 ± 0.0017 CI95 [-0.0071,-0.0004] P>0 0.017
  2025/mE1-mE60                n=2190 Δ +0.0036 ± 0.0011 CI95 [+0.0013,+0.0061] P>0 0.999
  2026<=cut/mE60               n=1332 Δ +0.0018 ± 0.0021 CI95 [-0.0021,+0.0060] P>0 0.796
  2026<=cut/mE1                n=1332 Δ +0.0085 ± 0.0022 CI95 [+0.0040,+0.0129] P>0 1.000
  2026<=cut/mE1-mE60           n=1332 Δ +0.0068 ± 0.0017 CI95 [+0.0034,+0.0103] P>0 1.000
  2025->26<=cut/mE60           n=3522 Δ -0.0039 ± 0.0014 CI95 [-0.0068,-0.0011] P>0 0.004
  2025->26<=cut/mE1            n=3522 Δ +0.0009 ± 0.0013 CI95 [-0.0018,+0.0038] P>0 0.749
  2025->26<=cut/mE1-mE60       n=3522 Δ +0.0048 ± 0.0009 CI95 [+0.0028,+0.0068] P>0 1.000
  2026-08-11->30/mE1-mE60      n=120 Δ +0.0135 ± 0.0051 CI95 [+0.0013,+0.0259] P>0 0.985
== overlap agreement: per-anchor Spearman(monthly, yearly) ==
  2026<=cut/mE60               n=1332 mean 0.5339 median 0.5817 p5 0.0791 p95 0.8782 min -0.0862
  2025/mE60                    n=2190 mean 0.6650 median 0.7776 p5 0.0958 p95 0.8689 min -0.2073
  2025->26<=cut/mE60           n=3522 mean 0.6154 median 0.7394 p5 0.0881 p95 0.8727 min -0.2073
  2026<=cut/mE1                n=1332 mean 0.4715 median 0.4410 p5 0.1108 p95 0.8550 min -0.0476
  2025/mE1                     n=2190 mean 0.6663 median 0.6871 p5 0.3421 p95 0.8428 min -0.0177
  2025->26<=cut/mE1            n=3522 mean 0.5926 median 0.6343 p5 0.1883 p95 0.8459 min -0.0476
== IC by model age [mE60] n=2736 anchors 2025-06-01 00:00→2026-08-30 20:00: age1=+0.0144 age2=+0.0172 age3=+0.0207 age4=+0.0141 age5=+0.0136 age6=+0.0141 | Δ(1−a): a2 -0.0029[-0.0063,+0.0005] a3 -0.0063[-0.0097,-0.0030] a4 +0.0002[-0.0036,+0.0038] a5 +0.0007[-0.0027,+0.0040] a6 +0.0003[-0.0032,+0.0039] | age1==stitched maxabs 0.0
== IC by model age [mE1] n=2736 anchors 2025-06-01 00:00→2026-08-30 20:00: age1=+0.0214 age2=+0.0212 age3=+0.0249 age4=+0.0192 age5=+0.0188 age6=+0.0190 | Δ(1−a): a2 +0.0002[-0.0028,+0.0033] a3 -0.0036[-0.0068,-0.0005] a4 +0.0022[-0.0012,+0.0054] a5 +0.0026[-0.0006,+0.0058] a6 +0.0024[-0.0008,+0.0056] | age1==stitched maxabs 0.0
== F10 score-leg return by window (bps/anchor per unit gross; dlw y4s caliber) ==
  2025/yearly                  n= 2190 +2.329 bps S +4.30 (+51.0 %/gross/yr)
  2025/mE60                    n= 2190 +1.356 bps S +2.67 (+29.7 %/gross/yr)
  2025/mE1                     n= 2190 +1.528 bps S +3.14 (+33.5 %/gross/yr)
  2026<=cut/yearly             n= 1332 +2.305 bps S +4.36 (+50.5 %/gross/yr)
  2026<=cut/mE60               n= 1332 +1.266 bps S +2.54 (+27.7 %/gross/yr)
  2026<=cut/mE1                n= 1332 +1.185 bps S +2.26 (+25.9 %/gross/yr)
  2025->26<=cut/yearly         n= 3522 +2.320 bps S +4.33 (+50.8 %/gross/yr)
  2025->26<=cut/mE60           n= 3522 +1.322 bps S +2.62 (+29.0 %/gross/yr)
  2025->26<=cut/mE1            n= 3522 +1.398 bps S +2.79 (+30.6 %/gross/yr)
  2026-08-11->30/mE60          n=  120 +4.867 bps S +8.29 (+106.6 %/gross/yr)
  2026-08-11->30/mE1           n=  120 +6.926 bps S +12.27 (+151.7 %/gross/yr)
  Δ 2025/mE60                  n=2190 -0.972 CI95 [-1.806,-0.127] P>0 0.011
  Δ 2025/mE1                   n=2190 -0.801 CI95 [-1.645,+0.038] P>0 0.030
  Δ 2026<=cut/mE60             n=1332 -1.039 CI95 [-2.215,+0.158] P>0 0.043
  Δ 2026<=cut/mE1              n=1332 -1.120 CI95 [-2.382,+0.182] P>0 0.049
  Δ 2025->26<=cut/mE60         n=3522 -0.997 CI95 [-1.673,-0.307] P>0 0.001
  Δ 2025->26<=cut/mE1          n=3522 -0.922 CI95 [-1.617,-0.198] P>0 0.009
== monthly IC (test month × file) ==
  month   |   yearly |     mE60 |      mE1
  202501 | +0.0197 | +0.0140 | +0.0122
  202502 | +0.0110 | +0.0158 | +0.0183
  202503 | +0.0155 | -0.0078 | -0.0064
  202504 | +0.0398 | +0.0423 | +0.0356
  202505 | +0.0252 | +0.0330 | +0.0346
  202506 | +0.0076 | +0.0054 | +0.0022
  202507 | +0.0357 | -0.0084 | +0.0311
  202508 | +0.0083 | +0.0046 | +0.0112
  202509 | +0.0174 | +0.0113 | +0.0188
  202510 | +0.0287 | +0.0301 | +0.0297
  202511 | +0.0262 | +0.0249 | +0.0186
  202512 | +0.0332 | +0.0171 | +0.0192
  202601 | +0.0150 | +0.0177 | +0.0256
  202602 | +0.0155 | +0.0122 | +0.0127
  202603 | +0.0138 | -0.0032 | +0.0179
  202604 | +0.0098 | +0.0257 | +0.0292
  202605 | +0.0105 | +0.0064 | +0.0027
  202606 | +0.0179 | +0.0193 | +0.0239
  202607 | +0.0073 | +0.0211 | +0.0340
  202608 | +0.0095 | +0.0319 | +0.0428
IC_DONE
