LOADED 8 arms n=10038 2022-01-31 00:00→2026-08-30 20:00; windows pre-2025=6396, 2025=2190, 2026<=cut=1332, 2025->26<=cut=3522, 2026-postcut=120, 2024->26<=cut=5718
ARMS {"BASE": {"artifact": "/workspace/review_scratch/dl_monthly_wf/replay/dev_alt/probe_artifacts/w10_ablation_series_BASE_M1_UPIT_prod_s42_ccal.npz", "sha256": "32bfecb9cf9c0e5c", "FPRED": "(default f10_V2MAIN_s{FSEED})", "PHI": 0.45, "n": 10038}, "PHI1_BASE": {"artifact": "/workspace/review_scratch/dl_monthly_wf/replay/dev_alt/probe_artifacts/w10_ablation_series_PHI1_BASE_prod_s42_ccal.npz", "sha256": "bfc27a250f81d1a6", "FPRED": "(default f10_V2MAIN_s{FSEED})", "PHI": 1.0, "n": 10038}, "mE60spl": {"artifact": "/workspace/review_scratch/dl_monthly_wf/replay/dev_alt/probe_artifacts/w10_ablation_series_M1_mE60spl_prod_s42_ccal.npz", "sha256": "7037b8ab81833c20", "FPRED": "f10_V2MAIN_mE60spl_s42.npy", "PHI": 0.45, "n": 10038}, "mE60pure": {"artifact": "/workspace/review_scratch/dl_monthly_wf/replay/dev_alt/probe_artifacts/w10_ablation_series_M1_mE60pure_prod_s42_ccal.npz", "sha256": "5e433f7bdd664dd1", "FPRED": "f10_V2MAIN_mE60_s42.npy", "PHI": 0.45, "n": 10038}, "PHI1_mE60spl": {"artifact": "/workspace/review_scratch/dl_monthly_wf/replay/dev_alt/probe_artifacts/w10_ablation_series_PHI1_mE60spl_prod_s42_ccal.npz", "sha256": "529c1ec9b3f07404", "FPRED": "f10_V2MAIN_mE60spl_s42.npy", "PHI": 1.0, "n": 10038}, "mE1spl": {"artifact": "/workspace/review_scratch/dl_monthly_wf/replay/dev_alt/probe_artifacts/w10_ablation_series_M1_mE1spl_prod_s42_ccal.npz", "sha256": "ef4d5265fbde6046", "FPRED": "f10_V2MAIN_mE1spl_s42.npy", "PHI": 0.45, "n": 10038}, "mE1pure": {"artifact": "/workspace/review_scratch/dl_monthly_wf/replay/dev_alt/probe_artifacts/w10_ablation_series_M1_mE1pure_prod_s42_ccal.npz", "sha256": "44ae27bb684eb793", "FPRED": "f10_V2MAIN_mE1_s42.npy", "PHI": 0.45, "n": 10038}, "PHI1_mE1spl": {"artifact": "/workspace/review_scratch/dl_monthly_wf/replay/dev_alt/probe_artifacts/w10_ablation_series_PHI1_mE1spl_prod_s42_ccal.npz", "sha256": "c8e16f2e984be425", "FPRED": "f10_V2MAIN_mE1spl_s42.npy", "PHI": 1.0, "n": 10038}}

===== LEVELS (per gross, bps/anchor): mean S=Sharpe DD=maxDD(bps gross) %/gross/yr | gross w_king turn/gross cost/gross carry/gross (2025->26<=cut)
BASE          | 2025 +0.651 S+1.14 DD1133 +14.2% | 2026<=cut +3.189 S+4.96 DD435 +69.8% | 2025->26<=cut +1.611 S+2.69 DD1133 +35.3% | 2024->26<=cut +1.206 S+2.21 DD1241 +26.4% | 0.607 0.608 0.07172 0.151 +0.714
PHI1_BASE     | 2025 +0.668 S+1.28 DD554 +14.6% | 2026<=cut +3.260 S+4.76 DD485 +71.4% | 2025->26<=cut +1.648 S+2.80 DD554 +36.1% | 2024->26<=cut +1.274 S+2.40 DD959 +27.9% | 0.609 0.608 0.10517 0.221 +0.488
mE60spl       | 2025 +0.469 S+0.81 DD1207 +10.3% | 2026<=cut +3.011 S+4.68 DD418 +65.9% | 2025->26<=cut +1.431 S+2.37 DD1207 +31.3% | 2024->26<=cut +1.095 S+1.99 DD1241 +24.0% | 0.621 0.608 0.06707 0.141 +0.722
mE60pure      | 2025 +0.488 S+0.84 DD1207 +10.7% | 2026<=cut +3.011 S+4.68 DD418 +65.9% | 2025->26<=cut +1.442 S+2.39 DD1207 +31.6% | 2024->26<=cut +0.725 S+1.32 DD1655 +15.9% | 0.620 0.608 0.06723 0.142 +0.722
PHI1_mE60spl  | 2025 +0.567 S+1.07 DD577 +12.4% | 2026<=cut +2.930 S+4.28 DD453 +64.2% | 2025->26<=cut +1.461 S+2.46 DD577 +32.0% | 2024->26<=cut +1.158 S+2.17 DD959 +25.4% | 0.620 0.608 0.10195 0.215 +0.492
mE1spl        | 2025 +0.567 S+0.97 DD1213 +12.4% | 2026<=cut +2.986 S+4.63 DD411 +65.4% | 2025->26<=cut +1.482 S+2.44 DD1213 +32.5% | 2024->26<=cut +1.127 S+2.04 DD1241 +24.7% | 0.618 0.608 0.06892 0.145 +0.724
mE1pure       | 2025 +0.586 S+1.01 DD1213 +12.8% | 2026<=cut +2.986 S+4.63 DD411 +65.4% | 2025->26<=cut +1.494 S+2.46 DD1213 +32.7% | 2024->26<=cut +0.757 S+1.37 DD1655 +16.6% | 0.618 0.608 0.06908 0.145 +0.724
PHI1_mE1spl   | 2025 +0.620 S+1.16 DD556 +13.6% | 2026<=cut +3.051 S+4.45 DD449 +66.8% | 2025->26<=cut +1.539 S+2.58 DD556 +33.7% | 2024->26<=cut +1.207 S+2.26 DD959 +26.4% | 0.615 0.608 0.10381 0.219 +0.509

===== DELTAS per gross: Δg = g_x − g_ref (bps/anchor per gross), paired by anchor; day-block bootstrap NB=2000 seed=20260905; cells Δ [CI95] P(Δ>0)
mE60spl-BASE (PRIMARY: spliced, identical state entering 2025-01)
    pre-2025: +0.0000 [+0.0000,+0.0000] P0.000 (exact 0) | 2025: -0.1812 [-0.4003,+0.0384] P0.051 | 2026<=cut: -0.1777 [-0.4078,+0.0433] P0.057 | 2025->26<=cut: -0.1799 [-0.3353,-0.0126] P0.017 | 2026-postcut: -0.0457 [-0.1745,+0.0805] P0.253
    ΔSharpe 25on -0.321 (2025 -0.330, 2026 -0.280); turn/gross ref 0.07172 x 0.06707 (-6.5%); maxDD 25on ref 1133 x 1207 bps gross; NAV-caliber Δnet_ex 25on -0.0734
mE60pure-BASE (sensitivity: NaN before 2025-01)
    pre-2025: -0.3363 [-0.5719,-0.1081] P0.001 | 2025: -0.1626 [-0.3835,+0.0536] P0.065 | 2026<=cut: -0.1777 [-0.4031,+0.0371] P0.054 | 2025->26<=cut: -0.1683 [-0.3271,-0.0143] P0.013 | 2026-postcut: -0.0457 [-0.1772,+0.0762] P0.251
    ΔSharpe 25on -0.301 (2025 -0.298, 2026 -0.280); turn/gross ref 0.07172 x 0.06723 (-6.3%); maxDD 25on ref 1133 x 1207 bps gross; NAV-caliber Δnet_ex 25on -0.0693
PHI1 mE60spl-BASE (F10 book alone, auxiliary)
    pre-2025: +0.0000 [+0.0000,+0.0000] P0.000 (exact 0) | 2025: -0.1011 [-0.6556,+0.4448] P0.378 | 2026<=cut: -0.3301 [-0.7250,+0.0320] P0.040 | 2025->26<=cut: -0.1877 [-0.5631,+0.2049] P0.175 | 2026-postcut: +0.2099 [-0.1299,+0.5713] P0.868
    ΔSharpe 25on -0.333 (2025 -0.207, 2026 -0.484); turn/gross ref 0.10517 x 0.10195 (-3.1%); maxDD 25on ref 554 x 577 bps gross; NAV-caliber Δnet_ex 25on -0.1427
mE1spl-BASE (PRIMARY: spliced, identical state entering 2025-01)
    pre-2025: +0.0000 [+0.0000,+0.0000] P0.000 (exact 0) | 2025: -0.0837 [-0.3062,+0.1504] P0.240 | 2026<=cut: -0.2029 [-0.4719,+0.0378] P0.060 | 2025->26<=cut: -0.1287 [-0.3071,+0.0403] P0.076 | 2026-postcut: -0.0354 [-0.1414,+0.0607] P0.251
    ΔSharpe 25on -0.247 (2025 -0.168, 2026 -0.323); turn/gross ref 0.07172 x 0.06892 (-3.9%); maxDD 25on ref 1133 x 1213 bps gross; NAV-caliber Δnet_ex 25on -0.0643
mE1pure-BASE (sensitivity: NaN before 2025-01)
    pre-2025: -0.3363 [-0.5683,-0.1091] P0.002 | 2025: -0.0648 [-0.3056,+0.1711] P0.282 | 2026<=cut: -0.2029 [-0.4744,+0.0328] P0.046 | 2025->26<=cut: -0.1170 [-0.2903,+0.0581] P0.100 | 2026-postcut: -0.0354 [-0.1390,+0.0639] P0.239
    ΔSharpe 25on -0.228 (2025 -0.136, 2026 -0.323); turn/gross ref 0.07172 x 0.06908 (-3.7%); maxDD 25on ref 1133 x 1213 bps gross; NAV-caliber Δnet_ex 25on -0.0604
PHI1 mE1spl-BASE (F10 book alone, auxiliary)
    pre-2025: +0.0000 [+0.0000,+0.0000] P0.000 (exact 0) | 2025: -0.0482 [-0.6296,+0.5703] P0.436 | 2026<=cut: -0.2090 [-0.5545,+0.1407] P0.117 | 2025->26<=cut: -0.1090 [-0.5207,+0.2761] P0.282 | 2026-postcut: +0.4998 [-0.7255,+2.1640] P0.716
    ΔSharpe 25on -0.213 (2025 -0.116, 2026 -0.314); turn/gross ref 0.10517 x 0.10381 (-1.3%); maxDD 25on ref 554 x 556 bps gross; NAV-caliber Δnet_ex 25on -0.0731
mE1spl-mE60spl (embargo effect at monthly cadence)
    pre-2025: +0.0000 [+0.0000,+0.0000] P0.000 (exact 0) | 2025: +0.0976 [-0.0587,+0.2562] P0.889 | 2026<=cut: -0.0251 [-0.2502,+0.1875] P0.441 | 2025->26<=cut: +0.0512 [-0.0847,+0.1789] P0.780 | 2026-postcut: +0.0103 [-0.0863,+0.1171] P0.551
    ΔSharpe 25on +0.073 (2025 +0.161, 2026 -0.043); turn/gross ref 0.06707 x 0.06892 (+2.8%); maxDD 25on ref 1207 x 1213 bps gross; NAV-caliber Δnet_ex 25on +0.0091

===== FROZEN COMPARISON [mE60] 'monthly not worse than yearly' = 2025->26 CI95 upper > 0 AND ΔIC >= 0: book Δg -0.1799 [-0.3353,-0.0126] upper>0=False; ΔIC -0.0039 ± 0.0014 CI [-0.0068,-0.0011] >=0=False; ⇒ False

===== FROZEN COMPARISON [mE1] 'monthly not worse than yearly' = 2025->26 CI95 upper > 0 AND ΔIC >= 0: book Δg -0.1287 [-0.3071,+0.0403] upper>0=True; ΔIC +0.0009 ± 0.0013 CI [-0.0018,+0.0039] >=0=True; ⇒ True

wrote /workspace/review_scratch/dl_monthly_wf/replay/results/judge_dl.json
JUDGE_DONE
