Sun Sep 13 15:56:09 UTC 2026
== ATTR_stageC.log (pod2, attempt 1)
ATTR_STAGE_C start 2026-09-13T15:51:36Z self d512a8d15243224cc1b6fa196d467ea1245d1c142a7ca78bed4a020cea08b8cd {"loadavg": ["0.22", "0.54", "1.08"], "memory_current": "37139148800"}
== listing attr_C (sizes)
15:51:50.0000000000 1152 /workspace/uplift_r2_2026-09-13/P2/work/attr_C/V0_s20/replay_home/shadow_log.jsonl
15:51:50.0000000000 1155 /workspace/uplift_r2_2026-09-13/P2/work/attr_C/V0_s16/replay_home/shadow_log.jsonl
15:51:50.0000000000 1156 /workspace/uplift_r2_2026-09-13/P2/work/attr_C/V0_s12/replay_home/shadow_log.jsonl
15:51:50.0000000000 91 /workspace/uplift_r2_2026-09-13/P2/work/attr_C/V0_s12/replay_home/heartbeat.json
15:51:50.0000000000 91 /workspace/uplift_r2_2026-09-13/P2/work/attr_C/V0_s16/replay_home/heartbeat.json
15:51:50.0000000000 91 /workspace/uplift_r2_2026-09-13/P2/work/attr_C/V0_s20/replay_home/heartbeat.json
15:51:56.0000000000 0 /workspace/uplift_r2_2026-09-13/P2/work/attr_C/V0_s12/receipts/ATTR_V0.log
15:51:56.0000000000 0 /workspace/uplift_r2_2026-09-13/P2/work/attr_C/V0_s12/receipts/PARITY_ATTR_V0_1789214400_1789214400.json
15:51:56.0000000000 0 /workspace/uplift_r2_2026-09-13/P2/work/attr_C/V0_s16/receipts/ATTR_V0.log
15:51:56.0000000000 0 /workspace/uplift_r2_2026-09-13/P2/work/attr_C/V0_s16/receipts/PARITY_ATTR_V0_1789228800_1789228800.json
15:51:56.0000000000 0 /workspace/uplift_r2_2026-09-13/P2/work/attr_C/V0_s20/receipts/ATTR_V0.log
15:51:56.0000000000 0 /workspace/uplift_r2_2026-09-13/P2/work/attr_C/V0_s20/receipts/PARITY_ATTR_V0_1789243200_1789243200.json
== attr_diag
total 2931
drwxrwxrwx  2 root root       1 Sep 13 15:55 .
drwxrwxrwx 23 root root 3000200 Sep 13 15:55 ..
-rw-rw-rw-  1 root root       0 Sep 13 15:55 t.py
-rw-rw-rw-  1 root root       0 Sep 13 15:55 t1.log
== 1MB dd probe
dd: closing output file '/workspace/uplift_r2_2026-09-13/P2/work/attr_diag/probe_1m': Disk quota exceeded
local_rc=0
== 15:57Z own partial trees work/attr_C (3 V0 trees, ~757 MB, all receipts 0 bytes) and work/attr_diag deleted by p2-oos-replay; pod2 log renamed ATTR_stageC.attempt1_quota.log
