ATTR_STAGE_C start 2026-09-13T15:57:43Z self 3ee4a73dad3fa24b1d60fbc9fbdb4a300172c1824e29e964b7fa6b5cefd23353 {"loadavg": ["0.35", "0.32", "0.80"], "memory_current": "37342265344"}
{"slot": "s12", "variant": "V0", "rc": 0, "secs": 49.8, "rows": 11520, "king_weights_Linf": 0.0, "target_combo_Linf": 0.0, "target_live_Linf": 0.0, "target_live_names_gt_1e6": 0, "n_dead_live_names": null}
{"slot": "s12", "variant": "V1_48", "rc": 0, "secs": 46.9, "rows": 11472, "king_weights_Linf": 0.0, "target_combo_Linf": 0.0, "target_live_Linf": 0.0, "target_live_names_gt_1e6": 0, "n_dead_live_names": null}
{"slot": "s12", "variant": "V1_288", "rc": 0, "secs": 52.0, "rows": 11232, "king_weights_Linf": 0.0, "target_combo_Linf": 0.0, "target_live_Linf": 0.0, "target_live_names_gt_1e6": 0, "n_dead_live_names": null}
{"slot": "s12", "variant": "V1_960", "rc": 0, "secs": 49.4, "rows": 10560, "king_weights_Linf": 0.0, "target_combo_Linf": 8.600000000000968e-07, "target_live_Linf": 8.495272889735839e-07, "target_live_names_gt_1e6": 0, "n_dead_live_names": null}
{"slot": "s12", "variant": "V1_1920", "rc": 0, "secs": 45.9, "rows": 9600, "king_weights_Linf": 0.0, "target_combo_Linf": 0.00011298999999999945, "target_live_Linf": 0.00011272846977327701, "target_live_names_gt_1e6": 2, "n_dead_live_names": null}
{"slot": "s12", "variant": "V2_dead", "rc": 0, "secs": 51.2, "rows": 11520, "king_weights_Linf": 0.0, "target_combo_Linf": 0.0, "target_live_Linf": 0.0, "target_live_names_gt_1e6": 0, "n_dead_live_names": 2}
{"slot": "s16", "variant": "V0", "rc": 0, "secs": 51.8, "rows": 11520, "king_weights_Linf": 0.0, "target_combo_Linf": 0.0, "target_live_Linf": 0.0, "target_live_names_gt_1e6": 0, "n_dead_live_names": null}
{"slot": "s16", "variant": "V1_48", "rc": 0, "secs": 51.6, "rows": 11472, "king_weights_Linf": 0.0, "target_combo_Linf": 0.0, "target_live_Linf": 0.0, "target_live_names_gt_1e6": 0, "n_dead_live_names": null}
{"slot": "s16", "variant": "V1_288", "rc": 0, "secs": 52.5, "rows": 11232, "king_weights_Linf": 0.0, "target_combo_Linf": 0.0, "target_live_Linf": 0.0, "target_live_names_gt_1e6": 0, "n_dead_live_names": null}
{"slot": "s16", "variant": "V1_960", "rc": 0, "secs": 51.0, "rows": 10560, "king_weights_Linf": 0.0, "target_combo_Linf": 9.999999999999159e-07, "target_live_Linf": 9.955359141972965e-07, "target_live_names_gt_1e6": 0, "n_dead_live_names": null}
{"slot": "s16", "variant": "V1_1920", "rc": 0, "secs": 55.1, "rows": 9600, "king_weights_Linf": 0.0, "target_combo_Linf": 1.0299999999999546e-06, "target_live_Linf": 1.0247805040529585e-06, "target_live_names_gt_1e6": 2, "n_dead_live_names": null}
{"slot": "s16", "variant": "V2_dead", "rc": 0, "secs": 49.3, "rows": 11520, "king_weights_Linf": 0.0, "target_combo_Linf": 0.0, "target_live_Linf": 0.0, "target_live_names_gt_1e6": 0, "n_dead_live_names": 2}
{"slot": "s20", "variant": "V0", "rc": 0, "secs": 46.3, "rows": 11520, "king_weights_Linf": 0.0, "target_combo_Linf": 0.0, "target_live_Linf": 0.0, "target_live_names_gt_1e6": 0, "n_dead_live_names": null}
{"slot": "s20", "variant": "V1_48", "rc": 0, "secs": 47.2, "rows": 11472, "king_weights_Linf": 0.0, "target_combo_Linf": 0.0, "target_live_Linf": 0.0, "target_live_names_gt_1e6": 0, "n_dead_live_names": null}
{"slot": "s20", "variant": "V1_288", "rc": 0, "secs": 45.4, "rows": 11232, "king_weights_Linf": 0.0, "target_combo_Linf": 0.0, "target_live_Linf": 0.0, "target_live_names_gt_1e6": 0, "n_dead_live_names": null}
{"slot": "s20", "variant": "V1_960", "rc": 0, "secs": 44.9, "rows": 10560, "king_weights_Linf": 0.0, "target_combo_Linf": 0.0, "target_live_Linf": 0.0, "target_live_names_gt_1e6": 0, "n_dead_live_names": null}
{"slot": "s20", "variant": "V1_1920", "rc": 0, "secs": 44.5, "rows": 9600, "king_weights_Linf": 0.0, "target_combo_Linf": 2.0099999999999892e-06, "target_live_Linf": 2.0051960099947124e-06, "target_live_names_gt_1e6": 3, "n_dead_live_names": null}
{"slot": "s20", "variant": "V2_dead", "rc": 0, "secs": 48.1, "rows": 11520, "king_weights_Linf": 0.0, "target_combo_Linf": 0.0, "target_live_Linf": 0.0, "target_live_names_gt_1e6": 0, "n_dead_live_names": 2}
V0 {"s12": {"rows": 11520, "king": 0.0, "target_combo": 0.0, "target_live": 0.0, "state_H": {"f10": 0.0, "kc": 0.0, "fc": 0.0}, "names_gt_1e6": 0, "n_dead": null}, "s16": {"rows": 11520, "king": 0.0, "target_combo": 0.0, "target_live": 0.0, "state_H": {"f10": 0.0, "kc": 0.0, "fc": 0.0}, "names_gt_1e6": 0, "n_dead": null}, "s20": {"rows": 11520, "king": 0.0, "target_combo": 0.0, "target_live": 0.0, "state_H": {"f10": 0.0, "kc": 0.0, "fc": 0.0}, "names_gt_1e6": 0, "n_dead": null}}
V1_48 {"s12": {"rows": 11472, "king": 0.0, "target_combo": 0.0, "target_live": 0.0, "state_H": {"f10": 0.0, "kc": 0.0, "fc": 0.0}, "names_gt_1e6": 0, "n_dead": null}, "s16": {"rows": 11472, "king": 0.0, "target_combo": 0.0, "target_live": 0.0, "state_H": {"f10": 0.0, "kc": 0.0, "fc": 0.0}, "names_gt_1e6": 0, "n_dead": null}, "s20": {"rows": 11472, "king": 0.0, "target_combo": 0.0, "target_live": 0.0, "state_H": {"f10": 0.0, "kc": 0.0, "fc": 0.0}, "names_gt_1e6": 0, "n_dead": null}}
V1_288 {"s12": {"rows": 11232, "king": 0.0, "target_combo": 0.0, "target_live": 0.0, "state_H": {"f10": 0.0, "kc": 0.0, "fc": 0.0}, "names_gt_1e6": 0, "n_dead": null}, "s16": {"rows": 11232, "king": 0.0, "target_combo": 0.0, "target_live": 0.0, "state_H": {"f10": 0.0, "kc": 0.0, "fc": 0.0}, "names_gt_1e6": 0, "n_dead": null}, "s20": {"rows": 11232, "king": 0.0, "target_combo": 0.0, "target_live": 0.0, "state_H": {"f10": 0.0, "kc": 0.0, "fc": 0.0}, "names_gt_1e6": 0, "n_dead": null}}
V1_960 {"s12": {"rows": 10560, "king": 0.0, "target_combo": 8.600000000000968e-07, "target_live": 8.495272889735839e-07, "state_H": {"f10": 1.9060637331516552e-06, "kc": 0.0, "fc": 1.887838419941442e-06}, "names_gt_1e6": 0, "n_dead": null}, "s16": {"rows": 10560, "king": 0.0, "target_combo": 9.999999999999159e-07, "target_live": 9.955359141972965e-07, "state_H": {"f10": 2.220553832549309e-06, "kc": 0.0, "fc": 2.212302031549861e-06}, "names_gt_1e6": 0, "n_dead": null}, "s20": {"rows": 10560, "king": 0.0, "target_combo": 0.0, "target_live": 0.0, "state_H": {"f10": 0.0, "kc": 0.0, "fc": 0.0}, "names_gt_1e6": 0, "n_dead": null}}
V1_1920 {"s12": {"rows": 9600, "king": 0.0, "target_combo": 0.00011298999999999945, "target_live": 0.00011272846977327701, "state_H": {"f10": 0.0002504784692492256, "kc": 0.0, "fc": 0.0002505077106072836}, "names_gt_1e6": 2, "n_dead": null}, "s16": {"rows": 9600, "king": 0.0, "target_combo": 1.0299999999999546e-06, "target_live": 1.0247805040529585e-06, "state_H": {"f10": 4.457002867682899e-06, "kc": 0.0, "fc": 2.2772900090065745e-06}, "names_gt_1e6": 2, "n_dead": null}, "s20": {"rows": 9600, "king": 0.0, "target_combo": 2.0099999999999892e-06, "target_live": 2.0051960099947124e-06, "state_H": {"f10": 4.250746345364764e-06, "kc": 0.0, "fc": 4.455991133321896e-06}, "names_gt_1e6": 3, "n_dead": null}}
V2_dead {"s12": {"rows": 11520, "king": 0.0, "target_combo": 0.0, "target_live": 0.0, "state_H": {"f10": 0.0, "kc": 0.0, "fc": 0.0}, "names_gt_1e6": 0, "n_dead": 2}, "s16": {"rows": 11520, "king": 0.0, "target_combo": 0.0, "target_live": 0.0, "state_H": {"f10": 0.0, "kc": 0.0, "fc": 0.0}, "names_gt_1e6": 0, "n_dead": 2}, "s20": {"rows": 11520, "king": 0.0, "target_combo": 0.0, "target_live": 0.0, "state_H": {"f10": 0.0, "kc": 0.0, "fc": 0.0}, "names_gt_1e6": 0, "n_dead": 2}}
ATTR_STAGE_C verdict=H-d CONFIRMED V0_exact=True c1=3/3 failed=[] runtime_s=974 receipt_sha256=d4c4625b224c16c8bedff913c78a49241c4f3ecfd838ebffbe6978809436ba53
rc=0
