# now=2026-09-16T05:05:15Z seconds_since_anchor=3915
# lock: owner=FX-EXEC
# lock: pid=56230
# lock: tree=/Users/haosiyu/cc_tmp/fx_exec
# lock: head=f7e8e3a8734ea96c807b533d760612ccf30ec07b
# lock: start=2026-09-16T05:05:15Z
  # interpreter record [before]  2026-09-16T05:05:15Z
  ACCEPT_PY=UNSET
  resolved_PY=/usr/bin/python3
  resolved_PY_realpath=/usr/bin/python3
  resolved_PY_abs=/usr/bin/python3
  sys.version=3.9.6 (default, Apr 17 2026, 18:15:52)  [Clang 21.0.0 (clang-2100.1.1.101)]
  sys.executable=/Applications/Xcode.app/Contents/Developer/usr/bin/python3
  torch=2.2.2
  numpy=1.26.4
  # and what the runner itself would resolve, read from the file rather than assumed:
  #   28:PY="${ACCEPT_PY:-/usr/bin/python3}"
  #   40:#     SUBSTRING OF THIS FILE rather than the interpreter in force — set ACCEPT_PY to another
  #   51:#   and not only on disk. `ACCEPT_PY` is reported as SET/UNSET separately from its value, because
  #   54:  "$STAMP" "$([ -n "${ACCEPT_PY+x}" ] && echo true || echo false)" "${ACCEPT_PY:-}" "$PY" \
  #   57:echo "INTERPRETER  resolved=$PY  sys.executable=$_PY_REAL  version=$_PY_VER  torch=$_PY_TORCH  ACCEPT_PY=$([ -n "${ACCEPT_PY+x}" ] && echo "SET:${ACCEPT_PY}" || echo UNSET)"
# .env absent · BINANCE_API_KEY unset · BINANCE_API_SECRET unset · LIVE_MODE=DRY_RUN
# head=f7e8e3a8734ea96c807b533d760612ccf30ec07b
# source dirty (live ops scheduler signal run_acceptance.sh)=0
acceptance_logs_before=   38315
# battery start 2026-09-16T05:05:18Z
INTERPRETER  resolved=/usr/bin/python3  sys.executable=/Applications/Xcode.app/Contents/Developer/usr/bin/python3  version=3.9.6  torch=2.2.2  ACCEPT_PY=UNSET
SUITE                        EXIT   LOG
----------------------------------------------------------------
tests_imports                0      /Users/haosiyu/cc_tmp/fx_exec/state/acceptance/20260916T050523Z_tests_imports.log
drift_gate                   0      /Users/haosiyu/cc_tmp/fx_exec/state/acceptance/20260916T050523Z_drift_gate.log
tests_binance_broker         0      /Users/haosiyu/cc_tmp/fx_exec/state/acceptance/20260916T050523Z_tests_binance_broker.log
tests_binance_executor       0      /Users/haosiyu/cc_tmp/fx_exec/state/acceptance/20260916T050523Z_tests_binance_executor.log
tests_binance_funding        0      /Users/haosiyu/cc_tmp/fx_exec/state/acceptance/20260916T050523Z_tests_binance_funding.log
tests_watchdog               0      /Users/haosiyu/cc_tmp/fx_exec/state/acceptance/20260916T050523Z_tests_watchdog.log
tests_pilot_log              0      /Users/haosiyu/cc_tmp/fx_exec/state/acceptance/20260916T050523Z_tests_pilot_log.log
tests_signal_and_loop        0      /Users/haosiyu/cc_tmp/fx_exec/state/acceptance/20260916T050523Z_tests_signal_and_loop.log
tests_entrypoint_wiring      0      /Users/haosiyu/cc_tmp/fx_exec/state/acceptance/20260916T050523Z_tests_entrypoint_wiring.log
tests_telegram_notify        0      /Users/haosiyu/cc_tmp/fx_exec/state/acceptance/20260916T050523Z_tests_telegram_notify.log
tests_markout_pacing         0      /Users/haosiyu/cc_tmp/fx_exec/state/acceptance/20260916T050523Z_tests_markout_pacing.log
tests_markout_window         0      /Users/haosiyu/cc_tmp/fx_exec/state/acceptance/20260916T050523Z_tests_markout_window.log
tests_markout_import         0      /Users/haosiyu/cc_tmp/fx_exec/state/acceptance/20260916T050523Z_tests_markout_import.log
tests_ledger_notary          0      /Users/haosiyu/cc_tmp/fx_exec/state/acceptance/20260916T050523Z_tests_ledger_notary.log
tests_rank_monitor_input     0      /Users/haosiyu/cc_tmp/fx_exec/state/acceptance/20260916T050523Z_tests_rank_monitor_input.log
tests_gross_ladder_retired   0      /Users/haosiyu/cc_tmp/fx_exec/state/acceptance/20260916T050523Z_tests_gross_ladder_retired.log
tests_reject_rate            0      /Users/haosiyu/cc_tmp/fx_exec/state/acceptance/20260916T050523Z_tests_reject_rate.log
tests_requote_experiment     0      /Users/haosiyu/cc_tmp/fx_exec/state/acceptance/20260916T050523Z_tests_requote_experiment.log
tests_sigma_ladder           0      /Users/haosiyu/cc_tmp/fx_exec/state/acceptance/20260916T050523Z_tests_sigma_ladder.log
tests_inference_parity       0      /Users/haosiyu/cc_tmp/fx_exec/state/acceptance/20260916T050523Z_tests_inference_parity.log
tests_panel_build            0      /Users/haosiyu/cc_tmp/fx_exec/state/acceptance/20260916T050523Z_tests_panel_build.log
tests_risk_budget            0      /Users/haosiyu/cc_tmp/fx_exec/state/acceptance/20260916T050523Z_tests_risk_budget.log
tests_harvest_ema            0      /Users/haosiyu/cc_tmp/fx_exec/state/acceptance/20260916T050523Z_tests_harvest_ema.log
tests_manifest_consistency   0      /Users/haosiyu/cc_tmp/fx_exec/state/acceptance/20260916T050523Z_tests_manifest_consistency.log
tests_channel_causality      0      /Users/haosiyu/cc_tmp/fx_exec/state/acceptance/20260916T050523Z_tests_channel_causality.log
tests_static_names           0      /Users/haosiyu/cc_tmp/fx_exec/state/acceptance/20260916T050523Z_tests_static_names.log
tests_factor_health          0      /Users/haosiyu/cc_tmp/fx_exec/state/acceptance/20260916T050523Z_tests_factor_health.log
tests_state_root             0      /Users/haosiyu/cc_tmp/fx_exec/state/acceptance/20260916T050523Z_tests_state_root.log
tests_nosleep                0      /Users/haosiyu/cc_tmp/fx_exec/state/acceptance/20260916T050523Z_tests_nosleep.log
tests_venue_fills            0      /Users/haosiyu/cc_tmp/fx_exec/state/acceptance/20260916T050523Z_tests_venue_fills.log
tests_artifact_assertions    0      /Users/haosiyu/cc_tmp/fx_exec/state/acceptance/20260916T050523Z_tests_artifact_assertions.log
metrics_freeze               0      /Users/haosiyu/cc_tmp/fx_exec/state/acceptance/20260916T050523Z_metrics_freeze.log
gate_coverage                0      /Users/haosiyu/cc_tmp/fx_exec/state/acceptance/20260916T050523Z_gate_coverage.log
tests_trip_page              0      /Users/haosiyu/cc_tmp/fx_exec/state/acceptance/20260916T050523Z_tests_trip_page.log
tests_topup_leg_fill         0      /Users/haosiyu/cc_tmp/fx_exec/state/acceptance/20260916T050523Z_tests_topup_leg_fill.log
tests_flatten_ladder         0      /Users/haosiyu/cc_tmp/fx_exec/state/acceptance/20260916T050523Z_tests_flatten_ladder.log
tests_readback_universe      0      /Users/haosiyu/cc_tmp/fx_exec/state/acceptance/20260916T050523Z_tests_readback_universe.log
tests_market_maxqty          0      /Users/haosiyu/cc_tmp/fx_exec/state/acceptance/20260916T050523Z_tests_market_maxqty.log
tests_flatten_rows           0      /Users/haosiyu/cc_tmp/fx_exec/state/acceptance/20260916T050523Z_tests_flatten_rows.log
tests_scoped_writes          0      /Users/haosiyu/cc_tmp/fx_exec/state/acceptance/20260916T050523Z_tests_scoped_writes.log
tests_m4_rowtype             0      /Users/haosiyu/cc_tmp/fx_exec/state/acceptance/20260916T050523Z_tests_m4_rowtype.log
tests_ghost_rows             0      /Users/haosiyu/cc_tmp/fx_exec/state/acceptance/20260916T050523Z_tests_ghost_rows.log
tests_drift_gate             0      /Users/haosiyu/cc_tmp/fx_exec/state/acceptance/20260916T050523Z_tests_drift_gate.log
tests_persistence_and_dust   0      /Users/haosiyu/cc_tmp/fx_exec/state/acceptance/20260916T050523Z_tests_persistence_and_dust.log
tests_read_failure_visibility 0      /Users/haosiyu/cc_tmp/fx_exec/state/acceptance/20260916T050523Z_tests_read_failure_visibility.log
tests_acceptance_entrypoints 0      /Users/haosiyu/cc_tmp/fx_exec/state/acceptance/20260916T050523Z_tests_acceptance_entrypoints.log
tests_score_anchor_selection 0      /Users/haosiyu/cc_tmp/fx_exec/state/acceptance/20260916T050523Z_tests_score_anchor_selection.log
tests_cond6_eligibility      0      /Users/haosiyu/cc_tmp/fx_exec/state/acceptance/20260916T050523Z_tests_cond6_eligibility.log
tests_venue_error_classification 0      /Users/haosiyu/cc_tmp/fx_exec/state/acceptance/20260916T050523Z_tests_venue_error_classification.log
tests_rehearsal_anchor       0      /Users/haosiyu/cc_tmp/fx_exec/state/acceptance/20260916T050523Z_tests_rehearsal_anchor.log
tests_reconcile_qty_caliber  0      /Users/haosiyu/cc_tmp/fx_exec/state/acceptance/20260916T050523Z_tests_reconcile_qty_caliber.log
tests_reconcile_carry        0      /Users/haosiyu/cc_tmp/fx_exec/state/acceptance/20260916T050523Z_tests_reconcile_carry.log
tests_flatten_record         0      /Users/haosiyu/cc_tmp/fx_exec/state/acceptance/20260916T050523Z_tests_flatten_record.log
tests_fill_collection_gap    0      /Users/haosiyu/cc_tmp/fx_exec/state/acceptance/20260916T050523Z_tests_fill_collection_gap.log
tests_fill_backfill          0      /Users/haosiyu/cc_tmp/fx_exec/state/acceptance/20260916T050523Z_tests_fill_backfill.log
tests_universe_guard         0      /Users/haosiyu/cc_tmp/fx_exec/state/acceptance/20260916T050523Z_tests_universe_guard.log
tests_frozen_inputs          0      /Users/haosiyu/cc_tmp/fx_exec/state/acceptance/20260916T050523Z_tests_frozen_inputs.log
tests_nav_staleness          0      /Users/haosiyu/cc_tmp/fx_exec/state/acceptance/20260916T050523Z_tests_nav_staleness.log
tests_avgpx_backfill         0      /Users/haosiyu/cc_tmp/fx_exec/state/acceptance/20260916T050523Z_tests_avgpx_backfill.log
tests_guard_coverage         0      /Users/haosiyu/cc_tmp/fx_exec/state/acceptance/20260916T050523Z_tests_guard_coverage.log
tests_position_break_blindspot 0      /Users/haosiyu/cc_tmp/fx_exec/state/acceptance/20260916T050523Z_tests_position_break_blindspot.log
tests_numerator_honesty      0      /Users/haosiyu/cc_tmp/fx_exec/state/acceptance/20260916T050523Z_tests_numerator_honesty.log
tests_reconcile_severity     0      /Users/haosiyu/cc_tmp/fx_exec/state/acceptance/20260916T050523Z_tests_reconcile_severity.log
tests_fee_asset_detection    0      /Users/haosiyu/cc_tmp/fx_exec/state/acceptance/20260916T050523Z_tests_fee_asset_detection.log
tests_universe_tripwire      0      /Users/haosiyu/cc_tmp/fx_exec/state/acceptance/20260916T050523Z_tests_universe_tripwire.log
tests_orphan_position        0      /Users/haosiyu/cc_tmp/fx_exec/state/acceptance/20260916T050523Z_tests_orphan_position.log
tests_frontier_staleness     0      /Users/haosiyu/cc_tmp/fx_exec/state/acceptance/20260916T050523Z_tests_frontier_staleness.log
tests_head_liveness          0      /Users/haosiyu/cc_tmp/fx_exec/state/acceptance/20260916T050523Z_tests_head_liveness.log
tests_sizing_policy          0      /Users/haosiyu/cc_tmp/fx_exec/state/acceptance/20260916T050523Z_tests_sizing_policy.log
tests_notional_backfill      0      /Users/haosiyu/cc_tmp/fx_exec/state/acceptance/20260916T050523Z_tests_notional_backfill.log
tests_request_budget         0      /Users/haosiyu/cc_tmp/fx_exec/state/acceptance/20260916T050523Z_tests_request_budget.log
tests_halt_evidence          0      /Users/haosiyu/cc_tmp/fx_exec/state/acceptance/20260916T050523Z_tests_halt_evidence.log
tests_threshold_roles        0      /Users/haosiyu/cc_tmp/fx_exec/state/acceptance/20260916T050523Z_tests_threshold_roles.log
tests_cond3_worst_selector   0      /Users/haosiyu/cc_tmp/fx_exec/state/acceptance/20260916T050523Z_tests_cond3_worst_selector.log
tests_halt_verdict_states    0      /Users/haosiyu/cc_tmp/fx_exec/state/acceptance/20260916T050523Z_tests_halt_verdict_states.log
tests_flatten_cancels_first  0      /Users/haosiyu/cc_tmp/fx_exec/state/acceptance/20260916T050523Z_tests_flatten_cancels_first.log
tests_stuck_position_ack     0      /Users/haosiyu/cc_tmp/fx_exec/state/acceptance/20260916T050523Z_tests_stuck_position_ack.log
tests_reprice_day            0      /Users/haosiyu/cc_tmp/fx_exec/state/acceptance/20260916T050523Z_tests_reprice_day.log
tests_alert_tiers_live       0      /Users/haosiyu/cc_tmp/fx_exec/state/acceptance/20260916T050523Z_tests_alert_tiers_live.log
tests_gap_observer           0      /Users/haosiyu/cc_tmp/fx_exec/state/acceptance/20260916T050523Z_tests_gap_observer.log
tests_live_install_ritual    0      /Users/haosiyu/cc_tmp/fx_exec/state/acceptance/20260916T050523Z_tests_live_install_ritual.log
tests_live_state_root        0      /Users/haosiyu/cc_tmp/fx_exec/state/acceptance/20260916T050523Z_tests_live_state_root.log
tests_setup_live_account     0      /Users/haosiyu/cc_tmp/fx_exec/state/acceptance/20260916T050523Z_tests_setup_live_account.log
tests_live_dry_pass          0      /Users/haosiyu/cc_tmp/fx_exec/state/acceptance/20260916T050523Z_tests_live_dry_pass.log
tests_stale_order_sweep      0      /Users/haosiyu/cc_tmp/fx_exec/state/acceptance/20260916T050523Z_tests_stale_order_sweep.log
tests_transport_resilience   0      /Users/haosiyu/cc_tmp/fx_exec/state/acceptance/20260916T050523Z_tests_transport_resilience.log
tests_venue_cap_clamp        0      /Users/haosiyu/cc_tmp/fx_exec/state/acceptance/20260916T050523Z_tests_venue_cap_clamp.log
tests_income_twin_rows       0      /Users/haosiyu/cc_tmp/fx_exec/state/acceptance/20260916T050523Z_tests_income_twin_rows.log
tests_request_identity_unknown 0      /Users/haosiyu/cc_tmp/fx_exec/state/acceptance/20260916T050523Z_tests_request_identity_unknown.log
tests_reduce_only_clamp      0      /Users/haosiyu/cc_tmp/fx_exec/state/acceptance/20260916T050523Z_tests_reduce_only_clamp.log
tests_flatten_fee_backfill   0      /Users/haosiyu/cc_tmp/fx_exec/state/acceptance/20260916T050523Z_tests_flatten_fee_backfill.log
tests_venue_rate_authority   0      /Users/haosiyu/cc_tmp/fx_exec/state/acceptance/20260916T050523Z_tests_venue_rate_authority.log
tests_filters_cache_per_mode 0      /Users/haosiyu/cc_tmp/fx_exec/state/acceptance/20260916T050523Z_tests_filters_cache_per_mode.log
tests_rate_backstop_window   0      /Users/haosiyu/cc_tmp/fx_exec/state/acceptance/20260916T050523Z_tests_rate_backstop_window.log
tests_alarm_redelivery       0      /Users/haosiyu/cc_tmp/fx_exec/state/acceptance/20260916T050523Z_tests_alarm_redelivery.log
tests_a2_withdrawal_gate     0      /Users/haosiyu/cc_tmp/fx_exec/state/acceptance/20260916T050523Z_tests_a2_withdrawal_gate.log
tests_readiness_filters_path 0      /Users/haosiyu/cc_tmp/fx_exec/state/acceptance/20260916T050523Z_tests_readiness_filters_path.log
tests_unseal_rehearsal_halt  0      /Users/haosiyu/cc_tmp/fx_exec/state/acceptance/20260916T050523Z_tests_unseal_rehearsal_halt.log
tests_cancel_ban_resilience  0      /Users/haosiyu/cc_tmp/fx_exec/state/acceptance/20260916T050523Z_tests_cancel_ban_resilience.log
tests_book_weights_effective 0      /Users/haosiyu/cc_tmp/fx_exec/state/acceptance/20260916T050523Z_tests_book_weights_effective.log
tests_request_accounting     0      /Users/haosiyu/cc_tmp/fx_exec/state/acceptance/20260916T050523Z_tests_request_accounting.log
tests_anchor_skip_visible    0      /Users/haosiyu/cc_tmp/fx_exec/state/acceptance/20260916T050523Z_tests_anchor_skip_visible.log
tests_env_loading            1      /Users/haosiyu/cc_tmp/fx_exec/state/acceptance/20260916T050523Z_tests_env_loading.log
tests_review_anchor_scoping  0      /Users/haosiyu/cc_tmp/fx_exec/state/acceptance/20260916T050523Z_tests_review_anchor_scoping.log
tests_param_encoding         0      /Users/haosiyu/cc_tmp/fx_exec/state/acceptance/20260916T050523Z_tests_param_encoding.log
tests_sheet_subject          0      /Users/haosiyu/cc_tmp/fx_exec/state/acceptance/20260916T050523Z_tests_sheet_subject.log
tests_fills_supersede        0      /Users/haosiyu/cc_tmp/fx_exec/state/acceptance/20260916T050523Z_tests_fills_supersede.log
tests_neutrality_check       0      /Users/haosiyu/cc_tmp/fx_exec/state/acceptance/20260916T050523Z_tests_neutrality_check.log
tests_book_reshape           0      /Users/haosiyu/cc_tmp/fx_exec/state/acceptance/20260916T050523Z_tests_book_reshape.log
tests_reduce_only_reject     0      /Users/haosiyu/cc_tmp/fx_exec/state/acceptance/20260916T050523Z_tests_reduce_only_reject.log
tests_neutrality_price       0      /Users/haosiyu/cc_tmp/fx_exec/state/acceptance/20260916T050523Z_tests_neutrality_price.log
tests_exit_ledger            0      /Users/haosiyu/cc_tmp/fx_exec/state/acceptance/20260916T050523Z_tests_exit_ledger.log
tests_ops_flag_safety        0      /Users/haosiyu/cc_tmp/fx_exec/state/acceptance/20260916T050523Z_tests_ops_flag_safety.log
tests_reject_topup           0      /Users/haosiyu/cc_tmp/fx_exec/state/acceptance/20260916T050523Z_tests_reject_topup.log
tests_disposition_matrix     0      /Users/haosiyu/cc_tmp/fx_exec/state/acceptance/20260916T050523Z_tests_disposition_matrix.log
tests_alarm_digest           1      /Users/haosiyu/cc_tmp/fx_exec/state/acceptance/20260916T050523Z_tests_alarm_digest.log
tests_redelivery_settles     0      /Users/haosiyu/cc_tmp/fx_exec/state/acceptance/20260916T050523Z_tests_redelivery_settles.log
tests_daily_summary          0      /Users/haosiyu/cc_tmp/fx_exec/state/acceptance/20260916T050523Z_tests_daily_summary.log
tests_readers_three_bucket   0      /Users/haosiyu/cc_tmp/fx_exec/state/acceptance/20260916T050523Z_tests_readers_three_bucket.log
income_callers               0      /Users/haosiyu/cc_tmp/fx_exec/state/acceptance/20260916T050523Z_income_callers.log
guard_reach                  0      /Users/haosiyu/cc_tmp/fx_exec/state/acceptance/20260916T050523Z_guard_reach.log
tests_guard_reach            0      /Users/haosiyu/cc_tmp/fx_exec/state/acceptance/20260916T050523Z_tests_guard_reach.log
tests_readout_gate           0      /Users/haosiyu/cc_tmp/fx_exec/state/acceptance/20260916T050523Z_tests_readout_gate.log
tests_break_decomposition    0      /Users/haosiyu/cc_tmp/fx_exec/state/acceptance/20260916T050523Z_tests_break_decomposition.log
tests_break_split_gate       0      /Users/haosiyu/cc_tmp/fx_exec/state/acceptance/20260916T050523Z_tests_break_split_gate.log
tests_break_split_wiring     0      /Users/haosiyu/cc_tmp/fx_exec/state/acceptance/20260916T050523Z_tests_break_split_wiring.log
tests_chase_release_check    0      /Users/haosiyu/cc_tmp/fx_exec/state/acceptance/20260916T050523Z_tests_chase_release_check.log
tests_residual_vector        0      /Users/haosiyu/cc_tmp/fx_exec/state/acceptance/20260916T050523Z_tests_residual_vector.log
tests_chase_policy           0      /Users/haosiyu/cc_tmp/fx_exec/state/acceptance/20260916T050523Z_tests_chase_policy.log
tests_chase_experiment_wiring 0      /Users/haosiyu/cc_tmp/fx_exec/state/acceptance/20260916T050523Z_tests_chase_experiment_wiring.log
tests_king_cadence           0      /Users/haosiyu/cc_tmp/fx_exec/state/acceptance/20260916T050523Z_tests_king_cadence.log
tests_k_window               0      /Users/haosiyu/cc_tmp/fx_exec/state/acceptance/20260916T050523Z_tests_k_window.log
tests_neutral_band           0      /Users/haosiyu/cc_tmp/fx_exec/state/acceptance/20260916T050523Z_tests_neutral_band.log
tests_ic_monitor             0      /Users/haosiyu/cc_tmp/fx_exec/state/acceptance/20260916T050523Z_tests_ic_monitor.log
tests_deadman_ping           0      /Users/haosiyu/cc_tmp/fx_exec/state/acceptance/20260916T050523Z_tests_deadman_ping.log
tests_per_name_stop          0      /Users/haosiyu/cc_tmp/fx_exec/state/acceptance/20260916T050523Z_tests_per_name_stop.log
tests_placement_bandit       0      /Users/haosiyu/cc_tmp/fx_exec/state/acceptance/20260916T050523Z_tests_placement_bandit.log
tests_guard_calibers         0      /Users/haosiyu/cc_tmp/fx_exec/state/acceptance/20260916T050523Z_tests_guard_calibers.log
tests_external_book          0      /Users/haosiyu/cc_tmp/fx_exec/state/acceptance/20260916T050523Z_tests_external_book.log
----------------------------------------------------------------
ACCEPTANCE: NOT GREEN — at least one suite failed (see table above)
# battery end 2026-09-16T05:21:36Z rc=1
  # interpreter record [after]  2026-09-16T05:21:36Z
  ACCEPT_PY=UNSET
  resolved_PY=/usr/bin/python3
  resolved_PY_realpath=/usr/bin/python3
  resolved_PY_abs=/usr/bin/python3
  sys.version=3.9.6 (default, Apr 17 2026, 18:15:52)  [Clang 21.0.0 (clang-2100.1.1.101)]
  sys.executable=/Applications/Xcode.app/Contents/Developer/usr/bin/python3
  torch=2.2.2
  numpy=1.26.4
  # and what the runner itself would resolve, read from the file rather than assumed:
  #   28:PY="${ACCEPT_PY:-/usr/bin/python3}"
  #   40:#     SUBSTRING OF THIS FILE rather than the interpreter in force — set ACCEPT_PY to another
  #   51:#   and not only on disk. `ACCEPT_PY` is reported as SET/UNSET separately from its value, because
  #   54:  "$STAMP" "$([ -n "${ACCEPT_PY+x}" ] && echo true || echo false)" "${ACCEPT_PY:-}" "$PY" \
  #   57:echo "INTERPRETER  resolved=$PY  sys.executable=$_PY_REAL  version=$_PY_VER  torch=$_PY_TORCH  ACCEPT_PY=$([ -n "${ACCEPT_PY+x}" ] && echo "SET:${ACCEPT_PY}" || echo UNSET)"
## state restored
tracked state dirty after: 0
## NOT run: git clean -- state (it would delete pre-existing untracked REAL-state copies the suites read)
# lock released 2026-09-16T05:22:23Z
