[     0s] CHECK config.not_a_template_and_nothing_pending OK {"status": "FROZEN before any number of the F10 seed-ensemble test (prereg 45aba1f3f); arm NEW_ENS; settings byte-identical to RUN_CONFIG_OVN_NEW_s42_2026-09-23 (162239b6)", "pending": []}
[     0s] CHECK pin.prereg OK {"path": "/workspace/baseline_tables_2026-09-19/pins/PREREG_baseline_tables_certified_2026-09-19.md", "got": "d9fe45e3191f56e5", "want": "d9fe45e3191f56e5"}
[     0s] CHECK pin.prereg_amendment_1 OK {"path": "/workspace/baseline_tables_2026-09-19/pins/AMENDMENT_1_baseline_tables_certified_2026-09-19.md", "got": "766bc367743d8542", "want": "766bc367743d8542"}
[     0s] CHECK pin.exec_sim OK {"path": "/workspace/baseline_tables_2026-09-19/devices/exec_copy/exec_sim.py", "got": "29679672e68d4842", "want": "29679672e68d4842"}
[     0s] CHECK pin.simlib OK {"path": "/workspace/baseline_tables_2026-09-19/devices/exec_copy/simlib.py", "got": "55246fe98da2d57a", "want": "55246fe98da2d57a"}
[     0s] CHECK pin.v1b_gate OK {"path": "/workspace/baseline_tables_2026-09-19/devices/exec_copy/v1b_gate.py", "got": "4a725921a470f4c1", "want": "4a725921a470f4c1"}
[     0s] CHECK pin.v1_gate OK {"path": "/workspace/baseline_tables_2026-09-19/devices/exec_copy/v1_gate.py", "got": "c97d9b3d49212b49", "want": "c97d9b3d49212b49"}
[     0s] CHECK pin.calibration OK {"path": "/workspace/baseline_tables_2026-09-19/devices/exec_copy/CALIBRATION_v3_POOLED_20260826_20260910.json", "got": "fda342431d39703e", "want": "fda342431d39703e"}
[     0s] CHECK pin.input_manifest OK {"path": "/workspace/baseline_tables_2026-09-19/devices/exec_copy/INPUT_MANIFEST.json", "got": "59875e5a69db415f", "want": "59875e5a69db415f"}
[     0s] CHECK pin.p2_s2_lib OK {"path": "/workspace/uplift_r2_2026-09-13/P2/devices/p2_s2_lib.py", "got": "c53f5c495036727f", "want": "c53f5c495036727f"}
[     3s] CHECK pin.price_full_raw OK {"path": "/workspace/baseline_tables_2026-09-19/work/price_full_raw_x0918r.npy", "got": "23af32bd97c267d1", "want": "23af32bd97c267d1"}
[     3s] CHECK pin.price_full_meta OK {"path": "/workspace/baseline_tables_2026-09-19/work/price_full_raw_x0918r_meta.npz", "got": "d1e49cc9f0a7ddc4", "want": "d1e49cc9f0a7ddc4"}
[     3s] CHECK pin.price_receipt OK {"path": "/workspace/baseline_tables_2026-09-19/receipts/BT_PRICES_FULL_X0918R.json", "got": "130592b122831e03", "want": "130592b122831e03"}
[     4s] CHECK pin.price_source_table_x0918r OK {"path": "/workspace/raw_price_fix_2026-09-19/ext_x0918r/work/price_logtable_raw_x0918r.npy", "got": "9249b0da4a4c5789", "want": "9249b0da4a4c5789"}
[     4s] CHECK pin.price_source_meta_x0918r OK {"path": "/workspace/raw_price_fix_2026-09-19/ext_x0918r/work/price_meta_raw_x0918r.npz", "got": "da136830cee7e1a2", "want": "da136830cee7e1a2"}
[     4s] CHECK pin.ledger_full OK {"path": "/workspace/baseline_tables_2026-09-19/funding/ledger_spliced_p2_to_20260901T0200_streamD_after.npz", "got": "073088e503c026d6", "want": "073088e503c026d6"}
[     4s] CHECK pin.funding_overlap_proof OK {"path": "/workspace/baseline_tables_2026-09-19/funding/BT_FUNDING_OVERLAP.json", "got": "0ee6d99bfa2acfb9", "want": "0ee6d99bfa2acfb9"}
[     4s] CHECK pin.funding_source_p2 OK {"path": "/workspace/uplift_r2_2026-09-13/P2/work/ledger_full.npz", "got": "bea6f5752772d54e", "want": "bea6f5752772d54e"}
[     4s] CHECK pin.funding_source_stream_d OK {"path": "/workspace/axis_0919/funding/funding_ledger.npz", "got": "74b69e635efbf355", "want": "74b69e635efbf355"}
[     4s] CHECK pin.funding_4h_accounting_stream_d OK {"path": "/workspace/axis_0919/funding/funding_4h_accounting.npz", "got": "2838e5f6cf42fff5", "want": "2838e5f6cf42fff5"}
[     4s] CHECK pin.tradability OK {"path": "/workspace/axis_0919/x0918r/trd/tradability_v1.npz", "got": "bebf69ab9ddb3b05", "want": "bebf69ab9ddb3b05"}
[     4s] CHECK pin.universe OK {"path": "/workspace/uplift_r2_2026-09-13/P2/work/universe.npz", "got": "6322b57366078ed0", "want": "6322b57366078ed0"}
[     4s] CHECK pin.g0_labels OK {"path": "/workspace/baseline_tables_2026-09-19/g0x/g0_labels_x0918.npz", "got": "c3832939e1b01333", "want": "c3832939e1b01333"}
[     4s] CHECK pin.g0_receipt OK {"path": "/workspace/baseline_tables_2026-09-19/g0x/RECEIPT_bt_g0_extend.json", "got": "8afd680472ef21be", "want": "8afd680472ef21be"}
[     4s] CHECK price_receipt.PASS_and_outputs OK {"price_kinds": ["raw"]}
[     6s] CHECK pin.executor_tree_409ea16_vs_manifest OK {"n": 332, "bad": []}
[     6s] CHECK exec_sim.version_v3.1 OK "v3.1"
[     6s] CHECK runs.selected OK {"runs": ["F10ENS_NEW_ENS|scaled|rule|raw|UAFE", "F10ENS_NEW_ENS|lit|rule|raw|UAFE", "F10ENS_NEW_ENS|scaled|rule|raw|UAFE|fee_x1.25", "F10ENS_NEW_ENS|scaled|rule|raw|UAFE|slip_x1.5", "F10ENS_NEW_ENS|scaled|rule|raw|UAFE|fill_x0.9"], "seeds"
[     6s] CHECK window.n_anchors OK 9139
[     6s] CHECK axis.symbols OK 
[     6s] CHECK prices.grid_covers_window OK {"grid0": 1656532800, "n": 444145}
[     6s] CHECK ua_sets.counts_of_the_sets_the_runs_use OK {"UNAVAILABLE_3084": 3084}
[    19s] prices raw (444145, 829)
[    19s] CHECK run.F10ENS_NEW_ENS|scaled|rule|raw|UAFE.policy_named OK 
[    19s] CHECK run.F10ENS_NEW_ENS|scaled|rule|raw|UAFE.ua_cells_already_at_last_available_price OK {"cells_that_would_change": 0}
[    19s] CHECK run.F10ENS_NEW_ENS|lit|rule|raw|UAFE.policy_named OK 
[    19s] CHECK run.F10ENS_NEW_ENS|lit|rule|raw|UAFE.ua_cells_already_at_last_available_price OK {"cells_that_would_change": 0}
[    19s] CHECK run.F10ENS_NEW_ENS|scaled|rule|raw|UAFE|fee_x1.25.policy_named OK 
[    19s] CHECK run.F10ENS_NEW_ENS|scaled|rule|raw|UAFE|fee_x1.25.ua_cells_already_at_last_available_price OK {"cells_that_would_change": 0}
[    19s] CHECK run.F10ENS_NEW_ENS|scaled|rule|raw|UAFE|slip_x1.5.policy_named OK 
[    19s] CHECK run.F10ENS_NEW_ENS|scaled|rule|raw|UAFE|slip_x1.5.ua_cells_already_at_last_available_price OK {"cells_that_would_change": 0}
[    19s] CHECK run.F10ENS_NEW_ENS|scaled|rule|raw|UAFE|fill_x0.9.policy_named OK 
[    19s] CHECK run.F10ENS_NEW_ENS|scaled|rule|raw|UAFE|fill_x0.9.ua_cells_already_at_last_available_price OK {"cells_that_would_change": 0}
[    20s] funding rows 2386274
[    20s] CHECK axis.tradability_symbols OK 
[    20s] CHECK tradability.covers_window OK 
[    20s] CHECK calibration.v3_pooled_frozen OK 
[    20s] CHECK calibration.decision_offset_N+24 OK 1440
[    21s] CHECK executor.pns_wide OK 
[    21s] CHECK executor.gross_mult_config OK {"gm": 2.0, "onu": "hold"}
[    22s] CHECK objb_targets.F10ENS_NEW_ENS|scaled|rule|raw|UAFE.loaded OK {"window_anchors": 9139, "combo": 6496, "king": 0, "hold": 2643, "written_rows_without_weights": 0}
[    23s] CHECK objb_targets.F10ENS_NEW_ENS|lit|rule|raw|UAFE.loaded OK {"window_anchors": 9139, "combo": 2973, "king": 0, "hold": 6166, "written_rows_without_weights": 0}
[    25s] CHECK objb_targets.F10ENS_NEW_ENS|scaled|rule|raw|UAFE|fee_x1.25.loaded OK {"window_anchors": 9139, "combo": 6496, "king": 0, "hold": 2643, "written_rows_without_weights": 0}
[    27s] CHECK objb_targets.F10ENS_NEW_ENS|scaled|rule|raw|UAFE|slip_x1.5.loaded OK {"window_anchors": 9139, "combo": 6496, "king": 0, "hold": 2643, "written_rows_without_weights": 0}
[    28s] CHECK objb_targets.F10ENS_NEW_ENS|scaled|rule|raw|UAFE|fill_x0.9.loaded OK {"window_anchors": 9139, "combo": 6496, "king": 0, "hold": 2643, "written_rows_without_weights": 0}
[    28s] resume: existing 0 to run 160
[    28s] started F10ENS_NEW_ENS|scaled|rule|raw|UAFE seed 0 pid 2232910 avail_GiB 26.4 own_GiB 2.98 psi 2.2
[    28s] started F10ENS_NEW_ENS|scaled|rule|raw|UAFE seed 1 pid 2232911 avail_GiB 26.4 own_GiB 3.00 psi 2.2
[    28s] started F10ENS_NEW_ENS|scaled|rule|raw|UAFE seed 2 pid 2232912 avail_GiB 26.4 own_GiB 3.04 psi 2.0
[    29s] started F10ENS_NEW_ENS|scaled|rule|raw|UAFE seed 3 pid 2232913 avail_GiB 26.4 own_GiB 3.07 psi 2.0
[   172s] finished F10ENS_NEW_ENS|scaled|rule|raw|UAFE seed 0 rc 0 avail_GiB 26.4 own_GiB 2.97 psi 2.2
[   172s] started F10ENS_NEW_ENS|scaled|rule|raw|UAFE seed 4 pid 2233371 avail_GiB 26.3 own_GiB 2.98 psi 2.2
[   172s] finished F10ENS_NEW_ENS|scaled|rule|raw|UAFE seed 1 rc 0 avail_GiB 26.3 own_GiB 2.99 psi 2.2
[   173s] started F10ENS_NEW_ENS|scaled|rule|raw|UAFE seed 5 pid 2233372 avail_GiB 26.3 own_GiB 3.01 psi 2.4
[   173s] finished F10ENS_NEW_ENS|scaled|rule|raw|UAFE seed 2 rc 0 avail_GiB 26.3 own_GiB 3.02 psi 2.4
[   173s] started F10ENS_NEW_ENS|scaled|rule|raw|UAFE seed 6 pid 2233386 avail_GiB 26.3 own_GiB 3.04 psi 2.4
[   174s] finished F10ENS_NEW_ENS|scaled|rule|raw|UAFE seed 3 rc 0 avail_GiB 26.3 own_GiB 3.05 psi 2.4
[   174s] started F10ENS_NEW_ENS|scaled|rule|raw|UAFE seed 7 pid 2233389 avail_GiB 26.3 own_GiB 3.07 psi 2.4
[   295s] finished F10ENS_NEW_ENS|scaled|rule|raw|UAFE seed 4 rc 0 avail_GiB 29.1 own_GiB 3.16 psi 0.0
[   295s] started F10ENS_NEW_ENS|scaled|rule|raw|UAFE seed 8 pid 2233907 avail_GiB 29.3 own_GiB 3.03 psi 0.0
[   295s] finished F10ENS_NEW_ENS|scaled|rule|raw|UAFE seed 5 rc 0 avail_GiB 29.2 own_GiB 3.04 psi 0.0
[   295s] started F10ENS_NEW_ENS|scaled|rule|raw|UAFE seed 9 pid 2233910 avail_GiB 29.2 own_GiB 3.06 psi 0.0
[   296s] finished F10ENS_NEW_ENS|scaled|rule|raw|UAFE seed 6 rc 0 avail_GiB 29.2 own_GiB 3.07 psi 0.0
[   296s] started F10ENS_NEW_ENS|scaled|rule|raw|UAFE seed 10 pid 2233911 avail_GiB 29.2 own_GiB 3.09 psi 0.0
[   307s] finished F10ENS_NEW_ENS|scaled|rule|raw|UAFE seed 7 rc 0 avail_GiB 29.2 own_GiB 3.07 psi 0.0
[   307s] started F10ENS_NEW_ENS|scaled|rule|raw|UAFE seed 11 pid 2233977 avail_GiB 29.2 own_GiB 3.08 psi 0.0
[   396s] finished F10ENS_NEW_ENS|scaled|rule|raw|UAFE seed 9 rc 0 avail_GiB 32.1 own_GiB 3.13 psi 0.0
[   396s] started F10ENS_NEW_ENS|scaled|rule|raw|UAFE seed 12 pid 2234377 avail_GiB 32.1 own_GiB 3.14 psi 0.0
[   401s] finished F10ENS_NEW_ENS|scaled|rule|raw|UAFE seed 8 rc 0 avail_GiB 32.1 own_GiB 3.05 psi 0.0
[   402s] started F10ENS_NEW_ENS|scaled|rule|raw|UAFE seed 13 pid 2234399 avail_GiB 32.1 own_GiB 3.06 psi 0.0
[   402s] finished F10ENS_NEW_ENS|scaled|rule|raw|UAFE seed 10 rc 0 avail_GiB 32.1 own_GiB 3.08 psi 0.0
[   402s] started F10ENS_NEW_ENS|scaled|rule|raw|UAFE seed 14 pid 2234412 avail_GiB 32.1 own_GiB 3.09 psi 0.0
[   408s] finished F10ENS_NEW_ENS|scaled|rule|raw|UAFE seed 11 rc 0 avail_GiB 32.1 own_GiB 3.07 psi 0.0
[   408s] started F10ENS_NEW_ENS|scaled|rule|raw|UAFE seed 15 pid 2234438 avail_GiB 32.1 own_GiB 3.08 psi 0.0
[   502s] finished F10ENS_NEW_ENS|scaled|rule|raw|UAFE seed 13 rc 0 avail_GiB 32.0 own_GiB 3.08 psi 0.0
[   502s] started F10ENS_NEW_ENS|scaled|rule|raw|UAFE seed 16 pid 2234675 avail_GiB 32.0 own_GiB 3.03 psi 0.0
[   502s] finished F10ENS_NEW_ENS|scaled|rule|raw|UAFE seed 14 rc 0 avail_GiB 32.0 own_GiB 3.04 psi 0.0
[   503s] started F10ENS_NEW_ENS|scaled|rule|raw|UAFE seed 17 pid 2234676 avail_GiB 32.0 own_GiB 3.06 psi 0.0
[   503s] finished F10ENS_NEW_ENS|scaled|rule|raw|UAFE seed 15 rc 0 avail_GiB 32.0 own_GiB 3.07 psi 0.0
[   503s] started F10ENS_NEW_ENS|scaled|rule|raw|UAFE seed 18 pid 2234678 avail_GiB 31.9 own_GiB 3.09 psi 0.0
[   514s] finished F10ENS_NEW_ENS|scaled|rule|raw|UAFE seed 12 rc 0 avail_GiB 31.9 own_GiB 3.07 psi 0.0
[   514s] started F10ENS_NEW_ENS|scaled|rule|raw|UAFE seed 19 pid 2234688 avail_GiB 31.9 own_GiB 3.08 psi 0.0
[   602s] finished F10ENS_NEW_ENS|scaled|rule|raw|UAFE seed 16 rc 0 avail_GiB 31.8 own_GiB 3.02 psi 0.0
[   602s] started F10ENS_NEW_ENS|scaled|rule|raw|UAFE seed 20 pid 2234910 avail_GiB 31.8 own_GiB 3.03 psi 0.0
[   602s] finished F10ENS_NEW_ENS|scaled|rule|raw|UAFE seed 17 rc 0 avail_GiB 31.8 own_GiB 3.04 psi 0.0
[   603s] started F10ENS_NEW_ENS|scaled|rule|raw|UAFE seed 21 pid 2234911 avail_GiB 31.8 own_GiB 3.06 psi 0.0
[   603s] finished F10ENS_NEW_ENS|scaled|rule|raw|UAFE seed 18 rc 0 avail_GiB 31.8 own_GiB 3.07 psi 0.0
[   603s] started F10ENS_NEW_ENS|scaled|rule|raw|UAFE seed 22 pid 2234912 avail_GiB 31.8 own_GiB 3.09 psi 0.0
[   609s] finished F10ENS_NEW_ENS|scaled|rule|raw|UAFE seed 19 rc 0 avail_GiB 31.7 own_GiB 3.06 psi 0.0
[   609s] started F10ENS_NEW_ENS|scaled|rule|raw|UAFE seed 23 pid 2234915 avail_GiB 31.7 own_GiB 3.07 psi 0.0
[   697s] finished F10ENS_NEW_ENS|scaled|rule|raw|UAFE seed 20 rc 0 avail_GiB 31.6 own_GiB 3.12 psi 0.0
[   698s] started F10ENS_NEW_ENS|scaled|rule|raw|UAFE seed 24 pid 2235133 avail_GiB 31.6 own_GiB 3.13 psi 0.0
[   703s] finished F10ENS_NEW_ENS|scaled|rule|raw|UAFE seed 22 rc 0 avail_GiB 31.6 own_GiB 3.10 psi 0.0
[   703s] started F10ENS_NEW_ENS|scaled|rule|raw|UAFE seed 25 pid 2235170 avail_GiB 31.6 own_GiB 3.11 psi 0.0
[   709s] finished F10ENS_NEW_ENS|scaled|rule|raw|UAFE seed 23 rc 0 avail_GiB 31.6 own_GiB 3.08 psi 0.0
[   709s] started F10ENS_NEW_ENS|scaled|rule|raw|UAFE seed 26 pid 2235178 avail_GiB 31.6 own_GiB 3.10 psi 0.0
[   730s] finished F10ENS_NEW_ENS|scaled|rule|raw|UAFE seed 21 rc 0 avail_GiB 31.6 own_GiB 3.08 psi 0.0
[   731s] started F10ENS_NEW_ENS|scaled|rule|raw|UAFE seed 27 pid 2235217 avail_GiB 31.6 own_GiB 3.10 psi 0.0
[   805s] finished F10ENS_NEW_ENS|scaled|rule|raw|UAFE seed 25 rc 0 avail_GiB 31.4 own_GiB 3.12 psi 0.0
[   806s] started F10ENS_NEW_ENS|scaled|rule|raw|UAFE seed 28 pid 2235416 avail_GiB 31.4 own_GiB 3.13 psi 0.0
[   811s] finished F10ENS_NEW_ENS|scaled|rule|raw|UAFE seed 24 rc 0 avail_GiB 31.4 own_GiB 3.10 psi 0.0
[   812s] started F10ENS_NEW_ENS|scaled|rule|raw|UAFE seed 29 pid 2235425 avail_GiB 31.4 own_GiB 3.12 psi 0.0
[   823s] finished F10ENS_NEW_ENS|scaled|rule|raw|UAFE seed 26 rc 0 avail_GiB 31.4 own_GiB 3.09 psi 0.0
[   823s] started F10ENS_NEW_ENS|scaled|rule|raw|UAFE seed 30 pid 2235434 avail_GiB 31.4 own_GiB 3.10 psi 0.0
[   833s] finished F10ENS_NEW_ENS|scaled|rule|raw|UAFE seed 27 rc 0 avail_GiB 31.5 own_GiB 3.08 psi 0.0
[   834s] started F10ENS_NEW_ENS|scaled|rule|raw|UAFE seed 31 pid 2235475 avail_GiB 31.5 own_GiB 3.09 psi 0.0
[   890s] finished F10ENS_NEW_ENS|scaled|rule|raw|UAFE seed 28 rc 0 avail_GiB 34.6 own_GiB 3.12 psi 0.0
[   891s] started F10ENS_NEW_ENS|lit|rule|raw|UAFE seed 0 pid 2235737 avail_GiB 34.6 own_GiB 3.13 psi 0.0
[   906s] finished F10ENS_NEW_ENS|scaled|rule|raw|UAFE seed 29 rc 0 avail_GiB 27.3 own_GiB 3.11 psi 1.4
[   906s] started F10ENS_NEW_ENS|lit|rule|raw|UAFE seed 1 pid 2235834 avail_GiB 27.5 own_GiB 3.12 psi 1.4
[   912s] finished F10ENS_NEW_ENS|scaled|rule|raw|UAFE seed 30 rc 0 avail_GiB 31.6 own_GiB 3.10 psi 1.5
[   912s] started F10ENS_NEW_ENS|lit|rule|raw|UAFE seed 2 pid 2235914 avail_GiB 31.6 own_GiB 3.11 psi 1.5
[   918s] aggregated F10ENS_NEW_ENS|scaled|rule|raw|UAFE
[   918s] finished F10ENS_NEW_ENS|scaled|rule|raw|UAFE seed 31 rc 0 avail_GiB 31.6 own_GiB 3.15 psi 0.8
[   919s] started F10ENS_NEW_ENS|lit|rule|raw|UAFE seed 3 pid 2235921 avail_GiB 31.6 own_GiB 3.16 psi 0.8
[   939s] finished F10ENS_NEW_ENS|lit|rule|raw|UAFE seed 0 rc 0 avail_GiB 31.5 own_GiB 3.15 psi 0.1
[   940s] started F10ENS_NEW_ENS|lit|rule|raw|UAFE seed 4 pid 2236039 avail_GiB 31.5 own_GiB 3.16 psi 0.1
[   961s] finished F10ENS_NEW_ENS|lit|rule|raw|UAFE seed 1 rc 0 avail_GiB 31.4 own_GiB 3.15 psi 0.0
[   961s] started F10ENS_NEW_ENS|lit|rule|raw|UAFE seed 5 pid 2236204 avail_GiB 31.4 own_GiB 3.17 psi 0.0
[   966s] finished F10ENS_NEW_ENS|lit|rule|raw|UAFE seed 2 rc 0 avail_GiB 31.4 own_GiB 3.13 psi 0.0
[   967s] started F10ENS_NEW_ENS|lit|rule|raw|UAFE seed 6 pid 2236213 avail_GiB 31.4 own_GiB 3.14 psi 0.0
[   972s] finished F10ENS_NEW_ENS|lit|rule|raw|UAFE seed 3 rc 0 avail_GiB 31.4 own_GiB 3.12 psi 0.0
[   972s] started F10ENS_NEW_ENS|lit|rule|raw|UAFE seed 7 pid 2236231 avail_GiB 31.4 own_GiB 3.13 psi 0.0
[   993s] finished F10ENS_NEW_ENS|lit|rule|raw|UAFE seed 4 rc 0 avail_GiB 31.3 own_GiB 3.13 psi 0.0
[   994s] started F10ENS_NEW_ENS|lit|rule|raw|UAFE seed 8 pid 2236312 avail_GiB 31.3 own_GiB 3.14 psi 0.0
[  1014s] finished F10ENS_NEW_ENS|lit|rule|raw|UAFE seed 5 rc 0 avail_GiB 31.3 own_GiB 3.14 psi 0.0
[  1015s] started F10ENS_NEW_ENS|lit|rule|raw|UAFE seed 9 pid 2236369 avail_GiB 31.4 own_GiB 3.10 psi 0.0
[  1015s] finished F10ENS_NEW_ENS|lit|rule|raw|UAFE seed 6 rc 0 avail_GiB 31.4 own_GiB 3.11 psi 0.0
[  1015s] started F10ENS_NEW_ENS|lit|rule|raw|UAFE seed 10 pid 2236370 avail_GiB 31.3 own_GiB 3.13 psi 0.0
[  1026s] finished F10ENS_NEW_ENS|lit|rule|raw|UAFE seed 7 rc 0 avail_GiB 31.3 own_GiB 3.12 psi 0.0
[  1026s] started F10ENS_NEW_ENS|lit|rule|raw|UAFE seed 11 pid 2236446 avail_GiB 31.3 own_GiB 3.14 psi 0.0
