=== anchors.jsonl ===
day | anchor_ts(actual) | nominal | off_s | realized_gross | rg_source | n_mid | halted | ext.ok | ext.reason | ext.path | ext.nominal_ts
20260825 | 08-25 00:23:02Z | 08-25 00:00:00Z |  1382.4 |   22289.2 | fapi/v3/account@post_anchor | 394 | False | True | None | 1787616000.json | 1787616000
20260825 | 08-25 04:23:01Z | 08-25 04:00:00Z |  1381.9 |   22306.7 | fapi/v3/account@post_anchor | 394 | False | True | None | 1787630400.json | 1787630400
20260825 | 08-25 08:23:02Z | 08-25 08:00:00Z |  1382.2 |   22210.4 | fapi/v3/account@post_anchor | 394 | False | True | None | 1787644800.json | 1787644800
20260825 | 08-25 12:23:01Z | 08-25 12:00:00Z |  1381.6 |   22085.7 | fapi/v3/account@post_anchor | 394 | False | True | None | 1787659200.json | 1787659200
20260825 | 08-25 20:23:02Z | 08-25 20:00:00Z |  1382.2 |   21974.6 | fapi/v3/account@post_anchor | 389 | False | True | None | 1787688000.json | 1787688000
20260826 | 08-26 00:23:01Z | 08-26 00:00:00Z |  1381.9 |   21999.1 | fapi/v3/account@post_anchor | 352 | False | True | None | 1787702400.json | 1787702400
20260826 | 08-26 04:23:01Z | 08-26 04:00:00Z |  1381.8 |   22064.8 | fapi/v3/account@post_anchor | 350 | False | True | None | 1787716800.json | 1787716800
20260826 | 08-26 08:23:03Z | 08-26 08:00:00Z |  1383.0 |   22098.0 | fapi/v3/account@post_anchor | 352 | False | True | None | 1787731200.json | 1787731200
20260826 | 08-26 12:23:01Z | 08-26 12:00:00Z |  1381.4 |   29536.4 | fapi/v3/account@post_anchor | 353 | False | True | None | 1787745600.json | 1787745600
20260826 | 08-26 16:23:02Z | 08-26 16:00:00Z |  1382.7 |       0.0 | fapi/v3/account@post_anchor | 302 | True | True | None | 1787760000.json | 1787760000
20260826 | 08-26 20:23:01Z | 08-26 20:00:00Z |  1381.1 |   15664.7 | fapi/v3/account@post_anchor | 303 | False | True | None | 1787774400.json | 1787774400
20260827 | 08-27 00:23:01Z | 08-27 00:00:00Z |  1381.3 |   22337.8 | fapi/v3/account@post_anchor | 303 | False | True | None | 1787788800.json | 1787788800
20260827 | 08-27 04:23:01Z | 08-27 04:00:00Z |  1381.9 |   26053.9 | fapi/v3/account@post_anchor | 303 | False | True | None | 1787803200.json | 1787803200
20260827 | 08-27 08:24:02Z | 08-27 08:00:00Z |  1442.2 |   29409.7 | fapi/v3/account@post_anchor | 304 | False | True | None | 1787817600.json | 1787817600
20260827 | 08-27 12:24:02Z | 08-27 12:00:00Z |  1442.2 |   40264.4 | fapi/v3/account@post_anchor | 303 | False | True | None | 1787832000.json | 1787832000
20260827 | 08-27 16:24:02Z | 08-27 16:00:00Z |  1442.3 |   41283.6 | fapi/v3/account@post_anchor | 302 | False | True | None | 1787846400.json | 1787846400
20260827 | 08-27 20:24:02Z | 08-27 20:00:00Z |  1442.2 |   40827.7 | fapi/v3/account@post_anchor | 301 | False | True | None | 1787860800.json | 1787860800
20260828 | 08-28 00:24:01Z | 08-28 00:00:00Z |  1441.8 |   41102.8 | fapi/v3/account@post_anchor | 299 | False | True | None | 1787875200.json | 1787875200
20260828 | 08-28 04:24:02Z | 08-28 04:00:00Z |  1442.1 |   40903.9 | fapi/v3/account@post_anchor | 297 | False | True | None | 1787889600.json | 1787889600
20260828 | 08-28 08:24:01Z | 08-28 08:00:00Z |  1441.7 |   40998.9 | fapi/v3/account@post_anchor | 296 | False | True | None | 1787904000.json | 1787904000
20260828 | 08-28 12:24:01Z | 08-28 12:00:00Z |  1441.4 |   41320.6 | fapi/v3/account@post_anchor | 295 | False | True | None | 1787918400.json | 1787918400
20260828 | 08-28 16:24:02Z | 08-28 16:00:00Z |  1442.6 |   41281.6 | fapi/v3/account@post_anchor | 293 | False | True | None | 1787932800.json | 1787932800
20260828 | 08-28 20:24:02Z | 08-28 20:00:00Z |  1442.2 |   41298.1 | fapi/v3/account@post_anchor | 289 | False | True | None | 1787947200.json | 1787947200
20260829 | 08-29 00:24:02Z | 08-29 00:00:00Z |  1442.4 |   41449.7 | fapi/v3/account@post_anchor | 290 | False | True | None | 1787961600.json | 1787961600
20260829 | 08-29 04:24:02Z | 08-29 04:00:00Z |  1442.2 |   41512.3 | fapi/v3/account@post_anchor | 291 | False | True | None | 1787976000.json | 1787976000
20260829 | 08-29 08:24:01Z | 08-29 08:00:00Z |  1441.2 |   41616.4 | fapi/v3/account@post_anchor | 285 | False | True | None | 1787990400.json | 1787990400
20260829 | 08-29 12:24:02Z | 08-29 12:00:00Z |  1442.6 |   42012.7 | fapi/v3/account@post_anchor | 275 | False | True | None | 1788004800.json | 1788004800
20260829 | 08-29 16:24:03Z | 08-29 16:00:00Z |  1443.4 |   42181.3 | fapi/v3/account@post_anchor | 270 | False | True | None | 1788019200.json | 1788019200
20260830 | 08-30 00:24:33Z | 08-30 00:00:00Z |  1473.5 |   42145.6 | fapi/v3/account@post_anchor | 270 | False | True | None | 1788048000.json | 1788048000
20260830 | 08-30 04:24:01Z | 08-30 04:00:00Z |  1441.9 |   42033.0 | fapi/v3/account@post_anchor | 268 | False | True | None | 1788062400.json | 1788062400
20260830 | 08-30 08:24:03Z | 08-30 08:00:00Z |  1443.4 |   42505.0 | fapi/v3/account@post_anchor | 267 | False | True | None | 1788076800.json | 1788076800
20260830 | 08-30 12:24:02Z | 08-30 12:00:00Z |  1442.4 |   42491.2 | fapi/v3/account@post_anchor | 267 | False | True | None | 1788091200.json | 1788091200
20260830 | 08-30 16:24:01Z | 08-30 16:00:00Z |  1441.1 |   42146.5 | fapi/v3/account@post_anchor | 267 | False | True | None | 1788105600.json | 1788105600
20260830 | 08-30 20:24:01Z | 08-30 20:00:00Z |  1441.6 |   41395.3 | fapi/v3/account@post_anchor | 264 | False | True | None | 1788120000.json | 1788120000
20260831 | 08-31 00:24:02Z | 08-31 00:00:00Z |  1442.2 |   41407.8 | fapi/v3/account@post_anchor | 263 | False | True | None | 1788134400.json | 1788134400
20260831 | 08-31 04:24:01Z | 08-31 04:00:00Z |  1441.2 |   41523.7 | fapi/v3/account@post_anchor | 266 | False | True | None | 1788148800.json | 1788148800
20260831 | 08-31 08:24:01Z | 08-31 08:00:00Z |  1441.7 |   41508.8 | fapi/v3/account@post_anchor | 266 | False | True | None | 1788163200.json | 1788163200
20260831 | 08-31 12:24:02Z | 08-31 12:00:00Z |  1442.4 |   41018.6 | fapi/v3/account@post_anchor | 265 | False | True | None | 1788177600.json | 1788177600
20260831 | 08-31 16:24:02Z | 08-31 16:00:00Z |  1442.8 |   41166.0 | fapi/v3/account@post_anchor | 263 | False | True | None | 1788192000.json | 1788192000
20260831 | 08-31 20:24:02Z | 08-31 20:00:00Z |  1442.2 |   40974.5 | fapi/v3/account@post_anchor | 261 | False | True | None | 1788206400.json | 1788206400
20260901 | 09-01 00:24:03Z | 09-01 00:00:00Z |  1443.4 |   40752.9 | fapi/v3/account@post_anchor | 259 | False | True | None | 1788220800.json | 1788220800
20260901 | 09-01 04:24:02Z | 09-01 04:00:00Z |  1442.1 |   40413.9 | fapi/v3/account@post_anchor | 261 | False | True | None | 1788235200.json | 1788235200
20260901 | 09-01 08:24:01Z | 09-01 08:00:00Z |  1441.6 |   40199.6 | fapi/v3/account@post_anchor | 262 | False | True | None | 1788249600.json | 1788249600
20260901 | 09-01 12:24:01Z | 09-01 12:00:00Z |  1441.8 |   39934.0 | fapi/v3/account@post_anchor | 262 | False | True | None | 1788264000.json | 1788264000
20260901 | 09-01 16:24:01Z | 09-01 16:00:00Z |  1442.0 |   40212.0 | fapi/v3/account@post_anchor | 262 | False | True | None | 1788278400.json | 1788278400
20260901 | 09-01 20:24:01Z | 09-01 20:00:00Z |  1441.2 |   40417.1 | fapi/v3/account@post_anchor | 262 | False | True | None | 1788292800.json | 1788292800
20260902 | 09-02 04:24:01Z | 09-02 04:00:00Z |  1441.3 |   40801.3 | fapi/v3/account@post_anchor | 262 | False | True | None | 1788321600.json | 1788321600
20260902 | 09-02 08:24:02Z | 09-02 08:00:00Z |  1442.0 |   40555.0 | fapi/v3/account@post_anchor | 258 | False | True | None | 1788336000.json | 1788336000
20260902 | 09-02 12:24:02Z | 09-02 12:00:00Z |  1442.1 |   40519.8 | fapi/v3/account@post_anchor | 257 | False | True | None | 1788350400.json | 1788350400
20260902 | 09-02 16:24:02Z | 09-02 16:00:00Z |  1442.9 |   40692.8 | fapi/v3/account@post_anchor | 255 | False | True | None | 1788364800.json | 1788364800
20260902 | 09-02 20:24:02Z | 09-02 20:00:00Z |  1442.1 |   41282.1 | fapi/v3/account@post_anchor | 255 | False | True | None | 1788379200.json | 1788379200
20260903 | 09-03 00:24:02Z | 09-03 00:00:00Z |  1442.3 |   41502.1 | fapi/v3/account@post_anchor | 256 | False | True | None | 1788393600.json | 1788393600
20260903 | 09-03 04:24:01Z | 09-03 04:00:00Z |  1441.9 |   41673.7 | fapi/v3/account@post_anchor | 257 | False | True | None | 1788408000.json | 1788408000
20260903 | 09-03 08:24:01Z | 09-03 08:00:00Z |  1441.5 |   41638.7 | fapi/v3/account@post_anchor | 257 | False | True | None | 1788422400.json | 1788422400
20260903 | 09-03 12:24:03Z | 09-03 12:00:00Z |  1443.7 |   42029.4 | fapi/v3/account@post_anchor | 256 | False | True | None | 1788436800.json | 1788436800
20260903 | 09-03 16:24:02Z | 09-03 16:00:00Z |  1442.3 |  163439.1 | fapi/v3/account@post_anchor | 256 | False | True | None | 1788451200.json | 1788451200
20260903 | 09-03 20:24:01Z | 09-03 20:00:00Z |  1441.8 |  166137.5 | fapi/v3/account@post_anchor | 257 | False | True | None | 1788465600.json | 1788465600
20260904 | 09-04 00:24:01Z | 09-04 00:00:00Z |  1441.6 |  165589.2 | fapi/v3/account@post_anchor | 256 | False | True | None | 1788480000.json | 1788480000
20260904 | 09-04 04:24:02Z | 09-04 04:00:00Z |  1442.3 |  164401.7 | fapi/v3/account@post_anchor | 257 | False | True | None | 1788494400.json | 1788494400
20260904 | 09-04 08:24:01Z | 09-04 08:00:00Z |  1441.8 |  163524.4 | fapi/v3/account@post_anchor | 257 | False | True | None | 1788508800.json | 1788508800
20260904 | 09-04 12:24:01Z | 09-04 12:00:00Z |  1442.0 |  161094.8 | fapi/v3/account@post_anchor | 257 | False | True | None | 1788523200.json | 1788523200

=== position_readback.jsonl (grouped by anchor_ts, source) ===
day | anchor_ts | source | n_rows | n_nonzero_qty | sum|notional| | read_ts-anchor_ts (min..max)
20260825 | 08-25 00:23:02Z | fapi/v3/account@post_anchor | 366 | 366 |   22289.2 | 994.3..994.3
20260825 | 08-25 04:23:01Z | fapi/v3/account@post_anchor | 366 | 366 |   22306.7 | 946.6..946.6
20260825 | 08-25 08:23:02Z | fapi/v3/account@post_anchor | 367 | 367 |   22210.4 | 975.9..975.9
20260825 | 08-25 12:23:01Z | fapi/v3/account@post_anchor | 367 | 367 |   22085.7 | 976.7..976.7
20260825 | 08-25 20:23:02Z | fapi/v3/account@post_anchor | 371 | 331 |   21974.6 | 1432.2..1432.2
20260826 | 08-26 00:23:01Z | fapi/v3/account@post_anchor | 332 | 328 |   21999.1 | 1027.0..1027.0
20260826 | 08-26 04:23:01Z | fapi/v3/account@post_anchor | 329 | 329 |   22064.8 | 1079.8..1079.8
20260826 | 08-26 08:23:03Z | fapi/v3/account@post_anchor | 330 | 330 |   22098.0 | 980.9..980.9
20260826 | 08-26 12:23:01Z | fapi/v3/account@post_anchor | 337 | 334 |   29536.4 | 1352.3..1352.3
20260826 | 08-26 12:49:28Z | ladder_flatten@post_flatten | 334 | 0 |       0.0 | 0.0..0.0
20260826 | 08-26 16:23:02Z | fapi/v3/account@post_anchor | 267 | 0 |       0.0 | 900.8..900.8
20260826 | 08-26 20:23:01Z | fapi/v3/account@post_anchor | 265 | 179 |   15664.7 | 1356.5..1356.5
20260827 | 08-27 00:23:01Z | fapi/v3/account@post_anchor | 266 | 254 |   22337.8 | 1099.5..1099.5
20260827 | 08-27 04:23:01Z | fapi/v3/account@post_anchor | 272 | 268 |   26053.9 | 1310.2..1310.2
20260827 | 08-27 08:24:02Z | fapi/v3/account@post_anchor | 277 | 273 |   29409.7 | 1314.3..1314.3
20260827 | 08-27 12:24:02Z | fapi/v3/account@post_anchor | 280 | 280 |   40264.4 | 1385.7..1385.7
20260827 | 08-27 16:24:02Z | fapi/v3/account@post_anchor | 281 | 280 |   41283.6 | 1031.5..1031.5
20260827 | 08-27 20:24:02Z | fapi/v3/account@post_anchor | 281 | 278 |   40827.7 | 1032.1..1032.1
20260828 | 08-28 00:24:01Z | fapi/v3/account@post_anchor | 279 | 279 |   41102.8 | 971.7..971.7
20260828 | 08-28 04:24:02Z | fapi/v3/account@post_anchor | 279 | 279 |   40903.9 | 1037.0..1037.0
20260828 | 08-28 08:24:01Z | fapi/v3/account@post_anchor | 279 | 277 |   40998.9 | 1050.2..1050.2
20260828 | 08-28 12:24:01Z | fapi/v3/account@post_anchor | 279 | 276 |   41320.6 | 1075.9..1075.9
20260828 | 08-28 16:24:02Z | fapi/v3/account@post_anchor | 278 | 274 |   41281.6 | 1147.3..1147.3
20260828 | 08-28 20:24:02Z | fapi/v3/account@post_anchor | 274 | 274 |   41298.1 | 1033.2..1033.2
20260829 | 08-29 00:24:02Z | fapi/v3/account@post_anchor | 275 | 273 |   41449.7 | 1009.5..1009.5
20260829 | 08-29 04:24:02Z | fapi/v3/account@post_anchor | 275 | 270 |   41512.3 | 1111.9..1111.9
20260829 | 08-29 08:24:01Z | fapi/v3/account@post_anchor | 272 | 262 |   41616.4 | 1214.6..1214.6
20260829 | 08-29 12:24:02Z | fapi/v3/account@post_anchor | 263 | 256 |   42012.7 | 1133.9..1133.9
20260829 | 08-29 16:24:03Z | fapi/v3/account@post_anchor | 258 | 256 |   42181.3 | 1070.4..1070.4
20260829 | 08-29 20:29:03Z | fapi/v3/account@post_anchor | 256 | 256 |   42191.1 | 0.1..0.1
20260830 | 08-30 00:24:33Z | fapi/v3/account@post_anchor | 259 | 253 |   42145.6 | 1241.4..1241.4
20260830 | 08-30 04:24:01Z | fapi/v3/account@post_anchor | 256 | 253 |   42033.0 | 1190.3..1190.3
20260830 | 08-30 08:24:03Z | fapi/v3/account@post_anchor | 256 | 255 |   42505.0 | 1138.3..1138.3
20260830 | 08-30 12:24:02Z | fapi/v3/account@post_anchor | 257 | 255 |   42491.2 | 1162.4..1162.4
20260830 | 08-30 16:24:01Z | fapi/v3/account@post_anchor | 257 | 254 |   42146.5 | 1148.7..1148.7
20260830 | 08-30 20:24:01Z | fapi/v3/account@post_anchor | 254 | 253 |   41395.3 | 1131.8..1131.8
20260831 | 08-31 00:24:02Z | fapi/v3/account@post_anchor | 253 | 253 |   41407.8 | 1097.2..1097.2
20260831 | 08-31 04:24:01Z | fapi/v3/account@post_anchor | 256 | 255 |   41523.7 | 1074.0..1074.0
20260831 | 08-31 08:24:01Z | fapi/v3/account@post_anchor | 256 | 253 |   41508.8 | 1146.5..1146.5
20260831 | 08-31 12:24:02Z | fapi/v3/account@post_anchor | 256 | 253 |   41018.6 | 1074.7..1074.7
20260831 | 08-31 16:24:02Z | fapi/v3/account@post_anchor | 253 | 250 |   41166.0 | 1136.2..1136.2
20260831 | 08-31 20:24:02Z | fapi/v3/account@post_anchor | 251 | 246 |   40974.5 | 1064.8..1064.8
20260901 | 09-01 00:24:03Z | fapi/v3/account@post_anchor | 247 | 247 |   40752.9 | 1094.5..1094.5
20260901 | 09-01 04:24:02Z | fapi/v3/account@post_anchor | 251 | 250 |   40413.9 | 1121.1..1121.1
20260901 | 09-01 08:24:01Z | fapi/v3/account@post_anchor | 252 | 250 |   40199.6 | 1037.2..1037.2
20260901 | 09-01 12:24:01Z | fapi/v3/account@post_anchor | 251 | 251 |   39934.0 | 1051.7..1051.7
20260901 | 09-01 16:24:01Z | fapi/v3/account@post_anchor | 251 | 249 |   40212.0 | 1056.5..1056.5
20260901 | 09-01 20:24:01Z | fapi/v3/account@post_anchor | 251 | 250 |   40417.1 | 1029.3..1029.3
20260902 | 09-02 04:24:01Z | fapi/v3/account@post_anchor | 255 | 249 |   40801.3 | 1113.2..1113.2
20260902 | 09-02 08:24:02Z | fapi/v3/account@post_anchor | 251 | 248 |   40555.0 | 1038.7..1038.7
20260902 | 09-02 12:24:02Z | fapi/v3/account@post_anchor | 250 | 248 |   40519.8 | 1064.7..1064.7
20260902 | 09-02 16:24:02Z | fapi/v3/account@post_anchor | 248 | 247 |   40692.8 | 1069.0..1069.0
20260902 | 09-02 20:24:02Z | fapi/v3/account@post_anchor | 248 | 248 |   41282.1 | 1028.3..1028.3
20260903 | 09-03 00:24:02Z | fapi/v3/account@post_anchor | 249 | 249 |   41502.1 | 1030.2..1030.2
20260903 | 09-03 04:24:01Z | fapi/v3/account@post_anchor | 250 | 250 |   41673.7 | 1068.9..1068.9
20260903 | 09-03 08:24:01Z | fapi/v3/account@post_anchor | 250 | 248 |   41638.7 | 1067.6..1067.6
20260903 | 09-03 12:24:03Z | fapi/v3/account@post_anchor | 248 | 247 |   42029.4 | 1051.8..1051.8
20260903 | 09-03 16:24:02Z | fapi/v3/account@post_anchor | 253 | 252 |  163439.1 | 1279.7..1279.7
20260903 | 09-03 20:24:01Z | fapi/v3/account@post_anchor | 254 | 252 |  166137.5 | 1193.8..1193.8
20260904 | 09-04 00:24:01Z | fapi/v3/account@post_anchor | 253 | 252 |  165589.2 | 1152.8..1152.8
20260904 | 09-04 04:24:02Z | fapi/v3/account@post_anchor | 254 | 253 |  164401.7 | 1121.3..1121.3
20260904 | 09-04 08:24:01Z | fapi/v3/account@post_anchor | 254 | 252 |  163524.4 | 1155.1..1155.1
20260904 | 09-04 12:24:01Z | fapi/v3/account@post_anchor | 255 | 255 |  161094.8 | 1171.0..1171.0

=== daily_nav.jsonl (ALL rows) ===
day | nav_ts | nav | prev_day | prev_nav | eq_delta_since_prev | ext_flow | realised_pnl(since00Z) | unrealised | wallet | target_gross
20260825 | 08-25 00:39:36Z |  14956.60 | 20260824 |  14988.29 |    -31.68 |      0.00 |   -143.07 |   -227.39 |  15183.99 | 22468.34
20260825 | 08-25 04:38:48Z |  14886.36 | 20260824 |  14988.29 |   -101.93 |      0.00 |   -164.84 |   -276.95 |  15163.31 | 22315.84
20260825 | 08-25 08:39:18Z |  14956.18 | 20260824 |  14988.29 |    -32.11 |      0.00 |   -161.41 |   -207.79 |  15163.97 | 22427.57
20260825 | 08-25 12:39:18Z |  14948.44 | 20260824 |  14988.29 |    -39.85 |      0.00 |   -161.17 |   -215.05 |  15163.49 | 22428.38
20260825 | 08-25 20:46:54Z |  15056.63 | 20260824 |  14988.29 |    +68.35 |      0.00 |   -243.88 |    -22.83 |  15079.47 | 22558.75
20260826 | 08-26 00:40:08Z |  15071.37 | 20260825 |  15056.63 |    +14.73 |      0.00 |   -109.49 |   +102.14 |  14969.23 | 22644.84
20260826 | 08-26 04:41:01Z |  15077.99 | 20260825 |  15056.63 |    +21.36 |      0.00 |   -130.06 |   +129.50 |  14948.49 | 22601.64
20260826 | 08-26 08:39:23Z |  15126.62 | 20260825 |  15056.63 |    +69.99 |      0.00 |    -83.20 |   +131.38 |  14995.25 | 22687.64
20260826 | 08-26 12:45:33Z |  15187.31 | 20260825 |  15056.63 |   +130.68 |      0.00 |    -89.66 |   +229.96 |  14957.35 | 30398.24
20260826 | 08-26 16:38:03Z |  15167.64 | 20260825 |  15056.63 |   +111.00 |      0.00 |   +131.38 |     +0.00 |  15167.64 | 22751.56
20260826 | 08-26 20:45:37Z |  15127.39 | 20260825 |  15056.63 |    +70.76 |      0.00 |   +131.37 |    -36.86 |  15164.25 | 22751.35
20260827 | 08-27 00:41:20Z |  15042.71 | 20260826 |  15127.39 |    -84.68 |      0.00 |    -10.23 |   -111.41 |  15154.12 | 22539.36
20260827 | 08-27 04:44:52Z |  15257.75 | 20260826 |  15127.39 |   +130.36 |      0.00 |    -19.42 |   +116.14 |  15141.61 | 26622.17
20260827 | 08-27 08:45:56Z |  15200.58 | 20260826 |  15127.39 |    +73.18 |      0.00 |    -26.85 |    +65.16 |  15135.42 | 30483.92
20260827 | 08-27 12:47:07Z |  20581.74 | 20260826 |  15127.39 |  +5454.35 |   5449.62 |    -31.70 |     +4.58 |  20577.17 | 41160.88
20260827 | 08-27 16:41:13Z |  20433.74 | 20260826 |  15127.39 |  +5306.35 |   5449.62 |    -41.57 |   -138.12 |  20571.86 | 40894.07
20260827 | 08-27 20:41:14Z |  20512.79 | 20260826 |  15127.39 |  +5385.39 |   5449.62 |    -55.55 |    -44.63 |  20557.42 | 41035.65
20260828 | 08-28 00:40:13Z |  20469.68 | 20260827 |  20512.79 |    -43.11 |      0.00 |    -23.17 |    -65.48 |  20535.16 | 40949.39
20260828 | 08-28 04:41:19Z |  20567.90 | 20260827 |  20512.79 |    +55.11 |      0.00 |    -30.12 |    +43.17 |  20524.73 | 41132.2
20260828 | 08-28 08:41:31Z |  20640.30 | 20260827 |  20512.79 |   +127.51 |      0.00 |    -28.66 |   +114.45 |  20525.85 | 41217.92
20260828 | 08-28 12:41:57Z |  20617.79 | 20260827 |  20512.79 |   +105.00 |      0.00 |    -28.27 |    +93.66 |  20524.13 | 41165.71
20260828 | 08-28 16:43:09Z |  20553.51 | 20260827 |  20512.79 |    +40.72 |      0.00 |    -61.21 |    +66.32 |  20487.19 | 41248.52
20260828 | 08-28 20:41:15Z |  20681.90 | 20260827 |  20512.79 |   +169.11 |      0.00 |    -49.63 |   +185.08 |  20496.82 | 41351.49
20260829 | 08-29 00:40:51Z |  20599.66 | 20260828 |  20681.90 |    -82.24 |      0.00 |     -3.89 |   +106.46 |  20493.20 | 41218.51
20260829 | 08-29 04:42:34Z |  20716.74 | 20260828 |  20681.90 |    +34.84 |      0.00 |    +10.99 |   +207.72 |  20509.01 | 41535.61
20260829 | 08-29 08:44:15Z |  20789.31 | 20260828 |  20681.90 |   +107.41 |      0.00 |     +1.45 |   +289.37 |  20499.94 | 41559.37
20260829 | 08-29 12:42:56Z |  21069.37 | 20260828 |  20681.90 |   +387.48 |      0.00 |    +54.84 |   +518.00 |  20551.38 | 42087.31
20260829 | 08-29 16:41:53Z |  21030.96 | 20260828 |  20681.90 |   +349.06 |      0.00 |    +57.11 |   +478.44 |  20552.52 | 42071.88
20260829 | 08-29 20:29:03Z |  21093.11 | 20260828 |  20681.90 |   +411.21 |      0.00 |    +49.27 |   +548.50 |  20544.61 | 0.0
20260830 | 08-30 00:45:14Z |  21242.66 | 20260829 |  21093.11 |   +149.55 |      0.00 |   +155.96 |   +546.39 |  20696.27 | 42411.5
20260830 | 08-30 04:43:52Z |  21110.62 | 20260829 |  21093.11 |    +17.52 |      0.00 |   +168.38 |   +401.83 |  20708.79 | 42289.08
20260830 | 08-30 08:43:01Z |  21207.39 | 20260829 |  21093.11 |   +114.29 |      0.00 |   +160.53 |   +509.20 |  20698.19 | 42377.72
20260830 | 08-30 12:43:24Z |  21149.49 | 20260829 |  21093.11 |    +56.39 |      0.00 |   +160.45 |   +451.75 |  20697.75 | 42373.09
20260830 | 08-30 16:43:09Z |  21111.31 | 20260829 |  21093.11 |    +18.20 |      0.00 |   +112.48 |   +459.73 |  20651.58 | 42248.31
20260830 | 08-30 20:42:53Z |  20921.28 | 20260829 |  21093.11 |   -171.82 |      0.00 |    -87.88 |   +471.72 |  20449.57 | 41809.68
20260831 | 08-31 00:42:19Z |  20867.80 | 20260830 |  20921.28 |    -53.49 |      0.00 |     -6.12 |   +426.62 |  20441.18 | 41777.74
20260831 | 08-31 04:41:55Z |  20967.37 | 20260830 |  20921.28 |    +46.08 |      0.00 |     -2.21 |   +523.66 |  20443.70 | 42089.15
20260831 | 08-31 08:43:08Z |  20904.58 | 20260830 |  20921.28 |    -16.70 |      0.00 |   -117.81 |   +578.30 |  20326.28 | 41771.64
20260831 | 08-31 12:41:57Z |  20859.34 | 20260830 |  20921.28 |    -61.95 |      0.00 |   -199.44 |   +619.95 |  20239.38 | 41795.71
20260831 | 08-31 16:42:59Z |  20746.22 | 20260830 |  20921.28 |   -175.06 |      0.00 |   -331.90 |   +637.36 |  20108.86 | 41530.14
20260831 | 08-31 20:41:46Z |  20654.32 | 20260830 |  20921.28 |   -266.97 |      0.00 |   -296.75 |   +507.97 |  20146.35 | 41320.22
20260901 | 09-01 00:42:17Z |  20540.05 | 20260831 |  20654.32 |   -114.27 |      0.00 |     +0.02 |   +399.10 |  20140.95 | 41178.41
20260901 | 09-01 04:42:43Z |  20395.88 | 20260831 |  20654.32 |   -258.43 |      0.00 |    +14.88 |   +240.02 |  20155.87 | 40828.13
20260901 | 09-01 08:41:18Z |  20437.15 | 20260831 |  20654.32 |   -217.17 |      0.00 |    +50.04 |   +246.49 |  20190.66 | 40784.77
20260901 | 09-01 12:41:33Z |  20303.78 | 20260831 |  20654.32 |   -350.54 |      0.00 |   -133.95 |   +299.65 |  20004.13 | 40469.0
20260901 | 09-01 16:41:38Z |  20356.35 | 20260831 |  20654.32 |   -297.97 |      0.00 |   -240.85 |   +458.99 |  19897.36 | 40728.93
20260901 | 09-01 20:41:10Z |  20317.42 | 20260831 |  20654.32 |   -336.90 |      0.00 |   -226.37 |   +406.33 |  19911.09 | 40579.77
20260902 | 09-02 04:42:34Z |  20548.01 | 20260901 |  20317.42 |   +230.59 |      0.00 |    -21.86 |   +660.85 |  19887.16 | 41070.54
20260902 | 09-02 08:41:20Z |  20533.20 | 20260901 |  20317.42 |   +215.78 |      0.00 |    -55.93 |   +682.11 |  19851.08 | 41063.03
20260902 | 09-02 12:41:46Z |  20607.61 | 20260901 |  20317.42 |   +290.19 |      0.00 |    -48.27 |   +750.01 |  19857.60 | 41097.57
20260902 | 09-02 16:41:51Z |  20857.74 | 20260901 |  20317.42 |   +540.32 |      0.00 |   -103.80 |  +1056.31 |  19801.42 | 41609.39
20260902 | 09-02 20:41:10Z |  21095.56 | 20260901 |  20317.42 |   +778.14 |      0.00 |    +50.02 |  +1137.43 |  19958.13 | 41915.27
20260903 | 09-03 00:41:12Z |  21092.52 | 20260902 |  21095.56 |     -3.04 |      0.00 |    +35.44 |  +1099.35 |  19993.17 | 42270.47
20260903 | 09-03 04:41:50Z |  21076.97 | 20260902 |  21095.56 |    -18.59 |      0.00 |   +130.14 |   +990.18 |  20086.78 | 42156.17
20260903 | 09-03 08:41:49Z |  21127.13 | 20260902 |  21095.56 |    +31.58 |      0.00 |   +165.24 |  +1004.27 |  20122.87 | 42089.37
20260903 | 09-03 12:41:35Z |  21102.24 | 20260902 |  21095.56 |     +6.69 |      0.00 |   +180.25 |   +962.94 |  20139.30 | 42131.28
20260903 | 09-03 16:45:22Z |  83954.88 | 20260902 |  21095.56 | +62859.33 |  62997.81 |   +123.84 |   +910.57 |  83044.31 | 168250.92
20260903 | 09-03 20:43:55Z |  83957.23 | 20260902 |  21095.56 | +62861.67 |  62997.81 |   +237.13 |   +792.90 |  83164.32 | 167950.15
20260904 | 09-04 00:43:14Z |  83867.17 | 20260903 |  83957.23 |    -90.06 |      0.00 |     +4.39 |   +698.89 |  83168.28 | 167617.54
20260904 | 09-04 04:42:43Z |  83212.58 | 20260903 |  83957.23 |   -744.65 |      0.00 |     +1.97 |    +49.65 |  83162.93 | 166348.73
20260904 | 09-04 08:43:16Z |  82624.95 | 20260903 |  83957.23 |  -1332.28 |      0.00 |    -12.44 |   -511.04 |  83135.98 | 165757.21
20260904 | 09-04 12:43:32Z |  82963.20 | 20260903 |  83957.23 |   -994.02 |      0.00 |    -26.91 |   -169.58 |  83132.79 | 165526.56

=== fills.jsonl: per anchor fill-time delays ===
day | anchor_ts(actual) | nominal | n_fills | n_maker | first_fill-anchor_ts | median(fill-anchor_ts) | notional-wtd median | first_fill-nominal | median-nominal | last_fill-nominal | sum_notional
20260825 | 08-25 00:23:02Z | 08-25 00:00:00Z | 79 | 68 |     3.9 |    45.1 |   114.7 |  1386.2 |  1427.5 |  2362.5 |     608.2
20260825 | 08-25 04:23:01Z | 08-25 04:00:00Z | 38 | 34 |     1.0 |    23.8 |    77.5 |  1382.9 |  1405.8 |  2322.5 |     367.7
20260825 | 08-25 08:23:02Z | 08-25 08:00:00Z | 75 | 67 |     1.0 |    33.9 |    25.2 |  1383.2 |  1416.1 |  2347.7 |     474.6
20260825 | 08-25 12:23:01Z | 08-25 12:00:00Z | 65 | 56 |     1.3 |    12.2 |    17.3 |  1383.0 |  1393.8 |  2342.3 |     457.8
20260825 | 08-25 20:23:02Z | 08-25 20:00:00Z | 401 | 340 |     4.8 |   161.8 |   135.0 |  1387.0 |  1544.0 |  2725.9 |    6758.9
20260826 | 08-26 00:23:01Z | 08-26 00:00:00Z | 95 | 87 |     1.0 |    27.4 |    43.0 |  1382.9 |  1409.3 |  2391.0 |    1383.9
20260826 | 08-26 04:23:01Z | 08-26 04:00:00Z | 118 | 108 |     2.0 |    44.6 |    44.7 |  1383.8 |  1426.4 |  2429.8 |    1197.5
20260826 | 08-26 08:23:03Z | 08-26 08:00:00Z | 54 | 51 |     1.1 |    26.1 |    11.7 |  1384.1 |  1409.2 |  2353.6 |     507.8
20260826 | 08-26 12:23:01Z | 08-26 12:00:00Z | 367 | 273 |     4.0 |   242.5 |   148.4 |  1385.3 |  1623.8 |  2676.4 |    8239.6
20260826 | 08-26 20:23:01Z | 08-26 20:00:00Z | 339 | 339 |     2.8 |    77.0 |    76.1 |  1383.9 |  1458.0 |  2340.2 |   16277.5
20260827 | 08-27 00:23:01Z | 08-27 00:00:00Z | 192 | 126 |     0.6 |   180.7 |    78.2 |  1381.9 |  1562.1 |  2454.2 |    7165.4
20260827 | 08-27 04:23:01Z | 08-27 04:00:00Z | 321 | 283 |     4.0 |    83.2 |    85.1 |  1385.8 |  1465.0 |  2631.5 |    4166.6
20260827 | 08-27 08:24:02Z | 08-27 08:00:00Z | 222 | 218 |     1.4 |    75.9 |    81.7 |  1443.6 |  1518.1 |  2692.1 |    3148.4
20260827 | 08-27 12:24:02Z | 08-27 12:00:00Z | 425 | 369 |     2.4 |   113.6 |    97.4 |  1444.6 |  1555.8 |  2752.7 |   11761.5
20260827 | 08-27 16:24:02Z | 08-27 16:00:00Z | 81 | 70 |     0.9 |    63.2 |    94.7 |  1443.2 |  1505.6 |  2458.1 |    1538.5
20260827 | 08-27 20:24:02Z | 08-27 20:00:00Z | 132 | 119 |     3.1 |    88.0 |   222.0 |  1445.2 |  1530.2 |  2459.0 |    1365.5
20260828 | 08-28 00:24:01Z | 08-28 00:00:00Z | 55 | 50 |     2.0 |    15.8 |     7.3 |  1443.8 |  1457.6 |  2401.6 |     777.3
20260828 | 08-28 04:24:02Z | 08-28 04:00:00Z | 147 | 143 |     2.3 |    75.0 |    42.3 |  1444.4 |  1517.1 |  2459.2 |     948.1
20260828 | 08-28 08:24:01Z | 08-28 08:00:00Z | 104 | 101 |     2.5 |    50.7 |    40.6 |  1444.2 |  1492.5 |  2474.6 |    1071.2
20260828 | 08-28 12:24:01Z | 08-28 12:00:00Z | 144 | 142 |     1.3 |    92.3 |    75.8 |  1442.7 |  1533.7 |  2496.0 |    1443.9
20260828 | 08-28 16:24:02Z | 08-28 16:00:00Z | 173 | 151 |     0.6 |   107.8 |   164.7 |  1443.3 |  1550.4 |  2553.6 |    2323.4
20260828 | 08-28 20:24:02Z | 08-28 20:00:00Z | 91 | 84 |     0.7 |    66.3 |    46.1 |  1442.9 |  1508.5 |  2451.1 |     876.9
20260829 | 08-29 00:24:02Z | 08-29 00:00:00Z | 85 | 83 |     2.5 |    31.7 |    32.2 |  1444.9 |  1474.1 |  2439.1 |    1007.2
20260829 | 08-29 04:24:02Z | 08-29 04:00:00Z | 147 | 138 |     2.8 |    92.0 |   136.0 |  1444.9 |  1534.1 |  2516.5 |    2042.8
20260829 | 08-29 08:24:01Z | 08-29 08:00:00Z | 236 | 217 |     0.9 |    80.0 |   103.1 |  1442.1 |  1521.2 |  2603.7 |    4614.3
20260829 | 08-29 12:24:02Z | 08-29 12:00:00Z | 154 | 129 |     1.8 |    63.4 |    41.4 |  1444.4 |  1506.0 |  2532.4 |    2665.3
20260829 | 08-29 16:24:03Z | 08-29 16:00:00Z | 109 | 96 |     2.4 |    41.7 |    43.7 |  1445.7 |  1485.1 |  2490.9 |    1338.6
20260830 | 08-30 00:24:33Z | 08-30 00:00:00Z | 285 | 264 |     6.0 |    89.2 |    85.0 |  1479.4 |  1562.7 |  2632.8 |    6616.4
20260830 | 08-30 04:24:01Z | 08-30 04:00:00Z | 182 | 179 |     4.3 |    59.0 |    63.2 |  1446.2 |  1500.8 |  2575.6 |    2810.8
20260830 | 08-30 08:24:03Z | 08-30 08:00:00Z | 138 | 133 |     1.4 |    74.8 |    65.0 |  1444.8 |  1518.2 |  2548.1 |    2149.6
20260830 | 08-30 12:24:02Z | 08-30 12:00:00Z | 148 | 135 |     3.1 |    79.7 |    77.3 |  1445.5 |  1522.1 |  2556.0 |    1978.5
20260830 | 08-30 16:24:01Z | 08-30 16:00:00Z | 153 | 135 |     1.2 |    59.5 |    46.9 |  1442.3 |  1500.6 |  2552.7 |    2928.3
20260830 | 08-30 20:24:01Z | 08-30 20:00:00Z | 144 | 131 |     0.5 |    57.4 |    59.0 |  1442.1 |  1499.0 |  2538.5 |    2106.7
20260831 | 08-31 00:24:02Z | 08-31 00:00:00Z | 143 | 133 |     2.6 |    43.0 |    40.6 |  1444.8 |  1485.2 |  2514.4 |    1927.3
20260831 | 08-31 04:24:01Z | 08-31 04:00:00Z | 114 | 109 |     4.1 |    59.8 |    61.1 |  1445.3 |  1501.1 |  2493.2 |    1872.2
20260831 | 08-31 08:24:01Z | 08-31 08:00:00Z | 192 | 184 |     3.6 |    61.0 |    86.7 |  1445.3 |  1502.8 |  2556.7 |    2944.5
20260831 | 08-31 12:24:02Z | 08-31 12:00:00Z | 111 | 103 |     1.0 |    32.1 |    36.7 |  1443.4 |  1474.5 |  2491.1 |    1989.3
20260831 | 08-31 16:24:02Z | 08-31 16:00:00Z | 162 | 147 |     2.1 |    56.1 |    82.4 |  1444.9 |  1498.9 |  2538.2 |    2743.5
20260831 | 08-31 20:24:02Z | 08-31 20:00:00Z | 111 | 104 |     1.9 |    63.3 |    64.1 |  1444.1 |  1505.5 |  2484.0 |    1653.4
20260901 | 09-01 00:24:03Z | 09-01 00:00:00Z | 140 | 120 |     2.7 |    63.5 |    73.2 |  1446.1 |  1506.9 |  2503.7 |    1480.1
20260901 | 09-01 04:24:02Z | 09-01 04:00:00Z | 146 | 136 |     1.1 |    53.5 |    59.0 |  1443.2 |  1495.6 |  2513.3 |    2002.4
20260901 | 09-01 08:24:01Z | 09-01 08:00:00Z | 97 | 75 |     0.6 |    24.1 |    24.8 |  1442.2 |  1465.7 |  2457.7 |    1215.9
20260901 | 09-01 12:24:01Z | 09-01 12:00:00Z | 115 | 115 |     2.3 |    28.8 |    25.2 |  1444.1 |  1470.7 |  2204.4 |    1770.2
20260901 | 09-01 16:24:01Z | 09-01 16:00:00Z | 109 | 96 |     1.9 |    34.5 |    30.3 |  1443.8 |  1476.5 |  2477.4 |    1712.5
20260901 | 09-01 20:24:01Z | 09-01 20:00:00Z | 116 | 105 |     1.0 |    75.8 |    59.7 |  1442.1 |  1516.9 |  2457.6 |    1169.5
20260902 | 09-02 04:24:01Z | 09-02 04:00:00Z | 173 | 154 |     2.9 |   107.4 |   107.4 |  1444.1 |  1548.6 |  2511.5 |    5097.4
20260902 | 09-02 08:24:02Z | 09-02 08:00:00Z | 131 | 120 |     0.9 |    56.5 |   126.3 |  1442.9 |  1498.6 |  2462.1 |    2387.8
20260902 | 09-02 12:24:02Z | 09-02 12:00:00Z | 125 | 108 |     3.1 |    62.9 |    78.1 |  1445.2 |  1505.0 |  2484.2 |    1787.5
20260902 | 09-02 16:24:02Z | 09-02 16:00:00Z | 113 | 101 |     6.9 |    39.2 |    46.9 |  1449.9 |  1482.1 |  2486.3 |    2338.2
20260902 | 09-02 20:24:02Z | 09-02 20:00:00Z | 111 | 92 |     2.9 |    39.5 |    63.0 |  1445.0 |  1481.6 |  2458.6 |    1809.8
20260903 | 09-03 00:24:02Z | 09-03 00:00:00Z | 116 | 104 |     2.1 |    27.3 |    22.0 |  1444.4 |  1469.6 |  2455.7 |    1491.8
20260903 | 09-03 04:24:01Z | 09-03 04:00:00Z | 139 | 123 |     0.6 |    58.4 |    60.3 |  1442.5 |  1500.2 |  2486.0 |    1729.5
20260903 | 09-03 08:24:01Z | 09-03 08:00:00Z | 127 | 111 |     2.2 |    72.6 |   125.5 |  1443.7 |  1514.1 |  2489.7 |    2546.4
20260903 | 09-03 12:24:03Z | 09-03 12:00:00Z | 106 | 96 |     3.3 |    57.3 |    55.8 |  1447.1 |  1501.0 |  2472.1 |    1503.8
20260903 | 09-03 16:24:02Z | 09-03 16:00:00Z | 898 | 429 |     1.0 |  1193.0 |   143.6 |  1443.3 |  2635.4 |  2664.0 |  126730.1
20260903 | 09-03 20:24:01Z | 09-03 20:00:00Z | 298 | 226 |     1.7 |   128.0 |   125.1 |  1443.5 |  1569.8 |  2584.7 |   10424.5
20260904 | 09-04 00:24:01Z | 09-04 00:00:00Z | 192 | 180 |     4.8 |    50.4 |    44.6 |  1446.3 |  1491.9 |  2552.7 |    5073.5
20260904 | 09-04 04:24:02Z | 09-04 04:00:00Z | 192 | 176 |     1.3 |    56.9 |    48.8 |  1443.6 |  1499.2 |  2531.5 |    5274.4
20260904 | 09-04 08:24:01Z | 09-04 08:00:00Z | 216 | 193 |     3.5 |    82.5 |    84.2 |  1445.2 |  1524.2 |  2556.3 |    5879.5
20260904 | 09-04 12:24:01Z | 09-04 12:00:00Z | 202 | 170 |     3.5 |   102.9 |   116.1 |  1445.5 |  1544.9 |  2575.2 |    5283.6
ACROSS ANCHORS: median(first_fill-anchor_ts)=2.1s  median(median fill-anchor_ts)=60.4s  median(first_fill-nominal)=1443.8s  median(median fill-nominal)=1500.9s  median(notional-wtd median fill - nominal)=1501.0s  n=60

=== funding.jsonl: per day ===
day | n_rows | n_distinct_settlement_ts | settlement_ts set (hours) | sum funding_paid | n dup (settlement_ts,symbol)
20260825 | 1704 | 20 | 08-24 21..08-25 16 n=20 |   -18.927 | 0
20260826 | 1188 | 16 | 08-25 21..08-26 12 n=16 |   -15.608 | 0
20260827 | 1381 | 24 | 08-26 21..08-27 20 n=24 |   -35.180 | 0
20260828 | 1498 | 24 | 08-27 21..08-28 20 n=24 |   -41.719 | 0
20260829 | 1432 | 24 | 08-28 21..08-29 20 n=24 |   -44.892 | 0
20260830 | 1372 | 24 | 08-29 21..08-30 20 n=24 |   -69.194 | 0
20260831 | 1393 | 24 | 08-30 21..08-31 20 n=24 |   -54.290 | 0
20260901 | 1362 | 24 | 08-31 21..09-01 20 n=24 |   -57.874 | 0
20260902 | 1161 | 20 | 09-01 21..09-02 20 n=20 |   -38.489 | 0
20260903 | 1341 | 24 | 09-02 21..09-03 20 n=24 |   -47.626 | 0
20260904 | 903 | 16 | 09-03 21..09-04 12 n=16 |   -80.808 | 0

=== target_live files 2026-08-25.. ===
08-25 00:00:00Z | 1787616000.json | n_w=382 | sum|w|=1.0124 | gross_norm=1.0123750087979015 | keys=['anchor_offset_min', 'anchor_ts', 'booster_sha', 'gross_norm', 'n_names', 'n_universe', 'producer', 'schema', 'universe', 'universe_sha', 'weights_sha', 'written_utc']
08-25 04:00:00Z | 1787630400.json | n_w=380 | sum|w|=1.0077 | gross_norm=1.0077210149368128 | keys=['anchor_offset_min', 'anchor_ts', 'booster_sha', 'gross_norm', 'n_names', 'n_universe', 'producer', 'schema', 'universe', 'universe_sha', 'weights_sha', 'written_utc']
08-25 08:00:00Z | 1787644800.json | n_w=380 | sum|w|=1.0059 | gross_norm=1.0058801827557386 | keys=['anchor_offset_min', 'anchor_ts', 'booster_sha', 'gross_norm', 'n_names', 'n_universe', 'producer', 'schema', 'universe', 'universe_sha', 'weights_sha', 'written_utc']
08-25 12:00:00Z | 1787659200.json | n_w=378 | sum|w|=1.0017 | gross_norm=1.0016907770894414 | keys=['anchor_offset_min', 'anchor_ts', 'booster_sha', 'gross_norm', 'n_names', 'n_universe', 'producer', 'schema', 'universe', 'universe_sha', 'weights_sha', 'written_utc']
08-25 16:00:00Z | 1787673600.json | n_w=297 | sum|w|=0.8558 | gross_norm=0.8557553536478943 | keys=['anchor_offset_min', 'anchor_ts', 'booster_sha', 'gross_norm', 'n_names', 'n_universe', 'producer', 'schema', 'universe', 'universe_sha', 'weights_sha', 'written_utc']
08-25 20:00:00Z | 1787688000.json | n_w=298 | sum|w|=0.8602 | gross_norm=0.8602282557176247 | keys=['anchor_offset_min', 'anchor_ts', 'booster_sha', 'gross_norm', 'n_names', 'n_universe', 'producer', 'schema', 'universe', 'universe_sha', 'weights_sha', 'written_utc']
08-26 00:00:00Z | 1787702400.json | n_w=299 | sum|w|=0.8637 | gross_norm=0.8637439550718617 | keys=['anchor_offset_min', 'anchor_ts', 'booster_sha', 'gross_norm', 'n_names', 'n_universe', 'producer', 'schema', 'universe', 'universe_sha', 'weights_sha', 'written_utc']
08-26 04:00:00Z | 1787716800.json | n_w=301 | sum|w|=0.8671 | gross_norm=0.8670998471181244 | keys=['anchor_ts', 'booster_sha', 'gross_norm', 'n_names', 'n_universe', 'producer', 'schema', 'universe', 'universe_sha', 'weights_sha', 'written_utc']
08-26 08:00:00Z | 1787731200.json | n_w=303 | sum|w|=0.8713 | gross_norm=0.8713386117719294 | keys=['anchor_ts', 'booster_sha', 'gross_norm', 'n_names', 'n_universe', 'producer', 'schema', 'universe', 'universe_sha', 'weights_sha', 'written_utc']
08-26 12:00:00Z | 1787745600.json | n_w=305 | sum|w|=0.8724 | gross_norm=0.8723663819662318 | keys=['anchor_ts', 'booster_sha', 'gross_norm', 'n_names', 'n_universe', 'producer', 'schema', 'universe', 'universe_sha', 'weights_sha', 'written_utc']
08-26 16:00:00Z | 1787760000.json | n_w=304 | sum|w|=0.8725 | gross_norm=0.8725130998174645 | keys=['anchor_ts', 'booster_sha', 'gross_norm', 'n_names', 'n_universe', 'producer', 'schema', 'universe', 'universe_sha', 'weights_sha', 'written_utc']
08-26 20:00:00Z | 1787774400.json | n_w=305 | sum|w|=0.8731 | gross_norm=0.873110929935146 | keys=['anchor_ts', 'booster_sha', 'gross_norm', 'n_names', 'n_universe', 'producer', 'schema', 'universe', 'universe_sha', 'weights_sha', 'written_utc']
08-27 00:00:00Z | 1787788800.json | n_w=302 | sum|w|=0.8694 | gross_norm=0.8694005711104341 | keys=['anchor_ts', 'booster_sha', 'gross_norm', 'n_names', 'n_universe', 'producer', 'schema', 'universe', 'universe_sha', 'weights_sha', 'written_utc']
08-27 04:00:00Z | 1787803200.json | n_w=303 | sum|w|=0.8681 | gross_norm=0.8681444993150039 | keys=['anchor_ts', 'booster_sha', 'gross_norm', 'n_names', 'n_universe', 'producer', 'schema', 'universe', 'universe_sha', 'weights_sha', 'written_utc']
08-27 08:00:00Z | 1787817600.json | n_w=304 | sum|w|=0.8697 | gross_norm=0.8697153218447107 | keys=['anchor_ts', 'booster_sha', 'gross_norm', 'n_names', 'n_universe', 'producer', 'schema', 'universe', 'universe_sha', 'weights_sha', 'written_utc']
08-27 12:00:00Z | 1787832000.json | n_w=301 | sum|w|=0.8643 | gross_norm=0.8642752781291262 | keys=['anchor_ts', 'booster_sha', 'gross_norm', 'n_names', 'n_universe', 'producer', 'schema', 'universe', 'universe_sha', 'weights_sha', 'written_utc']
08-27 16:00:00Z | 1787846400.json | n_w=296 | sum|w|=0.8548 | gross_norm=0.8547958041088736 | keys=['anchor_ts', 'booster_sha', 'gross_norm', 'n_names', 'n_universe', 'producer', 'schema', 'universe', 'universe_sha', 'weights_sha', 'written_utc']
08-27 20:00:00Z | 1787860800.json | n_w=292 | sum|w|=0.8492 | gross_norm=0.8491955759287922 | keys=['anchor_ts', 'booster_sha', 'gross_norm', 'n_names', 'n_universe', 'producer', 'schema', 'universe', 'universe_sha', 'weights_sha', 'written_utc']
08-28 00:00:00Z | 1787875200.json | n_w=292 | sum|w|=0.8494 | gross_norm=0.849440907041493 | keys=['anchor_ts', 'booster_sha', 'gross_norm', 'n_names', 'n_universe', 'producer', 'schema', 'universe', 'universe_sha', 'weights_sha', 'written_utc']
08-28 04:00:00Z | 1787889600.json | n_w=290 | sum|w|=0.8501 | gross_norm=0.8501442933297835 | keys=['anchor_ts', 'booster_sha', 'gross_norm', 'n_names', 'n_universe', 'producer', 'schema', 'universe', 'universe_sha', 'weights_sha', 'written_utc']
08-28 08:00:00Z | 1787904000.json | n_w=285 | sum|w|=0.8467 | gross_norm=0.8467188113656937 | keys=['anchor_ts', 'booster_sha', 'gross_norm', 'n_names', 'n_universe', 'producer', 'schema', 'universe', 'universe_sha', 'weights_sha', 'written_utc']
08-28 12:00:00Z | 1787918400.json | n_w=281 | sum|w|=0.8406 | gross_norm=0.8406399023977756 | keys=['anchor_ts', 'booster_sha', 'gross_norm', 'n_names', 'n_universe', 'producer', 'schema', 'universe', 'universe_sha', 'weights_sha', 'written_utc']
08-28 16:00:00Z | 1787932800.json | n_w=281 | sum|w|=0.8425 | gross_norm=0.8424967365936141 | keys=['anchor_ts', 'booster_sha', 'gross_norm', 'n_names', 'n_universe', 'producer', 'schema', 'universe', 'universe_sha', 'weights_sha', 'written_utc']
08-28 20:00:00Z | 1787947200.json | n_w=280 | sum|w|=0.8432 | gross_norm=0.8432280263125728 | keys=['anchor_ts', 'booster_sha', 'gross_norm', 'n_names', 'n_universe', 'producer', 'schema', 'universe', 'universe_sha', 'weights_sha', 'written_utc']
08-29 00:00:00Z | 1787961600.json | n_w=278 | sum|w|=0.8393 | gross_norm=0.83933643099239 | keys=['anchor_ts', 'booster_sha', 'gross_norm', 'n_names', 'n_universe', 'producer', 'schema', 'universe', 'universe_sha', 'weights_sha', 'written_utc']
08-29 04:00:00Z | 1787976000.json | n_w=274 | sum|w|=0.8297 | gross_norm=0.8296773610792817 | keys=['anchor_ts', 'booster_sha', 'gross_norm', 'n_names', 'n_universe', 'producer', 'schema', 'universe', 'universe_sha', 'weights_sha', 'written_utc']
08-29 08:00:00Z | 1787990400.json | n_w=258 | sum|w|=0.8001 | gross_norm=0.8001017135260435 | keys=['anchor_ts', 'booster_sha', 'gross_norm', 'n_names', 'n_universe', 'producer', 'schema', 'universe', 'universe_sha', 'weights_sha', 'written_utc']
08-29 12:00:00Z | 1788004800.json | n_w=252 | sum|w|=0.7926 | gross_norm=0.7925548580952987 | keys=['anchor_ts', 'booster_sha', 'gross_norm', 'n_names', 'n_universe', 'producer', 'schema', 'universe', 'universe_sha', 'weights_sha', 'written_utc']
08-29 16:00:00Z | 1788019200.json | n_w=253 | sum|w|=0.7971 | gross_norm=0.7970913825463077 | keys=['anchor_ts', 'booster_sha', 'gross_norm', 'n_names', 'n_universe', 'producer', 'schema', 'universe', 'universe_sha', 'weights_sha', 'written_utc']
08-30 00:00:00Z | 1788048000.json | n_w=247 | sum|w|=0.7946 | gross_norm=0.7945983982832993 | keys=['anchor_offset_min', 'anchor_ts', 'booster_sha', 'gross_norm', 'n_names', 'n_universe', 'producer', 'schema', 'universe', 'universe_sha', 'weights_sha', 'written_utc']
08-30 04:00:00Z | 1788062400.json | n_w=249 | sum|w|=0.5149 | gross_norm=0.5149187487072008 | keys=['anchor_ts', 'booster_sha', 'gross_norm', 'n_names', 'n_universe', 'producer', 'schema', 'universe', 'universe_sha', 'weights_sha', 'written_utc']
08-30 08:00:00Z | 1788076800.json | n_w=246 | sum|w|=0.5445 | gross_norm=0.5444580263908521 | keys=['anchor_ts', 'booster_sha', 'gross_norm', 'n_names', 'n_universe', 'producer', 'schema', 'universe', 'universe_sha', 'weights_sha', 'written_utc']
08-30 12:00:00Z | 1788091200.json | n_w=246 | sum|w|=0.5753 | gross_norm=0.5752815966643913 | keys=['anchor_ts', 'booster_sha', 'gross_norm', 'n_names', 'n_universe', 'producer', 'schema', 'universe', 'universe_sha', 'weights_sha', 'written_utc']
08-30 16:00:00Z | 1788105600.json | n_w=242 | sum|w|=0.5932 | gross_norm=0.5932126256041412 | keys=['anchor_ts', 'booster_sha', 'gross_norm', 'n_names', 'n_universe', 'producer', 'schema', 'universe', 'universe_sha', 'weights_sha', 'written_utc']
08-30 20:00:00Z | 1788120000.json | n_w=242 | sum|w|=0.6175 | gross_norm=0.617520769758751 | keys=['anchor_ts', 'booster_sha', 'gross_norm', 'n_names', 'n_universe', 'producer', 'schema', 'universe', 'universe_sha', 'weights_sha', 'written_utc']
08-31 00:00:00Z | 1788134400.json | n_w=241 | sum|w|=0.6381 | gross_norm=0.6381180089397211 | keys=['anchor_ts', 'booster_sha', 'gross_norm', 'n_names', 'n_universe', 'producer', 'schema', 'universe', 'universe_sha', 'weights_sha', 'written_utc']
08-31 04:00:00Z | 1788148800.json | n_w=243 | sum|w|=0.6527 | gross_norm=0.6526703807533427 | keys=['anchor_ts', 'booster_sha', 'gross_norm', 'n_names', 'n_universe', 'producer', 'schema', 'universe', 'universe_sha', 'weights_sha', 'written_utc']
08-31 08:00:00Z | 1788163200.json | n_w=242 | sum|w|=0.6658 | gross_norm=0.6657802918744063 | keys=['anchor_ts', 'booster_sha', 'gross_norm', 'n_names', 'n_universe', 'producer', 'schema', 'universe', 'universe_sha', 'weights_sha', 'written_utc']
08-31 12:00:00Z | 1788177600.json | n_w=239 | sum|w|=0.6804 | gross_norm=0.6804069724662213 | keys=['anchor_ts', 'booster_sha', 'gross_norm', 'n_names', 'n_universe', 'producer', 'schema', 'universe', 'universe_sha', 'weights_sha', 'written_utc']
08-31 16:00:00Z | 1788192000.json | n_w=237 | sum|w|=0.6907 | gross_norm=0.6906536463154824 | keys=['anchor_ts', 'booster_sha', 'gross_norm', 'n_names', 'n_universe', 'producer', 'schema', 'universe', 'universe_sha', 'weights_sha', 'written_utc']
08-31 20:00:00Z | 1788206400.json | n_w=235 | sum|w|=0.6945 | gross_norm=0.6945433474773385 | keys=['anchor_ts', 'booster_sha', 'gross_norm', 'n_names', 'n_universe', 'producer', 'schema', 'universe', 'universe_sha', 'weights_sha', 'written_utc']
09-01 00:00:00Z | 1788220800.json | n_w=235 | sum|w|=0.7088 | gross_norm=0.7088460803908261 | keys=['anchor_ts', 'booster_sha', 'gross_norm', 'n_names', 'n_universe', 'producer', 'schema', 'universe', 'universe_sha', 'weights_sha', 'written_utc']
09-01 04:00:00Z | 1788235200.json | n_w=236 | sum|w|=0.7184 | gross_norm=0.7183680048721236 | keys=['anchor_ts', 'booster_sha', 'gross_norm', 'n_names', 'n_universe', 'producer', 'schema', 'universe', 'universe_sha', 'weights_sha', 'written_utc']
09-01 08:00:00Z | 1788249600.json | n_w=236 | sum|w|=0.7296 | gross_norm=0.7295928454139419 | keys=['anchor_ts', 'booster_sha', 'gross_norm', 'n_names', 'n_universe', 'producer', 'schema', 'universe', 'universe_sha', 'weights_sha', 'written_utc']
09-01 12:00:00Z | 1788264000.json | n_w=237 | sum|w|=0.7427 | gross_norm=0.7427079752890863 | keys=['anchor_ts', 'booster_sha', 'gross_norm', 'n_names', 'n_universe', 'producer', 'schema', 'universe', 'universe_sha', 'weights_sha', 'written_utc']
09-01 16:00:00Z | 1788278400.json | n_w=235 | sum|w|=0.7499 | gross_norm=0.7499011727648758 | keys=['anchor_ts', 'booster_sha', 'gross_norm', 'n_names', 'n_universe', 'producer', 'schema', 'universe', 'universe_sha', 'weights_sha', 'written_utc']
09-01 20:00:00Z | 1788292800.json | n_w=237 | sum|w|=0.7587 | gross_norm=0.7587019332420865 | keys=['anchor_ts', 'booster_sha', 'gross_norm', 'n_names', 'n_universe', 'producer', 'schema', 'universe', 'universe_sha', 'weights_sha', 'written_utc']
09-02 00:00:00Z | 1788307200.json | n_w=233 | sum|w|=0.7509 | gross_norm=0.7509125198532458 | keys=['anchor_ts', 'booster_sha', 'gross_norm', 'n_names', 'n_universe', 'producer', 'schema', 'universe', 'universe_sha', 'weights_sha', 'written_utc']
09-02 04:00:00Z | 1788321600.json | n_w=232 | sum|w|=0.7575 | gross_norm=0.7575451708697929 | keys=['anchor_ts', 'booster_sha', 'gross_norm', 'n_names', 'n_universe', 'producer', 'schema', 'universe', 'universe_sha', 'weights_sha', 'written_utc']
09-02 08:00:00Z | 1788336000.json | n_w=229 | sum|w|=0.7532 | gross_norm=0.7532320836423263 | keys=['anchor_ts', 'booster_sha', 'gross_norm', 'n_names', 'n_universe', 'producer', 'schema', 'universe', 'universe_sha', 'weights_sha', 'written_utc']
09-02 12:00:00Z | 1788350400.json | n_w=229 | sum|w|=0.7573 | gross_norm=0.7573438307608785 | keys=['anchor_ts', 'booster_sha', 'gross_norm', 'n_names', 'n_universe', 'producer', 'schema', 'universe', 'universe_sha', 'weights_sha', 'written_utc']
09-02 16:00:00Z | 1788364800.json | n_w=228 | sum|w|=0.7640 | gross_norm=0.7639689756243797 | keys=['anchor_ts', 'booster_sha', 'gross_norm', 'n_names', 'n_universe', 'producer', 'schema', 'universe', 'universe_sha', 'weights_sha', 'written_utc']
09-02 20:00:00Z | 1788379200.json | n_w=229 | sum|w|=0.7716 | gross_norm=0.7716235340697148 | keys=['anchor_ts', 'booster_sha', 'gross_norm', 'n_names', 'n_universe', 'producer', 'schema', 'universe', 'universe_sha', 'weights_sha', 'written_utc']
09-03 00:00:00Z | 1788393600.json | n_w=231 | sum|w|=0.7750 | gross_norm=0.7750479606160205 | keys=['anchor_ts', 'booster_sha', 'gross_norm', 'n_names', 'n_universe', 'producer', 'schema', 'universe', 'universe_sha', 'weights_sha', 'written_utc']
09-03 04:00:00Z | 1788408000.json | n_w=232 | sum|w|=0.7808 | gross_norm=0.7807503768417691 | keys=['anchor_ts', 'booster_sha', 'gross_norm', 'n_names', 'n_universe', 'producer', 'schema', 'universe', 'universe_sha', 'weights_sha', 'written_utc']
09-03 08:00:00Z | 1788422400.json | n_w=230 | sum|w|=0.7687 | gross_norm=0.7686506741331138 | keys=['anchor_ts', 'booster_sha', 'gross_norm', 'n_names', 'n_universe', 'producer', 'schema', 'universe', 'universe_sha', 'weights_sha', 'written_utc']
09-03 12:00:00Z | 1788436800.json | n_w=229 | sum|w|=0.7659 | gross_norm=0.7659338831719535 | keys=['anchor_ts', 'booster_sha', 'gross_norm', 'n_names', 'n_universe', 'producer', 'schema', 'universe', 'universe_sha', 'weights_sha', 'written_utc']
09-03 16:00:00Z | 1788451200.json | n_w=230 | sum|w|=0.7690 | gross_norm=0.7690198662288364 | keys=['anchor_ts', 'booster_sha', 'gross_norm', 'n_names', 'n_universe', 'producer', 'schema', 'universe', 'universe_sha', 'weights_sha', 'written_utc']
09-03 20:00:00Z | 1788465600.json | n_w=231 | sum|w|=0.7731 | gross_norm=0.7731042376058629 | keys=['anchor_ts', 'booster_sha', 'gross_norm', 'n_names', 'n_universe', 'producer', 'schema', 'universe', 'universe_sha', 'weights_sha', 'written_utc']
09-04 00:00:00Z | 1788480000.json | n_w=231 | sum|w|=0.7772 | gross_norm=0.7771746519443498 | keys=['anchor_ts', 'booster_sha', 'gross_norm', 'n_names', 'n_universe', 'producer', 'schema', 'universe', 'universe_sha', 'weights_sha', 'written_utc']
09-04 04:00:00Z | 1788494400.json | n_w=232 | sum|w|=0.7815 | gross_norm=0.7814729350936942 | keys=['anchor_ts', 'booster_sha', 'gross_norm', 'n_names', 'n_universe', 'producer', 'schema', 'universe', 'universe_sha', 'weights_sha', 'written_utc']
09-04 08:00:00Z | 1788508800.json | n_w=232 | sum|w|=0.7878 | gross_norm=0.7877710630080715 | keys=['anchor_ts', 'booster_sha', 'gross_norm', 'n_names', 'n_universe', 'producer', 'schema', 'universe', 'universe_sha', 'weights_sha', 'written_utc']
09-04 12:00:00Z | 1788523200.json | n_w=233 | sum|w|=0.7936 | gross_norm=0.7935661270820072 | keys=['anchor_ts', 'booster_sha', 'gross_norm', 'n_names', 'n_universe', 'producer', 'schema', 'universe', 'universe_sha', 'weights_sha', 'written_utc']

=== regime_dash.jsonl: sleeve_prev_interval_usdt totals (interval prevA->A, labelled by A) ===
A(anchor_ts) | price_sum | carry_sum | total | n_buckets
09-02 08:00:00Z |     +3.18 |    -8.01 |     -4.83 | 5
09-02 12:00:00Z |    +35.04 |    -9.23 |    +25.81 | 5
09-02 16:00:00Z |   +258.61 |    -7.62 |   +250.99 | 5
09-02 20:00:00Z |   +152.73 |    -5.49 |   +147.24 | 6
09-03 00:00:00Z |   +172.68 |    -8.32 |   +164.36 | 6
09-03 04:00:00Z |    -49.58 |    -6.76 |    -56.34 | 6
09-03 08:00:00Z |    -28.53 |    -8.15 |    -36.68 | 6
09-03 12:00:00Z |    +20.78 |    -4.27 |    +16.51 | 5
09-03 16:00:00Z |    +81.79 |    -5.02 |    +76.77 | 5
09-03 20:00:00Z |    -25.18 |   -15.12 |    -40.30 | 5
09-04 00:00:00Z |   -128.01 |   -25.03 |   -153.04 | 5
09-04 04:00:00Z |   -612.82 |   -17.31 |   -630.13 | 5
09-04 08:00:00Z |   -248.07 |   -17.24 |   -265.31 | 5
09-04 12:00:00Z |   -121.45 |   -21.22 |   -142.67 | 5

=== beta_alpha.jsonl (ALL rows) ===
{'anchor_ts': 1787371200, 'anchor_utc': '2026-08-22T04:00Z', 'beta_book_per_gross': -0.0032, 'btc_ret_4h': -0.01413, 'gross_usdt': None, 'nav_usdt': 15459.1595099, 'beta_pnl_usdt': None, 'sleeve_total_usdt': None, 'alpha_usdt': None}
{'anchor_ts': 1787385600, 'anchor_utc': '2026-08-22T08:00Z', 'beta_book_per_gross': 0.0123, 'btc_ret_4h': -0.00193, 'gross_usdt': None, 'nav_usdt': 15454.10970763, 'beta_pnl_usdt': None, 'sleeve_total_usdt': None, 'alpha_usdt': None}
{'anchor_ts': 1787400000, 'anchor_utc': '2026-08-22T12:00Z', 'beta_book_per_gross': 0.015, 'btc_ret_4h': -0.00184, 'gross_usdt': 22492.27427568998, 'nav_usdt': 15423.2171803, 'beta_pnl_usdt': -0.62, 'sleeve_total_usdt': None, 'alpha_usdt': None}
{'anchor_ts': 1787414400, 'anchor_utc': '2026-08-22T16:00Z', 'beta_book_per_gross': 0.0151, 'btc_ret_4h': 0.00554, 'gross_usdt': 22499.26605619001, 'nav_usdt': 15360.0327809, 'beta_pnl_usdt': 1.88, 'sleeve_total_usdt': None, 'alpha_usdt': None}
{'anchor_ts': 1787428800, 'anchor_utc': '2026-08-22T20:00Z', 'beta_book_per_gross': 0.0121, 'btc_ret_4h': -0.00436, 'gross_usdt': 22877.23960994, 'nav_usdt': 15383.26788846, 'beta_pnl_usdt': -1.21, 'sleeve_total_usdt': None, 'alpha_usdt': None}
{'anchor_ts': 1787443200, 'anchor_utc': '2026-08-23T00:00Z', 'beta_book_per_gross': 0.0107, 'btc_ret_4h': -0.00186, 'gross_usdt': 22889.18390244, 'nav_usdt': 15438.277784150001, 'beta_pnl_usdt': -0.46, 'sleeve_total_usdt': None, 'alpha_usdt': None}
{'anchor_ts': 1787457600, 'anchor_utc': '2026-08-23T04:00Z', 'beta_book_per_gross': 0.013, 'btc_ret_4h': -0.01197, 'gross_usdt': 22610.113617200022, 'nav_usdt': 15467.36240357, 'beta_pnl_usdt': -3.53, 'sleeve_total_usdt': None, 'alpha_usdt': None}
{'anchor_ts': 1787472000, 'anchor_utc': '2026-08-23T08:00Z', 'beta_book_per_gross': 0.0113, 'btc_ret_4h': 0.01678, 'gross_usdt': 22909.603870160012, 'nav_usdt': 15487.62201919, 'beta_pnl_usdt': 4.33, 'sleeve_total_usdt': None, 'alpha_usdt': None}
{'anchor_ts': 1787486400, 'anchor_utc': '2026-08-23T12:00Z', 'beta_book_per_gross': 0.0087, 'btc_ret_4h': -0.00223, 'gross_usdt': 22937.954498860006, 'nav_usdt': 15346.8644226, 'beta_pnl_usdt': -0.44, 'sleeve_total_usdt': None, 'alpha_usdt': None}
{'anchor_ts': 1787500800, 'anchor_utc': '2026-08-23T16:00Z', 'beta_book_per_gross': 0.0041, 'btc_ret_4h': 0.00235, 'gross_usdt': 23003.19118553001, 'nav_usdt': 15274.073750219999, 'beta_pnl_usdt': 0.22, 'sleeve_total_usdt': None, 'alpha_usdt': None}
{'anchor_ts': 1787515200, 'anchor_utc': '2026-08-23T20:00Z', 'beta_book_per_gross': 0.0006, 'btc_ret_4h': 0.00536, 'gross_usdt': 22976.782383620004, 'nav_usdt': 15302.21052671, 'beta_pnl_usdt': 0.08, 'sleeve_total_usdt': None, 'alpha_usdt': None}
{'anchor_ts': 1787529600, 'anchor_utc': '2026-08-24T00:00Z', 'beta_book_per_gross': -0.0006, 'btc_ret_4h': -0.01021, 'gross_usdt': 22769.379257969988, 'nav_usdt': 15275.772616119999, 'beta_pnl_usdt': 0.14, 'sleeve_total_usdt': None, 'alpha_usdt': None}
{'anchor_ts': 1787544000, 'anchor_utc': '2026-08-24T04:00Z', 'beta_book_per_gross': -0.0011, 'btc_ret_4h': 0.00489, 'gross_usdt': 22674.755051010015, 'nav_usdt': 15255.96432121, 'beta_pnl_usdt': -0.12, 'sleeve_total_usdt': None, 'alpha_usdt': None}
{'anchor_ts': 1787558400, 'anchor_utc': '2026-08-24T08:00Z', 'beta_book_per_gross': -0.0016, 'btc_ret_4h': 0.01459, 'gross_usdt': 22649.584658189997, 'nav_usdt': 15308.34938774, 'beta_pnl_usdt': -0.51, 'sleeve_total_usdt': None, 'alpha_usdt': None}
{'anchor_ts': 1787572800, 'anchor_utc': '2026-08-24T12:00Z', 'beta_book_per_gross': -0.0033, 'btc_ret_4h': 0.00816, 'gross_usdt': 22909.492685339996, 'nav_usdt': 15230.42527506, 'beta_pnl_usdt': -0.61, 'sleeve_total_usdt': None, 'alpha_usdt': None}
{'anchor_ts': 1787587200, 'anchor_utc': '2026-08-24T16:00Z', 'beta_book_per_gross': -0.002, 'btc_ret_4h': -0.00448, 'gross_usdt': 22723.160003789995, 'nav_usdt': 15021.6146505, 'beta_pnl_usdt': 0.21, 'sleeve_total_usdt': None, 'alpha_usdt': None}
{'anchor_ts': 1787601600, 'anchor_utc': '2026-08-24T20:00Z', 'beta_book_per_gross': -0.0003, 'btc_ret_4h': 0.00302, 'gross_usdt': 22412.57395293998, 'nav_usdt': 14988.28538236, 'beta_pnl_usdt': -0.02, 'sleeve_total_usdt': None, 'alpha_usdt': None}
{'anchor_ts': 1787616000, 'anchor_utc': '2026-08-25T00:00Z', 'beta_book_per_gross': -0.003, 'btc_ret_4h': 0.01905, 'gross_usdt': 22289.210508269996, 'nav_usdt': 14956.60080679, 'beta_pnl_usdt': -1.29, 'sleeve_total_usdt': None, 'alpha_usdt': None}
{'anchor_ts': 1787630400, 'anchor_utc': '2026-08-25T04:00Z', 'beta_book_per_gross': -0.006, 'btc_ret_4h': -0.00989, 'gross_usdt': 22306.738705849973, 'nav_usdt': 14886.3584076, 'beta_pnl_usdt': 1.33, 'sleeve_total_usdt': None, 'alpha_usdt': None}
{'anchor_ts': 1787644800, 'anchor_utc': '2026-08-25T08:00Z', 'beta_book_per_gross': -0.0052, 'btc_ret_4h': -0.00709, 'gross_usdt': 22210.39441935, 'nav_usdt': 14956.17815045, 'beta_pnl_usdt': 0.81, 'sleeve_total_usdt': None, 'alpha_usdt': None}
{'anchor_ts': 1787659200, 'anchor_utc': '2026-08-25T12:00Z', 'beta_book_per_gross': -0.0081, 'btc_ret_4h': 0.00463, 'gross_usdt': 22085.69880915002, 'nav_usdt': 14948.43810991, 'beta_pnl_usdt': -0.83, 'sleeve_total_usdt': None, 'alpha_usdt': None}
{'anchor_ts': 1787673600, 'anchor_utc': '2026-08-25T16:00Z', 'beta_book_per_gross': -0.0547, 'btc_ret_4h': -0.0072, 'gross_usdt': None, 'nav_usdt': None, 'beta_pnl_usdt': None, 'sleeve_total_usdt': None, 'alpha_usdt': None}
{'anchor_ts': 1787688000, 'anchor_utc': '2026-08-25T20:00Z', 'beta_book_per_gross': -0.0555, 'btc_ret_4h': -0.00488, 'gross_usdt': 21974.59047924999, 'nav_usdt': 15056.6319561, 'beta_pnl_usdt': 5.95, 'sleeve_total_usdt': None, 'alpha_usdt': None}
{'anchor_ts': 1787702400, 'anchor_utc': '2026-08-26T00:00Z', 'beta_book_per_gross': -0.0522, 'btc_ret_4h': 0.00693, 'gross_usdt': 21999.10041251002, 'nav_usdt': 15071.36505994, 'beta_pnl_usdt': -7.95, 'sleeve_total_usdt': None, 'alpha_usdt': None}
{'anchor_ts': 1787716800, 'anchor_utc': '2026-08-26T04:00Z', 'beta_book_per_gross': -0.0577, 'btc_ret_4h': -0.00205, 'gross_usdt': 22064.815230580003, 'nav_usdt': 15077.9911004, 'beta_pnl_usdt': 2.61, 'sleeve_total_usdt': None, 'alpha_usdt': None}
{'anchor_ts': 1787731200, 'anchor_utc': '2026-08-26T08:00Z', 'beta_book_per_gross': -0.0585, 'btc_ret_4h': -0.00563, 'gross_usdt': 22097.99600002001, 'nav_usdt': 15126.624404170001, 'beta_pnl_usdt': 7.27, 'sleeve_total_usdt': None, 'alpha_usdt': None}
{'anchor_ts': 1787745600, 'anchor_utc': '2026-08-26T12:00Z', 'beta_book_per_gross': -0.0632, 'btc_ret_4h': -0.00589, 'gross_usdt': 29536.390516689997, 'nav_usdt': 15187.30939973, 'beta_pnl_usdt': 10.99, 'sleeve_total_usdt': None, 'alpha_usdt': None}
{'anchor_ts': 1787760000, 'anchor_utc': '2026-08-26T16:00Z', 'beta_book_per_gross': -0.0709, 'btc_ret_4h': 0.00582, 'gross_usdt': None, 'nav_usdt': 15167.63649494, 'beta_pnl_usdt': None, 'sleeve_total_usdt': None, 'alpha_usdt': None}
{'anchor_ts': 1787774400, 'anchor_utc': '2026-08-26T20:00Z', 'beta_book_per_gross': -0.0728, 'btc_ret_4h': 0.00707, 'gross_usdt': 15664.718066020007, 'nav_usdt': 15127.39332876, 'beta_pnl_usdt': -8.06, 'sleeve_total_usdt': None, 'alpha_usdt': None}
{'anchor_ts': 1787788800, 'anchor_utc': '2026-08-27T00:00Z', 'beta_book_per_gross': -0.073, 'btc_ret_4h': -0.00237, 'gross_usdt': 22337.819410020016, 'nav_usdt': 15042.71481603, 'beta_pnl_usdt': 3.88, 'sleeve_total_usdt': None, 'alpha_usdt': None}
{'anchor_ts': 1787803200, 'anchor_utc': '2026-08-27T04:00Z', 'beta_book_per_gross': -0.0676, 'btc_ret_4h': 0.00321, 'gross_usdt': 26053.89486381, 'nav_usdt': 15257.75021963, 'beta_pnl_usdt': -5.65, 'sleeve_total_usdt': None, 'alpha_usdt': None}
{'anchor_ts': 1787817600, 'anchor_utc': '2026-08-27T08:00Z', 'beta_book_per_gross': -0.0694, 'btc_ret_4h': 0.00488, 'gross_usdt': 29409.733466200014, 'nav_usdt': 15200.57812074, 'beta_pnl_usdt': -9.97, 'sleeve_total_usdt': None, 'alpha_usdt': None}
{'anchor_ts': 1787832000, 'anchor_utc': '2026-08-27T12:00Z', 'beta_book_per_gross': -0.0822, 'btc_ret_4h': 0.01049, 'gross_usdt': 40264.36309870003, 'nav_usdt': 20581.7425162, 'beta_pnl_usdt': -34.72, 'sleeve_total_usdt': None, 'alpha_usdt': None}
{'anchor_ts': 1787846400, 'anchor_utc': '2026-08-27T16:00Z', 'beta_book_per_gross': -0.0917, 'btc_ret_4h': -0.00493, 'gross_usdt': 41283.584158040016, 'nav_usdt': 20433.742157430002, 'beta_pnl_usdt': 18.67, 'sleeve_total_usdt': None, 'alpha_usdt': None}
{'anchor_ts': 1787860800, 'anchor_utc': '2026-08-27T20:00Z', 'beta_book_per_gross': -0.0948, 'btc_ret_4h': 0.00414, 'gross_usdt': 40827.743029920006, 'nav_usdt': 20512.78808636, 'beta_pnl_usdt': -16.03, 'sleeve_total_usdt': None, 'alpha_usdt': None}
{'anchor_ts': 1787875200, 'anchor_utc': '2026-08-28T00:00Z', 'beta_book_per_gross': -0.0988, 'btc_ret_4h': -0.00531, 'gross_usdt': 41102.78125821, 'nav_usdt': 20469.68019836, 'beta_pnl_usdt': 21.55, 'sleeve_total_usdt': None, 'alpha_usdt': None}
{'anchor_ts': 1787889600, 'anchor_utc': '2026-08-28T04:00Z', 'beta_book_per_gross': -0.1001, 'btc_ret_4h': -0.00173, 'gross_usdt': 40903.87745342997, 'nav_usdt': 20567.900752129997, 'beta_pnl_usdt': 7.07, 'sleeve_total_usdt': None, 'alpha_usdt': None}
{'anchor_ts': 1787904000, 'anchor_utc': '2026-08-28T08:00Z', 'beta_book_per_gross': -0.0959, 'btc_ret_4h': -0.00104, 'gross_usdt': 40998.94662529, 'nav_usdt': 20640.29925553, 'beta_pnl_usdt': 4.07, 'sleeve_total_usdt': None, 'alpha_usdt': None}
{'anchor_ts': 1787918400, 'anchor_utc': '2026-08-28T12:00Z', 'beta_book_per_gross': -0.1216, 'btc_ret_4h': -0.01576, 'gross_usdt': 41320.61013324001, 'nav_usdt': 20617.789840909998, 'beta_pnl_usdt': 79.2, 'sleeve_total_usdt': None, 'alpha_usdt': None}
{'anchor_ts': 1787932800, 'anchor_utc': '2026-08-28T16:00Z', 'beta_book_per_gross': -0.1249, 'btc_ret_4h': -0.00974, 'gross_usdt': 41281.558221390005, 'nav_usdt': 20553.51172235, 'beta_pnl_usdt': 50.22, 'sleeve_total_usdt': None, 'alpha_usdt': None}
{'anchor_ts': 1787947200, 'anchor_utc': '2026-08-28T20:00Z', 'beta_book_per_gross': -0.1303, 'btc_ret_4h': 0.00335, 'gross_usdt': 41298.11254188004, 'nav_usdt': 20681.897904960002, 'beta_pnl_usdt': -18.0, 'sleeve_total_usdt': None, 'alpha_usdt': None}
{'anchor_ts': 1787961600, 'anchor_utc': '2026-08-29T00:00Z', 'beta_book_per_gross': -0.1317, 'btc_ret_4h': -0.00416, 'gross_usdt': 41449.68991132999, 'nav_usdt': 20599.66220928, 'beta_pnl_usdt': 22.71, 'sleeve_total_usdt': None, 'alpha_usdt': None}
{'anchor_ts': 1787976000, 'anchor_utc': '2026-08-29T04:00Z', 'beta_book_per_gross': -0.1447, 'btc_ret_4h': 0.00135, 'gross_usdt': 41512.34212401999, 'nav_usdt': 20716.73522112, 'beta_pnl_usdt': -8.12, 'sleeve_total_usdt': None, 'alpha_usdt': None}
{'anchor_ts': 1787990400, 'anchor_utc': '2026-08-29T08:00Z', 'beta_book_per_gross': -0.1906, 'btc_ret_4h': -0.0003, 'gross_usdt': 41616.43603145, 'nav_usdt': 20789.3120323, 'beta_pnl_usdt': 2.41, 'sleeve_total_usdt': None, 'alpha_usdt': None}
{'anchor_ts': 1788004800, 'anchor_utc': '2026-08-29T12:00Z', 'beta_book_per_gross': -0.1798, 'btc_ret_4h': 0.00336, 'gross_usdt': 42012.66276293997, 'nav_usdt': 21069.373592789998, 'beta_pnl_usdt': -25.39, 'sleeve_total_usdt': None, 'alpha_usdt': None}
{'anchor_ts': 1788019200, 'anchor_utc': '2026-08-29T16:00Z', 'beta_book_per_gross': -0.18, 'btc_ret_4h': 0.00425, 'gross_usdt': 42181.33308028997, 'nav_usdt': 21030.95953317, 'beta_pnl_usdt': -32.27, 'sleeve_total_usdt': None, 'alpha_usdt': None}
{'anchor_ts': 1788048000, 'anchor_utc': '2026-08-30T00:00Z', 'beta_book_per_gross': -0.1645, 'btc_ret_4h': -0.00127, 'gross_usdt': 42145.581302640014, 'nav_usdt': 21242.658480449998, 'beta_pnl_usdt': 8.81, 'sleeve_total_usdt': None, 'alpha_usdt': None}
{'anchor_ts': 1788062400, 'anchor_utc': '2026-08-30T04:00Z', 'beta_book_per_gross': -0.1513, 'btc_ret_4h': -0.00024, 'gross_usdt': 42033.03565030001, 'nav_usdt': 21110.62060545, 'beta_pnl_usdt': 1.53, 'sleeve_total_usdt': None, 'alpha_usdt': None}
{'anchor_ts': 1788076800, 'anchor_utc': '2026-08-30T08:00Z', 'beta_book_per_gross': -0.1515, 'btc_ret_4h': 0.00075, 'gross_usdt': 42505.02543197997, 'nav_usdt': 21207.39272283, 'beta_pnl_usdt': -4.85, 'sleeve_total_usdt': None, 'alpha_usdt': None}
{'anchor_ts': 1788091200, 'anchor_utc': '2026-08-30T12:00Z', 'beta_book_per_gross': -0.1446, 'btc_ret_4h': 0.00831, 'gross_usdt': 42491.230432750024, 'nav_usdt': 21149.4932143, 'beta_pnl_usdt': -51.1, 'sleeve_total_usdt': None, 'alpha_usdt': None}
{'anchor_ts': 1788105600, 'anchor_utc': '2026-08-30T16:00Z', 'beta_book_per_gross': -0.1503, 'btc_ret_4h': 0.00047, 'gross_usdt': 42146.54241392, 'nav_usdt': 21111.3087511, 'beta_pnl_usdt': -2.96, 'sleeve_total_usdt': None, 'alpha_usdt': None}
{'anchor_ts': 1788120000, 'anchor_utc': '2026-08-30T20:00Z', 'beta_book_per_gross': -0.147, 'btc_ret_4h': -0.01514, 'gross_usdt': 41395.32065131999, 'nav_usdt': 20921.28338296, 'beta_pnl_usdt': 92.12, 'sleeve_total_usdt': None, 'alpha_usdt': None}
{'anchor_ts': 1788134400, 'anchor_utc': '2026-08-31T00:00Z', 'beta_book_per_gross': -0.1423, 'btc_ret_4h': 0.00119, 'gross_usdt': 41407.84441009, 'nav_usdt': 20867.796924680002, 'beta_pnl_usdt': -7.03, 'sleeve_total_usdt': None, 'alpha_usdt': None}
{'anchor_ts': 1788148800, 'anchor_utc': '2026-08-31T04:00Z', 'beta_book_per_gross': -0.1426, 'btc_ret_4h': 0.00567, 'gross_usdt': 41523.66699293, 'nav_usdt': 20967.36721525, 'beta_pnl_usdt': -33.6, 'sleeve_total_usdt': None, 'alpha_usdt': None}
{'anchor_ts': 1788163200, 'anchor_utc': '2026-08-31T08:00Z', 'beta_book_per_gross': -0.1496, 'btc_ret_4h': 0.00149, 'gross_usdt': 41508.83961230998, 'nav_usdt': 20904.58175072, 'beta_pnl_usdt': -9.24, 'sleeve_total_usdt': None, 'alpha_usdt': None}
{'anchor_ts': 1788177600, 'anchor_utc': '2026-08-31T12:00Z', 'beta_book_per_gross': -0.1475, 'btc_ret_4h': 0.0033, 'gross_usdt': 41018.58483616998, 'nav_usdt': 20859.336772079998, 'beta_pnl_usdt': -19.94, 'sleeve_total_usdt': None, 'alpha_usdt': None}
{'anchor_ts': 1788192000, 'anchor_utc': '2026-08-31T16:00Z', 'beta_book_per_gross': -0.1538, 'btc_ret_4h': 0.00415, 'gross_usdt': 41165.96106038002, 'nav_usdt': 20746.22052332, 'beta_pnl_usdt': -26.31, 'sleeve_total_usdt': None, 'alpha_usdt': None}
{'anchor_ts': 1788206400, 'anchor_utc': '2026-08-31T20:00Z', 'beta_book_per_gross': -0.155, 'btc_ret_4h': -0.00405, 'gross_usdt': 40974.53541942003, 'nav_usdt': 20654.317675270002, 'beta_pnl_usdt': 25.73, 'sleeve_total_usdt': None, 'alpha_usdt': None}
{'anchor_ts': 1788220800, 'anchor_utc': '2026-09-01T00:00Z', 'beta_book_per_gross': -0.1524, 'btc_ret_4h': 0.00133, 'gross_usdt': 40752.89919412, 'nav_usdt': 20540.04568921, 'beta_pnl_usdt': -8.26, 'sleeve_total_usdt': None, 'alpha_usdt': None}
{'anchor_ts': 1788235200, 'anchor_utc': '2026-09-01T04:00Z', 'beta_book_per_gross': -0.1476, 'btc_ret_4h': -0.00068, 'gross_usdt': 40413.87272616999, 'nav_usdt': 20395.88480413, 'beta_pnl_usdt': 4.07, 'sleeve_total_usdt': None, 'alpha_usdt': None}
{'anchor_ts': 1788249600, 'anchor_utc': '2026-09-01T08:00Z', 'beta_book_per_gross': -0.1396, 'btc_ret_4h': -0.00692, 'gross_usdt': 40199.62971409999, 'nav_usdt': 20437.14561693, 'beta_pnl_usdt': 38.83, 'sleeve_total_usdt': None, 'alpha_usdt': None}
{'anchor_ts': 1788264000, 'anchor_utc': '2026-09-01T12:00Z', 'beta_book_per_gross': -0.1385, 'btc_ret_4h': -0.00229, 'gross_usdt': 39934.013666180006, 'nav_usdt': 20303.781680520002, 'beta_pnl_usdt': 12.69, 'sleeve_total_usdt': None, 'alpha_usdt': None}
{'anchor_ts': 1788278400, 'anchor_utc': '2026-09-01T16:00Z', 'beta_book_per_gross': -0.1461, 'btc_ret_4h': -0.00759, 'gross_usdt': 40212.01319661, 'nav_usdt': 20356.34876508, 'beta_pnl_usdt': 44.56, 'sleeve_total_usdt': None, 'alpha_usdt': None}
{'anchor_ts': 1788292800, 'anchor_utc': '2026-09-01T20:00Z', 'beta_book_per_gross': -0.147, 'btc_ret_4h': 0.00147, 'gross_usdt': 40417.12318135998, 'nav_usdt': 20317.41711012, 'beta_pnl_usdt': -8.74, 'sleeve_total_usdt': None, 'alpha_usdt': None}
{'anchor_ts': 1788307200, 'anchor_utc': '2026-09-02T00:00Z', 'beta_book_per_gross': -0.1679, 'btc_ret_4h': 0.00173, 'gross_usdt': None, 'nav_usdt': None, 'beta_pnl_usdt': None, 'sleeve_total_usdt': None, 'alpha_usdt': None}
{'anchor_ts': 1788321600, 'anchor_utc': '2026-09-02T04:00Z', 'beta_book_per_gross': -0.1607, 'btc_ret_4h': -0.00115, 'gross_usdt': 40801.349019409965, 'nav_usdt': 20548.009933369998, 'beta_pnl_usdt': 7.55, 'sleeve_total_usdt': -4.83, 'alpha_usdt': -12.38}
{'anchor_ts': 1788336000, 'anchor_utc': '2026-09-02T08:00Z', 'beta_book_per_gross': -0.1677, 'btc_ret_4h': -0.00848, 'gross_usdt': 40554.96888837001, 'nav_usdt': 20533.19606967, 'beta_pnl_usdt': 57.67, 'sleeve_total_usdt': 25.81, 'alpha_usdt': -31.86}
{'anchor_ts': 1788350400, 'anchor_utc': '2026-09-02T12:00Z', 'beta_book_per_gross': -0.1672, 'btc_ret_4h': 0.00601, 'gross_usdt': 40519.785869669984, 'nav_usdt': 20607.60798566, 'beta_pnl_usdt': -40.69, 'sleeve_total_usdt': 250.99, 'alpha_usdt': 291.68}
{'anchor_ts': 1788364800, 'anchor_utc': '2026-09-02T16:00Z', 'beta_book_per_gross': -0.1655, 'btc_ret_4h': 0.00067, 'gross_usdt': 40692.805972409995, 'nav_usdt': 20857.73879107, 'beta_pnl_usdt': -4.48, 'sleeve_total_usdt': 147.24, 'alpha_usdt': 151.72}
{'anchor_ts': 1788379200, 'anchor_utc': '2026-09-02T20:00Z', 'beta_book_per_gross': -0.1635, 'btc_ret_4h': -2e-05, 'gross_usdt': 41282.09238167004, 'nav_usdt': 21095.55750597, 'beta_pnl_usdt': 0.11, 'sleeve_total_usdt': 164.36, 'alpha_usdt': 164.25}
{'anchor_ts': 1788393600, 'anchor_utc': '2026-09-03T00:00Z', 'beta_book_per_gross': -0.1583, 'btc_ret_4h': 0.00473, 'gross_usdt': 41502.13135262997, 'nav_usdt': 21092.51686605, 'beta_pnl_usdt': -31.05, 'sleeve_total_usdt': -56.34, 'alpha_usdt': -25.29}
{'anchor_ts': 1788408000, 'anchor_utc': '2026-09-03T04:00Z', 'beta_book_per_gross': -0.1568, 'btc_ret_4h': -0.00049, 'gross_usdt': 41673.69430018999, 'nav_usdt': 21076.96774924, 'beta_pnl_usdt': 3.21, 'sleeve_total_usdt': -36.68, 'alpha_usdt': -39.89}
{'anchor_ts': 1788422400, 'anchor_utc': '2026-09-03T08:00Z', 'beta_book_per_gross': -0.1586, 'btc_ret_4h': 0.00364, 'gross_usdt': 41638.67296141002, 'nav_usdt': 21127.13349186, 'beta_pnl_usdt': -24.01, 'sleeve_total_usdt': 16.51, 'alpha_usdt': 40.52}
{'anchor_ts': 1788436800, 'anchor_utc': '2026-09-03T12:00Z', 'beta_book_per_gross': -0.162, 'btc_ret_4h': 0.04373, 'gross_usdt': 42029.36509677999, 'nav_usdt': 21102.243610049998, 'beta_pnl_usdt': -297.76, 'sleeve_total_usdt': 76.77, 'alpha_usdt': 374.53}
{'anchor_ts': 1788451200, 'anchor_utc': '2026-09-03T16:00Z', 'beta_book_per_gross': -0.1549, 'btc_ret_4h': 0.005, 'gross_usdt': 163439.11540113002, 'nav_usdt': 83954.88257996, 'beta_pnl_usdt': -126.52, 'sleeve_total_usdt': -40.3, 'alpha_usdt': 86.22}
{'anchor_ts': 1788465600, 'anchor_utc': '2026-09-03T20:00Z', 'beta_book_per_gross': -0.1533, 'btc_ret_4h': -0.00602, 'gross_usdt': 166137.53963660006, 'nav_usdt': 83957.22685169, 'beta_pnl_usdt': 153.28, 'sleeve_total_usdt': -153.04, 'alpha_usdt': -306.32}
{'anchor_ts': 1788480000, 'anchor_utc': '2026-09-04T00:00Z', 'beta_book_per_gross': -0.1465, 'btc_ret_4h': -0.0052, 'gross_usdt': 165589.15023268005, 'nav_usdt': 83867.16708997, 'beta_pnl_usdt': 126.27, 'sleeve_total_usdt': -630.13, 'alpha_usdt': -756.4}
