锚数 52  08-26 04Z → 09-04 08Z  (持仓名缺 mid 均 2.5/265)
纸面 真简单(A,A+4h]     bps/gross: 均 +2.26 中位 +0.17 std 33.5 合计 +118
纸面 Σ简单              bps/gross: 均 +1.22 中位 +0.76 std 34.2 合计 +64
纸面 expm1(Σ简单)(装置法) bps/gross: 均 +4.79 中位 +2.68 std 33.5 合计 +249
纸面 真简单 平移25min    bps/gross: 均 -0.09 中位 -4.73 std 29.8 合计 -5
孪生 持仓×Δmid(价格)     bps/gross: 均 +1.55 中位 -0.10 std 31.6 合计 +79
实收资金费              bps/gross: 均 -1.91 中位 -1.88 std 0.7 合计 -97
孪生+资金费             bps/gross: 均 -0.36 中位 -1.99 std 31.5 合计 -18
纸面(真简单) vs 孪生: corr 0.748 | 均差(孪生−纸面) -0.43 bps/锚 | 平移纸面 vs 孪生 corr 0.807
日期     孪生+资金费(USDT)  真实ΔNAV−流入(USDT)  差   [NAV, 目标gross]
20260826       +nan                +71           +nan   [15127, 22751]
20260827       -105                -64            +41   [20513, 41036]
20260828       +166               +169             +3   [20682, 41351]
20260829       +355               +411            +56   [21093, 0]
20260830       -300               -172           +128   [20921, 41810]
20260831       -241               -267            -26   [20654, 41320]
20260901       -363               -337            +26   [20317, 40580]
20260902       +403               +778           +376   [21096, 41915]
20260903        +84               -136           -220   [83957, 167950]
20260904      -1192               -994           +198   [82963, 165527]
合计          +nan               -541           +nan
PVR_DONE
