{
  "status": "CONDITIONAL_STATE_HANDOFF_COMPLETE_NOT_CASH_OR_DEPLOYMENT",
  "controls": {
    "C6_max": 0.0,
    "actual_target_max": 3.8467860407481735e-11,
    "state_count": 23,
    "processed_count": 20,
    "same_seed_exact": true
  },
  "summary": {
    "published": {
      "B": 20,
      "S": 20
    },
    "first_target_adjustment_l1": {
      "B": {
        "accepted": true,
        "reason": "publish",
        "raw_gross": 0.8378818199819849,
        "target_adjustment_l1": 0.0225324468349922
      },
      "S": {
        "accepted": true,
        "reason": "publish",
        "raw_gross": 0.7918795413956488,
        "target_adjustment_l1": 0.139432544414963
      }
    },
    "sum_target_adjustment_l1": {
      "B": 0.47931328668612755,
      "S": 0.5850452212233449
    },
    "final_target_between_arms_l1": 0.05525457340944094
  },
  "seconds": 4.655976606532931
}
