[     0s] CHECK config.not_a_template_and_nothing_pending OK {"status": "FROZEN before any M2 number (prereg docs/PREREG_old_vs_new_models_same_engine_2026-09-23.md Stage 2, 8530d2b7f / 1217d786)", "pending": []}
[     0s] CHECK pin.prereg OK {"path": "/workspace/baseline_tables_2026-09-19/pins/PREREG_baseline_tables_certified_2026-09-19.md", "got": "d9fe45e3191f56e5", "want": "d9fe45e3191f56e5"}
[     0s] CHECK pin.prereg_amendment_1 OK {"path": "/workspace/baseline_tables_2026-09-19/pins/AMENDMENT_1_baseline_tables_certified_2026-09-19.md", "got": "766bc367743d8542", "want": "766bc367743d8542"}
[     0s] CHECK pin.exec_sim OK {"path": "/workspace/baseline_tables_2026-09-19/devices/exec_copy/exec_sim.py", "got": "29679672e68d4842", "want": "29679672e68d4842"}
[     0s] CHECK pin.simlib OK {"path": "/workspace/baseline_tables_2026-09-19/devices/exec_copy/simlib.py", "got": "55246fe98da2d57a", "want": "55246fe98da2d57a"}
[     0s] CHECK pin.v1b_gate OK {"path": "/workspace/baseline_tables_2026-09-19/devices/exec_copy/v1b_gate.py", "got": "4a725921a470f4c1", "want": "4a725921a470f4c1"}
[     0s] CHECK pin.v1_gate OK {"path": "/workspace/baseline_tables_2026-09-19/devices/exec_copy/v1_gate.py", "got": "c97d9b3d49212b49", "want": "c97d9b3d49212b49"}
[     0s] CHECK pin.calibration OK {"path": "/workspace/baseline_tables_2026-09-19/devices/exec_copy/CALIBRATION_v3_POOLED_20260826_20260910.json", "got": "fda342431d39703e", "want": "fda342431d39703e"}
[     0s] CHECK pin.input_manifest OK {"path": "/workspace/baseline_tables_2026-09-19/devices/exec_copy/INPUT_MANIFEST.json", "got": "59875e5a69db415f", "want": "59875e5a69db415f"}
[     0s] CHECK pin.p2_s2_lib OK {"path": "/workspace/uplift_r2_2026-09-13/P2/devices/p2_s2_lib.py", "got": "c53f5c495036727f", "want": "c53f5c495036727f"}
[     2s] CHECK pin.price_full_raw OK {"path": "/workspace/baseline_tables_2026-09-19/work/price_full_raw_x0918r.npy", "got": "23af32bd97c267d1", "want": "23af32bd97c267d1"}
[     2s] CHECK pin.price_full_meta OK {"path": "/workspace/baseline_tables_2026-09-19/work/price_full_raw_x0918r_meta.npz", "got": "d1e49cc9f0a7ddc4", "want": "d1e49cc9f0a7ddc4"}
[     2s] CHECK pin.price_receipt OK {"path": "/workspace/baseline_tables_2026-09-19/receipts/BT_PRICES_FULL_X0918R.json", "got": "130592b122831e03", "want": "130592b122831e03"}
[     5s] CHECK pin.price_source_table_x0918r OK {"path": "/workspace/raw_price_fix_2026-09-19/ext_x0918r/work/price_logtable_raw_x0918r.npy", "got": "9249b0da4a4c5789", "want": "9249b0da4a4c5789"}
[     5s] CHECK pin.price_source_meta_x0918r OK {"path": "/workspace/raw_price_fix_2026-09-19/ext_x0918r/work/price_meta_raw_x0918r.npz", "got": "da136830cee7e1a2", "want": "da136830cee7e1a2"}
[     5s] CHECK pin.ledger_full OK {"path": "/workspace/baseline_tables_2026-09-19/funding/ledger_spliced_p2_to_20260901T0200_streamD_after.npz", "got": "073088e503c026d6", "want": "073088e503c026d6"}
[     5s] CHECK pin.funding_overlap_proof OK {"path": "/workspace/baseline_tables_2026-09-19/funding/BT_FUNDING_OVERLAP.json", "got": "0ee6d99bfa2acfb9", "want": "0ee6d99bfa2acfb9"}
[     6s] CHECK pin.funding_source_p2 OK {"path": "/workspace/uplift_r2_2026-09-13/P2/work/ledger_full.npz", "got": "bea6f5752772d54e", "want": "bea6f5752772d54e"}
[     6s] CHECK pin.funding_source_stream_d OK {"path": "/workspace/axis_0919/funding/funding_ledger.npz", "got": "74b69e635efbf355", "want": "74b69e635efbf355"}
[     6s] CHECK pin.funding_4h_accounting_stream_d OK {"path": "/workspace/axis_0919/funding/funding_4h_accounting.npz", "got": "2838e5f6cf42fff5", "want": "2838e5f6cf42fff5"}
[     6s] CHECK pin.tradability OK {"path": "/workspace/axis_0919/x0918r/trd/tradability_v1.npz", "got": "bebf69ab9ddb3b05", "want": "bebf69ab9ddb3b05"}
[     6s] CHECK pin.universe OK {"path": "/workspace/uplift_r2_2026-09-13/P2/work/universe.npz", "got": "6322b57366078ed0", "want": "6322b57366078ed0"}
[     6s] CHECK pin.g0_labels OK {"path": "/workspace/baseline_tables_2026-09-19/g0x/g0_labels_x0918.npz", "got": "c3832939e1b01333", "want": "c3832939e1b01333"}
[     6s] CHECK pin.g0_receipt OK {"path": "/workspace/baseline_tables_2026-09-19/g0x/RECEIPT_bt_g0_extend.json", "got": "8afd680472ef21be", "want": "8afd680472ef21be"}
[     6s] CHECK price_receipt.PASS_and_outputs OK {"price_kinds": ["raw"]}
[     7s] CHECK pin.executor_tree_409ea16_vs_manifest OK {"n": 332, "bad": []}
[     7s] CHECK exec_sim.version_v3.1 OK "v3.1"
[     7s] CHECK runs.selected OK {"runs": ["OVN_NEW_s2027M2|scaled|rule|raw|UAFE"], "seeds": [0, 1, 2, 3, 4, 5, 6, 7, 8, 9, 10, 11, 12, 13, 14, 15, 16, 17, 18, 19, 20, 21, 22, 23, 24, 25, 26, 27, 28, 29, 30, 31]}
[     7s] CHECK window.n_anchors OK 9139
[     7s] CHECK axis.symbols OK 
[     7s] CHECK prices.grid_covers_window OK {"grid0": 1656532800, "n": 444145}
[     7s] CHECK ua_sets.counts_of_the_sets_the_runs_use OK {"UNAVAILABLE_3084": 3084}
[     8s] prices raw (444145, 829)
[     8s] CHECK run.OVN_NEW_s2027M2|scaled|rule|raw|UAFE.policy_named OK 
[     8s] CHECK run.OVN_NEW_s2027M2|scaled|rule|raw|UAFE.ua_cells_already_at_last_available_price OK {"cells_that_would_change": 0}
[    10s] funding rows 2386274
[    10s] CHECK axis.tradability_symbols OK 
[    10s] CHECK tradability.covers_window OK 
[    10s] CHECK calibration.v3_pooled_frozen OK 
[    10s] CHECK calibration.decision_offset_N+24 OK 1440
[    10s] CHECK executor.pns_wide OK 
[    10s] CHECK executor.gross_mult_config OK {"gm": 2.0, "onu": "hold"}
[    11s] CHECK objb_targets.OVN_NEW_s2027M2|scaled|rule|raw|UAFE.loaded OK {"window_anchors": 9139, "combo": 6195, "king": 0, "hold": 2944, "written_rows_without_weights": 0}
[    11s] started OVN_NEW_s2027M2|scaled|rule|raw|UAFE seed 0 pid 2235837 avail_GiB 27.5 own_GiB 2.95 psi 1.4
[    11s] started OVN_NEW_s2027M2|scaled|rule|raw|UAFE seed 1 pid 2235838 avail_GiB 27.4 own_GiB 2.97 psi 1.4
[    11s] started OVN_NEW_s2027M2|scaled|rule|raw|UAFE seed 2 pid 2235839 avail_GiB 27.4 own_GiB 2.98 psi 1.4
[    12s] started OVN_NEW_s2027M2|scaled|rule|raw|UAFE seed 3 pid 2235842 avail_GiB 27.3 own_GiB 3.01 psi 1.4
[   103s] finished OVN_NEW_s2027M2|scaled|rule|raw|UAFE seed 0 rc 0 avail_GiB 31.4 own_GiB 2.95 psi 0.0
[   103s] started OVN_NEW_s2027M2|scaled|rule|raw|UAFE seed 4 pid 2236323 avail_GiB 31.4 own_GiB 2.95 psi 0.0
[   103s] finished OVN_NEW_s2027M2|scaled|rule|raw|UAFE seed 1 rc 0 avail_GiB 31.4 own_GiB 2.96 psi 0.0
[   103s] started OVN_NEW_s2027M2|scaled|rule|raw|UAFE seed 5 pid 2236324 avail_GiB 31.4 own_GiB 2.97 psi 0.0
[   103s] finished OVN_NEW_s2027M2|scaled|rule|raw|UAFE seed 2 rc 0 avail_GiB 31.4 own_GiB 2.97 psi 0.0
[   103s] started OVN_NEW_s2027M2|scaled|rule|raw|UAFE seed 6 pid 2236325 avail_GiB 31.4 own_GiB 3.00 psi 0.0
[   103s] finished OVN_NEW_s2027M2|scaled|rule|raw|UAFE seed 3 rc 0 avail_GiB 31.4 own_GiB 3.01 psi 0.0
[   103s] started OVN_NEW_s2027M2|scaled|rule|raw|UAFE seed 7 pid 2236326 avail_GiB 31.4 own_GiB 3.03 psi 0.0
[   184s] finished OVN_NEW_s2027M2|scaled|rule|raw|UAFE seed 4 rc 0 avail_GiB 34.5 own_GiB 2.95 psi 0.0
[   184s] started OVN_NEW_s2027M2|scaled|rule|raw|UAFE seed 8 pid 2236597 avail_GiB 34.5 own_GiB 2.95 psi 0.0
[   184s] finished OVN_NEW_s2027M2|scaled|rule|raw|UAFE seed 5 rc 0 avail_GiB 34.5 own_GiB 2.96 psi 0.0
[   184s] started OVN_NEW_s2027M2|scaled|rule|raw|UAFE seed 9 pid 2236598 avail_GiB 34.5 own_GiB 2.97 psi 0.0
[   184s] finished OVN_NEW_s2027M2|scaled|rule|raw|UAFE seed 6 rc 0 avail_GiB 34.4 own_GiB 2.97 psi 0.0
[   184s] started OVN_NEW_s2027M2|scaled|rule|raw|UAFE seed 10 pid 2236599 avail_GiB 34.4 own_GiB 3.00 psi 0.0
[   184s] finished OVN_NEW_s2027M2|scaled|rule|raw|UAFE seed 7 rc 0 avail_GiB 34.4 own_GiB 3.01 psi 0.0
[   185s] started OVN_NEW_s2027M2|scaled|rule|raw|UAFE seed 11 pid 2236600 avail_GiB 34.4 own_GiB 3.03 psi 0.0
[   260s] finished OVN_NEW_s2027M2|scaled|rule|raw|UAFE seed 8 rc 0 avail_GiB 34.4 own_GiB 3.00 psi 0.0
[   260s] started OVN_NEW_s2027M2|scaled|rule|raw|UAFE seed 12 pid 2236734 avail_GiB 34.4 own_GiB 3.01 psi 0.0
[   260s] finished OVN_NEW_s2027M2|scaled|rule|raw|UAFE seed 9 rc 0 avail_GiB 34.3 own_GiB 3.01 psi 0.0
[   261s] started OVN_NEW_s2027M2|scaled|rule|raw|UAFE seed 13 pid 2236735 avail_GiB 34.3 own_GiB 3.02 psi 0.0
[   261s] finished OVN_NEW_s2027M2|scaled|rule|raw|UAFE seed 10 rc 0 avail_GiB 34.3 own_GiB 3.03 psi 0.0
[   261s] started OVN_NEW_s2027M2|scaled|rule|raw|UAFE seed 14 pid 2236736 avail_GiB 34.3 own_GiB 3.05 psi 0.0
[   266s] finished OVN_NEW_s2027M2|scaled|rule|raw|UAFE seed 11 rc 0 avail_GiB 34.3 own_GiB 3.04 psi 0.0
[   266s] started OVN_NEW_s2027M2|scaled|rule|raw|UAFE seed 15 pid 2236742 avail_GiB 34.3 own_GiB 3.05 psi 0.0
[   342s] finished OVN_NEW_s2027M2|scaled|rule|raw|UAFE seed 12 rc 0 avail_GiB 34.2 own_GiB 3.00 psi 0.0
[   342s] started OVN_NEW_s2027M2|scaled|rule|raw|UAFE seed 16 pid 2236861 avail_GiB 34.2 own_GiB 3.01 psi 0.0
[   342s] finished OVN_NEW_s2027M2|scaled|rule|raw|UAFE seed 13 rc 0 avail_GiB 34.2 own_GiB 3.01 psi 0.0
[   342s] started OVN_NEW_s2027M2|scaled|rule|raw|UAFE seed 17 pid 2236862 avail_GiB 34.2 own_GiB 3.02 psi 0.0
[   342s] finished OVN_NEW_s2027M2|scaled|rule|raw|UAFE seed 14 rc 0 avail_GiB 34.2 own_GiB 3.03 psi 0.0
[   342s] started OVN_NEW_s2027M2|scaled|rule|raw|UAFE seed 18 pid 2236863 avail_GiB 34.1 own_GiB 3.06 psi 0.0
[   352s] finished OVN_NEW_s2027M2|scaled|rule|raw|UAFE seed 15 rc 0 avail_GiB 34.1 own_GiB 3.05 psi 0.0
[   353s] started OVN_NEW_s2027M2|scaled|rule|raw|UAFE seed 19 pid 2236889 avail_GiB 34.1 own_GiB 3.06 psi 0.0
[   423s] finished OVN_NEW_s2027M2|scaled|rule|raw|UAFE seed 17 rc 0 avail_GiB 34.0 own_GiB 3.05 psi 0.0
[   424s] started OVN_NEW_s2027M2|scaled|rule|raw|UAFE seed 20 pid 2237123 avail_GiB 34.0 own_GiB 3.06 psi 0.0
[   424s] finished OVN_NEW_s2027M2|scaled|rule|raw|UAFE seed 18 rc 0 avail_GiB 34.0 own_GiB 3.06 psi 0.0
[   424s] started OVN_NEW_s2027M2|scaled|rule|raw|UAFE seed 21 pid 2237124 avail_GiB 34.0 own_GiB 3.07 psi 0.0
[   434s] finished OVN_NEW_s2027M2|scaled|rule|raw|UAFE seed 19 rc 0 avail_GiB 34.0 own_GiB 3.07 psi 0.0
[   434s] started OVN_NEW_s2027M2|scaled|rule|raw|UAFE seed 22 pid 2237135 avail_GiB 34.0 own_GiB 3.08 psi 0.0
[   439s] finished OVN_NEW_s2027M2|scaled|rule|raw|UAFE seed 16 rc 0 avail_GiB 34.0 own_GiB 3.05 psi 0.0
[   439s] started OVN_NEW_s2027M2|scaled|rule|raw|UAFE seed 23 pid 2237141 avail_GiB 34.0 own_GiB 3.06 psi 0.0
[   505s] finished OVN_NEW_s2027M2|scaled|rule|raw|UAFE seed 20 rc 0 avail_GiB 33.9 own_GiB 3.05 psi 0.0
[   505s] started OVN_NEW_s2027M2|scaled|rule|raw|UAFE seed 24 pid 2237266 avail_GiB 33.9 own_GiB 3.06 psi 0.0
[   505s] finished OVN_NEW_s2027M2|scaled|rule|raw|UAFE seed 21 rc 0 avail_GiB 33.9 own_GiB 3.06 psi 0.0
[   505s] started OVN_NEW_s2027M2|scaled|rule|raw|UAFE seed 25 pid 2237267 avail_GiB 33.9 own_GiB 3.07 psi 0.0
[   515s] finished OVN_NEW_s2027M2|scaled|rule|raw|UAFE seed 22 rc 0 avail_GiB 33.9 own_GiB 3.07 psi 0.0
[   516s] started OVN_NEW_s2027M2|scaled|rule|raw|UAFE seed 26 pid 2237274 avail_GiB 33.9 own_GiB 3.08 psi 0.0
[   521s] finished OVN_NEW_s2027M2|scaled|rule|raw|UAFE seed 23 rc 0 avail_GiB 33.9 own_GiB 3.05 psi 0.0
[   521s] started OVN_NEW_s2027M2|scaled|rule|raw|UAFE seed 27 pid 2237279 avail_GiB 33.9 own_GiB 3.06 psi 0.0
[   581s] finished OVN_NEW_s2027M2|scaled|rule|raw|UAFE seed 24 rc 0 avail_GiB 33.8 own_GiB 3.05 psi 0.0
[   582s] started OVN_NEW_s2027M2|scaled|rule|raw|UAFE seed 28 pid 2237341 avail_GiB 33.8 own_GiB 3.05 psi 0.0
[   582s] finished OVN_NEW_s2027M2|scaled|rule|raw|UAFE seed 25 rc 0 avail_GiB 33.8 own_GiB 3.06 psi 0.0
[   582s] started OVN_NEW_s2027M2|scaled|rule|raw|UAFE seed 29 pid 2237342 avail_GiB 33.8 own_GiB 3.07 psi 0.0
[   592s] finished OVN_NEW_s2027M2|scaled|rule|raw|UAFE seed 26 rc 0 avail_GiB 33.8 own_GiB 3.07 psi 0.0
[   592s] started OVN_NEW_s2027M2|scaled|rule|raw|UAFE seed 30 pid 2237403 avail_GiB 33.8 own_GiB 3.07 psi 0.0
[   597s] finished OVN_NEW_s2027M2|scaled|rule|raw|UAFE seed 27 rc 0 avail_GiB 33.8 own_GiB 3.05 psi 0.0
[   597s] started OVN_NEW_s2027M2|scaled|rule|raw|UAFE seed 31 pid 2237417 avail_GiB 33.8 own_GiB 3.06 psi 0.0
[   658s] finished OVN_NEW_s2027M2|scaled|rule|raw|UAFE seed 28 rc 0 avail_GiB 33.7 own_GiB 3.05 psi 0.0
[   658s] finished OVN_NEW_s2027M2|scaled|rule|raw|UAFE seed 29 rc 0 avail_GiB 33.7 own_GiB 3.05 psi 0.0
[   668s] finished OVN_NEW_s2027M2|scaled|rule|raw|UAFE seed 30 rc 0 avail_GiB 33.7 own_GiB 3.00 psi 0.0
[   679s] aggregated OVN_NEW_s2027M2|scaled|rule|raw|UAFE
[   679s] finished OVN_NEW_s2027M2|scaled|rule|raw|UAFE seed 31 rc 0 avail_GiB 33.7 own_GiB 2.96 psi 0.0
[   679s] CHECK runs.all_rc0 OK {"OVN_NEW_s2027M2|scaled|rule|raw|UAFE": {"0": 0, "1": 0, "2": 0, "3": 0, "4": 0, "5": 0, "6": 0, "7": 0, "8": 0, "9": 0, "10": 0, "11": 0, "12": 0, "13": 0, "14": 0, "15": 0, "17": 0, "18": 0, "19": 0, "16": 0, "20": 0, "21": 0, "22": 0, "
[   679s] CHECK runs.audits_clean OK 
BT_LAUNCH VERDICT=PASS label=smoke_new_s2027_lit_main runs=1 seeds=32 receipt_sha256=d18c973d7ea6cfbda0071cf3c391b9dc2e6dfd271f47bed2b3b6c36734520fae
EXIT 0
