[     0s] CHECK config.not_a_template_and_nothing_pending OK {"status": "FROZEN before any M2 number \u2014 NAMED DEVIATION route (executor-level overlay, m2_hook.py) of prereg docs/PREREG_old_vs_new_models_same_engine_2026-09-23.md Stage 2 (8530d2b7f / 1217d786)", "pending": []}
[     0s] CHECK pin.prereg OK {"path": "/workspace/baseline_tables_2026-09-19/pins/PREREG_baseline_tables_certified_2026-09-19.md", "got": "d9fe45e3191f56e5", "want": "d9fe45e3191f56e5"}
[     0s] CHECK pin.prereg_amendment_1 OK {"path": "/workspace/baseline_tables_2026-09-19/pins/AMENDMENT_1_baseline_tables_certified_2026-09-19.md", "got": "766bc367743d8542", "want": "766bc367743d8542"}
[     0s] CHECK pin.exec_sim OK {"path": "/workspace/baseline_tables_2026-09-19/devices/exec_copy/exec_sim.py", "got": "29679672e68d4842", "want": "29679672e68d4842"}
[     0s] CHECK pin.simlib OK {"path": "/workspace/baseline_tables_2026-09-19/devices/exec_copy/simlib.py", "got": "55246fe98da2d57a", "want": "55246fe98da2d57a"}
[     0s] CHECK pin.v1b_gate OK {"path": "/workspace/baseline_tables_2026-09-19/devices/exec_copy/v1b_gate.py", "got": "4a725921a470f4c1", "want": "4a725921a470f4c1"}
[     0s] CHECK pin.v1_gate OK {"path": "/workspace/baseline_tables_2026-09-19/devices/exec_copy/v1_gate.py", "got": "c97d9b3d49212b49", "want": "c97d9b3d49212b49"}
[     0s] CHECK pin.calibration OK {"path": "/workspace/baseline_tables_2026-09-19/devices/exec_copy/CALIBRATION_v3_POOLED_20260826_20260910.json", "got": "fda342431d39703e", "want": "fda342431d39703e"}
[     0s] CHECK pin.input_manifest OK {"path": "/workspace/baseline_tables_2026-09-19/devices/exec_copy/INPUT_MANIFEST.json", "got": "59875e5a69db415f", "want": "59875e5a69db415f"}
[     0s] CHECK pin.p2_s2_lib OK {"path": "/workspace/uplift_r2_2026-09-13/P2/devices/p2_s2_lib.py", "got": "c53f5c495036727f", "want": "c53f5c495036727f"}
[    30s] CHECK pin.price_full_raw OK {"path": "/workspace/baseline_tables_2026-09-19/work/price_full_raw_x0918r.npy", "got": "23af32bd97c267d1", "want": "23af32bd97c267d1"}
[    30s] CHECK pin.price_full_meta OK {"path": "/workspace/baseline_tables_2026-09-19/work/price_full_raw_x0918r_meta.npz", "got": "d1e49cc9f0a7ddc4", "want": "d1e49cc9f0a7ddc4"}
[    30s] CHECK pin.price_receipt OK {"path": "/workspace/baseline_tables_2026-09-19/receipts/BT_PRICES_FULL_X0918R.json", "got": "130592b122831e03", "want": "130592b122831e03"}
[    35s] CHECK pin.price_source_table_x0918r OK {"path": "/workspace/raw_price_fix_2026-09-19/ext_x0918r/work/price_logtable_raw_x0918r.npy", "got": "9249b0da4a4c5789", "want": "9249b0da4a4c5789"}
[    35s] CHECK pin.price_source_meta_x0918r OK {"path": "/workspace/raw_price_fix_2026-09-19/ext_x0918r/work/price_meta_raw_x0918r.npz", "got": "da136830cee7e1a2", "want": "da136830cee7e1a2"}
[    35s] CHECK pin.ledger_full OK {"path": "/workspace/baseline_tables_2026-09-19/funding/ledger_spliced_p2_to_20260901T0200_streamD_after.npz", "got": "073088e503c026d6", "want": "073088e503c026d6"}
[    35s] CHECK pin.funding_overlap_proof OK {"path": "/workspace/baseline_tables_2026-09-19/funding/BT_FUNDING_OVERLAP.json", "got": "0ee6d99bfa2acfb9", "want": "0ee6d99bfa2acfb9"}
[    36s] CHECK pin.funding_source_p2 OK {"path": "/workspace/uplift_r2_2026-09-13/P2/work/ledger_full.npz", "got": "bea6f5752772d54e", "want": "bea6f5752772d54e"}
[    36s] CHECK pin.funding_source_stream_d OK {"path": "/workspace/axis_0919/funding/funding_ledger.npz", "got": "74b69e635efbf355", "want": "74b69e635efbf355"}
[    36s] CHECK pin.funding_4h_accounting_stream_d OK {"path": "/workspace/axis_0919/funding/funding_4h_accounting.npz", "got": "2838e5f6cf42fff5", "want": "2838e5f6cf42fff5"}
[    36s] CHECK pin.tradability OK {"path": "/workspace/axis_0919/x0918r/trd/tradability_v1.npz", "got": "bebf69ab9ddb3b05", "want": "bebf69ab9ddb3b05"}
[    36s] CHECK pin.universe OK {"path": "/workspace/uplift_r2_2026-09-13/P2/work/universe.npz", "got": "6322b57366078ed0", "want": "6322b57366078ed0"}
[    36s] CHECK pin.g0_labels OK {"path": "/workspace/baseline_tables_2026-09-19/g0x/g0_labels_x0918.npz", "got": "c3832939e1b01333", "want": "c3832939e1b01333"}
[    36s] CHECK pin.g0_receipt OK {"path": "/workspace/baseline_tables_2026-09-19/g0x/RECEIPT_bt_g0_extend.json", "got": "8afd680472ef21be", "want": "8afd680472ef21be"}
[    36s] CHECK price_receipt.PASS_and_outputs OK {"price_kinds": ["raw"]}
[    39s] CHECK pin.executor_tree_409ea16_vs_manifest OK {"n": 332, "bad": []}
[    39s] CHECK exec_sim.version_v3.1 OK "v3.1"
[    39s] CHECK runs.selected OK {"runs": ["OVN_NEW_s42M2H|scaled|rule|raw|UAFE", "OVN_NEW_s42M2H|scaled|rule|raw|UAFE|fee_x1.25", "OVN_NEW_s42M2H|scaled|rule|raw|UAFE|slip_x1.5", "OVN_NEW_s42M2H|scaled|rule|raw|UAFE|fill_x0.9"], "seeds": [0, 1, 2, 3, 4, 5, 6, 7, 8, 9, 10,
[    39s] CHECK window.n_anchors OK 9139
[    39s] CHECK axis.symbols OK 
[    39s] CHECK prices.grid_covers_window OK {"grid0": 1656532800, "n": 444145}
[    39s] CHECK ua_sets.counts_of_the_sets_the_runs_use OK {"UNAVAILABLE_3084": 3084}
[   105s] prices raw (444145, 829)
[   105s] CHECK run.OVN_NEW_s42M2H|scaled|rule|raw|UAFE.policy_named OK 
[   105s] CHECK run.OVN_NEW_s42M2H|scaled|rule|raw|UAFE.ua_cells_already_at_last_available_price OK {"cells_that_would_change": 0}
[   105s] CHECK run.OVN_NEW_s42M2H|scaled|rule|raw|UAFE|fee_x1.25.policy_named OK 
[   105s] CHECK run.OVN_NEW_s42M2H|scaled|rule|raw|UAFE|fee_x1.25.ua_cells_already_at_last_available_price OK {"cells_that_would_change": 0}
[   105s] CHECK run.OVN_NEW_s42M2H|scaled|rule|raw|UAFE|slip_x1.5.policy_named OK 
[   105s] CHECK run.OVN_NEW_s42M2H|scaled|rule|raw|UAFE|slip_x1.5.ua_cells_already_at_last_available_price OK {"cells_that_would_change": 0}
[   105s] CHECK run.OVN_NEW_s42M2H|scaled|rule|raw|UAFE|fill_x0.9.policy_named OK 
[   105s] CHECK run.OVN_NEW_s42M2H|scaled|rule|raw|UAFE|fill_x0.9.ua_cells_already_at_last_available_price OK {"cells_that_would_change": 0}
[   117s] funding rows 2386274
[   117s] CHECK axis.tradability_symbols OK 
[   117s] CHECK tradability.covers_window OK 
[   117s] CHECK calibration.v3_pooled_frozen OK 
[   117s] CHECK calibration.decision_offset_N+24 OK 1440
[   117s] CHECK executor.pns_wide OK 
[   117s] CHECK executor.gross_mult_config OK {"gm": 2.0, "onu": "hold"}
[   123s] CHECK objb_targets.OVN_NEW_s42M2H|scaled|rule|raw|UAFE.loaded OK {"window_anchors": 9139, "combo": 6610, "king": 0, "hold": 2529, "written_rows_without_weights": 0}
[   125s] CHECK objb_targets.OVN_NEW_s42M2H|scaled|rule|raw|UAFE|fee_x1.25.loaded OK {"window_anchors": 9139, "combo": 6610, "king": 0, "hold": 2529, "written_rows_without_weights": 0}
[   132s] CHECK objb_targets.OVN_NEW_s42M2H|scaled|rule|raw|UAFE|slip_x1.5.loaded OK {"window_anchors": 9139, "combo": 6610, "king": 0, "hold": 2529, "written_rows_without_weights": 0}
[   134s] CHECK objb_targets.OVN_NEW_s42M2H|scaled|rule|raw|UAFE|fill_x0.9.loaded OK {"window_anchors": 9139, "combo": 6610, "king": 0, "hold": 2529, "written_rows_without_weights": 0}
[   134s] resume: existing 0 to run 128
[   135s] started OVN_NEW_s42M2H|scaled|rule|raw|UAFE seed 0 pid 2217819 avail_GiB 27.1 own_GiB 2.97 psi 1.7
[   136s] started OVN_NEW_s42M2H|scaled|rule|raw|UAFE seed 1 pid 2217822 avail_GiB 27.1 own_GiB 3.00 psi 1.7
[   137s] started OVN_NEW_s42M2H|scaled|rule|raw|UAFE seed 2 pid 2217833 avail_GiB 27.0 own_GiB 3.03 psi 1.4
[   139s] started OVN_NEW_s42M2H|scaled|rule|raw|UAFE seed 3 pid 2217834 avail_GiB 27.0 own_GiB 3.06 psi 1.1
[   397s] finished OVN_NEW_s42M2H|scaled|rule|raw|UAFE seed 0 rc 0 avail_GiB 26.6 own_GiB 3.06 psi 0.0
[   399s] started OVN_NEW_s42M2H|scaled|rule|raw|UAFE seed 4 pid 2218452 avail_GiB 26.7 own_GiB 3.07 psi 0.0
[   401s] finished OVN_NEW_s42M2H|scaled|rule|raw|UAFE seed 1 rc 0 avail_GiB 26.6 own_GiB 3.09 psi 0.0
[   403s] started OVN_NEW_s42M2H|scaled|rule|raw|UAFE seed 5 pid 2218456 avail_GiB 26.5 own_GiB 3.10 psi 0.0
[   416s] finished OVN_NEW_s42M2H|scaled|rule|raw|UAFE seed 2 rc 0 avail_GiB 26.6 own_GiB 3.07 psi 0.4
[   420s] started OVN_NEW_s42M2H|scaled|rule|raw|UAFE seed 6 pid 2218472 avail_GiB 26.6 own_GiB 3.09 psi 0.2
[   438s] finished OVN_NEW_s42M2H|scaled|rule|raw|UAFE seed 3 rc 0 avail_GiB 26.5 own_GiB 3.06 psi 0.0
[   440s] started OVN_NEW_s42M2H|scaled|rule|raw|UAFE seed 7 pid 2218511 avail_GiB 26.5 own_GiB 3.07 psi 0.0
[   675s] finished OVN_NEW_s42M2H|scaled|rule|raw|UAFE seed 4 rc 0 avail_GiB 26.4 own_GiB 3.06 psi 0.0
[   677s] started OVN_NEW_s42M2H|scaled|rule|raw|UAFE seed 8 pid 2218786 avail_GiB 26.4 own_GiB 3.07 psi 0.0
[   678s] finished OVN_NEW_s42M2H|scaled|rule|raw|UAFE seed 5 rc 0 avail_GiB 26.4 own_GiB 3.08 psi 0.0
[   680s] started OVN_NEW_s42M2H|scaled|rule|raw|UAFE seed 9 pid 2218788 avail_GiB 26.4 own_GiB 3.10 psi 0.0
[   699s] finished OVN_NEW_s42M2H|scaled|rule|raw|UAFE seed 6 rc 0 avail_GiB 26.3 own_GiB 3.07 psi 0.0
[   703s] started OVN_NEW_s42M2H|scaled|rule|raw|UAFE seed 10 pid 2218801 avail_GiB 26.3 own_GiB 3.09 psi 0.0
[   717s] finished OVN_NEW_s42M2H|scaled|rule|raw|UAFE seed 7 rc 0 avail_GiB 26.3 own_GiB 3.05 psi 0.0
[   722s] started OVN_NEW_s42M2H|scaled|rule|raw|UAFE seed 11 pid 2218834 avail_GiB 26.3 own_GiB 3.07 psi 0.0
[   964s] finished OVN_NEW_s42M2H|scaled|rule|raw|UAFE seed 8 rc 0 avail_GiB 26.0 own_GiB 3.12 psi 0.0
[   968s] started OVN_NEW_s42M2H|scaled|rule|raw|UAFE seed 12 pid 2219110 avail_GiB 26.0 own_GiB 3.13 psi 0.0
[   974s] finished OVN_NEW_s42M2H|scaled|rule|raw|UAFE seed 9 rc 0 avail_GiB 26.0 own_GiB 3.04 psi 0.0
[   977s] started OVN_NEW_s42M2H|scaled|rule|raw|UAFE seed 13 pid 2219111 avail_GiB 26.0 own_GiB 3.06 psi 0.0
[   978s] finished OVN_NEW_s42M2H|scaled|rule|raw|UAFE seed 10 rc 0 avail_GiB 26.0 own_GiB 3.07 psi 0.0
[   982s] started OVN_NEW_s42M2H|scaled|rule|raw|UAFE seed 14 pid 2219120 avail_GiB 26.0 own_GiB 3.08 psi 0.0
[   996s] finished OVN_NEW_s42M2H|scaled|rule|raw|UAFE seed 11 rc 0 avail_GiB 25.9 own_GiB 3.05 psi 0.0
[  1000s] started OVN_NEW_s42M2H|scaled|rule|raw|UAFE seed 15 pid 2219159 avail_GiB 26.0 own_GiB 3.06 psi 0.0
[  1218s] finished OVN_NEW_s42M2H|scaled|rule|raw|UAFE seed 12 rc 0 avail_GiB 25.5 own_GiB 3.11 psi 0.0
[  1221s] started OVN_NEW_s42M2H|scaled|rule|raw|UAFE seed 16 pid 2219416 avail_GiB 25.5 own_GiB 3.13 psi 0.0
[  1247s] finished OVN_NEW_s42M2H|scaled|rule|raw|UAFE seed 14 rc 0 avail_GiB 25.6 own_GiB 3.04 psi 0.0
[  1249s] started OVN_NEW_s42M2H|scaled|rule|raw|UAFE seed 17 pid 2219462 avail_GiB 25.8 own_GiB 3.00 psi 0.0
[  1249s] finished OVN_NEW_s42M2H|scaled|rule|raw|UAFE seed 13 rc 0 avail_GiB 25.7 own_GiB 3.01 psi 0.0
[  1251s] started OVN_NEW_s42M2H|scaled|rule|raw|UAFE seed 18 pid 2219463 avail_GiB 25.8 own_GiB 3.03 psi 0.0
[  1251s] finished OVN_NEW_s42M2H|scaled|rule|raw|UAFE seed 15 rc 0 avail_GiB 25.8 own_GiB 3.03 psi 0.0
[  1253s] started OVN_NEW_s42M2H|scaled|rule|raw|UAFE seed 19 pid 2219469 avail_GiB 25.8 own_GiB 3.06 psi 0.0
[  1466s] finished OVN_NEW_s42M2H|scaled|rule|raw|UAFE seed 17 rc 0 avail_GiB 31.3 own_GiB 3.12 psi 0.0
[  1467s] started OVN_NEW_s42M2H|scaled|rule|raw|UAFE seed 20 pid 2219698 avail_GiB 31.3 own_GiB 3.07 psi 0.0
[  1468s] finished OVN_NEW_s42M2H|scaled|rule|raw|UAFE seed 16 rc 0 avail_GiB 31.3 own_GiB 3.09 psi 0.0
[  1469s] started OVN_NEW_s42M2H|scaled|rule|raw|UAFE seed 21 pid 2219699 avail_GiB 31.3 own_GiB 3.10 psi 0.0
[  1475s] finished OVN_NEW_s42M2H|scaled|rule|raw|UAFE seed 18 rc 0 avail_GiB 31.4 own_GiB 3.07 psi 0.0
[  1477s] started OVN_NEW_s42M2H|scaled|rule|raw|UAFE seed 22 pid 2219727 avail_GiB 31.3 own_GiB 3.08 psi 0.0
[  1483s] finished OVN_NEW_s42M2H|scaled|rule|raw|UAFE seed 19 rc 0 avail_GiB 31.4 own_GiB 3.05 psi 0.0
[  1484s] started OVN_NEW_s42M2H|scaled|rule|raw|UAFE seed 23 pid 2219740 avail_GiB 31.4 own_GiB 3.06 psi 0.0
[  1644s] finished OVN_NEW_s42M2H|scaled|rule|raw|UAFE seed 20 rc 0 avail_GiB 30.9 own_GiB 3.11 psi 0.0
[  1646s] started OVN_NEW_s42M2H|scaled|rule|raw|UAFE seed 24 pid 2219922 avail_GiB 30.9 own_GiB 3.07 psi 0.0
[  1646s] finished OVN_NEW_s42M2H|scaled|rule|raw|UAFE seed 21 rc 0 avail_GiB 30.9 own_GiB 3.08 psi 0.0
[  1648s] started OVN_NEW_s42M2H|scaled|rule|raw|UAFE seed 25 pid 2219923 avail_GiB 30.9 own_GiB 3.10 psi 0.0
[  1655s] finished OVN_NEW_s42M2H|scaled|rule|raw|UAFE seed 22 rc 0 avail_GiB 30.9 own_GiB 3.07 psi 0.0
[  1657s] started OVN_NEW_s42M2H|scaled|rule|raw|UAFE seed 26 pid 2219927 avail_GiB 30.9 own_GiB 3.08 psi 0.0
[  1681s] finished OVN_NEW_s42M2H|scaled|rule|raw|UAFE seed 23 rc 0 avail_GiB 30.9 own_GiB 3.06 psi 0.0
[  1683s] started OVN_NEW_s42M2H|scaled|rule|raw|UAFE seed 27 pid 2219949 avail_GiB 30.8 own_GiB 3.08 psi 0.0
[  1824s] finished OVN_NEW_s42M2H|scaled|rule|raw|UAFE seed 24 rc 0 avail_GiB 30.6 own_GiB 3.11 psi 0.0
[  1825s] started OVN_NEW_s42M2H|scaled|rule|raw|UAFE seed 28 pid 2220721 avail_GiB 30.6 own_GiB 3.58 psi 0.0
[  1826s] finished OVN_NEW_s42M2H|scaled|rule|raw|UAFE seed 25 rc 0 avail_GiB 30.7 own_GiB 3.09 psi 0.0
[  1827s] started OVN_NEW_s42M2H|scaled|rule|raw|UAFE seed 29 pid 2220724 avail_GiB 30.7 own_GiB 3.10 psi 0.0
[  1839s] finished OVN_NEW_s42M2H|scaled|rule|raw|UAFE seed 26 rc 0 avail_GiB 30.6 own_GiB 3.07 psi 0.0
[  1841s] started OVN_NEW_s42M2H|scaled|rule|raw|UAFE seed 30 pid 2220733 avail_GiB 30.6 own_GiB 3.08 psi 0.0
[  1865s] finished OVN_NEW_s42M2H|scaled|rule|raw|UAFE seed 27 rc 0 avail_GiB 30.5 own_GiB 3.06 psi 0.0
[  1867s] started OVN_NEW_s42M2H|scaled|rule|raw|UAFE seed 31 pid 2220766 avail_GiB 30.5 own_GiB 3.08 psi 0.0
[  2006s] finished OVN_NEW_s42M2H|scaled|rule|raw|UAFE seed 29 rc 0 avail_GiB 30.3 own_GiB 3.11 psi 0.0
[  2007s] started OVN_NEW_s42M2H|scaled|rule|raw|UAFE|fee_x1.25 seed 0 pid 2220943 avail_GiB 30.3 own_GiB 3.12 psi 0.0
[  2014s] finished OVN_NEW_s42M2H|scaled|rule|raw|UAFE seed 28 rc 0 avail_GiB 30.3 own_GiB 3.09 psi 0.0
[  2015s] started OVN_NEW_s42M2H|scaled|rule|raw|UAFE|fee_x1.25 seed 1 pid 2220950 avail_GiB 30.3 own_GiB 3.10 psi 0.0
[  2021s] finished OVN_NEW_s42M2H|scaled|rule|raw|UAFE seed 30 rc 0 avail_GiB 30.3 own_GiB 3.07 psi 0.0
[  2023s] started OVN_NEW_s42M2H|scaled|rule|raw|UAFE|fee_x1.25 seed 2 pid 2220956 avail_GiB 30.3 own_GiB 3.08 psi 0.0
[  2054s] aggregated OVN_NEW_s42M2H|scaled|rule|raw|UAFE
[  2054s] finished OVN_NEW_s42M2H|scaled|rule|raw|UAFE seed 31 rc 0 avail_GiB 30.1 own_GiB 3.13 psi 0.0
[  2057s] started OVN_NEW_s42M2H|scaled|rule|raw|UAFE|fee_x1.25 seed 3 pid 2220980 avail_GiB 30.1 own_GiB 3.15 psi 0.0
[  2193s] finished OVN_NEW_s42M2H|scaled|rule|raw|UAFE|fee_x1.25 seed 0 rc 0 avail_GiB 29.9 own_GiB 3.17 psi 0.0
[  2195s] started OVN_NEW_s42M2H|scaled|rule|raw|UAFE|fee_x1.25 seed 4 pid 2221170 avail_GiB 29.9 own_GiB 3.19 psi 0.0
[  2201s] finished OVN_NEW_s42M2H|scaled|rule|raw|UAFE|fee_x1.25 seed 1 rc 0 avail_GiB 29.9 own_GiB 3.15 psi 0.0
[  2203s] started OVN_NEW_s42M2H|scaled|rule|raw|UAFE|fee_x1.25 seed 5 pid 2221177 avail_GiB 29.8 own_GiB 3.16 psi 0.0
[  2215s] finished OVN_NEW_s42M2H|scaled|rule|raw|UAFE|fee_x1.25 seed 2 rc 0 avail_GiB 29.9 own_GiB 3.10 psi 0.0
[  2216s] started OVN_NEW_s42M2H|scaled|rule|raw|UAFE|fee_x1.25 seed 6 pid 2221213 avail_GiB 29.9 own_GiB 3.11 psi 0.0
[  2234s] finished OVN_NEW_s42M2H|scaled|rule|raw|UAFE|fee_x1.25 seed 3 rc 0 avail_GiB 29.9 own_GiB 3.08 psi 0.0
[  2235s] started OVN_NEW_s42M2H|scaled|rule|raw|UAFE|fee_x1.25 seed 7 pid 2221228 avail_GiB 29.9 own_GiB 3.10 psi 0.0
[  2390s] finished OVN_NEW_s42M2H|scaled|rule|raw|UAFE|fee_x1.25 seed 5 rc 0 avail_GiB 29.7 own_GiB 3.13 psi 0.0
[  2392s] started OVN_NEW_s42M2H|scaled|rule|raw|UAFE|fee_x1.25 seed 8 pid 2221409 avail_GiB 29.7 own_GiB 3.15 psi 0.0
[  2415s] finished OVN_NEW_s42M2H|scaled|rule|raw|UAFE|fee_x1.25 seed 4 rc 0 avail_GiB 29.7 own_GiB 3.12 psi 0.0
[  2417s] started OVN_NEW_s42M2H|scaled|rule|raw|UAFE|fee_x1.25 seed 9 pid 2221450 avail_GiB 29.6 own_GiB 3.13 psi 0.0
[  2423s] finished OVN_NEW_s42M2H|scaled|rule|raw|UAFE|fee_x1.25 seed 6 rc 0 avail_GiB 29.7 own_GiB 3.04 psi 0.0
[  2424s] started OVN_NEW_s42M2H|scaled|rule|raw|UAFE|fee_x1.25 seed 10 pid 2221455 avail_GiB 29.7 own_GiB 3.06 psi 0.0
[  2425s] finished OVN_NEW_s42M2H|scaled|rule|raw|UAFE|fee_x1.25 seed 7 rc 0 avail_GiB 29.7 own_GiB 3.07 psi 0.0
[  2426s] started OVN_NEW_s42M2H|scaled|rule|raw|UAFE|fee_x1.25 seed 11 pid 2221460 avail_GiB 29.7 own_GiB 3.09 psi 0.0
[  2595s] finished OVN_NEW_s42M2H|scaled|rule|raw|UAFE|fee_x1.25 seed 8 rc 0 avail_GiB 29.2 own_GiB 3.14 psi 0.0
[  2597s] started OVN_NEW_s42M2H|scaled|rule|raw|UAFE|fee_x1.25 seed 12 pid 2221729 avail_GiB 29.3 own_GiB 3.16 psi 0.0
[  2603s] finished OVN_NEW_s42M2H|scaled|rule|raw|UAFE|fee_x1.25 seed 9 rc 0 avail_GiB 29.2 own_GiB 3.11 psi 0.0
[  2605s] started OVN_NEW_s42M2H|scaled|rule|raw|UAFE|fee_x1.25 seed 13 pid 2221735 avail_GiB 29.2 own_GiB 3.13 psi 0.0
[  2611s] finished OVN_NEW_s42M2H|scaled|rule|raw|UAFE|fee_x1.25 seed 10 rc 0 avail_GiB 29.3 own_GiB 3.09 psi 0.0
[  2613s] started OVN_NEW_s42M2H|scaled|rule|raw|UAFE|fee_x1.25 seed 14 pid 2221745 avail_GiB 29.3 own_GiB 3.11 psi 0.0
[  2661s] finished OVN_NEW_s42M2H|scaled|rule|raw|UAFE|fee_x1.25 seed 11 rc 0 avail_GiB 29.1 own_GiB 3.10 psi 0.0
[  2663s] started OVN_NEW_s42M2H|scaled|rule|raw|UAFE|fee_x1.25 seed 15 pid 2221793 avail_GiB 29.1 own_GiB 3.12 psi 0.0
[  2798s] finished OVN_NEW_s42M2H|scaled|rule|raw|UAFE|fee_x1.25 seed 12 rc 0 avail_GiB 29.0 own_GiB 3.14 psi 0.0
[  2799s] started OVN_NEW_s42M2H|scaled|rule|raw|UAFE|fee_x1.25 seed 16 pid 2221998 avail_GiB 29.0 own_GiB 3.16 psi 0.0
[  2805s] finished OVN_NEW_s42M2H|scaled|rule|raw|UAFE|fee_x1.25 seed 13 rc 0 avail_GiB 29.1 own_GiB 3.06 psi 0.0
[  2807s] started OVN_NEW_s42M2H|scaled|rule|raw|UAFE|fee_x1.25 seed 17 pid 2222021 avail_GiB 29.1 own_GiB 3.08 psi 0.0
[  2807s] finished OVN_NEW_s42M2H|scaled|rule|raw|UAFE|fee_x1.25 seed 14 rc 0 avail_GiB 29.0 own_GiB 3.09 psi 0.0
[  2809s] started OVN_NEW_s42M2H|scaled|rule|raw|UAFE|fee_x1.25 seed 18 pid 2222026 avail_GiB 29.0 own_GiB 3.11 psi 0.0
[  2857s] finished OVN_NEW_s42M2H|scaled|rule|raw|UAFE|fee_x1.25 seed 15 rc 0 avail_GiB 29.0 own_GiB 3.10 psi 0.0
[  2859s] started OVN_NEW_s42M2H|scaled|rule|raw|UAFE|fee_x1.25 seed 19 pid 2222101 avail_GiB 29.0 own_GiB 3.11 psi 0.0
[  2986s] finished OVN_NEW_s42M2H|scaled|rule|raw|UAFE|fee_x1.25 seed 16 rc 0 avail_GiB 28.8 own_GiB 3.14 psi 0.0
[  2988s] started OVN_NEW_s42M2H|scaled|rule|raw|UAFE|fee_x1.25 seed 20 pid 2222276 avail_GiB 28.7 own_GiB 3.15 psi 0.0
[  2994s] finished OVN_NEW_s42M2H|scaled|rule|raw|UAFE|fee_x1.25 seed 17 rc 0 avail_GiB 28.8 own_GiB 3.06 psi 0.0
[  2995s] started OVN_NEW_s42M2H|scaled|rule|raw|UAFE|fee_x1.25 seed 21 pid 2222296 avail_GiB 28.8 own_GiB 3.07 psi 0.0
[  2996s] finished OVN_NEW_s42M2H|scaled|rule|raw|UAFE|fee_x1.25 seed 18 rc 0 avail_GiB 28.8 own_GiB 3.08 psi 0.0
[  2998s] started OVN_NEW_s42M2H|scaled|rule|raw|UAFE|fee_x1.25 seed 22 pid 2222306 avail_GiB 28.7 own_GiB 3.10 psi 0.0
[  3050s] finished OVN_NEW_s42M2H|scaled|rule|raw|UAFE|fee_x1.25 seed 19 rc 0 avail_GiB 28.7 own_GiB 3.10 psi 0.0
[  3052s] started OVN_NEW_s42M2H|scaled|rule|raw|UAFE|fee_x1.25 seed 23 pid 2222396 avail_GiB 28.7 own_GiB 3.11 psi 0.0
[  3175s] finished OVN_NEW_s42M2H|scaled|rule|raw|UAFE|fee_x1.25 seed 21 rc 0 avail_GiB 28.5 own_GiB 3.14 psi 0.0
[  3176s] started OVN_NEW_s42M2H|scaled|rule|raw|UAFE|fee_x1.25 seed 24 pid 2222569 avail_GiB 28.5 own_GiB 3.09 psi 0.0
[  3177s] finished OVN_NEW_s42M2H|scaled|rule|raw|UAFE|fee_x1.25 seed 20 rc 0 avail_GiB 28.5 own_GiB 3.11 psi 0.0
[  3179s] started OVN_NEW_s42M2H|scaled|rule|raw|UAFE|fee_x1.25 seed 25 pid 2222581 avail_GiB 28.5 own_GiB 3.13 psi 0.0
[  3185s] finished OVN_NEW_s42M2H|scaled|rule|raw|UAFE|fee_x1.25 seed 22 rc 0 avail_GiB 28.5 own_GiB 3.09 psi 0.0
[  3187s] started OVN_NEW_s42M2H|scaled|rule|raw|UAFE|fee_x1.25 seed 26 pid 2222590 avail_GiB 28.5 own_GiB 3.11 psi 0.0
[  3251s] finished OVN_NEW_s42M2H|scaled|rule|raw|UAFE|fee_x1.25 seed 23 rc 0 avail_GiB 28.3 own_GiB 3.11 psi 0.0
[  3253s] started OVN_NEW_s42M2H|scaled|rule|raw|UAFE|fee_x1.25 seed 27 pid 2222661 avail_GiB 28.4 own_GiB 3.13 psi 0.0
[  3375s] finished OVN_NEW_s42M2H|scaled|rule|raw|UAFE|fee_x1.25 seed 24 rc 0 avail_GiB 28.1 own_GiB 2.84 psi 0.0
[  3376s] started OVN_NEW_s42M2H|scaled|rule|raw|UAFE|fee_x1.25 seed 28 pid 2222831 avail_GiB 28.2 own_GiB 3.10 psi 0.0
[  3377s] finished OVN_NEW_s42M2H|scaled|rule|raw|UAFE|fee_x1.25 seed 25 rc 0 avail_GiB 28.1 own_GiB 3.11 psi 0.0
[  3379s] started OVN_NEW_s42M2H|scaled|rule|raw|UAFE|fee_x1.25 seed 29 pid 2222834 avail_GiB 28.1 own_GiB 3.13 psi 0.0
[  3385s] finished OVN_NEW_s42M2H|scaled|rule|raw|UAFE|fee_x1.25 seed 26 rc 0 avail_GiB 28.1 own_GiB 3.09 psi 0.0
[  3387s] started OVN_NEW_s42M2H|scaled|rule|raw|UAFE|fee_x1.25 seed 30 pid 2222853 avail_GiB 28.1 own_GiB 3.11 psi 0.0
[  3453s] finished OVN_NEW_s42M2H|scaled|rule|raw|UAFE|fee_x1.25 seed 27 rc 0 avail_GiB 27.9 own_GiB 3.10 psi 0.0
[  3455s] started OVN_NEW_s42M2H|scaled|rule|raw|UAFE|fee_x1.25 seed 31 pid 2222973 avail_GiB 28.0 own_GiB 3.12 psi 0.0
[  3573s] finished OVN_NEW_s42M2H|scaled|rule|raw|UAFE|fee_x1.25 seed 28 rc 0 avail_GiB 27.9 own_GiB 3.13 psi 0.0
[  3575s] started OVN_NEW_s42M2H|scaled|rule|raw|UAFE|slip_x1.5 seed 0 pid 2223132 avail_GiB 27.9 own_GiB 3.15 psi 0.0
[  3581s] finished OVN_NEW_s42M2H|scaled|rule|raw|UAFE|fee_x1.25 seed 29 rc 0 avail_GiB 27.9 own_GiB 3.11 psi 0.0
[  3583s] started OVN_NEW_s42M2H|scaled|rule|raw|UAFE|slip_x1.5 seed 1 pid 2223149 avail_GiB 27.8 own_GiB 3.13 psi 0.0
[  3590s] finished OVN_NEW_s42M2H|scaled|rule|raw|UAFE|fee_x1.25 seed 30 rc 0 avail_GiB 27.9 own_GiB 3.09 psi 0.0
[  3592s] started OVN_NEW_s42M2H|scaled|rule|raw|UAFE|slip_x1.5 seed 2 pid 2223155 avail_GiB 27.8 own_GiB 3.11 psi 0.0
[  3659s] aggregated OVN_NEW_s42M2H|scaled|rule|raw|UAFE|fee_x1.25
[  3660s] finished OVN_NEW_s42M2H|scaled|rule|raw|UAFE|fee_x1.25 seed 31 rc 0 avail_GiB 27.6 own_GiB 3.17 psi 0.0
[  3662s] started OVN_NEW_s42M2H|scaled|rule|raw|UAFE|slip_x1.5 seed 3 pid 2223277 avail_GiB 27.6 own_GiB 3.19 psi 0.0
[  3780s] finished OVN_NEW_s42M2H|scaled|rule|raw|UAFE|slip_x1.5 seed 0 rc 0 avail_GiB 27.6 own_GiB 3.19 psi 0.0
[  3782s] started OVN_NEW_s42M2H|scaled|rule|raw|UAFE|slip_x1.5 seed 4 pid 2223429 avail_GiB 27.6 own_GiB 3.21 psi 0.0
[  3788s] finished OVN_NEW_s42M2H|scaled|rule|raw|UAFE|slip_x1.5 seed 1 rc 0 avail_GiB 27.6 own_GiB 3.17 psi 0.0
[  3791s] started OVN_NEW_s42M2H|scaled|rule|raw|UAFE|slip_x1.5 seed 5 pid 2223465 avail_GiB 27.6 own_GiB 3.19 psi 0.0
[  3797s] finished OVN_NEW_s42M2H|scaled|rule|raw|UAFE|slip_x1.5 seed 2 rc 0 avail_GiB 27.7 own_GiB 3.09 psi 0.0
[  3799s] started OVN_NEW_s42M2H|scaled|rule|raw|UAFE|slip_x1.5 seed 6 pid 2223471 avail_GiB 27.6 own_GiB 3.12 psi 0.0
[  3859s] finished OVN_NEW_s42M2H|scaled|rule|raw|UAFE|slip_x1.5 seed 3 rc 0 avail_GiB 27.5 own_GiB 3.10 psi 0.0
[  3861s] started OVN_NEW_s42M2H|scaled|rule|raw|UAFE|slip_x1.5 seed 7 pid 2223541 avail_GiB 27.5 own_GiB 3.12 psi 0.0
[  3979s] finished OVN_NEW_s42M2H|scaled|rule|raw|UAFE|slip_x1.5 seed 4 rc 0 avail_GiB 27.5 own_GiB 3.14 psi 0.0
[  3982s] started OVN_NEW_s42M2H|scaled|rule|raw|UAFE|slip_x1.5 seed 8 pid 2223721 avail_GiB 27.4 own_GiB 3.16 psi 0.0
[  3988s] finished OVN_NEW_s42M2H|scaled|rule|raw|UAFE|slip_x1.5 seed 5 rc 0 avail_GiB 27.4 own_GiB 3.11 psi 0.0
[  3990s] started OVN_NEW_s42M2H|scaled|rule|raw|UAFE|slip_x1.5 seed 9 pid 2223729 avail_GiB 27.4 own_GiB 3.13 psi 0.0
[  4002s] finished OVN_NEW_s42M2H|scaled|rule|raw|UAFE|slip_x1.5 seed 6 rc 0 avail_GiB 27.4 own_GiB 3.10 psi 0.0
[  4004s] started OVN_NEW_s42M2H|scaled|rule|raw|UAFE|slip_x1.5 seed 10 pid 2223741 avail_GiB 27.4 own_GiB 3.11 psi 0.0
[  4057s] finished OVN_NEW_s42M2H|scaled|rule|raw|UAFE|slip_x1.5 seed 7 rc 0 avail_GiB 27.3 own_GiB 3.10 psi 0.0
[  4060s] started OVN_NEW_s42M2H|scaled|rule|raw|UAFE|slip_x1.5 seed 11 pid 2223836 avail_GiB 27.3 own_GiB 3.13 psi 0.0
[  4183s] finished OVN_NEW_s42M2H|scaled|rule|raw|UAFE|slip_x1.5 seed 9 rc 0 avail_GiB 27.1 own_GiB 3.03 psi 0.0
[  4185s] started OVN_NEW_s42M2H|scaled|rule|raw|UAFE|slip_x1.5 seed 12 pid 2224018 avail_GiB 27.1 own_GiB 3.10 psi 0.0
[  4185s] finished OVN_NEW_s42M2H|scaled|rule|raw|UAFE|slip_x1.5 seed 8 rc 0 avail_GiB 27.1 own_GiB 3.11 psi 0.0
[  4187s] started OVN_NEW_s42M2H|scaled|rule|raw|UAFE|slip_x1.5 seed 13 pid 2224023 avail_GiB 27.1 own_GiB 3.13 psi 0.0
[  4206s] finished OVN_NEW_s42M2H|scaled|rule|raw|UAFE|slip_x1.5 seed 10 rc 0 avail_GiB 27.0 own_GiB 3.10 psi 0.0
[  4208s] started OVN_NEW_s42M2H|scaled|rule|raw|UAFE|slip_x1.5 seed 14 pid 2224099 avail_GiB 27.0 own_GiB 3.11 psi 0.0
[  4261s] finished OVN_NEW_s42M2H|scaled|rule|raw|UAFE|slip_x1.5 seed 11 rc 0 avail_GiB 26.9 own_GiB 3.10 psi 0.0
[  4263s] started OVN_NEW_s42M2H|scaled|rule|raw|UAFE|slip_x1.5 seed 15 pid 2224295 avail_GiB 26.9 own_GiB 3.13 psi 0.0
[  4387s] finished OVN_NEW_s42M2H|scaled|rule|raw|UAFE|slip_x1.5 seed 12 rc 0 avail_GiB 26.8 own_GiB 3.08 psi 0.0
[  4389s] started OVN_NEW_s42M2H|scaled|rule|raw|UAFE|slip_x1.5 seed 16 pid 2224484 avail_GiB 26.8 own_GiB 3.10 psi 0.0
[  4390s] finished OVN_NEW_s42M2H|scaled|rule|raw|UAFE|slip_x1.5 seed 13 rc 0 avail_GiB 26.8 own_GiB 3.11 psi 0.0
[  4393s] started OVN_NEW_s42M2H|scaled|rule|raw|UAFE|slip_x1.5 seed 17 pid 2224499 avail_GiB 26.8 own_GiB 3.13 psi 0.0
[  4412s] finished OVN_NEW_s42M2H|scaled|rule|raw|UAFE|slip_x1.5 seed 14 rc 0 avail_GiB 26.8 own_GiB 3.10 psi 0.0
[  4414s] started OVN_NEW_s42M2H|scaled|rule|raw|UAFE|slip_x1.5 seed 18 pid 2224545 avail_GiB 26.8 own_GiB 3.12 psi 0.0
[  4468s] finished OVN_NEW_s42M2H|scaled|rule|raw|UAFE|slip_x1.5 seed 15 rc 0 avail_GiB 26.7 own_GiB 3.10 psi 0.0
[  4471s] started OVN_NEW_s42M2H|scaled|rule|raw|UAFE|slip_x1.5 seed 19 pid 2224598 avail_GiB 26.7 own_GiB 3.13 psi 0.0
[  4593s] finished OVN_NEW_s42M2H|scaled|rule|raw|UAFE|slip_x1.5 seed 16 rc 0 avail_GiB 26.4 own_GiB 3.08 psi 0.0
[  4594s] started OVN_NEW_s42M2H|scaled|rule|raw|UAFE|slip_x1.5 seed 20 pid 2224743 avail_GiB 26.5 own_GiB 3.10 psi 0.0
[  4595s] finished OVN_NEW_s42M2H|scaled|rule|raw|UAFE|slip_x1.5 seed 17 rc 0 avail_GiB 26.5 own_GiB 3.11 psi 0.0
[  4597s] started OVN_NEW_s42M2H|scaled|rule|raw|UAFE|slip_x1.5 seed 21 pid 2224746 avail_GiB 26.5 own_GiB 3.13 psi 0.0
[  4609s] finished OVN_NEW_s42M2H|scaled|rule|raw|UAFE|slip_x1.5 seed 18 rc 0 avail_GiB 26.4 own_GiB 3.09 psi 0.0
[  4610s] started OVN_NEW_s42M2H|scaled|rule|raw|UAFE|slip_x1.5 seed 22 pid 2224757 avail_GiB 26.4 own_GiB 3.11 psi 0.0
[  4665s] finished OVN_NEW_s42M2H|scaled|rule|raw|UAFE|slip_x1.5 seed 19 rc 0 avail_GiB 26.4 own_GiB 3.10 psi 0.0
[  4667s] started OVN_NEW_s42M2H|scaled|rule|raw|UAFE|slip_x1.5 seed 23 pid 2224839 avail_GiB 26.4 own_GiB 3.12 psi 0.0
[  4822s] finished OVN_NEW_s42M2H|scaled|rule|raw|UAFE|slip_x1.5 seed 20 rc 0 avail_GiB 26.3 own_GiB 3.14 psi 0.0
[  4824s] started OVN_NEW_s42M2H|scaled|rule|raw|UAFE|slip_x1.5 seed 24 pid 2225071 avail_GiB 26.3 own_GiB 3.16 psi 0.0
[  4830s] finished OVN_NEW_s42M2H|scaled|rule|raw|UAFE|slip_x1.5 seed 21 rc 0 avail_GiB 26.2 own_GiB 3.11 psi 0.0
[  4833s] started OVN_NEW_s42M2H|scaled|rule|raw|UAFE|slip_x1.5 seed 25 pid 2225078 avail_GiB 26.2 own_GiB 3.14 psi 0.0
[  4839s] finished OVN_NEW_s42M2H|scaled|rule|raw|UAFE|slip_x1.5 seed 22 rc 0 avail_GiB 26.3 own_GiB 3.09 psi 0.0
[  4842s] started OVN_NEW_s42M2H|scaled|rule|raw|UAFE|slip_x1.5 seed 26 pid 2225086 avail_GiB 26.3 own_GiB 3.12 psi 0.0
[  4896s] finished OVN_NEW_s42M2H|scaled|rule|raw|UAFE|slip_x1.5 seed 23 rc 0 avail_GiB 26.1 own_GiB 3.10 psi 0.0
[  4899s] started OVN_NEW_s42M2H|scaled|rule|raw|UAFE|slip_x1.5 seed 27 pid 2225167 avail_GiB 26.1 own_GiB 3.12 psi 0.0
[  5053s] finished OVN_NEW_s42M2H|scaled|rule|raw|UAFE|slip_x1.5 seed 24 rc 0 avail_GiB 25.9 own_GiB 3.14 psi 0.0
[  5054s] started OVN_NEW_s42M2H|scaled|rule|raw|UAFE|slip_x1.5 seed 28 pid 2225466 avail_GiB 26.0 own_GiB 3.15 psi 0.0
[  5060s] finished OVN_NEW_s42M2H|scaled|rule|raw|UAFE|slip_x1.5 seed 25 rc 0 avail_GiB 26.0 own_GiB 3.11 psi 0.0
[  5062s] started OVN_NEW_s42M2H|scaled|rule|raw|UAFE|slip_x1.5 seed 29 pid 2225479 avail_GiB 25.9 own_GiB 3.13 psi 0.0
[  5069s] finished OVN_NEW_s42M2H|scaled|rule|raw|UAFE|slip_x1.5 seed 26 rc 0 avail_GiB 26.0 own_GiB 3.09 psi 0.0
[  5072s] started OVN_NEW_s42M2H|scaled|rule|raw|UAFE|slip_x1.5 seed 30 pid 2225486 avail_GiB 26.0 own_GiB 3.12 psi 0.0
[  5121s] finished OVN_NEW_s42M2H|scaled|rule|raw|UAFE|slip_x1.5 seed 27 rc 0 avail_GiB 25.8 own_GiB 3.10 psi 0.0
[  5124s] started OVN_NEW_s42M2H|scaled|rule|raw|UAFE|slip_x1.5 seed 31 pid 2225561 avail_GiB 25.8 own_GiB 3.12 psi 0.0
[  5264s] finished OVN_NEW_s42M2H|scaled|rule|raw|UAFE|slip_x1.5 seed 28 rc 0 avail_GiB 25.6 own_GiB 3.14 psi 0.0
[  5266s] started OVN_NEW_s42M2H|scaled|rule|raw|UAFE|fill_x0.9 seed 0 pid 2225763 avail_GiB 25.6 own_GiB 3.16 psi 0.0
[  5272s] finished OVN_NEW_s42M2H|scaled|rule|raw|UAFE|slip_x1.5 seed 29 rc 0 avail_GiB 25.7 own_GiB 3.06 psi 0.0
[  5274s] started OVN_NEW_s42M2H|scaled|rule|raw|UAFE|fill_x0.9 seed 1 pid 2225772 avail_GiB 25.7 own_GiB 3.08 psi 0.0
[  5275s] finished OVN_NEW_s42M2H|scaled|rule|raw|UAFE|slip_x1.5 seed 30 rc 0 avail_GiB 25.7 own_GiB 3.09 psi 0.0
[  5276s] started OVN_NEW_s42M2H|scaled|rule|raw|UAFE|fill_x0.9 seed 2 pid 2225774 avail_GiB 25.6 own_GiB 3.11 psi 0.0
[  5336s] aggregated OVN_NEW_s42M2H|scaled|rule|raw|UAFE|slip_x1.5
[  5337s] finished OVN_NEW_s42M2H|scaled|rule|raw|UAFE|slip_x1.5 seed 31 rc 0 avail_GiB 25.5 own_GiB 3.17 psi 0.0
[  5339s] started OVN_NEW_s42M2H|scaled|rule|raw|UAFE|fill_x0.9 seed 3 pid 2225851 avail_GiB 25.5 own_GiB 3.18 psi 0.0
[  5459s] finished OVN_NEW_s42M2H|scaled|rule|raw|UAFE|fill_x0.9 seed 1 rc 0 avail_GiB 25.2 own_GiB 3.19 psi 0.0
[  5461s] started OVN_NEW_s42M2H|scaled|rule|raw|UAFE|fill_x0.9 seed 4 pid 2226079 avail_GiB 25.2 own_GiB 3.15 psi 0.0
[  5461s] finished OVN_NEW_s42M2H|scaled|rule|raw|UAFE|fill_x0.9 seed 0 rc 0 avail_GiB 25.3 own_GiB 3.16 psi 0.0
[  5463s] started OVN_NEW_s42M2H|scaled|rule|raw|UAFE|fill_x0.9 seed 5 pid 2226086 avail_GiB 25.2 own_GiB 3.18 psi 0.0
[  5469s] finished OVN_NEW_s42M2H|scaled|rule|raw|UAFE|fill_x0.9 seed 2 rc 0 avail_GiB 25.3 own_GiB 3.09 psi 0.0
[  5471s] started OVN_NEW_s42M2H|scaled|rule|raw|UAFE|fill_x0.9 seed 6 pid 2226090 avail_GiB 25.3 own_GiB 3.10 psi 0.0
[  5526s] finished OVN_NEW_s42M2H|scaled|rule|raw|UAFE|fill_x0.9 seed 3 rc 0 avail_GiB 25.2 own_GiB 3.10 psi 0.0
[  5530s] started OVN_NEW_s42M2H|scaled|rule|raw|UAFE|fill_x0.9 seed 7 pid 2226181 avail_GiB 25.2 own_GiB 3.12 psi 0.0
[  5656s] finished OVN_NEW_s42M2H|scaled|rule|raw|UAFE|fill_x0.9 seed 4 rc 0 avail_GiB 25.1 own_GiB 3.13 psi 0.0
[  5659s] started OVN_NEW_s42M2H|scaled|rule|raw|UAFE|fill_x0.9 seed 8 pid 2226365 avail_GiB 25.1 own_GiB 3.15 psi 0.0
[  5676s] finished OVN_NEW_s42M2H|scaled|rule|raw|UAFE|fill_x0.9 seed 5 rc 0 avail_GiB 25.1 own_GiB 2.90 psi 0.0
[  5678s] started OVN_NEW_s42M2H|scaled|rule|raw|UAFE|fill_x0.9 seed 9 pid 2226383 avail_GiB 25.1 own_GiB 3.07 psi 0.0
[  5678s] finished OVN_NEW_s42M2H|scaled|rule|raw|UAFE|fill_x0.9 seed 6 rc 0 avail_GiB 25.1 own_GiB 3.08 psi 0.0
[  5680s] started OVN_NEW_s42M2H|scaled|rule|raw|UAFE|fill_x0.9 seed 10 pid 2226399 avail_GiB 25.1 own_GiB 3.10 psi 0.0
[  5751s] finished OVN_NEW_s42M2H|scaled|rule|raw|UAFE|fill_x0.9 seed 7 rc 0 avail_GiB 25.0 own_GiB 3.11 psi 0.0
[  5753s] started OVN_NEW_s42M2H|scaled|rule|raw|UAFE|fill_x0.9 seed 11 pid 2226509 avail_GiB 25.0 own_GiB 3.12 psi 0.0
[  5842s] finished OVN_NEW_s42M2H|scaled|rule|raw|UAFE|fill_x0.9 seed 8 rc 0 avail_GiB 24.9 own_GiB 3.13 psi 0.0
[  5845s] started OVN_NEW_s42M2H|scaled|rule|raw|UAFE|fill_x0.9 seed 12 pid 2226607 avail_GiB 24.9 own_GiB 3.15 psi 0.0
[  5864s] finished OVN_NEW_s42M2H|scaled|rule|raw|UAFE|fill_x0.9 seed 9 rc 0 avail_GiB 24.8 own_GiB 3.37 psi 0.0
[  5866s] started OVN_NEW_s42M2H|scaled|rule|raw|UAFE|fill_x0.9 seed 13 pid 2226634 avail_GiB 24.8 own_GiB 3.08 psi 0.0
[  5867s] finished OVN_NEW_s42M2H|scaled|rule|raw|UAFE|fill_x0.9 seed 10 rc 0 avail_GiB 24.9 own_GiB 3.08 psi 0.0
[  5870s] started OVN_NEW_s42M2H|scaled|rule|raw|UAFE|fill_x0.9 seed 14 pid 2226649 avail_GiB 24.8 own_GiB 3.10 psi 0.0
[  5941s] finished OVN_NEW_s42M2H|scaled|rule|raw|UAFE|fill_x0.9 seed 11 rc 0 avail_GiB 24.7 own_GiB 3.11 psi 0.0
[  5943s] started OVN_NEW_s42M2H|scaled|rule|raw|UAFE|fill_x0.9 seed 15 pid 2226762 avail_GiB 24.7 own_GiB 3.12 psi 0.0
[  6029s] finished OVN_NEW_s42M2H|scaled|rule|raw|UAFE|fill_x0.9 seed 12 rc 0 avail_GiB 24.8 own_GiB 3.13 psi 0.0
[  6032s] started OVN_NEW_s42M2H|scaled|rule|raw|UAFE|fill_x0.9 seed 16 pid 2226965 avail_GiB 24.7 own_GiB 3.14 psi 0.0
[  6066s] finished OVN_NEW_s42M2H|scaled|rule|raw|UAFE|fill_x0.9 seed 13 rc 0 avail_GiB 24.6 own_GiB 3.12 psi 0.0
[  6068s] started OVN_NEW_s42M2H|scaled|rule|raw|UAFE|fill_x0.9 seed 17 pid 2227043 avail_GiB 24.6 own_GiB 3.13 psi 0.0
[  6074s] finished OVN_NEW_s42M2H|scaled|rule|raw|UAFE|fill_x0.9 seed 14 rc 0 avail_GiB 24.6 own_GiB 3.10 psi 0.0
[  6076s] started OVN_NEW_s42M2H|scaled|rule|raw|UAFE|fill_x0.9 seed 18 pid 2227128 avail_GiB 24.4 own_GiB 3.11 psi 0.0
[  6163s] finished OVN_NEW_s42M2H|scaled|rule|raw|UAFE|fill_x0.9 seed 15 rc 0 avail_GiB 21.0 own_GiB 3.12 psi 0.0
[  6206s] finished OVN_NEW_s42M2H|scaled|rule|raw|UAFE|fill_x0.9 seed 16 rc 0 avail_GiB 17.3 own_GiB 3.08 psi 0.0
[  6227s] finished OVN_NEW_s42M2H|scaled|rule|raw|UAFE|fill_x0.9 seed 18 rc 0 avail_GiB 17.6 own_GiB 3.04 psi 0.0
[  6233s] finished OVN_NEW_s42M2H|scaled|rule|raw|UAFE|fill_x0.9 seed 17 rc 0 avail_GiB 17.7 own_GiB 2.98 psi 0.0
[  6233s] memory: available 17.7 GiB < 22.0 and nothing running — polling every 60 s
[  6293s] memory: available 21.9 GiB < 22.0 and nothing running — polling every 60 s
[  6353s] started OVN_NEW_s42M2H|scaled|rule|raw|UAFE|fill_x0.9 seed 19 pid 2228071 avail_GiB 22.0 own_GiB 2.99 psi 0.0
[  6353s] started OVN_NEW_s42M2H|scaled|rule|raw|UAFE|fill_x0.9 seed 20 pid 2228074 avail_GiB 22.0 own_GiB 3.01 psi 0.0
[  6436s] started OVN_NEW_s42M2H|scaled|rule|raw|UAFE|fill_x0.9 seed 21 pid 2228309 avail_GiB 22.0 own_GiB 2.99 psi 0.0
[  6436s] finished OVN_NEW_s42M2H|scaled|rule|raw|UAFE|fill_x0.9 seed 19 rc 0 avail_GiB 22.0 own_GiB 3.00 psi 0.0
[  6436s] finished OVN_NEW_s42M2H|scaled|rule|raw|UAFE|fill_x0.9 seed 20 rc 0 avail_GiB 22.0 own_GiB 3.00 psi 0.0
[  6452s] started OVN_NEW_s42M2H|scaled|rule|raw|UAFE|fill_x0.9 seed 22 pid 2228322 avail_GiB 22.2 own_GiB 3.03 psi 0.0
[  6452s] started OVN_NEW_s42M2H|scaled|rule|raw|UAFE|fill_x0.9 seed 23 pid 2228324 avail_GiB 22.1 own_GiB 3.06 psi 0.0
[  6453s] started OVN_NEW_s42M2H|scaled|rule|raw|UAFE|fill_x0.9 seed 24 pid 2228326 avail_GiB 22.1 own_GiB 3.08 psi 0.0
[  6522s] finished OVN_NEW_s42M2H|scaled|rule|raw|UAFE|fill_x0.9 seed 21 rc 0 avail_GiB 21.8 own_GiB 3.14 psi 0.0
[  6532s] finished OVN_NEW_s42M2H|scaled|rule|raw|UAFE|fill_x0.9 seed 22 rc 0 avail_GiB 21.8 own_GiB 3.10 psi 0.0
[  6538s] finished OVN_NEW_s42M2H|scaled|rule|raw|UAFE|fill_x0.9 seed 23 rc 0 avail_GiB 21.9 own_GiB 2.98 psi 0.0
[  6538s] finished OVN_NEW_s42M2H|scaled|rule|raw|UAFE|fill_x0.9 seed 24 rc 0 avail_GiB 21.9 own_GiB 2.98 psi 0.0
[  6538s] memory: available 21.9 GiB < 22.0 and nothing running — polling every 60 s
[  6598s] memory: available 21.3 GiB < 22.0 and nothing running — polling every 60 s
[  6658s] memory: available 21.2 GiB < 22.0 and nothing running — polling every 60 s
[  6718s] memory: available 21.1 GiB < 22.0 and nothing running — polling every 60 s
[  6778s] memory: available 21.9 GiB < 22.0 and nothing running — polling every 60 s
[  6838s] memory: available 21.9 GiB < 22.0 and nothing running — polling every 60 s
[  6898s] memory: available 21.7 GiB < 22.0 and nothing running — polling every 60 s
[  6958s] memory: available 21.6 GiB < 22.0 and nothing running — polling every 60 s
[  7018s] started OVN_NEW_s42M2H|scaled|rule|raw|UAFE|fill_x0.9 seed 25 pid 2230203 avail_GiB 25.0 own_GiB 2.99 psi 0.0
[  7018s] started OVN_NEW_s42M2H|scaled|rule|raw|UAFE|fill_x0.9 seed 26 pid 2230204 avail_GiB 25.0 own_GiB 3.02 psi 0.0
[  7019s] started OVN_NEW_s42M2H|scaled|rule|raw|UAFE|fill_x0.9 seed 27 pid 2230206 avail_GiB 24.9 own_GiB 3.04 psi 0.0
[  7019s] started OVN_NEW_s42M2H|scaled|rule|raw|UAFE|fill_x0.9 seed 28 pid 2230207 avail_GiB 24.9 own_GiB 3.07 psi 0.0
[  7110s] finished OVN_NEW_s42M2H|scaled|rule|raw|UAFE|fill_x0.9 seed 26 rc 0 avail_GiB 24.3 own_GiB 3.30 psi 0.0
[  7111s] started OVN_NEW_s42M2H|scaled|rule|raw|UAFE|fill_x0.9 seed 29 pid 2230673 avail_GiB 24.4 own_GiB 3.05 psi 0.0
[  7111s] finished OVN_NEW_s42M2H|scaled|rule|raw|UAFE|fill_x0.9 seed 25 rc 0 avail_GiB 24.3 own_GiB 3.06 psi 0.0
[  7112s] started OVN_NEW_s42M2H|scaled|rule|raw|UAFE|fill_x0.9 seed 30 pid 2230688 avail_GiB 24.3 own_GiB 3.33 psi 0.0
[  7112s] finished OVN_NEW_s42M2H|scaled|rule|raw|UAFE|fill_x0.9 seed 27 rc 0 avail_GiB 24.4 own_GiB 3.03 psi 0.0
[  7113s] started OVN_NEW_s42M2H|scaled|rule|raw|UAFE|fill_x0.9 seed 31 pid 2230706 avail_GiB 24.4 own_GiB 3.04 psi 0.0
[  7113s] finished OVN_NEW_s42M2H|scaled|rule|raw|UAFE|fill_x0.9 seed 28 rc 0 avail_GiB 24.3 own_GiB 3.06 psi 0.0
[  7208s] finished OVN_NEW_s42M2H|scaled|rule|raw|UAFE|fill_x0.9 seed 29 rc 0 avail_GiB 33.1 own_GiB 2.98 psi 0.0
[  7208s] finished OVN_NEW_s42M2H|scaled|rule|raw|UAFE|fill_x0.9 seed 30 rc 0 avail_GiB 33.1 own_GiB 2.98 psi 0.0
[  7209s] aggregated OVN_NEW_s42M2H|scaled|rule|raw|UAFE|fill_x0.9
[  7209s] finished OVN_NEW_s42M2H|scaled|rule|raw|UAFE|fill_x0.9 seed 31 rc 0 avail_GiB 33.0 own_GiB 2.98 psi 0.0
[  7209s] CHECK runs.all_rc0 OK {"OVN_NEW_s42M2H|scaled|rule|raw|UAFE": {"0": 0, "1": 0, "2": 0, "3": 0, "4": 0, "5": 0, "6": 0, "7": 0, "8": 0, "9": 0, "10": 0, "11": 0, "12": 0, "14": 0, "13": 0, "15": 0, "17": 0, "16": 0, "18": 0, "19": 0, "20": 0, "21": 0, "22": 0, "2
[  7209s] CHECK runs.audits_clean OK 
BT_LAUNCH VERDICT=PASS label=full_m2h_new_s42 runs=4 seeds=32 receipt_sha256=9a08fc6d6174bc9029cc5380f6042b85c3e50b5bba5411e5cc1b89aed482343e
EXIT 0
