[     0s] CHECK config.not_a_template_and_nothing_pending OK {"status": "FROZEN before any M2 number \u2014 NAMED DEVIATION route (executor-level overlay, m2_hook.py) of prereg docs/PREREG_old_vs_new_models_same_engine_2026-09-23.md Stage 2 (8530d2b7f / 1217d786)", "pending": []}
[     0s] CHECK pin.prereg OK {"path": "/workspace/baseline_tables_2026-09-19/pins/PREREG_baseline_tables_certified_2026-09-19.md", "got": "d9fe45e3191f56e5", "want": "d9fe45e3191f56e5"}
[     0s] CHECK pin.prereg_amendment_1 OK {"path": "/workspace/baseline_tables_2026-09-19/pins/AMENDMENT_1_baseline_tables_certified_2026-09-19.md", "got": "766bc367743d8542", "want": "766bc367743d8542"}
[     0s] CHECK pin.exec_sim OK {"path": "/workspace/baseline_tables_2026-09-19/devices/exec_copy/exec_sim.py", "got": "29679672e68d4842", "want": "29679672e68d4842"}
[     0s] CHECK pin.simlib OK {"path": "/workspace/baseline_tables_2026-09-19/devices/exec_copy/simlib.py", "got": "55246fe98da2d57a", "want": "55246fe98da2d57a"}
[     0s] CHECK pin.v1b_gate OK {"path": "/workspace/baseline_tables_2026-09-19/devices/exec_copy/v1b_gate.py", "got": "4a725921a470f4c1", "want": "4a725921a470f4c1"}
[     0s] CHECK pin.v1_gate OK {"path": "/workspace/baseline_tables_2026-09-19/devices/exec_copy/v1_gate.py", "got": "c97d9b3d49212b49", "want": "c97d9b3d49212b49"}
[     0s] CHECK pin.calibration OK {"path": "/workspace/baseline_tables_2026-09-19/devices/exec_copy/CALIBRATION_v3_POOLED_20260826_20260910.json", "got": "fda342431d39703e", "want": "fda342431d39703e"}
[     0s] CHECK pin.input_manifest OK {"path": "/workspace/baseline_tables_2026-09-19/devices/exec_copy/INPUT_MANIFEST.json", "got": "59875e5a69db415f", "want": "59875e5a69db415f"}
[     0s] CHECK pin.p2_s2_lib OK {"path": "/workspace/uplift_r2_2026-09-13/P2/devices/p2_s2_lib.py", "got": "c53f5c495036727f", "want": "c53f5c495036727f"}
[     6s] CHECK pin.price_full_raw OK {"path": "/workspace/baseline_tables_2026-09-19/work/price_full_raw_x0918r.npy", "got": "23af32bd97c267d1", "want": "23af32bd97c267d1"}
[     6s] CHECK pin.price_full_meta OK {"path": "/workspace/baseline_tables_2026-09-19/work/price_full_raw_x0918r_meta.npz", "got": "d1e49cc9f0a7ddc4", "want": "d1e49cc9f0a7ddc4"}
[     6s] CHECK pin.price_receipt OK {"path": "/workspace/baseline_tables_2026-09-19/receipts/BT_PRICES_FULL_X0918R.json", "got": "130592b122831e03", "want": "130592b122831e03"}
[     7s] CHECK pin.price_source_table_x0918r OK {"path": "/workspace/raw_price_fix_2026-09-19/ext_x0918r/work/price_logtable_raw_x0918r.npy", "got": "9249b0da4a4c5789", "want": "9249b0da4a4c5789"}
[     7s] CHECK pin.price_source_meta_x0918r OK {"path": "/workspace/raw_price_fix_2026-09-19/ext_x0918r/work/price_meta_raw_x0918r.npz", "got": "da136830cee7e1a2", "want": "da136830cee7e1a2"}
[     7s] CHECK pin.ledger_full OK {"path": "/workspace/baseline_tables_2026-09-19/funding/ledger_spliced_p2_to_20260901T0200_streamD_after.npz", "got": "073088e503c026d6", "want": "073088e503c026d6"}
[     7s] CHECK pin.funding_overlap_proof OK {"path": "/workspace/baseline_tables_2026-09-19/funding/BT_FUNDING_OVERLAP.json", "got": "0ee6d99bfa2acfb9", "want": "0ee6d99bfa2acfb9"}
[     7s] CHECK pin.funding_source_p2 OK {"path": "/workspace/uplift_r2_2026-09-13/P2/work/ledger_full.npz", "got": "bea6f5752772d54e", "want": "bea6f5752772d54e"}
[     7s] CHECK pin.funding_source_stream_d OK {"path": "/workspace/axis_0919/funding/funding_ledger.npz", "got": "74b69e635efbf355", "want": "74b69e635efbf355"}
[     7s] CHECK pin.funding_4h_accounting_stream_d OK {"path": "/workspace/axis_0919/funding/funding_4h_accounting.npz", "got": "2838e5f6cf42fff5", "want": "2838e5f6cf42fff5"}
[     7s] CHECK pin.tradability OK {"path": "/workspace/axis_0919/x0918r/trd/tradability_v1.npz", "got": "bebf69ab9ddb3b05", "want": "bebf69ab9ddb3b05"}
[     7s] CHECK pin.universe OK {"path": "/workspace/uplift_r2_2026-09-13/P2/work/universe.npz", "got": "6322b57366078ed0", "want": "6322b57366078ed0"}
[     7s] CHECK pin.g0_labels OK {"path": "/workspace/baseline_tables_2026-09-19/g0x/g0_labels_x0918.npz", "got": "c3832939e1b01333", "want": "c3832939e1b01333"}
[     7s] CHECK pin.g0_receipt OK {"path": "/workspace/baseline_tables_2026-09-19/g0x/RECEIPT_bt_g0_extend.json", "got": "8afd680472ef21be", "want": "8afd680472ef21be"}
[     7s] CHECK price_receipt.PASS_and_outputs OK {"price_kinds": ["raw"]}
[     8s] CHECK pin.executor_tree_409ea16_vs_manifest OK {"n": 332, "bad": []}
[     9s] CHECK exec_sim.version_v3.1 OK "v3.1"
[     9s] CHECK runs.selected OK {"runs": ["OBJB_A0M2H|scaled|rule|raw|UAFE", "OBJB_A0M2H|scaled|rule|raw|UAFE|fee_x1.25", "OBJB_A0M2H|scaled|rule|raw|UAFE|slip_x1.5", "OBJB_A0M2H|scaled|rule|raw|UAFE|fill_x0.9"], "seeds": [0, 1, 2, 3, 4, 5, 6, 7, 8, 9, 10, 11, 12, 13, 14,
[     9s] CHECK window.n_anchors OK 9139
[     9s] CHECK axis.symbols OK 
[     9s] CHECK prices.grid_covers_window OK {"grid0": 1656532800, "n": 444145}
[     9s] CHECK ua_sets.counts_of_the_sets_the_runs_use OK {"UNAVAILABLE_3084": 3084}
[    16s] prices raw (444145, 829)
[    16s] CHECK run.OBJB_A0M2H|scaled|rule|raw|UAFE.policy_named OK 
[    16s] CHECK run.OBJB_A0M2H|scaled|rule|raw|UAFE.ua_cells_already_at_last_available_price OK {"cells_that_would_change": 0}
[    16s] CHECK run.OBJB_A0M2H|scaled|rule|raw|UAFE|fee_x1.25.policy_named OK 
[    16s] CHECK run.OBJB_A0M2H|scaled|rule|raw|UAFE|fee_x1.25.ua_cells_already_at_last_available_price OK {"cells_that_would_change": 0}
[    16s] CHECK run.OBJB_A0M2H|scaled|rule|raw|UAFE|slip_x1.5.policy_named OK 
[    16s] CHECK run.OBJB_A0M2H|scaled|rule|raw|UAFE|slip_x1.5.ua_cells_already_at_last_available_price OK {"cells_that_would_change": 0}
[    16s] CHECK run.OBJB_A0M2H|scaled|rule|raw|UAFE|fill_x0.9.policy_named OK 
[    16s] CHECK run.OBJB_A0M2H|scaled|rule|raw|UAFE|fill_x0.9.ua_cells_already_at_last_available_price OK {"cells_that_would_change": 0}
[    18s] funding rows 2386274
[    18s] CHECK axis.tradability_symbols OK 
[    18s] CHECK tradability.covers_window OK 
[    18s] CHECK calibration.v3_pooled_frozen OK 
[    18s] CHECK calibration.decision_offset_N+24 OK 1440
[    19s] CHECK executor.pns_wide OK 
[    19s] CHECK executor.gross_mult_config OK {"gm": 2.0, "onu": "hold"}
[    21s] CHECK objb_targets.OBJB_A0M2H|scaled|rule|raw|UAFE.loaded OK {"window_anchors": 9139, "combo": 6702, "king": 2437, "hold": 0, "written_rows_without_weights": 0}
[    24s] CHECK objb_targets.OBJB_A0M2H|scaled|rule|raw|UAFE|fee_x1.25.loaded OK {"window_anchors": 9139, "combo": 6702, "king": 2437, "hold": 0, "written_rows_without_weights": 0}
[    25s] CHECK objb_targets.OBJB_A0M2H|scaled|rule|raw|UAFE|slip_x1.5.loaded OK {"window_anchors": 9139, "combo": 6702, "king": 2437, "hold": 0, "written_rows_without_weights": 0}
[    26s] CHECK objb_targets.OBJB_A0M2H|scaled|rule|raw|UAFE|fill_x0.9.loaded OK {"window_anchors": 9139, "combo": 6702, "king": 2437, "hold": 0, "written_rows_without_weights": 0}
[    26s] resume: existing 0 to run 128
[    26s] started OBJB_A0M2H|scaled|rule|raw|UAFE seed 0 pid 2215274 avail_GiB 50.2 own_GiB 3.04 psi 5.2
[    26s] started OBJB_A0M2H|scaled|rule|raw|UAFE seed 1 pid 2215275 avail_GiB 50.1 own_GiB 3.05 psi 5.2
[    26s] started OBJB_A0M2H|scaled|rule|raw|UAFE seed 2 pid 2215276 avail_GiB 50.1 own_GiB 3.08 psi 5.2
[    27s] started OBJB_A0M2H|scaled|rule|raw|UAFE seed 3 pid 2215277 avail_GiB 50.1 own_GiB 3.12 psi 5.2
[   135s] finished OBJB_A0M2H|scaled|rule|raw|UAFE seed 1 rc 0 avail_GiB 34.7 own_GiB 3.09 psi 9.6
[   135s] started OBJB_A0M2H|scaled|rule|raw|UAFE seed 4 pid 2215676 avail_GiB 34.7 own_GiB 3.03 psi 7.8
[   135s] finished OBJB_A0M2H|scaled|rule|raw|UAFE seed 0 rc 0 avail_GiB 34.7 own_GiB 3.04 psi 7.8
[   136s] started OBJB_A0M2H|scaled|rule|raw|UAFE seed 5 pid 2215680 avail_GiB 34.6 own_GiB 3.06 psi 7.8
[   136s] finished OBJB_A0M2H|scaled|rule|raw|UAFE seed 2 rc 0 avail_GiB 34.6 own_GiB 3.07 psi 7.8
[   137s] started OBJB_A0M2H|scaled|rule|raw|UAFE seed 6 pid 2215682 avail_GiB 34.6 own_GiB 3.09 psi 7.8
[   137s] finished OBJB_A0M2H|scaled|rule|raw|UAFE seed 3 rc 0 avail_GiB 34.6 own_GiB 3.09 psi 7.8
[   138s] started OBJB_A0M2H|scaled|rule|raw|UAFE seed 7 pid 2215692 avail_GiB 34.5 own_GiB 3.11 psi 6.4
[   367s] finished OBJB_A0M2H|scaled|rule|raw|UAFE seed 4 rc 0 avail_GiB 29.9 own_GiB 3.02 psi 3.5
[   367s] started OBJB_A0M2H|scaled|rule|raw|UAFE seed 8 pid 2216504 avail_GiB 29.9 own_GiB 3.03 psi 4.1
[   367s] finished OBJB_A0M2H|scaled|rule|raw|UAFE seed 5 rc 0 avail_GiB 29.9 own_GiB 3.04 psi 4.1
[   368s] started OBJB_A0M2H|scaled|rule|raw|UAFE seed 9 pid 2216507 avail_GiB 30.1 own_GiB 3.06 psi 4.1
[   368s] finished OBJB_A0M2H|scaled|rule|raw|UAFE seed 6 rc 0 avail_GiB 30.0 own_GiB 3.06 psi 4.1
[   368s] started OBJB_A0M2H|scaled|rule|raw|UAFE seed 10 pid 2216508 avail_GiB 29.9 own_GiB 3.08 psi 4.1
[   369s] finished OBJB_A0M2H|scaled|rule|raw|UAFE seed 7 rc 0 avail_GiB 29.9 own_GiB 3.09 psi 4.1
[   369s] started OBJB_A0M2H|scaled|rule|raw|UAFE seed 11 pid 2216511 avail_GiB 29.8 own_GiB 3.11 psi 4.6
[   601s] finished OBJB_A0M2H|scaled|rule|raw|UAFE seed 8 rc 0 avail_GiB 33.5 own_GiB 3.14 psi 0.0
[   602s] started OBJB_A0M2H|scaled|rule|raw|UAFE seed 12 pid 2217097 avail_GiB 33.5 own_GiB 3.15 psi 0.0
[   602s] finished OBJB_A0M2H|scaled|rule|raw|UAFE seed 9 rc 0 avail_GiB 33.5 own_GiB 3.15 psi 0.0
[   603s] started OBJB_A0M2H|scaled|rule|raw|UAFE seed 13 pid 2217098 avail_GiB 33.5 own_GiB 3.17 psi 0.0
[   608s] finished OBJB_A0M2H|scaled|rule|raw|UAFE seed 10 rc 0 avail_GiB 33.5 own_GiB 3.14 psi 0.0
[   609s] started OBJB_A0M2H|scaled|rule|raw|UAFE seed 14 pid 2217113 avail_GiB 33.5 own_GiB 3.15 psi 0.0
[   615s] finished OBJB_A0M2H|scaled|rule|raw|UAFE seed 11 rc 0 avail_GiB 33.5 own_GiB 3.11 psi 0.0
[   616s] started OBJB_A0M2H|scaled|rule|raw|UAFE seed 15 pid 2217123 avail_GiB 33.5 own_GiB 3.12 psi 0.0
[   860s] finished OBJB_A0M2H|scaled|rule|raw|UAFE seed 12 rc 0 avail_GiB 26.9 own_GiB 3.20 psi 0.0
[   861s] started OBJB_A0M2H|scaled|rule|raw|UAFE seed 16 pid 2217953 avail_GiB 26.9 own_GiB 3.21 psi 0.0
[   867s] finished OBJB_A0M2H|scaled|rule|raw|UAFE seed 14 rc 0 avail_GiB 26.9 own_GiB 3.17 psi 0.0
[   869s] started OBJB_A0M2H|scaled|rule|raw|UAFE seed 17 pid 2217979 avail_GiB 26.9 own_GiB 3.18 psi 0.0
[   880s] finished OBJB_A0M2H|scaled|rule|raw|UAFE seed 15 rc 0 avail_GiB 26.9 own_GiB 3.14 psi 0.0
[   881s] started OBJB_A0M2H|scaled|rule|raw|UAFE seed 18 pid 2218017 avail_GiB 26.9 own_GiB 3.15 psi 0.0
[   887s] finished OBJB_A0M2H|scaled|rule|raw|UAFE seed 13 rc 0 avail_GiB 27.0 own_GiB 3.11 psi 0.0
[   888s] started OBJB_A0M2H|scaled|rule|raw|UAFE seed 19 pid 2218045 avail_GiB 27.0 own_GiB 3.12 psi 0.0
[  1189s] finished OBJB_A0M2H|scaled|rule|raw|UAFE seed 16 rc 0 avail_GiB 26.5 own_GiB 3.13 psi 0.0
[  1190s] started OBJB_A0M2H|scaled|rule|raw|UAFE seed 20 pid 2218615 avail_GiB 26.4 own_GiB 3.14 psi 0.0
[  1191s] finished OBJB_A0M2H|scaled|rule|raw|UAFE seed 17 rc 0 avail_GiB 26.4 own_GiB 3.16 psi 0.0
[  1192s] started OBJB_A0M2H|scaled|rule|raw|UAFE seed 21 pid 2218620 avail_GiB 26.4 own_GiB 3.17 psi 0.0
[  1242s] finished OBJB_A0M2H|scaled|rule|raw|UAFE seed 18 rc 0 avail_GiB 26.4 own_GiB 3.15 psi 0.0
[  1244s] started OBJB_A0M2H|scaled|rule|raw|UAFE seed 22 pid 2218657 avail_GiB 26.3 own_GiB 3.16 psi 0.0
[  1255s] finished OBJB_A0M2H|scaled|rule|raw|UAFE seed 19 rc 0 avail_GiB 26.4 own_GiB 3.12 psi 0.0
[  1257s] started OBJB_A0M2H|scaled|rule|raw|UAFE seed 23 pid 2218703 avail_GiB 26.4 own_GiB 3.14 psi 0.0
[  1526s] finished OBJB_A0M2H|scaled|rule|raw|UAFE seed 20 rc 0 avail_GiB 26.0 own_GiB 3.21 psi 0.0
[  1528s] started OBJB_A0M2H|scaled|rule|raw|UAFE seed 24 pid 2218994 avail_GiB 26.1 own_GiB 3.14 psi 0.0
[  1528s] finished OBJB_A0M2H|scaled|rule|raw|UAFE seed 21 rc 0 avail_GiB 26.1 own_GiB 3.15 psi 0.0
[  1530s] started OBJB_A0M2H|scaled|rule|raw|UAFE seed 25 pid 2219006 avail_GiB 26.1 own_GiB 3.17 psi 0.0
[  1575s] finished OBJB_A0M2H|scaled|rule|raw|UAFE seed 23 rc 0 avail_GiB 26.1 own_GiB 3.15 psi 0.0
[  1576s] started OBJB_A0M2H|scaled|rule|raw|UAFE seed 26 pid 2219041 avail_GiB 26.1 own_GiB 3.16 psi 0.0
[  1587s] finished OBJB_A0M2H|scaled|rule|raw|UAFE seed 22 rc 0 avail_GiB 26.1 own_GiB 3.13 psi 0.0
[  1589s] started OBJB_A0M2H|scaled|rule|raw|UAFE seed 27 pid 2219053 avail_GiB 26.1 own_GiB 3.14 psi 0.0
[  1841s] finished OBJB_A0M2H|scaled|rule|raw|UAFE seed 24 rc 0 avail_GiB 25.6 own_GiB 3.18 psi 0.0
[  1842s] started OBJB_A0M2H|scaled|rule|raw|UAFE seed 28 pid 2219325 avail_GiB 25.6 own_GiB 3.19 psi 0.0
[  1909s] finished OBJB_A0M2H|scaled|rule|raw|UAFE seed 25 rc 0 avail_GiB 25.5 own_GiB 3.19 psi 0.0
[  1910s] started OBJB_A0M2H|scaled|rule|raw|UAFE seed 29 pid 2219459 avail_GiB 25.6 own_GiB 3.13 psi 0.0
[  1910s] finished OBJB_A0M2H|scaled|rule|raw|UAFE seed 27 rc 0 avail_GiB 25.5 own_GiB 3.13 psi 0.0
[  1912s] started OBJB_A0M2H|scaled|rule|raw|UAFE seed 30 pid 2219460 avail_GiB 25.7 own_GiB 3.16 psi 0.0
[  1917s] finished OBJB_A0M2H|scaled|rule|raw|UAFE seed 26 rc 0 avail_GiB 25.8 own_GiB 3.12 psi 0.0
[  1918s] started OBJB_A0M2H|scaled|rule|raw|UAFE seed 31 pid 2219464 avail_GiB 25.8 own_GiB 3.13 psi 0.0
[  2127s] finished OBJB_A0M2H|scaled|rule|raw|UAFE seed 28 rc 0 avail_GiB 31.3 own_GiB 3.18 psi 0.0
[  2128s] started OBJB_A0M2H|scaled|rule|raw|UAFE|fee_x1.25 seed 0 pid 2219691 avail_GiB 31.3 own_GiB 3.19 psi 0.0
[  2182s] finished OBJB_A0M2H|scaled|rule|raw|UAFE seed 29 rc 0 avail_GiB 31.4 own_GiB 3.06 psi 0.0
[  2182s] started OBJB_A0M2H|scaled|rule|raw|UAFE|fee_x1.25 seed 1 pid 2219764 avail_GiB 31.4 own_GiB 3.07 psi 0.0
[  2183s] finished OBJB_A0M2H|scaled|rule|raw|UAFE seed 30 rc 0 avail_GiB 31.4 own_GiB 3.07 psi 0.0
[  2183s] started OBJB_A0M2H|scaled|rule|raw|UAFE|fee_x1.25 seed 2 pid 2219765 avail_GiB 31.4 own_GiB 3.09 psi 0.0
[  2185s] aggregated OBJB_A0M2H|scaled|rule|raw|UAFE
[  2185s] finished OBJB_A0M2H|scaled|rule|raw|UAFE seed 31 rc 0 avail_GiB 31.2 own_GiB 3.22 psi 0.0
[  2185s] started OBJB_A0M2H|scaled|rule|raw|UAFE|fee_x1.25 seed 3 pid 2219768 avail_GiB 31.3 own_GiB 3.23 psi 0.0
[  2346s] finished OBJB_A0M2H|scaled|rule|raw|UAFE|fee_x1.25 seed 0 rc 0 avail_GiB 30.9 own_GiB 3.28 psi 0.0
[  2347s] started OBJB_A0M2H|scaled|rule|raw|UAFE|fee_x1.25 seed 4 pid 2219946 avail_GiB 30.9 own_GiB 3.28 psi 0.0
[  2396s] finished OBJB_A0M2H|scaled|rule|raw|UAFE|fee_x1.25 seed 1 rc 0 avail_GiB 30.3 own_GiB 3.26 psi 0.0
[  2396s] started OBJB_A0M2H|scaled|rule|raw|UAFE|fee_x1.25 seed 5 pid 2220234 avail_GiB 30.2 own_GiB 3.27 psi 0.0
[  2407s] finished OBJB_A0M2H|scaled|rule|raw|UAFE|fee_x1.25 seed 2 rc 0 avail_GiB 30.9 own_GiB 3.16 psi 0.0
[  2408s] started OBJB_A0M2H|scaled|rule|raw|UAFE|fee_x1.25 seed 6 pid 2220250 avail_GiB 30.9 own_GiB 3.17 psi 0.0
[  2430s] finished OBJB_A0M2H|scaled|rule|raw|UAFE|fee_x1.25 seed 3 rc 0 avail_GiB 30.9 own_GiB 3.15 psi 0.0
[  2431s] started OBJB_A0M2H|scaled|rule|raw|UAFE|fee_x1.25 seed 7 pid 2220297 avail_GiB 30.9 own_GiB 3.16 psi 0.0
[  2576s] finished OBJB_A0M2H|scaled|rule|raw|UAFE|fee_x1.25 seed 4 rc 0 avail_GiB 30.5 own_GiB 3.19 psi 0.0
[  2577s] started OBJB_A0M2H|scaled|rule|raw|UAFE|fee_x1.25 seed 8 pid 2220798 avail_GiB 30.5 own_GiB 3.21 psi 0.0
[  2609s] finished OBJB_A0M2H|scaled|rule|raw|UAFE|fee_x1.25 seed 5 rc 0 avail_GiB 30.4 own_GiB 3.18 psi 0.0
[  2610s] started OBJB_A0M2H|scaled|rule|raw|UAFE|fee_x1.25 seed 9 pid 2220853 avail_GiB 30.4 own_GiB 3.19 psi 0.0
[  2648s] finished OBJB_A0M2H|scaled|rule|raw|UAFE|fee_x1.25 seed 6 rc 0 avail_GiB 30.4 own_GiB 3.17 psi 0.0
[  2649s] started OBJB_A0M2H|scaled|rule|raw|UAFE|fee_x1.25 seed 10 pid 2220923 avail_GiB 30.3 own_GiB 3.18 psi 0.0
[  2660s] finished OBJB_A0M2H|scaled|rule|raw|UAFE|fee_x1.25 seed 7 rc 0 avail_GiB 30.3 own_GiB 3.15 psi 0.0
[  2661s] started OBJB_A0M2H|scaled|rule|raw|UAFE|fee_x1.25 seed 11 pid 2220932 avail_GiB 30.3 own_GiB 3.16 psi 0.0
[  2820s] finished OBJB_A0M2H|scaled|rule|raw|UAFE|fee_x1.25 seed 8 rc 0 avail_GiB 29.9 own_GiB 3.20 psi 0.0
[  2821s] started OBJB_A0M2H|scaled|rule|raw|UAFE|fee_x1.25 seed 12 pid 2221105 avail_GiB 29.8 own_GiB 3.21 psi 0.0
[  2826s] finished OBJB_A0M2H|scaled|rule|raw|UAFE|fee_x1.25 seed 9 rc 0 avail_GiB 29.9 own_GiB 3.17 psi 0.0
[  2827s] started OBJB_A0M2H|scaled|rule|raw|UAFE|fee_x1.25 seed 13 pid 2221115 avail_GiB 29.9 own_GiB 3.18 psi 0.0
[  2860s] finished OBJB_A0M2H|scaled|rule|raw|UAFE|fee_x1.25 seed 10 rc 0 avail_GiB 29.9 own_GiB 3.17 psi 0.0
[  2861s] started OBJB_A0M2H|scaled|rule|raw|UAFE|fee_x1.25 seed 14 pid 2221169 avail_GiB 29.9 own_GiB 3.18 psi 0.0
[  2882s] finished OBJB_A0M2H|scaled|rule|raw|UAFE|fee_x1.25 seed 11 rc 0 avail_GiB 30.0 own_GiB 3.15 psi 0.0
[  2883s] started OBJB_A0M2H|scaled|rule|raw|UAFE|fee_x1.25 seed 15 pid 2221215 avail_GiB 29.9 own_GiB 3.16 psi 0.0
[  3034s] finished OBJB_A0M2H|scaled|rule|raw|UAFE|fee_x1.25 seed 12 rc 0 avail_GiB 29.6 own_GiB 3.20 psi 0.0
[  3034s] started OBJB_A0M2H|scaled|rule|raw|UAFE|fee_x1.25 seed 16 pid 2221377 avail_GiB 29.6 own_GiB 3.21 psi 0.0
[  3045s] finished OBJB_A0M2H|scaled|rule|raw|UAFE|fee_x1.25 seed 13 rc 0 avail_GiB 29.6 own_GiB 3.18 psi 0.0
[  3046s] started OBJB_A0M2H|scaled|rule|raw|UAFE|fee_x1.25 seed 17 pid 2221384 avail_GiB 29.6 own_GiB 3.19 psi 0.0
[  3072s] finished OBJB_A0M2H|scaled|rule|raw|UAFE|fee_x1.25 seed 14 rc 0 avail_GiB 29.6 own_GiB 3.16 psi 0.0
[  3073s] started OBJB_A0M2H|scaled|rule|raw|UAFE|fee_x1.25 seed 18 pid 2221426 avail_GiB 29.6 own_GiB 3.17 psi 0.0
[  3095s] finished OBJB_A0M2H|scaled|rule|raw|UAFE|fee_x1.25 seed 15 rc 0 avail_GiB 29.7 own_GiB 3.15 psi 0.0
[  3095s] started OBJB_A0M2H|scaled|rule|raw|UAFE|fee_x1.25 seed 19 pid 2221466 avail_GiB 29.6 own_GiB 3.16 psi 0.0
[  3263s] finished OBJB_A0M2H|scaled|rule|raw|UAFE|fee_x1.25 seed 16 rc 0 avail_GiB 29.3 own_GiB 3.20 psi 0.0
[  3264s] started OBJB_A0M2H|scaled|rule|raw|UAFE|fee_x1.25 seed 20 pid 2221730 avail_GiB 29.2 own_GiB 3.21 psi 0.0
[  3274s] finished OBJB_A0M2H|scaled|rule|raw|UAFE|fee_x1.25 seed 17 rc 0 avail_GiB 29.3 own_GiB 3.18 psi 0.0
[  3275s] started OBJB_A0M2H|scaled|rule|raw|UAFE|fee_x1.25 seed 21 pid 2221742 avail_GiB 29.2 own_GiB 3.19 psi 0.0
[  3307s] finished OBJB_A0M2H|scaled|rule|raw|UAFE|fee_x1.25 seed 18 rc 0 avail_GiB 29.2 own_GiB 3.17 psi 0.0
[  3308s] started OBJB_A0M2H|scaled|rule|raw|UAFE|fee_x1.25 seed 22 pid 2221781 avail_GiB 29.2 own_GiB 3.18 psi 0.0
[  3325s] finished OBJB_A0M2H|scaled|rule|raw|UAFE|fee_x1.25 seed 19 rc 0 avail_GiB 29.2 own_GiB 3.15 psi 0.0
[  3325s] started OBJB_A0M2H|scaled|rule|raw|UAFE|fee_x1.25 seed 23 pid 2221792 avail_GiB 29.2 own_GiB 3.16 psi 0.0
[  3492s] finished OBJB_A0M2H|scaled|rule|raw|UAFE|fee_x1.25 seed 20 rc 0 avail_GiB 29.0 own_GiB 3.20 psi 0.0
[  3493s] started OBJB_A0M2H|scaled|rule|raw|UAFE|fee_x1.25 seed 24 pid 2222054 avail_GiB 29.0 own_GiB 3.22 psi 0.0
[  3515s] finished OBJB_A0M2H|scaled|rule|raw|UAFE|fee_x1.25 seed 21 rc 0 avail_GiB 29.0 own_GiB 3.18 psi 0.0
[  3516s] started OBJB_A0M2H|scaled|rule|raw|UAFE|fee_x1.25 seed 25 pid 2222080 avail_GiB 29.0 own_GiB 3.19 psi 0.0
[  3542s] finished OBJB_A0M2H|scaled|rule|raw|UAFE|fee_x1.25 seed 22 rc 0 avail_GiB 28.9 own_GiB 3.16 psi 0.0
[  3543s] started OBJB_A0M2H|scaled|rule|raw|UAFE|fee_x1.25 seed 26 pid 2222113 avail_GiB 28.9 own_GiB 3.17 psi 0.0
[  3575s] finished OBJB_A0M2H|scaled|rule|raw|UAFE|fee_x1.25 seed 23 rc 0 avail_GiB 28.9 own_GiB 3.15 psi 0.0
[  3576s] started OBJB_A0M2H|scaled|rule|raw|UAFE|fee_x1.25 seed 27 pid 2222148 avail_GiB 28.9 own_GiB 3.16 psi 0.0
[  3711s] finished OBJB_A0M2H|scaled|rule|raw|UAFE|fee_x1.25 seed 24 rc 0 avail_GiB 28.7 own_GiB 3.20 psi 0.0
[  3711s] started OBJB_A0M2H|scaled|rule|raw|UAFE|fee_x1.25 seed 28 pid 2222369 avail_GiB 28.7 own_GiB 3.21 psi 0.0
[  3744s] finished OBJB_A0M2H|scaled|rule|raw|UAFE|fee_x1.25 seed 25 rc 0 avail_GiB 28.6 own_GiB 3.18 psi 0.0
[  3745s] started OBJB_A0M2H|scaled|rule|raw|UAFE|fee_x1.25 seed 29 pid 2222438 avail_GiB 28.6 own_GiB 3.19 psi 0.0
[  3761s] finished OBJB_A0M2H|scaled|rule|raw|UAFE|fee_x1.25 seed 26 rc 0 avail_GiB 28.6 own_GiB 3.16 psi 0.0
[  3762s] started OBJB_A0M2H|scaled|rule|raw|UAFE|fee_x1.25 seed 30 pid 2222455 avail_GiB 28.6 own_GiB 3.17 psi 0.0
[  3789s] finished OBJB_A0M2H|scaled|rule|raw|UAFE|fee_x1.25 seed 27 rc 0 avail_GiB 28.6 own_GiB 3.15 psi 0.0
[  3790s] started OBJB_A0M2H|scaled|rule|raw|UAFE|fee_x1.25 seed 31 pid 2222471 avail_GiB 28.6 own_GiB 3.17 psi 0.0
[  3931s] finished OBJB_A0M2H|scaled|rule|raw|UAFE|fee_x1.25 seed 28 rc 0 avail_GiB 28.4 own_GiB 3.20 psi 0.0
[  3932s] started OBJB_A0M2H|scaled|rule|raw|UAFE|slip_x1.5 seed 0 pid 2222686 avail_GiB 28.4 own_GiB 3.21 psi 0.0
[  3970s] finished OBJB_A0M2H|scaled|rule|raw|UAFE|fee_x1.25 seed 29 rc 0 avail_GiB 28.3 own_GiB 3.18 psi 0.0
[  3972s] started OBJB_A0M2H|scaled|rule|raw|UAFE|slip_x1.5 seed 1 pid 2222756 avail_GiB 28.3 own_GiB 3.20 psi 0.0
[  3999s] finished OBJB_A0M2H|scaled|rule|raw|UAFE|fee_x1.25 seed 30 rc 0 avail_GiB 28.2 own_GiB 3.17 psi 0.0
[  3999s] started OBJB_A0M2H|scaled|rule|raw|UAFE|slip_x1.5 seed 2 pid 2222800 avail_GiB 28.2 own_GiB 3.18 psi 0.0
[  4028s] aggregated OBJB_A0M2H|scaled|rule|raw|UAFE|fee_x1.25
[  4028s] finished OBJB_A0M2H|scaled|rule|raw|UAFE|fee_x1.25 seed 31 rc 0 avail_GiB 28.1 own_GiB 3.26 psi 0.0
[  4029s] started OBJB_A0M2H|scaled|rule|raw|UAFE|slip_x1.5 seed 3 pid 2222821 avail_GiB 28.1 own_GiB 3.27 psi 0.0
[  4174s] finished OBJB_A0M2H|scaled|rule|raw|UAFE|slip_x1.5 seed 0 rc 0 avail_GiB 27.9 own_GiB 3.29 psi 0.0
[  4175s] started OBJB_A0M2H|scaled|rule|raw|UAFE|slip_x1.5 seed 4 pid 2223023 avail_GiB 27.9 own_GiB 3.31 psi 0.0
[  4208s] finished OBJB_A0M2H|scaled|rule|raw|UAFE|slip_x1.5 seed 1 rc 0 avail_GiB 27.8 own_GiB 3.28 psi 0.0
[  4209s] started OBJB_A0M2H|scaled|rule|raw|UAFE|slip_x1.5 seed 5 pid 2223090 avail_GiB 27.8 own_GiB 3.29 psi 0.0
[  4231s] finished OBJB_A0M2H|scaled|rule|raw|UAFE|slip_x1.5 seed 2 rc 0 avail_GiB 27.8 own_GiB 3.16 psi 0.0
[  4232s] started OBJB_A0M2H|scaled|rule|raw|UAFE|slip_x1.5 seed 6 pid 2223119 avail_GiB 27.8 own_GiB 3.18 psi 0.0
[  4259s] finished OBJB_A0M2H|scaled|rule|raw|UAFE|slip_x1.5 seed 3 rc 0 avail_GiB 27.9 own_GiB 3.15 psi 0.0
[  4260s] started OBJB_A0M2H|scaled|rule|raw|UAFE|slip_x1.5 seed 7 pid 2223156 avail_GiB 27.9 own_GiB 3.17 psi 0.0
[  4417s] finished OBJB_A0M2H|scaled|rule|raw|UAFE|slip_x1.5 seed 4 rc 0 avail_GiB 27.6 own_GiB 3.20 psi 0.0
[  4418s] started OBJB_A0M2H|scaled|rule|raw|UAFE|slip_x1.5 seed 8 pid 2223377 avail_GiB 27.6 own_GiB 3.21 psi 0.0
[  4456s] finished OBJB_A0M2H|scaled|rule|raw|UAFE|slip_x1.5 seed 5 rc 0 avail_GiB 27.6 own_GiB 3.19 psi 0.0
[  4457s] started OBJB_A0M2H|scaled|rule|raw|UAFE|slip_x1.5 seed 9 pid 2223466 avail_GiB 27.6 own_GiB 3.20 psi 0.0
[  4473s] finished OBJB_A0M2H|scaled|rule|raw|UAFE|slip_x1.5 seed 6 rc 0 avail_GiB 27.6 own_GiB 3.16 psi 0.0
[  4474s] started OBJB_A0M2H|scaled|rule|raw|UAFE|slip_x1.5 seed 10 pid 2223478 avail_GiB 27.6 own_GiB 3.18 psi 0.0
[  4501s] finished OBJB_A0M2H|scaled|rule|raw|UAFE|slip_x1.5 seed 7 rc 0 avail_GiB 27.6 own_GiB 3.15 psi 0.0
[  4502s] started OBJB_A0M2H|scaled|rule|raw|UAFE|slip_x1.5 seed 11 pid 2223522 avail_GiB 27.5 own_GiB 3.16 psi 0.0
[  4653s] finished OBJB_A0M2H|scaled|rule|raw|UAFE|slip_x1.5 seed 8 rc 0 avail_GiB 27.4 own_GiB 3.20 psi 0.0
[  4654s] started OBJB_A0M2H|scaled|rule|raw|UAFE|slip_x1.5 seed 12 pid 2223728 avail_GiB 27.4 own_GiB 3.21 psi 0.0
[  4703s] finished OBJB_A0M2H|scaled|rule|raw|UAFE|slip_x1.5 seed 9 rc 0 avail_GiB 27.3 own_GiB 3.19 psi 0.0
[  4704s] started OBJB_A0M2H|scaled|rule|raw|UAFE|slip_x1.5 seed 13 pid 2223806 avail_GiB 27.3 own_GiB 3.20 psi 0.0
[  4709s] finished OBJB_A0M2H|scaled|rule|raw|UAFE|slip_x1.5 seed 10 rc 0 avail_GiB 27.3 own_GiB 3.16 psi 0.0
[  4710s] started OBJB_A0M2H|scaled|rule|raw|UAFE|slip_x1.5 seed 14 pid 2223814 avail_GiB 27.3 own_GiB 3.18 psi 0.0
[  4743s] finished OBJB_A0M2H|scaled|rule|raw|UAFE|slip_x1.5 seed 11 rc 0 avail_GiB 27.2 own_GiB 3.15 psi 0.0
[  4744s] started OBJB_A0M2H|scaled|rule|raw|UAFE|slip_x1.5 seed 15 pid 2223863 avail_GiB 27.2 own_GiB 3.17 psi 0.0
[  4895s] finished OBJB_A0M2H|scaled|rule|raw|UAFE|slip_x1.5 seed 12 rc 0 avail_GiB 27.0 own_GiB 3.20 psi 0.0
[  4896s] started OBJB_A0M2H|scaled|rule|raw|UAFE|slip_x1.5 seed 16 pid 2224114 avail_GiB 27.1 own_GiB 3.21 psi 0.0
[  4945s] finished OBJB_A0M2H|scaled|rule|raw|UAFE|slip_x1.5 seed 13 rc 0 avail_GiB 26.0 own_GiB 3.19 psi 0.0
[  4946s] started OBJB_A0M2H|scaled|rule|raw|UAFE|slip_x1.5 seed 17 pid 2224348 avail_GiB 26.0 own_GiB 3.21 psi 0.0
[  4952s] finished OBJB_A0M2H|scaled|rule|raw|UAFE|slip_x1.5 seed 14 rc 0 avail_GiB 27.0 own_GiB 3.16 psi 0.0
[  4952s] started OBJB_A0M2H|scaled|rule|raw|UAFE|slip_x1.5 seed 18 pid 2224356 avail_GiB 27.0 own_GiB 3.17 psi 0.0
[  4980s] finished OBJB_A0M2H|scaled|rule|raw|UAFE|slip_x1.5 seed 15 rc 0 avail_GiB 26.9 own_GiB 3.15 psi 0.0
[  4981s] started OBJB_A0M2H|scaled|rule|raw|UAFE|slip_x1.5 seed 19 pid 2224416 avail_GiB 26.9 own_GiB 3.16 psi 0.0
[  5142s] finished OBJB_A0M2H|scaled|rule|raw|UAFE|slip_x1.5 seed 16 rc 0 avail_GiB 26.7 own_GiB 3.20 psi 0.0
[  5143s] started OBJB_A0M2H|scaled|rule|raw|UAFE|slip_x1.5 seed 20 pid 2224604 avail_GiB 26.7 own_GiB 3.21 psi 0.0
[  5187s] finished OBJB_A0M2H|scaled|rule|raw|UAFE|slip_x1.5 seed 17 rc 0 avail_GiB 26.5 own_GiB 3.13 psi 0.0
[  5188s] started OBJB_A0M2H|scaled|rule|raw|UAFE|slip_x1.5 seed 21 pid 2224657 avail_GiB 26.5 own_GiB 3.14 psi 0.0
[  5188s] finished OBJB_A0M2H|scaled|rule|raw|UAFE|slip_x1.5 seed 18 rc 0 avail_GiB 26.5 own_GiB 3.15 psi 0.0
[  5189s] started OBJB_A0M2H|scaled|rule|raw|UAFE|slip_x1.5 seed 22 pid 2224679 avail_GiB 26.5 own_GiB 3.17 psi 0.0
[  5210s] finished OBJB_A0M2H|scaled|rule|raw|UAFE|slip_x1.5 seed 19 rc 0 avail_GiB 26.5 own_GiB 3.14 psi 0.0
[  5211s] started OBJB_A0M2H|scaled|rule|raw|UAFE|slip_x1.5 seed 23 pid 2224698 avail_GiB 26.5 own_GiB 3.16 psi 0.0
[  5406s] finished OBJB_A0M2H|scaled|rule|raw|UAFE|slip_x1.5 seed 20 rc 0 avail_GiB 26.4 own_GiB 3.20 psi 0.0
[  5407s] started OBJB_A0M2H|scaled|rule|raw|UAFE|slip_x1.5 seed 24 pid 2224941 avail_GiB 26.4 own_GiB 3.22 psi 0.0
[  5445s] finished OBJB_A0M2H|scaled|rule|raw|UAFE|slip_x1.5 seed 21 rc 0 avail_GiB 26.3 own_GiB 3.19 psi 0.0
[  5446s] started OBJB_A0M2H|scaled|rule|raw|UAFE|slip_x1.5 seed 25 pid 2224997 avail_GiB 26.3 own_GiB 3.20 psi 0.0
[  5452s] finished OBJB_A0M2H|scaled|rule|raw|UAFE|slip_x1.5 seed 22 rc 0 avail_GiB 26.3 own_GiB 3.16 psi 0.0
[  5453s] started OBJB_A0M2H|scaled|rule|raw|UAFE|slip_x1.5 seed 26 pid 2225019 avail_GiB 26.3 own_GiB 3.17 psi 0.0
[  5475s] finished OBJB_A0M2H|scaled|rule|raw|UAFE|slip_x1.5 seed 23 rc 0 avail_GiB 26.3 own_GiB 3.14 psi 0.0
[  5476s] started OBJB_A0M2H|scaled|rule|raw|UAFE|slip_x1.5 seed 27 pid 2225059 avail_GiB 26.3 own_GiB 3.16 psi 0.0
[  5681s] finished OBJB_A0M2H|scaled|rule|raw|UAFE|slip_x1.5 seed 24 rc 0 avail_GiB 25.9 own_GiB 3.20 psi 0.0
[  5682s] started OBJB_A0M2H|scaled|rule|raw|UAFE|slip_x1.5 seed 28 pid 2225413 avail_GiB 25.9 own_GiB 3.22 psi 0.0
[  5720s] finished OBJB_A0M2H|scaled|rule|raw|UAFE|slip_x1.5 seed 25 rc 0 avail_GiB 26.0 own_GiB 3.19 psi 0.0
[  5721s] started OBJB_A0M2H|scaled|rule|raw|UAFE|slip_x1.5 seed 29 pid 2225468 avail_GiB 26.0 own_GiB 3.20 psi 0.0
[  5727s] finished OBJB_A0M2H|scaled|rule|raw|UAFE|slip_x1.5 seed 26 rc 0 avail_GiB 26.0 own_GiB 3.16 psi 0.0
[  5728s] started OBJB_A0M2H|scaled|rule|raw|UAFE|slip_x1.5 seed 30 pid 2225478 avail_GiB 26.0 own_GiB 3.17 psi 0.0
[  5744s] finished OBJB_A0M2H|scaled|rule|raw|UAFE|slip_x1.5 seed 27 rc 0 avail_GiB 25.9 own_GiB 3.14 psi 0.0
[  5745s] started OBJB_A0M2H|scaled|rule|raw|UAFE|slip_x1.5 seed 31 pid 2225492 avail_GiB 25.9 own_GiB 3.16 psi 0.0
[  5923s] finished OBJB_A0M2H|scaled|rule|raw|UAFE|slip_x1.5 seed 28 rc 0 avail_GiB 25.6 own_GiB 3.20 psi 0.0
[  5924s] started OBJB_A0M2H|scaled|rule|raw|UAFE|fill_x0.9 seed 0 pid 2225732 avail_GiB 25.6 own_GiB 3.21 psi 0.0
[  5967s] finished OBJB_A0M2H|scaled|rule|raw|UAFE|slip_x1.5 seed 30 rc 0 avail_GiB 25.7 own_GiB 3.19 psi 0.0
[  5968s] started OBJB_A0M2H|scaled|rule|raw|UAFE|fill_x0.9 seed 1 pid 2225822 avail_GiB 25.7 own_GiB 3.20 psi 0.0
[  5973s] finished OBJB_A0M2H|scaled|rule|raw|UAFE|slip_x1.5 seed 31 rc 0 avail_GiB 25.7 own_GiB 3.16 psi 0.0
[  5974s] started OBJB_A0M2H|scaled|rule|raw|UAFE|fill_x0.9 seed 2 pid 2225826 avail_GiB 25.7 own_GiB 3.17 psi 0.0
[  5987s] aggregated OBJB_A0M2H|scaled|rule|raw|UAFE|slip_x1.5
[  5987s] finished OBJB_A0M2H|scaled|rule|raw|UAFE|slip_x1.5 seed 29 rc 0 avail_GiB 25.5 own_GiB 3.24 psi 0.0
[  5988s] started OBJB_A0M2H|scaled|rule|raw|UAFE|fill_x0.9 seed 3 pid 2225839 avail_GiB 25.5 own_GiB 3.25 psi 0.0
[  6166s] finished OBJB_A0M2H|scaled|rule|raw|UAFE|fill_x0.9 seed 0 rc 0 avail_GiB 25.2 own_GiB 3.30 psi 0.0
[  6167s] started OBJB_A0M2H|scaled|rule|raw|UAFE|fill_x0.9 seed 4 pid 2226125 avail_GiB 25.2 own_GiB 3.31 psi 0.0
[  6205s] finished OBJB_A0M2H|scaled|rule|raw|UAFE|fill_x0.9 seed 1 rc 0 avail_GiB 25.3 own_GiB 3.13 psi 0.0
[  6205s] started OBJB_A0M2H|scaled|rule|raw|UAFE|fill_x0.9 seed 5 pid 2226201 avail_GiB 25.3 own_GiB 3.14 psi 0.0
[  6206s] finished OBJB_A0M2H|scaled|rule|raw|UAFE|fill_x0.9 seed 2 rc 0 avail_GiB 25.3 own_GiB 3.14 psi 0.0
[  6206s] started OBJB_A0M2H|scaled|rule|raw|UAFE|fill_x0.9 seed 6 pid 2226202 avail_GiB 25.3 own_GiB 3.16 psi 0.0
[  6222s] finished OBJB_A0M2H|scaled|rule|raw|UAFE|fill_x0.9 seed 3 rc 0 avail_GiB 25.3 own_GiB 3.14 psi 0.0
[  6223s] started OBJB_A0M2H|scaled|rule|raw|UAFE|fill_x0.9 seed 7 pid 2226225 avail_GiB 25.3 own_GiB 3.15 psi 0.0
[  6414s] finished OBJB_A0M2H|scaled|rule|raw|UAFE|fill_x0.9 seed 4 rc 0 avail_GiB 24.9 own_GiB 3.21 psi 0.0
[  6415s] started OBJB_A0M2H|scaled|rule|raw|UAFE|fill_x0.9 seed 8 pid 2226472 avail_GiB 24.9 own_GiB 3.22 psi 0.0
[  6437s] finished OBJB_A0M2H|scaled|rule|raw|UAFE|fill_x0.9 seed 5 rc 0 avail_GiB 25.0 own_GiB 3.19 psi 0.0
[  6438s] started OBJB_A0M2H|scaled|rule|raw|UAFE|fill_x0.9 seed 9 pid 2226527 avail_GiB 25.0 own_GiB 3.14 psi 0.0
[  6438s] finished OBJB_A0M2H|scaled|rule|raw|UAFE|fill_x0.9 seed 6 rc 0 avail_GiB 25.0 own_GiB 3.14 psi 0.0
[  6440s] started OBJB_A0M2H|scaled|rule|raw|UAFE|fill_x0.9 seed 10 pid 2226528 avail_GiB 25.0 own_GiB 3.16 psi 0.0
[  6450s] finished OBJB_A0M2H|scaled|rule|raw|UAFE|fill_x0.9 seed 7 rc 0 avail_GiB 25.0 own_GiB 3.13 psi 0.0
[  6451s] started OBJB_A0M2H|scaled|rule|raw|UAFE|fill_x0.9 seed 11 pid 2226551 avail_GiB 25.0 own_GiB 3.14 psi 0.0
[  6663s] finished OBJB_A0M2H|scaled|rule|raw|UAFE|fill_x0.9 seed 9 rc 0 avail_GiB 24.7 own_GiB 3.15 psi 0.0
[  6664s] started OBJB_A0M2H|scaled|rule|raw|UAFE|fill_x0.9 seed 12 pid 2226844 avail_GiB 24.7 own_GiB 3.16 psi 0.0
[  6664s] finished OBJB_A0M2H|scaled|rule|raw|UAFE|fill_x0.9 seed 10 rc 0 avail_GiB 24.7 own_GiB 3.17 psi 0.0
[  6665s] started OBJB_A0M2H|scaled|rule|raw|UAFE|fill_x0.9 seed 13 pid 2226847 avail_GiB 24.7 own_GiB 3.13 psi 0.0
[  6665s] finished OBJB_A0M2H|scaled|rule|raw|UAFE|fill_x0.9 seed 8 rc 0 avail_GiB 24.7 own_GiB 3.14 psi 0.0
[  6666s] started OBJB_A0M2H|scaled|rule|raw|UAFE|fill_x0.9 seed 14 pid 2226859 avail_GiB 24.7 own_GiB 3.15 psi 0.0
[  6694s] finished OBJB_A0M2H|scaled|rule|raw|UAFE|fill_x0.9 seed 11 rc 0 avail_GiB 24.7 own_GiB 3.14 psi 0.0
[  6695s] started OBJB_A0M2H|scaled|rule|raw|UAFE|fill_x0.9 seed 15 pid 2226961 avail_GiB 24.8 own_GiB 3.15 psi 0.0
[  6881s] finished OBJB_A0M2H|scaled|rule|raw|UAFE|fill_x0.9 seed 12 rc 0 avail_GiB 17.4 own_GiB 3.09 psi 0.0
[  6881s] finished OBJB_A0M2H|scaled|rule|raw|UAFE|fill_x0.9 seed 13 rc 0 avail_GiB 17.4 own_GiB 3.09 psi 0.0
[  6881s] finished OBJB_A0M2H|scaled|rule|raw|UAFE|fill_x0.9 seed 14 rc 0 avail_GiB 17.4 own_GiB 3.10 psi 0.0
[  6892s] finished OBJB_A0M2H|scaled|rule|raw|UAFE|fill_x0.9 seed 15 rc 0 avail_GiB 17.6 own_GiB 3.04 psi 0.0
[  6892s] memory: available 17.6 GiB < 22.0 and nothing running — polling every 60 s
[  6952s] memory: available 22.0 GiB < 22.0 and nothing running — polling every 60 s
[  7012s] memory: available 21.8 GiB < 22.0 and nothing running — polling every 60 s
[  7072s] memory: available 21.9 GiB < 22.0 and nothing running — polling every 60 s
[  7132s] memory: available 21.9 GiB < 22.0 and nothing running — polling every 60 s
[  7192s] memory: available 21.8 GiB < 22.0 and nothing running — polling every 60 s
[  7252s] memory: available 21.5 GiB < 22.0 and nothing running — polling every 60 s
[  7312s] memory: available 21.2 GiB < 22.0 and nothing running — polling every 60 s
[  7372s] memory: available 21.2 GiB < 22.0 and nothing running — polling every 60 s
[  7432s] memory: available 21.6 GiB < 22.0 and nothing running — polling every 60 s
[  7492s] memory: available 21.9 GiB < 22.0 and nothing running — polling every 60 s
[  7552s] memory: available 21.6 GiB < 22.0 and nothing running — polling every 60 s
[  7612s] memory: available 21.6 GiB < 22.0 and nothing running — polling every 60 s
[  7672s] memory: available 21.4 GiB < 22.0 and nothing running — polling every 60 s
[  7732s] started OBJB_A0M2H|scaled|rule|raw|UAFE|fill_x0.9 seed 16 pid 2230409 avail_GiB 24.8 own_GiB 3.05 psi 0.0
[  7732s] started OBJB_A0M2H|scaled|rule|raw|UAFE|fill_x0.9 seed 17 pid 2230414 avail_GiB 24.7 own_GiB 3.06 psi 0.0
[  7732s] started OBJB_A0M2H|scaled|rule|raw|UAFE|fill_x0.9 seed 18 pid 2230417 avail_GiB 24.7 own_GiB 3.09 psi 0.0
[  7732s] started OBJB_A0M2H|scaled|rule|raw|UAFE|fill_x0.9 seed 19 pid 2230419 avail_GiB 24.7 own_GiB 3.11 psi 0.0
[  7856s] finished OBJB_A0M2H|scaled|rule|raw|UAFE|fill_x0.9 seed 16 rc 0 avail_GiB 33.3 own_GiB 3.09 psi 0.0
[  7856s] started OBJB_A0M2H|scaled|rule|raw|UAFE|fill_x0.9 seed 20 pid 2231334 avail_GiB 33.3 own_GiB 3.10 psi 0.0
[  7856s] finished OBJB_A0M2H|scaled|rule|raw|UAFE|fill_x0.9 seed 17 rc 0 avail_GiB 33.2 own_GiB 3.11 psi 0.0
[  7856s] started OBJB_A0M2H|scaled|rule|raw|UAFE|fill_x0.9 seed 21 pid 2231335 avail_GiB 33.2 own_GiB 3.12 psi 0.0
[  7856s] finished OBJB_A0M2H|scaled|rule|raw|UAFE|fill_x0.9 seed 18 rc 0 avail_GiB 33.2 own_GiB 3.13 psi 0.0
[  7857s] started OBJB_A0M2H|scaled|rule|raw|UAFE|fill_x0.9 seed 22 pid 2231336 avail_GiB 33.2 own_GiB 3.15 psi 0.0
[  7877s] finished OBJB_A0M2H|scaled|rule|raw|UAFE|fill_x0.9 seed 19 rc 0 avail_GiB 36.0 own_GiB 3.15 psi 0.0
[  7878s] started OBJB_A0M2H|scaled|rule|raw|UAFE|fill_x0.9 seed 23 pid 2231423 avail_GiB 36.0 own_GiB 3.16 psi 0.0
[  7982s] finished OBJB_A0M2H|scaled|rule|raw|UAFE|fill_x0.9 seed 20 rc 0 avail_GiB 29.2 own_GiB 3.09 psi 0.0
[  7982s] started OBJB_A0M2H|scaled|rule|raw|UAFE|fill_x0.9 seed 24 pid 2231885 avail_GiB 29.2 own_GiB 3.10 psi 0.0
[  7982s] finished OBJB_A0M2H|scaled|rule|raw|UAFE|fill_x0.9 seed 21 rc 0 avail_GiB 29.2 own_GiB 3.11 psi 0.0
[  7982s] started OBJB_A0M2H|scaled|rule|raw|UAFE|fill_x0.9 seed 25 pid 2231888 avail_GiB 29.2 own_GiB 3.12 psi 0.0
[  7982s] finished OBJB_A0M2H|scaled|rule|raw|UAFE|fill_x0.9 seed 22 rc 0 avail_GiB 29.2 own_GiB 3.13 psi 0.0
[  7983s] started OBJB_A0M2H|scaled|rule|raw|UAFE|fill_x0.9 seed 26 pid 2231889 avail_GiB 29.2 own_GiB 3.14 psi 0.0
[  8014s] finished OBJB_A0M2H|scaled|rule|raw|UAFE|fill_x0.9 seed 23 rc 0 avail_GiB 29.1 own_GiB 3.15 psi 1.0
[  8015s] started OBJB_A0M2H|scaled|rule|raw|UAFE|fill_x0.9 seed 27 pid 2231972 avail_GiB 29.1 own_GiB 3.16 psi 1.4
[  8135s] finished OBJB_A0M2H|scaled|rule|raw|UAFE|fill_x0.9 seed 24 rc 0 avail_GiB 29.5 own_GiB 3.09 psi 0.2
[  8135s] started OBJB_A0M2H|scaled|rule|raw|UAFE|fill_x0.9 seed 28 pid 2232683 avail_GiB 29.5 own_GiB 3.10 psi 0.2
[  8135s] finished OBJB_A0M2H|scaled|rule|raw|UAFE|fill_x0.9 seed 25 rc 0 avail_GiB 29.5 own_GiB 3.11 psi 0.2
[  8136s] started OBJB_A0M2H|scaled|rule|raw|UAFE|fill_x0.9 seed 29 pid 2232684 avail_GiB 29.5 own_GiB 3.12 psi 0.2
[  8136s] finished OBJB_A0M2H|scaled|rule|raw|UAFE|fill_x0.9 seed 26 rc 0 avail_GiB 29.5 own_GiB 3.13 psi 0.2
[  8136s] started OBJB_A0M2H|scaled|rule|raw|UAFE|fill_x0.9 seed 30 pid 2232687 avail_GiB 29.5 own_GiB 3.15 psi 0.2
[  8173s] finished OBJB_A0M2H|scaled|rule|raw|UAFE|fill_x0.9 seed 27 rc 0 avail_GiB 27.7 own_GiB 3.16 psi 2.2
[  8173s] started OBJB_A0M2H|scaled|rule|raw|UAFE|fill_x0.9 seed 31 pid 2232891 avail_GiB 27.6 own_GiB 3.17 psi 2.4
[  8300s] finished OBJB_A0M2H|scaled|rule|raw|UAFE|fill_x0.9 seed 29 rc 0 avail_GiB 26.1 own_GiB 3.21 psi 0.0
[  8305s] finished OBJB_A0M2H|scaled|rule|raw|UAFE|fill_x0.9 seed 28 rc 0 avail_GiB 26.2 own_GiB 3.09 psi 0.0
[  8306s] finished OBJB_A0M2H|scaled|rule|raw|UAFE|fill_x0.9 seed 30 rc 0 avail_GiB 26.2 own_GiB 3.09 psi 0.0
[  8348s] aggregated OBJB_A0M2H|scaled|rule|raw|UAFE|fill_x0.9
[  8348s] finished OBJB_A0M2H|scaled|rule|raw|UAFE|fill_x0.9 seed 31 rc 0 avail_GiB 26.2 own_GiB 3.04 psi 0.8
[  8348s] CHECK runs.all_rc0 OK {"OBJB_A0M2H|scaled|rule|raw|UAFE": {"1": 0, "0": 0, "2": 0, "3": 0, "4": 0, "5": 0, "6": 0, "7": 0, "8": 0, "9": 0, "10": 0, "11": 0, "12": 0, "14": 0, "15": 0, "13": 0, "16": 0, "17": 0, "18": 0, "19": 0, "20": 0, "21": 0, "23": 0, "22": 
[  8348s] CHECK runs.audits_clean OK 
BT_LAUNCH VERDICT=PASS label=full_m2h runs=4 seeds=32 receipt_sha256=8106b7c43fcab383a5705fba325cd7089742c2eb9186784f6410bbe780409154
EXIT 0
