[     0s] CHECK config.not_a_template_and_nothing_pending OK {"status": "FROZEN before any M3b number \u2014 M3b = M3 BTC overlay (beta on the EXECUTED target) with the dust judgement on the COMBINED BTC target, docs/AMENDMENT_1_m3_beta_overlay_2026-09-23.md (912788743) of prereg docs/PREREG_m3_beta_
[     0s] CHECK pin.prereg OK {"path": "/workspace/baseline_tables_2026-09-19/pins/PREREG_baseline_tables_certified_2026-09-19.md", "got": "d9fe45e3191f56e5", "want": "d9fe45e3191f56e5"}
[     0s] CHECK pin.prereg_amendment_1 OK {"path": "/workspace/baseline_tables_2026-09-19/pins/AMENDMENT_1_baseline_tables_certified_2026-09-19.md", "got": "766bc367743d8542", "want": "766bc367743d8542"}
[     0s] CHECK pin.exec_sim OK {"path": "/workspace/baseline_tables_2026-09-19/devices/exec_copy/exec_sim.py", "got": "29679672e68d4842", "want": "29679672e68d4842"}
[     0s] CHECK pin.simlib OK {"path": "/workspace/baseline_tables_2026-09-19/devices/exec_copy/simlib.py", "got": "55246fe98da2d57a", "want": "55246fe98da2d57a"}
[     0s] CHECK pin.v1b_gate OK {"path": "/workspace/baseline_tables_2026-09-19/devices/exec_copy/v1b_gate.py", "got": "4a725921a470f4c1", "want": "4a725921a470f4c1"}
[     0s] CHECK pin.v1_gate OK {"path": "/workspace/baseline_tables_2026-09-19/devices/exec_copy/v1_gate.py", "got": "c97d9b3d49212b49", "want": "c97d9b3d49212b49"}
[     0s] CHECK pin.calibration OK {"path": "/workspace/baseline_tables_2026-09-19/devices/exec_copy/CALIBRATION_v3_POOLED_20260826_20260910.json", "got": "fda342431d39703e", "want": "fda342431d39703e"}
[     0s] CHECK pin.input_manifest OK {"path": "/workspace/baseline_tables_2026-09-19/devices/exec_copy/INPUT_MANIFEST.json", "got": "59875e5a69db415f", "want": "59875e5a69db415f"}
[     0s] CHECK pin.p2_s2_lib OK {"path": "/workspace/uplift_r2_2026-09-13/P2/devices/p2_s2_lib.py", "got": "c53f5c495036727f", "want": "c53f5c495036727f"}
[     6s] CHECK pin.price_full_raw OK {"path": "/workspace/baseline_tables_2026-09-19/work/price_full_raw_x0918r.npy", "got": "23af32bd97c267d1", "want": "23af32bd97c267d1"}
[     6s] CHECK pin.price_full_meta OK {"path": "/workspace/baseline_tables_2026-09-19/work/price_full_raw_x0918r_meta.npz", "got": "d1e49cc9f0a7ddc4", "want": "d1e49cc9f0a7ddc4"}
[     6s] CHECK pin.price_receipt OK {"path": "/workspace/baseline_tables_2026-09-19/receipts/BT_PRICES_FULL_X0918R.json", "got": "130592b122831e03", "want": "130592b122831e03"}
[     7s] CHECK pin.price_source_table_x0918r OK {"path": "/workspace/raw_price_fix_2026-09-19/ext_x0918r/work/price_logtable_raw_x0918r.npy", "got": "9249b0da4a4c5789", "want": "9249b0da4a4c5789"}
[     7s] CHECK pin.price_source_meta_x0918r OK {"path": "/workspace/raw_price_fix_2026-09-19/ext_x0918r/work/price_meta_raw_x0918r.npz", "got": "da136830cee7e1a2", "want": "da136830cee7e1a2"}
[     7s] CHECK pin.ledger_full OK {"path": "/workspace/baseline_tables_2026-09-19/funding/ledger_spliced_p2_to_20260901T0200_streamD_after.npz", "got": "073088e503c026d6", "want": "073088e503c026d6"}
[     7s] CHECK pin.funding_overlap_proof OK {"path": "/workspace/baseline_tables_2026-09-19/funding/BT_FUNDING_OVERLAP.json", "got": "0ee6d99bfa2acfb9", "want": "0ee6d99bfa2acfb9"}
[     7s] CHECK pin.funding_source_p2 OK {"path": "/workspace/uplift_r2_2026-09-13/P2/work/ledger_full.npz", "got": "bea6f5752772d54e", "want": "bea6f5752772d54e"}
[     7s] CHECK pin.funding_source_stream_d OK {"path": "/workspace/axis_0919/funding/funding_ledger.npz", "got": "74b69e635efbf355", "want": "74b69e635efbf355"}
[     7s] CHECK pin.funding_4h_accounting_stream_d OK {"path": "/workspace/axis_0919/funding/funding_4h_accounting.npz", "got": "2838e5f6cf42fff5", "want": "2838e5f6cf42fff5"}
[     7s] CHECK pin.tradability OK {"path": "/workspace/axis_0919/x0918r/trd/tradability_v1.npz", "got": "bebf69ab9ddb3b05", "want": "bebf69ab9ddb3b05"}
[     7s] CHECK pin.universe OK {"path": "/workspace/uplift_r2_2026-09-13/P2/work/universe.npz", "got": "6322b57366078ed0", "want": "6322b57366078ed0"}
[     7s] CHECK pin.g0_labels OK {"path": "/workspace/baseline_tables_2026-09-19/g0x/g0_labels_x0918.npz", "got": "c3832939e1b01333", "want": "c3832939e1b01333"}
[     7s] CHECK pin.g0_receipt OK {"path": "/workspace/baseline_tables_2026-09-19/g0x/RECEIPT_bt_g0_extend.json", "got": "8afd680472ef21be", "want": "8afd680472ef21be"}
[     7s] CHECK price_receipt.PASS_and_outputs OK {"price_kinds": ["raw"]}
[     8s] CHECK pin.executor_tree_409ea16_vs_manifest OK {"n": 332, "bad": []}
[     8s] CHECK exec_sim.version_v3.1 OK "v3.1"
[     8s] CHECK runs.selected OK {"runs": ["OBJB_A0XM3BH|scaled|rule|raw|UAFE"], "seeds": [0, 1, 2, 3, 4, 5, 6, 7, 8, 9, 10, 11, 12, 13, 14, 15, 16, 17, 18, 19, 20, 21, 22, 23, 24, 25, 26, 27, 28, 29, 30, 31]}
[     8s] CHECK window.n_anchors OK 9252
[     8s] CHECK axis.symbols OK 
[     9s] CHECK prices.grid_covers_window OK {"grid0": 1656532800, "n": 444145}
[     9s] CHECK ua_sets.counts_of_the_sets_the_runs_use OK {"UNAVAILABLE_3084": 3084}
[     9s] prices raw (444145, 829)
[     9s] CHECK run.OBJB_A0XM3BH|scaled|rule|raw|UAFE.policy_named OK 
[     9s] CHECK run.OBJB_A0XM3BH|scaled|rule|raw|UAFE.ua_cells_already_at_last_available_price OK {"cells_that_would_change": 0}
[     9s] funding rows 2449807
[     9s] CHECK axis.tradability_symbols OK 
[     9s] CHECK tradability.covers_window OK 
[     9s] CHECK calibration.v3_pooled_frozen OK 
[     9s] CHECK calibration.decision_offset_N+24 OK 1440
[    10s] CHECK executor.pns_wide OK 
[    10s] CHECK executor.gross_mult_config OK {"gm": 2.0, "onu": "hold"}
[    10s] CHECK objb_targets.OBJB_A0XM3BH|scaled|rule|raw|UAFE.loaded OK {"window_anchors": 9252, "combo": 6815, "king": 2437, "hold": 0, "written_rows_without_weights": 0}
[    10s] resume: existing 0 to run 32
[    10s] started OBJB_A0XM3BH|scaled|rule|raw|UAFE seed 0 pid 2281311 avail_GiB 31.9 own_GiB 3.05 psi 0.0
[    10s] started OBJB_A0XM3BH|scaled|rule|raw|UAFE seed 1 pid 2281312 avail_GiB 31.9 own_GiB 3.07 psi 0.0
[    10s] started OBJB_A0XM3BH|scaled|rule|raw|UAFE seed 2 pid 2281313 avail_GiB 31.9 own_GiB 3.08 psi 0.0
[    10s] started OBJB_A0XM3BH|scaled|rule|raw|UAFE seed 3 pid 2281314 avail_GiB 31.9 own_GiB 3.10 psi 0.0
[   116s] finished OBJB_A0XM3BH|scaled|rule|raw|UAFE seed 2 rc 0 avail_GiB 32.8 own_GiB 3.30 psi 0.0
[   117s] started OBJB_A0XM3BH|scaled|rule|raw|UAFE seed 4 pid 2281575 avail_GiB 32.8 own_GiB 3.32 psi 0.0
[   122s] finished OBJB_A0XM3BH|scaled|rule|raw|UAFE seed 0 rc 0 avail_GiB 33.0 own_GiB 3.08 psi 0.0
[   122s] started OBJB_A0XM3BH|scaled|rule|raw|UAFE seed 5 pid 2281578 avail_GiB 33.0 own_GiB 3.09 psi 0.0
[   122s] finished OBJB_A0XM3BH|scaled|rule|raw|UAFE seed 1 rc 0 avail_GiB 33.0 own_GiB 3.09 psi 0.0
[   122s] started OBJB_A0XM3BH|scaled|rule|raw|UAFE seed 6 pid 2281579 avail_GiB 33.0 own_GiB 3.10 psi 0.0
[   122s] finished OBJB_A0XM3BH|scaled|rule|raw|UAFE seed 3 rc 0 avail_GiB 33.0 own_GiB 3.11 psi 0.0
[   122s] started OBJB_A0XM3BH|scaled|rule|raw|UAFE seed 7 pid 2281580 avail_GiB 33.0 own_GiB 3.13 psi 0.0
[   228s] finished OBJB_A0XM3BH|scaled|rule|raw|UAFE seed 4 rc 0 avail_GiB 32.8 own_GiB 3.73 psi 0.0
[   228s] started OBJB_A0XM3BH|scaled|rule|raw|UAFE seed 8 pid 2281715 avail_GiB 32.9 own_GiB 3.14 psi 0.0
[   228s] finished OBJB_A0XM3BH|scaled|rule|raw|UAFE seed 5 rc 0 avail_GiB 32.9 own_GiB 3.14 psi 0.0
[   228s] started OBJB_A0XM3BH|scaled|rule|raw|UAFE seed 9 pid 2281716 avail_GiB 32.9 own_GiB 3.15 psi 0.0
[   228s] finished OBJB_A0XM3BH|scaled|rule|raw|UAFE seed 7 rc 0 avail_GiB 32.9 own_GiB 3.16 psi 0.0
[   229s] started OBJB_A0XM3BH|scaled|rule|raw|UAFE seed 10 pid 2281717 avail_GiB 32.9 own_GiB 3.20 psi 0.0
[   234s] finished OBJB_A0XM3BH|scaled|rule|raw|UAFE seed 6 rc 0 avail_GiB 32.9 own_GiB 3.14 psi 0.0
[   234s] started OBJB_A0XM3BH|scaled|rule|raw|UAFE seed 11 pid 2281720 avail_GiB 32.9 own_GiB 3.15 psi 0.0
[   340s] finished OBJB_A0XM3BH|scaled|rule|raw|UAFE seed 8 rc 0 avail_GiB 32.9 own_GiB 3.13 psi 0.0
[   340s] started OBJB_A0XM3BH|scaled|rule|raw|UAFE seed 12 pid 2282039 avail_GiB 32.8 own_GiB 3.14 psi 0.0
[   340s] finished OBJB_A0XM3BH|scaled|rule|raw|UAFE seed 9 rc 0 avail_GiB 32.9 own_GiB 3.14 psi 0.0
[   340s] started OBJB_A0XM3BH|scaled|rule|raw|UAFE seed 13 pid 2282040 avail_GiB 32.8 own_GiB 3.15 psi 0.0
[   340s] finished OBJB_A0XM3BH|scaled|rule|raw|UAFE seed 10 rc 0 avail_GiB 32.9 own_GiB 3.16 psi 0.0
[   340s] started OBJB_A0XM3BH|scaled|rule|raw|UAFE seed 14 pid 2282041 avail_GiB 32.8 own_GiB 3.18 psi 0.0
[   345s] finished OBJB_A0XM3BH|scaled|rule|raw|UAFE seed 11 rc 0 avail_GiB 32.8 own_GiB 3.14 psi 0.0
[   345s] started OBJB_A0XM3BH|scaled|rule|raw|UAFE seed 15 pid 2282044 avail_GiB 32.8 own_GiB 3.15 psi 0.0
[   446s] finished OBJB_A0XM3BH|scaled|rule|raw|UAFE seed 12 rc 0 avail_GiB 32.8 own_GiB 3.21 psi 0.0
[   447s] started OBJB_A0XM3BH|scaled|rule|raw|UAFE seed 16 pid 2282174 avail_GiB 32.7 own_GiB 3.22 psi 0.0
[   447s] finished OBJB_A0XM3BH|scaled|rule|raw|UAFE seed 13 rc 0 avail_GiB 32.7 own_GiB 3.23 psi 0.0
[   447s] started OBJB_A0XM3BH|scaled|rule|raw|UAFE seed 17 pid 2282175 avail_GiB 32.8 own_GiB 3.24 psi 0.0
[   452s] finished OBJB_A0XM3BH|scaled|rule|raw|UAFE seed 14 rc 0 avail_GiB 32.8 own_GiB 3.11 psi 0.0
[   452s] started OBJB_A0XM3BH|scaled|rule|raw|UAFE seed 18 pid 2282180 avail_GiB 32.8 own_GiB 3.12 psi 0.0
[   452s] finished OBJB_A0XM3BH|scaled|rule|raw|UAFE seed 15 rc 0 avail_GiB 32.8 own_GiB 3.12 psi 0.0
[   452s] started OBJB_A0XM3BH|scaled|rule|raw|UAFE seed 19 pid 2282181 avail_GiB 32.8 own_GiB 3.14 psi 0.0
[   553s] finished OBJB_A0XM3BH|scaled|rule|raw|UAFE seed 16 rc 0 avail_GiB 32.7 own_GiB 3.21 psi 0.0
[   553s] started OBJB_A0XM3BH|scaled|rule|raw|UAFE seed 20 pid 2282276 avail_GiB 32.7 own_GiB 3.22 psi 0.0
[   553s] finished OBJB_A0XM3BH|scaled|rule|raw|UAFE seed 17 rc 0 avail_GiB 32.7 own_GiB 3.22 psi 0.0
[   553s] started OBJB_A0XM3BH|scaled|rule|raw|UAFE seed 21 pid 2282277 avail_GiB 32.7 own_GiB 3.23 psi 0.0
[   558s] finished OBJB_A0XM3BH|scaled|rule|raw|UAFE seed 18 rc 0 avail_GiB 32.7 own_GiB 3.11 psi 0.0
[   558s] started OBJB_A0XM3BH|scaled|rule|raw|UAFE seed 22 pid 2282284 avail_GiB 32.8 own_GiB 3.12 psi 0.0
[   558s] finished OBJB_A0XM3BH|scaled|rule|raw|UAFE seed 19 rc 0 avail_GiB 32.7 own_GiB 3.12 psi 0.0
[   559s] started OBJB_A0XM3BH|scaled|rule|raw|UAFE seed 23 pid 2282285 avail_GiB 32.7 own_GiB 3.13 psi 0.0
[   660s] finished OBJB_A0XM3BH|scaled|rule|raw|UAFE seed 20 rc 0 avail_GiB 32.6 own_GiB 3.21 psi 0.0
[   660s] started OBJB_A0XM3BH|scaled|rule|raw|UAFE seed 24 pid 2282436 avail_GiB 32.6 own_GiB 3.22 psi 0.0
[   660s] finished OBJB_A0XM3BH|scaled|rule|raw|UAFE seed 21 rc 0 avail_GiB 32.6 own_GiB 3.22 psi 0.0
[   660s] started OBJB_A0XM3BH|scaled|rule|raw|UAFE seed 25 pid 2282437 avail_GiB 32.6 own_GiB 3.23 psi 0.0
[   665s] finished OBJB_A0XM3BH|scaled|rule|raw|UAFE seed 22 rc 0 avail_GiB 32.7 own_GiB 3.11 psi 0.0
[   665s] started OBJB_A0XM3BH|scaled|rule|raw|UAFE seed 26 pid 2282440 avail_GiB 32.7 own_GiB 3.12 psi 0.0
[   665s] finished OBJB_A0XM3BH|scaled|rule|raw|UAFE seed 23 rc 0 avail_GiB 32.7 own_GiB 3.12 psi 0.0
[   665s] started OBJB_A0XM3BH|scaled|rule|raw|UAFE seed 27 pid 2282441 avail_GiB 32.7 own_GiB 3.13 psi 0.0
[   771s] finished OBJB_A0XM3BH|scaled|rule|raw|UAFE seed 24 rc 0 avail_GiB 32.6 own_GiB 3.15 psi 0.0
[   771s] started OBJB_A0XM3BH|scaled|rule|raw|UAFE seed 28 pid 2282538 avail_GiB 32.6 own_GiB 3.15 psi 0.0
[   771s] finished OBJB_A0XM3BH|scaled|rule|raw|UAFE seed 25 rc 0 avail_GiB 32.7 own_GiB 3.06 psi 0.0
[   771s] started OBJB_A0XM3BH|scaled|rule|raw|UAFE seed 29 pid 2282539 avail_GiB 32.7 own_GiB 3.07 psi 0.0
[   771s] finished OBJB_A0XM3BH|scaled|rule|raw|UAFE seed 26 rc 0 avail_GiB 32.7 own_GiB 3.07 psi 0.0
[   772s] started OBJB_A0XM3BH|scaled|rule|raw|UAFE seed 30 pid 2282540 avail_GiB 32.7 own_GiB 3.10 psi 0.0
[   772s] finished OBJB_A0XM3BH|scaled|rule|raw|UAFE seed 27 rc 0 avail_GiB 32.6 own_GiB 3.10 psi 0.0
[   772s] started OBJB_A0XM3BH|scaled|rule|raw|UAFE seed 31 pid 2282541 avail_GiB 32.6 own_GiB 3.13 psi 0.0
[   878s] finished OBJB_A0XM3BH|scaled|rule|raw|UAFE seed 28 rc 0 avail_GiB 32.6 own_GiB 3.15 psi 0.0
[   878s] finished OBJB_A0XM3BH|scaled|rule|raw|UAFE seed 30 rc 0 avail_GiB 32.6 own_GiB 3.15 psi 0.0
[   878s] finished OBJB_A0XM3BH|scaled|rule|raw|UAFE seed 31 rc 0 avail_GiB 32.5 own_GiB 3.15 psi 0.0
[   883s] aggregated OBJB_A0XM3BH|scaled|rule|raw|UAFE
[   883s] finished OBJB_A0XM3BH|scaled|rule|raw|UAFE seed 29 rc 0 avail_GiB 32.7 own_GiB 3.04 psi 0.0
[   883s] CHECK runs.all_rc0 OK {"OBJB_A0XM3BH|scaled|rule|raw|UAFE": {"2": 0, "0": 0, "1": 0, "3": 0, "4": 0, "5": 0, "7": 0, "6": 0, "8": 0, "9": 0, "10": 0, "11": 0, "12": 0, "13": 0, "14": 0, "15": 0, "16": 0, "17": 0, "18": 0, "19": 0, "20": 0, "21": 0, "22": 0, "23"
[   883s] CHECK runs.audits_clean OK 
BT_LAUNCH VERDICT=PASS label=full_m3bh_old runs=1 seeds=32 receipt_sha256=614ff43654a306dce898798f1ced29d84d69caa6c22f62821c3aef71a0fecc49
EXIT 0
