[     0s] CHECK config.not_a_template_and_nothing_pending OK {"status": "FROZEN before any M2 number \u2014 NAMED DEVIATION route (executor-level overlay, m2_hook.py) of prereg docs/PREREG_old_vs_new_models_same_engine_2026-09-23.md Stage 2 (8530d2b7f / 1217d786)", "pending": []}
[     0s] CHECK pin.prereg OK {"path": "/workspace/baseline_tables_2026-09-19/pins/PREREG_baseline_tables_certified_2026-09-19.md", "got": "d9fe45e3191f56e5", "want": "d9fe45e3191f56e5"}
[     0s] CHECK pin.prereg_amendment_1 OK {"path": "/workspace/baseline_tables_2026-09-19/pins/AMENDMENT_1_baseline_tables_certified_2026-09-19.md", "got": "766bc367743d8542", "want": "766bc367743d8542"}
[     0s] CHECK pin.exec_sim OK {"path": "/workspace/baseline_tables_2026-09-19/devices/exec_copy/exec_sim.py", "got": "29679672e68d4842", "want": "29679672e68d4842"}
[     0s] CHECK pin.simlib OK {"path": "/workspace/baseline_tables_2026-09-19/devices/exec_copy/simlib.py", "got": "55246fe98da2d57a", "want": "55246fe98da2d57a"}
[     0s] CHECK pin.v1b_gate OK {"path": "/workspace/baseline_tables_2026-09-19/devices/exec_copy/v1b_gate.py", "got": "4a725921a470f4c1", "want": "4a725921a470f4c1"}
[     0s] CHECK pin.v1_gate OK {"path": "/workspace/baseline_tables_2026-09-19/devices/exec_copy/v1_gate.py", "got": "c97d9b3d49212b49", "want": "c97d9b3d49212b49"}
[     0s] CHECK pin.calibration OK {"path": "/workspace/baseline_tables_2026-09-19/devices/exec_copy/CALIBRATION_v3_POOLED_20260826_20260910.json", "got": "fda342431d39703e", "want": "fda342431d39703e"}
[     0s] CHECK pin.input_manifest OK {"path": "/workspace/baseline_tables_2026-09-19/devices/exec_copy/INPUT_MANIFEST.json", "got": "59875e5a69db415f", "want": "59875e5a69db415f"}
[     0s] CHECK pin.p2_s2_lib OK {"path": "/workspace/uplift_r2_2026-09-13/P2/devices/p2_s2_lib.py", "got": "c53f5c495036727f", "want": "c53f5c495036727f"}
[     2s] CHECK pin.price_full_raw OK {"path": "/workspace/baseline_tables_2026-09-19/work/price_full_raw_x0918r.npy", "got": "23af32bd97c267d1", "want": "23af32bd97c267d1"}
[     2s] CHECK pin.price_full_meta OK {"path": "/workspace/baseline_tables_2026-09-19/work/price_full_raw_x0918r_meta.npz", "got": "d1e49cc9f0a7ddc4", "want": "d1e49cc9f0a7ddc4"}
[     2s] CHECK pin.price_receipt OK {"path": "/workspace/baseline_tables_2026-09-19/receipts/BT_PRICES_FULL_X0918R.json", "got": "130592b122831e03", "want": "130592b122831e03"}
[     2s] CHECK pin.price_source_table_x0918r OK {"path": "/workspace/raw_price_fix_2026-09-19/ext_x0918r/work/price_logtable_raw_x0918r.npy", "got": "9249b0da4a4c5789", "want": "9249b0da4a4c5789"}
[     2s] CHECK pin.price_source_meta_x0918r OK {"path": "/workspace/raw_price_fix_2026-09-19/ext_x0918r/work/price_meta_raw_x0918r.npz", "got": "da136830cee7e1a2", "want": "da136830cee7e1a2"}
[     2s] CHECK pin.ledger_full OK {"path": "/workspace/baseline_tables_2026-09-19/funding/ledger_spliced_p2_to_20260901T0200_streamD_after.npz", "got": "073088e503c026d6", "want": "073088e503c026d6"}
[     2s] CHECK pin.funding_overlap_proof OK {"path": "/workspace/baseline_tables_2026-09-19/funding/BT_FUNDING_OVERLAP.json", "got": "0ee6d99bfa2acfb9", "want": "0ee6d99bfa2acfb9"}
[     2s] CHECK pin.funding_source_p2 OK {"path": "/workspace/uplift_r2_2026-09-13/P2/work/ledger_full.npz", "got": "bea6f5752772d54e", "want": "bea6f5752772d54e"}
[     2s] CHECK pin.funding_source_stream_d OK {"path": "/workspace/axis_0919/funding/funding_ledger.npz", "got": "74b69e635efbf355", "want": "74b69e635efbf355"}
[     2s] CHECK pin.funding_4h_accounting_stream_d OK {"path": "/workspace/axis_0919/funding/funding_4h_accounting.npz", "got": "2838e5f6cf42fff5", "want": "2838e5f6cf42fff5"}
[     2s] CHECK pin.tradability OK {"path": "/workspace/axis_0919/x0918r/trd/tradability_v1.npz", "got": "bebf69ab9ddb3b05", "want": "bebf69ab9ddb3b05"}
[     2s] CHECK pin.universe OK {"path": "/workspace/uplift_r2_2026-09-13/P2/work/universe.npz", "got": "6322b57366078ed0", "want": "6322b57366078ed0"}
[     2s] CHECK pin.g0_labels OK {"path": "/workspace/baseline_tables_2026-09-19/g0x/g0_labels_x0918.npz", "got": "c3832939e1b01333", "want": "c3832939e1b01333"}
[     2s] CHECK pin.g0_receipt OK {"path": "/workspace/baseline_tables_2026-09-19/g0x/RECEIPT_bt_g0_extend.json", "got": "8afd680472ef21be", "want": "8afd680472ef21be"}
[     2s] CHECK price_receipt.PASS_and_outputs OK {"price_kinds": ["raw"]}
[     3s] CHECK pin.executor_tree_409ea16_vs_manifest OK {"n": 332, "bad": []}
[     3s] CHECK exec_sim.version_v3.1 OK "v3.1"
[     3s] CHECK runs.selected OK {"runs": ["OVN_NEW_s42M2H0|scaled|rule|raw|UAFE"], "seeds": [0]}
[     3s] CHECK window.n_anchors OK 9139
[     3s] CHECK axis.symbols OK 
[     3s] CHECK prices.grid_covers_window OK {"grid0": 1656532800, "n": 444145}
[     3s] CHECK ua_sets.counts_of_the_sets_the_runs_use OK {"UNAVAILABLE_3084": 3084}
[     4s] prices raw (444145, 829)
[     4s] CHECK run.OVN_NEW_s42M2H0|scaled|rule|raw|UAFE.policy_named OK 
[     4s] CHECK run.OVN_NEW_s42M2H0|scaled|rule|raw|UAFE.ua_cells_already_at_last_available_price OK {"cells_that_would_change": 0}
[     4s] funding rows 2386274
[     4s] CHECK axis.tradability_symbols OK 
[     4s] CHECK tradability.covers_window OK 
[     4s] CHECK calibration.v3_pooled_frozen OK 
[     4s] CHECK calibration.decision_offset_N+24 OK 1440
[     4s] CHECK executor.pns_wide OK 
[     4s] CHECK executor.gross_mult_config OK {"gm": 2.0, "onu": "hold"}
[     4s] CHECK objb_targets.OVN_NEW_s42M2H0|scaled|rule|raw|UAFE.loaded OK {"window_anchors": 9139, "combo": 6610, "king": 0, "hold": 2529, "written_rows_without_weights": 0}
[     5s] started OVN_NEW_s42M2H0|scaled|rule|raw|UAFE seed 0 pid 2237748 avail_GiB 33.8 own_GiB 2.96 psi 0.0
[    90s] aggregated OVN_NEW_s42M2H0|scaled|rule|raw|UAFE
[    90s] finished OVN_NEW_s42M2H0|scaled|rule|raw|UAFE seed 0 rc 0 avail_GiB 36.7 own_GiB 2.96 psi 0.0
[    90s] CHECK runs.all_rc0 OK {"OVN_NEW_s42M2H0|scaled|rule|raw|UAFE": {"0": 0}}
[    90s] CHECK runs.audits_clean OK 
BT_LAUNCH VERDICT=PASS label=smoke_m2h0_new_s42 runs=1 seeds=1 receipt_sha256=62b7527248150f45057ae1d14290b845a6841700d55d8314f37a71f958a51a24
EXIT 0
