臂                       毛bps      秩IC      换手   净@0.16     夏普   净@1.76     夏普   净@3.32     夏普 净@2.0685     夏普
C4 在役(king4h)         +1.833 +0.05480  0.4707   +1.682  +2.57   +0.176  +0.27   -1.293  -1.97   -0.114  -0.17
C8A king8h 相位0        +1.669 +0.04925  0.3120   +1.569  +2.42   +0.571  +0.88   -0.402  -0.62   +0.379  +0.58
C8B king8h 相位4        +1.267 +0.04555  0.3360   +1.159  +1.77   +0.084  +0.13   -0.965  -1.47   -0.124  -0.19

═══ 逐年 净@2CPRI ═══
  C4 在役(king4h)        2022: +1.389  2023: -0.759  2024: -0.463  2025: +1.096  2026: -0.946
  C8A king8h 相位0       2022: +1.597  2023: -0.377  2024: +0.129  2025: +1.355  2026: -0.268
  C8B king8h 相位4       2022: +1.101  2023: -0.558  2024: -0.651  2025: +0.900  2026: -0.831

═══ 持续性: king 分数过期 4h 损失多少(8h臂里 新鲜锚 vs 持有锚 的书秩IC)═══
  C8A king8h 相位0: 新鲜锚 IC +0.05774 (n=4910)   持有锚 IC +0.04077 (n=4911)   衰减 +29.4%
  C8B king8h 相位4: 新鲜锚 IC +0.05187 (n=4912)   持有锚 IC +0.03922 (n=4909)   衰减 +24.4%

═══ 稳定度: 滚动 50 锚(≈8天)净@2CPRI ═══
  C4 在役(king4h)        窗口>0 占比 0.510   p5 -6.436   p50 +0.090   最差 -16.728
  C8A king8h 相位0       窗口>0 占比 0.557   p5 -5.925   p50 +0.501   最差 -15.074
  C8B king8h 相位4       窗口>0 占比 0.514   p5 -6.325   p50 +0.123   最差 -15.742

Δ净@2CPRI (C8A − 在役) = +0.395 bps  CI95[+0.237,+0.556]
Δ净@有效0.320 (C8A − 在役4h) = -0.113 bps  CI95[-0.274,+0.050]
Δ净@有效3.520 (C8A − 在役4h) = +0.395 bps  CI95[+0.237,+0.556]
Δ净@有效6.640 (C8A − 在役4h) = +0.890 bps  CI95[+0.732,+1.052]
Δ净@有效4.137 (C8A − 在役4h) = +0.493 bps  CI95[+0.334,+0.654]
8h/4h 盈亏平衡 有效每单位换手成本 = 1.030 bps (低于此 4h 更优)
CAD8_REAUDIT_DONE
