
================ C1 = 0.32 (每单位换手成本) ================
基线 α=0.3+带.002: 毛 +1.427 换手 0.1379 净 +1.383 夏普 +1.93
α=0.2+带0.002: 毛 +1.318 换手 0.0983 净 +1.287 Δ -0.0963 CI[-0.1584,-0.0339] 逐年0/5 夏普 +1.75 2022Δ -0.059 2026Δ -0.035 fail
α=0.2+带0.0: 毛 +1.373 换手 0.1226 净 +1.333 Δ -0.0498 CI[-0.1034,+0.0044] 逐年1/5 夏普 +1.80 2022Δ -0.006 2026Δ +0.061 fail
α=0.15+带0.002: 毛 +1.282 换手 0.0756 净 +1.258 Δ -0.1249 CI[-0.2212,-0.0263] 逐年0/5 夏普 +1.68 2022Δ -0.066 2026Δ -0.033 fail
α=0.15+带0.0: 毛 +1.335 换手 0.0984 净 +1.303 Δ -0.0799 CI[-0.1649,+0.0076] 逐年1/5 夏普 +1.73 2022Δ -0.020 2026Δ +0.098 fail
α=0.1+带0.002: 毛 +1.243 换手 0.0508 净 +1.227 Δ -0.1565 CI[-0.3035,-0.0072] 逐年1/5 夏普 +1.61 2022Δ -0.083 2026Δ +0.184 fail
α=0.1+带0.0: 毛 +1.298 换手 0.0717 净 +1.275 Δ -0.1076 CI[-0.2378,+0.0227] 逐年1/5 夏普 +1.65 2022Δ -0.031 2026Δ +0.178 fail
α=0.05+带0.002: 毛 +1.260 换手 0.0257 净 +1.252 Δ -0.1312 CI[-0.3516,+0.0918] 逐年1/5 夏普 +1.58 2022Δ -0.041 2026Δ +0.301 fail
α=0.05+带0.0: 毛 +1.283 换手 0.0416 净 +1.270 Δ -0.1136 CI[-0.3172,+0.0915] 逐年1/5 夏普 +1.59 2022Δ -0.033 2026Δ +0.304 fail
α=0.03+带0.002: 毛 +1.250 换手 0.0160 净 +1.245 Δ -0.1379 CI[-0.4085,+0.1288] 逐年2/5 夏普 +1.54 2022Δ -0.079 2026Δ +0.420 fail
α=0.03+带0.0: 毛 +1.299 换手 0.0280 净 +1.290 Δ -0.0929 CI[-0.3455,+0.1615] 逐年2/5 夏普 +1.58 2022Δ -0.031 2026Δ +0.360 fail
[C1=0.32] argmax 净额: α=0.2+带0.0 | argmax 夏普: α=0.2+带0.0 | 在役 α=0.05+带0.002: 净 1.2519 夏普 1.584

================ C1 = 3.52 (每单位换手成本) ================
基线 α=0.3+带.002: 毛 +1.427 换手 0.1379 净 +0.942 夏普 +1.31
α=0.2+带0.002: 毛 +1.318 换手 0.0983 净 +0.972 Δ +0.0303 CI[-0.0318,+0.0935] 逐年3/5 夏普 +1.32 2022Δ +0.056 2026Δ +0.104 fail
α=0.2+带0.0: 毛 +1.373 换手 0.1226 净 +0.941 Δ -0.0008 CI[-0.0547,+0.0538] 逐年3/5 夏普 +1.27 2022Δ +0.047 2026Δ +0.112 fail
α=0.15+带0.002: 毛 +1.282 换手 0.0756 净 +1.016 Δ +0.0743 CI[-0.0220,+0.1732] 逐年3/5 夏普 +1.36 2022Δ +0.113 2026Δ +0.186 fail
α=0.15+带0.0: 毛 +1.335 换手 0.0984 净 +0.989 Δ +0.0466 CI[-0.0381,+0.1343] 逐年3/5 夏普 +1.31 2022Δ +0.103 2026Δ +0.234 fail
α=0.1+带0.002: 毛 +1.243 换手 0.0508 净 +1.064 Δ +0.1222 CI[-0.0235,+0.2707] 逐年3/5 夏普 +1.39 2022Δ +0.167 2026Δ +0.492 fail
α=0.1+带0.0: 毛 +1.298 换手 0.0717 净 +1.046 Δ +0.1041 CI[-0.0267,+0.2352] 逐年3/5 夏普 +1.36 2022Δ +0.167 2026Δ +0.409 fail
α=0.05+带0.002: 毛 +1.260 换手 0.0257 净 +1.170 Δ +0.2277 CI[+0.0078,+0.4497] 逐年4/5 夏普 +1.48 2022Δ +0.282 2026Δ +0.700 ★PASS
α=0.05+带0.0: 毛 +1.283 换手 0.0416 净 +1.136 Δ +0.1943 CI[-0.0087,+0.3997] 逐年5/5 夏普 +1.42 2022Δ +0.249 2026Δ +0.643 fail
α=0.03+带0.002: 毛 +1.250 换手 0.0160 净 +1.194 Δ +0.2522 CI[-0.0174,+0.5200] 逐年4/5 夏普 +1.47 2022Δ +0.271 2026Δ +0.855 fail
α=0.03+带0.0: 毛 +1.299 换手 0.0280 净 +1.200 Δ +0.2586 CI[+0.0079,+0.5132] 逐年4/5 夏普 +1.47 2022Δ +0.289 2026Δ +0.750 ★PASS
[C1=3.52] argmax 净额: α=0.03+带0.0 | argmax 夏普: α=0.05+带0.002 | 在役 α=0.05+带0.002: 净 1.1696 夏普 1.48

================ C1 = 6.64 (每单位换手成本) ================
基线 α=0.3+带.002: 毛 +1.427 换手 0.1379 净 +0.512 夏普 +0.71
α=0.2+带0.002: 毛 +1.318 换手 0.0983 净 +0.666 Δ +0.1537 CI[+0.0915,+0.2176] 逐年5/5 夏普 +0.90 2022Δ +0.167 2026Δ +0.240 ★PASS
α=0.2+带0.0: 毛 +1.373 换手 0.1226 净 +0.559 Δ +0.0470 CI[-0.0068,+0.1022] 逐年3/5 夏普 +0.75 2022Δ +0.100 2026Δ +0.161 fail
α=0.15+带0.002: 毛 +1.282 换手 0.0756 净 +0.780 Δ +0.2685 CI[+0.1717,+0.3674] 逐年5/5 夏普 +1.04 2022Δ +0.288 2026Δ +0.399 ★PASS
α=0.15+带0.0: 毛 +1.335 换手 0.0984 净 +0.682 Δ +0.1699 CI[+0.0848,+0.2575] 逐年5/5 夏普 +0.90 2022Δ +0.222 2026Δ +0.367 ★PASS
α=0.1+带0.002: 毛 +1.243 换手 0.0508 净 +0.906 Δ +0.3940 CI[+0.2484,+0.5430] 逐年5/5 夏普 +1.19 2022Δ +0.410 2026Δ +0.792 ★PASS
α=0.1+带0.0: 毛 +1.298 换手 0.0717 净 +0.822 Δ +0.3105 CI[+0.1793,+0.4423] 逐年5/5 夏普 +1.07 2022Δ +0.360 2026Δ +0.633 ★PASS
α=0.05+带0.002: 毛 +1.260 换手 0.0257 净 +1.089 Δ +0.5776 CI[+0.3574,+0.7979] 逐年5/5 夏普 +1.38 2022Δ +0.596 2026Δ +1.088 ★PASS
α=0.05+带0.0: 毛 +1.283 换手 0.0416 净 +1.006 Δ +0.4946 CI[+0.2920,+0.7009] 逐年5/5 夏普 +1.26 2022Δ +0.524 2026Δ +0.974 ★PASS
α=0.03+带0.002: 毛 +1.250 换手 0.0160 净 +1.144 Δ +0.6325 CI[+0.3642,+0.8989] 逐年5/5 夏普 +1.41 2022Δ +0.613 2026Δ +1.279 ★PASS
α=0.03+带0.0: 毛 +1.299 换手 0.0280 净 +1.113 Δ +0.6013 CI[+0.3500,+0.8569] 逐年5/5 夏普 +1.36 2022Δ +0.601 2026Δ +1.130 ★PASS
[C1=6.64] argmax 净额: α=0.03+带0.002 | argmax 夏普: α=0.03+带0.002 | 在役 α=0.05+带0.002: 净 1.0894 夏普 1.378

================ C1 = 4.137 (每单位换手成本) ================
基线 α=0.3+带.002: 毛 +1.427 换手 0.1379 净 +0.857 夏普 +1.20
α=0.2+带0.002: 毛 +1.318 换手 0.0983 净 +0.912 Δ +0.0547 CI[-0.0076,+0.1181] 逐年4/5 夏普 +1.24 2022Δ +0.078 2026Δ +0.131 fail
α=0.2+带0.0: 毛 +1.373 换手 0.1226 净 +0.866 Δ +0.0086 CI[-0.0453,+0.0634] 逐年3/5 夏普 +1.17 2022Δ +0.058 2026Δ +0.121 fail
α=0.15+带0.002: 毛 +1.282 换手 0.0756 净 +0.970 Δ +0.1127 CI[+0.0162,+0.2116] 逐年4/5 夏普 +1.30 2022Δ +0.148 2026Δ +0.228 ★PASS
α=0.15+带0.0: 毛 +1.335 换手 0.0984 净 +0.928 Δ +0.0710 CI[-0.0137,+0.1587] 逐年3/5 夏普 +1.23 2022Δ +0.126 2026Δ +0.260 fail
α=0.1+带0.002: 毛 +1.243 换手 0.0508 净 +1.033 Δ +0.1760 CI[+0.0302,+0.3251] 逐年5/5 夏普 +1.35 2022Δ +0.215 2026Δ +0.551 ★PASS
α=0.1+带0.0: 毛 +1.298 换手 0.0717 净 +1.002 Δ +0.1449 CI[+0.0141,+0.2762] 逐年5/5 夏普 +1.30 2022Δ +0.205 2026Δ +0.453 ★PASS
α=0.05+带0.002: 毛 +1.260 换手 0.0257 净 +1.154 Δ +0.2969 CI[+0.0774,+0.5183] 逐年5/5 夏普 +1.46 2022Δ +0.344 2026Δ +0.777 ★PASS
α=0.05+带0.0: 毛 +1.283 换手 0.0416 净 +1.111 Δ +0.2537 CI[+0.0508,+0.4593] 逐年5/5 夏普 +1.39 2022Δ +0.303 2026Δ +0.709 ★PASS
α=0.03+带0.002: 毛 +1.250 换手 0.0160 净 +1.184 Δ +0.3274 CI[+0.0581,+0.5949] 逐年4/5 夏普 +1.46 2022Δ +0.339 2026Δ +0.939 ★PASS
α=0.03+带0.0: 毛 +1.299 换手 0.0280 净 +1.183 Δ +0.3263 CI[+0.0752,+0.5812] 逐年5/5 夏普 +1.45 2022Δ +0.351 2026Δ +0.825 ★PASS
[C1=4.137] argmax 净额: α=0.03+带0.002 | argmax 夏普: α=0.03+带0.002 | 在役 α=0.05+带0.002: 净 1.1538 夏普 1.46
DEEPSMOOTH_REAUDIT_DONE
