[    0.0s] hashes OK: prereg de9d981465ff93b8 core 54d98f8cf2ac1649 series f1b84e2796cf59d7
[    2.6s] core head exec'd; T,N = 10182 829 ; A_ew parity 0.0 ; beta prefix parity {60: 9.614531393253856e-13, 120: 5.224709553885987e-13, 250: 2.3447910280083306e-13}
[    4.9s] PARITY GATE {'g_base_bitwise': True, 'g_primary_bitwise': True, 'g_base_maxabs': 0.0, 'g_primary_maxabs': 0.0, 'theta_primary_maxabs': 0.0, 'WA_equal': True, 'WT_equal': True, 'A_ew_equal': True}
[   11.2s] NULL NULL_RELAB1 kappa 3.250000 (archived 3.250000, equal=True) dturn rel err -0.0063 fire 8861/9131 dg -0.0253
[   19.9s] NULL NULL_RELAB2 kappa 3.187500 (archived 3.187500, equal=True) dturn rel err +0.0040 fire 9126/9131 dg -0.0027
[   26.2s] NULL NULL_RELAB3 kappa 3.250000 (archived 3.250000, equal=True) dturn rel err +0.0017 fire 9123/9131 dg -0.0270
[   38.4s] NULL NULL_SHIFT101 kappa 1.046875 (archived 1.046875, equal=True) dturn rel err +0.0072 fire 9127/9131 dg -0.0252
[   47.6s] NULL NULL_SHIFT503 kappa 1.187500 (archived 1.187500, equal=True) dturn rel err -0.0015 fire 9131/9131 dg -0.0267
[   52.6s] NULL NULL_SHIFT1009 kappa 1.500000 (archived 1.500000, equal=True) dturn rel err +0.0052 fire 8910/9131 dg -0.0490
[   52.8s] VOL matrix built, finite frac 0.3077 (beta finite frac 0.3085)
[   63.7s] C1_VOL kappa 0.906250 dturn rel err -0.0026 fire 9114/9131 dg -0.0461
[   63.7s] tail machinery parity vs archived build/verdict OK {'base_halt': 6, 'base_maxDD_anchor': 0.46417931631583276, 'base_P25': 0.2696715049656226, 'real_halt': 2, 'real_maxDD_anchor': 0.37429278944720323, 'real_P25': 0.2077922077922078}
[   63.8s] ARM BASE           kappa 0.0000 | sd 22.9850 (+0.00%, CI [+0.00%,+0.00%]) yearFE +0.00% | halt 6 worst 20220607 -11.171% maxDD 0.4642 P25 26.97%
[   65.1s] ARM REAL           kappa 1.0000 | sd 20.8939 (+9.10%, CI [+7.69%,+10.54%]) yearFE +9.11% | halt 2 worst 20220607 -6.334% maxDD 0.3743 P25 20.78%
[   66.4s] ARM NULL_RELAB1    kappa 3.2500 | sd 23.2042 (-0.95%, CI [-1.46%,-0.42%]) yearFE -0.96% | halt 6 worst 20220607 -11.698% maxDD 0.4571 P25 26.97%
[   67.7s] ARM NULL_RELAB2    kappa 3.1875 | sd 23.1728 (-0.82%, CI [-1.48%,-0.23%]) yearFE -0.84% | halt 6 worst 20220511 -5.989% maxDD 0.3894 P25 25.44%
[   69.0s] ARM NULL_RELAB3    kappa 3.2500 | sd 23.0482 (-0.28%, CI [-0.74%,+0.16%]) yearFE -0.28% | halt 5 worst 20220607 -11.236% maxDD 0.4590 P25 27.27%
[   70.3s] ARM NULL_SHIFT101  kappa 1.0469 | sd 21.3844 (+6.96%, CI [+5.87%,+8.06%]) yearFE +6.98% | halt 5 worst 20220607 -7.474% maxDD 0.3935 P25 25.97%
[   71.6s] ARM NULL_SHIFT503  kappa 1.1875 | sd 21.4813 (+6.54%, CI [+5.59%,+7.54%]) yearFE +6.57% | halt 4 worst 20220607 -10.410% maxDD 0.4602 P25 27.27%
[   72.8s] ARM NULL_SHIFT1009 kappa 1.5000 | sd 21.9837 (+4.36%, CI [+3.33%,+5.43%]) yearFE +4.38% | halt 4 worst 20220607 -11.171% maxDD 0.5036 P25 29.49%
[   74.1s] ARM C1_VOL         kappa 0.9062 | sd 21.0099 (+8.59%, CI [+7.40%,+9.86%]) yearFE +8.61% | halt 2 worst 20220511 -5.052% maxDD 0.3763 P25 24.52%
[   74.4s] DIAG {"BASE": {"n_sample": 294, "HHI_mean": 0.00629, "eff_names": 158.97747, "gross_weighted_mean_sigma": 0.02371, "sigma_coverage_of_gross": 0.94985, "pnl_parity_maxabs": 0.0, "HHI_rel_to_BASE_pct": 0.0, "gross_weighted_mean_sigma_rel_to_BASE_pct": 0.0}, "REAL": {"n_sample": 294, "HHI_mean": 0.00643, "eff_names": 155.60006, "gross_weighted_mean_sigma": 0.02369, "sigma_coverage_of_gross": 0.94985, "pnl_parity_maxabs": 0.0, "HHI_rel_to_BASE_pct": 2.17057, "gross_weighted_mean_sigma_rel_to_BASE_pct": -0.08387}, "NULL_RELAB1": {"n_sample": 294, "HHI_mean": 0.00645, "eff_names": 155.02943, "gross_weighted_mean_sigma": 0.0237, "sigma_coverage_of_gross": 0.95004, "pnl_parity_maxabs": 0.0, "HHI_rel_to_BASE_pct": 2.54664, "gross_weighted_mean_sigma_rel_to_BASE_pct": -0.01262}, "NULL_RELAB2": {"n_sample": 294, "HHI_mean": 0.00646, "eff_names": 154.90991, "gross_weighted_mean_sigma": 0.02372, "sigma_coverage_of_gross": 0.94999, "pnl_parity_maxabs": 0.0, "HHI_rel_to_BASE_pct": 2.62576, "gross_weighted_mean_sigma_rel_to_BASE_pct": 0.05156}, "NULL_RELAB3": {"n_sample": 294, "HHI_mean": 0.00643, "eff_names": 155.51428, "gross_weighted_mean_sigma": 0.02371, "sigma_coverage_of_gross": 0.94988, "pnl_parity_maxabs": 0.0, "HHI_rel_to_BASE_pct": 2.22693, "gross_weighted_mean_sigma_rel_to_BASE_pct": 0.01034}, "NULL_SHIFT101": {"n_sample": 294, "HHI_mean": 0.00642, "eff_names": 155.80558, "gross_weighted_mean_sigma": 0.02374, "sigma_coverage_of_gross": 0.94985, "pnl_parity_maxabs": 0.0, "HHI_rel_to_BASE_pct": 2.0358, "gross_weighted_mean_sigma_rel_to_BASE_pct": 0.13369}, "NULL_SHIFT503": {"n_sample": 294, "HHI_mean": 0.00644, "eff_names": 155.23401, "gross_weighted_mean_sigma": 0.02376, "sigma_coverage_of_gross": 0.94978, "pnl_parity_maxabs": 0.0, "HHI_rel_to_BASE_pct": 2.41149, "gross_weighted_mean_sigma_rel_to_BASE_pct": 0.22664}, "NULL_SHIFT1009": {"n_sample": 294, "HHI_mean": 0.00648, "eff_names": 154.32595, "gross_weighted_mean_sigma": 0.02375, "sigma_coverage_of_gross": 0.94955, "pnl_parity_maxabs": 0.0, "HHI_rel_to_BASE_pct": 3.01409, "gross_weighted_mean_sigma_rel_to_BASE_pct": 0.16132}, "C1_VOL": {"n_sample": 294, "HHI_mean": 0.0064, "eff_names": 156.25369, "gross_weighted_mean_sigma": 0.02331, "sigma_coverage_of_gross": 0.94985, "pnl_parity_maxabs": 0.0, "HHI_rel_to_BASE_pct": 1.74318, "gross_weighted_mean_sigma_rel_to_BASE_pct": -1.69017}}
[   74.6s] STALENESS {"SHIFT101": {"lag_anchors": 101, "lag_days": 16.833333333333332, "mean_spearman": 0.8748458077793976, "median_spearman": 0.8978217185113737, "n_anchors": 889, "mean_name_coverage": 0.9759308602252318}, "SHIFT503": {"lag_anchors": 503, "lag_days": 83.83333333333333, "mean_spearman": 0.6015263481102997, "median_spearman": 0.5959582266703795, "n_anchors": 889, "mean_name_coverage": 0.8928180579214666}, "SHIFT1009": {"lag_anchors": 1009, "lag_days": 168.16666666666666, "mean_spearman": 0.5399841671759881, "median_spearman": 0.5456860085473021, "n_anchors": 889, "mean_name_coverage": 0.8114088078682651}, "beta_vs_sigma_spearman_mean": 0.5457780421244235, "beta_vs_sigma_spearman_median": 0.6469317722591206}
[   75.2s] R3 {"L_sd": 1.8180461788911944, "anchor": "OPEN_T1_beyond_delever", "daily": "OPEN_T1_beyond_delever", "n_ctrl": 0, "n_t1": 4}
[   75.4s] headroom bootstrap rep 0 elapsed 0s
[  118.8s] headroom bootstrap rep 400 elapsed 43s
[  163.2s] headroom bootstrap rep 800 elapsed 88s
[  205.9s] headroom bootstrap rep 1200 elapsed 131s
[  249.5s] headroom bootstrap rep 1600 elapsed 174s
[  292.8s] H bootstrap {"method": "paired circular block bootstrap of UTC days, block=30, NB=2000, rng default_rng([20260905,k]); L_crit re-solved per rep on both arms with the same day blocks (30-step bisection [0.25,6])", "n_valid": 2000, "n_none": 0, "ratio_minus_1_ci95": [-0.05477538315320675, 0.7524397797274892], "ratio_minus_1_median": 0.2144682029259387, "ratio_minus_1_mean": 0.2319169341689195, "P_ratio_gt_0": 0.917, "P_ratio_lt_0": 0.083, "P_ratio_eq_0": 0.0, "L_crit_BASE_ci95": [1.1093168601044454, 2.3098277875687927], "L_crit_REAL_ci95": [1.2579066006001085, 2.595786217832938], "ann_gain_pp_ci95": [-6.143790963618408, 29.2766501249739], "ann_gain_pp_median": 5.961252542597595}
[  293.0s] H split-half {"fit_2022-23_eval_2024-26": {"fit_days": 700, "eval_days": 973, "L_crit_BASE_fit": 1.2640525097958744, "L_crit_REAL_fit": 1.766308865742758, "headroom_fit": 0.39733820553703936, "BASE_eval_at_fit_L": {"lev": 1.2640525097958744, "n_days": 973, "halt": 0, "halt_per_yr": 0.0, "worst_day": "20250513", "worst_day_ret": -0.027681947531900897, "maxDD_daily": 0.15445927389356318, "P_1y_maxDD_ge_25": 0.0, "CRITERION_PASS": true}, "REAL_eval_at_fit_L": {"lev": 1.766308865742758, "n_days": 973, "halt": 0, "halt_per_yr": 0.0, "worst_day": "20260822", "worst_day_ret": -0.036523464511560744, "maxDD_daily": 0.13990681325197762, "P_1y_maxDD_ge_25": 0.0, "CRITERION_PASS": true}, "L_crit_BASE_on_eval": 1.9631015076301992, "L_crit_REAL_on_eval": 2.2563960619736463, "headroom_on_eval": 0.149403662115009}, "fit_2024-26_eval_2022-23": {"fit_days": 973, "eval_days": 700, "L_crit_BASE_fit": 1.9631015076301992, "L_crit_REAL_fit": 2.2563960619736463, "headroom_fit": 0.149403662115009, "BASE_eval_at_fit_L": {"lev": 1.9631015076301992, "n_days": 700, "halt": 3, "halt_per_yr": 1.5642857142857143, "worst_day": "20220607", "worst_day_ret": -0.10968214850736469, "maxDD_daily": 0.33599447039905694, "P_1y_maxDD_ge_25": 0.16666666666666666, "CRITERION_PASS": false}, "REAL_eval_at_fit_L": {"lev": 2.2563960619736463, "n_days": 700, "halt": 1, "halt_per_yr": 0.5214285714285715, "worst_day": "20220607", "worst_day_ret": -0.07135946719660058, "maxDD_daily": 0.34082024256291243, "P_1y_maxDD_ge_25": 0.20238095238095238, "CRITERION_PASS": false}, "L_crit_BASE_on_eval": 1.2640525097958744, "L_crit_REAL_on_eval": 1.766308865742758, "headroom_on_eval": 0.39733820553703936}}
[  293.4s] RULES {"R1": true, "R2": false, "R3": false, "C1": true, "H_WITHDRAWN": true, "LIVE_WIRE": "CLOSED", "closed_by": ["R1", "C1"]}
[  293.6s] DONE; gpu_end 0 %, 2 MiB wall 293s
