FsFsssssss
======================================================================
FAIL: test_adding_window_never_switches_between_two_old_windows (__main__.Sampling.test_adding_window_never_switches_between_two_old_windows)
----------------------------------------------------------------------
Traceback (most recent call last):
  File "/var/folders/bv/k_p7xhdx4nl9tny1wwgzfbdm0000gn/T/sampler_red_oxd20tuk/test_sampling.py", line 33, in test_adding_window_never_switches_between_two_old_windows
    self.assertEqual(unwanted, [])
    ~~~~~~~~~~~~~~~~^^^^^^^^^^^^^^
AssertionError: Lists differ: [('g', 'e'), ('g', 'e'), ('e', 'c'), ('e',[397 chars]'c')] != []

First list contains 37 additional elements.
First extra element 0:
('g', 'e')

+ []
- [('g', 'e'),
-  ('g', 'e'),
-  ('e', 'c'),
-  ('e', 'c'),
-  ('e', 'c'),
-  ('e', 'c'),
-  ('e', 'c'),
-  ('e', 'c'),
-  ('g', 'e'),
-  ('e', 'c'),
-  ('e', 'c'),
-  ('e', 'c'),
-  ('g', 'e'),
-  ('e', 'c'),
-  ('g', 'e'),
-  ('e', 'c'),
-  ('e', 'c'),
-  ('e', 'c'),
-  ('g', 'e'),
-  ('e', 'c'),
-  ('e', 'c'),
-  ('e', 'c'),
-  ('g', 'e'),
-  ('e', 'c'),
-  ('g', 'e'),
-  ('e', 'c'),
-  ('g', 'e'),
-  ('e', 'c'),
-  ('g', 'e'),
-  ('e', 'c'),
-  ('e', 'c'),
-  ('g', 'e'),
-  ('g', 'e'),
-  ('g', 'e'),
-  ('g', 'e'),
-  ('g', 'e'),
-  ('e', 'c')]

======================================================================
FAIL: test_implementation_present (__main__.Sampling.test_implementation_present)
----------------------------------------------------------------------
Traceback (most recent call last):
  File "/var/folders/bv/k_p7xhdx4nl9tny1wwgzfbdm0000gn/T/sampler_red_oxd20tuk/test_sampling.py", line 93, in test_implementation_present
    self.assertTrue(IMPLEMENTED, 'stable window sampler is not implemented')
    ~~~~~~~~~~~~~~~^^^^^^^^^^^^^^^^^^^^^^^^^^^^^^^^^^^^^^^^^^^^^^^^^^^^^^^^^
AssertionError: False is not true : stable window sampler is not implemented

----------------------------------------------------------------------
Ran 10 tests in 0.003s

FAILED (failures=2, skipped=8)
