[     0s] CHECK config.not_a_template_and_nothing_pending OK {"status": "FROZEN before any number of the OLD-vs-NEW comparison (OVN Stage 1); arm NEW_s42; settings byte-identical to RUN_CONFIG_OVN_OLD", "pending": []}
[     0s] CHECK pin.prereg OK {"path": "/workspace/baseline_tables_2026-09-19/pins/PREREG_baseline_tables_certified_2026-09-19.md", "got": "d9fe45e3191f56e5", "want": "d9fe45e3191f56e5"}
[     0s] CHECK pin.prereg_amendment_1 OK {"path": "/workspace/baseline_tables_2026-09-19/pins/AMENDMENT_1_baseline_tables_certified_2026-09-19.md", "got": "766bc367743d8542", "want": "766bc367743d8542"}
[     0s] CHECK pin.exec_sim OK {"path": "/workspace/baseline_tables_2026-09-19/devices/exec_copy/exec_sim.py", "got": "29679672e68d4842", "want": "29679672e68d4842"}
[     0s] CHECK pin.simlib OK {"path": "/workspace/baseline_tables_2026-09-19/devices/exec_copy/simlib.py", "got": "55246fe98da2d57a", "want": "55246fe98da2d57a"}
[     0s] CHECK pin.v1b_gate OK {"path": "/workspace/baseline_tables_2026-09-19/devices/exec_copy/v1b_gate.py", "got": "4a725921a470f4c1", "want": "4a725921a470f4c1"}
[     0s] CHECK pin.v1_gate OK {"path": "/workspace/baseline_tables_2026-09-19/devices/exec_copy/v1_gate.py", "got": "c97d9b3d49212b49", "want": "c97d9b3d49212b49"}
[     0s] CHECK pin.calibration OK {"path": "/workspace/baseline_tables_2026-09-19/devices/exec_copy/CALIBRATION_v3_POOLED_20260826_20260910.json", "got": "fda342431d39703e", "want": "fda342431d39703e"}
[     0s] CHECK pin.input_manifest OK {"path": "/workspace/baseline_tables_2026-09-19/devices/exec_copy/INPUT_MANIFEST.json", "got": "59875e5a69db415f", "want": "59875e5a69db415f"}
[     0s] CHECK pin.p2_s2_lib OK {"path": "/workspace/uplift_r2_2026-09-13/P2/devices/p2_s2_lib.py", "got": "c53f5c495036727f", "want": "c53f5c495036727f"}
[    18s] CHECK pin.price_full_raw OK {"path": "/workspace/baseline_tables_2026-09-19/work/price_full_raw_x0918r.npy", "got": "23af32bd97c267d1", "want": "23af32bd97c267d1"}
[    18s] CHECK pin.price_full_meta OK {"path": "/workspace/baseline_tables_2026-09-19/work/price_full_raw_x0918r_meta.npz", "got": "d1e49cc9f0a7ddc4", "want": "d1e49cc9f0a7ddc4"}
[    18s] CHECK pin.price_receipt OK {"path": "/workspace/baseline_tables_2026-09-19/receipts/BT_PRICES_FULL_X0918R.json", "got": "130592b122831e03", "want": "130592b122831e03"}
[    22s] CHECK pin.price_source_table_x0918r OK {"path": "/workspace/raw_price_fix_2026-09-19/ext_x0918r/work/price_logtable_raw_x0918r.npy", "got": "9249b0da4a4c5789", "want": "9249b0da4a4c5789"}
[    22s] CHECK pin.price_source_meta_x0918r OK {"path": "/workspace/raw_price_fix_2026-09-19/ext_x0918r/work/price_meta_raw_x0918r.npz", "got": "da136830cee7e1a2", "want": "da136830cee7e1a2"}
[    22s] CHECK pin.ledger_full OK {"path": "/workspace/baseline_tables_2026-09-19/funding/ledger_spliced_p2_to_20260901T0200_streamD_after.npz", "got": "073088e503c026d6", "want": "073088e503c026d6"}
[    22s] CHECK pin.funding_overlap_proof OK {"path": "/workspace/baseline_tables_2026-09-19/funding/BT_FUNDING_OVERLAP.json", "got": "0ee6d99bfa2acfb9", "want": "0ee6d99bfa2acfb9"}
[    23s] CHECK pin.funding_source_p2 OK {"path": "/workspace/uplift_r2_2026-09-13/P2/work/ledger_full.npz", "got": "bea6f5752772d54e", "want": "bea6f5752772d54e"}
[    23s] CHECK pin.funding_source_stream_d OK {"path": "/workspace/axis_0919/funding/funding_ledger.npz", "got": "74b69e635efbf355", "want": "74b69e635efbf355"}
[    23s] CHECK pin.funding_4h_accounting_stream_d OK {"path": "/workspace/axis_0919/funding/funding_4h_accounting.npz", "got": "2838e5f6cf42fff5", "want": "2838e5f6cf42fff5"}
[    23s] CHECK pin.tradability OK {"path": "/workspace/axis_0919/x0918r/trd/tradability_v1.npz", "got": "bebf69ab9ddb3b05", "want": "bebf69ab9ddb3b05"}
[    23s] CHECK pin.universe OK {"path": "/workspace/uplift_r2_2026-09-13/P2/work/universe.npz", "got": "6322b57366078ed0", "want": "6322b57366078ed0"}
[    23s] CHECK pin.g0_labels OK {"path": "/workspace/baseline_tables_2026-09-19/g0x/g0_labels_x0918.npz", "got": "c3832939e1b01333", "want": "c3832939e1b01333"}
[    23s] CHECK pin.g0_receipt OK {"path": "/workspace/baseline_tables_2026-09-19/g0x/RECEIPT_bt_g0_extend.json", "got": "8afd680472ef21be", "want": "8afd680472ef21be"}
[    23s] CHECK price_receipt.PASS_and_outputs OK {"price_kinds": ["raw"]}
[    24s] CHECK pin.executor_tree_409ea16_vs_manifest OK {"n": 332, "bad": []}
[    24s] CHECK exec_sim.version_v3.1 OK "v3.1"
[    24s] CHECK runs.selected OK {"runs": ["OVN_NEW_s42|scaled|rule|raw|UAFE", "OVN_NEW_s42|lit|rule|raw|UAFE", "OVN_NEW_s42|scaled|rule|raw|UAFE|fee_x1.25", "OVN_NEW_s42|scaled|rule|raw|UAFE|slip_x1.5", "OVN_NEW_s42|scaled|rule|raw|UAFE|fill_x0.9"], "seeds": [0, 1, 2, 3, 
[    24s] CHECK window.n_anchors OK 9139
[    24s] CHECK axis.symbols OK 
[    24s] CHECK prices.grid_covers_window OK {"grid0": 1656532800, "n": 444145}
[    24s] CHECK ua_sets.counts_of_the_sets_the_runs_use OK {"UNAVAILABLE_3084": 3084}
[    34s] prices raw (444145, 829)
[    34s] CHECK run.OVN_NEW_s42|scaled|rule|raw|UAFE.policy_named OK 
[    34s] CHECK run.OVN_NEW_s42|scaled|rule|raw|UAFE.ua_cells_already_at_last_available_price OK {"cells_that_would_change": 0}
[    34s] CHECK run.OVN_NEW_s42|lit|rule|raw|UAFE.policy_named OK 
[    34s] CHECK run.OVN_NEW_s42|lit|rule|raw|UAFE.ua_cells_already_at_last_available_price OK {"cells_that_would_change": 0}
[    34s] CHECK run.OVN_NEW_s42|scaled|rule|raw|UAFE|fee_x1.25.policy_named OK 
[    34s] CHECK run.OVN_NEW_s42|scaled|rule|raw|UAFE|fee_x1.25.ua_cells_already_at_last_available_price OK {"cells_that_would_change": 0}
[    34s] CHECK run.OVN_NEW_s42|scaled|rule|raw|UAFE|slip_x1.5.policy_named OK 
[    34s] CHECK run.OVN_NEW_s42|scaled|rule|raw|UAFE|slip_x1.5.ua_cells_already_at_last_available_price OK {"cells_that_would_change": 0}
[    34s] CHECK run.OVN_NEW_s42|scaled|rule|raw|UAFE|fill_x0.9.policy_named OK 
[    34s] CHECK run.OVN_NEW_s42|scaled|rule|raw|UAFE|fill_x0.9.ua_cells_already_at_last_available_price OK {"cells_that_would_change": 0}
[    35s] funding rows 2386274
[    35s] CHECK axis.tradability_symbols OK 
[    35s] CHECK tradability.covers_window OK 
[    35s] CHECK calibration.v3_pooled_frozen OK 
[    35s] CHECK calibration.decision_offset_N+24 OK 1440
[    35s] CHECK executor.pns_wide OK 
[    35s] CHECK executor.gross_mult_config OK {"gm": 2.0, "onu": "hold"}
[    36s] CHECK objb_targets.OVN_NEW_s42|scaled|rule|raw|UAFE.loaded OK {"window_anchors": 9139, "combo": 6610, "king": 0, "hold": 2529, "written_rows_without_weights": 0}
[    37s] CHECK objb_targets.OVN_NEW_s42|lit|rule|raw|UAFE.loaded OK {"window_anchors": 9139, "combo": 2959, "king": 0, "hold": 6180, "written_rows_without_weights": 0}
[    38s] CHECK objb_targets.OVN_NEW_s42|scaled|rule|raw|UAFE|fee_x1.25.loaded OK {"window_anchors": 9139, "combo": 6610, "king": 0, "hold": 2529, "written_rows_without_weights": 0}
[    39s] CHECK objb_targets.OVN_NEW_s42|scaled|rule|raw|UAFE|slip_x1.5.loaded OK {"window_anchors": 9139, "combo": 6610, "king": 0, "hold": 2529, "written_rows_without_weights": 0}
[    40s] CHECK objb_targets.OVN_NEW_s42|scaled|rule|raw|UAFE|fill_x0.9.loaded OK {"window_anchors": 9139, "combo": 6610, "king": 0, "hold": 2529, "written_rows_without_weights": 0}
[    41s] resume: existing 144 to run 16
[    41s] started OVN_NEW_s42|scaled|rule|raw|UAFE|fill_x0.9 seed 16 pid 2231593 avail_GiB 23.7 own_GiB 2.97 psi 12.2
[    42s] started OVN_NEW_s42|scaled|rule|raw|UAFE|fill_x0.9 seed 17 pid 2231596 avail_GiB 23.8 own_GiB 3.00 psi 12.2
[    42s] started OVN_NEW_s42|scaled|rule|raw|UAFE|fill_x0.9 seed 18 pid 2231598 avail_GiB 23.7 own_GiB 3.03 psi 10.3
[    43s] started OVN_NEW_s42|scaled|rule|raw|UAFE|fill_x0.9 seed 19 pid 2231599 avail_GiB 23.6 own_GiB 3.06 psi 10.3
[   171s] finished OVN_NEW_s42|scaled|rule|raw|UAFE|fill_x0.9 seed 16 rc 0 avail_GiB 29.3 own_GiB 3.01 psi 0.2
[   171s] started OVN_NEW_s42|scaled|rule|raw|UAFE|fill_x0.9 seed 20 pid 2232036 avail_GiB 29.3 own_GiB 3.02 psi 0.2
[   171s] finished OVN_NEW_s42|scaled|rule|raw|UAFE|fill_x0.9 seed 17 rc 0 avail_GiB 29.3 own_GiB 3.03 psi 0.2
[   172s] started OVN_NEW_s42|scaled|rule|raw|UAFE|fill_x0.9 seed 21 pid 2232044 avail_GiB 29.2 own_GiB 3.05 psi 0.2
[   172s] finished OVN_NEW_s42|scaled|rule|raw|UAFE|fill_x0.9 seed 19 rc 0 avail_GiB 29.2 own_GiB 3.06 psi 0.2
[   173s] started OVN_NEW_s42|scaled|rule|raw|UAFE|fill_x0.9 seed 22 pid 2232054 avail_GiB 29.2 own_GiB 3.08 psi 0.2
[   200s] finished OVN_NEW_s42|scaled|rule|raw|UAFE|fill_x0.9 seed 18 rc 0 avail_GiB 29.7 own_GiB 3.07 psi 1.7
[   201s] started OVN_NEW_s42|scaled|rule|raw|UAFE|fill_x0.9 seed 23 pid 2232122 avail_GiB 29.7 own_GiB 3.09 psi 1.4
[   299s] finished OVN_NEW_s42|scaled|rule|raw|UAFE|fill_x0.9 seed 20 rc 0 avail_GiB 29.5 own_GiB 3.01 psi 2.4
[   299s] started OVN_NEW_s42|scaled|rule|raw|UAFE|fill_x0.9 seed 24 pid 2232853 avail_GiB 29.5 own_GiB 3.02 psi 2.4
[   299s] finished OVN_NEW_s42|scaled|rule|raw|UAFE|fill_x0.9 seed 21 rc 0 avail_GiB 29.5 own_GiB 3.03 psi 2.4
[   300s] started OVN_NEW_s42|scaled|rule|raw|UAFE|fill_x0.9 seed 25 pid 2232854 avail_GiB 29.5 own_GiB 3.05 psi 2.4
[   300s] finished OVN_NEW_s42|scaled|rule|raw|UAFE|fill_x0.9 seed 22 rc 0 avail_GiB 29.5 own_GiB 3.07 psi 2.5
[   301s] started OVN_NEW_s42|scaled|rule|raw|UAFE|fill_x0.9 seed 26 pid 2232855 avail_GiB 29.5 own_GiB 3.08 psi 2.5
[   328s] finished OVN_NEW_s42|scaled|rule|raw|UAFE|fill_x0.9 seed 23 rc 0 avail_GiB 26.4 own_GiB 3.07 psi 1.6
[   329s] started OVN_NEW_s42|scaled|rule|raw|UAFE|fill_x0.9 seed 27 pid 2232916 avail_GiB 26.4 own_GiB 3.08 psi 1.4
[   444s] finished OVN_NEW_s42|scaled|rule|raw|UAFE|fill_x0.9 seed 24 rc 0 avail_GiB 26.3 own_GiB 3.06 psi 0.0
[   444s] started OVN_NEW_s42|scaled|rule|raw|UAFE|fill_x0.9 seed 28 pid 2233346 avail_GiB 26.3 own_GiB 3.07 psi 0.4
[   445s] finished OVN_NEW_s42|scaled|rule|raw|UAFE|fill_x0.9 seed 25 rc 0 avail_GiB 26.2 own_GiB 3.08 psi 0.4
[   446s] started OVN_NEW_s42|scaled|rule|raw|UAFE|fill_x0.9 seed 29 pid 2233347 avail_GiB 26.2 own_GiB 3.10 psi 0.4
[   456s] finished OVN_NEW_s42|scaled|rule|raw|UAFE|fill_x0.9 seed 26 rc 0 avail_GiB 26.2 own_GiB 3.08 psi 1.6
[   457s] started OVN_NEW_s42|scaled|rule|raw|UAFE|fill_x0.9 seed 30 pid 2233358 avail_GiB 26.2 own_GiB 3.09 psi 1.6
[   490s] finished OVN_NEW_s42|scaled|rule|raw|UAFE|fill_x0.9 seed 27 rc 0 avail_GiB 29.3 own_GiB 3.08 psi 0.5
[   490s] started OVN_NEW_s42|scaled|rule|raw|UAFE|fill_x0.9 seed 31 pid 2233449 avail_GiB 29.3 own_GiB 3.09 psi 0.4
[   571s] finished OVN_NEW_s42|scaled|rule|raw|UAFE|fill_x0.9 seed 28 rc 0 avail_GiB 29.2 own_GiB 3.11 psi 0.0
[   587s] finished OVN_NEW_s42|scaled|rule|raw|UAFE|fill_x0.9 seed 30 rc 0 avail_GiB 29.2 own_GiB 3.07 psi 0.0
[   597s] finished OVN_NEW_s42|scaled|rule|raw|UAFE|fill_x0.9 seed 29 rc 0 avail_GiB 29.2 own_GiB 3.01 psi 0.0
[   614s] aggregated OVN_NEW_s42|scaled|rule|raw|UAFE|fill_x0.9
[   614s] finished OVN_NEW_s42|scaled|rule|raw|UAFE|fill_x0.9 seed 31 rc 0 avail_GiB 29.2 own_GiB 2.96 psi 0.0
[   614s] CHECK runs.all_rc0 OK {"OVN_NEW_s42|scaled|rule|raw|UAFE": {"0": 0, "1": 0, "2": 0, "3": 0, "4": 0, "5": 0, "6": 0, "7": 0, "8": 0, "9": 0, "10": 0, "11": 0, "12": 0, "13": 0, "14": 0, "15": 0, "16": 0, "17": 0, "18": 0, "19": 0, "20": 0, "21": 0, "22": 0, "23":
[   614s] CHECK runs.audits_clean OK 
BT_LAUNCH VERDICT=PASS label=full_ovn_new_s42_r2 runs=5 seeds=32 receipt_sha256=ccad77694d275c5d73397a56b4eed2a27b94ad571b5764e79cc2fa7aafc279cc
EXIT 0
