[     0s] CHECK config.not_a_template_and_nothing_pending OK {"status": "FROZEN before any number of the OLD-vs-NEW comparison (OVN Stage 1); arm NEW_s2027; settings byte-identical to RUN_CONFIG_OVN_OLD", "pending": []}
[     0s] CHECK pin.prereg OK {"path": "/workspace/baseline_tables_2026-09-19/pins/PREREG_baseline_tables_certified_2026-09-19.md", "got": "d9fe45e3191f56e5", "want": "d9fe45e3191f56e5"}
[     0s] CHECK pin.prereg_amendment_1 OK {"path": "/workspace/baseline_tables_2026-09-19/pins/AMENDMENT_1_baseline_tables_certified_2026-09-19.md", "got": "766bc367743d8542", "want": "766bc367743d8542"}
[     0s] CHECK pin.exec_sim OK {"path": "/workspace/baseline_tables_2026-09-19/devices/exec_copy/exec_sim.py", "got": "29679672e68d4842", "want": "29679672e68d4842"}
[     0s] CHECK pin.simlib OK {"path": "/workspace/baseline_tables_2026-09-19/devices/exec_copy/simlib.py", "got": "55246fe98da2d57a", "want": "55246fe98da2d57a"}
[     0s] CHECK pin.v1b_gate OK {"path": "/workspace/baseline_tables_2026-09-19/devices/exec_copy/v1b_gate.py", "got": "4a725921a470f4c1", "want": "4a725921a470f4c1"}
[     0s] CHECK pin.v1_gate OK {"path": "/workspace/baseline_tables_2026-09-19/devices/exec_copy/v1_gate.py", "got": "c97d9b3d49212b49", "want": "c97d9b3d49212b49"}
[     0s] CHECK pin.calibration OK {"path": "/workspace/baseline_tables_2026-09-19/devices/exec_copy/CALIBRATION_v3_POOLED_20260826_20260910.json", "got": "fda342431d39703e", "want": "fda342431d39703e"}
[     0s] CHECK pin.input_manifest OK {"path": "/workspace/baseline_tables_2026-09-19/devices/exec_copy/INPUT_MANIFEST.json", "got": "59875e5a69db415f", "want": "59875e5a69db415f"}
[     0s] CHECK pin.p2_s2_lib OK {"path": "/workspace/uplift_r2_2026-09-13/P2/devices/p2_s2_lib.py", "got": "c53f5c495036727f", "want": "c53f5c495036727f"}
[     2s] CHECK pin.price_full_raw OK {"path": "/workspace/baseline_tables_2026-09-19/work/price_full_raw_x0918r.npy", "got": "23af32bd97c267d1", "want": "23af32bd97c267d1"}
[     2s] CHECK pin.price_full_meta OK {"path": "/workspace/baseline_tables_2026-09-19/work/price_full_raw_x0918r_meta.npz", "got": "d1e49cc9f0a7ddc4", "want": "d1e49cc9f0a7ddc4"}
[     2s] CHECK pin.price_receipt OK {"path": "/workspace/baseline_tables_2026-09-19/receipts/BT_PRICES_FULL_X0918R.json", "got": "130592b122831e03", "want": "130592b122831e03"}
[     2s] CHECK pin.price_source_table_x0918r OK {"path": "/workspace/raw_price_fix_2026-09-19/ext_x0918r/work/price_logtable_raw_x0918r.npy", "got": "9249b0da4a4c5789", "want": "9249b0da4a4c5789"}
[     2s] CHECK pin.price_source_meta_x0918r OK {"path": "/workspace/raw_price_fix_2026-09-19/ext_x0918r/work/price_meta_raw_x0918r.npz", "got": "da136830cee7e1a2", "want": "da136830cee7e1a2"}
[     2s] CHECK pin.ledger_full OK {"path": "/workspace/baseline_tables_2026-09-19/funding/ledger_spliced_p2_to_20260901T0200_streamD_after.npz", "got": "073088e503c026d6", "want": "073088e503c026d6"}
[     2s] CHECK pin.funding_overlap_proof OK {"path": "/workspace/baseline_tables_2026-09-19/funding/BT_FUNDING_OVERLAP.json", "got": "0ee6d99bfa2acfb9", "want": "0ee6d99bfa2acfb9"}
[     2s] CHECK pin.funding_source_p2 OK {"path": "/workspace/uplift_r2_2026-09-13/P2/work/ledger_full.npz", "got": "bea6f5752772d54e", "want": "bea6f5752772d54e"}
[     2s] CHECK pin.funding_source_stream_d OK {"path": "/workspace/axis_0919/funding/funding_ledger.npz", "got": "74b69e635efbf355", "want": "74b69e635efbf355"}
[     2s] CHECK pin.funding_4h_accounting_stream_d OK {"path": "/workspace/axis_0919/funding/funding_4h_accounting.npz", "got": "2838e5f6cf42fff5", "want": "2838e5f6cf42fff5"}
[     2s] CHECK pin.tradability OK {"path": "/workspace/axis_0919/x0918r/trd/tradability_v1.npz", "got": "bebf69ab9ddb3b05", "want": "bebf69ab9ddb3b05"}
[     2s] CHECK pin.universe OK {"path": "/workspace/uplift_r2_2026-09-13/P2/work/universe.npz", "got": "6322b57366078ed0", "want": "6322b57366078ed0"}
[     2s] CHECK pin.g0_labels OK {"path": "/workspace/baseline_tables_2026-09-19/g0x/g0_labels_x0918.npz", "got": "c3832939e1b01333", "want": "c3832939e1b01333"}
[     2s] CHECK pin.g0_receipt OK {"path": "/workspace/baseline_tables_2026-09-19/g0x/RECEIPT_bt_g0_extend.json", "got": "8afd680472ef21be", "want": "8afd680472ef21be"}
[     2s] CHECK price_receipt.PASS_and_outputs OK {"price_kinds": ["raw"]}
[     3s] CHECK pin.executor_tree_409ea16_vs_manifest OK {"n": 332, "bad": []}
[     3s] CHECK exec_sim.version_v3.1 OK "v3.1"
[     3s] CHECK runs.selected OK {"runs": ["OVN_NEW_s2027|scaled|rule|raw|UAFE", "OVN_NEW_s2027|lit|rule|raw|UAFE", "OVN_NEW_s2027|scaled|rule|raw|UAFE|fee_x1.25", "OVN_NEW_s2027|scaled|rule|raw|UAFE|slip_x1.5", "OVN_NEW_s2027|scaled|rule|raw|UAFE|fill_x0.9"], "seeds": [0,
[     3s] CHECK window.n_anchors OK 9139
[     3s] CHECK axis.symbols OK 
[     3s] CHECK prices.grid_covers_window OK {"grid0": 1656532800, "n": 444145}
[     3s] CHECK ua_sets.counts_of_the_sets_the_runs_use OK {"UNAVAILABLE_3084": 3084}
[    49s] prices raw (444145, 829)
[    49s] CHECK run.OVN_NEW_s2027|scaled|rule|raw|UAFE.policy_named OK 
[    49s] CHECK run.OVN_NEW_s2027|scaled|rule|raw|UAFE.ua_cells_already_at_last_available_price OK {"cells_that_would_change": 0}
[    49s] CHECK run.OVN_NEW_s2027|lit|rule|raw|UAFE.policy_named OK 
[    49s] CHECK run.OVN_NEW_s2027|lit|rule|raw|UAFE.ua_cells_already_at_last_available_price OK {"cells_that_would_change": 0}
[    49s] CHECK run.OVN_NEW_s2027|scaled|rule|raw|UAFE|fee_x1.25.policy_named OK 
[    49s] CHECK run.OVN_NEW_s2027|scaled|rule|raw|UAFE|fee_x1.25.ua_cells_already_at_last_available_price OK {"cells_that_would_change": 0}
[    49s] CHECK run.OVN_NEW_s2027|scaled|rule|raw|UAFE|slip_x1.5.policy_named OK 
[    49s] CHECK run.OVN_NEW_s2027|scaled|rule|raw|UAFE|slip_x1.5.ua_cells_already_at_last_available_price OK {"cells_that_would_change": 0}
[    49s] CHECK run.OVN_NEW_s2027|scaled|rule|raw|UAFE|fill_x0.9.policy_named OK 
[    49s] CHECK run.OVN_NEW_s2027|scaled|rule|raw|UAFE|fill_x0.9.ua_cells_already_at_last_available_price OK {"cells_that_would_change": 0}
[    50s] funding rows 2386274
[    50s] CHECK axis.tradability_symbols OK 
[    50s] CHECK tradability.covers_window OK 
[    50s] CHECK calibration.v3_pooled_frozen OK 
[    50s] CHECK calibration.decision_offset_N+24 OK 1440
[    50s] CHECK executor.pns_wide OK 
[    50s] CHECK executor.gross_mult_config OK {"gm": 2.0, "onu": "hold"}
[    52s] CHECK objb_targets.OVN_NEW_s2027|scaled|rule|raw|UAFE.loaded OK {"window_anchors": 9139, "combo": 6195, "king": 0, "hold": 2944, "written_rows_without_weights": 0}
[    52s] CHECK objb_targets.OVN_NEW_s2027|lit|rule|raw|UAFE.loaded OK {"window_anchors": 9139, "combo": 2929, "king": 0, "hold": 6210, "written_rows_without_weights": 0}
[    53s] CHECK objb_targets.OVN_NEW_s2027|scaled|rule|raw|UAFE|fee_x1.25.loaded OK {"window_anchors": 9139, "combo": 6195, "king": 0, "hold": 2944, "written_rows_without_weights": 0}
[    54s] CHECK objb_targets.OVN_NEW_s2027|scaled|rule|raw|UAFE|slip_x1.5.loaded OK {"window_anchors": 9139, "combo": 6195, "king": 0, "hold": 2944, "written_rows_without_weights": 0}
[    55s] CHECK objb_targets.OVN_NEW_s2027|scaled|rule|raw|UAFE|fill_x0.9.loaded OK {"window_anchors": 9139, "combo": 6195, "king": 0, "hold": 2944, "written_rows_without_weights": 0}
[    55s] resume: existing 0 to run 160
[    55s] started OVN_NEW_s2027|scaled|rule|raw|UAFE seed 0 pid 2215574 avail_GiB 35.1 own_GiB 2.98 psi 22.6
[    56s] started OVN_NEW_s2027|scaled|rule|raw|UAFE seed 1 pid 2215577 avail_GiB 35.0 own_GiB 3.00 psi 22.6
[    56s] started OVN_NEW_s2027|scaled|rule|raw|UAFE seed 2 pid 2215587 avail_GiB 35.0 own_GiB 3.03 psi 20.0
[    57s] started OVN_NEW_s2027|scaled|rule|raw|UAFE seed 3 pid 2215599 avail_GiB 34.9 own_GiB 3.06 psi 20.0
[   232s] finished OVN_NEW_s2027|scaled|rule|raw|UAFE seed 0 rc 0 avail_GiB 30.2 own_GiB 3.02 psi 3.1
[   234s] started OVN_NEW_s2027|scaled|rule|raw|UAFE seed 4 pid 2216099 avail_GiB 30.3 own_GiB 3.03 psi 3.1
[   234s] finished OVN_NEW_s2027|scaled|rule|raw|UAFE seed 1 rc 0 avail_GiB 30.1 own_GiB 3.04 psi 2.8
[   236s] started OVN_NEW_s2027|scaled|rule|raw|UAFE seed 5 pid 2216102 avail_GiB 30.2 own_GiB 3.06 psi 2.4
[   237s] finished OVN_NEW_s2027|scaled|rule|raw|UAFE seed 3 rc 0 avail_GiB 30.3 own_GiB 2.78 psi 2.4
[   238s] started OVN_NEW_s2027|scaled|rule|raw|UAFE seed 6 pid 2216116 avail_GiB 30.3 own_GiB 3.03 psi 2.2
[   239s] finished OVN_NEW_s2027|scaled|rule|raw|UAFE seed 2 rc 0 avail_GiB 30.3 own_GiB 3.05 psi 2.2
[   240s] started OVN_NEW_s2027|scaled|rule|raw|UAFE seed 7 pid 2216118 avail_GiB 30.2 own_GiB 3.06 psi 2.1
[   419s] finished OVN_NEW_s2027|scaled|rule|raw|UAFE seed 5 rc 0 avail_GiB 29.6 own_GiB 2.82 psi 1.9
[   421s] started OVN_NEW_s2027|scaled|rule|raw|UAFE seed 8 pid 2216690 avail_GiB 29.7 own_GiB 3.08 psi 2.1
[   421s] finished OVN_NEW_s2027|scaled|rule|raw|UAFE seed 4 rc 0 avail_GiB 29.8 own_GiB 3.09 psi 2.1
[   423s] started OVN_NEW_s2027|scaled|rule|raw|UAFE seed 9 pid 2216705 avail_GiB 33.5 own_GiB 3.11 psi 1.8
[   429s] finished OVN_NEW_s2027|scaled|rule|raw|UAFE seed 6 rc 0 avail_GiB 33.5 own_GiB 3.08 psi 1.0
[   431s] started OVN_NEW_s2027|scaled|rule|raw|UAFE seed 10 pid 2216715 avail_GiB 33.4 own_GiB 3.09 psi 0.8
[   437s] finished OVN_NEW_s2027|scaled|rule|raw|UAFE seed 7 rc 0 avail_GiB 33.4 own_GiB 3.06 psi 0.4
[   439s] started OVN_NEW_s2027|scaled|rule|raw|UAFE seed 11 pid 2216764 avail_GiB 33.4 own_GiB 3.07 psi 0.3
[   598s] finished OVN_NEW_s2027|scaled|rule|raw|UAFE seed 8 rc 0 avail_GiB 33.5 own_GiB 3.12 psi 0.0
[   599s] started OVN_NEW_s2027|scaled|rule|raw|UAFE seed 12 pid 2217427 avail_GiB 33.5 own_GiB 3.13 psi 0.0
[   606s] finished OVN_NEW_s2027|scaled|rule|raw|UAFE seed 9 rc 0 avail_GiB 33.5 own_GiB 3.10 psi 0.0
[   608s] started OVN_NEW_s2027|scaled|rule|raw|UAFE seed 13 pid 2217444 avail_GiB 33.5 own_GiB 3.06 psi 0.0
[   609s] finished OVN_NEW_s2027|scaled|rule|raw|UAFE seed 10 rc 0 avail_GiB 33.5 own_GiB 3.07 psi 0.0
[   610s] started OVN_NEW_s2027|scaled|rule|raw|UAFE seed 14 pid 2217446 avail_GiB 33.4 own_GiB 3.09 psi 0.0
[   616s] finished OVN_NEW_s2027|scaled|rule|raw|UAFE seed 11 rc 0 avail_GiB 33.5 own_GiB 3.06 psi 0.0
[   618s] started OVN_NEW_s2027|scaled|rule|raw|UAFE seed 15 pid 2217454 avail_GiB 33.5 own_GiB 3.07 psi 0.0
[   818s] finished OVN_NEW_s2027|scaled|rule|raw|UAFE seed 12 rc 0 avail_GiB 27.0 own_GiB 3.07 psi 0.0
[   819s] started OVN_NEW_s2027|scaled|rule|raw|UAFE seed 16 pid 2218044 avail_GiB 27.0 own_GiB 3.02 psi 0.0
[   820s] finished OVN_NEW_s2027|scaled|rule|raw|UAFE seed 13 rc 0 avail_GiB 27.0 own_GiB 3.03 psi 0.0
[   821s] started OVN_NEW_s2027|scaled|rule|raw|UAFE seed 17 pid 2218046 avail_GiB 27.0 own_GiB 3.06 psi 0.0
[   822s] finished OVN_NEW_s2027|scaled|rule|raw|UAFE seed 14 rc 0 avail_GiB 27.0 own_GiB 3.07 psi 0.0
[   824s] started OVN_NEW_s2027|scaled|rule|raw|UAFE seed 18 pid 2218049 avail_GiB 26.9 own_GiB 3.08 psi 0.0
[   855s] finished OVN_NEW_s2027|scaled|rule|raw|UAFE seed 15 rc 0 avail_GiB 27.0 own_GiB 3.06 psi 0.0
[   857s] started OVN_NEW_s2027|scaled|rule|raw|UAFE seed 19 pid 2218091 avail_GiB 26.9 own_GiB 3.08 psi 0.0
[  1075s] finished OVN_NEW_s2027|scaled|rule|raw|UAFE seed 18 rc 0 avail_GiB 26.4 own_GiB 3.12 psi 0.1
[  1078s] started OVN_NEW_s2027|scaled|rule|raw|UAFE seed 20 pid 2218556 avail_GiB 26.4 own_GiB 3.13 psi 0.1
[  1104s] finished OVN_NEW_s2027|scaled|rule|raw|UAFE seed 17 rc 0 avail_GiB 26.4 own_GiB 3.10 psi 0.0
[  1107s] started OVN_NEW_s2027|scaled|rule|raw|UAFE seed 21 pid 2218599 avail_GiB 26.5 own_GiB 3.06 psi 0.0
[  1108s] finished OVN_NEW_s2027|scaled|rule|raw|UAFE seed 16 rc 0 avail_GiB 26.5 own_GiB 3.58 psi 0.0
[  1110s] started OVN_NEW_s2027|scaled|rule|raw|UAFE seed 22 pid 2218601 avail_GiB 26.5 own_GiB 3.04 psi 0.0
[  1111s] finished OVN_NEW_s2027|scaled|rule|raw|UAFE seed 19 rc 0 avail_GiB 26.4 own_GiB 3.05 psi 0.0
[  1113s] started OVN_NEW_s2027|scaled|rule|raw|UAFE seed 23 pid 2218609 avail_GiB 26.4 own_GiB 3.07 psi 0.0
[  1337s] finished OVN_NEW_s2027|scaled|rule|raw|UAFE seed 20 rc 0 avail_GiB 26.2 own_GiB 3.12 psi 0.0
[  1339s] started OVN_NEW_s2027|scaled|rule|raw|UAFE seed 24 pid 2218875 avail_GiB 26.2 own_GiB 3.13 psi 0.0
[  1353s] finished OVN_NEW_s2027|scaled|rule|raw|UAFE seed 21 rc 0 avail_GiB 26.2 own_GiB 3.10 psi 0.0
[  1357s] started OVN_NEW_s2027|scaled|rule|raw|UAFE seed 25 pid 2218899 avail_GiB 26.2 own_GiB 3.11 psi 0.0
[  1363s] finished OVN_NEW_s2027|scaled|rule|raw|UAFE seed 22 rc 0 avail_GiB 26.2 own_GiB 3.08 psi 0.0
[  1366s] started OVN_NEW_s2027|scaled|rule|raw|UAFE seed 26 pid 2218902 avail_GiB 26.2 own_GiB 3.10 psi 0.0
[  1372s] finished OVN_NEW_s2027|scaled|rule|raw|UAFE seed 23 rc 0 avail_GiB 26.2 own_GiB 3.06 psi 0.0
[  1375s] started OVN_NEW_s2027|scaled|rule|raw|UAFE seed 27 pid 2218910 avail_GiB 26.2 own_GiB 3.07 psi 0.0
[  1607s] finished OVN_NEW_s2027|scaled|rule|raw|UAFE seed 25 rc 0 avail_GiB 26.0 own_GiB 3.07 psi 0.0
[  1609s] started OVN_NEW_s2027|scaled|rule|raw|UAFE seed 28 pid 2219162 avail_GiB 26.0 own_GiB 3.09 psi 0.0
[  1610s] finished OVN_NEW_s2027|scaled|rule|raw|UAFE seed 26 rc 0 avail_GiB 26.0 own_GiB 3.10 psi 0.0
[  1614s] started OVN_NEW_s2027|scaled|rule|raw|UAFE seed 29 pid 2219167 avail_GiB 25.9 own_GiB 3.12 psi 0.0
[  1621s] finished OVN_NEW_s2027|scaled|rule|raw|UAFE seed 27 rc 0 avail_GiB 26.0 own_GiB 3.03 psi 0.0
[  1624s] started OVN_NEW_s2027|scaled|rule|raw|UAFE seed 30 pid 2219176 avail_GiB 26.0 own_GiB 3.04 psi 0.0
[  1625s] finished OVN_NEW_s2027|scaled|rule|raw|UAFE seed 24 rc 0 avail_GiB 25.9 own_GiB 3.05 psi 0.0
[  1629s] started OVN_NEW_s2027|scaled|rule|raw|UAFE seed 31 pid 2219181 avail_GiB 25.9 own_GiB 3.07 psi 0.0
[  1854s] finished OVN_NEW_s2027|scaled|rule|raw|UAFE seed 29 rc 0 avail_GiB 25.8 own_GiB 3.12 psi 0.0
[  1857s] started OVN_NEW_s2027|lit|rule|raw|UAFE seed 0 pid 2219475 avail_GiB 25.8 own_GiB 3.09 psi 0.0
[  1858s] finished OVN_NEW_s2027|scaled|rule|raw|UAFE seed 28 rc 0 avail_GiB 25.7 own_GiB 3.10 psi 0.0
[  1861s] started OVN_NEW_s2027|lit|rule|raw|UAFE seed 1 pid 2219481 avail_GiB 25.7 own_GiB 3.06 psi 0.0
[  1862s] finished OVN_NEW_s2027|scaled|rule|raw|UAFE seed 30 rc 0 avail_GiB 25.7 own_GiB 3.08 psi 0.0
[  1866s] started OVN_NEW_s2027|lit|rule|raw|UAFE seed 2 pid 2219484 avail_GiB 25.7 own_GiB 2.90 psi 0.0
[  1868s] aggregated OVN_NEW_s2027|scaled|rule|raw|UAFE
[  1869s] finished OVN_NEW_s2027|scaled|rule|raw|UAFE seed 31 rc 0 avail_GiB 25.6 own_GiB 3.13 psi 0.0
[  1872s] started OVN_NEW_s2027|lit|rule|raw|UAFE seed 3 pid 2219489 avail_GiB 25.6 own_GiB 3.15 psi 0.0
[  1978s] finished OVN_NEW_s2027|lit|rule|raw|UAFE seed 0 rc 0 avail_GiB 28.4 own_GiB 3.05 psi 0.0
[  1980s] started OVN_NEW_s2027|lit|rule|raw|UAFE seed 4 pid 2219609 avail_GiB 28.5 own_GiB 3.06 psi 0.0
[  1980s] finished OVN_NEW_s2027|lit|rule|raw|UAFE seed 1 rc 0 avail_GiB 28.5 own_GiB 3.07 psi 0.0
[  1982s] started OVN_NEW_s2027|lit|rule|raw|UAFE seed 5 pid 2219610 avail_GiB 28.5 own_GiB 3.09 psi 0.0
[  1982s] finished OVN_NEW_s2027|lit|rule|raw|UAFE seed 2 rc 0 avail_GiB 28.4 own_GiB 3.11 psi 0.0
[  1985s] started OVN_NEW_s2027|lit|rule|raw|UAFE seed 6 pid 2219614 avail_GiB 28.4 own_GiB 3.13 psi 0.0
[  1997s] finished OVN_NEW_s2027|lit|rule|raw|UAFE seed 3 rc 0 avail_GiB 28.4 own_GiB 3.11 psi 0.0
[  1999s] started OVN_NEW_s2027|lit|rule|raw|UAFE seed 7 pid 2219622 avail_GiB 28.4 own_GiB 3.13 psi 0.0
[  2081s] finished OVN_NEW_s2027|lit|rule|raw|UAFE seed 4 rc 0 avail_GiB 31.4 own_GiB 3.05 psi 0.0
[  2082s] started OVN_NEW_s2027|lit|rule|raw|UAFE seed 8 pid 2219738 avail_GiB 31.4 own_GiB 3.06 psi 0.0
[  2082s] finished OVN_NEW_s2027|lit|rule|raw|UAFE seed 5 rc 0 avail_GiB 31.4 own_GiB 3.07 psi 0.0
[  2084s] started OVN_NEW_s2027|lit|rule|raw|UAFE seed 9 pid 2219739 avail_GiB 31.4 own_GiB 3.09 psi 0.0
[  2084s] finished OVN_NEW_s2027|lit|rule|raw|UAFE seed 6 rc 0 avail_GiB 31.3 own_GiB 3.11 psi 0.0
[  2086s] started OVN_NEW_s2027|lit|rule|raw|UAFE seed 10 pid 2219741 avail_GiB 31.3 own_GiB 3.13 psi 0.0
[  2092s] finished OVN_NEW_s2027|lit|rule|raw|UAFE seed 7 rc 0 avail_GiB 31.3 own_GiB 3.11 psi 0.0
[  2094s] started OVN_NEW_s2027|lit|rule|raw|UAFE seed 11 pid 2219743 avail_GiB 31.3 own_GiB 3.12 psi 0.0
[  2171s] finished OVN_NEW_s2027|lit|rule|raw|UAFE seed 8 rc 0 avail_GiB 31.2 own_GiB 3.64 psi 0.0
[  2173s] started OVN_NEW_s2027|lit|rule|raw|UAFE seed 12 pid 2219841 avail_GiB 31.2 own_GiB 3.11 psi 0.0
[  2174s] finished OVN_NEW_s2027|lit|rule|raw|UAFE seed 9 rc 0 avail_GiB 31.2 own_GiB 3.12 psi 0.0
[  2176s] started OVN_NEW_s2027|lit|rule|raw|UAFE seed 13 pid 2219843 avail_GiB 31.1 own_GiB 3.14 psi 0.0
[  2182s] finished OVN_NEW_s2027|lit|rule|raw|UAFE seed 11 rc 0 avail_GiB 31.1 own_GiB 3.12 psi 0.0
[  2185s] started OVN_NEW_s2027|lit|rule|raw|UAFE seed 14 pid 2219854 avail_GiB 31.1 own_GiB 3.13 psi 0.0
[  2191s] finished OVN_NEW_s2027|lit|rule|raw|UAFE seed 10 rc 0 avail_GiB 31.1 own_GiB 3.11 psi 0.0
[  2192s] started OVN_NEW_s2027|lit|rule|raw|UAFE seed 15 pid 2219855 avail_GiB 31.1 own_GiB 3.13 psi 0.0
[  2268s] finished OVN_NEW_s2027|lit|rule|raw|UAFE seed 12 rc 0 avail_GiB 30.9 own_GiB 3.09 psi 0.0
[  2269s] started OVN_NEW_s2027|lit|rule|raw|UAFE seed 16 pid 2219936 avail_GiB 30.9 own_GiB 3.10 psi 0.0
[  2270s] finished OVN_NEW_s2027|lit|rule|raw|UAFE seed 13 rc 0 avail_GiB 30.9 own_GiB 3.11 psi 0.0
[  2271s] started OVN_NEW_s2027|lit|rule|raw|UAFE seed 17 pid 2219937 avail_GiB 30.8 own_GiB 3.14 psi 0.0
[  2289s] finished OVN_NEW_s2027|lit|rule|raw|UAFE seed 14 rc 0 avail_GiB 30.8 own_GiB 3.12 psi 0.0
[  2291s] started OVN_NEW_s2027|lit|rule|raw|UAFE seed 18 pid 2220002 avail_GiB 30.8 own_GiB 3.14 psi 0.0
[  2297s] finished OVN_NEW_s2027|lit|rule|raw|UAFE seed 15 rc 0 avail_GiB 30.9 own_GiB 3.11 psi 0.0
[  2299s] started OVN_NEW_s2027|lit|rule|raw|UAFE seed 19 pid 2220034 avail_GiB 30.8 own_GiB 3.13 psi 0.0
[  2362s] finished OVN_NEW_s2027|lit|rule|raw|UAFE seed 16 rc 0 avail_GiB 30.9 own_GiB 3.09 psi 0.0
[  2364s] started OVN_NEW_s2027|lit|rule|raw|UAFE seed 20 pid 2220296 avail_GiB 30.9 own_GiB 3.10 psi 0.0
[  2364s] finished OVN_NEW_s2027|lit|rule|raw|UAFE seed 17 rc 0 avail_GiB 30.8 own_GiB 3.11 psi 0.0
[  2366s] started OVN_NEW_s2027|lit|rule|raw|UAFE seed 21 pid 2220303 avail_GiB 30.8 own_GiB 3.14 psi 0.0
[  2383s] finished OVN_NEW_s2027|lit|rule|raw|UAFE seed 18 rc 0 avail_GiB 30.7 own_GiB 3.12 psi 0.0
[  2385s] started OVN_NEW_s2027|lit|rule|raw|UAFE seed 22 pid 2220327 avail_GiB 30.7 own_GiB 3.13 psi 0.0
[  2391s] finished OVN_NEW_s2027|lit|rule|raw|UAFE seed 19 rc 0 avail_GiB 30.8 own_GiB 3.11 psi 0.0
[  2392s] started OVN_NEW_s2027|lit|rule|raw|UAFE seed 23 pid 2220349 avail_GiB 30.8 own_GiB 3.13 psi 0.0
[  2456s] finished OVN_NEW_s2027|lit|rule|raw|UAFE seed 20 rc 0 avail_GiB 30.6 own_GiB 3.09 psi 0.0
[  2457s] started OVN_NEW_s2027|lit|rule|raw|UAFE seed 24 pid 2220757 avail_GiB 30.6 own_GiB 3.10 psi 0.0
[  2457s] finished OVN_NEW_s2027|lit|rule|raw|UAFE seed 21 rc 0 avail_GiB 30.6 own_GiB 3.11 psi 0.0
[  2459s] started OVN_NEW_s2027|lit|rule|raw|UAFE seed 25 pid 2220761 avail_GiB 30.6 own_GiB 3.14 psi 0.0
[  2476s] finished OVN_NEW_s2027|lit|rule|raw|UAFE seed 22 rc 0 avail_GiB 30.5 own_GiB 3.12 psi 0.0
[  2478s] started OVN_NEW_s2027|lit|rule|raw|UAFE seed 26 pid 2220773 avail_GiB 30.5 own_GiB 3.14 psi 0.0
[  2484s] finished OVN_NEW_s2027|lit|rule|raw|UAFE seed 23 rc 0 avail_GiB 30.5 own_GiB 3.11 psi 0.0
[  2486s] started OVN_NEW_s2027|lit|rule|raw|UAFE seed 27 pid 2220780 avail_GiB 30.5 own_GiB 3.13 psi 0.0
[  2550s] finished OVN_NEW_s2027|lit|rule|raw|UAFE seed 24 rc 0 avail_GiB 30.5 own_GiB 3.08 psi 0.0
[  2551s] started OVN_NEW_s2027|lit|rule|raw|UAFE seed 28 pid 2220871 avail_GiB 30.5 own_GiB 3.10 psi 0.0
[  2551s] finished OVN_NEW_s2027|lit|rule|raw|UAFE seed 25 rc 0 avail_GiB 30.5 own_GiB 3.11 psi 0.0
[  2553s] started OVN_NEW_s2027|lit|rule|raw|UAFE seed 29 pid 2220875 avail_GiB 30.4 own_GiB 3.13 psi 0.0
[  2572s] finished OVN_NEW_s2027|lit|rule|raw|UAFE seed 26 rc 0 avail_GiB 30.4 own_GiB 3.12 psi 0.0
[  2574s] started OVN_NEW_s2027|lit|rule|raw|UAFE seed 30 pid 2220911 avail_GiB 30.4 own_GiB 3.14 psi 0.0
[  2610s] finished OVN_NEW_s2027|lit|rule|raw|UAFE seed 27 rc 0 avail_GiB 30.3 own_GiB 3.12 psi 0.0
[  2612s] started OVN_NEW_s2027|lit|rule|raw|UAFE seed 31 pid 2220946 avail_GiB 30.3 own_GiB 3.14 psi 0.0
[  2640s] finished OVN_NEW_s2027|lit|rule|raw|UAFE seed 28 rc 0 avail_GiB 30.2 own_GiB 3.13 psi 0.0
[  2642s] started OVN_NEW_s2027|scaled|rule|raw|UAFE|fee_x1.25 seed 0 pid 2220970 avail_GiB 30.2 own_GiB 3.09 psi 0.0
[  2642s] finished OVN_NEW_s2027|lit|rule|raw|UAFE seed 29 rc 0 avail_GiB 30.2 own_GiB 3.11 psi 0.0
[  2644s] started OVN_NEW_s2027|scaled|rule|raw|UAFE|fee_x1.25 seed 1 pid 2220975 avail_GiB 30.2 own_GiB 3.12 psi 0.0
[  2667s] finished OVN_NEW_s2027|lit|rule|raw|UAFE seed 30 rc 0 avail_GiB 30.1 own_GiB 3.11 psi 0.0
[  2669s] started OVN_NEW_s2027|scaled|rule|raw|UAFE|fee_x1.25 seed 2 pid 2221021 avail_GiB 30.1 own_GiB 3.12 psi 0.0
[  2718s] aggregated OVN_NEW_s2027|lit|rule|raw|UAFE
[  2718s] finished OVN_NEW_s2027|lit|rule|raw|UAFE seed 31 rc 0 avail_GiB 29.9 own_GiB 3.19 psi 0.0
[  2720s] started OVN_NEW_s2027|scaled|rule|raw|UAFE|fee_x1.25 seed 3 pid 2221083 avail_GiB 29.9 own_GiB 3.20 psi 0.0
[  2812s] finished OVN_NEW_s2027|scaled|rule|raw|UAFE|fee_x1.25 seed 1 rc 0 avail_GiB 29.8 own_GiB 3.20 psi 0.0
[  2814s] started OVN_NEW_s2027|scaled|rule|raw|UAFE|fee_x1.25 seed 4 pid 2221208 avail_GiB 29.9 own_GiB 3.17 psi 0.0
[  2814s] finished OVN_NEW_s2027|scaled|rule|raw|UAFE|fee_x1.25 seed 0 rc 0 avail_GiB 29.9 own_GiB 3.18 psi 0.0
[  2816s] started OVN_NEW_s2027|scaled|rule|raw|UAFE|fee_x1.25 seed 5 pid 2221214 avail_GiB 29.9 own_GiB 3.20 psi 0.0
[  2845s] finished OVN_NEW_s2027|scaled|rule|raw|UAFE|fee_x1.25 seed 2 rc 0 avail_GiB 30.0 own_GiB 3.12 psi 0.0
[  2847s] started OVN_NEW_s2027|scaled|rule|raw|UAFE|fee_x1.25 seed 6 pid 2221243 avail_GiB 29.9 own_GiB 3.14 psi 0.0
[  2906s] finished OVN_NEW_s2027|scaled|rule|raw|UAFE|fee_x1.25 seed 3 rc 0 avail_GiB 29.7 own_GiB 3.13 psi 0.0
[  2907s] started OVN_NEW_s2027|scaled|rule|raw|UAFE|fee_x1.25 seed 7 pid 2221324 avail_GiB 29.7 own_GiB 3.15 psi 0.0
[  2982s] finished OVN_NEW_s2027|scaled|rule|raw|UAFE|fee_x1.25 seed 4 rc 0 avail_GiB 29.7 own_GiB 3.20 psi 0.0
[  2983s] started OVN_NEW_s2027|scaled|rule|raw|UAFE|fee_x1.25 seed 8 pid 2221389 avail_GiB 29.7 own_GiB 3.11 psi 0.0
[  2983s] finished OVN_NEW_s2027|scaled|rule|raw|UAFE|fee_x1.25 seed 5 rc 0 avail_GiB 29.7 own_GiB 3.12 psi 0.0
[  2985s] started OVN_NEW_s2027|scaled|rule|raw|UAFE|fee_x1.25 seed 9 pid 2221397 avail_GiB 29.7 own_GiB 3.14 psi 0.0
[  3014s] finished OVN_NEW_s2027|scaled|rule|raw|UAFE|fee_x1.25 seed 6 rc 0 avail_GiB 29.7 own_GiB 3.12 psi 0.0
[  3016s] started OVN_NEW_s2027|scaled|rule|raw|UAFE|fee_x1.25 seed 10 pid 2221449 avail_GiB 29.7 own_GiB 3.14 psi 0.0
[  3074s] finished OVN_NEW_s2027|scaled|rule|raw|UAFE|fee_x1.25 seed 7 rc 0 avail_GiB 29.5 own_GiB 3.13 psi 0.0
[  3077s] started OVN_NEW_s2027|scaled|rule|raw|UAFE|fee_x1.25 seed 11 pid 2221564 avail_GiB 29.5 own_GiB 3.15 psi 0.0
[  3153s] finished OVN_NEW_s2027|scaled|rule|raw|UAFE|fee_x1.25 seed 9 rc 0 avail_GiB 29.2 own_GiB 3.15 psi 0.0
[  3155s] started OVN_NEW_s2027|scaled|rule|raw|UAFE|fee_x1.25 seed 12 pid 2221673 avail_GiB 29.3 own_GiB 3.11 psi 0.0
[  3155s] finished OVN_NEW_s2027|scaled|rule|raw|UAFE|fee_x1.25 seed 8 rc 0 avail_GiB 29.2 own_GiB 3.12 psi 0.0
[  3157s] started OVN_NEW_s2027|scaled|rule|raw|UAFE|fee_x1.25 seed 13 pid 2221674 avail_GiB 29.2 own_GiB 3.14 psi 0.0
[  3192s] finished OVN_NEW_s2027|scaled|rule|raw|UAFE|fee_x1.25 seed 10 rc 0 avail_GiB 29.2 own_GiB 3.12 psi 0.0
[  3194s] started OVN_NEW_s2027|scaled|rule|raw|UAFE|fee_x1.25 seed 14 pid 2221726 avail_GiB 29.2 own_GiB 3.14 psi 0.0
[  3276s] finished OVN_NEW_s2027|scaled|rule|raw|UAFE|fee_x1.25 seed 11 rc 0 avail_GiB 29.1 own_GiB 3.14 psi 0.0
[  3278s] started OVN_NEW_s2027|scaled|rule|raw|UAFE|fee_x1.25 seed 15 pid 2221837 avail_GiB 29.1 own_GiB 3.16 psi 0.0
[  3332s] finished OVN_NEW_s2027|scaled|rule|raw|UAFE|fee_x1.25 seed 12 rc 0 avail_GiB 29.1 own_GiB 3.14 psi 0.0
[  3334s] started OVN_NEW_s2027|scaled|rule|raw|UAFE|fee_x1.25 seed 16 pid 2221926 avail_GiB 29.1 own_GiB 3.16 psi 0.0
[  3341s] finished OVN_NEW_s2027|scaled|rule|raw|UAFE|fee_x1.25 seed 13 rc 0 avail_GiB 29.1 own_GiB 3.12 psi 0.0
[  3344s] started OVN_NEW_s2027|scaled|rule|raw|UAFE|fee_x1.25 seed 17 pid 2221930 avail_GiB 29.1 own_GiB 3.15 psi 0.0
[  3386s] finished OVN_NEW_s2027|scaled|rule|raw|UAFE|fee_x1.25 seed 14 rc 0 avail_GiB 29.1 own_GiB 3.13 psi 0.0
[  3388s] started OVN_NEW_s2027|scaled|rule|raw|UAFE|fee_x1.25 seed 18 pid 2221976 avail_GiB 29.0 own_GiB 3.15 psi 0.0
[  3459s] finished OVN_NEW_s2027|scaled|rule|raw|UAFE|fee_x1.25 seed 15 rc 0 avail_GiB 29.0 own_GiB 3.14 psi 0.0
[  3462s] started OVN_NEW_s2027|scaled|rule|raw|UAFE|fee_x1.25 seed 19 pid 2222104 avail_GiB 29.0 own_GiB 3.16 psi 0.0
[  3516s] finished OVN_NEW_s2027|scaled|rule|raw|UAFE|fee_x1.25 seed 16 rc 0 avail_GiB 28.8 own_GiB 3.14 psi 0.0
[  3518s] started OVN_NEW_s2027|scaled|rule|raw|UAFE|fee_x1.25 seed 20 pid 2222155 avail_GiB 28.8 own_GiB 3.16 psi 0.0
[  3524s] finished OVN_NEW_s2027|scaled|rule|raw|UAFE|fee_x1.25 seed 17 rc 0 avail_GiB 28.9 own_GiB 3.12 psi 0.0
[  3526s] started OVN_NEW_s2027|scaled|rule|raw|UAFE|fee_x1.25 seed 21 pid 2222190 avail_GiB 28.9 own_GiB 3.14 psi 0.0
[  3560s] finished OVN_NEW_s2027|scaled|rule|raw|UAFE|fee_x1.25 seed 18 rc 0 avail_GiB 28.8 own_GiB 3.12 psi 0.0
[  3562s] started OVN_NEW_s2027|scaled|rule|raw|UAFE|fee_x1.25 seed 22 pid 2222256 avail_GiB 28.8 own_GiB 3.14 psi 0.0
[  3639s] finished OVN_NEW_s2027|scaled|rule|raw|UAFE|fee_x1.25 seed 19 rc 0 avail_GiB 28.7 own_GiB 3.14 psi 0.0
[  3641s] started OVN_NEW_s2027|scaled|rule|raw|UAFE|fee_x1.25 seed 23 pid 2222357 avail_GiB 28.7 own_GiB 3.16 psi 0.0
[  3682s] finished OVN_NEW_s2027|scaled|rule|raw|UAFE|fee_x1.25 seed 20 rc 0 avail_GiB 28.6 own_GiB 3.14 psi 0.0
[  3684s] started OVN_NEW_s2027|scaled|rule|raw|UAFE|fee_x1.25 seed 24 pid 2222443 avail_GiB 28.6 own_GiB 3.16 psi 0.0
[  3690s] finished OVN_NEW_s2027|scaled|rule|raw|UAFE|fee_x1.25 seed 21 rc 0 avail_GiB 28.6 own_GiB 3.12 psi 0.0
[  3692s] started OVN_NEW_s2027|scaled|rule|raw|UAFE|fee_x1.25 seed 25 pid 2222450 avail_GiB 28.6 own_GiB 3.14 psi 0.0
[  3732s] finished OVN_NEW_s2027|scaled|rule|raw|UAFE|fee_x1.25 seed 22 rc 0 avail_GiB 28.5 own_GiB 3.12 psi 0.0
[  3734s] started OVN_NEW_s2027|scaled|rule|raw|UAFE|fee_x1.25 seed 26 pid 2222481 avail_GiB 28.5 own_GiB 3.14 psi 0.0
[  3810s] finished OVN_NEW_s2027|scaled|rule|raw|UAFE|fee_x1.25 seed 23 rc 0 avail_GiB 28.4 own_GiB 3.14 psi 0.0
[  3811s] started OVN_NEW_s2027|scaled|rule|raw|UAFE|fee_x1.25 seed 27 pid 2222632 avail_GiB 28.4 own_GiB 3.16 psi 0.0
[  3853s] finished OVN_NEW_s2027|scaled|rule|raw|UAFE|fee_x1.25 seed 24 rc 0 avail_GiB 28.4 own_GiB 3.14 psi 0.0
[  3855s] started OVN_NEW_s2027|scaled|rule|raw|UAFE|fee_x1.25 seed 28 pid 2222662 avail_GiB 28.3 own_GiB 3.16 psi 0.0
[  3861s] finished OVN_NEW_s2027|scaled|rule|raw|UAFE|fee_x1.25 seed 25 rc 0 avail_GiB 28.4 own_GiB 3.12 psi 0.0
[  3863s] started OVN_NEW_s2027|scaled|rule|raw|UAFE|fee_x1.25 seed 29 pid 2222683 avail_GiB 28.4 own_GiB 3.14 psi 0.0
[  3917s] finished OVN_NEW_s2027|scaled|rule|raw|UAFE|fee_x1.25 seed 26 rc 0 avail_GiB 28.3 own_GiB 3.13 psi 0.0
[  3919s] started OVN_NEW_s2027|scaled|rule|raw|UAFE|fee_x1.25 seed 30 pid 2222776 avail_GiB 28.3 own_GiB 3.15 psi 0.0
[  4001s] finished OVN_NEW_s2027|scaled|rule|raw|UAFE|fee_x1.25 seed 27 rc 0 avail_GiB 28.0 own_GiB 3.14 psi 0.0
[  4003s] started OVN_NEW_s2027|scaled|rule|raw|UAFE|fee_x1.25 seed 31 pid 2222868 avail_GiB 28.0 own_GiB 3.17 psi 0.0
[  4038s] finished OVN_NEW_s2027|scaled|rule|raw|UAFE|fee_x1.25 seed 28 rc 0 avail_GiB 27.9 own_GiB 3.14 psi 0.0
[  4041s] started OVN_NEW_s2027|scaled|rule|raw|UAFE|slip_x1.5 seed 0 pid 2222938 avail_GiB 27.9 own_GiB 3.16 psi 0.0
[  4053s] finished OVN_NEW_s2027|scaled|rule|raw|UAFE|fee_x1.25 seed 29 rc 0 avail_GiB 27.9 own_GiB 3.12 psi 0.0
[  4055s] started OVN_NEW_s2027|scaled|rule|raw|UAFE|slip_x1.5 seed 1 pid 2222974 avail_GiB 28.0 own_GiB 3.14 psi 0.0
[  4108s] finished OVN_NEW_s2027|scaled|rule|raw|UAFE|fee_x1.25 seed 30 rc 0 avail_GiB 27.9 own_GiB 3.13 psi 0.0
[  4110s] started OVN_NEW_s2027|scaled|rule|raw|UAFE|slip_x1.5 seed 2 pid 2223027 avail_GiB 27.8 own_GiB 3.14 psi 0.0
[  4195s] aggregated OVN_NEW_s2027|scaled|rule|raw|UAFE|fee_x1.25
[  4196s] finished OVN_NEW_s2027|scaled|rule|raw|UAFE|fee_x1.25 seed 31 rc 0 avail_GiB 27.8 own_GiB 3.20 psi 0.0
[  4198s] started OVN_NEW_s2027|scaled|rule|raw|UAFE|slip_x1.5 seed 3 pid 2223172 avail_GiB 27.8 own_GiB 3.22 psi 0.0
[  4233s] finished OVN_NEW_s2027|scaled|rule|raw|UAFE|slip_x1.5 seed 0 rc 0 avail_GiB 27.7 own_GiB 3.19 psi 0.0
[  4235s] started OVN_NEW_s2027|scaled|rule|raw|UAFE|slip_x1.5 seed 4 pid 2223217 avail_GiB 27.7 own_GiB 3.21 psi 0.0
[  4247s] finished OVN_NEW_s2027|scaled|rule|raw|UAFE|slip_x1.5 seed 1 rc 0 avail_GiB 27.7 own_GiB 3.18 psi 0.0
[  4250s] started OVN_NEW_s2027|scaled|rule|raw|UAFE|slip_x1.5 seed 5 pid 2223235 avail_GiB 27.7 own_GiB 3.19 psi 0.0
[  4304s] finished OVN_NEW_s2027|scaled|rule|raw|UAFE|slip_x1.5 seed 2 rc 0 avail_GiB 27.6 own_GiB 3.13 psi 0.0
[  4305s] started OVN_NEW_s2027|scaled|rule|raw|UAFE|slip_x1.5 seed 6 pid 2223344 avail_GiB 27.6 own_GiB 3.14 psi 0.0
[  4384s] finished OVN_NEW_s2027|scaled|rule|raw|UAFE|slip_x1.5 seed 3 rc 0 avail_GiB 27.7 own_GiB 3.14 psi 0.0
[  4386s] started OVN_NEW_s2027|scaled|rule|raw|UAFE|slip_x1.5 seed 7 pid 2223461 avail_GiB 27.7 own_GiB 3.16 psi 0.0
[  4421s] finished OVN_NEW_s2027|scaled|rule|raw|UAFE|slip_x1.5 seed 4 rc 0 avail_GiB 27.6 own_GiB 3.14 psi 0.0
[  4423s] started OVN_NEW_s2027|scaled|rule|raw|UAFE|slip_x1.5 seed 8 pid 2223503 avail_GiB 27.6 own_GiB 3.15 psi 0.0
[  4447s] finished OVN_NEW_s2027|scaled|rule|raw|UAFE|slip_x1.5 seed 5 rc 0 avail_GiB 27.5 own_GiB 3.13 psi 0.0
[  4449s] started OVN_NEW_s2027|scaled|rule|raw|UAFE|slip_x1.5 seed 9 pid 2223534 avail_GiB 27.5 own_GiB 3.14 psi 0.0
[  4491s] finished OVN_NEW_s2027|scaled|rule|raw|UAFE|slip_x1.5 seed 6 rc 0 avail_GiB 27.4 own_GiB 3.13 psi 0.0
[  4493s] started OVN_NEW_s2027|scaled|rule|raw|UAFE|slip_x1.5 seed 10 pid 2223575 avail_GiB 27.4 own_GiB 3.14 psi 0.0
[  4575s] finished OVN_NEW_s2027|scaled|rule|raw|UAFE|slip_x1.5 seed 7 rc 0 avail_GiB 27.4 own_GiB 3.14 psi 0.0
[  4577s] started OVN_NEW_s2027|scaled|rule|raw|UAFE|slip_x1.5 seed 11 pid 2223716 avail_GiB 27.5 own_GiB 3.16 psi 0.0
[  4618s] finished OVN_NEW_s2027|scaled|rule|raw|UAFE|slip_x1.5 seed 8 rc 0 avail_GiB 27.3 own_GiB 3.14 psi 0.0
[  4620s] started OVN_NEW_s2027|scaled|rule|raw|UAFE|slip_x1.5 seed 12 pid 2223767 avail_GiB 27.3 own_GiB 3.15 psi 0.0
[  4638s] finished OVN_NEW_s2027|scaled|rule|raw|UAFE|slip_x1.5 seed 9 rc 0 avail_GiB 27.3 own_GiB 3.12 psi 0.0
[  4640s] started OVN_NEW_s2027|scaled|rule|raw|UAFE|slip_x1.5 seed 13 pid 2223809 avail_GiB 27.3 own_GiB 3.14 psi 0.0
[  4682s] finished OVN_NEW_s2027|scaled|rule|raw|UAFE|slip_x1.5 seed 10 rc 0 avail_GiB 27.2 own_GiB 3.13 psi 0.0
[  4684s] started OVN_NEW_s2027|scaled|rule|raw|UAFE|slip_x1.5 seed 14 pid 2223881 avail_GiB 27.2 own_GiB 3.14 psi 0.0
[  4768s] finished OVN_NEW_s2027|scaled|rule|raw|UAFE|slip_x1.5 seed 11 rc 0 avail_GiB 27.1 own_GiB 3.14 psi 0.0
[  4770s] started OVN_NEW_s2027|scaled|rule|raw|UAFE|slip_x1.5 seed 15 pid 2223994 avail_GiB 27.1 own_GiB 3.16 psi 0.0
[  4812s] finished OVN_NEW_s2027|scaled|rule|raw|UAFE|slip_x1.5 seed 12 rc 0 avail_GiB 27.0 own_GiB 3.14 psi 0.0
[  4815s] started OVN_NEW_s2027|scaled|rule|raw|UAFE|slip_x1.5 seed 16 pid 2224102 avail_GiB 27.0 own_GiB 3.15 psi 0.0
[  4838s] finished OVN_NEW_s2027|scaled|rule|raw|UAFE|slip_x1.5 seed 13 rc 0 avail_GiB 27.0 own_GiB 3.13 psi 0.0
[  4841s] started OVN_NEW_s2027|scaled|rule|raw|UAFE|slip_x1.5 seed 17 pid 2224278 avail_GiB 27.0 own_GiB 3.14 psi 0.0
[  4882s] finished OVN_NEW_s2027|scaled|rule|raw|UAFE|slip_x1.5 seed 14 rc 0 avail_GiB 26.4 own_GiB 3.13 psi 0.0
[  4884s] started OVN_NEW_s2027|scaled|rule|raw|UAFE|slip_x1.5 seed 18 pid 2224351 avail_GiB 27.0 own_GiB 3.14 psi 0.0
[  4967s] finished OVN_NEW_s2027|scaled|rule|raw|UAFE|slip_x1.5 seed 15 rc 0 avail_GiB 26.8 own_GiB 3.14 psi 0.0
[  4969s] started OVN_NEW_s2027|scaled|rule|raw|UAFE|slip_x1.5 seed 19 pid 2224470 avail_GiB 26.8 own_GiB 3.16 psi 0.0
[  5005s] finished OVN_NEW_s2027|scaled|rule|raw|UAFE|slip_x1.5 seed 16 rc 0 avail_GiB 26.8 own_GiB 3.14 psi 0.0
[  5007s] started OVN_NEW_s2027|scaled|rule|raw|UAFE|slip_x1.5 seed 20 pid 2224540 avail_GiB 26.8 own_GiB 3.15 psi 0.0
[  5036s] finished OVN_NEW_s2027|scaled|rule|raw|UAFE|slip_x1.5 seed 17 rc 0 avail_GiB 26.7 own_GiB 3.13 psi 0.0
[  5038s] started OVN_NEW_s2027|scaled|rule|raw|UAFE|slip_x1.5 seed 21 pid 2224575 avail_GiB 26.8 own_GiB 3.14 psi 0.0
[  5074s] finished OVN_NEW_s2027|scaled|rule|raw|UAFE|slip_x1.5 seed 18 rc 0 avail_GiB 26.7 own_GiB 3.13 psi 0.0
[  5076s] started OVN_NEW_s2027|scaled|rule|raw|UAFE|slip_x1.5 seed 22 pid 2224601 avail_GiB 26.7 own_GiB 3.14 psi 0.0
[  5154s] finished OVN_NEW_s2027|scaled|rule|raw|UAFE|slip_x1.5 seed 19 rc 0 avail_GiB 26.5 own_GiB 3.14 psi 0.0
[  5157s] started OVN_NEW_s2027|scaled|rule|raw|UAFE|slip_x1.5 seed 23 pid 2224720 avail_GiB 26.5 own_GiB 3.16 psi 0.0
[  5198s] finished OVN_NEW_s2027|scaled|rule|raw|UAFE|slip_x1.5 seed 20 rc 0 avail_GiB 26.5 own_GiB 3.14 psi 0.0
[  5200s] started OVN_NEW_s2027|scaled|rule|raw|UAFE|slip_x1.5 seed 24 pid 2224751 avail_GiB 26.4 own_GiB 3.15 psi 0.0
[  5218s] finished OVN_NEW_s2027|scaled|rule|raw|UAFE|slip_x1.5 seed 21 rc 0 avail_GiB 26.4 own_GiB 3.13 psi 0.0
[  5221s] started OVN_NEW_s2027|scaled|rule|raw|UAFE|slip_x1.5 seed 25 pid 2224766 avail_GiB 26.4 own_GiB 3.14 psi 0.0
[  5269s] finished OVN_NEW_s2027|scaled|rule|raw|UAFE|slip_x1.5 seed 22 rc 0 avail_GiB 26.4 own_GiB 3.13 psi 0.0
[  5271s] started OVN_NEW_s2027|scaled|rule|raw|UAFE|slip_x1.5 seed 26 pid 2224866 avail_GiB 26.4 own_GiB 3.14 psi 0.0
[  5361s] finished OVN_NEW_s2027|scaled|rule|raw|UAFE|slip_x1.5 seed 23 rc 0 avail_GiB 26.3 own_GiB 3.14 psi 0.0
[  5363s] started OVN_NEW_s2027|scaled|rule|raw|UAFE|slip_x1.5 seed 27 pid 2224956 avail_GiB 26.3 own_GiB 3.16 psi 0.0
[  5406s] finished OVN_NEW_s2027|scaled|rule|raw|UAFE|slip_x1.5 seed 24 rc 0 avail_GiB 26.3 own_GiB 3.14 psi 0.0
[  5408s] started OVN_NEW_s2027|scaled|rule|raw|UAFE|slip_x1.5 seed 28 pid 2225049 avail_GiB 26.3 own_GiB 3.15 psi 0.0
[  5439s] finished OVN_NEW_s2027|scaled|rule|raw|UAFE|slip_x1.5 seed 25 rc 0 avail_GiB 26.3 own_GiB 3.13 psi 0.0
[  5441s] started OVN_NEW_s2027|scaled|rule|raw|UAFE|slip_x1.5 seed 29 pid 2225085 avail_GiB 26.3 own_GiB 3.14 psi 0.0
[  5483s] finished OVN_NEW_s2027|scaled|rule|raw|UAFE|slip_x1.5 seed 26 rc 0 avail_GiB 26.2 own_GiB 3.13 psi 0.0
[  5485s] started OVN_NEW_s2027|scaled|rule|raw|UAFE|slip_x1.5 seed 30 pid 2225126 avail_GiB 26.2 own_GiB 3.14 psi 0.0
[  5582s] finished OVN_NEW_s2027|scaled|rule|raw|UAFE|slip_x1.5 seed 27 rc 0 avail_GiB 26.0 own_GiB 3.14 psi 0.0
[  5584s] started OVN_NEW_s2027|scaled|rule|raw|UAFE|slip_x1.5 seed 31 pid 2225349 avail_GiB 25.9 own_GiB 3.16 psi 0.0
[  5626s] finished OVN_NEW_s2027|scaled|rule|raw|UAFE|slip_x1.5 seed 28 rc 0 avail_GiB 26.0 own_GiB 3.14 psi 0.0
[  5629s] started OVN_NEW_s2027|scaled|rule|raw|UAFE|fill_x0.9 seed 0 pid 2225422 avail_GiB 25.9 own_GiB 3.15 psi 0.0
[  5659s] finished OVN_NEW_s2027|scaled|rule|raw|UAFE|slip_x1.5 seed 29 rc 0 avail_GiB 26.0 own_GiB 3.13 psi 0.0
[  5661s] started OVN_NEW_s2027|scaled|rule|raw|UAFE|fill_x0.9 seed 1 pid 2225475 avail_GiB 26.0 own_GiB 3.14 psi 0.0
[  5702s] finished OVN_NEW_s2027|scaled|rule|raw|UAFE|slip_x1.5 seed 30 rc 0 avail_GiB 25.9 own_GiB 3.13 psi 0.0
[  5704s] started OVN_NEW_s2027|scaled|rule|raw|UAFE|fill_x0.9 seed 2 pid 2225512 avail_GiB 25.9 own_GiB 3.14 psi 0.0
[  5788s] aggregated OVN_NEW_s2027|scaled|rule|raw|UAFE|slip_x1.5
[  5788s] finished OVN_NEW_s2027|scaled|rule|raw|UAFE|slip_x1.5 seed 31 rc 0 avail_GiB 25.7 own_GiB 3.20 psi 0.0
[  5790s] started OVN_NEW_s2027|scaled|rule|raw|UAFE|fill_x0.9 seed 3 pid 2225663 avail_GiB 25.7 own_GiB 3.21 psi 0.0
[  5822s] finished OVN_NEW_s2027|scaled|rule|raw|UAFE|fill_x0.9 seed 0 rc 0 avail_GiB 25.6 own_GiB 3.19 psi 0.0
[  5825s] started OVN_NEW_s2027|scaled|rule|raw|UAFE|fill_x0.9 seed 4 pid 2225692 avail_GiB 25.6 own_GiB 3.21 psi 0.0
[  5849s] finished OVN_NEW_s2027|scaled|rule|raw|UAFE|fill_x0.9 seed 1 rc 0 avail_GiB 25.6 own_GiB 3.18 psi 0.0
[  5852s] started OVN_NEW_s2027|scaled|rule|raw|UAFE|fill_x0.9 seed 5 pid 2225725 avail_GiB 25.6 own_GiB 3.20 psi 0.0
[  5900s] finished OVN_NEW_s2027|scaled|rule|raw|UAFE|fill_x0.9 seed 2 rc 0 avail_GiB 25.7 own_GiB 3.13 psi 0.0
[  5902s] started OVN_NEW_s2027|scaled|rule|raw|UAFE|fill_x0.9 seed 6 pid 2225823 avail_GiB 25.6 own_GiB 3.15 psi 0.0
[  5985s] finished OVN_NEW_s2027|scaled|rule|raw|UAFE|fill_x0.9 seed 3 rc 0 avail_GiB 25.3 own_GiB 3.15 psi 0.0
[  5987s] started OVN_NEW_s2027|scaled|rule|raw|UAFE|fill_x0.9 seed 7 pid 2225955 avail_GiB 25.3 own_GiB 3.16 psi 0.0
[  6005s] finished OVN_NEW_s2027|scaled|rule|raw|UAFE|fill_x0.9 seed 4 rc 0 avail_GiB 25.3 own_GiB 3.13 psi 0.0
[  6007s] started OVN_NEW_s2027|scaled|rule|raw|UAFE|fill_x0.9 seed 8 pid 2226014 avail_GiB 25.3 own_GiB 3.14 psi 0.0
[  6025s] finished OVN_NEW_s2027|scaled|rule|raw|UAFE|fill_x0.9 seed 5 rc 0 avail_GiB 25.3 own_GiB 3.12 psi 0.0
[  6027s] started OVN_NEW_s2027|scaled|rule|raw|UAFE|fill_x0.9 seed 9 pid 2226056 avail_GiB 25.4 own_GiB 3.14 psi 0.0
[  6084s] finished OVN_NEW_s2027|scaled|rule|raw|UAFE|fill_x0.9 seed 6 rc 0 avail_GiB 25.2 own_GiB 3.13 psi 0.0
[  6086s] started OVN_NEW_s2027|scaled|rule|raw|UAFE|fill_x0.9 seed 10 pid 2226100 avail_GiB 25.2 own_GiB 3.14 psi 0.0
[  6168s] finished OVN_NEW_s2027|scaled|rule|raw|UAFE|fill_x0.9 seed 7 rc 0 avail_GiB 25.2 own_GiB 3.15 psi 0.0
[  6169s] started OVN_NEW_s2027|scaled|rule|raw|UAFE|fill_x0.9 seed 11 pid 2226234 avail_GiB 25.2 own_GiB 3.16 psi 0.0
[  6194s] finished OVN_NEW_s2027|scaled|rule|raw|UAFE|fill_x0.9 seed 8 rc 0 avail_GiB 25.1 own_GiB 3.13 psi 0.0
[  6196s] started OVN_NEW_s2027|scaled|rule|raw|UAFE|fill_x0.9 seed 12 pid 2226252 avail_GiB 25.1 own_GiB 3.15 psi 0.0
[  6215s] finished OVN_NEW_s2027|scaled|rule|raw|UAFE|fill_x0.9 seed 9 rc 0 avail_GiB 25.1 own_GiB 3.12 psi 0.0
[  6218s] started OVN_NEW_s2027|scaled|rule|raw|UAFE|fill_x0.9 seed 13 pid 2226295 avail_GiB 25.1 own_GiB 3.14 psi 0.0
[  6272s] finished OVN_NEW_s2027|scaled|rule|raw|UAFE|fill_x0.9 seed 10 rc 0 avail_GiB 25.0 own_GiB 3.13 psi 0.0
[  6274s] started OVN_NEW_s2027|scaled|rule|raw|UAFE|fill_x0.9 seed 14 pid 2226378 avail_GiB 25.0 own_GiB 3.14 psi 0.0
[  6363s] finished OVN_NEW_s2027|scaled|rule|raw|UAFE|fill_x0.9 seed 11 rc 0 avail_GiB 25.0 own_GiB 3.15 psi 0.0
[  6365s] started OVN_NEW_s2027|scaled|rule|raw|UAFE|fill_x0.9 seed 15 pid 2226522 avail_GiB 25.0 own_GiB 3.16 psi 0.0
[  6383s] finished OVN_NEW_s2027|scaled|rule|raw|UAFE|fill_x0.9 seed 12 rc 0 avail_GiB 25.0 own_GiB 3.13 psi 0.0
[  6385s] started OVN_NEW_s2027|scaled|rule|raw|UAFE|fill_x0.9 seed 16 pid 2226550 avail_GiB 25.0 own_GiB 3.15 psi 0.0
[  6397s] finished OVN_NEW_s2027|scaled|rule|raw|UAFE|fill_x0.9 seed 13 rc 0 avail_GiB 25.0 own_GiB 3.12 psi 0.0
[  6398s] started OVN_NEW_s2027|scaled|rule|raw|UAFE|fill_x0.9 seed 17 pid 2226558 avail_GiB 24.9 own_GiB 3.13 psi 0.0
[  6453s] finished OVN_NEW_s2027|scaled|rule|raw|UAFE|fill_x0.9 seed 14 rc 0 avail_GiB 24.8 own_GiB 3.13 psi 0.0
[  6456s] started OVN_NEW_s2027|scaled|rule|raw|UAFE|fill_x0.9 seed 18 pid 2226625 avail_GiB 24.8 own_GiB 3.14 psi 0.0
[  6552s] finished OVN_NEW_s2027|scaled|rule|raw|UAFE|fill_x0.9 seed 15 rc 0 avail_GiB 24.7 own_GiB 3.15 psi 0.0
[  6554s] started OVN_NEW_s2027|scaled|rule|raw|UAFE|fill_x0.9 seed 19 pid 2226770 avail_GiB 24.7 own_GiB 3.16 psi 0.0
[  6560s] finished OVN_NEW_s2027|scaled|rule|raw|UAFE|fill_x0.9 seed 16 rc 0 avail_GiB 24.7 own_GiB 3.13 psi 0.0
[  6562s] started OVN_NEW_s2027|scaled|rule|raw|UAFE|fill_x0.9 seed 20 pid 2226788 avail_GiB 24.7 own_GiB 3.14 psi 0.0
[  6585s] finished OVN_NEW_s2027|scaled|rule|raw|UAFE|fill_x0.9 seed 17 rc 0 avail_GiB 24.7 own_GiB 3.12 psi 0.0
[  6587s] started OVN_NEW_s2027|scaled|rule|raw|UAFE|fill_x0.9 seed 21 pid 2226820 avail_GiB 24.7 own_GiB 3.13 psi 0.0
[  6630s] finished OVN_NEW_s2027|scaled|rule|raw|UAFE|fill_x0.9 seed 18 rc 0 avail_GiB 24.8 own_GiB 3.12 psi 0.0
[  6633s] started OVN_NEW_s2027|scaled|rule|raw|UAFE|fill_x0.9 seed 22 pid 2226966 avail_GiB 24.7 own_GiB 3.14 psi 0.0
[  6760s] finished OVN_NEW_s2027|scaled|rule|raw|UAFE|fill_x0.9 seed 19 rc 0 avail_GiB 21.1 own_GiB 3.16 psi 0.0
[  6761s] finished OVN_NEW_s2027|scaled|rule|raw|UAFE|fill_x0.9 seed 20 rc 0 avail_GiB 21.1 own_GiB 3.10 psi 0.0
[  6767s] finished OVN_NEW_s2027|scaled|rule|raw|UAFE|fill_x0.9 seed 21 rc 0 avail_GiB 20.8 own_GiB 3.05 psi 0.0
[  6809s] finished OVN_NEW_s2027|scaled|rule|raw|UAFE|fill_x0.9 seed 22 rc 0 avail_GiB 17.2 own_GiB 3.00 psi 0.0
[  6810s] memory: available 17.2 GiB < 22.0 and nothing running — polling every 60 s
[  6870s] started OVN_NEW_s2027|scaled|rule|raw|UAFE|fill_x0.9 seed 23 pid 2227902 avail_GiB 22.1 own_GiB 3.01 psi 0.0
[  6870s] started OVN_NEW_s2027|scaled|rule|raw|UAFE|fill_x0.9 seed 24 pid 2227903 avail_GiB 22.1 own_GiB 3.04 psi 0.0
[  6870s] started OVN_NEW_s2027|scaled|rule|raw|UAFE|fill_x0.9 seed 25 pid 2227904 avail_GiB 22.1 own_GiB 3.06 psi 0.0
[  6871s] started OVN_NEW_s2027|scaled|rule|raw|UAFE|fill_x0.9 seed 26 pid 2227905 avail_GiB 22.0 own_GiB 3.09 psi 0.0
[  6950s] finished OVN_NEW_s2027|scaled|rule|raw|UAFE|fill_x0.9 seed 25 rc 0 avail_GiB 22.0 own_GiB 3.11 psi 0.0
[  6951s] started OVN_NEW_s2027|scaled|rule|raw|UAFE|fill_x0.9 seed 27 pid 2228060 avail_GiB 22.0 own_GiB 3.12 psi 0.0
[  6951s] finished OVN_NEW_s2027|scaled|rule|raw|UAFE|fill_x0.9 seed 26 rc 0 avail_GiB 22.0 own_GiB 3.30 psi 0.0
[  6952s] started OVN_NEW_s2027|scaled|rule|raw|UAFE|fill_x0.9 seed 28 pid 2228061 avail_GiB 22.0 own_GiB 3.09 psi 0.0
[  6952s] finished OVN_NEW_s2027|scaled|rule|raw|UAFE|fill_x0.9 seed 23 rc 0 avail_GiB 22.0 own_GiB 2.58 psi 0.0
[  6953s] started OVN_NEW_s2027|scaled|rule|raw|UAFE|fill_x0.9 seed 29 pid 2228072 avail_GiB 22.0 own_GiB 3.07 psi 0.0
[  6953s] finished OVN_NEW_s2027|scaled|rule|raw|UAFE|fill_x0.9 seed 24 rc 0 avail_GiB 22.0 own_GiB 3.08 psi 0.0
[  7031s] finished OVN_NEW_s2027|scaled|rule|raw|UAFE|fill_x0.9 seed 27 rc 0 avail_GiB 21.9 own_GiB 3.00 psi 0.0
[  7032s] finished OVN_NEW_s2027|scaled|rule|raw|UAFE|fill_x0.9 seed 28 rc 0 avail_GiB 21.9 own_GiB 3.00 psi 0.0
[  7032s] finished OVN_NEW_s2027|scaled|rule|raw|UAFE|fill_x0.9 seed 29 rc 0 avail_GiB 21.9 own_GiB 3.00 psi 0.0
[  7032s] memory: available 21.9 GiB < 22.0 and nothing running — polling every 60 s
[  7092s] memory: available 21.8 GiB < 22.0 and nothing running — polling every 60 s
[  7152s] started OVN_NEW_s2027|scaled|rule|raw|UAFE|fill_x0.9 seed 30 pid 2228479 avail_GiB 22.0 own_GiB 3.01 psi 0.0
[  7234s] finished OVN_NEW_s2027|scaled|rule|raw|UAFE|fill_x0.9 seed 30 rc 0 avail_GiB 21.2 own_GiB 3.00 psi 0.0
[  7234s] memory: available 21.2 GiB < 22.0 and nothing running — polling every 60 s
[  7294s] memory: available 21.2 GiB < 22.0 and nothing running — polling every 60 s
[  7354s] memory: available 21.7 GiB < 22.0 and nothing running — polling every 60 s
[  7414s] memory: available 21.9 GiB < 22.0 and nothing running — polling every 60 s
[  7474s] memory: available 21.8 GiB < 22.0 and nothing running — polling every 60 s
[  7534s] memory: available 21.7 GiB < 22.0 and nothing running — polling every 60 s
