[     0s] CHECK config.not_a_template_and_nothing_pending OK {"status": "FROZEN before any number of the OLD-vs-NEW comparison (OVN Stage 1); a re-run of the certified config with only labels and the output root changed", "pending": []}
[     0s] CHECK pin.prereg OK {"path": "/workspace/baseline_tables_2026-09-19/pins/PREREG_baseline_tables_certified_2026-09-19.md", "got": "d9fe45e3191f56e5", "want": "d9fe45e3191f56e5"}
[     0s] CHECK pin.prereg_amendment_1 OK {"path": "/workspace/baseline_tables_2026-09-19/pins/AMENDMENT_1_baseline_tables_certified_2026-09-19.md", "got": "766bc367743d8542", "want": "766bc367743d8542"}
[     0s] CHECK pin.exec_sim OK {"path": "/workspace/baseline_tables_2026-09-19/devices/exec_copy/exec_sim.py", "got": "29679672e68d4842", "want": "29679672e68d4842"}
[     0s] CHECK pin.simlib OK {"path": "/workspace/baseline_tables_2026-09-19/devices/exec_copy/simlib.py", "got": "55246fe98da2d57a", "want": "55246fe98da2d57a"}
[     0s] CHECK pin.v1b_gate OK {"path": "/workspace/baseline_tables_2026-09-19/devices/exec_copy/v1b_gate.py", "got": "4a725921a470f4c1", "want": "4a725921a470f4c1"}
[     0s] CHECK pin.v1_gate OK {"path": "/workspace/baseline_tables_2026-09-19/devices/exec_copy/v1_gate.py", "got": "c97d9b3d49212b49", "want": "c97d9b3d49212b49"}
[     0s] CHECK pin.calibration OK {"path": "/workspace/baseline_tables_2026-09-19/devices/exec_copy/CALIBRATION_v3_POOLED_20260826_20260910.json", "got": "fda342431d39703e", "want": "fda342431d39703e"}
[     0s] CHECK pin.input_manifest OK {"path": "/workspace/baseline_tables_2026-09-19/devices/exec_copy/INPUT_MANIFEST.json", "got": "59875e5a69db415f", "want": "59875e5a69db415f"}
[     0s] CHECK pin.p2_s2_lib OK {"path": "/workspace/uplift_r2_2026-09-13/P2/devices/p2_s2_lib.py", "got": "c53f5c495036727f", "want": "c53f5c495036727f"}
[     2s] CHECK pin.price_full_raw OK {"path": "/workspace/baseline_tables_2026-09-19/work/price_full_raw_x0918r.npy", "got": "23af32bd97c267d1", "want": "23af32bd97c267d1"}
[     2s] CHECK pin.price_full_meta OK {"path": "/workspace/baseline_tables_2026-09-19/work/price_full_raw_x0918r_meta.npz", "got": "d1e49cc9f0a7ddc4", "want": "d1e49cc9f0a7ddc4"}
[     2s] CHECK pin.price_receipt OK {"path": "/workspace/baseline_tables_2026-09-19/receipts/BT_PRICES_FULL_X0918R.json", "got": "130592b122831e03", "want": "130592b122831e03"}
[     2s] CHECK pin.price_source_table_x0918r OK {"path": "/workspace/raw_price_fix_2026-09-19/ext_x0918r/work/price_logtable_raw_x0918r.npy", "got": "9249b0da4a4c5789", "want": "9249b0da4a4c5789"}
[     2s] CHECK pin.price_source_meta_x0918r OK {"path": "/workspace/raw_price_fix_2026-09-19/ext_x0918r/work/price_meta_raw_x0918r.npz", "got": "da136830cee7e1a2", "want": "da136830cee7e1a2"}
[     2s] CHECK pin.ledger_full OK {"path": "/workspace/baseline_tables_2026-09-19/funding/ledger_spliced_p2_to_20260901T0200_streamD_after.npz", "got": "073088e503c026d6", "want": "073088e503c026d6"}
[     2s] CHECK pin.funding_overlap_proof OK {"path": "/workspace/baseline_tables_2026-09-19/funding/BT_FUNDING_OVERLAP.json", "got": "0ee6d99bfa2acfb9", "want": "0ee6d99bfa2acfb9"}
[     2s] CHECK pin.funding_source_p2 OK {"path": "/workspace/uplift_r2_2026-09-13/P2/work/ledger_full.npz", "got": "bea6f5752772d54e", "want": "bea6f5752772d54e"}
[     2s] CHECK pin.funding_source_stream_d OK {"path": "/workspace/axis_0919/funding/funding_ledger.npz", "got": "74b69e635efbf355", "want": "74b69e635efbf355"}
[     2s] CHECK pin.funding_4h_accounting_stream_d OK {"path": "/workspace/axis_0919/funding/funding_4h_accounting.npz", "got": "2838e5f6cf42fff5", "want": "2838e5f6cf42fff5"}
[     2s] CHECK pin.tradability OK {"path": "/workspace/axis_0919/x0918r/trd/tradability_v1.npz", "got": "bebf69ab9ddb3b05", "want": "bebf69ab9ddb3b05"}
[     2s] CHECK pin.universe OK {"path": "/workspace/uplift_r2_2026-09-13/P2/work/universe.npz", "got": "6322b57366078ed0", "want": "6322b57366078ed0"}
[     2s] CHECK pin.g0_labels OK {"path": "/workspace/baseline_tables_2026-09-19/g0x/g0_labels_x0918.npz", "got": "c3832939e1b01333", "want": "c3832939e1b01333"}
[     2s] CHECK pin.g0_receipt OK {"path": "/workspace/baseline_tables_2026-09-19/g0x/RECEIPT_bt_g0_extend.json", "got": "8afd680472ef21be", "want": "8afd680472ef21be"}
[     2s] CHECK price_receipt.PASS_and_outputs OK {"price_kinds": ["raw"]}
[     3s] CHECK pin.executor_tree_409ea16_vs_manifest OK {"n": 332, "bad": []}
[     3s] CHECK exec_sim.version_v3.1 OK "v3.1"
[     3s] CHECK runs.selected OK {"runs": ["OBJB_A0|scaled|rule|raw|UAFE", "OBJB_A0|lit|rule|raw|UAFE", "OBJB_A0|scaled|rule|raw|UAFE|fee_x1.25", "OBJB_A0|scaled|rule|raw|UAFE|slip_x1.5", "OBJB_A0|scaled|rule|raw|UAFE|fill_x0.9"], "seeds": [0, 1, 2, 3, 4, 5, 6, 7, 8, 9, 10
[     3s] CHECK window.n_anchors OK 9139
[     3s] CHECK axis.symbols OK 
[     3s] CHECK prices.grid_covers_window OK {"grid0": 1656532800, "n": 444145}
[     3s] CHECK ua_sets.counts_of_the_sets_the_runs_use OK {"UNAVAILABLE_3084": 3084}
[    49s] prices raw (444145, 829)
[    49s] CHECK run.OBJB_A0|scaled|rule|raw|UAFE.policy_named OK 
[    49s] CHECK run.OBJB_A0|scaled|rule|raw|UAFE.ua_cells_already_at_last_available_price OK {"cells_that_would_change": 0}
[    49s] CHECK run.OBJB_A0|lit|rule|raw|UAFE.policy_named OK 
[    49s] CHECK run.OBJB_A0|lit|rule|raw|UAFE.ua_cells_already_at_last_available_price OK {"cells_that_would_change": 0}
[    49s] CHECK run.OBJB_A0|scaled|rule|raw|UAFE|fee_x1.25.policy_named OK 
[    49s] CHECK run.OBJB_A0|scaled|rule|raw|UAFE|fee_x1.25.ua_cells_already_at_last_available_price OK {"cells_that_would_change": 0}
[    49s] CHECK run.OBJB_A0|scaled|rule|raw|UAFE|slip_x1.5.policy_named OK 
[    49s] CHECK run.OBJB_A0|scaled|rule|raw|UAFE|slip_x1.5.ua_cells_already_at_last_available_price OK {"cells_that_would_change": 0}
[    49s] CHECK run.OBJB_A0|scaled|rule|raw|UAFE|fill_x0.9.policy_named OK 
[    49s] CHECK run.OBJB_A0|scaled|rule|raw|UAFE|fill_x0.9.ua_cells_already_at_last_available_price OK {"cells_that_would_change": 0}
[    49s] funding rows 2386274
[    49s] CHECK axis.tradability_symbols OK 
[    49s] CHECK tradability.covers_window OK 
[    49s] CHECK calibration.v3_pooled_frozen OK 
[    49s] CHECK calibration.decision_offset_N+24 OK 1440
[    50s] CHECK executor.pns_wide OK 
[    50s] CHECK executor.gross_mult_config OK {"gm": 2.0, "onu": "hold"}
[    58s] CHECK objb_targets.OBJB_A0|scaled|rule|raw|UAFE.loaded OK {"window_anchors": 9139, "combo": 6702, "king": 2437, "hold": 0, "written_rows_without_weights": 0}
[    63s] CHECK objb_targets.OBJB_A0|lit|rule|raw|UAFE.loaded OK {"window_anchors": 9139, "combo": 2356, "king": 6783, "hold": 0, "written_rows_without_weights": 0}
[    65s] CHECK objb_targets.OBJB_A0|scaled|rule|raw|UAFE|fee_x1.25.loaded OK {"window_anchors": 9139, "combo": 6702, "king": 2437, "hold": 0, "written_rows_without_weights": 0}
[    68s] CHECK objb_targets.OBJB_A0|scaled|rule|raw|UAFE|slip_x1.5.loaded OK {"window_anchors": 9139, "combo": 6702, "king": 2437, "hold": 0, "written_rows_without_weights": 0}
[    69s] CHECK objb_targets.OBJB_A0|scaled|rule|raw|UAFE|fill_x0.9.loaded OK {"window_anchors": 9139, "combo": 6702, "king": 2437, "hold": 0, "written_rows_without_weights": 0}
[    69s] resume: existing 0 to run 160
[    69s] started OBJB_A0|scaled|rule|raw|UAFE seed 0 pid 2215670 avail_GiB 34.6 own_GiB 3.03 psi 9.6
[    70s] started OBJB_A0|scaled|rule|raw|UAFE seed 1 pid 2215675 avail_GiB 34.6 own_GiB 3.06 psi 7.8
[    71s] started OBJB_A0|scaled|rule|raw|UAFE seed 2 pid 2215679 avail_GiB 34.6 own_GiB 3.09 psi 7.8
[    72s] started OBJB_A0|scaled|rule|raw|UAFE seed 3 pid 2215681 avail_GiB 34.6 own_GiB 3.11 psi 6.4
[   307s] finished OBJB_A0|scaled|rule|raw|UAFE seed 1 rc 0 avail_GiB 30.0 own_GiB 3.14 psi 4.5
[   308s] started OBJB_A0|scaled|rule|raw|UAFE seed 4 pid 2216524 avail_GiB 30.0 own_GiB 3.09 psi 3.9
[   308s] finished OBJB_A0|scaled|rule|raw|UAFE seed 0 rc 0 avail_GiB 29.9 own_GiB 3.09 psi 3.9
[   310s] started OBJB_A0|scaled|rule|raw|UAFE seed 5 pid 2216525 avail_GiB 29.9 own_GiB 3.12 psi 3.9
[   310s] finished OBJB_A0|scaled|rule|raw|UAFE seed 3 rc 0 avail_GiB 29.9 own_GiB 3.12 psi 3.5
[   312s] started OBJB_A0|scaled|rule|raw|UAFE seed 6 pid 2216530 avail_GiB 29.9 own_GiB 3.14 psi 3.3
[   324s] finished OBJB_A0|scaled|rule|raw|UAFE seed 2 rc 0 avail_GiB 29.9 own_GiB 3.11 psi 2.0
[   325s] started OBJB_A0|scaled|rule|raw|UAFE seed 7 pid 2216540 avail_GiB 29.8 own_GiB 3.12 psi 1.8
[   541s] finished OBJB_A0|scaled|rule|raw|UAFE seed 4 rc 0 avail_GiB 33.5 own_GiB 3.19 psi 0.0
[   542s] started OBJB_A0|scaled|rule|raw|UAFE seed 8 pid 2217101 avail_GiB 33.5 own_GiB 3.20 psi 0.0
[   555s] finished OBJB_A0|scaled|rule|raw|UAFE seed 5 rc 0 avail_GiB 33.5 own_GiB 3.17 psi 0.0
[   557s] started OBJB_A0|scaled|rule|raw|UAFE seed 9 pid 2217184 avail_GiB 33.5 own_GiB 3.18 psi 0.0
[   563s] finished OBJB_A0|scaled|rule|raw|UAFE seed 6 rc 0 avail_GiB 33.5 own_GiB 3.14 psi 0.0
[   565s] started OBJB_A0|scaled|rule|raw|UAFE seed 10 pid 2217206 avail_GiB 33.5 own_GiB 3.15 psi 0.0
[   577s] finished OBJB_A0|scaled|rule|raw|UAFE seed 7 rc 0 avail_GiB 33.5 own_GiB 3.12 psi 0.0
[   578s] started OBJB_A0|scaled|rule|raw|UAFE seed 11 pid 2217242 avail_GiB 33.5 own_GiB 3.13 psi 0.0
[   799s] finished OBJB_A0|scaled|rule|raw|UAFE seed 8 rc 0 avail_GiB 26.9 own_GiB 3.19 psi 0.0
[   802s] started OBJB_A0|scaled|rule|raw|UAFE seed 12 pid 2217967 avail_GiB 26.9 own_GiB 3.20 psi 0.0
[   828s] finished OBJB_A0|scaled|rule|raw|UAFE seed 9 rc 0 avail_GiB 26.9 own_GiB 3.17 psi 0.0
[   832s] started OBJB_A0|scaled|rule|raw|UAFE seed 13 pid 2218050 avail_GiB 27.0 own_GiB 3.19 psi 0.0
[   838s] finished OBJB_A0|scaled|rule|raw|UAFE seed 10 rc 0 avail_GiB 27.0 own_GiB 3.14 psi 0.0
[   840s] started OBJB_A0|scaled|rule|raw|UAFE seed 14 pid 2218063 avail_GiB 27.0 own_GiB 3.17 psi 0.0
[   847s] finished OBJB_A0|scaled|rule|raw|UAFE seed 11 rc 0 avail_GiB 26.9 own_GiB 3.11 psi 0.0
[   849s] started OBJB_A0|scaled|rule|raw|UAFE seed 15 pid 2218078 avail_GiB 27.0 own_GiB 3.12 psi 0.0
[  1140s] finished OBJB_A0|scaled|rule|raw|UAFE seed 12 rc 0 avail_GiB 26.4 own_GiB 3.19 psi 0.0
[  1142s] started OBJB_A0|scaled|rule|raw|UAFE seed 16 pid 2218629 avail_GiB 26.4 own_GiB 3.20 psi 0.0
[  1174s] finished OBJB_A0|scaled|rule|raw|UAFE seed 13 rc 0 avail_GiB 26.4 own_GiB 3.17 psi 0.0
[  1177s] started OBJB_A0|scaled|rule|raw|UAFE seed 17 pid 2218654 avail_GiB 26.4 own_GiB 3.18 psi 0.0
[  1184s] finished OBJB_A0|scaled|rule|raw|UAFE seed 14 rc 0 avail_GiB 26.4 own_GiB 3.08 psi 0.0
[  1185s] started OBJB_A0|scaled|rule|raw|UAFE seed 18 pid 2218658 avail_GiB 26.4 own_GiB 3.10 psi 0.0
[  1187s] finished OBJB_A0|scaled|rule|raw|UAFE seed 15 rc 0 avail_GiB 26.4 own_GiB 3.11 psi 0.0
[  1191s] started OBJB_A0|scaled|rule|raw|UAFE seed 19 pid 2218702 avail_GiB 26.4 own_GiB 3.13 psi 0.0
[  1466s] finished OBJB_A0|scaled|rule|raw|UAFE seed 16 rc 0 avail_GiB 26.0 own_GiB 3.18 psi 0.0
[  1469s] started OBJB_A0|scaled|rule|raw|UAFE seed 20 pid 2219009 avail_GiB 26.0 own_GiB 3.20 psi 0.0
[  1516s] finished OBJB_A0|scaled|rule|raw|UAFE seed 18 rc 0 avail_GiB 26.0 own_GiB 3.17 psi 0.0
[  1520s] started OBJB_A0|scaled|rule|raw|UAFE seed 21 pid 2219048 avail_GiB 26.0 own_GiB 3.20 psi 0.0
[  1527s] finished OBJB_A0|scaled|rule|raw|UAFE seed 17 rc 0 avail_GiB 26.1 own_GiB 3.14 psi 0.0
[  1531s] started OBJB_A0|scaled|rule|raw|UAFE seed 22 pid 2219058 avail_GiB 26.1 own_GiB 3.16 psi 0.0
[  1538s] finished OBJB_A0|scaled|rule|raw|UAFE seed 19 rc 0 avail_GiB 26.0 own_GiB 3.12 psi 0.0
[  1542s] started OBJB_A0|scaled|rule|raw|UAFE seed 23 pid 2219070 avail_GiB 26.0 own_GiB 3.13 psi 0.0
[  1786s] finished OBJB_A0|scaled|rule|raw|UAFE seed 20 rc 0 avail_GiB 25.6 own_GiB 3.18 psi 0.0
[  1790s] started OBJB_A0|scaled|rule|raw|UAFE seed 24 pid 2219335 avail_GiB 25.7 own_GiB 3.20 psi 0.0
[  1846s] finished OBJB_A0|scaled|rule|raw|UAFE seed 22 rc 0 avail_GiB 25.7 own_GiB 3.17 psi 0.0
[  1849s] started OBJB_A0|scaled|rule|raw|UAFE seed 25 pid 2219461 avail_GiB 25.6 own_GiB 3.18 psi 0.0
[  1856s] finished OBJB_A0|scaled|rule|raw|UAFE seed 23 rc 0 avail_GiB 25.8 own_GiB 3.40 psi 0.0
[  1858s] started OBJB_A0|scaled|rule|raw|UAFE seed 26 pid 2219473 avail_GiB 25.8 own_GiB 3.09 psi 0.0
[  1858s] finished OBJB_A0|scaled|rule|raw|UAFE seed 21 rc 0 avail_GiB 25.8 own_GiB 3.11 psi 0.0
[  1862s] started OBJB_A0|scaled|rule|raw|UAFE seed 27 pid 2219480 avail_GiB 25.7 own_GiB 3.13 psi 0.0
[  2077s] finished OBJB_A0|scaled|rule|raw|UAFE seed 24 rc 0 avail_GiB 31.4 own_GiB 3.19 psi 0.0
[  2079s] started OBJB_A0|scaled|rule|raw|UAFE seed 28 pid 2219729 avail_GiB 31.3 own_GiB 3.20 psi 0.0
[  2108s] finished OBJB_A0|scaled|rule|raw|UAFE seed 25 rc 0 avail_GiB 31.3 own_GiB 3.17 psi 0.0
[  2109s] started OBJB_A0|scaled|rule|raw|UAFE seed 29 pid 2219756 avail_GiB 31.3 own_GiB 3.47 psi 0.0
[  2110s] finished OBJB_A0|scaled|rule|raw|UAFE seed 26 rc 0 avail_GiB 31.3 own_GiB 3.14 psi 0.0
[  2111s] started OBJB_A0|scaled|rule|raw|UAFE seed 30 pid 2219761 avail_GiB 31.4 own_GiB 3.15 psi 0.0
[  2123s] finished OBJB_A0|scaled|rule|raw|UAFE seed 27 rc 0 avail_GiB 31.3 own_GiB 3.12 psi 0.0
[  2125s] started OBJB_A0|scaled|rule|raw|UAFE seed 31 pid 2219771 avail_GiB 31.3 own_GiB 3.13 psi 0.0
[  2294s] finished OBJB_A0|scaled|rule|raw|UAFE seed 28 rc 0 avail_GiB 30.9 own_GiB 3.18 psi 0.0
[  2296s] started OBJB_A0|lit|rule|raw|UAFE seed 0 pid 2220031 avail_GiB 30.9 own_GiB 3.20 psi 0.0
[  2332s] finished OBJB_A0|scaled|rule|raw|UAFE seed 30 rc 0 avail_GiB 30.1 own_GiB 3.17 psi 0.0
[  2334s] started OBJB_A0|lit|rule|raw|UAFE seed 1 pid 2220236 avail_GiB 29.7 own_GiB 3.18 psi 0.0
[  2340s] finished OBJB_A0|scaled|rule|raw|UAFE seed 31 rc 0 avail_GiB 29.9 own_GiB 3.14 psi 0.0
[  2342s] started OBJB_A0|lit|rule|raw|UAFE seed 2 pid 2220246 avail_GiB 30.9 own_GiB 3.16 psi 0.0
[  2349s] aggregated OBJB_A0|scaled|rule|raw|UAFE
[  2349s] finished OBJB_A0|scaled|rule|raw|UAFE seed 29 rc 0 avail_GiB 30.8 own_GiB 3.18 psi 0.0
[  2351s] started OBJB_A0|lit|rule|raw|UAFE seed 3 pid 2220270 avail_GiB 30.8 own_GiB 3.20 psi 0.0
[  2510s] finished OBJB_A0|lit|rule|raw|UAFE seed 0 rc 0 avail_GiB 30.5 own_GiB 3.24 psi 0.0
[  2512s] started OBJB_A0|lit|rule|raw|UAFE seed 4 pid 2220797 avail_GiB 30.5 own_GiB 3.25 psi 0.0
[  2552s] finished OBJB_A0|lit|rule|raw|UAFE seed 1 rc 0 avail_GiB 30.5 own_GiB 3.15 psi 0.0
[  2554s] started OBJB_A0|lit|rule|raw|UAFE seed 5 pid 2220872 avail_GiB 30.5 own_GiB 3.17 psi 0.0
[  2554s] finished OBJB_A0|lit|rule|raw|UAFE seed 2 rc 0 avail_GiB 30.4 own_GiB 3.18 psi 0.0
[  2556s] started OBJB_A0|lit|rule|raw|UAFE seed 6 pid 2220876 avail_GiB 30.4 own_GiB 3.20 psi 0.0
[  2562s] finished OBJB_A0|lit|rule|raw|UAFE seed 3 rc 0 avail_GiB 30.4 own_GiB 3.15 psi 0.0
[  2564s] started OBJB_A0|lit|rule|raw|UAFE seed 7 pid 2220894 avail_GiB 30.4 own_GiB 3.17 psi 0.0
[  2724s] finished OBJB_A0|lit|rule|raw|UAFE seed 4 rc 0 avail_GiB 29.9 own_GiB 3.22 psi 0.0
[  2726s] started OBJB_A0|lit|rule|raw|UAFE seed 8 pid 2221086 avail_GiB 29.9 own_GiB 3.23 psi 0.0
[  2760s] finished OBJB_A0|lit|rule|raw|UAFE seed 5 rc 0 avail_GiB 29.9 own_GiB 3.21 psi 0.0
[  2762s] started OBJB_A0|lit|rule|raw|UAFE seed 9 pid 2221114 avail_GiB 29.9 own_GiB 3.22 psi 0.0
[  2774s] finished OBJB_A0|lit|rule|raw|UAFE seed 6 rc 0 avail_GiB 29.9 own_GiB 3.18 psi 0.0
[  2776s] started OBJB_A0|lit|rule|raw|UAFE seed 10 pid 2221124 avail_GiB 29.9 own_GiB 3.20 psi 0.0
[  2781s] finished OBJB_A0|lit|rule|raw|UAFE seed 7 rc 0 avail_GiB 29.8 own_GiB 3.16 psi 0.0
[  2783s] started OBJB_A0|lit|rule|raw|UAFE seed 11 pid 2221128 avail_GiB 29.8 own_GiB 3.17 psi 0.0
[  2934s] finished OBJB_A0|lit|rule|raw|UAFE seed 8 rc 0 avail_GiB 29.6 own_GiB 3.22 psi 0.0
[  2936s] started OBJB_A0|lit|rule|raw|UAFE seed 12 pid 2221340 avail_GiB 29.6 own_GiB 3.23 psi 0.0
[  2981s] finished OBJB_A0|lit|rule|raw|UAFE seed 9 rc 0 avail_GiB 29.6 own_GiB 3.15 psi 0.0
[  2982s] started OBJB_A0|lit|rule|raw|UAFE seed 13 pid 2221385 avail_GiB 29.7 own_GiB 3.17 psi 0.0
[  2983s] finished OBJB_A0|lit|rule|raw|UAFE seed 10 rc 0 avail_GiB 29.7 own_GiB 3.18 psi 0.0
[  2985s] started OBJB_A0|lit|rule|raw|UAFE seed 14 pid 2221388 avail_GiB 29.7 own_GiB 3.20 psi 0.0
[  2997s] finished OBJB_A0|lit|rule|raw|UAFE seed 11 rc 0 avail_GiB 29.6 own_GiB 3.16 psi 0.0
[  2999s] started OBJB_A0|lit|rule|raw|UAFE seed 15 pid 2221415 avail_GiB 29.6 own_GiB 3.18 psi 0.0
[  3155s] finished OBJB_A0|lit|rule|raw|UAFE seed 12 rc 0 avail_GiB 29.2 own_GiB 3.22 psi 0.0
[  3157s] started OBJB_A0|lit|rule|raw|UAFE seed 16 pid 2221672 avail_GiB 29.3 own_GiB 3.23 psi 0.0
[  3199s] finished OBJB_A0|lit|rule|raw|UAFE seed 13 rc 0 avail_GiB 29.2 own_GiB 3.21 psi 0.0
[  3201s] started OBJB_A0|lit|rule|raw|UAFE seed 17 pid 2221733 avail_GiB 29.2 own_GiB 3.17 psi 0.0
[  3202s] finished OBJB_A0|lit|rule|raw|UAFE seed 14 rc 0 avail_GiB 29.2 own_GiB 3.18 psi 0.0
[  3204s] started OBJB_A0|lit|rule|raw|UAFE seed 18 pid 2221734 avail_GiB 29.2 own_GiB 3.20 psi 0.0
[  3217s] finished OBJB_A0|lit|rule|raw|UAFE seed 15 rc 0 avail_GiB 29.3 own_GiB 3.16 psi 0.0
[  3219s] started OBJB_A0|lit|rule|raw|UAFE seed 19 pid 2221749 avail_GiB 29.3 own_GiB 3.18 psi 0.0
[  3388s] finished OBJB_A0|lit|rule|raw|UAFE seed 16 rc 0 avail_GiB 29.1 own_GiB 3.22 psi 0.0
[  3391s] started OBJB_A0|lit|rule|raw|UAFE seed 20 pid 2221977 avail_GiB 29.0 own_GiB 3.24 psi 0.0
[  3421s] finished OBJB_A0|lit|rule|raw|UAFE seed 17 rc 0 avail_GiB 29.0 own_GiB 3.21 psi 0.0
[  3424s] started OBJB_A0|lit|rule|raw|UAFE seed 21 pid 2222047 avail_GiB 29.0 own_GiB 3.23 psi 0.0
[  3430s] finished OBJB_A0|lit|rule|raw|UAFE seed 18 rc 0 avail_GiB 29.0 own_GiB 3.18 psi 0.0
[  3432s] started OBJB_A0|lit|rule|raw|UAFE seed 22 pid 2222068 avail_GiB 29.0 own_GiB 3.20 psi 0.0
[  3445s] finished OBJB_A0|lit|rule|raw|UAFE seed 19 rc 0 avail_GiB 29.0 own_GiB 3.16 psi 0.0
[  3447s] started OBJB_A0|lit|rule|raw|UAFE seed 23 pid 2222077 avail_GiB 29.0 own_GiB 3.18 psi 0.0
[  3610s] finished OBJB_A0|lit|rule|raw|UAFE seed 20 rc 0 avail_GiB 28.8 own_GiB 3.22 psi 0.0
[  3612s] started OBJB_A0|lit|rule|raw|UAFE seed 24 pid 2222335 avail_GiB 28.8 own_GiB 3.23 psi 0.0
[  3641s] finished OBJB_A0|lit|rule|raw|UAFE seed 21 rc 0 avail_GiB 28.7 own_GiB 3.21 psi 0.0
[  3643s] started OBJB_A0|lit|rule|raw|UAFE seed 25 pid 2222356 avail_GiB 28.7 own_GiB 3.22 psi 0.0
[  3649s] finished OBJB_A0|lit|rule|raw|UAFE seed 22 rc 0 avail_GiB 28.7 own_GiB 3.18 psi 0.0
[  3650s] started OBJB_A0|lit|rule|raw|UAFE seed 26 pid 2222393 avail_GiB 28.7 own_GiB 3.20 psi 0.0
[  3662s] finished OBJB_A0|lit|rule|raw|UAFE seed 23 rc 0 avail_GiB 28.7 own_GiB 3.16 psi 0.0
[  3664s] started OBJB_A0|lit|rule|raw|UAFE seed 27 pid 2222403 avail_GiB 28.7 own_GiB 3.17 psi 0.0
[  3824s] finished OBJB_A0|lit|rule|raw|UAFE seed 24 rc 0 avail_GiB 28.4 own_GiB 3.22 psi 0.0
[  3827s] started OBJB_A0|lit|rule|raw|UAFE seed 28 pid 2222641 avail_GiB 28.4 own_GiB 3.24 psi 0.0
[  3857s] finished OBJB_A0|lit|rule|raw|UAFE seed 25 rc 0 avail_GiB 28.4 own_GiB 3.21 psi 0.0
[  3859s] started OBJB_A0|lit|rule|raw|UAFE seed 29 pid 2222664 avail_GiB 28.3 own_GiB 3.22 psi 0.0
[  3866s] finished OBJB_A0|lit|rule|raw|UAFE seed 26 rc 0 avail_GiB 28.4 own_GiB 3.18 psi 0.0
[  3869s] started OBJB_A0|lit|rule|raw|UAFE seed 30 pid 2222687 avail_GiB 28.4 own_GiB 3.20 psi 0.0
[  3893s] finished OBJB_A0|lit|rule|raw|UAFE seed 27 rc 0 avail_GiB 28.3 own_GiB 3.17 psi 0.0
[  3895s] started OBJB_A0|lit|rule|raw|UAFE seed 31 pid 2222736 avail_GiB 28.3 own_GiB 3.18 psi 0.0
[  4060s] finished OBJB_A0|lit|rule|raw|UAFE seed 28 rc 0 avail_GiB 27.9 own_GiB 3.22 psi 0.0
[  4062s] started OBJB_A0|scaled|rule|raw|UAFE|fee_x1.25 seed 0 pid 2222990 avail_GiB 27.9 own_GiB 3.24 psi 0.0
[  4092s] finished OBJB_A0|lit|rule|raw|UAFE seed 29 rc 0 avail_GiB 27.8 own_GiB 3.21 psi 0.0
[  4094s] started OBJB_A0|scaled|rule|raw|UAFE|fee_x1.25 seed 1 pid 2223012 avail_GiB 27.9 own_GiB 3.22 psi 0.0
[  4106s] finished OBJB_A0|lit|rule|raw|UAFE seed 30 rc 0 avail_GiB 27.9 own_GiB 3.18 psi 0.0
[  4108s] started OBJB_A0|scaled|rule|raw|UAFE|fee_x1.25 seed 2 pid 2223022 avail_GiB 27.9 own_GiB 3.20 psi 0.0
[  4134s] aggregated OBJB_A0|lit|rule|raw|UAFE
[  4134s] finished OBJB_A0|lit|rule|raw|UAFE seed 31 rc 0 avail_GiB 27.7 own_GiB 3.23 psi 0.0
[  4136s] started OBJB_A0|scaled|rule|raw|UAFE|fee_x1.25 seed 3 pid 2223053 avail_GiB 27.7 own_GiB 3.25 psi 0.0
[  4308s] finished OBJB_A0|scaled|rule|raw|UAFE|fee_x1.25 seed 0 rc 0 avail_GiB 27.6 own_GiB 3.27 psi 0.0
[  4310s] started OBJB_A0|scaled|rule|raw|UAFE|fee_x1.25 seed 4 pid 2223345 avail_GiB 27.6 own_GiB 3.30 psi 0.0
[  4341s] finished OBJB_A0|scaled|rule|raw|UAFE|fee_x1.25 seed 1 rc 0 avail_GiB 27.5 own_GiB 3.26 psi 0.0
[  4343s] started OBJB_A0|scaled|rule|raw|UAFE|fee_x1.25 seed 5 pid 2223371 avail_GiB 27.5 own_GiB 3.28 psi 0.0
[  4356s] finished OBJB_A0|scaled|rule|raw|UAFE|fee_x1.25 seed 2 rc 0 avail_GiB 27.6 own_GiB 3.18 psi 0.0
[  4359s] started OBJB_A0|scaled|rule|raw|UAFE|fee_x1.25 seed 6 pid 2223383 avail_GiB 27.6 own_GiB 3.21 psi 0.0
[  4383s] finished OBJB_A0|scaled|rule|raw|UAFE|fee_x1.25 seed 3 rc 0 avail_GiB 27.6 own_GiB 3.17 psi 0.0
[  4386s] started OBJB_A0|scaled|rule|raw|UAFE|fee_x1.25 seed 7 pid 2223441 avail_GiB 27.7 own_GiB 3.19 psi 0.0
[  4563s] finished OBJB_A0|scaled|rule|raw|UAFE|fee_x1.25 seed 4 rc 0 avail_GiB 27.4 own_GiB 3.22 psi 0.0
[  4565s] started OBJB_A0|scaled|rule|raw|UAFE|fee_x1.25 seed 8 pid 2223705 avail_GiB 27.4 own_GiB 3.24 psi 0.0
[  4583s] finished OBJB_A0|scaled|rule|raw|UAFE|fee_x1.25 seed 5 rc 0 avail_GiB 27.4 own_GiB 3.20 psi 0.0
[  4586s] started OBJB_A0|scaled|rule|raw|UAFE|fee_x1.25 seed 9 pid 2223725 avail_GiB 27.4 own_GiB 3.22 psi 0.0
[  4598s] finished OBJB_A0|scaled|rule|raw|UAFE|fee_x1.25 seed 6 rc 0 avail_GiB 27.4 own_GiB 3.18 psi 0.0
[  4600s] started OBJB_A0|scaled|rule|raw|UAFE|fee_x1.25 seed 10 pid 2223738 avail_GiB 27.4 own_GiB 3.20 psi 0.0
[  4630s] finished OBJB_A0|scaled|rule|raw|UAFE|fee_x1.25 seed 7 rc 0 avail_GiB 27.3 own_GiB 3.17 psi 0.0
[  4632s] started OBJB_A0|scaled|rule|raw|UAFE|fee_x1.25 seed 11 pid 2223803 avail_GiB 27.3 own_GiB 3.19 psi 0.0
[  4803s] finished OBJB_A0|scaled|rule|raw|UAFE|fee_x1.25 seed 8 rc 0 avail_GiB 27.0 own_GiB 3.22 psi 0.0
[  4806s] started OBJB_A0|scaled|rule|raw|UAFE|fee_x1.25 seed 12 pid 2224071 avail_GiB 27.1 own_GiB 3.24 psi 0.0
[  4831s] finished OBJB_A0|scaled|rule|raw|UAFE|fee_x1.25 seed 9 rc 0 avail_GiB 27.0 own_GiB 3.20 psi 0.0
[  4834s] started OBJB_A0|scaled|rule|raw|UAFE|fee_x1.25 seed 13 pid 2224117 avail_GiB 27.1 own_GiB 3.23 psi 0.0
[  4846s] finished OBJB_A0|scaled|rule|raw|UAFE|fee_x1.25 seed 10 rc 0 avail_GiB 27.0 own_GiB 3.18 psi 0.0
[  4848s] started OBJB_A0|scaled|rule|raw|UAFE|fee_x1.25 seed 14 pid 2224284 avail_GiB 27.0 own_GiB 3.20 psi 0.0
[  4878s] finished OBJB_A0|scaled|rule|raw|UAFE|fee_x1.25 seed 11 rc 0 avail_GiB 25.9 own_GiB 3.17 psi 0.0
[  4880s] started OBJB_A0|scaled|rule|raw|UAFE|fee_x1.25 seed 15 pid 2224347 avail_GiB 26.0 own_GiB 3.19 psi 0.0
[  5052s] finished OBJB_A0|scaled|rule|raw|UAFE|fee_x1.25 seed 12 rc 0 avail_GiB 26.7 own_GiB 3.22 psi 0.0
[  5054s] started OBJB_A0|scaled|rule|raw|UAFE|fee_x1.25 seed 16 pid 2224587 avail_GiB 26.7 own_GiB 3.24 psi 0.0
[  5083s] finished OBJB_A0|scaled|rule|raw|UAFE|fee_x1.25 seed 13 rc 0 avail_GiB 26.6 own_GiB 3.20 psi 0.0
[  5085s] started OBJB_A0|scaled|rule|raw|UAFE|fee_x1.25 seed 17 pid 2224610 avail_GiB 26.6 own_GiB 3.23 psi 0.0
[  5103s] finished OBJB_A0|scaled|rule|raw|UAFE|fee_x1.25 seed 14 rc 0 avail_GiB 26.6 own_GiB 3.18 psi 0.0
[  5105s] started OBJB_A0|scaled|rule|raw|UAFE|fee_x1.25 seed 18 pid 2224622 avail_GiB 26.5 own_GiB 3.20 psi 0.0
[  5128s] finished OBJB_A0|scaled|rule|raw|UAFE|fee_x1.25 seed 15 rc 0 avail_GiB 26.6 own_GiB 3.17 psi 0.0
[  5130s] started OBJB_A0|scaled|rule|raw|UAFE|fee_x1.25 seed 19 pid 2224686 avail_GiB 26.6 own_GiB 3.19 psi 0.0
[  5302s] finished OBJB_A0|scaled|rule|raw|UAFE|fee_x1.25 seed 16 rc 0 avail_GiB 26.4 own_GiB 3.22 psi 0.0
[  5305s] started OBJB_A0|scaled|rule|raw|UAFE|fee_x1.25 seed 20 pid 2224912 avail_GiB 26.3 own_GiB 3.24 psi 0.0
[  5341s] finished OBJB_A0|scaled|rule|raw|UAFE|fee_x1.25 seed 17 rc 0 avail_GiB 26.4 own_GiB 3.21 psi 0.0
[  5344s] started OBJB_A0|scaled|rule|raw|UAFE|fee_x1.25 seed 21 pid 2224943 avail_GiB 26.3 own_GiB 3.23 psi 0.0
[  5362s] finished OBJB_A0|scaled|rule|raw|UAFE|fee_x1.25 seed 18 rc 0 avail_GiB 26.3 own_GiB 3.18 psi 0.0
[  5364s] started OBJB_A0|scaled|rule|raw|UAFE|fee_x1.25 seed 22 pid 2224955 avail_GiB 26.3 own_GiB 3.20 psi 0.0
[  5388s] finished OBJB_A0|scaled|rule|raw|UAFE|fee_x1.25 seed 19 rc 0 avail_GiB 26.3 own_GiB 3.17 psi 0.0
[  5391s] started OBJB_A0|scaled|rule|raw|UAFE|fee_x1.25 seed 23 pid 2225020 avail_GiB 26.3 own_GiB 3.19 psi 0.0
[  5581s] finished OBJB_A0|scaled|rule|raw|UAFE|fee_x1.25 seed 20 rc 0 avail_GiB 26.0 own_GiB 3.22 psi 0.0
[  5584s] started OBJB_A0|scaled|rule|raw|UAFE|fee_x1.25 seed 24 pid 2225348 avail_GiB 26.0 own_GiB 3.24 psi 0.0
[  5626s] finished OBJB_A0|scaled|rule|raw|UAFE|fee_x1.25 seed 21 rc 0 avail_GiB 26.0 own_GiB 3.21 psi 0.0
[  5628s] started OBJB_A0|scaled|rule|raw|UAFE|fee_x1.25 seed 25 pid 2225421 avail_GiB 26.0 own_GiB 3.23 psi 0.0
[  5641s] finished OBJB_A0|scaled|rule|raw|UAFE|fee_x1.25 seed 22 rc 0 avail_GiB 25.9 own_GiB 3.18 psi 0.0
[  5643s] started OBJB_A0|scaled|rule|raw|UAFE|fee_x1.25 seed 26 pid 2225449 avail_GiB 25.9 own_GiB 3.20 psi 0.0
[  5674s] finished OBJB_A0|scaled|rule|raw|UAFE|fee_x1.25 seed 23 rc 0 avail_GiB 25.9 own_GiB 3.17 psi 0.0
[  5677s] started OBJB_A0|scaled|rule|raw|UAFE|fee_x1.25 seed 27 pid 2225490 avail_GiB 25.9 own_GiB 3.19 psi 0.0
[  5838s] finished OBJB_A0|scaled|rule|raw|UAFE|fee_x1.25 seed 24 rc 0 avail_GiB 25.6 own_GiB 3.22 psi 0.0
[  5841s] started OBJB_A0|scaled|rule|raw|UAFE|fee_x1.25 seed 28 pid 2225715 avail_GiB 25.6 own_GiB 3.23 psi 0.0
[  5872s] finished OBJB_A0|scaled|rule|raw|UAFE|fee_x1.25 seed 25 rc 0 avail_GiB 25.7 own_GiB 3.20 psi 0.0
[  5873s] started OBJB_A0|scaled|rule|raw|UAFE|fee_x1.25 seed 29 pid 2225771 avail_GiB 25.7 own_GiB 3.22 psi 0.0
[  5891s] finished OBJB_A0|scaled|rule|raw|UAFE|fee_x1.25 seed 26 rc 0 avail_GiB 25.6 own_GiB 3.18 psi 0.0
[  5893s] started OBJB_A0|scaled|rule|raw|UAFE|fee_x1.25 seed 30 pid 2225800 avail_GiB 25.6 own_GiB 3.20 psi 0.0
[  5936s] finished OBJB_A0|scaled|rule|raw|UAFE|fee_x1.25 seed 27 rc 0 avail_GiB 25.5 own_GiB 3.18 psi 0.0
[  5939s] started OBJB_A0|scaled|rule|raw|UAFE|fee_x1.25 seed 31 pid 2225849 avail_GiB 25.5 own_GiB 3.20 psi 0.0
[  6072s] finished OBJB_A0|scaled|rule|raw|UAFE|fee_x1.25 seed 28 rc 0 avail_GiB 25.3 own_GiB 3.22 psi 0.0
[  6075s] started OBJB_A0|scaled|rule|raw|UAFE|slip_x1.5 seed 0 pid 2226091 avail_GiB 25.3 own_GiB 3.24 psi 0.0
[  6110s] finished OBJB_A0|scaled|rule|raw|UAFE|fee_x1.25 seed 29 rc 0 avail_GiB 25.3 own_GiB 3.15 psi 0.0
[  6112s] started OBJB_A0|scaled|rule|raw|UAFE|slip_x1.5 seed 1 pid 2226163 avail_GiB 25.3 own_GiB 3.16 psi 0.0
[  6112s] finished OBJB_A0|scaled|rule|raw|UAFE|fee_x1.25 seed 30 rc 0 avail_GiB 25.3 own_GiB 3.17 psi 0.0
[  6114s] started OBJB_A0|scaled|rule|raw|UAFE|slip_x1.5 seed 2 pid 2226167 avail_GiB 25.3 own_GiB 3.19 psi 0.0
[  6180s] aggregated OBJB_A0|scaled|rule|raw|UAFE|fee_x1.25
[  6181s] finished OBJB_A0|scaled|rule|raw|UAFE|fee_x1.25 seed 31 rc 0 avail_GiB 25.2 own_GiB 3.24 psi 0.0
[  6183s] started OBJB_A0|scaled|rule|raw|UAFE|slip_x1.5 seed 3 pid 2226243 avail_GiB 25.2 own_GiB 3.26 psi 0.0
[  6339s] finished OBJB_A0|scaled|rule|raw|UAFE|slip_x1.5 seed 0 rc 0 avail_GiB 24.9 own_GiB 3.28 psi 0.0
[  6341s] started OBJB_A0|scaled|rule|raw|UAFE|slip_x1.5 seed 4 pid 2226456 avail_GiB 24.9 own_GiB 3.29 psi 0.0
[  6348s] finished OBJB_A0|scaled|rule|raw|UAFE|slip_x1.5 seed 2 rc 0 avail_GiB 25.0 own_GiB 3.25 psi 0.0
[  6351s] started OBJB_A0|scaled|rule|raw|UAFE|slip_x1.5 seed 5 pid 2226473 avail_GiB 25.0 own_GiB 3.15 psi 0.0
[  6351s] finished OBJB_A0|scaled|rule|raw|UAFE|slip_x1.5 seed 1 rc 0 avail_GiB 25.0 own_GiB 3.16 psi 0.0
[  6354s] started OBJB_A0|scaled|rule|raw|UAFE|slip_x1.5 seed 6 pid 2226508 avail_GiB 25.0 own_GiB 3.18 psi 0.0
[  6432s] finished OBJB_A0|scaled|rule|raw|UAFE|slip_x1.5 seed 3 rc 0 avail_GiB 24.9 own_GiB 3.19 psi 0.0
[  6434s] started OBJB_A0|scaled|rule|raw|UAFE|slip_x1.5 seed 7 pid 2226598 avail_GiB 24.9 own_GiB 3.20 psi 0.0
[  6576s] finished OBJB_A0|scaled|rule|raw|UAFE|slip_x1.5 seed 4 rc 0 avail_GiB 24.6 own_GiB 3.22 psi 0.0
[  6578s] started OBJB_A0|scaled|rule|raw|UAFE|slip_x1.5 seed 8 pid 2226813 avail_GiB 24.6 own_GiB 3.24 psi 0.0
[  6589s] finished OBJB_A0|scaled|rule|raw|UAFE|slip_x1.5 seed 5 rc 0 avail_GiB 24.7 own_GiB 3.14 psi 0.0
[  6591s] started OBJB_A0|scaled|rule|raw|UAFE|slip_x1.5 seed 9 pid 2226821 avail_GiB 24.7 own_GiB 3.15 psi 0.0
[  6591s] finished OBJB_A0|scaled|rule|raw|UAFE|slip_x1.5 seed 6 rc 0 avail_GiB 24.6 own_GiB 3.16 psi 0.0
[  6593s] started OBJB_A0|scaled|rule|raw|UAFE|slip_x1.5 seed 10 pid 2226826 avail_GiB 24.6 own_GiB 3.17 psi 0.0
[  6669s] finished OBJB_A0|scaled|rule|raw|UAFE|slip_x1.5 seed 7 rc 0 avail_GiB 24.6 own_GiB 3.19 psi 0.0
[  6671s] started OBJB_A0|scaled|rule|raw|UAFE|slip_x1.5 seed 11 pid 2227044 avail_GiB 24.6 own_GiB 3.20 psi 0.0
[  6811s] finished OBJB_A0|scaled|rule|raw|UAFE|slip_x1.5 seed 8 rc 0 avail_GiB 17.2 own_GiB 3.23 psi 0.0
[  6812s] finished OBJB_A0|scaled|rule|raw|UAFE|slip_x1.5 seed 9 rc 0 avail_GiB 17.2 own_GiB 3.17 psi 0.0
[  6817s] finished OBJB_A0|scaled|rule|raw|UAFE|slip_x1.5 seed 10 rc 0 avail_GiB 17.4 own_GiB 3.11 psi 0.0
[  6848s] finished OBJB_A0|scaled|rule|raw|UAFE|slip_x1.5 seed 11 rc 0 avail_GiB 21.7 own_GiB 3.06 psi 0.0
[  6848s] started OBJB_A0|scaled|rule|raw|UAFE|slip_x1.5 seed 12 pid 2227820 avail_GiB 22.3 own_GiB 3.07 psi 0.0
[  6849s] started OBJB_A0|scaled|rule|raw|UAFE|slip_x1.5 seed 13 pid 2227822 avail_GiB 22.2 own_GiB 3.09 psi 0.0
[  6849s] started OBJB_A0|scaled|rule|raw|UAFE|slip_x1.5 seed 14 pid 2227833 avail_GiB 22.2 own_GiB 3.12 psi 0.0
[  6850s] started OBJB_A0|scaled|rule|raw|UAFE|slip_x1.5 seed 15 pid 2227862 avail_GiB 22.2 own_GiB 3.14 psi 0.0
[  6950s] finished OBJB_A0|scaled|rule|raw|UAFE|slip_x1.5 seed 12 rc 0 avail_GiB 22.1 own_GiB 3.06 psi 0.0
[  6950s] started OBJB_A0|scaled|rule|raw|UAFE|slip_x1.5 seed 16 pid 2228052 avail_GiB 22.1 own_GiB 3.07 psi 0.0
[  6951s] finished OBJB_A0|scaled|rule|raw|UAFE|slip_x1.5 seed 13 rc 0 avail_GiB 22.1 own_GiB 3.07 psi 0.0
[  6951s] started OBJB_A0|scaled|rule|raw|UAFE|slip_x1.5 seed 17 pid 2228053 avail_GiB 22.1 own_GiB 3.09 psi 0.0
[  6951s] finished OBJB_A0|scaled|rule|raw|UAFE|slip_x1.5 seed 14 rc 0 avail_GiB 22.1 own_GiB 3.10 psi 0.0
[  6952s] started OBJB_A0|scaled|rule|raw|UAFE|slip_x1.5 seed 18 pid 2228054 avail_GiB 22.1 own_GiB 3.12 psi 0.0
[  6952s] finished OBJB_A0|scaled|rule|raw|UAFE|slip_x1.5 seed 15 rc 0 avail_GiB 22.0 own_GiB 3.13 psi 0.0
[  6953s] started OBJB_A0|scaled|rule|raw|UAFE|slip_x1.5 seed 19 pid 2228059 avail_GiB 22.0 own_GiB 3.16 psi 0.0
[  7053s] finished OBJB_A0|scaled|rule|raw|UAFE|slip_x1.5 seed 16 rc 0 avail_GiB 22.1 own_GiB 3.06 psi 0.0
[  7054s] started OBJB_A0|scaled|rule|raw|UAFE|slip_x1.5 seed 20 pid 2228323 avail_GiB 22.1 own_GiB 3.07 psi 0.0
[  7054s] finished OBJB_A0|scaled|rule|raw|UAFE|slip_x1.5 seed 17 rc 0 avail_GiB 22.1 own_GiB 3.07 psi 0.0
[  7054s] started OBJB_A0|scaled|rule|raw|UAFE|slip_x1.5 seed 21 pid 2228325 avail_GiB 22.1 own_GiB 3.09 psi 0.0
[  7054s] finished OBJB_A0|scaled|rule|raw|UAFE|slip_x1.5 seed 18 rc 0 avail_GiB 22.1 own_GiB 3.10 psi 0.0
[  7055s] started OBJB_A0|scaled|rule|raw|UAFE|slip_x1.5 seed 22 pid 2228327 avail_GiB 22.0 own_GiB 3.12 psi 0.0
[  7055s] finished OBJB_A0|scaled|rule|raw|UAFE|slip_x1.5 seed 19 rc 0 avail_GiB 22.0 own_GiB 3.13 psi 0.0
[  7056s] started OBJB_A0|scaled|rule|raw|UAFE|slip_x1.5 seed 23 pid 2228328 avail_GiB 22.0 own_GiB 3.15 psi 0.0
[  7156s] finished OBJB_A0|scaled|rule|raw|UAFE|slip_x1.5 seed 20 rc 0 avail_GiB 22.1 own_GiB 3.06 psi 0.0
[  7156s] started OBJB_A0|scaled|rule|raw|UAFE|slip_x1.5 seed 24 pid 2228484 avail_GiB 22.1 own_GiB 3.07 psi 0.0
[  7156s] finished OBJB_A0|scaled|rule|raw|UAFE|slip_x1.5 seed 21 rc 0 avail_GiB 22.1 own_GiB 3.08 psi 0.0
[  7157s] started OBJB_A0|scaled|rule|raw|UAFE|slip_x1.5 seed 25 pid 2228485 avail_GiB 22.1 own_GiB 3.09 psi 0.0
[  7157s] finished OBJB_A0|scaled|rule|raw|UAFE|slip_x1.5 seed 22 rc 0 avail_GiB 22.0 own_GiB 3.10 psi 0.0
[  7158s] started OBJB_A0|scaled|rule|raw|UAFE|slip_x1.5 seed 26 pid 2228486 avail_GiB 22.0 own_GiB 3.12 psi 0.0
[  7158s] finished OBJB_A0|scaled|rule|raw|UAFE|slip_x1.5 seed 23 rc 0 avail_GiB 22.0 own_GiB 3.13 psi 0.0
[  7159s] started OBJB_A0|scaled|rule|raw|UAFE|slip_x1.5 seed 27 pid 2228489 avail_GiB 22.0 own_GiB 3.16 psi 0.0
[  7259s] finished OBJB_A0|scaled|rule|raw|UAFE|slip_x1.5 seed 24 rc 0 avail_GiB 21.2 own_GiB 3.17 psi 0.0
[  7260s] finished OBJB_A0|scaled|rule|raw|UAFE|slip_x1.5 seed 25 rc 0 avail_GiB 21.2 own_GiB 3.17 psi 0.0
[  7265s] finished OBJB_A0|scaled|rule|raw|UAFE|slip_x1.5 seed 26 rc 0 avail_GiB 21.3 own_GiB 3.12 psi 0.0
[  7275s] finished OBJB_A0|scaled|rule|raw|UAFE|slip_x1.5 seed 27 rc 0 avail_GiB 21.3 own_GiB 3.06 psi 0.0
[  7275s] memory: available 21.3 GiB < 22.0 and nothing running — polling every 60 s
[  7335s] memory: available 21.7 GiB < 22.0 and nothing running — polling every 60 s
[  7396s] started OBJB_A0|scaled|rule|raw|UAFE|slip_x1.5 seed 28 pid 2229433 avail_GiB 22.1 own_GiB 3.07 psi 0.3
[  7396s] started OBJB_A0|scaled|rule|raw|UAFE|slip_x1.5 seed 29 pid 2229434 avail_GiB 22.0 own_GiB 3.09 psi 0.3
[  7396s] started OBJB_A0|scaled|rule|raw|UAFE|slip_x1.5 seed 30 pid 2229435 avail_GiB 22.0 own_GiB 3.12 psi 0.3
[  7501s] finished OBJB_A0|scaled|rule|raw|UAFE|slip_x1.5 seed 28 rc 0 avail_GiB 21.7 own_GiB 3.12 psi 0.0
[  7501s] finished OBJB_A0|scaled|rule|raw|UAFE|slip_x1.5 seed 30 rc 0 avail_GiB 21.7 own_GiB 3.12 psi 0.0
[  7516s] finished OBJB_A0|scaled|rule|raw|UAFE|slip_x1.5 seed 29 rc 0 avail_GiB 21.7 own_GiB 3.06 psi 0.0
[  7517s] memory: available 21.7 GiB < 22.0 and nothing running — polling every 60 s
