[     0s] CHECK config.not_a_template_and_nothing_pending OK {"status": "FROZEN before any number of the OLD-vs-NEW comparison (OVN Stage 1); arm NEW_s42; settings byte-identical to RUN_CONFIG_OVN_OLD", "pending": []}
[     0s] CHECK pin.prereg OK {"path": "/workspace/baseline_tables_2026-09-19/pins/PREREG_baseline_tables_certified_2026-09-19.md", "got": "d9fe45e3191f56e5", "want": "d9fe45e3191f56e5"}
[     0s] CHECK pin.prereg_amendment_1 OK {"path": "/workspace/baseline_tables_2026-09-19/pins/AMENDMENT_1_baseline_tables_certified_2026-09-19.md", "got": "766bc367743d8542", "want": "766bc367743d8542"}
[     0s] CHECK pin.exec_sim OK {"path": "/workspace/baseline_tables_2026-09-19/devices/exec_copy/exec_sim.py", "got": "29679672e68d4842", "want": "29679672e68d4842"}
[     0s] CHECK pin.simlib OK {"path": "/workspace/baseline_tables_2026-09-19/devices/exec_copy/simlib.py", "got": "55246fe98da2d57a", "want": "55246fe98da2d57a"}
[     0s] CHECK pin.v1b_gate OK {"path": "/workspace/baseline_tables_2026-09-19/devices/exec_copy/v1b_gate.py", "got": "4a725921a470f4c1", "want": "4a725921a470f4c1"}
[     0s] CHECK pin.v1_gate OK {"path": "/workspace/baseline_tables_2026-09-19/devices/exec_copy/v1_gate.py", "got": "c97d9b3d49212b49", "want": "c97d9b3d49212b49"}
[     0s] CHECK pin.calibration OK {"path": "/workspace/baseline_tables_2026-09-19/devices/exec_copy/CALIBRATION_v3_POOLED_20260826_20260910.json", "got": "fda342431d39703e", "want": "fda342431d39703e"}
[     0s] CHECK pin.input_manifest OK {"path": "/workspace/baseline_tables_2026-09-19/devices/exec_copy/INPUT_MANIFEST.json", "got": "59875e5a69db415f", "want": "59875e5a69db415f"}
[     0s] CHECK pin.p2_s2_lib OK {"path": "/workspace/uplift_r2_2026-09-13/P2/devices/p2_s2_lib.py", "got": "c53f5c495036727f", "want": "c53f5c495036727f"}
[     2s] CHECK pin.price_full_raw OK {"path": "/workspace/baseline_tables_2026-09-19/work/price_full_raw_x0918r.npy", "got": "23af32bd97c267d1", "want": "23af32bd97c267d1"}
[     2s] CHECK pin.price_full_meta OK {"path": "/workspace/baseline_tables_2026-09-19/work/price_full_raw_x0918r_meta.npz", "got": "d1e49cc9f0a7ddc4", "want": "d1e49cc9f0a7ddc4"}
[     2s] CHECK pin.price_receipt OK {"path": "/workspace/baseline_tables_2026-09-19/receipts/BT_PRICES_FULL_X0918R.json", "got": "130592b122831e03", "want": "130592b122831e03"}
[     2s] CHECK pin.price_source_table_x0918r OK {"path": "/workspace/raw_price_fix_2026-09-19/ext_x0918r/work/price_logtable_raw_x0918r.npy", "got": "9249b0da4a4c5789", "want": "9249b0da4a4c5789"}
[     2s] CHECK pin.price_source_meta_x0918r OK {"path": "/workspace/raw_price_fix_2026-09-19/ext_x0918r/work/price_meta_raw_x0918r.npz", "got": "da136830cee7e1a2", "want": "da136830cee7e1a2"}
[     2s] CHECK pin.ledger_full OK {"path": "/workspace/baseline_tables_2026-09-19/funding/ledger_spliced_p2_to_20260901T0200_streamD_after.npz", "got": "073088e503c026d6", "want": "073088e503c026d6"}
[     2s] CHECK pin.funding_overlap_proof OK {"path": "/workspace/baseline_tables_2026-09-19/funding/BT_FUNDING_OVERLAP.json", "got": "0ee6d99bfa2acfb9", "want": "0ee6d99bfa2acfb9"}
[     2s] CHECK pin.funding_source_p2 OK {"path": "/workspace/uplift_r2_2026-09-13/P2/work/ledger_full.npz", "got": "bea6f5752772d54e", "want": "bea6f5752772d54e"}
[     2s] CHECK pin.funding_source_stream_d OK {"path": "/workspace/axis_0919/funding/funding_ledger.npz", "got": "74b69e635efbf355", "want": "74b69e635efbf355"}
[     2s] CHECK pin.funding_4h_accounting_stream_d OK {"path": "/workspace/axis_0919/funding/funding_4h_accounting.npz", "got": "2838e5f6cf42fff5", "want": "2838e5f6cf42fff5"}
[     2s] CHECK pin.tradability OK {"path": "/workspace/axis_0919/x0918r/trd/tradability_v1.npz", "got": "bebf69ab9ddb3b05", "want": "bebf69ab9ddb3b05"}
[     2s] CHECK pin.universe OK {"path": "/workspace/uplift_r2_2026-09-13/P2/work/universe.npz", "got": "6322b57366078ed0", "want": "6322b57366078ed0"}
[     2s] CHECK pin.g0_labels OK {"path": "/workspace/baseline_tables_2026-09-19/g0x/g0_labels_x0918.npz", "got": "c3832939e1b01333", "want": "c3832939e1b01333"}
[     2s] CHECK pin.g0_receipt OK {"path": "/workspace/baseline_tables_2026-09-19/g0x/RECEIPT_bt_g0_extend.json", "got": "8afd680472ef21be", "want": "8afd680472ef21be"}
[     2s] CHECK price_receipt.PASS_and_outputs OK {"price_kinds": ["raw"]}
[     3s] CHECK pin.executor_tree_409ea16_vs_manifest OK {"n": 332, "bad": []}
[     3s] CHECK exec_sim.version_v3.1 OK "v3.1"
[     3s] CHECK runs.selected OK {"runs": ["OVN_NEW_s42|scaled|rule|raw|UAFE", "OVN_NEW_s42|lit|rule|raw|UAFE", "OVN_NEW_s42|scaled|rule|raw|UAFE|fee_x1.25", "OVN_NEW_s42|scaled|rule|raw|UAFE|slip_x1.5", "OVN_NEW_s42|scaled|rule|raw|UAFE|fill_x0.9"], "seeds": [0, 1, 2, 3, 
[     3s] CHECK window.n_anchors OK 9139
[     3s] CHECK axis.symbols OK 
[     3s] CHECK prices.grid_covers_window OK {"grid0": 1656532800, "n": 444145}
[     3s] CHECK ua_sets.counts_of_the_sets_the_runs_use OK {"UNAVAILABLE_3084": 3084}
[    37s] prices raw (444145, 829)
[    37s] CHECK run.OVN_NEW_s42|scaled|rule|raw|UAFE.policy_named OK 
[    37s] CHECK run.OVN_NEW_s42|scaled|rule|raw|UAFE.ua_cells_already_at_last_available_price OK {"cells_that_would_change": 0}
[    37s] CHECK run.OVN_NEW_s42|lit|rule|raw|UAFE.policy_named OK 
[    37s] CHECK run.OVN_NEW_s42|lit|rule|raw|UAFE.ua_cells_already_at_last_available_price OK {"cells_that_would_change": 0}
[    37s] CHECK run.OVN_NEW_s42|scaled|rule|raw|UAFE|fee_x1.25.policy_named OK 
[    37s] CHECK run.OVN_NEW_s42|scaled|rule|raw|UAFE|fee_x1.25.ua_cells_already_at_last_available_price OK {"cells_that_would_change": 0}
[    37s] CHECK run.OVN_NEW_s42|scaled|rule|raw|UAFE|slip_x1.5.policy_named OK 
[    37s] CHECK run.OVN_NEW_s42|scaled|rule|raw|UAFE|slip_x1.5.ua_cells_already_at_last_available_price OK {"cells_that_would_change": 0}
[    37s] CHECK run.OVN_NEW_s42|scaled|rule|raw|UAFE|fill_x0.9.policy_named OK 
[    37s] CHECK run.OVN_NEW_s42|scaled|rule|raw|UAFE|fill_x0.9.ua_cells_already_at_last_available_price OK {"cells_that_would_change": 0}
[    38s] funding rows 2386274
[    38s] CHECK axis.tradability_symbols OK 
[    38s] CHECK tradability.covers_window OK 
[    38s] CHECK calibration.v3_pooled_frozen OK 
[    38s] CHECK calibration.decision_offset_N+24 OK 1440
[    38s] CHECK executor.pns_wide OK 
[    38s] CHECK executor.gross_mult_config OK {"gm": 2.0, "onu": "hold"}
[    46s] CHECK objb_targets.OVN_NEW_s42|scaled|rule|raw|UAFE.loaded OK {"window_anchors": 9139, "combo": 6610, "king": 0, "hold": 2529, "written_rows_without_weights": 0}
[    47s] CHECK objb_targets.OVN_NEW_s42|lit|rule|raw|UAFE.loaded OK {"window_anchors": 9139, "combo": 2959, "king": 0, "hold": 6180, "written_rows_without_weights": 0}
[    47s] CHECK objb_targets.OVN_NEW_s42|scaled|rule|raw|UAFE|fee_x1.25.loaded OK {"window_anchors": 9139, "combo": 6610, "king": 0, "hold": 2529, "written_rows_without_weights": 0}
[    51s] CHECK objb_targets.OVN_NEW_s42|scaled|rule|raw|UAFE|slip_x1.5.loaded OK {"window_anchors": 9139, "combo": 6610, "king": 0, "hold": 2529, "written_rows_without_weights": 0}
[    52s] CHECK objb_targets.OVN_NEW_s42|scaled|rule|raw|UAFE|fill_x0.9.loaded OK {"window_anchors": 9139, "combo": 6610, "king": 0, "hold": 2529, "written_rows_without_weights": 0}
[    52s] resume: existing 0 to run 160
[    52s] started OVN_NEW_s42|scaled|rule|raw|UAFE seed 0 pid 2215563 avail_GiB 35.4 own_GiB 2.97 psi 27.4
[    53s] started OVN_NEW_s42|scaled|rule|raw|UAFE seed 1 pid 2215565 avail_GiB 35.3 own_GiB 3.00 psi 27.4
[    53s] started OVN_NEW_s42|scaled|rule|raw|UAFE seed 2 pid 2215566 avail_GiB 35.2 own_GiB 3.03 psi 25.2
[    54s] started OVN_NEW_s42|scaled|rule|raw|UAFE seed 3 pid 2215569 avail_GiB 35.2 own_GiB 3.06 psi 25.2
[   243s] finished OVN_NEW_s42|scaled|rule|raw|UAFE seed 0 rc 0 avail_GiB 30.3 own_GiB 3.01 psi 2.1
[   244s] started OVN_NEW_s42|scaled|rule|raw|UAFE seed 4 pid 2216121 avail_GiB 30.3 own_GiB 3.02 psi 2.1
[   245s] finished OVN_NEW_s42|scaled|rule|raw|UAFE seed 2 rc 0 avail_GiB 30.3 own_GiB 3.04 psi 2.1
[   247s] started OVN_NEW_s42|scaled|rule|raw|UAFE seed 5 pid 2216124 avail_GiB 30.1 own_GiB 3.32 psi 2.1
[   247s] finished OVN_NEW_s42|scaled|rule|raw|UAFE seed 1 rc 0 avail_GiB 30.3 own_GiB 3.02 psi 2.1
[   249s] started OVN_NEW_s42|scaled|rule|raw|UAFE seed 6 pid 2216127 avail_GiB 30.3 own_GiB 3.03 psi 1.7
[   250s] finished OVN_NEW_s42|scaled|rule|raw|UAFE seed 3 rc 0 avail_GiB 30.3 own_GiB 3.05 psi 1.7
[   253s] started OVN_NEW_s42|scaled|rule|raw|UAFE seed 7 pid 2216149 avail_GiB 30.1 own_GiB 3.06 psi 1.8
[   437s] finished OVN_NEW_s42|scaled|rule|raw|UAFE seed 4 rc 0 avail_GiB 33.4 own_GiB 3.12 psi 0.5
[   439s] started OVN_NEW_s42|scaled|rule|raw|UAFE seed 8 pid 2216756 avail_GiB 33.4 own_GiB 3.13 psi 0.4
[   445s] finished OVN_NEW_s42|scaled|rule|raw|UAFE seed 6 rc 0 avail_GiB 33.2 own_GiB 3.04 psi 0.8
[   446s] started OVN_NEW_s42|scaled|rule|raw|UAFE seed 9 pid 2216783 avail_GiB 33.1 own_GiB 3.05 psi 1.4
[   447s] finished OVN_NEW_s42|scaled|rule|raw|UAFE seed 7 rc 0 avail_GiB 33.3 own_GiB 3.07 psi 1.4
[   449s] started OVN_NEW_s42|scaled|rule|raw|UAFE seed 10 pid 2216799 avail_GiB 33.2 own_GiB 3.03 psi 1.7
[   449s] finished OVN_NEW_s42|scaled|rule|raw|UAFE seed 5 rc 0 avail_GiB 33.2 own_GiB 3.05 psi 1.7
[   451s] started OVN_NEW_s42|scaled|rule|raw|UAFE seed 11 pid 2216814 avail_GiB 33.2 own_GiB 3.06 psi 2.3
[   634s] finished OVN_NEW_s42|scaled|rule|raw|UAFE seed 8 rc 0 avail_GiB 33.5 own_GiB 3.01 psi 0.0
[   635s] started OVN_NEW_s42|scaled|rule|raw|UAFE seed 12 pid 2217494 avail_GiB 33.5 own_GiB 3.02 psi 0.0
[   635s] finished OVN_NEW_s42|scaled|rule|raw|UAFE seed 9 rc 0 avail_GiB 33.4 own_GiB 3.03 psi 0.0
[   637s] started OVN_NEW_s42|scaled|rule|raw|UAFE seed 13 pid 2217497 avail_GiB 33.4 own_GiB 3.05 psi 0.0
[   637s] finished OVN_NEW_s42|scaled|rule|raw|UAFE seed 10 rc 0 avail_GiB 33.4 own_GiB 3.07 psi 0.0
[   639s] started OVN_NEW_s42|scaled|rule|raw|UAFE seed 14 pid 2217500 avail_GiB 33.4 own_GiB 3.08 psi 0.0
[   650s] finished OVN_NEW_s42|scaled|rule|raw|UAFE seed 11 rc 0 avail_GiB 32.4 own_GiB 3.06 psi 3.2
[   652s] started OVN_NEW_s42|scaled|rule|raw|UAFE seed 15 pid 2217528 avail_GiB 32.1 own_GiB 3.07 psi 3.6
[   873s] finished OVN_NEW_s42|scaled|rule|raw|UAFE seed 13 rc 0 avail_GiB 27.0 own_GiB 3.12 psi 0.0
[   876s] started OVN_NEW_s42|scaled|rule|raw|UAFE seed 16 pid 2218131 avail_GiB 27.0 own_GiB 3.37 psi 0.0
[   876s] finished OVN_NEW_s42|scaled|rule|raw|UAFE seed 12 rc 0 avail_GiB 27.0 own_GiB 3.09 psi 0.0
[   879s] started OVN_NEW_s42|scaled|rule|raw|UAFE seed 17 pid 2218210 avail_GiB 26.9 own_GiB 3.10 psi 0.0
[   910s] finished OVN_NEW_s42|scaled|rule|raw|UAFE seed 14 rc 0 avail_GiB 26.3 own_GiB 3.03 psi 0.2
[   913s] started OVN_NEW_s42|scaled|rule|raw|UAFE seed 18 pid 2218241 avail_GiB 26.3 own_GiB 3.04 psi 0.2
[   914s] finished OVN_NEW_s42|scaled|rule|raw|UAFE seed 15 rc 0 avail_GiB 26.2 own_GiB 3.05 psi 0.2
[   917s] started OVN_NEW_s42|scaled|rule|raw|UAFE seed 19 pid 2218249 avail_GiB 26.2 own_GiB 3.07 psi 0.1
[  1156s] finished OVN_NEW_s42|scaled|rule|raw|UAFE seed 16 rc 0 avail_GiB 26.4 own_GiB 3.06 psi 0.0
[  1158s] started OVN_NEW_s42|scaled|rule|raw|UAFE seed 20 pid 2218642 avail_GiB 26.4 own_GiB 3.08 psi 0.0
[  1159s] finished OVN_NEW_s42|scaled|rule|raw|UAFE seed 17 rc 0 avail_GiB 26.4 own_GiB 3.09 psi 0.0
[  1163s] started OVN_NEW_s42|scaled|rule|raw|UAFE seed 21 pid 2218643 avail_GiB 26.4 own_GiB 3.10 psi 0.0
[  1194s] finished OVN_NEW_s42|scaled|rule|raw|UAFE seed 19 rc 0 avail_GiB 26.4 own_GiB 3.08 psi 0.0
[  1198s] started OVN_NEW_s42|scaled|rule|raw|UAFE seed 22 pid 2218710 avail_GiB 26.4 own_GiB 3.10 psi 0.0
[  1211s] finished OVN_NEW_s42|scaled|rule|raw|UAFE seed 18 rc 0 avail_GiB 26.4 own_GiB 3.06 psi 0.0
[  1215s] started OVN_NEW_s42|scaled|rule|raw|UAFE seed 23 pid 2218719 avail_GiB 26.4 own_GiB 3.08 psi 0.0
[  1405s] finished OVN_NEW_s42|scaled|rule|raw|UAFE seed 20 rc 0 avail_GiB 26.1 own_GiB 3.11 psi 0.0
[  1409s] started OVN_NEW_s42|scaled|rule|raw|UAFE seed 24 pid 2218933 avail_GiB 26.1 own_GiB 3.13 psi 0.0
[  1423s] finished OVN_NEW_s42|scaled|rule|raw|UAFE seed 21 rc 0 avail_GiB 26.1 own_GiB 3.09 psi 0.0
[  1427s] started OVN_NEW_s42|scaled|rule|raw|UAFE seed 25 pid 2218944 avail_GiB 26.1 own_GiB 3.11 psi 0.0
[  1452s] finished OVN_NEW_s42|scaled|rule|raw|UAFE seed 22 rc 0 avail_GiB 26.0 own_GiB 3.08 psi 0.0
[  1454s] started OVN_NEW_s42|scaled|rule|raw|UAFE seed 26 pid 2218983 avail_GiB 26.0 own_GiB 3.09 psi 0.0
[  1480s] finished OVN_NEW_s42|scaled|rule|raw|UAFE seed 23 rc 0 avail_GiB 26.0 own_GiB 3.07 psi 0.0
[  1484s] started OVN_NEW_s42|scaled|rule|raw|UAFE seed 27 pid 2219020 avail_GiB 26.0 own_GiB 3.08 psi 0.0
[  1679s] finished OVN_NEW_s42|scaled|rule|raw|UAFE seed 25 rc 0 avail_GiB 25.8 own_GiB 3.11 psi 0.0
[  1683s] started OVN_NEW_s42|scaled|rule|raw|UAFE seed 28 pid 2219249 avail_GiB 25.8 own_GiB 3.12 psi 0.0
[  1715s] finished OVN_NEW_s42|scaled|rule|raw|UAFE seed 24 rc 0 avail_GiB 25.7 own_GiB 3.10 psi 0.0
[  1717s] started OVN_NEW_s42|scaled|rule|raw|UAFE seed 29 pid 2219286 avail_GiB 25.7 own_GiB 3.11 psi 0.0
[  1744s] finished OVN_NEW_s42|scaled|rule|raw|UAFE seed 27 rc 0 avail_GiB 25.7 own_GiB 3.08 psi 0.0
[  1747s] started OVN_NEW_s42|scaled|rule|raw|UAFE seed 30 pid 2219305 avail_GiB 25.7 own_GiB 3.41 psi 0.0
[  1748s] finished OVN_NEW_s42|scaled|rule|raw|UAFE seed 26 rc 0 avail_GiB 25.7 own_GiB 3.06 psi 0.0
[  1752s] started OVN_NEW_s42|scaled|rule|raw|UAFE seed 31 pid 2219310 avail_GiB 25.7 own_GiB 3.08 psi 0.0
[  1935s] finished OVN_NEW_s42|scaled|rule|raw|UAFE seed 28 rc 0 avail_GiB 25.6 own_GiB 3.10 psi 0.0
[  1937s] started OVN_NEW_s42|lit|rule|raw|UAFE seed 0 pid 2219550 avail_GiB 25.6 own_GiB 3.11 psi 0.0
[  2015s] finished OVN_NEW_s42|scaled|rule|raw|UAFE seed 30 rc 0 avail_GiB 28.4 own_GiB 3.00 psi 0.0
[  2016s] started OVN_NEW_s42|lit|rule|raw|UAFE seed 1 pid 2219633 avail_GiB 28.4 own_GiB 3.01 psi 0.0
[  2016s] finished OVN_NEW_s42|scaled|rule|raw|UAFE seed 29 rc 0 avail_GiB 28.4 own_GiB 3.03 psi 0.0
[  2018s] started OVN_NEW_s42|lit|rule|raw|UAFE seed 2 pid 2219634 avail_GiB 28.4 own_GiB 3.04 psi 0.0
[  2019s] aggregated OVN_NEW_s42|scaled|rule|raw|UAFE
[  2020s] finished OVN_NEW_s42|scaled|rule|raw|UAFE seed 31 rc 0 avail_GiB 28.3 own_GiB 3.09 psi 0.0
[  2021s] started OVN_NEW_s42|lit|rule|raw|UAFE seed 3 pid 2219643 avail_GiB 28.3 own_GiB 3.11 psi 0.0
[  2051s] finished OVN_NEW_s42|lit|rule|raw|UAFE seed 0 rc 0 avail_GiB 28.3 own_GiB 3.09 psi 0.0
[  2053s] started OVN_NEW_s42|lit|rule|raw|UAFE seed 4 pid 2219686 avail_GiB 28.3 own_GiB 3.11 psi 0.0
[  2110s] finished OVN_NEW_s42|lit|rule|raw|UAFE seed 1 rc 0 avail_GiB 31.4 own_GiB 3.05 psi 0.0
[  2111s] started OVN_NEW_s42|lit|rule|raw|UAFE seed 5 pid 2219762 avail_GiB 31.3 own_GiB 3.06 psi 0.0
[  2112s] finished OVN_NEW_s42|lit|rule|raw|UAFE seed 2 rc 0 avail_GiB 31.3 own_GiB 3.07 psi 0.0
[  2113s] started OVN_NEW_s42|lit|rule|raw|UAFE seed 6 pid 2219763 avail_GiB 31.4 own_GiB 3.09 psi 0.0
[  2125s] finished OVN_NEW_s42|lit|rule|raw|UAFE seed 3 rc 0 avail_GiB 31.2 own_GiB 3.08 psi 0.0
[  2127s] started OVN_NEW_s42|lit|rule|raw|UAFE seed 7 pid 2219778 avail_GiB 31.2 own_GiB 3.09 psi 0.0
[  2145s] finished OVN_NEW_s42|lit|rule|raw|UAFE seed 4 rc 0 avail_GiB 31.2 own_GiB 3.07 psi 0.0
[  2147s] started OVN_NEW_s42|lit|rule|raw|UAFE seed 8 pid 2219790 avail_GiB 31.1 own_GiB 3.09 psi 0.0
[  2205s] finished OVN_NEW_s42|lit|rule|raw|UAFE seed 5 rc 0 avail_GiB 31.0 own_GiB 3.09 psi 0.0
[  2207s] started OVN_NEW_s42|lit|rule|raw|UAFE seed 9 pid 2219879 avail_GiB 31.0 own_GiB 3.10 psi 0.0
[  2225s] finished OVN_NEW_s42|lit|rule|raw|UAFE seed 6 rc 0 avail_GiB 31.0 own_GiB 3.09 psi 0.0
[  2226s] started OVN_NEW_s42|lit|rule|raw|UAFE seed 10 pid 2219892 avail_GiB 30.9 own_GiB 3.55 psi 0.0
[  2227s] finished OVN_NEW_s42|lit|rule|raw|UAFE seed 7 rc 0 avail_GiB 31.0 own_GiB 3.07 psi 0.0
[  2229s] started OVN_NEW_s42|lit|rule|raw|UAFE seed 11 pid 2219893 avail_GiB 30.9 own_GiB 3.09 psi 0.0
[  2252s] finished OVN_NEW_s42|lit|rule|raw|UAFE seed 8 rc 0 avail_GiB 30.9 own_GiB 3.08 psi 0.0
[  2254s] started OVN_NEW_s42|lit|rule|raw|UAFE seed 12 pid 2219926 avail_GiB 30.9 own_GiB 3.09 psi 0.0
[  2300s] finished OVN_NEW_s42|lit|rule|raw|UAFE seed 9 rc 0 avail_GiB 30.8 own_GiB 3.08 psi 0.0
[  2302s] started OVN_NEW_s42|lit|rule|raw|UAFE seed 13 pid 2220038 avail_GiB 30.8 own_GiB 3.10 psi 0.0
[  2319s] finished OVN_NEW_s42|lit|rule|raw|UAFE seed 10 rc 0 avail_GiB 30.7 own_GiB 3.08 psi 0.0
[  2321s] started OVN_NEW_s42|lit|rule|raw|UAFE seed 14 pid 2220217 avail_GiB 30.7 own_GiB 3.10 psi 0.0
[  2333s] finished OVN_NEW_s42|lit|rule|raw|UAFE seed 11 rc 0 avail_GiB 29.7 own_GiB 3.08 psi 0.0
[  2335s] started OVN_NEW_s42|lit|rule|raw|UAFE seed 15 pid 2220238 avail_GiB 29.7 own_GiB 3.09 psi 0.0
[  2364s] finished OVN_NEW_s42|lit|rule|raw|UAFE seed 12 rc 0 avail_GiB 30.9 own_GiB 3.08 psi 0.0
[  2366s] started OVN_NEW_s42|lit|rule|raw|UAFE seed 16 pid 2220300 avail_GiB 30.8 own_GiB 3.09 psi 0.0
[  2394s] finished OVN_NEW_s42|lit|rule|raw|UAFE seed 13 rc 0 avail_GiB 30.8 own_GiB 3.08 psi 0.0
[  2396s] started OVN_NEW_s42|lit|rule|raw|UAFE seed 17 pid 2220466 avail_GiB 30.7 own_GiB 3.10 psi 0.0
[  2432s] finished OVN_NEW_s42|lit|rule|raw|UAFE seed 14 rc 0 avail_GiB 30.6 own_GiB 3.09 psi 0.0
[  2433s] started OVN_NEW_s42|lit|rule|raw|UAFE seed 18 pid 2220725 avail_GiB 30.7 own_GiB 3.06 psi 0.0
[  2433s] finished OVN_NEW_s42|lit|rule|raw|UAFE seed 15 rc 0 avail_GiB 30.6 own_GiB 3.07 psi 0.0
[  2435s] started OVN_NEW_s42|lit|rule|raw|UAFE seed 19 pid 2220728 avail_GiB 30.7 own_GiB 3.09 psi 0.0
[  2458s] finished OVN_NEW_s42|lit|rule|raw|UAFE seed 16 rc 0 avail_GiB 30.6 own_GiB 3.08 psi 0.0
[  2460s] started OVN_NEW_s42|lit|rule|raw|UAFE seed 20 pid 2220760 avail_GiB 30.6 own_GiB 3.09 psi 0.0
[  2488s] finished OVN_NEW_s42|lit|rule|raw|UAFE seed 17 rc 0 avail_GiB 30.5 own_GiB 3.08 psi 0.0
[  2490s] started OVN_NEW_s42|lit|rule|raw|UAFE seed 21 pid 2220783 avail_GiB 30.5 own_GiB 3.09 psi 0.0
[  2524s] finished OVN_NEW_s42|lit|rule|raw|UAFE seed 18 rc 0 avail_GiB 30.4 own_GiB 3.08 psi 0.0
[  2525s] started OVN_NEW_s42|lit|rule|raw|UAFE seed 22 pid 2220811 avail_GiB 30.4 own_GiB 3.10 psi 0.0
[  2531s] finished OVN_NEW_s42|lit|rule|raw|UAFE seed 19 rc 0 avail_GiB 30.4 own_GiB 3.08 psi 0.0
[  2533s] started OVN_NEW_s42|lit|rule|raw|UAFE seed 23 pid 2220816 avail_GiB 30.4 own_GiB 3.10 psi 0.0
[  2580s] finished OVN_NEW_s42|lit|rule|raw|UAFE seed 21 rc 0 avail_GiB 30.4 own_GiB 3.09 psi 0.0
[  2582s] started OVN_NEW_s42|lit|rule|raw|UAFE seed 24 pid 2220920 avail_GiB 30.4 own_GiB 3.10 psi 0.0
[  2594s] finished OVN_NEW_s42|lit|rule|raw|UAFE seed 20 rc 0 avail_GiB 30.3 own_GiB 3.08 psi 0.0
[  2595s] started OVN_NEW_s42|lit|rule|raw|UAFE seed 25 pid 2220933 avail_GiB 30.3 own_GiB 3.10 psi 0.0
[  2618s] finished OVN_NEW_s42|lit|rule|raw|UAFE seed 22 rc 0 avail_GiB 30.3 own_GiB 3.08 psi 0.0
[  2620s] started OVN_NEW_s42|lit|rule|raw|UAFE seed 26 pid 2220953 avail_GiB 30.3 own_GiB 3.09 psi 0.0
[  2637s] finished OVN_NEW_s42|lit|rule|raw|UAFE seed 23 rc 0 avail_GiB 30.2 own_GiB 3.08 psi 0.0
[  2639s] started OVN_NEW_s42|lit|rule|raw|UAFE seed 27 pid 2220968 avail_GiB 30.2 own_GiB 3.09 psi 0.0
[  2673s] finished OVN_NEW_s42|lit|rule|raw|UAFE seed 24 rc 0 avail_GiB 30.1 own_GiB 3.08 psi 0.0
[  2674s] started OVN_NEW_s42|lit|rule|raw|UAFE seed 28 pid 2221025 avail_GiB 30.1 own_GiB 3.10 psi 0.0
[  2699s] finished OVN_NEW_s42|lit|rule|raw|UAFE seed 25 rc 0 avail_GiB 30.1 own_GiB 3.08 psi 0.0
[  2701s] started OVN_NEW_s42|lit|rule|raw|UAFE seed 29 pid 2221071 avail_GiB 30.1 own_GiB 3.10 psi 0.0
[  2713s] finished OVN_NEW_s42|lit|rule|raw|UAFE seed 26 rc 0 avail_GiB 30.0 own_GiB 3.08 psi 0.0
[  2714s] started OVN_NEW_s42|lit|rule|raw|UAFE seed 30 pid 2221080 avail_GiB 30.0 own_GiB 3.10 psi 0.0
[  2732s] finished OVN_NEW_s42|lit|rule|raw|UAFE seed 27 rc 0 avail_GiB 29.9 own_GiB 3.08 psi 0.0
[  2734s] started OVN_NEW_s42|lit|rule|raw|UAFE seed 31 pid 2221094 avail_GiB 29.9 own_GiB 3.09 psi 0.0
[  2775s] finished OVN_NEW_s42|lit|rule|raw|UAFE seed 28 rc 0 avail_GiB 29.9 own_GiB 3.08 psi 0.0
[  2776s] started OVN_NEW_s42|scaled|rule|raw|UAFE|fee_x1.25 seed 0 pid 2221125 avail_GiB 29.8 own_GiB 3.10 psi 0.0
[  2799s] finished OVN_NEW_s42|lit|rule|raw|UAFE seed 29 rc 0 avail_GiB 29.9 own_GiB 3.08 psi 0.0
[  2801s] started OVN_NEW_s42|scaled|rule|raw|UAFE|fee_x1.25 seed 1 pid 2221174 avail_GiB 29.9 own_GiB 3.09 psi 0.0
[  2807s] finished OVN_NEW_s42|lit|rule|raw|UAFE seed 30 rc 0 avail_GiB 29.8 own_GiB 3.07 psi 0.0
[  2808s] started OVN_NEW_s42|scaled|rule|raw|UAFE|fee_x1.25 seed 2 pid 2221194 avail_GiB 29.8 own_GiB 3.08 psi 0.0
[  2838s] aggregated OVN_NEW_s42|lit|rule|raw|UAFE
[  2838s] finished OVN_NEW_s42|lit|rule|raw|UAFE seed 31 rc 0 avail_GiB 29.8 own_GiB 3.10 psi 0.0
[  2840s] started OVN_NEW_s42|scaled|rule|raw|UAFE|fee_x1.25 seed 3 pid 2221231 avail_GiB 29.8 own_GiB 3.11 psi 0.0
[  2964s] finished OVN_NEW_s42|scaled|rule|raw|UAFE|fee_x1.25 seed 0 rc 0 avail_GiB 29.6 own_GiB 3.13 psi 0.0
[  2966s] started OVN_NEW_s42|scaled|rule|raw|UAFE|fee_x1.25 seed 4 pid 2221374 avail_GiB 29.5 own_GiB 3.14 psi 0.0
[  2983s] finished OVN_NEW_s42|scaled|rule|raw|UAFE|fee_x1.25 seed 1 rc 0 avail_GiB 29.7 own_GiB 3.11 psi 0.0
[  2985s] started OVN_NEW_s42|scaled|rule|raw|UAFE|fee_x1.25 seed 5 pid 2221390 avail_GiB 29.6 own_GiB 3.12 psi 0.0
[  2990s] finished OVN_NEW_s42|scaled|rule|raw|UAFE|fee_x1.25 seed 2 rc 0 avail_GiB 29.7 own_GiB 3.08 psi 0.0
[  2992s] started OVN_NEW_s42|scaled|rule|raw|UAFE|fee_x1.25 seed 6 pid 2221410 avail_GiB 29.7 own_GiB 3.09 psi 0.0
[  3022s] finished OVN_NEW_s42|scaled|rule|raw|UAFE|fee_x1.25 seed 3 rc 0 avail_GiB 29.7 own_GiB 3.08 psi 0.0
[  3024s] started OVN_NEW_s42|scaled|rule|raw|UAFE|fee_x1.25 seed 7 pid 2221454 avail_GiB 29.7 own_GiB 3.09 psi 0.0
[  3145s] finished OVN_NEW_s42|scaled|rule|raw|UAFE|fee_x1.25 seed 4 rc 0 avail_GiB 29.2 own_GiB 3.11 psi 0.0
[  3148s] started OVN_NEW_s42|scaled|rule|raw|UAFE|fee_x1.25 seed 8 pid 2221622 avail_GiB 29.2 own_GiB 3.13 psi 0.0
[  3172s] finished OVN_NEW_s42|scaled|rule|raw|UAFE|fee_x1.25 seed 5 rc 0 avail_GiB 29.2 own_GiB 3.10 psi 0.0
[  3174s] started OVN_NEW_s42|scaled|rule|raw|UAFE|fee_x1.25 seed 9 pid 2221696 avail_GiB 29.2 own_GiB 2.79 psi 0.0
[  3175s] finished OVN_NEW_s42|scaled|rule|raw|UAFE|fee_x1.25 seed 6 rc 0 avail_GiB 29.2 own_GiB 3.07 psi 0.0
[  3177s] started OVN_NEW_s42|scaled|rule|raw|UAFE|fee_x1.25 seed 10 pid 2221699 avail_GiB 29.2 own_GiB 3.10 psi 0.0
[  3224s] finished OVN_NEW_s42|scaled|rule|raw|UAFE|fee_x1.25 seed 7 rc 0 avail_GiB 29.2 own_GiB 3.08 psi 0.0
[  3226s] started OVN_NEW_s42|scaled|rule|raw|UAFE|fee_x1.25 seed 11 pid 2221755 avail_GiB 29.2 own_GiB 3.10 psi 0.0
[  3337s] finished OVN_NEW_s42|scaled|rule|raw|UAFE|fee_x1.25 seed 8 rc 0 avail_GiB 29.1 own_GiB 3.11 psi 0.0
[  3339s] started OVN_NEW_s42|scaled|rule|raw|UAFE|fee_x1.25 seed 12 pid 2221927 avail_GiB 29.1 own_GiB 3.13 psi 0.0
[  3368s] finished OVN_NEW_s42|scaled|rule|raw|UAFE|fee_x1.25 seed 9 rc 0 avail_GiB 29.0 own_GiB 3.10 psi 0.0
[  3370s] started OVN_NEW_s42|scaled|rule|raw|UAFE|fee_x1.25 seed 13 pid 2221962 avail_GiB 29.1 own_GiB 3.12 psi 0.0
[  3382s] finished OVN_NEW_s42|scaled|rule|raw|UAFE|fee_x1.25 seed 10 rc 0 avail_GiB 29.0 own_GiB 3.08 psi 0.0
[  3384s] started OVN_NEW_s42|scaled|rule|raw|UAFE|fee_x1.25 seed 14 pid 2221971 avail_GiB 29.1 own_GiB 3.10 psi 0.0
[  3420s] finished OVN_NEW_s42|scaled|rule|raw|UAFE|fee_x1.25 seed 11 rc 0 avail_GiB 29.0 own_GiB 3.08 psi 0.0
[  3422s] started OVN_NEW_s42|scaled|rule|raw|UAFE|fee_x1.25 seed 15 pid 2222046 avail_GiB 29.0 own_GiB 3.10 psi 0.0
[  3530s] finished OVN_NEW_s42|scaled|rule|raw|UAFE|fee_x1.25 seed 12 rc 0 avail_GiB 28.8 own_GiB 3.11 psi 0.0
[  3532s] started OVN_NEW_s42|scaled|rule|raw|UAFE|fee_x1.25 seed 16 pid 2222195 avail_GiB 28.8 own_GiB 3.13 psi 0.0
[  3561s] finished OVN_NEW_s42|scaled|rule|raw|UAFE|fee_x1.25 seed 13 rc 0 avail_GiB 28.8 own_GiB 3.10 psi 0.0
[  3562s] started OVN_NEW_s42|scaled|rule|raw|UAFE|fee_x1.25 seed 17 pid 2222255 avail_GiB 28.8 own_GiB 3.11 psi 0.0
[  3580s] finished OVN_NEW_s42|scaled|rule|raw|UAFE|fee_x1.25 seed 14 rc 0 avail_GiB 28.8 own_GiB 3.08 psi 0.0
[  3581s] started OVN_NEW_s42|scaled|rule|raw|UAFE|fee_x1.25 seed 18 pid 2222270 avail_GiB 28.8 own_GiB 3.10 psi 0.0
[  3610s] finished OVN_NEW_s42|scaled|rule|raw|UAFE|fee_x1.25 seed 15 rc 0 avail_GiB 28.8 own_GiB 3.08 psi 0.0
[  3612s] started OVN_NEW_s42|scaled|rule|raw|UAFE|fee_x1.25 seed 19 pid 2222336 avail_GiB 28.8 own_GiB 3.09 psi 0.0
[  3710s] finished OVN_NEW_s42|scaled|rule|raw|UAFE|fee_x1.25 seed 16 rc 0 avail_GiB 28.6 own_GiB 3.11 psi 0.0
[  3712s] started OVN_NEW_s42|scaled|rule|raw|UAFE|fee_x1.25 seed 20 pid 2222464 avail_GiB 28.6 own_GiB 3.12 psi 0.0
[  3746s] finished OVN_NEW_s42|scaled|rule|raw|UAFE|fee_x1.25 seed 17 rc 0 avail_GiB 28.5 own_GiB 3.10 psi 0.0
[  3747s] started OVN_NEW_s42|scaled|rule|raw|UAFE|fee_x1.25 seed 21 pid 2222502 avail_GiB 28.5 own_GiB 3.12 psi 0.0
[  3759s] finished OVN_NEW_s42|scaled|rule|raw|UAFE|fee_x1.25 seed 18 rc 0 avail_GiB 28.5 own_GiB 3.08 psi 0.0
[  3761s] started OVN_NEW_s42|scaled|rule|raw|UAFE|fee_x1.25 seed 22 pid 2222526 avail_GiB 28.5 own_GiB 3.10 psi 0.0
[  3789s] finished OVN_NEW_s42|scaled|rule|raw|UAFE|fee_x1.25 seed 19 rc 0 avail_GiB 28.5 own_GiB 3.08 psi 0.0
[  3791s] started OVN_NEW_s42|scaled|rule|raw|UAFE|fee_x1.25 seed 23 pid 2222593 avail_GiB 28.5 own_GiB 3.09 psi 0.0
[  3905s] finished OVN_NEW_s42|scaled|rule|raw|UAFE|fee_x1.25 seed 20 rc 0 avail_GiB 28.3 own_GiB 3.11 psi 0.0
[  3907s] started OVN_NEW_s42|scaled|rule|raw|UAFE|fee_x1.25 seed 24 pid 2222757 avail_GiB 28.3 own_GiB 3.13 psi 0.0
[  3954s] finished OVN_NEW_s42|scaled|rule|raw|UAFE|fee_x1.25 seed 21 rc 0 avail_GiB 28.2 own_GiB 3.10 psi 0.0
[  3956s] started OVN_NEW_s42|scaled|rule|raw|UAFE|fee_x1.25 seed 25 pid 2222816 avail_GiB 28.2 own_GiB 3.12 psi 0.0
[  3962s] finished OVN_NEW_s42|scaled|rule|raw|UAFE|fee_x1.25 seed 22 rc 0 avail_GiB 28.0 own_GiB 3.08 psi 0.0
[  3964s] started OVN_NEW_s42|scaled|rule|raw|UAFE|fee_x1.25 seed 26 pid 2222822 avail_GiB 28.1 own_GiB 3.10 psi 0.0
[  4005s] finished OVN_NEW_s42|scaled|rule|raw|UAFE|fee_x1.25 seed 23 rc 0 avail_GiB 28.0 own_GiB 3.08 psi 0.0
[  4008s] started OVN_NEW_s42|scaled|rule|raw|UAFE|fee_x1.25 seed 27 pid 2222870 avail_GiB 28.0 own_GiB 3.10 psi 0.0
[  4113s] finished OVN_NEW_s42|scaled|rule|raw|UAFE|fee_x1.25 seed 24 rc 0 avail_GiB 27.9 own_GiB 3.11 psi 0.0
[  4115s] started OVN_NEW_s42|scaled|rule|raw|UAFE|fee_x1.25 seed 28 pid 2223040 avail_GiB 27.8 own_GiB 3.13 psi 0.0
[  4157s] finished OVN_NEW_s42|scaled|rule|raw|UAFE|fee_x1.25 seed 26 rc 0 avail_GiB 27.7 own_GiB 3.12 psi 0.0
[  4159s] started OVN_NEW_s42|scaled|rule|raw|UAFE|fee_x1.25 seed 29 pid 2223100 avail_GiB 27.8 own_GiB 3.07 psi 0.0
[  4160s] finished OVN_NEW_s42|scaled|rule|raw|UAFE|fee_x1.25 seed 25 rc 0 avail_GiB 27.7 own_GiB 3.08 psi 0.0
[  4162s] started OVN_NEW_s42|scaled|rule|raw|UAFE|fee_x1.25 seed 30 pid 2223105 avail_GiB 27.7 own_GiB 3.10 psi 0.0
[  4209s] finished OVN_NEW_s42|scaled|rule|raw|UAFE|fee_x1.25 seed 27 rc 0 avail_GiB 27.8 own_GiB 3.08 psi 0.0
[  4212s] started OVN_NEW_s42|scaled|rule|raw|UAFE|fee_x1.25 seed 31 pid 2223197 avail_GiB 27.8 own_GiB 3.10 psi 0.0
[  4317s] finished OVN_NEW_s42|scaled|rule|raw|UAFE|fee_x1.25 seed 28 rc 0 avail_GiB 27.6 own_GiB 3.11 psi 0.0
[  4319s] started OVN_NEW_s42|scaled|rule|raw|UAFE|slip_x1.5 seed 0 pid 2223354 avail_GiB 27.6 own_GiB 3.12 psi 0.0
[  4361s] finished OVN_NEW_s42|scaled|rule|raw|UAFE|fee_x1.25 seed 29 rc 0 avail_GiB 27.6 own_GiB 3.10 psi 0.0
[  4364s] started OVN_NEW_s42|scaled|rule|raw|UAFE|slip_x1.5 seed 1 pid 2223399 avail_GiB 27.6 own_GiB 3.12 psi 0.0
[  4370s] finished OVN_NEW_s42|scaled|rule|raw|UAFE|fee_x1.25 seed 30 rc 0 avail_GiB 27.6 own_GiB 3.08 psi 0.0
[  4372s] started OVN_NEW_s42|scaled|rule|raw|UAFE|slip_x1.5 seed 2 pid 2223418 avail_GiB 27.6 own_GiB 3.10 psi 0.0
[  4415s] aggregated OVN_NEW_s42|scaled|rule|raw|UAFE|fee_x1.25
[  4415s] finished OVN_NEW_s42|scaled|rule|raw|UAFE|fee_x1.25 seed 31 rc 0 avail_GiB 27.6 own_GiB 3.10 psi 0.0
[  4417s] started OVN_NEW_s42|scaled|rule|raw|UAFE|slip_x1.5 seed 3 pid 2223500 avail_GiB 27.6 own_GiB 3.12 psi 0.0
[  4524s] finished OVN_NEW_s42|scaled|rule|raw|UAFE|slip_x1.5 seed 0 rc 0 avail_GiB 27.4 own_GiB 3.12 psi 0.0
[  4526s] started OVN_NEW_s42|scaled|rule|raw|UAFE|slip_x1.5 seed 4 pid 2223652 avail_GiB 27.4 own_GiB 3.13 psi 0.0
[  4562s] finished OVN_NEW_s42|scaled|rule|raw|UAFE|slip_x1.5 seed 1 rc 0 avail_GiB 27.4 own_GiB 3.11 psi 0.0
[  4565s] started OVN_NEW_s42|scaled|rule|raw|UAFE|slip_x1.5 seed 5 pid 2223706 avail_GiB 27.4 own_GiB 3.13 psi 0.0
[  4577s] finished OVN_NEW_s42|scaled|rule|raw|UAFE|slip_x1.5 seed 2 rc 0 avail_GiB 27.5 own_GiB 3.08 psi 0.0
[  4579s] started OVN_NEW_s42|scaled|rule|raw|UAFE|slip_x1.5 seed 6 pid 2223717 avail_GiB 27.5 own_GiB 3.10 psi 0.0
[  4615s] finished OVN_NEW_s42|scaled|rule|raw|UAFE|slip_x1.5 seed 3 rc 0 avail_GiB 27.4 own_GiB 3.08 psi 0.0
[  4617s] started OVN_NEW_s42|scaled|rule|raw|UAFE|slip_x1.5 seed 7 pid 2223761 avail_GiB 27.4 own_GiB 3.09 psi 0.0
[  4723s] finished OVN_NEW_s42|scaled|rule|raw|UAFE|slip_x1.5 seed 4 rc 0 avail_GiB 27.1 own_GiB 3.11 psi 0.0
[  4725s] started OVN_NEW_s42|scaled|rule|raw|UAFE|slip_x1.5 seed 8 pid 2223908 avail_GiB 27.1 own_GiB 3.12 psi 0.0
[  4761s] finished OVN_NEW_s42|scaled|rule|raw|UAFE|slip_x1.5 seed 5 rc 0 avail_GiB 27.1 own_GiB 3.10 psi 0.0
[  4763s] started OVN_NEW_s42|scaled|rule|raw|UAFE|slip_x1.5 seed 9 pid 2223987 avail_GiB 27.1 own_GiB 3.12 psi 0.0
[  4781s] finished OVN_NEW_s42|scaled|rule|raw|UAFE|slip_x1.5 seed 6 rc 0 avail_GiB 27.1 own_GiB 3.08 psi 0.0
[  4783s] started OVN_NEW_s42|scaled|rule|raw|UAFE|slip_x1.5 seed 10 pid 2224017 avail_GiB 27.1 own_GiB 3.10 psi 0.0
[  4824s] finished OVN_NEW_s42|scaled|rule|raw|UAFE|slip_x1.5 seed 7 rc 0 avail_GiB 27.0 own_GiB 3.08 psi 0.0
[  4826s] started OVN_NEW_s42|scaled|rule|raw|UAFE|slip_x1.5 seed 11 pid 2224109 avail_GiB 27.1 own_GiB 3.10 psi 0.0
[  4926s] finished OVN_NEW_s42|scaled|rule|raw|UAFE|slip_x1.5 seed 8 rc 0 avail_GiB 26.9 own_GiB 3.11 psi 0.0
[  4928s] started OVN_NEW_s42|scaled|rule|raw|UAFE|slip_x1.5 seed 12 pid 2224429 avail_GiB 26.9 own_GiB 3.12 psi 0.0
[  4969s] finished OVN_NEW_s42|scaled|rule|raw|UAFE|slip_x1.5 seed 9 rc 0 avail_GiB 26.8 own_GiB 3.10 psi 0.0
[  4971s] started OVN_NEW_s42|scaled|rule|raw|UAFE|slip_x1.5 seed 13 pid 2224471 avail_GiB 26.8 own_GiB 3.11 psi 0.0
[  4989s] finished OVN_NEW_s42|scaled|rule|raw|UAFE|slip_x1.5 seed 10 rc 0 avail_GiB 26.8 own_GiB 3.08 psi 0.0
[  4991s] started OVN_NEW_s42|scaled|rule|raw|UAFE|slip_x1.5 seed 14 pid 2224489 avail_GiB 26.8 own_GiB 3.10 psi 0.0
[  5027s] finished OVN_NEW_s42|scaled|rule|raw|UAFE|slip_x1.5 seed 11 rc 0 avail_GiB 26.7 own_GiB 3.08 psi 0.0
[  5030s] started OVN_NEW_s42|scaled|rule|raw|UAFE|slip_x1.5 seed 15 pid 2224570 avail_GiB 26.7 own_GiB 3.10 psi 0.0
[  5131s] finished OVN_NEW_s42|scaled|rule|raw|UAFE|slip_x1.5 seed 12 rc 0 avail_GiB 26.6 own_GiB 3.11 psi 0.0
[  5133s] started OVN_NEW_s42|scaled|rule|raw|UAFE|slip_x1.5 seed 16 pid 2224687 avail_GiB 26.6 own_GiB 3.12 psi 0.0
[  5169s] finished OVN_NEW_s42|scaled|rule|raw|UAFE|slip_x1.5 seed 13 rc 0 avail_GiB 26.4 own_GiB 3.10 psi 0.0
[  5171s] started OVN_NEW_s42|scaled|rule|raw|UAFE|slip_x1.5 seed 17 pid 2224729 avail_GiB 26.4 own_GiB 3.12 psi 0.0
[  5189s] finished OVN_NEW_s42|scaled|rule|raw|UAFE|slip_x1.5 seed 14 rc 0 avail_GiB 26.4 own_GiB 3.08 psi 0.0
[  5191s] started OVN_NEW_s42|scaled|rule|raw|UAFE|slip_x1.5 seed 18 pid 2224742 avail_GiB 26.5 own_GiB 3.10 psi 0.0
[  5226s] finished OVN_NEW_s42|scaled|rule|raw|UAFE|slip_x1.5 seed 15 rc 0 avail_GiB 26.4 own_GiB 3.08 psi 0.0
[  5228s] started OVN_NEW_s42|scaled|rule|raw|UAFE|slip_x1.5 seed 19 pid 2224770 avail_GiB 26.4 own_GiB 3.10 psi 0.0
[  5347s] finished OVN_NEW_s42|scaled|rule|raw|UAFE|slip_x1.5 seed 16 rc 0 avail_GiB 26.3 own_GiB 3.11 psi 0.0
[  5349s] started OVN_NEW_s42|scaled|rule|raw|UAFE|slip_x1.5 seed 20 pid 2224946 avail_GiB 26.3 own_GiB 3.12 psi 0.0
[  5391s] finished OVN_NEW_s42|scaled|rule|raw|UAFE|slip_x1.5 seed 17 rc 0 avail_GiB 26.3 own_GiB 3.10 psi 0.0
[  5394s] started OVN_NEW_s42|scaled|rule|raw|UAFE|slip_x1.5 seed 21 pid 2225023 avail_GiB 26.3 own_GiB 3.12 psi 0.0
[  5412s] finished OVN_NEW_s42|scaled|rule|raw|UAFE|slip_x1.5 seed 18 rc 0 avail_GiB 26.3 own_GiB 3.08 psi 0.0
[  5414s] started OVN_NEW_s42|scaled|rule|raw|UAFE|slip_x1.5 seed 22 pid 2225066 avail_GiB 26.3 own_GiB 3.10 psi 0.0
[  5456s] finished OVN_NEW_s42|scaled|rule|raw|UAFE|slip_x1.5 seed 19 rc 0 avail_GiB 26.2 own_GiB 3.08 psi 0.0
[  5459s] started OVN_NEW_s42|scaled|rule|raw|UAFE|slip_x1.5 seed 23 pid 2225096 avail_GiB 26.2 own_GiB 3.10 psi 0.0
[  5577s] finished OVN_NEW_s42|scaled|rule|raw|UAFE|slip_x1.5 seed 20 rc 0 avail_GiB 25.9 own_GiB 3.11 psi 0.0
[  5579s] started OVN_NEW_s42|scaled|rule|raw|UAFE|slip_x1.5 seed 24 pid 2225341 avail_GiB 26.0 own_GiB 3.12 psi 0.0
[  5627s] finished OVN_NEW_s42|scaled|rule|raw|UAFE|slip_x1.5 seed 21 rc 0 avail_GiB 26.0 own_GiB 3.10 psi 0.0
[  5630s] started OVN_NEW_s42|scaled|rule|raw|UAFE|slip_x1.5 seed 25 pid 2225423 avail_GiB 25.9 own_GiB 3.12 psi 0.0
[  5642s] finished OVN_NEW_s42|scaled|rule|raw|UAFE|slip_x1.5 seed 22 rc 0 avail_GiB 25.9 own_GiB 3.08 psi 0.0
[  5644s] started OVN_NEW_s42|scaled|rule|raw|UAFE|slip_x1.5 seed 26 pid 2225450 avail_GiB 25.9 own_GiB 3.10 psi 0.0
[  5686s] finished OVN_NEW_s42|scaled|rule|raw|UAFE|slip_x1.5 seed 23 rc 0 avail_GiB 25.9 own_GiB 3.08 psi 0.0
[  5688s] started OVN_NEW_s42|scaled|rule|raw|UAFE|slip_x1.5 seed 27 pid 2225499 avail_GiB 25.9 own_GiB 3.09 psi 0.0
[  5799s] finished OVN_NEW_s42|scaled|rule|raw|UAFE|slip_x1.5 seed 24 rc 0 avail_GiB 25.7 own_GiB 3.11 psi 0.0
[  5802s] started OVN_NEW_s42|scaled|rule|raw|UAFE|slip_x1.5 seed 28 pid 2225675 avail_GiB 25.7 own_GiB 3.12 psi 0.0
[  5833s] finished OVN_NEW_s42|scaled|rule|raw|UAFE|slip_x1.5 seed 25 rc 0 avail_GiB 25.6 own_GiB 3.09 psi 0.0
[  5835s] started OVN_NEW_s42|scaled|rule|raw|UAFE|slip_x1.5 seed 29 pid 2225695 avail_GiB 25.6 own_GiB 3.11 psi 0.0
[  5865s] finished OVN_NEW_s42|scaled|rule|raw|UAFE|slip_x1.5 seed 26 rc 0 avail_GiB 25.6 own_GiB 3.09 psi 0.0
[  5867s] started OVN_NEW_s42|scaled|rule|raw|UAFE|slip_x1.5 seed 30 pid 2225768 avail_GiB 25.6 own_GiB 3.10 psi 0.0
[  5915s] finished OVN_NEW_s42|scaled|rule|raw|UAFE|slip_x1.5 seed 27 rc 0 avail_GiB 25.7 own_GiB 3.09 psi 0.0
[  5918s] started OVN_NEW_s42|scaled|rule|raw|UAFE|slip_x1.5 seed 31 pid 2225836 avail_GiB 25.7 own_GiB 3.10 psi 0.0
[  6017s] finished OVN_NEW_s42|scaled|rule|raw|UAFE|slip_x1.5 seed 28 rc 0 avail_GiB 25.3 own_GiB 3.11 psi 0.0
[  6019s] started OVN_NEW_s42|scaled|rule|raw|UAFE|fill_x0.9 seed 0 pid 2226036 avail_GiB 25.2 own_GiB 3.12 psi 0.0
[  6025s] finished OVN_NEW_s42|scaled|rule|raw|UAFE|slip_x1.5 seed 29 rc 0 avail_GiB 25.3 own_GiB 3.09 psi 0.0
[  6026s] started OVN_NEW_s42|scaled|rule|raw|UAFE|fill_x0.9 seed 1 pid 2226042 avail_GiB 25.3 own_GiB 3.10 psi 0.0
[  6067s] finished OVN_NEW_s42|scaled|rule|raw|UAFE|slip_x1.5 seed 30 rc 0 avail_GiB 25.4 own_GiB 3.09 psi 0.0
[  6068s] started OVN_NEW_s42|scaled|rule|raw|UAFE|fill_x0.9 seed 2 pid 2226089 avail_GiB 25.3 own_GiB 3.10 psi 0.0
[  6105s] aggregated OVN_NEW_s42|scaled|rule|raw|UAFE|slip_x1.5
[  6105s] finished OVN_NEW_s42|scaled|rule|raw|UAFE|slip_x1.5 seed 31 rc 0 avail_GiB 25.3 own_GiB 3.10 psi 0.0
[  6107s] started OVN_NEW_s42|scaled|rule|raw|UAFE|fill_x0.9 seed 3 pid 2226158 avail_GiB 25.3 own_GiB 3.12 psi 0.0
[  6202s] finished OVN_NEW_s42|scaled|rule|raw|UAFE|fill_x0.9 seed 0 rc 0 avail_GiB 25.1 own_GiB 3.12 psi 0.0
[  6204s] started OVN_NEW_s42|scaled|rule|raw|UAFE|fill_x0.9 seed 4 pid 2226261 avail_GiB 25.1 own_GiB 3.13 psi 0.0
[  6234s] finished OVN_NEW_s42|scaled|rule|raw|UAFE|fill_x0.9 seed 1 rc 0 avail_GiB 25.0 own_GiB 3.11 psi 0.0
[  6237s] started OVN_NEW_s42|scaled|rule|raw|UAFE|fill_x0.9 seed 5 pid 2226336 avail_GiB 25.0 own_GiB 3.12 psi 0.0
[  6283s] finished OVN_NEW_s42|scaled|rule|raw|UAFE|fill_x0.9 seed 2 rc 0 avail_GiB 25.1 own_GiB 3.09 psi 0.0
[  6286s] started OVN_NEW_s42|scaled|rule|raw|UAFE|fill_x0.9 seed 6 pid 2226403 avail_GiB 25.0 own_GiB 3.11 psi 0.0
[  6324s] finished OVN_NEW_s42|scaled|rule|raw|UAFE|fill_x0.9 seed 3 rc 0 avail_GiB 24.9 own_GiB 3.09 psi 0.0
[  6327s] started OVN_NEW_s42|scaled|rule|raw|UAFE|fill_x0.9 seed 7 pid 2226445 avail_GiB 24.9 own_GiB 3.11 psi 0.0
[  6410s] finished OVN_NEW_s42|scaled|rule|raw|UAFE|fill_x0.9 seed 4 rc 0 avail_GiB 24.9 own_GiB 3.11 psi 0.0
[  6412s] started OVN_NEW_s42|scaled|rule|raw|UAFE|fill_x0.9 seed 8 pid 2226582 avail_GiB 24.9 own_GiB 3.12 psi 0.0
[  6430s] finished OVN_NEW_s42|scaled|rule|raw|UAFE|fill_x0.9 seed 5 rc 0 avail_GiB 24.9 own_GiB 3.09 psi 0.0
[  6432s] started OVN_NEW_s42|scaled|rule|raw|UAFE|fill_x0.9 seed 9 pid 2226597 avail_GiB 24.9 own_GiB 3.11 psi 0.0
[  6467s] finished OVN_NEW_s42|scaled|rule|raw|UAFE|fill_x0.9 seed 6 rc 0 avail_GiB 24.9 own_GiB 3.09 psi 0.0
[  6469s] started OVN_NEW_s42|scaled|rule|raw|UAFE|fill_x0.9 seed 10 pid 2226646 avail_GiB 24.9 own_GiB 3.10 psi 0.0
[  6517s] finished OVN_NEW_s42|scaled|rule|raw|UAFE|fill_x0.9 seed 7 rc 0 avail_GiB 24.8 own_GiB 3.09 psi 0.0
[  6520s] started OVN_NEW_s42|scaled|rule|raw|UAFE|fill_x0.9 seed 11 pid 2226730 avail_GiB 24.8 own_GiB 3.10 psi 0.0
[  6610s] finished OVN_NEW_s42|scaled|rule|raw|UAFE|fill_x0.9 seed 8 rc 0 avail_GiB 24.6 own_GiB 3.11 psi 0.0
[  6613s] started OVN_NEW_s42|scaled|rule|raw|UAFE|fill_x0.9 seed 12 pid 2226887 avail_GiB 24.6 own_GiB 3.12 psi 0.0
[  6624s] finished OVN_NEW_s42|scaled|rule|raw|UAFE|fill_x0.9 seed 9 rc 0 avail_GiB 24.6 own_GiB 3.09 psi 0.0
[  6626s] started OVN_NEW_s42|scaled|rule|raw|UAFE|fill_x0.9 seed 13 pid 2226958 avail_GiB 24.7 own_GiB 3.10 psi 0.0
[  6661s] finished OVN_NEW_s42|scaled|rule|raw|UAFE|fill_x0.9 seed 10 rc 0 avail_GiB 24.6 own_GiB 3.08 psi 0.0
[  6664s] started OVN_NEW_s42|scaled|rule|raw|UAFE|fill_x0.9 seed 14 pid 2227025 avail_GiB 24.6 own_GiB 3.10 psi 0.0
[  6737s] finished OVN_NEW_s42|scaled|rule|raw|UAFE|fill_x0.9 seed 11 rc 0 avail_GiB 21.4 own_GiB 3.10 psi 0.0
[  6800s] finished OVN_NEW_s42|scaled|rule|raw|UAFE|fill_x0.9 seed 12 rc 0 avail_GiB 18.1 own_GiB 3.07 psi 0.0
[  6811s] finished OVN_NEW_s42|scaled|rule|raw|UAFE|fill_x0.9 seed 13 rc 0 avail_GiB 17.2 own_GiB 3.01 psi 0.0
[  6826s] finished OVN_NEW_s42|scaled|rule|raw|UAFE|fill_x0.9 seed 14 rc 0 avail_GiB 17.6 own_GiB 2.96 psi 0.0
[  6826s] memory: available 17.6 GiB < 22.0 and nothing running — polling every 60 s
[  6886s] memory: available 22.0 GiB < 22.0 and nothing running — polling every 60 s
[  6946s] memory: available 21.8 GiB < 22.0 and nothing running — polling every 60 s
[  7006s] memory: available 21.9 GiB < 22.0 and nothing running — polling every 60 s
[  7066s] memory: available 21.9 GiB < 22.0 and nothing running — polling every 60 s
[  7126s] memory: available 21.8 GiB < 22.0 and nothing running — polling every 60 s
[  7186s] memory: available 21.5 GiB < 22.0 and nothing running — polling every 60 s
[  7246s] memory: available 21.2 GiB < 22.0 and nothing running — polling every 60 s
[  7306s] memory: available 21.2 GiB < 22.0 and nothing running — polling every 60 s
[  7366s] memory: available 21.7 GiB < 22.0 and nothing running — polling every 60 s
[  7426s] memory: available 21.9 GiB < 22.0 and nothing running — polling every 60 s
[  7486s] memory: available 21.6 GiB < 22.0 and nothing running — polling every 60 s
[  7546s] memory: available 21.6 GiB < 22.0 and nothing running — polling every 60 s
