[     0s] CHECK config.not_a_template_and_nothing_pending OK {"status": "FROZEN before any number of the OLD-vs-NEW comparison (OVN Stage 1); a re-run of the certified config with only labels and the output root changed", "pending": []}
[     0s] CHECK pin.prereg OK {"path": "/workspace/baseline_tables_2026-09-19/pins/PREREG_baseline_tables_certified_2026-09-19.md", "got": "d9fe45e3191f56e5", "want": "d9fe45e3191f56e5"}
[     0s] CHECK pin.prereg_amendment_1 OK {"path": "/workspace/baseline_tables_2026-09-19/pins/AMENDMENT_1_baseline_tables_certified_2026-09-19.md", "got": "766bc367743d8542", "want": "766bc367743d8542"}
[     0s] CHECK pin.exec_sim OK {"path": "/workspace/baseline_tables_2026-09-19/devices/exec_copy/exec_sim.py", "got": "29679672e68d4842", "want": "29679672e68d4842"}
[     0s] CHECK pin.simlib OK {"path": "/workspace/baseline_tables_2026-09-19/devices/exec_copy/simlib.py", "got": "55246fe98da2d57a", "want": "55246fe98da2d57a"}
[     0s] CHECK pin.v1b_gate OK {"path": "/workspace/baseline_tables_2026-09-19/devices/exec_copy/v1b_gate.py", "got": "4a725921a470f4c1", "want": "4a725921a470f4c1"}
[     0s] CHECK pin.v1_gate OK {"path": "/workspace/baseline_tables_2026-09-19/devices/exec_copy/v1_gate.py", "got": "c97d9b3d49212b49", "want": "c97d9b3d49212b49"}
[     0s] CHECK pin.calibration OK {"path": "/workspace/baseline_tables_2026-09-19/devices/exec_copy/CALIBRATION_v3_POOLED_20260826_20260910.json", "got": "fda342431d39703e", "want": "fda342431d39703e"}
[     0s] CHECK pin.input_manifest OK {"path": "/workspace/baseline_tables_2026-09-19/devices/exec_copy/INPUT_MANIFEST.json", "got": "59875e5a69db415f", "want": "59875e5a69db415f"}
[     0s] CHECK pin.p2_s2_lib OK {"path": "/workspace/uplift_r2_2026-09-13/P2/devices/p2_s2_lib.py", "got": "c53f5c495036727f", "want": "c53f5c495036727f"}
[    17s] CHECK pin.price_full_raw OK {"path": "/workspace/baseline_tables_2026-09-19/work/price_full_raw_x0918r.npy", "got": "23af32bd97c267d1", "want": "23af32bd97c267d1"}
[    17s] CHECK pin.price_full_meta OK {"path": "/workspace/baseline_tables_2026-09-19/work/price_full_raw_x0918r_meta.npz", "got": "d1e49cc9f0a7ddc4", "want": "d1e49cc9f0a7ddc4"}
[    17s] CHECK pin.price_receipt OK {"path": "/workspace/baseline_tables_2026-09-19/receipts/BT_PRICES_FULL_X0918R.json", "got": "130592b122831e03", "want": "130592b122831e03"}
[    21s] CHECK pin.price_source_table_x0918r OK {"path": "/workspace/raw_price_fix_2026-09-19/ext_x0918r/work/price_logtable_raw_x0918r.npy", "got": "9249b0da4a4c5789", "want": "9249b0da4a4c5789"}
[    21s] CHECK pin.price_source_meta_x0918r OK {"path": "/workspace/raw_price_fix_2026-09-19/ext_x0918r/work/price_meta_raw_x0918r.npz", "got": "da136830cee7e1a2", "want": "da136830cee7e1a2"}
[    21s] CHECK pin.ledger_full OK {"path": "/workspace/baseline_tables_2026-09-19/funding/ledger_spliced_p2_to_20260901T0200_streamD_after.npz", "got": "073088e503c026d6", "want": "073088e503c026d6"}
[    21s] CHECK pin.funding_overlap_proof OK {"path": "/workspace/baseline_tables_2026-09-19/funding/BT_FUNDING_OVERLAP.json", "got": "0ee6d99bfa2acfb9", "want": "0ee6d99bfa2acfb9"}
[    22s] CHECK pin.funding_source_p2 OK {"path": "/workspace/uplift_r2_2026-09-13/P2/work/ledger_full.npz", "got": "bea6f5752772d54e", "want": "bea6f5752772d54e"}
[    22s] CHECK pin.funding_source_stream_d OK {"path": "/workspace/axis_0919/funding/funding_ledger.npz", "got": "74b69e635efbf355", "want": "74b69e635efbf355"}
[    22s] CHECK pin.funding_4h_accounting_stream_d OK {"path": "/workspace/axis_0919/funding/funding_4h_accounting.npz", "got": "2838e5f6cf42fff5", "want": "2838e5f6cf42fff5"}
[    22s] CHECK pin.tradability OK {"path": "/workspace/axis_0919/x0918r/trd/tradability_v1.npz", "got": "bebf69ab9ddb3b05", "want": "bebf69ab9ddb3b05"}
[    22s] CHECK pin.universe OK {"path": "/workspace/uplift_r2_2026-09-13/P2/work/universe.npz", "got": "6322b57366078ed0", "want": "6322b57366078ed0"}
[    22s] CHECK pin.g0_labels OK {"path": "/workspace/baseline_tables_2026-09-19/g0x/g0_labels_x0918.npz", "got": "c3832939e1b01333", "want": "c3832939e1b01333"}
[    22s] CHECK pin.g0_receipt OK {"path": "/workspace/baseline_tables_2026-09-19/g0x/RECEIPT_bt_g0_extend.json", "got": "8afd680472ef21be", "want": "8afd680472ef21be"}
[    22s] CHECK price_receipt.PASS_and_outputs OK {"price_kinds": ["raw"]}
[    23s] CHECK pin.executor_tree_409ea16_vs_manifest OK {"n": 332, "bad": []}
[    23s] CHECK exec_sim.version_v3.1 OK "v3.1"
[    23s] CHECK runs.selected OK {"runs": ["OBJB_A0|scaled|rule|raw|UAFE", "OBJB_A0|lit|rule|raw|UAFE", "OBJB_A0|scaled|rule|raw|UAFE|fee_x1.25", "OBJB_A0|scaled|rule|raw|UAFE|slip_x1.5", "OBJB_A0|scaled|rule|raw|UAFE|fill_x0.9"], "seeds": [0, 1, 2, 3, 4, 5, 6, 7, 8, 9, 10
[    23s] CHECK window.n_anchors OK 9139
[    23s] CHECK axis.symbols OK 
[    23s] CHECK prices.grid_covers_window OK {"grid0": 1656532800, "n": 444145}
[    23s] CHECK ua_sets.counts_of_the_sets_the_runs_use OK {"UNAVAILABLE_3084": 3084}
[    34s] prices raw (444145, 829)
[    34s] CHECK run.OBJB_A0|scaled|rule|raw|UAFE.policy_named OK 
[    34s] CHECK run.OBJB_A0|scaled|rule|raw|UAFE.ua_cells_already_at_last_available_price OK {"cells_that_would_change": 0}
[    34s] CHECK run.OBJB_A0|lit|rule|raw|UAFE.policy_named OK 
[    34s] CHECK run.OBJB_A0|lit|rule|raw|UAFE.ua_cells_already_at_last_available_price OK {"cells_that_would_change": 0}
[    34s] CHECK run.OBJB_A0|scaled|rule|raw|UAFE|fee_x1.25.policy_named OK 
[    34s] CHECK run.OBJB_A0|scaled|rule|raw|UAFE|fee_x1.25.ua_cells_already_at_last_available_price OK {"cells_that_would_change": 0}
[    34s] CHECK run.OBJB_A0|scaled|rule|raw|UAFE|slip_x1.5.policy_named OK 
[    34s] CHECK run.OBJB_A0|scaled|rule|raw|UAFE|slip_x1.5.ua_cells_already_at_last_available_price OK {"cells_that_would_change": 0}
[    34s] CHECK run.OBJB_A0|scaled|rule|raw|UAFE|fill_x0.9.policy_named OK 
[    34s] CHECK run.OBJB_A0|scaled|rule|raw|UAFE|fill_x0.9.ua_cells_already_at_last_available_price OK {"cells_that_would_change": 0}
[    35s] funding rows 2386274
[    35s] CHECK axis.tradability_symbols OK 
[    35s] CHECK tradability.covers_window OK 
[    35s] CHECK calibration.v3_pooled_frozen OK 
[    35s] CHECK calibration.decision_offset_N+24 OK 1440
[    35s] CHECK executor.pns_wide OK 
[    35s] CHECK executor.gross_mult_config OK {"gm": 2.0, "onu": "hold"}
[    37s] CHECK objb_targets.OBJB_A0|scaled|rule|raw|UAFE.loaded OK {"window_anchors": 9139, "combo": 6702, "king": 2437, "hold": 0, "written_rows_without_weights": 0}
[    38s] CHECK objb_targets.OBJB_A0|lit|rule|raw|UAFE.loaded OK {"window_anchors": 9139, "combo": 2356, "king": 6783, "hold": 0, "written_rows_without_weights": 0}
[    39s] CHECK objb_targets.OBJB_A0|scaled|rule|raw|UAFE|fee_x1.25.loaded OK {"window_anchors": 9139, "combo": 6702, "king": 2437, "hold": 0, "written_rows_without_weights": 0}
[    39s] CHECK objb_targets.OBJB_A0|scaled|rule|raw|UAFE|slip_x1.5.loaded OK {"window_anchors": 9139, "combo": 6702, "king": 2437, "hold": 0, "written_rows_without_weights": 0}
[    41s] CHECK objb_targets.OBJB_A0|scaled|rule|raw|UAFE|fill_x0.9.loaded OK {"window_anchors": 9139, "combo": 6702, "king": 2437, "hold": 0, "written_rows_without_weights": 0}
[    42s] resume: existing 128 to run 32
[    43s] aggregated OBJB_A0|scaled|rule|raw|UAFE|slip_x1.5
[    43s] started OBJB_A0|scaled|rule|raw|UAFE|fill_x0.9 seed 0 pid 2231600 avail_GiB 26.6 own_GiB 3.07 psi 8.5
[    44s] started OBJB_A0|scaled|rule|raw|UAFE|fill_x0.9 seed 1 pid 2231605 avail_GiB 26.6 own_GiB 3.10 psi 8.5
[    44s] started OBJB_A0|scaled|rule|raw|UAFE|fill_x0.9 seed 2 pid 2231606 avail_GiB 26.5 own_GiB 3.13 psi 8.5
[    45s] started OBJB_A0|scaled|rule|raw|UAFE|fill_x0.9 seed 3 pid 2231607 avail_GiB 26.5 own_GiB 3.16 psi 8.5
[   196s] finished OBJB_A0|scaled|rule|raw|UAFE|fill_x0.9 seed 1 rc 0 avail_GiB 29.7 own_GiB 3.17 psi 1.6
[   197s] started OBJB_A0|scaled|rule|raw|UAFE|fill_x0.9 seed 4 pid 2232118 avail_GiB 29.7 own_GiB 3.18 psi 1.6
[   197s] finished OBJB_A0|scaled|rule|raw|UAFE|fill_x0.9 seed 2 rc 0 avail_GiB 29.7 own_GiB 3.20 psi 1.6
[   198s] started OBJB_A0|scaled|rule|raw|UAFE|fill_x0.9 seed 5 pid 2232119 avail_GiB 29.7 own_GiB 3.21 psi 1.7
[   226s] finished OBJB_A0|scaled|rule|raw|UAFE|fill_x0.9 seed 3 rc 0 avail_GiB 29.1 own_GiB 3.19 psi 3.6
[   227s] started OBJB_A0|scaled|rule|raw|UAFE|fill_x0.9 seed 6 pid 2232459 avail_GiB 29.1 own_GiB 3.21 psi 3.6
[   244s] finished OBJB_A0|scaled|rule|raw|UAFE|fill_x0.9 seed 0 rc 0 avail_GiB 29.2 own_GiB 3.17 psi 1.9
[   246s] started OBJB_A0|scaled|rule|raw|UAFE|fill_x0.9 seed 7 pid 2232645 avail_GiB 28.8 own_GiB 3.19 psi 1.6
[   357s] finished OBJB_A0|scaled|rule|raw|UAFE|fill_x0.9 seed 5 rc 0 avail_GiB 26.3 own_GiB 3.22 psi 1.2
[   358s] started OBJB_A0|scaled|rule|raw|UAFE|fill_x0.9 seed 8 pid 2233003 avail_GiB 26.3 own_GiB 3.24 psi 1.3
[   380s] finished OBJB_A0|scaled|rule|raw|UAFE|fill_x0.9 seed 4 rc 0 avail_GiB 26.2 own_GiB 3.21 psi 1.7
[   381s] started OBJB_A0|scaled|rule|raw|UAFE|fill_x0.9 seed 9 pid 2233099 avail_GiB 26.2 own_GiB 3.22 psi 1.7
[   392s] finished OBJB_A0|scaled|rule|raw|UAFE|fill_x0.9 seed 6 rc 0 avail_GiB 26.2 own_GiB 3.18 psi 0.5
[   393s] started OBJB_A0|scaled|rule|raw|UAFE|fill_x0.9 seed 10 pid 2233185 avail_GiB 26.2 own_GiB 3.20 psi 0.4
[   422s] finished OBJB_A0|scaled|rule|raw|UAFE|fill_x0.9 seed 7 rc 0 avail_GiB 26.1 own_GiB 3.17 psi 0.0
[   423s] started OBJB_A0|scaled|rule|raw|UAFE|fill_x0.9 seed 11 pid 2233276 avail_GiB 26.1 own_GiB 3.19 psi 0.0
[   534s] finished OBJB_A0|scaled|rule|raw|UAFE|fill_x0.9 seed 8 rc 0 avail_GiB 29.2 own_GiB 3.22 psi 0.0
[   536s] started OBJB_A0|scaled|rule|raw|UAFE|fill_x0.9 seed 12 pid 2233667 avail_GiB 29.1 own_GiB 3.24 psi 0.0
[   559s] finished OBJB_A0|scaled|rule|raw|UAFE|fill_x0.9 seed 9 rc 0 avail_GiB 29.1 own_GiB 3.15 psi 0.0
[   560s] started OBJB_A0|scaled|rule|raw|UAFE|fill_x0.9 seed 13 pid 2233757 avail_GiB 29.1 own_GiB 3.17 psi 0.0
[   560s] finished OBJB_A0|scaled|rule|raw|UAFE|fill_x0.9 seed 10 rc 0 avail_GiB 29.1 own_GiB 3.18 psi 0.0
[   562s] started OBJB_A0|scaled|rule|raw|UAFE|fill_x0.9 seed 14 pid 2233770 avail_GiB 29.1 own_GiB 3.20 psi 0.0
[   584s] finished OBJB_A0|scaled|rule|raw|UAFE|fill_x0.9 seed 11 rc 0 avail_GiB 29.1 own_GiB 3.17 psi 0.0
[   585s] started OBJB_A0|scaled|rule|raw|UAFE|fill_x0.9 seed 15 pid 2233897 avail_GiB 29.2 own_GiB 3.19 psi 0.0
[   676s] finished OBJB_A0|scaled|rule|raw|UAFE|fill_x0.9 seed 12 rc 0 avail_GiB 32.1 own_GiB 3.22 psi 0.0
[   677s] started OBJB_A0|scaled|rule|raw|UAFE|fill_x0.9 seed 16 pid 2234272 avail_GiB 32.1 own_GiB 3.24 psi 0.0
[   688s] finished OBJB_A0|scaled|rule|raw|UAFE|fill_x0.9 seed 14 rc 0 avail_GiB 31.3 own_GiB 3.20 psi 0.0
[   689s] started OBJB_A0|scaled|rule|raw|UAFE|fill_x0.9 seed 17 pid 2234374 avail_GiB 31.1 own_GiB 3.22 psi 0.0
[   710s] finished OBJB_A0|scaled|rule|raw|UAFE|fill_x0.9 seed 13 rc 0 avail_GiB 32.0 own_GiB 3.20 psi 0.0
[   711s] started OBJB_A0|scaled|rule|raw|UAFE|fill_x0.9 seed 18 pid 2234447 avail_GiB 32.0 own_GiB 3.21 psi 0.0
[   722s] finished OBJB_A0|scaled|rule|raw|UAFE|fill_x0.9 seed 15 rc 0 avail_GiB 32.1 own_GiB 3.18 psi 0.0
[   723s] started OBJB_A0|scaled|rule|raw|UAFE|fill_x0.9 seed 19 pid 2234452 avail_GiB 32.1 own_GiB 3.19 psi 0.0
[   797s] finished OBJB_A0|scaled|rule|raw|UAFE|fill_x0.9 seed 16 rc 0 avail_GiB 32.0 own_GiB 3.22 psi 0.0
[   798s] started OBJB_A0|scaled|rule|raw|UAFE|fill_x0.9 seed 20 pid 2234677 avail_GiB 32.0 own_GiB 3.24 psi 0.0
[   803s] finished OBJB_A0|scaled|rule|raw|UAFE|fill_x0.9 seed 17 rc 0 avail_GiB 31.9 own_GiB 3.20 psi 0.0
[   804s] started OBJB_A0|scaled|rule|raw|UAFE|fill_x0.9 seed 21 pid 2234685 avail_GiB 31.9 own_GiB 3.21 psi 0.0
[   831s] finished OBJB_A0|scaled|rule|raw|UAFE|fill_x0.9 seed 18 rc 0 avail_GiB 31.9 own_GiB 3.20 psi 0.0
[   831s] started OBJB_A0|scaled|rule|raw|UAFE|fill_x0.9 seed 22 pid 2234745 avail_GiB 31.8 own_GiB 3.21 psi 0.0
[   842s] finished OBJB_A0|scaled|rule|raw|UAFE|fill_x0.9 seed 19 rc 0 avail_GiB 31.8 own_GiB 3.18 psi 0.0
[   843s] started OBJB_A0|scaled|rule|raw|UAFE|fill_x0.9 seed 23 pid 2234750 avail_GiB 31.8 own_GiB 3.20 psi 0.0
[   917s] finished OBJB_A0|scaled|rule|raw|UAFE|fill_x0.9 seed 20 rc 0 avail_GiB 31.7 own_GiB 3.22 psi 0.0
[   917s] started OBJB_A0|scaled|rule|raw|UAFE|fill_x0.9 seed 24 pid 2234943 avail_GiB 31.7 own_GiB 3.24 psi 0.0
[   923s] finished OBJB_A0|scaled|rule|raw|UAFE|fill_x0.9 seed 21 rc 0 avail_GiB 31.7 own_GiB 3.20 psi 0.0
[   924s] started OBJB_A0|scaled|rule|raw|UAFE|fill_x0.9 seed 25 pid 2234950 avail_GiB 31.7 own_GiB 3.22 psi 0.0
[   950s] finished OBJB_A0|scaled|rule|raw|UAFE|fill_x0.9 seed 22 rc 0 avail_GiB 31.7 own_GiB 3.20 psi 0.0
[   951s] started OBJB_A0|scaled|rule|raw|UAFE|fill_x0.9 seed 26 pid 2235062 avail_GiB 31.7 own_GiB 3.21 psi 0.0
[   962s] finished OBJB_A0|scaled|rule|raw|UAFE|fill_x0.9 seed 23 rc 0 avail_GiB 31.6 own_GiB 3.18 psi 0.0
[   962s] started OBJB_A0|scaled|rule|raw|UAFE|fill_x0.9 seed 27 pid 2235104 avail_GiB 31.6 own_GiB 3.19 psi 0.0
[  1047s] finished OBJB_A0|scaled|rule|raw|UAFE|fill_x0.9 seed 24 rc 0 avail_GiB 31.6 own_GiB 3.17 psi 0.0
[  1048s] started OBJB_A0|scaled|rule|raw|UAFE|fill_x0.9 seed 28 pid 2235305 avail_GiB 31.6 own_GiB 3.18 psi 0.0
[  1048s] finished OBJB_A0|scaled|rule|raw|UAFE|fill_x0.9 seed 25 rc 0 avail_GiB 31.5 own_GiB 3.20 psi 0.0
[  1049s] started OBJB_A0|scaled|rule|raw|UAFE|fill_x0.9 seed 29 pid 2235306 avail_GiB 31.5 own_GiB 3.21 psi 0.0
[  1070s] finished OBJB_A0|scaled|rule|raw|UAFE|fill_x0.9 seed 26 rc 0 avail_GiB 31.4 own_GiB 3.19 psi 0.0
[  1071s] started OBJB_A0|scaled|rule|raw|UAFE|fill_x0.9 seed 30 pid 2235357 avail_GiB 31.4 own_GiB 3.21 psi 0.0
[  1087s] finished OBJB_A0|scaled|rule|raw|UAFE|fill_x0.9 seed 27 rc 0 avail_GiB 31.4 own_GiB 3.18 psi 0.0
[  1088s] started OBJB_A0|scaled|rule|raw|UAFE|fill_x0.9 seed 31 pid 2235375 avail_GiB 31.4 own_GiB 3.20 psi 0.0
[  1162s] finished OBJB_A0|scaled|rule|raw|UAFE|fill_x0.9 seed 28 rc 0 avail_GiB 34.6 own_GiB 3.17 psi 0.0
[  1162s] finished OBJB_A0|scaled|rule|raw|UAFE|fill_x0.9 seed 29 rc 0 avail_GiB 34.6 own_GiB 3.17 psi 0.0
[  1198s] finished OBJB_A0|scaled|rule|raw|UAFE|fill_x0.9 seed 31 rc 0 avail_GiB 28.1 own_GiB 3.12 psi 0.0
[  1204s] aggregated OBJB_A0|scaled|rule|raw|UAFE|fill_x0.9
[  1204s] finished OBJB_A0|scaled|rule|raw|UAFE|fill_x0.9 seed 30 rc 0 avail_GiB 27.1 own_GiB 3.06 psi 1.9
[  1204s] CHECK runs.all_rc0 OK {"OBJB_A0|scaled|rule|raw|UAFE": {"0": 0, "1": 0, "2": 0, "3": 0, "4": 0, "5": 0, "6": 0, "7": 0, "8": 0, "9": 0, "10": 0, "11": 0, "12": 0, "13": 0, "14": 0, "15": 0, "16": 0, "17": 0, "18": 0, "19": 0, "20": 0, "21": 0, "22": 0, "23": 0, 
[  1204s] CHECK runs.audits_clean OK 
BT_LAUNCH VERDICT=PASS label=full_ovn_old_r2 runs=5 seeds=32 receipt_sha256=4ad76063fa359d1b9795d3c76a7f9f4c6ada579163361fa3425e8676d4df565d
EXIT 0
