[     0s] CHECK config.not_a_template_and_nothing_pending OK {"status": "FROZEN before any number of the OLD-vs-NEW comparison (OVN Stage 1); arm NEW_s2027; settings byte-identical to RUN_CONFIG_OVN_OLD", "pending": []}
[     0s] CHECK pin.prereg OK {"path": "/workspace/baseline_tables_2026-09-19/pins/PREREG_baseline_tables_certified_2026-09-19.md", "got": "d9fe45e3191f56e5", "want": "d9fe45e3191f56e5"}
[     0s] CHECK pin.prereg_amendment_1 OK {"path": "/workspace/baseline_tables_2026-09-19/pins/AMENDMENT_1_baseline_tables_certified_2026-09-19.md", "got": "766bc367743d8542", "want": "766bc367743d8542"}
[     0s] CHECK pin.exec_sim OK {"path": "/workspace/baseline_tables_2026-09-19/devices/exec_copy/exec_sim.py", "got": "29679672e68d4842", "want": "29679672e68d4842"}
[     0s] CHECK pin.simlib OK {"path": "/workspace/baseline_tables_2026-09-19/devices/exec_copy/simlib.py", "got": "55246fe98da2d57a", "want": "55246fe98da2d57a"}
[     0s] CHECK pin.v1b_gate OK {"path": "/workspace/baseline_tables_2026-09-19/devices/exec_copy/v1b_gate.py", "got": "4a725921a470f4c1", "want": "4a725921a470f4c1"}
[     0s] CHECK pin.v1_gate OK {"path": "/workspace/baseline_tables_2026-09-19/devices/exec_copy/v1_gate.py", "got": "c97d9b3d49212b49", "want": "c97d9b3d49212b49"}
[     0s] CHECK pin.calibration OK {"path": "/workspace/baseline_tables_2026-09-19/devices/exec_copy/CALIBRATION_v3_POOLED_20260826_20260910.json", "got": "fda342431d39703e", "want": "fda342431d39703e"}
[     0s] CHECK pin.input_manifest OK {"path": "/workspace/baseline_tables_2026-09-19/devices/exec_copy/INPUT_MANIFEST.json", "got": "59875e5a69db415f", "want": "59875e5a69db415f"}
[     0s] CHECK pin.p2_s2_lib OK {"path": "/workspace/uplift_r2_2026-09-13/P2/devices/p2_s2_lib.py", "got": "c53f5c495036727f", "want": "c53f5c495036727f"}
[    19s] CHECK pin.price_full_raw OK {"path": "/workspace/baseline_tables_2026-09-19/work/price_full_raw_x0918r.npy", "got": "23af32bd97c267d1", "want": "23af32bd97c267d1"}
[    19s] CHECK pin.price_full_meta OK {"path": "/workspace/baseline_tables_2026-09-19/work/price_full_raw_x0918r_meta.npz", "got": "d1e49cc9f0a7ddc4", "want": "d1e49cc9f0a7ddc4"}
[    19s] CHECK pin.price_receipt OK {"path": "/workspace/baseline_tables_2026-09-19/receipts/BT_PRICES_FULL_X0918R.json", "got": "130592b122831e03", "want": "130592b122831e03"}
[    23s] CHECK pin.price_source_table_x0918r OK {"path": "/workspace/raw_price_fix_2026-09-19/ext_x0918r/work/price_logtable_raw_x0918r.npy", "got": "9249b0da4a4c5789", "want": "9249b0da4a4c5789"}
[    23s] CHECK pin.price_source_meta_x0918r OK {"path": "/workspace/raw_price_fix_2026-09-19/ext_x0918r/work/price_meta_raw_x0918r.npz", "got": "da136830cee7e1a2", "want": "da136830cee7e1a2"}
[    23s] CHECK pin.ledger_full OK {"path": "/workspace/baseline_tables_2026-09-19/funding/ledger_spliced_p2_to_20260901T0200_streamD_after.npz", "got": "073088e503c026d6", "want": "073088e503c026d6"}
[    23s] CHECK pin.funding_overlap_proof OK {"path": "/workspace/baseline_tables_2026-09-19/funding/BT_FUNDING_OVERLAP.json", "got": "0ee6d99bfa2acfb9", "want": "0ee6d99bfa2acfb9"}
[    24s] CHECK pin.funding_source_p2 OK {"path": "/workspace/uplift_r2_2026-09-13/P2/work/ledger_full.npz", "got": "bea6f5752772d54e", "want": "bea6f5752772d54e"}
[    24s] CHECK pin.funding_source_stream_d OK {"path": "/workspace/axis_0919/funding/funding_ledger.npz", "got": "74b69e635efbf355", "want": "74b69e635efbf355"}
[    24s] CHECK pin.funding_4h_accounting_stream_d OK {"path": "/workspace/axis_0919/funding/funding_4h_accounting.npz", "got": "2838e5f6cf42fff5", "want": "2838e5f6cf42fff5"}
[    24s] CHECK pin.tradability OK {"path": "/workspace/axis_0919/x0918r/trd/tradability_v1.npz", "got": "bebf69ab9ddb3b05", "want": "bebf69ab9ddb3b05"}
[    24s] CHECK pin.universe OK {"path": "/workspace/uplift_r2_2026-09-13/P2/work/universe.npz", "got": "6322b57366078ed0", "want": "6322b57366078ed0"}
[    24s] CHECK pin.g0_labels OK {"path": "/workspace/baseline_tables_2026-09-19/g0x/g0_labels_x0918.npz", "got": "c3832939e1b01333", "want": "c3832939e1b01333"}
[    24s] CHECK pin.g0_receipt OK {"path": "/workspace/baseline_tables_2026-09-19/g0x/RECEIPT_bt_g0_extend.json", "got": "8afd680472ef21be", "want": "8afd680472ef21be"}
[    24s] CHECK price_receipt.PASS_and_outputs OK {"price_kinds": ["raw"]}
[    25s] CHECK pin.executor_tree_409ea16_vs_manifest OK {"n": 332, "bad": []}
[    25s] CHECK exec_sim.version_v3.1 OK "v3.1"
[    25s] CHECK runs.selected OK {"runs": ["OVN_NEW_s2027|scaled|rule|raw|UAFE", "OVN_NEW_s2027|lit|rule|raw|UAFE", "OVN_NEW_s2027|scaled|rule|raw|UAFE|fee_x1.25", "OVN_NEW_s2027|scaled|rule|raw|UAFE|slip_x1.5", "OVN_NEW_s2027|scaled|rule|raw|UAFE|fill_x0.9"], "seeds": [0,
[    25s] CHECK window.n_anchors OK 9139
[    25s] CHECK axis.symbols OK 
[    25s] CHECK prices.grid_covers_window OK {"grid0": 1656532800, "n": 444145}
[    25s] CHECK ua_sets.counts_of_the_sets_the_runs_use OK {"UNAVAILABLE_3084": 3084}
[    35s] prices raw (444145, 829)
[    35s] CHECK run.OVN_NEW_s2027|scaled|rule|raw|UAFE.policy_named OK 
[    35s] CHECK run.OVN_NEW_s2027|scaled|rule|raw|UAFE.ua_cells_already_at_last_available_price OK {"cells_that_would_change": 0}
[    35s] CHECK run.OVN_NEW_s2027|lit|rule|raw|UAFE.policy_named OK 
[    35s] CHECK run.OVN_NEW_s2027|lit|rule|raw|UAFE.ua_cells_already_at_last_available_price OK {"cells_that_would_change": 0}
[    35s] CHECK run.OVN_NEW_s2027|scaled|rule|raw|UAFE|fee_x1.25.policy_named OK 
[    35s] CHECK run.OVN_NEW_s2027|scaled|rule|raw|UAFE|fee_x1.25.ua_cells_already_at_last_available_price OK {"cells_that_would_change": 0}
[    35s] CHECK run.OVN_NEW_s2027|scaled|rule|raw|UAFE|slip_x1.5.policy_named OK 
[    35s] CHECK run.OVN_NEW_s2027|scaled|rule|raw|UAFE|slip_x1.5.ua_cells_already_at_last_available_price OK {"cells_that_would_change": 0}
[    35s] CHECK run.OVN_NEW_s2027|scaled|rule|raw|UAFE|fill_x0.9.policy_named OK 
[    35s] CHECK run.OVN_NEW_s2027|scaled|rule|raw|UAFE|fill_x0.9.ua_cells_already_at_last_available_price OK {"cells_that_would_change": 0}
[    36s] funding rows 2386274
[    36s] CHECK axis.tradability_symbols OK 
[    36s] CHECK tradability.covers_window OK 
[    36s] CHECK calibration.v3_pooled_frozen OK 
[    36s] CHECK calibration.decision_offset_N+24 OK 1440
[    37s] CHECK executor.pns_wide OK 
[    37s] CHECK executor.gross_mult_config OK {"gm": 2.0, "onu": "hold"}
[    38s] CHECK objb_targets.OVN_NEW_s2027|scaled|rule|raw|UAFE.loaded OK {"window_anchors": 9139, "combo": 6195, "king": 0, "hold": 2944, "written_rows_without_weights": 0}
[    38s] CHECK objb_targets.OVN_NEW_s2027|lit|rule|raw|UAFE.loaded OK {"window_anchors": 9139, "combo": 2929, "king": 0, "hold": 6210, "written_rows_without_weights": 0}
[    39s] CHECK objb_targets.OVN_NEW_s2027|scaled|rule|raw|UAFE|fee_x1.25.loaded OK {"window_anchors": 9139, "combo": 6195, "king": 0, "hold": 2944, "written_rows_without_weights": 0}
[    40s] CHECK objb_targets.OVN_NEW_s2027|scaled|rule|raw|UAFE|slip_x1.5.loaded OK {"window_anchors": 9139, "combo": 6195, "king": 0, "hold": 2944, "written_rows_without_weights": 0}
[    41s] CHECK objb_targets.OVN_NEW_s2027|scaled|rule|raw|UAFE|fill_x0.9.loaded OK {"window_anchors": 9139, "combo": 6195, "king": 0, "hold": 2944, "written_rows_without_weights": 0}
[    42s] resume: existing 160 to run 0
[    44s] aggregated OVN_NEW_s2027|scaled|rule|raw|UAFE|fill_x0.9
[    44s] CHECK runs.all_rc0 OK {"OVN_NEW_s2027|scaled|rule|raw|UAFE": {"0": 0, "1": 0, "2": 0, "3": 0, "4": 0, "5": 0, "6": 0, "7": 0, "8": 0, "9": 0, "10": 0, "11": 0, "12": 0, "13": 0, "14": 0, "15": 0, "16": 0, "17": 0, "18": 0, "19": 0, "20": 0, "21": 0, "22": 0, "23
[    44s] CHECK runs.audits_clean OK 
BT_LAUNCH VERDICT=PASS label=full_ovn_new_s2027_r2 runs=5 seeds=32 receipt_sha256=4b52914a989e91e8e8004fe4de6a19995a3d909e9478f7a3ce6e2bd8df6f26be
EXIT 0
