[     0s] CHECK config.not_a_template_and_nothing_pending OK {"status": "FROZEN before any number of the OLD-vs-NEW comparison (OVN Stage 1, AMENDMENT 1 arm OLD_HOLD); settings byte-identical to RUN_CONFIG_OVN_OLD", "pending": []}
[     0s] CHECK pin.prereg OK {"path": "/workspace/baseline_tables_2026-09-19/pins/PREREG_baseline_tables_certified_2026-09-19.md", "got": "d9fe45e3191f56e5", "want": "d9fe45e3191f56e5"}
[     0s] CHECK pin.prereg_amendment_1 OK {"path": "/workspace/baseline_tables_2026-09-19/pins/AMENDMENT_1_baseline_tables_certified_2026-09-19.md", "got": "766bc367743d8542", "want": "766bc367743d8542"}
[     0s] CHECK pin.exec_sim OK {"path": "/workspace/baseline_tables_2026-09-19/devices/exec_copy/exec_sim.py", "got": "29679672e68d4842", "want": "29679672e68d4842"}
[     0s] CHECK pin.simlib OK {"path": "/workspace/baseline_tables_2026-09-19/devices/exec_copy/simlib.py", "got": "55246fe98da2d57a", "want": "55246fe98da2d57a"}
[     0s] CHECK pin.v1b_gate OK {"path": "/workspace/baseline_tables_2026-09-19/devices/exec_copy/v1b_gate.py", "got": "4a725921a470f4c1", "want": "4a725921a470f4c1"}
[     0s] CHECK pin.v1_gate OK {"path": "/workspace/baseline_tables_2026-09-19/devices/exec_copy/v1_gate.py", "got": "c97d9b3d49212b49", "want": "c97d9b3d49212b49"}
[     0s] CHECK pin.calibration OK {"path": "/workspace/baseline_tables_2026-09-19/devices/exec_copy/CALIBRATION_v3_POOLED_20260826_20260910.json", "got": "fda342431d39703e", "want": "fda342431d39703e"}
[     0s] CHECK pin.input_manifest OK {"path": "/workspace/baseline_tables_2026-09-19/devices/exec_copy/INPUT_MANIFEST.json", "got": "59875e5a69db415f", "want": "59875e5a69db415f"}
[     0s] CHECK pin.p2_s2_lib OK {"path": "/workspace/uplift_r2_2026-09-13/P2/devices/p2_s2_lib.py", "got": "c53f5c495036727f", "want": "c53f5c495036727f"}
[    16s] CHECK pin.price_full_raw OK {"path": "/workspace/baseline_tables_2026-09-19/work/price_full_raw_x0918r.npy", "got": "23af32bd97c267d1", "want": "23af32bd97c267d1"}
[    16s] CHECK pin.price_full_meta OK {"path": "/workspace/baseline_tables_2026-09-19/work/price_full_raw_x0918r_meta.npz", "got": "d1e49cc9f0a7ddc4", "want": "d1e49cc9f0a7ddc4"}
[    16s] CHECK pin.price_receipt OK {"path": "/workspace/baseline_tables_2026-09-19/receipts/BT_PRICES_FULL_X0918R.json", "got": "130592b122831e03", "want": "130592b122831e03"}
[    19s] CHECK pin.price_source_table_x0918r OK {"path": "/workspace/raw_price_fix_2026-09-19/ext_x0918r/work/price_logtable_raw_x0918r.npy", "got": "9249b0da4a4c5789", "want": "9249b0da4a4c5789"}
[    19s] CHECK pin.price_source_meta_x0918r OK {"path": "/workspace/raw_price_fix_2026-09-19/ext_x0918r/work/price_meta_raw_x0918r.npz", "got": "da136830cee7e1a2", "want": "da136830cee7e1a2"}
[    20s] CHECK pin.ledger_full OK {"path": "/workspace/baseline_tables_2026-09-19/funding/ledger_spliced_p2_to_20260901T0200_streamD_after.npz", "got": "073088e503c026d6", "want": "073088e503c026d6"}
[    20s] CHECK pin.funding_overlap_proof OK {"path": "/workspace/baseline_tables_2026-09-19/funding/BT_FUNDING_OVERLAP.json", "got": "0ee6d99bfa2acfb9", "want": "0ee6d99bfa2acfb9"}
[    20s] CHECK pin.funding_source_p2 OK {"path": "/workspace/uplift_r2_2026-09-13/P2/work/ledger_full.npz", "got": "bea6f5752772d54e", "want": "bea6f5752772d54e"}
[    20s] CHECK pin.funding_source_stream_d OK {"path": "/workspace/axis_0919/funding/funding_ledger.npz", "got": "74b69e635efbf355", "want": "74b69e635efbf355"}
[    20s] CHECK pin.funding_4h_accounting_stream_d OK {"path": "/workspace/axis_0919/funding/funding_4h_accounting.npz", "got": "2838e5f6cf42fff5", "want": "2838e5f6cf42fff5"}
[    21s] CHECK pin.tradability OK {"path": "/workspace/axis_0919/x0918r/trd/tradability_v1.npz", "got": "bebf69ab9ddb3b05", "want": "bebf69ab9ddb3b05"}
[    21s] CHECK pin.universe OK {"path": "/workspace/uplift_r2_2026-09-13/P2/work/universe.npz", "got": "6322b57366078ed0", "want": "6322b57366078ed0"}
[    21s] CHECK pin.g0_labels OK {"path": "/workspace/baseline_tables_2026-09-19/g0x/g0_labels_x0918.npz", "got": "c3832939e1b01333", "want": "c3832939e1b01333"}
[    21s] CHECK pin.g0_receipt OK {"path": "/workspace/baseline_tables_2026-09-19/g0x/RECEIPT_bt_g0_extend.json", "got": "8afd680472ef21be", "want": "8afd680472ef21be"}
[    21s] CHECK price_receipt.PASS_and_outputs OK {"price_kinds": ["raw"]}
[    22s] CHECK pin.executor_tree_409ea16_vs_manifest OK {"n": 332, "bad": []}
[    22s] CHECK exec_sim.version_v3.1 OK "v3.1"
[    22s] CHECK runs.selected OK {"runs": ["OVN_OLD_HOLD|scaled|rule|raw|UAFE", "OVN_OLD_HOLD|scaled|rule|raw|UAFE|fee_x1.25", "OVN_OLD_HOLD|scaled|rule|raw|UAFE|slip_x1.5", "OVN_OLD_HOLD|scaled|rule|raw|UAFE|fill_x0.9"], "seeds": [0, 1, 2, 3, 4, 5, 6, 7, 8, 9, 10, 11, 12,
[    22s] CHECK window.n_anchors OK 9139
[    22s] CHECK axis.symbols OK 
[    22s] CHECK prices.grid_covers_window OK {"grid0": 1656532800, "n": 444145}
[    22s] CHECK ua_sets.counts_of_the_sets_the_runs_use OK {"UNAVAILABLE_3084": 3084}
[    33s] prices raw (444145, 829)
[    33s] CHECK run.OVN_OLD_HOLD|scaled|rule|raw|UAFE.policy_named OK 
[    33s] CHECK run.OVN_OLD_HOLD|scaled|rule|raw|UAFE.ua_cells_already_at_last_available_price OK {"cells_that_would_change": 0}
[    33s] CHECK run.OVN_OLD_HOLD|scaled|rule|raw|UAFE|fee_x1.25.policy_named OK 
[    33s] CHECK run.OVN_OLD_HOLD|scaled|rule|raw|UAFE|fee_x1.25.ua_cells_already_at_last_available_price OK {"cells_that_would_change": 0}
[    33s] CHECK run.OVN_OLD_HOLD|scaled|rule|raw|UAFE|slip_x1.5.policy_named OK 
[    33s] CHECK run.OVN_OLD_HOLD|scaled|rule|raw|UAFE|slip_x1.5.ua_cells_already_at_last_available_price OK {"cells_that_would_change": 0}
[    33s] CHECK run.OVN_OLD_HOLD|scaled|rule|raw|UAFE|fill_x0.9.policy_named OK 
[    33s] CHECK run.OVN_OLD_HOLD|scaled|rule|raw|UAFE|fill_x0.9.ua_cells_already_at_last_available_price OK {"cells_that_would_change": 0}
[    34s] funding rows 2386274
[    34s] CHECK axis.tradability_symbols OK 
[    34s] CHECK tradability.covers_window OK 
[    34s] CHECK calibration.v3_pooled_frozen OK 
[    34s] CHECK calibration.decision_offset_N+24 OK 1440
[    34s] CHECK executor.pns_wide OK 
[    34s] CHECK executor.gross_mult_config OK {"gm": 2.0, "onu": "hold"}
[    35s] CHECK objb_targets.OVN_OLD_HOLD|scaled|rule|raw|UAFE.loaded OK {"window_anchors": 9139, "combo": 6702, "king": 0, "hold": 2437, "written_rows_without_weights": 0}
[    36s] CHECK objb_targets.OVN_OLD_HOLD|scaled|rule|raw|UAFE|fee_x1.25.loaded OK {"window_anchors": 9139, "combo": 6702, "king": 0, "hold": 2437, "written_rows_without_weights": 0}
[    37s] CHECK objb_targets.OVN_OLD_HOLD|scaled|rule|raw|UAFE|slip_x1.5.loaded OK {"window_anchors": 9139, "combo": 6702, "king": 0, "hold": 2437, "written_rows_without_weights": 0}
[    38s] CHECK objb_targets.OVN_OLD_HOLD|scaled|rule|raw|UAFE|fill_x0.9.loaded OK {"window_anchors": 9139, "combo": 6702, "king": 0, "hold": 2437, "written_rows_without_weights": 0}
[    38s] resume: existing 0 to run 128
[    38s] started OVN_OLD_HOLD|scaled|rule|raw|UAFE seed 0 pid 2231590 avail_GiB 23.8 own_GiB 2.97 psi 12.2
[    39s] started OVN_OLD_HOLD|scaled|rule|raw|UAFE seed 1 pid 2231591 avail_GiB 23.9 own_GiB 2.98 psi 12.2
[    39s] started OVN_OLD_HOLD|scaled|rule|raw|UAFE seed 2 pid 2231592 avail_GiB 23.7 own_GiB 3.02 psi 12.2
[    40s] started OVN_OLD_HOLD|scaled|rule|raw|UAFE seed 3 pid 2231594 avail_GiB 23.8 own_GiB 3.06 psi 12.2
[   168s] finished OVN_OLD_HOLD|scaled|rule|raw|UAFE seed 0 rc 0 avail_GiB 29.3 own_GiB 3.01 psi 0.2
[   169s] started OVN_OLD_HOLD|scaled|rule|raw|UAFE seed 4 pid 2232035 avail_GiB 29.3 own_GiB 3.02 psi 0.2
[   169s] finished OVN_OLD_HOLD|scaled|rule|raw|UAFE seed 1 rc 0 avail_GiB 29.3 own_GiB 3.03 psi 0.2
[   170s] started OVN_OLD_HOLD|scaled|rule|raw|UAFE seed 5 pid 2232043 avail_GiB 29.2 own_GiB 3.05 psi 0.2
[   170s] finished OVN_OLD_HOLD|scaled|rule|raw|UAFE seed 3 rc 0 avail_GiB 29.2 own_GiB 3.06 psi 0.2
[   171s] started OVN_OLD_HOLD|scaled|rule|raw|UAFE seed 6 pid 2232055 avail_GiB 29.2 own_GiB 3.08 psi 0.2
[   198s] finished OVN_OLD_HOLD|scaled|rule|raw|UAFE seed 2 rc 0 avail_GiB 29.7 own_GiB 3.07 psi 1.7
[   199s] started OVN_OLD_HOLD|scaled|rule|raw|UAFE seed 7 pid 2232123 avail_GiB 29.7 own_GiB 3.08 psi 1.4
[   295s] finished OVN_OLD_HOLD|scaled|rule|raw|UAFE seed 4 rc 0 avail_GiB 29.6 own_GiB 3.06 psi 2.3
[   296s] started OVN_OLD_HOLD|scaled|rule|raw|UAFE seed 8 pid 2232851 avail_GiB 29.6 own_GiB 3.07 psi 2.3
[   296s] finished OVN_OLD_HOLD|scaled|rule|raw|UAFE seed 5 rc 0 avail_GiB 29.6 own_GiB 3.08 psi 2.3
[   296s] started OVN_OLD_HOLD|scaled|rule|raw|UAFE seed 9 pid 2232852 avail_GiB 29.6 own_GiB 3.10 psi 2.4
[   307s] finished OVN_OLD_HOLD|scaled|rule|raw|UAFE seed 6 rc 0 avail_GiB 27.3 own_GiB 3.07 psi 2.5
[   308s] started OVN_OLD_HOLD|scaled|rule|raw|UAFE seed 10 pid 2232895 avail_GiB 27.2 own_GiB 3.08 psi 2.6
[   330s] finished OVN_OLD_HOLD|scaled|rule|raw|UAFE seed 7 rc 0 avail_GiB 26.4 own_GiB 3.07 psi 1.1
[   331s] started OVN_OLD_HOLD|scaled|rule|raw|UAFE seed 11 pid 2232921 avail_GiB 26.3 own_GiB 3.08 psi 0.9
[   440s] finished OVN_OLD_HOLD|scaled|rule|raw|UAFE seed 8 rc 0 avail_GiB 26.3 own_GiB 3.06 psi 0.0
[   441s] started OVN_OLD_HOLD|scaled|rule|raw|UAFE seed 12 pid 2233344 avail_GiB 26.3 own_GiB 3.07 psi 0.0
[   441s] finished OVN_OLD_HOLD|scaled|rule|raw|UAFE seed 9 rc 0 avail_GiB 26.3 own_GiB 3.08 psi 0.0
[   442s] started OVN_OLD_HOLD|scaled|rule|raw|UAFE seed 13 pid 2233345 avail_GiB 26.3 own_GiB 3.10 psi 0.0
[   458s] finished OVN_OLD_HOLD|scaled|rule|raw|UAFE seed 10 rc 0 avail_GiB 26.2 own_GiB 3.07 psi 1.7
[   459s] started OVN_OLD_HOLD|scaled|rule|raw|UAFE seed 14 pid 2233359 avail_GiB 26.2 own_GiB 3.09 psi 1.9
[   486s] finished OVN_OLD_HOLD|scaled|rule|raw|UAFE seed 11 rc 0 avail_GiB 29.3 own_GiB 3.08 psi 0.5
[   487s] started OVN_OLD_HOLD|scaled|rule|raw|UAFE seed 15 pid 2233446 avail_GiB 29.3 own_GiB 3.09 psi 0.5
[   568s] finished OVN_OLD_HOLD|scaled|rule|raw|UAFE seed 12 rc 0 avail_GiB 29.2 own_GiB 3.06 psi 0.0
[   569s] started OVN_OLD_HOLD|scaled|rule|raw|UAFE seed 16 pid 2233806 avail_GiB 29.2 own_GiB 3.07 psi 0.0
[   569s] finished OVN_OLD_HOLD|scaled|rule|raw|UAFE seed 13 rc 0 avail_GiB 29.2 own_GiB 3.08 psi 0.0
[   570s] started OVN_OLD_HOLD|scaled|rule|raw|UAFE seed 17 pid 2233809 avail_GiB 29.1 own_GiB 3.10 psi 0.0
[   586s] finished OVN_OLD_HOLD|scaled|rule|raw|UAFE seed 14 rc 0 avail_GiB 29.2 own_GiB 3.07 psi 0.0
[   587s] started OVN_OLD_HOLD|scaled|rule|raw|UAFE seed 18 pid 2233898 avail_GiB 29.1 own_GiB 3.09 psi 0.0
[   619s] finished OVN_OLD_HOLD|scaled|rule|raw|UAFE seed 15 rc 0 avail_GiB 32.2 own_GiB 3.08 psi 0.0
[   619s] started OVN_OLD_HOLD|scaled|rule|raw|UAFE seed 19 pid 2233996 avail_GiB 32.2 own_GiB 3.10 psi 0.0
[   678s] finished OVN_OLD_HOLD|scaled|rule|raw|UAFE seed 16 rc 0 avail_GiB 32.1 own_GiB 3.06 psi 0.0
[   678s] started OVN_OLD_HOLD|scaled|rule|raw|UAFE seed 20 pid 2234277 avail_GiB 32.1 own_GiB 3.07 psi 0.0
[   678s] finished OVN_OLD_HOLD|scaled|rule|raw|UAFE seed 17 rc 0 avail_GiB 32.1 own_GiB 3.08 psi 0.0
[   679s] started OVN_OLD_HOLD|scaled|rule|raw|UAFE seed 21 pid 2234280 avail_GiB 32.1 own_GiB 3.10 psi 0.0
[   695s] finished OVN_OLD_HOLD|scaled|rule|raw|UAFE seed 18 rc 0 avail_GiB 32.1 own_GiB 3.08 psi 0.0
[   696s] started OVN_OLD_HOLD|scaled|rule|raw|UAFE seed 22 pid 2234409 avail_GiB 32.1 own_GiB 3.09 psi 0.0
[   722s] finished OVN_OLD_HOLD|scaled|rule|raw|UAFE seed 19 rc 0 avail_GiB 32.0 own_GiB 3.08 psi 0.0
[   723s] started OVN_OLD_HOLD|scaled|rule|raw|UAFE seed 23 pid 2234453 avail_GiB 32.0 own_GiB 3.09 psi 0.0
[   776s] finished OVN_OLD_HOLD|scaled|rule|raw|UAFE seed 20 rc 0 avail_GiB 31.9 own_GiB 3.05 psi 0.0
[   776s] started OVN_OLD_HOLD|scaled|rule|raw|UAFE seed 24 pid 2234611 avail_GiB 31.9 own_GiB 3.06 psi 0.0
[   776s] finished OVN_OLD_HOLD|scaled|rule|raw|UAFE seed 21 rc 0 avail_GiB 31.9 own_GiB 3.08 psi 0.0
[   777s] started OVN_OLD_HOLD|scaled|rule|raw|UAFE seed 25 pid 2234612 avail_GiB 31.9 own_GiB 3.09 psi 0.0
[   793s] finished OVN_OLD_HOLD|scaled|rule|raw|UAFE seed 22 rc 0 avail_GiB 32.0 own_GiB 3.08 psi 0.0
[   793s] started OVN_OLD_HOLD|scaled|rule|raw|UAFE seed 26 pid 2234654 avail_GiB 32.0 own_GiB 3.09 psi 0.0
[   820s] finished OVN_OLD_HOLD|scaled|rule|raw|UAFE seed 23 rc 0 avail_GiB 31.9 own_GiB 3.08 psi 0.0
[   821s] started OVN_OLD_HOLD|scaled|rule|raw|UAFE seed 27 pid 2234699 avail_GiB 31.9 own_GiB 3.09 psi 0.0
[   874s] finished OVN_OLD_HOLD|scaled|rule|raw|UAFE seed 24 rc 0 avail_GiB 31.7 own_GiB 3.10 psi 0.0
[   874s] started OVN_OLD_HOLD|scaled|rule|raw|UAFE seed 28 pid 2234853 avail_GiB 31.7 own_GiB 3.11 psi 0.0
[   880s] finished OVN_OLD_HOLD|scaled|rule|raw|UAFE seed 25 rc 0 avail_GiB 31.8 own_GiB 3.08 psi 0.0
[   880s] started OVN_OLD_HOLD|scaled|rule|raw|UAFE seed 29 pid 2234860 avail_GiB 31.8 own_GiB 3.09 psi 0.0
[   912s] finished OVN_OLD_HOLD|scaled|rule|raw|UAFE seed 26 rc 0 avail_GiB 31.7 own_GiB 3.09 psi 0.0
[   913s] started OVN_OLD_HOLD|scaled|rule|raw|UAFE seed 30 pid 2234942 avail_GiB 31.7 own_GiB 3.10 psi 0.0
[   945s] finished OVN_OLD_HOLD|scaled|rule|raw|UAFE seed 27 rc 0 avail_GiB 31.6 own_GiB 3.09 psi 0.0
[   945s] started OVN_OLD_HOLD|scaled|rule|raw|UAFE seed 31 pid 2235024 avail_GiB 31.7 own_GiB 3.10 psi 0.0
[   977s] finished OVN_OLD_HOLD|scaled|rule|raw|UAFE seed 29 rc 0 avail_GiB 31.6 own_GiB 3.10 psi 0.0
[   978s] started OVN_OLD_HOLD|scaled|rule|raw|UAFE|fee_x1.25 seed 0 pid 2235117 avail_GiB 31.6 own_GiB 3.11 psi 0.0
[   983s] finished OVN_OLD_HOLD|scaled|rule|raw|UAFE seed 28 rc 0 avail_GiB 31.6 own_GiB 3.08 psi 0.0
[   984s] started OVN_OLD_HOLD|scaled|rule|raw|UAFE|fee_x1.25 seed 1 pid 2235124 avail_GiB 31.6 own_GiB 3.09 psi 0.0
[  1016s] finished OVN_OLD_HOLD|scaled|rule|raw|UAFE seed 30 rc 0 avail_GiB 31.6 own_GiB 3.09 psi 0.0
[  1017s] started OVN_OLD_HOLD|scaled|rule|raw|UAFE|fee_x1.25 seed 2 pid 2235190 avail_GiB 31.6 own_GiB 3.10 psi 0.0
[  1049s] aggregated OVN_OLD_HOLD|scaled|rule|raw|UAFE
[  1050s] finished OVN_OLD_HOLD|scaled|rule|raw|UAFE seed 31 rc 0 avail_GiB 31.5 own_GiB 3.15 psi 0.0
[  1050s] started OVN_OLD_HOLD|scaled|rule|raw|UAFE|fee_x1.25 seed 3 pid 2235307 avail_GiB 31.5 own_GiB 3.17 psi 0.0
[  1083s] finished OVN_OLD_HOLD|scaled|rule|raw|UAFE|fee_x1.25 seed 0 rc 0 avail_GiB 31.4 own_GiB 3.16 psi 0.0
[  1084s] started OVN_OLD_HOLD|scaled|rule|raw|UAFE|fee_x1.25 seed 4 pid 2235368 avail_GiB 31.4 own_GiB 3.17 psi 0.0
[  1090s] finished OVN_OLD_HOLD|scaled|rule|raw|UAFE|fee_x1.25 seed 1 rc 0 avail_GiB 31.4 own_GiB 3.14 psi 0.0
[  1091s] started OVN_OLD_HOLD|scaled|rule|raw|UAFE|fee_x1.25 seed 5 pid 2235384 avail_GiB 31.4 own_GiB 3.15 psi 0.0
[  1123s] finished OVN_OLD_HOLD|scaled|rule|raw|UAFE|fee_x1.25 seed 2 rc 0 avail_GiB 31.5 own_GiB 3.11 psi 0.0
[  1124s] started OVN_OLD_HOLD|scaled|rule|raw|UAFE|fee_x1.25 seed 6 pid 2235454 avail_GiB 31.5 own_GiB 3.13 psi 0.0
[  1145s] finished OVN_OLD_HOLD|scaled|rule|raw|UAFE|fee_x1.25 seed 3 rc 0 avail_GiB 31.5 own_GiB 3.11 psi 0.0
[  1146s] started OVN_OLD_HOLD|scaled|rule|raw|UAFE|fee_x1.25 seed 7 pid 2235534 avail_GiB 31.5 own_GiB 3.13 psi 0.0
[  1177s] finished OVN_OLD_HOLD|scaled|rule|raw|UAFE|fee_x1.25 seed 4 rc 0 avail_GiB 34.6 own_GiB 3.12 psi 0.0
[  1178s] started OVN_OLD_HOLD|scaled|rule|raw|UAFE|fee_x1.25 seed 8 pid 2235624 avail_GiB 34.6 own_GiB 3.14 psi 0.0
[  1188s] finished OVN_OLD_HOLD|scaled|rule|raw|UAFE|fee_x1.25 seed 5 rc 0 avail_GiB 34.5 own_GiB 3.11 psi 0.0
[  1189s] started OVN_OLD_HOLD|scaled|rule|raw|UAFE|fee_x1.25 seed 9 pid 2235748 avail_GiB 34.4 own_GiB 3.13 psi 0.0
[  1215s] finished OVN_OLD_HOLD|scaled|rule|raw|UAFE|fee_x1.25 seed 6 rc 0 avail_GiB 31.5 own_GiB 3.11 psi 0.6
[  1216s] started OVN_OLD_HOLD|scaled|rule|raw|UAFE|fee_x1.25 seed 10 pid 2235924 avail_GiB 31.5 own_GiB 3.13 psi 0.6
[  1232s] finished OVN_OLD_HOLD|scaled|rule|raw|UAFE|fee_x1.25 seed 7 rc 0 avail_GiB 31.5 own_GiB 3.11 psi 0.1
[  1233s] started OVN_OLD_HOLD|scaled|rule|raw|UAFE|fee_x1.25 seed 11 pid 2236038 avail_GiB 31.5 own_GiB 3.12 psi 0.1
[  1275s] finished OVN_OLD_HOLD|scaled|rule|raw|UAFE|fee_x1.25 seed 8 rc 0 avail_GiB 31.4 own_GiB 3.12 psi 0.0
[  1276s] started OVN_OLD_HOLD|scaled|rule|raw|UAFE|fee_x1.25 seed 12 pid 2236265 avail_GiB 31.4 own_GiB 3.14 psi 0.0
[  1297s] finished OVN_OLD_HOLD|scaled|rule|raw|UAFE|fee_x1.25 seed 9 rc 0 avail_GiB 31.3 own_GiB 3.12 psi 0.0
[  1297s] started OVN_OLD_HOLD|scaled|rule|raw|UAFE|fee_x1.25 seed 13 pid 2236336 avail_GiB 31.4 own_GiB 3.13 psi 0.0
[  1313s] finished OVN_OLD_HOLD|scaled|rule|raw|UAFE|fee_x1.25 seed 10 rc 0 avail_GiB 31.3 own_GiB 3.11 psi 0.0
[  1314s] started OVN_OLD_HOLD|scaled|rule|raw|UAFE|fee_x1.25 seed 14 pid 2236373 avail_GiB 31.3 own_GiB 3.13 psi 0.0
[  1330s] finished OVN_OLD_HOLD|scaled|rule|raw|UAFE|fee_x1.25 seed 11 rc 0 avail_GiB 34.4 own_GiB 3.10 psi 0.0
[  1331s] started OVN_OLD_HOLD|scaled|rule|raw|UAFE|fee_x1.25 seed 15 pid 2236481 avail_GiB 34.4 own_GiB 3.12 psi 0.0
[  1367s] finished OVN_OLD_HOLD|scaled|rule|raw|UAFE|fee_x1.25 seed 12 rc 0 avail_GiB 34.3 own_GiB 3.12 psi 0.0
[  1368s] started OVN_OLD_HOLD|scaled|rule|raw|UAFE|fee_x1.25 seed 16 pid 2236594 avail_GiB 34.3 own_GiB 3.13 psi 0.0
[  1383s] finished OVN_OLD_HOLD|scaled|rule|raw|UAFE|fee_x1.25 seed 13 rc 0 avail_GiB 34.4 own_GiB 3.11 psi 0.0
[  1384s] started OVN_OLD_HOLD|scaled|rule|raw|UAFE|fee_x1.25 seed 17 pid 2236609 avail_GiB 34.4 own_GiB 3.13 psi 0.0
[  1421s] finished OVN_OLD_HOLD|scaled|rule|raw|UAFE|fee_x1.25 seed 14 rc 0 avail_GiB 34.3 own_GiB 3.13 psi 0.0
[  1421s] started OVN_OLD_HOLD|scaled|rule|raw|UAFE|fee_x1.25 seed 18 pid 2236705 avail_GiB 34.3 own_GiB 3.14 psi 0.0
[  1432s] finished OVN_OLD_HOLD|scaled|rule|raw|UAFE|fee_x1.25 seed 15 rc 0 avail_GiB 34.3 own_GiB 3.11 psi 0.0
[  1432s] started OVN_OLD_HOLD|scaled|rule|raw|UAFE|fee_x1.25 seed 19 pid 2236706 avail_GiB 34.3 own_GiB 3.13 psi 0.0
[  1453s] finished OVN_OLD_HOLD|scaled|rule|raw|UAFE|fee_x1.25 seed 16 rc 0 avail_GiB 34.3 own_GiB 3.11 psi 0.0
[  1454s] started OVN_OLD_HOLD|scaled|rule|raw|UAFE|fee_x1.25 seed 20 pid 2236741 avail_GiB 34.3 own_GiB 3.13 psi 0.0
[  1464s] finished OVN_OLD_HOLD|scaled|rule|raw|UAFE|fee_x1.25 seed 17 rc 0 avail_GiB 34.2 own_GiB 3.10 psi 0.0
[  1465s] started OVN_OLD_HOLD|scaled|rule|raw|UAFE|fee_x1.25 seed 21 pid 2236749 avail_GiB 34.3 own_GiB 3.12 psi 0.0
[  1501s] finished OVN_OLD_HOLD|scaled|rule|raw|UAFE|fee_x1.25 seed 18 rc 0 avail_GiB 34.2 own_GiB 3.12 psi 0.0
[  1502s] started OVN_OLD_HOLD|scaled|rule|raw|UAFE|fee_x1.25 seed 22 pid 2236804 avail_GiB 34.2 own_GiB 3.14 psi 0.0
[  1518s] finished OVN_OLD_HOLD|scaled|rule|raw|UAFE|fee_x1.25 seed 19 rc 0 avail_GiB 34.1 own_GiB 3.12 psi 0.0
[  1519s] started OVN_OLD_HOLD|scaled|rule|raw|UAFE|fee_x1.25 seed 23 pid 2236852 avail_GiB 34.1 own_GiB 3.13 psi 0.0
[  1540s] finished OVN_OLD_HOLD|scaled|rule|raw|UAFE|fee_x1.25 seed 20 rc 0 avail_GiB 34.2 own_GiB 3.12 psi 0.0
[  1540s] started OVN_OLD_HOLD|scaled|rule|raw|UAFE|fee_x1.25 seed 24 pid 2236872 avail_GiB 34.2 own_GiB 3.13 psi 0.0
[  1551s] finished OVN_OLD_HOLD|scaled|rule|raw|UAFE|fee_x1.25 seed 21 rc 0 avail_GiB 34.2 own_GiB 3.10 psi 0.0
[  1551s] started OVN_OLD_HOLD|scaled|rule|raw|UAFE|fee_x1.25 seed 25 pid 2236992 avail_GiB 34.2 own_GiB 3.12 psi 0.0
[  1588s] finished OVN_OLD_HOLD|scaled|rule|raw|UAFE|fee_x1.25 seed 22 rc 0 avail_GiB 34.0 own_GiB 3.12 psi 0.0
[  1589s] started OVN_OLD_HOLD|scaled|rule|raw|UAFE|fee_x1.25 seed 26 pid 2237027 avail_GiB 34.0 own_GiB 3.14 psi 0.0
[  1605s] finished OVN_OLD_HOLD|scaled|rule|raw|UAFE|fee_x1.25 seed 23 rc 0 avail_GiB 34.0 own_GiB 3.12 psi 0.0
[  1605s] started OVN_OLD_HOLD|scaled|rule|raw|UAFE|fee_x1.25 seed 27 pid 2237099 avail_GiB 34.0 own_GiB 3.13 psi 0.0
[  1626s] finished OVN_OLD_HOLD|scaled|rule|raw|UAFE|fee_x1.25 seed 24 rc 0 avail_GiB 34.0 own_GiB 3.11 psi 0.0
[  1627s] started OVN_OLD_HOLD|scaled|rule|raw|UAFE|fee_x1.25 seed 28 pid 2237138 avail_GiB 34.0 own_GiB 3.13 psi 0.0
[  1637s] finished OVN_OLD_HOLD|scaled|rule|raw|UAFE|fee_x1.25 seed 25 rc 0 avail_GiB 34.0 own_GiB 3.10 psi 0.0
[  1638s] started OVN_OLD_HOLD|scaled|rule|raw|UAFE|fee_x1.25 seed 29 pid 2237159 avail_GiB 34.0 own_GiB 3.12 psi 0.0
[  1680s] finished OVN_OLD_HOLD|scaled|rule|raw|UAFE|fee_x1.25 seed 26 rc 0 avail_GiB 33.9 own_GiB 3.12 psi 0.0
[  1680s] started OVN_OLD_HOLD|scaled|rule|raw|UAFE|fee_x1.25 seed 30 pid 2237194 avail_GiB 33.9 own_GiB 3.14 psi 0.0
[  1712s] finished OVN_OLD_HOLD|scaled|rule|raw|UAFE|fee_x1.25 seed 27 rc 0 avail_GiB 33.9 own_GiB 3.07 psi 0.0
[  1712s] started OVN_OLD_HOLD|scaled|rule|raw|UAFE|fee_x1.25 seed 31 pid 2237280 avail_GiB 33.9 own_GiB 3.09 psi 0.0
[  1712s] finished OVN_OLD_HOLD|scaled|rule|raw|UAFE|fee_x1.25 seed 28 rc 0 avail_GiB 33.9 own_GiB 3.10 psi 0.0
[  1713s] started OVN_OLD_HOLD|scaled|rule|raw|UAFE|slip_x1.5 seed 0 pid 2237281 avail_GiB 33.9 own_GiB 3.12 psi 0.0
[  1729s] finished OVN_OLD_HOLD|scaled|rule|raw|UAFE|fee_x1.25 seed 29 rc 0 avail_GiB 33.9 own_GiB 3.10 psi 0.0
[  1729s] started OVN_OLD_HOLD|scaled|rule|raw|UAFE|slip_x1.5 seed 1 pid 2237295 avail_GiB 33.9 own_GiB 3.12 psi 0.0
[  1766s] finished OVN_OLD_HOLD|scaled|rule|raw|UAFE|fee_x1.25 seed 30 rc 0 avail_GiB 33.8 own_GiB 3.12 psi 0.0
[  1766s] started OVN_OLD_HOLD|scaled|rule|raw|UAFE|slip_x1.5 seed 2 pid 2237338 avail_GiB 33.8 own_GiB 3.14 psi 0.0
[  1798s] aggregated OVN_OLD_HOLD|scaled|rule|raw|UAFE|fee_x1.25
[  1798s] finished OVN_OLD_HOLD|scaled|rule|raw|UAFE|fee_x1.25 seed 31 rc 0 avail_GiB 33.7 own_GiB 3.13 psi 0.0
[  1799s] started OVN_OLD_HOLD|scaled|rule|raw|UAFE|slip_x1.5 seed 3 pid 2237426 avail_GiB 33.7 own_GiB 3.15 psi 0.0
[  1799s] finished OVN_OLD_HOLD|scaled|rule|raw|UAFE|slip_x1.5 seed 0 rc 0 avail_GiB 33.7 own_GiB 3.16 psi 0.0
[  1800s] started OVN_OLD_HOLD|scaled|rule|raw|UAFE|slip_x1.5 seed 4 pid 2237427 avail_GiB 33.7 own_GiB 3.18 psi 0.0
[  1810s] finished OVN_OLD_HOLD|scaled|rule|raw|UAFE|slip_x1.5 seed 1 rc 0 avail_GiB 33.7 own_GiB 3.15 psi 0.0
[  1811s] started OVN_OLD_HOLD|scaled|rule|raw|UAFE|slip_x1.5 seed 5 pid 2237435 avail_GiB 33.7 own_GiB 3.17 psi 0.0
[  1847s] finished OVN_OLD_HOLD|scaled|rule|raw|UAFE|slip_x1.5 seed 2 rc 0 avail_GiB 33.7 own_GiB 3.12 psi 0.0
[  1848s] started OVN_OLD_HOLD|scaled|rule|raw|UAFE|slip_x1.5 seed 6 pid 2237495 avail_GiB 33.7 own_GiB 3.14 psi 0.0
[  1879s] finished OVN_OLD_HOLD|scaled|rule|raw|UAFE|slip_x1.5 seed 3 rc 0 avail_GiB 33.7 own_GiB 3.13 psi 0.0
[  1880s] started OVN_OLD_HOLD|scaled|rule|raw|UAFE|slip_x1.5 seed 7 pid 2237643 avail_GiB 33.7 own_GiB 3.60 psi 0.0
[  1880s] finished OVN_OLD_HOLD|scaled|rule|raw|UAFE|slip_x1.5 seed 4 rc 0 avail_GiB 33.7 own_GiB 3.10 psi 0.0
[  1881s] started OVN_OLD_HOLD|scaled|rule|raw|UAFE|slip_x1.5 seed 8 pid 2237644 avail_GiB 33.7 own_GiB 3.12 psi 0.0
[  1896s] finished OVN_OLD_HOLD|scaled|rule|raw|UAFE|slip_x1.5 seed 5 rc 0 avail_GiB 33.7 own_GiB 3.10 psi 0.0
[  1897s] started OVN_OLD_HOLD|scaled|rule|raw|UAFE|slip_x1.5 seed 9 pid 2237655 avail_GiB 33.7 own_GiB 3.12 psi 0.0
[  1934s] finished OVN_OLD_HOLD|scaled|rule|raw|UAFE|slip_x1.5 seed 6 rc 0 avail_GiB 33.8 own_GiB 3.12 psi 0.0
[  1935s] started OVN_OLD_HOLD|scaled|rule|raw|UAFE|slip_x1.5 seed 10 pid 2237780 avail_GiB 33.8 own_GiB 3.15 psi 0.0
[  1962s] finished OVN_OLD_HOLD|scaled|rule|raw|UAFE|slip_x1.5 seed 7 rc 0 avail_GiB 36.8 own_GiB 3.08 psi 0.0
[  1963s] started OVN_OLD_HOLD|scaled|rule|raw|UAFE|slip_x1.5 seed 11 pid 2237801 avail_GiB 36.8 own_GiB 3.10 psi 0.0
[  1963s] finished OVN_OLD_HOLD|scaled|rule|raw|UAFE|slip_x1.5 seed 8 rc 0 avail_GiB 36.8 own_GiB 3.11 psi 0.0
[  1964s] started OVN_OLD_HOLD|scaled|rule|raw|UAFE|slip_x1.5 seed 12 pid 2237804 avail_GiB 36.8 own_GiB 3.13 psi 0.0
[  1980s] finished OVN_OLD_HOLD|scaled|rule|raw|UAFE|slip_x1.5 seed 9 rc 0 avail_GiB 36.7 own_GiB 3.11 psi 0.0
[  1981s] started OVN_OLD_HOLD|scaled|rule|raw|UAFE|slip_x1.5 seed 13 pid 2237876 avail_GiB 36.7 own_GiB 3.13 psi 0.0
[  2019s] finished OVN_OLD_HOLD|scaled|rule|raw|UAFE|slip_x1.5 seed 10 rc 0 avail_GiB 39.7 own_GiB 3.13 psi 0.0
[  2020s] started OVN_OLD_HOLD|scaled|rule|raw|UAFE|slip_x1.5 seed 14 pid 2237902 avail_GiB 39.7 own_GiB 3.15 psi 0.0
[  2047s] finished OVN_OLD_HOLD|scaled|rule|raw|UAFE|slip_x1.5 seed 11 rc 0 avail_GiB 39.7 own_GiB 3.08 psi 0.0
[  2047s] started OVN_OLD_HOLD|scaled|rule|raw|UAFE|slip_x1.5 seed 15 pid 2238215 avail_GiB 39.7 own_GiB 3.10 psi 0.0
[  2048s] finished OVN_OLD_HOLD|scaled|rule|raw|UAFE|slip_x1.5 seed 12 rc 0 avail_GiB 39.7 own_GiB 3.11 psi 0.0
[  2048s] started OVN_OLD_HOLD|scaled|rule|raw|UAFE|slip_x1.5 seed 16 pid 2238216 avail_GiB 39.7 own_GiB 3.13 psi 0.0
[  2064s] finished OVN_OLD_HOLD|scaled|rule|raw|UAFE|slip_x1.5 seed 13 rc 0 avail_GiB 39.7 own_GiB 3.11 psi 0.0
[  2065s] started OVN_OLD_HOLD|scaled|rule|raw|UAFE|slip_x1.5 seed 17 pid 2238273 avail_GiB 39.7 own_GiB 3.12 psi 0.0
[  2102s] finished OVN_OLD_HOLD|scaled|rule|raw|UAFE|slip_x1.5 seed 14 rc 0 avail_GiB 39.7 own_GiB 3.13 psi 0.0
[  2102s] started OVN_OLD_HOLD|scaled|rule|raw|UAFE|slip_x1.5 seed 18 pid 2238339 avail_GiB 39.7 own_GiB 3.14 psi 0.0
[  2128s] finished OVN_OLD_HOLD|scaled|rule|raw|UAFE|slip_x1.5 seed 15 rc 0 avail_GiB 39.6 own_GiB 3.13 psi 0.0
[  2129s] started OVN_OLD_HOLD|scaled|rule|raw|UAFE|slip_x1.5 seed 19 pid 2238376 avail_GiB 39.7 own_GiB 3.10 psi 0.0
[  2129s] finished OVN_OLD_HOLD|scaled|rule|raw|UAFE|slip_x1.5 seed 16 rc 0 avail_GiB 39.7 own_GiB 3.11 psi 0.0
[  2130s] started OVN_OLD_HOLD|scaled|rule|raw|UAFE|slip_x1.5 seed 20 pid 2238378 avail_GiB 39.7 own_GiB 3.13 psi 0.0
[  2151s] finished OVN_OLD_HOLD|scaled|rule|raw|UAFE|slip_x1.5 seed 17 rc 0 avail_GiB 39.6 own_GiB 3.11 psi 0.0
[  2151s] started OVN_OLD_HOLD|scaled|rule|raw|UAFE|slip_x1.5 seed 21 pid 2238411 avail_GiB 39.6 own_GiB 3.13 psi 0.0
[  2183s] finished OVN_OLD_HOLD|scaled|rule|raw|UAFE|slip_x1.5 seed 18 rc 0 avail_GiB 39.6 own_GiB 3.13 psi 0.0
[  2183s] started OVN_OLD_HOLD|scaled|rule|raw|UAFE|slip_x1.5 seed 22 pid 2238521 avail_GiB 39.6 own_GiB 3.14 psi 0.0
[  2214s] finished OVN_OLD_HOLD|scaled|rule|raw|UAFE|slip_x1.5 seed 19 rc 0 avail_GiB 39.6 own_GiB 3.08 psi 0.0
[  2215s] started OVN_OLD_HOLD|scaled|rule|raw|UAFE|slip_x1.5 seed 23 pid 2238562 avail_GiB 39.6 own_GiB 3.10 psi 0.0
[  2215s] finished OVN_OLD_HOLD|scaled|rule|raw|UAFE|slip_x1.5 seed 20 rc 0 avail_GiB 39.6 own_GiB 3.11 psi 0.0
[  2216s] started OVN_OLD_HOLD|scaled|rule|raw|UAFE|slip_x1.5 seed 24 pid 2238565 avail_GiB 39.6 own_GiB 3.13 psi 0.0
[  2236s] finished OVN_OLD_HOLD|scaled|rule|raw|UAFE|slip_x1.5 seed 21 rc 0 avail_GiB 39.6 own_GiB 3.11 psi 0.0
[  2237s] started OVN_OLD_HOLD|scaled|rule|raw|UAFE|slip_x1.5 seed 25 pid 2238580 avail_GiB 39.6 own_GiB 3.13 psi 0.0
[  2268s] finished OVN_OLD_HOLD|scaled|rule|raw|UAFE|slip_x1.5 seed 22 rc 0 avail_GiB 39.6 own_GiB 3.13 psi 0.0
[  2269s] started OVN_OLD_HOLD|scaled|rule|raw|UAFE|slip_x1.5 seed 26 pid 2238686 avail_GiB 39.6 own_GiB 3.14 psi 0.0
[  2300s] finished OVN_OLD_HOLD|scaled|rule|raw|UAFE|slip_x1.5 seed 23 rc 0 avail_GiB 39.6 own_GiB 3.08 psi 0.0
[  2301s] started OVN_OLD_HOLD|scaled|rule|raw|UAFE|slip_x1.5 seed 27 pid 2238705 avail_GiB 39.6 own_GiB 3.10 psi 0.0
[  2301s] finished OVN_OLD_HOLD|scaled|rule|raw|UAFE|slip_x1.5 seed 24 rc 0 avail_GiB 39.6 own_GiB 3.11 psi 0.0
[  2301s] started OVN_OLD_HOLD|scaled|rule|raw|UAFE|slip_x1.5 seed 28 pid 2238708 avail_GiB 39.6 own_GiB 3.13 psi 0.0
[  2322s] finished OVN_OLD_HOLD|scaled|rule|raw|UAFE|slip_x1.5 seed 25 rc 0 avail_GiB 39.6 own_GiB 3.11 psi 0.0
[  2323s] started OVN_OLD_HOLD|scaled|rule|raw|UAFE|slip_x1.5 seed 29 pid 2238723 avail_GiB 39.6 own_GiB 3.13 psi 0.0
[  2354s] finished OVN_OLD_HOLD|scaled|rule|raw|UAFE|slip_x1.5 seed 26 rc 0 avail_GiB 39.5 own_GiB 3.13 psi 0.0
[  2355s] started OVN_OLD_HOLD|scaled|rule|raw|UAFE|slip_x1.5 seed 30 pid 2238788 avail_GiB 39.5 own_GiB 3.14 psi 0.0
[  2386s] finished OVN_OLD_HOLD|scaled|rule|raw|UAFE|slip_x1.5 seed 27 rc 0 avail_GiB 39.6 own_GiB 3.08 psi 0.0
[  2387s] started OVN_OLD_HOLD|scaled|rule|raw|UAFE|slip_x1.5 seed 31 pid 2238811 avail_GiB 39.6 own_GiB 3.10 psi 0.0
[  2387s] finished OVN_OLD_HOLD|scaled|rule|raw|UAFE|slip_x1.5 seed 28 rc 0 avail_GiB 39.5 own_GiB 3.11 psi 0.0
[  2387s] started OVN_OLD_HOLD|scaled|rule|raw|UAFE|fill_x0.9 seed 0 pid 2238812 avail_GiB 39.5 own_GiB 3.13 psi 0.0
[  2408s] finished OVN_OLD_HOLD|scaled|rule|raw|UAFE|slip_x1.5 seed 29 rc 0 avail_GiB 39.5 own_GiB 3.12 psi 0.0
[  2409s] started OVN_OLD_HOLD|scaled|rule|raw|UAFE|fill_x0.9 seed 1 pid 2238825 avail_GiB 39.5 own_GiB 3.13 psi 0.0
[  2441s] finished OVN_OLD_HOLD|scaled|rule|raw|UAFE|slip_x1.5 seed 30 rc 0 avail_GiB 39.5 own_GiB 3.13 psi 0.0
[  2442s] started OVN_OLD_HOLD|scaled|rule|raw|UAFE|fill_x0.9 seed 2 pid 2238894 avail_GiB 39.5 own_GiB 3.15 psi 0.0
[  2469s] aggregated OVN_OLD_HOLD|scaled|rule|raw|UAFE|slip_x1.5
[  2469s] finished OVN_OLD_HOLD|scaled|rule|raw|UAFE|slip_x1.5 seed 31 rc 0 avail_GiB 39.5 own_GiB 3.14 psi 0.0
[  2470s] started OVN_OLD_HOLD|scaled|rule|raw|UAFE|fill_x0.9 seed 3 pid 2238911 avail_GiB 39.5 own_GiB 3.16 psi 0.0
[  2470s] finished OVN_OLD_HOLD|scaled|rule|raw|UAFE|fill_x0.9 seed 0 rc 0 avail_GiB 39.4 own_GiB 3.16 psi 0.0
[  2471s] started OVN_OLD_HOLD|scaled|rule|raw|UAFE|fill_x0.9 seed 4 pid 2238912 avail_GiB 39.4 own_GiB 3.18 psi 0.0
[  2493s] finished OVN_OLD_HOLD|scaled|rule|raw|UAFE|fill_x0.9 seed 1 rc 0 avail_GiB 39.4 own_GiB 3.17 psi 0.0
[  2494s] started OVN_OLD_HOLD|scaled|rule|raw|UAFE|fill_x0.9 seed 5 pid 2238936 avail_GiB 39.4 own_GiB 3.19 psi 0.0
[  2525s] finished OVN_OLD_HOLD|scaled|rule|raw|UAFE|fill_x0.9 seed 2 rc 0 avail_GiB 39.4 own_GiB 3.13 psi 0.0
[  2526s] started OVN_OLD_HOLD|scaled|rule|raw|UAFE|fill_x0.9 seed 6 pid 2239011 avail_GiB 39.4 own_GiB 3.14 psi 0.0
[  2552s] finished OVN_OLD_HOLD|scaled|rule|raw|UAFE|fill_x0.9 seed 3 rc 0 avail_GiB 39.5 own_GiB 3.08 psi 0.0
[  2552s] started OVN_OLD_HOLD|scaled|rule|raw|UAFE|fill_x0.9 seed 7 pid 2239024 avail_GiB 39.5 own_GiB 3.09 psi 0.0
[  2553s] finished OVN_OLD_HOLD|scaled|rule|raw|UAFE|fill_x0.9 seed 4 rc 0 avail_GiB 39.5 own_GiB 3.10 psi 0.0
[  2553s] started OVN_OLD_HOLD|scaled|rule|raw|UAFE|fill_x0.9 seed 8 pid 2239025 avail_GiB 39.4 own_GiB 3.11 psi 0.0
[  2574s] finished OVN_OLD_HOLD|scaled|rule|raw|UAFE|fill_x0.9 seed 5 rc 0 avail_GiB 39.4 own_GiB 3.11 psi 0.0
[  2575s] started OVN_OLD_HOLD|scaled|rule|raw|UAFE|fill_x0.9 seed 9 pid 2239038 avail_GiB 39.4 own_GiB 3.13 psi 0.0
[  2606s] finished OVN_OLD_HOLD|scaled|rule|raw|UAFE|fill_x0.9 seed 6 rc 0 avail_GiB 39.4 own_GiB 3.13 psi 0.0
[  2607s] started OVN_OLD_HOLD|scaled|rule|raw|UAFE|fill_x0.9 seed 10 pid 2239061 avail_GiB 39.4 own_GiB 3.14 psi 0.0
[  2633s] finished OVN_OLD_HOLD|scaled|rule|raw|UAFE|fill_x0.9 seed 7 rc 0 avail_GiB 39.4 own_GiB 3.13 psi 0.0
[  2633s] started OVN_OLD_HOLD|scaled|rule|raw|UAFE|fill_x0.9 seed 11 pid 2239124 avail_GiB 39.4 own_GiB 2.94 psi 0.0
[  2633s] finished OVN_OLD_HOLD|scaled|rule|raw|UAFE|fill_x0.9 seed 8 rc 0 avail_GiB 39.4 own_GiB 3.10 psi 0.0
[  2634s] started OVN_OLD_HOLD|scaled|rule|raw|UAFE|fill_x0.9 seed 12 pid 2239125 avail_GiB 39.4 own_GiB 3.11 psi 0.0
[  2655s] finished OVN_OLD_HOLD|scaled|rule|raw|UAFE|fill_x0.9 seed 9 rc 0 avail_GiB 39.4 own_GiB 3.11 psi 0.0
[  2655s] started OVN_OLD_HOLD|scaled|rule|raw|UAFE|fill_x0.9 seed 13 pid 2239140 avail_GiB 39.4 own_GiB 3.13 psi 0.0
[  2687s] finished OVN_OLD_HOLD|scaled|rule|raw|UAFE|fill_x0.9 seed 10 rc 0 avail_GiB 39.4 own_GiB 3.13 psi 0.0
[  2687s] started OVN_OLD_HOLD|scaled|rule|raw|UAFE|fill_x0.9 seed 14 pid 2239161 avail_GiB 39.4 own_GiB 3.14 psi 0.0
[  2713s] finished OVN_OLD_HOLD|scaled|rule|raw|UAFE|fill_x0.9 seed 11 rc 0 avail_GiB 39.4 own_GiB 3.08 psi 0.0
[  2714s] started OVN_OLD_HOLD|scaled|rule|raw|UAFE|fill_x0.9 seed 15 pid 2239226 avail_GiB 39.4 own_GiB 3.09 psi 0.0
[  2714s] finished OVN_OLD_HOLD|scaled|rule|raw|UAFE|fill_x0.9 seed 12 rc 0 avail_GiB 39.4 own_GiB 3.10 psi 0.0
[  2715s] started OVN_OLD_HOLD|scaled|rule|raw|UAFE|fill_x0.9 seed 16 pid 2239227 avail_GiB 39.4 own_GiB 3.11 psi 0.0
[  2735s] finished OVN_OLD_HOLD|scaled|rule|raw|UAFE|fill_x0.9 seed 13 rc 0 avail_GiB 39.3 own_GiB 3.11 psi 0.0
[  2736s] started OVN_OLD_HOLD|scaled|rule|raw|UAFE|fill_x0.9 seed 17 pid 2239240 avail_GiB 39.3 own_GiB 3.13 psi 0.0
[  2767s] finished OVN_OLD_HOLD|scaled|rule|raw|UAFE|fill_x0.9 seed 14 rc 0 avail_GiB 39.3 own_GiB 3.13 psi 0.0
[  2768s] started OVN_OLD_HOLD|scaled|rule|raw|UAFE|fill_x0.9 seed 18 pid 2239263 avail_GiB 39.3 own_GiB 3.14 psi 0.0
[  2794s] finished OVN_OLD_HOLD|scaled|rule|raw|UAFE|fill_x0.9 seed 15 rc 0 avail_GiB 39.3 own_GiB 3.36 psi 0.0
[  2795s] started OVN_OLD_HOLD|scaled|rule|raw|UAFE|fill_x0.9 seed 19 pid 2239278 avail_GiB 39.3 own_GiB 3.09 psi 0.0
[  2795s] finished OVN_OLD_HOLD|scaled|rule|raw|UAFE|fill_x0.9 seed 16 rc 0 avail_GiB 39.3 own_GiB 3.10 psi 0.0
[  2795s] started OVN_OLD_HOLD|scaled|rule|raw|UAFE|fill_x0.9 seed 20 pid 2239279 avail_GiB 39.3 own_GiB 3.11 psi 0.0
[  2816s] finished OVN_OLD_HOLD|scaled|rule|raw|UAFE|fill_x0.9 seed 17 rc 0 avail_GiB 39.3 own_GiB 3.11 psi 0.0
[  2817s] started OVN_OLD_HOLD|scaled|rule|raw|UAFE|fill_x0.9 seed 21 pid 2239340 avail_GiB 39.3 own_GiB 3.13 psi 0.0
[  2848s] finished OVN_OLD_HOLD|scaled|rule|raw|UAFE|fill_x0.9 seed 18 rc 0 avail_GiB 39.3 own_GiB 3.13 psi 0.0
[  2849s] started OVN_OLD_HOLD|scaled|rule|raw|UAFE|fill_x0.9 seed 22 pid 2239361 avail_GiB 39.3 own_GiB 3.14 psi 0.0
[  2875s] finished OVN_OLD_HOLD|scaled|rule|raw|UAFE|fill_x0.9 seed 19 rc 0 avail_GiB 39.3 own_GiB 3.08 psi 0.0
[  2875s] started OVN_OLD_HOLD|scaled|rule|raw|UAFE|fill_x0.9 seed 23 pid 2239376 avail_GiB 39.3 own_GiB 3.09 psi 0.0
[  2875s] finished OVN_OLD_HOLD|scaled|rule|raw|UAFE|fill_x0.9 seed 20 rc 0 avail_GiB 39.3 own_GiB 3.10 psi 0.0
[  2876s] started OVN_OLD_HOLD|scaled|rule|raw|UAFE|fill_x0.9 seed 24 pid 2239379 avail_GiB 39.3 own_GiB 3.11 psi 0.0
[  2897s] finished OVN_OLD_HOLD|scaled|rule|raw|UAFE|fill_x0.9 seed 21 rc 0 avail_GiB 39.3 own_GiB 3.11 psi 0.0
[  2898s] started OVN_OLD_HOLD|scaled|rule|raw|UAFE|fill_x0.9 seed 25 pid 2239403 avail_GiB 39.3 own_GiB 3.12 psi 0.0
[  2929s] finished OVN_OLD_HOLD|scaled|rule|raw|UAFE|fill_x0.9 seed 22 rc 0 avail_GiB 39.2 own_GiB 3.13 psi 0.0
[  2929s] started OVN_OLD_HOLD|scaled|rule|raw|UAFE|fill_x0.9 seed 26 pid 2239461 avail_GiB 39.2 own_GiB 3.14 psi 0.0
[  2956s] finished OVN_OLD_HOLD|scaled|rule|raw|UAFE|fill_x0.9 seed 23 rc 0 avail_GiB 39.2 own_GiB 3.14 psi 0.0
[  2956s] started OVN_OLD_HOLD|scaled|rule|raw|UAFE|fill_x0.9 seed 27 pid 2239478 avail_GiB 39.3 own_GiB 3.09 psi 0.0
[  2956s] finished OVN_OLD_HOLD|scaled|rule|raw|UAFE|fill_x0.9 seed 24 rc 0 avail_GiB 39.2 own_GiB 3.10 psi 0.0
[  2957s] started OVN_OLD_HOLD|scaled|rule|raw|UAFE|fill_x0.9 seed 28 pid 2239479 avail_GiB 39.2 own_GiB 3.11 psi 0.0
[  2983s] finished OVN_OLD_HOLD|scaled|rule|raw|UAFE|fill_x0.9 seed 25 rc 0 avail_GiB 39.2 own_GiB 3.12 psi 0.0
[  2984s] started OVN_OLD_HOLD|scaled|rule|raw|UAFE|fill_x0.9 seed 29 pid 2239498 avail_GiB 39.2 own_GiB 3.13 psi 0.0
[  3010s] finished OVN_OLD_HOLD|scaled|rule|raw|UAFE|fill_x0.9 seed 26 rc 0 avail_GiB 39.2 own_GiB 3.13 psi 0.0
[  3010s] started OVN_OLD_HOLD|scaled|rule|raw|UAFE|fill_x0.9 seed 30 pid 2239563 avail_GiB 39.2 own_GiB 3.14 psi 0.0
[  3037s] finished OVN_OLD_HOLD|scaled|rule|raw|UAFE|fill_x0.9 seed 27 rc 0 avail_GiB 39.2 own_GiB 3.13 psi 0.0
[  3037s] started OVN_OLD_HOLD|scaled|rule|raw|UAFE|fill_x0.9 seed 31 pid 2239578 avail_GiB 39.2 own_GiB 3.09 psi 0.0
[  3037s] finished OVN_OLD_HOLD|scaled|rule|raw|UAFE|fill_x0.9 seed 28 rc 0 avail_GiB 39.2 own_GiB 3.10 psi 0.0
[  3063s] finished OVN_OLD_HOLD|scaled|rule|raw|UAFE|fill_x0.9 seed 29 rc 0 avail_GiB 39.2 own_GiB 3.08 psi 0.0
[  3094s] finished OVN_OLD_HOLD|scaled|rule|raw|UAFE|fill_x0.9 seed 30 rc 0 avail_GiB 39.2 own_GiB 3.04 psi 0.0
[  3120s] aggregated OVN_OLD_HOLD|scaled|rule|raw|UAFE|fill_x0.9
[  3120s] finished OVN_OLD_HOLD|scaled|rule|raw|UAFE|fill_x0.9 seed 31 rc 0 avail_GiB 39.3 own_GiB 2.99 psi 0.0
[  3120s] CHECK runs.all_rc0 OK {"OVN_OLD_HOLD|scaled|rule|raw|UAFE": {"0": 0, "1": 0, "3": 0, "2": 0, "4": 0, "5": 0, "6": 0, "7": 0, "8": 0, "9": 0, "10": 0, "11": 0, "12": 0, "13": 0, "14": 0, "15": 0, "16": 0, "17": 0, "18": 0, "19": 0, "20": 0, "21": 0, "22": 0, "23"
[  3120s] CHECK runs.audits_clean OK 
BT_LAUNCH VERDICT=PASS label=full_ovn_old_hold_r2 runs=4 seeds=32 receipt_sha256=0bda5e9c7728b26178933473020b2e3daa9249045b2af6abc9ddc19d3feded02
EXIT 0
