BT_P_CONFIG_FOR wrote /workspace/old_vs_new_2026-09-23/RUN_CONFIG_Preading_OVN_OLD.json 15e16e5aac5787c9 | runs: ['OBJB_A0_scaled_rule_raw_UAFE', 'OBJB_A0_lit_rule_raw_UAFE'] | p_reading block identical to RUN_CONFIG_Preading_A0_2026-09-20.json
BT_P_CONFIG_FOR wrote /workspace/old_vs_new_2026-09-23/RUN_CONFIG_P2reading_OVN_OLD.json d7078842972e9b73 | runs: ['OBJB_A0_scaled_rule_raw_UAFE', 'OBJB_A0_lit_rule_raw_UAFE'] | p_reading block identical to RUN_CONFIG_P2reading_A0_2026-09-20.json
BT_P_READING written /dev/shm/ovn_2026-09-23/receipts/BT_P_READING_OVN_OLD.json e6287c0bd4df9017 | quarterly starts that breach on at least one path: {"OBJB_A0|scaled (main reading, OVN OLD)": 7, "OBJB_A0|lit (reported, OVN OLD)": 10}
BT_P2_READING written /dev/shm/ovn_2026-09-23/receipts/BT_P2_READING_OVN_OLD.json caad0f8a45cd9361 | H list: [12, 8, 20, 'sim', 'never'] | semantics: ['W_ENTRY', 'W_CARRY'] | contract: 2258 aggregates, 4964 statistic blocks swept, 0 violations
BT_P_CONFIG_FOR wrote /workspace/old_vs_new_2026-09-23/RUN_CONFIG_Preading_OVN_OLD_HOLD.json 256842f91aba2b1b | runs: ['OVN_OLD_HOLD_scaled_rule_raw_UAFE'] | p_reading block identical to RUN_CONFIG_Preading_A0_2026-09-20.json
BT_P_CONFIG_FOR wrote /workspace/old_vs_new_2026-09-23/RUN_CONFIG_P2reading_OVN_OLD_HOLD.json 81e08dc69caa6d1b | runs: ['OVN_OLD_HOLD_scaled_rule_raw_UAFE'] | p_reading block identical to RUN_CONFIG_P2reading_A0_2026-09-20.json
BT_P_READING written /dev/shm/ovn_2026-09-23/receipts/BT_P_READING_OVN_OLD_HOLD.json 048bbcd74ed0a796 | quarterly starts that breach on at least one path: {"OVN_OLD_HOLD|scaled (main reading, OVN OLD_HOLD)": 2}
BT_P2_READING written /dev/shm/ovn_2026-09-23/receipts/BT_P2_READING_OVN_OLD_HOLD.json 575777733aef7b50 | H list: [12, 8, 20, 'sim', 'never'] | semantics: ['W_ENTRY', 'W_CARRY'] | contract: 1129 aggregates, 2482 statistic blocks swept, 0 violations
BT_P_CONFIG_FOR wrote /workspace/old_vs_new_2026-09-23/RUN_CONFIG_Preading_OVN_NEW_s42.json 57dd77f77ef8488d | runs: ['OVN_NEW_s42_scaled_rule_raw_UAFE', 'OVN_NEW_s42_lit_rule_raw_UAFE'] | p_reading block identical to RUN_CONFIG_Preading_A0_2026-09-20.json
BT_P_CONFIG_FOR wrote /workspace/old_vs_new_2026-09-23/RUN_CONFIG_P2reading_OVN_NEW_s42.json 11a3c8a433652cb5 | runs: ['OVN_NEW_s42_scaled_rule_raw_UAFE', 'OVN_NEW_s42_lit_rule_raw_UAFE'] | p_reading block identical to RUN_CONFIG_P2reading_A0_2026-09-20.json
BT_P_READING written /dev/shm/ovn_2026-09-23/receipts/BT_P_READING_OVN_NEW_s42.json 37e532a7a31730bf | quarterly starts that breach on at least one path: {"OVN_NEW_s42|scaled (main reading, OVN NEW_s42)": 0, "OVN_NEW_s42|lit (reported, OVN NEW_s42)": 0}
BT_P2_READING written /dev/shm/ovn_2026-09-23/receipts/BT_P2_READING_OVN_NEW_s42.json 089fbb8e29d7fdf8 | H list: [12, 8, 20, 'sim', 'never'] | semantics: ['W_ENTRY', 'W_CARRY'] | contract: 2258 aggregates, 4964 statistic blocks swept, 0 violations
BT_P_CONFIG_FOR wrote /workspace/old_vs_new_2026-09-23/RUN_CONFIG_Preading_OVN_NEW_s2027.json 3b8c0e46da731b29 | runs: ['OVN_NEW_s2027_scaled_rule_raw_UAFE', 'OVN_NEW_s2027_lit_rule_raw_UAFE'] | p_reading block identical to RUN_CONFIG_Preading_A0_2026-09-20.json
BT_P_CONFIG_FOR wrote /workspace/old_vs_new_2026-09-23/RUN_CONFIG_P2reading_OVN_NEW_s2027.json 665bb85a6919e80f | runs: ['OVN_NEW_s2027_scaled_rule_raw_UAFE', 'OVN_NEW_s2027_lit_rule_raw_UAFE'] | p_reading block identical to RUN_CONFIG_P2reading_A0_2026-09-20.json
BT_P_READING written /dev/shm/ovn_2026-09-23/receipts/BT_P_READING_OVN_NEW_s2027.json c32ff6dc3b247c28 | quarterly starts that breach on at least one path: {"OVN_NEW_s2027|scaled (main reading, OVN NEW_s2027)": 0, "OVN_NEW_s2027|lit (reported, OVN NEW_s2027)": 0}
BT_P2_READING written /dev/shm/ovn_2026-09-23/receipts/BT_P2_READING_OVN_NEW_s2027.json 9b2ca93f89d56273 | H list: [12, 8, 20, 'sim', 'never'] | semantics: ['W_ENTRY', 'W_CARRY'] | contract: 2258 aggregates, 4964 statistic blocks swept, 0 violations
OVN_STATS SEED NEW_s42 vs OLD: G1=FAIL(+8.506 bps/d, 97.5%CI30 [-0.370, +21.191]) G2=PASS(3/3) G3=PASS G4=PASS G5=PASS ALL=FAIL
OVN_STATS SEED NEW_s42 vs OLD_HOLD: G1=FAIL(+5.979 bps/d, 97.5%CI30 [-1.354, +15.482]) G2=PASS(2/3) G3=FAIL G4=PASS G5=PASS ALL=FAIL
OVN_STATS SEED NEW_s2027 vs OLD: G1=FAIL(+7.142 bps/d, 97.5%CI30 [-0.836, +18.266]) G2=PASS(3/3) G3=PASS G4=PASS G5=PASS ALL=FAIL
OVN_STATS SEED NEW_s2027 vs OLD_HOLD: G1=FAIL(+4.615 bps/d, 97.5%CI30 [-1.909, +12.928]) G2=PASS(2/3) G3=FAIL G4=PASS G5=PASS ALL=FAIL
OVN_STATS VERDICT=UNDECIDED unavailable=0 old_reproduction={'base': {'n_identical': 32, 'n': 32}, 'fee_x1.25': {'n_identical': 32, 'n': 32}, 'slip_x1.5': {'n_identical': 32, 'n': 32}, 'fill_x0.9': {'n_identical': 32, 'n': 32}, 'lit': {'n_identical': 32, 'n': 32}} receipt_sha256=660ea5584fee439d4189b0de221da79614e4a50b3d82c136eb5b08eaa773c81a
OVN_EXT written /dev/shm/ovn_2026-09-23/receipts/OVN_EXT.json 2384e4799ff8cd6b7ea68c7b5d5bdb4ff5b176738695fda4bd629db24e787775 {'OLD': None, 'NEW_s42': -3.6314853308325428, 'NEW_s2027': -2.0569093725472394} {'NEW_s42': {'shared_anchors': 9138, 'max_abs_diff_window_return': 0.0, 'bitwise_equal': True}, 'NEW_s2027': {'shared_anchors': 9138, 'max_abs_diff_window_return': 0.0, 'bitwise_equal': True}}
OVN_POST DONE
EXIT 0
