05:52:03Z [f10full-cells] === START (pgid 3233911) arm=G1_T0_nomask_frac1 seeds: 42 2027 7 ===
06:01:04Z [f10full-cells] seed 42: trained (23/23 folds); df-avail 547776728 MB (NOTE: df shows the whole disk and
06:01:04Z [f10full-cells]           does NOT see this account's quota -- the real headroom was measured at 872 MB by a
06:01:04Z [f10full-cells]           write probe, so the per-seed delete below is what keeps us inside it)
06:01:04Z [f10full-cells] seed 42: book cell start
06:14:45Z [f10full-cells] seed 42: engine rc=0  06:03:44 engine gate PASS: foreign=0<=2 avail=34.15>=24.0 shm=7.08>=4.0 GiB, waited 0s
06:14:45Z [f10full-cells] seed 42: retention start (--delete after its four preconditions; residual loss is recorded)
06:14:57Z [f10full-cells] seed 42: retention rc=0  P1 judge table: 2023H2:dbar=-3.4011 2024:dbar=+5.3902 2025:dbar=-6.6034 pre2026:dbar=-1.1620 2026:dbar=-1.1925 2026_frozen_truncated:dbar=-1.1652 full_window:dbar=-1.1688
06:14:57Z [f10full-cells] seed 42: DLARCH_CELL_RETAIN tag=DLARCH_G1_T0_nomask_frac1_s42_scaled_rule_raw_UAFE ALL_PRECONDITIONS_PASS=True deleted=32 p2_bitwise=True red=True
06:14:58Z [f10full-cells] seed 42: workspace usage now 2.8G
07:06:59Z [f10full-cells] seed 2027: trained (23/23 folds); df-avail 546876102 MB (NOTE: df shows the whole disk and
07:06:59Z [f10full-cells]           does NOT see this account's quota -- the real headroom was measured at 872 MB by a
07:06:59Z [f10full-cells]           write probe, so the per-seed delete below is what keeps us inside it)
07:06:59Z [f10full-cells] seed 2027: book cell start
07:20:41Z [f10full-cells] seed 2027: engine rc=0  07:09:40 engine gate PASS: foreign=0<=2 avail=32.81>=24.0 shm=7.08>=4.0 GiB, waited 0s
07:20:41Z [f10full-cells] seed 2027: retention start (--delete after its four preconditions; residual loss is recorded)
07:20:52Z [f10full-cells] seed 2027: retention rc=0  P1 judge table: 2023H2:dbar=-1.6175 2024:dbar=+0.4746 2025:dbar=-5.9144 pre2026:dbar=-2.4947 2026:dbar=-1.6949 2026_frozen_truncated:dbar=-1.7958 full_window:dbar=-2.3172
07:20:52Z [f10full-cells] seed 2027: DLARCH_CELL_RETAIN tag=DLARCH_G1_T0_nomask_frac1_s2027_scaled_rule_raw_UAFE ALL_PRECONDITIONS_PASS=True deleted=32 p2_bitwise=True red=True
07:20:53Z [f10full-cells] seed 2027: workspace usage now 3.0G
08:13:55Z [f10full-cells] seed 7: trained (23/23 folds); df-avail 547318068 MB (NOTE: df shows the whole disk and
08:13:55Z [f10full-cells]           does NOT see this account's quota -- the real headroom was measured at 872 MB by a
08:13:55Z [f10full-cells]           write probe, so the per-seed delete below is what keeps us inside it)
08:13:55Z [f10full-cells] seed 7: book cell start
08:28:29Z [f10full-cells] seed 7: engine rc=0  08:16:36 engine gate PASS: foreign=0<=2 avail=35.79>=24.0 shm=7.08>=4.0 GiB, waited 0s
08:28:29Z [f10full-cells] seed 7: retention start (--delete after its four preconditions; residual loss is recorded)
08:28:41Z [f10full-cells] seed 7: retention rc=0  P1 judge table: 2023H2:dbar=-1.5988 2024:dbar=+3.1441 2025:dbar=-1.8568 pre2026:dbar=+0.1954 2026:dbar=-2.2634 2026_frozen_truncated:dbar=-2.3695 full_window:dbar=-0.3503
08:28:41Z [f10full-cells] seed 7: DLARCH_CELL_RETAIN tag=DLARCH_G1_T0_nomask_frac1_s7_scaled_rule_raw_UAFE ALL_PRECONDITIONS_PASS=True deleted=32 p2_bitwise=True red=True
08:28:42Z [f10full-cells] seed 7: workspace usage now 3.0G
08:28:42Z [f10full-cells] all F10_FULL cells done
08:28:42Z [f10full-cells] === F10FULL_CELLS_DRIVER_DONE ===
