2026-08-26T00:45:32Z rate_budget[fapi.binance.com]: weight=6552 requests=1236 orders=175 peak/min w=1000 r=282 o=98
2026-08-26T00:45:32Z rate_timeline: 2474 rows (dropped 0) -> /Users/haosiyu/dl_quant_live/state/live/rate_timeline/A1787703780.json
2026-08-26T00:45:33Z venue_rate: DECIDED_ON=window_high_water(aligned 1m) peak_window_weight=1720 | REPORTED_ONLY peak_used_weight_1m=1720 peak_order_count_1m=98 (anchor-wide max; the backstop never c
2026-08-26T00:45:33Z anchor done rc=0
2026-09-16T04:28:43Z anchor start mode=DRY_RUN
2026-09-16T04:28:43Z state root: /Users/haosiyu/cc_tmp/fx_w6c/state (mode=DRY_RUN, single_delta=True)
2026-09-16T04:28:46Z   preds: klines 40/140 symbols
2026-09-16T04:28:47Z   preds: klines 80/140 symbols
2026-09-16T04:28:48Z   preds: klines 120/140 symbols
2026-09-16T04:28:49Z   preds: klines 140/140 symbols
2026-09-16T04:28:50Z   preds: klines cached; fetching funding
2026-09-16T04:29:34Z   preds: caches warm; building panel
2026-09-16T04:29:35Z   preds: panel built; loading frozen models
2026-09-16T04:29:42Z preds: {"ok": true, "preds_written": true, "path": "/Users/haosiyu/cc_tmp/fx_w6c/state/preds_latest.json", "data_gaps_fresh_members": {}, "data_gaps_fresh_non_members": {"EOSUSDT"
2026-09-16T04:29:42Z arm: {"mode": "DRY_RUN", "checks": "skipped — no venue contacted"}
2026-09-16T04:29:43Z filters: 658 symbols
2026-09-16T04:29:43Z pilot_log: writing to /Users/haosiyu/cc_tmp/fx_w6c/state/pilot_log/20260916
2026-09-16T04:29:43Z phase_A: {"anchor_wall_ts": 1789532983.118221, "book_source": "external", "book_observability_gate": {"halt": false, "state": "NOT_EVALUATED", "page": false, "why": "the newest ev
2026-09-16T04:29:43Z k window: sleeping 1s (FAST — not representative; certification requires the real window)
2026-09-16T04:29:44Z phase_B: {"rebalance_id": "A1789532983", "k_cancel": {"cancelled": 0, "already_terminal": 0, "errors": [], "unresolved": [], "rate_limited": 0, "ban_waits": 0, "ban_wait_s": 0.0, 
2026-09-16T04:29:44Z phase_C: {"anchors_row": true, "position_readback_rows": 0, "daily_nav_row": false, "per_name_stop": "SKIPPED_NON_LIVE", "book_observation": {"verdict": "NO_ACCOUNT", "n_rows": 0,
2026-09-16T04:29:44Z funding: income=0 rows=0 skipped_no_position=0 gap=COLD_START sign=None
2026-09-16T04:29:52Z watchdog: tripped=False n_days=9 public_path={'alive': True, 'ms': 120, 'n_markets': 234} blind=['cond1_c_persist', 'cond2_day_loss', 'cond4_drawdown', 'cond4b_leverage', 'cond5_v
2026-09-16T04:29:52Z signal_data_gaps: 3 NON-member name(s) with fresh gaps (excluded by member derivation, hold nothing): EOSUSDT:24, MATICUSDT:24, RNDRUSDT:24
2026-09-16T04:29:52Z ledger: 0/0 completed (0.0%), day 0, gate=NOT_STARTED
2026-09-16T04:29:54Z artifacts: OK (7/7 hold; N/A in DRY_RUN: 2)
2026-09-16T04:29:54Z open_items: 30 open (A:8, B:19, C:3) oldest 52.2d
2026-09-16T04:29:54Z factor_health VERDICT: factor health UNKNOWN — the shadow monitor report could not be read at all, so neither a decay verdict nor the mixture it would have been computed on exists
2026-09-16T04:29:54Z factor_health: ok=False ic=None caliber=None decay_judged=False weights_match_deployed=None measured_w=None deployed_w=None age_h=None
2026-09-16T04:29:54Z factor_health alarm receipt: {"ts": 1789532994.290012, "severity": "INFO", "message": "\u2139\ufe0f\n\u56e0\u5b50\u5065\u5eb7: UNREACHABLE: the shadow monitor report could not be 
2026-09-16T04:29:54Z funding_span: STALE ours=140 venue=782 stale=15 absent_from_venue=13 built_at=2026-07-25T23:17:59+08:00
2026-09-16T04:29:54Z metrics_freeze: FROZEN_MATCH sha=5ac7b16d0f97f2f8… frozen=2026-08-05T16:32:54Z
2026-09-16T04:30:54Z nosleep: ok=False agent_pid=815 guard_age_h=36.744 power=AC | interval=48.0h log_verified=False slept_since_guard=None slept_before_guard=None
2026-09-16T04:30:54Z alarms: raised=2 delivered_offbox=0 recorded_only=0 undelivered=0
2026-09-16T04:30:55Z lock released (anchor work complete; what follows is reporting only)
2026-09-16T04:30:55Z rate_budget: peak/min weight=863 orders=0 requests=284 | weight_spent=863 orders_spent=0 requests_spent=284 waits=0 wait_s=0.0 | self-imposed caps 1000 weight/min, 300 orders/min,
2026-09-16T04:30:55Z rate_budget[fapi.binance.com]: weight=863 requests=284 orders=0 peak/min w=863 r=284 o=0
2026-09-16T04:30:55Z rate_timeline: 568 rows (dropped 0) -> /Users/haosiyu/cc_tmp/fx_w6c/state/rate_timeline/A1789532983.json
2026-09-16T04:30:55Z venue_rate: DECIDED_ON=window_high_water(aligned 1m) peak_window_weight=81 | REPORTED_ONLY peak_used_weight_1m=81 peak_order_count_1m=0 (anchor-wide max; the backstop never compar
2026-09-16T04:30:55Z anchor done rc=0
=== what this file is ===
FX-W6C ran live/tests_entrypoint_wiring.py at ~04:28Z = N+28min, OUTSIDE the sanctioned
battery window (N+65min..N+3h15m) and inside the 04Z anchor window. It drives a DRY_RUN
run_anchor, which makes credential-free PUBLIC market-data GETs to fapi. Killed at 04:30:28Z.
Above: the tail of the CLONE's state/anchor_runs.log written by that run (the live tree was not
touched: the clone resolves its own state root).
