source: snapshot copy of state/live/pilot_log (rsync 2026-09-13T14:19:50Z); anchor readbacks only (source not ladder*); anchors with realized gross >= 1000 USDT; last 12 day directories
{"day": "20260902", "anchor_ts": 1788323041.2621498, "gross": 40801.35, "n_held": 249, "top1_pct": 1.2339, "top1": "STARUSDT", "top5_pct": 5.7749}
{"day": "20260902", "anchor_ts": 1788337442.0282502, "gross": 40554.97, "n_held": 248, "top1_pct": 1.2668, "top1": "STARUSDT", "top5_pct": 5.996}
{"day": "20260902", "anchor_ts": 1788351842.093668, "gross": 40519.79, "n_held": 248, "top1_pct": 1.2397, "top1": "STARUSDT", "top5_pct": 5.9907}
{"day": "20260902", "anchor_ts": 1788366242.933635, "gross": 40692.81, "n_held": 247, "top1_pct": 1.2274, "top1": "STARUSDT", "top5_pct": 6.029}
{"day": "20260902", "anchor_ts": 1788380642.079645, "gross": 41282.09, "n_held": 248, "top1_pct": 1.2472, "top1": "STARUSDT", "top5_pct": 6.01}
{"day": "20260903", "anchor_ts": 1788395042.305022, "gross": 41502.13, "n_held": 249, "top1_pct": 1.2423, "top1": "STARUSDT", "top5_pct": 5.9516}
{"day": "20260903", "anchor_ts": 1788409441.882261, "gross": 41673.69, "n_held": 250, "top1_pct": 1.2446, "top1": "STARUSDT", "top5_pct": 5.9218}
{"day": "20260903", "anchor_ts": 1788423841.519289, "gross": 41638.67, "n_held": 248, "top1_pct": 1.2456, "top1": "4USDT", "top5_pct": 6.0348}
{"day": "20260903", "anchor_ts": 1788438243.742789, "gross": 42029.37, "n_held": 247, "top1_pct": 1.2319, "top1": "COLLECTUSDT", "top5_pct": 5.9935}
{"day": "20260903", "anchor_ts": 1788452642.315062, "gross": 163439.12, "n_held": 252, "top1_pct": 1.2391, "top1": "ONUSDT", "top5_pct": 6.1236}
{"day": "20260903", "anchor_ts": 1788467041.831627, "gross": 166137.54, "n_held": 252, "top1_pct": 1.2131, "top1": "ONUSDT", "top5_pct": 5.9847}
{"day": "20260904", "anchor_ts": 1788481441.5664299, "gross": 165589.15, "n_held": 252, "top1_pct": 1.1965, "top1": "ONUSDT", "top5_pct": 5.8976}
{"day": "20260904", "anchor_ts": 1788495842.3349319, "gross": 164401.66, "n_held": 253, "top1_pct": 1.1997, "top1": "COLLECTUSDT", "top5_pct": 5.8911}
{"day": "20260904", "anchor_ts": 1788510241.764093, "gross": 163524.38, "n_held": 252, "top1_pct": 1.1726, "top1": "CLOUSDT", "top5_pct": 5.7946}
{"day": "20260904", "anchor_ts": 1788524641.95789, "gross": 161094.81, "n_held": 255, "top1_pct": 1.1988, "top1": "ONUSDT", "top5_pct": 5.8371}
{"day": "20260904", "anchor_ts": 1788539042.342396, "gross": 163334.6, "n_held": 253, "top1_pct": 1.2426, "top1": "4USDT", "top5_pct": 6.0012}
{"day": "20260904", "anchor_ts": 1788553442.0604758, "gross": 163756.44, "n_held": 255, "top1_pct": 1.1977, "top1": "ONUSDT", "top5_pct": 5.9134}
{"day": "20260905", "anchor_ts": 1788567843.0101671, "gross": 163522.08, "n_held": 255, "top1_pct": 1.1984, "top1": "4USDT", "top5_pct": 5.8742}
{"day": "20260905", "anchor_ts": 1788582242.4249952, "gross": 167982.59, "n_held": 256, "top1_pct": 1.3042, "top1": "UAIUSDT", "top5_pct": 6.032}
{"day": "20260905", "anchor_ts": 1788596642.3264, "gross": 168221.04, "n_held": 258, "top1_pct": 1.1841, "top1": "ONUSDT", "top5_pct": 5.8442}
{"day": "20260905", "anchor_ts": 1788611041.2527108, "gross": 167727.13, "n_held": 261, "top1_pct": 1.1721, "top1": "ONUSDT", "top5_pct": 5.7984}
{"day": "20260905", "anchor_ts": 1788625442.37312, "gross": 169150.65, "n_held": 263, "top1_pct": 1.2735, "top1": "4USDT", "top5_pct": 5.9096}
{"day": "20260905", "anchor_ts": 1788639842.033122, "gross": 168108.43, "n_held": 265, "top1_pct": 1.2165, "top1": "UAIUSDT", "top5_pct": 5.9359}
{"day": "20260906", "anchor_ts": 1788654242.1511989, "gross": 167707.59, "n_held": 266, "top1_pct": 1.1836, "top1": "ONUSDT", "top5_pct": 5.8119}
{"day": "20260906", "anchor_ts": 1788668641.9281862, "gross": 165180.6, "n_held": 266, "top1_pct": 1.207, "top1": "4USDT", "top5_pct": 5.8631}
{"day": "20260906", "anchor_ts": 1788683042.518534, "gross": 162741.53, "n_held": 268, "top1_pct": 1.1798, "top1": "ONUSDT", "top5_pct": 5.7837}
{"day": "20260907", "anchor_ts": 1788755041.803536, "gross": 102218.0, "n_held": 145, "top1_pct": 1.8733, "top1": "CLOUSDT", "top5_pct": 9.0721}
{"day": "20260907", "anchor_ts": 1788769441.9162502, "gross": 161805.72, "n_held": 223, "top1_pct": 1.1839, "top1": "STARUSDT", "top5_pct": 5.8475}
{"day": "20260907", "anchor_ts": 1788783842.889181, "gross": 166341.61, "n_held": 230, "top1_pct": 1.2198, "top1": "4USDT", "top5_pct": 5.7393}
{"day": "20260907", "anchor_ts": 1788798242.380121, "gross": 165706.91, "n_held": 233, "top1_pct": 1.1397, "top1": "STARUSDT", "top5_pct": 5.6423}
{"day": "20260907", "anchor_ts": 1788812642.3058271, "gross": 165147.7, "n_held": 234, "top1_pct": 1.1332, "top1": "STARUSDT", "top5_pct": 5.6008}
{"day": "20260908", "anchor_ts": 1788827042.3065841, "gross": 166132.63, "n_held": 234, "top1_pct": 1.1339, "top1": "STARUSDT", "top5_pct": 5.5714}
{"day": "20260908", "anchor_ts": 1788841441.7723148, "gross": 167490.41, "n_held": 235, "top1_pct": 1.126, "top1": "STARUSDT", "top5_pct": 5.5637}
{"day": "20260908", "anchor_ts": 1788855841.722029, "gross": 166999.37, "n_held": 238, "top1_pct": 1.1129, "top1": "STARUSDT", "top5_pct": 5.4811}
{"day": "20260908", "anchor_ts": 1788870242.889668, "gross": 231244.33, "n_held": 239, "top1_pct": 1.1201, "top1": "STARUSDT", "top5_pct": 5.5544}
{"day": "20260908", "anchor_ts": 1788884642.5577018, "gross": 233817.18, "n_held": 242, "top1_pct": 1.1302, "top1": "STARUSDT", "top5_pct": 5.563}
{"day": "20260908", "anchor_ts": 1788899041.316442, "gross": 232885.66, "n_held": 241, "top1_pct": 1.1123, "top1": "STARUSDT", "top5_pct": 5.5006}
{"day": "20260909", "anchor_ts": 1788913441.481489, "gross": 232351.38, "n_held": 241, "top1_pct": 1.1595, "top1": "STARUSDT", "top5_pct": 5.6058}
{"day": "20260909", "anchor_ts": 1788927841.29871, "gross": 232644.11, "n_held": 241, "top1_pct": 1.095, "top1": "UAIUSDT", "top5_pct": 5.4108}
{"day": "20260909", "anchor_ts": 1788942242.494147, "gross": 232585.82, "n_held": 241, "top1_pct": 1.1163, "top1": "UAIUSDT", "top5_pct": 5.4376}
{"day": "20260909", "anchor_ts": 1788971042.8167958, "gross": 232732.86, "n_held": 243, "top1_pct": 1.0805, "top1": "CLOUSDT", "top5_pct": 5.3537}
{"day": "20260910", "anchor_ts": 1788999841.429603, "gross": 154910.04, "n_held": 162, "top1_pct": 1.6281, "top1": "CLOUSDT", "top5_pct": 7.8692}
{"day": "20260910", "anchor_ts": 1789014242.384937, "gross": 226306.01, "n_held": 234, "top1_pct": 1.0825, "top1": "4USDT", "top5_pct": 5.3556}
{"day": "20260910", "anchor_ts": 1789028642.3607922, "gross": 227362.43, "n_held": 238, "top1_pct": 1.0717, "top1": "CLOUSDT", "top5_pct": 5.2847}
{"day": "20260910", "anchor_ts": 1789043041.759817, "gross": 227407.37, "n_held": 242, "top1_pct": 1.0675, "top1": "CLOUSDT", "top5_pct": 5.2236}
{"day": "20260910", "anchor_ts": 1789057441.938354, "gross": 227840.64, "n_held": 243, "top1_pct": 1.0574, "top1": "CLOUSDT", "top5_pct": 5.1904}
{"day": "20260910", "anchor_ts": 1789071842.5790231, "gross": 228362.86, "n_held": 246, "top1_pct": 1.0617, "top1": "XMRUSDT", "top5_pct": 5.2167}
{"day": "20260911", "anchor_ts": 1789086242.166301, "gross": 228447.05, "n_held": 246, "top1_pct": 1.079, "top1": "UAIUSDT", "top5_pct": 5.2436}
{"day": "20260911", "anchor_ts": 1789100641.365217, "gross": 228340.25, "n_held": 246, "top1_pct": 1.0639, "top1": "CLOUSDT", "top5_pct": 5.226}
{"day": "20260911", "anchor_ts": 1789115043.025244, "gross": 227250.64, "n_held": 247, "top1_pct": 1.0923, "top1": "CLOUSDT", "top5_pct": 5.2561}
{"day": "20260911", "anchor_ts": 1789129441.440974, "gross": 236345.12, "n_held": 248, "top1_pct": 1.0572, "top1": "CLOUSDT", "top5_pct": 5.163}
{"day": "20260911", "anchor_ts": 1789143842.005104, "gross": 232154.71, "n_held": 250, "top1_pct": 1.061, "top1": "CLOUSDT", "top5_pct": 5.1606}
{"day": "20260911", "anchor_ts": 1789158241.4720042, "gross": 233032.85, "n_held": 253, "top1_pct": 1.0578, "top1": "CLOUSDT", "top5_pct": 5.1289}
{"day": "20260912", "anchor_ts": 1789172641.106866, "gross": 234372.22, "n_held": 253, "top1_pct": 1.0516, "top1": "CLOUSDT", "top5_pct": 5.0242}
{"day": "20260912", "anchor_ts": 1789187043.614244, "gross": 232973.99, "n_held": 255, "top1_pct": 1.0482, "top1": "CLOUSDT", "top5_pct": 5.0099}
{"day": "20260912", "anchor_ts": 1789201442.562113, "gross": 236243.47, "n_held": 257, "top1_pct": 1.0396, "top1": "CLOUSDT", "top5_pct": 5.015}
{"day": "20260912", "anchor_ts": 1789215841.923763, "gross": 235397.72, "n_held": 255, "top1_pct": 1.0624, "top1": "CLOUSDT", "top5_pct": 5.0649}
{"day": "20260913", "anchor_ts": 1789302240.8704782, "gross": 227671.77, "n_held": 237, "top1_pct": 1.1425, "top1": "CLOUSDT", "top5_pct": 5.5376}
SUMMARY n_anchors 58 max_top1_pct 1.8733 max_top5_pct 9.0721 median_top5_pct 5.7749
