{
 "code": "/Users/haosiyu/cc_tmp/fx_w6c_base",
 "probe": {
  "U1": {
   "tripped": false,
   "triggers": [],
   "blind": [],
   "5b_state": "CLEAN",
   "5b_last_ats": 1789086400.0,
   "5e_state": "CLEAN",
   "5e_blind": false,
   "cond7_drift": "CLEAN",
   "flatten_all": [],
   "local_responses": null
  },
  "U2": {
   "tripped": false,
   "triggers": [],
   "blind": [
    "cond5_venue_event",
    "cond7_ops"
   ],
   "5b_state": "UNKNOWN",
   "5b_last_ats": null,
   "5e_state": "UNKNOWN",
   "5e_blind": true,
   "cond7_drift": "UNKNOWN",
   "flatten_all": [],
   "local_responses": null
  },
  "U3": {
   "tripped": false,
   "triggers": [],
   "blind": [],
   "5b_state": "CLEAN",
   "5b_last_ats": 1789172800.0,
   "5e_state": "CLEAN",
   "5e_blind": false,
   "cond7_drift": "CLEAN",
   "flatten_all": [],
   "local_responses": null
  }
 }
}
