09-21T20Z base     rc 0 n 276
09-21T20Z no_fund  rc 0 n 276
09-21T20Z no_king  rc 0 n 276
09-21T20Z no_f10   rc 0 n 276
09-22T00Z base     rc 0 n 277
09-22T00Z no_fund  rc 0 n 279
09-22T00Z no_king  rc 0 n 279
09-22T00Z no_f10   rc 0 n 278
09-22T04Z base     rc 0 n 281
09-22T04Z no_fund  rc 0 n 282
09-22T04Z no_king  rc 0 n 281
09-22T04Z no_f10   rc 0 n 281
09-22T08Z base     rc 0 n 281
09-22T08Z no_fund  rc 0 n 281
09-22T08Z no_king  rc 0 n 280
09-22T08Z no_f10   rc 0 n 280
09-22T12Z base     rc 0 n 286
09-22T12Z no_fund  rc 0 n 285
09-22T12Z no_king  rc 0 n 285
09-22T12Z no_f10   rc 0 n 286
09-22T16Z base     rc 0 n 286
09-22T16Z no_fund  rc 0 n 286
09-22T16Z no_king  rc 0 n 284
09-22T16Z no_f10   rc 0 n 286
09-22T20Z base     rc 0 n 283
09-22T20Z no_fund  rc 0 n 284
09-22T20Z no_king  rc 0 n 283
09-22T20Z no_f10   rc 0 n 284
09-23T00Z base     rc 0 n 285
09-23T00Z no_fund  rc 0 n 285
09-23T00Z no_king  rc 0 n 284
09-23T00Z no_f10   rc 0 n 285
09-23T04Z base     rc 0 n 287
09-23T04Z no_fund  rc 0 n 286
09-23T04Z no_king  rc 0 n 286
09-23T04Z no_f10   rc 0 n 287
09-23T08Z base     rc 0 n 292
09-23T08Z no_fund  rc 0 n 292
09-23T08Z no_king  rc 0 n 290
09-23T08Z no_f10   rc 0 n 289
09-23T12Z base     rc 0 n 295
09-23T12Z no_fund  rc 0 n 295
09-23T12Z no_king  rc 0 n 295
09-23T12Z no_f10   rc 0 n 294
09-23T16Z base     rc 0 n 298
09-23T16Z no_fund  rc 0 n 298
09-23T16Z no_king  rc 0 n 298
09-23T16Z no_f10   rc 0 n 298
09-23T20Z base     rc 0 n 298
09-23T20Z no_fund  rc 0 n 299
09-23T20Z no_king  rc 0 n 298
09-23T20Z no_f10   rc 0 n 297
09-24T00Z base     rc 0 n 299
09-24T00Z no_fund  rc 0 n 301
09-24T00Z no_king  rc 0 n 299
09-24T00Z no_f10   rc 0 n 298
09-24T04Z base     rc 0 n 303
09-24T04Z no_fund  rc 0 n 303
09-24T04Z no_king  rc 0 n 303
09-24T04Z no_f10   rc 0 n 301
base book P&L: {'09-21T20Z': 148.5, '09-22T00Z': 129.7, '09-22T04Z': -152.7, '09-22T08Z': 203.3, '09-22T12Z': -184.0, '09-22T16Z': 611.5, '09-22T20Z': -904.0, '09-23T00Z': 4.4, '09-23T04Z': -381.2, '09-23T08Z': -12.8, '09-23T12Z': -451.5, '09-23T16Z': 340.7, '09-23T20Z': 1157.5, '09-24T00Z': -425.0, '09-24T04Z': 148.7}
CF leg fund: sum -1005.0 over 15 priced anchors; per anchor {09-21T20Z: -18.3, 09-22T00Z: -2.8, 09-22T04Z: +106.5, 09-22T08Z: -36.8, 09-22T12Z: +157.4, 09-22T16Z: +603.0, 09-22T20Z: -227.7, 09-23T00Z: -46.6, 09-23T04Z: -22.1, 09-23T08Z: -450.6, 09-23T12Z: -1709.0, 09-23T16Z: +314.8, 09-23T20Z: -35.2, 09-24T00Z: +80.4, 09-24T04Z: +281.9}
CF leg king: sum +607.8 over 15 priced anchors; per anchor {09-21T20Z: -14.4, 09-22T00Z: -10.6, 09-22T04Z: -18.1, 09-22T08Z: -24.5, 09-22T12Z: +46.0, 09-22T16Z: -67.1, 09-22T20Z: +66.4, 09-23T00Z: +71.3, 09-23T04Z: +41.7, 09-23T08Z: +160.3, 09-23T12Z: +217.2, 09-23T16Z: -10.9, 09-23T20Z: +157.1, 09-24T00Z: +42.9, 09-24T04Z: -49.4}
CF leg f10: sum -64.5 over 15 priced anchors; per anchor {09-21T20Z: +16.6, 09-22T00Z: -9.4, 09-22T04Z: +17.1, 09-22T08Z: +34.7, 09-22T12Z: -30.8, 09-22T16Z: +26.8, 09-22T20Z: -40.1, 09-23T00Z: +60.2, 09-23T04Z: -99.4, 09-23T08Z: -9.3, 09-23T12Z: -81.8, 09-23T16Z: +74.9, 09-23T20Z: +19.6, 09-24T00Z: +16.3, 09-24T04Z: -60.0}
cf rc=0
