[    6.7s] inputs verified
[   32.1s] pod cache tail (10945, 829, 7) 2026-08-04 00Z 2026-09-11 00Z
[   32.6s] snapshot (11520, 829, 7) 2026-08-04 04Z 2026-09-13 04Z prod anchors 163 2026-08-17 04Z 2026-09-13 12Z
[   33.5s] DP True {'ret5': (0, 0), 'range': (0, 0), 'cpos': (0, 0), 'log_qv': (0, 0), 'log_cnt': (0, 0), 'log_avgsz': (0, 0), 'tbf': (0, 0)}
[   39.8s] V1 161 / 161
[   47.5s] V2 148 / 148
[   47.5s] VS {'anchor': '2026-09-13 04Z', 'members_equal': True, 'sel_idx_equal': True, 'n_sel': 254, 'PASS': True}
[   48.0s] overlap anchors 147 2026-08-17 04Z 2026-09-10 20Z
[   48.0s] anchor 2026-08-17 04Z 0 / 147
[   51.2s] anchor 2026-08-20 16Z 20 / 147
[   54.4s] anchor 2026-08-24 00Z 40 / 147
[   57.5s] anchor 2026-08-27 08Z 60 / 147
[   60.5s] anchor 2026-08-30 20Z 80 / 147
[   63.6s] anchor 2026-09-03 04Z 100 / 147
[   66.7s] anchor 2026-09-06 12Z 120 / 147
[   69.9s] anchor 2026-09-09 20Z 140 / 147
[   71.0s] V3 147 / 147 V4 147 / 147
[   71.0s] GATES {"DP_data_parity_live450": true, "V1_prod_rule_on_snapshot": true, "V2_prod_rule_on_pod_cache_live450": true, "VS_prod_sel_rule": true, "V3_K_rule_reproduces_stored_king_meta_members": true, "V4_D_rule_reproduces_stored_dl_target_members": true}
[   71.0s] SUMMARY PK {"n": 147, "median": 0.659751, "mean": 0.6574, "min": 0.639344, "max": 0.680672} PD {"n": 147, "median": 0.659751, "mean": 0.6574, "min": 0.639344, "max": 0.680672} R {"n": 142, "median": 373.0, "mean": 373.0, "min": 373.0, "max": 373.0} QV4H {"n_common_name_anchor": 47190, "P_vs_R_abs_dlog": {"median": 0.000565681265898732, "p90": 0.0014536060972808683, "max": 0.005677570983005253, "mean_signed": 5.760585746024012e-05}, "P_vs_R_tier_agree": 0.999915, "P_vs_R_threshold_2.5e5_disagree": 17, "r17_formula_vs_R_abs_dlog": {"n": 47174, "median": 0.4968438363636789, "p90": 1.5181304209155726, "mean_signed": 0.4267073297582497}, "r17_formula_vs_R_tier_agree": 0.784352}
[   71.0s] DONE members_audit wall_s 71.0
EXIT rc=0 2026-09-13T13:32:17Z
