[    1.3s] inputs verified, production feature code copied
[    3.3s] G-BOOT_info {'rows': 3024, 'first': '2026-07-25 00Z', 'last': '2026-08-04 12Z', 'nan_pattern_diff': 0, 'bitwise_diff': 0, 'cells': 9525600}
[  258.5s] G-F10SREP {'full40d': {'anchors': 6, 'X171_bitwise': 6, 'scol_equal': 6, 'f10_bitwise': 6, 'max_abs_X171': 0.0, 'n_e_rows': {'2026-09-12 12Z': 239, '2026-09-12 16Z': 239, '2026-09-12 20Z': 239, '2026-09-13 00Z': 239, '2026-09-13 04Z': 239, '2026-09-13 08Z': 239}, 'PASS': True}, 't4b_view': {'anchors': 6, 'X171_bitwise': 6, 'scol_equal': 6, 'f10_bitwise': 6, 'max_abs_X171': 0.0, 'n_e_rows': {'2026-09-12 12Z': 234, '2026-09-12 16Z': 235, '2026-09-12 20Z': 236, '2026-09-13 00Z': 237, '2026-09-13 04Z': 238, '2026-09-13 08Z': 239}, 'PASS': True}}
[  615.2s] F_S overlap done 17
[  615.7s] G-MEMBERCODE {'checked_anchors': 3, 'equal': 3, 'PASS': True}
Traceback (most recent call last):
  File "/Users/haosiyu/Desktop/quant_research/docs/audit_pipeline_2026-09-13/devices_prod/parity/parity_f10.py", line 212, in <module>
    FH_out, FH_rep = run_pipeline("FH", rts_h, RD_h, members_prod_row, BTCV, {A: fund_from_record(A) for A in OVL}, OVL); RC["FH_run"] = FH_rep
                     ~~~~~~~~~~~~^^^^^^^^^^^^^^^^^^^^^^^^^^^^^^^^^^^^^^^^^^^^^^^^^^^^^^^^^^^^^^^^^^^^^^^^^^^^^^^^^^^^^^^
  File "/Users/haosiyu/Desktop/quant_research/docs/audit_pipeline_2026-09-13/devices_prod/parity/parity_f10.py", line 125, in run_pipeline
    for k, i in enumerate(e_rows): ms_arr[k] = members_of_row(i, int(rts[i]))
                                               ~~~~~~~~~~~~~~^^^^^^^^^^^^^^^^
  File "/Users/haosiyu/Desktop/quant_research/docs/audit_pipeline_2026-09-13/devices_prod/parity/parity_f10.py", line 201, in members_prod_row
    if t >= W0: return weights_members(t)
                       ~~~~~~~~~~~~~~~^^^
  File "/Users/haosiyu/Desktop/quant_research/docs/audit_pipeline_2026-09-13/devices_prod/parity/parity_f10.py", line 115, in weights_members
    p = f"{WS}/state/weights/{int(A)}.npz"; z = np.load(p); return np.asarray(z["members"], np.int64)
                                                ~~~~~~~^^^
  File "/Users/haosiyu/wide_shadow/venv/lib/python3.14/site-packages/numpy/lib/_npyio_impl.py", line 454, in load
    fid = stack.enter_context(open(os.fspath(file), "rb"))
                              ~~~~^^^^^^^^^^^^^^^^^^^^^^^
FileNotFoundError: [Errno 2] No such file or directory: '/Users/haosiyu/wide_shadow/state/weights/1787068800.npz'
EXIT rc=1 2026-09-13T14:52:09Z
