[2026-09-08T15:28:37Z] CHAIN2_START
[2026-09-08T15:28:37Z] GATE panel regression (AMENDMENT 1)
GATE A  holefix vs v2ext, anchors < 2026-08-12 04:00Z : 9925 of 10039 (98.864%)
  Y24                [<08-11 04:00Z] maxabs 0.000e+00  nan_mismatch 0  n 3355403  lost(all-time) 0 -> OK
  Y4                 [<08-12 00:00Z] maxabs 0.000e+00  nan_mismatch 0  n 3359982  lost(all-time) 0 -> OK
  elig               [<08-12 04:00Z] maxabs 0.000e+00  nan_mismatch 0  n 8227825  lost(all-time) 0 -> OK
  f_amihud_24h       [<08-12 04:00Z] maxabs 0.000e+00  nan_mismatch 0  n 3062938  lost(all-time) 0 -> OK
  f_asz_24h          [<08-12 04:00Z] maxabs 0.000e+00  nan_mismatch 0  n 8227825  lost(all-time) 0 -> OK
  f_cpos_24h         [<08-12 04:00Z] maxabs 0.000e+00  nan_mismatch 0  n 8227825  lost(all-time) 0 -> OK
  f_fund_ema         [<08-12 04:00Z] maxabs 0.000e+00  nan_mismatch 0  n 3186618  lost(all-time) 0 -> OK
  f_fund_ema_v1      [<08-12 04:00Z] maxabs 0.000e+00  nan_mismatch 0  n 3186618  lost(all-time) 0 -> OK
  f_fund_ema_v2      [<08-12 04:00Z] maxabs 0.000e+00  nan_mismatch 0  n 3186618  lost(all-time) 0 -> OK
  f_fund_iv          [<08-12 04:00Z] maxabs 0.000e+00  nan_mismatch 0  n 3186618  lost(all-time) 0 -> OK
  f_fund_now         [<08-12 04:00Z] maxabs 0.000e+00  nan_mismatch 0  n 3186618  lost(all-time) 0 -> OK
  f_mom_30d          [<08-12 04:00Z] maxabs 0.000e+00  nan_mismatch 0  n 8227825  lost(all-time) 0 -> OK
  f_mom_7d           [<08-12 04:00Z] maxabs 0.000e+00  nan_mismatch 0  n 8227825  lost(all-time) 0 -> OK
  f_mom_7d_x24       [<08-12 04:00Z] maxabs 0.000e+00  nan_mismatch 0  n 8227825  lost(all-time) 0 -> OK
  f_range_24h        [<08-12 04:00Z] maxabs 0.000e+00  nan_mismatch 0  n 8227825  lost(all-time) 0 -> OK
  f_rev_24h          [<08-12 04:00Z] maxabs 0.000e+00  nan_mismatch 0  n 8227825  lost(all-time) 0 -> OK
  f_rev_3d           [<08-12 04:00Z] maxabs 0.000e+00  nan_mismatch 0  n 8227825  lost(all-time) 0 -> OK
  f_rev_4h           [<08-12 04:00Z] maxabs 0.000e+00  nan_mismatch 0  n 8227825  lost(all-time) 0 -> OK
  f_tbf_24h          [<08-12 04:00Z] maxabs 0.000e+00  nan_mismatch 0  n 8227825  lost(all-time) 0 -> OK
  f_vol_7d           [<08-12 04:00Z] maxabs 0.000e+00  nan_mismatch 0  n 8227825  lost(all-time) 0 -> OK
  f_volq_ratio       [<08-12 04:00Z] maxabs 0.000e+00  nan_mismatch 0  n 3069668  lost(all-time) 0 -> OK

GATE B  holefix vs v1 (kline keys only), same region: 9925 anchors
  f_rev_24h          maxabs 0.000e+00  n 8227825  tol 0e+00 -> OK
  f_mom_7d           maxabs 0.000e+00  n 8227825  tol 0e+00 -> OK
  f_vol_7d           maxabs 0.000e+00  n 8227825  tol 0e+00 -> OK
  f_amihud_24h       maxabs 3.725e-09  n 3062938  tol 1e-06 -> OK
  f_range_24h        maxabs 0.000e+00  n 8227825  tol 0e+00 -> OK

  [descriptive only, NOT a gate] post-change region vs v2ext, 114 anchors:
    f_rev_24h        changed 16208/94506  spearman 0.909464  |old|max 1.597 -> |new|max 1.597
    f_amihud_24h     changed 2635/62952  spearman 0.984145  |old|max 302.931 -> |new|max 0.290
    f_vol_7d         changed 24038/94506  spearman 0.925417  |old|max 0.026 -> |new|max 0.026

PANEL_REGRESSION_GATE PASS
[2026-09-08T15:28:53Z] STEP2 king features
cumsum ret5 (11s)
cumsum range (21s)
cumsum cpos (32s)
cumsum log_qv (43s)
cumsum log_cnt (96s)
cumsum log_avgsz (174s)
cumsum tbf (217s)
anchors 10182
NF = 40值 + 40秩 + 2funding = 82
fea 0/10182 (0s)
fea 2000/10182 (5s)
fea 4000/10182 (11s)
fea 6000/10182 (16s)
fea 8000/10182 (23s)
fea 10000/10182 (30s)
FEA_EXT_DONE (10182, 829, 82)
[2026-09-08T15:34:39Z] STEP3 dlw targets
[    0.0s] sha256 inputs ...
[   30.8s] cache 490753x829x7 ts 1640995200..1788220800
[   60.0s] cumsums done
[   60.5s] anchors 10212 平均成员 269 (≥360: 3347) 年份 {np.int64(2022): np.int64(2178), np.int64(2023): np.int64(2190), np.int64(2024): np.int64(2196), np.int64(2025): np.int64(2190), np.int64(2026): np.int64(1458)}
[   66.1s] YR4s 完成 10039/10212 锚(有面板行 10039), 六因子值空间 R² 中位 0.0658
[   66.2s] 对齐自检(y4s vs 面板旧 Y4): @0 +0.972 @-1 -0.011 @+1 -0.022 (n=195)
[   67.9s] TARGETS_DONE {"n_anchors": 10212, "mean_members": 269.09097140618877, "n_res": 10039, "years": {"2022": 2178, "2023": 2190, "2024": 2196, "2025": 2190, "2026": 1458}, "target_vs_old": {"median_abs_diff_bps": 15.67506217956543, "mean_diff_bps": -0.428255558013916, "spearman_same_row_median": 0.9717073797308632, "spearman_prev_row": -0.010828942680891754, "spearman_next_row": -0.022261481702520146}}
[2026-09-08T15:35:53Z] STEP4 dlw fea82
[   33.5s] channel ret5 done
[   44.2s] channel range done
[   55.4s] channel cpos done
[   67.2s] channel log_qv done
[   78.9s] channel log_cnt done
[   90.8s] channel log_avgsz done
[  103.1s] channel tbf done
[  103.4s] fea 0/10212
[  108.7s] fea 2000/10212
[  114.4s] fea 4000/10212
[  120.3s] fea 6000/10212
[  126.6s] fea 8000/10212
[  133.1s] fea 10000/10212
[  172.7s] FEATURES_DONE (2747957, 82) no-panel anchors 173
[2026-09-08T15:38:51Z] STEP5 f8 fea89
[   17.0s] cache (490753, 829, 7) anchors 10212 pairs 2747957
/workspace/pod_f8_build_ext.py:176: RuntimeWarning: invalid value encountered in divide
  put("B:vr_48_288", np.log(V[48] / V[288]), chunk); put("B:vr_288_2016", np.log(V[288] / V[2016]), chunk); put("B:vr_2016_8640", np.log(V[2016] / V[8640]), chunk)
/workspace/pod_f8_build_ext.py:176: RuntimeWarning: divide by zero encountered in log
  put("B:vr_48_288", np.log(V[48] / V[288]), chunk); put("B:vr_288_2016", np.log(V[288] / V[2016]), chunk); put("B:vr_2016_8640", np.log(V[2016] / V[8640]), chunk)
/workspace/pod_f8_build_ext.py:180: RuntimeWarning: divide by zero encountered in divide
  put("B:dvol_1d", np.log(V[288] / vol_at(288, np.maximum(hi - 288, 0))), chunk)
/workspace/pod_f8_build_ext.py:180: RuntimeWarning: invalid value encountered in divide
  put("B:dvol_1d", np.log(V[288] / vol_at(288, np.maximum(hi - 288, 0))), chunk)
/workspace/pod_f8_build_ext.py:180: RuntimeWarning: divide by zero encountered in log
  put("B:dvol_1d", np.log(V[288] / vol_at(288, np.maximum(hi - 288, 0))), chunk)
/workspace/pod_f8_build_ext.py:181: RuntimeWarning: divide by zero encountered in divide
  put("B:dvol_4h", np.log(V[48] / vol_at(48, np.maximum(hi - 48, 0))), chunk)
/workspace/pod_f8_build_ext.py:181: RuntimeWarning: invalid value encountered in divide
  put("B:dvol_4h", np.log(V[48] / vol_at(48, np.maximum(hi - 48, 0))), chunk)
/workspace/pod_f8_build_ext.py:181: RuntimeWarning: divide by zero encountered in log
  put("B:dvol_4h", np.log(V[48] / vol_at(48, np.maximum(hi - 48, 0))), chunk)
/workspace/pod_f8_build_ext.py:245: RuntimeWarning: Mean of empty slice
  spq7 = np.nanmean(Q[:7], 0); spq7[np.isfinite(Q[:7]).sum(0) < 5] = np.nan; put("E:spq_7", spq7 - win_mean(CSlq, CSfq, 2016), chunk)
/workspace/pod_f8_build_ext.py:246: RuntimeWarning: Mean of empty slice
  spq30 = np.nanmean(Q, 0); spq30[np.isfinite(Q).sum(0) < 15] = np.nan; put("E:spq_30", spq30 - win_mean(CSlq, CSfq, 8640), chunk)
/workspace/pod_f8_build_ext.py:247: RuntimeWarning: Mean of empty slice
  G = sp_mean(CSrg, CSfg, 7); sprg7 = np.nanmean(G, 0); sprg7[np.isfinite(G).sum(0) < 5] = np.nan; put("E:sprg_7", sprg7 - win_mean(CSrg, CSfg, 2016), chunk)
/workspace/pod_f8_build_ext.py:248: RuntimeWarning: Mean of empty slice
  Tb = sp_mean(CStb, CSft, 7); spt7 = np.nanmean(Tb, 0); spt7[np.isfinite(Tb).sum(0) < 5] = np.nan; put("E:spt_7", spt7 - win_mean(CStb, CSft, 2016), chunk)
[   51.8s] chunk 0-63 done (66 features so far)
[   87.6s] chunk 64-127 done (66 features so far)
[  120.3s] chunk 128-191 done (66 features so far)
[  153.3s] chunk 192-255 done (66 features so far)
[  187.4s] chunk 256-319 done (66 features so far)
[  220.0s] chunk 320-383 done (66 features so far)
[  254.9s] chunk 384-447 done (66 features so far)
[  287.7s] chunk 448-511 done (66 features so far)
[  320.7s] chunk 512-575 done (66 features so far)
[  355.5s] chunk 576-639 done (66 features so far)
[  388.7s] chunk 640-703 done (66 features so far)
[  421.4s] chunk 704-767 done (66 features so far)
[  453.0s] chunk 768-828 done (66 features so far)
[  482.1s] BUILD_DONE (2747957, 89) max_off {'A': 0, 'B': 0, 'C': 0, 'D': 0, 'E': 0, 'F': 0, 'G': 0, 'H': 0, 'I': 0, 'J': 0}
[  482.1s] finite share (raw, min 5): [('C:vr48_8640', 0.980955669975913), ('E:spq_30', 0.9855387111224811), ('J:drank_m7_1d', 0.9920519134760842), ('J:drank_v7_1d', 0.9920519134760842), ('J:drank_r24_1d', 0.9920519134760842)]
[2026-09-08T15:47:06Z] CHAIN2_DONE
