  OK   A1 population: all five October-drill receipts record a contract sha, and they record ONE value (set compared, not count)  — {'AB_oct_NEW.json': 'a071b604b5370cb51dceb0910ecbcfff4753ee56ca2c266e2c78bb5a53db9424', 'AB_oct_OLD.json': 'a071b604b5370cb51dceb0910ecbcfff4753ee56ca2c266e2c78bb5a53db9424', 'AB_sept_NEW.json': 'a071b604b5370cb51dceb0910ecbcfff4753ee56ca2c266e2c78bb5a53db9424', 'AB_sept_OLD.json': 'a071b604b5370cb51dceb0910ecbcfff4753
  OK   ★★★ A2 the archived bytes ARE what the receipts ran against: sha of the recovered pod2 copy == the sha all five receipts record. Without this the 'explanation' below would be about some other file  — {'archived': 'a071b604b5370cb5', 'recorded': 'a071b604b5370cb5'}
  OK   A3 the frozen contract of the round-8 freeze is archived in the tree as ELIGIBILITY_CONTRACT.r9_4309e1b6.json  — 4309e1b6c8efbddc
  OK   A4 and the LIVE contract is now a THIRD sha (R8-G-01 moved it again) — so the drill certifies neither the frozen nor the current contract, and re-running it is the only way to certify either  — {'rehearsed': 'a071b604b537', 'frozen': '4309e1b6c8ef', 'live': '3ee689b96d0b'}

  DIFFERENCE, key by key (rehearsed a071b604 vs frozen 4309e1b6):
    - only in frozen    : .gates.BUNDLE_export.approved_variants.v4e_gate_export_fp2dyn.py.trn15_note = the variant carries the SAME per-month E2b as v2 (both import v4e_export_baseline_lib; tests_export_baseline_per_month.p
    ~ differs           : .gates.BUNDLE_export.approved_variants.v4e_gate_export_fp2dyn.py.base
        rehearsed: v4e_gate_export_v2.py d63f4ec3 (unchanged, still approved)
        frozen   : v4e_gate_export_v2.py 36c68e96 (TRN-15 per-month export baseline, 2026-09-21); the pre-TRN-15 pair d63f4ec3 / 16e9cc32 is superseded and arc
    ~ differs           : .gates.BUNDLE_export.approved_variants.v4e_gate_export_fp2dyn.py.sha256
        rehearsed: 16e9cc32369daf634b03d05a5e1294cbae4ab2a8dc3f91a3e761100c0f7b453c
        frozen   : 74e13a16c663c2b19a690ab7f53699d3773da5c686e74b23117aef6e0effabd8
  OK   ★★★ B1 the difference is CONFINED to gates.BUNDLE_export.approved_variants.v4e_gate_export_fp2dyn.py — the rehearsed contract still carries the PRE-TRN-15 variant sha 16e9cc32 and the old `base` string and lacks `trn15_note`, while its approved_source_sha256 / superseded / approved_helper / month_contract_rulings blocks ALREADY carry TRN-15. It is an INTERMEDIATE state of the same edit, not a different contract  — {'n_keys': 3, 'keys': ['.gates.BUNDLE_export.approved_variants.v4e_gate_export_fp2dyn.py.trn15_note', '.gates.BUNDLE_export.approved_variants.v4e_gate_export_fp2dyn.py.base', '.gates.BUNDLE_export.approved_variants.v4e_gate_export_fp2dyn.py.sha256']}
  OK   B2 and that intermediate state is INTERNALLY INCONSISTENT: approved_source_sha256 lists the TRN-15 fp2dyn sha 74e13a16 while the variant entry still points at 16e9cc32, which the same file declares superseded  — {'approved[1]': '74e13a16c663', 'variant.sha256': '16e9cc32369d'}
  OK   ★ C0 the DRIVER the rehearsal ran is recovered from git by SHA (not by revision guess): the extracted preflight below is the rehearsal's own bytes, not today's  — {'wanted': 'cf1a5fbb07d8321b'}
  OK   C1 its preflight block is locatable between its own heredoc delimiters and is non-trivial  — 14280
  OK   C2 both runs produced an honest preflight receipt (PASS=false WITH named failures); a crash writes nothing and would read like agreement  — {'rehearsed_fails': 12, 'frozen_fails': 12, 'stderr': ''}
  OK   ★★★ C3 SAME DRIVER, SAME SANDBOX, ONLY THE CONTRACT SWAPPED: the two fail SETS are compared (sets, not counts). The result below is what the a071b604↔4309e1b6 difference did to PREFLIGHT's verdict — which is stage 1 of 17 and says NOTHING about the 16 stages that never ran  — {'rehearsed_n': 12, 'frozen_n': 12, 'only_frozen': [], 'only_rehearsed': []}
  OK   C4 and the answer is that the difference did not reach preflight's verdict — the variant entry it touches is consulted by the EXPORT stage's approval lookup, not by preflight, which checks GATE_EXPORT's own source  — {'only_frozen': [], 'only_rehearsed': []}
  OK   ★★★ C5 RED-CAPABILITY CONTROL for C4 (baseline asserted green in C2/C3): with the per-month export-baseline approval block REMOVED from the same contract, the same comparison DOES move the fail set — so C4's null is a measurement, not a comparison that cannot see anything  — {'moved': ['no approved export baseline for month 2026-10 (contract_block_absent): LIVE_PINS / BUNDLE_BASE are a per-month approval ', 'no approved export baseline for month 2026-10 (month_not_approved): LIVE_PINS / BUNDLE_BASE are a per-month approval obj'], 'n_moved': 2}
REHEARSAL_CONTRACT_IDENTITY VERDICT=PASS checks=12 failed=0
