基底: 终形延迟执行 b 2024-26 夏普 3.41 (n=5713)
A regime 四态(BTC波动×趋势):
  [高波涨] n1373 夏普 1.75 净0.730
  [高波跌] n1484 夏普 3.40 净1.560
  [低波涨] n1731 夏普 4.00 净1.739
  [低波跌] n1125 夏普 4.50 净1.885
A 门控变体(最差态减半gross): 夏普 3.32 vs 基底 3.41 ⇒ 无益(择时死先验维持)
B 复活复核(rev24 因子 IC, 延迟口径):
  [2024 liq110] +0.0359
  [2024 wide400] +0.0371
  [2025 liq110] +0.0139
  [2025 wide400] +0.0286
  [2026 liq110] -0.0004
  [2026 wide400] +0.0288
D 统计: n=5713锚 偏度0.27 峰度5.6 | PSR(>在役1.46) = 0.9992
D DSR(20试验税后 vs 在役) = 0.9690
E 风险: MaxDD -5.90%(毛敞口单位) 最长水下 1015锚(169天) 日VaR5 -73.3bps ES -101.6bps 最差日 -188.6bps
E 3×杠杆下年触 −25% 停机线概率(日bootstrap) ≈ 4.2%
F 退市清点: 回放期书内持仓币在锚后4h内数据终结事件 1 次(样例 [(9809, np.str_('AERGOUSDT'), 0.00029712801915593445)])
FINAL_BATTERY_DONE
