[zoo]     f_amihud_24h IC +0.0077 t  +4.1 liq110 -0.0085 wide400 0.0001 {'2023': 0.0038, '2024': 0.0158, '2025': 0.007, '2026': 0.002}
[zoo]        f_asz_24h IC -0.0111 t  -6.1 liq110 0.0179 wide400 -0.0017 {'2023': -0.01, '2024': -0.0164, '2025': -0.0088, '2026': -0.0078}
[zoo]       f_cpos_24h IC +0.0064 t  +4.3 liq110 0.0158 wide400 -0.0018 {'2023': 0.0123, '2024': 0.0153, '2025': 0.0025, '2026': -0.0114}
[zoo]       f_fund_ema IC +0.0132 t  +8.1 liq110 0.0175 wide400 0.0237 {'2023': 0.0018, '2024': 0.0122, '2025': 0.0192, '2026': 0.024}
[zoo]       f_fund_now IC +0.0090 t  +5.4 liq110 0.0083 wide400 0.0186 {'2023': -0.0137, '2024': 0.0154, '2025': 0.0216, '2026': 0.0155}
[zoo]        f_mom_30d IC -0.0197 t  -8.7 liq110 -0.0214 wide400 -0.0143 {'2023': -0.0269, '2024': -0.0231, '2025': -0.0149, '2026': -0.0103}
[zoo]         f_mom_7d IC -0.0251 t -10.9 liq110 -0.0208 wide400 -0.0212 {'2023': -0.032, '2024': -0.0253, '2025': -0.0188, '2026': -0.0238}
[zoo]     f_mom_7d_x24 IC -0.0105 t  -4.6 liq110 -0.0145 wide400 -0.0067 {'2023': -0.0185, '2024': -0.0131, '2025': -0.0023, '2026': -0.0069}
[zoo]      f_range_24h IC -0.0484 t -15.9 liq110 -0.0532 wide400 -0.0492 {'2023': -0.0462, '2024': -0.0522, '2025': -0.0555, '2026': -0.0341}
[zoo]        f_rev_24h IC -0.0345 t -15.3 liq110 -0.0204 wide400 -0.0323 {'2023': -0.0319, '2024': -0.0333, '2025': -0.0363, '2026': -0.0379}
[zoo]         f_rev_3d IC -0.0310 t -13.7 liq110 -0.0213 wide400 -0.0271 {'2023': -0.0309, '2024': -0.0341, '2025': -0.0314, '2026': -0.0253}
[zoo]         f_rev_4h IC -0.0395 t -18.2 liq110 -0.0253 wide400 -0.031 {'2023': -0.0525, '2024': -0.0354, '2025': -0.0331, '2026': -0.035}
[zoo]        f_tbf_24h IC +0.0030 t  +2.5 liq110 -0.0012 wide400 0.0036 {'2023': 0.0027, '2024': 0.0045, '2025': 0.0064, '2026': -0.0046}
[zoo]         f_vol_7d IC -0.0438 t -14.5 liq110 -0.0525 wide400 -0.0461 {'2023': -0.043, '2024': -0.0455, '2025': -0.054, '2026': -0.0257}
[zoo]     f_volq_ratio IC -0.0089 t  -5.4 liq110 -0.0006 wide400 -0.0052 {'2023': -0.0082, '2024': -0.0121, '2025': -0.0037, '2026': -0.0131}
A梯队样本 (959011, 15)
[A] 2024: ridge +0.0595  lgbm +0.0490
[A] 2025: ridge +0.0648  lgbm +0.0617
[A] 2026: ridge +0.0507  lgbm +0.0581
A梯队均值: ridge 0.05832738844255925 lgbm 0.05626062671802762
ZOO_SCAN_DONE
ZOO_QUEUE_DONE
