inputs: meta E_ts (10176,) panel ts 10039 SLOW (10176, 829)
ALIGN meta.y4 vs panel.Y4: common anchors 10038 both-finite cells 3427554 maxabs diff 0.000e+00 finite-pattern equal: True
anchors used 10038 skipped (no panel row) 138 ; first/last used 2022-01-31 00:00 2026-08-30 20:00
SELFCHECK_LEGS_ALL_ANCHORS {"king": {"2022": 0.0, "2023": 0.0, "2024": 1.5326, "2025": 2.3813, "2026": 3.1298}, "rev24": {"2022": 1.7453, "2023": 0.07, "2024": 0.2959, "2025": 0.3356, "2026": 1.7111}, "fund": {"2022": 0.1362, "2023": 0.2737, "2024": -0.3608, "2025": 1.7118, "2026": 5.52}}
  king 2024: got +1.5326 expected +1.53 (+-0.05) -> OK
  king 2025: got +2.3813 expected +2.38 (+-0.05) -> OK
  king 2026: got +3.1298 expected +3.20 (+-0.05) -> FAIL
  fund 2024: got -0.3608 expected -0.36 (+-0.05) -> OK
  fund 2025: got +1.7118 expected +1.71 (+-0.05) -> OK
  fund 2026: got +5.5200 expected +6.34 (+-0.05) -> FAIL
SELFCHECK_A_ALL_ANCHORS FAIL
  2026 <= 2026-08-10 20:00 (1332 anchors): king +3.1975 fund +6.3436 rev24 +1.9542
  2026 <= 2026-08-11 00:00 (1333 anchors): king +3.1874 fund +6.3433 rev24 +1.9869
  2026 <= 2026-08-15 20:00 (1362 anchors): king +3.3927 fund +6.3437 rev24 +1.9469
  2026 <= 2026-08-20 20:00 (1392 anchors): king +3.3941 fund +6.0138 rev24 +1.8731
  2026 <= 2026-08-25 20:00 (1422 anchors): king +3.2392 fund +5.5681 rev24 +1.7540
  2026 <= 2026-08-30 20:00 (1452 anchors): king +3.1298 fund +5.5200 rev24 +1.7111
  2026 monthly means (king / fund / rev24; n anchors):
    2026-01 n=186 king +4.235 fund +2.640 rev24 +0.344  mean#finite king 400
    2026-02 n=168 king +3.996 fund +5.913 rev24 +4.964  mean#finite king 400
    2026-03 n=186 king +3.493 fund +4.627 rev24 +3.302  mean#finite king 400
    2026-04 n=180 king +4.148 fund +10.292 rev24 -0.103  mean#finite king 400
    2026-05 n=186 king +2.773 fund +5.194 rev24 +1.257  mean#finite king 400
    2026-06 n=180 king -0.479 fund +10.049 rev24 -2.996  mean#finite king 400
    2026-07 n=186 king +4.042 fund +5.864 rev24 +5.283  mean#finite king 400
    2026-08 n=180 king +2.821 fund -0.268 rev24 +1.743  mean#finite king 400
  best-matching 2026 prefix: n=1332 anchors, last=2026-08-10 20:00, king +3.1975 fund +6.3436 (|err| sum 0.0060)
