[     0s] CHECK config.not_a_template_and_nothing_pending OK {"status": "FROZEN before any M2 number \u2014 NAMED DEVIATION route (executor-level overlay, m2_hook.py) of prereg docs/PREREG_old_vs_new_models_same_engine_2026-09-23.md Stage 2 (8530d2b7f / 1217d786)", "pending": []}
[     0s] CHECK pin.prereg OK {"path": "/workspace/baseline_tables_2026-09-19/pins/PREREG_baseline_tables_certified_2026-09-19.md", "got": "d9fe45e3191f56e5", "want": "d9fe45e3191f56e5"}
[     0s] CHECK pin.prereg_amendment_1 OK {"path": "/workspace/baseline_tables_2026-09-19/pins/AMENDMENT_1_baseline_tables_certified_2026-09-19.md", "got": "766bc367743d8542", "want": "766bc367743d8542"}
[     0s] CHECK pin.exec_sim OK {"path": "/workspace/baseline_tables_2026-09-19/devices/exec_copy/exec_sim.py", "got": "29679672e68d4842", "want": "29679672e68d4842"}
[     0s] CHECK pin.simlib OK {"path": "/workspace/baseline_tables_2026-09-19/devices/exec_copy/simlib.py", "got": "55246fe98da2d57a", "want": "55246fe98da2d57a"}
[     0s] CHECK pin.v1b_gate OK {"path": "/workspace/baseline_tables_2026-09-19/devices/exec_copy/v1b_gate.py", "got": "4a725921a470f4c1", "want": "4a725921a470f4c1"}
[     0s] CHECK pin.v1_gate OK {"path": "/workspace/baseline_tables_2026-09-19/devices/exec_copy/v1_gate.py", "got": "c97d9b3d49212b49", "want": "c97d9b3d49212b49"}
[     0s] CHECK pin.calibration OK {"path": "/workspace/baseline_tables_2026-09-19/devices/exec_copy/CALIBRATION_v3_POOLED_20260826_20260910.json", "got": "fda342431d39703e", "want": "fda342431d39703e"}
[     0s] CHECK pin.input_manifest OK {"path": "/workspace/baseline_tables_2026-09-19/devices/exec_copy/INPUT_MANIFEST.json", "got": "59875e5a69db415f", "want": "59875e5a69db415f"}
[     0s] CHECK pin.p2_s2_lib OK {"path": "/workspace/uplift_r2_2026-09-13/P2/devices/p2_s2_lib.py", "got": "c53f5c495036727f", "want": "c53f5c495036727f"}
[    30s] CHECK pin.price_full_raw OK {"path": "/workspace/baseline_tables_2026-09-19/work/price_full_raw_x0918r.npy", "got": "23af32bd97c267d1", "want": "23af32bd97c267d1"}
[    30s] CHECK pin.price_full_meta OK {"path": "/workspace/baseline_tables_2026-09-19/work/price_full_raw_x0918r_meta.npz", "got": "d1e49cc9f0a7ddc4", "want": "d1e49cc9f0a7ddc4"}
[    30s] CHECK pin.price_receipt OK {"path": "/workspace/baseline_tables_2026-09-19/receipts/BT_PRICES_FULL_X0918R.json", "got": "130592b122831e03", "want": "130592b122831e03"}
[    35s] CHECK pin.price_source_table_x0918r OK {"path": "/workspace/raw_price_fix_2026-09-19/ext_x0918r/work/price_logtable_raw_x0918r.npy", "got": "9249b0da4a4c5789", "want": "9249b0da4a4c5789"}
[    35s] CHECK pin.price_source_meta_x0918r OK {"path": "/workspace/raw_price_fix_2026-09-19/ext_x0918r/work/price_meta_raw_x0918r.npz", "got": "da136830cee7e1a2", "want": "da136830cee7e1a2"}
[    35s] CHECK pin.ledger_full OK {"path": "/workspace/baseline_tables_2026-09-19/funding/ledger_spliced_p2_to_20260901T0200_streamD_after.npz", "got": "073088e503c026d6", "want": "073088e503c026d6"}
[    35s] CHECK pin.funding_overlap_proof OK {"path": "/workspace/baseline_tables_2026-09-19/funding/BT_FUNDING_OVERLAP.json", "got": "0ee6d99bfa2acfb9", "want": "0ee6d99bfa2acfb9"}
[    36s] CHECK pin.funding_source_p2 OK {"path": "/workspace/uplift_r2_2026-09-13/P2/work/ledger_full.npz", "got": "bea6f5752772d54e", "want": "bea6f5752772d54e"}
[    36s] CHECK pin.funding_source_stream_d OK {"path": "/workspace/axis_0919/funding/funding_ledger.npz", "got": "74b69e635efbf355", "want": "74b69e635efbf355"}
[    36s] CHECK pin.funding_4h_accounting_stream_d OK {"path": "/workspace/axis_0919/funding/funding_4h_accounting.npz", "got": "2838e5f6cf42fff5", "want": "2838e5f6cf42fff5"}
[    36s] CHECK pin.tradability OK {"path": "/workspace/axis_0919/x0918r/trd/tradability_v1.npz", "got": "bebf69ab9ddb3b05", "want": "bebf69ab9ddb3b05"}
[    36s] CHECK pin.universe OK {"path": "/workspace/uplift_r2_2026-09-13/P2/work/universe.npz", "got": "6322b57366078ed0", "want": "6322b57366078ed0"}
[    36s] CHECK pin.g0_labels OK {"path": "/workspace/baseline_tables_2026-09-19/g0x/g0_labels_x0918.npz", "got": "c3832939e1b01333", "want": "c3832939e1b01333"}
[    36s] CHECK pin.g0_receipt OK {"path": "/workspace/baseline_tables_2026-09-19/g0x/RECEIPT_bt_g0_extend.json", "got": "8afd680472ef21be", "want": "8afd680472ef21be"}
[    36s] CHECK price_receipt.PASS_and_outputs OK {"price_kinds": ["raw"]}
[    39s] CHECK pin.executor_tree_409ea16_vs_manifest OK {"n": 332, "bad": []}
[    39s] CHECK exec_sim.version_v3.1 OK "v3.1"
[    39s] CHECK runs.selected OK {"runs": ["OVN_NEW_s2027M2H|scaled|rule|raw|UAFE", "OVN_NEW_s2027M2H|scaled|rule|raw|UAFE|fee_x1.25", "OVN_NEW_s2027M2H|scaled|rule|raw|UAFE|slip_x1.5", "OVN_NEW_s2027M2H|scaled|rule|raw|UAFE|fill_x0.9"], "seeds": [0, 1, 2, 3, 4, 5, 6, 7, 8
[    39s] CHECK window.n_anchors OK 9139
[    39s] CHECK axis.symbols OK 
[    39s] CHECK prices.grid_covers_window OK {"grid0": 1656532800, "n": 444145}
[    39s] CHECK ua_sets.counts_of_the_sets_the_runs_use OK {"UNAVAILABLE_3084": 3084}
[   113s] prices raw (444145, 829)
[   113s] CHECK run.OVN_NEW_s2027M2H|scaled|rule|raw|UAFE.policy_named OK 
[   113s] CHECK run.OVN_NEW_s2027M2H|scaled|rule|raw|UAFE.ua_cells_already_at_last_available_price OK {"cells_that_would_change": 0}
[   113s] CHECK run.OVN_NEW_s2027M2H|scaled|rule|raw|UAFE|fee_x1.25.policy_named OK 
[   113s] CHECK run.OVN_NEW_s2027M2H|scaled|rule|raw|UAFE|fee_x1.25.ua_cells_already_at_last_available_price OK {"cells_that_would_change": 0}
[   113s] CHECK run.OVN_NEW_s2027M2H|scaled|rule|raw|UAFE|slip_x1.5.policy_named OK 
[   113s] CHECK run.OVN_NEW_s2027M2H|scaled|rule|raw|UAFE|slip_x1.5.ua_cells_already_at_last_available_price OK {"cells_that_would_change": 0}
[   113s] CHECK run.OVN_NEW_s2027M2H|scaled|rule|raw|UAFE|fill_x0.9.policy_named OK 
[   113s] CHECK run.OVN_NEW_s2027M2H|scaled|rule|raw|UAFE|fill_x0.9.ua_cells_already_at_last_available_price OK {"cells_that_would_change": 0}
[   115s] funding rows 2386274
[   115s] CHECK axis.tradability_symbols OK 
[   115s] CHECK tradability.covers_window OK 
[   115s] CHECK calibration.v3_pooled_frozen OK 
[   115s] CHECK calibration.decision_offset_N+24 OK 1440
[   115s] CHECK executor.pns_wide OK 
[   115s] CHECK executor.gross_mult_config OK {"gm": 2.0, "onu": "hold"}
[   120s] CHECK objb_targets.OVN_NEW_s2027M2H|scaled|rule|raw|UAFE.loaded OK {"window_anchors": 9139, "combo": 6195, "king": 0, "hold": 2944, "written_rows_without_weights": 0}
[   121s] CHECK objb_targets.OVN_NEW_s2027M2H|scaled|rule|raw|UAFE|fee_x1.25.loaded OK {"window_anchors": 9139, "combo": 6195, "king": 0, "hold": 2944, "written_rows_without_weights": 0}
[   125s] CHECK objb_targets.OVN_NEW_s2027M2H|scaled|rule|raw|UAFE|slip_x1.5.loaded OK {"window_anchors": 9139, "combo": 6195, "king": 0, "hold": 2944, "written_rows_without_weights": 0}
[   127s] CHECK objb_targets.OVN_NEW_s2027M2H|scaled|rule|raw|UAFE|fill_x0.9.loaded OK {"window_anchors": 9139, "combo": 6195, "king": 0, "hold": 2944, "written_rows_without_weights": 0}
[   127s] resume: existing 0 to run 128
[   128s] started OVN_NEW_s2027M2H|scaled|rule|raw|UAFE seed 0 pid 2217797 avail_GiB 27.2 own_GiB 2.99 psi 3.1
[   129s] started OVN_NEW_s2027M2H|scaled|rule|raw|UAFE seed 1 pid 2217798 avail_GiB 27.2 own_GiB 3.02 psi 3.1
[   130s] started OVN_NEW_s2027M2H|scaled|rule|raw|UAFE seed 2 pid 2217801 avail_GiB 27.1 own_GiB 3.05 psi 2.9
[   132s] started OVN_NEW_s2027M2H|scaled|rule|raw|UAFE seed 3 pid 2217811 avail_GiB 27.0 own_GiB 3.08 psi 2.5
[   372s] finished OVN_NEW_s2027M2H|scaled|rule|raw|UAFE seed 1 rc 0 avail_GiB 26.6 own_GiB 3.13 psi 0.2
[   375s] started OVN_NEW_s2027M2H|scaled|rule|raw|UAFE seed 4 pid 2218335 avail_GiB 26.6 own_GiB 3.15 psi 0.1
[   383s] finished OVN_NEW_s2027M2H|scaled|rule|raw|UAFE seed 2 rc 0 avail_GiB 26.6 own_GiB 3.11 psi 0.1
[   386s] started OVN_NEW_s2027M2H|scaled|rule|raw|UAFE seed 5 pid 2218368 avail_GiB 26.6 own_GiB 3.13 psi 0.1
[   400s] finished OVN_NEW_s2027M2H|scaled|rule|raw|UAFE seed 0 rc 0 avail_GiB 26.7 own_GiB 3.04 psi 0.0
[   403s] started OVN_NEW_s2027M2H|scaled|rule|raw|UAFE seed 6 pid 2218455 avail_GiB 26.5 own_GiB 3.05 psi 0.0
[   403s] finished OVN_NEW_s2027M2H|scaled|rule|raw|UAFE seed 3 rc 0 avail_GiB 26.4 own_GiB 3.07 psi 0.0
[   406s] started OVN_NEW_s2027M2H|scaled|rule|raw|UAFE seed 7 pid 2218459 avail_GiB 26.3 own_GiB 3.09 psi 0.0
[   636s] finished OVN_NEW_s2027M2H|scaled|rule|raw|UAFE seed 4 rc 0 avail_GiB 26.4 own_GiB 3.13 psi 0.0
[   637s] started OVN_NEW_s2027M2H|scaled|rule|raw|UAFE seed 8 pid 2218757 avail_GiB 26.5 own_GiB 3.09 psi 0.0
[   638s] finished OVN_NEW_s2027M2H|scaled|rule|raw|UAFE seed 5 rc 0 avail_GiB 26.5 own_GiB 3.10 psi 0.0
[   640s] started OVN_NEW_s2027M2H|scaled|rule|raw|UAFE seed 9 pid 2218758 avail_GiB 26.5 own_GiB 3.12 psi 0.0
[   659s] finished OVN_NEW_s2027M2H|scaled|rule|raw|UAFE seed 7 rc 0 avail_GiB 26.4 own_GiB 3.09 psi 0.0
[   661s] started OVN_NEW_s2027M2H|scaled|rule|raw|UAFE seed 10 pid 2218771 avail_GiB 26.4 own_GiB 3.10 psi 0.0
[   668s] finished OVN_NEW_s2027M2H|scaled|rule|raw|UAFE seed 6 rc 0 avail_GiB 26.4 own_GiB 3.07 psi 0.0
[   671s] started OVN_NEW_s2027M2H|scaled|rule|raw|UAFE seed 11 pid 2218778 avail_GiB 26.4 own_GiB 3.08 psi 0.0
[   894s] finished OVN_NEW_s2027M2H|scaled|rule|raw|UAFE seed 8 rc 0 avail_GiB 26.1 own_GiB 3.13 psi 0.0
[   897s] started OVN_NEW_s2027M2H|scaled|rule|raw|UAFE seed 12 pid 2219027 avail_GiB 26.0 own_GiB 3.15 psi 0.0
[   903s] finished OVN_NEW_s2027M2H|scaled|rule|raw|UAFE seed 9 rc 0 avail_GiB 26.0 own_GiB 3.06 psi 0.0
[   906s] started OVN_NEW_s2027M2H|scaled|rule|raw|UAFE seed 13 pid 2219040 avail_GiB 26.1 own_GiB 3.07 psi 0.0
[   907s] finished OVN_NEW_s2027M2H|scaled|rule|raw|UAFE seed 10 rc 0 avail_GiB 26.0 own_GiB 3.09 psi 0.0
[   911s] started OVN_NEW_s2027M2H|scaled|rule|raw|UAFE seed 14 pid 2219042 avail_GiB 26.0 own_GiB 3.11 psi 0.0
[   925s] finished OVN_NEW_s2027M2H|scaled|rule|raw|UAFE seed 11 rc 0 avail_GiB 26.1 own_GiB 3.07 psi 0.0
[   929s] started OVN_NEW_s2027M2H|scaled|rule|raw|UAFE seed 15 pid 2219057 avail_GiB 26.1 own_GiB 3.09 psi 0.0
[  1138s] finished OVN_NEW_s2027M2H|scaled|rule|raw|UAFE seed 13 rc 0 avail_GiB 25.7 own_GiB 3.13 psi 0.0
[  1142s] started OVN_NEW_s2027M2H|scaled|rule|raw|UAFE seed 16 pid 2219301 avail_GiB 25.7 own_GiB 3.14 psi 0.0
[  1149s] finished OVN_NEW_s2027M2H|scaled|rule|raw|UAFE seed 12 rc 0 avail_GiB 25.7 own_GiB 3.11 psi 0.0
[  1153s] started OVN_NEW_s2027M2H|scaled|rule|raw|UAFE seed 17 pid 2219311 avail_GiB 25.7 own_GiB 3.07 psi 0.0
[  1154s] finished OVN_NEW_s2027M2H|scaled|rule|raw|UAFE seed 14 rc 0 avail_GiB 25.7 own_GiB 3.08 psi 0.0
[  1158s] started OVN_NEW_s2027M2H|scaled|rule|raw|UAFE seed 18 pid 2219312 avail_GiB 25.6 own_GiB 3.10 psi 0.0
[  1254s] finished OVN_NEW_s2027M2H|scaled|rule|raw|UAFE seed 15 rc 0 avail_GiB 25.8 own_GiB 3.11 psi 0.0
[  1256s] started OVN_NEW_s2027M2H|scaled|rule|raw|UAFE seed 19 pid 2219472 avail_GiB 25.9 own_GiB 3.12 psi 0.0
[  1368s] finished OVN_NEW_s2027M2H|scaled|rule|raw|UAFE seed 16 rc 0 avail_GiB 28.4 own_GiB 3.12 psi 0.0
[  1370s] started OVN_NEW_s2027M2H|scaled|rule|raw|UAFE seed 20 pid 2219598 avail_GiB 28.4 own_GiB 3.13 psi 0.0
[  1381s] finished OVN_NEW_s2027M2H|scaled|rule|raw|UAFE seed 17 rc 0 avail_GiB 28.5 own_GiB 3.11 psi 0.0
[  1383s] started OVN_NEW_s2027M2H|scaled|rule|raw|UAFE seed 21 pid 2219613 avail_GiB 28.5 own_GiB 3.06 psi 0.0
[  1384s] finished OVN_NEW_s2027M2H|scaled|rule|raw|UAFE seed 18 rc 0 avail_GiB 28.5 own_GiB 3.08 psi 0.0
[  1386s] started OVN_NEW_s2027M2H|scaled|rule|raw|UAFE seed 22 pid 2219615 avail_GiB 28.4 own_GiB 3.10 psi 0.0
[  1474s] finished OVN_NEW_s2027M2H|scaled|rule|raw|UAFE seed 19 rc 0 avail_GiB 31.3 own_GiB 3.11 psi 0.0
[  1476s] started OVN_NEW_s2027M2H|scaled|rule|raw|UAFE seed 23 pid 2219706 avail_GiB 31.4 own_GiB 3.12 psi 0.0
[  1544s] finished OVN_NEW_s2027M2H|scaled|rule|raw|UAFE seed 20 rc 0 avail_GiB 31.2 own_GiB 3.12 psi 0.0
[  1546s] started OVN_NEW_s2027M2H|scaled|rule|raw|UAFE seed 24 pid 2219789 avail_GiB 31.2 own_GiB 3.13 psi 0.0
[  1557s] finished OVN_NEW_s2027M2H|scaled|rule|raw|UAFE seed 21 rc 0 avail_GiB 31.1 own_GiB 3.10 psi 0.0
[  1559s] started OVN_NEW_s2027M2H|scaled|rule|raw|UAFE seed 25 pid 2219799 avail_GiB 31.1 own_GiB 3.12 psi 0.0
[  1565s] finished OVN_NEW_s2027M2H|scaled|rule|raw|UAFE seed 22 rc 0 avail_GiB 31.1 own_GiB 3.08 psi 0.0
[  1566s] started OVN_NEW_s2027M2H|scaled|rule|raw|UAFE seed 26 pid 2219804 avail_GiB 31.1 own_GiB 3.09 psi 0.0
[  1641s] finished OVN_NEW_s2027M2H|scaled|rule|raw|UAFE seed 23 rc 0 avail_GiB 30.9 own_GiB 3.11 psi 0.0
[  1643s] started OVN_NEW_s2027M2H|scaled|rule|raw|UAFE seed 27 pid 2219913 avail_GiB 30.9 own_GiB 3.12 psi 0.0
[  1730s] finished OVN_NEW_s2027M2H|scaled|rule|raw|UAFE seed 24 rc 0 avail_GiB 30.3 own_GiB 3.13 psi 0.0
[  1731s] started OVN_NEW_s2027M2H|scaled|rule|raw|UAFE seed 28 pid 2220235 avail_GiB 30.0 own_GiB 3.14 psi 0.0
[  1738s] finished OVN_NEW_s2027M2H|scaled|rule|raw|UAFE seed 25 rc 0 avail_GiB 29.8 own_GiB 3.11 psi 0.0
[  1740s] started OVN_NEW_s2027M2H|scaled|rule|raw|UAFE seed 29 pid 2220245 avail_GiB 30.4 own_GiB 3.06 psi 0.0
[  1740s] finished OVN_NEW_s2027M2H|scaled|rule|raw|UAFE seed 26 rc 0 avail_GiB 30.9 own_GiB 3.08 psi 0.0
[  1742s] started OVN_NEW_s2027M2H|scaled|rule|raw|UAFE seed 30 pid 2220247 avail_GiB 30.9 own_GiB 3.09 psi 0.0
[  1811s] finished OVN_NEW_s2027M2H|scaled|rule|raw|UAFE seed 27 rc 0 avail_GiB 30.7 own_GiB 3.11 psi 0.0
[  1813s] started OVN_NEW_s2027M2H|scaled|rule|raw|UAFE seed 31 pid 2220574 avail_GiB 30.7 own_GiB 3.12 psi 0.0
[  1899s] finished OVN_NEW_s2027M2H|scaled|rule|raw|UAFE seed 28 rc 0 avail_GiB 30.4 own_GiB 3.13 psi 0.0
[  1901s] started OVN_NEW_s2027M2H|scaled|rule|raw|UAFE|fee_x1.25 seed 0 pid 2220790 avail_GiB 30.4 own_GiB 3.14 psi 0.0
[  1907s] finished OVN_NEW_s2027M2H|scaled|rule|raw|UAFE seed 29 rc 0 avail_GiB 30.6 own_GiB 3.05 psi 0.0
[  1908s] started OVN_NEW_s2027M2H|scaled|rule|raw|UAFE|fee_x1.25 seed 1 pid 2220795 avail_GiB 30.6 own_GiB 3.06 psi 0.0
[  1909s] finished OVN_NEW_s2027M2H|scaled|rule|raw|UAFE seed 30 rc 0 avail_GiB 30.5 own_GiB 3.07 psi 0.0
[  1910s] started OVN_NEW_s2027M2H|scaled|rule|raw|UAFE|fee_x1.25 seed 2 pid 2220796 avail_GiB 30.5 own_GiB 3.10 psi 0.0
[  1980s] aggregated OVN_NEW_s2027M2H|scaled|rule|raw|UAFE
[  1981s] finished OVN_NEW_s2027M2H|scaled|rule|raw|UAFE seed 31 rc 0 avail_GiB 30.4 own_GiB 3.17 psi 0.0
[  1983s] started OVN_NEW_s2027M2H|scaled|rule|raw|UAFE|fee_x1.25 seed 3 pid 2220922 avail_GiB 30.3 own_GiB 3.19 psi 0.0
[  2073s] finished OVN_NEW_s2027M2H|scaled|rule|raw|UAFE|fee_x1.25 seed 0 rc 0 avail_GiB 30.2 own_GiB 3.13 psi 0.0
[  2074s] started OVN_NEW_s2027M2H|scaled|rule|raw|UAFE|fee_x1.25 seed 4 pid 2221026 avail_GiB 30.1 own_GiB 3.14 psi 0.0
[  2075s] finished OVN_NEW_s2027M2H|scaled|rule|raw|UAFE|fee_x1.25 seed 1 rc 0 avail_GiB 30.1 own_GiB 3.16 psi 0.0
[  2076s] started OVN_NEW_s2027M2H|scaled|rule|raw|UAFE|fee_x1.25 seed 5 pid 2221027 avail_GiB 30.1 own_GiB 3.18 psi 0.0
[  2094s] finished OVN_NEW_s2027M2H|scaled|rule|raw|UAFE|fee_x1.25 seed 2 rc 0 avail_GiB 30.1 own_GiB 3.09 psi 0.0
[  2096s] started OVN_NEW_s2027M2H|scaled|rule|raw|UAFE|fee_x1.25 seed 6 pid 2221066 avail_GiB 30.1 own_GiB 3.11 psi 0.0
[  2148s] finished OVN_NEW_s2027M2H|scaled|rule|raw|UAFE|fee_x1.25 seed 3 rc 0 avail_GiB 29.9 own_GiB 3.10 psi 0.0
[  2149s] started OVN_NEW_s2027M2H|scaled|rule|raw|UAFE|fee_x1.25 seed 7 pid 2221104 avail_GiB 29.8 own_GiB 3.12 psi 0.0
[  2243s] finished OVN_NEW_s2027M2H|scaled|rule|raw|UAFE|fee_x1.25 seed 4 rc 0 avail_GiB 29.9 own_GiB 3.13 psi 0.0
[  2244s] started OVN_NEW_s2027M2H|scaled|rule|raw|UAFE|fee_x1.25 seed 8 pid 2221232 avail_GiB 30.0 own_GiB 3.09 psi 0.0
[  2244s] finished OVN_NEW_s2027M2H|scaled|rule|raw|UAFE|fee_x1.25 seed 5 rc 0 avail_GiB 30.0 own_GiB 3.10 psi 0.0
[  2246s] started OVN_NEW_s2027M2H|scaled|rule|raw|UAFE|fee_x1.25 seed 9 pid 2221238 avail_GiB 30.0 own_GiB 3.12 psi 0.0
[  2258s] finished OVN_NEW_s2027M2H|scaled|rule|raw|UAFE|fee_x1.25 seed 6 rc 0 avail_GiB 29.9 own_GiB 3.09 psi 0.0
[  2260s] started OVN_NEW_s2027M2H|scaled|rule|raw|UAFE|fee_x1.25 seed 10 pid 2221262 avail_GiB 29.9 own_GiB 3.10 psi 0.0
[  2317s] finished OVN_NEW_s2027M2H|scaled|rule|raw|UAFE|fee_x1.25 seed 7 rc 0 avail_GiB 29.7 own_GiB 3.10 psi 0.0
[  2319s] started OVN_NEW_s2027M2H|scaled|rule|raw|UAFE|fee_x1.25 seed 11 pid 2221331 avail_GiB 29.7 own_GiB 3.11 psi 0.0
[  2412s] finished OVN_NEW_s2027M2H|scaled|rule|raw|UAFE|fee_x1.25 seed 8 rc 0 avail_GiB 29.6 own_GiB 3.13 psi 0.0
[  2413s] started OVN_NEW_s2027M2H|scaled|rule|raw|UAFE|fee_x1.25 seed 12 pid 2221446 avail_GiB 29.6 own_GiB 3.14 psi 0.0
[  2419s] finished OVN_NEW_s2027M2H|scaled|rule|raw|UAFE|fee_x1.25 seed 9 rc 0 avail_GiB 29.6 own_GiB 3.11 psi 0.0
[  2421s] started OVN_NEW_s2027M2H|scaled|rule|raw|UAFE|fee_x1.25 seed 13 pid 2221453 avail_GiB 29.6 own_GiB 3.12 psi 0.0
[  2438s] finished OVN_NEW_s2027M2H|scaled|rule|raw|UAFE|fee_x1.25 seed 10 rc 0 avail_GiB 29.6 own_GiB 3.09 psi 0.0
[  2440s] started OVN_NEW_s2027M2H|scaled|rule|raw|UAFE|fee_x1.25 seed 14 pid 2221501 avail_GiB 29.6 own_GiB 3.11 psi 0.0
[  2487s] finished OVN_NEW_s2027M2H|scaled|rule|raw|UAFE|fee_x1.25 seed 11 rc 0 avail_GiB 29.5 own_GiB 3.10 psi 0.0
[  2488s] started OVN_NEW_s2027M2H|scaled|rule|raw|UAFE|fee_x1.25 seed 15 pid 2221573 avail_GiB 29.5 own_GiB 3.12 psi 0.0
[  2587s] finished OVN_NEW_s2027M2H|scaled|rule|raw|UAFE|fee_x1.25 seed 12 rc 0 avail_GiB 29.2 own_GiB 3.13 psi 0.0
[  2589s] started OVN_NEW_s2027M2H|scaled|rule|raw|UAFE|fee_x1.25 seed 16 pid 2221723 avail_GiB 29.2 own_GiB 3.14 psi 0.0
[  2614s] finished OVN_NEW_s2027M2H|scaled|rule|raw|UAFE|fee_x1.25 seed 13 rc 0 avail_GiB 29.3 own_GiB 3.11 psi 0.0
[  2617s] started OVN_NEW_s2027M2H|scaled|rule|raw|UAFE|fee_x1.25 seed 17 pid 2221748 avail_GiB 29.3 own_GiB 3.44 psi 0.0
[  2617s] finished OVN_NEW_s2027M2H|scaled|rule|raw|UAFE|fee_x1.25 seed 14 rc 0 avail_GiB 29.3 own_GiB 3.09 psi 0.0
[  2619s] started OVN_NEW_s2027M2H|scaled|rule|raw|UAFE|fee_x1.25 seed 18 pid 2221752 avail_GiB 29.2 own_GiB 3.11 psi 0.0
[  2673s] finished OVN_NEW_s2027M2H|scaled|rule|raw|UAFE|fee_x1.25 seed 15 rc 0 avail_GiB 29.2 own_GiB 3.10 psi 0.0
[  2675s] started OVN_NEW_s2027M2H|scaled|rule|raw|UAFE|fee_x1.25 seed 19 pid 2221807 avail_GiB 29.2 own_GiB 3.12 psi 0.0
[  2774s] finished OVN_NEW_s2027M2H|scaled|rule|raw|UAFE|fee_x1.25 seed 16 rc 0 avail_GiB 29.0 own_GiB 3.13 psi 0.0
[  2776s] started OVN_NEW_s2027M2H|scaled|rule|raw|UAFE|fee_x1.25 seed 20 pid 2221966 avail_GiB 29.0 own_GiB 3.15 psi 0.0
[  2795s] finished OVN_NEW_s2027M2H|scaled|rule|raw|UAFE|fee_x1.25 seed 17 rc 0 avail_GiB 29.0 own_GiB 3.11 psi 0.0
[  2798s] started OVN_NEW_s2027M2H|scaled|rule|raw|UAFE|fee_x1.25 seed 21 pid 2221986 avail_GiB 29.0 own_GiB 3.13 psi 0.0
[  2804s] finished OVN_NEW_s2027M2H|scaled|rule|raw|UAFE|fee_x1.25 seed 18 rc 0 avail_GiB 29.0 own_GiB 3.09 psi 0.0
[  2806s] started OVN_NEW_s2027M2H|scaled|rule|raw|UAFE|fee_x1.25 seed 22 pid 2222020 avail_GiB 29.1 own_GiB 3.11 psi 0.0
[  2854s] finished OVN_NEW_s2027M2H|scaled|rule|raw|UAFE|fee_x1.25 seed 19 rc 0 avail_GiB 29.0 own_GiB 3.10 psi 0.0
[  2857s] started OVN_NEW_s2027M2H|scaled|rule|raw|UAFE|fee_x1.25 seed 23 pid 2222100 avail_GiB 29.0 own_GiB 3.12 psi 0.0
[  2954s] finished OVN_NEW_s2027M2H|scaled|rule|raw|UAFE|fee_x1.25 seed 20 rc 0 avail_GiB 28.8 own_GiB 3.13 psi 0.0
[  2956s] started OVN_NEW_s2027M2H|scaled|rule|raw|UAFE|fee_x1.25 seed 24 pid 2222250 avail_GiB 28.8 own_GiB 3.14 psi 0.0
[  2974s] finished OVN_NEW_s2027M2H|scaled|rule|raw|UAFE|fee_x1.25 seed 21 rc 0 avail_GiB 28.8 own_GiB 3.11 psi 0.0
[  2976s] started OVN_NEW_s2027M2H|scaled|rule|raw|UAFE|fee_x1.25 seed 25 pid 2222267 avail_GiB 28.8 own_GiB 3.13 psi 0.0
[  2982s] finished OVN_NEW_s2027M2H|scaled|rule|raw|UAFE|fee_x1.25 seed 22 rc 0 avail_GiB 28.8 own_GiB 3.09 psi 0.0
[  2983s] started OVN_NEW_s2027M2H|scaled|rule|raw|UAFE|fee_x1.25 seed 26 pid 2222271 avail_GiB 28.8 own_GiB 3.10 psi 0.0
[  3024s] finished OVN_NEW_s2027M2H|scaled|rule|raw|UAFE|fee_x1.25 seed 23 rc 0 avail_GiB 28.7 own_GiB 3.09 psi 0.0
[  3025s] started OVN_NEW_s2027M2H|scaled|rule|raw|UAFE|fee_x1.25 seed 27 pid 2222343 avail_GiB 28.7 own_GiB 3.10 psi 0.0
[  3139s] finished OVN_NEW_s2027M2H|scaled|rule|raw|UAFE|fee_x1.25 seed 24 rc 0 avail_GiB 28.5 own_GiB 3.12 psi 0.0
[  3141s] started OVN_NEW_s2027M2H|scaled|rule|raw|UAFE|fee_x1.25 seed 28 pid 2222499 avail_GiB 28.5 own_GiB 3.14 psi 0.0
[  3164s] finished OVN_NEW_s2027M2H|scaled|rule|raw|UAFE|fee_x1.25 seed 26 rc 0 avail_GiB 28.5 own_GiB 3.11 psi 0.0
[  3165s] started OVN_NEW_s2027M2H|scaled|rule|raw|UAFE|fee_x1.25 seed 29 pid 2222528 avail_GiB 28.5 own_GiB 3.13 psi 0.0
[  3199s] finished OVN_NEW_s2027M2H|scaled|rule|raw|UAFE|fee_x1.25 seed 27 rc 0 avail_GiB 28.4 own_GiB 3.11 psi 0.0
[  3201s] started OVN_NEW_s2027M2H|scaled|rule|raw|UAFE|fee_x1.25 seed 30 pid 2222626 avail_GiB 28.4 own_GiB 3.12 psi 0.0
[  3207s] finished OVN_NEW_s2027M2H|scaled|rule|raw|UAFE|fee_x1.25 seed 25 rc 0 avail_GiB 28.4 own_GiB 3.09 psi 0.0
[  3208s] started OVN_NEW_s2027M2H|scaled|rule|raw|UAFE|fee_x1.25 seed 31 pid 2222629 avail_GiB 28.5 own_GiB 3.10 psi 0.0
[  3316s] finished OVN_NEW_s2027M2H|scaled|rule|raw|UAFE|fee_x1.25 seed 28 rc 0 avail_GiB 28.3 own_GiB 3.12 psi 0.0
[  3318s] started OVN_NEW_s2027M2H|scaled|rule|raw|UAFE|slip_x1.5 seed 0 pid 2222764 avail_GiB 28.3 own_GiB 3.14 psi 0.0
[  3347s] finished OVN_NEW_s2027M2H|scaled|rule|raw|UAFE|fee_x1.25 seed 29 rc 0 avail_GiB 28.2 own_GiB 3.11 psi 0.0
[  3349s] started OVN_NEW_s2027M2H|scaled|rule|raw|UAFE|slip_x1.5 seed 1 pid 2222811 avail_GiB 28.2 own_GiB 3.13 psi 0.0
[  3385s] finished OVN_NEW_s2027M2H|scaled|rule|raw|UAFE|fee_x1.25 seed 30 rc 0 avail_GiB 28.1 own_GiB 3.11 psi 0.0
[  3387s] started OVN_NEW_s2027M2H|scaled|rule|raw|UAFE|slip_x1.5 seed 2 pid 2222856 avail_GiB 28.1 own_GiB 3.13 psi 0.0
[  3401s] aggregated OVN_NEW_s2027M2H|scaled|rule|raw|UAFE|fee_x1.25
[  3401s] finished OVN_NEW_s2027M2H|scaled|rule|raw|UAFE|fee_x1.25 seed 31 rc 0 avail_GiB 28.0 own_GiB 3.16 psi 0.0
[  3403s] started OVN_NEW_s2027M2H|scaled|rule|raw|UAFE|slip_x1.5 seed 3 pid 2222867 avail_GiB 28.1 own_GiB 3.17 psi 0.0
[  3497s] finished OVN_NEW_s2027M2H|scaled|rule|raw|UAFE|slip_x1.5 seed 0 rc 0 avail_GiB 27.8 own_GiB 3.18 psi 0.0
[  3500s] started OVN_NEW_s2027M2H|scaled|rule|raw|UAFE|slip_x1.5 seed 4 pid 2223015 avail_GiB 27.8 own_GiB 3.20 psi 0.0
[  3542s] finished OVN_NEW_s2027M2H|scaled|rule|raw|UAFE|slip_x1.5 seed 1 rc 0 avail_GiB 27.8 own_GiB 3.17 psi 0.0
[  3544s] started OVN_NEW_s2027M2H|scaled|rule|raw|UAFE|slip_x1.5 seed 5 pid 2223092 avail_GiB 27.7 own_GiB 3.19 psi 0.0
[  3575s] finished OVN_NEW_s2027M2H|scaled|rule|raw|UAFE|slip_x1.5 seed 2 rc 0 avail_GiB 27.9 own_GiB 3.11 psi 0.0
[  3578s] started OVN_NEW_s2027M2H|scaled|rule|raw|UAFE|slip_x1.5 seed 6 pid 2223144 avail_GiB 27.8 own_GiB 3.13 psi 0.0
[  3590s] finished OVN_NEW_s2027M2H|scaled|rule|raw|UAFE|slip_x1.5 seed 3 rc 0 avail_GiB 27.9 own_GiB 3.09 psi 0.0
[  3591s] started OVN_NEW_s2027M2H|scaled|rule|raw|UAFE|slip_x1.5 seed 7 pid 2223154 avail_GiB 27.8 own_GiB 3.11 psi 0.0
[  3691s] finished OVN_NEW_s2027M2H|scaled|rule|raw|UAFE|slip_x1.5 seed 4 rc 0 avail_GiB 27.5 own_GiB 3.12 psi 0.0
[  3693s] started OVN_NEW_s2027M2H|scaled|rule|raw|UAFE|slip_x1.5 seed 8 pid 2223322 avail_GiB 27.5 own_GiB 3.14 psi 0.0
[  3735s] finished OVN_NEW_s2027M2H|scaled|rule|raw|UAFE|slip_x1.5 seed 5 rc 0 avail_GiB 27.5 own_GiB 3.12 psi 0.0
[  3737s] started OVN_NEW_s2027M2H|scaled|rule|raw|UAFE|slip_x1.5 seed 9 pid 2223366 avail_GiB 27.6 own_GiB 3.14 psi 0.0
[  3766s] finished OVN_NEW_s2027M2H|scaled|rule|raw|UAFE|slip_x1.5 seed 6 rc 0 avail_GiB 27.6 own_GiB 3.11 psi 0.0
[  3768s] started OVN_NEW_s2027M2H|scaled|rule|raw|UAFE|slip_x1.5 seed 10 pid 2223415 avail_GiB 27.6 own_GiB 3.13 psi 0.0
[  3786s] finished OVN_NEW_s2027M2H|scaled|rule|raw|UAFE|slip_x1.5 seed 7 rc 0 avail_GiB 27.7 own_GiB 3.09 psi 0.0
[  3788s] started OVN_NEW_s2027M2H|scaled|rule|raw|UAFE|slip_x1.5 seed 11 pid 2223464 avail_GiB 27.7 own_GiB 3.12 psi 0.0
[  3876s] finished OVN_NEW_s2027M2H|scaled|rule|raw|UAFE|slip_x1.5 seed 8 rc 0 avail_GiB 27.5 own_GiB 3.12 psi 0.0
[  3878s] started OVN_NEW_s2027M2H|scaled|rule|raw|UAFE|slip_x1.5 seed 12 pid 2223555 avail_GiB 27.5 own_GiB 3.14 psi 0.0
[  3931s] finished OVN_NEW_s2027M2H|scaled|rule|raw|UAFE|slip_x1.5 seed 9 rc 0 avail_GiB 27.4 own_GiB 3.12 psi 0.0
[  3933s] started OVN_NEW_s2027M2H|scaled|rule|raw|UAFE|slip_x1.5 seed 13 pid 2223669 avail_GiB 27.4 own_GiB 3.14 psi 0.0
[  3963s] finished OVN_NEW_s2027M2H|scaled|rule|raw|UAFE|slip_x1.5 seed 10 rc 0 avail_GiB 27.4 own_GiB 3.11 psi 0.0
[  3965s] started OVN_NEW_s2027M2H|scaled|rule|raw|UAFE|slip_x1.5 seed 14 pid 2223708 avail_GiB 27.3 own_GiB 3.13 psi 0.0
[  3977s] finished OVN_NEW_s2027M2H|scaled|rule|raw|UAFE|slip_x1.5 seed 11 rc 0 avail_GiB 27.4 own_GiB 3.09 psi 0.0
[  3979s] started OVN_NEW_s2027M2H|scaled|rule|raw|UAFE|slip_x1.5 seed 15 pid 2223718 avail_GiB 27.5 own_GiB 3.12 psi 0.0
[  4062s] finished OVN_NEW_s2027M2H|scaled|rule|raw|UAFE|slip_x1.5 seed 12 rc 0 avail_GiB 27.3 own_GiB 3.12 psi 0.0
[  4064s] started OVN_NEW_s2027M2H|scaled|rule|raw|UAFE|slip_x1.5 seed 16 pid 2223841 avail_GiB 27.3 own_GiB 3.14 psi 0.0
[  4117s] finished OVN_NEW_s2027M2H|scaled|rule|raw|UAFE|slip_x1.5 seed 13 rc 0 avail_GiB 27.1 own_GiB 3.12 psi 0.0
[  4119s] started OVN_NEW_s2027M2H|scaled|rule|raw|UAFE|slip_x1.5 seed 17 pid 2223901 avail_GiB 27.1 own_GiB 3.14 psi 0.0
[  4149s] finished OVN_NEW_s2027M2H|scaled|rule|raw|UAFE|slip_x1.5 seed 14 rc 0 avail_GiB 27.1 own_GiB 3.11 psi 0.0
[  4152s] started OVN_NEW_s2027M2H|scaled|rule|raw|UAFE|slip_x1.5 seed 18 pid 2223952 avail_GiB 27.1 own_GiB 3.13 psi 0.0
[  4164s] finished OVN_NEW_s2027M2H|scaled|rule|raw|UAFE|slip_x1.5 seed 15 rc 0 avail_GiB 27.1 own_GiB 3.09 psi 0.0
[  4166s] started OVN_NEW_s2027M2H|scaled|rule|raw|UAFE|slip_x1.5 seed 19 pid 2223992 avail_GiB 27.1 own_GiB 3.11 psi 0.0
[  4249s] finished OVN_NEW_s2027M2H|scaled|rule|raw|UAFE|slip_x1.5 seed 16 rc 0 avail_GiB 27.0 own_GiB 3.12 psi 0.0
[  4250s] started OVN_NEW_s2027M2H|scaled|rule|raw|UAFE|slip_x1.5 seed 20 pid 2224286 avail_GiB 27.0 own_GiB 3.13 psi 0.0
[  4310s] finished OVN_NEW_s2027M2H|scaled|rule|raw|UAFE|slip_x1.5 seed 17 rc 0 avail_GiB 26.9 own_GiB 3.12 psi 0.0
[  4312s] started OVN_NEW_s2027M2H|scaled|rule|raw|UAFE|slip_x1.5 seed 21 pid 2224415 avail_GiB 26.9 own_GiB 3.14 psi 0.0
[  4342s] finished OVN_NEW_s2027M2H|scaled|rule|raw|UAFE|slip_x1.5 seed 18 rc 0 avail_GiB 26.8 own_GiB 3.11 psi 0.0
[  4344s] started OVN_NEW_s2027M2H|scaled|rule|raw|UAFE|slip_x1.5 seed 22 pid 2224436 avail_GiB 26.8 own_GiB 3.13 psi 0.0
[  4350s] finished OVN_NEW_s2027M2H|scaled|rule|raw|UAFE|slip_x1.5 seed 19 rc 0 avail_GiB 26.8 own_GiB 3.09 psi 0.0
[  4352s] started OVN_NEW_s2027M2H|scaled|rule|raw|UAFE|slip_x1.5 seed 23 pid 2224443 avail_GiB 26.8 own_GiB 3.11 psi 0.0
[  4440s] finished OVN_NEW_s2027M2H|scaled|rule|raw|UAFE|slip_x1.5 seed 20 rc 0 avail_GiB 26.7 own_GiB 3.12 psi 0.0
[  4442s] started OVN_NEW_s2027M2H|scaled|rule|raw|UAFE|slip_x1.5 seed 24 pid 2224578 avail_GiB 26.7 own_GiB 3.14 psi 0.0
[  4500s] finished OVN_NEW_s2027M2H|scaled|rule|raw|UAFE|slip_x1.5 seed 21 rc 0 avail_GiB 26.6 own_GiB 3.12 psi 0.0
[  4502s] started OVN_NEW_s2027M2H|scaled|rule|raw|UAFE|slip_x1.5 seed 25 pid 2224621 avail_GiB 26.6 own_GiB 3.14 psi 0.0
[  4531s] finished OVN_NEW_s2027M2H|scaled|rule|raw|UAFE|slip_x1.5 seed 22 rc 0 avail_GiB 26.6 own_GiB 3.06 psi 0.0
[  4533s] started OVN_NEW_s2027M2H|scaled|rule|raw|UAFE|slip_x1.5 seed 26 pid 2224688 avail_GiB 26.6 own_GiB 3.08 psi 0.0
[  4534s] finished OVN_NEW_s2027M2H|scaled|rule|raw|UAFE|slip_x1.5 seed 23 rc 0 avail_GiB 26.5 own_GiB 3.09 psi 0.0
[  4537s] started OVN_NEW_s2027M2H|scaled|rule|raw|UAFE|slip_x1.5 seed 27 pid 2224691 avail_GiB 26.5 own_GiB 3.11 psi 0.0
[  4625s] finished OVN_NEW_s2027M2H|scaled|rule|raw|UAFE|slip_x1.5 seed 24 rc 0 avail_GiB 26.4 own_GiB 3.12 psi 0.0
[  4627s] started OVN_NEW_s2027M2H|scaled|rule|raw|UAFE|slip_x1.5 seed 28 pid 2224769 avail_GiB 26.4 own_GiB 3.14 psi 0.0
[  4699s] finished OVN_NEW_s2027M2H|scaled|rule|raw|UAFE|slip_x1.5 seed 25 rc 0 avail_GiB 26.3 own_GiB 3.12 psi 0.0
[  4701s] started OVN_NEW_s2027M2H|scaled|rule|raw|UAFE|slip_x1.5 seed 29 pid 2224911 avail_GiB 26.4 own_GiB 3.14 psi 0.0
[  4737s] finished OVN_NEW_s2027M2H|scaled|rule|raw|UAFE|slip_x1.5 seed 26 rc 0 avail_GiB 26.4 own_GiB 3.06 psi 0.0
[  4739s] started OVN_NEW_s2027M2H|scaled|rule|raw|UAFE|slip_x1.5 seed 30 pid 2224937 avail_GiB 26.4 own_GiB 3.08 psi 0.0
[  4739s] finished OVN_NEW_s2027M2H|scaled|rule|raw|UAFE|slip_x1.5 seed 27 rc 0 avail_GiB 26.4 own_GiB 3.09 psi 0.0
[  4741s] started OVN_NEW_s2027M2H|scaled|rule|raw|UAFE|slip_x1.5 seed 31 pid 2224942 avail_GiB 26.4 own_GiB 3.11 psi 0.0
[  4842s] finished OVN_NEW_s2027M2H|scaled|rule|raw|UAFE|slip_x1.5 seed 28 rc 0 avail_GiB 26.3 own_GiB 3.12 psi 0.0
[  4844s] started OVN_NEW_s2027M2H|scaled|rule|raw|UAFE|fill_x0.9 seed 0 pid 2225091 avail_GiB 26.2 own_GiB 3.13 psi 0.0
[  4915s] finished OVN_NEW_s2027M2H|scaled|rule|raw|UAFE|slip_x1.5 seed 29 rc 0 avail_GiB 26.1 own_GiB 3.12 psi 0.0
[  4918s] started OVN_NEW_s2027M2H|scaled|rule|raw|UAFE|fill_x0.9 seed 1 pid 2225191 avail_GiB 26.1 own_GiB 3.14 psi 0.0
[  4954s] finished OVN_NEW_s2027M2H|scaled|rule|raw|UAFE|slip_x1.5 seed 30 rc 0 avail_GiB 26.0 own_GiB 3.11 psi 0.0
[  4955s] started OVN_NEW_s2027M2H|scaled|rule|raw|UAFE|fill_x0.9 seed 2 pid 2225268 avail_GiB 26.1 own_GiB 3.08 psi 0.0
[  4957s] aggregated OVN_NEW_s2027M2H|scaled|rule|raw|UAFE|slip_x1.5
[  4958s] finished OVN_NEW_s2027M2H|scaled|rule|raw|UAFE|slip_x1.5 seed 31 rc 0 avail_GiB 26.0 own_GiB 3.16 psi 0.0
[  4960s] started OVN_NEW_s2027M2H|scaled|rule|raw|UAFE|fill_x0.9 seed 3 pid 2225272 avail_GiB 26.0 own_GiB 3.17 psi 0.0
[  5055s] finished OVN_NEW_s2027M2H|scaled|rule|raw|UAFE|fill_x0.9 seed 0 rc 0 avail_GiB 26.0 own_GiB 3.17 psi 0.0
[  5057s] started OVN_NEW_s2027M2H|scaled|rule|raw|UAFE|fill_x0.9 seed 4 pid 2225474 avail_GiB 25.9 own_GiB 3.19 psi 0.0
[  5126s] finished OVN_NEW_s2027M2H|scaled|rule|raw|UAFE|fill_x0.9 seed 1 rc 0 avail_GiB 25.8 own_GiB 3.18 psi 0.0
[  5129s] started OVN_NEW_s2027M2H|scaled|rule|raw|UAFE|fill_x0.9 seed 5 pid 2225564 avail_GiB 25.8 own_GiB 3.19 psi 0.0
[  5158s] finished OVN_NEW_s2027M2H|scaled|rule|raw|UAFE|fill_x0.9 seed 2 rc 0 avail_GiB 25.8 own_GiB 3.11 psi 0.0
[  5160s] started OVN_NEW_s2027M2H|scaled|rule|raw|UAFE|fill_x0.9 seed 6 pid 2225616 avail_GiB 25.8 own_GiB 3.13 psi 0.0
[  5166s] finished OVN_NEW_s2027M2H|scaled|rule|raw|UAFE|fill_x0.9 seed 3 rc 0 avail_GiB 25.8 own_GiB 3.09 psi 0.0
[  5168s] started OVN_NEW_s2027M2H|scaled|rule|raw|UAFE|fill_x0.9 seed 7 pid 2225638 avail_GiB 25.8 own_GiB 3.10 psi 0.0
[  5246s] finished OVN_NEW_s2027M2H|scaled|rule|raw|UAFE|fill_x0.9 seed 4 rc 0 avail_GiB 25.6 own_GiB 3.11 psi 0.0
[  5249s] started OVN_NEW_s2027M2H|scaled|rule|raw|UAFE|fill_x0.9 seed 8 pid 2225720 avail_GiB 25.6 own_GiB 3.13 psi 0.0
[  5308s] finished OVN_NEW_s2027M2H|scaled|rule|raw|UAFE|fill_x0.9 seed 5 rc 0 avail_GiB 25.7 own_GiB 3.12 psi 0.0
[  5310s] started OVN_NEW_s2027M2H|scaled|rule|raw|UAFE|fill_x0.9 seed 9 pid 2225827 avail_GiB 25.7 own_GiB 3.13 psi 0.0
[  5340s] finished OVN_NEW_s2027M2H|scaled|rule|raw|UAFE|fill_x0.9 seed 6 rc 0 avail_GiB 25.5 own_GiB 3.11 psi 0.0
[  5342s] started OVN_NEW_s2027M2H|scaled|rule|raw|UAFE|fill_x0.9 seed 10 pid 2225858 avail_GiB 25.4 own_GiB 3.12 psi 0.0
[  5366s] finished OVN_NEW_s2027M2H|scaled|rule|raw|UAFE|fill_x0.9 seed 7 rc 0 avail_GiB 25.4 own_GiB 3.10 psi 0.0
[  5368s] started OVN_NEW_s2027M2H|scaled|rule|raw|UAFE|fill_x0.9 seed 11 pid 2225896 avail_GiB 25.4 own_GiB 3.11 psi 0.0
[  5430s] finished OVN_NEW_s2027M2H|scaled|rule|raw|UAFE|fill_x0.9 seed 8 rc 0 avail_GiB 25.3 own_GiB 3.11 psi 0.0
[  5432s] started OVN_NEW_s2027M2H|scaled|rule|raw|UAFE|fill_x0.9 seed 12 pid 2226058 avail_GiB 25.3 own_GiB 3.12 psi 0.0
[  5495s] finished OVN_NEW_s2027M2H|scaled|rule|raw|UAFE|fill_x0.9 seed 9 rc 0 avail_GiB 25.2 own_GiB 3.12 psi 0.0
[  5497s] started OVN_NEW_s2027M2H|scaled|rule|raw|UAFE|fill_x0.9 seed 13 pid 2226122 avail_GiB 25.2 own_GiB 3.13 psi 0.0
[  5514s] finished OVN_NEW_s2027M2H|scaled|rule|raw|UAFE|fill_x0.9 seed 10 rc 0 avail_GiB 25.2 own_GiB 3.10 psi 0.0
[  5516s] started OVN_NEW_s2027M2H|scaled|rule|raw|UAFE|fill_x0.9 seed 14 pid 2226168 avail_GiB 25.2 own_GiB 3.11 psi 0.0
[  5563s] finished OVN_NEW_s2027M2H|scaled|rule|raw|UAFE|fill_x0.9 seed 11 rc 0 avail_GiB 25.2 own_GiB 3.10 psi 0.0
[  5565s] started OVN_NEW_s2027M2H|scaled|rule|raw|UAFE|fill_x0.9 seed 15 pid 2226231 avail_GiB 25.3 own_GiB 3.11 psi 0.0
[  5656s] finished OVN_NEW_s2027M2H|scaled|rule|raw|UAFE|fill_x0.9 seed 12 rc 0 avail_GiB 25.1 own_GiB 3.12 psi 0.0
[  5657s] started OVN_NEW_s2027M2H|scaled|rule|raw|UAFE|fill_x0.9 seed 16 pid 2226362 avail_GiB 25.1 own_GiB 3.13 psi 0.0
[  5694s] finished OVN_NEW_s2027M2H|scaled|rule|raw|UAFE|fill_x0.9 seed 14 rc 0 avail_GiB 25.0 own_GiB 3.11 psi 0.0
[  5697s] started OVN_NEW_s2027M2H|scaled|rule|raw|UAFE|fill_x0.9 seed 17 pid 2226410 avail_GiB 25.0 own_GiB 3.07 psi 0.0
[  5697s] finished OVN_NEW_s2027M2H|scaled|rule|raw|UAFE|fill_x0.9 seed 13 rc 0 avail_GiB 25.0 own_GiB 3.08 psi 0.0
[  5700s] started OVN_NEW_s2027M2H|scaled|rule|raw|UAFE|fill_x0.9 seed 18 pid 2226415 avail_GiB 25.0 own_GiB 3.10 psi 0.0
[  5760s] finished OVN_NEW_s2027M2H|scaled|rule|raw|UAFE|fill_x0.9 seed 15 rc 0 avail_GiB 25.0 own_GiB 3.10 psi 0.0
[  5761s] started OVN_NEW_s2027M2H|scaled|rule|raw|UAFE|fill_x0.9 seed 19 pid 2226516 avail_GiB 25.1 own_GiB 3.12 psi 0.0
[  5846s] finished OVN_NEW_s2027M2H|scaled|rule|raw|UAFE|fill_x0.9 seed 16 rc 0 avail_GiB 24.9 own_GiB 3.12 psi 0.0
[  5848s] started OVN_NEW_s2027M2H|scaled|rule|raw|UAFE|fill_x0.9 seed 20 pid 2226610 avail_GiB 24.8 own_GiB 3.14 psi 0.0
[  5872s] finished OVN_NEW_s2027M2H|scaled|rule|raw|UAFE|fill_x0.9 seed 17 rc 0 avail_GiB 24.8 own_GiB 3.11 psi 0.0
[  5873s] started OVN_NEW_s2027M2H|scaled|rule|raw|UAFE|fill_x0.9 seed 21 pid 2226656 avail_GiB 24.8 own_GiB 3.13 psi 0.0
[  5880s] finished OVN_NEW_s2027M2H|scaled|rule|raw|UAFE|fill_x0.9 seed 18 rc 0 avail_GiB 24.8 own_GiB 3.09 psi 0.0
[  5883s] started OVN_NEW_s2027M2H|scaled|rule|raw|UAFE|fill_x0.9 seed 22 pid 2226693 avail_GiB 24.8 own_GiB 3.11 psi 0.0
[  5950s] finished OVN_NEW_s2027M2H|scaled|rule|raw|UAFE|fill_x0.9 seed 19 rc 0 avail_GiB 24.7 own_GiB 3.11 psi 0.0
[  5952s] started OVN_NEW_s2027M2H|scaled|rule|raw|UAFE|fill_x0.9 seed 23 pid 2226769 avail_GiB 24.7 own_GiB 3.12 psi 0.0
[  6029s] finished OVN_NEW_s2027M2H|scaled|rule|raw|UAFE|fill_x0.9 seed 20 rc 0 avail_GiB 24.8 own_GiB 3.12 psi 0.0
[  6032s] started OVN_NEW_s2027M2H|scaled|rule|raw|UAFE|fill_x0.9 seed 24 pid 2226962 avail_GiB 24.7 own_GiB 3.14 psi 0.0
[  6061s] finished OVN_NEW_s2027M2H|scaled|rule|raw|UAFE|fill_x0.9 seed 21 rc 0 avail_GiB 24.6 own_GiB 3.11 psi 0.0
[  6064s] started OVN_NEW_s2027M2H|scaled|rule|raw|UAFE|fill_x0.9 seed 25 pid 2227026 avail_GiB 24.7 own_GiB 3.13 psi 0.0
[  6071s] finished OVN_NEW_s2027M2H|scaled|rule|raw|UAFE|fill_x0.9 seed 22 rc 0 avail_GiB 24.6 own_GiB 3.09 psi 0.0
[  6073s] started OVN_NEW_s2027M2H|scaled|rule|raw|UAFE|fill_x0.9 seed 26 pid 2227126 avail_GiB 24.6 own_GiB 3.11 psi 0.0
[  6146s] finished OVN_NEW_s2027M2H|scaled|rule|raw|UAFE|fill_x0.9 seed 23 rc 0 avail_GiB 21.4 own_GiB 3.11 psi 0.0
[  6204s] finished OVN_NEW_s2027M2H|scaled|rule|raw|UAFE|fill_x0.9 seed 24 rc 0 avail_GiB 17.6 own_GiB 3.08 psi 0.0
[  6225s] finished OVN_NEW_s2027M2H|scaled|rule|raw|UAFE|fill_x0.9 seed 25 rc 0 avail_GiB 17.6 own_GiB 2.98 psi 0.0
[  6225s] finished OVN_NEW_s2027M2H|scaled|rule|raw|UAFE|fill_x0.9 seed 26 rc 0 avail_GiB 17.6 own_GiB 2.98 psi 0.0
[  6225s] memory: available 17.6 GiB < 22.0 and nothing running — polling every 60 s
[  6285s] memory: available 22.0 GiB < 22.0 and nothing running — polling every 60 s
[  6345s] memory: available 21.8 GiB < 22.0 and nothing running — polling every 60 s
[  6405s] memory: available 21.9 GiB < 22.0 and nothing running — polling every 60 s
[  6465s] memory: available 21.9 GiB < 22.0 and nothing running — polling every 60 s
[  6525s] memory: available 21.8 GiB < 22.0 and nothing running — polling every 60 s
[  6585s] memory: available 21.5 GiB < 22.0 and nothing running — polling every 60 s
[  6645s] memory: available 21.2 GiB < 22.0 and nothing running — polling every 60 s
[  6705s] memory: available 21.2 GiB < 22.0 and nothing running — polling every 60 s
[  6765s] memory: available 21.6 GiB < 22.0 and nothing running — polling every 60 s
[  6825s] memory: available 21.9 GiB < 22.0 and nothing running — polling every 60 s
[  6885s] memory: available 21.6 GiB < 22.0 and nothing running — polling every 60 s
[  6945s] memory: available 21.6 GiB < 22.0 and nothing running — polling every 60 s
[  7005s] memory: available 21.4 GiB < 22.0 and nothing running — polling every 60 s
[  7065s] started OVN_NEW_s2027M2H|scaled|rule|raw|UAFE|fill_x0.9 seed 27 pid 2230408 avail_GiB 24.8 own_GiB 2.99 psi 0.0
[  7065s] started OVN_NEW_s2027M2H|scaled|rule|raw|UAFE|fill_x0.9 seed 28 pid 2230411 avail_GiB 24.7 own_GiB 3.01 psi 0.0
[  7066s] started OVN_NEW_s2027M2H|scaled|rule|raw|UAFE|fill_x0.9 seed 29 pid 2230418 avail_GiB 24.7 own_GiB 3.04 psi 0.0
[  7066s] started OVN_NEW_s2027M2H|scaled|rule|raw|UAFE|fill_x0.9 seed 30 pid 2230421 avail_GiB 24.6 own_GiB 3.06 psi 0.0
[  7169s] finished OVN_NEW_s2027M2H|scaled|rule|raw|UAFE|fill_x0.9 seed 27 rc 0 avail_GiB 30.3 own_GiB 3.03 psi 0.0
[  7169s] started OVN_NEW_s2027M2H|scaled|rule|raw|UAFE|fill_x0.9 seed 31 pid 2230972 avail_GiB 30.3 own_GiB 3.04 psi 0.0
[  7169s] finished OVN_NEW_s2027M2H|scaled|rule|raw|UAFE|fill_x0.9 seed 28 rc 0 avail_GiB 30.3 own_GiB 3.05 psi 0.0
[  7170s] finished OVN_NEW_s2027M2H|scaled|rule|raw|UAFE|fill_x0.9 seed 30 rc 0 avail_GiB 30.2 own_GiB 3.05 psi 0.0
[  7175s] finished OVN_NEW_s2027M2H|scaled|rule|raw|UAFE|fill_x0.9 seed 29 rc 0 avail_GiB 33.2 own_GiB 3.01 psi 0.0
[  7253s] aggregated OVN_NEW_s2027M2H|scaled|rule|raw|UAFE|fill_x0.9
[  7253s] finished OVN_NEW_s2027M2H|scaled|rule|raw|UAFE|fill_x0.9 seed 31 rc 0 avail_GiB 26.5 own_GiB 2.98 psi 3.8
[  7253s] CHECK runs.all_rc0 OK {"OVN_NEW_s2027M2H|scaled|rule|raw|UAFE": {"1": 0, "2": 0, "0": 0, "3": 0, "4": 0, "5": 0, "7": 0, "6": 0, "8": 0, "9": 0, "10": 0, "11": 0, "13": 0, "12": 0, "14": 0, "15": 0, "16": 0, "17": 0, "18": 0, "19": 0, "20": 0, "21": 0, "22": 0, 
[  7253s] CHECK runs.audits_clean OK 
BT_LAUNCH VERDICT=PASS label=full_m2h_new_s2027 runs=4 seeds=32 receipt_sha256=8083721d68fe0b6613e86fbb6927d2b9ffbfcc44c19b90c2068a965d56237ee5
EXIT 0
