[     0s] CHECK config.not_a_template_and_nothing_pending OK {"status": "FROZEN before any M2 number (prereg docs/PREREG_old_vs_new_models_same_engine_2026-09-23.md Stage 2, 8530d2b7f / 1217d786)", "pending": []}
[     0s] CHECK pin.prereg OK {"path": "/workspace/baseline_tables_2026-09-19/pins/PREREG_baseline_tables_certified_2026-09-19.md", "got": "d9fe45e3191f56e5", "want": "d9fe45e3191f56e5"}
[     0s] CHECK pin.prereg_amendment_1 OK {"path": "/workspace/baseline_tables_2026-09-19/pins/AMENDMENT_1_baseline_tables_certified_2026-09-19.md", "got": "766bc367743d8542", "want": "766bc367743d8542"}
[     0s] CHECK pin.exec_sim OK {"path": "/workspace/baseline_tables_2026-09-19/devices/exec_copy/exec_sim.py", "got": "29679672e68d4842", "want": "29679672e68d4842"}
[     0s] CHECK pin.simlib OK {"path": "/workspace/baseline_tables_2026-09-19/devices/exec_copy/simlib.py", "got": "55246fe98da2d57a", "want": "55246fe98da2d57a"}
[     0s] CHECK pin.v1b_gate OK {"path": "/workspace/baseline_tables_2026-09-19/devices/exec_copy/v1b_gate.py", "got": "4a725921a470f4c1", "want": "4a725921a470f4c1"}
[     0s] CHECK pin.v1_gate OK {"path": "/workspace/baseline_tables_2026-09-19/devices/exec_copy/v1_gate.py", "got": "c97d9b3d49212b49", "want": "c97d9b3d49212b49"}
[     0s] CHECK pin.calibration OK {"path": "/workspace/baseline_tables_2026-09-19/devices/exec_copy/CALIBRATION_v3_POOLED_20260826_20260910.json", "got": "fda342431d39703e", "want": "fda342431d39703e"}
[     0s] CHECK pin.input_manifest OK {"path": "/workspace/baseline_tables_2026-09-19/devices/exec_copy/INPUT_MANIFEST.json", "got": "59875e5a69db415f", "want": "59875e5a69db415f"}
[     0s] CHECK pin.p2_s2_lib OK {"path": "/workspace/uplift_r2_2026-09-13/P2/devices/p2_s2_lib.py", "got": "c53f5c495036727f", "want": "c53f5c495036727f"}
[     6s] CHECK pin.price_full_raw OK {"path": "/workspace/baseline_tables_2026-09-19/work/price_full_raw_x0918r.npy", "got": "23af32bd97c267d1", "want": "23af32bd97c267d1"}
[     6s] CHECK pin.price_full_meta OK {"path": "/workspace/baseline_tables_2026-09-19/work/price_full_raw_x0918r_meta.npz", "got": "d1e49cc9f0a7ddc4", "want": "d1e49cc9f0a7ddc4"}
[     6s] CHECK pin.price_receipt OK {"path": "/workspace/baseline_tables_2026-09-19/receipts/BT_PRICES_FULL_X0918R.json", "got": "130592b122831e03", "want": "130592b122831e03"}
[     7s] CHECK pin.price_source_table_x0918r OK {"path": "/workspace/raw_price_fix_2026-09-19/ext_x0918r/work/price_logtable_raw_x0918r.npy", "got": "9249b0da4a4c5789", "want": "9249b0da4a4c5789"}
[     7s] CHECK pin.price_source_meta_x0918r OK {"path": "/workspace/raw_price_fix_2026-09-19/ext_x0918r/work/price_meta_raw_x0918r.npz", "got": "da136830cee7e1a2", "want": "da136830cee7e1a2"}
[     8s] CHECK pin.ledger_full OK {"path": "/workspace/baseline_tables_2026-09-19/funding/ledger_spliced_p2_to_20260901T0200_streamD_after.npz", "got": "073088e503c026d6", "want": "073088e503c026d6"}
[     8s] CHECK pin.funding_overlap_proof OK {"path": "/workspace/baseline_tables_2026-09-19/funding/BT_FUNDING_OVERLAP.json", "got": "0ee6d99bfa2acfb9", "want": "0ee6d99bfa2acfb9"}
[     8s] CHECK pin.funding_source_p2 OK {"path": "/workspace/uplift_r2_2026-09-13/P2/work/ledger_full.npz", "got": "bea6f5752772d54e", "want": "bea6f5752772d54e"}
[     8s] CHECK pin.funding_source_stream_d OK {"path": "/workspace/axis_0919/funding/funding_ledger.npz", "got": "74b69e635efbf355", "want": "74b69e635efbf355"}
[     8s] CHECK pin.funding_4h_accounting_stream_d OK {"path": "/workspace/axis_0919/funding/funding_4h_accounting.npz", "got": "2838e5f6cf42fff5", "want": "2838e5f6cf42fff5"}
[     8s] CHECK pin.tradability OK {"path": "/workspace/axis_0919/x0918r/trd/tradability_v1.npz", "got": "bebf69ab9ddb3b05", "want": "bebf69ab9ddb3b05"}
[     8s] CHECK pin.universe OK {"path": "/workspace/uplift_r2_2026-09-13/P2/work/universe.npz", "got": "6322b57366078ed0", "want": "6322b57366078ed0"}
[     8s] CHECK pin.g0_labels OK {"path": "/workspace/baseline_tables_2026-09-19/g0x/g0_labels_x0918.npz", "got": "c3832939e1b01333", "want": "c3832939e1b01333"}
[     8s] CHECK pin.g0_receipt OK {"path": "/workspace/baseline_tables_2026-09-19/g0x/RECEIPT_bt_g0_extend.json", "got": "8afd680472ef21be", "want": "8afd680472ef21be"}
[     8s] CHECK price_receipt.PASS_and_outputs OK {"price_kinds": ["raw"]}
[     9s] CHECK pin.executor_tree_409ea16_vs_manifest OK {"n": 332, "bad": []}
[     9s] CHECK exec_sim.version_v3.1 OK "v3.1"
[     9s] CHECK runs.selected OK {"runs": ["OBJB_A0M2|scaled|rule|raw|UAFE", "OBJB_A0M2|scaled|rule|raw|UAFE|fee_x1.25", "OBJB_A0M2|scaled|rule|raw|UAFE|slip_x1.5", "OBJB_A0M2|scaled|rule|raw|UAFE|fill_x0.9", "OBJB_A0|scaled|rule|raw|UAFE"], "seeds": [0, 1, 2, 3, 4, 5, 6, 
[     9s] CHECK window.n_anchors OK 9139
[     9s] CHECK axis.symbols OK 
[    10s] CHECK prices.grid_covers_window OK {"grid0": 1656532800, "n": 444145}
[    10s] CHECK ua_sets.counts_of_the_sets_the_runs_use OK {"UNAVAILABLE_3084": 3084}
[    39s] prices raw (444145, 829)
[    39s] CHECK run.OBJB_A0M2|scaled|rule|raw|UAFE.policy_named OK 
[    39s] CHECK run.OBJB_A0M2|scaled|rule|raw|UAFE.ua_cells_already_at_last_available_price OK {"cells_that_would_change": 0}
[    39s] CHECK run.OBJB_A0M2|scaled|rule|raw|UAFE|fee_x1.25.policy_named OK 
[    39s] CHECK run.OBJB_A0M2|scaled|rule|raw|UAFE|fee_x1.25.ua_cells_already_at_last_available_price OK {"cells_that_would_change": 0}
[    39s] CHECK run.OBJB_A0M2|scaled|rule|raw|UAFE|slip_x1.5.policy_named OK 
[    39s] CHECK run.OBJB_A0M2|scaled|rule|raw|UAFE|slip_x1.5.ua_cells_already_at_last_available_price OK {"cells_that_would_change": 0}
[    39s] CHECK run.OBJB_A0M2|scaled|rule|raw|UAFE|fill_x0.9.policy_named OK 
[    39s] CHECK run.OBJB_A0M2|scaled|rule|raw|UAFE|fill_x0.9.ua_cells_already_at_last_available_price OK {"cells_that_would_change": 0}
[    39s] CHECK run.OBJB_A0|scaled|rule|raw|UAFE.policy_named OK 
[    39s] CHECK run.OBJB_A0|scaled|rule|raw|UAFE.ua_cells_already_at_last_available_price OK {"cells_that_would_change": 0}
[    41s] funding rows 2386274
[    41s] CHECK axis.tradability_symbols OK 
[    41s] CHECK tradability.covers_window OK 
[    41s] CHECK calibration.v3_pooled_frozen OK 
[    41s] CHECK calibration.decision_offset_N+24 OK 1440
[    41s] CHECK executor.pns_wide OK 
[    41s] CHECK executor.gross_mult_config OK {"gm": 2.0, "onu": "hold"}
[    44s] CHECK objb_targets.OBJB_A0M2|scaled|rule|raw|UAFE.loaded OK {"window_anchors": 9139, "combo": 6702, "king": 2437, "hold": 0, "written_rows_without_weights": 0}
[    46s] CHECK objb_targets.OBJB_A0M2|scaled|rule|raw|UAFE|fee_x1.25.loaded OK {"window_anchors": 9139, "combo": 6702, "king": 2437, "hold": 0, "written_rows_without_weights": 0}
[    48s] CHECK objb_targets.OBJB_A0M2|scaled|rule|raw|UAFE|slip_x1.5.loaded OK {"window_anchors": 9139, "combo": 6702, "king": 2437, "hold": 0, "written_rows_without_weights": 0}
[    49s] CHECK objb_targets.OBJB_A0M2|scaled|rule|raw|UAFE|fill_x0.9.loaded OK {"window_anchors": 9139, "combo": 6702, "king": 2437, "hold": 0, "written_rows_without_weights": 0}
[    50s] CHECK objb_targets.OBJB_A0|scaled|rule|raw|UAFE.loaded OK {"window_anchors": 9139, "combo": 6702, "king": 2437, "hold": 0, "written_rows_without_weights": 0}
[    50s] resume: existing 0 to run 160
[    50s] started OBJB_A0M2|scaled|rule|raw|UAFE seed 0 pid 2213692 avail_GiB 53.6 own_GiB 3.10 psi 18.1
[    50s] started OBJB_A0M2|scaled|rule|raw|UAFE seed 1 pid 2213693 avail_GiB 53.6 own_GiB 3.12 psi 18.1
[    51s] started OBJB_A0M2|scaled|rule|raw|UAFE seed 2 pid 2213703 avail_GiB 53.5 own_GiB 3.16 psi 18.1
[    51s] started OBJB_A0M2|scaled|rule|raw|UAFE seed 3 pid 2213704 avail_GiB 53.5 own_GiB 3.18 psi 18.1
[   161s] finished OBJB_A0M2|scaled|rule|raw|UAFE seed 0 rc 0 avail_GiB 53.5 own_GiB 3.08 psi 0.0
[   161s] started OBJB_A0M2|scaled|rule|raw|UAFE seed 4 pid 2213996 avail_GiB 53.5 own_GiB 3.10 psi 0.0
[   161s] finished OBJB_A0M2|scaled|rule|raw|UAFE seed 1 rc 0 avail_GiB 53.5 own_GiB 3.10 psi 0.0
[   161s] started OBJB_A0M2|scaled|rule|raw|UAFE seed 5 pid 2213997 avail_GiB 53.5 own_GiB 3.12 psi 0.0
[   161s] finished OBJB_A0M2|scaled|rule|raw|UAFE seed 2 rc 0 avail_GiB 53.5 own_GiB 3.13 psi 0.0
[   162s] started OBJB_A0M2|scaled|rule|raw|UAFE seed 6 pid 2214007 avail_GiB 53.5 own_GiB 3.15 psi 0.0
[   162s] finished OBJB_A0M2|scaled|rule|raw|UAFE seed 3 rc 0 avail_GiB 53.4 own_GiB 3.17 psi 0.0
[   163s] started OBJB_A0M2|scaled|rule|raw|UAFE seed 7 pid 2214075 avail_GiB 53.4 own_GiB 3.18 psi 0.0
[   267s] finished OBJB_A0M2|scaled|rule|raw|UAFE seed 5 rc 0 avail_GiB 50.3 own_GiB 3.14 psi 0.0
[   268s] started OBJB_A0M2|scaled|rule|raw|UAFE seed 8 pid 2214463 avail_GiB 50.3 own_GiB 3.15 psi 0.0
[   268s] finished OBJB_A0M2|scaled|rule|raw|UAFE seed 6 rc 0 avail_GiB 50.3 own_GiB 3.16 psi 0.0
[   268s] started OBJB_A0M2|scaled|rule|raw|UAFE seed 9 pid 2214464 avail_GiB 50.3 own_GiB 3.18 psi 0.0
[   269s] finished OBJB_A0M2|scaled|rule|raw|UAFE seed 7 rc 0 avail_GiB 50.3 own_GiB 3.19 psi 0.0
[   269s] started OBJB_A0M2|scaled|rule|raw|UAFE seed 10 pid 2214465 avail_GiB 50.3 own_GiB 3.21 psi 0.0
[   275s] finished OBJB_A0M2|scaled|rule|raw|UAFE seed 4 rc 0 avail_GiB 50.3 own_GiB 3.17 psi 0.0
[   275s] started OBJB_A0M2|scaled|rule|raw|UAFE seed 11 pid 2214470 avail_GiB 50.3 own_GiB 3.19 psi 0.0
[   375s] finished OBJB_A0M2|scaled|rule|raw|UAFE seed 8 rc 0 avail_GiB 53.4 own_GiB 3.15 psi 0.0
[   375s] started OBJB_A0M2|scaled|rule|raw|UAFE seed 12 pid 2214880 avail_GiB 53.4 own_GiB 3.15 psi 0.0
[   375s] finished OBJB_A0M2|scaled|rule|raw|UAFE seed 9 rc 0 avail_GiB 53.3 own_GiB 3.17 psi 0.0
[   376s] started OBJB_A0M2|scaled|rule|raw|UAFE seed 13 pid 2214881 avail_GiB 53.3 own_GiB 3.18 psi 0.0
[   376s] finished OBJB_A0M2|scaled|rule|raw|UAFE seed 10 rc 0 avail_GiB 53.3 own_GiB 3.20 psi 0.0
[   376s] started OBJB_A0M2|scaled|rule|raw|UAFE seed 14 pid 2214882 avail_GiB 53.3 own_GiB 3.21 psi 0.0
[   382s] finished OBJB_A0M2|scaled|rule|raw|UAFE seed 11 rc 0 avail_GiB 53.3 own_GiB 3.18 psi 0.0
[   382s] started OBJB_A0M2|scaled|rule|raw|UAFE seed 15 pid 2214911 avail_GiB 53.3 own_GiB 3.19 psi 0.0
[   481s] finished OBJB_A0M2|scaled|rule|raw|UAFE seed 12 rc 0 avail_GiB 50.2 own_GiB 3.14 psi 2.3
[   482s] started OBJB_A0M2|scaled|rule|raw|UAFE seed 16 pid 2215301 avail_GiB 50.2 own_GiB 3.15 psi 2.3
[   482s] finished OBJB_A0M2|scaled|rule|raw|UAFE seed 13 rc 0 avail_GiB 50.2 own_GiB 3.16 psi 2.3
[   482s] started OBJB_A0M2|scaled|rule|raw|UAFE seed 17 pid 2215302 avail_GiB 50.1 own_GiB 3.18 psi 2.3
[   483s] finished OBJB_A0M2|scaled|rule|raw|UAFE seed 14 rc 0 avail_GiB 50.1 own_GiB 3.19 psi 2.3
[   483s] started OBJB_A0M2|scaled|rule|raw|UAFE seed 18 pid 2215305 avail_GiB 50.1 own_GiB 3.21 psi 1.9
[   489s] finished OBJB_A0M2|scaled|rule|raw|UAFE seed 15 rc 0 avail_GiB 50.1 own_GiB 3.17 psi 1.3
[   489s] started OBJB_A0M2|scaled|rule|raw|UAFE seed 19 pid 2215324 avail_GiB 50.1 own_GiB 3.19 psi 1.0
[   602s] finished OBJB_A0M2|scaled|rule|raw|UAFE seed 16 rc 0 avail_GiB 34.5 own_GiB 3.19 psi 1.3
[   604s] started OBJB_A0M2|scaled|rule|raw|UAFE seed 20 pid 2215751 avail_GiB 34.5 own_GiB 3.14 psi 1.1
[   604s] finished OBJB_A0M2|scaled|rule|raw|UAFE seed 17 rc 0 avail_GiB 34.5 own_GiB 3.16 psi 1.1
[   605s] started OBJB_A0M2|scaled|rule|raw|UAFE seed 21 pid 2215753 avail_GiB 34.5 own_GiB 3.17 psi 1.1
[   605s] finished OBJB_A0M2|scaled|rule|raw|UAFE seed 18 rc 0 avail_GiB 34.5 own_GiB 3.18 psi 0.9
[   607s] started OBJB_A0M2|scaled|rule|raw|UAFE seed 22 pid 2215756 avail_GiB 34.5 own_GiB 3.20 psi 0.9
[   619s] finished OBJB_A0M2|scaled|rule|raw|UAFE seed 19 rc 0 avail_GiB 34.4 own_GiB 3.17 psi 0.3
[   620s] started OBJB_A0M2|scaled|rule|raw|UAFE seed 23 pid 2215873 avail_GiB 34.3 own_GiB 3.18 psi 0.2
[   842s] finished OBJB_A0M2|scaled|rule|raw|UAFE seed 21 rc 0 avail_GiB 29.9 own_GiB 3.25 psi 1.7
[   844s] started OBJB_A0M2|scaled|rule|raw|UAFE seed 24 pid 2216562 avail_GiB 29.9 own_GiB 3.26 psi 1.6
[   849s] finished OBJB_A0M2|scaled|rule|raw|UAFE seed 22 rc 0 avail_GiB 30.0 own_GiB 3.22 psi 1.4
[   851s] started OBJB_A0M2|scaled|rule|raw|UAFE seed 25 pid 2216573 avail_GiB 29.9 own_GiB 3.17 psi 1.4
[   851s] finished OBJB_A0M2|scaled|rule|raw|UAFE seed 20 rc 0 avail_GiB 29.8 own_GiB 3.18 psi 1.4
[   852s] started OBJB_A0M2|scaled|rule|raw|UAFE seed 26 pid 2216584 avail_GiB 29.9 own_GiB 3.20 psi 1.4
[   864s] finished OBJB_A0M2|scaled|rule|raw|UAFE seed 23 rc 0 avail_GiB 30.0 own_GiB 3.17 psi 1.6
[   866s] started OBJB_A0M2|scaled|rule|raw|UAFE seed 27 pid 2216591 avail_GiB 30.0 own_GiB 3.19 psi 1.3
[  1087s] finished OBJB_A0M2|scaled|rule|raw|UAFE seed 24 rc 0 avail_GiB 33.6 own_GiB 3.19 psi 0.0
[  1088s] started OBJB_A0M2|scaled|rule|raw|UAFE seed 28 pid 2217236 avail_GiB 33.6 own_GiB 3.20 psi 0.0
[  1088s] finished OBJB_A0M2|scaled|rule|raw|UAFE seed 25 rc 0 avail_GiB 33.5 own_GiB 3.22 psi 0.0
[  1090s] started OBJB_A0M2|scaled|rule|raw|UAFE seed 29 pid 2217237 avail_GiB 33.5 own_GiB 3.23 psi 0.0
[  1096s] finished OBJB_A0M2|scaled|rule|raw|UAFE seed 26 rc 0 avail_GiB 33.5 own_GiB 3.19 psi 0.0
[  1097s] started OBJB_A0M2|scaled|rule|raw|UAFE seed 30 pid 2217245 avail_GiB 33.5 own_GiB 3.20 psi 0.0
[  1103s] finished OBJB_A0M2|scaled|rule|raw|UAFE seed 27 rc 0 avail_GiB 33.5 own_GiB 3.17 psi 0.0
[  1106s] started OBJB_A0M2|scaled|rule|raw|UAFE seed 31 pid 2217260 avail_GiB 33.5 own_GiB 3.18 psi 0.0
[  1366s] finished OBJB_A0M2|scaled|rule|raw|UAFE seed 29 rc 0 avail_GiB 27.0 own_GiB 3.25 psi 0.0
[  1369s] started OBJB_A0M2|scaled|rule|raw|UAFE|fee_x1.25 seed 0 pid 2218087 avail_GiB 27.0 own_GiB 3.26 psi 0.0
[  1382s] finished OBJB_A0M2|scaled|rule|raw|UAFE seed 31 rc 0 avail_GiB 26.9 own_GiB 3.22 psi 0.0
[  1385s] started OBJB_A0M2|scaled|rule|raw|UAFE|fee_x1.25 seed 1 pid 2218110 avail_GiB 27.0 own_GiB 3.18 psi 0.0
[  1386s] finished OBJB_A0M2|scaled|rule|raw|UAFE seed 30 rc 0 avail_GiB 27.0 own_GiB 3.19 psi 0.0
[  1389s] started OBJB_A0M2|scaled|rule|raw|UAFE|fee_x1.25 seed 2 pid 2218128 avail_GiB 27.0 own_GiB 3.15 psi 0.0
[  1392s] aggregated OBJB_A0M2|scaled|rule|raw|UAFE
[  1393s] finished OBJB_A0M2|scaled|rule|raw|UAFE seed 28 rc 0 avail_GiB 26.9 own_GiB 3.27 psi 0.0
[  1395s] started OBJB_A0M2|scaled|rule|raw|UAFE|fee_x1.25 seed 3 pid 2218213 avail_GiB 26.8 own_GiB 3.29 psi 0.0
[  1721s] finished OBJB_A0M2|scaled|rule|raw|UAFE|fee_x1.25 seed 0 rc 0 avail_GiB 26.4 own_GiB 3.34 psi 0.0
[  1724s] started OBJB_A0M2|scaled|rule|raw|UAFE|fee_x1.25 seed 4 pid 2218717 avail_GiB 26.4 own_GiB 3.36 psi 0.0
[  1731s] finished OBJB_A0M2|scaled|rule|raw|UAFE|fee_x1.25 seed 1 rc 0 avail_GiB 26.4 own_GiB 3.32 psi 0.0
[  1734s] started OBJB_A0M2|scaled|rule|raw|UAFE|fee_x1.25 seed 5 pid 2218741 avail_GiB 26.3 own_GiB 3.34 psi 0.0
[  1747s] finished OBJB_A0M2|scaled|rule|raw|UAFE|fee_x1.25 seed 2 rc 0 avail_GiB 26.5 own_GiB 3.22 psi 0.0
[  1750s] started OBJB_A0M2|scaled|rule|raw|UAFE|fee_x1.25 seed 6 pid 2218752 avail_GiB 26.5 own_GiB 3.24 psi 0.0
[  1757s] finished OBJB_A0M2|scaled|rule|raw|UAFE|fee_x1.25 seed 3 rc 0 avail_GiB 26.5 own_GiB 3.19 psi 0.0
[  1760s] started OBJB_A0M2|scaled|rule|raw|UAFE|fee_x1.25 seed 7 pid 2218760 avail_GiB 26.4 own_GiB 3.21 psi 0.0
[  2046s] finished OBJB_A0M2|scaled|rule|raw|UAFE|fee_x1.25 seed 4 rc 0 avail_GiB 26.0 own_GiB 3.27 psi 0.0
[  2049s] started OBJB_A0M2|scaled|rule|raw|UAFE|fee_x1.25 seed 8 pid 2219062 avail_GiB 26.1 own_GiB 3.28 psi 0.0
[  2061s] finished OBJB_A0M2|scaled|rule|raw|UAFE|fee_x1.25 seed 5 rc 0 avail_GiB 26.0 own_GiB 3.24 psi 0.0
[  2063s] started OBJB_A0M2|scaled|rule|raw|UAFE|fee_x1.25 seed 9 pid 2219071 avail_GiB 26.0 own_GiB 3.26 psi 0.0
[  2095s] finished OBJB_A0M2|scaled|rule|raw|UAFE|fee_x1.25 seed 6 rc 0 avail_GiB 26.0 own_GiB 3.22 psi 0.0
[  2098s] started OBJB_A0M2|scaled|rule|raw|UAFE|fee_x1.25 seed 10 pid 2219123 avail_GiB 26.0 own_GiB 3.24 psi 0.0
[  2117s] finished OBJB_A0M2|scaled|rule|raw|UAFE|fee_x1.25 seed 7 rc 0 avail_GiB 26.0 own_GiB 3.20 psi 0.0
[  2121s] started OBJB_A0M2|scaled|rule|raw|UAFE|fee_x1.25 seed 11 pid 2219160 avail_GiB 26.0 own_GiB 3.21 psi 0.0
[  2368s] finished OBJB_A0M2|scaled|rule|raw|UAFE|fee_x1.25 seed 8 rc 0 avail_GiB 25.8 own_GiB 3.26 psi 0.0
[  2372s] started OBJB_A0M2|scaled|rule|raw|UAFE|fee_x1.25 seed 12 pid 2219474 avail_GiB 25.8 own_GiB 3.28 psi 0.0
[  2434s] finished OBJB_A0M2|scaled|rule|raw|UAFE|fee_x1.25 seed 11 rc 0 avail_GiB 25.5 own_GiB 3.26 psi 0.0
[  2437s] started OBJB_A0M2|scaled|rule|raw|UAFE|fee_x1.25 seed 13 pid 2219520 avail_GiB 25.6 own_GiB 3.21 psi 0.0
[  2437s] finished OBJB_A0M2|scaled|rule|raw|UAFE|fee_x1.25 seed 10 rc 0 avail_GiB 25.5 own_GiB 3.22 psi 0.0
[  2441s] started OBJB_A0M2|scaled|rule|raw|UAFE|fee_x1.25 seed 14 pid 2219545 avail_GiB 25.5 own_GiB 3.24 psi 0.0
[  2453s] finished OBJB_A0M2|scaled|rule|raw|UAFE|fee_x1.25 seed 9 rc 0 avail_GiB 25.5 own_GiB 3.20 psi 0.0
[  2454s] started OBJB_A0M2|scaled|rule|raw|UAFE|fee_x1.25 seed 15 pid 2219564 avail_GiB 25.6 own_GiB 3.22 psi 0.0
[  2620s] finished OBJB_A0M2|scaled|rule|raw|UAFE|fee_x1.25 seed 12 rc 0 avail_GiB 31.3 own_GiB 3.26 psi 0.0
[  2621s] started OBJB_A0M2|scaled|rule|raw|UAFE|fee_x1.25 seed 16 pid 2219755 avail_GiB 31.3 own_GiB 3.27 psi 0.0
[  2684s] finished OBJB_A0M2|scaled|rule|raw|UAFE|fee_x1.25 seed 13 rc 0 avail_GiB 31.1 own_GiB 3.21 psi 0.0
[  2685s] started OBJB_A0M2|scaled|rule|raw|UAFE|fee_x1.25 seed 17 pid 2219839 avail_GiB 31.2 own_GiB 3.15 psi 0.0
[  2685s] finished OBJB_A0M2|scaled|rule|raw|UAFE|fee_x1.25 seed 14 rc 0 avail_GiB 31.2 own_GiB 3.16 psi 0.0
[  2686s] started OBJB_A0M2|scaled|rule|raw|UAFE|fee_x1.25 seed 18 pid 2219840 avail_GiB 31.2 own_GiB 3.18 psi 0.0
[  2686s] finished OBJB_A0M2|scaled|rule|raw|UAFE|fee_x1.25 seed 15 rc 0 avail_GiB 31.2 own_GiB 3.19 psi 0.0
[  2688s] started OBJB_A0M2|scaled|rule|raw|UAFE|fee_x1.25 seed 19 pid 2219842 avail_GiB 31.2 own_GiB 3.21 psi 0.0
[  2875s] finished OBJB_A0M2|scaled|rule|raw|UAFE|fee_x1.25 seed 16 rc 0 avail_GiB 30.8 own_GiB 3.27 psi 0.0
[  2876s] started OBJB_A0M2|scaled|rule|raw|UAFE|fee_x1.25 seed 20 pid 2220292 avail_GiB 30.9 own_GiB 3.28 psi 0.0
[  2905s] finished OBJB_A0M2|scaled|rule|raw|UAFE|fee_x1.25 seed 17 rc 0 avail_GiB 30.8 own_GiB 3.14 psi 0.0
[  2906s] started OBJB_A0M2|scaled|rule|raw|UAFE|fee_x1.25 seed 21 pid 2220345 avail_GiB 30.8 own_GiB 3.15 psi 0.0
[  2906s] finished OBJB_A0M2|scaled|rule|raw|UAFE|fee_x1.25 seed 18 rc 0 avail_GiB 30.8 own_GiB 3.16 psi 0.0
[  2907s] started OBJB_A0M2|scaled|rule|raw|UAFE|fee_x1.25 seed 22 pid 2220348 avail_GiB 30.8 own_GiB 3.18 psi 0.0
[  2907s] finished OBJB_A0M2|scaled|rule|raw|UAFE|fee_x1.25 seed 19 rc 0 avail_GiB 30.8 own_GiB 3.19 psi 0.0
[  2909s] started OBJB_A0M2|scaled|rule|raw|UAFE|fee_x1.25 seed 23 pid 2220437 avail_GiB 30.7 own_GiB 3.20 psi 0.0
[  3095s] finished OBJB_A0M2|scaled|rule|raw|UAFE|fee_x1.25 seed 20 rc 0 avail_GiB 30.4 own_GiB 3.26 psi 0.0
[  3097s] started OBJB_A0M2|scaled|rule|raw|UAFE|fee_x1.25 seed 24 pid 2220921 avail_GiB 30.4 own_GiB 3.28 psi 0.0
[  3120s] finished OBJB_A0M2|scaled|rule|raw|UAFE|fee_x1.25 seed 21 rc 0 avail_GiB 30.3 own_GiB 3.25 psi 0.0
[  3122s] started OBJB_A0M2|scaled|rule|raw|UAFE|fee_x1.25 seed 25 pid 2220942 avail_GiB 30.3 own_GiB 3.26 psi 0.0
[  3127s] finished OBJB_A0M2|scaled|rule|raw|UAFE|fee_x1.25 seed 22 rc 0 avail_GiB 30.3 own_GiB 3.22 psi 0.0
[  3129s] started OBJB_A0M2|scaled|rule|raw|UAFE|fee_x1.25 seed 26 pid 2220949 avail_GiB 30.3 own_GiB 3.23 psi 0.0
[  3186s] finished OBJB_A0M2|scaled|rule|raw|UAFE|fee_x1.25 seed 23 rc 0 avail_GiB 30.1 own_GiB 3.22 psi 0.0
[  3188s] started OBJB_A0M2|scaled|rule|raw|UAFE|fee_x1.25 seed 27 pid 2221022 avail_GiB 30.1 own_GiB 3.23 psi 0.0
[  3312s] finished OBJB_A0M2|scaled|rule|raw|UAFE|fee_x1.25 seed 24 rc 0 avail_GiB 29.9 own_GiB 3.26 psi 0.0
[  3313s] started OBJB_A0M2|scaled|rule|raw|UAFE|fee_x1.25 seed 28 pid 2221172 avail_GiB 29.9 own_GiB 3.27 psi 0.0
[  3359s] finished OBJB_A0M2|scaled|rule|raw|UAFE|fee_x1.25 seed 25 rc 0 avail_GiB 29.9 own_GiB 3.40 psi 0.0
[  3360s] started OBJB_A0M2|scaled|rule|raw|UAFE|fee_x1.25 seed 29 pid 2221237 avail_GiB 30.0 own_GiB 3.20 psi 0.0
[  3361s] finished OBJB_A0M2|scaled|rule|raw|UAFE|fee_x1.25 seed 26 rc 0 avail_GiB 30.0 own_GiB 3.22 psi 0.0
[  3362s] started OBJB_A0M2|scaled|rule|raw|UAFE|fee_x1.25 seed 30 pid 2221244 avail_GiB 29.9 own_GiB 3.23 psi 0.0
[  3415s] finished OBJB_A0M2|scaled|rule|raw|UAFE|fee_x1.25 seed 27 rc 0 avail_GiB 29.7 own_GiB 3.22 psi 0.0
[  3416s] started OBJB_A0M2|scaled|rule|raw|UAFE|fee_x1.25 seed 31 pid 2221287 avail_GiB 29.8 own_GiB 3.24 psi 0.0
[  3542s] finished OBJB_A0M2|scaled|rule|raw|UAFE|fee_x1.25 seed 28 rc 0 avail_GiB 29.7 own_GiB 3.26 psi 0.0
[  3543s] started OBJB_A0M2|scaled|rule|raw|UAFE|slip_x1.5 seed 0 pid 2221465 avail_GiB 29.7 own_GiB 3.27 psi 0.0
[  3582s] finished OBJB_A0M2|scaled|rule|raw|UAFE|fee_x1.25 seed 29 rc 0 avail_GiB 29.6 own_GiB 3.19 psi 0.0
[  3583s] started OBJB_A0M2|scaled|rule|raw|UAFE|slip_x1.5 seed 1 pid 2221558 avail_GiB 29.5 own_GiB 3.20 psi 0.0
[  3584s] finished OBJB_A0M2|scaled|rule|raw|UAFE|fee_x1.25 seed 30 rc 0 avail_GiB 29.5 own_GiB 3.21 psi 0.0
[  3585s] started OBJB_A0M2|scaled|rule|raw|UAFE|slip_x1.5 seed 2 pid 2221559 avail_GiB 29.6 own_GiB 3.23 psi 0.0
[  3649s] aggregated OBJB_A0M2|scaled|rule|raw|UAFE|fee_x1.25
[  3650s] finished OBJB_A0M2|scaled|rule|raw|UAFE|fee_x1.25 seed 31 rc 0 avail_GiB 29.2 own_GiB 3.33 psi 0.0
[  3651s] started OBJB_A0M2|scaled|rule|raw|UAFE|slip_x1.5 seed 3 pid 2221615 avail_GiB 29.2 own_GiB 3.35 psi 0.0
[  3786s] finished OBJB_A0M2|scaled|rule|raw|UAFE|slip_x1.5 seed 0 rc 0 avail_GiB 29.2 own_GiB 3.36 psi 0.0
[  3788s] started OBJB_A0M2|scaled|rule|raw|UAFE|slip_x1.5 seed 4 pid 2221802 avail_GiB 29.2 own_GiB 3.37 psi 0.0
[  3822s] finished OBJB_A0M2|scaled|rule|raw|UAFE|slip_x1.5 seed 2 rc 0 avail_GiB 29.0 own_GiB 3.34 psi 0.0
[  3824s] started OBJB_A0M2|scaled|rule|raw|UAFE|slip_x1.5 seed 5 pid 2221908 avail_GiB 29.0 own_GiB 3.36 psi 0.0
[  3830s] finished OBJB_A0M2|scaled|rule|raw|UAFE|slip_x1.5 seed 1 rc 0 avail_GiB 29.1 own_GiB 3.22 psi 0.0
[  3831s] started OBJB_A0M2|scaled|rule|raw|UAFE|slip_x1.5 seed 6 pid 2221911 avail_GiB 29.1 own_GiB 3.24 psi 0.0
[  3889s] finished OBJB_A0M2|scaled|rule|raw|UAFE|slip_x1.5 seed 3 rc 0 avail_GiB 29.0 own_GiB 3.23 psi 0.0
[  3891s] started OBJB_A0M2|scaled|rule|raw|UAFE|slip_x1.5 seed 7 pid 2221965 avail_GiB 29.0 own_GiB 3.25 psi 0.0
[  4022s] finished OBJB_A0M2|scaled|rule|raw|UAFE|slip_x1.5 seed 4 rc 0 avail_GiB 28.9 own_GiB 3.26 psi 0.0
[  4023s] started OBJB_A0M2|scaled|rule|raw|UAFE|slip_x1.5 seed 8 pid 2222147 avail_GiB 28.9 own_GiB 3.28 psi 0.0
[  4057s] finished OBJB_A0M2|scaled|rule|raw|UAFE|slip_x1.5 seed 5 rc 0 avail_GiB 28.8 own_GiB 3.25 psi 0.0
[  4058s] started OBJB_A0M2|scaled|rule|raw|UAFE|slip_x1.5 seed 9 pid 2222214 avail_GiB 28.8 own_GiB 3.26 psi 0.0
[  4064s] finished OBJB_A0M2|scaled|rule|raw|UAFE|slip_x1.5 seed 6 rc 0 avail_GiB 28.8 own_GiB 3.22 psi 0.0
[  4066s] started OBJB_A0M2|scaled|rule|raw|UAFE|slip_x1.5 seed 10 pid 2222247 avail_GiB 28.8 own_GiB 3.24 psi 0.0
[  4117s] finished OBJB_A0M2|scaled|rule|raw|UAFE|slip_x1.5 seed 7 rc 0 avail_GiB 28.7 own_GiB 3.22 psi 0.0
[  4118s] started OBJB_A0M2|scaled|rule|raw|UAFE|slip_x1.5 seed 11 pid 2222315 avail_GiB 28.7 own_GiB 3.24 psi 0.0
[  4241s] finished OBJB_A0M2|scaled|rule|raw|UAFE|slip_x1.5 seed 8 rc 0 avail_GiB 28.5 own_GiB 3.26 psi 0.0
[  4243s] started OBJB_A0M2|scaled|rule|raw|UAFE|slip_x1.5 seed 12 pid 2222476 avail_GiB 28.6 own_GiB 3.27 psi 0.0
[  4276s] finished OBJB_A0M2|scaled|rule|raw|UAFE|slip_x1.5 seed 9 rc 0 avail_GiB 28.5 own_GiB 3.25 psi 0.0
[  4278s] started OBJB_A0M2|scaled|rule|raw|UAFE|slip_x1.5 seed 13 pid 2222527 avail_GiB 28.5 own_GiB 3.26 psi 0.0
[  4295s] finished OBJB_A0M2|scaled|rule|raw|UAFE|slip_x1.5 seed 10 rc 0 avail_GiB 28.5 own_GiB 3.23 psi 0.0
[  4296s] started OBJB_A0M2|scaled|rule|raw|UAFE|slip_x1.5 seed 14 pid 2222583 avail_GiB 28.5 own_GiB 3.24 psi 0.0
[  4342s] finished OBJB_A0M2|scaled|rule|raw|UAFE|slip_x1.5 seed 11 rc 0 avail_GiB 28.4 own_GiB 3.22 psi 0.0
[  4344s] started OBJB_A0M2|scaled|rule|raw|UAFE|slip_x1.5 seed 15 pid 2222646 avail_GiB 28.4 own_GiB 3.24 psi 0.0
[  4489s] finished OBJB_A0M2|scaled|rule|raw|UAFE|slip_x1.5 seed 12 rc 0 avail_GiB 28.1 own_GiB 3.26 psi 0.0
[  4491s] started OBJB_A0M2|scaled|rule|raw|UAFE|slip_x1.5 seed 16 pid 2222832 avail_GiB 28.1 own_GiB 3.28 psi 0.0
[  4520s] finished OBJB_A0M2|scaled|rule|raw|UAFE|slip_x1.5 seed 13 rc 0 avail_GiB 28.0 own_GiB 3.25 psi 0.0
[  4521s] started OBJB_A0M2|scaled|rule|raw|UAFE|slip_x1.5 seed 17 pid 2222869 avail_GiB 28.0 own_GiB 3.26 psi 0.0
[  4544s] finished OBJB_A0M2|scaled|rule|raw|UAFE|slip_x1.5 seed 14 rc 0 avail_GiB 27.9 own_GiB 3.23 psi 0.0
[  4546s] started OBJB_A0M2|scaled|rule|raw|UAFE|slip_x1.5 seed 18 pid 2222929 avail_GiB 27.9 own_GiB 3.25 psi 0.0
[  4586s] finished OBJB_A0M2|scaled|rule|raw|UAFE|slip_x1.5 seed 15 rc 0 avail_GiB 27.9 own_GiB 3.22 psi 0.0
[  4587s] started OBJB_A0M2|scaled|rule|raw|UAFE|slip_x1.5 seed 19 pid 2222997 avail_GiB 27.9 own_GiB 3.24 psi 0.0
[  4738s] finished OBJB_A0M2|scaled|rule|raw|UAFE|slip_x1.5 seed 16 rc 0 avail_GiB 27.7 own_GiB 3.26 psi 0.0
[  4740s] started OBJB_A0M2|scaled|rule|raw|UAFE|slip_x1.5 seed 20 pid 2223206 avail_GiB 27.7 own_GiB 3.28 psi 0.0
[  4770s] finished OBJB_A0M2|scaled|rule|raw|UAFE|slip_x1.5 seed 17 rc 0 avail_GiB 27.7 own_GiB 3.24 psi 0.0
[  4772s] started OBJB_A0M2|scaled|rule|raw|UAFE|slip_x1.5 seed 21 pid 2223242 avail_GiB 27.7 own_GiB 3.27 psi 0.0
[  4796s] finished OBJB_A0M2|scaled|rule|raw|UAFE|slip_x1.5 seed 18 rc 0 avail_GiB 27.6 own_GiB 3.23 psi 0.0
[  4798s] started OBJB_A0M2|scaled|rule|raw|UAFE|slip_x1.5 seed 22 pid 2223302 avail_GiB 27.6 own_GiB 3.24 psi 0.0
[  4843s] finished OBJB_A0M2|scaled|rule|raw|UAFE|slip_x1.5 seed 19 rc 0 avail_GiB 27.5 own_GiB 3.22 psi 0.0
[  4845s] started OBJB_A0M2|scaled|rule|raw|UAFE|slip_x1.5 seed 23 pid 2223361 avail_GiB 27.6 own_GiB 3.25 psi 0.0
[  4985s] finished OBJB_A0M2|scaled|rule|raw|UAFE|slip_x1.5 seed 20 rc 0 avail_GiB 27.5 own_GiB 3.26 psi 0.0
[  4987s] started OBJB_A0M2|scaled|rule|raw|UAFE|slip_x1.5 seed 24 pid 2223548 avail_GiB 27.5 own_GiB 3.27 psi 0.0
[  5022s] finished OBJB_A0M2|scaled|rule|raw|UAFE|slip_x1.5 seed 21 rc 0 avail_GiB 27.4 own_GiB 3.25 psi 0.0
[  5024s] started OBJB_A0M2|scaled|rule|raw|UAFE|slip_x1.5 seed 25 pid 2223643 avail_GiB 27.4 own_GiB 3.26 psi 0.0
[  5042s] finished OBJB_A0M2|scaled|rule|raw|UAFE|slip_x1.5 seed 22 rc 0 avail_GiB 27.4 own_GiB 3.23 psi 0.0
[  5044s] started OBJB_A0M2|scaled|rule|raw|UAFE|slip_x1.5 seed 26 pid 2223656 avail_GiB 27.4 own_GiB 3.24 psi 0.0
[  5096s] finished OBJB_A0M2|scaled|rule|raw|UAFE|slip_x1.5 seed 23 rc 0 avail_GiB 27.4 own_GiB 3.23 psi 0.0
[  5097s] started OBJB_A0M2|scaled|rule|raw|UAFE|slip_x1.5 seed 27 pid 2223724 avail_GiB 27.4 own_GiB 3.24 psi 0.0
[  5229s] finished OBJB_A0M2|scaled|rule|raw|UAFE|slip_x1.5 seed 24 rc 0 avail_GiB 27.2 own_GiB 3.26 psi 0.0
[  5231s] started OBJB_A0M2|scaled|rule|raw|UAFE|slip_x1.5 seed 28 pid 2223900 avail_GiB 27.2 own_GiB 3.28 psi 0.0
[  5272s] finished OBJB_A0M2|scaled|rule|raw|UAFE|slip_x1.5 seed 25 rc 0 avail_GiB 27.1 own_GiB 3.25 psi 0.0
[  5274s] started OBJB_A0M2|scaled|rule|raw|UAFE|slip_x1.5 seed 29 pid 2223983 avail_GiB 27.1 own_GiB 3.27 psi 0.0
[  5285s] finished OBJB_A0M2|scaled|rule|raw|UAFE|slip_x1.5 seed 26 rc 0 avail_GiB 27.1 own_GiB 3.22 psi 0.0
[  5287s] started OBJB_A0M2|scaled|rule|raw|UAFE|slip_x1.5 seed 30 pid 2223997 avail_GiB 27.1 own_GiB 3.24 psi 0.0
[  5350s] finished OBJB_A0M2|scaled|rule|raw|UAFE|slip_x1.5 seed 27 rc 0 avail_GiB 27.1 own_GiB 3.23 psi 0.0
[  5351s] started OBJB_A0M2|scaled|rule|raw|UAFE|slip_x1.5 seed 31 pid 2224122 avail_GiB 27.1 own_GiB 3.25 psi 0.0
[  5472s] finished OBJB_A0M2|scaled|rule|raw|UAFE|slip_x1.5 seed 28 rc 0 avail_GiB 26.8 own_GiB 3.26 psi 0.0
[  5474s] started OBJB_A0M2|scaled|rule|raw|UAFE|fill_x0.9 seed 0 pid 2224448 avail_GiB 26.8 own_GiB 3.27 psi 0.0
[  5520s] finished OBJB_A0M2|scaled|rule|raw|UAFE|slip_x1.5 seed 29 rc 0 avail_GiB 26.8 own_GiB 3.25 psi 0.0
[  5522s] started OBJB_A0M2|scaled|rule|raw|UAFE|fill_x0.9 seed 1 pid 2224539 avail_GiB 26.8 own_GiB 3.27 psi 0.0
[  5528s] finished OBJB_A0M2|scaled|rule|raw|UAFE|slip_x1.5 seed 30 rc 0 avail_GiB 26.8 own_GiB 3.22 psi 0.0
[  5531s] started OBJB_A0M2|scaled|rule|raw|UAFE|fill_x0.9 seed 2 pid 2224548 avail_GiB 26.8 own_GiB 3.24 psi 0.0
[  5595s] aggregated OBJB_A0M2|scaled|rule|raw|UAFE|slip_x1.5
[  5595s] finished OBJB_A0M2|scaled|rule|raw|UAFE|slip_x1.5 seed 31 rc 0 avail_GiB 26.6 own_GiB 3.34 psi 0.0
[  5597s] started OBJB_A0M2|scaled|rule|raw|UAFE|fill_x0.9 seed 3 pid 2224609 avail_GiB 26.6 own_GiB 3.35 psi 0.0
[  5712s] finished OBJB_A0M2|scaled|rule|raw|UAFE|fill_x0.9 seed 0 rc 0 avail_GiB 26.5 own_GiB 3.35 psi 0.0
[  5714s] started OBJB_A0M2|scaled|rule|raw|UAFE|fill_x0.9 seed 4 pid 2224749 avail_GiB 26.4 own_GiB 3.37 psi 0.0
[  5761s] finished OBJB_A0M2|scaled|rule|raw|UAFE|fill_x0.9 seed 1 rc 0 avail_GiB 26.3 own_GiB 3.34 psi 0.0
[  5763s] started OBJB_A0M2|scaled|rule|raw|UAFE|fill_x0.9 seed 5 pid 2224827 avail_GiB 26.3 own_GiB 3.36 psi 0.0
[  5769s] finished OBJB_A0M2|scaled|rule|raw|UAFE|fill_x0.9 seed 2 rc 0 avail_GiB 26.4 own_GiB 3.22 psi 0.0
[  5771s] started OBJB_A0M2|scaled|rule|raw|UAFE|fill_x0.9 seed 6 pid 2224832 avail_GiB 26.4 own_GiB 3.24 psi 0.0
[  5852s] finished OBJB_A0M2|scaled|rule|raw|UAFE|fill_x0.9 seed 3 rc 0 avail_GiB 26.4 own_GiB 3.23 psi 0.0
[  5854s] started OBJB_A0M2|scaled|rule|raw|UAFE|fill_x0.9 seed 7 pid 2224938 avail_GiB 26.4 own_GiB 3.25 psi 0.0
[  5987s] finished OBJB_A0M2|scaled|rule|raw|UAFE|fill_x0.9 seed 4 rc 0 avail_GiB 26.2 own_GiB 3.26 psi 0.0
[  5989s] started OBJB_A0M2|scaled|rule|raw|UAFE|fill_x0.9 seed 8 pid 2225109 avail_GiB 26.2 own_GiB 3.27 psi 0.0
[  6036s] finished OBJB_A0M2|scaled|rule|raw|UAFE|fill_x0.9 seed 5 rc 0 avail_GiB 26.1 own_GiB 3.25 psi 0.0
[  6038s] started OBJB_A0M2|scaled|rule|raw|UAFE|fill_x0.9 seed 9 pid 2225198 avail_GiB 26.1 own_GiB 3.26 psi 0.0
[  6044s] finished OBJB_A0M2|scaled|rule|raw|UAFE|fill_x0.9 seed 6 rc 0 avail_GiB 26.1 own_GiB 3.22 psi 0.0
[  6046s] started OBJB_A0M2|scaled|rule|raw|UAFE|fill_x0.9 seed 10 pid 2225224 avail_GiB 26.1 own_GiB 3.24 psi 0.0
[  6134s] finished OBJB_A0M2|scaled|rule|raw|UAFE|fill_x0.9 seed 7 rc 0 avail_GiB 25.9 own_GiB 3.24 psi 0.0
[  6136s] started OBJB_A0M2|scaled|rule|raw|UAFE|fill_x0.9 seed 11 pid 2225416 avail_GiB 25.9 own_GiB 3.25 psi 0.0
[  6250s] finished OBJB_A0M2|scaled|rule|raw|UAFE|fill_x0.9 seed 8 rc 0 avail_GiB 25.8 own_GiB 3.26 psi 0.0
[  6251s] started OBJB_A0M2|scaled|rule|raw|UAFE|fill_x0.9 seed 12 pid 2225584 avail_GiB 25.8 own_GiB 3.27 psi 0.0
[  6292s] finished OBJB_A0M2|scaled|rule|raw|UAFE|fill_x0.9 seed 10 rc 0 avail_GiB 25.8 own_GiB 3.24 psi 0.0
[  6293s] started OBJB_A0M2|scaled|rule|raw|UAFE|fill_x0.9 seed 13 pid 2225658 avail_GiB 25.8 own_GiB 3.26 psi 0.0
[  6305s] finished OBJB_A0M2|scaled|rule|raw|UAFE|fill_x0.9 seed 9 rc 0 avail_GiB 25.7 own_GiB 3.22 psi 0.0
[  6306s] started OBJB_A0M2|scaled|rule|raw|UAFE|fill_x0.9 seed 14 pid 2225668 avail_GiB 25.7 own_GiB 3.23 psi 0.0
[  6388s] finished OBJB_A0M2|scaled|rule|raw|UAFE|fill_x0.9 seed 11 rc 0 avail_GiB 25.7 own_GiB 3.24 psi 0.0
[  6389s] started OBJB_A0M2|scaled|rule|raw|UAFE|fill_x0.9 seed 15 pid 2225773 avail_GiB 25.7 own_GiB 3.25 psi 0.0
[  6515s] finished OBJB_A0M2|scaled|rule|raw|UAFE|fill_x0.9 seed 12 rc 0 avail_GiB 25.3 own_GiB 3.26 psi 0.0
[  6516s] started OBJB_A0M2|scaled|rule|raw|UAFE|fill_x0.9 seed 16 pid 2225965 avail_GiB 25.3 own_GiB 3.27 psi 0.0
[  6534s] finished OBJB_A0M2|scaled|rule|raw|UAFE|fill_x0.9 seed 14 rc 0 avail_GiB 25.3 own_GiB 3.24 psi 0.0
[  6536s] started OBJB_A0M2|scaled|rule|raw|UAFE|fill_x0.9 seed 17 pid 2226037 avail_GiB 25.3 own_GiB 3.25 psi 0.0
[  6541s] finished OBJB_A0M2|scaled|rule|raw|UAFE|fill_x0.9 seed 13 rc 0 avail_GiB 25.3 own_GiB 3.21 psi 0.0
[  6543s] started OBJB_A0M2|scaled|rule|raw|UAFE|fill_x0.9 seed 18 pid 2226057 avail_GiB 25.3 own_GiB 3.22 psi 0.0
[  6625s] finished OBJB_A0M2|scaled|rule|raw|UAFE|fill_x0.9 seed 15 rc 0 avail_GiB 25.3 own_GiB 3.23 psi 0.0
[  6627s] started OBJB_A0M2|scaled|rule|raw|UAFE|fill_x0.9 seed 19 pid 2226166 avail_GiB 25.3 own_GiB 3.25 psi 0.0
[  6772s] finished OBJB_A0M2|scaled|rule|raw|UAFE|fill_x0.9 seed 16 rc 0 avail_GiB 25.1 own_GiB 3.21 psi 0.0
[  6774s] started OBJB_A0M2|scaled|rule|raw|UAFE|fill_x0.9 seed 20 pid 2226368 avail_GiB 25.1 own_GiB 3.22 psi 0.0
[  6775s] finished OBJB_A0M2|scaled|rule|raw|UAFE|fill_x0.9 seed 17 rc 0 avail_GiB 25.1 own_GiB 3.23 psi 0.0
[  6776s] started OBJB_A0M2|scaled|rule|raw|UAFE|fill_x0.9 seed 21 pid 2226369 avail_GiB 25.0 own_GiB 3.24 psi 0.0
[  6794s] finished OBJB_A0M2|scaled|rule|raw|UAFE|fill_x0.9 seed 18 rc 0 avail_GiB 25.1 own_GiB 3.22 psi 0.0
[  6796s] started OBJB_A0M2|scaled|rule|raw|UAFE|fill_x0.9 seed 22 pid 2226401 avail_GiB 25.1 own_GiB 3.23 psi 0.0
[  6877s] finished OBJB_A0M2|scaled|rule|raw|UAFE|fill_x0.9 seed 19 rc 0 avail_GiB 25.0 own_GiB 3.24 psi 0.0
[  6880s] started OBJB_A0M2|scaled|rule|raw|UAFE|fill_x0.9 seed 23 pid 2226521 avail_GiB 25.0 own_GiB 3.25 psi 0.0
[  7010s] finished OBJB_A0M2|scaled|rule|raw|UAFE|fill_x0.9 seed 20 rc 0 avail_GiB 24.8 own_GiB 3.26 psi 0.0
[  7012s] started OBJB_A0M2|scaled|rule|raw|UAFE|fill_x0.9 seed 24 pid 2226700 avail_GiB 24.8 own_GiB 3.28 psi 0.0
[  7018s] finished OBJB_A0M2|scaled|rule|raw|UAFE|fill_x0.9 seed 21 rc 0 avail_GiB 24.8 own_GiB 3.23 psi 0.0
[  7020s] started OBJB_A0M2|scaled|rule|raw|UAFE|fill_x0.9 seed 25 pid 2226722 avail_GiB 24.8 own_GiB 3.25 psi 0.0
[  7031s] finished OBJB_A0M2|scaled|rule|raw|UAFE|fill_x0.9 seed 22 rc 0 avail_GiB 24.8 own_GiB 3.21 psi 0.0
[  7033s] started OBJB_A0M2|scaled|rule|raw|UAFE|fill_x0.9 seed 26 pid 2226729 avail_GiB 24.8 own_GiB 3.23 psi 0.0
[  7146s] finished OBJB_A0M2|scaled|rule|raw|UAFE|fill_x0.9 seed 23 rc 0 avail_GiB 24.8 own_GiB 3.25 psi 0.0
[  7148s] started OBJB_A0M2|scaled|rule|raw|UAFE|fill_x0.9 seed 27 pid 2226967 avail_GiB 24.7 own_GiB 3.26 psi 0.0
[  7262s] finished OBJB_A0M2|scaled|rule|raw|UAFE|fill_x0.9 seed 25 rc 0 avail_GiB 21.4 own_GiB 3.26 psi 0.0
[  7273s] finished OBJB_A0M2|scaled|rule|raw|UAFE|fill_x0.9 seed 24 rc 0 avail_GiB 21.2 own_GiB 3.21 psi 0.0
[  7289s] finished OBJB_A0M2|scaled|rule|raw|UAFE|fill_x0.9 seed 26 rc 0 avail_GiB 20.3 own_GiB 3.15 psi 0.0
[  7351s] finished OBJB_A0M2|scaled|rule|raw|UAFE|fill_x0.9 seed 27 rc 0 avail_GiB 17.7 own_GiB 3.10 psi 0.0
[  7351s] memory: available 17.7 GiB < 22.0 and nothing running — polling every 60 s
[  7411s] memory: available 21.9 GiB < 22.0 and nothing running — polling every 60 s
[  7471s] memory: available 21.9 GiB < 22.0 and nothing running — polling every 60 s
[  7531s] memory: available 21.8 GiB < 22.0 and nothing running — polling every 60 s
[  7591s] memory: available 21.9 GiB < 22.0 and nothing running — polling every 60 s
[  7651s] memory: available 21.9 GiB < 22.0 and nothing running — polling every 60 s
[  7711s] memory: available 21.3 GiB < 22.0 and nothing running — polling every 60 s
[  7771s] memory: available 21.3 GiB < 22.0 and nothing running — polling every 60 s
[  7831s] memory: available 21.1 GiB < 22.0 and nothing running — polling every 60 s
[  7891s] memory: available 21.9 GiB < 22.0 and nothing running — polling every 60 s
[  7951s] memory: available 21.9 GiB < 22.0 and nothing running — polling every 60 s
[  8011s] memory: available 21.7 GiB < 22.0 and nothing running — polling every 60 s
[  8071s] memory: available 21.6 GiB < 22.0 and nothing running — polling every 60 s
[  8131s] memory: available 21.4 GiB < 22.0 and nothing running — polling every 60 s
[  8191s] started OBJB_A0M2|scaled|rule|raw|UAFE|fill_x0.9 seed 28 pid 2230478 avail_GiB 24.5 own_GiB 3.11 psi 0.0
[  8191s] started OBJB_A0M2|scaled|rule|raw|UAFE|fill_x0.9 seed 29 pid 2230479 avail_GiB 24.5 own_GiB 3.13 psi 0.0
[  8192s] started OBJB_A0M2|scaled|rule|raw|UAFE|fill_x0.9 seed 30 pid 2230480 avail_GiB 24.5 own_GiB 3.16 psi 0.0
[  8192s] started OBJB_A0M2|scaled|rule|raw|UAFE|fill_x0.9 seed 31 pid 2230492 avail_GiB 24.4 own_GiB 3.18 psi 0.0
[  8315s] finished OBJB_A0M2|scaled|rule|raw|UAFE|fill_x0.9 seed 29 rc 0 avail_GiB 33.0 own_GiB 2.34 psi 0.0
[  8315s] started OBJB_A0|scaled|rule|raw|UAFE seed 0 pid 2231377 avail_GiB 33.0 own_GiB 3.17 psi 0.0
[  8315s] finished OBJB_A0M2|scaled|rule|raw|UAFE|fill_x0.9 seed 30 rc 0 avail_GiB 33.0 own_GiB 3.18 psi 0.0
[  8316s] started OBJB_A0|scaled|rule|raw|UAFE seed 1 pid 2231385 avail_GiB 33.0 own_GiB 3.19 psi 0.0
[  8316s] finished OBJB_A0M2|scaled|rule|raw|UAFE|fill_x0.9 seed 31 rc 0 avail_GiB 33.0 own_GiB 3.20 psi 0.0
[  8317s] started OBJB_A0|scaled|rule|raw|UAFE seed 2 pid 2231389 avail_GiB 33.0 own_GiB 3.22 psi 0.0
[  8333s] aggregated OBJB_A0M2|scaled|rule|raw|UAFE|fill_x0.9
[  8333s] finished OBJB_A0M2|scaled|rule|raw|UAFE|fill_x0.9 seed 28 rc 0 avail_GiB 35.9 own_GiB 3.32 psi 0.0
[  8334s] started OBJB_A0|scaled|rule|raw|UAFE seed 3 pid 2231475 avail_GiB 35.9 own_GiB 3.33 psi 0.0
[  8452s] finished OBJB_A0|scaled|rule|raw|UAFE seed 1 rc 0 avail_GiB 29.1 own_GiB 3.37 psi 0.0
[  8453s] started OBJB_A0|scaled|rule|raw|UAFE seed 4 pid 2231950 avail_GiB 29.1 own_GiB 3.38 psi 0.0
[  8459s] finished OBJB_A0|scaled|rule|raw|UAFE seed 2 rc 0 avail_GiB 29.1 own_GiB 3.34 psi 0.4
[  8460s] started OBJB_A0|scaled|rule|raw|UAFE seed 5 pid 2231953 avail_GiB 29.1 own_GiB 3.35 psi 0.4
[  8466s] finished OBJB_A0|scaled|rule|raw|UAFE seed 0 rc 0 avail_GiB 29.2 own_GiB 3.22 psi 1.7
[  8467s] started OBJB_A0|scaled|rule|raw|UAFE seed 6 pid 2231977 avail_GiB 29.2 own_GiB 3.23 psi 1.7
[  8478s] finished OBJB_A0|scaled|rule|raw|UAFE seed 3 rc 0 avail_GiB 29.1 own_GiB 3.20 psi 0.5
[  8479s] started OBJB_A0|scaled|rule|raw|UAFE seed 7 pid 2231999 avail_GiB 29.1 own_GiB 3.21 psi 0.5
[  8609s] finished OBJB_A0|scaled|rule|raw|UAFE seed 4 rc 0 avail_GiB 29.4 own_GiB 3.27 psi 2.4
[  8610s] started OBJB_A0|scaled|rule|raw|UAFE seed 8 pid 2232785 avail_GiB 29.4 own_GiB 3.28 psi 2.4
[  8616s] finished OBJB_A0|scaled|rule|raw|UAFE seed 5 rc 0 avail_GiB 29.5 own_GiB 3.25 psi 2.5
[  8617s] started OBJB_A0|scaled|rule|raw|UAFE seed 9 pid 2232858 avail_GiB 29.4 own_GiB 3.26 psi 2.5
[  8622s] finished OBJB_A0|scaled|rule|raw|UAFE seed 6 rc 0 avail_GiB 27.5 own_GiB 3.22 psi 2.4
[  8624s] started OBJB_A0|scaled|rule|raw|UAFE seed 10 pid 2232892 avail_GiB 27.4 own_GiB 3.23 psi 2.5
[  8635s] finished OBJB_A0|scaled|rule|raw|UAFE seed 7 rc 0 avail_GiB 26.5 own_GiB 3.20 psi 2.4
[  8636s] started OBJB_A0|scaled|rule|raw|UAFE seed 11 pid 2232907 avail_GiB 26.4 own_GiB 3.21 psi 2.3
[  8784s] finished OBJB_A0|scaled|rule|raw|UAFE seed 8 rc 0 avail_GiB 26.3 own_GiB 3.27 psi 2.4
[  8785s] started OBJB_A0|scaled|rule|raw|UAFE seed 12 pid 2233390 avail_GiB 26.2 own_GiB 3.28 psi 2.1
[  8802s] finished OBJB_A0|scaled|rule|raw|UAFE seed 9 rc 0 avail_GiB 29.3 own_GiB 3.25 psi 0.6
[  8803s] started OBJB_A0|scaled|rule|raw|UAFE seed 13 pid 2233445 avail_GiB 29.3 own_GiB 3.26 psi 0.6
[  8808s] finished OBJB_A0|scaled|rule|raw|UAFE seed 11 rc 0 avail_GiB 29.3 own_GiB 3.22 psi 0.3
[  8810s] started OBJB_A0|scaled|rule|raw|UAFE seed 14 pid 2233540 avail_GiB 29.3 own_GiB 3.24 psi 0.2
[  8821s] finished OBJB_A0|scaled|rule|raw|UAFE seed 10 rc 0 avail_GiB 28.8 own_GiB 3.21 psi 0.1
[  8822s] started OBJB_A0|scaled|rule|raw|UAFE seed 15 pid 2233605 avail_GiB 28.7 own_GiB 3.22 psi 0.1
[  8930s] finished OBJB_A0|scaled|rule|raw|UAFE seed 12 rc 0 avail_GiB 32.2 own_GiB 3.27 psi 0.0
[  8931s] started OBJB_A0|scaled|rule|raw|UAFE seed 16 pid 2233991 avail_GiB 32.2 own_GiB 3.28 psi 0.0
[  8947s] finished OBJB_A0|scaled|rule|raw|UAFE seed 13 rc 0 avail_GiB 32.1 own_GiB 3.25 psi 0.0
[  8948s] started OBJB_A0|scaled|rule|raw|UAFE seed 17 pid 2234036 avail_GiB 32.1 own_GiB 3.27 psi 0.0
[  8954s] finished OBJB_A0|scaled|rule|raw|UAFE seed 14 rc 0 avail_GiB 32.1 own_GiB 3.23 psi 0.0
[  8955s] started OBJB_A0|scaled|rule|raw|UAFE seed 18 pid 2234056 avail_GiB 32.1 own_GiB 3.24 psi 0.0
[  8976s] finished OBJB_A0|scaled|rule|raw|UAFE seed 15 rc 0 avail_GiB 32.1 own_GiB 3.22 psi 0.0
[  8977s] started OBJB_A0|scaled|rule|raw|UAFE seed 19 pid 2234141 avail_GiB 32.1 own_GiB 3.23 psi 0.0
[  9057s] finished OBJB_A0|scaled|rule|raw|UAFE seed 16 rc 0 avail_GiB 32.0 own_GiB 3.26 psi 0.0
[  9058s] started OBJB_A0|scaled|rule|raw|UAFE seed 20 pid 2234505 avail_GiB 32.0 own_GiB 3.28 psi 0.0
[  9074s] finished OBJB_A0|scaled|rule|raw|UAFE seed 17 rc 0 avail_GiB 31.9 own_GiB 3.25 psi 0.0
[  9075s] started OBJB_A0|scaled|rule|raw|UAFE seed 21 pid 2234518 avail_GiB 32.0 own_GiB 3.20 psi 0.0
[  9075s] finished OBJB_A0|scaled|rule|raw|UAFE seed 18 rc 0 avail_GiB 32.0 own_GiB 3.21 psi 0.0
[  9076s] started OBJB_A0|scaled|rule|raw|UAFE seed 22 pid 2234530 avail_GiB 31.9 own_GiB 3.23 psi 0.0
[  9102s] finished OBJB_A0|scaled|rule|raw|UAFE seed 19 rc 0 avail_GiB 31.9 own_GiB 3.22 psi 0.0
[  9103s] started OBJB_A0|scaled|rule|raw|UAFE seed 23 pid 2234623 avail_GiB 31.9 own_GiB 3.24 psi 0.0
[  9177s] finished OBJB_A0|scaled|rule|raw|UAFE seed 20 rc 0 avail_GiB 31.8 own_GiB 3.26 psi 0.0
[  9178s] started OBJB_A0|scaled|rule|raw|UAFE seed 24 pid 2234837 avail_GiB 31.8 own_GiB 3.28 psi 0.0
[  9194s] finished OBJB_A0|scaled|rule|raw|UAFE seed 21 rc 0 avail_GiB 31.8 own_GiB 3.25 psi 0.0
[  9195s] started OBJB_A0|scaled|rule|raw|UAFE seed 25 pid 2234858 avail_GiB 31.8 own_GiB 3.26 psi 0.0
[  9211s] finished OBJB_A0|scaled|rule|raw|UAFE seed 22 rc 0 avail_GiB 31.8 own_GiB 3.24 psi 0.0
[  9212s] started OBJB_A0|scaled|rule|raw|UAFE seed 26 pid 2234907 avail_GiB 31.8 own_GiB 3.25 psi 0.0
[  9223s] finished OBJB_A0|scaled|rule|raw|UAFE seed 23 rc 0 avail_GiB 31.8 own_GiB 3.22 psi 0.0
[  9223s] started OBJB_A0|scaled|rule|raw|UAFE seed 27 pid 2234922 avail_GiB 31.8 own_GiB 3.23 psi 0.0
[  9303s] finished OBJB_A0|scaled|rule|raw|UAFE seed 24 rc 0 avail_GiB 31.6 own_GiB 3.27 psi 0.0
[  9304s] started OBJB_A0|scaled|rule|raw|UAFE seed 28 pid 2235127 avail_GiB 31.6 own_GiB 3.28 psi 0.0
[  9315s] finished OBJB_A0|scaled|rule|raw|UAFE seed 25 rc 0 avail_GiB 31.6 own_GiB 3.24 psi 0.0
[  9316s] started OBJB_A0|scaled|rule|raw|UAFE seed 29 pid 2235171 avail_GiB 31.6 own_GiB 3.26 psi 0.0
[  9332s] finished OBJB_A0|scaled|rule|raw|UAFE seed 26 rc 0 avail_GiB 31.6 own_GiB 3.23 psi 0.0
[  9333s] started OBJB_A0|scaled|rule|raw|UAFE seed 30 pid 2235189 avail_GiB 31.6 own_GiB 3.25 psi 0.0
[  9344s] finished OBJB_A0|scaled|rule|raw|UAFE seed 27 rc 0 avail_GiB 31.6 own_GiB 3.22 psi 0.0
[  9345s] started OBJB_A0|scaled|rule|raw|UAFE seed 31 pid 2235233 avail_GiB 31.6 own_GiB 3.23 psi 0.0
[  9430s] finished OBJB_A0|scaled|rule|raw|UAFE seed 28 rc 0 avail_GiB 31.4 own_GiB 3.26 psi 0.0
[  9441s] finished OBJB_A0|scaled|rule|raw|UAFE seed 29 rc 0 avail_GiB 31.5 own_GiB 3.21 psi 0.0
[  9462s] finished OBJB_A0|scaled|rule|raw|UAFE seed 30 rc 0 avail_GiB 31.5 own_GiB 3.16 psi 0.0
[  9468s] aggregated OBJB_A0|scaled|rule|raw|UAFE
[  9468s] finished OBJB_A0|scaled|rule|raw|UAFE seed 31 rc 0 avail_GiB 31.4 own_GiB 3.10 psi 0.0
[  9468s] CHECK runs.all_rc0 OK {"OBJB_A0M2|scaled|rule|raw|UAFE": {"0": 0, "1": 0, "2": 0, "3": 0, "5": 0, "6": 0, "7": 0, "4": 0, "8": 0, "9": 0, "10": 0, "11": 0, "12": 0, "13": 0, "14": 0, "15": 0, "16": 0, "17": 0, "18": 0, "19": 0, "21": 0, "22": 0, "20": 0, "23": 0
[  9468s] CHECK runs.audits_clean OK 
BT_LAUNCH VERDICT=PASS label=full_m2old runs=5 seeds=32 receipt_sha256=5d7c3e29ed29c0c0dca305b9e796c468b22d95617e19d33208a9e287616afaa8
EXIT 0
