CONFIG {"COSTB_JSON": "/workspace/review_scratch/health_check/calib/costb_fee_steady.json", "COST_B": null, "UMASK_SCOPE": "m1", "REF_SKIP": 0, "KMOD_F10": 0.0, "KMOD_L": 0.5, "KMOD_AGREE": 0.0, "SEATF10": 0, "KTAIL": 0, "KMOD": 0.0, "SEATNET": 0, "FUNDSCALE": 0, "FEMAT_NPZ": null, "SLOW_NPY": "/workspace/review_scratch/king_hf2/SLOW_hf2.npy", "W3FIX": null, "MEMBERS_TOPN": 829, "TRADE_TOPN": 0, "FTRIM": "zero", "UMASK_NPZ": "/workspace/review_scratch/health_check/masks/umask_UPIT_CRYPTO.npz", "LOOK": 900, "WRULE": "msharpe", "CAL": "log", "LEGS": "101", "PHI": 0.45, "FSEED": "2027", "FPRED": "f10_gate_mE1cX7s27_R0_spl27_hf2.npy", "HEALTH": {"device": "w10_health.py = w10_universe_recheck.py (sha256 5424aceb\u2026, = port w10_universe.py + REF_SKIP) + COSTB_JSON cost-tier override + UMASK_SCOPE in {members (original), trade, m1 (fund z in the 829 base, other legs and trade set within the universe)} + legs() series saved; default path (all unset) bitwise-unchanged", "device_sha256": "8684d9a9f43a8d15beaa559cd12bd8f2977a3d088b01b93835f60f2bbf98a53d"}}
MEMBERS_TOPN=829: members rebuilt from qvk ranking
UMASK injected: /workspace/review_scratch/health_check/masks/umask_UPIT_CRYPTO.npz scope=m1
SLOW override: /workspace/review_scratch/king_hf2/SLOW_hf2.npy finite 0.241
F10 leg source: f10_gate_mE1cX7s27_R0_spl27_hf2.npy
F10 OOS preds aligned: rows 10182/10182, cols 829/829, finite 0.2896
CONFIG_HEALTH {"COSTB_JSON": "/workspace/review_scratch/health_check/calib/costb_fee_steady.json", "COST_B": [[1.8001, 4.5001, 0.8511], [1.799, 4.4988, 0.9246], [1.7998, 4.5002, 0.921]], "UMASK_SCOPE": "m1", "HEALTH": {"device": "w10_health.py = w10_universe_recheck.py (sha256 5424aceb\u2026, = port w10_universe.py + REF_SKIP) + COSTB_JSON cost-tier override + UMASK_SCOPE in {members (original), trade, m1 (fund z in the 829 base, other legs and trade set within the universe)} + legs() series saved; default path (all unset) bitwise-unchanged", "device_sha256": "8684d9a9f43a8d15beaa559cd12bd8f2977a3d088b01b93835f60f2bbf98a53d"}}
legs done 4.6 s
run depth None 2000 / 10182 5.7 s
run depth None 4000 / 10182 7.1 s
run depth None 6000 / 10182 8.8 s
run depth None 8000 / 10182 10.8 s
run depth None 10000 / 10182 12.8 s
NOTE S0: arm anchors 10039 vs ref 1 (差 -10038), 仅比较共同年份
RECEIPT S0 {"maxabs_diff_vs_pod_backup": NaN, "n": 10039, "first": "2022-01-31 00:00", "last": "2026-08-31 00:00", "net_all": 0.4301, "net_2024on": 0.8054, "sharpe_2024on": 1.962, "by_year": {"2022": 0.346, "2023": -0.493, "2024": 0.169, "2025": 0.394, "2026": 2.388}, "carry_mean": 0.3916, "cost_mean": 0.0715, "fires_total": 0, "gross_total_by_year": {"2022": 0.8499, "2023": 0.853, "2024": 0.5647, "2025": 0.5494, "2026": 0.8171}, "gross_member_by_year": {"2022": 0.8499, "2023": 0.853, "2024": 0.5647, "2025": 0.5492, "2026": 0.817}, "gross_total_last500": 0.8624, "nsel_last500": 242.0, "turnover_mean": 0.03457, "net_ex_all": 0.3815, "net_ex_2024on": 0.7626, "sharpe_ex_2024on": 1.98, "by_year_ex": {"2022": 0.25, "2023": -0.514, "2024": 0.158, "2025": 0.295, "2026": 2.381}, "carry_ex_mean": 0.384, "cost_ex_mean": 0.0735, "turnover_ex_mean": 0.07353, "netlong_mean": -0.021, "netlong_by_year": {"2022": -0.0121, "2023": -0.0246, "2024": -0.0037, "2025": -0.0266, "2026": -0.0457}}
RECEIPT_EX S0 {"net_ex_all": 0.3815, "net_ex_2024on": 0.7626, "sharpe_ex_2024on": 1.98, "by_year_ex": {"2022": 0.25, "2023": -0.514, "2024": 0.158, "2025": 0.295, "2026": 2.381}, "carry_ex_mean": 0.384, "cost_ex_mean": 0.0735, "turnover_ex_mean": 0.07353, "netlong_mean": -0.021, "netlong_by_year": {"2022": -0.0121, "2023": -0.0246, "2024": -0.0037, "2025": -0.0266, "2026": -0.0457}}
run depth -0.3 2000 / 10182 14.2 s
run depth -0.3 4000 / 10182 15.6 s
run depth -0.3 6000 / 10182 17.3 s
run depth -0.3 8000 / 10182 19.3 s
run depth -0.3 10000 / 10182 21.3 s
NOTE d30_n2_c42: arm anchors 10039 vs ref 1 (差 -10038), 仅比较共同年份
RECEIPT d30_n2_c42 {"maxabs_diff_vs_pod_backup": NaN, "n": 10039, "first": "2022-01-31 00:00", "last": "2026-08-31 00:00", "net_all": 0.3751, "net_2024on": 0.7531, "sharpe_2024on": 1.877, "by_year": {"2022": 0.223, "2023": -0.493, "2024": 0.091, "2025": 0.344, "2026": 2.37}, "carry_mean": 0.3701, "cost_mean": 0.0705, "fires_total": 1500, "gross_total_by_year": {"2022": 0.831, "2023": 0.8373, "2024": 0.5521, "2025": 0.5354, "2026": 0.7837}, "gross_member_by_year": {"2022": 0.831, "2023": 0.8373, "2024": 0.5521, "2025": 0.5352, "2026": 0.7835}, "gross_total_last500": 0.8199, "nsel_last500": 242.0, "turnover_mean": 0.03411, "net_ex_all": 0.3621, "net_ex_2024on": 0.7603, "sharpe_ex_2024on": 2.111, "by_year_ex": {"2022": 0.166, "2023": -0.519, "2024": 0.147, "2025": 0.287, "2026": 2.401}, "carry_ex_mean": 0.3574, "cost_ex_mean": 0.0727, "turnover_ex_mean": 0.07274, "netlong_mean": -0.0228, "netlong_by_year": {"2022": -0.0199, "2023": -0.0182, "2024": -0.0032, "2025": -0.0291, "2026": -0.0542}}
RECEIPT_EX d30_n2_c42 {"net_ex_all": 0.3621, "net_ex_2024on": 0.7603, "sharpe_ex_2024on": 2.111, "by_year_ex": {"2022": 0.166, "2023": -0.519, "2024": 0.147, "2025": 0.287, "2026": 2.401}, "carry_ex_mean": 0.3574, "cost_ex_mean": 0.0727, "turnover_ex_mean": 0.07274, "netlong_mean": -0.0228, "netlong_by_year": {"2022": -0.0199, "2023": -0.0182, "2024": -0.0032, "2025": -0.0291, "2026": -0.0542}}
DONE 22.9 s
