CONFIG {"COSTB_JSON": "/workspace/review_scratch/health_check/calib/costb_fee_steady.json", "COST_B": null, "UMASK_SCOPE": "m1", "REF_SKIP": 0, "KMOD_F10": 0.0, "KMOD_L": 0.5, "KMOD_AGREE": 0.0, "SEATF10": 0, "KTAIL": 0, "KMOD": 0.0, "SEATNET": 0, "FUNDSCALE": 0, "FEMAT_NPZ": null, "SLOW_NPY": "/workspace/shadow_bundle_v3/slow_pred_pinned.npy", "W3FIX": null, "MEMBERS_TOPN": 829, "TRADE_TOPN": 0, "FTRIM": "zero", "UMASK_NPZ": "/workspace/review_scratch/health_check/masks/umask_UPIT_CRYPTO.npz", "LOOK": 900, "WRULE": "msharpe", "CAL": "log", "LEGS": "101", "PHI": 0.45, "FSEED": "42", "FPRED": "f10_gate_mE1cX7_R0_spl42.npy", "HEALTH": {"device": "w10_health.py = w10_universe_recheck.py (sha256 5424aceb\u2026, = port w10_universe.py + REF_SKIP) + COSTB_JSON cost-tier override + UMASK_SCOPE in {members (original), trade, m1 (fund z in the 829 base, other legs and trade set within the universe)} + legs() series saved; default path (all unset) bitwise-unchanged", "device_sha256": "8684d9a9f43a8d15beaa559cd12bd8f2977a3d088b01b93835f60f2bbf98a53d"}}
MEMBERS_TOPN=829: members rebuilt from qvk ranking
UMASK injected: /workspace/review_scratch/health_check/masks/umask_UPIT_CRYPTO.npz scope=m1
SLOW override: /workspace/shadow_bundle_v3/slow_pred_pinned.npy finite 0.241
F10 leg source: f10_gate_mE1cX7_R0_spl42.npy
F10 OOS preds aligned: rows 10056/10176, cols 829/829, finite 0.2838
CONFIG_HEALTH {"COSTB_JSON": "/workspace/review_scratch/health_check/calib/costb_fee_steady.json", "COST_B": [[1.8001, 4.5001, 0.8511], [1.799, 4.4988, 0.9246], [1.7998, 4.5002, 0.921]], "UMASK_SCOPE": "m1", "HEALTH": {"device": "w10_health.py = w10_universe_recheck.py (sha256 5424aceb\u2026, = port w10_universe.py + REF_SKIP) + COSTB_JSON cost-tier override + UMASK_SCOPE in {members (original), trade, m1 (fund z in the 829 base, other legs and trade set within the universe)} + legs() series saved; default path (all unset) bitwise-unchanged", "device_sha256": "8684d9a9f43a8d15beaa559cd12bd8f2977a3d088b01b93835f60f2bbf98a53d"}}
legs done 5.6 s
run depth None 2000 / 10176 7.1 s
run depth None 4000 / 10176 8.8 s
run depth None 6000 / 10176 10.9 s
run depth None 8000 / 10176 13.2 s
run depth None 10000 / 10176 15.6 s
NOTE S0: arm anchors 10038 vs ref 1 (差 -10037), 仅比较共同年份
RECEIPT S0 {"maxabs_diff_vs_pod_backup": NaN, "n": 10038, "first": "2022-01-31 00:00", "last": "2026-08-30 20:00", "net_all": 0.3973, "net_2024on": 0.7586, "sharpe_2024on": 1.852, "by_year": {"2022": 0.346, "2023": -0.519, "2024": 0.12, "2025": 0.385, "2026": 2.289}, "carry_mean": 0.3902, "cost_mean": 0.0719, "fires_total": 0, "gross_total_by_year": {"2022": 0.8499, "2023": 0.8503, "2024": 0.5621, "2025": 0.5364, "2026": 0.8163}, "gross_member_by_year": {"2022": 0.8499, "2023": 0.8503, "2024": 0.5621, "2025": 0.5362, "2026": 0.8162}, "gross_total_last500": 0.8584, "nsel_last500": 241.0, "turnover_mean": 0.03476, "net_ex_all": 0.3436, "net_ex_2024on": 0.7088, "sharpe_ex_2024on": 1.845, "by_year_ex": {"2022": 0.25, "2023": -0.544, "2024": 0.1, "2025": 0.292, "2026": 2.258}, "carry_ex_mean": 0.3827, "cost_ex_mean": 0.0739, "turnover_ex_mean": 0.07389, "netlong_mean": -0.0206, "netlong_by_year": {"2022": -0.0121, "2023": -0.0239, "2024": -0.0032, "2025": -0.0254, "2026": -0.0464}}
RECEIPT_EX S0 {"net_ex_all": 0.3436, "net_ex_2024on": 0.7088, "sharpe_ex_2024on": 1.845, "by_year_ex": {"2022": 0.25, "2023": -0.544, "2024": 0.1, "2025": 0.292, "2026": 2.258}, "carry_ex_mean": 0.3827, "cost_ex_mean": 0.0739, "turnover_ex_mean": 0.07389, "netlong_mean": -0.0206, "netlong_by_year": {"2022": -0.0121, "2023": -0.0239, "2024": -0.0032, "2025": -0.0254, "2026": -0.0464}}
run depth -0.3 2000 / 10176 17.3 s
run depth -0.3 4000 / 10176 19.1 s
run depth -0.3 6000 / 10176 21.1 s
run depth -0.3 8000 / 10176 23.5 s
run depth -0.3 10000 / 10176 26.0 s
NOTE d30_n2_c42: arm anchors 10038 vs ref 1 (差 -10037), 仅比较共同年份
RECEIPT d30_n2_c42 {"maxabs_diff_vs_pod_backup": NaN, "n": 10038, "first": "2022-01-31 00:00", "last": "2026-08-30 20:00", "net_all": 0.3556, "net_2024on": 0.729, "sharpe_2024on": 1.815, "by_year": {"2022": 0.223, "2023": -0.518, "2024": 0.056, "2025": 0.325, "2026": 2.356}, "carry_mean": 0.3701, "cost_mean": 0.0709, "fires_total": 1482, "gross_total_by_year": {"2022": 0.831, "2023": 0.8341, "2024": 0.5496, "2025": 0.5232, "2026": 0.7827}, "gross_member_by_year": {"2022": 0.831, "2023": 0.8341, "2024": 0.5496, "2025": 0.523, "2026": 0.7826}, "gross_total_last500": 0.8151, "nsel_last500": 241.0, "turnover_mean": 0.03432, "net_ex_all": 0.3403, "net_ex_2024on": 0.7299, "sharpe_ex_2024on": 2.031, "by_year_ex": {"2022": 0.166, "2023": -0.538, "2024": 0.108, "2025": 0.273, "2026": 2.36}, "carry_ex_mean": 0.3575, "cost_ex_mean": 0.0731, "turnover_ex_mean": 0.07314, "netlong_mean": -0.023, "netlong_by_year": {"2022": -0.0199, "2023": -0.0176, "2024": -0.0025, "2025": -0.0294, "2026": -0.0565}}
RECEIPT_EX d30_n2_c42 {"net_ex_all": 0.3403, "net_ex_2024on": 0.7299, "sharpe_ex_2024on": 2.031, "by_year_ex": {"2022": 0.166, "2023": -0.538, "2024": 0.108, "2025": 0.273, "2026": 2.36}, "carry_ex_mean": 0.3575, "cost_ex_mean": 0.0731, "turnover_ex_mean": 0.07314, "netlong_mean": -0.023, "netlong_by_year": {"2022": -0.0199, "2023": -0.0176, "2024": -0.0025, "2025": -0.0294, "2026": -0.0565}}
DONE 27.9 s
