CONFIG {"COSTB_JSON": "/workspace/review_scratch/health_check/calib/costb_fee_steady.json", "COST_B": null, "UMASK_SCOPE": "m1", "REF_SKIP": 0, "KMOD_F10": 0.0, "KMOD_L": 0.5, "KMOD_AGREE": 0.0, "SEATF10": 0, "KTAIL": 0, "KMOD": 0.0, "SEATNET": 0, "FUNDSCALE": 0, "FEMAT_NPZ": null, "SLOW_NPY": "/workspace/shadow_bundle_v3/slow_pred_pinned.npy", "W3FIX": null, "MEMBERS_TOPN": 829, "TRADE_TOPN": 0, "FTRIM": "zero", "UMASK_NPZ": "/workspace/review_scratch/health_check/masks/umask_UPIT_CRYPTO.npz", "LOOK": 900, "WRULE": "msharpe", "CAL": "log", "LEGS": "101", "PHI": 0.45, "FSEED": "2027", "FPRED": "f10_gate_mE1cX7s27_R0_spl27.npy", "HEALTH": {"device": "w10_health.py = w10_universe_recheck.py (sha256 5424aceb\u2026, = port w10_universe.py + REF_SKIP) + COSTB_JSON cost-tier override + UMASK_SCOPE in {members (original), trade, m1 (fund z in the 829 base, other legs and trade set within the universe)} + legs() series saved; default path (all unset) bitwise-unchanged", "device_sha256": "8684d9a9f43a8d15beaa559cd12bd8f2977a3d088b01b93835f60f2bbf98a53d"}}
MEMBERS_TOPN=829: members rebuilt from qvk ranking
UMASK injected: /workspace/review_scratch/health_check/masks/umask_UPIT_CRYPTO.npz scope=m1
SLOW override: /workspace/shadow_bundle_v3/slow_pred_pinned.npy finite 0.241
F10 leg source: f10_gate_mE1cX7s27_R0_spl27.npy
F10 OOS preds aligned: rows 10056/10176, cols 829/829, finite 0.2838
CONFIG_HEALTH {"COSTB_JSON": "/workspace/review_scratch/health_check/calib/costb_fee_steady.json", "COST_B": [[1.8001, 4.5001, 0.8511], [1.799, 4.4988, 0.9246], [1.7998, 4.5002, 0.921]], "UMASK_SCOPE": "m1", "HEALTH": {"device": "w10_health.py = w10_universe_recheck.py (sha256 5424aceb\u2026, = port w10_universe.py + REF_SKIP) + COSTB_JSON cost-tier override + UMASK_SCOPE in {members (original), trade, m1 (fund z in the 829 base, other legs and trade set within the universe)} + legs() series saved; default path (all unset) bitwise-unchanged", "device_sha256": "8684d9a9f43a8d15beaa559cd12bd8f2977a3d088b01b93835f60f2bbf98a53d"}}
legs done 5.4 s
run depth None 2000 / 10176 6.8 s
run depth None 4000 / 10176 8.6 s
run depth None 6000 / 10176 10.6 s
run depth None 8000 / 10176 13.0 s
run depth None 10000 / 10176 15.4 s
NOTE S0: arm anchors 10038 vs ref 1 (差 -10037), 仅比较共同年份
RECEIPT S0 {"maxabs_diff_vs_pod_backup": NaN, "n": 10038, "first": "2022-01-31 00:00", "last": "2026-08-30 20:00", "net_all": 0.4174, "net_2024on": 0.7836, "sharpe_2024on": 1.901, "by_year": {"2022": 0.346, "2023": -0.493, "2024": 0.169, "2025": 0.394, "2026": 2.301}, "carry_mean": 0.391, "cost_mean": 0.0713, "fires_total": 0, "gross_total_by_year": {"2022": 0.8499, "2023": 0.853, "2024": 0.5647, "2025": 0.5494, "2026": 0.8158}, "gross_member_by_year": {"2022": 0.8499, "2023": 0.853, "2024": 0.5647, "2025": 0.5492, "2026": 0.8157}, "gross_total_last500": 0.8587, "nsel_last500": 241.0, "turnover_mean": 0.03448, "net_ex_all": 0.3677, "net_ex_2024on": 0.739, "sharpe_ex_2024on": 1.912, "by_year_ex": {"2022": 0.25, "2023": -0.514, "2024": 0.158, "2025": 0.295, "2026": 2.287}, "carry_ex_mean": 0.3833, "cost_ex_mean": 0.0734, "turnover_ex_mean": 0.07336, "netlong_mean": -0.0212, "netlong_by_year": {"2022": -0.0121, "2023": -0.0246, "2024": -0.0037, "2025": -0.0266, "2026": -0.0471}}
RECEIPT_EX S0 {"net_ex_all": 0.3677, "net_ex_2024on": 0.739, "sharpe_ex_2024on": 1.912, "by_year_ex": {"2022": 0.25, "2023": -0.514, "2024": 0.158, "2025": 0.295, "2026": 2.287}, "carry_ex_mean": 0.3833, "cost_ex_mean": 0.0734, "turnover_ex_mean": 0.07336, "netlong_mean": -0.0212, "netlong_by_year": {"2022": -0.0121, "2023": -0.0246, "2024": -0.0037, "2025": -0.0266, "2026": -0.0471}}
run depth -0.3 2000 / 10176 17.1 s
run depth -0.3 4000 / 10176 18.8 s
run depth -0.3 6000 / 10176 20.9 s
run depth -0.3 8000 / 10176 23.2 s
run depth -0.3 10000 / 10176 25.7 s
NOTE d30_n2_c42: arm anchors 10038 vs ref 1 (差 -10037), 仅比较共同年份
RECEIPT d30_n2_c42 {"maxabs_diff_vs_pod_backup": NaN, "n": 10038, "first": "2022-01-31 00:00", "last": "2026-08-30 20:00", "net_all": 0.365, "net_2024on": 0.7356, "sharpe_2024on": 1.829, "by_year": {"2022": 0.223, "2023": -0.493, "2024": 0.091, "2025": 0.344, "2026": 2.302}, "carry_mean": 0.3694, "cost_mean": 0.0703, "fires_total": 1501, "gross_total_by_year": {"2022": 0.831, "2023": 0.8373, "2024": 0.5521, "2025": 0.5354, "2026": 0.7818}, "gross_member_by_year": {"2022": 0.831, "2023": 0.8373, "2024": 0.5521, "2025": 0.5352, "2026": 0.7816}, "gross_total_last500": 0.8144, "nsel_last500": 241.0, "turnover_mean": 0.03403, "net_ex_all": 0.3516, "net_ex_2024on": 0.7423, "sharpe_ex_2024on": 2.057, "by_year_ex": {"2022": 0.166, "2023": -0.519, "2024": 0.147, "2025": 0.287, "2026": 2.329}, "carry_ex_mean": 0.3567, "cost_ex_mean": 0.0726, "turnover_ex_mean": 0.07259, "netlong_mean": -0.0232, "netlong_by_year": {"2022": -0.0199, "2023": -0.0182, "2024": -0.0032, "2025": -0.0291, "2026": -0.0564}}
RECEIPT_EX d30_n2_c42 {"net_ex_all": 0.3516, "net_ex_2024on": 0.7423, "sharpe_ex_2024on": 2.057, "by_year_ex": {"2022": 0.166, "2023": -0.519, "2024": 0.147, "2025": 0.287, "2026": 2.329}, "carry_ex_mean": 0.3567, "cost_ex_mean": 0.0726, "turnover_ex_mean": 0.07259, "netlong_mean": -0.0232, "netlong_by_year": {"2022": -0.0199, "2023": -0.0182, "2024": -0.0032, "2025": -0.0291, "2026": -0.0564}}
DONE 27.6 s
