
===== FAMILY XIB =====
window               seat    seed  null            g_ctrl    g_null     Delta             CI95 (k=0)    P>0  turn_rt
INC_2024on_to_0810   k021    42    W_SHIFT101     +0.9058   +1.3264   -0.4206 [ -0.8194, -0.0209]  0.020    1.052
INC_2024on_to_0810   k021    42    W_SHIFT503     +0.9058   +1.1559   -0.2501 [ -0.7788, +0.2904]  0.178    1.046
INC_2024on_to_0810   k021    42    W_SHIFT1009    +0.9058   +0.6578   +0.2481 [ -0.3467, +0.7879]  0.800    1.001
      -> XIB rank 3 of 4 on level (n=5718)
INC_2024on_to_0810   k021    2027  W_SHIFT101     +0.9330   +1.3279   -0.3949 [ -0.7974, +0.0032]  0.026    1.055
INC_2024on_to_0810   k021    2027  W_SHIFT503     +0.9330   +1.1277   -0.1947 [ -0.7239, +0.3422]  0.242    1.046
INC_2024on_to_0810   k021    2027  W_SHIFT1009    +0.9330   +0.6715   +0.2615 [ -0.3242, +0.8031]  0.810    1.003
      -> XIB rank 3 of 4 on level (n=5718)
INC_2024on_to_0810   k0357   42    W_SHIFT101     +0.9166   +1.3703   -0.4537 [ -0.8682, -0.0419]  0.015    1.023
INC_2024on_to_0810   k0357   42    W_SHIFT503     +0.9166   +1.1748   -0.2582 [ -0.7811, +0.2806]  0.177    1.002
INC_2024on_to_0810   k0357   42    W_SHIFT1009    +0.9166   +0.8049   +0.1117 [ -0.4554, +0.6493]  0.650    0.946
      -> XIB rank 3 of 4 on level (n=5718)
INC_2024on_to_0810   k0357   2027  W_SHIFT101     +0.9604   +1.3981   -0.4377 [ -0.8516, -0.0172]  0.021    1.030
INC_2024on_to_0810   k0357   2027  W_SHIFT503     +0.9604   +1.2114   -0.2511 [ -0.7724, +0.2843]  0.186    1.005
INC_2024on_to_0810   k0357   2027  W_SHIFT1009    +0.9604   +0.8169   +0.1435 [ -0.4239, +0.6781]  0.685    0.947
      -> XIB rank 3 of 4 on level (n=5718)
INC_2024on_to_0810   k0534   42    W_SHIFT101     +0.9264   +1.3825   -0.4561 [ -0.8360, -0.0831]  0.009    0.981
INC_2024on_to_0810   k0534   42    W_SHIFT503     +0.9264   +1.2374   -0.3110 [ -0.8243, +0.1950]  0.118    0.951
INC_2024on_to_0810   k0534   42    W_SHIFT1009    +0.9264   +0.8298   +0.0965 [ -0.4111, +0.6145]  0.616    0.911
      -> XIB rank 3 of 4 on level (n=5718)
INC_2024on_to_0810   k0534   2027  W_SHIFT101     +0.9882   +1.4146   -0.4264 [ -0.7997, -0.0593]  0.013    0.992
INC_2024on_to_0810   k0534   2027  W_SHIFT503     +0.9882   +1.2446   -0.2564 [ -0.7547, +0.2344]  0.160    0.952
INC_2024on_to_0810   k0534   2027  W_SHIFT1009    +0.9882   +0.8721   +0.1161 [ -0.3934, +0.6170]  0.660    0.912
      -> XIB rank 3 of 4 on level (n=5718)
INC_2024on_to_0810   dyn     42    W_SHIFT101     +1.6793   +1.6193   +0.0600 [ -0.3554, +0.4600]  0.609    0.989
INC_2024on_to_0810   dyn     42    W_SHIFT503     +1.6793   +1.3261   +0.3532 [ -0.1214, +0.8431]  0.921    0.934
INC_2024on_to_0810   dyn     42    W_SHIFT1009    +1.6793   +1.1317   +0.5476 [ +0.0033, +1.0599]  0.977    0.882
      -> XIB rank 1 of 4 on level (n=5718)
INC_2024on_to_0810   dyn     2027  W_SHIFT101     +1.6663   +1.6361   +0.0302 [ -0.3880, +0.4297]  0.548    1.005
INC_2024on_to_0810   dyn     2027  W_SHIFT503     +1.6663   +1.3502   +0.3162 [ -0.1666, +0.8102]  0.899    0.941
INC_2024on_to_0810   dyn     2027  W_SHIFT1009    +1.6663   +1.1516   +0.5147 [ -0.0196, +1.0450]  0.969    0.883
      -> XIB rank 1 of 4 on level (n=5718)
EXT_2024on_to_0830   k021    42    W_SHIFT101     +0.8229   +1.1856   -0.3627 [ -0.8067, +0.0429]  0.043    1.054
EXT_2024on_to_0830   k021    42    W_SHIFT503     +0.8229   +1.0062   -0.1833 [ -0.7030, +0.3599]  0.275    1.051
EXT_2024on_to_0830   k021    42    W_SHIFT1009    +0.8229   +0.5275   +0.2954 [ -0.2537, +0.8471]  0.836    1.008
      -> XIB rank 3 of 4 on level (n=5838)
EXT_2024on_to_0830   k021    2027  W_SHIFT101     +0.8495   +1.1869   -0.3375 [ -0.7806, +0.0729]  0.055    1.057
EXT_2024on_to_0830   k021    2027  W_SHIFT503     +0.8495   +0.9778   -0.1283 [ -0.6460, +0.4223]  0.353    1.051
EXT_2024on_to_0830   k021    2027  W_SHIFT1009    +0.8495   +0.5416   +0.3078 [ -0.2512, +0.8695]  0.846    1.010
      -> XIB rank 3 of 4 on level (n=5838)
EXT_2024on_to_0830   k0357   42    W_SHIFT101     +0.8595   +1.2467   -0.3872 [ -0.8190, +0.0271]  0.032    1.024
EXT_2024on_to_0830   k0357   42    W_SHIFT503     +0.8595   +1.0274   -0.1679 [ -0.6862, +0.3731]  0.289    1.006
EXT_2024on_to_0830   k0357   42    W_SHIFT1009    +0.8595   +0.6941   +0.1654 [ -0.3767, +0.7393]  0.704    0.951
      -> XIB rank 3 of 4 on level (n=5838)
EXT_2024on_to_0830   k0357   2027  W_SHIFT101     +0.9013   +1.2720   -0.3707 [ -0.8114, +0.0574]  0.041    1.032
EXT_2024on_to_0830   k0357   2027  W_SHIFT503     +0.9013   +1.0640   -0.1627 [ -0.6877, +0.3845]  0.300    1.009
EXT_2024on_to_0830   k0357   2027  W_SHIFT1009    +0.9013   +0.7020   +0.1993 [ -0.3378, +0.7727]  0.740    0.953
      -> XIB rank 3 of 4 on level (n=5838)
EXT_2024on_to_0830   k0534   42    W_SHIFT101     +0.9354   +1.3037   -0.3683 [ -0.7659, +0.0244]  0.034    0.982
EXT_2024on_to_0830   k0534   42    W_SHIFT503     +0.9354   +1.1461   -0.2107 [ -0.7003, +0.2948]  0.229    0.953
EXT_2024on_to_0830   k0534   42    W_SHIFT1009    +0.9354   +0.7691   +0.1663 [ -0.3501, +0.6915]  0.720    0.914
      -> XIB rank 3 of 4 on level (n=5838)
EXT_2024on_to_0830   k0534   2027  W_SHIFT101     +0.9940   +1.3465   -0.3524 [ -0.7498, +0.0380]  0.035    0.993
EXT_2024on_to_0830   k0534   2027  W_SHIFT503     +0.9940   +1.1552   -0.1612 [ -0.6473, +0.3405]  0.287    0.954
EXT_2024on_to_0830   k0534   2027  W_SHIFT1009    +0.9940   +0.8047   +0.1894 [ -0.3115, +0.7243]  0.750    0.915
      -> XIB rank 3 of 4 on level (n=5838)
EXT_2024on_to_0830   dyn     42    W_SHIFT101     +1.5898   +1.4922   +0.0976 [ -0.3065, +0.4985]  0.674    0.985
EXT_2024on_to_0830   dyn     42    W_SHIFT503     +1.5898   +1.1827   +0.4072 [ -0.0628, +0.8782]  0.952    0.932
EXT_2024on_to_0830   dyn     42    W_SHIFT1009    +1.5898   +1.0353   +0.5545 [ +0.0407, +1.0718]  0.984    0.878
      -> XIB rank 1 of 4 on level (n=5838)
EXT_2024on_to_0830   dyn     2027  W_SHIFT101     +1.5764   +1.5159   +0.0606 [ -0.3600, +0.4602]  0.616    1.000
EXT_2024on_to_0830   dyn     2027  W_SHIFT503     +1.5764   +1.2069   +0.3695 [ -0.1046, +0.8458]  0.933    0.938
EXT_2024on_to_0830   dyn     2027  W_SHIFT1009    +1.5764   +1.0491   +0.5273 [ +0.0199, +1.0439]  0.980    0.878
      -> XIB rank 1 of 4 on level (n=5838)
NEW_0811_to_0830     k021    42    W_SHIFT101     -3.1283   -5.5232   +2.3949 [ -2.4096, +7.6995]  0.832    1.127
NEW_0811_to_0830     k021    42    W_SHIFT503     -3.1283   -6.1269   +2.9985 [ -1.7244, +7.9839]  0.881    1.252
NEW_0811_to_0830     k021    42    W_SHIFT1009    -3.1283   -5.6777   +2.5493 [ -3.8072, +9.9938]  0.741    1.337
      -> XIB rank 1 of 4 on level (n=120)
NEW_0811_to_0830     k021    2027  W_SHIFT101     -3.1307   -5.5306   +2.3999 [ -2.4570, +7.7037]  0.830    1.125
NEW_0811_to_0830     k021    2027  W_SHIFT503     -3.1307   -6.1647   +3.0340 [ -1.8210, +8.1263]  0.875    1.251
NEW_0811_to_0830     k021    2027  W_SHIFT1009    -3.1307   -5.6482   +2.5175 [ -3.9941,+10.1871]  0.728    1.341
      -> XIB rank 1 of 4 on level (n=120)
NEW_0811_to_0830     k0357   42    W_SHIFT101     -1.8615   -4.6428   +2.7813 [ -2.1822, +8.2382]  0.858    1.080
NEW_0811_to_0830     k0357   42    W_SHIFT503     -1.8615   -5.9960   +4.1345 [ -0.9285, +9.5506]  0.942    1.169
NEW_0811_to_0830     k0357   42    W_SHIFT1009    -1.8615   -4.5872   +2.7257 [ -4.3722,+10.7203]  0.732    1.199
      -> XIB rank 1 of 4 on level (n=120)
NEW_0811_to_0830     k0357   2027  W_SHIFT101     -1.9161   -4.7381   +2.8220 [ -2.3203, +8.5127]  0.846    1.079
NEW_0811_to_0830     k0357   2027  W_SHIFT503     -1.9161   -5.9626   +4.0466 [ -1.2741, +9.6418]  0.924    1.165
NEW_0811_to_0830     k0357   2027  W_SHIFT1009    -1.9161   -4.7743   +2.8582 [ -4.2935,+11.1143]  0.740    1.197
      -> XIB rank 1 of 4 on level (n=120)
NEW_0811_to_0830     k0534   42    W_SHIFT101     +1.3647   -2.4486   +3.8133 [ -1.0364, +9.1456]  0.940    1.014
NEW_0811_to_0830     k0534   42    W_SHIFT503     +1.3647   -3.2055   +4.5702 [ -1.1081,+10.5440]  0.941    1.027
NEW_0811_to_0830     k0534   42    W_SHIFT1009    +1.3647   -2.1256   +3.4903 [ -3.2576,+11.4618]  0.805    1.039
      -> XIB rank 1 of 4 on level (n=120)
NEW_0811_to_0830     k0534   2027  W_SHIFT101     +1.2710   -1.9000   +3.1710 [ -2.0913, +8.7265]  0.869    1.012
NEW_0811_to_0830     k0534   2027  W_SHIFT503     +1.2710   -3.1036   +4.3746 [ -1.2984,+10.3985]  0.932    1.029
NEW_0811_to_0830     k0534   2027  W_SHIFT1009    +1.2710   -2.4094   +3.6803 [ -3.3470,+12.0300]  0.814    1.044
      -> XIB rank 1 of 4 on level (n=120)
NEW_0811_to_0830     dyn     42    W_SHIFT101     -2.6726   -4.5617   +1.8890 [ -2.3996, +6.6220]  0.796    0.767
NEW_0811_to_0830     dyn     42    W_SHIFT503     -2.6726   -5.6524   +2.9798 [ -1.6249, +7.8765]  0.879    0.772
NEW_0811_to_0830     dyn     42    W_SHIFT1009    -2.6726   -3.5545   +0.8819 [ -4.9063, +8.5514]  0.555    0.663
      -> XIB rank 1 of 4 on level (n=120)
NEW_0811_to_0830     dyn     2027  W_SHIFT101     -2.7071   -4.2146   +1.5075 [ -2.7928, +6.3229]  0.746    0.753
NEW_0811_to_0830     dyn     2027  W_SHIFT503     -2.7071   -5.6175   +2.9104 [ -1.6781, +7.7626]  0.883    0.761
NEW_0811_to_0830     dyn     2027  W_SHIFT1009    -2.7071   -3.8355   +1.1284 [ -4.7890, +9.1323]  0.576    0.648
      -> XIB rank 1 of 4 on level (n=120)
LIVE_0801_to_0830    k021    42    W_SHIFT101     +0.8400   +0.0734   +0.7666 [ -3.1712, +5.0738]  0.645    1.131
LIVE_0801_to_0830    k021    42    W_SHIFT503     +0.8400   -0.5544   +1.3944 [ -3.3041, +5.9123]  0.723    1.284
LIVE_0801_to_0830    k021    42    W_SHIFT1009    +0.8400   +0.8129   +0.0271 [ -5.5386, +6.1483]  0.511    1.325
      -> XIB rank 1 of 4 on level (n=180)
LIVE_0801_to_0830    k021    2027  W_SHIFT101     +1.0286   +0.1212   +0.9074 [ -2.9920, +5.1523]  0.672    1.131
LIVE_0801_to_0830    k021    2027  W_SHIFT503     +1.0286   -0.4795   +1.5081 [ -3.1538, +5.9841]  0.733    1.285
LIVE_0801_to_0830    k021    2027  W_SHIFT1009    +1.0286   +0.8873   +0.1413 [ -5.4384, +6.5331]  0.527    1.331
      -> XIB rank 1 of 4 on level (n=180)
LIVE_0801_to_0830    k0357   42    W_SHIFT101     +0.7910   +0.1586   +0.6324 [ -3.4890, +5.1847]  0.615    1.092
LIVE_0801_to_0830    k0357   42    W_SHIFT503     +0.7910   -0.7308   +1.5218 [ -3.5470, +6.4297]  0.721    1.194
LIVE_0801_to_0830    k0357   42    W_SHIFT1009    +0.7910   +1.3249   -0.5339 [ -6.6569, +6.2020]  0.434    1.184
      -> XIB rank 2 of 4 on level (n=180)
LIVE_0801_to_0830    k0357   2027  W_SHIFT101     +1.0471   +0.3515   +0.6955 [ -3.4265, +5.3901]  0.621    1.090
LIVE_0801_to_0830    k0357   2027  W_SHIFT503     +1.0471   -0.5426   +1.5896 [ -3.6275, +6.6883]  0.726    1.191
LIVE_0801_to_0830    k0357   2027  W_SHIFT1009    +1.0471   +1.3100   -0.2629 [ -6.6920, +6.6283]  0.473    1.183
      -> XIB rank 2 of 4 on level (n=180)
LIVE_0801_to_0830    k0534   42    W_SHIFT101     +1.9386   +0.6701   +1.2685 [ -2.7913, +5.9425]  0.721    1.025
LIVE_0801_to_0830    k0534   42    W_SHIFT503     +1.9386   -0.1471   +2.0857 [ -3.5141, +7.7060]  0.766    1.025
LIVE_0801_to_0830    k0534   42    W_SHIFT1009    +1.9386   +1.4476   +0.4910 [ -5.6249, +7.1857]  0.573    1.027
      -> XIB rank 1 of 4 on level (n=180)
LIVE_0801_to_0830    k0534   2027  W_SHIFT101     +1.9922   +1.0263   +0.9660 [ -3.0676, +5.7915]  0.663    1.021
LIVE_0801_to_0830    k0534   2027  W_SHIFT503     +1.9922   +0.0361   +1.9562 [ -3.7096, +7.6210]  0.755    1.027
LIVE_0801_to_0830    k0534   2027  W_SHIFT1009    +1.9922   +1.5487   +0.4436 [ -5.9088, +7.3511]  0.567    1.033
      -> XIB rank 1 of 4 on level (n=180)
LIVE_0801_to_0830    dyn     42    W_SHIFT101     +0.7913   +0.1556   +0.6358 [ -2.9879, +4.6573]  0.631    0.790
LIVE_0801_to_0830    dyn     42    W_SHIFT503     +0.7913   -0.7986   +1.5899 [ -2.9176, +6.0141]  0.758    0.784
LIVE_0801_to_0830    dyn     42    W_SHIFT1009    +0.7913   +1.2809   -0.4896 [ -5.5261, +5.5191]  0.441    0.665
      -> XIB rank 2 of 4 on level (n=180)
LIVE_0801_to_0830    dyn     2027  W_SHIFT101     +0.8930   +0.5516   +0.3414 [ -3.3043, +4.4212]  0.574    0.777
LIVE_0801_to_0830    dyn     2027  W_SHIFT503     +0.8930   -0.6682   +1.5611 [ -2.9082, +5.9172]  0.751    0.774
LIVE_0801_to_0830    dyn     2027  W_SHIFT1009    +0.8930   +1.3223   -0.4294 [ -5.5088, +5.7475]  0.446    0.654
      -> XIB rank 2 of 4 on level (n=180)

===== FAMILY A0FUND =====
window               seat    seed  null            g_ctrl    g_null     Delta             CI95 (k=0)    P>0  turn_rt
INC_2024on_to_0810   k021    42    A_SHIFT101     +0.5700   +1.2000   -0.6301 [ -1.0659, -0.1799]  0.003    1.065
INC_2024on_to_0810   k021    42    A_SHIFT503     +0.5700   +1.0782   -0.5083 [ -1.1038, +0.0818]  0.045    1.079
INC_2024on_to_0810   k021    42    A_SHIFT1009    +0.5700   +0.9547   -0.3847 [ -1.0539, +0.2581]  0.115    1.004
      -> A0FUND rank 4 of 4 on level (n=5718)
INC_2024on_to_0810   k021    2027  A_SHIFT101     +0.5728   +1.1961   -0.6234 [ -1.0645, -0.1762]  0.002    1.065
INC_2024on_to_0810   k021    2027  A_SHIFT503     +0.5728   +1.0845   -0.5117 [ -1.1011, +0.0773]  0.047    1.078
INC_2024on_to_0810   k021    2027  A_SHIFT1009    +0.5728   +0.9405   -0.3678 [ -1.0290, +0.2691]  0.127    1.004
      -> A0FUND rank 4 of 4 on level (n=5718)
INC_2024on_to_0810   k0357   42    A_SHIFT101     +0.4340   +1.1825   -0.7485 [ -1.1914, -0.2965]  0.000    1.033
INC_2024on_to_0810   k0357   42    A_SHIFT503     +0.4340   +1.0355   -0.6015 [ -1.1840, -0.0444]  0.017    1.016
INC_2024on_to_0810   k0357   42    A_SHIFT1009    +0.4340   +1.0205   -0.5865 [ -1.2015, +0.0160]  0.029    0.909
      -> A0FUND rank 4 of 4 on level (n=5718)
INC_2024on_to_0810   k0357   2027  A_SHIFT101     +0.4594   +1.1879   -0.7285 [ -1.1572, -0.2800]  0.000    1.037
INC_2024on_to_0810   k0357   2027  A_SHIFT503     +0.4594   +1.0594   -0.6000 [ -1.1604, -0.0468]  0.019    1.014
INC_2024on_to_0810   k0357   2027  A_SHIFT1009    +0.4594   +1.0383   -0.5789 [ -1.2020, +0.0272]  0.033    0.906
      -> A0FUND rank 4 of 4 on level (n=5718)
INC_2024on_to_0810   k0534   42    A_SHIFT101     +0.3950   +1.1177   -0.7227 [ -1.1030, -0.3383]  0.000    0.994
INC_2024on_to_0810   k0534   42    A_SHIFT503     +0.3950   +1.0062   -0.6112 [ -1.1346, -0.0901]  0.011    0.974
INC_2024on_to_0810   k0534   42    A_SHIFT1009    +0.3950   +0.9966   -0.6016 [ -1.1326, -0.0654]  0.017    0.914
      -> A0FUND rank 4 of 4 on level (n=5718)
INC_2024on_to_0810   k0534   2027  A_SHIFT101     +0.4816   +1.1649   -0.6833 [ -1.0738, -0.2904]  0.000    1.003
INC_2024on_to_0810   k0534   2027  A_SHIFT503     +0.4816   +1.0591   -0.5776 [ -1.1037, -0.0607]  0.014    0.975
INC_2024on_to_0810   k0534   2027  A_SHIFT1009    +0.4816   +1.0071   -0.5256 [ -1.0523, +0.0203]  0.029    0.915
      -> A0FUND rank 4 of 4 on level (n=5718)
INC_2024on_to_0810   dyn     42    A_SHIFT101     +1.3043   +1.4543   -0.1501 [ -0.5980, +0.2932]  0.256    1.310
INC_2024on_to_0810   dyn     42    A_SHIFT503     +1.3043   +1.1246   +0.1796 [ -0.3210, +0.6690]  0.750    1.000
INC_2024on_to_0810   dyn     42    A_SHIFT1009    +1.3043   +1.3109   -0.0066 [ -0.5759, +0.5563]  0.480    1.240
      -> A0FUND rank 3 of 4 on level (n=5718)
INC_2024on_to_0810   dyn     2027  A_SHIFT101     +1.3161   +1.4622   -0.1461 [ -0.5884, +0.2995]  0.261    1.326
INC_2024on_to_0810   dyn     2027  A_SHIFT503     +1.3161   +1.1809   +0.1352 [ -0.3573, +0.6192]  0.696    1.007
INC_2024on_to_0810   dyn     2027  A_SHIFT1009    +1.3161   +1.2910   +0.0252 [ -0.5560, +0.6006]  0.526    1.244
      -> A0FUND rank 2 of 4 on level (n=5718)
EXT_2024on_to_0830   k021    42    A_SHIFT101     +0.4731   +1.0848   -0.6117 [ -1.0440, -0.1607]  0.003    1.063
EXT_2024on_to_0830   k021    42    A_SHIFT503     +0.4731   +0.9130   -0.4399 [ -1.0102, +0.1229]  0.072    1.078
EXT_2024on_to_0830   k021    42    A_SHIFT1009    +0.4731   +0.8565   -0.3834 [ -1.0154, +0.2066]  0.097    1.003
      -> A0FUND rank 4 of 4 on level (n=5838)
EXT_2024on_to_0830   k021    2027  A_SHIFT101     +0.4779   +1.0816   -0.6037 [ -1.0344, -0.1528]  0.003    1.064
EXT_2024on_to_0830   k021    2027  A_SHIFT503     +0.4779   +0.9181   -0.4403 [ -1.0100, +0.1220]  0.070    1.077
EXT_2024on_to_0830   k021    2027  A_SHIFT1009    +0.4779   +0.8402   -0.3624 [ -0.9951, +0.2136]  0.108    1.003
      -> A0FUND rank 4 of 4 on level (n=5838)
EXT_2024on_to_0830   k0357   42    A_SHIFT101     +0.3723   +1.0843   -0.7120 [ -1.1386, -0.2763]  0.002    1.032
EXT_2024on_to_0830   k0357   42    A_SHIFT503     +0.3723   +0.8900   -0.5177 [ -1.0677, +0.0368]  0.033    1.015
EXT_2024on_to_0830   k0357   42    A_SHIFT1009    +0.3723   +0.9381   -0.5658 [ -1.1624, -0.0112]  0.022    0.910
      -> A0FUND rank 4 of 4 on level (n=5838)
EXT_2024on_to_0830   k0357   2027  A_SHIFT101     +0.4040   +1.0915   -0.6875 [ -1.1057, -0.2507]  0.002    1.036
EXT_2024on_to_0830   k0357   2027  A_SHIFT503     +0.4040   +0.9123   -0.5084 [ -1.0508, +0.0445]  0.035    1.014
EXT_2024on_to_0830   k0357   2027  A_SHIFT1009    +0.4040   +0.9578   -0.5538 [ -1.1653, +0.0020]  0.026    0.907
      -> A0FUND rank 4 of 4 on level (n=5838)
EXT_2024on_to_0830   k0534   42    A_SHIFT101     +0.3831   +1.0662   -0.6831 [ -1.0650, -0.2953]  0.000    0.994
EXT_2024on_to_0830   k0534   42    A_SHIFT503     +0.3831   +0.9178   -0.5347 [ -1.0319, -0.0364]  0.015    0.973
EXT_2024on_to_0830   k0534   42    A_SHIFT1009    +0.3831   +0.9822   -0.5991 [ -1.1417, -0.0935]  0.011    0.914
      -> A0FUND rank 4 of 4 on level (n=5838)
EXT_2024on_to_0830   k0534   2027  A_SHIFT101     +0.4746   +1.1266   -0.6520 [ -1.0558, -0.2597]  0.001    1.002
EXT_2024on_to_0830   k0534   2027  A_SHIFT503     +0.4746   +0.9685   -0.4939 [ -0.9936, +0.0099]  0.029    0.974
EXT_2024on_to_0830   k0534   2027  A_SHIFT1009    +0.4746   +0.9949   -0.5202 [ -1.0624, -0.0212]  0.022    0.915
      -> A0FUND rank 4 of 4 on level (n=5838)
EXT_2024on_to_0830   dyn     42    A_SHIFT101     +1.2058   +1.3515   -0.1457 [ -0.5888, +0.2984]  0.259    1.303
EXT_2024on_to_0830   dyn     42    A_SHIFT503     +1.2058   +0.9745   +0.2313 [ -0.2863, +0.7037]  0.821    0.997
EXT_2024on_to_0830   dyn     42    A_SHIFT1009    +1.2058   +1.2464   -0.0406 [ -0.5976, +0.5270]  0.430    1.228
      -> A0FUND rank 3 of 4 on level (n=5838)
EXT_2024on_to_0830   dyn     2027  A_SHIFT101     +1.2291   +1.3607   -0.1316 [ -0.5766, +0.3035]  0.280    1.318
EXT_2024on_to_0830   dyn     2027  A_SHIFT503     +1.2291   +1.0370   +0.1921 [ -0.3185, +0.6695]  0.771    1.003
EXT_2024on_to_0830   dyn     2027  A_SHIFT1009    +1.2291   +1.2178   +0.0113 [ -0.5427, +0.5813]  0.502    1.233
      -> A0FUND rank 2 of 4 on level (n=5838)
NEW_0811_to_0830     k021    42    A_SHIFT101     -4.1427   -4.4076   +0.2649 [ -3.5214, +4.1478]  0.541    1.003
NEW_0811_to_0830     k021    42    A_SHIFT503     -4.1427   -6.9581   +2.8154 [ -1.6028, +6.9728]  0.905    1.028
NEW_0811_to_0830     k021    42    A_SHIFT1009    -4.1427   -3.8205   -0.3222 [ -4.9930, +5.2487]  0.414    0.951
      -> A0FUND rank 2 of 4 on level (n=120)
NEW_0811_to_0830     k021    2027  A_SHIFT101     -4.0453   -4.3758   +0.3305 [ -3.4676, +4.2489]  0.559    1.004
NEW_0811_to_0830     k021    2027  A_SHIFT503     -4.0453   -7.0100   +2.9647 [ -1.5105, +7.2680]  0.908    1.032
NEW_0811_to_0830     k021    2027  A_SHIFT1009    -4.0453   -3.9412   -0.1040 [ -4.7495, +5.4280]  0.448    0.957
      -> A0FUND rank 2 of 4 on level (n=120)
NEW_0811_to_0830     k0357   42    A_SHIFT101     -2.5684   -3.5957   +1.0274 [ -2.4299, +4.6647]  0.715    1.001
NEW_0811_to_0830     k0357   42    A_SHIFT503     -2.5684   -6.0403   +3.4720 [ -0.7433, +7.5007]  0.953    0.996
NEW_0811_to_0830     k0357   42    A_SHIFT1009    -2.5684   -2.9903   +0.4219 [ -4.2882, +6.0894]  0.512    0.924
      -> A0FUND rank 1 of 4 on level (n=120)
NEW_0811_to_0830     k0357   2027  A_SHIFT101     -2.2380   -3.5015   +1.2635 [ -2.2957, +4.9395]  0.760    1.002
NEW_0811_to_0830     k0357   2027  A_SHIFT503     -2.2380   -6.0930   +3.8551 [ -0.3409, +7.9147]  0.965    0.992
NEW_0811_to_0830     k0357   2027  A_SHIFT1009    -2.2380   -2.8801   +0.6421 [ -4.2564, +6.5309]  0.535    0.929
      -> A0FUND rank 1 of 4 on level (n=120)
NEW_0811_to_0830     k0534   42    A_SHIFT101     -0.1841   -1.3902   +1.2061 [ -2.0776, +4.6858]  0.760    0.965
NEW_0811_to_0830     k0534   42    A_SHIFT503     -0.1841   -3.2947   +3.1106 [ -1.0337, +7.1116]  0.934    0.939
NEW_0811_to_0830     k0534   42    A_SHIFT1009    -0.1841   +0.2955   -0.4796 [ -4.6072, +4.4963]  0.387    0.908
      -> A0FUND rank 2 of 4 on level (n=120)
NEW_0811_to_0830     k0534   2027  A_SHIFT101     +0.1441   -0.6957   +0.8398 [ -2.7316, +4.3985]  0.682    0.967
NEW_0811_to_0830     k0534   2027  A_SHIFT503     +0.1441   -3.3494   +3.4935 [ -0.6188, +7.4551]  0.949    0.940
NEW_0811_to_0830     k0534   2027  A_SHIFT1009    +0.1441   +0.4090   -0.2649 [ -4.4216, +4.7261]  0.417    0.923
      -> A0FUND rank 2 of 4 on level (n=120)
NEW_0811_to_0830     dyn     42    A_SHIFT101     -3.4859   -3.5498   +0.0639 [ -3.6145, +3.6972]  0.510    0.795
NEW_0811_to_0830     dyn     42    A_SHIFT503     -3.4859   -6.1815   +2.6956 [ -1.5109, +6.8244]  0.903    0.719
NEW_0811_to_0830     dyn     42    A_SHIFT1009    -3.4859   -1.8257   -1.6603 [ -6.6962, +4.4771]  0.261    0.603
      -> A0FUND rank 2 of 4 on level (n=120)
NEW_0811_to_0830     dyn     2027  A_SHIFT101     -2.9170   -3.4756   +0.5586 [ -2.9131, +4.0763]  0.627    0.793
NEW_0811_to_0830     dyn     2027  A_SHIFT503     -2.9170   -5.8193   +2.9023 [ -0.8911, +6.6055]  0.937    0.715
NEW_0811_to_0830     dyn     2027  A_SHIFT1009    -2.9170   -2.2671   -0.6499 [ -5.1068, +5.3255]  0.364    0.607
      -> A0FUND rank 2 of 4 on level (n=120)
LIVE_0801_to_0830    k021    42    A_SHIFT101     -1.9133   -1.6082   -0.3051 [ -3.4665, +3.0170]  0.452    1.010
LIVE_0801_to_0830    k021    42    A_SHIFT503     -1.9133   -2.0437   +0.1304 [ -3.5909, +3.6061]  0.523    1.091
LIVE_0801_to_0830    k021    42    A_SHIFT1009    -1.9133   +0.7449   -2.6583 [ -7.0983, +1.9947]  0.129    0.972
      -> A0FUND rank 3 of 4 on level (n=180)
LIVE_0801_to_0830    k021    2027  A_SHIFT101     -1.7713   -1.5521   -0.2192 [ -3.3612, +3.0920]  0.476    1.012
LIVE_0801_to_0830    k021    2027  A_SHIFT503     -1.7713   -2.0155   +0.2442 [ -3.5397, +3.7899]  0.553    1.091
LIVE_0801_to_0830    k021    2027  A_SHIFT1009    -1.7713   +0.7155   -2.4867 [ -6.9041, +2.2459]  0.144    0.975
      -> A0FUND rank 3 of 4 on level (n=180)
LIVE_0801_to_0830    k0357   42    A_SHIFT101     -1.1774   -1.1185   -0.0589 [ -3.0698, +3.1376]  0.504    1.000
LIVE_0801_to_0830    k0357   42    A_SHIFT503     -1.1774   -1.7936   +0.6162 [ -3.1787, +4.2038]  0.628    1.010
LIVE_0801_to_0830    k0357   42    A_SHIFT1009    -1.1774   +0.5597   -1.7371 [ -5.8136, +2.8597]  0.225    0.914
      -> A0FUND rank 3 of 4 on level (n=180)
LIVE_0801_to_0830    k0357   2027  A_SHIFT101     -0.8126   -0.9332   +0.1206 [ -2.8977, +3.3717]  0.547    1.003
LIVE_0801_to_0830    k0357   2027  A_SHIFT503     -0.8126   -1.7688   +0.9562 [ -2.8885, +4.5289]  0.693    1.008
LIVE_0801_to_0830    k0357   2027  A_SHIFT1009    -0.8126   +0.7352   -1.5478 [ -5.8316, +3.2123]  0.263    0.921
      -> A0FUND rank 2 of 4 on level (n=180)
LIVE_0801_to_0830    k0534   42    A_SHIFT101     -0.4008   -0.7940   +0.3931 [ -2.3597, +3.3220]  0.619    0.966
LIVE_0801_to_0830    k0534   42    A_SHIFT503     -0.4008   -1.2704   +0.8695 [ -2.5136, +4.1109]  0.691    0.931
LIVE_0801_to_0830    k0534   42    A_SHIFT1009    -0.4008   +1.3682   -1.7691 [ -5.2806, +2.1365]  0.174    0.906
      -> A0FUND rank 2 of 4 on level (n=180)
LIVE_0801_to_0830    k0534   2027  A_SHIFT101     -0.0254   -0.2440   +0.2186 [ -2.5395, +3.1773]  0.568    0.971
LIVE_0801_to_0830    k0534   2027  A_SHIFT503     -0.0254   -1.2073   +1.1819 [ -2.3083, +4.4741]  0.749    0.935
LIVE_0801_to_0830    k0534   2027  A_SHIFT1009    -0.0254   +1.4779   -1.5033 [ -5.1402, +2.3779]  0.231    0.921
      -> A0FUND rank 2 of 4 on level (n=180)
LIVE_0801_to_0830    dyn     42    A_SHIFT101     -1.5542   -1.1270   -0.4273 [ -3.5093, +2.8609]  0.417    0.814
LIVE_0801_to_0830    dyn     42    A_SHIFT503     -1.5542   -2.0698   +0.5155 [ -2.9967, +3.8274]  0.611    0.747
LIVE_0801_to_0830    dyn     42    A_SHIFT1009    -1.5542   +0.9188   -2.4730 [ -6.5380, +2.2229]  0.144    0.624
      -> A0FUND rank 3 of 4 on level (n=180)
LIVE_0801_to_0830    dyn     2027  A_SHIFT101     -1.1100   -0.9767   -0.1333 [ -3.1258, +3.0414]  0.485    0.811
LIVE_0801_to_0830    dyn     2027  A_SHIFT503     -1.1100   -1.6240   +0.5139 [ -2.8991, +3.6834]  0.621    0.743
LIVE_0801_to_0830    dyn     2027  A_SHIFT1009    -1.1100   +0.7274   -1.8375 [ -5.6870, +2.7509]  0.204    0.627
      -> A0FUND rank 3 of 4 on level (n=180)

WROTE R6J_NULLS.json
