aligned rows: f10_42 10182 f10_2027 10182 resid42 10182 resid2027 10182 / nA 10182
valid anchors 10039 2022-01-31 00Z -> 2026-08-31 00Z
LIVE_FUND_f_fund_ema_v1        n0=10039  +0.00677 +0.00631 +0.00542 +0.00464 +0.00573 +0.00788 +0.00746 +0.00702 +0.00680 +0.00632 +0.00612  [11s]
XIB_LAG50_avgrank              n0=10038  +0.00210 +0.00704 +0.01243 +0.01948 +0.01088 +0.01420 +0.01389 +0.01271 +0.01185 +0.01150 +0.01127  [11s]
XIB_LAG50_ordinal_archived     n0=10038  +0.00210 +0.00704 +0.01243 +0.01948 +0.01089 +0.01420 +0.01389 +0.01271 +0.01185 +0.01150 +0.01127  [12s]
AMI_SLEEVE_ORTHLAG             n0=10038  -0.00603 +0.00259 +0.01234 +0.02462 +0.01030 +0.01288 +0.01295 +0.01163 +0.01077 +0.01046 +0.01014  [12s]
TBF_raw_SLarm                  n0=10039  +0.01338 +0.01019 +0.01274 +0.02594 +0.05945 -0.00274 -0.00075 +0.00038 +0.00110 +0.00047 +0.00241  [12s]
LEG_REV24_minus_f_rev_24h      n0=10039  -0.33788 -0.32231 -0.31487 -0.31386 -0.31244 +0.04021 +0.02248 +0.01575 +0.01033 +0.00816 +0.00318  [12s]
CTRL_MOM7_legal_trailing       n0=10039  +0.09318 +0.09246 +0.09294 +0.09438 +0.09533 -0.03378 -0.02710 -0.02465 -0.02223 -0.02078 -0.01843  [12s]
CTRL_REV4_minus_f_rev_4h       n0=10039  +0.00312 +0.00797 +0.01609 +0.02436 -0.96307 +0.03946 +0.01718 +0.00890 +0.00399 +0.00797 -0.00473  [12s]
CTRL_AMI_RAW_unlagged          n0=10039  -0.01172 -0.00425 +0.00416 +0.01353 +0.02532 +0.01178 +0.01487 +0.01485 +0.01345 +0.01253 +0.01217  [13s]
CTRL_LEAK_XIB_FWD50            n0=10038  -0.01198 -0.00318 +0.00113 +0.00585 +0.01249 +0.02130 +0.01198 +0.01372 +0.01350 +0.01230 +0.01147  [16s]
CTRL_LEAK_FUND_FWD1            n0=10038  +0.00706 +0.00670 +0.00625 +0.00534 +0.00453 +0.00567 +0.00787 +0.00752 +0.00702 +0.00682 +0.00630  [17s]
CTRL_NULL_permuted_fund        n0=10039  +0.00050 -0.00037 +0.00041 -0.00148 -0.00013 +0.00003 -0.00018 +0.00000 +0.00026 +0.00061 +0.00099  [12s]
LIVE_KING_SLOWv3               n0= 5838  -0.06312 -0.06429 -0.06637 -0.07156 -0.15493 +0.06249 +0.05019 +0.04387 +0.04058 +0.03829 +0.03577  [7s]
LIVE_DL_F10_A0_s42             n0= 8028  +0.02602 +0.15933 +0.06601 +0.06330 -0.22291 +0.03508 +0.01405 +0.00216 -0.00005 +0.00524 +0.00927  [9s]
LIVE_DL_F10_A0_s2027           n0= 8028  +0.03698 +0.14230 +0.10456 +0.00740 -0.25003 +0.03535 +0.01233 +0.00129 +0.00092 +0.00476 +0.00982  [9s]
RESID_SHARPE_s42               n0= 8029  -0.02326 -0.02327 -0.02188 -0.01929 -0.06361 +0.01152 +0.00709 +0.00535 +0.00424 +0.00490 +0.00312  [9s]
RESID_SHARPE_s2027             n0= 8029  -0.02368 -0.02504 -0.02591 -0.02679 -0.05158 +0.00680 +0.00291 +0.00194 +0.00107 +0.00128 +0.00105  [9s]
CTRL_ORACLE_y4                 n0=10039  -0.00803 -0.00357 -0.00848 -0.01676 -0.04424 +1.00000 -0.04423 -0.01676 -0.00845 -0.00346 -0.00784  [12s]
wrote /workspace/uplift_2026-09-11/r3_gates/offspec_series.npz
