test_eligibility_columns_are_seeds_not_tails (test_tail_held_cash.Contract.test_eligibility_columns_are_seeds_not_tails) ... ERROR
test_equal_probabilities_not_split_by_name (test_tail_held_cash.Contract.test_equal_probabilities_not_split_by_name) ... ok
test_flat_cash_retained (test_tail_held_cash.Contract.test_flat_cash_retained) ... ok
test_increasing_probability_order (test_tail_held_cash.Contract.test_increasing_probability_order) ... ok
test_missing_is_own_bin (test_tail_held_cash.Contract.test_missing_is_own_bin) ... ok
test_nav_denominator (test_tail_held_cash.Contract.test_nav_denominator) ... ok
test_negative_nav_refused (test_tail_held_cash.Contract.test_negative_nav_refused) ... ok
test_no_nearest_time (test_tail_held_cash.Contract.test_no_nearest_time) ... ok
test_nonfinite_refused (test_tail_held_cash.Contract.test_nonfinite_refused) ... ok
test_noninteger_time (test_tail_held_cash.Contract.test_noninteger_time) ... ok
test_positive_negative_not_netted (test_tail_held_cash.Contract.test_positive_negative_not_netted) ... ok
test_probability_outside_range (test_tail_held_cash.Contract.test_probability_outside_range) ... ok
test_unrecognized_group_refused (test_tail_held_cash.Contract.test_unrecognized_group_refused) ... ok

======================================================================
ERROR: test_eligibility_columns_are_seeds_not_tails (test_tail_held_cash.Contract.test_eligibility_columns_are_seeds_not_tails)
----------------------------------------------------------------------
Traceback (most recent call last):
  File "/dev/shm/tail_held_cash_20260929_sources/test_tail_held_cash.py", line 38, in test_eligibility_columns_are_seeds_not_tails
    a=T.observed_labels(y,e,0);b=T.observed_labels(y,e,1)
      ^^^^^^^^^^^^^^^^^
AttributeError: module 'tail_held_cash' has no attribute 'observed_labels'

----------------------------------------------------------------------
Ran 13 tests in 0.012s

FAILED (errors=1)
