anchors attributed: 43 (09-17T12:00Z .. 09-24T16:00Z); price snapshot 1790294400
PAPER by leg (USDT): {'fund': -9977.6, 'fund_NC': -1549.9, 'fund_OLD': -8427.7, 'fund_long': 5905.1, 'fund_short': -21613.8, 'king': 492.9, 'king_NC': 152.0, 'king_OLD': 340.9, 'king_long': 112.5, 'king_short': 430.0, 'paper': -10576.8, 'paper_NC': -1112.3, 'paper_OLD': -9464.5, 'resid_F10_chain': -1092.2, 'resid_F10_chain_long': 9897.0, 'resid_F10_chain_short': -5307.6}
mean projection R2: 0.582 | mean bK, bF: 82.6 2270.0
production leg ledger over the same intervals (sum of per-anchor unit-gross leg returns, bps): {'king': 226.1, 'rev24': 98.6, 'fund': -286.2}
funding-rank fifths (fund z fifths among members; 1 = lowest funding rank, 5 = highest):
   long_fundfifth1 {"n_obs": 63, "mean_holding_return_pct": -0.122, "paper_pnl_usdt": -28.782}
   long_fundfifth2 {"n_obs": 351, "mean_holding_return_pct": 0.401, "paper_pnl_usdt": 240.32}
   long_fundfifth3 {"n_obs": 1276, "mean_holding_return_pct": 0.442, "paper_pnl_usdt": 1846.958}
   long_fundfifth4 {"n_obs": 1496, "mean_holding_return_pct": 0.474, "paper_pnl_usdt": 5384.49}
   long_fundfifth5 {"n_obs": 1955, "mean_holding_return_pct": 0.264, "paper_pnl_usdt": 8471.608}
   long_rest {"n_obs": 3186, "mean_holding_return_pct": 0.442, "paper_pnl_usdt": 7442.987}
   long_topfifth_fund {"n_obs": 1955, "mean_holding_return_pct": 0.264, "paper_pnl_usdt": 8471.608}
   short_fundfifth1 {"n_obs": 2979, "mean_holding_return_pct": 0.493, "paper_pnl_usdt": -15932.15}
   short_fundfifth2 {"n_obs": 2615, "mean_holding_return_pct": 0.557, "paper_pnl_usdt": -9512.971}
   short_fundfifth3 {"n_obs": 827, "mean_holding_return_pct": 0.32, "paper_pnl_usdt": -1038.28}
   short_fundfifth4 {"n_obs": 12, "mean_holding_return_pct": -0.143, "paper_pnl_usdt": 5.612}
   short_fundfifth5 {"n_obs": 7, "mean_holding_return_pct": 0.156, "paper_pnl_usdt": -13.649}
   short_rest {"n_obs": 6433, "mean_holding_return_pct": 0.496, "paper_pnl_usdt": -26477.788}
   short_topfifth_fund {"n_obs": 7, "mean_holding_return_pct": 0.156, "paper_pnl_usdt": -13.649}
DAILY:
  09-17 {'paper': -3168.1, 'king': 8.4, 'fund': -1994.2, 'resid_F10_chain': -1182.3}
  09-18 {'paper': -4381.4, 'king': 57.4, 'fund': -4348.3, 'resid_F10_chain': -90.6}
  09-19 {'paper': -2418.5, 'king': 12.2, 'fund': -1727.1, 'resid_F10_chain': -703.6}
  09-20 {'paper': -1142.7, 'king': 10.9, 'fund': -774.0, 'resid_F10_chain': -379.5}
  09-21 {'paper': -258.1, 'king': 4.4, 'fund': -933.6, 'resid_F10_chain': 671.1}
  09-22 {'paper': 502.1, 'king': -35.0, 'fund': 277.6, 'resid_F10_chain': 259.5}
  09-23 {'paper': 1506.2, 'king': 263.6, 'fund': 1200.2, 'resid_F10_chain': 42.3}
  09-24 {'paper': -1216.3, 'king': 171.0, 'fund': -1678.2, 'resid_F10_chain': 290.9}
