[     0s] CHECK config.not_a_template_and_nothing_pending OK {"status": "FROZEN before any NEW_S book number; arm NEWS_s2027; settings byte-identical to Stage 1 RUN_CONFIG_OVN_OLDX (only labels, targets and output root differ)", "pending": []}
[     0s] CHECK pin.prereg OK {"path": "/workspace/baseline_tables_2026-09-19/pins/PREREG_baseline_tables_certified_2026-09-19.md", "got": "d9fe45e3191f56e5", "want": "d9fe45e3191f56e5"}
[     0s] CHECK pin.prereg_amendment_1 OK {"path": "/workspace/baseline_tables_2026-09-19/pins/AMENDMENT_1_baseline_tables_certified_2026-09-19.md", "got": "766bc367743d8542", "want": "766bc367743d8542"}
[     0s] CHECK pin.exec_sim OK {"path": "/workspace/baseline_tables_2026-09-19/devices/exec_copy/exec_sim.py", "got": "29679672e68d4842", "want": "29679672e68d4842"}
[     0s] CHECK pin.simlib OK {"path": "/workspace/baseline_tables_2026-09-19/devices/exec_copy/simlib.py", "got": "55246fe98da2d57a", "want": "55246fe98da2d57a"}
[     0s] CHECK pin.v1b_gate OK {"path": "/workspace/baseline_tables_2026-09-19/devices/exec_copy/v1b_gate.py", "got": "4a725921a470f4c1", "want": "4a725921a470f4c1"}
[     0s] CHECK pin.v1_gate OK {"path": "/workspace/baseline_tables_2026-09-19/devices/exec_copy/v1_gate.py", "got": "c97d9b3d49212b49", "want": "c97d9b3d49212b49"}
[     0s] CHECK pin.calibration OK {"path": "/workspace/baseline_tables_2026-09-19/devices/exec_copy/CALIBRATION_v3_POOLED_20260826_20260910.json", "got": "fda342431d39703e", "want": "fda342431d39703e"}
[     0s] CHECK pin.input_manifest OK {"path": "/workspace/baseline_tables_2026-09-19/devices/exec_copy/INPUT_MANIFEST.json", "got": "59875e5a69db415f", "want": "59875e5a69db415f"}
[     0s] CHECK pin.p2_s2_lib OK {"path": "/workspace/uplift_r2_2026-09-13/P2/devices/p2_s2_lib.py", "got": "c53f5c495036727f", "want": "c53f5c495036727f"}
[     2s] CHECK pin.price_full_raw OK {"path": "/workspace/baseline_tables_2026-09-19/work/price_full_raw_x0918r.npy", "got": "23af32bd97c267d1", "want": "23af32bd97c267d1"}
[     2s] CHECK pin.price_full_meta OK {"path": "/workspace/baseline_tables_2026-09-19/work/price_full_raw_x0918r_meta.npz", "got": "d1e49cc9f0a7ddc4", "want": "d1e49cc9f0a7ddc4"}
[     2s] CHECK pin.price_receipt OK {"path": "/workspace/baseline_tables_2026-09-19/receipts/BT_PRICES_FULL_X0918R.json", "got": "130592b122831e03", "want": "130592b122831e03"}
[     2s] CHECK pin.price_source_table_x0918r OK {"path": "/workspace/raw_price_fix_2026-09-19/ext_x0918r/work/price_logtable_raw_x0918r.npy", "got": "9249b0da4a4c5789", "want": "9249b0da4a4c5789"}
[     2s] CHECK pin.price_source_meta_x0918r OK {"path": "/workspace/raw_price_fix_2026-09-19/ext_x0918r/work/price_meta_raw_x0918r.npz", "got": "da136830cee7e1a2", "want": "da136830cee7e1a2"}
[     2s] CHECK pin.ledger_full OK {"path": "/workspace/baseline_tables_2026-09-19/funding/ledger_spliced_p2_to_20260901T0200_streamD_after.npz", "got": "073088e503c026d6", "want": "073088e503c026d6"}
[     2s] CHECK pin.funding_overlap_proof OK {"path": "/workspace/baseline_tables_2026-09-19/funding/BT_FUNDING_OVERLAP.json", "got": "0ee6d99bfa2acfb9", "want": "0ee6d99bfa2acfb9"}
[     3s] CHECK pin.funding_source_p2 OK {"path": "/workspace/uplift_r2_2026-09-13/P2/work/ledger_full.npz", "got": "bea6f5752772d54e", "want": "bea6f5752772d54e"}
[     3s] CHECK pin.funding_source_stream_d OK {"path": "/workspace/axis_0919/funding/funding_ledger.npz", "got": "74b69e635efbf355", "want": "74b69e635efbf355"}
[     3s] CHECK pin.funding_4h_accounting_stream_d OK {"path": "/workspace/axis_0919/funding/funding_4h_accounting.npz", "got": "2838e5f6cf42fff5", "want": "2838e5f6cf42fff5"}
[     3s] CHECK pin.tradability OK {"path": "/workspace/axis_0919/x0918r/trd/tradability_v1.npz", "got": "bebf69ab9ddb3b05", "want": "bebf69ab9ddb3b05"}
[     3s] CHECK pin.universe OK {"path": "/workspace/uplift_r2_2026-09-13/P2/work/universe.npz", "got": "6322b57366078ed0", "want": "6322b57366078ed0"}
[     3s] CHECK pin.g0_labels OK {"path": "/workspace/baseline_tables_2026-09-19/g0x/g0_labels_x0918.npz", "got": "c3832939e1b01333", "want": "c3832939e1b01333"}
[     3s] CHECK pin.g0_receipt OK {"path": "/workspace/baseline_tables_2026-09-19/g0x/RECEIPT_bt_g0_extend.json", "got": "8afd680472ef21be", "want": "8afd680472ef21be"}
[     3s] CHECK price_receipt.PASS_and_outputs OK {"price_kinds": ["raw"]}
[     3s] CHECK pin.executor_tree_409ea16_vs_manifest OK {"n": 332, "bad": []}
[     3s] CHECK exec_sim.version_v3.1 OK "v3.1"
[     3s] CHECK runs.selected OK {"runs": ["NEWS_s2027X|scaled|rule|raw|UAFE"], "seeds": [0, 1, 2, 3, 4, 5, 6, 7, 8, 9, 10, 11, 12, 13, 14, 15, 16, 17, 18, 19, 20, 21, 22, 23, 24, 25, 26, 27, 28, 29, 30, 31]}
[     3s] CHECK window.n_anchors OK 9252
[     3s] CHECK axis.symbols OK 
[     3s] CHECK prices.grid_covers_window OK {"grid0": 1656532800, "n": 444145}
[     3s] CHECK ua_sets.counts_of_the_sets_the_runs_use OK {"UNAVAILABLE_3084": 3084}
[    20s] prices raw (444145, 829)
[    20s] CHECK run.NEWS_s2027X|scaled|rule|raw|UAFE.policy_named OK 
[    20s] CHECK run.NEWS_s2027X|scaled|rule|raw|UAFE.ua_cells_already_at_last_available_price OK {"cells_that_would_change": 0}
[    22s] funding rows 2449807
[    22s] CHECK axis.tradability_symbols OK 
[    22s] CHECK tradability.covers_window OK 
[    22s] CHECK calibration.v3_pooled_frozen OK 
[    22s] CHECK calibration.decision_offset_N+24 OK 1440
[    22s] CHECK executor.pns_wide OK 
[    22s] CHECK executor.gross_mult_config OK {"gm": 2.0, "onu": "hold"}
[    23s] CHECK objb_targets.NEWS_s2027X|scaled|rule|raw|UAFE.loaded OK {"window_anchors": 9252, "combo": 5909, "king": 0, "hold": 3343, "written_rows_without_weights": 0}
[    23s] resume: existing 0 to run 32
[    23s] memory: available 11.7 GiB < 22.0 and nothing running — polling every 60 s
[    83s] memory: available 3.8 GiB < 22.0 and nothing running — polling every 60 s
[   144s] started NEWS_s2027X|scaled|rule|raw|UAFE seed 0 pid 2295157 avail_GiB 26.0 own_GiB 2.95 psi 1.9
[   144s] started NEWS_s2027X|scaled|rule|raw|UAFE seed 1 pid 2295158 avail_GiB 26.0 own_GiB 2.97 psi 1.9
[   144s] started NEWS_s2027X|scaled|rule|raw|UAFE seed 2 pid 2295168 avail_GiB 25.9 own_GiB 3.01 psi 1.9
[   145s] started NEWS_s2027X|scaled|rule|raw|UAFE seed 3 pid 2295169 avail_GiB 25.9 own_GiB 3.04 psi 1.9
[   234s] finished NEWS_s2027X|scaled|rule|raw|UAFE seed 0 rc 0 avail_GiB 25.4 own_GiB 2.94 psi 0.0
[   234s] started NEWS_s2027X|scaled|rule|raw|UAFE seed 4 pid 2295383 avail_GiB 25.3 own_GiB 2.95 psi 0.0
[   235s] finished NEWS_s2027X|scaled|rule|raw|UAFE seed 1 rc 0 avail_GiB 25.3 own_GiB 2.96 psi 0.0
[   235s] started NEWS_s2027X|scaled|rule|raw|UAFE seed 5 pid 2295384 avail_GiB 25.3 own_GiB 2.98 psi 0.0
[   235s] finished NEWS_s2027X|scaled|rule|raw|UAFE seed 2 rc 0 avail_GiB 25.3 own_GiB 2.99 psi 0.0
[   236s] started NEWS_s2027X|scaled|rule|raw|UAFE seed 6 pid 2295385 avail_GiB 25.3 own_GiB 3.01 psi 0.0
[   236s] finished NEWS_s2027X|scaled|rule|raw|UAFE seed 3 rc 0 avail_GiB 25.3 own_GiB 3.02 psi 0.0
[   237s] started NEWS_s2027X|scaled|rule|raw|UAFE seed 7 pid 2295388 avail_GiB 25.3 own_GiB 3.04 psi 0.0
[   332s] finished NEWS_s2027X|scaled|rule|raw|UAFE seed 4 rc 0 avail_GiB 25.2 own_GiB 2.94 psi 0.0
[   332s] started NEWS_s2027X|scaled|rule|raw|UAFE seed 8 pid 2295700 avail_GiB 25.2 own_GiB 2.95 psi 0.0
[   333s] finished NEWS_s2027X|scaled|rule|raw|UAFE seed 5 rc 0 avail_GiB 25.2 own_GiB 2.96 psi 0.0
[   333s] started NEWS_s2027X|scaled|rule|raw|UAFE seed 9 pid 2295701 avail_GiB 25.2 own_GiB 2.98 psi 0.0
[   333s] finished NEWS_s2027X|scaled|rule|raw|UAFE seed 6 rc 0 avail_GiB 25.1 own_GiB 2.99 psi 0.0
[   334s] started NEWS_s2027X|scaled|rule|raw|UAFE seed 10 pid 2295702 avail_GiB 25.1 own_GiB 3.01 psi 0.0
[   334s] finished NEWS_s2027X|scaled|rule|raw|UAFE seed 7 rc 0 avail_GiB 25.1 own_GiB 3.02 psi 0.0
[   335s] started NEWS_s2027X|scaled|rule|raw|UAFE seed 11 pid 2295703 avail_GiB 25.1 own_GiB 3.04 psi 0.0
[   430s] finished NEWS_s2027X|scaled|rule|raw|UAFE seed 8 rc 0 avail_GiB 25.1 own_GiB 2.94 psi 0.0
[   430s] started NEWS_s2027X|scaled|rule|raw|UAFE seed 12 pid 2296030 avail_GiB 25.1 own_GiB 2.95 psi 0.0
[   431s] finished NEWS_s2027X|scaled|rule|raw|UAFE seed 9 rc 0 avail_GiB 25.0 own_GiB 2.96 psi 0.0
[   431s] started NEWS_s2027X|scaled|rule|raw|UAFE seed 13 pid 2296031 avail_GiB 25.0 own_GiB 2.98 psi 0.0
[   431s] finished NEWS_s2027X|scaled|rule|raw|UAFE seed 10 rc 0 avail_GiB 25.0 own_GiB 2.99 psi 0.0
[   432s] started NEWS_s2027X|scaled|rule|raw|UAFE seed 14 pid 2296033 avail_GiB 25.0 own_GiB 3.01 psi 0.0
[   432s] finished NEWS_s2027X|scaled|rule|raw|UAFE seed 11 rc 0 avail_GiB 24.9 own_GiB 3.02 psi 0.0
[   433s] started NEWS_s2027X|scaled|rule|raw|UAFE seed 15 pid 2296037 avail_GiB 25.0 own_GiB 3.04 psi 0.0
[   523s] finished NEWS_s2027X|scaled|rule|raw|UAFE seed 12 rc 0 avail_GiB 27.9 own_GiB 3.00 psi 0.0
[   524s] started NEWS_s2027X|scaled|rule|raw|UAFE seed 16 pid 2296438 avail_GiB 27.9 own_GiB 2.95 psi 0.0
[   524s] finished NEWS_s2027X|scaled|rule|raw|UAFE seed 13 rc 0 avail_GiB 27.9 own_GiB 2.96 psi 0.0
[   524s] started NEWS_s2027X|scaled|rule|raw|UAFE seed 17 pid 2296439 avail_GiB 27.9 own_GiB 2.98 psi 0.0
[   525s] finished NEWS_s2027X|scaled|rule|raw|UAFE seed 14 rc 0 avail_GiB 27.9 own_GiB 2.99 psi 0.0
[   525s] started NEWS_s2027X|scaled|rule|raw|UAFE seed 18 pid 2296441 avail_GiB 27.9 own_GiB 3.01 psi 0.0
[   526s] finished NEWS_s2027X|scaled|rule|raw|UAFE seed 15 rc 0 avail_GiB 27.9 own_GiB 3.03 psi 0.0
[   526s] started NEWS_s2027X|scaled|rule|raw|UAFE seed 19 pid 2296445 avail_GiB 27.9 own_GiB 3.05 psi 0.0
[   629s] finished NEWS_s2027X|scaled|rule|raw|UAFE seed 16 rc 0 avail_GiB 27.9 own_GiB 2.94 psi 0.0
[   630s] started NEWS_s2027X|scaled|rule|raw|UAFE seed 20 pid 2296645 avail_GiB 27.9 own_GiB 2.95 psi 0.0
[   630s] finished NEWS_s2027X|scaled|rule|raw|UAFE seed 17 rc 0 avail_GiB 27.9 own_GiB 2.96 psi 0.0
[   630s] started NEWS_s2027X|scaled|rule|raw|UAFE seed 21 pid 2296646 avail_GiB 27.9 own_GiB 2.98 psi 0.0
[   630s] finished NEWS_s2027X|scaled|rule|raw|UAFE seed 18 rc 0 avail_GiB 27.8 own_GiB 2.99 psi 0.0
[   631s] started NEWS_s2027X|scaled|rule|raw|UAFE seed 22 pid 2296647 avail_GiB 27.8 own_GiB 3.01 psi 0.0
[   631s] finished NEWS_s2027X|scaled|rule|raw|UAFE seed 19 rc 0 avail_GiB 27.8 own_GiB 3.03 psi 0.0
[   632s] started NEWS_s2027X|scaled|rule|raw|UAFE seed 23 pid 2296650 avail_GiB 27.7 own_GiB 3.05 psi 0.0
[   735s] finished NEWS_s2027X|scaled|rule|raw|UAFE seed 20 rc 0 avail_GiB 27.8 own_GiB 2.94 psi 0.0
[   736s] started NEWS_s2027X|scaled|rule|raw|UAFE seed 24 pid 2296951 avail_GiB 27.8 own_GiB 2.95 psi 0.0
[   736s] finished NEWS_s2027X|scaled|rule|raw|UAFE seed 21 rc 0 avail_GiB 27.8 own_GiB 2.96 psi 0.0
[   737s] started NEWS_s2027X|scaled|rule|raw|UAFE seed 25 pid 2297016 avail_GiB 27.8 own_GiB 2.98 psi 0.0
[   737s] finished NEWS_s2027X|scaled|rule|raw|UAFE seed 22 rc 0 avail_GiB 27.8 own_GiB 3.00 psi 0.0
[   738s] started NEWS_s2027X|scaled|rule|raw|UAFE seed 26 pid 2297020 avail_GiB 27.2 own_GiB 3.01 psi 0.0
[   738s] finished NEWS_s2027X|scaled|rule|raw|UAFE seed 23 rc 0 avail_GiB 27.0 own_GiB 3.03 psi 0.0
[   739s] started NEWS_s2027X|scaled|rule|raw|UAFE seed 27 pid 2297022 avail_GiB 26.3 own_GiB 3.05 psi 0.0
[   837s] finished NEWS_s2027X|scaled|rule|raw|UAFE seed 24 rc 0 avail_GiB 11.3 own_GiB 3.05 psi 7.0
[   837s] finished NEWS_s2027X|scaled|rule|raw|UAFE seed 25 rc 0 avail_GiB 11.3 own_GiB 3.05 psi 7.0
[   842s] finished NEWS_s2027X|scaled|rule|raw|UAFE seed 26 rc 0 avail_GiB 10.9 own_GiB 2.94 psi 7.9
[   842s] finished NEWS_s2027X|scaled|rule|raw|UAFE seed 27 rc 0 avail_GiB 10.9 own_GiB 2.94 psi 7.9
[   842s] memory: available 10.9 GiB < 22.0 and nothing running — polling every 60 s
[   902s] memory: available 6.8 GiB < 22.0 and nothing running — polling every 60 s
[   962s] memory: available 2.4 GiB < 22.0 and nothing running — polling every 60 s
[  1022s] memory: available 14.6 GiB < 22.0 and nothing running — polling every 60 s
[  1082s] memory: available 8.6 GiB < 22.0 and nothing running — polling every 60 s
[  1142s] started NEWS_s2027X|scaled|rule|raw|UAFE seed 28 pid 2297676 avail_GiB 27.6 own_GiB 2.95 psi 1.4
[  1143s] started NEWS_s2027X|scaled|rule|raw|UAFE seed 29 pid 2297677 avail_GiB 27.6 own_GiB 2.98 psi 1.4
[  1143s] started NEWS_s2027X|scaled|rule|raw|UAFE seed 30 pid 2297682 avail_GiB 27.6 own_GiB 3.01 psi 1.4
[  1144s] started NEWS_s2027X|scaled|rule|raw|UAFE seed 31 pid 2297683 avail_GiB 27.5 own_GiB 3.05 psi 1.2
[  1248s] finished NEWS_s2027X|scaled|rule|raw|UAFE seed 28 rc 0 avail_GiB 27.3 own_GiB 2.51 psi 0.0
[  1248s] finished NEWS_s2027X|scaled|rule|raw|UAFE seed 30 rc 0 avail_GiB 27.4 own_GiB 2.99 psi 0.0
[  1248s] finished NEWS_s2027X|scaled|rule|raw|UAFE seed 31 rc 0 avail_GiB 27.4 own_GiB 2.99 psi 0.0
[  1254s] aggregated NEWS_s2027X|scaled|rule|raw|UAFE
[  1254s] finished NEWS_s2027X|scaled|rule|raw|UAFE seed 29 rc 0 avail_GiB 27.7 own_GiB 2.96 psi 0.0
[  1254s] CHECK runs.all_rc0 OK {"NEWS_s2027X|scaled|rule|raw|UAFE": {"0": 0, "1": 0, "2": 0, "3": 0, "4": 0, "5": 0, "6": 0, "7": 0, "8": 0, "9": 0, "10": 0, "11": 0, "12": 0, "13": 0, "14": 0, "15": 0, "16": 0, "17": 0, "18": 0, "19": 0, "20": 0, "21": 0, "22": 0, "23":
[  1254s] CHECK runs.audits_clean OK 
BT_LAUNCH VERDICT=PASS label=full_news_s2027x runs=1 seeds=32 receipt_sha256=97be6ed4c52490f05968cb1b77b7dd7401590de8496c3bfa61e67b259f1460dc
