[     0s] CHECK config.not_a_template_and_nothing_pending OK {"status": "FROZEN before any NEW_S book number; arm NEWS_s42; settings byte-identical to Stage 1 RUN_CONFIG_OVN_OLDX (only labels, targets and output root differ)", "pending": []}
[     0s] CHECK pin.prereg OK {"path": "/workspace/baseline_tables_2026-09-19/pins/PREREG_baseline_tables_certified_2026-09-19.md", "got": "d9fe45e3191f56e5", "want": "d9fe45e3191f56e5"}
[     0s] CHECK pin.prereg_amendment_1 OK {"path": "/workspace/baseline_tables_2026-09-19/pins/AMENDMENT_1_baseline_tables_certified_2026-09-19.md", "got": "766bc367743d8542", "want": "766bc367743d8542"}
[     0s] CHECK pin.exec_sim OK {"path": "/workspace/baseline_tables_2026-09-19/devices/exec_copy/exec_sim.py", "got": "29679672e68d4842", "want": "29679672e68d4842"}
[     0s] CHECK pin.simlib OK {"path": "/workspace/baseline_tables_2026-09-19/devices/exec_copy/simlib.py", "got": "55246fe98da2d57a", "want": "55246fe98da2d57a"}
[     0s] CHECK pin.v1b_gate OK {"path": "/workspace/baseline_tables_2026-09-19/devices/exec_copy/v1b_gate.py", "got": "4a725921a470f4c1", "want": "4a725921a470f4c1"}
[     0s] CHECK pin.v1_gate OK {"path": "/workspace/baseline_tables_2026-09-19/devices/exec_copy/v1_gate.py", "got": "c97d9b3d49212b49", "want": "c97d9b3d49212b49"}
[     0s] CHECK pin.calibration OK {"path": "/workspace/baseline_tables_2026-09-19/devices/exec_copy/CALIBRATION_v3_POOLED_20260826_20260910.json", "got": "fda342431d39703e", "want": "fda342431d39703e"}
[     0s] CHECK pin.input_manifest OK {"path": "/workspace/baseline_tables_2026-09-19/devices/exec_copy/INPUT_MANIFEST.json", "got": "59875e5a69db415f", "want": "59875e5a69db415f"}
[     0s] CHECK pin.p2_s2_lib OK {"path": "/workspace/uplift_r2_2026-09-13/P2/devices/p2_s2_lib.py", "got": "c53f5c495036727f", "want": "c53f5c495036727f"}
[     2s] CHECK pin.price_full_raw OK {"path": "/workspace/baseline_tables_2026-09-19/work/price_full_raw_x0918r.npy", "got": "23af32bd97c267d1", "want": "23af32bd97c267d1"}
[     2s] CHECK pin.price_full_meta OK {"path": "/workspace/baseline_tables_2026-09-19/work/price_full_raw_x0918r_meta.npz", "got": "d1e49cc9f0a7ddc4", "want": "d1e49cc9f0a7ddc4"}
[     2s] CHECK pin.price_receipt OK {"path": "/workspace/baseline_tables_2026-09-19/receipts/BT_PRICES_FULL_X0918R.json", "got": "130592b122831e03", "want": "130592b122831e03"}
[     2s] CHECK pin.price_source_table_x0918r OK {"path": "/workspace/raw_price_fix_2026-09-19/ext_x0918r/work/price_logtable_raw_x0918r.npy", "got": "9249b0da4a4c5789", "want": "9249b0da4a4c5789"}
[     2s] CHECK pin.price_source_meta_x0918r OK {"path": "/workspace/raw_price_fix_2026-09-19/ext_x0918r/work/price_meta_raw_x0918r.npz", "got": "da136830cee7e1a2", "want": "da136830cee7e1a2"}
[     3s] CHECK pin.ledger_full OK {"path": "/workspace/baseline_tables_2026-09-19/funding/ledger_spliced_p2_to_20260901T0200_streamD_after.npz", "got": "073088e503c026d6", "want": "073088e503c026d6"}
[     3s] CHECK pin.funding_overlap_proof OK {"path": "/workspace/baseline_tables_2026-09-19/funding/BT_FUNDING_OVERLAP.json", "got": "0ee6d99bfa2acfb9", "want": "0ee6d99bfa2acfb9"}
[     3s] CHECK pin.funding_source_p2 OK {"path": "/workspace/uplift_r2_2026-09-13/P2/work/ledger_full.npz", "got": "bea6f5752772d54e", "want": "bea6f5752772d54e"}
[     3s] CHECK pin.funding_source_stream_d OK {"path": "/workspace/axis_0919/funding/funding_ledger.npz", "got": "74b69e635efbf355", "want": "74b69e635efbf355"}
[     3s] CHECK pin.funding_4h_accounting_stream_d OK {"path": "/workspace/axis_0919/funding/funding_4h_accounting.npz", "got": "2838e5f6cf42fff5", "want": "2838e5f6cf42fff5"}
[     3s] CHECK pin.tradability OK {"path": "/workspace/axis_0919/x0918r/trd/tradability_v1.npz", "got": "bebf69ab9ddb3b05", "want": "bebf69ab9ddb3b05"}
[     3s] CHECK pin.universe OK {"path": "/workspace/uplift_r2_2026-09-13/P2/work/universe.npz", "got": "6322b57366078ed0", "want": "6322b57366078ed0"}
[     3s] CHECK pin.g0_labels OK {"path": "/workspace/baseline_tables_2026-09-19/g0x/g0_labels_x0918.npz", "got": "c3832939e1b01333", "want": "c3832939e1b01333"}
[     3s] CHECK pin.g0_receipt OK {"path": "/workspace/baseline_tables_2026-09-19/g0x/RECEIPT_bt_g0_extend.json", "got": "8afd680472ef21be", "want": "8afd680472ef21be"}
[     3s] CHECK price_receipt.PASS_and_outputs OK {"price_kinds": ["raw"]}
[     3s] CHECK pin.executor_tree_409ea16_vs_manifest OK {"n": 332, "bad": []}
[     3s] CHECK exec_sim.version_v3.1 OK "v3.1"
[     3s] CHECK runs.selected OK {"runs": ["NEWS_s42X|scaled|rule|raw|UAFE"], "seeds": [0, 1, 2, 3, 4, 5, 6, 7, 8, 9, 10, 11, 12, 13, 14, 15, 16, 17, 18, 19, 20, 21, 22, 23, 24, 25, 26, 27, 28, 29, 30, 31]}
[     3s] CHECK window.n_anchors OK 9252
[     3s] CHECK axis.symbols OK 
[     3s] CHECK prices.grid_covers_window OK {"grid0": 1656532800, "n": 444145}
[     3s] CHECK ua_sets.counts_of_the_sets_the_runs_use OK {"UNAVAILABLE_3084": 3084}
[    11s] prices raw (444145, 829)
[    11s] CHECK run.NEWS_s42X|scaled|rule|raw|UAFE.policy_named OK 
[    11s] CHECK run.NEWS_s42X|scaled|rule|raw|UAFE.ua_cells_already_at_last_available_price OK {"cells_that_would_change": 0}
[    12s] funding rows 2449807
[    12s] CHECK axis.tradability_symbols OK 
[    12s] CHECK tradability.covers_window OK 
[    12s] CHECK calibration.v3_pooled_frozen OK 
[    12s] CHECK calibration.decision_offset_N+24 OK 1440
[    12s] CHECK executor.pns_wide OK 
[    12s] CHECK executor.gross_mult_config OK {"gm": 2.0, "onu": "hold"}
[    13s] CHECK objb_targets.NEWS_s42X|scaled|rule|raw|UAFE.loaded OK {"window_anchors": 9252, "combo": 6746, "king": 0, "hold": 2506, "written_rows_without_weights": 0}
[    13s] resume: existing 0 to run 32
[    13s] memory: available 17.5 GiB < 22.0 and nothing running — polling every 60 s
[    73s] memory: available 8.6 GiB < 22.0 and nothing running — polling every 60 s
[   133s] memory: available 0.9 GiB < 22.0 and nothing running — polling every 60 s
[   193s] started NEWS_s42X|scaled|rule|raw|UAFE seed 0 pid 2295246 avail_GiB 25.5 own_GiB 2.95 psi 0.1
[   194s] started NEWS_s42X|scaled|rule|raw|UAFE seed 1 pid 2295247 avail_GiB 25.5 own_GiB 2.97 psi 0.1
[   194s] started NEWS_s42X|scaled|rule|raw|UAFE seed 2 pid 2295248 avail_GiB 25.5 own_GiB 3.00 psi 0.1
[   194s] started NEWS_s42X|scaled|rule|raw|UAFE seed 3 pid 2295249 avail_GiB 25.5 own_GiB 3.04 psi 0.1
[   302s] finished NEWS_s42X|scaled|rule|raw|UAFE seed 0 rc 0 avail_GiB 25.3 own_GiB 2.95 psi 0.0
[   302s] started NEWS_s42X|scaled|rule|raw|UAFE seed 4 pid 2295530 avail_GiB 25.3 own_GiB 2.95 psi 0.0
[   302s] finished NEWS_s42X|scaled|rule|raw|UAFE seed 1 rc 0 avail_GiB 25.3 own_GiB 2.96 psi 0.0
[   303s] started NEWS_s42X|scaled|rule|raw|UAFE seed 5 pid 2295531 avail_GiB 25.3 own_GiB 2.97 psi 0.0
[   303s] finished NEWS_s42X|scaled|rule|raw|UAFE seed 2 rc 0 avail_GiB 25.3 own_GiB 2.99 psi 0.0
[   303s] started NEWS_s42X|scaled|rule|raw|UAFE seed 6 pid 2295532 avail_GiB 25.3 own_GiB 3.01 psi 0.0
[   303s] finished NEWS_s42X|scaled|rule|raw|UAFE seed 3 rc 0 avail_GiB 25.3 own_GiB 3.02 psi 0.0
[   304s] started NEWS_s42X|scaled|rule|raw|UAFE seed 7 pid 2295542 avail_GiB 25.2 own_GiB 3.04 psi 0.0
[   407s] finished NEWS_s42X|scaled|rule|raw|UAFE seed 4 rc 0 avail_GiB 25.0 own_GiB 2.58 psi 0.0
[   407s] started NEWS_s42X|scaled|rule|raw|UAFE seed 8 pid 2295883 avail_GiB 25.1 own_GiB 3.06 psi 0.0
[   407s] finished NEWS_s42X|scaled|rule|raw|UAFE seed 6 rc 0 avail_GiB 25.1 own_GiB 3.08 psi 0.0
[   408s] started NEWS_s42X|scaled|rule|raw|UAFE seed 9 pid 2295886 avail_GiB 25.0 own_GiB 3.05 psi 0.0
[   408s] finished NEWS_s42X|scaled|rule|raw|UAFE seed 7 rc 0 avail_GiB 25.0 own_GiB 2.52 psi 0.0
[   408s] started NEWS_s42X|scaled|rule|raw|UAFE seed 10 pid 2295897 avail_GiB 25.1 own_GiB 3.01 psi 0.0
[   408s] finished NEWS_s42X|scaled|rule|raw|UAFE seed 5 rc 0 avail_GiB 25.1 own_GiB 3.02 psi 0.0
[   409s] started NEWS_s42X|scaled|rule|raw|UAFE seed 11 pid 2295899 avail_GiB 25.0 own_GiB 3.04 psi 0.0
[   512s] finished NEWS_s42X|scaled|rule|raw|UAFE seed 8 rc 0 avail_GiB 30.3 own_GiB 2.95 psi 0.0
[   512s] started NEWS_s42X|scaled|rule|raw|UAFE seed 12 pid 2296319 avail_GiB 30.3 own_GiB 2.95 psi 0.0
[   512s] finished NEWS_s42X|scaled|rule|raw|UAFE seed 9 rc 0 avail_GiB 30.3 own_GiB 2.96 psi 0.0
[   512s] started NEWS_s42X|scaled|rule|raw|UAFE seed 13 pid 2296320 avail_GiB 30.3 own_GiB 2.97 psi 0.0
[   512s] finished NEWS_s42X|scaled|rule|raw|UAFE seed 10 rc 0 avail_GiB 30.3 own_GiB 2.99 psi 0.0
[   512s] started NEWS_s42X|scaled|rule|raw|UAFE seed 14 pid 2296321 avail_GiB 30.3 own_GiB 3.01 psi 0.0
[   512s] finished NEWS_s42X|scaled|rule|raw|UAFE seed 11 rc 0 avail_GiB 30.2 own_GiB 3.02 psi 0.0
[   513s] started NEWS_s42X|scaled|rule|raw|UAFE seed 15 pid 2296322 avail_GiB 30.2 own_GiB 3.04 psi 0.0
[   627s] finished NEWS_s42X|scaled|rule|raw|UAFE seed 12 rc 0 avail_GiB 27.8 own_GiB 2.95 psi 0.0
[   627s] started NEWS_s42X|scaled|rule|raw|UAFE seed 16 pid 2296601 avail_GiB 27.8 own_GiB 2.95 psi 0.0
[   627s] finished NEWS_s42X|scaled|rule|raw|UAFE seed 13 rc 0 avail_GiB 27.8 own_GiB 2.96 psi 0.0
[   627s] started NEWS_s42X|scaled|rule|raw|UAFE seed 17 pid 2296602 avail_GiB 27.8 own_GiB 2.98 psi 0.0
[   627s] finished NEWS_s42X|scaled|rule|raw|UAFE seed 14 rc 0 avail_GiB 27.8 own_GiB 2.99 psi 0.0
[   627s] started NEWS_s42X|scaled|rule|raw|UAFE seed 18 pid 2296606 avail_GiB 27.8 own_GiB 3.01 psi 0.0
[   628s] finished NEWS_s42X|scaled|rule|raw|UAFE seed 15 rc 0 avail_GiB 27.7 own_GiB 3.02 psi 0.0
[   628s] started NEWS_s42X|scaled|rule|raw|UAFE seed 19 pid 2296611 avail_GiB 27.7 own_GiB 3.04 psi 0.0
[   742s] finished NEWS_s42X|scaled|rule|raw|UAFE seed 16 rc 0 avail_GiB 27.8 own_GiB 2.95 psi 0.0
[   742s] started NEWS_s42X|scaled|rule|raw|UAFE seed 20 pid 2296883 avail_GiB 27.8 own_GiB 2.95 psi 0.0
[   742s] finished NEWS_s42X|scaled|rule|raw|UAFE seed 17 rc 0 avail_GiB 27.8 own_GiB 2.96 psi 0.0
[   742s] started NEWS_s42X|scaled|rule|raw|UAFE seed 21 pid 2296884 avail_GiB 27.8 own_GiB 2.97 psi 0.0
[   742s] finished NEWS_s42X|scaled|rule|raw|UAFE seed 18 rc 0 avail_GiB 27.7 own_GiB 2.99 psi 0.0
[   743s] started NEWS_s42X|scaled|rule|raw|UAFE seed 22 pid 2296886 avail_GiB 27.7 own_GiB 3.01 psi 0.0
[   743s] finished NEWS_s42X|scaled|rule|raw|UAFE seed 19 rc 0 avail_GiB 27.7 own_GiB 3.02 psi 0.0
[   743s] started NEWS_s42X|scaled|rule|raw|UAFE seed 23 pid 2296887 avail_GiB 27.7 own_GiB 3.04 psi 0.0
[   857s] finished NEWS_s42X|scaled|rule|raw|UAFE seed 20 rc 0 avail_GiB 11.3 own_GiB 2.95 psi 7.0
[   857s] finished NEWS_s42X|scaled|rule|raw|UAFE seed 21 rc 0 avail_GiB 11.3 own_GiB 2.95 psi 7.0
[   857s] finished NEWS_s42X|scaled|rule|raw|UAFE seed 22 rc 0 avail_GiB 11.3 own_GiB 2.95 psi 7.0
[   857s] finished NEWS_s42X|scaled|rule|raw|UAFE seed 23 rc 0 avail_GiB 11.3 own_GiB 2.95 psi 7.0
[   857s] memory: available 11.3 GiB < 22.0 and nothing running — polling every 60 s
[   917s] memory: available 7.3 GiB < 22.0 and nothing running — polling every 60 s
[   977s] memory: available 2.8 GiB < 22.0 and nothing running — polling every 60 s
[  1037s] memory: available 15.0 GiB < 22.0 and nothing running — polling every 60 s
[  1097s] memory: available 9.6 GiB < 22.0 and nothing running — polling every 60 s
[  1157s] started NEWS_s42X|scaled|rule|raw|UAFE seed 24 pid 2297665 avail_GiB 27.9 own_GiB 2.95 psi 2.6
[  1158s] started NEWS_s42X|scaled|rule|raw|UAFE seed 25 pid 2297666 avail_GiB 27.9 own_GiB 2.97 psi 2.2
[  1158s] started NEWS_s42X|scaled|rule|raw|UAFE seed 26 pid 2297667 avail_GiB 27.8 own_GiB 3.00 psi 2.2
[  1158s] started NEWS_s42X|scaled|rule|raw|UAFE seed 27 pid 2297668 avail_GiB 27.8 own_GiB 3.04 psi 2.2
[  1272s] finished NEWS_s42X|scaled|rule|raw|UAFE seed 24 rc 0 avail_GiB 27.6 own_GiB 2.95 psi 0.0
[  1272s] started NEWS_s42X|scaled|rule|raw|UAFE seed 28 pid 2297957 avail_GiB 27.6 own_GiB 2.95 psi 0.0
[  1272s] finished NEWS_s42X|scaled|rule|raw|UAFE seed 25 rc 0 avail_GiB 27.6 own_GiB 2.96 psi 0.0
[  1273s] started NEWS_s42X|scaled|rule|raw|UAFE seed 29 pid 2297958 avail_GiB 27.6 own_GiB 2.97 psi 0.0
[  1273s] finished NEWS_s42X|scaled|rule|raw|UAFE seed 26 rc 0 avail_GiB 27.6 own_GiB 2.99 psi 0.0
[  1273s] started NEWS_s42X|scaled|rule|raw|UAFE seed 30 pid 2297959 avail_GiB 27.7 own_GiB 3.01 psi 0.0
[  1273s] finished NEWS_s42X|scaled|rule|raw|UAFE seed 27 rc 0 avail_GiB 27.6 own_GiB 3.02 psi 0.0
[  1273s] started NEWS_s42X|scaled|rule|raw|UAFE seed 31 pid 2297960 avail_GiB 27.7 own_GiB 3.04 psi 0.0
[  1361s] finished NEWS_s42X|scaled|rule|raw|UAFE seed 28 rc 0 avail_GiB 30.1 own_GiB 3.11 psi 0.0
[  1366s] finished NEWS_s42X|scaled|rule|raw|UAFE seed 29 rc 0 avail_GiB 30.3 own_GiB 2.95 psi 0.0
[  1366s] finished NEWS_s42X|scaled|rule|raw|UAFE seed 30 rc 0 avail_GiB 30.3 own_GiB 2.95 psi 0.0
[  1367s] aggregated NEWS_s42X|scaled|rule|raw|UAFE
[  1367s] finished NEWS_s42X|scaled|rule|raw|UAFE seed 31 rc 0 avail_GiB 30.2 own_GiB 2.96 psi 0.0
[  1367s] CHECK runs.all_rc0 OK {"NEWS_s42X|scaled|rule|raw|UAFE": {"0": 0, "1": 0, "2": 0, "3": 0, "4": 0, "6": 0, "7": 0, "5": 0, "8": 0, "9": 0, "10": 0, "11": 0, "12": 0, "13": 0, "14": 0, "15": 0, "16": 0, "17": 0, "18": 0, "19": 0, "20": 0, "21": 0, "22": 0, "23": 0
[  1367s] CHECK runs.audits_clean OK 
BT_LAUNCH VERDICT=PASS label=full_news_s42x runs=1 seeds=32 receipt_sha256=a3eaeed6d3c8bde3e71ca844d411186999d6161ae90071c84ae6632db883d9b8
