[     0s] CHECK config.not_a_template_and_nothing_pending OK {"status": "FROZEN before any NEW_S book number; arm NEWS_s42; settings byte-identical to Stage 1 RUN_CONFIG_OVN_OLD (only labels, targets and output root differ)", "pending": []}
[     0s] CHECK pin.prereg OK {"path": "/workspace/baseline_tables_2026-09-19/pins/PREREG_baseline_tables_certified_2026-09-19.md", "got": "d9fe45e3191f56e5", "want": "d9fe45e3191f56e5"}
[     0s] CHECK pin.prereg_amendment_1 OK {"path": "/workspace/baseline_tables_2026-09-19/pins/AMENDMENT_1_baseline_tables_certified_2026-09-19.md", "got": "766bc367743d8542", "want": "766bc367743d8542"}
[     0s] CHECK pin.exec_sim OK {"path": "/workspace/baseline_tables_2026-09-19/devices/exec_copy/exec_sim.py", "got": "29679672e68d4842", "want": "29679672e68d4842"}
[     0s] CHECK pin.simlib OK {"path": "/workspace/baseline_tables_2026-09-19/devices/exec_copy/simlib.py", "got": "55246fe98da2d57a", "want": "55246fe98da2d57a"}
[     0s] CHECK pin.v1b_gate OK {"path": "/workspace/baseline_tables_2026-09-19/devices/exec_copy/v1b_gate.py", "got": "4a725921a470f4c1", "want": "4a725921a470f4c1"}
[     0s] CHECK pin.v1_gate OK {"path": "/workspace/baseline_tables_2026-09-19/devices/exec_copy/v1_gate.py", "got": "c97d9b3d49212b49", "want": "c97d9b3d49212b49"}
[     0s] CHECK pin.calibration OK {"path": "/workspace/baseline_tables_2026-09-19/devices/exec_copy/CALIBRATION_v3_POOLED_20260826_20260910.json", "got": "fda342431d39703e", "want": "fda342431d39703e"}
[     0s] CHECK pin.input_manifest OK {"path": "/workspace/baseline_tables_2026-09-19/devices/exec_copy/INPUT_MANIFEST.json", "got": "59875e5a69db415f", "want": "59875e5a69db415f"}
[     0s] CHECK pin.p2_s2_lib OK {"path": "/workspace/uplift_r2_2026-09-13/P2/devices/p2_s2_lib.py", "got": "c53f5c495036727f", "want": "c53f5c495036727f"}
[     5s] CHECK pin.price_full_raw OK {"path": "/workspace/baseline_tables_2026-09-19/work/price_full_raw_x0918r.npy", "got": "23af32bd97c267d1", "want": "23af32bd97c267d1"}
[     5s] CHECK pin.price_full_meta OK {"path": "/workspace/baseline_tables_2026-09-19/work/price_full_raw_x0918r_meta.npz", "got": "d1e49cc9f0a7ddc4", "want": "d1e49cc9f0a7ddc4"}
[     5s] CHECK pin.price_receipt OK {"path": "/workspace/baseline_tables_2026-09-19/receipts/BT_PRICES_FULL_X0918R.json", "got": "130592b122831e03", "want": "130592b122831e03"}
[     6s] CHECK pin.price_source_table_x0918r OK {"path": "/workspace/raw_price_fix_2026-09-19/ext_x0918r/work/price_logtable_raw_x0918r.npy", "got": "9249b0da4a4c5789", "want": "9249b0da4a4c5789"}
[     6s] CHECK pin.price_source_meta_x0918r OK {"path": "/workspace/raw_price_fix_2026-09-19/ext_x0918r/work/price_meta_raw_x0918r.npz", "got": "da136830cee7e1a2", "want": "da136830cee7e1a2"}
[     6s] CHECK pin.ledger_full OK {"path": "/workspace/baseline_tables_2026-09-19/funding/ledger_spliced_p2_to_20260901T0200_streamD_after.npz", "got": "073088e503c026d6", "want": "073088e503c026d6"}
[     6s] CHECK pin.funding_overlap_proof OK {"path": "/workspace/baseline_tables_2026-09-19/funding/BT_FUNDING_OVERLAP.json", "got": "0ee6d99bfa2acfb9", "want": "0ee6d99bfa2acfb9"}
[     6s] CHECK pin.funding_source_p2 OK {"path": "/workspace/uplift_r2_2026-09-13/P2/work/ledger_full.npz", "got": "bea6f5752772d54e", "want": "bea6f5752772d54e"}
[     6s] CHECK pin.funding_source_stream_d OK {"path": "/workspace/axis_0919/funding/funding_ledger.npz", "got": "74b69e635efbf355", "want": "74b69e635efbf355"}
[     7s] CHECK pin.funding_4h_accounting_stream_d OK {"path": "/workspace/axis_0919/funding/funding_4h_accounting.npz", "got": "2838e5f6cf42fff5", "want": "2838e5f6cf42fff5"}
[     7s] CHECK pin.tradability OK {"path": "/workspace/axis_0919/x0918r/trd/tradability_v1.npz", "got": "bebf69ab9ddb3b05", "want": "bebf69ab9ddb3b05"}
[     7s] CHECK pin.universe OK {"path": "/workspace/uplift_r2_2026-09-13/P2/work/universe.npz", "got": "6322b57366078ed0", "want": "6322b57366078ed0"}
[     7s] CHECK pin.g0_labels OK {"path": "/workspace/baseline_tables_2026-09-19/g0x/g0_labels_x0918.npz", "got": "c3832939e1b01333", "want": "c3832939e1b01333"}
[     7s] CHECK pin.g0_receipt OK {"path": "/workspace/baseline_tables_2026-09-19/g0x/RECEIPT_bt_g0_extend.json", "got": "8afd680472ef21be", "want": "8afd680472ef21be"}
[     7s] CHECK price_receipt.PASS_and_outputs OK {"price_kinds": ["raw"]}
[     8s] CHECK pin.executor_tree_409ea16_vs_manifest OK {"n": 332, "bad": []}
[     8s] CHECK exec_sim.version_v3.1 OK "v3.1"
[     8s] CHECK runs.selected OK {"runs": ["NEWS_s42|scaled|rule|raw|UAFE", "NEWS_s42|lit|rule|raw|UAFE", "NEWS_s42|scaled|rule|raw|UAFE|fee_x1.25", "NEWS_s42|scaled|rule|raw|UAFE|slip_x1.5", "NEWS_s42|scaled|rule|raw|UAFE|fill_x0.9"], "seeds": [0, 1, 2, 3, 4, 5, 6, 7, 8, 
[     8s] CHECK window.n_anchors OK 9139
[     8s] CHECK axis.symbols OK 
[     8s] CHECK prices.grid_covers_window OK {"grid0": 1656532800, "n": 444145}
[     8s] CHECK ua_sets.counts_of_the_sets_the_runs_use OK {"UNAVAILABLE_3084": 3084}
[     9s] prices raw (444145, 829)
[     9s] CHECK run.NEWS_s42|scaled|rule|raw|UAFE.policy_named OK 
[     9s] CHECK run.NEWS_s42|scaled|rule|raw|UAFE.ua_cells_already_at_last_available_price OK {"cells_that_would_change": 0}
[     9s] CHECK run.NEWS_s42|lit|rule|raw|UAFE.policy_named OK 
[     9s] CHECK run.NEWS_s42|lit|rule|raw|UAFE.ua_cells_already_at_last_available_price OK {"cells_that_would_change": 0}
[     9s] CHECK run.NEWS_s42|scaled|rule|raw|UAFE|fee_x1.25.policy_named OK 
[     9s] CHECK run.NEWS_s42|scaled|rule|raw|UAFE|fee_x1.25.ua_cells_already_at_last_available_price OK {"cells_that_would_change": 0}
[     9s] CHECK run.NEWS_s42|scaled|rule|raw|UAFE|slip_x1.5.policy_named OK 
[     9s] CHECK run.NEWS_s42|scaled|rule|raw|UAFE|slip_x1.5.ua_cells_already_at_last_available_price OK {"cells_that_would_change": 0}
[     9s] CHECK run.NEWS_s42|scaled|rule|raw|UAFE|fill_x0.9.policy_named OK 
[     9s] CHECK run.NEWS_s42|scaled|rule|raw|UAFE|fill_x0.9.ua_cells_already_at_last_available_price OK {"cells_that_would_change": 0}
[     9s] funding rows 2386274
[     9s] CHECK axis.tradability_symbols OK 
[     9s] CHECK tradability.covers_window OK 
[     9s] CHECK calibration.v3_pooled_frozen OK 
[     9s] CHECK calibration.decision_offset_N+24 OK 1440
[     9s] CHECK executor.pns_wide OK 
[     9s] CHECK executor.gross_mult_config OK {"gm": 2.0, "onu": "hold"}
[     9s] CHECK objb_targets.NEWS_s42|scaled|rule|raw|UAFE.loaded OK {"window_anchors": 9139, "combo": 6633, "king": 0, "hold": 2506, "written_rows_without_weights": 0}
[    10s] CHECK objb_targets.NEWS_s42|lit|rule|raw|UAFE.loaded OK {"window_anchors": 9139, "combo": 2993, "king": 0, "hold": 6146, "written_rows_without_weights": 0}
[    10s] CHECK objb_targets.NEWS_s42|scaled|rule|raw|UAFE|fee_x1.25.loaded OK {"window_anchors": 9139, "combo": 6633, "king": 0, "hold": 2506, "written_rows_without_weights": 0}
[    10s] CHECK objb_targets.NEWS_s42|scaled|rule|raw|UAFE|slip_x1.5.loaded OK {"window_anchors": 9139, "combo": 6633, "king": 0, "hold": 2506, "written_rows_without_weights": 0}
[    10s] CHECK objb_targets.NEWS_s42|scaled|rule|raw|UAFE|fill_x0.9.loaded OK {"window_anchors": 9139, "combo": 6633, "king": 0, "hold": 2506, "written_rows_without_weights": 0}
[    10s] resume: existing 0 to run 160
[    10s] started NEWS_s42|scaled|rule|raw|UAFE seed 0 pid 2294583 avail_GiB 34.9 own_GiB 2.99 psi 0.0
[    11s] started NEWS_s42|scaled|rule|raw|UAFE seed 1 pid 2294584 avail_GiB 35.0 own_GiB 3.00 psi 0.0
[    11s] started NEWS_s42|scaled|rule|raw|UAFE seed 2 pid 2294585 avail_GiB 34.9 own_GiB 3.02 psi 0.0
[    11s] started NEWS_s42|scaled|rule|raw|UAFE seed 3 pid 2294586 avail_GiB 34.9 own_GiB 3.03 psi 0.0
[    96s] finished NEWS_s42|scaled|rule|raw|UAFE seed 0 rc 0 avail_GiB 10.4 own_GiB 2.97 psi 13.4
[    96s] finished NEWS_s42|scaled|rule|raw|UAFE seed 1 rc 0 avail_GiB 10.4 own_GiB 2.97 psi 13.4
[    96s] finished NEWS_s42|scaled|rule|raw|UAFE seed 2 rc 0 avail_GiB 10.4 own_GiB 2.97 psi 13.4
[    96s] finished NEWS_s42|scaled|rule|raw|UAFE seed 3 rc 0 avail_GiB 10.4 own_GiB 2.97 psi 13.4
[    96s] memory: available 10.4 GiB < 22.0 and nothing running — polling every 60 s
[   156s] memory: available 2.6 GiB < 22.0 and nothing running — polling every 60 s
[   217s] started NEWS_s42|scaled|rule|raw|UAFE seed 4 pid 2295208 avail_GiB 25.8 own_GiB 2.98 psi 0.6
[   217s] started NEWS_s42|scaled|rule|raw|UAFE seed 5 pid 2295209 avail_GiB 25.8 own_GiB 2.99 psi 0.6
[   217s] started NEWS_s42|scaled|rule|raw|UAFE seed 6 pid 2295210 avail_GiB 25.8 own_GiB 3.01 psi 0.6
[   217s] started NEWS_s42|scaled|rule|raw|UAFE seed 7 pid 2295212 avail_GiB 25.8 own_GiB 3.03 psi 0.6
[   318s] finished NEWS_s42|scaled|rule|raw|UAFE seed 4 rc 0 avail_GiB 25.3 own_GiB 2.97 psi 0.0
[   318s] started NEWS_s42|scaled|rule|raw|UAFE seed 8 pid 2295444 avail_GiB 25.4 own_GiB 2.98 psi 0.0
[   318s] finished NEWS_s42|scaled|rule|raw|UAFE seed 5 rc 0 avail_GiB 25.4 own_GiB 2.98 psi 0.0
[   318s] started NEWS_s42|scaled|rule|raw|UAFE seed 9 pid 2295445 avail_GiB 25.4 own_GiB 2.99 psi 0.0
[   318s] finished NEWS_s42|scaled|rule|raw|UAFE seed 6 rc 0 avail_GiB 25.4 own_GiB 3.00 psi 0.0
[   318s] started NEWS_s42|scaled|rule|raw|UAFE seed 10 pid 2295446 avail_GiB 25.4 own_GiB 3.01 psi 0.0
[   318s] finished NEWS_s42|scaled|rule|raw|UAFE seed 7 rc 0 avail_GiB 25.3 own_GiB 3.03 psi 0.0
[   318s] started NEWS_s42|scaled|rule|raw|UAFE seed 11 pid 2295447 avail_GiB 25.3 own_GiB 3.05 psi 0.0
[   425s] finished NEWS_s42|scaled|rule|raw|UAFE seed 8 rc 0 avail_GiB 25.2 own_GiB 2.97 psi 0.0
[   425s] started NEWS_s42|scaled|rule|raw|UAFE seed 12 pid 2295802 avail_GiB 25.2 own_GiB 2.98 psi 0.0
[   425s] finished NEWS_s42|scaled|rule|raw|UAFE seed 9 rc 0 avail_GiB 25.2 own_GiB 2.98 psi 0.0
[   425s] started NEWS_s42|scaled|rule|raw|UAFE seed 13 pid 2295806 avail_GiB 25.1 own_GiB 2.99 psi 0.0
[   425s] finished NEWS_s42|scaled|rule|raw|UAFE seed 10 rc 0 avail_GiB 25.2 own_GiB 3.00 psi 0.0
[   425s] started NEWS_s42|scaled|rule|raw|UAFE seed 14 pid 2295807 avail_GiB 25.1 own_GiB 3.01 psi 0.0
[   425s] finished NEWS_s42|scaled|rule|raw|UAFE seed 11 rc 0 avail_GiB 25.2 own_GiB 3.03 psi 0.0
[   425s] started NEWS_s42|scaled|rule|raw|UAFE seed 15 pid 2295808 avail_GiB 25.1 own_GiB 3.05 psi 0.0
[   526s] finished NEWS_s42|scaled|rule|raw|UAFE seed 12 rc 0 avail_GiB 30.7 own_GiB 3.13 psi 0.0
[   527s] started NEWS_s42|scaled|rule|raw|UAFE seed 16 pid 2296152 avail_GiB 30.7 own_GiB 3.14 psi 0.0
[   532s] finished NEWS_s42|scaled|rule|raw|UAFE seed 13 rc 0 avail_GiB 30.7 own_GiB 3.00 psi 0.0
[   532s] started NEWS_s42|scaled|rule|raw|UAFE seed 17 pid 2296237 avail_GiB 30.7 own_GiB 3.01 psi 0.0
[   532s] finished NEWS_s42|scaled|rule|raw|UAFE seed 14 rc 0 avail_GiB 30.7 own_GiB 3.01 psi 0.0
[   532s] started NEWS_s42|scaled|rule|raw|UAFE seed 18 pid 2296238 avail_GiB 30.7 own_GiB 3.02 psi 0.0
[   532s] finished NEWS_s42|scaled|rule|raw|UAFE seed 15 rc 0 avail_GiB 30.7 own_GiB 3.03 psi 0.0
[   532s] started NEWS_s42|scaled|rule|raw|UAFE seed 19 pid 2296239 avail_GiB 30.7 own_GiB 3.05 psi 0.0
[   633s] finished NEWS_s42|scaled|rule|raw|UAFE seed 16 rc 0 avail_GiB 27.7 own_GiB 3.13 psi 0.0
[   634s] started NEWS_s42|scaled|rule|raw|UAFE seed 20 pid 2296554 avail_GiB 27.7 own_GiB 3.14 psi 0.0
[   639s] finished NEWS_s42|scaled|rule|raw|UAFE seed 17 rc 0 avail_GiB 27.8 own_GiB 3.00 psi 0.0
[   639s] started NEWS_s42|scaled|rule|raw|UAFE seed 21 pid 2296564 avail_GiB 27.8 own_GiB 3.01 psi 0.0
[   639s] finished NEWS_s42|scaled|rule|raw|UAFE seed 18 rc 0 avail_GiB 27.8 own_GiB 3.01 psi 0.0
[   639s] started NEWS_s42|scaled|rule|raw|UAFE seed 22 pid 2296565 avail_GiB 27.8 own_GiB 3.02 psi 0.0
[   639s] finished NEWS_s42|scaled|rule|raw|UAFE seed 19 rc 0 avail_GiB 27.8 own_GiB 3.03 psi 0.0
[   639s] started NEWS_s42|scaled|rule|raw|UAFE seed 23 pid 2296566 avail_GiB 27.8 own_GiB 3.05 psi 0.0
[   746s] finished NEWS_s42|scaled|rule|raw|UAFE seed 20 rc 0 avail_GiB 27.6 own_GiB 3.13 psi 0.0
[   746s] started NEWS_s42|scaled|rule|raw|UAFE seed 24 pid 2296772 avail_GiB 27.6 own_GiB 3.14 psi 0.0
[   751s] finished NEWS_s42|scaled|rule|raw|UAFE seed 21 rc 0 avail_GiB 27.7 own_GiB 3.00 psi 0.0
[   751s] started NEWS_s42|scaled|rule|raw|UAFE seed 25 pid 2296785 avail_GiB 27.7 own_GiB 3.01 psi 0.0
[   751s] finished NEWS_s42|scaled|rule|raw|UAFE seed 22 rc 0 avail_GiB 27.7 own_GiB 3.01 psi 0.0
[   751s] started NEWS_s42|scaled|rule|raw|UAFE seed 26 pid 2296786 avail_GiB 27.7 own_GiB 3.02 psi 0.0
[   751s] finished NEWS_s42|scaled|rule|raw|UAFE seed 23 rc 0 avail_GiB 27.7 own_GiB 3.03 psi 0.0
[   751s] started NEWS_s42|scaled|rule|raw|UAFE seed 27 pid 2296787 avail_GiB 27.7 own_GiB 3.05 psi 0.0
[   863s] finished NEWS_s42|scaled|rule|raw|UAFE seed 24 rc 0 avail_GiB 13.4 own_GiB 3.13 psi 20.0
[   868s] finished NEWS_s42|scaled|rule|raw|UAFE seed 25 rc 0 avail_GiB 13.0 own_GiB 2.97 psi 12.8
[   868s] finished NEWS_s42|scaled|rule|raw|UAFE seed 26 rc 0 avail_GiB 13.0 own_GiB 2.97 psi 12.8
[   868s] finished NEWS_s42|scaled|rule|raw|UAFE seed 27 rc 0 avail_GiB 13.0 own_GiB 2.97 psi 12.8
[   868s] memory: available 13.0 GiB < 22.0 and nothing running — polling every 60 s
[   928s] memory: available 9.3 GiB < 22.0 and nothing running — polling every 60 s
[   988s] memory: available 4.9 GiB < 22.0 and nothing running — polling every 60 s
[  1048s] started NEWS_s42|scaled|rule|raw|UAFE seed 28 pid 2297494 avail_GiB 26.1 own_GiB 2.98 psi 0.9
[  1048s] started NEWS_s42|scaled|rule|raw|UAFE seed 29 pid 2297495 avail_GiB 26.0 own_GiB 2.99 psi 0.9
[  1048s] started NEWS_s42|scaled|rule|raw|UAFE seed 30 pid 2297496 avail_GiB 25.9 own_GiB 3.01 psi 0.9
[  1048s] started NEWS_s42|scaled|rule|raw|UAFE seed 31 pid 2297497 avail_GiB 25.8 own_GiB 3.03 psi 0.9
[  1134s] finished NEWS_s42|scaled|rule|raw|UAFE seed 28 rc 0 avail_GiB 11.4 own_GiB 2.97 psi 5.3
[  1134s] finished NEWS_s42|scaled|rule|raw|UAFE seed 29 rc 0 avail_GiB 11.4 own_GiB 2.97 psi 5.3
[  1134s] finished NEWS_s42|scaled|rule|raw|UAFE seed 30 rc 0 avail_GiB 11.4 own_GiB 2.97 psi 5.3
[  1135s] aggregated NEWS_s42|scaled|rule|raw|UAFE
[  1135s] finished NEWS_s42|scaled|rule|raw|UAFE seed 31 rc 0 avail_GiB 11.0 own_GiB 2.97 psi 5.3
[  1135s] memory: available 11.0 GiB < 22.0 and nothing running — polling every 60 s
[  1195s] started NEWS_s42|lit|rule|raw|UAFE seed 0 pid 2297660 avail_GiB 28.0 own_GiB 2.98 psi 3.2
[  1195s] started NEWS_s42|lit|rule|raw|UAFE seed 1 pid 2297661 avail_GiB 28.0 own_GiB 2.99 psi 3.2
[  1195s] started NEWS_s42|lit|rule|raw|UAFE seed 2 pid 2297662 avail_GiB 28.0 own_GiB 3.01 psi 3.2
[  1195s] started NEWS_s42|lit|rule|raw|UAFE seed 3 pid 2297663 avail_GiB 28.0 own_GiB 3.04 psi 3.2
[  1256s] finished NEWS_s42|lit|rule|raw|UAFE seed 0 rc 0 avail_GiB 27.5 own_GiB 2.97 psi 0.0
[  1256s] started NEWS_s42|lit|rule|raw|UAFE seed 4 pid 2297893 avail_GiB 27.5 own_GiB 2.98 psi 0.0
[  1256s] finished NEWS_s42|lit|rule|raw|UAFE seed 1 rc 0 avail_GiB 27.5 own_GiB 2.98 psi 0.0
[  1256s] started NEWS_s42|lit|rule|raw|UAFE seed 5 pid 2297894 avail_GiB 27.5 own_GiB 2.99 psi 0.0
[  1256s] finished NEWS_s42|lit|rule|raw|UAFE seed 2 rc 0 avail_GiB 27.5 own_GiB 3.01 psi 0.0
[  1256s] started NEWS_s42|lit|rule|raw|UAFE seed 6 pid 2297895 avail_GiB 27.5 own_GiB 3.03 psi 0.0
[  1256s] finished NEWS_s42|lit|rule|raw|UAFE seed 3 rc 0 avail_GiB 27.4 own_GiB 3.04 psi 0.0
[  1257s] started NEWS_s42|lit|rule|raw|UAFE seed 7 pid 2297896 avail_GiB 27.4 own_GiB 3.06 psi 0.0
[  1317s] finished NEWS_s42|lit|rule|raw|UAFE seed 4 rc 0 avail_GiB 30.5 own_GiB 2.97 psi 0.0
[  1317s] started NEWS_s42|lit|rule|raw|UAFE seed 8 pid 2297969 avail_GiB 30.5 own_GiB 2.98 psi 0.0
[  1317s] finished NEWS_s42|lit|rule|raw|UAFE seed 5 rc 0 avail_GiB 30.5 own_GiB 2.98 psi 0.0
[  1317s] started NEWS_s42|lit|rule|raw|UAFE seed 9 pid 2297970 avail_GiB 30.5 own_GiB 2.99 psi 0.0
[  1317s] finished NEWS_s42|lit|rule|raw|UAFE seed 6 rc 0 avail_GiB 30.5 own_GiB 3.00 psi 0.0
[  1318s] started NEWS_s42|lit|rule|raw|UAFE seed 10 pid 2297971 avail_GiB 30.5 own_GiB 3.02 psi 0.0
[  1318s] finished NEWS_s42|lit|rule|raw|UAFE seed 7 rc 0 avail_GiB 30.4 own_GiB 3.04 psi 0.0
[  1318s] started NEWS_s42|lit|rule|raw|UAFE seed 11 pid 2297972 avail_GiB 30.4 own_GiB 3.06 psi 0.0
[  1363s] finished NEWS_s42|lit|rule|raw|UAFE seed 9 rc 0 avail_GiB 30.3 own_GiB 3.02 psi 0.0
[  1363s] started NEWS_s42|lit|rule|raw|UAFE seed 12 pid 2298022 avail_GiB 30.3 own_GiB 3.02 psi 0.0
[  1363s] finished NEWS_s42|lit|rule|raw|UAFE seed 10 rc 0 avail_GiB 30.2 own_GiB 3.03 psi 0.0
[  1363s] started NEWS_s42|lit|rule|raw|UAFE seed 13 pid 2298023 avail_GiB 30.2 own_GiB 3.05 psi 0.0
[  1363s] finished NEWS_s42|lit|rule|raw|UAFE seed 11 rc 0 avail_GiB 30.2 own_GiB 3.05 psi 0.0
[  1364s] started NEWS_s42|lit|rule|raw|UAFE seed 14 pid 2298024 avail_GiB 30.2 own_GiB 3.08 psi 0.0
[  1369s] finished NEWS_s42|lit|rule|raw|UAFE seed 8 rc 0 avail_GiB 30.2 own_GiB 3.08 psi 0.0
[  1369s] started NEWS_s42|lit|rule|raw|UAFE seed 15 pid 2298031 avail_GiB 30.2 own_GiB 3.09 psi 0.0
[  1409s] finished NEWS_s42|lit|rule|raw|UAFE seed 12 rc 0 avail_GiB 33.2 own_GiB 3.06 psi 0.0
[  1409s] started NEWS_s42|lit|rule|raw|UAFE seed 16 pid 2298076 avail_GiB 33.2 own_GiB 3.07 psi 0.0
[  1409s] finished NEWS_s42|lit|rule|raw|UAFE seed 14 rc 0 avail_GiB 33.2 own_GiB 3.08 psi 0.0
[  1409s] started NEWS_s42|lit|rule|raw|UAFE seed 17 pid 2298077 avail_GiB 33.2 own_GiB 3.09 psi 0.0
[  1415s] finished NEWS_s42|lit|rule|raw|UAFE seed 13 rc 0 avail_GiB 33.2 own_GiB 3.05 psi 0.0
[  1415s] started NEWS_s42|lit|rule|raw|UAFE seed 18 pid 2298084 avail_GiB 33.2 own_GiB 3.05 psi 0.0
[  1415s] finished NEWS_s42|lit|rule|raw|UAFE seed 15 rc 0 avail_GiB 33.2 own_GiB 3.06 psi 0.0
[  1415s] started NEWS_s42|lit|rule|raw|UAFE seed 19 pid 2298085 avail_GiB 33.2 own_GiB 3.08 psi 0.0
[  1455s] finished NEWS_s42|lit|rule|raw|UAFE seed 16 rc 0 avail_GiB 33.2 own_GiB 3.06 psi 0.0
[  1455s] started NEWS_s42|lit|rule|raw|UAFE seed 20 pid 2298170 avail_GiB 33.2 own_GiB 3.07 psi 0.0
[  1455s] finished NEWS_s42|lit|rule|raw|UAFE seed 17 rc 0 avail_GiB 33.2 own_GiB 3.08 psi 0.0
[  1455s] started NEWS_s42|lit|rule|raw|UAFE seed 21 pid 2298171 avail_GiB 33.1 own_GiB 3.09 psi 0.0
[  1460s] finished NEWS_s42|lit|rule|raw|UAFE seed 18 rc 0 avail_GiB 33.2 own_GiB 3.05 psi 0.0
[  1461s] started NEWS_s42|lit|rule|raw|UAFE seed 22 pid 2298178 avail_GiB 33.2 own_GiB 3.05 psi 0.0
[  1461s] finished NEWS_s42|lit|rule|raw|UAFE seed 19 rc 0 avail_GiB 33.1 own_GiB 3.06 psi 0.0
[  1461s] started NEWS_s42|lit|rule|raw|UAFE seed 23 pid 2298179 avail_GiB 33.1 own_GiB 3.08 psi 0.0
[  1501s] finished NEWS_s42|lit|rule|raw|UAFE seed 20 rc 0 avail_GiB 33.1 own_GiB 3.06 psi 0.0
[  1501s] started NEWS_s42|lit|rule|raw|UAFE seed 24 pid 2298222 avail_GiB 33.1 own_GiB 3.07 psi 0.0
[  1501s] finished NEWS_s42|lit|rule|raw|UAFE seed 21 rc 0 avail_GiB 33.1 own_GiB 3.08 psi 0.0
[  1501s] started NEWS_s42|lit|rule|raw|UAFE seed 25 pid 2298223 avail_GiB 33.1 own_GiB 3.09 psi 0.0
[  1506s] finished NEWS_s42|lit|rule|raw|UAFE seed 22 rc 0 avail_GiB 33.1 own_GiB 3.05 psi 0.0
[  1507s] started NEWS_s42|lit|rule|raw|UAFE seed 26 pid 2298230 avail_GiB 33.1 own_GiB 3.05 psi 0.0
[  1507s] finished NEWS_s42|lit|rule|raw|UAFE seed 23 rc 0 avail_GiB 33.1 own_GiB 3.06 psi 0.0
[  1507s] started NEWS_s42|lit|rule|raw|UAFE seed 27 pid 2298231 avail_GiB 33.0 own_GiB 3.08 psi 0.0
[  1547s] finished NEWS_s42|lit|rule|raw|UAFE seed 24 rc 0 avail_GiB 33.0 own_GiB 3.06 psi 0.0
[  1547s] started NEWS_s42|lit|rule|raw|UAFE seed 28 pid 2298278 avail_GiB 33.0 own_GiB 3.07 psi 0.0
[  1547s] finished NEWS_s42|lit|rule|raw|UAFE seed 25 rc 0 avail_GiB 32.9 own_GiB 3.08 psi 0.0
[  1547s] started NEWS_s42|lit|rule|raw|UAFE seed 29 pid 2298279 avail_GiB 32.9 own_GiB 3.09 psi 0.0
[  1552s] finished NEWS_s42|lit|rule|raw|UAFE seed 26 rc 0 avail_GiB 32.9 own_GiB 3.05 psi 0.0
[  1553s] started NEWS_s42|lit|rule|raw|UAFE seed 30 pid 2298284 avail_GiB 32.9 own_GiB 3.05 psi 0.0
[  1553s] finished NEWS_s42|lit|rule|raw|UAFE seed 27 rc 0 avail_GiB 32.9 own_GiB 3.06 psi 0.0
[  1553s] started NEWS_s42|lit|rule|raw|UAFE seed 31 pid 2298285 avail_GiB 32.9 own_GiB 3.08 psi 0.0
[  1593s] finished NEWS_s42|lit|rule|raw|UAFE seed 28 rc 0 avail_GiB 32.8 own_GiB 3.06 psi 0.0
[  1593s] started NEWS_s42|scaled|rule|raw|UAFE|fee_x1.25 seed 0 pid 2298370 avail_GiB 32.8 own_GiB 3.07 psi 0.0
[  1593s] finished NEWS_s42|lit|rule|raw|UAFE seed 29 rc 0 avail_GiB 32.8 own_GiB 3.08 psi 0.0
[  1593s] started NEWS_s42|scaled|rule|raw|UAFE|fee_x1.25 seed 1 pid 2298371 avail_GiB 32.8 own_GiB 3.09 psi 0.0
[  1598s] finished NEWS_s42|lit|rule|raw|UAFE seed 30 rc 0 avail_GiB 32.8 own_GiB 3.04 psi 0.0
[  1599s] started NEWS_s42|scaled|rule|raw|UAFE|fee_x1.25 seed 2 pid 2298380 avail_GiB 32.8 own_GiB 3.04 psi 0.0
[  1599s] aggregated NEWS_s42|lit|rule|raw|UAFE
[  1599s] finished NEWS_s42|lit|rule|raw|UAFE seed 31 rc 0 avail_GiB 32.8 own_GiB 3.09 psi 0.0
[  1599s] started NEWS_s42|scaled|rule|raw|UAFE|fee_x1.25 seed 3 pid 2298381 avail_GiB 32.7 own_GiB 3.10 psi 0.0
[  1680s] finished NEWS_s42|scaled|rule|raw|UAFE|fee_x1.25 seed 0 rc 0 avail_GiB 32.7 own_GiB 3.09 psi 0.0
[  1680s] started NEWS_s42|scaled|rule|raw|UAFE|fee_x1.25 seed 4 pid 2298468 avail_GiB 32.7 own_GiB 3.10 psi 0.0
[  1680s] finished NEWS_s42|scaled|rule|raw|UAFE|fee_x1.25 seed 1 rc 0 avail_GiB 32.7 own_GiB 3.11 psi 0.0
[  1681s] started NEWS_s42|scaled|rule|raw|UAFE|fee_x1.25 seed 5 pid 2298471 avail_GiB 32.7 own_GiB 3.13 psi 0.0
[  1686s] finished NEWS_s42|scaled|rule|raw|UAFE|fee_x1.25 seed 2 rc 0 avail_GiB 32.8 own_GiB 3.04 psi 0.0
[  1686s] started NEWS_s42|scaled|rule|raw|UAFE|fee_x1.25 seed 6 pid 2298476 avail_GiB 32.8 own_GiB 3.04 psi 0.0
[  1686s] finished NEWS_s42|scaled|rule|raw|UAFE|fee_x1.25 seed 3 rc 0 avail_GiB 32.8 own_GiB 3.06 psi 0.0
[  1686s] started NEWS_s42|scaled|rule|raw|UAFE|fee_x1.25 seed 7 pid 2298477 avail_GiB 32.7 own_GiB 3.07 psi 0.0
[  1767s] finished NEWS_s42|scaled|rule|raw|UAFE|fee_x1.25 seed 4 rc 0 avail_GiB 32.7 own_GiB 3.08 psi 0.0
[  1767s] started NEWS_s42|scaled|rule|raw|UAFE|fee_x1.25 seed 8 pid 2298565 avail_GiB 32.7 own_GiB 3.09 psi 0.0
[  1767s] finished NEWS_s42|scaled|rule|raw|UAFE|fee_x1.25 seed 5 rc 0 avail_GiB 32.7 own_GiB 3.10 psi 0.0
[  1767s] started NEWS_s42|scaled|rule|raw|UAFE|fee_x1.25 seed 9 pid 2298566 avail_GiB 32.7 own_GiB 3.11 psi 0.0
[  1772s] finished NEWS_s42|scaled|rule|raw|UAFE|fee_x1.25 seed 6 rc 0 avail_GiB 32.7 own_GiB 3.04 psi 0.0
[  1772s] started NEWS_s42|scaled|rule|raw|UAFE|fee_x1.25 seed 10 pid 2298571 avail_GiB 32.7 own_GiB 3.05 psi 0.0
[  1772s] finished NEWS_s42|scaled|rule|raw|UAFE|fee_x1.25 seed 7 rc 0 avail_GiB 32.7 own_GiB 3.06 psi 0.0
[  1772s] started NEWS_s42|scaled|rule|raw|UAFE|fee_x1.25 seed 11 pid 2298572 avail_GiB 32.7 own_GiB 3.07 psi 0.0
[  1853s] finished NEWS_s42|scaled|rule|raw|UAFE|fee_x1.25 seed 8 rc 0 avail_GiB 32.6 own_GiB 3.08 psi 0.0
[  1853s] started NEWS_s42|scaled|rule|raw|UAFE|fee_x1.25 seed 12 pid 2298678 avail_GiB 32.6 own_GiB 3.09 psi 0.0
[  1853s] finished NEWS_s42|scaled|rule|raw|UAFE|fee_x1.25 seed 9 rc 0 avail_GiB 32.6 own_GiB 3.10 psi 0.0
[  1853s] started NEWS_s42|scaled|rule|raw|UAFE|fee_x1.25 seed 13 pid 2298679 avail_GiB 32.6 own_GiB 3.11 psi 0.0
[  1858s] finished NEWS_s42|scaled|rule|raw|UAFE|fee_x1.25 seed 10 rc 0 avail_GiB 32.6 own_GiB 3.04 psi 0.0
[  1859s] started NEWS_s42|scaled|rule|raw|UAFE|fee_x1.25 seed 14 pid 2298688 avail_GiB 32.6 own_GiB 3.04 psi 0.0
[  1859s] finished NEWS_s42|scaled|rule|raw|UAFE|fee_x1.25 seed 11 rc 0 avail_GiB 32.6 own_GiB 3.06 psi 0.0
[  1859s] started NEWS_s42|scaled|rule|raw|UAFE|fee_x1.25 seed 15 pid 2298689 avail_GiB 32.6 own_GiB 3.07 psi 0.0
[  1940s] finished NEWS_s42|scaled|rule|raw|UAFE|fee_x1.25 seed 12 rc 0 avail_GiB 32.5 own_GiB 3.08 psi 0.0
[  1940s] started NEWS_s42|scaled|rule|raw|UAFE|fee_x1.25 seed 16 pid 2298775 avail_GiB 32.5 own_GiB 3.09 psi 0.0
[  1940s] finished NEWS_s42|scaled|rule|raw|UAFE|fee_x1.25 seed 13 rc 0 avail_GiB 32.5 own_GiB 3.10 psi 0.0
[  1940s] started NEWS_s42|scaled|rule|raw|UAFE|fee_x1.25 seed 17 pid 2298776 avail_GiB 32.5 own_GiB 3.11 psi 0.0
[  1945s] finished NEWS_s42|scaled|rule|raw|UAFE|fee_x1.25 seed 14 rc 0 avail_GiB 32.5 own_GiB 3.04 psi 0.0
[  1945s] started NEWS_s42|scaled|rule|raw|UAFE|fee_x1.25 seed 18 pid 2298779 avail_GiB 32.5 own_GiB 3.04 psi 0.0
[  1945s] finished NEWS_s42|scaled|rule|raw|UAFE|fee_x1.25 seed 15 rc 0 avail_GiB 32.5 own_GiB 3.06 psi 0.0
[  1945s] started NEWS_s42|scaled|rule|raw|UAFE|fee_x1.25 seed 19 pid 2298780 avail_GiB 32.5 own_GiB 3.07 psi 0.0
[  2026s] finished NEWS_s42|scaled|rule|raw|UAFE|fee_x1.25 seed 16 rc 0 avail_GiB 32.4 own_GiB 3.08 psi 0.0
[  2026s] started NEWS_s42|scaled|rule|raw|UAFE|fee_x1.25 seed 20 pid 2298869 avail_GiB 32.4 own_GiB 3.09 psi 0.0
[  2026s] finished NEWS_s42|scaled|rule|raw|UAFE|fee_x1.25 seed 17 rc 0 avail_GiB 32.4 own_GiB 3.10 psi 0.0
[  2026s] started NEWS_s42|scaled|rule|raw|UAFE|fee_x1.25 seed 21 pid 2298870 avail_GiB 32.4 own_GiB 3.11 psi 0.0
[  2031s] finished NEWS_s42|scaled|rule|raw|UAFE|fee_x1.25 seed 18 rc 0 avail_GiB 32.4 own_GiB 3.04 psi 0.0
[  2032s] started NEWS_s42|scaled|rule|raw|UAFE|fee_x1.25 seed 22 pid 2298877 avail_GiB 32.4 own_GiB 3.04 psi 0.0
[  2032s] finished NEWS_s42|scaled|rule|raw|UAFE|fee_x1.25 seed 19 rc 0 avail_GiB 32.4 own_GiB 3.05 psi 0.0
[  2032s] started NEWS_s42|scaled|rule|raw|UAFE|fee_x1.25 seed 23 pid 2298878 avail_GiB 32.4 own_GiB 3.07 psi 0.0
[  2113s] finished NEWS_s42|scaled|rule|raw|UAFE|fee_x1.25 seed 20 rc 0 avail_GiB 32.4 own_GiB 3.08 psi 0.0
[  2113s] started NEWS_s42|scaled|rule|raw|UAFE|fee_x1.25 seed 24 pid 2298965 avail_GiB 32.4 own_GiB 3.09 psi 0.0
[  2113s] finished NEWS_s42|scaled|rule|raw|UAFE|fee_x1.25 seed 21 rc 0 avail_GiB 32.3 own_GiB 3.10 psi 0.0
[  2113s] started NEWS_s42|scaled|rule|raw|UAFE|fee_x1.25 seed 25 pid 2298966 avail_GiB 32.3 own_GiB 3.11 psi 0.0
[  2118s] finished NEWS_s42|scaled|rule|raw|UAFE|fee_x1.25 seed 22 rc 0 avail_GiB 32.4 own_GiB 3.04 psi 0.0
[  2118s] started NEWS_s42|scaled|rule|raw|UAFE|fee_x1.25 seed 26 pid 2298976 avail_GiB 32.4 own_GiB 3.04 psi 0.0
[  2118s] finished NEWS_s42|scaled|rule|raw|UAFE|fee_x1.25 seed 23 rc 0 avail_GiB 32.4 own_GiB 3.06 psi 0.0
[  2118s] started NEWS_s42|scaled|rule|raw|UAFE|fee_x1.25 seed 27 pid 2298977 avail_GiB 32.4 own_GiB 3.07 psi 0.0
[  2199s] finished NEWS_s42|scaled|rule|raw|UAFE|fee_x1.25 seed 24 rc 0 avail_GiB 32.2 own_GiB 3.08 psi 0.0
[  2199s] started NEWS_s42|scaled|rule|raw|UAFE|fee_x1.25 seed 28 pid 2299062 avail_GiB 32.2 own_GiB 3.09 psi 0.0
[  2199s] finished NEWS_s42|scaled|rule|raw|UAFE|fee_x1.25 seed 25 rc 0 avail_GiB 32.2 own_GiB 3.10 psi 0.0
[  2199s] started NEWS_s42|scaled|rule|raw|UAFE|fee_x1.25 seed 29 pid 2299063 avail_GiB 32.2 own_GiB 3.11 psi 0.0
[  2204s] finished NEWS_s42|scaled|rule|raw|UAFE|fee_x1.25 seed 26 rc 0 avail_GiB 32.2 own_GiB 3.04 psi 0.0
[  2204s] started NEWS_s42|scaled|rule|raw|UAFE|fee_x1.25 seed 30 pid 2299070 avail_GiB 32.2 own_GiB 3.05 psi 0.0
[  2204s] finished NEWS_s42|scaled|rule|raw|UAFE|fee_x1.25 seed 27 rc 0 avail_GiB 32.2 own_GiB 3.06 psi 0.0
[  2205s] started NEWS_s42|scaled|rule|raw|UAFE|fee_x1.25 seed 31 pid 2299072 avail_GiB 32.2 own_GiB 3.07 psi 0.0
[  2285s] finished NEWS_s42|scaled|rule|raw|UAFE|fee_x1.25 seed 28 rc 0 avail_GiB 32.1 own_GiB 3.08 psi 0.0
[  2286s] started NEWS_s42|scaled|rule|raw|UAFE|slip_x1.5 seed 0 pid 2299180 avail_GiB 32.1 own_GiB 3.09 psi 0.0
[  2286s] finished NEWS_s42|scaled|rule|raw|UAFE|fee_x1.25 seed 29 rc 0 avail_GiB 32.1 own_GiB 3.10 psi 0.0
[  2286s] started NEWS_s42|scaled|rule|raw|UAFE|slip_x1.5 seed 1 pid 2299181 avail_GiB 32.1 own_GiB 3.11 psi 0.0
[  2291s] finished NEWS_s42|scaled|rule|raw|UAFE|fee_x1.25 seed 30 rc 0 avail_GiB 32.2 own_GiB 3.04 psi 0.0
[  2291s] started NEWS_s42|scaled|rule|raw|UAFE|slip_x1.5 seed 2 pid 2299188 avail_GiB 32.2 own_GiB 3.04 psi 0.0
[  2292s] aggregated NEWS_s42|scaled|rule|raw|UAFE|fee_x1.25
[  2292s] finished NEWS_s42|scaled|rule|raw|UAFE|fee_x1.25 seed 31 rc 0 avail_GiB 32.1 own_GiB 3.09 psi 0.0
[  2292s] started NEWS_s42|scaled|rule|raw|UAFE|slip_x1.5 seed 3 pid 2299191 avail_GiB 32.1 own_GiB 3.10 psi 0.0
[  2373s] finished NEWS_s42|scaled|rule|raw|UAFE|slip_x1.5 seed 0 rc 0 avail_GiB 32.0 own_GiB 3.09 psi 0.0
[  2373s] started NEWS_s42|scaled|rule|raw|UAFE|slip_x1.5 seed 4 pid 2299279 avail_GiB 32.0 own_GiB 3.10 psi 0.0
[  2373s] finished NEWS_s42|scaled|rule|raw|UAFE|slip_x1.5 seed 1 rc 0 avail_GiB 32.0 own_GiB 3.11 psi 0.0
[  2373s] started NEWS_s42|scaled|rule|raw|UAFE|slip_x1.5 seed 5 pid 2299280 avail_GiB 32.0 own_GiB 3.12 psi 0.0
[  2378s] finished NEWS_s42|scaled|rule|raw|UAFE|slip_x1.5 seed 2 rc 0 avail_GiB 32.1 own_GiB 3.04 psi 0.0
[  2378s] started NEWS_s42|scaled|rule|raw|UAFE|slip_x1.5 seed 6 pid 2299285 avail_GiB 32.1 own_GiB 3.04 psi 0.0
[  2378s] finished NEWS_s42|scaled|rule|raw|UAFE|slip_x1.5 seed 3 rc 0 avail_GiB 32.1 own_GiB 3.05 psi 0.0
[  2378s] started NEWS_s42|scaled|rule|raw|UAFE|slip_x1.5 seed 7 pid 2299286 avail_GiB 32.1 own_GiB 3.06 psi 0.0
[  2459s] finished NEWS_s42|scaled|rule|raw|UAFE|slip_x1.5 seed 4 rc 0 avail_GiB 31.9 own_GiB 3.08 psi 0.0
[  2459s] started NEWS_s42|scaled|rule|raw|UAFE|slip_x1.5 seed 8 pid 2299374 avail_GiB 31.9 own_GiB 3.09 psi 0.0
[  2459s] finished NEWS_s42|scaled|rule|raw|UAFE|slip_x1.5 seed 5 rc 0 avail_GiB 31.9 own_GiB 3.09 psi 0.0
[  2459s] started NEWS_s42|scaled|rule|raw|UAFE|slip_x1.5 seed 9 pid 2299375 avail_GiB 31.9 own_GiB 3.11 psi 0.0
[  2464s] finished NEWS_s42|scaled|rule|raw|UAFE|slip_x1.5 seed 6 rc 0 avail_GiB 31.9 own_GiB 3.04 psi 0.0
[  2464s] started NEWS_s42|scaled|rule|raw|UAFE|slip_x1.5 seed 10 pid 2299380 avail_GiB 31.9 own_GiB 3.05 psi 0.0
[  2465s] finished NEWS_s42|scaled|rule|raw|UAFE|slip_x1.5 seed 7 rc 0 avail_GiB 31.9 own_GiB 3.05 psi 0.0
[  2465s] started NEWS_s42|scaled|rule|raw|UAFE|slip_x1.5 seed 11 pid 2299381 avail_GiB 31.9 own_GiB 3.06 psi 0.0
[  2540s] finished NEWS_s42|scaled|rule|raw|UAFE|slip_x1.5 seed 8 rc 0 avail_GiB 31.8 own_GiB 3.13 psi 0.0
[  2541s] started NEWS_s42|scaled|rule|raw|UAFE|slip_x1.5 seed 12 pid 2299465 avail_GiB 31.8 own_GiB 3.14 psi 0.0
[  2546s] finished NEWS_s42|scaled|rule|raw|UAFE|slip_x1.5 seed 9 rc 0 avail_GiB 31.8 own_GiB 2.40 psi 0.0
[  2546s] started NEWS_s42|scaled|rule|raw|UAFE|slip_x1.5 seed 13 pid 2299479 avail_GiB 31.9 own_GiB 3.07 psi 0.0
[  2546s] finished NEWS_s42|scaled|rule|raw|UAFE|slip_x1.5 seed 11 rc 0 avail_GiB 31.9 own_GiB 3.08 psi 0.0
[  2546s] started NEWS_s42|scaled|rule|raw|UAFE|slip_x1.5 seed 14 pid 2299480 avail_GiB 31.8 own_GiB 2.75 psi 0.0
[  2546s] finished NEWS_s42|scaled|rule|raw|UAFE|slip_x1.5 seed 10 rc 0 avail_GiB 31.9 own_GiB 3.04 psi 0.0
[  2546s] started NEWS_s42|scaled|rule|raw|UAFE|slip_x1.5 seed 15 pid 2299487 avail_GiB 31.9 own_GiB 3.05 psi 0.0
[  2622s] finished NEWS_s42|scaled|rule|raw|UAFE|slip_x1.5 seed 12 rc 0 avail_GiB 31.8 own_GiB 3.13 psi 0.0
[  2622s] started NEWS_s42|scaled|rule|raw|UAFE|slip_x1.5 seed 16 pid 2299614 avail_GiB 31.8 own_GiB 3.14 psi 0.0
[  2627s] finished NEWS_s42|scaled|rule|raw|UAFE|slip_x1.5 seed 13 rc 0 avail_GiB 31.8 own_GiB 3.06 psi 0.0
[  2627s] started NEWS_s42|scaled|rule|raw|UAFE|slip_x1.5 seed 17 pid 2299623 avail_GiB 31.8 own_GiB 3.07 psi 0.0
[  2627s] finished NEWS_s42|scaled|rule|raw|UAFE|slip_x1.5 seed 14 rc 0 avail_GiB 31.8 own_GiB 3.07 psi 0.0
[  2627s] started NEWS_s42|scaled|rule|raw|UAFE|slip_x1.5 seed 18 pid 2299626 avail_GiB 31.8 own_GiB 3.10 psi 0.0
[  2632s] finished NEWS_s42|scaled|rule|raw|UAFE|slip_x1.5 seed 15 rc 0 avail_GiB 31.8 own_GiB 3.07 psi 0.0
[  2632s] started NEWS_s42|scaled|rule|raw|UAFE|slip_x1.5 seed 19 pid 2299629 avail_GiB 31.8 own_GiB 3.08 psi 0.0
[  2703s] finished NEWS_s42|scaled|rule|raw|UAFE|slip_x1.5 seed 16 rc 0 avail_GiB 31.6 own_GiB 3.13 psi 0.0
[  2703s] started NEWS_s42|scaled|rule|raw|UAFE|slip_x1.5 seed 20 pid 2299705 avail_GiB 31.6 own_GiB 3.14 psi 0.0
[  2708s] finished NEWS_s42|scaled|rule|raw|UAFE|slip_x1.5 seed 17 rc 0 avail_GiB 31.7 own_GiB 3.06 psi 0.0
[  2708s] started NEWS_s42|scaled|rule|raw|UAFE|slip_x1.5 seed 21 pid 2299712 avail_GiB 31.7 own_GiB 3.07 psi 0.0
[  2709s] finished NEWS_s42|scaled|rule|raw|UAFE|slip_x1.5 seed 18 rc 0 avail_GiB 31.7 own_GiB 3.07 psi 0.0
[  2709s] started NEWS_s42|scaled|rule|raw|UAFE|slip_x1.5 seed 22 pid 2299713 avail_GiB 31.6 own_GiB 3.08 psi 0.0
[  2714s] finished NEWS_s42|scaled|rule|raw|UAFE|slip_x1.5 seed 19 rc 0 avail_GiB 31.6 own_GiB 3.07 psi 0.0
[  2714s] started NEWS_s42|scaled|rule|raw|UAFE|slip_x1.5 seed 23 pid 2299716 avail_GiB 31.6 own_GiB 3.08 psi 0.0
[  2785s] finished NEWS_s42|scaled|rule|raw|UAFE|slip_x1.5 seed 20 rc 0 avail_GiB 31.5 own_GiB 3.13 psi 0.0
[  2785s] started NEWS_s42|scaled|rule|raw|UAFE|slip_x1.5 seed 24 pid 2299830 avail_GiB 31.5 own_GiB 3.14 psi 0.0
[  2790s] finished NEWS_s42|scaled|rule|raw|UAFE|slip_x1.5 seed 21 rc 0 avail_GiB 31.6 own_GiB 3.06 psi 0.0
[  2790s] started NEWS_s42|scaled|rule|raw|UAFE|slip_x1.5 seed 25 pid 2299869 avail_GiB 31.6 own_GiB 3.07 psi 0.0
[  2790s] finished NEWS_s42|scaled|rule|raw|UAFE|slip_x1.5 seed 22 rc 0 avail_GiB 31.6 own_GiB 3.07 psi 0.0
[  2790s] started NEWS_s42|scaled|rule|raw|UAFE|slip_x1.5 seed 26 pid 2299870 avail_GiB 31.6 own_GiB 3.08 psi 0.0
[  2795s] finished NEWS_s42|scaled|rule|raw|UAFE|slip_x1.5 seed 23 rc 0 avail_GiB 31.6 own_GiB 3.07 psi 0.0
[  2795s] started NEWS_s42|scaled|rule|raw|UAFE|slip_x1.5 seed 27 pid 2299879 avail_GiB 31.5 own_GiB 3.08 psi 0.0
[  2871s] finished NEWS_s42|scaled|rule|raw|UAFE|slip_x1.5 seed 24 rc 0 avail_GiB 31.4 own_GiB 3.13 psi 0.0
[  2871s] started NEWS_s42|scaled|rule|raw|UAFE|slip_x1.5 seed 28 pid 2300004 avail_GiB 31.4 own_GiB 3.14 psi 0.0
[  2876s] finished NEWS_s42|scaled|rule|raw|UAFE|slip_x1.5 seed 25 rc 0 avail_GiB 31.5 own_GiB 3.06 psi 0.0
[  2876s] started NEWS_s42|scaled|rule|raw|UAFE|slip_x1.5 seed 29 pid 2300007 avail_GiB 31.5 own_GiB 3.08 psi 0.0
[  2876s] finished NEWS_s42|scaled|rule|raw|UAFE|slip_x1.5 seed 26 rc 0 avail_GiB 31.5 own_GiB 3.09 psi 0.0
[  2876s] started NEWS_s42|scaled|rule|raw|UAFE|slip_x1.5 seed 30 pid 2300008 avail_GiB 31.5 own_GiB 3.03 psi 0.0
[  2876s] finished NEWS_s42|scaled|rule|raw|UAFE|slip_x1.5 seed 27 rc 0 avail_GiB 31.5 own_GiB 3.04 psi 0.0
[  2877s] started NEWS_s42|scaled|rule|raw|UAFE|slip_x1.5 seed 31 pid 2300009 avail_GiB 31.5 own_GiB 3.05 psi 0.0
[  2957s] finished NEWS_s42|scaled|rule|raw|UAFE|slip_x1.5 seed 28 rc 0 avail_GiB 31.4 own_GiB 3.14 psi 0.0
[  2958s] started NEWS_s42|scaled|rule|raw|UAFE|fill_x0.9 seed 0 pid 2300108 avail_GiB 31.4 own_GiB 3.15 psi 0.0
[  2963s] finished NEWS_s42|scaled|rule|raw|UAFE|slip_x1.5 seed 29 rc 0 avail_GiB 31.5 own_GiB 3.01 psi 0.0
[  2963s] started NEWS_s42|scaled|rule|raw|UAFE|fill_x0.9 seed 1 pid 2300116 avail_GiB 31.5 own_GiB 3.01 psi 0.0
[  2963s] finished NEWS_s42|scaled|rule|raw|UAFE|slip_x1.5 seed 30 rc 0 avail_GiB 31.4 own_GiB 3.02 psi 0.0
[  2963s] started NEWS_s42|scaled|rule|raw|UAFE|fill_x0.9 seed 2 pid 2300117 avail_GiB 31.4 own_GiB 3.03 psi 0.0
[  2963s] aggregated NEWS_s42|scaled|rule|raw|UAFE|slip_x1.5
[  2964s] finished NEWS_s42|scaled|rule|raw|UAFE|slip_x1.5 seed 31 rc 0 avail_GiB 31.4 own_GiB 3.08 psi 0.0
[  2964s] started NEWS_s42|scaled|rule|raw|UAFE|fill_x0.9 seed 3 pid 2300118 avail_GiB 31.4 own_GiB 3.09 psi 0.0
[  3039s] finished NEWS_s42|scaled|rule|raw|UAFE|fill_x0.9 seed 0 rc 0 avail_GiB 31.3 own_GiB 3.14 psi 0.0
[  3040s] started NEWS_s42|scaled|rule|raw|UAFE|fill_x0.9 seed 4 pid 2300204 avail_GiB 31.3 own_GiB 3.15 psi 0.0
[  3045s] finished NEWS_s42|scaled|rule|raw|UAFE|fill_x0.9 seed 1 rc 0 avail_GiB 31.4 own_GiB 3.01 psi 0.0
[  3045s] started NEWS_s42|scaled|rule|raw|UAFE|fill_x0.9 seed 5 pid 2300209 avail_GiB 31.4 own_GiB 3.01 psi 0.0
[  3045s] finished NEWS_s42|scaled|rule|raw|UAFE|fill_x0.9 seed 2 rc 0 avail_GiB 31.3 own_GiB 3.02 psi 0.0
[  3045s] started NEWS_s42|scaled|rule|raw|UAFE|fill_x0.9 seed 6 pid 2300210 avail_GiB 31.3 own_GiB 3.03 psi 0.0
[  3045s] finished NEWS_s42|scaled|rule|raw|UAFE|fill_x0.9 seed 3 rc 0 avail_GiB 31.3 own_GiB 3.04 psi 0.0
[  3045s] started NEWS_s42|scaled|rule|raw|UAFE|fill_x0.9 seed 7 pid 2300211 avail_GiB 31.3 own_GiB 3.05 psi 0.0
[  3121s] finished NEWS_s42|scaled|rule|raw|UAFE|fill_x0.9 seed 4 rc 0 avail_GiB 31.2 own_GiB 3.13 psi 0.0
[  3121s] started NEWS_s42|scaled|rule|raw|UAFE|fill_x0.9 seed 8 pid 2300296 avail_GiB 31.2 own_GiB 3.14 psi 0.0
[  3126s] finished NEWS_s42|scaled|rule|raw|UAFE|fill_x0.9 seed 5 rc 0 avail_GiB 31.3 own_GiB 3.01 psi 0.0
[  3126s] started NEWS_s42|scaled|rule|raw|UAFE|fill_x0.9 seed 9 pid 2300305 avail_GiB 31.3 own_GiB 3.01 psi 0.0
[  3126s] finished NEWS_s42|scaled|rule|raw|UAFE|fill_x0.9 seed 6 rc 0 avail_GiB 31.3 own_GiB 3.02 psi 0.0
[  3126s] started NEWS_s42|scaled|rule|raw|UAFE|fill_x0.9 seed 10 pid 2300306 avail_GiB 31.3 own_GiB 3.03 psi 0.0
[  3126s] finished NEWS_s42|scaled|rule|raw|UAFE|fill_x0.9 seed 7 rc 0 avail_GiB 31.3 own_GiB 3.04 psi 0.0
[  3126s] started NEWS_s42|scaled|rule|raw|UAFE|fill_x0.9 seed 11 pid 2300307 avail_GiB 31.3 own_GiB 3.05 psi 0.0
[  3202s] finished NEWS_s42|scaled|rule|raw|UAFE|fill_x0.9 seed 8 rc 0 avail_GiB 31.1 own_GiB 3.13 psi 0.0
[  3202s] started NEWS_s42|scaled|rule|raw|UAFE|fill_x0.9 seed 12 pid 2300395 avail_GiB 31.1 own_GiB 3.14 psi 0.0
[  3207s] finished NEWS_s42|scaled|rule|raw|UAFE|fill_x0.9 seed 9 rc 0 avail_GiB 31.2 own_GiB 3.01 psi 0.0
[  3207s] started NEWS_s42|scaled|rule|raw|UAFE|fill_x0.9 seed 13 pid 2300400 avail_GiB 31.2 own_GiB 3.01 psi 0.0
[  3207s] finished NEWS_s42|scaled|rule|raw|UAFE|fill_x0.9 seed 10 rc 0 avail_GiB 31.2 own_GiB 3.02 psi 0.0
[  3207s] started NEWS_s42|scaled|rule|raw|UAFE|fill_x0.9 seed 14 pid 2300401 avail_GiB 31.2 own_GiB 3.03 psi 0.0
[  3207s] finished NEWS_s42|scaled|rule|raw|UAFE|fill_x0.9 seed 11 rc 0 avail_GiB 31.2 own_GiB 3.04 psi 0.0
[  3208s] started NEWS_s42|scaled|rule|raw|UAFE|fill_x0.9 seed 15 pid 2300402 avail_GiB 31.2 own_GiB 3.05 psi 0.0
[  3283s] finished NEWS_s42|scaled|rule|raw|UAFE|fill_x0.9 seed 12 rc 0 avail_GiB 31.0 own_GiB 3.13 psi 0.0
[  3283s] started NEWS_s42|scaled|rule|raw|UAFE|fill_x0.9 seed 16 pid 2300490 avail_GiB 31.0 own_GiB 3.14 psi 0.0
[  3288s] finished NEWS_s42|scaled|rule|raw|UAFE|fill_x0.9 seed 13 rc 0 avail_GiB 31.1 own_GiB 3.01 psi 0.0
[  3289s] started NEWS_s42|scaled|rule|raw|UAFE|fill_x0.9 seed 17 pid 2300497 avail_GiB 31.1 own_GiB 3.01 psi 0.0
[  3289s] finished NEWS_s42|scaled|rule|raw|UAFE|fill_x0.9 seed 14 rc 0 avail_GiB 31.1 own_GiB 3.02 psi 0.0
[  3289s] started NEWS_s42|scaled|rule|raw|UAFE|fill_x0.9 seed 18 pid 2300498 avail_GiB 31.1 own_GiB 3.03 psi 0.0
[  3289s] finished NEWS_s42|scaled|rule|raw|UAFE|fill_x0.9 seed 15 rc 0 avail_GiB 31.0 own_GiB 3.04 psi 0.0
[  3289s] started NEWS_s42|scaled|rule|raw|UAFE|fill_x0.9 seed 19 pid 2300499 avail_GiB 31.0 own_GiB 3.05 psi 0.0
[  3365s] finished NEWS_s42|scaled|rule|raw|UAFE|fill_x0.9 seed 16 rc 0 avail_GiB 30.9 own_GiB 3.13 psi 0.0
[  3365s] started NEWS_s42|scaled|rule|raw|UAFE|fill_x0.9 seed 20 pid 2300602 avail_GiB 30.9 own_GiB 3.14 psi 0.0
[  3370s] finished NEWS_s42|scaled|rule|raw|UAFE|fill_x0.9 seed 17 rc 0 avail_GiB 31.0 own_GiB 3.01 psi 0.0
[  3370s] started NEWS_s42|scaled|rule|raw|UAFE|fill_x0.9 seed 21 pid 2300613 avail_GiB 31.0 own_GiB 3.01 psi 0.0
[  3370s] finished NEWS_s42|scaled|rule|raw|UAFE|fill_x0.9 seed 18 rc 0 avail_GiB 31.0 own_GiB 3.02 psi 0.0
[  3370s] started NEWS_s42|scaled|rule|raw|UAFE|fill_x0.9 seed 22 pid 2300614 avail_GiB 31.0 own_GiB 3.03 psi 0.0
[  3370s] finished NEWS_s42|scaled|rule|raw|UAFE|fill_x0.9 seed 19 rc 0 avail_GiB 31.0 own_GiB 3.04 psi 0.0
[  3370s] started NEWS_s42|scaled|rule|raw|UAFE|fill_x0.9 seed 23 pid 2300615 avail_GiB 30.9 own_GiB 3.05 psi 0.0
[  3446s] finished NEWS_s42|scaled|rule|raw|UAFE|fill_x0.9 seed 20 rc 0 avail_GiB 34.0 own_GiB 3.14 psi 0.0
[  3446s] started NEWS_s42|scaled|rule|raw|UAFE|fill_x0.9 seed 24 pid 2300695 avail_GiB 34.0 own_GiB 3.14 psi 0.0
[  3451s] finished NEWS_s42|scaled|rule|raw|UAFE|fill_x0.9 seed 21 rc 0 avail_GiB 34.1 own_GiB 3.01 psi 0.0
[  3451s] started NEWS_s42|scaled|rule|raw|UAFE|fill_x0.9 seed 25 pid 2300702 avail_GiB 34.1 own_GiB 3.02 psi 0.0
[  3451s] finished NEWS_s42|scaled|rule|raw|UAFE|fill_x0.9 seed 22 rc 0 avail_GiB 34.1 own_GiB 3.02 psi 0.0
[  3451s] started NEWS_s42|scaled|rule|raw|UAFE|fill_x0.9 seed 26 pid 2300703 avail_GiB 34.1 own_GiB 3.03 psi 0.0
[  3451s] finished NEWS_s42|scaled|rule|raw|UAFE|fill_x0.9 seed 23 rc 0 avail_GiB 34.1 own_GiB 3.04 psi 0.0
[  3451s] started NEWS_s42|scaled|rule|raw|UAFE|fill_x0.9 seed 27 pid 2300704 avail_GiB 34.1 own_GiB 3.05 psi 0.0
[  3527s] finished NEWS_s42|scaled|rule|raw|UAFE|fill_x0.9 seed 24 rc 0 avail_GiB 34.0 own_GiB 3.14 psi 0.0
[  3527s] started NEWS_s42|scaled|rule|raw|UAFE|fill_x0.9 seed 28 pid 2300788 avail_GiB 34.0 own_GiB 3.15 psi 0.0
[  3532s] finished NEWS_s42|scaled|rule|raw|UAFE|fill_x0.9 seed 25 rc 0 avail_GiB 34.1 own_GiB 3.01 psi 0.0
[  3532s] started NEWS_s42|scaled|rule|raw|UAFE|fill_x0.9 seed 29 pid 2300795 avail_GiB 34.1 own_GiB 3.02 psi 0.0
[  3532s] finished NEWS_s42|scaled|rule|raw|UAFE|fill_x0.9 seed 26 rc 0 avail_GiB 34.1 own_GiB 3.02 psi 0.0
[  3533s] started NEWS_s42|scaled|rule|raw|UAFE|fill_x0.9 seed 30 pid 2300796 avail_GiB 34.1 own_GiB 3.03 psi 0.0
[  3533s] finished NEWS_s42|scaled|rule|raw|UAFE|fill_x0.9 seed 27 rc 0 avail_GiB 34.1 own_GiB 3.04 psi 0.0
[  3533s] started NEWS_s42|scaled|rule|raw|UAFE|fill_x0.9 seed 31 pid 2300797 avail_GiB 34.1 own_GiB 3.05 psi 0.0
[  3608s] finished NEWS_s42|scaled|rule|raw|UAFE|fill_x0.9 seed 28 rc 0 avail_GiB 33.9 own_GiB 3.14 psi 0.0
[  3613s] finished NEWS_s42|scaled|rule|raw|UAFE|fill_x0.9 seed 29 rc 0 avail_GiB 34.1 own_GiB 2.97 psi 0.0
[  3614s] finished NEWS_s42|scaled|rule|raw|UAFE|fill_x0.9 seed 30 rc 0 avail_GiB 34.1 own_GiB 2.97 psi 0.0
[  3614s] aggregated NEWS_s42|scaled|rule|raw|UAFE|fill_x0.9
[  3614s] finished NEWS_s42|scaled|rule|raw|UAFE|fill_x0.9 seed 31 rc 0 avail_GiB 34.1 own_GiB 2.97 psi 0.0
[  3614s] CHECK runs.all_rc0 OK {"NEWS_s42|scaled|rule|raw|UAFE": {"0": 0, "1": 0, "2": 0, "3": 0, "4": 0, "5": 0, "6": 0, "7": 0, "8": 0, "9": 0, "10": 0, "11": 0, "12": 0, "13": 0, "14": 0, "15": 0, "16": 0, "17": 0, "18": 0, "19": 0, "20": 0, "21": 0, "22": 0, "23": 0,
[  3614s] CHECK runs.audits_clean OK 
BT_LAUNCH VERDICT=PASS label=full_news_s42 runs=5 seeds=32 receipt_sha256=bc91fab831f09c765bffa928bba907292b98339cd8c95db4f2359881d3b56eaf
