10:41:49 START wait_shards
10:49:38 chain driver restarted (added ext step)
10:49:38 START wait_shards
12:34:10 DONE wait_shards
12:34:10 START merge
12:34:19 DONE merge
12:34:19 START king
12:39:27 RESUME (AMENDMENT 2): King interpreter -> /workspace/venv
12:39:27 START king
12:40:26 DONE king
12:40:26 START legs
13:18:35 DONE legs
13:18:35 START f10
f10 pgids 2285168 2285169
f10 rc 0 0
14:15:20 DONE f10
14:15:20 START combo
14:19:10 DONE combo
14:19:10 START adapter
14:19:24 DONE adapter
14:19:24 START configs
14:19:24 DONE configs
14:19:24 START engine
launch news_s42 pid 2294532
launch news_s2027 pid 2294614
launch news_s42x pid 2294751
launch news_s2027x pid 2294815
BT_LAUNCH VERDICT=PASS label=full_news_s2027 runs=5 seeds=32 receipt_sha256=96aaddf64706aacbc4b95d5b92d59535076d621f4ee7abb3099d2839c0c9f933
BT_LAUNCH VERDICT=PASS label=full_news_s2027x runs=1 seeds=32 receipt_sha256=97be6ed4c52490f05968cb1b77b7dd7401590de8496c3bfa61e67b259f1460dc
BT_LAUNCH VERDICT=PASS label=full_news_s42 runs=5 seeds=32 receipt_sha256=bc91fab831f09c765bffa928bba907292b98339cd8c95db4f2359881d3b56eaf
BT_LAUNCH VERDICT=PASS label=full_news_s42x runs=1 seeds=32 receipt_sha256=a3eaeed6d3c8bde3e71ca844d411186999d6161ae90071c84ae6632db883d9b8
15:19:39 DONE engine
15:19:39 START readings
15:19:53 DONE readings
15:19:53 START stats
15:20:49 DONE stats
15:20:49 START ext
15:20:55 DONE ext
CHAIN_DONE
