[     0s] CHECK config.not_a_template_and_nothing_pending OK {"status": "FROZEN before any NEW_S book number; arm NEWS_s2027; settings byte-identical to Stage 1 RUN_CONFIG_OVN_OLD (only labels, targets and output root differ)", "pending": []}
[     0s] CHECK pin.prereg OK {"path": "/workspace/baseline_tables_2026-09-19/pins/PREREG_baseline_tables_certified_2026-09-19.md", "got": "d9fe45e3191f56e5", "want": "d9fe45e3191f56e5"}
[     0s] CHECK pin.prereg_amendment_1 OK {"path": "/workspace/baseline_tables_2026-09-19/pins/AMENDMENT_1_baseline_tables_certified_2026-09-19.md", "got": "766bc367743d8542", "want": "766bc367743d8542"}
[     0s] CHECK pin.exec_sim OK {"path": "/workspace/baseline_tables_2026-09-19/devices/exec_copy/exec_sim.py", "got": "29679672e68d4842", "want": "29679672e68d4842"}
[     0s] CHECK pin.simlib OK {"path": "/workspace/baseline_tables_2026-09-19/devices/exec_copy/simlib.py", "got": "55246fe98da2d57a", "want": "55246fe98da2d57a"}
[     0s] CHECK pin.v1b_gate OK {"path": "/workspace/baseline_tables_2026-09-19/devices/exec_copy/v1b_gate.py", "got": "4a725921a470f4c1", "want": "4a725921a470f4c1"}
[     0s] CHECK pin.v1_gate OK {"path": "/workspace/baseline_tables_2026-09-19/devices/exec_copy/v1_gate.py", "got": "c97d9b3d49212b49", "want": "c97d9b3d49212b49"}
[     0s] CHECK pin.calibration OK {"path": "/workspace/baseline_tables_2026-09-19/devices/exec_copy/CALIBRATION_v3_POOLED_20260826_20260910.json", "got": "fda342431d39703e", "want": "fda342431d39703e"}
[     0s] CHECK pin.input_manifest OK {"path": "/workspace/baseline_tables_2026-09-19/devices/exec_copy/INPUT_MANIFEST.json", "got": "59875e5a69db415f", "want": "59875e5a69db415f"}
[     0s] CHECK pin.p2_s2_lib OK {"path": "/workspace/uplift_r2_2026-09-13/P2/devices/p2_s2_lib.py", "got": "c53f5c495036727f", "want": "c53f5c495036727f"}
[     2s] CHECK pin.price_full_raw OK {"path": "/workspace/baseline_tables_2026-09-19/work/price_full_raw_x0918r.npy", "got": "23af32bd97c267d1", "want": "23af32bd97c267d1"}
[     2s] CHECK pin.price_full_meta OK {"path": "/workspace/baseline_tables_2026-09-19/work/price_full_raw_x0918r_meta.npz", "got": "d1e49cc9f0a7ddc4", "want": "d1e49cc9f0a7ddc4"}
[     2s] CHECK pin.price_receipt OK {"path": "/workspace/baseline_tables_2026-09-19/receipts/BT_PRICES_FULL_X0918R.json", "got": "130592b122831e03", "want": "130592b122831e03"}
[     2s] CHECK pin.price_source_table_x0918r OK {"path": "/workspace/raw_price_fix_2026-09-19/ext_x0918r/work/price_logtable_raw_x0918r.npy", "got": "9249b0da4a4c5789", "want": "9249b0da4a4c5789"}
[     2s] CHECK pin.price_source_meta_x0918r OK {"path": "/workspace/raw_price_fix_2026-09-19/ext_x0918r/work/price_meta_raw_x0918r.npz", "got": "da136830cee7e1a2", "want": "da136830cee7e1a2"}
[     2s] CHECK pin.ledger_full OK {"path": "/workspace/baseline_tables_2026-09-19/funding/ledger_spliced_p2_to_20260901T0200_streamD_after.npz", "got": "073088e503c026d6", "want": "073088e503c026d6"}
[     2s] CHECK pin.funding_overlap_proof OK {"path": "/workspace/baseline_tables_2026-09-19/funding/BT_FUNDING_OVERLAP.json", "got": "0ee6d99bfa2acfb9", "want": "0ee6d99bfa2acfb9"}
[     3s] CHECK pin.funding_source_p2 OK {"path": "/workspace/uplift_r2_2026-09-13/P2/work/ledger_full.npz", "got": "bea6f5752772d54e", "want": "bea6f5752772d54e"}
[     3s] CHECK pin.funding_source_stream_d OK {"path": "/workspace/axis_0919/funding/funding_ledger.npz", "got": "74b69e635efbf355", "want": "74b69e635efbf355"}
[     3s] CHECK pin.funding_4h_accounting_stream_d OK {"path": "/workspace/axis_0919/funding/funding_4h_accounting.npz", "got": "2838e5f6cf42fff5", "want": "2838e5f6cf42fff5"}
[     3s] CHECK pin.tradability OK {"path": "/workspace/axis_0919/x0918r/trd/tradability_v1.npz", "got": "bebf69ab9ddb3b05", "want": "bebf69ab9ddb3b05"}
[     3s] CHECK pin.universe OK {"path": "/workspace/uplift_r2_2026-09-13/P2/work/universe.npz", "got": "6322b57366078ed0", "want": "6322b57366078ed0"}
[     3s] CHECK pin.g0_labels OK {"path": "/workspace/baseline_tables_2026-09-19/g0x/g0_labels_x0918.npz", "got": "c3832939e1b01333", "want": "c3832939e1b01333"}
[     3s] CHECK pin.g0_receipt OK {"path": "/workspace/baseline_tables_2026-09-19/g0x/RECEIPT_bt_g0_extend.json", "got": "8afd680472ef21be", "want": "8afd680472ef21be"}
[     3s] CHECK price_receipt.PASS_and_outputs OK {"price_kinds": ["raw"]}
[     3s] CHECK pin.executor_tree_409ea16_vs_manifest OK {"n": 332, "bad": []}
[     3s] CHECK exec_sim.version_v3.1 OK "v3.1"
[     3s] CHECK runs.selected OK {"runs": ["NEWS_s2027|scaled|rule|raw|UAFE", "NEWS_s2027|lit|rule|raw|UAFE", "NEWS_s2027|scaled|rule|raw|UAFE|fee_x1.25", "NEWS_s2027|scaled|rule|raw|UAFE|slip_x1.5", "NEWS_s2027|scaled|rule|raw|UAFE|fill_x0.9"], "seeds": [0, 1, 2, 3, 4, 5,
[     3s] CHECK window.n_anchors OK 9139
[     3s] CHECK axis.symbols OK 
[     3s] CHECK prices.grid_covers_window OK {"grid0": 1656532800, "n": 444145}
[     3s] CHECK ua_sets.counts_of_the_sets_the_runs_use OK {"UNAVAILABLE_3084": 3084}
[     4s] prices raw (444145, 829)
[     4s] CHECK run.NEWS_s2027|scaled|rule|raw|UAFE.policy_named OK 
[     4s] CHECK run.NEWS_s2027|scaled|rule|raw|UAFE.ua_cells_already_at_last_available_price OK {"cells_that_would_change": 0}
[     4s] CHECK run.NEWS_s2027|lit|rule|raw|UAFE.policy_named OK 
[     4s] CHECK run.NEWS_s2027|lit|rule|raw|UAFE.ua_cells_already_at_last_available_price OK {"cells_that_would_change": 0}
[     4s] CHECK run.NEWS_s2027|scaled|rule|raw|UAFE|fee_x1.25.policy_named OK 
[     4s] CHECK run.NEWS_s2027|scaled|rule|raw|UAFE|fee_x1.25.ua_cells_already_at_last_available_price OK {"cells_that_would_change": 0}
[     4s] CHECK run.NEWS_s2027|scaled|rule|raw|UAFE|slip_x1.5.policy_named OK 
[     4s] CHECK run.NEWS_s2027|scaled|rule|raw|UAFE|slip_x1.5.ua_cells_already_at_last_available_price OK {"cells_that_would_change": 0}
[     4s] CHECK run.NEWS_s2027|scaled|rule|raw|UAFE|fill_x0.9.policy_named OK 
[     4s] CHECK run.NEWS_s2027|scaled|rule|raw|UAFE|fill_x0.9.ua_cells_already_at_last_available_price OK {"cells_that_would_change": 0}
[     4s] funding rows 2386274
[     4s] CHECK axis.tradability_symbols OK 
[     4s] CHECK tradability.covers_window OK 
[     4s] CHECK calibration.v3_pooled_frozen OK 
[     4s] CHECK calibration.decision_offset_N+24 OK 1440
[     4s] CHECK executor.pns_wide OK 
[     4s] CHECK executor.gross_mult_config OK {"gm": 2.0, "onu": "hold"}
[     5s] CHECK objb_targets.NEWS_s2027|scaled|rule|raw|UAFE.loaded OK {"window_anchors": 9139, "combo": 5796, "king": 0, "hold": 3343, "written_rows_without_weights": 0}
[     5s] CHECK objb_targets.NEWS_s2027|lit|rule|raw|UAFE.loaded OK {"window_anchors": 9139, "combo": 2858, "king": 0, "hold": 6281, "written_rows_without_weights": 0}
[     5s] CHECK objb_targets.NEWS_s2027|scaled|rule|raw|UAFE|fee_x1.25.loaded OK {"window_anchors": 9139, "combo": 5796, "king": 0, "hold": 3343, "written_rows_without_weights": 0}
[     6s] CHECK objb_targets.NEWS_s2027|scaled|rule|raw|UAFE|slip_x1.5.loaded OK {"window_anchors": 9139, "combo": 5796, "king": 0, "hold": 3343, "written_rows_without_weights": 0}
[     6s] CHECK objb_targets.NEWS_s2027|scaled|rule|raw|UAFE|fill_x0.9.loaded OK {"window_anchors": 9139, "combo": 5796, "king": 0, "hold": 3343, "written_rows_without_weights": 0}
[     6s] resume: existing 0 to run 160
[     6s] started NEWS_s2027|scaled|rule|raw|UAFE seed 0 pid 2294713 avail_GiB 29.5 own_GiB 3.02 psi 0.0
[     6s] started NEWS_s2027|scaled|rule|raw|UAFE seed 1 pid 2294714 avail_GiB 29.4 own_GiB 3.04 psi 0.0
[     6s] started NEWS_s2027|scaled|rule|raw|UAFE seed 2 pid 2294715 avail_GiB 29.5 own_GiB 3.05 psi 0.0
[     6s] started NEWS_s2027|scaled|rule|raw|UAFE seed 3 pid 2294716 avail_GiB 29.4 own_GiB 3.07 psi 0.0
[    82s] finished NEWS_s2027|scaled|rule|raw|UAFE seed 0 rc 0 avail_GiB 10.0 own_GiB 3.02 psi 14.5
[    82s] finished NEWS_s2027|scaled|rule|raw|UAFE seed 1 rc 0 avail_GiB 10.0 own_GiB 3.02 psi 14.5
[    82s] finished NEWS_s2027|scaled|rule|raw|UAFE seed 2 rc 0 avail_GiB 10.0 own_GiB 3.02 psi 14.5
[    82s] finished NEWS_s2027|scaled|rule|raw|UAFE seed 3 rc 0 avail_GiB 10.0 own_GiB 3.02 psi 14.5
[    82s] memory: available 10.0 GiB < 22.0 and nothing running — polling every 60 s
[   142s] memory: available 2.2 GiB < 22.0 and nothing running — polling every 60 s
[   202s] started NEWS_s2027|scaled|rule|raw|UAFE seed 4 pid 2295222 avail_GiB 25.7 own_GiB 3.02 psi 0.3
[   202s] started NEWS_s2027|scaled|rule|raw|UAFE seed 5 pid 2295223 avail_GiB 25.7 own_GiB 3.04 psi 0.3
[   202s] started NEWS_s2027|scaled|rule|raw|UAFE seed 6 pid 2295224 avail_GiB 25.7 own_GiB 3.05 psi 0.3
[   202s] started NEWS_s2027|scaled|rule|raw|UAFE seed 7 pid 2295225 avail_GiB 25.7 own_GiB 3.08 psi 0.3
[   293s] finished NEWS_s2027|scaled|rule|raw|UAFE seed 4 rc 0 avail_GiB 25.3 own_GiB 3.01 psi 0.0
[   293s] started NEWS_s2027|scaled|rule|raw|UAFE seed 8 pid 2295430 avail_GiB 25.4 own_GiB 3.02 psi 0.0
[   293s] finished NEWS_s2027|scaled|rule|raw|UAFE seed 5 rc 0 avail_GiB 25.4 own_GiB 3.03 psi 0.0
[   293s] started NEWS_s2027|scaled|rule|raw|UAFE seed 9 pid 2295431 avail_GiB 25.3 own_GiB 3.04 psi 0.0
[   293s] finished NEWS_s2027|scaled|rule|raw|UAFE seed 6 rc 0 avail_GiB 25.3 own_GiB 3.04 psi 0.0
[   293s] started NEWS_s2027|scaled|rule|raw|UAFE seed 10 pid 2295432 avail_GiB 25.3 own_GiB 3.06 psi 0.0
[   293s] finished NEWS_s2027|scaled|rule|raw|UAFE seed 7 rc 0 avail_GiB 25.3 own_GiB 3.07 psi 0.0
[   293s] started NEWS_s2027|scaled|rule|raw|UAFE seed 11 pid 2295433 avail_GiB 25.3 own_GiB 3.09 psi 0.0
[   385s] finished NEWS_s2027|scaled|rule|raw|UAFE seed 10 rc 0 avail_GiB 25.0 own_GiB 3.18 psi 0.0
[   385s] started NEWS_s2027|scaled|rule|raw|UAFE seed 12 pid 2295740 avail_GiB 25.1 own_GiB 3.13 psi 0.0
[   385s] finished NEWS_s2027|scaled|rule|raw|UAFE seed 8 rc 0 avail_GiB 25.1 own_GiB 3.13 psi 0.0
[   385s] started NEWS_s2027|scaled|rule|raw|UAFE seed 13 pid 2295741 avail_GiB 25.1 own_GiB 3.15 psi 0.0
[   390s] finished NEWS_s2027|scaled|rule|raw|UAFE seed 9 rc 0 avail_GiB 25.1 own_GiB 3.08 psi 0.0
[   390s] started NEWS_s2027|scaled|rule|raw|UAFE seed 14 pid 2295766 avail_GiB 25.1 own_GiB 3.08 psi 0.0
[   390s] finished NEWS_s2027|scaled|rule|raw|UAFE seed 11 rc 0 avail_GiB 25.1 own_GiB 3.09 psi 0.0
[   390s] started NEWS_s2027|scaled|rule|raw|UAFE seed 15 pid 2295767 avail_GiB 25.1 own_GiB 3.10 psi 0.0
[   477s] finished NEWS_s2027|scaled|rule|raw|UAFE seed 12 rc 0 avail_GiB 25.0 own_GiB 3.12 psi 0.0
[   477s] started NEWS_s2027|scaled|rule|raw|UAFE seed 16 pid 2296061 avail_GiB 25.0 own_GiB 3.12 psi 0.0
[   477s] finished NEWS_s2027|scaled|rule|raw|UAFE seed 13 rc 0 avail_GiB 25.0 own_GiB 3.13 psi 0.0
[   477s] started NEWS_s2027|scaled|rule|raw|UAFE seed 17 pid 2296062 avail_GiB 25.0 own_GiB 3.14 psi 0.0
[   482s] finished NEWS_s2027|scaled|rule|raw|UAFE seed 14 rc 0 avail_GiB 25.0 own_GiB 3.13 psi 0.0
[   482s] started NEWS_s2027|scaled|rule|raw|UAFE seed 18 pid 2296070 avail_GiB 25.0 own_GiB 3.14 psi 0.0
[   487s] finished NEWS_s2027|scaled|rule|raw|UAFE seed 15 rc 0 avail_GiB 24.9 own_GiB 3.11 psi 0.0
[   487s] started NEWS_s2027|scaled|rule|raw|UAFE seed 19 pid 2296095 avail_GiB 24.9 own_GiB 3.12 psi 0.0
[   568s] finished NEWS_s2027|scaled|rule|raw|UAFE seed 16 rc 0 avail_GiB 27.9 own_GiB 3.12 psi 0.0
[   569s] started NEWS_s2027|scaled|rule|raw|UAFE seed 20 pid 2296465 avail_GiB 27.9 own_GiB 3.12 psi 0.0
[   569s] finished NEWS_s2027|scaled|rule|raw|UAFE seed 17 rc 0 avail_GiB 27.9 own_GiB 3.13 psi 0.0
[   569s] started NEWS_s2027|scaled|rule|raw|UAFE seed 21 pid 2296466 avail_GiB 27.9 own_GiB 3.14 psi 0.0
[   574s] finished NEWS_s2027|scaled|rule|raw|UAFE seed 18 rc 0 avail_GiB 27.9 own_GiB 3.13 psi 0.0
[   574s] started NEWS_s2027|scaled|rule|raw|UAFE seed 22 pid 2296485 avail_GiB 27.9 own_GiB 3.13 psi 0.0
[   579s] finished NEWS_s2027|scaled|rule|raw|UAFE seed 19 rc 0 avail_GiB 27.8 own_GiB 3.11 psi 0.0
[   579s] started NEWS_s2027|scaled|rule|raw|UAFE seed 23 pid 2296504 avail_GiB 27.8 own_GiB 3.12 psi 0.0
[   671s] finished NEWS_s2027|scaled|rule|raw|UAFE seed 20 rc 0 avail_GiB 27.8 own_GiB 3.12 psi 0.0
[   671s] started NEWS_s2027|scaled|rule|raw|UAFE seed 24 pid 2296648 avail_GiB 27.8 own_GiB 3.12 psi 0.0
[   671s] finished NEWS_s2027|scaled|rule|raw|UAFE seed 21 rc 0 avail_GiB 27.8 own_GiB 3.13 psi 0.0
[   671s] started NEWS_s2027|scaled|rule|raw|UAFE seed 25 pid 2296649 avail_GiB 27.8 own_GiB 3.15 psi 0.0
[   676s] finished NEWS_s2027|scaled|rule|raw|UAFE seed 22 rc 0 avail_GiB 27.7 own_GiB 3.13 psi 0.0
[   676s] started NEWS_s2027|scaled|rule|raw|UAFE seed 26 pid 2296654 avail_GiB 27.7 own_GiB 3.14 psi 0.0
[   681s] finished NEWS_s2027|scaled|rule|raw|UAFE seed 23 rc 0 avail_GiB 27.7 own_GiB 3.11 psi 0.0
[   682s] started NEWS_s2027|scaled|rule|raw|UAFE seed 27 pid 2296667 avail_GiB 27.7 own_GiB 3.12 psi 0.0
[   773s] finished NEWS_s2027|scaled|rule|raw|UAFE seed 24 rc 0 avail_GiB 27.8 own_GiB 3.12 psi 0.0
[   773s] started NEWS_s2027|scaled|rule|raw|UAFE seed 28 pid 2296933 avail_GiB 27.8 own_GiB 3.12 psi 0.0
[   773s] finished NEWS_s2027|scaled|rule|raw|UAFE seed 25 rc 0 avail_GiB 27.9 own_GiB 3.13 psi 0.0
[   773s] started NEWS_s2027|scaled|rule|raw|UAFE seed 29 pid 2296934 avail_GiB 27.9 own_GiB 3.14 psi 0.0
[   779s] finished NEWS_s2027|scaled|rule|raw|UAFE seed 26 rc 0 avail_GiB 26.4 own_GiB 3.13 psi 0.0
[   779s] started NEWS_s2027|scaled|rule|raw|UAFE seed 30 pid 2297021 avail_GiB 26.3 own_GiB 3.14 psi 0.0
[   784s] finished NEWS_s2027|scaled|rule|raw|UAFE seed 27 rc 0 avail_GiB 23.7 own_GiB 3.11 psi 0.0
[   784s] started NEWS_s2027|scaled|rule|raw|UAFE seed 31 pid 2297025 avail_GiB 23.6 own_GiB 3.12 psi 0.0
[   875s] finished NEWS_s2027|scaled|rule|raw|UAFE seed 28 rc 0 avail_GiB 11.4 own_GiB 3.12 psi 6.8
[   875s] finished NEWS_s2027|scaled|rule|raw|UAFE seed 29 rc 0 avail_GiB 11.3 own_GiB 3.12 psi 7.0
[   880s] finished NEWS_s2027|scaled|rule|raw|UAFE seed 30 rc 0 avail_GiB 11.1 own_GiB 3.02 psi 7.7
[   882s] aggregated NEWS_s2027|scaled|rule|raw|UAFE
[   882s] finished NEWS_s2027|scaled|rule|raw|UAFE seed 31 rc 0 avail_GiB 11.0 own_GiB 3.01 psi 7.9
[   882s] memory: available 11.0 GiB < 22.0 and nothing running — polling every 60 s
[   942s] memory: available 6.8 GiB < 22.0 and nothing running — polling every 60 s
[  1002s] memory: available 2.4 GiB < 22.0 and nothing running — polling every 60 s
[  1062s] memory: available 14.6 GiB < 22.0 and nothing running — polling every 60 s
[  1122s] memory: available 8.7 GiB < 22.0 and nothing running — polling every 60 s
[  1182s] started NEWS_s2027|lit|rule|raw|UAFE seed 0 pid 2297672 avail_GiB 27.7 own_GiB 3.02 psi 1.4
[  1182s] started NEWS_s2027|lit|rule|raw|UAFE seed 1 pid 2297673 avail_GiB 27.7 own_GiB 3.03 psi 1.4
[  1182s] started NEWS_s2027|lit|rule|raw|UAFE seed 2 pid 2297674 avail_GiB 27.7 own_GiB 3.05 psi 1.4
[  1182s] started NEWS_s2027|lit|rule|raw|UAFE seed 3 pid 2297675 avail_GiB 27.7 own_GiB 3.08 psi 1.4
[  1238s] finished NEWS_s2027|lit|rule|raw|UAFE seed 0 rc 0 avail_GiB 27.5 own_GiB 3.01 psi 0.0
[  1238s] started NEWS_s2027|lit|rule|raw|UAFE seed 4 pid 2297897 avail_GiB 27.5 own_GiB 3.02 psi 0.0
[  1238s] finished NEWS_s2027|lit|rule|raw|UAFE seed 1 rc 0 avail_GiB 27.5 own_GiB 3.03 psi 0.0
[  1238s] started NEWS_s2027|lit|rule|raw|UAFE seed 5 pid 2297898 avail_GiB 27.5 own_GiB 3.03 psi 0.0
[  1238s] finished NEWS_s2027|lit|rule|raw|UAFE seed 2 rc 0 avail_GiB 27.5 own_GiB 3.05 psi 0.0
[  1238s] started NEWS_s2027|lit|rule|raw|UAFE seed 6 pid 2297899 avail_GiB 27.5 own_GiB 3.07 psi 0.0
[  1238s] finished NEWS_s2027|lit|rule|raw|UAFE seed 3 rc 0 avail_GiB 27.4 own_GiB 3.08 psi 0.0
[  1239s] started NEWS_s2027|lit|rule|raw|UAFE seed 7 pid 2297900 avail_GiB 27.4 own_GiB 3.10 psi 0.0
[  1294s] finished NEWS_s2027|lit|rule|raw|UAFE seed 4 rc 0 avail_GiB 29.8 own_GiB 3.01 psi 0.0
[  1294s] started NEWS_s2027|lit|rule|raw|UAFE seed 8 pid 2297963 avail_GiB 29.9 own_GiB 3.02 psi 0.0
[  1294s] finished NEWS_s2027|lit|rule|raw|UAFE seed 5 rc 0 avail_GiB 30.1 own_GiB 3.03 psi 0.0
[  1294s] started NEWS_s2027|lit|rule|raw|UAFE seed 9 pid 2297964 avail_GiB 30.6 own_GiB 3.04 psi 0.0
[  1294s] finished NEWS_s2027|lit|rule|raw|UAFE seed 6 rc 0 avail_GiB 30.6 own_GiB 3.05 psi 0.0
[  1294s] started NEWS_s2027|lit|rule|raw|UAFE seed 10 pid 2297965 avail_GiB 30.6 own_GiB 3.07 psi 0.0
[  1295s] finished NEWS_s2027|lit|rule|raw|UAFE seed 7 rc 0 avail_GiB 30.6 own_GiB 3.08 psi 0.0
[  1295s] started NEWS_s2027|lit|rule|raw|UAFE seed 11 pid 2297966 avail_GiB 30.6 own_GiB 3.10 psi 0.0
[  1340s] finished NEWS_s2027|lit|rule|raw|UAFE seed 8 rc 0 avail_GiB 30.3 own_GiB 3.01 psi 0.0
[  1340s] started NEWS_s2027|lit|rule|raw|UAFE seed 12 pid 2298018 avail_GiB 30.3 own_GiB 3.02 psi 0.0
[  1340s] finished NEWS_s2027|lit|rule|raw|UAFE seed 9 rc 0 avail_GiB 30.3 own_GiB 3.03 psi 0.0
[  1340s] started NEWS_s2027|lit|rule|raw|UAFE seed 13 pid 2298019 avail_GiB 30.3 own_GiB 3.04 psi 0.0
[  1340s] finished NEWS_s2027|lit|rule|raw|UAFE seed 10 rc 0 avail_GiB 30.3 own_GiB 3.04 psi 0.0
[  1340s] started NEWS_s2027|lit|rule|raw|UAFE seed 14 pid 2298020 avail_GiB 30.3 own_GiB 3.07 psi 0.0
[  1340s] finished NEWS_s2027|lit|rule|raw|UAFE seed 11 rc 0 avail_GiB 30.2 own_GiB 3.08 psi 0.0
[  1341s] started NEWS_s2027|lit|rule|raw|UAFE seed 15 pid 2298021 avail_GiB 30.2 own_GiB 3.10 psi 0.0
[  1386s] finished NEWS_s2027|lit|rule|raw|UAFE seed 12 rc 0 avail_GiB 30.4 own_GiB 3.01 psi 0.0
[  1386s] started NEWS_s2027|lit|rule|raw|UAFE seed 16 pid 2298070 avail_GiB 30.4 own_GiB 3.02 psi 0.0
[  1386s] finished NEWS_s2027|lit|rule|raw|UAFE seed 13 rc 0 avail_GiB 30.3 own_GiB 3.03 psi 0.0
[  1386s] started NEWS_s2027|lit|rule|raw|UAFE seed 17 pid 2298071 avail_GiB 30.3 own_GiB 3.04 psi 0.0
[  1386s] finished NEWS_s2027|lit|rule|raw|UAFE seed 14 rc 0 avail_GiB 30.3 own_GiB 3.04 psi 0.0
[  1386s] started NEWS_s2027|lit|rule|raw|UAFE seed 18 pid 2298072 avail_GiB 30.3 own_GiB 3.07 psi 0.0
[  1386s] finished NEWS_s2027|lit|rule|raw|UAFE seed 15 rc 0 avail_GiB 30.3 own_GiB 3.08 psi 0.0
[  1386s] started NEWS_s2027|lit|rule|raw|UAFE seed 19 pid 2298073 avail_GiB 30.3 own_GiB 3.10 psi 0.0
[  1427s] finished NEWS_s2027|lit|rule|raw|UAFE seed 16 rc 0 avail_GiB 33.1 own_GiB 3.15 psi 0.0
[  1427s] started NEWS_s2027|lit|rule|raw|UAFE seed 20 pid 2298157 avail_GiB 33.1 own_GiB 3.18 psi 0.0
[  1432s] finished NEWS_s2027|lit|rule|raw|UAFE seed 17 rc 0 avail_GiB 33.2 own_GiB 3.05 psi 0.0
[  1432s] started NEWS_s2027|lit|rule|raw|UAFE seed 21 pid 2298162 avail_GiB 33.2 own_GiB 3.06 psi 0.0
[  1432s] finished NEWS_s2027|lit|rule|raw|UAFE seed 18 rc 0 avail_GiB 33.2 own_GiB 3.06 psi 0.0
[  1432s] started NEWS_s2027|lit|rule|raw|UAFE seed 22 pid 2298163 avail_GiB 33.2 own_GiB 3.08 psi 0.0
[  1432s] finished NEWS_s2027|lit|rule|raw|UAFE seed 19 rc 0 avail_GiB 33.2 own_GiB 3.09 psi 0.0
[  1432s] started NEWS_s2027|lit|rule|raw|UAFE seed 23 pid 2298164 avail_GiB 33.2 own_GiB 3.11 psi 0.0
[  1468s] finished NEWS_s2027|lit|rule|raw|UAFE seed 20 rc 0 avail_GiB 33.1 own_GiB 3.14 psi 0.0
[  1468s] started NEWS_s2027|lit|rule|raw|UAFE seed 24 pid 2298206 avail_GiB 33.1 own_GiB 3.15 psi 0.0
[  1473s] finished NEWS_s2027|lit|rule|raw|UAFE seed 21 rc 0 avail_GiB 33.1 own_GiB 3.14 psi 0.0
[  1473s] started NEWS_s2027|lit|rule|raw|UAFE seed 25 pid 2298213 avail_GiB 33.0 own_GiB 3.20 psi 0.0
[  1473s] finished NEWS_s2027|lit|rule|raw|UAFE seed 23 rc 0 avail_GiB 33.1 own_GiB 3.11 psi 0.0
[  1473s] started NEWS_s2027|lit|rule|raw|UAFE seed 26 pid 2298214 avail_GiB 33.1 own_GiB 3.13 psi 0.0
[  1478s] finished NEWS_s2027|lit|rule|raw|UAFE seed 22 rc 0 avail_GiB 33.0 own_GiB 3.12 psi 0.0
[  1478s] started NEWS_s2027|lit|rule|raw|UAFE seed 27 pid 2298219 avail_GiB 33.0 own_GiB 3.13 psi 0.0
[  1509s] finished NEWS_s2027|lit|rule|raw|UAFE seed 24 rc 0 avail_GiB 33.0 own_GiB 3.14 psi 0.0
[  1509s] started NEWS_s2027|lit|rule|raw|UAFE seed 28 pid 2298254 avail_GiB 33.0 own_GiB 3.15 psi 0.0
[  1514s] finished NEWS_s2027|lit|rule|raw|UAFE seed 25 rc 0 avail_GiB 33.0 own_GiB 3.09 psi 0.0
[  1514s] started NEWS_s2027|lit|rule|raw|UAFE seed 29 pid 2298257 avail_GiB 33.0 own_GiB 3.10 psi 0.0
[  1514s] finished NEWS_s2027|lit|rule|raw|UAFE seed 26 rc 0 avail_GiB 33.0 own_GiB 3.11 psi 0.0
[  1514s] started NEWS_s2027|lit|rule|raw|UAFE seed 30 pid 2298258 avail_GiB 33.0 own_GiB 3.12 psi 0.0
[  1519s] finished NEWS_s2027|lit|rule|raw|UAFE seed 27 rc 0 avail_GiB 32.9 own_GiB 3.12 psi 0.0
[  1519s] started NEWS_s2027|lit|rule|raw|UAFE seed 31 pid 2298268 avail_GiB 32.9 own_GiB 3.13 psi 0.0
[  1550s] finished NEWS_s2027|lit|rule|raw|UAFE seed 28 rc 0 avail_GiB 32.9 own_GiB 3.14 psi 0.0
[  1550s] started NEWS_s2027|scaled|rule|raw|UAFE|fee_x1.25 seed 0 pid 2298302 avail_GiB 32.9 own_GiB 3.15 psi 0.0
[  1555s] finished NEWS_s2027|lit|rule|raw|UAFE seed 29 rc 0 avail_GiB 32.9 own_GiB 3.09 psi 0.0
[  1555s] started NEWS_s2027|scaled|rule|raw|UAFE|fee_x1.25 seed 1 pid 2298310 avail_GiB 32.9 own_GiB 3.10 psi 0.0
[  1555s] finished NEWS_s2027|lit|rule|raw|UAFE seed 30 rc 0 avail_GiB 32.9 own_GiB 3.10 psi 0.0
[  1555s] started NEWS_s2027|scaled|rule|raw|UAFE|fee_x1.25 seed 2 pid 2298311 avail_GiB 32.9 own_GiB 3.12 psi 0.0
[  1561s] aggregated NEWS_s2027|lit|rule|raw|UAFE
[  1561s] finished NEWS_s2027|lit|rule|raw|UAFE seed 31 rc 0 avail_GiB 32.8 own_GiB 3.18 psi 0.0
[  1561s] started NEWS_s2027|scaled|rule|raw|UAFE|fee_x1.25 seed 3 pid 2298320 avail_GiB 32.8 own_GiB 3.19 psi 0.0
[  1627s] finished NEWS_s2027|scaled|rule|raw|UAFE|fee_x1.25 seed 0 rc 0 avail_GiB 32.7 own_GiB 3.22 psi 0.0
[  1627s] started NEWS_s2027|scaled|rule|raw|UAFE|fee_x1.25 seed 4 pid 2298434 avail_GiB 32.7 own_GiB 3.23 psi 0.0
[  1632s] finished NEWS_s2027|scaled|rule|raw|UAFE|fee_x1.25 seed 1 rc 0 avail_GiB 32.8 own_GiB 3.10 psi 0.0
[  1632s] started NEWS_s2027|scaled|rule|raw|UAFE|fee_x1.25 seed 5 pid 2298437 avail_GiB 32.8 own_GiB 3.11 psi 0.0
[  1632s] finished NEWS_s2027|scaled|rule|raw|UAFE|fee_x1.25 seed 2 rc 0 avail_GiB 32.7 own_GiB 3.12 psi 0.0
[  1632s] started NEWS_s2027|scaled|rule|raw|UAFE|fee_x1.25 seed 6 pid 2298438 avail_GiB 32.7 own_GiB 3.13 psi 0.0
[  1637s] finished NEWS_s2027|scaled|rule|raw|UAFE|fee_x1.25 seed 3 rc 0 avail_GiB 32.7 own_GiB 3.11 psi 0.0
[  1638s] started NEWS_s2027|scaled|rule|raw|UAFE|fee_x1.25 seed 7 pid 2298445 avail_GiB 32.7 own_GiB 3.12 psi 0.0
[  1703s] finished NEWS_s2027|scaled|rule|raw|UAFE|fee_x1.25 seed 4 rc 0 avail_GiB 32.7 own_GiB 3.17 psi 0.0
[  1704s] started NEWS_s2027|scaled|rule|raw|UAFE|fee_x1.25 seed 8 pid 2298517 avail_GiB 32.7 own_GiB 3.18 psi 0.0
[  1709s] finished NEWS_s2027|scaled|rule|raw|UAFE|fee_x1.25 seed 5 rc 0 avail_GiB 32.7 own_GiB 3.10 psi 0.0
[  1709s] started NEWS_s2027|scaled|rule|raw|UAFE|fee_x1.25 seed 9 pid 2298524 avail_GiB 32.7 own_GiB 3.11 psi 0.0
[  1709s] finished NEWS_s2027|scaled|rule|raw|UAFE|fee_x1.25 seed 6 rc 0 avail_GiB 32.7 own_GiB 3.12 psi 0.0
[  1709s] started NEWS_s2027|scaled|rule|raw|UAFE|fee_x1.25 seed 10 pid 2298525 avail_GiB 32.7 own_GiB 3.13 psi 0.0
[  1714s] finished NEWS_s2027|scaled|rule|raw|UAFE|fee_x1.25 seed 7 rc 0 avail_GiB 32.7 own_GiB 3.11 psi 0.0
[  1714s] started NEWS_s2027|scaled|rule|raw|UAFE|fee_x1.25 seed 11 pid 2298530 avail_GiB 32.7 own_GiB 3.12 psi 0.0
[  1780s] finished NEWS_s2027|scaled|rule|raw|UAFE|fee_x1.25 seed 8 rc 0 avail_GiB 32.6 own_GiB 3.17 psi 0.0
[  1780s] started NEWS_s2027|scaled|rule|raw|UAFE|fee_x1.25 seed 12 pid 2298601 avail_GiB 32.6 own_GiB 3.18 psi 0.0
[  1785s] finished NEWS_s2027|scaled|rule|raw|UAFE|fee_x1.25 seed 9 rc 0 avail_GiB 32.7 own_GiB 3.10 psi 0.0
[  1785s] started NEWS_s2027|scaled|rule|raw|UAFE|fee_x1.25 seed 13 pid 2298604 avail_GiB 32.7 own_GiB 3.11 psi 0.0
[  1785s] finished NEWS_s2027|scaled|rule|raw|UAFE|fee_x1.25 seed 10 rc 0 avail_GiB 32.6 own_GiB 3.12 psi 0.0
[  1785s] started NEWS_s2027|scaled|rule|raw|UAFE|fee_x1.25 seed 14 pid 2298605 avail_GiB 32.6 own_GiB 3.13 psi 0.0
[  1790s] finished NEWS_s2027|scaled|rule|raw|UAFE|fee_x1.25 seed 11 rc 0 avail_GiB 32.6 own_GiB 3.11 psi 0.0
[  1791s] started NEWS_s2027|scaled|rule|raw|UAFE|fee_x1.25 seed 15 pid 2298621 avail_GiB 32.6 own_GiB 3.12 psi 0.0
[  1861s] finished NEWS_s2027|scaled|rule|raw|UAFE|fee_x1.25 seed 12 rc 0 avail_GiB 32.5 own_GiB 3.17 psi 0.0
[  1862s] started NEWS_s2027|scaled|rule|raw|UAFE|fee_x1.25 seed 16 pid 2298712 avail_GiB 32.5 own_GiB 3.19 psi 0.0
[  1867s] finished NEWS_s2027|scaled|rule|raw|UAFE|fee_x1.25 seed 13 rc 0 avail_GiB 32.6 own_GiB 3.10 psi 0.0
[  1867s] started NEWS_s2027|scaled|rule|raw|UAFE|fee_x1.25 seed 17 pid 2298719 avail_GiB 32.6 own_GiB 3.11 psi 0.0
[  1867s] finished NEWS_s2027|scaled|rule|raw|UAFE|fee_x1.25 seed 14 rc 0 avail_GiB 32.6 own_GiB 3.12 psi 0.0
[  1867s] started NEWS_s2027|scaled|rule|raw|UAFE|fee_x1.25 seed 18 pid 2298720 avail_GiB 32.6 own_GiB 3.13 psi 0.0
[  1872s] finished NEWS_s2027|scaled|rule|raw|UAFE|fee_x1.25 seed 15 rc 0 avail_GiB 32.5 own_GiB 3.11 psi 0.0
[  1872s] started NEWS_s2027|scaled|rule|raw|UAFE|fee_x1.25 seed 19 pid 2298725 avail_GiB 32.5 own_GiB 3.12 psi 0.0
[  1938s] finished NEWS_s2027|scaled|rule|raw|UAFE|fee_x1.25 seed 16 rc 0 avail_GiB 32.4 own_GiB 3.17 psi 0.0
[  1938s] started NEWS_s2027|scaled|rule|raw|UAFE|fee_x1.25 seed 20 pid 2298795 avail_GiB 32.4 own_GiB 3.18 psi 0.0
[  1943s] finished NEWS_s2027|scaled|rule|raw|UAFE|fee_x1.25 seed 17 rc 0 avail_GiB 32.5 own_GiB 3.10 psi 0.0
[  1943s] started NEWS_s2027|scaled|rule|raw|UAFE|fee_x1.25 seed 21 pid 2298802 avail_GiB 32.5 own_GiB 3.11 psi 0.0
[  1943s] finished NEWS_s2027|scaled|rule|raw|UAFE|fee_x1.25 seed 18 rc 0 avail_GiB 32.5 own_GiB 3.12 psi 0.0
[  1943s] started NEWS_s2027|scaled|rule|raw|UAFE|fee_x1.25 seed 22 pid 2298805 avail_GiB 32.5 own_GiB 3.13 psi 0.0
[  1954s] finished NEWS_s2027|scaled|rule|raw|UAFE|fee_x1.25 seed 19 rc 0 avail_GiB 32.4 own_GiB 3.12 psi 0.0
[  1954s] started NEWS_s2027|scaled|rule|raw|UAFE|fee_x1.25 seed 23 pid 2298814 avail_GiB 32.4 own_GiB 3.13 psi 0.0
[  2014s] finished NEWS_s2027|scaled|rule|raw|UAFE|fee_x1.25 seed 20 rc 0 avail_GiB 32.4 own_GiB 3.17 psi 0.0
[  2014s] started NEWS_s2027|scaled|rule|raw|UAFE|fee_x1.25 seed 24 pid 2298879 avail_GiB 32.4 own_GiB 3.18 psi 0.0
[  2020s] finished NEWS_s2027|scaled|rule|raw|UAFE|fee_x1.25 seed 22 rc 0 avail_GiB 32.4 own_GiB 3.15 psi 0.0
[  2020s] started NEWS_s2027|scaled|rule|raw|UAFE|fee_x1.25 seed 25 pid 2298888 avail_GiB 32.4 own_GiB 3.16 psi 0.0
[  2025s] finished NEWS_s2027|scaled|rule|raw|UAFE|fee_x1.25 seed 21 rc 0 avail_GiB 32.4 own_GiB 3.13 psi 0.0
[  2025s] started NEWS_s2027|scaled|rule|raw|UAFE|fee_x1.25 seed 26 pid 2298891 avail_GiB 32.4 own_GiB 3.14 psi 0.0
[  2030s] finished NEWS_s2027|scaled|rule|raw|UAFE|fee_x1.25 seed 23 rc 0 avail_GiB 32.4 own_GiB 3.12 psi 0.0
[  2030s] started NEWS_s2027|scaled|rule|raw|UAFE|fee_x1.25 seed 27 pid 2298898 avail_GiB 32.4 own_GiB 3.13 psi 0.0
[  2091s] finished NEWS_s2027|scaled|rule|raw|UAFE|fee_x1.25 seed 24 rc 0 avail_GiB 32.4 own_GiB 3.17 psi 0.0
[  2091s] started NEWS_s2027|scaled|rule|raw|UAFE|fee_x1.25 seed 28 pid 2298960 avail_GiB 32.4 own_GiB 3.18 psi 0.0
[  2096s] finished NEWS_s2027|scaled|rule|raw|UAFE|fee_x1.25 seed 25 rc 0 avail_GiB 32.4 own_GiB 3.15 psi 0.0
[  2096s] started NEWS_s2027|scaled|rule|raw|UAFE|fee_x1.25 seed 29 pid 2298971 avail_GiB 32.4 own_GiB 3.16 psi 0.0
[  2101s] finished NEWS_s2027|scaled|rule|raw|UAFE|fee_x1.25 seed 26 rc 0 avail_GiB 32.4 own_GiB 3.13 psi 0.0
[  2101s] started NEWS_s2027|scaled|rule|raw|UAFE|fee_x1.25 seed 30 pid 2298980 avail_GiB 32.4 own_GiB 3.14 psi 0.0
[  2107s] finished NEWS_s2027|scaled|rule|raw|UAFE|fee_x1.25 seed 27 rc 0 avail_GiB 32.4 own_GiB 3.12 psi 0.0
[  2107s] started NEWS_s2027|scaled|rule|raw|UAFE|fee_x1.25 seed 31 pid 2298985 avail_GiB 32.4 own_GiB 3.13 psi 0.0
[  2167s] finished NEWS_s2027|scaled|rule|raw|UAFE|fee_x1.25 seed 28 rc 0 avail_GiB 32.2 own_GiB 3.17 psi 0.0
[  2168s] started NEWS_s2027|scaled|rule|raw|UAFE|slip_x1.5 seed 0 pid 2299049 avail_GiB 32.2 own_GiB 3.18 psi 0.0
[  2173s] finished NEWS_s2027|scaled|rule|raw|UAFE|fee_x1.25 seed 29 rc 0 avail_GiB 32.2 own_GiB 3.15 psi 0.0
[  2173s] started NEWS_s2027|scaled|rule|raw|UAFE|slip_x1.5 seed 1 pid 2299054 avail_GiB 32.2 own_GiB 3.16 psi 0.0
[  2178s] finished NEWS_s2027|scaled|rule|raw|UAFE|fee_x1.25 seed 30 rc 0 avail_GiB 32.3 own_GiB 3.13 psi 0.0
[  2178s] started NEWS_s2027|scaled|rule|raw|UAFE|slip_x1.5 seed 2 pid 2299059 avail_GiB 32.3 own_GiB 3.14 psi 0.0
[  2184s] aggregated NEWS_s2027|scaled|rule|raw|UAFE|fee_x1.25
[  2184s] finished NEWS_s2027|scaled|rule|raw|UAFE|fee_x1.25 seed 31 rc 0 avail_GiB 32.2 own_GiB 3.18 psi 0.0
[  2184s] started NEWS_s2027|scaled|rule|raw|UAFE|slip_x1.5 seed 3 pid 2299068 avail_GiB 32.2 own_GiB 3.19 psi 0.0
[  2245s] finished NEWS_s2027|scaled|rule|raw|UAFE|slip_x1.5 seed 0 rc 0 avail_GiB 32.0 own_GiB 3.22 psi 0.0
[  2245s] started NEWS_s2027|scaled|rule|raw|UAFE|slip_x1.5 seed 4 pid 2299157 avail_GiB 32.0 own_GiB 3.23 psi 0.0
[  2250s] finished NEWS_s2027|scaled|rule|raw|UAFE|slip_x1.5 seed 1 rc 0 avail_GiB 32.0 own_GiB 3.20 psi 0.0
[  2250s] started NEWS_s2027|scaled|rule|raw|UAFE|slip_x1.5 seed 5 pid 2299165 avail_GiB 32.0 own_GiB 3.21 psi 0.0
[  2255s] finished NEWS_s2027|scaled|rule|raw|UAFE|slip_x1.5 seed 2 rc 0 avail_GiB 32.1 own_GiB 3.13 psi 0.0
[  2255s] started NEWS_s2027|scaled|rule|raw|UAFE|slip_x1.5 seed 6 pid 2299168 avail_GiB 32.1 own_GiB 3.14 psi 0.0
[  2260s] finished NEWS_s2027|scaled|rule|raw|UAFE|slip_x1.5 seed 3 rc 0 avail_GiB 32.1 own_GiB 3.12 psi 0.0
[  2261s] started NEWS_s2027|scaled|rule|raw|UAFE|slip_x1.5 seed 7 pid 2299177 avail_GiB 32.1 own_GiB 3.13 psi 0.0
[  2321s] finished NEWS_s2027|scaled|rule|raw|UAFE|slip_x1.5 seed 4 rc 0 avail_GiB 32.0 own_GiB 3.17 psi 0.0
[  2321s] started NEWS_s2027|scaled|rule|raw|UAFE|slip_x1.5 seed 8 pid 2299243 avail_GiB 32.0 own_GiB 3.17 psi 0.0
[  2326s] finished NEWS_s2027|scaled|rule|raw|UAFE|slip_x1.5 seed 5 rc 0 avail_GiB 32.0 own_GiB 3.15 psi 0.0
[  2327s] started NEWS_s2027|scaled|rule|raw|UAFE|slip_x1.5 seed 9 pid 2299248 avail_GiB 32.0 own_GiB 3.16 psi 0.0
[  2332s] finished NEWS_s2027|scaled|rule|raw|UAFE|slip_x1.5 seed 6 rc 0 avail_GiB 32.0 own_GiB 3.13 psi 0.0
[  2332s] started NEWS_s2027|scaled|rule|raw|UAFE|slip_x1.5 seed 10 pid 2299255 avail_GiB 32.0 own_GiB 3.14 psi 0.0
[  2337s] finished NEWS_s2027|scaled|rule|raw|UAFE|slip_x1.5 seed 7 rc 0 avail_GiB 32.0 own_GiB 3.12 psi 0.0
[  2337s] started NEWS_s2027|scaled|rule|raw|UAFE|slip_x1.5 seed 11 pid 2299262 avail_GiB 32.0 own_GiB 3.13 psi 0.0
[  2398s] finished NEWS_s2027|scaled|rule|raw|UAFE|slip_x1.5 seed 8 rc 0 avail_GiB 31.9 own_GiB 3.17 psi 0.0
[  2398s] started NEWS_s2027|scaled|rule|raw|UAFE|slip_x1.5 seed 12 pid 2299331 avail_GiB 31.9 own_GiB 3.17 psi 0.0
[  2403s] finished NEWS_s2027|scaled|rule|raw|UAFE|slip_x1.5 seed 9 rc 0 avail_GiB 31.9 own_GiB 3.15 psi 0.0
[  2403s] started NEWS_s2027|scaled|rule|raw|UAFE|slip_x1.5 seed 13 pid 2299335 avail_GiB 31.9 own_GiB 3.16 psi 0.0
[  2408s] finished NEWS_s2027|scaled|rule|raw|UAFE|slip_x1.5 seed 10 rc 0 avail_GiB 31.9 own_GiB 3.13 psi 0.0
[  2408s] started NEWS_s2027|scaled|rule|raw|UAFE|slip_x1.5 seed 14 pid 2299341 avail_GiB 31.9 own_GiB 3.14 psi 0.0
[  2413s] finished NEWS_s2027|scaled|rule|raw|UAFE|slip_x1.5 seed 11 rc 0 avail_GiB 31.9 own_GiB 3.12 psi 0.0
[  2414s] started NEWS_s2027|scaled|rule|raw|UAFE|slip_x1.5 seed 15 pid 2299347 avail_GiB 31.9 own_GiB 3.13 psi 0.0
[  2474s] finished NEWS_s2027|scaled|rule|raw|UAFE|slip_x1.5 seed 12 rc 0 avail_GiB 31.9 own_GiB 3.17 psi 0.0
[  2474s] started NEWS_s2027|scaled|rule|raw|UAFE|slip_x1.5 seed 16 pid 2299412 avail_GiB 31.9 own_GiB 3.17 psi 0.0
[  2479s] finished NEWS_s2027|scaled|rule|raw|UAFE|slip_x1.5 seed 13 rc 0 avail_GiB 31.9 own_GiB 3.15 psi 0.0
[  2480s] started NEWS_s2027|scaled|rule|raw|UAFE|slip_x1.5 seed 17 pid 2299419 avail_GiB 31.9 own_GiB 3.16 psi 0.0
[  2485s] finished NEWS_s2027|scaled|rule|raw|UAFE|slip_x1.5 seed 14 rc 0 avail_GiB 31.9 own_GiB 3.13 psi 0.0
[  2485s] started NEWS_s2027|scaled|rule|raw|UAFE|slip_x1.5 seed 18 pid 2299424 avail_GiB 31.9 own_GiB 3.14 psi 0.0
[  2490s] finished NEWS_s2027|scaled|rule|raw|UAFE|slip_x1.5 seed 15 rc 0 avail_GiB 31.9 own_GiB 3.12 psi 0.0
[  2490s] started NEWS_s2027|scaled|rule|raw|UAFE|slip_x1.5 seed 19 pid 2299433 avail_GiB 31.9 own_GiB 3.13 psi 0.0
[  2551s] finished NEWS_s2027|scaled|rule|raw|UAFE|slip_x1.5 seed 16 rc 0 avail_GiB 31.8 own_GiB 3.17 psi 0.0
[  2551s] started NEWS_s2027|scaled|rule|raw|UAFE|slip_x1.5 seed 20 pid 2299560 avail_GiB 31.8 own_GiB 3.18 psi 0.0
[  2556s] finished NEWS_s2027|scaled|rule|raw|UAFE|slip_x1.5 seed 17 rc 0 avail_GiB 31.8 own_GiB 3.15 psi 0.0
[  2556s] started NEWS_s2027|scaled|rule|raw|UAFE|slip_x1.5 seed 21 pid 2299563 avail_GiB 31.8 own_GiB 3.16 psi 0.0
[  2561s] finished NEWS_s2027|scaled|rule|raw|UAFE|slip_x1.5 seed 18 rc 0 avail_GiB 31.8 own_GiB 3.13 psi 0.0
[  2561s] started NEWS_s2027|scaled|rule|raw|UAFE|slip_x1.5 seed 22 pid 2299570 avail_GiB 31.8 own_GiB 3.14 psi 0.0
[  2566s] finished NEWS_s2027|scaled|rule|raw|UAFE|slip_x1.5 seed 19 rc 0 avail_GiB 31.8 own_GiB 3.12 psi 0.0
[  2567s] started NEWS_s2027|scaled|rule|raw|UAFE|slip_x1.5 seed 23 pid 2299575 avail_GiB 31.8 own_GiB 3.13 psi 0.0
[  2627s] finished NEWS_s2027|scaled|rule|raw|UAFE|slip_x1.5 seed 20 rc 0 avail_GiB 31.8 own_GiB 3.17 psi 0.0
[  2627s] started NEWS_s2027|scaled|rule|raw|UAFE|slip_x1.5 seed 24 pid 2299644 avail_GiB 31.8 own_GiB 3.18 psi 0.0
[  2632s] finished NEWS_s2027|scaled|rule|raw|UAFE|slip_x1.5 seed 21 rc 0 avail_GiB 31.8 own_GiB 3.15 psi 0.0
[  2633s] started NEWS_s2027|scaled|rule|raw|UAFE|slip_x1.5 seed 25 pid 2299649 avail_GiB 31.8 own_GiB 3.16 psi 0.0
[  2638s] finished NEWS_s2027|scaled|rule|raw|UAFE|slip_x1.5 seed 22 rc 0 avail_GiB 31.8 own_GiB 3.13 psi 0.0
[  2638s] started NEWS_s2027|scaled|rule|raw|UAFE|slip_x1.5 seed 26 pid 2299659 avail_GiB 31.8 own_GiB 3.14 psi 0.0
[  2643s] finished NEWS_s2027|scaled|rule|raw|UAFE|slip_x1.5 seed 23 rc 0 avail_GiB 31.8 own_GiB 3.12 psi 0.0
[  2643s] started NEWS_s2027|scaled|rule|raw|UAFE|slip_x1.5 seed 27 pid 2299664 avail_GiB 31.8 own_GiB 3.13 psi 0.0
[  2704s] finished NEWS_s2027|scaled|rule|raw|UAFE|slip_x1.5 seed 24 rc 0 avail_GiB 31.6 own_GiB 3.17 psi 0.0
[  2704s] started NEWS_s2027|scaled|rule|raw|UAFE|slip_x1.5 seed 28 pid 2299729 avail_GiB 31.6 own_GiB 3.18 psi 0.0
[  2709s] finished NEWS_s2027|scaled|rule|raw|UAFE|slip_x1.5 seed 25 rc 0 avail_GiB 31.6 own_GiB 3.15 psi 0.0
[  2709s] started NEWS_s2027|scaled|rule|raw|UAFE|slip_x1.5 seed 29 pid 2299734 avail_GiB 31.6 own_GiB 3.16 psi 0.0
[  2714s] finished NEWS_s2027|scaled|rule|raw|UAFE|slip_x1.5 seed 26 rc 0 avail_GiB 31.6 own_GiB 3.13 psi 0.0
[  2714s] started NEWS_s2027|scaled|rule|raw|UAFE|slip_x1.5 seed 30 pid 2299741 avail_GiB 31.6 own_GiB 3.14 psi 0.0
[  2719s] finished NEWS_s2027|scaled|rule|raw|UAFE|slip_x1.5 seed 27 rc 0 avail_GiB 31.6 own_GiB 3.12 psi 0.0
[  2719s] started NEWS_s2027|scaled|rule|raw|UAFE|slip_x1.5 seed 31 pid 2299748 avail_GiB 31.6 own_GiB 3.13 psi 0.0
[  2780s] finished NEWS_s2027|scaled|rule|raw|UAFE|slip_x1.5 seed 28 rc 0 avail_GiB 31.5 own_GiB 3.17 psi 0.0
[  2780s] started NEWS_s2027|scaled|rule|raw|UAFE|fill_x0.9 seed 0 pid 2299911 avail_GiB 31.5 own_GiB 3.18 psi 0.0
[  2785s] finished NEWS_s2027|scaled|rule|raw|UAFE|slip_x1.5 seed 29 rc 0 avail_GiB 31.6 own_GiB 3.15 psi 0.0
[  2785s] started NEWS_s2027|scaled|rule|raw|UAFE|fill_x0.9 seed 1 pid 2299916 avail_GiB 31.6 own_GiB 3.16 psi 0.0
[  2791s] finished NEWS_s2027|scaled|rule|raw|UAFE|slip_x1.5 seed 30 rc 0 avail_GiB 31.6 own_GiB 3.13 psi 0.0
[  2791s] started NEWS_s2027|scaled|rule|raw|UAFE|fill_x0.9 seed 2 pid 2299925 avail_GiB 31.6 own_GiB 3.14 psi 0.0
[  2796s] aggregated NEWS_s2027|scaled|rule|raw|UAFE|slip_x1.5
[  2796s] finished NEWS_s2027|scaled|rule|raw|UAFE|slip_x1.5 seed 31 rc 0 avail_GiB 31.5 own_GiB 3.18 psi 0.0
[  2797s] started NEWS_s2027|scaled|rule|raw|UAFE|fill_x0.9 seed 3 pid 2299941 avail_GiB 31.5 own_GiB 3.19 psi 0.0
[  2857s] finished NEWS_s2027|scaled|rule|raw|UAFE|fill_x0.9 seed 0 rc 0 avail_GiB 31.5 own_GiB 3.17 psi 0.0
[  2857s] started NEWS_s2027|scaled|rule|raw|UAFE|fill_x0.9 seed 4 pid 2300012 avail_GiB 31.5 own_GiB 3.18 psi 0.0
[  2857s] finished NEWS_s2027|scaled|rule|raw|UAFE|fill_x0.9 seed 1 rc 0 avail_GiB 31.5 own_GiB 3.18 psi 0.0
[  2858s] started NEWS_s2027|scaled|rule|raw|UAFE|fill_x0.9 seed 5 pid 2300013 avail_GiB 31.5 own_GiB 3.20 psi 0.0
[  2863s] finished NEWS_s2027|scaled|rule|raw|UAFE|fill_x0.9 seed 2 rc 0 avail_GiB 31.5 own_GiB 3.13 psi 0.0
[  2863s] started NEWS_s2027|scaled|rule|raw|UAFE|fill_x0.9 seed 6 pid 2300020 avail_GiB 31.5 own_GiB 3.14 psi 0.0
[  2868s] finished NEWS_s2027|scaled|rule|raw|UAFE|fill_x0.9 seed 3 rc 0 avail_GiB 31.5 own_GiB 3.12 psi 0.0
[  2868s] started NEWS_s2027|scaled|rule|raw|UAFE|fill_x0.9 seed 7 pid 2300029 avail_GiB 31.5 own_GiB 3.12 psi 0.0
[  2929s] finished NEWS_s2027|scaled|rule|raw|UAFE|fill_x0.9 seed 4 rc 0 avail_GiB 31.3 own_GiB 3.17 psi 0.0
[  2929s] started NEWS_s2027|scaled|rule|raw|UAFE|fill_x0.9 seed 8 pid 2300097 avail_GiB 31.3 own_GiB 3.18 psi 0.0
[  2934s] finished NEWS_s2027|scaled|rule|raw|UAFE|fill_x0.9 seed 5 rc 0 avail_GiB 31.4 own_GiB 3.16 psi 0.0
[  2934s] started NEWS_s2027|scaled|rule|raw|UAFE|fill_x0.9 seed 9 pid 2300100 avail_GiB 31.4 own_GiB 3.11 psi 0.0
[  2934s] finished NEWS_s2027|scaled|rule|raw|UAFE|fill_x0.9 seed 6 rc 0 avail_GiB 31.4 own_GiB 3.11 psi 0.0
[  2934s] started NEWS_s2027|scaled|rule|raw|UAFE|fill_x0.9 seed 10 pid 2300101 avail_GiB 31.4 own_GiB 3.12 psi 0.0
[  2939s] finished NEWS_s2027|scaled|rule|raw|UAFE|fill_x0.9 seed 7 rc 0 avail_GiB 31.5 own_GiB 3.11 psi 0.0
[  2939s] started NEWS_s2027|scaled|rule|raw|UAFE|fill_x0.9 seed 11 pid 2300111 avail_GiB 31.5 own_GiB 3.12 psi 0.0
[  3005s] finished NEWS_s2027|scaled|rule|raw|UAFE|fill_x0.9 seed 8 rc 0 avail_GiB 31.2 own_GiB 3.17 psi 0.0
[  3005s] started NEWS_s2027|scaled|rule|raw|UAFE|fill_x0.9 seed 12 pid 2300184 avail_GiB 31.2 own_GiB 3.18 psi 0.0
[  3010s] finished NEWS_s2027|scaled|rule|raw|UAFE|fill_x0.9 seed 9 rc 0 avail_GiB 31.3 own_GiB 3.10 psi 0.0
[  3010s] started NEWS_s2027|scaled|rule|raw|UAFE|fill_x0.9 seed 13 pid 2300189 avail_GiB 31.3 own_GiB 3.11 psi 0.0
[  3010s] finished NEWS_s2027|scaled|rule|raw|UAFE|fill_x0.9 seed 10 rc 0 avail_GiB 31.3 own_GiB 3.11 psi 0.0
[  3010s] started NEWS_s2027|scaled|rule|raw|UAFE|fill_x0.9 seed 14 pid 2300190 avail_GiB 31.3 own_GiB 3.12 psi 0.0
[  3016s] finished NEWS_s2027|scaled|rule|raw|UAFE|fill_x0.9 seed 11 rc 0 avail_GiB 31.3 own_GiB 3.11 psi 0.0
[  3016s] started NEWS_s2027|scaled|rule|raw|UAFE|fill_x0.9 seed 15 pid 2300197 avail_GiB 31.3 own_GiB 3.12 psi 0.0
[  3081s] finished NEWS_s2027|scaled|rule|raw|UAFE|fill_x0.9 seed 12 rc 0 avail_GiB 31.2 own_GiB 3.17 psi 0.0
[  3082s] started NEWS_s2027|scaled|rule|raw|UAFE|fill_x0.9 seed 16 pid 2300274 avail_GiB 31.2 own_GiB 3.18 psi 0.0
[  3087s] finished NEWS_s2027|scaled|rule|raw|UAFE|fill_x0.9 seed 13 rc 0 avail_GiB 31.3 own_GiB 3.10 psi 0.0
[  3087s] started NEWS_s2027|scaled|rule|raw|UAFE|fill_x0.9 seed 17 pid 2300277 avail_GiB 31.3 own_GiB 3.11 psi 0.0
[  3087s] finished NEWS_s2027|scaled|rule|raw|UAFE|fill_x0.9 seed 14 rc 0 avail_GiB 31.3 own_GiB 3.11 psi 0.0
[  3087s] started NEWS_s2027|scaled|rule|raw|UAFE|fill_x0.9 seed 18 pid 2300280 avail_GiB 31.3 own_GiB 3.12 psi 0.0
[  3092s] finished NEWS_s2027|scaled|rule|raw|UAFE|fill_x0.9 seed 15 rc 0 avail_GiB 31.3 own_GiB 3.11 psi 0.0
[  3092s] started NEWS_s2027|scaled|rule|raw|UAFE|fill_x0.9 seed 19 pid 2300289 avail_GiB 31.3 own_GiB 3.12 psi 0.0
[  3158s] finished NEWS_s2027|scaled|rule|raw|UAFE|fill_x0.9 seed 16 rc 0 avail_GiB 31.2 own_GiB 3.13 psi 0.0
[  3158s] started NEWS_s2027|scaled|rule|raw|UAFE|fill_x0.9 seed 20 pid 2300363 avail_GiB 31.2 own_GiB 3.15 psi 0.0
[  3158s] finished NEWS_s2027|scaled|rule|raw|UAFE|fill_x0.9 seed 17 rc 0 avail_GiB 31.2 own_GiB 3.08 psi 0.0
[  3158s] started NEWS_s2027|scaled|rule|raw|UAFE|fill_x0.9 seed 21 pid 2300364 avail_GiB 31.2 own_GiB 3.09 psi 0.0
[  3158s] finished NEWS_s2027|scaled|rule|raw|UAFE|fill_x0.9 seed 18 rc 0 avail_GiB 31.2 own_GiB 3.10 psi 0.0
[  3158s] started NEWS_s2027|scaled|rule|raw|UAFE|fill_x0.9 seed 22 pid 2300365 avail_GiB 31.2 own_GiB 3.11 psi 0.0
[  3163s] finished NEWS_s2027|scaled|rule|raw|UAFE|fill_x0.9 seed 19 rc 0 avail_GiB 31.2 own_GiB 3.11 psi 0.0
[  3163s] started NEWS_s2027|scaled|rule|raw|UAFE|fill_x0.9 seed 23 pid 2300370 avail_GiB 31.2 own_GiB 3.12 psi 0.0
[  3234s] finished NEWS_s2027|scaled|rule|raw|UAFE|fill_x0.9 seed 20 rc 0 avail_GiB 31.1 own_GiB 3.07 psi 0.0
[  3234s] started NEWS_s2027|scaled|rule|raw|UAFE|fill_x0.9 seed 24 pid 2300454 avail_GiB 31.1 own_GiB 3.07 psi 0.0
[  3234s] finished NEWS_s2027|scaled|rule|raw|UAFE|fill_x0.9 seed 21 rc 0 avail_GiB 31.1 own_GiB 3.08 psi 0.0
[  3234s] started NEWS_s2027|scaled|rule|raw|UAFE|fill_x0.9 seed 25 pid 2300455 avail_GiB 31.1 own_GiB 3.09 psi 0.0
[  3234s] finished NEWS_s2027|scaled|rule|raw|UAFE|fill_x0.9 seed 22 rc 0 avail_GiB 31.1 own_GiB 3.10 psi 0.0
[  3234s] started NEWS_s2027|scaled|rule|raw|UAFE|fill_x0.9 seed 26 pid 2300456 avail_GiB 31.1 own_GiB 3.11 psi 0.0
[  3240s] finished NEWS_s2027|scaled|rule|raw|UAFE|fill_x0.9 seed 23 rc 0 avail_GiB 31.0 own_GiB 3.11 psi 0.0
[  3240s] started NEWS_s2027|scaled|rule|raw|UAFE|fill_x0.9 seed 27 pid 2300461 avail_GiB 31.0 own_GiB 3.12 psi 0.0
[  3310s] finished NEWS_s2027|scaled|rule|raw|UAFE|fill_x0.9 seed 24 rc 0 avail_GiB 31.0 own_GiB 3.07 psi 0.0
[  3310s] started NEWS_s2027|scaled|rule|raw|UAFE|fill_x0.9 seed 28 pid 2300551 avail_GiB 31.0 own_GiB 3.07 psi 0.0
[  3310s] finished NEWS_s2027|scaled|rule|raw|UAFE|fill_x0.9 seed 25 rc 0 avail_GiB 31.0 own_GiB 3.09 psi 0.0
[  3311s] started NEWS_s2027|scaled|rule|raw|UAFE|fill_x0.9 seed 29 pid 2300552 avail_GiB 31.0 own_GiB 3.11 psi 0.0
[  3311s] finished NEWS_s2027|scaled|rule|raw|UAFE|fill_x0.9 seed 26 rc 0 avail_GiB 31.0 own_GiB 2.58 psi 0.0
[  3311s] started NEWS_s2027|scaled|rule|raw|UAFE|fill_x0.9 seed 30 pid 2300553 avail_GiB 31.0 own_GiB 3.06 psi 0.0
[  3311s] finished NEWS_s2027|scaled|rule|raw|UAFE|fill_x0.9 seed 27 rc 0 avail_GiB 31.0 own_GiB 3.07 psi 0.0
[  3311s] started NEWS_s2027|scaled|rule|raw|UAFE|fill_x0.9 seed 31 pid 2300554 avail_GiB 31.0 own_GiB 3.08 psi 0.0
[  3387s] finished NEWS_s2027|scaled|rule|raw|UAFE|fill_x0.9 seed 28 rc 0 avail_GiB 31.0 own_GiB 3.01 psi 0.0
[  3387s] finished NEWS_s2027|scaled|rule|raw|UAFE|fill_x0.9 seed 29 rc 0 avail_GiB 31.0 own_GiB 3.01 psi 0.0
[  3387s] finished NEWS_s2027|scaled|rule|raw|UAFE|fill_x0.9 seed 30 rc 0 avail_GiB 31.0 own_GiB 3.01 psi 0.0
[  3387s] aggregated NEWS_s2027|scaled|rule|raw|UAFE|fill_x0.9
[  3387s] finished NEWS_s2027|scaled|rule|raw|UAFE|fill_x0.9 seed 31 rc 0 avail_GiB 31.0 own_GiB 3.01 psi 0.0
[  3387s] CHECK runs.all_rc0 OK {"NEWS_s2027|scaled|rule|raw|UAFE": {"0": 0, "1": 0, "2": 0, "3": 0, "4": 0, "5": 0, "6": 0, "7": 0, "10": 0, "8": 0, "9": 0, "11": 0, "12": 0, "13": 0, "14": 0, "15": 0, "16": 0, "17": 0, "18": 0, "19": 0, "20": 0, "21": 0, "22": 0, "23": 
[  3387s] CHECK runs.audits_clean OK 
BT_LAUNCH VERDICT=PASS label=full_news_s2027 runs=5 seeds=32 receipt_sha256=96aaddf64706aacbc4b95d5b92d59535076d621f4ee7abb3099d2839c0c9f933
