
[notice] A new release of pip is available: 24.0 -> 26.2.1
[notice] To update, run: python3 -m pip install --upgrade pip
Downloading cpython-3.14.4-linux-x86_64-gnu (download) (34.7MiB)
 Downloaded cpython-3.14.4-linux-x86_64-gnu (download)
Installed Python 3.14.4 in 1.61s
 + cpython-3.14.4-linux-x86_64-gnu (python3.14)
warning: `/root/.local/bin` is not on your PATH. To use installed Python executables, run `export PATH="/root/.local/bin:$PATH"` or `uv python update-shell`.
Using CPython 3.14.4
Creating virtual environment at: /root/news_2026-09-23_env/venv314
Activate with: source /root/news_2026-09-23_env/venv314/bin/activate
Using Python 3.14.4 environment at: /root/news_2026-09-23_env/venv314
Resolved 7 packages in 450ms
Downloading lightgbm (3.3MiB)
Downloading scipy (33.6MiB)
Downloading numpy (15.9MiB)
Downloading pandas (10.5MiB)
 Downloaded lightgbm
 Downloaded pandas
 Downloaded numpy
 Downloaded scipy
Prepared 7 packages in 1.10s
Installed 7 packages in 399ms
 + lightgbm==4.7.0
 + narwhals==2.24.0
 + numpy==2.5.2
 + pandas==3.0.5
 + python-dateutil==2.9.0.post0
 + scipy==1.18.0
 + six==1.17.0
3.14.4 (main, Apr 14 2026, 14:26:14) [Clang 22.1.3 ]
2.5.2 1.18.0 3.0.5 4.7.0
422M	/root/news_2026-09-23_env
VENV_DONE
