FULL_pw|dyn|s42 n=9018
   SOLO_FUND      g   0.2055  SR  0.3983  to 0.0100  cost 0.0464
   SOLO_AGE       g   0.1640  SR  0.2992  to 0.0019  cost 0.0140  dg -0.0416 CI95 [-0.6364, 0.5677] CIb [-0.8176, 0.7883]  dSR -0.0991
   NSOLO_SHIFT101 g   0.1664  SR  0.3036  to 0.0019  cost 0.0140  dg -0.0391 CI95 [-0.6251, 0.5666] CIb [-0.8664, 0.8299]  dSR -0.0947
   NSOLO_SHIFT503 g   0.1160  SR  0.2142  to 0.0020  cost 0.0145  dg -0.0896 CI95 [-0.6787, 0.5375] CIb [-0.9348, 0.7228]  dSR -0.1840
   NSOLO_RELAB1   g   0.2455  SR  0.5421  to 0.0031  cost 0.0185  dg +0.0399 CI95 [-0.5816, 0.6725] CIb [-0.9147, 0.9456]  dSR +0.1438
FULL_pw|dyn|s2027 n=9018
   SOLO_FUND      g   0.2055  SR  0.3983  to 0.0100  cost 0.0464
   SOLO_AGE       g   0.1640  SR  0.2992  to 0.0019  cost 0.0140  dg -0.0416 CI95 [-0.6364, 0.5677] CIb [-0.8176, 0.7883]  dSR -0.0991
   NSOLO_SHIFT101 g   0.1664  SR  0.3036  to 0.0019  cost 0.0140  dg -0.0391 CI95 [-0.6251, 0.5666] CIb [-0.8664, 0.8299]  dSR -0.0947
   NSOLO_SHIFT503 g   0.1160  SR  0.2142  to 0.0020  cost 0.0145  dg -0.0896 CI95 [-0.6787, 0.5375] CIb [-0.9348, 0.7228]  dSR -0.1840
   NSOLO_RELAB1   g   0.2455  SR  0.5421  to 0.0031  cost 0.0185  dg +0.0399 CI95 [-0.5816, 0.6725] CIb [-0.9147, 0.9456]  dSR +0.1438
FULL_pw|fix|s42 n=8515
   SOLO_FUND      g   0.0992  SR  0.2033  to 0.0122  cost 0.0521
   SOLO_AGE       g   0.3452  SR  0.6143  to 0.0032  cost 0.0169  dg +0.2460 CI95 [-0.3475, 0.864] CIb [-0.6474, 1.1567]  dSR +0.4111
   NSOLO_SHIFT101 g   0.3479  SR  0.6194  to 0.0032  cost 0.0168  dg +0.2488 CI95 [-0.3851, 0.8629] CIb [-0.649, 1.1683]  dSR +0.4161
   NSOLO_SHIFT503 g   0.2765  SR  0.5053  to 0.0031  cost 0.0170  dg +0.1774 CI95 [-0.4133, 0.8147] CIb [-0.687, 1.1349]  dSR +0.3020
   NSOLO_RELAB1   g   0.3684  SR  0.8201  to 0.0062  cost 0.0322  dg +0.2692 CI95 [-0.3458, 0.897] CIb [-0.61, 1.1564]  dSR +0.6168
FULL_pw|fix|s2027 n=8515
   SOLO_FUND      g   0.0992  SR  0.2033  to 0.0122  cost 0.0521
   SOLO_AGE       g   0.3452  SR  0.6143  to 0.0032  cost 0.0169  dg +0.2460 CI95 [-0.3475, 0.864] CIb [-0.6474, 1.1567]  dSR +0.4111
   NSOLO_SHIFT101 g   0.3479  SR  0.6194  to 0.0032  cost 0.0168  dg +0.2488 CI95 [-0.3851, 0.8629] CIb [-0.649, 1.1683]  dSR +0.4161
   NSOLO_SHIFT503 g   0.2765  SR  0.5053  to 0.0031  cost 0.0170  dg +0.1774 CI95 [-0.4133, 0.8147] CIb [-0.687, 1.1349]  dSR +0.3020
   NSOLO_RELAB1   g   0.3684  SR  0.8201  to 0.0062  cost 0.0322  dg +0.2692 CI95 [-0.3458, 0.897] CIb [-0.61, 1.1564]  dSR +0.6168
2024on_pw|dyn|s42 n=5718
   SOLO_FUND      g   0.5879  SR  0.9933  to 0.0082  cost 0.0452
   SOLO_AGE       g   0.5269  SR  0.8961  to 0.0022  cost 0.0170  dg -0.0609 CI95 [-0.7667, 0.6621] CIb [-1.0827, 0.9542]  dSR -0.0971
   NSOLO_SHIFT101 g   0.5307  SR  0.9024  to 0.0022  cost 0.0170  dg -0.0571 CI95 [-0.8204, 0.7029] CIb [-1.075, 0.9774]  dSR -0.0909
   NSOLO_SHIFT503 g   0.3912  SR  0.6796  to 0.0024  cost 0.0178  dg -0.1967 CI95 [-0.9542, 0.565] CIb [-1.3397, 0.8725]  dSR -0.3137
   NSOLO_RELAB1   g   0.1523  SR  0.3987  to 0.0039  cost 0.0221  dg -0.4356 CI95 [-1.2203, 0.4394] CIb [-1.6072, 0.7972]  dSR -0.5945
2024on_pw|dyn|s2027 n=5718
   SOLO_FUND      g   0.5879  SR  0.9933  to 0.0082  cost 0.0452
   SOLO_AGE       g   0.5269  SR  0.8961  to 0.0022  cost 0.0170  dg -0.0609 CI95 [-0.7667, 0.6621] CIb [-1.0827, 0.9542]  dSR -0.0971
   NSOLO_SHIFT101 g   0.5307  SR  0.9024  to 0.0022  cost 0.0170  dg -0.0571 CI95 [-0.8204, 0.7029] CIb [-1.075, 0.9774]  dSR -0.0909
   NSOLO_SHIFT503 g   0.3912  SR  0.6796  to 0.0024  cost 0.0178  dg -0.1967 CI95 [-0.9542, 0.565] CIb [-1.3397, 0.8725]  dSR -0.3137
   NSOLO_RELAB1   g   0.1523  SR  0.3987  to 0.0039  cost 0.0221  dg -0.4356 CI95 [-1.2203, 0.4394] CIb [-1.6072, 0.7972]  dSR -0.5945
2024on_pw|fix|s42 n=5718
   SOLO_FUND      g   0.4010  SR  0.7381  to 0.0117  cost 0.0531
   SOLO_AGE       g   0.7245  SR  1.1906  to 0.0041  cost 0.0212  dg +0.3235 CI95 [-0.4456, 1.0568] CIb [-0.7539, 1.4833]  dSR +0.4525
   NSOLO_SHIFT101 g   0.7286  SR  1.1976  to 0.0040  cost 0.0210  dg +0.3276 CI95 [-0.4429, 1.0812] CIb [-0.7561, 1.3391]  dSR +0.4595
   NSOLO_SHIFT503 g   0.5776  SR  0.9825  to 0.0040  cost 0.0215  dg +0.1766 CI95 [-0.5914, 0.9372] CIb [-1.0009, 1.2775]  dSR +0.2444
   NSOLO_RELAB1   g   0.3304  SR  0.8860  to 0.0084  cost 0.0420  dg -0.0707 CI95 [-0.8156, 0.7104] CIb [-1.2252, 1.1274]  dSR +0.1479
2024on_pw|fix|s2027 n=5718
   SOLO_FUND      g   0.4010  SR  0.7381  to 0.0117  cost 0.0531
   SOLO_AGE       g   0.7245  SR  1.1906  to 0.0041  cost 0.0212  dg +0.3235 CI95 [-0.4456, 1.0568] CIb [-0.7539, 1.4833]  dSR +0.4525
   NSOLO_SHIFT101 g   0.7286  SR  1.1976  to 0.0040  cost 0.0210  dg +0.3276 CI95 [-0.4429, 1.0812] CIb [-0.7561, 1.3391]  dSR +0.4595
   NSOLO_SHIFT503 g   0.5776  SR  0.9825  to 0.0040  cost 0.0215  dg +0.1766 CI95 [-0.5914, 0.9372] CIb [-1.0009, 1.2775]  dSR +0.2444
   NSOLO_RELAB1   g   0.3304  SR  0.8860  to 0.0084  cost 0.0420  dg -0.0707 CI95 [-0.8156, 0.7104] CIb [-1.2252, 1.1274]  dSR +0.1479
JUDGE_DONE -> /workspace/uplift_2026-09-11/r5nd/JUDGE_solo_r5.json
