FULL_pw|dyn|s42 n=8658
   A0M            g   0.7003  SR  1.4254  to 0.0310  cost 0.1732
   WIDE529        g   0.6715  SR  1.3787  to 0.0311  cost 0.1739  dg -0.0288 CI95 [-0.0793, 0.0236] CIb [-0.0995, 0.0446]  dSR -0.0467
   WIDE600        g   0.6725  SR  1.3804  to 0.0311  cost 0.1739  dg -0.0278 CI95 [-0.0794, 0.0228] CIb [-0.1022, 0.0382]  dSR -0.0450
   QTR449         g   0.6350  SR  1.3369  to 0.0316  cost 0.1711  dg -0.0653 CI95 [-0.222, 0.0922] CIb [-0.2786, 0.1643]  dSR -0.0885
   ANN449         g   0.6103  SR  1.3263  to 0.0360  cost 0.2069  dg -0.0900 CI95 [-0.4186, 0.2304] CIb [-0.5612, 0.3949]  dSR -0.0991
   NOYOUNG90      g   0.5347  SR  1.1203  to 0.0340  cost 0.1921  dg -0.1656 CI95 [-0.3724, 0.0426] CIb [-0.4648, 0.114]  dSR -0.3051
   DROPTAIL399    g   0.6763  SR  1.3790  to 0.0312  cost 0.1713  dg -0.0241 CI95 [-0.0938, 0.0511] CIb [-0.1184, 0.08]  dSR -0.0464
FULL_pw|dyn|s2027 n=8658
   A0M            g   0.7175  SR  1.4481  to 0.0314  cost 0.1774
   WIDE529        g   0.7032  SR  1.4331  to 0.0315  cost 0.1781  dg -0.0143 CI95 [-0.0682, 0.0443] CIb [-0.0914, 0.0772]  dSR -0.0150
   WIDE600        g   0.7003  SR  1.4270  to 0.0315  cost 0.1782  dg -0.0172 CI95 [-0.0757, 0.0378] CIb [-0.1022, 0.0618]  dSR -0.0211
   QTR449         g   0.6565  SR  1.3709  to 0.0320  cost 0.1749  dg -0.0610 CI95 [-0.2167, 0.0946] CIb [-0.2824, 0.1612]  dSR -0.0772
   ANN449         g   0.6179  SR  1.3429  to 0.0365  cost 0.2140  dg -0.0996 CI95 [-0.41, 0.2214] CIb [-0.5587, 0.3372]  dSR -0.1051
   NOYOUNG90      g   0.5559  SR  1.1558  to 0.0344  cost 0.1976  dg -0.1616 CI95 [-0.3668, 0.0382] CIb [-0.4325, 0.1113]  dSR -0.2923
   DROPTAIL399    g   0.6842  SR  1.3804  to 0.0315  cost 0.1754  dg -0.0334 CI95 [-0.109, 0.05] CIb [-0.1341, 0.0798]  dSR -0.0677
FULL_pw|fix|s42 n=8658
   A0M            g   0.2329  SR  0.4751  to 0.0161  cost 0.0650
   WIDE529        g   0.2365  SR  0.4850  to 0.0161  cost 0.0655  dg +0.0036 CI95 [-0.0506, 0.0592] CIb [-0.0714, 0.0841]  dSR +0.0099
   WIDE600        g   0.2324  SR  0.4765  to 0.0161  cost 0.0655  dg -0.0005 CI95 [-0.0582, 0.0605] CIb [-0.0885, 0.0784]  dSR +0.0014
   QTR449         g   0.1444  SR  0.3035  to 0.0168  cost 0.0669  dg -0.0885 CI95 [-0.2333, 0.0481] CIb [-0.306, 0.0926]  dSR -0.1716
   ANN449         g  -0.0945  SR -0.2083  to 0.0193  cost 0.0743  dg -0.3274 CI95 [-0.5882, -0.0683] CIb [-0.737, 0.0321]  dSR -0.6834
   NOYOUNG90      g   0.0395  SR  0.0847  to 0.0174  cost 0.0690  dg -0.1934 CI95 [-0.3648, -0.0351] CIb [-0.445, 0.0288]  dSR -0.3904
   DROPTAIL399    g   0.1755  SR  0.3595  to 0.0162  cost 0.0637  dg -0.0574 CI95 [-0.1281, 0.0198] CIb [-0.1636, 0.0571]  dSR -0.1156
FULL_pw|fix|s2027 n=8658
   A0M            g   0.2343  SR  0.4758  to 0.0161  cost 0.0650
   WIDE529        g   0.2351  SR  0.4805  to 0.0161  cost 0.0654  dg +0.0008 CI95 [-0.054, 0.0584] CIb [-0.0741, 0.0811]  dSR +0.0046
   WIDE600        g   0.2325  SR  0.4748  to 0.0161  cost 0.0655  dg -0.0018 CI95 [-0.0575, 0.0568] CIb [-0.0834, 0.077]  dSR -0.0011
   QTR449         g   0.1399  SR  0.2931  to 0.0168  cost 0.0669  dg -0.0943 CI95 [-0.2393, 0.0463] CIb [-0.3134, 0.094]  dSR -0.1828
   ANN449         g  -0.0914  SR -0.2013  to 0.0193  cost 0.0743  dg -0.3257 CI95 [-0.5898, -0.0615] CIb [-0.7251, 0.037]  dSR -0.6771
   NOYOUNG90      g   0.0432  SR  0.0925  to 0.0174  cost 0.0689  dg -0.1910 CI95 [-0.3641, -0.0283] CIb [-0.4478, 0.0326]  dSR -0.3834
   DROPTAIL399    g   0.1874  SR  0.3821  to 0.0161  cost 0.0636  dg -0.0469 CI95 [-0.1197, 0.0318] CIb [-0.1493, 0.0554]  dSR -0.0938
2024on_pw|dyn|s42 n=5718
   A0M            g   1.3043  SR  2.3453  to 0.0362  cost 0.2229
   WIDE529        g   1.2607  SR  2.2901  to 0.0364  cost 0.2240  dg -0.0436 CI95 [-0.1193, 0.0297] CIb [-0.1485, 0.0623]  dSR -0.0552
   WIDE600        g   1.2622  SR  2.2922  to 0.0364  cost 0.2240  dg -0.0421 CI95 [-0.1188, 0.039] CIb [-0.1546, 0.0684]  dSR -0.0531
   QTR449         g   1.1769  SR  2.2067  to 0.0368  cost 0.2186  dg -0.1273 CI95 [-0.3586, 0.1039] CIb [-0.4632, 0.2319]  dSR -0.1386
   ANN449         g   1.1911  SR  2.3428  to 0.0428  cost 0.2722  dg -0.1132 CI95 [-0.5923, 0.3555] CIb [-0.7907, 0.5532]  dSR -0.0025
   NOYOUNG90      g   1.0489  SR  1.9577  to 0.0402  cost 0.2503  dg -0.2553 CI95 [-0.5493, 0.0423] CIb [-0.632, 0.1416]  dSR -0.3876
   DROPTAIL399    g   1.2678  SR  2.2848  to 0.0364  cost 0.2201  dg -0.0365 CI95 [-0.149, 0.0763] CIb [-0.1938, 0.1119]  dSR -0.0605
2024on_pw|dyn|s2027 n=5718
   A0M            g   1.3161  SR  2.3447  to 0.0369  cost 0.2300
   WIDE529        g   1.2945  SR  2.3327  to 0.0371  cost 0.2311  dg -0.0216 CI95 [-0.1041, 0.0618] CIb [-0.1407, 0.088]  dSR -0.0120
   WIDE600        g   1.2900  SR  2.3245  to 0.0371  cost 0.2311  dg -0.0261 CI95 [-0.1091, 0.0636] CIb [-0.1532, 0.1049]  dSR -0.0202
   QTR449         g   1.1970  SR  2.2246  to 0.0375  cost 0.2252  dg -0.1191 CI95 [-0.3492, 0.1145] CIb [-0.4479, 0.2212]  dSR -0.1200
   ANN449         g   1.1923  SR  2.3467  to 0.0438  cost 0.2836  dg -0.1238 CI95 [-0.5854, 0.3343] CIb [-0.7844, 0.5088]  dSR +0.0020
   NOYOUNG90      g   1.0625  SR  1.9666  to 0.0411  cost 0.2595  dg -0.2536 CI95 [-0.5411, 0.0436] CIb [-0.6309, 0.1516]  dSR -0.3780
   DROPTAIL399    g   1.2656  SR  2.2540  to 0.0371  cost 0.2269  dg -0.0505 CI95 [-0.1719, 0.0709] CIb [-0.2211, 0.1143]  dSR -0.0907
2024on_pw|fix|s42 n=5718
   A0M            g   0.5700  SR  1.0271  to 0.0153  cost 0.0674
   WIDE529        g   0.5754  SR  1.0436  to 0.0153  cost 0.0680  dg +0.0054 CI95 [-0.0745, 0.0861] CIb [-0.1139, 0.117]  dSR +0.0164
   WIDE600        g   0.5692  SR  1.0319  to 0.0154  cost 0.0681  dg -0.0008 CI95 [-0.09, 0.0921] CIb [-0.126, 0.1257]  dSR +0.0048
   QTR449         g   0.4060  SR  0.7592  to 0.0162  cost 0.0698  dg -0.1640 CI95 [-0.3645, 0.0365] CIb [-0.4469, 0.128]  dSR -0.2679
   ANN449         g   0.0875  SR  0.1750  to 0.0193  cost 0.0795  dg -0.4825 CI95 [-0.8772, -0.0994] CIb [-1.0682, 0.0661]  dSR -0.8522
   NOYOUNG90      g   0.2590  SR  0.4969  to 0.0169  cost 0.0726  dg -0.3109 CI95 [-0.5608, -0.0658] CIb [-0.6644, 0.0333]  dSR -0.5303
   DROPTAIL399    g   0.4831  SR  0.8748  to 0.0154  cost 0.0653  dg -0.0869 CI95 [-0.198, 0.0242] CIb [-0.2472, 0.0636]  dSR -0.1523
2024on_pw|fix|s2027 n=5718
   A0M            g   0.5728  SR  1.0272  to 0.0154  cost 0.0675
   WIDE529        g   0.5740  SR  1.0370  to 0.0154  cost 0.0681  dg +0.0012 CI95 [-0.0798, 0.0826] CIb [-0.1178, 0.1167]  dSR +0.0098
   WIDE600        g   0.5701  SR  1.0289  to 0.0154  cost 0.0682  dg -0.0027 CI95 [-0.0858, 0.0881] CIb [-0.1234, 0.1309]  dSR +0.0016
   QTR449         g   0.3969  SR  0.7395  to 0.0162  cost 0.0700  dg -0.1759 CI95 [-0.3791, 0.0297] CIb [-0.4672, 0.1283]  dSR -0.2877
   ANN449         g   0.0928  SR  0.1853  to 0.0194  cost 0.0797  dg -0.4800 CI95 [-0.8776, -0.0976] CIb [-1.0582, 0.0565]  dSR -0.8419
   NOYOUNG90      g   0.2655  SR  0.5081  to 0.0170  cost 0.0728  dg -0.3073 CI95 [-0.5553, -0.0627] CIb [-0.663, 0.0448]  dSR -0.5191
   DROPTAIL399    g   0.5018  SR  0.9039  to 0.0154  cost 0.0654  dg -0.0709 CI95 [-0.1875, 0.038] CIb [-0.2388, 0.0743]  dSR -0.1233
JUDGE_DONE -> /workspace/uplift_2026-09-11/r5nd/JUDGE_univ_r5.json
