FULL_pw|dyn|s42 n=9018
   IB_PAR         g   0.6890  SR  1.4150  to 0.0304  cost 0.1682
   SL_AGE25       g   0.7416  SR  1.5074  to 0.0296  cost 0.1605  dg +0.0525 CI95 [-0.0822, 0.1767] CIb [-0.14, 0.2267]  dSR +0.0924
   SL_AGE50       g   0.8838  SR  1.7172  to 0.0278  cost 0.1531  dg +0.1947 CI95 [-0.1043, 0.4849] CIb [-0.2013, 0.6014]  dSR +0.3022
   SL_AGEMOD50    g   0.6823  SR  1.3919  to 0.0308  cost 0.1726  dg -0.0067 CI95 [-0.0741, 0.0626] CIb [-0.1099, 0.0973]  dSR -0.0231
   SL_AGEMOD100   g   0.6994  SR  1.4254  to 0.0309  cost 0.1737  dg +0.0104 CI95 [-0.0883, 0.1042] CIb [-0.1329, 0.1352]  dSR +0.0104
FULL_pw|dyn|s2027 n=9018
   IB_PAR         g   0.7055  SR  1.4370  to 0.0307  cost 0.1722
   SL_AGE25       g   0.7625  SR  1.5368  to 0.0299  cost 0.1640  dg +0.0570 CI95 [-0.0756, 0.1872] CIb [-0.136, 0.2321]  dSR +0.0998
   SL_AGE50       g   0.9064  SR  1.7435  to 0.0279  cost 0.1562  dg +0.2009 CI95 [-0.0971, 0.4927] CIb [-0.1961, 0.6257]  dSR +0.3065
   SL_AGEMOD50    g   0.7168  SR  1.4518  to 0.0312  cost 0.1768  dg +0.0113 CI95 [-0.0554, 0.0793] CIb [-0.0769, 0.1064]  dSR +0.0149
   SL_AGEMOD100   g   0.7181  SR  1.4525  to 0.0312  cost 0.1778  dg +0.0126 CI95 [-0.0831, 0.1017] CIb [-0.1169, 0.1445]  dSR +0.0156
FULL_pw|fix|s42 n=9018
   IB_PAR         g   0.2352  SR  0.4841  to 0.0160  cost 0.0643
   SL_AGE25       g   0.2159  SR  0.4154  to 0.0149  cost 0.0601  dg -0.0193 CI95 [-0.1715, 0.1363] CIb [-0.2313, 0.1991]  dSR -0.0687
   SL_AGE50       g   0.3394  SR  0.5927  to 0.0114  cost 0.0466  dg +0.1042 CI95 [-0.228, 0.447] CIb [-0.3831, 0.6236]  dSR +0.1086
   SL_AGEMOD50    g   0.2401  SR  0.4925  to 0.0160  cost 0.0649  dg +0.0049 CI95 [-0.0566, 0.0673] CIb [-0.0835, 0.093]  dSR +0.0084
   SL_AGEMOD100   g   0.2497  SR  0.5137  to 0.0158  cost 0.0653  dg +0.0145 CI95 [-0.0799, 0.1121] CIb [-0.1242, 0.1513]  dSR +0.0296
FULL_pw|fix|s2027 n=9018
   IB_PAR         g   0.2365  SR  0.4848  to 0.0160  cost 0.0642
   SL_AGE25       g   0.2192  SR  0.4202  to 0.0149  cost 0.0600  dg -0.0173 CI95 [-0.1687, 0.1384] CIb [-0.224, 0.2011]  dSR -0.0646
   SL_AGE50       g   0.3519  SR  0.6139  to 0.0113  cost 0.0464  dg +0.1154 CI95 [-0.212, 0.4596] CIb [-0.3689, 0.6319]  dSR +0.1291
   SL_AGEMOD50    g   0.2525  SR  0.5166  to 0.0160  cost 0.0648  dg +0.0160 CI95 [-0.0457, 0.0779] CIb [-0.0746, 0.1023]  dSR +0.0318
   SL_AGEMOD100   g   0.2744  SR  0.5618  to 0.0158  cost 0.0653  dg +0.0379 CI95 [-0.0621, 0.1365] CIb [-0.1032, 0.185]  dSR +0.0770
2024on_pw|dyn|s42 n=5718
   IB_PAR         g   1.3043  SR  2.3453  to 0.0362  cost 0.2229
   SL_AGE25       g   1.4268  SR  2.5511  to 0.0344  cost 0.2083  dg +0.1226 CI95 [-0.0686, 0.302] CIb [-0.1469, 0.3785]  dSR +0.2058
   SL_AGE50       g   1.6744  SR  2.8812  to 0.0322  cost 0.1993  dg +0.3701 CI95 [-0.0256, 0.772] CIb [-0.1847, 0.9462]  dSR +0.5359
   SL_AGEMOD50    g   1.3002  SR  2.3209  to 0.0371  cost 0.2300  dg -0.0041 CI95 [-0.1004, 0.094] CIb [-0.1369, 0.1457]  dSR -0.0244
   SL_AGEMOD100   g   1.3241  SR  2.3615  to 0.0374  cost 0.2319  dg +0.0198 CI95 [-0.1191, 0.1571] CIb [-0.1811, 0.2186]  dSR +0.0162
2024on_pw|dyn|s2027 n=5718
   IB_PAR         g   1.3161  SR  2.3447  to 0.0369  cost 0.2300
   SL_AGE25       g   1.4524  SR  2.5743  to 0.0350  cost 0.2150  dg +0.1362 CI95 [-0.0537, 0.3215] CIb [-0.1351, 0.4059]  dSR +0.2296
   SL_AGE50       g   1.7086  SR  2.9087  to 0.0328  cost 0.2058  dg +0.3925 CI95 [0.0005, 0.8019] CIb [-0.1992, 0.9371]  dSR +0.5641
   SL_AGEMOD50    g   1.3369  SR  2.3674  to 0.0378  cost 0.2372  dg +0.0208 CI95 [-0.0712, 0.1153] CIb [-0.1078, 0.1509]  dSR +0.0227
   SL_AGEMOD100   g   1.3317  SR  2.3549  to 0.0381  cost 0.2389  dg +0.0156 CI95 [-0.1208, 0.1507] CIb [-0.1758, 0.2091]  dSR +0.0102
2024on_pw|fix|s42 n=5718
   IB_PAR         g   0.5700  SR  1.0271  to 0.0153  cost 0.0674
   SL_AGE25       g   0.5770  SR  0.9655  to 0.0139  cost 0.0619  dg +0.0071 CI95 [-0.2163, 0.2253] CIb [-0.317, 0.3193]  dSR -0.0617
   SL_AGE50       g   0.8096  SR  1.2252  to 0.0099  cost 0.0457  dg +0.2396 CI95 [-0.2556, 0.7254] CIb [-0.4883, 0.955]  dSR +0.1980
   SL_AGEMOD50    g   0.5799  SR  1.0419  to 0.0152  cost 0.0679  dg +0.0099 CI95 [-0.0781, 0.0954] CIb [-0.1318, 0.1402]  dSR +0.0147
   SL_AGEMOD100   g   0.5809  SR  1.0473  to 0.0150  cost 0.0685  dg +0.0109 CI95 [-0.1168, 0.1462] CIb [-0.1785, 0.1948]  dSR +0.0202
2024on_pw|fix|s2027 n=5718
   IB_PAR         g   0.5728  SR  1.0272  to 0.0154  cost 0.0675
   SL_AGE25       g   0.5800  SR  0.9666  to 0.0140  cost 0.0620  dg +0.0072 CI95 [-0.217, 0.2243] CIb [-0.3048, 0.3147]  dSR -0.0606
   SL_AGE50       g   0.8268  SR  1.2501  to 0.0099  cost 0.0457  dg +0.2540 CI95 [-0.2427, 0.7372] CIb [-0.4388, 0.9665]  dSR +0.2228
   SL_AGEMOD50    g   0.5985  SR  1.0722  to 0.0153  cost 0.0680  dg +0.0257 CI95 [-0.0647, 0.1149] CIb [-0.1114, 0.1398]  dSR +0.0450
   SL_AGEMOD100   g   0.6129  SR  1.0988  to 0.0150  cost 0.0687  dg +0.0401 CI95 [-0.0976, 0.1788] CIb [-0.1647, 0.2284]  dSR +0.0716
JUDGE_DONE -> /workspace/uplift_2026-09-11/r5nd/JUDGE_sleeve_r5.json
