FULL_pw|dyn|s42 n=9018
   A0M            g   0.6890  SR  1.4150  to 0.0304  cost 0.1682
   STALE1         g   0.5787  SR  1.2234  to 0.0306  cost 0.1659  dg -0.1103 CI95 [-0.2678, 0.058] CIb [-0.3235, 0.1455]  dSR -0.1916
   STALE3         g   0.4820  SR  1.0539  to 0.0344  cost 0.1902  dg -0.2070 CI95 [-0.4642, 0.0603] CIb [-0.611, 0.1867]  dSR -0.3611
   STALE6         g   0.4392  SR  0.9588  to 0.0364  cost 0.2011  dg -0.2498 CI95 [-0.5756, 0.0633] CIb [-0.7089, 0.1972]  dSR -0.4563
   STALE12        g   0.1619  SR  0.3625  to 0.0394  cost 0.2208  dg -0.5271 CI95 [-0.9387, -0.1049] CIb [-1.1002, 0.0646]  dSR -1.0525
   UFROZEN450     g   1.0181  SR  1.8324  to 0.0275  cost 0.1426  dg +0.3291 CI95 [-0.0096, 0.6503] CIb [-0.1255, 0.7732]  dSR +0.4174
FULL_pw|dyn|s2027 n=9018
   A0M            g   0.7055  SR  1.4370  to 0.0307  cost 0.1722
   STALE1         g   0.6266  SR  1.3128  to 0.0309  cost 0.1697  dg -0.0789 CI95 [-0.2377, 0.0881] CIb [-0.2935, 0.1647]  dSR -0.1241
   STALE3         g   0.5133  SR  1.1156  to 0.0348  cost 0.1957  dg -0.1922 CI95 [-0.4403, 0.0774] CIb [-0.6022, 0.1937]  dSR -0.3213
   STALE6         g   0.4615  SR  1.0004  to 0.0369  cost 0.2067  dg -0.2440 CI95 [-0.5586, 0.0686] CIb [-0.6757, 0.2069]  dSR -0.4366
   STALE12        g   0.1814  SR  0.4067  to 0.0399  cost 0.2267  dg -0.5241 CI95 [-0.9383, -0.097] CIb [-1.0664, 0.0412]  dSR -1.0303
   UFROZEN450     g   1.1045  SR  1.9741  to 0.0278  cost 0.1457  dg +0.3990 CI95 [0.056, 0.7234] CIb [-0.0606, 0.8439]  dSR +0.5372
FULL_pw|fix|s42 n=9018
   A0M            g   0.2352  SR  0.4841  to 0.0160  cost 0.0643
   STALE1         g   0.1622  SR  0.3420  to 0.0167  cost 0.0656  dg -0.0730 CI95 [-0.2011, 0.059] CIb [-0.2441, 0.1199]  dSR -0.1421
   STALE3         g  -0.0097  SR -0.0214  to 0.0180  cost 0.0695  dg -0.2449 CI95 [-0.4712, -0.017] CIb [-0.5592, 0.0536]  dSR -0.5055
   STALE6         g  -0.1436  SR -0.3174  to 0.0198  cost 0.0751  dg -0.3788 CI95 [-0.6501, -0.0908] CIb [-0.7706, 0.0336]  dSR -0.8016
   STALE12        g  -0.5630  SR -1.3393  to 0.0231  cost 0.0849  dg -0.7982 CI95 [-1.2183, -0.4073] CIb [-1.3758, -0.1867]  dSR -1.8234
   UFROZEN450     g   0.4601  SR  0.8256  to 0.0185  cost 0.0682  dg +0.2249 CI95 [-0.0764, 0.5345] CIb [-0.2369, 0.6811]  dSR +0.3415
FULL_pw|fix|s2027 n=9018
   A0M            g   0.2365  SR  0.4848  to 0.0160  cost 0.0642
   STALE1         g   0.1324  SR  0.2787  to 0.0166  cost 0.0656  dg -0.1042 CI95 [-0.2354, 0.0308] CIb [-0.2802, 0.0823]  dSR -0.2061
   STALE3         g  -0.0192  SR -0.0423  to 0.0180  cost 0.0695  dg -0.2557 CI95 [-0.4789, -0.022] CIb [-0.5753, 0.0413]  dSR -0.5271
   STALE6         g  -0.1432  SR -0.3161  to 0.0198  cost 0.0750  dg -0.3797 CI95 [-0.6557, -0.0956] CIb [-0.7832, 0.0257]  dSR -0.8009
   STALE12        g  -0.5582  SR -1.3251  to 0.0231  cost 0.0849  dg -0.7947 CI95 [-1.2182, -0.4068] CIb [-1.3607, -0.1604]  dSR -1.8098
   UFROZEN450     g   0.4646  SR  0.8321  to 0.0184  cost 0.0680  dg +0.2281 CI95 [-0.0736, 0.5353] CIb [-0.2511, 0.6832]  dSR +0.3474
2024on_pw|dyn|s42 n=5718
   A0M            g   1.3043  SR  2.3453  to 0.0362  cost 0.2229
   STALE1         g   1.0972  SR  2.0493  to 0.0359  cost 0.2170  dg -0.2071 CI95 [-0.4446, 0.0439] CIb [-0.5388, 0.1413]  dSR -0.2960
   STALE3         g   0.9866  SR  1.9302  to 0.0416  cost 0.2549  dg -0.3176 CI95 [-0.7059, 0.0933] CIb [-0.8449, 0.2407]  dSR -0.4151
   STALE6         g   0.9214  SR  1.8036  to 0.0442  cost 0.2708  dg -0.3828 CI95 [-0.8504, 0.1091] CIb [-1.0072, 0.2635]  dSR -0.5417
   STALE12        g   0.4733  SR  0.9689  to 0.0491  cost 0.3033  dg -0.8309 CI95 [-1.503, -0.1834] CIb [-1.8159, 0.1477]  dSR -1.3764
   UFROZEN450     g   1.6455  SR  2.6364  to 0.0313  cost 0.1847  dg +0.3413 CI95 [-0.1133, 0.7992] CIb [-0.3173, 0.9651]  dSR +0.2911
2024on_pw|dyn|s2027 n=5718
   A0M            g   1.3161  SR  2.3447  to 0.0369  cost 0.2300
   STALE1         g   1.1511  SR  2.1289  to 0.0366  cost 0.2239  dg -0.1650 CI95 [-0.4118, 0.0849] CIb [-0.4936, 0.1917]  dSR -0.2158
   STALE3         g   1.0209  SR  1.9846  to 0.0425  cost 0.2645  dg -0.2953 CI95 [-0.6682, 0.1019] CIb [-0.8128, 0.2389]  dSR -0.3601
   STALE6         g   0.9438  SR  1.8343  to 0.0452  cost 0.2807  dg -0.3723 CI95 [-0.8265, 0.1063] CIb [-1.0102, 0.2869]  dSR -0.5104
   STALE12        g   0.4893  SR  1.0036  to 0.0502  cost 0.3135  dg -0.8268 CI95 [-1.4716, -0.1657] CIb [-1.8031, 0.1024]  dSR -1.3410
   UFROZEN450     g   1.7785  SR  2.8263  to 0.0319  cost 0.1900  dg +0.4624 CI95 [-0.0127, 0.931] CIb [-0.1996, 1.1383]  dSR +0.4817
2024on_pw|fix|s42 n=5718
   A0M            g   0.5700  SR  1.0271  to 0.0153  cost 0.0674
   STALE1         g   0.4168  SR  0.7754  to 0.0161  cost 0.0691  dg -0.1532 CI95 [-0.3532, 0.0368] CIb [-0.4121, 0.1178]  dSR -0.2518
   STALE3         g   0.1831  SR  0.3634  to 0.0179  cost 0.0746  dg -0.3868 CI95 [-0.7212, -0.0465] CIb [-0.8632, 0.0903]  dSR -0.6637
   STALE6         g  -0.0253  SR -0.0503  to 0.0203  cost 0.0827  dg -0.5953 CI95 [-1.0376, -0.1509] CIb [-1.2549, 0.086]  dSR -1.0775
   STALE12        g  -0.7036  SR -1.5617  to 0.0250  cost 0.0971  dg -1.2736 CI95 [-1.8492, -0.6175] CIb [-2.1102, -0.3514]  dSR -2.5889
   UFROZEN450     g   0.7834  SR  1.2494  to 0.0176  cost 0.0708  dg +0.2134 CI95 [-0.1767, 0.62] CIb [-0.3375, 0.7889]  dSR +0.2223
2024on_pw|fix|s2027 n=5718
   A0M            g   0.5728  SR  1.0272  to 0.0154  cost 0.0675
   STALE1         g   0.3684  SR  0.6844  to 0.0162  cost 0.0693  dg -0.2043 CI95 [-0.3987, -0.0131] CIb [-0.4878, 0.0702]  dSR -0.3429
   STALE3         g   0.1654  SR  0.3275  to 0.0180  cost 0.0749  dg -0.4074 CI95 [-0.7444, -0.0723] CIb [-0.8747, 0.0788]  dSR -0.6998
   STALE6         g  -0.0211  SR -0.0420  to 0.0204  cost 0.0828  dg -0.5939 CI95 [-1.0369, -0.1466] CIb [-1.2378, 0.0785]  dSR -1.0692
   STALE12        g  -0.6976  SR -1.5453  to 0.0252  cost 0.0976  dg -1.2704 CI95 [-1.8465, -0.6022] CIb [-2.1187, -0.3633]  dSR -2.5726
   UFROZEN450     g   0.7949  SR  1.2655  to 0.0176  cost 0.0709  dg +0.2221 CI95 [-0.1692, 0.6303] CIb [-0.3271, 0.7986]  dSR +0.2383
JUDGE_DONE -> /workspace/uplift_2026-09-11/r5nd/JUDGE_stale_r5.json
