
###### SL_AGE50
seat     seed null                n   base_g   null_g        dg dg_CI95              base_pnl null_pnl dpnl_CI95              d_turn
dyn      42   N50_SHIFT101     9018   0.8838   0.8968   -0.0131 [-0.0249, -0.0011]     1.3315   1.3421 [-0.0222, 0.0008]    +0.00011
dyn      42   N50_SHIFT503     9018   0.8838   0.7279   +0.1559 [0.0089, 0.2956]       1.3315   1.1706 [0.0188, 0.297]      -0.00045
dyn      42   N50_SHIFT1009    8909   0.8811   0.5803   +0.3008 [-0.0298, 0.6344]      1.3279   0.9860 [0.0097, 0.6647]     -0.00299
dyn      42   N50_RELAB1       9018   0.8838   0.5600   +0.3238 [-0.1416, 0.7792]      1.3315   1.0313 [-0.1704, 0.7704]    -0.00754
dyn      42   N50_RELAB2       9018   0.8838   0.8078   +0.0760 [-0.3971, 0.5289]      1.3315   1.2012 [-0.3448, 0.5922]    -0.00439
dyn      42   N50_RELAB3       9018   0.8838   0.3249   +0.5588 [0.1106, 1.0395]       1.3315   0.7488 [0.1271, 1.0398]     -0.00805
   -> beats all nulls on g: False  on pnl_ex: False
dyn      2027 N50_SHIFT101     9018   0.9064   0.9117   -0.0053 [-0.0176, 0.0075]      1.3491   1.3521 [-0.0152, 0.009]     +0.00011
dyn      2027 N50_SHIFT503     9018   0.9064   0.7648   +0.1416 [-0.005, 0.2772]       1.3491   1.2022 [0.0096, 0.2784]     -0.00047
dyn      2027 N50_SHIFT1009    8909   0.9041   0.6272   +0.2768 [-0.0377, 0.5962]      1.3457   1.0295 [0.0018, 0.6223]     -0.00316
dyn      2027 N50_RELAB1       9018   0.9064   0.5682   +0.3382 [-0.125, 0.8021]       1.3491   1.0336 [-0.1542, 0.7862]    -0.00752
dyn      2027 N50_RELAB2       9018   0.9064   0.8075   +0.0989 [-0.3688, 0.5476]      1.3491   1.2029 [-0.3311, 0.6085]    -0.00449
dyn      2027 N50_RELAB3       9018   0.9064   0.3332   +0.5733 [0.1294, 1.0521]       1.3491   0.7582 [0.1471, 1.0419]     -0.00795
   -> beats all nulls on g: False  on pnl_ex: False
fix      42   N50_SHIFT101     8917   0.3381   0.3474   -0.0093 [-0.0233, 0.0045]      0.7001   0.7057 [-0.0192, 0.0076]    +0.00012
fix      42   N50_SHIFT503     8515   0.3971   0.3111   +0.0859 [-0.0769, 0.2413]      0.7547   0.6527 [-0.0569, 0.2635]    +0.00004
fix      42   N50_SHIFT1009    8009   0.3949   0.1939   +0.2010 [-0.0922, 0.5001]      0.7503   0.4920 [-0.0485, 0.5362]    -0.00079
fix      42   N50_RELAB1       9018   0.3394   0.2174   +0.1220 [-0.4398, 0.6654]      0.7034   0.6440 [-0.4888, 0.6173]    -0.00867
fix      42   N50_RELAB2       9018   0.3394   0.3345   +0.0050 [-0.5435, 0.5256]      0.7034   0.6956 [-0.5623, 0.5671]    -0.00704
fix      42   N50_RELAB3       9018   0.3394  -0.0707   +0.4101 [-0.103, 0.9317]       0.7034   0.3157 [-0.1236, 0.8785]    -0.00891
   -> beats all nulls on g: False  on pnl_ex: False
fix      2027 N50_SHIFT101     8917   0.3507   0.3531   -0.0024 [-0.0158, 0.0113]      0.7114   0.7106 [-0.0121, 0.0141]    +0.00012
fix      2027 N50_SHIFT503     8515   0.4103   0.3230   +0.0873 [-0.0752, 0.2454]      0.7665   0.6641 [-0.0568, 0.2647]    +0.00004
fix      2027 N50_SHIFT1009    8009   0.4089   0.1912   +0.2177 [-0.0732, 0.5207]      0.7628   0.4896 [-0.0307, 0.5516]    -0.00077
fix      2027 N50_RELAB1       9018   0.3519   0.2163   +0.1356 [-0.4218, 0.6898]      0.7146   0.6428 [-0.478, 0.6224]     -0.00842
fix      2027 N50_RELAB2       9018   0.3519   0.3385   +0.0134 [-0.5279, 0.5334]      0.7146   0.7000 [-0.5444, 0.5728]    -0.00686
fix      2027 N50_RELAB3       9018   0.3519  -0.0638   +0.4157 [-0.1003, 0.9385]      0.7146   0.3219 [-0.1122, 0.8897]    -0.00867
   -> beats all nulls on g: False  on pnl_ex: True

###### SL_AGEMOD100
seat     seed null                n   base_g   null_g        dg dg_CI95              base_pnl null_pnl dpnl_CI95              d_turn
dyn      42   NM_SHIFT101      9018   0.6994   0.6918   +0.0076 [-0.0156, 0.0395]      1.3211   1.3140 [-0.0158, 0.0365]    +0.00007
dyn      42   NM_SHIFT503      9018   0.6994   0.6799   +0.0195 [-0.0272, 0.0691]      1.3211   1.3038 [-0.029, 0.0667]     +0.00014
dyn      42   NM_SHIFT1009     9018   0.6994   0.6857   +0.0138 [-0.0539, 0.0813]      1.3211   1.3083 [-0.0525, 0.078]     +0.00033
dyn      42   NM_RELAB1        9018   0.6994   0.6359   +0.0635 [-0.0527, 0.1805]      1.3211   1.2351 [-0.0219, 0.1996]    +0.00045
dyn      42   NM_RELAB2        9018   0.6994   0.6278   +0.0717 [-0.0664, 0.2128]      1.3211   1.2385 [-0.0461, 0.2129]    +0.00103
dyn      42   NM_RELAB3        9018   0.6994   0.6176   +0.0818 [-0.0411, 0.2148]      1.3211   1.2266 [-0.0289, 0.2202]    +0.00016
   -> beats all nulls on g: True  on pnl_ex: True
dyn      2027 NM_SHIFT101      9018   0.7181   0.7175   +0.0006 [-0.0126, 0.0141]      1.3344   1.3346 [-0.0131, 0.0126]    +0.00007
dyn      2027 NM_SHIFT503      9018   0.7181   0.6969   +0.0212 [-0.0197, 0.0615]      1.3344   1.3169 [-0.0227, 0.0599]    +0.00014
dyn      2027 NM_SHIFT1009     9018   0.7181   0.7129   +0.0052 [-0.0571, 0.0659]      1.3344   1.3311 [-0.0589, 0.0653]    +0.00036
dyn      2027 NM_RELAB1        9018   0.7181   0.6559   +0.0622 [-0.054, 0.1799]       1.3344   1.2491 [-0.0249, 0.1993]    +0.00046
dyn      2027 NM_RELAB2        9018   0.7181   0.6404   +0.0777 [-0.057, 0.2148]       1.3344   1.2464 [-0.0418, 0.2165]    +0.00102
dyn      2027 NM_RELAB3        9018   0.7181   0.6304   +0.0877 [-0.0326, 0.2134]      1.3344   1.2367 [-0.0239, 0.2225]    +0.00010
   -> beats all nulls on g: True  on pnl_ex: False
fix      42   NM_SHIFT101      9018   0.2497   0.2604   -0.0107 [-0.0261, 0.004]       0.8895   0.9015 [-0.0263, 0.0031]    +0.00004
fix      42   NM_SHIFT503      9018   0.2497   0.2447   +0.0050 [-0.0404, 0.0484]      0.8895   0.8866 [-0.0419, 0.0473]    +0.00009
fix      42   NM_SHIFT1009     9018   0.2497   0.2361   +0.0135 [-0.0551, 0.0775]      0.8895   0.8768 [-0.0526, 0.0759]    -0.00004
fix      42   NM_RELAB1        9018   0.2497   0.1998   +0.0499 [-0.0843, 0.1815]      0.8895   0.8051 [-0.0448, 0.2157]    +0.00021
fix      42   NM_RELAB2        9018   0.2497   0.2005   +0.0492 [-0.0777, 0.1784]      0.8895   0.8134 [-0.0488, 0.2083]    +0.00017
fix      42   NM_RELAB3        9018   0.2497   0.1231   +0.1266 [-0.0011, 0.2581]      0.8895   0.7401 [0.0214, 0.2703]     +0.00007
   -> beats all nulls on g: False  on pnl_ex: False
fix      2027 NM_SHIFT101      9018   0.2744   0.2830   -0.0085 [-0.0222, 0.0047]      0.9141   0.9242 [-0.0226, 0.0032]    +0.00004
fix      2027 NM_SHIFT503      9018   0.2744   0.2484   +0.0260 [-0.0202, 0.0733]      0.9141   0.8900 [-0.0247, 0.0692]    +0.00008
fix      2027 NM_SHIFT1009     9018   0.2744   0.2452   +0.0292 [-0.0368, 0.0946]      0.9141   0.8855 [-0.0337, 0.0916]    -0.00003
fix      2027 NM_RELAB1        9018   0.2744   0.2160   +0.0584 [-0.075, 0.1943]       0.9141   0.8207 [-0.0357, 0.2258]    +0.00020
fix      2027 NM_RELAB2        9018   0.2744   0.2072   +0.0672 [-0.0638, 0.1978]      0.9141   0.8200 [-0.0351, 0.2266]    +0.00017
fix      2027 NM_RELAB3        9018   0.2744   0.1384   +0.1361 [0.006, 0.2727]        0.9141   0.7542 [0.0284, 0.2841]     +0.00007
   -> beats all nulls on g: False  on pnl_ex: False
NULLS_JUDGE_DONE
