R5U_A0M_dyn_s42 skip
R5U_A0M_dyn_s2027 skip
R5U_A0M_fix_s42 skip
R5U_A0M_fix_s2027 skip
R5U_STALE1_dyn_s42           ok  42.1s
R5U_STALE1_dyn_s2027         ok  42.9s
R5U_STALE1_fix_s42           ok  40.8s
R5U_STALE1_fix_s2027         ok  40.1s
R5U_STALE3_dyn_s42           ok  43.0s
R5U_STALE3_dyn_s2027         ok  42.3s
R5U_STALE3_fix_s42           ok  40.0s
R5U_STALE3_fix_s2027         ok  39.3s
R5U_STALE6_dyn_s42           ok  42.7s
R5U_STALE6_dyn_s2027         ok  42.5s
R5U_STALE6_fix_s42           ok  41.1s
R5U_STALE6_fix_s2027         ok  39.5s
R5U_STALE12_dyn_s42          ok  42.6s
R5U_STALE12_dyn_s2027        ok  41.8s
R5U_STALE12_fix_s42          ok  37.1s
R5U_STALE12_fix_s2027        ok  37.0s
R5U_UFROZEN450_dyn_s42       ok  41.0s
R5U_UFROZEN450_dyn_s2027     ok  41.2s
R5U_UFROZEN450_fix_s42       ok  40.0s
R5U_UFROZEN450_fix_s2027     ok  38.9s
RUNS_DONE 125s
