R5U_A0M_dyn_s42              ok  68.3s
R5U_A0M_dyn_s2027            ok  63.5s
R5U_A0M_fix_s42              ok  50.6s
R5U_A0M_fix_s2027            ok  56.0s
R5U_WIDE529_dyn_s42          ok  62.5s
R5U_WIDE529_dyn_s2027        ok  63.7s
R5U_WIDE529_fix_s42          ok  60.8s
R5U_WIDE529_fix_s2027        ok 104.7s
R5U_WIDE600_dyn_s42          ok 101.2s
R5U_WIDE600_dyn_s2027        ok 115.6s
R5U_WIDE600_fix_s42          ok  94.7s
R5U_WIDE600_fix_s2027        ok  97.9s
R5U_QTR449_dyn_s42           ok 103.0s
R5U_QTR449_dyn_s2027         ok 109.5s
R5U_QTR449_fix_s42           ok 118.1s
R5U_QTR449_fix_s2027         ok 126.5s
R5U_ANN449_dyn_s42           ok 133.6s
R5U_ANN449_dyn_s2027         ok 128.3s
R5U_ANN449_fix_s42           ok 125.2s
R5U_ANN449_fix_s2027         ok 129.1s
R5U_NOYOUNG90_dyn_s42        ok 130.4s
R5U_NOYOUNG90_dyn_s2027      ok 150.5s
R5U_NOYOUNG90_fix_s42        ok 140.4s
R5U_NOYOUNG90_fix_s2027      ok 128.6s
R5U_DROPTAIL399_dyn_s42      ok 145.2s
R5U_DROPTAIL399_dyn_s2027    ok 145.7s
R5U_DROPTAIL399_fix_s42      ok 139.2s
R5U_DROPTAIL399_fix_s2027    ok 130.4s
RUNS_DONE 445s
A0 parity dyn s42 rec bitwise=True
A0 parity dyn s42 W bitwise=True
A0 parity dyn s2027 rec bitwise=True
A0 parity dyn s2027 W bitwise=True
A0 parity fix s42 rec bitwise=True
A0 parity fix s42 W bitwise=True
A0 parity fix s2027 rec bitwise=True
A0 parity fix s2027 W bitwise=True
A0_PARITY_PASS True
