cells with finite fund score: 3263949 | of those with finite age: 3262442 (0.99954)
R5S_N50_SHIFT101_dyn_s42       ok  41.9s
R5S_N50_SHIFT101_dyn_s2027     ok  42.0s
R5S_N50_SHIFT101_fix_s42       ok  39.6s
R5S_N50_SHIFT101_fix_s2027     ok  38.9s
R5S_N50_SHIFT503_dyn_s42       ok  41.7s
R5S_N50_SHIFT503_dyn_s2027     ok  42.1s
R5S_N50_SHIFT503_fix_s42       ok  39.0s
R5S_N50_SHIFT503_fix_s2027     ok  43.9s
R5S_N50_SHIFT1009_dyn_s42      ok  48.7s
R5S_N50_SHIFT1009_dyn_s2027    ok  48.4s
R5S_N50_SHIFT1009_fix_s42      ok  44.1s
R5S_N50_SHIFT1009_fix_s2027    ok  44.9s
R5S_N50_RELAB1_dyn_s42         ok  50.3s
R5S_N50_RELAB1_dyn_s2027       ok  51.2s
R5S_N50_RELAB1_fix_s42         ok  52.2s
R5S_N50_RELAB1_fix_s2027       ok  52.0s
R5S_N50_RELAB2_dyn_s42         ok  55.3s
R5S_N50_RELAB2_dyn_s2027       ok  54.7s
R5S_N50_RELAB2_fix_s42         ok  52.3s
R5S_N50_RELAB2_fix_s2027       ok  50.6s
R5S_N50_RELAB3_dyn_s42         ok  53.4s
R5S_N50_RELAB3_dyn_s2027       ok  58.0s
R5S_N50_RELAB3_fix_s42         ok  54.5s
R5S_N50_RELAB3_fix_s2027       ok  54.9s
R5S_NM_SHIFT101_dyn_s42        ok  58.0s
R5S_NM_SHIFT101_dyn_s2027      ok  60.9s
R5S_NM_SHIFT101_fix_s42        ok  55.2s
R5S_NM_SHIFT101_fix_s2027      ok  54.6s
R5S_NM_SHIFT503_dyn_s42        ok  59.6s
R5S_NM_SHIFT503_dyn_s2027      ok  61.2s
R5S_NM_SHIFT503_fix_s42        ok  58.1s
R5S_NM_SHIFT503_fix_s2027      ok  58.4s
R5S_NM_SHIFT1009_dyn_s42       ok  61.4s
R5S_NM_SHIFT1009_dyn_s2027     ok  61.5s
R5S_NM_SHIFT1009_fix_s42       ok  59.5s
R5S_NM_SHIFT1009_fix_s2027     ok  56.3s
R5S_NM_RELAB1_dyn_s42          ok  63.6s
R5S_NM_RELAB1_dyn_s2027        ok  62.7s
R5S_NM_RELAB1_fix_s42          ok  60.1s
R5S_NM_RELAB1_fix_s2027        ok  60.2s
R5S_NM_RELAB2_dyn_s42          ok  62.9s
R5S_NM_RELAB2_dyn_s2027        ok  63.7s
R5S_NM_RELAB2_fix_s42          ok  44.1s
R5S_NM_RELAB2_fix_s2027        ok  49.3s
R5S_NM_RELAB3_dyn_s42          ok  52.5s
R5S_NM_RELAB3_dyn_s2027        ok  52.0s
R5S_NM_RELAB3_fix_s42          ok  50.3s
R5S_NM_RELAB3_fix_s2027        ok  48.8s
NULLS_DONE 374s
