cells with finite fund score: 3263949 | of those with finite age: 3262442 (0.99954)
R5S_IB_PAR_dyn_s42             ok 162.8s
R5S_IB_PAR_dyn_s2027           ok 166.4s
R5S_IB_PAR_fix_s42             ok 162.1s
R5S_IB_PAR_fix_s2027           ok 158.5s
R5S_SL_AGE25_dyn_s42           ok 171.0s
R5S_SL_AGE25_dyn_s2027         ok 170.5s
R5S_SL_AGE25_fix_s42           ok 157.2s
R5S_SL_AGE25_fix_s2027         ok  65.3s
R5S_SL_AGE50_dyn_s42           ok  66.5s
R5S_SL_AGE50_dyn_s2027         ok  63.0s
R5S_SL_AGE50_fix_s42           ok  58.7s
R5S_SL_AGE50_fix_s2027         ok  56.1s
R5S_SL_AGEMOD50_dyn_s42        ok  58.1s
R5S_SL_AGEMOD50_dyn_s2027      ok  59.9s
R5S_SL_AGEMOD50_fix_s42        ok  40.5s
R5S_SL_AGEMOD50_fix_s2027      ok  39.6s
R5S_SL_AGEMOD100_dyn_s42       ok  42.1s
R5S_SL_AGEMOD100_dyn_s2027     ok  41.1s
R5S_SL_AGEMOD100_fix_s42       ok  38.5s
R5S_SL_AGEMOD100_fix_s2027     ok  38.2s
BASE_DONE 267s
FEMAT parity dyn s42 rec bitwise=True
FEMAT parity dyn s42 W bitwise=True
FEMAT parity dyn s2027 rec bitwise=True
FEMAT parity dyn s2027 W bitwise=True
FEMAT parity fix s42 rec bitwise=True
FEMAT parity fix s42 W bitwise=True
FEMAT parity fix s2027 rec bitwise=True
FEMAT parity fix s2027 W bitwise=True
FEMAT_PARITY_PASS True
