cells with finite fund score: 3263949 | of those with finite age: 3262442 (0.99954)
R5O_SOLO_AGE_dyn_s42           ok  28.6s
R5O_SOLO_AGE_dyn_s2027         ok  28.5s
R5O_SOLO_AGE_fix_s42           ok  27.5s
R5O_SOLO_AGE_fix_s2027         ok  27.2s
R5O_SOLO_FUND_dyn_s42          ok  29.0s
R5O_SOLO_FUND_dyn_s2027        ok  29.5s
R5O_SOLO_FUND_fix_s42          ok  27.9s
R5O_SOLO_FUND_fix_s2027        ok  28.4s
R5O_NSOLO_SHIFT101_dyn_s42     ok  28.0s
R5O_NSOLO_SHIFT101_dyn_s2027   ok  29.0s
R5O_NSOLO_SHIFT101_fix_s42     ok  27.2s
R5O_NSOLO_SHIFT101_fix_s2027   ok  26.8s
R5O_NSOLO_SHIFT503_dyn_s42     ok  28.5s
R5O_NSOLO_SHIFT503_dyn_s2027   ok  28.0s
R5O_NSOLO_SHIFT503_fix_s42     ok  25.4s
R5O_NSOLO_SHIFT503_fix_s2027   ok  25.6s
R5O_NSOLO_SHIFT1009_dyn_s42    ok  27.4s
R5O_NSOLO_SHIFT1009_dyn_s2027  ok  26.8s
R5O_NSOLO_SHIFT1009_fix_s42    ok  25.1s
R5O_NSOLO_SHIFT1009_fix_s2027  ok  25.1s
R5O_NSOLO_RELAB1_dyn_s42       ok  27.9s
R5O_NSOLO_RELAB1_dyn_s2027     ok  27.8s
R5O_NSOLO_RELAB1_fix_s42       ok  26.8s
R5O_NSOLO_RELAB1_fix_s2027     ok  26.3s
R5O_NSOLO_RELAB2_dyn_s42       ok  28.1s
R5O_NSOLO_RELAB2_dyn_s2027     ok  27.6s
R5O_NSOLO_RELAB2_fix_s42       ok  26.6s
R5O_NSOLO_RELAB2_fix_s2027     ok  26.4s
R5O_NSOLO_RELAB3_dyn_s42       ok  23.9s
R5O_NSOLO_RELAB3_dyn_s2027     ok  23.8s
R5O_NSOLO_RELAB3_fix_s42       ok  22.6s
R5O_NSOLO_RELAB3_fix_s2027     ok  22.4s
SOLO_DONE 132s
