RELEASE_GATES start 2026-09-27T05:00:39Z n_gates=3
--- gate 1/3 W0_check start 2026-09-27T05:00:39Z
    argv=["/Users/haosiyu/wide_shadow/venv/bin/python", "/Users/haosiyu/Desktop/quant_research/multi_asset/exports/research/gap_recovery_2026-09-26/devices/combo_state_bridge.py", "check", "--src", "1790467200", "--dst", "1790481600", "--receipt", "/Users/haosiyu/Desktop/quant_research/multi_asset/exports/research/gap_recovery_2026-09-26/receipts/BRIDGE_RECEIPT_1790481600.json"]
COMBO_STATE_BRIDGE check S=2026-09-27T00:00Z T=2026-09-27T04:00Z fea=/Users/haosiyu/wide_shadow/fea171
COMBO_STATE_BRIDGE CHECK PASS
    rc=0 elapsed_s=0.2 verdict_line='COMBO_STATE_BRIDGE CHECK PASS'
    PASS W0_check
--- gate 2/3 W1_apply start 2026-09-27T05:00:39Z
    argv=["/Users/haosiyu/wide_shadow/venv/bin/python", "/Users/haosiyu/Desktop/quant_research/multi_asset/exports/research/gap_recovery_2026-09-26/devices/combo_state_bridge.py", "apply", "--src", "1790467200", "--dst", "1790481600", "--receipt", "/Users/haosiyu/Desktop/quant_research/multi_asset/exports/research/gap_recovery_2026-09-26/receipts/BRIDGE_RECEIPT_1790481600.json"]
COMBO_STATE_BRIDGE apply S=2026-09-27T00:00Z T=2026-09-27T04:00Z fea=/Users/haosiyu/wide_shadow/fea171
  kc: state_H_kc_1790481600.npz sha d42d6f18cbe3cb1a n=315 gross=0.840488 == source state_H_kc_1790467200.npz bitwise: True
  fc: state_H_fc_1790481600.npz sha 28a301544cd2ac25 n=318 gross=0.797860 == source state_H_fc_1790467200.npz bitwise: True
  f10: state_H_f10_1790481600.npz sha ead821684e46c642 n=320 gross=0.765934 == source state_H_f10_1790467200.npz bitwise: True
COMBO_STATE_BRIDGE APPLY PASS
    rc=0 elapsed_s=0.1 verdict_line='COMBO_STATE_BRIDGE APPLY PASS'
    PASS W1_apply
--- gate 3/3 W2_verify start 2026-09-27T05:00:39Z
    argv=["/Users/haosiyu/wide_shadow/venv/bin/python", "/Users/haosiyu/Desktop/quant_research/multi_asset/exports/research/gap_recovery_2026-09-26/devices/combo_state_bridge.py", "verify", "--src", "1790467200", "--dst", "1790481600", "--receipt", "/Users/haosiyu/Desktop/quant_research/multi_asset/exports/research/gap_recovery_2026-09-26/receipts/BRIDGE_RECEIPT_1790481600.json"]
COMBO_STATE_BRIDGE verify S=2026-09-27T00:00Z T=2026-09-27T04:00Z fea=/Users/haosiyu/wide_shadow/fea171
  kc: state_H_kc_1790481600.npz sha d42d6f18cbe3cb1a n=315 gross=0.840488 == source state_H_kc_1790467200.npz bitwise: True
  fc: state_H_fc_1790481600.npz sha 28a301544cd2ac25 n=318 gross=0.797860 == source state_H_fc_1790467200.npz bitwise: True
  f10: state_H_f10_1790481600.npz sha ead821684e46c642 n=320 gross=0.765934 == source state_H_f10_1790467200.npz bitwise: True
COMBO_STATE_BRIDGE VERIFY PASS
    rc=0 elapsed_s=0.1 verdict_line='COMBO_STATE_BRIDGE VERIFY PASS'
    PASS W2_verify
RELEASE_GATES ALL_PASS n=3 2026-09-27T05:00:39Z
