tests_imports                            rc=0
drift_gate                               rc=0
tests_binance_broker                     rc=0
tests_binance_executor                   rc=0
tests_binance_funding                    rc=0
tests_watchdog                           rc=0
tests_pilot_log                          rc=0
tests_signal_and_loop                    rc=0
tests_telegram_notify                    rc=0
tests_markout_pacing                     rc=0
tests_markout_window                     rc=0
tests_markout_import                     rc=0
tests_ledger_notary                      rc=0
tests_rank_monitor_input                 rc=0
tests_gross_ladder_retired               rc=0
tests_reject_rate                        rc=0
tests_requote_experiment                 rc=0
tests_sigma_ladder                       rc=0
tests_inference_parity                   rc=0
tests_panel_build                        rc=0
tests_risk_budget                        rc=0
tests_harvest_ema                        rc=0
tests_manifest_consistency               rc=0
tests_channel_causality                  rc=0
tests_static_names                       rc=0
tests_factor_health                      rc=0
tests_state_root                         rc=0
tests_nosleep                            rc=0
tests_venue_fills                        rc=0
tests_artifact_assertions                rc=0
metrics_freeze                           rc=0
gate_coverage                            rc=0
tests_trip_page                          rc=0
tests_topup_leg_fill                     rc=0
tests_flatten_ladder                     rc=0
tests_readback_universe                  rc=0
tests_market_maxqty                      rc=0
tests_flatten_rows                       rc=0
tests_scoped_writes                      rc=0
tests_m4_rowtype                         rc=0
tests_ghost_rows                         rc=0
tests_drift_gate                         rc=0
tests_persistence_and_dust               rc=0
tests_read_failure_visibility            rc=0
tests_score_anchor_selection             rc=0
tests_cond6_eligibility                  rc=0
tests_venue_error_classification         rc=0
tests_rehearsal_anchor                   rc=0
tests_reconcile_qty_caliber              rc=0
tests_reconcile_carry                    rc=0
tests_flatten_record                     rc=0
tests_fill_collection_gap                rc=0
tests_fill_backfill                      rc=0
tests_universe_guard                     rc=0
tests_frozen_inputs                      rc=0
tests_nav_staleness                      rc=0
tests_avgpx_backfill                     rc=0
tests_guard_coverage                     rc=0
tests_position_break_blindspot           rc=0
tests_numerator_honesty                  rc=0
tests_reconcile_severity                 rc=0
tests_fee_asset_detection                rc=0
tests_universe_tripwire                  rc=0
tests_orphan_position                    rc=0
tests_frontier_staleness                 rc=0
tests_head_liveness                      rc=0
tests_sizing_policy                      rc=0
tests_notional_backfill                  rc=0
tests_request_budget                     rc=0
tests_halt_evidence                      rc=0
tests_threshold_roles                    rc=0
tests_cond3_worst_selector               rc=0
tests_halt_verdict_states                rc=0
tests_flatten_cancels_first              rc=0
tests_stuck_position_ack                 rc=0
tests_reprice_day                        rc=0
tests_alert_tiers_live                   rc=0
tests_gap_observer                       rc=0
tests_live_install_ritual                rc=0
tests_live_state_root                    rc=0
tests_setup_live_account                 rc=0
tests_live_dry_pass                      rc=0
tests_stale_order_sweep                  rc=0
tests_transport_resilience               rc=0
tests_venue_cap_clamp                    rc=0
tests_income_twin_rows                   rc=0
tests_request_identity_unknown           rc=0
tests_reduce_only_clamp                  rc=0
tests_flatten_fee_backfill               rc=0
tests_venue_rate_authority               rc=0
tests_filters_cache_per_mode             rc=0
tests_rate_backstop_window               rc=0
tests_alarm_redelivery                   rc=0
tests_a2_withdrawal_gate                 rc=0
tests_readiness_filters_path             rc=0
tests_unseal_rehearsal_halt              rc=0
tests_cancel_ban_resilience              rc=0
tests_book_weights_effective             rc=0
tests_request_accounting                 rc=0
tests_anchor_skip_visible                rc=0
tests_env_loading                        rc=1
tests_review_anchor_scoping              rc=0
tests_param_encoding                     rc=0
tests_sheet_subject                      rc=0
tests_fills_supersede                    rc=0
tests_neutrality_check                   rc=0
tests_book_reshape                       rc=0
tests_reduce_only_reject                 rc=0
tests_neutrality_price                   rc=0
tests_exit_ledger                        rc=0
tests_ops_flag_safety                    rc=0
tests_reject_topup                       rc=0
tests_disposition_matrix                 rc=0
tests_alarm_digest                       rc=1
tests_redelivery_settles                 rc=0
tests_daily_summary                      rc=0
tests_readers_three_bucket               rc=0
income_callers                           rc=0
guard_reach                              rc=0
tests_guard_reach                        rc=0
tests_readout_gate                       rc=0
tests_break_decomposition                rc=0
tests_break_split_gate                   rc=0
tests_break_split_wiring                 rc=0
tests_chase_release_check                rc=0
tests_residual_vector                    rc=0
tests_chase_policy                       rc=0
tests_chase_experiment_wiring            rc=0
tests_king_cadence                       rc=0
tests_k_window                           rc=0
tests_neutral_band                       rc=0
tests_ic_monitor                         rc=0
tests_deadman_ping                       rc=0
tests_per_name_stop                      rc=0
tests_placement_bandit                   rc=0
tests_guard_calibers                     rc=0
tests_external_book                      rc=0
=== PRERUN: 135/137 rc=0 ===
skipped (battery-window only): tests_entrypoint_wiring tests_acceptance_entrypoints
RED:
  tests_env_loading rc=1
  tests_alarm_digest rc=1
PRERUN_DONE
