/workspace/uplift_2026-09-11/r13_deploy/devices/r13_beta_pod.py:138: RuntimeWarning: invalid value encountered in divide
  tst = np.abs(b / se); tst = tst[np.isfinite(tst)]
done W= 30
done W= 60
done W= 120
done W= 250
E3 done W= 60
E3 done W= 120
E3 done W= 250
{
 "device": "r13_beta_pod.py",
 "device_sha256": "e8abe369882b6eef5c504e5017faaab0fe429da41a32c4b6b6cbfed2cdb363ff",
 "prereg_sha256": "fcbedd4aae571dcbe8c550348981e08baf594dc2d270aaefb41c72b43c96c8a4",
 "prereg_asserted": true,
 "window": "W_ALPHA",
 "n_W_ALPHA": 9138,
 "n_W_TAIL": 10038,
 "A_ew_parity_vs_r12_maxabs": 0.0,
 "members_rule": "MEMBERS_TOPN=829 qvk rebuild (w10_sleeve.py L31-37) then UMASK m1",
 "mean_n_members": 288.4018384766907,
 "min_n_members": 139,
 "max_n_members": 449,
 "y4_caliber": "pod 5m lineage: SUM of 5-minute SIMPLE returns; NO expm1 (E-0904-F)",
 "env_whitelist": [
  "HOME",
  "LANG",
  "PATH",
  "PWD",
  "SHLVL",
  "_"
 ],
 "env_extra": [],
 "env_banned": [],
 "env_banned_prefixes": [
  "CAL",
  "CDAMP",
  "COSTB",
  "FEMAT",
  "FPRED",
  "FSEED",
  "FTRIM",
  "FUNDSCALE",
  "JUDGE",
  "KMOD",
  "LEGS",
  "LOOK",
  "LTRIM",
  "MEMBERS_TOPN",
  "MKL",
  "OMP",
  "PANEL",
  "PHI",
  "PYTHON",
  "REF_SKIP",
  "RNSM",
  "SEAT",
  "SLEEVE",
  "SLOW",
  "TRADE_TOPN",
  "UMASK",
  "UPLIFT",
  "W3FIX",
  "WRULE"
 ],
 "python": "3.11.10",
 "numpy": "2.4.6",
 "E3_portfolio_level": {
  "W=60": {
   "n": 9138,
   "beta_ante_mean": -0.016811585688368547,
   "beta_ante_sd": 0.07392567495877644,
   "pooled_beta": -0.011172303570343996,
   "pooled_beta_se": 0.0014409311897603063,
   "interaction_coef": 0.7606303275702971,
   "interaction_se": 0.020032273161299526,
   "interaction_t": 37.9702453858189,
   "quintiles": [
    {
     "q": 1,
     "n": 1828,
     "beta_ante_mean": -0.13056774476609925,
     "beta_realised": -0.10514763659285792
    },
    {
     "q": 2,
     "n": 1827,
     "beta_ante_mean": -0.04526777434483066,
     "beta_realised": -0.032127325551855615
    },
    {
     "q": 3,
     "n": 1828,
     "beta_ante_mean": -0.006780874728945351,
     "beta_realised": 0.01000686202888493
    },
    {
     "q": 4,
     "n": 1827,
     "beta_ante_mean": 0.023661470326097445,
     "beta_realised": 0.016522984646498446
    },
    {
     "q": 5,
     "n": 1828,
     "beta_ante_mean": 0.07490356885057732,
     "beta_realised": 0.05495782805778758
    }
   ],
   "quintile_slope": 0.7817831160117813,
   "A_mean_bps": 0.5412304537577697,
   "cov_A_betaante": -0.02427221142003823,
   "warmup_fix": "rolling accumulator removes only rows it added (I0 guard)",
   "note": "interaction_coef = d(realised book beta)/d(ex-ante book beta). 1.0 = ex-ante beta IS the realised exposure; 0.0 = no grip."
  },
  "W=120": {
   "n": 9138,
   "beta_ante_mean": -0.01614234625524964,
   "beta_ante_sd": 0.06587829577505802,
   "pooled_beta": -0.009646650198196865,
   "pooled_beta_se": 0.0014476189206290894,
   "interaction_coef": 0.7886627637334169,
   "interaction_se": 0.02202351175837585,
   "interaction_t": 35.81003667289697,
   "quintiles": [
    {
     "q": 1,
     "n": 1828,
     "beta_ante_mean": -0.11836909431004689,
     "beta_realised": -0.09439918334494257
    },
    {
     "q": 2,
     "n": 1827,
     "beta_ante_mean": -0.044066509851460475,
     "beta_realised": -0.024375911743450284
    },
    {
     "q": 3,
     "n": 1828,
     "beta_ante_mean": -0.0069978902224570655,
     "beta_realised": -0.0026491406194999872
    },
    {
     "q": 4,
     "n": 1827,
     "beta_ante_mean": 0.02313656734401459,
     "beta_realised": 0.025391512532476516
    },
    {
     "q": 5,
     "n": 1828,
     "beta_ante_mean": 0.06559140733372519,
     "beta_realised": 0.054538145420341036
    }
   ],
   "quintile_slope": 0.8067585561913905,
   "A_mean_bps": 0.5412304537577697,
   "cov_A_betaante": 0.02225120679067657,
   "warmup_fix": "rolling accumulator removes only rows it added (I0 guard)",
   "note": "interaction_coef = d(realised book beta)/d(ex-ante book beta). 1.0 = ex-ante beta IS the realised exposure; 0.0 = no grip."
  },
  "W=250": {
   "n": 9138,
   "beta_ante_mean": -0.016955630079174267,
   "beta_ante_sd": 0.059117386944431444,
   "pooled_beta": -0.008832439204166317,
   "pooled_beta_se": 0.0014661119845145356,
   "interaction_coef": 0.8139417551893631,
   "interaction_se": 0.02558091849084782,
   "interaction_t": 31.818316276664188,
   "quintiles": [
    {
     "q": 1,
     "n": 1828,
     "beta_ante_mean": -0.10942126308673648,
     "beta_realised": -0.08885756278658113
    },
    {
     "q": 2,
     "n": 1827,
     "beta_ante_mean": -0.04291892751748831,
     "beta_realised": -0.015138870020828647
    },
    {
     "q": 3,
     "n": 1828,
     "beta_ante_mean": -0.00858100857453881,
     "beta_realised": -0.0062985848808244345
    },
    {
     "q": 4,
     "n": 1827,
     "beta_ante_mean": 0.017990321102195405,
     "beta_realised": 0.024084221306397546
    },
    {
     "q": 5,
     "n": 1828,
     "beta_ante_mean": 0.05815764160506397,
     "beta_realised": 0.04984664925635477
    }
   ],
   "quintile_slope": 0.8134012998454725,
   "A_mean_bps": 0.5412304537577697,
   "cov_A_betaante": 0.031729427335638445,
   "warmup_fix": "rolling accumulator removes only rows it added (I0 guard)",
   "note": "interaction_coef = d(realised book beta)/d(ex-ante book beta). 1.0 = ex-ante beta IS the realised exposure; 0.0 = no grip."
  }
 },
 "results": {
  "W=30": {
   "n_eval_points": 303,
   "eval_stride_anchors": 30,
   "rho_SB": {
    "n": 303,
    "mean": 0.5777851770936682,
    "median": 0.5873509276953965,
    "p05": 0.2962878982846987,
    "p95": 0.790877511592909,
    "ci95": [
     0.5625536334555915,
     0.5930083120042245
    ]
   },
   "rho_OOS": {
    "n": 303,
    "mean": 0.5192946780189301,
    "median": 0.5231595017220378,
    "p05": 0.30427188330587857,
    "p95": 0.7263468218226473,
    "ci95": [
     0.5050883344459279,
     0.5327600769372985
    ]
   },
   "q_ratio": {
    "n": 303,
    "mean": 0.5388788188448504,
    "median": 0.5328334003404737,
    "p05": 0.23375467142830939,
    "p95": 0.8507714972930993,
    "ci95": [
     0.5192958857721167,
     0.5585454952155344
    ]
   },
   "ex_spread": {
    "n": 303,
    "mean": 1.0952442456599967,
    "median": 0.9853658303746042,
    "p05": 0.6816998259337351,
    "p95": 1.9616783706456944,
    "ci95": [
     1.0464357329215608,
     1.1440051440725518
    ]
   },
   "re_spread": {
    "n": 303,
    "mean": 0.5530882977583224,
    "median": 0.543121540918837,
    "p05": 0.2744759468876843,
    "p95": 0.8595794500023833,
    "ci95": [
     0.5321741553356887,
     0.5732747648147589
    ]
   },
   "sd_cs": {
    "n": 303,
    "mean": 0.4314247065064549,
    "median": 0.37188833210961475,
    "p05": 0.26550247855549985,
    "p95": 0.8267912613658289,
    "ci95": [
     0.40921594037438913,
     0.4544090600351144
    ]
   },
   "iqr": {
    "n": 303,
    "mean": 0.39362717563012867,
    "median": 0.36357775427014105,
    "p05": 0.23146613255320864,
    "p95": 0.699277340562694,
    "ci95": [
     0.37778043365082076,
     0.4092044543611503
    ]
   },
   "med_abs_t": {
    "n": 303,
    "mean": 8.191439406322525,
    "median": 7.8757730257272485,
    "p05": 3.5781767472797976,
    "p95": 14.0195943175017,
    "ci95": [
     7.838507618844228,
     8.551870364702426
    ]
   },
   "frac_t_gt2": {
    "n": 303,
    "mean": 0.9077958025231538,
    "median": 0.9420289855072463,
    "p05": 0.701530612244898,
    "p95": 0.9918126178836753,
    "ci95": [
     0.8963754299103612,
     0.9186852117897158
    ]
   },
   "med_se": {
    "n": 303,
    "mean": 0.14596046183472008,
    "median": 0.1257142079412702,
    "p05": 0.06881161192591731,
    "p95": 0.30079532266150716,
    "ci95": [
     0.1374122860337617,
     0.1547091898140311
    ]
   },
   "n_names": {
    "n": 303,
    "mean": 286.8580858085809,
    "median": 262.0,
    "p05": 141.0,
    "p95": 449.0,
    "ci95": [
     274.72887788778877,
     299.87623762376234
    ]
   },
   "rank_autocorr_lag1_mechanical": 0.9897897786137078,
   "rank_autocorr_lagW": 0.5246583336649301
  },
  "W=60": {
   "n_eval_points": 151,
   "eval_stride_anchors": 60,
   "rho_SB": {
    "n": 151,
    "mean": 0.6844159626284726,
    "median": 0.6982898670261332,
    "p05": 0.48216277553329207,
    "p95": 0.8485197707536476,
    "ci95": [
     0.6660653085469159,
     0.7025539496023004
    ]
   },
   "rho_OOS": {
    "n": 151,
    "mean": 0.6019416050624498,
    "median": 0.6044008817509053,
    "p05": 0.3805547794675079,
    "p95": 0.7822140045833823,
    "ci95": [
     0.5825207074516906,
     0.6211361215686705
    ]
   },
   "q_ratio": {
    "n": 151,
    "mean": 0.6356219917052507,
    "median": 0.639317544014056,
    "p05": 0.35863423787820015,
    "p95": 0.9570230164199971,
    "ci95": [
     0.6068701201417661,
     0.6670002229383903
    ]
   },
   "ex_spread": {
    "n": 151,
    "mean": 0.93374659708264,
    "median": 0.8301227708710031,
    "p05": 0.5877620896456635,
    "p95": 1.6708357828892924,
    "ci95": [
     0.8869663327841901,
     0.9848959896299051
    ]
   },
   "re_spread": {
    "n": 151,
    "mean": 0.5689430086784479,
    "median": 0.5508117666246795,
    "p05": 0.2920312548586419,
    "p95": 0.8717430185627468,
    "ci95": [
     0.5390864007372631,
     0.5980471922306092
    ]
   },
   "sd_cs": {
    "n": 151,
    "mean": 0.3586312231047995,
    "median": 0.32398311811465047,
    "p05": 0.24016567696540791,
    "p95": 0.6289627483054039,
    "ci95": [
     0.34052214957890947,
     0.3785923190649608
    ]
   },
   "iqr": {
    "n": 151,
    "mean": 0.3485136398308682,
    "median": 0.33230427523079986,
    "p05": 0.19776469030442667,
    "p95": 0.6044262507505463,
    "ci95": [
     0.33095160503600685,
     0.3676929983410515
    ]
   },
   "med_abs_t": {
    "n": 151,
    "mean": 11.075298176388198,
    "median": 10.746606318381792,
    "p05": 4.826133984127107,
    "p95": 18.431797672392083,
    "ci95": [
     10.46511050106151,
     11.753567514247521
    ]
   },
   "frac_t_gt2": {
    "n": 151,
    "mean": 0.9437050692124234,
    "median": 0.9724137931034482,
    "p05": 0.7584498834498834,
    "p95": 1.0,
    "ci95": [
     0.9317114547511718,
     0.954287631805092
    ]
   },
   "med_se": {
    "n": 151,
    "mean": 0.10649454165767203,
    "median": 0.09402530558710592,
    "p05": 0.05393062931349083,
    "p95": 0.21307823292004574,
    "ci95": [
     0.09855468775167736,
     0.11436165523114933
    ]
   },
   "n_names": {
    "n": 151,
    "mean": 286.11920529801324,
    "median": 262.0,
    "p05": 141.0,
    "p95": 449.0,
    "ci95": [
     269.0634105960265,
     304.00546357615883
    ]
   },
   "rank_autocorr_lag1_mechanical": 0.9954809524061411,
   "rank_autocorr_lagW": 0.6045688389888415
  },
  "W=120": {
   "n_eval_points": 75,
   "eval_stride_anchors": 120,
   "rho_SB": {
    "n": 75,
    "mean": 0.7753074386307202,
    "median": 0.7848737648293477,
    "p05": 0.6331178378725597,
    "p95": 0.8982329891307387,
    "ci95": [
     0.7549868920108815,
     0.7938186078538999
    ]
   },
   "rho_OOS": {
    "n": 75,
    "mean": 0.6527874449247157,
    "median": 0.6596436707667436,
    "p05": 0.42704760490438726,
    "p95": 0.8359946291663544,
    "ci95": [
     0.6232090757958416,
     0.6791970349741503
    ]
   },
   "q_ratio": {
    "n": 75,
    "mean": 0.7046401150834257,
    "median": 0.6992881290513285,
    "p05": 0.41568487704955787,
    "p95": 1.0418617935062848,
    "ci95": [
     0.6622006349149939,
     0.7467776706363854
    ]
   },
   "ex_spread": {
    "n": 75,
    "mean": 0.8190713387330693,
    "median": 0.7572510897933907,
    "p05": 0.5325900480721683,
    "p95": 1.2969758336217536,
    "ci95": [
     0.7616465896237293,
     0.8836618717253969
    ]
   },
   "re_spread": {
    "n": 75,
    "mean": 0.5577220340504339,
    "median": 0.5187503961307572,
    "p05": 0.3210048183248838,
    "p95": 0.8754877355211872,
    "ci95": [
     0.517489079009482,
     0.5977399795177534
    ]
   },
   "sd_cs": {
    "n": 75,
    "mean": 0.3154547095263764,
    "median": 0.2890801430069164,
    "p05": 0.2187663264292637,
    "p95": 0.4815771438626483,
    "ci95": [
     0.29477743794563804,
     0.3391980588584887
    ]
   },
   "iqr": {
    "n": 75,
    "mean": 0.31480398533588877,
    "median": 0.27992090764573563,
    "p05": 0.18801842564477372,
    "p95": 0.5267166879521175,
    "ci95": [
     0.2906139618314849,
     0.3411462528798047
    ]
   },
   "med_abs_t": {
    "n": 75,
    "mean": 14.925041803088892,
    "median": 14.484805565255808,
    "p05": 7.541115887567967,
    "p95": 24.554619078769857,
    "ci95": [
     13.83990786015561,
     16.071756972514898
    ]
   },
   "frac_t_gt2": {
    "n": 75,
    "mean": 0.9664472291724612,
    "median": 0.9880952380952381,
    "p05": 0.8424448100918689,
    "p95": 1.0,
    "ci95": [
     0.9542939620023214,
     0.9770065382748597
    ]
   },
   "med_se": {
    "n": 75,
    "mean": 0.07713859612655509,
    "median": 0.06766629837645705,
    "p05": 0.039497461468015395,
    "p95": 0.14050163909568367,
    "ci95": [
     0.06965265082319566,
     0.08557621830509782
    ]
   },
   "n_names": {
    "n": 75,
    "mean": 281.5466666666667,
    "median": 262.0,
    "p05": 140.4,
    "p95": 449.0,
    "ci95": [
     257.33033333333333,
     306.97400000000005
    ]
   },
   "rank_autocorr_lag1_mechanical": 0.998304766791376,
   "rank_autocorr_lagW": 0.6621592064797902
  },
  "W=250": {
   "n_eval_points": 35,
   "eval_stride_anchors": 250,
   "rho_SB": {
    "n": 35,
    "mean": 0.8504509989570703,
    "median": 0.856389726995993,
    "p05": 0.7318525193318389,
    "p95": 0.9235021554484157,
    "ci95": [
     0.8312118069871536,
     0.8690166233023253
    ]
   },
   "rho_OOS": {
    "n": 35,
    "mean": 0.6802404580997731,
    "median": 0.6833976368459127,
    "p05": 0.5206194206750361,
    "p95": 0.8469068839252563,
    "ci95": [
     0.6412606788713646,
     0.7159010244931335
    ]
   },
   "q_ratio": {
    "n": 35,
    "mean": 0.7390939978679626,
    "median": 0.7630887404541886,
    "p05": 0.49730016597099164,
    "p95": 0.9921309296212609,
    "ci95": [
     0.6841945045158557,
     0.7929765803393349
    ]
   },
   "ex_spread": {
    "n": 35,
    "mean": 0.7131101669778074,
    "median": 0.6406354935431914,
    "p05": 0.5035894341869963,
    "p95": 1.1207793546329414,
    "ci95": [
     0.6459752817909654,
     0.7814893787939586
    ]
   },
   "re_spread": {
    "n": 35,
    "mean": 0.5189034194279497,
    "median": 0.4801910423812794,
    "p05": 0.30749216472733776,
    "p95": 0.8075676063344169,
    "ci95": [
     0.46717852841552215,
     0.571983302533657
    ]
   },
   "sd_cs": {
    "n": 35,
    "mean": 0.2731798408478218,
    "median": 0.24663913628314696,
    "p05": 0.20238890020656308,
    "p95": 0.3996877160849691,
    "ci95": [
     0.25272027396153857,
     0.2950246338343373
    ]
   },
   "iqr": {
    "n": 35,
    "mean": 0.27762539102150086,
    "median": 0.25424266905499027,
    "p05": 0.17150673626977736,
    "p95": 0.4443421284016616,
    "ci95": [
     0.24874807258427994,
     0.3077252734627277
    ]
   },
   "med_abs_t": {
    "n": 35,
    "mean": 20.458808035793982,
    "median": 21.21514316310025,
    "p05": 11.893869214044235,
    "p95": 26.68012972961416,
    "ci95": [
     18.701638375147958,
     22.15522157481175
    ]
   },
   "frac_t_gt2": {
    "n": 35,
    "mean": 0.9824225376527713,
    "median": 0.9947089947089947,
    "p05": 0.9098014294134984,
    "p95": 1.0,
    "ci95": [
     0.9714353046083802,
     0.9916780627444965
    ]
   },
   "med_se": {
    "n": 35,
    "mean": 0.05334479852333341,
    "median": 0.04879620368962548,
    "p05": 0.03671652507738558,
    "p95": 0.09026850844833359,
    "ci95": [
     0.04754749849630675,
     0.059880207876678436
    ]
   },
   "n_names": {
    "n": 35,
    "mean": 272.62857142857143,
    "median": 259.0,
    "p05": 138.7,
    "p95": 427.7,
    "ci95": [
     239.2514285714286,
     307.00142857142856
    ]
   },
   "rank_autocorr_lag1_mechanical": 0.9993081837590234,
   "rank_autocorr_lagW": 0.6860676559829371
  }
 },
 "VERDICT": {
  "best_window": "W=250",
  "rho_SB": 0.856389726995993,
  "rho_OOS": 0.6833976368459127,
  "q_ratio": 0.7630887404541886,
  "lagW": 0.6860676559829371,
  "verdict": "GO"
 },
 "built_utc": "2026-09-11T23:16:21Z"
}
