self_sha256=1c5908cf16d93a8344a59e1ae12f2e987c0ff4738d8fa4728ade58ae48633905
root=/workspace/dlarch_2026-09-24
npz read back: 17 | json parsed: 62 | path->sha re-verified: 287
POSITIVE_CONTROL=PASS (flagged ['r1.npz', 'r2.npz'])
NPZ_UNREADABLE: 2
    /workspace/dlarch_2026-09-24/out_safeio/r1.npz  BadZipFile: File is not a zip file
    /workspace/dlarch_2026-09-24/out_safeio/r2.npz  BadZipFile: File is not a zip file
TEXT_DAMAGED: 1
    /workspace/dlarch_2026-09-24/T3/T0/f10_s42/202507/PROGRESS.json  ZERO BYTES
JSON_UNPARSEABLE: 1
    /workspace/dlarch_2026-09-24/T3/T0/f10_s42/202507/PROGRESS.json  Expecting value: line 1 column 1 (char 0)
SHA_MISMATCH: 12
    /workspace/dlarch_2026-09-24/T3/G1_T0_nomask/f10_s42/2023/FOLD_RECEIPT.json [sources] /workspace/dlarch_2026-09-24/dlarch_train_f10.py  recorded=98bb7b615a30e610 now=4b74f2cedca1cfe4
    /workspace/dlarch_2026-09-24/T3/G1_T0_nomask/f10_s42/202609/FOLD_RECEIPT.json [sources] /workspace/dlarch_2026-09-24/dlarch_train_f10.py  recorded=98bb7b615a30e610 now=4b74f2cedca1cfe4
    /workspace/dlarch_2026-09-24/T3/G1_T0_nomask/f10_s42/TRAIN_RECEIPT.json [sources] /workspace/dlarch_2026-09-24/dlarch_train_f10.py  recorded=98bb7b615a30e610 now=4b74f2cedca1cfe4
    /workspace/dlarch_2026-09-24/T3/T0/f10_s42/2023/FOLD_RECEIPT.json [sources] /workspace/dlarch_2026-09-24/dlarch_train_f10.py  recorded=98bb7b615a30e610 now=4b74f2cedca1cfe4
    /workspace/dlarch_2026-09-24/T3/T0/f10_s42/2024/FOLD_RECEIPT.json [sources] /workspace/dlarch_2026-09-24/dlarch_train_f10.py  recorded=98bb7b615a30e610 now=4b74f2cedca1cfe4
    /workspace/dlarch_2026-09-24/T3/T0/f10_s42/202501/FOLD_RECEIPT.json [sources] /workspace/dlarch_2026-09-24/dlarch_train_f10.py  recorded=98bb7b615a30e610 now=4b74f2cedca1cfe4
    /workspace/dlarch_2026-09-24/T3/T0/f10_s42/202502/FOLD_RECEIPT.json [sources] /workspace/dlarch_2026-09-24/dlarch_train_f10.py  recorded=98bb7b615a30e610 now=4b74f2cedca1cfe4
    /workspace/dlarch_2026-09-24/T3/T0/f10_s42/202503/FOLD_RECEIPT.json [sources] /workspace/dlarch_2026-09-24/dlarch_train_f10.py  recorded=98bb7b615a30e610 now=4b74f2cedca1cfe4
    /workspace/dlarch_2026-09-24/T3/T0/f10_s42/202504/FOLD_RECEIPT.json [sources] /workspace/dlarch_2026-09-24/dlarch_train_f10.py  recorded=98bb7b615a30e610 now=4b74f2cedca1cfe4
    /workspace/dlarch_2026-09-24/T3/T0/f10_s42/202505/FOLD_RECEIPT.json [sources] /workspace/dlarch_2026-09-24/dlarch_train_f10.py  recorded=98bb7b615a30e610 now=4b74f2cedca1cfe4
    /workspace/dlarch_2026-09-24/T3/T0/f10_s42/202506/FOLD_RECEIPT.json [sources] /workspace/dlarch_2026-09-24/dlarch_train_f10.py  recorded=98bb7b615a30e610 now=4b74f2cedca1cfe4
    /workspace/dlarch_2026-09-24/T3/T0/f10_s42/TRAIN_RECEIPT.json [sources] /workspace/dlarch_2026-09-24/dlarch_train_f10.py  recorded=98bb7b615a30e610 now=4b74f2cedca1cfe4
DLARCH_ARTIFACT_AUDIT findings_excluding_controls=14 control=PASS
