START 10:28:42Z w6ab=259f50a6bad47518 w2=2ad1c27203b5726a w1=62a3032e1b9c9d80 w9=f8beb082eee869d8
clone at 918559f
== apply w6_reduce_only_clamp_ab.diff sha 259f50a6bad4
== apply w2_readers_three_bucket.diff sha 2ad1c27203b5
== apply w1_ic_monitor_contract.diff sha 62a3032e1b9c
== apply w9_final_f8beb082.diff sha f8beb082eee8
changed files: 23
state snapshot copied at 10:29:27Z: pilot_log days=44
compile-ok
live/tests_reduce_only_clamp.py: rc=0 :: ALL PASS
live/tests_ic_monitor.py: rc=0 :: tests_ic_monitor: ALL PASS
live/tests_readers_three_bucket.py: rc=0 :: ALL PASS  (75 checks)
live/tests_daily_summary.py: rc=0 :: ALL PASS  (107 checks, 1 SKIP (ledger-dependent, declared))
live/tests_disposition_matrix.py: rc=0 :: ALL PASS  (68 checks)
live/tests_per_name_stop.py: rc=0 :: ALL PASS
live/tests_book_reshape.py: rc=0 :: ALL PASS  (38 checks)
live/tests_external_book.py: rc=0 :: ALL PASS   (123 checks)
battery → /Users/haosiyu/Desktop/quant_research/docs/receipts/stacked_landing_battery_20260913T102842Z.log
battery rc=1
RED tests_env_loading
clone: /Users/haosiyu/cc_tmp/exec_land_stack_20260913T102842Z
END 10:48:22Z w6ab=259f50a6bad47518 w2=2ad1c27203b5726a w1=62a3032e1b9c9d80 w9=f8beb082eee869d8
