  PASS T1a thresholds stamped — -0.02277/-0.04425/-0.01656
  PASS T1b ordering P1 < P5 < 0 — DECIDE must be rarer than ALERT
  PASS T1c calibration source cited
  PASS T1d thresholds unchanged by the 2026-09-12 contract fix
  PASS T2a spearman +1
  PASS T2b spearman −1
  PASS T2c ties handled
  PASS T3a insufficient below 24 — {'n_post_deploy': 10, 'judged': False, 'level': 'OK', 'contract': {'object': '书级实现 rank-IC = 场所实持仓名义排序 vs 下锚 mid 收益排序; 不
  PASS T3b healthy = OK judged — {'n_post_deploy': 30, 'judged': True, 'level': 'OK', 'contract': {'object': '书级实现 rank-IC = 场所实持仓名义排序 vs 下锚 mid 收益排序; 不是
  PASS T3c ALERT on r24 < p5 — {'n_post_deploy': 34, 'judged': True, 'level': 'ALERT', 'contract': {'object': '书级实现 rank-IC = 场所实持仓名义排序 vs 下锚 mid 收益排序;
  PASS T3d DECIDE on r24 < p1 — {'n_post_deploy': 24, 'judged': True, 'level': 'DECIDE', 'contract': {'object': '书级实现 rank-IC = 场所实持仓名义排序 vs 下锚 mid 收益排序
  PASS T3e pre-window rows excluded — rows before WINDOW_START_TS must not be judged
  PASS T4 beta history pushed AFTER ic computation — idx ic=8107 push=8503
  PASS T5a plist exists
  PASS T5b plist runs ops/ic_monitor.py
  PASS T6 known anchors skipped — []
  PASS T7a OBJECT / CALIB_IDENTITY are byte-for-byte the task-book strings
  PASS T7b every page body (ALERT/DECIDE, RECOVERED, INCOMPLETE) carries BOTH lines
  PASS T7c contract block: object + calibration identity + the three thresholds, equal to constants — {'object': '书级实现 rank-IC = 场所实持仓名义排序 vs 下锚 mid 收益排序; 不是模型分数 IC, 不是扣费净收益', 'calibration': '阈值标定: α=0.05/band=0.002 离线书(2026-08-10, 9821 锚); 在役 α=0.1/band=0.00025
  PASS T7d breach body prints R48_P1 and names the gate that fired (audit gap: 09-10 DECIDE was r48-triggered and the page showed only r24 thresholds) — [ic_monitor #55] DECIDE: 触发门=r48<R48_P1. r24=+0.01000, r48=-0.02000, β-resid r24=None, n=48. 阈值: ALERT r24<-0.02277; DECIDE r24<-0.04425 或 r
  PASS T7e breach body carries the data frontier and both window censuses
  PASS T8a DECIDE→OK delivers exactly one INFO RECOVERED; OK→OK delivers nothing
  PASS T8c never-delivered → OK delivers nothing
  PASS T8b ALERT→OK also recovers (transition from either breach level)
  PASS T8d legacy live state {last_ALERT, last_DECIDE} migrates to last level DECIDE and recovers
DELIVERY NOT OFFBOX (NOT_CONFIGURED): [ic_monitor #55] RECOVERED: 24/48 锚均值回到所用阈值以上 — 不等于 alpha 恢复. r24=+0.05000, r48=+0.05000, n=60, 判窗=r24,r48. 阈值: ALERT r24<-0.02277; DECIDE r24<-0.04425 或 r48<-0.01656. 数据前沿=2026-08-20T08:00Z; r24 窗 期望24 实有24 完整; r48 窗 期望48 实有48 完整.
书级实现 rank-IC = 场所实持仓名义排序 vs 下锚 mid 收益排序; 不是模型分数 IC, 不是扣费净收益
阈值标定: α=0.05/band=0.002 离线书(2026-08-10, 9821 锚); 在役 α=0.1/band=0.00025 — 阈值未按在役形态重标, 5%/1% 概率含义不适用
  PASS T8e a RECOVERED that did not leave the box keeps last level DECIDE, so the next run retries (exactly one DELIVERED page, not exactly one attempt)
  PASS T8f r48 still negative is said explicitly in the RECOVERED body — [ic_monitor #55] RECOVERED: 24/48 锚均值回到所用阈值以上 — 不等于 alpha 恢复. r24=+0.02000, r48=-0.00500, n=48, 判窗=r24,r48. r48 仍 <0 (-0.00500). 阈值: ALERT r24<-0.02277; DECIDE 
  PASS T8g a healthy r48>=0 RECOVERED body does NOT claim r48<0
  PASS T8h a delivered DECIDE records last_delivered_level=DECIDE + last_DECIDE, and the same level inside 24h is not re-paged (existing cooldown preserved)
  PASS T8i state file carries the contract block and the last evaluation census
  PASS T9a 4 anchors missing from the trailing 24 (and 6 from the 48) ⇒ INCOMPLETE, census exact, missing anchors listed by ISO
  PASS T9b 2 missing (r24) / 4 missing (r48) are within tolerance ⇒ complete, judged OK — {'now': 1787230860.0, 'frontier_ts': 1787212800, 'frontier': '2026-08-20T08:00Z', 'mature_lag_s': 3600, 'r24': {'expected': 24, 'present': 22, 'missing': 2, 'max_missing': 2, 'missing_anchors': ['2026
  PASS T9c a frozen ledger 3 days behind the clock is INCOMPLETE, not OK
  PASS T9d INCOMPLETE delivers one INFO page naming the missing anchors, at most once per 24h
  PASS T9d' an INCOMPLETE page does not touch last_delivered_level
  PASS T9e r48 window incomplete ⇒ an r48 below R48_P1 does NOT fire DECIDE; judged on r24 only
  PASS T9f the statistic is unchanged: r24/r48 are still the mean of the last 24/48 ledger rows (holes stretch the calendar span, the gate refuses to judge, the number is the same number)
  PASS T9g replay of the real 2026-09-12 01:30Z evaluation: r24=+0.00472 r48=-0.01104 n=176 reproduced; census: r24 missing exactly the 09-09 08/12/16/20Z flatten anchors (E-0909-G), r48 missing 9 (+09-06 08Z..09-07 00Z stop-loss day) ⇒ INCOMPLETE under the gate — n=176 r24=0.00472 r48=-0.01104 level=INCOMPLETE miss24=['2026-09-09T08:00Z', '2026-09-09T12:00Z', '2026-09-09T16:00Z', '2026-09-09T20:00Z']
  PASS T10a `--check` does NOT load .env at import (TELEGRAM_* stay unset with a fake .env present) — {'tok': False, 'tn': False}
  PASS T10a' `--dry` likewise
  PASS T10b the default (launchd, no flag) invocation STILL loads .env — the tests_env_loading property is kept, the monitor stays in the alarm-capable population — {'tok': True, 'tn': False}
  PASS T10c main(--check) then main(--dry) on the real readbacks: ledger/state/evals sha unchanged, evals never created, telegram_notify never imported, no network, no audit row, no .env — {'same': True, 'evals_absent': True, 'tn': False, 'tok': False, 'audit': False, 'lvl': 'INCOMPLETE', 'same_verdict': True}
  PASS T11 every page body is tier-A PUSH under alarm_policy (no MEASURE/EXPECTED word in the text) — {'breach': ('PUSH', 'UNRECOGNISED'), 'recovered': ('PUSH', 'UNRECOGNISED'), 'incomplete': ('PUSH', 'UNRECOGNISED'), 'breach_from_ok_verdict': ('PUSH', 'UNRECOGNISED')}
  PASS T11' bodies fit the telegram cap with margin
  PASS M7 injection target matches exactly once — count=1
  PASS M7 remove OBJECT from the page tail ⇒ T7b goes red
  PASS M8 injection target matches exactly once — count=1
  PASS M8 delete the ALERT/DECIDE→OK transition ⇒ T8a and T8d go red
  PASS M9 injection target matches exactly once — count=1
  PASS M9 disable the freshness gate ⇒ T9a (hole), T9c (frozen ledger) and T9e (r48 DECIDE through an incomplete window) go red
  PASS M10 injection target matches exactly once — count=1
  PASS M10 remove the argv gate ⇒ `--check` loads .env again ⇒ T10a goes red

tests_ic_monitor: ALL PASS
