# W6 battery #5 — PRISTINE 918559f in a fresh detached worktree /Users/haosiyu/cc_tmp/exec_w6_ledger_918559f WITH the run tree's state/live copied in (rsync from /Users/haosiyu/dl_quant_live/state/live, read-only source; 43 ledger days incl. today's trip/flatten), no .env (⇒ tests_env_loading expected RED). The control for battery #4. started 20260912T142241Z
# command: cd /Users/haosiyu/cc_tmp/exec_w6_ledger_918559f && bash run_acceptance.sh
SUITE                        EXIT   LOG
----------------------------------------------------------------
tests_imports                0      /Users/haosiyu/cc_tmp/exec_w6_ledger_918559f/state/acceptance/20260912T142241Z_tests_imports.log
drift_gate                   0      /Users/haosiyu/cc_tmp/exec_w6_ledger_918559f/state/acceptance/20260912T142241Z_drift_gate.log
tests_binance_broker         0      /Users/haosiyu/cc_tmp/exec_w6_ledger_918559f/state/acceptance/20260912T142241Z_tests_binance_broker.log
tests_binance_executor       0      /Users/haosiyu/cc_tmp/exec_w6_ledger_918559f/state/acceptance/20260912T142241Z_tests_binance_executor.log
tests_binance_funding        0      /Users/haosiyu/cc_tmp/exec_w6_ledger_918559f/state/acceptance/20260912T142241Z_tests_binance_funding.log
tests_watchdog               0      /Users/haosiyu/cc_tmp/exec_w6_ledger_918559f/state/acceptance/20260912T142241Z_tests_watchdog.log
tests_pilot_log              0      /Users/haosiyu/cc_tmp/exec_w6_ledger_918559f/state/acceptance/20260912T142241Z_tests_pilot_log.log
tests_signal_and_loop        0      /Users/haosiyu/cc_tmp/exec_w6_ledger_918559f/state/acceptance/20260912T142241Z_tests_signal_and_loop.log
tests_entrypoint_wiring      0      /Users/haosiyu/cc_tmp/exec_w6_ledger_918559f/state/acceptance/20260912T142241Z_tests_entrypoint_wiring.log
tests_telegram_notify        0      /Users/haosiyu/cc_tmp/exec_w6_ledger_918559f/state/acceptance/20260912T142241Z_tests_telegram_notify.log
tests_markout_pacing         0      /Users/haosiyu/cc_tmp/exec_w6_ledger_918559f/state/acceptance/20260912T142241Z_tests_markout_pacing.log
tests_markout_window         0      /Users/haosiyu/cc_tmp/exec_w6_ledger_918559f/state/acceptance/20260912T142241Z_tests_markout_window.log
tests_markout_import         0      /Users/haosiyu/cc_tmp/exec_w6_ledger_918559f/state/acceptance/20260912T142241Z_tests_markout_import.log
tests_reject_rate            0      /Users/haosiyu/cc_tmp/exec_w6_ledger_918559f/state/acceptance/20260912T142241Z_tests_reject_rate.log
tests_requote_experiment     0      /Users/haosiyu/cc_tmp/exec_w6_ledger_918559f/state/acceptance/20260912T142241Z_tests_requote_experiment.log
tests_sigma_ladder           0      /Users/haosiyu/cc_tmp/exec_w6_ledger_918559f/state/acceptance/20260912T142241Z_tests_sigma_ladder.log
tests_inference_parity       0      /Users/haosiyu/cc_tmp/exec_w6_ledger_918559f/state/acceptance/20260912T142241Z_tests_inference_parity.log
tests_panel_build            0      /Users/haosiyu/cc_tmp/exec_w6_ledger_918559f/state/acceptance/20260912T142241Z_tests_panel_build.log
tests_risk_budget            0      /Users/haosiyu/cc_tmp/exec_w6_ledger_918559f/state/acceptance/20260912T142241Z_tests_risk_budget.log
tests_harvest_ema            0      /Users/haosiyu/cc_tmp/exec_w6_ledger_918559f/state/acceptance/20260912T142241Z_tests_harvest_ema.log
tests_manifest_consistency   0      /Users/haosiyu/cc_tmp/exec_w6_ledger_918559f/state/acceptance/20260912T142241Z_tests_manifest_consistency.log
tests_channel_causality      0      /Users/haosiyu/cc_tmp/exec_w6_ledger_918559f/state/acceptance/20260912T142241Z_tests_channel_causality.log
tests_static_names           0      /Users/haosiyu/cc_tmp/exec_w6_ledger_918559f/state/acceptance/20260912T142241Z_tests_static_names.log
tests_factor_health          0      /Users/haosiyu/cc_tmp/exec_w6_ledger_918559f/state/acceptance/20260912T142241Z_tests_factor_health.log
tests_state_root             0      /Users/haosiyu/cc_tmp/exec_w6_ledger_918559f/state/acceptance/20260912T142241Z_tests_state_root.log
tests_nosleep                0      /Users/haosiyu/cc_tmp/exec_w6_ledger_918559f/state/acceptance/20260912T142241Z_tests_nosleep.log
tests_venue_fills            0      /Users/haosiyu/cc_tmp/exec_w6_ledger_918559f/state/acceptance/20260912T142241Z_tests_venue_fills.log
tests_artifact_assertions    0      /Users/haosiyu/cc_tmp/exec_w6_ledger_918559f/state/acceptance/20260912T142241Z_tests_artifact_assertions.log
metrics_freeze               0      /Users/haosiyu/cc_tmp/exec_w6_ledger_918559f/state/acceptance/20260912T142241Z_metrics_freeze.log
gate_coverage                0      /Users/haosiyu/cc_tmp/exec_w6_ledger_918559f/state/acceptance/20260912T142241Z_gate_coverage.log
tests_trip_page              0      /Users/haosiyu/cc_tmp/exec_w6_ledger_918559f/state/acceptance/20260912T142241Z_tests_trip_page.log
tests_topup_leg_fill         0      /Users/haosiyu/cc_tmp/exec_w6_ledger_918559f/state/acceptance/20260912T142241Z_tests_topup_leg_fill.log
tests_flatten_ladder         0      /Users/haosiyu/cc_tmp/exec_w6_ledger_918559f/state/acceptance/20260912T142241Z_tests_flatten_ladder.log
tests_readback_universe      0      /Users/haosiyu/cc_tmp/exec_w6_ledger_918559f/state/acceptance/20260912T142241Z_tests_readback_universe.log
tests_market_maxqty          0      /Users/haosiyu/cc_tmp/exec_w6_ledger_918559f/state/acceptance/20260912T142241Z_tests_market_maxqty.log
tests_flatten_rows           0      /Users/haosiyu/cc_tmp/exec_w6_ledger_918559f/state/acceptance/20260912T142241Z_tests_flatten_rows.log
tests_scoped_writes          0      /Users/haosiyu/cc_tmp/exec_w6_ledger_918559f/state/acceptance/20260912T142241Z_tests_scoped_writes.log
tests_m4_rowtype             0      /Users/haosiyu/cc_tmp/exec_w6_ledger_918559f/state/acceptance/20260912T142241Z_tests_m4_rowtype.log
tests_ghost_rows             0      /Users/haosiyu/cc_tmp/exec_w6_ledger_918559f/state/acceptance/20260912T142241Z_tests_ghost_rows.log
tests_drift_gate             0      /Users/haosiyu/cc_tmp/exec_w6_ledger_918559f/state/acceptance/20260912T142241Z_tests_drift_gate.log
tests_persistence_and_dust   0      /Users/haosiyu/cc_tmp/exec_w6_ledger_918559f/state/acceptance/20260912T142241Z_tests_persistence_and_dust.log
tests_read_failure_visibility 0      /Users/haosiyu/cc_tmp/exec_w6_ledger_918559f/state/acceptance/20260912T142241Z_tests_read_failure_visibility.log
tests_acceptance_entrypoints 0      /Users/haosiyu/cc_tmp/exec_w6_ledger_918559f/state/acceptance/20260912T142241Z_tests_acceptance_entrypoints.log
tests_score_anchor_selection 0      /Users/haosiyu/cc_tmp/exec_w6_ledger_918559f/state/acceptance/20260912T142241Z_tests_score_anchor_selection.log
tests_cond6_eligibility      0      /Users/haosiyu/cc_tmp/exec_w6_ledger_918559f/state/acceptance/20260912T142241Z_tests_cond6_eligibility.log
tests_venue_error_classification 0      /Users/haosiyu/cc_tmp/exec_w6_ledger_918559f/state/acceptance/20260912T142241Z_tests_venue_error_classification.log
tests_rehearsal_anchor       0      /Users/haosiyu/cc_tmp/exec_w6_ledger_918559f/state/acceptance/20260912T142241Z_tests_rehearsal_anchor.log
tests_reconcile_qty_caliber  0      /Users/haosiyu/cc_tmp/exec_w6_ledger_918559f/state/acceptance/20260912T142241Z_tests_reconcile_qty_caliber.log
tests_flatten_record         0      /Users/haosiyu/cc_tmp/exec_w6_ledger_918559f/state/acceptance/20260912T142241Z_tests_flatten_record.log
tests_fill_collection_gap    0      /Users/haosiyu/cc_tmp/exec_w6_ledger_918559f/state/acceptance/20260912T142241Z_tests_fill_collection_gap.log
tests_fill_backfill          0      /Users/haosiyu/cc_tmp/exec_w6_ledger_918559f/state/acceptance/20260912T142241Z_tests_fill_backfill.log
tests_universe_guard         0      /Users/haosiyu/cc_tmp/exec_w6_ledger_918559f/state/acceptance/20260912T142241Z_tests_universe_guard.log
tests_frozen_inputs          0      /Users/haosiyu/cc_tmp/exec_w6_ledger_918559f/state/acceptance/20260912T142241Z_tests_frozen_inputs.log
tests_nav_staleness          0      /Users/haosiyu/cc_tmp/exec_w6_ledger_918559f/state/acceptance/20260912T142241Z_tests_nav_staleness.log
tests_avgpx_backfill         0      /Users/haosiyu/cc_tmp/exec_w6_ledger_918559f/state/acceptance/20260912T142241Z_tests_avgpx_backfill.log
