# W6 (c) old-code-red proof — live/tests_unknown_size_local_response.py (FINAL T8 suite, byte-identical to commit 3308cbc's) run against a worktree at fe97e46 = (a)+(b)+(1)(2)(3)(6) WITHOUT (c)
# worktree: /Users/haosiyu/cc_tmp/exec_w6_a  HEAD=fe97e46a1b15903330add9f0e361ff17146fcb1c  run: 2026-09-12T15:52:08Z  suite sha256: 5a055b62b0d956b3ca0f352038c1ccd533bc26496b12fe563f33d73fa4b45790
# command: cd /Users/haosiyu/cc_tmp/exec_w6_a && PYTHONDONTWRITEBYTECODE=1 PYTHONPYCACHEPREFIX=state/pycache_void ACCEPTANCE_INNER=1 /usr/bin/python3 live/tests_unknown_size_local_response.py
# the run ends in a Traceback at the first cell whose attribute does not exist without (c) — that is the red, stated as such
[T8.0] the switch defaults to False (review 563e3470 blocks default-ON); reconcile records the eligibility either way
  FAIL  ★★★ T8.0 watchdog.UNKNOWN_SIZE_LOCAL_RESPONSE exists and DEFAULTS to False (option C; the review blocked ON — C1/C2/C3; the 13:19Z word stands recorded in DESIGN §4)  — ABSENT
  FAIL  ★ T8.0 thresholds frozen in reconcile: 2% of gross, 5 names
  FAIL  ★★★ T8.0 the PRISTINE real 12Z rows: (1) re-derives the persisted clamp contradiction ⇒ 0 anomalies, nothing for (c) to respond to (the venue asked for LESS)  — ({}, ())
  FAIL  ★★★ T8.0 the re-shaped rows (venue origQty ABOVE ours — not a clamp, (1) keeps the contradiction): 2 execution_of_unknown_size, ELIGIBLE — 2 names, Σ|intended| 1524.32 USDT = 0.65% of gross 235,497, both venue-self-consistent  — {'eligible': None, 'names': None, 'sum_intended_usdt': None, 'gross_ref_usdt': None, 'frac': None, 'why': None}
  FAIL  ★★ T8.0 each anomaly carries its evidence: venue_consistent ok, known −position, expected_if_known 0, residual 0; intended_usdt  — [None, None]
  FAIL  ★★ T8.0 `latest` is UNCHANGED (2) and `latest_if_local_response` is empty — the partition is a second list, not a rewrite  — (2, None)

[T8.A] switch False (the DEFAULT, option C): the incident's response, unchanged
  FAIL  ★★★ T8.A tripped, §4-5b AND §4-7 in the triggers, the ladder ran (reduce-only key set, degradation record), no local response  — (["§4-5b liquidation/position anomaly on 2 name(s) at the latest reconciled anchor (2 in this window's history)", '§4-7 un-recovered position drift'], ['halt_opening_orders', 'set_reduce_only'])
  OK    ★★★ T8.A2 switch False on a HELD book: the ladder flattens the WHOLE book — MEME, POPCAT and the unrelated OTHERUSDT (contrast: T8.F flattens the named name only)  — [('MEMEUSDT', 1000.0), ('POPCATUSDT', 500.0), ('OTHERUSDT', 100.0)]
  FAIL  ★★ T8.A the 5b detail still says what WOULD have been local: state ANOMALOUS, local_response.eligible True, active False, switch False  — None
  FAIL  ★ T8.A §4-7 drift True from the same reconcile; its record shows the switch off and 2 names for drift  — None

[T8.B] switch True (option A, explicitly ON): halt opening + alert + re-check those names; the book is NOT flattened
  FAIL  ★★★ T8.B NOT tripped, no trigger, one local response naming MEME + POPCAT  — (True, ["§4-5b liquidation/position anomaly on 2 name(s) at the latest reconciled anchor (2 in this window's history)", '§4-7 un-recovered position drift'], None)
  FAIL  ★★★ T8.B broker: halt_opening_orders YES, flatten_all NO, reduce-only key NOT set  — ['halt_opening_orders', 'set_reduce_only']
  FAIL  ★★ T8.B 5b state LOCAL, n 0 for the trigger, n_latest_all 2, local_response.active True  — {'state': 'ANOMALOUS', 'n': 2, 'n_latest_all': None, 'triggered': True}
  FAIL  ★★★ T8.B §4-7 reads the SAME partition: drift False, cond7 not triggered, record shows switch True / 0 names for drift / 2 in all  — (True, None)
  FAIL  ★★ T8.B the response record: names, open_halted, re-check saw both names flat (venue 0 = expected 0 ⇒ no flatten), no errors  — {}
  FAIL  ★★ T8.B state.json: kind local_response, tripped_at set (the anchor's 0b halt re-applies the opening halt), open_orders_halted True, no degradation, resume text says NOT flattened  — {'kind': None, 'tripped_at': '2026-09-12T15:52:09Z', 'open_orders_halted': True, 'reduce_only': True}
  FAIL  ★★ T8.B ALARM.log: one HIGH line naming both names, book_flattened False, human_action_required  — [{'ts': '2026-09-12T15:52:09Z', 'severity': 'HIGH', 'msg': 'STOP-LOSS TRIPPED — book flattened, reduce-only engaged', 'reason': "§4-5b liquidation/position anomaly on 2 name(s) at the latest reconciled anchor (2 in this window's history); §4-7 un-recovered position drift", 'errors': [], 'flatten_ok': True, 'open_orders_halted': True, 'human_action_required': True}]
  FAIL  ★ T8.B events.jsonl: one row flagged local_response with the broker's actions  — [{'ts': '2026-09-12T15:52:09Z', 'triggers': ["§4-5b liquidation/position anomaly on 2 name(s) at the latest reconciled anchor (2 in this window's history)", '§4-7 un-recovered position drift'], 'actions': [{'action': 'halt_opening_orders', 'reason': "§4-5b liquidation/position anomaly on 2 name(s) at the latest reconciled anchor (2 in this window's history); §4-7 un-recovered position drift", 'sub
  FAIL  ★ T8.B last_eval.json written with the local response (a reader can see why nothing tripped)  — no local_responses in last_eval.json

[T8.C] switch True, 6 names ⇒ not eligible ⇒ the full ladder
  FAIL  ★★ T8.C reconcile: 6 execution_of_unknown_size, NOT eligible, why names > 5  — ()
  FAIL  ★★★ T8.C watchdog with the switch ON: tripped, the full ladder ran, no local response, §4-7 drift True  — (True, ['halt_opening_orders', 'set_reduce_only'])

[T8.D] switch True, 3% of gross ⇒ the full ladder
  FAIL  ★★ T8.D reconcile: eligible False, frac ≈ 3.2% > 2%  — ()
  FAIL  ★★★ T8.D watchdog with the switch ON: tripped, full ladder  — (True, ['halt_opening_orders', 'set_reduce_only'])
  FAIL  ★ T8.D boundary: Σ|intended| just UNDER 2% stays eligible (the threshold is ≤)

[T8.E] switch True, venue records NOT self-consistent ⇒ the full ladder
  FAIL  ★★ T8.E a residual under the dust floor (5000 × 0.000525 = 2.6 USDT) is still self-consistent — dust is dust  — {}
  FAIL  ★★★ T8.E readback 20,000 contracts (10.5 USDT) beyond position + known ⇒ NOT self-consistent, NOT eligible  — {}
  FAIL  ★★★ T8.E watchdog with the switch ON: tripped, full ladder  — (True, ['halt_opening_orders', 'set_reduce_only'])
  FAIL  ★★★ T8.E child fills that do not determine the confirmed quantity ⇒ NOT self-consistent, NOT eligible (C1: with the origQty string the shape no longer holds ⇒ 'contradiction of another kind'; without a string ⇒ 'do not determine')  — {}
  FAIL  ★ T8.E a row without a known quantity ⇒ NOT self-consistent

[T8.F] switch True, eligible, the venue re-read still holds a name
  FAIL  ★★ T8.F 1000 contracts (0.525 USDT) unexplained: BELOW dust ⇒ recorded, no order  — None
  FAIL  ★★★ T8.F 100,000 contracts (52.5 USDT) unexplained ⇒ flatten_all called for MEME ONLY (sell 100000, reduce_only), OTHERUSDT untouched  — ([{'action': 'flatten_all', 'reason': "§4-5b liquidation/position anomaly on 2 name(s) at the latest reconciled anchor (2 in this window's history); §4-7 un-recovered position drift", 'n_orders': 2, 'orders': [{'symbol': 'MEMEUSDT', 'side': 'sell', 'quantity': 100000.0, 'reduce_only': True, '_exec': {'submitted': True, 'error': None, 'filled_notional': -52.5, 'avg_fill_px': 0.000525, 'fill_ts': 17
  FAIL  ★★ T8.F the flatten left rows: 1 protective_flatten order row for MEME (in the scoped pilot_log), a readback row written  — (None, None, [{'anchor_ts': 1789228329.25514, 'symbol': 'MEMEUSDT', 'side': 'sell', 'target_w': 0.0, 'prev_w': None, 'intended_notional': -52.5, 'order_type': 'protective_flatten', 'submit_ts': 1789228329.25514, 'price_submit': None, 'mid_at_submit': 0.000525, 'mid_at_anchor': None, 'filled_notional': -52.5, 'avg_fill_px': 0.000525, 'first_fill_ts': 1789228329.25471, 'last_fill_ts': 1789228329.254
  FAIL  ★ T8.F still not a trip: opening halted, book not flattened, state kind local_response

[T8.G] switch True, another anomaly kind / no gross reference ⇒ the full ladder
  FAIL  ★★ T8.G a quantity_residual anomaly (ZZZUSDT 100 → 0 with no order) beside the two ⇒ NOT eligible  — ()
  FAIL  ★★★ T8.G watchdog with the switch ON: tripped, full ladder  — (True, ['halt_opening_orders', 'set_reduce_only'])
  FAIL  ★★ T8.G no anchors row ⇒ no gross reference ⇒ NOT eligible (fail closed)  — ()
  FAIL  ★★ T8.G …and the watchdog with the switch ON trips the full ladder

[T8.R] review 563e3470: C1 contradictions of another kind, row.known ≠ Σ C, gross_ref +Inf; C2 the reduce's sign boundary
  FAIL  ★★★ T8.R C1: Q10 / C4 / row known 4 / readback 0→4, with a FOREIGN-orderId `inconsistent` ⇒ the anomaly stands AND venue_consistent is FALSE (a contradiction of another kind) ⇒ NOT eligible (review: was eligible)  — None
  FAIL  ★★★ T8.R C1: no contradiction, but row known 9 ≠ Σ request C 4 (readback 0→9 'closes') ⇒ venue_consistent FALSE ('row known part ≠ Σ request confirmed') ⇒ NOT eligible (review: was 'self-consistent')  — None
  FAIL  ★★ T8.R C1 control: the same row with known 4 == Σ C 4, no contradiction, readback 0→4 ⇒ venue_consistent TRUE (the sum check is the discriminator)  — None
Traceback (most recent call last):
  File "/Users/haosiyu/cc_tmp/exec_w6_a/live/tests_unknown_size_local_response.py", line 420, in <module>
    _recR4["n_anomalies_by_kind"] == {} and RC._is_evidenced_clamp_kind(_oR4[0]["request_ledger"][0]) is True, _recR4["n_anomalies_by_kind"])
AttributeError: module 'reconcile' has no attribute '_is_evidenced_clamp_kind'
# exit code: 1
