# W8 flatten reconciliation — EXTERNAL FILE-LEVEL MUTANTS on a COPY of the ledger and the watchdog event log
# tree /Users/haosiyu/cc_tmp/w8_mut_wt @ e22a222; state/live there is a copy (regular files, inodes differ from ~/dl_quant_live)
# E1 delete one protective_flatten row · E2 move one row's filled_notional by +0.01 · E3 no event log · E4 no action record for 09-12
# E0 untouched and E5 after restore must be green; the copy is restored byte-identical (cmp) before E5
# ==================================================================
mutant tree HEAD e22a222
=== E0_untouched_copy: rc=0 n_FAIL=0
     recon extra: {'reconciled_exactly': 10, 'rows_reconciled': 1708, 'mismatched': {}, 'NOT_OBSERVABLE_no_action_record': []}
  deleted one flatten row: True
=== E1_delete_one_flatten_row: rc=1 n_FAIL=2
       FAIL  ★★★ a TRIP-FLATTENED batch's ledger rows are EXACTLY the ladder's own `flatten_all` orders (the watchdog's actio
       FAIL  ★★★ the exact flatten reconciliation is LOAD-BEARING, on a real client-id batch AND on a real content-key batch:
     recon extra: {'reconciled_exactly': 9, 'rows_reconciled': 1453, 'mismatched': {'FLATTEN-20260912T124737Z': ['count: ledger 254 vs action 255', "1 action order(s) with no ledger row, e.g. [('client_id', 'F20260912124738-ETHUSDT-1')]", 'Σ filled (signed): ledger 584.27 vs action 969.60']}, 'NOT_OBSERVABLE_no_action_record': [
  moved one flatten row by one cent: True
=== E2_move_one_row_one_cent: rc=1 n_FAIL=2
       FAIL  ★★★ a TRIP-FLATTENED batch's ledger rows are EXACTLY the ladder's own `flatten_all` orders (the watchdog's actio
       FAIL  ★★★ the exact flatten reconciliation is LOAD-BEARING, on a real client-id batch AND on a real content-key batch:
     recon extra: {'reconciled_exactly': 9, 'rows_reconciled': 1453, 'mismatched': {'FLATTEN-20260912T124737Z': ["('client_id', 'F20260912124738-ETHUSDT-1'): filled_notional ledger 385.34064 vs action 385.33064", 'Σ filled (signed): ledger 969.61 vs action 969.60', 'Σ|filled|: ledger 235382.56 vs action 235382.55']}, 'NOT_OBSERV
=== E3_no_event_log: rc=1 n_FAIL=3
       FAIL  ★★★ a TRIP-FLATTENED batch's ledger rows are EXACTLY the ladder's own `flatten_all` orders (the watchdog's actio
       FAIL  ★★★ ...and the join is on the order's own IDENTITY (client_id) wherever the ladder minted one. The batches whose
       FAIL  ★★★ the exact flatten reconciliation is LOAD-BEARING, on a real client-id batch AND on a real content-key batch:
     recon extra: NOT OBSERVABLE: no watchdog event log at state/live/watchdog/events.jsonl
  removed flatten_all actions from the 12:47:37Z record: 1
=== E4_no_action_record_for_0912: rc=1 n_FAIL=3
       FAIL  ★★★ a TRIP-FLATTENED batch's ledger rows are EXACTLY the ladder's own `flatten_all` orders (the watchdog's actio
       FAIL  ★★★ ...and the join is on the order's own IDENTITY (client_id) wherever the ladder minted one. The batches whose
       FAIL  ★★★ the exact flatten reconciliation is LOAD-BEARING, on a real client-id batch AND on a real content-key batch:
     recon extra: {'reconciled_exactly': 9, 'rows_reconciled': 1453, 'mismatched': {}, 'NOT_OBSERVABLE_no_action_record': ['FLATTEN-20260912T124737Z']}
COPY restored byte-identical
=== E5_restored_copy: rc=0 n_FAIL=0
     recon extra: {'reconciled_exactly': 10, 'rows_reconciled': 1708, 'mismatched': {}, 'NOT_OBSERVABLE_no_action_record': []}

# ================= driver =================
# #!/bin/bash
# # External mutants for the flatten reconciliation, on a COPY of the ledger and event log (never the live tree).
# set -u
# WT=/Users/haosiyu/cc_tmp/w8_mut_wt
# OUT=/Users/haosiyu/cc_tmp/w8_ext_mut; rm -rf "$OUT"; mkdir -p "$OUT"
# git -C "$WT" checkout -q --force e22a2227420a401eb75d78a37786e6777a1f16a9
# echo "mutant tree HEAD $(git -C "$WT" rev-parse --short HEAD)"
# ORD="$WT/state/live/pilot_log/20260912/orders.jsonl"
# EVT="$WT/state/live/watchdog/events.jsonl"
# cp "$ORD" "$OUT/orders.bak"; cp "$EVT" "$OUT/events.bak"
# run() {  # $1 label
#   out=$(cd "$WT" && python3 live/tests_disposition_matrix.py 2>&1); rc=$?
#   echo "$out" > "$OUT/$1.log"
#   echo "=== $1: rc=$rc n_FAIL=$(echo "$out" | grep -c '^  FAIL')"
#   echo "$out" | grep "^  FAIL" | cut -c1-120 | sed 's/^/     /'
#   echo "$out" | grep "EXACTLY the ladder" | grep -v "^FAILURES" | sed 's/.*  — /     recon extra: /' | cut -c1-330
# }
# restore() { cp "$OUT/orders.bak" "$ORD"; cp "$OUT/events.bak" "$EVT"; }
# run E0_untouched_copy
# # E1: delete ONE protective_flatten row (the first 09-12 flatten row) from the COPY
# python3 - "$ORD" <<'PY'
# import sys, json
# p=sys.argv[1]; L=open(p).read().splitlines(); out=[]; done=False
# for l in L:
#     if not done and l.strip() and json.loads(l).get("order_type")=="protective_flatten":
#         done=True; continue
#     out.append(l)
# open(p,"w").write("\n".join(out)+"\n"); print("  deleted one flatten row:", done)
# PY
# run E1_delete_one_flatten_row; restore
# # E2: move ONE flatten row's filled_notional by one cent in the COPY
# python3 - "$ORD" <<'PY'
# import sys, json
# p=sys.argv[1]; L=open(p).read().splitlines(); out=[]; done=False
# for l in L:
#     if not done and l.strip():
#         r=json.loads(l)
#         if r.get("order_type")=="protective_flatten":
#             r["filled_notional"]=float(r["filled_notional"])+0.01; l=json.dumps(r); done=True
#     out.append(l)
# open(p,"w").write("\n".join(out)+"\n"); print("  moved one flatten row by one cent:", done)
# PY
# run E2_move_one_row_one_cent; restore
# # E3: no event log at all in the COPY
# mv "$EVT" "$OUT/events.moved"
# run E3_no_event_log; mv "$OUT/events.moved" "$EVT"; restore
# # E4: drop the 09-12 flatten_all action from the COPY of the event log
# python3 - "$EVT" <<'PY'
# import sys, json
# p=sys.argv[1]; L=open(p).read().splitlines(); out=[]; n=0
# for l in L:
#     if l.strip():
#         try: e=json.loads(l)
#         except Exception: out.append(l); continue
#         if str(e.get("ts","")).startswith("2026-09-12T12:47:37"):
#             acts=[a for a in (e.get("actions") or []) if a.get("action")!="flatten_all"]
#             n+=len(e.get("actions") or [])-len(acts); e["actions"]=acts; l=json.dumps(e)
#     out.append(l)
# open(p,"w").write("\n".join(out)+"\n"); print("  removed flatten_all actions from the 12:47:37Z record:", n)
# PY
# run E4_no_action_record_for_0912; restore
# cmp -s "$ORD" "$OUT/orders.bak" && cmp -s "$EVT" "$OUT/events.bak" && echo "COPY restored byte-identical" || echo "RESTORE MISMATCH"
# run E5_restored_copy
