# W9 F-VERSIONS 2026-09-13T09:19:43Z: /usr/bin/python3 docs/receipts/w9_fact_stop_path_versions.py (reads git objects of ~/dl_quant_live, read-only; git's 'path not in <rev>' stderr lines for files that did not exist yet are dropped)
version  commit_time               zero_loop+call  stop_into_untr  apply_withhold  clamp_held      withhold_pop    reshape_after   to_notional     active_sets     ext.target_vec  ext.held_not_i
8c636b6  (parent of 0bcc089)       -               -               995ea18b        03db73da        4bc5915f        7d7c219c        f8960ab0        -               -               -             
0bcc089  2026-08-20T10:28:15+08:00 88603990        48c428a3        995ea18b        03db73da        4bc5915f        7d7c219c        f8960ab0        1d69f59f        -               -               (changed: zero_loop+call,stop_into_untradable,active_sets)
572e89d  2026-08-20T12:17:27+08:00 88603990        48c428a3        995ea18b        03db73da        4bc5915f        7d7c219c        f8960ab0        1d69f59f        -               -             
1482720  2026-08-21T19:18:46+08:00 88603990        48c428a3        995ea18b        03db73da        4bc5915f        7d7c219c        f8960ab0        1d69f59f        -               -             
cf3fd9f  2026-08-22T12:13:35+08:00 88603990        48c428a3        995ea18b        03db73da        4bc5915f        7d7c219c        f8960ab0        1d69f59f        504f2ca9        -               (changed: ext.target_vector)
2652f95  2026-08-22T12:51:49+08:00 88603990        48c428a3        995ea18b        03db73da        4bc5915f        7d7c219c        f8960ab0        1d69f59f        d4b06a99        c78a47b9        (changed: ext.target_vector,ext.held_not_in_target)
4b8ca20  2026-09-04T17:34:30+08:00 88603990        48c428a3        995ea18b        03db73da        4bc5915f        7d7c219c        f8960ab0        1d69f59f        d4b06a99        c78a47b9      
d59649f  2026-09-05T18:29:02+08:00 88603990        48c428a3        995ea18b        03db73da        4bc5915f        7d7c219c        f8960ab0        1d69f59f        d4b06a99        c78a47b9      
0ae54cc  2026-09-06T09:01:55+08:00 88603990        48c428a3        995ea18b        03db73da        4bc5915f        7d7c219c        f8960ab0        1d69f59f        d4b06a99        c78a47b9      
64c4a16  2026-09-08T14:42:28+08:00 88603990        48c428a3        995ea18b        03db73da        4bc5915f        7d7c219c        f8960ab0        1d69f59f        d4b06a99        c78a47b9      
d040c74  2026-09-09T22:07:20+08:00 88603990        48c428a3        995ea18b        03db73da        4bc5915f        7d7c219c        f8960ab0        1d69f59f        d4b06a99        c78a47b9      
961a858  2026-09-09T23:54:54+08:00 88603990        48c428a3        995ea18b        03db73da        4bc5915f        7d7c219c        f8960ab0        1d69f59f        d4b06a99        c78a47b9      
d73b1b0  2026-09-10T09:52:06+08:00 88603990        48c428a3        995ea18b        03db73da        4bc5915f        7d7c219c        f8960ab0        1d69f59f        d4b06a99        c78a47b9      
3ff5e00  2026-09-10T10:38:28+08:00 88603990        48c428a3        995ea18b        03db73da        4bc5915f        7d7c219c        f8960ab0        1d69f59f        d4b06a99        c78a47b9      
82e0cbf  2026-09-10T11:12:42+08:00 88603990        48c428a3        995ea18b        03db73da        4bc5915f        7d7c219c        f8960ab0        1d69f59f        d4b06a99        c78a47b9      
b840ed9  2026-09-10T14:14:18+08:00 88603990        48c428a3        995ea18b        03db73da        4bc5915f        7d7c219c        f8960ab0        1d69f59f        d4b06a99        c78a47b9      
07929ed  2026-09-10T15:40:10+08:00 88603990        48c428a3        995ea18b        03db73da        4bc5915f        7d7c219c        f8960ab0        1d69f59f        d4b06a99        c78a47b9      
5dc120a  2026-09-10T17:02:44+08:00 88603990        48c428a3        995ea18b        03db73da        4bc5915f        7d7c219c        f8960ab0        1d69f59f        d4b06a99        c78a47b9      
2381030  2026-09-10T18:06:51+08:00 88603990        48c428a3        995ea18b        03db73da        4bc5915f        7d7c219c        f8960ab0        1d69f59f        d4b06a99        c78a47b9      
5f2dd75  2026-09-11T00:22:09+08:00 88603990        48c428a3        995ea18b        03db73da        4bc5915f        7d7c219c        f8960ab0        1d69f59f        d4b06a99        c78a47b9      
82f1a6c  2026-09-11T06:55:06+08:00 88603990        48c428a3        995ea18b        03db73da        4bc5915f        7d7c219c        f8960ab0        1d69f59f        d4b06a99        c78a47b9      
c22ae49  2026-09-11T07:09:06+08:00 88603990        48c428a3        995ea18b        03db73da        4bc5915f        7d7c219c        f8960ab0        1d69f59f        d4b06a99        c78a47b9      
# exit code: 0
