# X1: every check() call site, bf581eb vs the final (a)(b) head 8113eed — labels and conditions compared as AST source text
== live/tests_disposition_matrix.py: static check() sites bf581eb 54 -> 8113eed 56 (loops expand at run time)
   labels removed or rewritten: 1; labels added: 3; same label with a different condition: 0
   REWRITTEN label (old text kept as prefix): "★★★ COMPLETENESS of a TRIP-FLATTENED batch is an EXACT reconciliation against the ladder' ...
     old condition: bool(_flat_state) and (not _flat_notobs) and (not _flat_mism) and (len(_flat_exact) == len(_flat_state))
     new condition: _flat_required is not None and set(_flat_batches) == _flat_required and (not _flat_missing) and bool(_flat_state) and (not _flat_notobs) and (not _flat_mism) and (len(_flat_exact) == len(_flat_state))
     old condition is a verbatim suffix of the new one (only conjuncts PREPENDED): True
     new label starts with the old label text: True
   NEW label: '★★★ R3-A2 the POPULATION is LOAD-BEARING, on the real ledger: drop ONE WHOLE batch of `protective_flatten` ro ...
   NEW label: "★★ ...and the population's other edges are named, not guessed: a batch whose actions listed NO order has no r ...
== live/tests_reduce_only_clamp.py: static check() sites bf581eb 75 -> 8113eed 86 (loops expand at run time)
   labels removed or rewritten: 0; labels added: 11; same label with a different condition: 0
   NEW label: '★★★ T12 positive control: submit origQty 8 and allOrders/re-query origQty 8 — ONE capacity ⇒ `clamped` {ours  ...
   NEW label: "★★★ T12 negative control: the second record carries ANOTHER orderId (9, the venue acknowledged 7) ⇒ still not ...
   NEW label: '★★★ T12 a TERMINAL record does not rescue a capacity conflict: submit origQty 8 (C 4, open) then a CANCELED a ...
   NEW label: "★★★ T12 CHAIN, the false-closure case — POST origQty 6 (C 6), allOrders/re-query origQty 8 (C 6, still open): ...
   NEW label: "★★★ T12 CHAIN ⇒ reconcile: the other record's capacity 8 filling (short 10 → short 2) is INSIDE [C 6, Qs 10]  ...
   NEW label: '★★★ T12 CHAIN positive control, consistent 8/8 (C 4, open): qty_venue 8, `clamped` venue 8, no `capacity_conf ...
   NEW label: '★★★ T12 CHAIN positive control, consistent 8/8 closing (POST C 4 open, allOrders FILLED C 8): capacity closur ...
   NEW label: '★★ T12 the ledger accessors read the conflict FIRST: a request row carrying `capacity_conflict` is bounded by ...
   NEW label: "★★ T12 the premise is pinned, not assumed: no runtime module (live/ scheduler/ ops/, tests excluded) sends an ...
   NEW label: f'★★★ T12 settlement: submit origQty {_f:g} then allOrders/re-query origQty {_s:g} (C {_c:g}, still open) ⇒ ca ...
   NEW label: f"★★★ T12 CHAIN, both orders — POST origQty {_f:g} then allOrders/re-query origQty {_s:g} (C 4, open): no `qty ...
