# X1 R3-A1 OLD-CODE RED: tests_reduce_only_clamp.py from 15a81ba run on a clean worktree at bf581eb (/Users/haosiyu/cc_tmp/x1_ledger), 2026-09-13T07:33:35Z
# test file sha256 f46728f9e3958bd4ed9f3e95ef648ddd9d575a35d4c5230fc3eb78b8e203cbde; runtime HEAD bf581ebd0ae7b83df1b13f2e0bf7dbc0023989d8
[F] fixture validity — the copied rows say what ERROR_LEDGER E-0912-A says
  OK    F1/F3 MEMEUSDT: our order reduce_only sell 1933986, venue response reduceOnly true origQty 1933692 (= 08Z position)  — (1933986.0, '1933692', 1933692.0)
  OK    F3 MEMEUSDT: Σ child fills == origQty, 12Z readback 0  — (1933692.0, 0.0)
  OK    F4/F5 MEMEUSDT: the OLD verdict on the live row — 'differs from ours', ledger_inconsistent, filled_amount_unknown  — filled_amount_unknown
  OK    F1/F3 POPCATUSDT: our order reduce_only sell 10435, venue response reduceOnly true origQty 10434 (= 08Z position)  — (10435.0, '10434', 10434.0)
  OK    F3 POPCATUSDT: Σ child fills == origQty, 12Z readback 0  — (10434.0, 0.0)
  OK    F4/F5 POPCATUSDT: the OLD verdict on the live row — 'differs from ours', ledger_inconsistent, filled_amount_unknown  — filled_amount_unknown
  OK    ★★★ T7-persisted: reconcile on the REAL persisted 12Z rows (they still carry the old gate's ledger_inconsistent + 'differs from ours') RE-DERIVES the verdict from the ledger contents ⇒ 0 anomalies, both names KNOWN with residual 0 (OLD CODE: 2 × execution_of_unknown_size)  — ({}, {'MEMEUSDT': {'residual_qty': 0.0, 'residual_usdt_signed': 0.0, 'residual_qty_raw': 0.0, 'authorised_band_qty': [0.0, 0.0], 'expected_qty': 0.0, 'observed_qty': 0.0, 'mark_used': 0.000525, 'mark_source': 'readback(T1) notional / qty (no usable mark at T2)'}, 'POPCATUSDT': {'residual_qty': 0.0, 'residual_usdt_signed': 0.0, 'residual_qty_raw': 0.0, 'authorised_band_qty': [0.0, 0.0], 'expected_q
  OK    ★★ T7-persisted MEMEUSDT: the maker row's quantity is KNOWN = confirmed_qty −1933692 ('request ledger re-derived')  — (-1933692.0, 'known', 'request ledger re-derived (E-0912-A): venue-clamped reduce-only request(s), child fills determine the quantity')
  OK    ★★ T7-persisted POPCATUSDT: the maker row's quantity is KNOWN = confirmed_qty −10434 ('request ledger re-derived')  — (-10434.0, 'known', 'request ledger re-derived (E-0912-A): venue-clamped reduce-only request(s), child fills determine the quantity')
  OK    ★★★ T7-persisted ctl: child fills that do NOT sum to the confirmed quantity ⇒ still unquantifiable (the origQty string is not enough)  — ('request ledger inconsistent (fills beyond / against / non-finite for a request): A1789215839-MEMEUSDT-1: A1789215839-MEMEUSDT-1: identity: submit response: submit response origQty 1933692.0 differs from ours 1933986.0', 'unquantifiable')
  OK    ★★★ T7-persisted ctl: |confirmed| > |qty| (the venue filled MORE than we asked) ⇒ still unquantifiable
  OK    ★★★ T7-persisted ctl: a row-level 'confirmed more than requested' beside the clamp string ⇒ still unquantifiable, and the reason names it  — request ledger inconsistent (fills beyond / against / non-finite for a request): A1789215839-MEMEUSDT-1: confirmed more than requested
  OK    ★★★ T7-persisted ctl: a SIDE identity mismatch ⇒ still unquantifiable (only the origQty value comparison re-derives)
  OK    ★★ T7-persisted ctl: a MALFORMED origQty ⇒ still unquantifiable
  OK    ★★ T7-persisted ctl: a confirmed quantity on the WRONG side of the request ⇒ still unquantifiable
  OK    ★ T7-persisted ctl: a recorded venue capacity BELOW the confirmed quantity ⇒ still unquantifiable
  OK    ★ T7-persisted ctl: a flagged row WITHOUT a ledger to re-derive from keeps its flag (unquantifiable)
  OK    ★★★ T7-persisted ctl: the string says the venue's origQty was ABOVE ours (1935920 vs 1933986) — the venue asked for MORE, children ≤ ours notwithstanding ⇒ still unquantifiable  — ('request ledger inconsistent (fills beyond / against / non-finite for a request): A1789215839-MEMEUSDT-1: A1789215839-MEMEUSDT-1: identity: submit response: submit response origQty 1935920.0 differs from ours 1933986.0', 'unquantifiable')
  OK    ★★ T7-persisted ctl: a string whose 'ours' is not this request's qty is not about this request ⇒ still unquantifiable
  OK    ★ T7-persisted ctl: an origQty string without the two numbers re-derives nothing ⇒ still unquantifiable
  OK    ★ T7-persisted: the top-up rows (`skipped_unknown_fill`, never sent) are structural zeros, as before

[T1] the REAL 12Z responses: fourth state `clamped`, orig_qty = the position, no `inconsistent`
  OK    ★★★ T1 MEMEUSDT: submit_identity_mismatch(real response, real order) is None  — None
  OK    ★★★ T1 MEMEUSDT: last_fill_details carries clamped {ours 1933986, venue 1933692} and NO inconsistent  — {'inconsistent': None, 'clamped': {'ours': 1933986.0, 'venue': 1933692.0, 'why': 'reduceOnly clamped to position'}}
  OK    ★★ T1 MEMEUSDT: orig_qty is the venue's value (the position), status NEW, quantity not yet read (executed 0 on a non-terminal)  — {'orig_qty': 1933692.0, 'status': 'NEW', 'executed_qty': None}
  OK    ★★★ T1 MEMEUSDT: settlement gate (submit response + FILLED record) ⇒ FOUND, executed_qty −1933692 final, amount final, clamped on the facts  — {'executed_qty': -1933692.0, 'executed_qty_final': True, 'filled_notional': -1015.1883, 'inconsistent': [], 'clamped': {'ours': 1933986.0, 'venue': 1933692.0, 'why': 'reduceOnly clamped to position'}, 'settled': 'allOrders record merged with the k-cancel response, status FILLED'}
  OK    ★★★ T1 POPCATUSDT: submit_identity_mismatch(real response, real order) is None  — None
  OK    ★★★ T1 POPCATUSDT: last_fill_details carries clamped {ours 10435, venue 10434} and NO inconsistent  — {'inconsistent': None, 'clamped': {'ours': 10435.0, 'venue': 10434.0, 'why': 'reduceOnly clamped to position'}}
  OK    ★★ T1 POPCATUSDT: orig_qty is the venue's value (the position), status NEW, quantity not yet read (executed 0 on a non-terminal)  — {'orig_qty': 10434.0, 'status': 'NEW', 'executed_qty': None}
  OK    ★★★ T1 POPCATUSDT: settlement gate (submit response + FILLED record) ⇒ FOUND, executed_qty −10434 final, amount final, clamped on the facts  — {'executed_qty': -10434.0, 'executed_qty_final': True, 'filled_notional': -509.07486, 'inconsistent': [], 'clamped': {'ours': 10435.0, 'venue': 10434.0, 'why': 'reduceOnly clamped to position'}, 'settled': 'allOrders record merged with the k-cancel response, status FILLED'}

[T2] origQty ABOVE ours on the same reduceOnly record ⇒ still a mismatch (no loosening)
  OK    ★★★ T2 direct: origQty 1934000 > ours 1933986 ⇒ 'differs from ours'  — response origQty 1934000.0 differs from ours 1933986.0
  OK    ★★ T2 direct: last_fill_details ⇒ inconsistent, no clamped  — submit identity: response origQty 1934000.0 differs from ours 1933986.0
  OK    ★★★ T2 settlement: the allOrders record's origQty above ours ⇒ UNKNOWN, unmeasurable ('record origQty differs')  — [{'symbol': 'MEMEUSDT', 'cid': 'A1789215839-MEMEUSDT-1', 'verdict': 'UNKNOWN', 'why': 'allOrders record: record origQty differs from the quantity we sent'}]
  OK    ★★ T2 settlement: the SUBMIT response's origQty above ours ⇒ UNKNOWN ('submit response origQty … differs')  — [{'symbol': 'MEMEUSDT', 'cid': 'A1789215839-MEMEUSDT-1', 'verdict': 'UNKNOWN', 'why': 'submit response: submit response origQty 1934000.0 differs from ours 1933986.0'}]
  OK    ★ T2 rule: reduce_only_clamp is None for equal (within 1e-6), above, zero and absent origQty
  OK    ★ T2 tolerance untouched: 1933986 vs 1933985.999 (0.5e-9 rel) equal; vs 1933983 (1.5e-6 rel, not reduceOnly) differs

[T3] a non-reduceOnly origQty difference ⇒ still a mismatch
  OK    ★★★ T3 our order NOT reduce-only, record not reduceOnly, origQty below ours ⇒ 'differs from ours'  — response origQty 1933692.0 differs from ours 1933986.0
  OK    ★★★ T3 our order reduce-only but the RECORD does not say reduceOnly ⇒ 'differs from ours' (the record must say so)  — response origQty 1933692.0 differs from ours 1933986.0
  OK    ★★ T3 settlement: plan row not reduce_only ⇒ UNKNOWN even though the record says reduceOnly  — [{'symbol': 'MEMEUSDT', 'cid': 'A1789215839-MEMEUSDT-1', 'verdict': 'UNKNOWN', 'why': 'submit response: submit response origQty 1933692.0 differs from ours 1933986.0'}]
  OK    ★ T3 record flag reading: True / 'true' / 'TRUE ' say reduceOnly; False / 'false' / 1 / None do not

[T4] the wrong side ⇒ mismatch, clamp or not
  OK    ★★★ T4 direct: response side BUY on our SELL, origQty clamped ⇒ mismatch names the side  — response side 'BUY' is not ours ('SELL')
  OK    ★★ T4 settlement: record side contradicts the plan ⇒ UNKNOWN  — [{'symbol': 'MEMEUSDT', 'cid': 'A1789215839-MEMEUSDT-1', 'verdict': 'UNKNOWN', 'why': 'allOrders record: record side contradicts the plan'}]
  OK    ★★ T4 settlement: SUBMIT response side BUY ⇒ UNKNOWN  — [{'symbol': 'MEMEUSDT', 'cid': 'A1789215839-MEMEUSDT-1', 'verdict': 'UNKNOWN', 'why': "submit response: submit response side 'BUY' is not ours ('SELL')"}]
  OK    ★ T4 re-query gate: a clamped record is ours; a clamped record on the wrong side is not

[T5] plan(): a full exit is the POSITION in contracts, not delta / mid
  OK    ★ F2 arithmetic reproduced: floor(delta/mid) gives the live quantities 1933986 / 10435 (> position)  — (-1933986.0, -10435.0)
  OK    ★★★ T5 MEMEUSDT: qty == −1933692 (the position), side sell, reduce_only, qty_source venue_position_qty  — {'qty': -1933692.0, 'side': 'sell', 'reduce_only': True, 'qty_source': 'venue_position_qty', 'skip': None}
  OK    ★★★ T5 POPCATUSDT: qty == −10434 (the position), side sell, reduce_only, qty_source venue_position_qty  — {'qty': -10434.0, 'side': 'sell', 'reduce_only': True, 'qty_source': 'venue_position_qty', 'skip': None}
  OK    ★★ T5 neighbour: a non-exit row (target 100, held 50 @ mid 2) is untouched — qty 25 from delta/mid, no qty_source  — {'symbol': 'XUSDT', 'target_notional': 100.0, 'prev_notional': 50.0, 'delta_notional': 50.0, 'mid_at_anchor': 2.0, 'target_w': 1.0, 'prev_w': 0.5, 'reduce_only': False, 'qty': 25.0, 'side': 'buy'}
  OK    ★ T5 the exit row keeps its notional record: prev_notional = cached book, delta_notional = −cached, target_w 0

[T6] plan(): no quantity in the readback ⇒ the old path, labelled
  OK    ★★★ T6 held_qty {} ⇒ qty −1933986 (delta/mid, the F2 value) and qty_source notional_over_mid  — {'qty': -1933986.0, 'qty_source': 'notional_over_mid', 'qty_source_note': 'readback carried no quantity for this name'}
  OK    ★★ T6 held_qty None (DRY_RUN / failed read) ⇒ the same fallback  — -10435.0
  OK    ★★ T6 a held quantity whose sign disagrees with the cached book (venue short, cache long) ⇒ fallback with the sign note; the other name takes the venue path  — {'MEMEUSDT': (-1933986.0, 'notional_over_mid'), 'POPCATUSDT': (-10434.0, 'venue_position_qty')}
  OK    ★ T6 a held quantity of 0 is 'no quantity' (never a zero-size order): fallback
  OK    ★★ T5/T6 wiring: anchor_loop passes held_qty from the SAME account snapshot that fills state['positions'] (positions_contracts → _held_qty → plan)  — wiring strings not found in anchor_loop.py

[T7] END TO END: plan → submit_maker (real POST answers) → complete_anchor (cancel / SYNTHETIC allOrders terminal record / real userTrades) → reconcile vs real readbacks
  OK    ★ T7 chain shape: 2 maker POSTs only (no top-up sent), 2 cancels answered -2011, allOrders + userTrades read per name  — [('POST', '/fapi/v1/order'), ('POST', '/fapi/v1/order'), ('DELETE', '/fapi/v1/order'), ('DELETE', '/fapi/v1/order'), ('GET', '/fapi/v1/allOrders'), ('GET', '/fapi/v1/allOrders'), ('GET', '/fapi/v1/userTrades'), ('GET', '/fapi/v1/userTrades')]
  OK    ★★ T7 MEME: residual −0.058 USDT ⇒ maker partial_expired + top-up skipped_min_notional (nothing sent); POPCAT: residual 0 ⇒ maker filled, no top-up row  — {'MEMEUSDT': ('partial_expired', 'skipped_min_notional'), 'POPCATUSDT': ('filled', None)}
  OK    ★★★ T7 MEMEUSDT maker row: closed by the venue's records — filled_qty −1933692, NO ledger_inconsistent, NOT filled_amount_unknown  — {'terminal_reason': 'partial_expired', 'filled_qty': -1933692.0, 'filled_notional': -1015.1883, 'ledger_inconsistent': None}
  OK    ★★ T7 MEMEUSDT request ledger: qty −1933986 (what we sent, kept), qty_venue −1933692 (the capacity), clamped record, child fills joined, final  — {'qty': -1933986.0, 'qty_venue': -1933692.0, 'clamped': {'ours': 1933986.0, 'venue': 1933692.0, 'why': 'reduceOnly clamped to position'}, 'confirmed_qty': -1933692.0, 'confirmed_qty_final': True, 'terminal': True, 'trade_qty': {'376472584': 560266.0, '376472585': 782806.0, '376472586': 590620.0}}
  OK    ★ T7 MEMEUSDT maker row: fee stamped from the real child fills (Σ commission), filled_notional = Σ child quotes  — (0.20303766, -1015.1883)
  OK    ★★★ T7 POPCATUSDT maker row: closed by the venue's records — filled_qty −10434, NO ledger_inconsistent, NOT filled_amount_unknown  — {'terminal_reason': 'filled', 'filled_qty': -10434.0, 'filled_notional': -509.07486, 'ledger_inconsistent': None}
  OK    ★★ T7 POPCATUSDT request ledger: qty −10435 (what we sent, kept), qty_venue −10434 (the capacity), clamped record, child fills joined, final  — {'qty': -10435.0, 'qty_venue': -10434.0, 'clamped': {'ours': 10435.0, 'venue': 10434.0, 'why': 'reduceOnly clamped to position'}, 'confirmed_qty': -10434.0, 'confirmed_qty_final': True, 'terminal': True, 'trade_qty': {'278395713': 8433.0, '278395714': 2001.0}}
  OK    ★ T7 POPCATUSDT maker row: fee stamped from the real child fills (Σ commission), filled_notional = Σ child quotes  — (0.10181496000000001, -509.07486)
  OK    ★★★ T7 reconcile vs the REAL 08Z→12Z readbacks: 0 anomalies (OLD CODE: 2 × execution_of_unknown_size)  — {}
  OK    ★★★ T7 both names MEASURED with residual 0 (expected 0 = position + execution, observed 0); nothing unmeasurable  — {'MEMEUSDT': {'residual_qty': 0.0, 'residual_usdt_signed': 0.0, 'residual_qty_raw': 0.0, 'authorised_band_qty': [0.0, 0.0], 'expected_qty': 0.0, 'observed_qty': 0.0, 'mark_used': 0.000525, 'mark_source': 'readback(T1) notional / qty (no usable mark at T2)'}, 'POPCATUSDT': {'residual_qty': 0.0, 'residual_usdt_signed': 0.0, 'residual_qty_raw': 0.0, 'authorised_band_qty': [0.0, 0.0], 'expected_qty': 
  OK    ★ T7 no HIGH/CRITICAL alarm about unreadable fills / UNKNOWN names on this chain  — [('HIGH', "order rows: emitted 3, persisted 0 (no logger attached).  — the pilot's entire output is reconstructed from these rows."), ('HIGH', 'fill rows: built 5, persisted 0 (no logger attached).  — M2 (markout) has no other input than this table.')]

[T7-ctl] the same chain with the venue answering origQty ABOVE ours ⇒ the contradiction path is intact (2 anomalies)
  OK    ★★★ T7-ctl origQty = ours × 1.001 on both responses/records ⇒ maker rows filled_amount_unknown with ledger_inconsistent ⇒ 2 × execution_of_unknown_size  — ({'execution_of_unknown_size': 2}, [('MEMEUSDT', 'filled_amount_unknown'), ('MEMEUSDT', 'skipped_unknown_fill'), ('POPCATUSDT', 'filled_amount_unknown'), ('POPCATUSDT', 'skipped_unknown_fill')])

[T3-alarm] the phase-B settlement alarm names each UNKNOWN name's actual reason (first 120 chars), not '满页或查询失败'
  OK    ★★★ T3-alarm: on the T7-ctl chain (origQty above ours ⇒ UNKNOWN) the alarm names both names with the reason class 'origQty … differs from ours', and never says '满页或查询失败' for them  — ['阶段 B 歧义 maker 结算: 查到 0 / 确认未下达 0 / 仍 UNKNOWN 2 — 逐名原因: MEMEUSDT: submit response: submit response origQty 1935920.0 differs from ours 1933986.0; POPCATUSDT: submit response: submit response origQty 10446.0 differs from ours 10435.0; UNKNOWN 名不补单, 其 maker 行带请求量作授权带']
  OK    ★ T3-alarm: HIGH severity, and the UNKNOWN count is 2  — ['阶段 B 歧义 maker 结算: 查到 0 / 确认未下达 0 / 仍 UNKNOWN 2 — 逐名原因: MEMEUSDT: submit response', "2 symbol(s) reported a filled QUANTITY with no readable amount (['MEMEUSDT', 'PO", '2 name(s) had unreadable fills; their top-up is skipped and recorded as skipped_', "order rows: emitted 4, persisted 0 (no logger attached).  — the pilot's entire o", 'fill rows: built 5, persisted 0 (no logger attached).  — M2 (m

[T9] watchdog §4-5b / §4-7 on the real 2026-09-12 pilot_log day (fixture pilot_log/20260912, verbatim)
  OK    ★★★ T9a AS THE WATCHDOG SAW IT AT 12:47:37Z (12Z readback in, ladder readback/rows out): §4-5b CLEAN, 0 anomalies at the 12Z anchor, §4-7 CLEAN, not tripped, nothing blind (OLD CODE: ANOMALOUS 2 + DRIFT, tripped)  — ({'state': 'CLEAN', 'n': 0, 'last_reconciled_anchor_ts': 1789215841.923763, 'n_historical_anomalies': 0}, 'CLEAN', [], [])
  OK    ★★ T9a the day's history holds NO execution_of_unknown_size at all (the two false anomalies are gone from the record, not merely from the latest anchor)  — 0
  OK    ★★ T9b AS IT STANDS (the ladder's 12:50:01Z readback is the latest reconciled anchor, its 255 protective_flatten rows explain the book): §4-5b CLEAN, §4-7 CLEAN, history 0 (OLD CODE: CLEAN at this anchor too, but history 2)  — ({'state': 'CLEAN', 'n': 0, 'last_reconciled_anchor_ts': 1789217401.2960482, 'n_historical_anomalies': 0}, 'CLEAN', [])

[T10] ops/rejudge_ledger_rows.py --check: re-judges the persisted rows against the ORIGINAL evidence and writes a receipt; edits nothing
  OK    ★★★ T10 both 12Z rows re-judged KNOWN (−1933692 / −10434), none still unquantifiable; the day's files untouched  — {'MEMEUSDT': {'kind': 'known', 'quantity': -1933692.0, 'why': 'request ledger re-derived (E-0912-A): venue-clamped reduce-only request(s), child fills determine the quantity', 'standing_contradictions': []}, 'POPCATUSDT': {'kind': 'known', 'quantity': -10434.0, 'why': 'request ledger re-derived (E-0912-A): venue-clamped reduce-only request(s), child fills determine the quantity', 'standing_contrad
  OK    ★★★ T10 every request's cross-check against the ORIGINAL evidence holds: string Qv == POST origQty, POST reduceOnly ∧ we sent reduce_only, Qv < Qs, children all in the day's fills, Σ children == C, readback_after == readback_before + C  — [('MEMEUSDT', {'string_Qv_equals_post_origQty': True, 'post_says_reduceOnly_and_we_sent_reduce_only': True, 'Qv_below_Qs': True, 'children_all_in_day_fills': True, 'children_sum_equals_C': True, 'readback_after_equals_before_plus_C': True, 'all': True}), ('POPCATUSDT', {'string_Qv_equals_post_origQty': True, 'post_says_reduceOnly_and_we_sent_reduce_only': True, 'Qv_below_Qs': True, 'children_all_i
  OK    ★★ T10 the receipt carries the guards' derivation on a COPY: cond5b CLEAN / §4-7 CLEAN / not tripped / nothing blind, and lists what resume_from_trip.sh would still check  — {'cond5b': {'state': 'CLEAN', 'n': 0, 'triggered': False, 'last_reconciled_anchor_ts': 1789217401.2960482, 'n_historical_anomalies': 0}, 'cond5b_examples': [], 'cond7_drift_state': 'CLEAN', 'cond7_triggered': False, 'tripped': False, 'triggers': [], 'conditions_blind': [], 'caliber': 'WD.evaluate on a COPY of this day only; venue_events=[] (no public-path probe); §4-7 from derive_ops_stats'}
  OK    ★ T10 without the POST evidence the rule still re-judges (read-time), but no cross-check can be called true (evidence absent ≠ evidence passed)
  OK    ★★ T10 ctl: a POST record whose origQty disagrees with the persisted string ⇒ that request's cross-check is FALSE (the receipt names it), the other stays true  — {'MEMEUSDT': {'string_Qv_equals_post_origQty': False, 'post_says_reduceOnly_and_we_sent_reduce_only': True, 'Qv_below_Qs': True, 'children_all_in_day_fills': True, 'children_sum_equals_C': True, 'readback_after_equals_before_plus_C': True, 'all': False}, 'POPCATUSDT': {'string_Qv_equals_post_origQty': True, 'post_says_reduceOnly_and_we_sent_reduce_only': True, 'Qv_below_Qs': True, 'children_all_in

[T11] C4–C8 (independent review 0158f5d1): C IS A LOWER BOUND, F IS THE QUANTITY — and the re-judgment must rest on the STRUCTURED request/response, never on a regex over the diagnostic string
  OK    ★★★ C4: an OPEN clamped request is NOT an exact quantity — C is what the venue has confirmed SO FAR, and `binance_executor._settle_leg_by_identity` writes it as a lower bound. In every persisted state the row now reads as BOUNDED (known 4 + band), never `known`  — {'unknown': (4.0, 'bounded'), 'pending': (4.0, 'bounded'), 'confirmed': (4.0, 'bounded')}
  OK    ★★★ ...and the load-bearing cell: a real execution of 6 is LEGAL inside the accepted [4, 8], so the complete `reconcile` raises NO anomaly — round 1 raised a 20 USDT quantity_residual here, in all three states  — {'unknown': 0, 'pending': 0, 'confirmed': 0}
  OK    ★★★ ...and in the reviewer's own direction — held SHORT 8, BUY reduce-only, cumulative 6, left short 2 — a legal shrink of a real position, not a synthetic RO opening from flat  — {'unknown': 0, 'pending': 0, 'confirmed': 0}
  OK    ★★★ ...but PROVEN FINAL is still an exact known: venue terminal AND executed-qty-final on the same shape gives `known` 4 — the fix withholds the promotion, it does not remove the class  — (4.0, 'request ledger re-derived (E-0912-A): venue-clamped reduce-only request(s), child fills determine the quantity', 'known')
  OK    ★★★ ...and so is CAPACITY CLOSURE (|C| == Qv), which is what carries the two REAL 12Z rows: their `confirmed_qty_final` is False, and nothing more can fill because the venue accepted exactly what filled
  OK    ★★★ THE BAND IS THE ACCEPTED CAPACITY [|C|, Qv], never [|C|, |Qs|]: the producer writes `filled_unknown_qty` = 10 − 4 = 6, but the venue only ever accepted 8, so the honest remaining band is 4. A readback of 10 is therefore BEYOND what the venue agreed to and stays an anomaly  — ((0.0, 4.0), 'row band 6.0', [0, 0, 0, 1])
  OK    ★★ ...and the capacity narrowing can only NARROW: a row this rule cannot describe keeps exactly the band it had (no request ledger ⇒ no capacity claim ⇒ the producer's own 6.0)
  OK    ★★★ C5: a request that EXPLICITLY records `reduce_only: False` is not a reduce-only clamp — a shrunken origQty on it stays a contradiction, even when it is otherwise final. The real 12Z rows predate the column, so ABSENT stays absent and they re-derive on capacity closure instead  — unquantifiable
  OK    ★★★ C6: the writer JOINS a fold's contradictions with '; ' (`binance_executor` L1679/L1785), so a clamp reason carrying a FOREIGN-IDENTITY reason beside it is a string this system can produce — a substring test read it as a pure clamp. Every ';'-separated reason must be the clamp kind or nothing is re-derived  — unquantifiable
  OK    ★★★ C7: `sum()` over a dict holding NaN is NaN and `abs(NaN - 4) > 1e-9` is FALSE, so a corrupted child set used to PASS the 'the children DETERMINE the quantity' gate; and −1 with +5 is not a history of 4 filled. Both now fail CLOSED, per child, before any sum is formed  — ('unquantifiable', 'unquantifiable')
  OK    ★★ ...and a structured `qty_venue` that DISAGREES with the string's own venue number is a contradiction, not a clamp — the two readings of the accepted capacity must be the same reading
  OK    ★★★ POSITIVE CONTROL, unchanged by all of the above: the two REAL 12Z rows still re-derive, still by CAPACITY CLOSURE (|C| == Qv, `confirmed_qty_final` False), still exact, and the whole fixture day still reconciles to ZERO anomalies. Fixing C4 must not cost the case the fix was written for  — {'MEMEUSDT': [{'C': -1933692.0, 'Qv': 1933692.0, 'final': True}], 'POPCATUSDT': [{'C': -10434.0, 'Qv': 10434.0, 'final': True}]}

[T12] R3-A1 (independent review round 3 §2.1): CAPACITY IS A FACT OF THE REQUEST — every record of one request must name the SAME venue-accepted origQty; records that disagree leave the capacity UNKNOWN, never a first pick
  FAIL  ★★★ T12 settlement: submit origQty 8 then allOrders/re-query origQty 6 (C 4, still open) ⇒ capacity UNKNOWN — NO `clamped`, a named `capacity_conflict` listing every reading, the quantity not final, the name UNKNOWN as before and nothing called a contradiction (OLD CODE: `clamped` venue 8, the first record wins)  — {'clamped': {'ours': 10.0, 'venue': 8.0, 'why': 'reduceOnly clamped to position'}, 'capacity_conflict': None, 'executed_qty': 4.0, 'executed_qty_final': False, 'inconsistent': []}
  FAIL  ★★★ T12 settlement: submit origQty 6 then allOrders/re-query origQty 8 (C 4, still open) ⇒ capacity UNKNOWN — NO `clamped`, a named `capacity_conflict` listing every reading, the quantity not final, the name UNKNOWN as before and nothing called a contradiction (OLD CODE: `clamped` venue 6, the first record wins)  — {'clamped': {'ours': 10.0, 'venue': 6.0, 'why': 'reduceOnly clamped to position'}, 'capacity_conflict': None, 'executed_qty': 4.0, 'executed_qty_final': False, 'inconsistent': []}
  FAIL  ★★★ T12 settlement: submit origQty 6 then allOrders/re-query origQty 8 (C 6, still open) ⇒ capacity UNKNOWN — NO `clamped`, a named `capacity_conflict` listing every reading, the quantity not final, the name UNKNOWN as before and nothing called a contradiction (OLD CODE: `clamped` venue 6, the first record wins)  — {'clamped': {'ours': 10.0, 'venue': 6.0, 'why': 'reduceOnly clamped to position'}, 'capacity_conflict': None, 'executed_qty': 6.0, 'executed_qty_final': False, 'inconsistent': []}
  OK    ★★★ T12 positive control: submit origQty 8 and allOrders/re-query origQty 8 — ONE capacity ⇒ `clamped` {ours 10, venue 8}, no `capacity_conflict`, C 4 open (unchanged by this fix)  — {'clamped': {'ours': 10.0, 'venue': 8.0, 'why': 'reduceOnly clamped to position'}, 'capacity_conflict': None, 'executed_qty': 4.0, 'executed_qty_final': False}
  OK    ★★★ T12 negative control: the second record carries ANOTHER orderId (9, the venue acknowledged 7) ⇒ still not ours — UNKNOWN and unmeasurable, named 'acknowledged'; a capacity rule is never reached by a record that is not ours  — ['A1789215839-XUSDT-1: identity: allOrders record: record orderId 9 differs from the acknowledged 7']
  FAIL  ★★★ T12 a TERMINAL record does not rescue a capacity conflict: submit origQty 8 (C 4, open) then a CANCELED allOrders record origQty 6 (C 6) ⇒ found terminal, C 6, but `executed_qty_final` False and `capacity_conflict` named — the request stays in [C, Qs] (OLD CODE: `clamped` venue 8 and a PROVEN final 6)  — {'executed_qty': 6.0, 'executed_qty_final': True, 'clamped': {'ours': 10.0, 'venue': 8.0, 'why': 'reduceOnly clamped to position'}, 'capacity_conflict': None}
  FAIL  ★★★ T12 CHAIN, the false-closure case — POST origQty 6 (C 6), allOrders/re-query origQty 8 (C 6, still open): the request ledger carries NO `qty_venue` / `clamped`, a named `capacity_conflict`, C 6 NOT final, and the row keeps the band Qs − C = 4 (OLD CODE: qty_venue 6, the child fold calls C 6 == Qv 6 'fills reached the request quantity' ⇒ final, filled 6)  — ({'qty': 10.0, 'qty_venue': 6.0, 'clamped': {'ours': 10.0, 'venue': 6.0, 'why': 'reduceOnly clamped to position'}, 'capacity_conflict': None, 'confirmed_qty': 6.0, 'confirmed_qty_final': True, 'terminal': True, 'terminal_by': 'fills reached the request quantity'}, {'terminal_reason': 'filled', 'filled_qty': 6.0, 'filled_known_qty': 6.0, 'filled_unknown_qty': None})
  FAIL  ★★★ T12 CHAIN ⇒ reconcile: the other record's capacity 8 filling (short 10 → short 2) is INSIDE [C 6, Qs 10] ⇒ 0 anomalies (OLD CODE: the manufactured final 6 reads it as a 2-contract / 20 USDT position residual ⇒ an anomaly at the latest anchor); an execution beyond what we SENT (short 10 → long 1) is still an anomaly — the band ends at Qs, it is not removed  — ({'quantity_residual': 1}, {'quantity_residual': 1})
  FAIL  ★★★ T12 CHAIN, both orders — POST origQty 8 then allOrders/re-query origQty 6 (C 4, open): no `qty_venue`, `capacity_conflict` named, band Qs − C = 6 (OLD CODE: qty_venue 8, band 4 — the first record's capacity)  — ({'qty_venue': 8.0, 'clamped': {'ours': 10.0, 'venue': 8.0, 'why': 'reduceOnly clamped to position'}, 'capacity_conflict': None, 'confirmed_qty_final': False}, 4.0)
  FAIL  ★★★ T12 CHAIN, both orders — POST origQty 6 then allOrders/re-query origQty 8 (C 4, open): no `qty_venue`, `capacity_conflict` named, band Qs − C = 6 (OLD CODE: qty_venue 6, band 2 — the first record's capacity)  — ({'qty_venue': 6.0, 'clamped': {'ours': 10.0, 'venue': 6.0, 'why': 'reduceOnly clamped to position'}, 'capacity_conflict': None, 'confirmed_qty_final': False}, 2.0)
  OK    ★★★ T12 CHAIN positive control, consistent 8/8 (C 4, open): qty_venue 8, `clamped` venue 8, no `capacity_conflict`, band Qv − C = 4 — one agreed capacity still bounds the request by what the venue accepted  — ({'qty_venue': 8.0, 'clamped': {'ours': 10.0, 'venue': 8.0, 'why': 'reduceOnly clamped to position'}, 'capacity_conflict': None}, 4.0)
  OK    ★★★ T12 CHAIN positive control, consistent 8/8 closing (POST C 4 open, allOrders FILLED C 8): capacity closure still holds on one agreed capacity — C 8 == Qv 8 final, filled_qty 8, and reconcile short 10 → short 2 has 0 anomalies  — ({'qty_venue': 8.0, 'confirmed_qty': 8.0, 'confirmed_qty_final': True}, 8.0, 'partial_expired')
  FAIL  ★★ T12 the ledger accessors read the conflict FIRST: a request row carrying `capacity_conflict` is bounded by Qs even if a `qty_venue` / `confirmed_qty_final` sits beside it (fail wide, never closed by a capacity it cannot trust); C reaching Qs still closes it ([Qs, Qs] is inside the band)  — (6.0, True, 0.0)
  OK    ★★ T12 the premise is pinned, not assumed: no runtime module (live/ scheduler/ ops/, tests excluded) sends an order-MODIFY — every `_request` verb is a constant in {GET, POST, DELETE} and no 'PUT' literal exists. If a modify path is ever added this goes red: records after a modify are a new VERSION of the request, and capacity versions must then be designed, not assumed  — (['DELETE', 'GET', 'POST'], [])

92/101 checks passed
FAILED:
  ★★★ T12 settlement: submit origQty 8 then allOrders/re-query origQty 6 (C 4, still open) ⇒ capacity UNKNOWN — NO `clamped`, a named `capacity_conflict` listing every reading, the quantity not final, the name UNKNOWN as before and nothing called a contradiction (OLD CODE: `clamped` venue 8, the first record wins)
  ★★★ T12 settlement: submit origQty 6 then allOrders/re-query origQty 8 (C 4, still open) ⇒ capacity UNKNOWN — NO `clamped`, a named `capacity_conflict` listing every reading, the quantity not final, the name UNKNOWN as before and nothing called a contradiction (OLD CODE: `clamped` venue 6, the first record wins)
  ★★★ T12 settlement: submit origQty 6 then allOrders/re-query origQty 8 (C 6, still open) ⇒ capacity UNKNOWN — NO `clamped`, a named `capacity_conflict` listing every reading, the quantity not final, the name UNKNOWN as before and nothing called a contradiction (OLD CODE: `clamped` venue 6, the first record wins)
  ★★★ T12 a TERMINAL record does not rescue a capacity conflict: submit origQty 8 (C 4, open) then a CANCELED allOrders record origQty 6 (C 6) ⇒ found terminal, C 6, but `executed_qty_final` False and `capacity_conflict` named — the request stays in [C, Qs] (OLD CODE: `clamped` venue 8 and a PROVEN final 6)
  ★★★ T12 CHAIN, the false-closure case — POST origQty 6 (C 6), allOrders/re-query origQty 8 (C 6, still open): the request ledger carries NO `qty_venue` / `clamped`, a named `capacity_conflict`, C 6 NOT final, and the row keeps the band Qs − C = 4 (OLD CODE: qty_venue 6, the child fold calls C 6 == Qv 6 'fills reached the request quantity' ⇒ final, filled 6)
  ★★★ T12 CHAIN ⇒ reconcile: the other record's capacity 8 filling (short 10 → short 2) is INSIDE [C 6, Qs 10] ⇒ 0 anomalies (OLD CODE: the manufactured final 6 reads it as a 2-contract / 20 USDT position residual ⇒ an anomaly at the latest anchor); an execution beyond what we SENT (short 10 → long 1) is still an anomaly — the band ends at Qs, it is not removed
  ★★★ T12 CHAIN, both orders — POST origQty 8 then allOrders/re-query origQty 6 (C 4, open): no `qty_venue`, `capacity_conflict` named, band Qs − C = 6 (OLD CODE: qty_venue 8, band 4 — the first record's capacity)
  ★★★ T12 CHAIN, both orders — POST origQty 6 then allOrders/re-query origQty 8 (C 4, open): no `qty_venue`, `capacity_conflict` named, band Qs − C = 6 (OLD CODE: qty_venue 6, band 2 — the first record's capacity)
  ★★ T12 the ledger accessors read the conflict FIRST: a request row carrying `capacity_conflict` is bounded by Qs even if a `qty_venue` / `confirmed_qty_final` sits beside it (fail wide, never closed by a capacity it cannot trust); C reaching Qs still closes it ([Qs, Qs] is inside the band)
# exit code: 1
