# X1 (c) suites + clamp suite at the FINAL tip 2310bfe256c10becb828c43d8d577fbb80cab917 (clone /Users/haosiyu/cc_tmp/exec_w6; these three suites read no ledger), 2026-09-13T08:09:03Z
## tests_unknown_size_local_response
[T8.0] the switch defaults to False (review 563e3470 blocks default-ON); reconcile records the eligibility either way
  OK    ★★★ T8.0 watchdog.UNKNOWN_SIZE_LOCAL_RESPONSE exists and DEFAULTS to False (option C; the review blocked ON — C1/C2/C3; the 13:19Z word stands recorded in DESIGN §4)  — False
  OK    ★ T8.0 thresholds frozen in reconcile: 2% of gross, 5 names
  OK    ★★★ T8.0 the PRISTINE real 12Z rows: (1) re-derives the persisted clamp contradiction ⇒ 0 anomalies, nothing for (c) to respond to (the venue asked for LESS)  — ({}, ['no anomaly at the latest reconciled anchor'])
  OK    ★★★ T8.0 the re-shaped rows (venue origQty ABOVE ours — not a clamp, (1) keeps the contradiction): 2 execution_of_unknown_size, ELIGIBLE — 2 names, Σ|intended| 1524.32 USDT = 0.65% of gross 235,497, both venue-self-consistent  — {'eligible': True, 'names': ['MEMEUSDT', 'POPCATUSDT'], 'sum_intended_usdt': 1524.32117076, 'gross_ref_usdt': 235497.44337835, 'frac': 0.006472771631371925, 'why': ["2 name(s), Σ|intended| 1524.32 USDT = 0.65% of gross 235497.44, every leg's venue records self-consistent"]}
  OK    ★★ T8.0 each anomaly carries its evidence: venue_consistent ok, known −position, expected_if_known 0, residual 0; intended_usdt  — [{'ok': True, 'known_qty': -1933692.0, 'expected_if_known_qty': 0.0, 'residual_if_known_qty': 0.0, 'residual_if_known_usdt': 0.0, 'n_requests': 1, 'children_equal_confirmed': True, 'confirmed_equal_capacity': True, 'contradictions_looked_past': 1, 'why': 'child fills (within the request capacity) determine the quantity; readback == position + known part exactly'}, {'ok': True, 'known_qty': -10434.
  OK    ★★ T8.0 `latest` is UNCHANGED (2) and `latest_if_local_response` is empty — the partition is a second list, not a rewrite  — (2, [])

[T8.A] switch False (the DEFAULT, option C): the incident's response, unchanged
  OK    ★★★ T8.A tripped, §4-5b AND §4-7 in the triggers, the ladder ran (reduce-only key set, degradation record), no local response  — (["§4-5b liquidation/position anomaly on 2 name(s) at the latest reconciled anchor (2 in this window's history)", '§4-7 un-recovered position drift'], ['halt_opening_orders', 'set_reduce_only'])
  OK    ★★★ T8.A2 switch False on a HELD book: the ladder flattens the WHOLE book — MEME, POPCAT and the unrelated OTHERUSDT (contrast: T8.F flattens the named name only)  — [('MEMEUSDT', 1000.0), ('POPCATUSDT', 500.0), ('OTHERUSDT', 100.0)]
  OK    ★★ T8.A the 5b detail still says what WOULD have been local: state ANOMALOUS, local_response.eligible True, active False, switch False  — {'switch': False, 'active': False, 'eligible': True, 'names': ['MEMEUSDT', 'POPCATUSDT'], 'n': 2, 'sum_intended_usdt': 1524.32117076, 'gross_ref_usdt': 235497.44337835, 'frac': 0.006472771631371925, 'max_frac': 0.02, 'max_names': 5, 'why': ["2 name(s), Σ|intended| 1524.32 USDT = 0.65% of gross 235497.44, every leg's venue records self-consistent"]}
  OK    ★ T8.A §4-7 drift True from the same reconcile; its record shows the switch off and 2 names for drift  — {'switch': False, 'eligible': True, 'n_latest_all': 2, 'n_latest_for_drift': 2}

[T8.B] switch True (option A, explicitly ON): halt opening + alert + re-check those names; the book is NOT flattened
  OK    ★★★ T8.B NOT tripped, no trigger, one local response naming MEME + POPCAT  — (False, [], [{'kind': 'unknown_size_local', 'names': ['MEMEUSDT', 'POPCATUSDT'], 'reason': "§4-5b-local: execution_of_unknown_size on 2 name(s) ['MEMEUSDT', 'POPCATUSDT'] at the latest reconciled anchor; venue records self-consistent; Σ|intended| 1524.32 USDT = 0.65% of gross ≤ 2% — opening halted, those names re-checked reduce-only, book NOT flattened (UNKNOWN_SIZE_LOCAL_RESPONSE)", 'evidence': {
  OK    ★★★ T8.B broker: halt_opening_orders YES, flatten_all NO, reduce-only key NOT set  — ['halt_opening_orders']
  OK    ★★ T8.B 5b state LOCAL, n 0 for the trigger, n_latest_all 2, local_response.active True  — {'state': 'LOCAL', 'n': 0, 'n_latest_all': 2, 'triggered': False}
  OK    ★★★ T8.B §4-7 reads the SAME partition: drift False, cond7 not triggered, record shows switch True / 0 names for drift / 2 in all  — (False, {'switch': True, 'eligible': True, 'n_latest_all': 2, 'n_latest_for_drift': 0})
  OK    ★★ T8.B the response record: names, open_halted, re-check saw both names flat (venue 0 = expected 0 ⇒ no flatten), no errors  — {'kind': 'local_response', 'names': ['MEMEUSDT', 'POPCATUSDT'], 'order': ['halt_opening', 'recheck_named_reduce_only', 'alert'], 'open_halted': True, 'recheck': {'MEMEUSDT': {'venue_qty': 0.0, 'expected_if_known_qty': 0.0, 'unexplained_qty': 0.0, 'unexplained_usdt': None, 'mark': None, 'flatten': False, 'reduce_qty': 0.0}, 'POPCATUSDT': {'venue_qty': 0.0, 'expected_if_known_qty': 0.0, 'unexplained
  OK    ★★ T8.B state.json: kind local_response, tripped_at set (the anchor's 0b halt re-applies the opening halt), open_orders_halted True, no degradation, resume text says NOT flattened  — {'kind': 'local_response', 'tripped_at': '2026-09-13T08:09:04Z', 'open_orders_halted': True, 'reduce_only': False}
  OK    ★★ T8.B ALARM.log: one HIGH line naming both names, book_flattened False, human_action_required  — [{'ts': '2026-09-13T08:09:04Z', 'severity': 'HIGH', 'msg': '局部响应 (E-0912-A c): 2 名 execution_of_unknown_size, 场所记录自洽 — 停开仓, 仅复核这些名 (reduce-only), 全书未平; 复核后补平 0 张; 未处置(持仓少于账本解释, reduce 无法加仓) 0 名; 需人工恢复', 'reason': "§4-5b-local: execution_of_unknown_size on 2 name(s) ['MEMEUSDT', 'POPCATUSDT'] at the latest reconciled anchor; venue records self-consistent; Σ|intended| 1524.32 USDT = 0.65% of gross ≤
  OK    ★ T8.B events.jsonl: one row flagged local_response with the broker's actions  — [{'ts': '2026-09-13T08:09:04Z', 'triggers': ["§4-5b-local: execution_of_unknown_size on 2 name(s) ['MEMEUSDT', 'POPCATUSDT'] at the latest reconciled anchor; venue records self-consistent; Σ|intended| 1524.32 USDT = 0.65% of gross ≤ 2% — opening halted, those names re-checked reduce-only, book NOT flattened (UNKNOWN_SIZE_LOCAL_RESPONSE)"], 'local_response': True, 'actions': [{'action': 'halt_openi
  OK    ★ T8.B last_eval.json written with the local response (a reader can see why nothing tripped)  — no local_responses in last_eval.json

[T8.C] switch True, 6 names ⇒ not eligible ⇒ the full ladder
  OK    ★★ T8.C reconcile: 6 execution_of_unknown_size, NOT eligible, why names > 5  — ['6 names > 5']
  OK    ★★★ T8.C watchdog with the switch ON: tripped, the full ladder ran, no local response, §4-7 drift True  — (True, ['halt_opening_orders', 'set_reduce_only'])

[T8.D] switch True, 3% of gross ⇒ the full ladder
  OK    ★★ T8.D reconcile: eligible False, frac ≈ 3.2% > 2%  — ['Σ|intended| 7574.00 USDT = 3.22% of gross > 2%']
  OK    ★★★ T8.D watchdog with the switch ON: tripped, full ladder  — (True, ['halt_opening_orders', 'set_reduce_only'])
  OK    ★ T8.D boundary: Σ|intended| just UNDER 2% stays eligible (the threshold is ≤)

[T8.E] switch True, venue records NOT self-consistent ⇒ the full ladder
  OK    ★★ T8.E a residual under the dust floor (5000 × 0.000525 = 2.6 USDT) is still self-consistent — dust is dust  — {'ok': True, 'known_qty': -1933692.0, 'expected_if_known_qty': 0.0, 'residual_if_known_qty': 5000.0, 'residual_if_known_usdt': 2.625, 'n_requests': 1, 'children_equal_confirmed': True, 'confirmed_equal_capacity': True, 'contradictions_looked_past': 1, 'why': 'readback within the dust floor (2.6250 ≤ 5.0) of position + known part'}
  OK    ★★★ T8.E readback 20,000 contracts (10.5 USDT) beyond position + known ⇒ NOT self-consistent, NOT eligible  — {'ok': False, 'known_qty': -1933692.0, 'expected_if_known_qty': 0.0, 'residual_if_known_qty': 20000.0, 'residual_if_known_usdt': 10.5, 'n_requests': 1, 'children_equal_confirmed': True, 'confirmed_equal_capacity': True, 'contradictions_looked_past': 1, 'why': 'readback differs from position + known part by 20000.0 contracts ≈ 10.50 USDT (> floor 5.0)'}
  OK    ★★★ T8.E watchdog with the switch ON: tripped, full ladder  — (True, ['halt_opening_orders', 'set_reduce_only'])
  OK    ★★★ T8.E child fills that do not determine the confirmed quantity ⇒ NOT self-consistent, NOT eligible (C1: with the origQty string the shape no longer holds ⇒ 'contradiction of another kind'; without a string ⇒ 'do not determine')  — {'ok': False, 'known_qty': -10434.0, 'expected_if_known_qty': None, 'residual_if_known_qty': None, 'residual_if_known_usdt': None, 'n_requests': 1, 'children_equal_confirmed': None, 'confirmed_equal_capacity': None, 'contradictions_looked_past': 0, 'why': 'request A1789215839-POPCATUSDT-1 carries a contradiction of another kind: A1789215839-POPCATUSDT-1: identity: submit response: submit response 
  OK    ★ T8.E a row without a known quantity ⇒ NOT self-consistent

[T8.F] switch True, eligible, the venue re-read still holds a name
  OK    ★★ T8.F 1000 contracts (0.525 USDT) unexplained: BELOW dust ⇒ recorded, no order  — {'MEMEUSDT': {'venue_qty': 1000.0, 'expected_if_known_qty': 0.0, 'unexplained_qty': 1000.0, 'unexplained_usdt': 0.525, 'mark': 0.0005250000000000001, 'flatten': False, 'reduce_qty': 0.0}, 'POPCATUSDT': {'venue_qty': 0.0, 'expected_if_known_qty': 0.0, 'unexplained_qty': 0.0, 'unexplained_usdt': None, 'mark': None, 'flatten': False, 'reduce_qty': 0.0}}
  OK    ★★★ T8.F 100,000 contracts (52.5 USDT) unexplained ⇒ flatten_all called for MEME ONLY (sell 100000, reduce_only), OTHERUSDT untouched  — ([{'action': 'flatten_all', 'reason': "§4-5b-local: execution_of_unknown_size on 2 name(s) ['MEMEUSDT', 'POPCATUSDT'] at the latest reconciled anchor; venue records self-consistent; Σ|intended| 1524.32 USDT = 0.65% of gross ≤ 2% — opening halted, those names re-checked reduce-only, book NOT flattened (UNKNOWN_SIZE_LOCAL_RESPONSE)", 'n_orders': 1, 'orders': [{'symbol': 'MEMEUSDT', 'side': 'sell', '
  OK    ★★ T8.F the flatten left rows: 1 protective_flatten order row for MEME (in the scoped pilot_log), a readback row written  — (1, 2, [{'anchor_ts': 1789286944.629024, 'symbol': 'MEMEUSDT', 'side': 'sell', 'target_w': 0.0, 'prev_w': None, 'intended_notional': -52.5, 'order_type': 'protective_flatten', 'submit_ts': 1789286944.629024, 'price_submit': None, 'mid_at_submit': 0.000525, 'mid_at_anchor': None, 'filled_notional': -52.5, 'avg_fill_px': 0.000525, 'first_fill_ts': 1789286944.62902, 'last_fill_ts': 1789286944.62902, 
  OK    ★ T8.F still not a trip: opening halted, book not flattened, state kind local_response

[T8.G] switch True, another anomaly kind / no gross reference ⇒ the full ladder
  OK    ★★ T8.G a quantity_residual anomaly (ZZZUSDT 100 → 0 with no order) beside the two ⇒ NOT eligible  — ["1 anomaly(ies) of another kind at the anchor (['quantity_residual'])", 'an anomaly carries no intended notional']
  OK    ★★★ T8.G watchdog with the switch ON: tripped, full ladder  — (True, ['halt_opening_orders', 'set_reduce_only'])
  OK    ★★ T8.G no anchors row ⇒ no gross reference ⇒ NOT eligible (fail closed)  — ['no finite positive gross reference (anchors row target_gross) — cannot evaluate the gross criterion']
  OK    ★★ T8.G …and the watchdog with the switch ON trips the full ladder

[T8.R] review 563e3470: C1 contradictions of another kind, row.known ≠ Σ C, gross_ref +Inf; C2 the reduce's sign boundary
  OK    ★★★ T8.R C1: Q10 / C4 / row known 4 / readback 0→4, with a FOREIGN-orderId `inconsistent` ⇒ the anomaly stands AND venue_consistent is FALSE (a contradiction of another kind) ⇒ NOT eligible (review: was eligible)  — {'ok': False, 'known_qty': 4.0, 'expected_if_known_qty': None, 'residual_if_known_qty': None, 'residual_if_known_usdt': None, 'n_requests': 1, 'children_equal_confirmed': None, 'confirmed_equal_capacity': None, 'contradictions_looked_past': 0, 'why': 'request A1789215839-QQQUSDT-1 carries a contradiction of another kind: A1789215839-QQQUSDT-1: identity: record orderId 999 differs from the acknowle
  OK    ★★★ T8.R C1: no contradiction, but row known 9 ≠ Σ request C 4 (readback 0→9 'closes') ⇒ venue_consistent FALSE ('row known part ≠ Σ request confirmed') ⇒ NOT eligible (review: was 'self-consistent')  — {'ok': False, 'known_qty': 9.0, 'expected_if_known_qty': None, 'residual_if_known_qty': None, 'residual_if_known_usdt': None, 'n_requests': 1, 'children_equal_confirmed': None, 'confirmed_equal_capacity': None, 'contradictions_looked_past': 0, 'why': 'row known part 9.0 ≠ Σ request confirmed quantities 4.0'}
  OK    ★★ T8.R C1 control: the same row with known 4 == Σ C 4, no contradiction, readback 0→4 ⇒ venue_consistent TRUE (the sum check is the discriminator)  — {'ok': True, 'known_qty': 4.0, 'expected_if_known_qty': 4.0, 'residual_if_known_qty': 0.0, 'residual_if_known_usdt': 0.0, 'n_requests': 1, 'children_equal_confirmed': True, 'confirmed_equal_capacity': True, 'contradictions_looked_past': 0, 'why': 'child fills (within the request capacity) determine the quantity; readback == position + known part exactly'}
  OK    ★★ T8.R C1: the evidenced clamp kind (origQty text ∧ same side ∧ |C| ≤ |Q| ∧ Σ children == |C|) is the ONE contradiction looked past — here (1) re-derives it first ⇒ KNOWN, no anomaly at all  — {}
  OK    ★ T8.R C1: the clamp-kind predicate refuses a wrong side, |C| > |Q|, children ≠ C, and any non-origQty text
  OK    ★★★ T8.R C1: gross_ref = +Inf ⇒ no finite positive gross ⇒ NOT eligible (review: ratio 0 was accepted)  — ['no finite positive gross reference (anchors row target_gross) — cannot evaluate the gross criterion']
  OK    ★ T8.R C1: unknown_size_local_eligibility(latest, +Inf) and (latest, NaN) are NOT eligible even with intended 1e12
  OK    ★★★ T8.R C2: held +1000, expected +5000 (unexplained −4000): NO order — recorded not_handled (a reduce-only cannot add), no flatten_all  — {'ZZUSDT': {'venue_qty': 1000.0, 'expected_if_known_qty': 5000.0, 'unexplained_qty': -4000.0, 'unexplained_usdt': 4000.0, 'mark': 1.0, 'flatten': False, 'reduce_qty': 0.0, 'not_handled': 'the venue holds LESS than the ledger explains (the unexplained part opposes the position): a reduce-only order cannot add — recorded, no order'}}
  OK    ★★★ T8.R C2: held +5000, expected +1000 (unexplained +4000): SELL 4000 reduce-only — sign(held) × min(|diff|, |held|)  — {'ZZUSDT': {'venue_qty': 5000.0, 'expected_if_known_qty': 1000.0, 'unexplained_qty': 4000.0, 'unexplained_usdt': 4000.0, 'mark': 1.0, 'flatten': True, 'reduce_qty': 4000.0}}
  OK    ★★ T8.R C2: SHORT −3000, expected −1000 (unexplained −2000, same sign): BUY 2000 reduce-only  — {'ZZUSDT': {'venue_qty': -3000.0, 'expected_if_known_qty': -1000.0, 'unexplained_qty': -2000.0, 'unexplained_usdt': 2000.0, 'mark': 1.0, 'flatten': True, 'reduce_qty': -2000.0}}
  OK    ★★ T8.R C2: SHORT −3000, expected −9000 (we hold LESS short than explained): not_handled, no order
  OK    ★★ T8.R C2: held +50 @ mark 1 (50 USDT unexplained, above dust), expected 0 ⇒ SELL 50 (never past flat: min(|diff|, |held|))

[T8.H] a trip outranks a local response
  OK    ★★ T8.H with the switch ON and a venue-outage trigger present: tripped by §4-5a, the full ladder runs, the local set is listed but not acted on separately  — (['§4-5a venue outage: outage'], ['halt_opening_orders', 'set_reduce_only'])

50/50 checks passed
ALL PASS
# exit code: 0
## tests_position_break_blindspot
[0] the ledger is the real one, and we only read it
  OK    the production ledger is present  — /Users/haosiyu/dl_quant_live/state/testnet/pilot_log
  OK    it has the anchor this suite is about  — 2026-07-27T00:01:07Z

[A] the blind spot is now SEEN
  OK    ★★ the halted-but-holding anchor is JUDGED  — BREAK
  OK       its intent is recorded as FLAT, not the target vector  — halted_intent_flat
  OK       nothing had left the process there — it is genuinely a halted anchor
  OK    ★★ and it is a BREACH  — BREAK
  OK    ★ ...for EXPOSURE STANDING WHILE HALTED — not for the record collapse. The deviation is the whole book being held, and the book itself was close to intent; see the header  — the claim is bounded to what was measured
  OK       the number is the book that was standing  — 21424.01 USDT = 86.2% of 24864
  OK       with margin over the limit, not on top of it  — 0.862 vs limit 0.01

[B] and the self-lock did NOT come back
  OK    there are several genuinely flat halted anchors to check  — 14
  OK    ★★ every halted anchor whose book was genuinely EMPTY reads CLEAN — the self-lock is still gone, which is what this section is about  — {'07-25 21:51Z': 'CLEAN', '07-26 04:00Z': 'CLEAN', '07-26 08:01Z': 'CLEAN', '07-26 16:01Z': 'CLEAN', '07-26 20:00Z': 'CLEAN', '07-27 04:00Z': 'CLEAN', '07-27 20:00Z': 'CLEAN', '07-28 00:01Z': 'CLEAN', '07-28 12:00Z': 'CLEAN', '07-29 16:01Z': 'BREAK', '07-29 16:25Z': 'CLEAN', '07-29 20:00Z': 'CLEAN', '07-31 12:00Z': 'BREAK', '08-01 00:01Z': 'CLEAN'}
  OK       and each was actually LOOKED AT, not skipped (an affirmative clean, not a refusal)
  OK    ★★ the self-lock is still gone: every GENUINELY flat halted anchor reads CLEAN at exactly zero deviation  — 11
  OK    ★★ STATE 1/3 — the ghost event TRIPS now. Under the inherited 25% band it measured 1,219.75 USDT and returned CLEAN: the gate was never blind, the band swallowed it  — {'07-29 16:01Z': '1219.75 USDT = 13.81% -> BREAK', '07-31 12:00Z': '8783.07 USDT = 99.16% -> BREAK'}
  OK    ★★ STATE 2/3 — a small residual is NAMED but does NOT halt (DYDXUSDT, 24.38 USDT). A halt is not the only way to be told something  — {'07-29 16:25Z': '24.38 -> CLEAN, named=1'}
  OK    ★★ STATE 3/3 — a genuinely flat halted anchor is CLEAN and names nobody
  OK    ★★ the separation is not a line drawn against the data: the two real readings sit 13.8x inside and 3.6x outside the limit  — 13.81% vs 0.28% vs limit 1.0%
  OK    ★ and the row says WHICH caliber judged it, so no reader needs to know the rule
  OK    ★ the gate is not stuck: the newest verdict is clean, so a resume is possible  — CLEAN
  OK    ★ and the healthy TRADING anchors are unaffected by the change  — {'07-26 00:01Z': 'BREAK', '07-26 12:00Z': 'CLEAN', '07-27 08:01Z': 'CLEAN', '07-27 12:00Z': 'CLEAN', '07-27 16:01Z': 'CLEAN', '07-28 04:00Z': 'CLEAN', '07-28 08:01Z': 'CLEAN', '07-28 16:01Z': 'CLEAN', '07-28 20:00Z': 'CLEAN', '07-29 00:01Z': 'CLEAN', '07-29 04:00Z': 'CLEAN', '07-29 08:01Z': 'CLEAN', '07-29 12:00Z': 'CLEAN', '07-30 00:01Z': 'CLEAN', '07-30 04:00Z': 'CLEAN', '07-30 08:01Z': 'CLEAN', '07-30 12:00Z': 'CLEAN', '07-30 16:01Z': 'CLEAN', '07-30 20:00Z': 'CLEAN', '07-31 00:01Z': 'CLEAN', '07-31 04:00Z': 'CLEAN', '07-31 08:01Z': 'CLEAN', '07-31 16:01Z': 'CLEAN', '07-31 20:00Z': 'CLEAN', '08-01 04:00Z': 'CLEAN', '08-01 08:01Z': 'CLEAN'}

[C] the two mutants — the old rule, and the fix a reasonable person writes first
  OK    ★★ mutant 'old_predicate' (halted anchors never judged) puts the blind spot BACK  — the 21,424 USDT book is absent from the report entirely
  OK    ★★ mutant 'naive_fix' (judge halted anchors against the TARGET VECTOR) breaks on the genuinely flat anchors — the self-lock, reinstated  — 14 of 14 flat halted anchors would trip
  OK    ★★ ...and the decisive half stands: the naive fix reinstates the self-lock on every genuinely flat anchor, which is fatal regardless of what it does to the dangerous one  — naive-fix trips 14 flat halted anchors; dangerous anchor under naive fix = 13.9% vs limit 1.0% (it now trips too — that arm of the old argument lapsed with the 25%->1% ruling)
  OK    ★ so the fix is WHICH INTENT, not WHETHER TO JUDGE — the old rule cannot see the dangerous anchor at all, and the naive one cannot leave the flat ones alone

[D] WIRED — as a gate BESIDE §4-5b, and §4-5b's own semantics are untouched
  OK    ★★ §4-5e is wired (an unread producer is the shape this repo punishes)
  OK    ★★ and it can actually HALT — it is in hit5, and §4-5 already routes to the ladder
  OK    ★★ §4-5b's trigger is UNCHANGED: still the full `_latest`, not a filtered subset  — the refuted downgrade must not come back through this door
  OK    ★ §4-5b counts every anomaly kind; the ONE carve-out (E-0912-A (c)) is the reconcile partition behind the named switch — DEFAULT OFF (review 563e3470 blocked ON), policy thresholds 2% / 5 names  — (4, False)
  OK    ★ on the REAL ledger the newly-armed gate is quiet (arming it does not itself trip us; §4-2's own equity-caliber reading excluded)
  OK       and 5e reports through the production path  — CLEAN
  OK    ★ and the ledger was not modified by running this suite

[E] the self-lock moved, and its new position is BOUNDED — pinned here so the bound
    goes red if it stops holding, instead of quietly ceasing to be true
  OK    the fixture is the real book  — N=109 at 20260731
  OK    ★★ ONE stuck name can never lock the gate — the largest weight is far under the limit  — max |w| = 0.0302 vs limit 0.25 (8.3x under)
  OK    ★★ it takes ~10+ names even if the BIGGEST ones are the stuck ones  — worst-case k = 11
  OK       and ~28 at equal weight  — equal-weight k = 28 of N=109
  OK    ★★ the stuck position we ACTUALLY had (656.34 USDT on a 25k book) is nowhere near it  — 2.63% of gross = 11% of the limit
  OK    ★★★ ONE unflattenable name now LOCKS the gate at the flat-intent limit — measured, and flagged: under the previous 25% it took ~10  — largest weight 3.02% of gross vs flat-intent limit 1.0%
  OK    ★★ and so does the case we have ACTUALLY LIVED (two stuck names) — under 25% it did not  — 6.04% of gross, limit 1.0%
  OK    ★★ the TARGET-TRACKING bound is untouched — the ruling changed one intent's caliber, not both, and the ~10-name bound still holds where it was calibrated  — target-tracking: max |w| 3.02% vs 25%, k=11
  OK    ★★ THIRTY unflattenable names DO trigger — and that is CORRECT, not a false positive: a quarter of the book cannot be exited, and staying stopped is the right outcome  — 55.05% of gross
  OK    ★ the transition is MONOTONE — once enough is stuck it stays stuck, so the bound is a single crossing rather than a band the book can wander in and out of  — first k that triggers = 1, then 30/30 consecutive
  OK    ★ and the crossing sits where the arithmetic says — against the FLAT-INTENT limit, which is the one these halted fixtures are judged by (`_k_worst` is the target-tracking bound and belongs to the other caliber)  — measured 1 vs derived 1 at 1.0%; target-tracking would be 11 at 25%
  OK    ★ THE BOUND IS N-DEPENDENT AND THE MODULE SAYS SO IN WRITING. A bound that lives only in a reviewer's head is the shape §4-6 already paid for once (its '~18 names' is a comment asking a future reader to remember)

ALL PASS  (43 checks)
# exit code: 0
## tests_reduce_only_clamp
[F] fixture validity — the copied rows say what ERROR_LEDGER E-0912-A says
  OK    F1/F3 MEMEUSDT: our order reduce_only sell 1933986, venue response reduceOnly true origQty 1933692 (= 08Z position)  — (1933986.0, '1933692', 1933692.0)
  OK    F3 MEMEUSDT: Σ child fills == origQty, 12Z readback 0  — (1933692.0, 0.0)
  OK    F4/F5 MEMEUSDT: the OLD verdict on the live row — 'differs from ours', ledger_inconsistent, filled_amount_unknown  — filled_amount_unknown
  OK    F1/F3 POPCATUSDT: our order reduce_only sell 10435, venue response reduceOnly true origQty 10434 (= 08Z position)  — (10435.0, '10434', 10434.0)
  OK    F3 POPCATUSDT: Σ child fills == origQty, 12Z readback 0  — (10434.0, 0.0)
  OK    F4/F5 POPCATUSDT: the OLD verdict on the live row — 'differs from ours', ledger_inconsistent, filled_amount_unknown  — filled_amount_unknown
  OK    ★★★ T7-persisted: reconcile on the REAL persisted 12Z rows (they still carry the old gate's ledger_inconsistent + 'differs from ours') RE-DERIVES the verdict from the ledger contents ⇒ 0 anomalies, both names KNOWN with residual 0 (OLD CODE: 2 × execution_of_unknown_size)  — ({}, {'MEMEUSDT': {'residual_qty': 0.0, 'residual_usdt_signed': 0.0, 'residual_qty_raw': 0.0, 'authorised_band_qty': [0.0, 0.0], 'expected_qty': 0.0, 'observed_qty': 0.0, 'mark_used': 0.000525, 'mark_source': 'readback(T1) notional / qty (no usable mark at T2)'}, 'POPCATUSDT': {'residual_qty': 0.0, 'residual_usdt_signed': 0.0, 'residual_qty_raw': 0.0, 'authorised_band_qty': [0.0, 0.0], 'expected_q
  OK    ★★ T7-persisted MEMEUSDT: the maker row's quantity is KNOWN = confirmed_qty −1933692 ('request ledger re-derived')  — (-1933692.0, 'known', 'request ledger re-derived (E-0912-A): venue-clamped reduce-only request(s), child fills determine the quantity')
  OK    ★★ T7-persisted POPCATUSDT: the maker row's quantity is KNOWN = confirmed_qty −10434 ('request ledger re-derived')  — (-10434.0, 'known', 'request ledger re-derived (E-0912-A): venue-clamped reduce-only request(s), child fills determine the quantity')
  OK    ★★★ T7-persisted ctl: child fills that do NOT sum to the confirmed quantity ⇒ still unquantifiable (the origQty string is not enough)  — ('request ledger inconsistent (fills beyond / against / non-finite for a request): A1789215839-MEMEUSDT-1: A1789215839-MEMEUSDT-1: identity: submit response: submit response origQty 1933692.0 differs from ours 1933986.0', 'unquantifiable')
  OK    ★★★ T7-persisted ctl: |confirmed| > |qty| (the venue filled MORE than we asked) ⇒ still unquantifiable
  OK    ★★★ T7-persisted ctl: a row-level 'confirmed more than requested' beside the clamp string ⇒ still unquantifiable, and the reason names it  — request ledger inconsistent (fills beyond / against / non-finite for a request): A1789215839-MEMEUSDT-1: confirmed more than requested
  OK    ★★★ T7-persisted ctl: a SIDE identity mismatch ⇒ still unquantifiable (only the origQty value comparison re-derives)
  OK    ★★ T7-persisted ctl: a MALFORMED origQty ⇒ still unquantifiable
  OK    ★★ T7-persisted ctl: a confirmed quantity on the WRONG side of the request ⇒ still unquantifiable
  OK    ★ T7-persisted ctl: a recorded venue capacity BELOW the confirmed quantity ⇒ still unquantifiable
  OK    ★ T7-persisted ctl: a flagged row WITHOUT a ledger to re-derive from keeps its flag (unquantifiable)
  OK    ★★★ T7-persisted ctl: the string says the venue's origQty was ABOVE ours (1935920 vs 1933986) — the venue asked for MORE, children ≤ ours notwithstanding ⇒ still unquantifiable  — ('request ledger inconsistent (fills beyond / against / non-finite for a request): A1789215839-MEMEUSDT-1: A1789215839-MEMEUSDT-1: identity: submit response: submit response origQty 1935920.0 differs from ours 1933986.0', 'unquantifiable')
  OK    ★★ T7-persisted ctl: a string whose 'ours' is not this request's qty is not about this request ⇒ still unquantifiable
  OK    ★ T7-persisted ctl: an origQty string without the two numbers re-derives nothing ⇒ still unquantifiable
  OK    ★ T7-persisted: the top-up rows (`skipped_unknown_fill`, never sent) are structural zeros, as before

[T1] the REAL 12Z responses: fourth state `clamped`, orig_qty = the position, no `inconsistent`
  OK    ★★★ T1 MEMEUSDT: submit_identity_mismatch(real response, real order) is None  — None
  OK    ★★★ T1 MEMEUSDT: last_fill_details carries clamped {ours 1933986, venue 1933692} and NO inconsistent  — {'inconsistent': None, 'clamped': {'ours': 1933986.0, 'venue': 1933692.0, 'why': 'reduceOnly clamped to position'}}
  OK    ★★ T1 MEMEUSDT: orig_qty is the venue's value (the position), status NEW, quantity not yet read (executed 0 on a non-terminal)  — {'orig_qty': 1933692.0, 'status': 'NEW', 'executed_qty': None}
  OK    ★★★ T1 MEMEUSDT: settlement gate (submit response + FILLED record) ⇒ FOUND, executed_qty −1933692 final, amount final, clamped on the facts  — {'executed_qty': -1933692.0, 'executed_qty_final': True, 'filled_notional': -1015.1883, 'inconsistent': [], 'clamped': {'ours': 1933986.0, 'venue': 1933692.0, 'why': 'reduceOnly clamped to position'}, 'settled': 'allOrders record merged with the k-cancel response, status FILLED'}
  OK    ★★★ T1 POPCATUSDT: submit_identity_mismatch(real response, real order) is None  — None
  OK    ★★★ T1 POPCATUSDT: last_fill_details carries clamped {ours 10435, venue 10434} and NO inconsistent  — {'inconsistent': None, 'clamped': {'ours': 10435.0, 'venue': 10434.0, 'why': 'reduceOnly clamped to position'}}
  OK    ★★ T1 POPCATUSDT: orig_qty is the venue's value (the position), status NEW, quantity not yet read (executed 0 on a non-terminal)  — {'orig_qty': 10434.0, 'status': 'NEW', 'executed_qty': None}
  OK    ★★★ T1 POPCATUSDT: settlement gate (submit response + FILLED record) ⇒ FOUND, executed_qty −10434 final, amount final, clamped on the facts  — {'executed_qty': -10434.0, 'executed_qty_final': True, 'filled_notional': -509.07486, 'inconsistent': [], 'clamped': {'ours': 10435.0, 'venue': 10434.0, 'why': 'reduceOnly clamped to position'}, 'settled': 'allOrders record merged with the k-cancel response, status FILLED'}

[T2] origQty ABOVE ours on the same reduceOnly record ⇒ still a mismatch (no loosening)
  OK    ★★★ T2 direct: origQty 1934000 > ours 1933986 ⇒ 'differs from ours'  — response origQty 1934000.0 differs from ours 1933986.0
  OK    ★★ T2 direct: last_fill_details ⇒ inconsistent, no clamped  — submit identity: response origQty 1934000.0 differs from ours 1933986.0
  OK    ★★★ T2 settlement: the allOrders record's origQty above ours ⇒ UNKNOWN, unmeasurable ('record origQty differs')  — [{'symbol': 'MEMEUSDT', 'cid': 'A1789215839-MEMEUSDT-1', 'verdict': 'UNKNOWN', 'why': 'allOrders record: record origQty differs from the quantity we sent'}]
  OK    ★★ T2 settlement: the SUBMIT response's origQty above ours ⇒ UNKNOWN ('submit response origQty … differs')  — [{'symbol': 'MEMEUSDT', 'cid': 'A1789215839-MEMEUSDT-1', 'verdict': 'UNKNOWN', 'why': 'submit response: submit response origQty 1934000.0 differs from ours 1933986.0'}]
  OK    ★ T2 rule: reduce_only_clamp is None for equal (within 1e-6), above, zero and absent origQty
  OK    ★ T2 tolerance untouched: 1933986 vs 1933985.999 (0.5e-9 rel) equal; vs 1933983 (1.5e-6 rel, not reduceOnly) differs

[T3] a non-reduceOnly origQty difference ⇒ still a mismatch
  OK    ★★★ T3 our order NOT reduce-only, record not reduceOnly, origQty below ours ⇒ 'differs from ours'  — response origQty 1933692.0 differs from ours 1933986.0
  OK    ★★★ T3 our order reduce-only but the RECORD does not say reduceOnly ⇒ 'differs from ours' (the record must say so)  — response origQty 1933692.0 differs from ours 1933986.0
  OK    ★★ T3 settlement: plan row not reduce_only ⇒ UNKNOWN even though the record says reduceOnly  — [{'symbol': 'MEMEUSDT', 'cid': 'A1789215839-MEMEUSDT-1', 'verdict': 'UNKNOWN', 'why': 'submit response: submit response origQty 1933692.0 differs from ours 1933986.0'}]
  OK    ★ T3 record flag reading: True / 'true' / 'TRUE ' say reduceOnly; False / 'false' / 1 / None do not

[T4] the wrong side ⇒ mismatch, clamp or not
  OK    ★★★ T4 direct: response side BUY on our SELL, origQty clamped ⇒ mismatch names the side  — response side 'BUY' is not ours ('SELL')
  OK    ★★ T4 settlement: record side contradicts the plan ⇒ UNKNOWN  — [{'symbol': 'MEMEUSDT', 'cid': 'A1789215839-MEMEUSDT-1', 'verdict': 'UNKNOWN', 'why': 'allOrders record: record side contradicts the plan'}]
  OK    ★★ T4 settlement: SUBMIT response side BUY ⇒ UNKNOWN  — [{'symbol': 'MEMEUSDT', 'cid': 'A1789215839-MEMEUSDT-1', 'verdict': 'UNKNOWN', 'why': "submit response: submit response side 'BUY' is not ours ('SELL')"}]
  OK    ★ T4 re-query gate: a clamped record is ours; a clamped record on the wrong side is not

[T5] plan(): a full exit is the POSITION in contracts, not delta / mid
  OK    ★ F2 arithmetic reproduced: floor(delta/mid) gives the live quantities 1933986 / 10435 (> position)  — (-1933986.0, -10435.0)
  OK    ★★★ T5 MEMEUSDT: qty == −1933692 (the position), side sell, reduce_only, qty_source venue_position_qty  — {'qty': -1933692.0, 'side': 'sell', 'reduce_only': True, 'qty_source': 'venue_position_qty', 'skip': None}
  OK    ★★★ T5 POPCATUSDT: qty == −10434 (the position), side sell, reduce_only, qty_source venue_position_qty  — {'qty': -10434.0, 'side': 'sell', 'reduce_only': True, 'qty_source': 'venue_position_qty', 'skip': None}
  OK    ★★ T5 neighbour: a non-exit row (target 100, held 50 @ mid 2) is untouched — qty 25 from delta/mid, no qty_source  — {'symbol': 'XUSDT', 'target_notional': 100.0, 'prev_notional': 50.0, 'delta_notional': 50.0, 'mid_at_anchor': 2.0, 'target_w': 1.0, 'prev_w': 0.5, 'reduce_only': False, 'qty': 25.0, 'side': 'buy'}
  OK    ★ T5 the exit row keeps its notional record: prev_notional = cached book, delta_notional = −cached, target_w 0

[T6] plan(): no quantity in the readback ⇒ the old path, labelled
  OK    ★★★ T6 held_qty {} ⇒ qty −1933986 (delta/mid, the F2 value) and qty_source notional_over_mid  — {'qty': -1933986.0, 'qty_source': 'notional_over_mid', 'qty_source_note': 'readback carried no quantity for this name'}
  OK    ★★ T6 held_qty None (DRY_RUN / failed read) ⇒ the same fallback  — -10435.0
  OK    ★★ T6 a held quantity whose sign disagrees with the cached book (venue short, cache long) ⇒ fallback with the sign note; the other name takes the venue path  — {'MEMEUSDT': (-1933986.0, 'notional_over_mid'), 'POPCATUSDT': (-10434.0, 'venue_position_qty')}
  OK    ★ T6 a held quantity of 0 is 'no quantity' (never a zero-size order): fallback
  OK    ★★ T5/T6 wiring: anchor_loop passes held_qty from the SAME account snapshot that fills state['positions'] (positions_contracts → _held_qty → plan)  — wiring strings not found in anchor_loop.py

[T7] END TO END: plan → submit_maker (real POST answers) → complete_anchor (cancel / SYNTHETIC allOrders terminal record / real userTrades) → reconcile vs real readbacks
  OK    ★ T7 chain shape: 2 maker POSTs only (no top-up sent), 2 cancels answered -2011, allOrders + userTrades read per name  — [('POST', '/fapi/v1/order'), ('POST', '/fapi/v1/order'), ('DELETE', '/fapi/v1/order'), ('DELETE', '/fapi/v1/order'), ('GET', '/fapi/v1/allOrders'), ('GET', '/fapi/v1/allOrders'), ('GET', '/fapi/v1/userTrades'), ('GET', '/fapi/v1/userTrades')]
  OK    ★★ T7 MEME: residual −0.058 USDT ⇒ maker partial_expired + top-up skipped_min_notional (nothing sent); POPCAT: residual 0 ⇒ maker filled, no top-up row  — {'MEMEUSDT': ('partial_expired', 'skipped_min_notional'), 'POPCATUSDT': ('filled', None)}
  OK    ★★★ T7 MEMEUSDT maker row: closed by the venue's records — filled_qty −1933692, NO ledger_inconsistent, NOT filled_amount_unknown  — {'terminal_reason': 'partial_expired', 'filled_qty': -1933692.0, 'filled_notional': -1015.1883, 'ledger_inconsistent': None}
  OK    ★★ T7 MEMEUSDT request ledger: qty −1933986 (what we sent, kept), qty_venue −1933692 (the capacity), clamped record, child fills joined, final  — {'qty': -1933986.0, 'qty_venue': -1933692.0, 'clamped': {'ours': 1933986.0, 'venue': 1933692.0, 'why': 'reduceOnly clamped to position'}, 'confirmed_qty': -1933692.0, 'confirmed_qty_final': True, 'terminal': True, 'trade_qty': {'376472584': 560266.0, '376472585': 782806.0, '376472586': 590620.0}}
  OK    ★ T7 MEMEUSDT maker row: fee stamped from the real child fills (Σ commission), filled_notional = Σ child quotes  — (0.20303766, -1015.1883)
  OK    ★★★ T7 POPCATUSDT maker row: closed by the venue's records — filled_qty −10434, NO ledger_inconsistent, NOT filled_amount_unknown  — {'terminal_reason': 'filled', 'filled_qty': -10434.0, 'filled_notional': -509.07486, 'ledger_inconsistent': None}
  OK    ★★ T7 POPCATUSDT request ledger: qty −10435 (what we sent, kept), qty_venue −10434 (the capacity), clamped record, child fills joined, final  — {'qty': -10435.0, 'qty_venue': -10434.0, 'clamped': {'ours': 10435.0, 'venue': 10434.0, 'why': 'reduceOnly clamped to position'}, 'confirmed_qty': -10434.0, 'confirmed_qty_final': True, 'terminal': True, 'trade_qty': {'278395713': 8433.0, '278395714': 2001.0}}
  OK    ★ T7 POPCATUSDT maker row: fee stamped from the real child fills (Σ commission), filled_notional = Σ child quotes  — (0.10181496000000001, -509.07486)
  OK    ★★★ T7 reconcile vs the REAL 08Z→12Z readbacks: 0 anomalies (OLD CODE: 2 × execution_of_unknown_size)  — {}
  OK    ★★★ T7 both names MEASURED with residual 0 (expected 0 = position + execution, observed 0); nothing unmeasurable  — {'MEMEUSDT': {'residual_qty': 0.0, 'residual_usdt_signed': 0.0, 'residual_qty_raw': 0.0, 'authorised_band_qty': [0.0, 0.0], 'expected_qty': 0.0, 'observed_qty': 0.0, 'mark_used': 0.000525, 'mark_source': 'readback(T1) notional / qty (no usable mark at T2)'}, 'POPCATUSDT': {'residual_qty': 0.0, 'residual_usdt_signed': 0.0, 'residual_qty_raw': 0.0, 'authorised_band_qty': [0.0, 0.0], 'expected_qty': 
  OK    ★ T7 no HIGH/CRITICAL alarm about unreadable fills / UNKNOWN names on this chain  — [('HIGH', "order rows: emitted 3, persisted 0 (no logger attached).  — the pilot's entire output is reconstructed from these rows."), ('HIGH', 'fill rows: built 5, persisted 0 (no logger attached).  — M2 (markout) has no other input than this table.')]

[T7-ctl] the same chain with the venue answering origQty ABOVE ours ⇒ the contradiction path is intact (2 anomalies)
  OK    ★★★ T7-ctl origQty = ours × 1.001 on both responses/records ⇒ maker rows filled_amount_unknown with ledger_inconsistent ⇒ 2 × execution_of_unknown_size  — ({'execution_of_unknown_size': 2}, [('MEMEUSDT', 'filled_amount_unknown'), ('MEMEUSDT', 'skipped_unknown_fill'), ('POPCATUSDT', 'filled_amount_unknown'), ('POPCATUSDT', 'skipped_unknown_fill')])

[T3-alarm] the phase-B settlement alarm names each UNKNOWN name's actual reason (first 120 chars), not '满页或查询失败'
  OK    ★★★ T3-alarm: on the T7-ctl chain (origQty above ours ⇒ UNKNOWN) the alarm names both names with the reason class 'origQty … differs from ours', and never says '满页或查询失败' for them  — ['阶段 B 歧义 maker 结算: 查到 0 / 确认未下达 0 / 仍 UNKNOWN 2 — 逐名原因: MEMEUSDT: submit response: submit response origQty 1935920.0 differs from ours 1933986.0; POPCATUSDT: submit response: submit response origQty 10446.0 differs from ours 10435.0; UNKNOWN 名不补单, 其 maker 行带请求量作授权带']
  OK    ★ T3-alarm: HIGH severity, and the UNKNOWN count is 2  — ['阶段 B 歧义 maker 结算: 查到 0 / 确认未下达 0 / 仍 UNKNOWN 2 — 逐名原因: MEMEUSDT: submit response', "2 symbol(s) reported a filled QUANTITY with no readable amount (['MEMEUSDT', 'PO", '2 name(s) had unreadable fills; their top-up is skipped and recorded as skipped_', "order rows: emitted 4, persisted 0 (no logger attached).  — the pilot's entire o", 'fill rows: built 5, persisted 0 (no logger attached).  — M2 (m

[T9] watchdog §4-5b / §4-7 on the real 2026-09-12 pilot_log day (fixture pilot_log/20260912, verbatim)
  OK    ★★★ T9a AS THE WATCHDOG SAW IT AT 12:47:37Z (12Z readback in, ladder readback/rows out): §4-5b CLEAN, 0 anomalies at the 12Z anchor, §4-7 CLEAN, not tripped, nothing blind (OLD CODE: ANOMALOUS 2 + DRIFT, tripped)  — ({'state': 'CLEAN', 'n': 0, 'last_reconciled_anchor_ts': 1789215841.923763, 'n_historical_anomalies': 0}, 'CLEAN', [], [])
  OK    ★★ T9a the day's history holds NO execution_of_unknown_size at all (the two false anomalies are gone from the record, not merely from the latest anchor)  — 0
  OK    ★★ T9b AS IT STANDS (the ladder's 12:50:01Z readback is the latest reconciled anchor, its 255 protective_flatten rows explain the book): §4-5b CLEAN, §4-7 CLEAN, history 0 (OLD CODE: CLEAN at this anchor too, but history 2)  — ({'state': 'CLEAN', 'n': 0, 'last_reconciled_anchor_ts': 1789217401.2960482, 'n_historical_anomalies': 0}, 'CLEAN', [])

[T10] ops/rejudge_ledger_rows.py --check: re-judges the persisted rows against the ORIGINAL evidence and writes a receipt; edits nothing
  OK    ★★★ T10 both 12Z rows re-judged KNOWN (−1933692 / −10434), none still unquantifiable; the day's files untouched  — {'MEMEUSDT': {'kind': 'known', 'quantity': -1933692.0, 'why': 'request ledger re-derived (E-0912-A): venue-clamped reduce-only request(s), child fills determine the quantity', 'standing_contradictions': []}, 'POPCATUSDT': {'kind': 'known', 'quantity': -10434.0, 'why': 'request ledger re-derived (E-0912-A): venue-clamped reduce-only request(s), child fills determine the quantity', 'standing_contrad
  OK    ★★★ T10 every request's cross-check against the ORIGINAL evidence holds: string Qv == POST origQty, POST reduceOnly ∧ we sent reduce_only, Qv < Qs, children all in the day's fills, Σ children == C, readback_after == readback_before + C  — [('MEMEUSDT', {'string_Qv_equals_post_origQty': True, 'post_says_reduceOnly_and_we_sent_reduce_only': True, 'Qv_below_Qs': True, 'children_all_in_day_fills': True, 'children_sum_equals_C': True, 'readback_after_equals_before_plus_C': True, 'all': True}), ('POPCATUSDT', {'string_Qv_equals_post_origQty': True, 'post_says_reduceOnly_and_we_sent_reduce_only': True, 'Qv_below_Qs': True, 'children_all_i
  OK    ★★ T10 the receipt carries the guards' derivation on a COPY: cond5b CLEAN / §4-7 CLEAN / not tripped / nothing blind, and lists what resume_from_trip.sh would still check  — {'cond5b': {'state': 'CLEAN', 'n': 0, 'triggered': False, 'last_reconciled_anchor_ts': 1789217401.2960482, 'n_historical_anomalies': 0}, 'cond5b_examples': [], 'cond7_drift_state': 'CLEAN', 'cond7_triggered': False, 'tripped': False, 'triggers': [], 'conditions_blind': [], 'caliber': 'WD.evaluate on a COPY of this day only; venue_events=[] (no public-path probe); §4-7 from derive_ops_stats'}
  OK    ★ T10 without the POST evidence the rule still re-judges (read-time), but no cross-check can be called true (evidence absent ≠ evidence passed)
  OK    ★★ T10 ctl: a POST record whose origQty disagrees with the persisted string ⇒ that request's cross-check is FALSE (the receipt names it), the other stays true  — {'MEMEUSDT': {'string_Qv_equals_post_origQty': False, 'post_says_reduceOnly_and_we_sent_reduce_only': True, 'Qv_below_Qs': True, 'children_all_in_day_fills': True, 'children_sum_equals_C': True, 'readback_after_equals_before_plus_C': True, 'all': False}, 'POPCATUSDT': {'string_Qv_equals_post_origQty': True, 'post_says_reduceOnly_and_we_sent_reduce_only': True, 'Qv_below_Qs': True, 'children_all_in

[T11] C4–C8 (independent review 0158f5d1): C IS A LOWER BOUND, F IS THE QUANTITY — and the re-judgment must rest on the STRUCTURED request/response, never on a regex over the diagnostic string
  OK    ★★★ C4: an OPEN clamped request is NOT an exact quantity — C is what the venue has confirmed SO FAR, and `binance_executor._settle_leg_by_identity` writes it as a lower bound. In every persisted state the row now reads as BOUNDED (known 4 + band), never `known`  — {'unknown': (4.0, 'bounded'), 'pending': (4.0, 'bounded'), 'confirmed': (4.0, 'bounded')}
  OK    ★★★ ...and the load-bearing cell: a real execution of 6 is LEGAL inside the accepted [4, 8], so the complete `reconcile` raises NO anomaly — round 1 raised a 20 USDT quantity_residual here, in all three states  — {'unknown': 0, 'pending': 0, 'confirmed': 0}
  OK    ★★★ ...and in the reviewer's own direction — held SHORT 8, BUY reduce-only, cumulative 6, left short 2 — a legal shrink of a real position, not a synthetic RO opening from flat  — {'unknown': 0, 'pending': 0, 'confirmed': 0}
  OK    ★★★ ...but PROVEN FINAL is still an exact known: venue terminal AND executed-qty-final on the same shape gives `known` 4 — the fix withholds the promotion, it does not remove the class  — (4.0, 'request ledger re-derived (E-0912-A): venue-clamped reduce-only request(s), child fills determine the quantity', 'known')
  OK    ★★★ ...and so is CAPACITY CLOSURE (|C| == Qv), which is what carries the two REAL 12Z rows: their `confirmed_qty_final` is False, and nothing more can fill because the venue accepted exactly what filled
  OK    ★★★ THE BAND IS THE ACCEPTED CAPACITY [|C|, Qv], never [|C|, |Qs|]: the producer writes `filled_unknown_qty` = 10 − 4 = 6, but the venue only ever accepted 8, so the honest remaining band is 4. A readback of 10 is therefore BEYOND what the venue agreed to and stays an anomaly  — ((0.0, 4.0), 'row band 6.0', [0, 0, 0, 1])
  OK    ★★ ...and the capacity narrowing can only NARROW: a row this rule cannot describe keeps exactly the band it had (no request ledger ⇒ no capacity claim ⇒ the producer's own 6.0)
  OK    ★★★ C5: a request that EXPLICITLY records `reduce_only: False` is not a reduce-only clamp — a shrunken origQty on it stays a contradiction, even when it is otherwise final. The real 12Z rows predate the column, so ABSENT stays absent and they re-derive on capacity closure instead  — unquantifiable
  OK    ★★★ C6: the writer JOINS a fold's contradictions with '; ' (`binance_executor` L1679/L1785), so a clamp reason carrying a FOREIGN-IDENTITY reason beside it is a string this system can produce — a substring test read it as a pure clamp. Every ';'-separated reason must be the clamp kind or nothing is re-derived  — unquantifiable
  OK    ★★★ C7: `sum()` over a dict holding NaN is NaN and `abs(NaN - 4) > 1e-9` is FALSE, so a corrupted child set used to PASS the 'the children DETERMINE the quantity' gate; and −1 with +5 is not a history of 4 filled. Both now fail CLOSED, per child, before any sum is formed  — ('unquantifiable', 'unquantifiable')
  OK    ★★ ...and a structured `qty_venue` that DISAGREES with the string's own venue number is a contradiction, not a clamp — the two readings of the accepted capacity must be the same reading
  OK    ★★★ POSITIVE CONTROL, unchanged by all of the above: the two REAL 12Z rows still re-derive, still by CAPACITY CLOSURE (|C| == Qv, `confirmed_qty_final` False), still exact, and the whole fixture day still reconciles to ZERO anomalies. Fixing C4 must not cost the case the fix was written for  — {'MEMEUSDT': [{'C': -1933692.0, 'Qv': 1933692.0, 'final': True}], 'POPCATUSDT': [{'C': -10434.0, 'Qv': 10434.0, 'final': True}]}

[T12] R3-A1 (independent review round 3 §2.1): CAPACITY IS A FACT OF THE REQUEST — every record of one request must name the SAME venue-accepted origQty; records that disagree leave the capacity UNKNOWN, never a first pick
  OK    ★★★ T12 settlement: submit origQty 8 then allOrders/re-query origQty 6 (C 4, still open) ⇒ capacity UNKNOWN — NO `clamped`, a named `capacity_conflict` listing every reading, the quantity not final, the name UNKNOWN as before and nothing called a contradiction (OLD CODE: `clamped` venue 8, the first record wins)  — {'clamped': None, 'capacity_conflict': {'why': 'capacity conflict: records of this request name different venue-accepted origQty and this executor never modifies an order — capacity UNKNOWN, bounded by the quantity sent', 'sent': 10.0, 'records': [{'record': 'submit response', 'origQty': 8.0}, {'record': 'allOrders record', 'origQty': 6.0}, {'record': 're-query', 'origQty': 6.0}]}, 'executed_qty':
  OK    ★★★ T12 settlement: submit origQty 6 then allOrders/re-query origQty 8 (C 4, still open) ⇒ capacity UNKNOWN — NO `clamped`, a named `capacity_conflict` listing every reading, the quantity not final, the name UNKNOWN as before and nothing called a contradiction (OLD CODE: `clamped` venue 6, the first record wins)  — {'clamped': None, 'capacity_conflict': {'why': 'capacity conflict: records of this request name different venue-accepted origQty and this executor never modifies an order — capacity UNKNOWN, bounded by the quantity sent', 'sent': 10.0, 'records': [{'record': 'submit response', 'origQty': 6.0}, {'record': 'allOrders record', 'origQty': 8.0}, {'record': 're-query', 'origQty': 8.0}]}, 'executed_qty':
  OK    ★★★ T12 settlement: submit origQty 6 then allOrders/re-query origQty 8 (C 6, still open) ⇒ capacity UNKNOWN — NO `clamped`, a named `capacity_conflict` listing every reading, the quantity not final, the name UNKNOWN as before and nothing called a contradiction (OLD CODE: `clamped` venue 6, the first record wins)  — {'clamped': None, 'capacity_conflict': {'why': 'capacity conflict: records of this request name different venue-accepted origQty and this executor never modifies an order — capacity UNKNOWN, bounded by the quantity sent', 'sent': 10.0, 'records': [{'record': 'submit response', 'origQty': 6.0}, {'record': 'allOrders record', 'origQty': 8.0}, {'record': 're-query', 'origQty': 8.0}]}, 'executed_qty':
  OK    ★★★ T12 positive control: submit origQty 8 and allOrders/re-query origQty 8 — ONE capacity ⇒ `clamped` {ours 10, venue 8}, no `capacity_conflict`, C 4 open (unchanged by this fix)  — {'clamped': {'ours': 10.0, 'venue': 8.0, 'why': 'reduceOnly clamped to position'}, 'capacity_conflict': None, 'executed_qty': 4.0, 'executed_qty_final': False}
  OK    ★★★ T12 negative control: the second record carries ANOTHER orderId (9, the venue acknowledged 7) ⇒ still not ours — UNKNOWN and unmeasurable, named 'acknowledged'; a capacity rule is never reached by a record that is not ours  — ['A1789215839-XUSDT-1: identity: allOrders record: record orderId 9 differs from the acknowledged 7']
  OK    ★★★ T12 a TERMINAL record does not rescue a capacity conflict: submit origQty 8 (C 4, open) then a CANCELED allOrders record origQty 6 (C 6) ⇒ found terminal, C 6, but `executed_qty_final` False and `capacity_conflict` named — the request stays in [C, Qs] (OLD CODE: `clamped` venue 8 and a PROVEN final 6)  — {'executed_qty': 6.0, 'executed_qty_final': False, 'clamped': None, 'capacity_conflict': {'why': 'capacity conflict: records of this request name different venue-accepted origQty and this executor never modifies an order — capacity UNKNOWN, bounded by the quantity sent', 'sent': 10.0, 'records': [{'record': 'submit response', 'origQty': 8.0}, {'record': 'allOrders record', 'origQty': 6.0}]}}
  OK    ★★★ T12 CHAIN, the false-closure case — POST origQty 6 (C 6), allOrders/re-query origQty 8 (C 6, still open): the request ledger carries NO `qty_venue` / `clamped`, a named `capacity_conflict`, C 6 NOT final, and the row keeps the band Qs − C = 4 (OLD CODE: qty_venue 6, the child fold calls C 6 == Qv 6 'fills reached the request quantity' ⇒ final, filled 6)  — ({'qty': 10.0, 'qty_venue': None, 'clamped': None, 'capacity_conflict': {'why': 'capacity conflict: records of this request name different venue-accepted origQty and this executor never modifies an order — capacity UNKNOWN, bounded by the quantity sent', 'sent': 10.0, 'records': [{'record': 'submit response', 'origQty': 6.0}, {'record': 'allOrders record', 'origQty': 8.0}, {'record': 're-query', '
  OK    ★★★ T12 CHAIN ⇒ reconcile: the other record's capacity 8 filling (short 10 → short 2) is INSIDE [C 6, Qs 10] ⇒ 0 anomalies (OLD CODE: the manufactured final 6 reads it as a 2-contract / 20 USDT position residual ⇒ an anomaly at the latest anchor); an execution beyond what we SENT (short 10 → long 1) is still an anomaly — the band ends at Qs, it is not removed  — ({}, {'quantity_residual': 1})
  OK    ★★★ T12 CHAIN, both orders — POST origQty 8 then allOrders/re-query origQty 6 (C 4, open): no `qty_venue`, `capacity_conflict` named, band Qs − C = 6 (OLD CODE: qty_venue 8, band 4 — the first record's capacity)  — ({'qty_venue': None, 'clamped': None, 'capacity_conflict': {'why': 'capacity conflict: records of this request name different venue-accepted origQty and this executor never modifies an order — capacity UNKNOWN, bounded by the quantity sent', 'sent': 10.0, 'records': [{'record': 'submit response', 'origQty': 8.0}, {'record': 'allOrders record', 'origQty': 6.0}, {'record': 're-query', 'origQty': 6.0
  OK    ★★★ T12 CHAIN, both orders — POST origQty 6 then allOrders/re-query origQty 8 (C 4, open): no `qty_venue`, `capacity_conflict` named, band Qs − C = 6 (OLD CODE: qty_venue 6, band 2 — the first record's capacity)  — ({'qty_venue': None, 'clamped': None, 'capacity_conflict': {'why': 'capacity conflict: records of this request name different venue-accepted origQty and this executor never modifies an order — capacity UNKNOWN, bounded by the quantity sent', 'sent': 10.0, 'records': [{'record': 'submit response', 'origQty': 6.0}, {'record': 'allOrders record', 'origQty': 8.0}, {'record': 're-query', 'origQty': 8.0
  OK    ★★★ T12 CHAIN positive control, consistent 8/8 (C 4, open): qty_venue 8, `clamped` venue 8, no `capacity_conflict`, band Qv − C = 4 — one agreed capacity still bounds the request by what the venue accepted  — ({'qty_venue': 8.0, 'clamped': {'ours': 10.0, 'venue': 8.0, 'why': 'reduceOnly clamped to position'}, 'capacity_conflict': None}, 4.0)
  OK    ★★★ T12 CHAIN positive control, consistent 8/8 closing (POST C 4 open, allOrders FILLED C 8): capacity closure still holds on one agreed capacity — C 8 == Qv 8 final, filled_qty 8, and reconcile short 10 → short 2 has 0 anomalies  — ({'qty_venue': 8.0, 'confirmed_qty': 8.0, 'confirmed_qty_final': True}, 8.0, 'partial_expired')
  OK    ★★ T12 the ledger accessors read the conflict FIRST: a request row carrying `capacity_conflict` is bounded by Qs even if a `qty_venue` / `confirmed_qty_final` sits beside it (fail wide, never closed by a capacity it cannot trust); C reaching Qs still closes it ([Qs, Qs] is inside the band)  — (10.0, False, 4.0)
  OK    ★★ T12 the premise is pinned, not assumed: no runtime module (live/ scheduler/ ops/, tests excluded) sends an order-MODIFY — every `_request` verb is a constant in {GET, POST, DELETE} and no 'PUT' literal exists. If a modify path is ever added this goes red: records after a modify are a new VERSION of the request, and capacity versions must then be designed, not assumed  — (['DELETE', 'GET', 'POST'], [])

101/101 checks passed
ALL PASS
# exit code: 0
