04:13:59 seat census {"population": "ready anchors with finite WL", "n_population": 9247, "n_anchors_total": 10333, "n_excluded_not_ready_or_nonfinite_WL": 1086, "raw_WL_mean": [0.48381054401397705, 0.1610119640827179, 0.35517749190330505], "masked_WL_mean": [0.48381054401397705, 0.1610119640827179, 0.35517749190330505], "anchors_where_WL_changed": 0, "masking_applied": false}
04:13:59 F10 admission G1_T0_nomask 42 {'fold': '2023', 'accepted_windows': 16, 'rejected': {}, 'train_anchors': 887, 'max_train_label_end': 1669406400, 'test_start': 1672531200, 'cutoff': 1671667200}
04:14:10 F10 G1_T0_nomask 2023 42 {'epoch_index': 0, 'train_loss': 6.047268107533455, 'alpha': 0.0997394472360611, 'seconds': 3.633985549211502} g4_band_open 1.0
04:14:13 F10 G1_T0_nomask 2023 42 {'epoch_index': 1, 'train_loss': 4.015613079071045, 'alpha': 0.09952886402606964, 'seconds': 2.4460445530712605} g4_band_open 1.0
04:14:15 F10 G1_T0_nomask 2023 42 {'epoch_index': 2, 'train_loss': 3.2402196750044823, 'alpha': 0.09932668507099152, 'seconds': 2.4407062008976936} g4_band_open 1.0
04:14:18 F10 G1_T0_nomask 2023 42 {'epoch_index': 3, 'train_loss': 2.633465774357319, 'alpha': 0.09916411340236664, 'seconds': 2.4414426181465387} g4_band_open 1.0
04:14:20 F10 G1_T0_nomask 2023 42 {'epoch_index': 4, 'train_loss': 1.7658351212739944, 'alpha': 0.09906941652297974, 'seconds': 2.4467809293419123} g4_band_open 1.0
04:14:23 F10 G1_T0_nomask 2023 42 {'epoch_index': 5, 'train_loss': 1.3642285764217377, 'alpha': 0.0990188717842102, 'seconds': 2.4527778048068285} g4_band_open 1.0
04:14:25 F10 G1_T0_nomask 2023 42 {'epoch_index': 6, 'train_loss': 0.843988761305809, 'alpha': 0.09902490675449371, 'seconds': 2.471523590385914} g4_band_open 1.0
04:14:28 F10 G1_T0_nomask 2023 42 {'epoch_index': 7, 'train_loss': 0.487214170396328, 'alpha': 0.09903913736343384, 'seconds': 2.4490830497816205} g4_band_open 1.0
04:14:30 F10_FOLD_DONE G1_T0_nomask 2023 42
04:14:31 F10 admission G1_T0_nomask 42 {'fold': '202609', 'accepted_windows': 153, 'rejected': {'unpriced_possible_holding': 6}, 'train_anchors': 7716, 'max_train_label_end': 1767744000, 'test_start': 1788220800, 'cutoff': 1787356800}
04:14:55 F10 G1_T0_nomask 202609 42 {'epoch_index': 0, 'train_loss': 5.993938915090623, 'alpha': 0.09891952574253082, 'seconds': 23.345039604231715} g4_band_open 1.0
04:15:18 F10 G1_T0_nomask 202609 42 {'epoch_index': 1, 'train_loss': 4.875012751498254, 'alpha': 0.09799578785896301, 'seconds': 23.361636980436742} g4_band_open 1.0
04:15:41 F10 G1_T0_nomask 202609 42 {'epoch_index': 2, 'train_loss': 4.7128486142439, 'alpha': 0.09694647789001465, 'seconds': 23.432897307910025} g4_band_open 1.0
04:16:05 F10 G1_T0_nomask 202609 42 {'epoch_index': 3, 'train_loss': 4.430690378145455, 'alpha': 0.09600183367729187, 'seconds': 23.437817466445267} g4_band_open 1.0
04:16:28 F10 G1_T0_nomask 202609 42 {'epoch_index': 4, 'train_loss': 4.070770627532909, 'alpha': 0.09527850151062012, 'seconds': 23.286064716987312} g4_band_open 1.0
04:16:52 F10 G1_T0_nomask 202609 42 {'epoch_index': 5, 'train_loss': 3.8788484007704493, 'alpha': 0.09461608529090881, 'seconds': 23.751780786551535} g4_band_open 1.0
04:17:16 F10 G1_T0_nomask 202609 42 {'epoch_index': 6, 'train_loss': 3.5059823230201124, 'alpha': 0.09411853551864624, 'seconds': 24.4874635823071} g4_band_open 1.0
04:17:41 F10 G1_T0_nomask 202609 42 {'epoch_index': 7, 'train_loss': 3.3495793852930755, 'alpha': 0.09373374283313751, 'seconds': 24.53886245097965} g4_band_open 1.0
04:17:43 F10_FOLD_DONE G1_T0_nomask 202609 42
DLARCH_TRAIN_DONE arm=G1_T0_nomask seed=42 params=110082 out=/workspace/dlarch_2026-09-24/T3/G1_T0_nomask/f10_s42 oof_sha=86cd68d7e49724f8 receipt_sha=ce209f002ad59ade
