LOADED 14 arms n=10038 2022-01-31 00:00→2026-08-30 20:00; windows pre-2025=6396, 2025-01/02=354, 2025-03->26<=cut=3168, 2026<=cut=1332, 2025-03->12=1836, 2026-postcut=120
ARMS {"BASE_s42": {"artifact": "/workspace/review_scratch/dl_monthly_gate/replay/dev_alt/probe_artifacts/w10_ablation_series_BASE_s42.npz", "sha256": "32bfecb9cf9c0e5c", "FPRED": "(default f10_V2MAIN_s{FSEED})", "FSEED": "42", "PHIDYN_CLIP": null, "n": 10038, "device": "8684d9a9f43a8d15"}, "BASE_s2027": {"artifact": "/workspace/review_scratch/dl_monthly_gate/replay/dev_alt/probe_artifacts/w10_ablation_series_BASE_s2027.npz", "sha256": "a2c5ec76dfac990b", "FPRED": "(default f10_V2MAIN_s{FSEED})", "FSEED": "2027", "PHIDYN_CLIP": null, "n": 10038, "device": "8684d9a9f43a8d15"}, "G_mE1_R0": {"artifact": "/workspace/review_scratch/dl_monthly_gate/replay/dev_alt/probe_artifacts/w10_ablation_series_G_mE1_R0.npz", "sha256": "b113feacde151762", "FPRED": "f10_gate_mE1_R0_s42.npy", "FSEED": "42", "PHIDYN_CLIP": null, "n": 10038, "device": "8684d9a9f43a8d15"}, "G_mE1_R1": {"artifact": "/workspace/review_scratch/dl_monthly_gate/replay/dev_alt/probe_artifacts/w10_ablation_series_G_mE1_R1.npz", "sha256": "6619e202fabdcc19", "FPRED": "f10_gate_mE1_R1_s42.npy", "FSEED": "42", "PHIDYN_CLIP": null, "n": 10038, "device": "8684d9a9f43a8d15"}, "G_mE1_R2": {"artifact": "/workspace/review_scratch/dl_monthly_gate/replay/dev_alt/probe_artifacts/w10_ablation_series_G_mE1_R2.npz", "sha256": "8849b5eff38020a9", "FPRED": "f10_gate_mE1_R2_s42.npy", "FSEED": "42", "PHIDYN_CLIP": null, "n": 10038, "device": "8684d9a9f43a8d15"}, "G_mE1_R3": {"artifact": "/workspace/review_scratch/dl_monthly_gate/replay/dev_alt/probe_artifacts/w10_ablation_series_G_mE1_R3.npz", "sha256": "33bded28fce131bd", "FPRED": "f10_gate_mE1_R3_s42.npy", "FSEED": "42", "PHIDYN_CLIP": null, "n": 10038, "device": "8684d9a9f43a8d15"}, "G_mE1_R4": {"artifact": "/workspace/review_scratch/dl_monthly_gate/replay/dev_alt/probe_artifacts/w10_ablation_series_G_mE1_R4.npz", "sha256": "53d2050bc37d63ed", "FPRED": "f10_gate_mE1_R4_s42.npy", "FSEED": "42", "PHIDYN_CLIP": null, "n": 10038, "device": "8684d9a9f43a8d15"}, "G_mE60_R0": {"artifact": "/workspace/review_scratch/dl_monthly_gate/replay/dev_alt/probe_artifacts/w10_ablation_series_G_mE60_R0.npz", "sha256": "232385e8df182ade", "FPRED": "f10_gate_mE60_R0_s42.npy", "FSEED": "42", "PHIDYN_CLIP": null, "n": 10038, "device": "8684d9a9f43a8d15"}, "G_mE60_R1": {"artifact": "/workspace/review_scratch/dl_monthly_gate/replay/dev_alt/probe_artifacts/w10_ablation_series_G_mE60_R1.npz", "sha256": "b6841905a1c02efd", "FPRED": "f10_gate_mE60_R1_s42.npy", "FSEED": "42", "PHIDYN_CLIP": null, "n": 10038, "device": "8684d9a9f43a8d15"}, "G_mE60_R2": {"artifact": "/workspace/review_scratch/dl_monthly_gate/replay/dev_alt/probe_artifacts/w10_ablation_series_G_mE60_R2.npz", "sha256": "1aae7f3d25d3ed5b", "FPRED": "f10_gate_mE60_R2_s42.npy", "FSEED": "42", "PHIDYN_CLIP": null, "n": 10038, "device": "8684d9a9f43a8d15"}, "G_mE60_R3": {"artifact": "/workspace/review_scratch/dl_monthly_gate/replay/dev_alt/probe_artifacts/w10_ablation_series_G_mE60_R3.npz", "sha256": "09b7d4e1464c90b8", "FPRED": "f10_gate_mE60_R3_s42.npy", "FSEED": "42", "PHIDYN_CLIP": null, "n": 10038, "device": "8684d9a9f43a8d15"}, "G_mE60_R4": {"artifact": "/workspace/review_scratch/dl_monthly_gate/replay/dev_alt/probe_artifacts/w10_ablation_series_G_mE60_R4.npz", "sha256": "040f49366ecb10e9", "FPRED": "f10_gate_mE60_R4_s42.npy", "FSEED": "42", "PHIDYN_CLIP": null, "n": 10038, "device": "8684d9a9f43a8d15"}, "G_mE1_R1_phidyn": {"artifact": "/workspace/review_scratch/dl_monthly_gate/replay/dev_alt/probe_artifacts/w10_ablation_series_G_mE1_R1_phidyn.npz", "sha256": "d19375e3fdad70c3", "FPRED": "f10_gate_mE1_R1_s42.npy", "FSEED": "42", "PHIDYN_CLIP": [0.3, 0.6], "n": 10038, "device": "13d0c849fc472fb1"}, "G_mE1_R0_phidyn": {"artifact": "/workspace/review_scratch/dl_monthly_gate/replay/dev_alt/probe_artifacts/w10_ablation_series_G_mE1_R0_phidyn.npz", "sha256": "254ff5d7bacdbad4", "FPRED": "f10_gate_mE1_R0_s42.npy", "FSEED": "42", "PHIDYN_CLIP": [0.3, 0.6], "n": 10038, "device": "13d0c849fc472fb1"}}

===== LEVELS per gross (bps/anchor): mean S=Sharpe DD=maxDD(bps gross) %/gross/yr | gross w_king turn/gross cost/gross carry/gross (2025-03->26<=cut) | swaps / mean age / IC
BASE_s42          | 2025-03->26<=cut +1.557 S+2.57 DD1133 +34.1% | 2026 +3.189 S+4.96 | 2025-03->12 +0.374 | 0.635 0.564 0.06442 0.136 +0.800 | - IC +0.0191±0.0017
BASE_s2027        | 2025-03->26<=cut +1.622 S+2.68 DD938 +35.5% | 2026 +3.143 S+4.90 | 2025-03->12 +0.519 | 0.647 0.564 0.05945 0.126 +0.815 | - IC +0.0191±0.0017
G_mE1_R0          | 2025-03->26<=cut +1.386 S+2.26 DD1213 +30.3% | 2026 +2.986 S+4.63 | 2025-03->12 +0.225 | 0.644 0.564 0.06381 0.135 +0.808 | swaps 19 age 1.00 max 1 IC +0.0202±0.0016
G_mE1_R1          | 2025-03->26<=cut +1.479 S+2.44 DD1085 +32.4% | 2026 +3.194 S+4.94 | 2025-03->12 +0.235 | 0.647 0.564 0.06411 0.135 +0.810 | swaps 8 age 3.78 max 9 IC +0.0265±0.0018
G_mE1_R2          | 2025-03->26<=cut +1.477 S+2.44 DD1101 +32.3% | 2026 +3.183 S+4.93 | 2025-03->12 +0.239 | 0.647 0.564 0.06284 0.133 +0.811 | swaps 8 age 3.28 max 7 IC +0.0209±0.0016
G_mE1_R3          | 2025-03->26<=cut +1.481 S+2.45 DD1085 +32.4% | 2026 +3.198 S+4.99 | 2025-03->12 +0.235 | 0.647 0.564 0.06496 0.137 +0.808 | swaps 3 age 7.89 max 16 IC +0.0310±0.0018
G_mE1_R4          | 2025-03->26<=cut +1.587 S+2.60 DD1085 +34.8% | 2026 +3.173 S+4.91 | 2025-03->12 +0.437 | 0.644 0.564 0.06345 0.134 +0.808 | swaps 17 age 2.06 max 3 IC +0.0183±0.0017
G_mE60_R0         | 2025-03->26<=cut +1.348 S+2.21 DD1207 +29.5% | 2026 +3.011 S+4.68 | 2025-03->12 +0.142 | 0.647 0.564 0.06165 0.130 +0.808 | swaps 19 age 1.00 max 1 IC +0.0149±0.0016
G_mE60_R1         | 2025-03->26<=cut +1.486 S+2.46 DD1215 +32.5% | 2026 +3.281 S+5.10 | 2025-03->12 +0.184 | 0.645 0.564 0.06438 0.136 +0.812 | swaps 4 age 7.83 max 16 IC +0.0297±0.0018
G_mE60_R2         | 2025-03->26<=cut +1.451 S+2.39 DD1215 +31.8% | 2026 +3.157 S+4.88 | 2025-03->12 +0.214 | 0.646 0.564 0.06256 0.132 +0.812 | swaps 10 age 2.67 max 4 IC +0.0198±0.0017
G_mE60_R3         | 2025-03->26<=cut +1.486 S+2.46 DD1215 +32.5% | 2026 +3.281 S+5.10 | 2025-03->12 +0.184 | 0.645 0.564 0.06438 0.136 +0.812 | swaps 4 age 7.83 max 16 IC +0.0297±0.0018
G_mE60_R4         | 2025-03->26<=cut +1.459 S+2.41 DD1180 +31.9% | 2026 +3.080 S+4.79 | 2025-03->12 +0.283 | 0.645 0.564 0.06284 0.133 +0.807 | swaps 15 age 2.17 max 3 IC +0.0169±0.0017
G_mE1_R1_phidyn   | 2025-03->26<=cut +1.568 S+2.61 DD931 +34.3% | 2026 +3.367 S+5.11 | 2025-03->12 +0.262 | 0.633 0.564 0.07459 0.156 +0.786 | swaps 8 age 3.78 max 9 IC +0.0265±0.0018
G_mE1_R0_phidyn   | 2025-03->26<=cut +1.494 S+2.43 DD1122 +32.7% | 2026 +3.196 S+4.88 | 2025-03->12 +0.260 | 0.638 0.564 0.07179 0.150 +0.781 | swaps 19 age 1.00 max 1 IC +0.0202±0.0016

===== DELTAS per gross: Δg = g_x − g_ref, paired by anchor; day-block bootstrap NB=2000 seed=20260905; cells Δ [CI95] P(Δ>0)
G_mE1_R1 − R0(mE1)
    pre-2025: +0.0000 [+0.0000,+0.0000] P0.00 (=0) | 2025-01/02: +0.1006 [-0.6353,+0.7487] P0.60 | 2025-03->12: +0.0106 [-0.2309,+0.2548] P0.54 | 2026<=cut: +0.2076 [-0.0247,+0.4272] P0.96 | 2025-03->26<=cut: +0.0934 [-0.0796,+0.2637] P0.85 | 2026-postcut: -0.0565 [-0.2279,+0.0994] P0.29
    ΔSharpe 2025-03->26<=cut +0.176; turn/gross ref 0.06381 x 0.06411 (+0.5%); maxDD ref 1213 x 1085; months +9/18; best 202603 +207 bps (+70% of total +296); worst 202509 -101; Δ without best month +0.0300 [-0.1421,+0.2006]
G_mE1_R1 − yearly s42
    pre-2025: +0.0000 [+0.0000,+0.0000] P0.00 (=0) | 2025-01/02: +0.3551 [-0.2779,+0.9965] P0.86 | 2025-03->12: -0.1383 [-0.4225,+0.1122] P0.15 | 2026<=cut: +0.0048 [-0.2530,+0.2269] P0.55 | 2025-03->26<=cut: -0.0781 [-0.2732,+0.1012] P0.21 | 2026-postcut: -0.0919 [-0.3178,+0.1085] P0.19
    ΔSharpe 2025-03->26<=cut -0.133; turn/gross ref 0.06442 x 0.06411 (-0.5%); maxDD ref 1133 x 1085; months +9/18; best 202504 +186 bps (-75% of total -248); worst 202505 -173; Δ without best month -0.1451 [-0.3194,+0.0223]
G_mE1_R1 − yearly s2027
    pre-2025: -0.0184 [-0.0784,+0.0399] P0.28 | 2025-01/02: +0.3853 [-0.3196,+1.0616] P0.87 | 2025-03->12: -0.2836 [-0.5584,-0.0325] P0.01 | 2026<=cut: +0.0508 [-0.1214,+0.2281] P0.70 | 2025-03->26<=cut: -0.1430 [-0.3130,+0.0193] P0.04 | 2026-postcut: -0.1277 [-0.3538,+0.0487] P0.09
    ΔSharpe 2025-03->26<=cut -0.242; turn/gross ref 0.05945 x 0.06411 (+7.8%); maxDD ref 938 x 1085; months +5/18; best 202603 +62 bps (-14% of total -453); worst 202505 -171; Δ without best month -0.1729 [-0.3383,-0.0029]
G_mE1_R2 − R0(mE1)
    pre-2025: +0.0000 [+0.0000,+0.0000] P0.00 (=0) | 2025-01/02: +0.1006 [-0.6116,+0.7486] P0.61 | 2025-03->12: +0.0143 [-0.2362,+0.2547] P0.55 | 2026<=cut: +0.1972 [+0.0148,+0.3791] P0.98 | 2025-03->26<=cut: +0.0912 [-0.0753,+0.2564] P0.86 | 2026-postcut: -0.0679 [-0.4251,+0.1858] P0.36
    ΔSharpe 2025-03->26<=cut +0.176; turn/gross ref 0.06381 x 0.06284 (-1.5%); maxDD ref 1213 x 1101; months +11/18; best 202504 +174 bps (+60% of total +289); worst 202509 -101; Δ without best month +0.0384 [-0.1196,+0.1889]
G_mE1_R2 − yearly s42
    pre-2025: +0.0000 [+0.0000,+0.0000] P0.00 (=0) | 2025-01/02: +0.3551 [-0.2891,+1.0803] P0.87 | 2025-03->12: -0.1346 [-0.3887,+0.1115] P0.14 | 2026<=cut: -0.0057 [-0.2437,+0.1998] P0.50 | 2025-03->26<=cut: -0.0804 [-0.2603,+0.0879] P0.17 | 2026-postcut: -0.1033 [-0.5038,+0.1969] P0.32
    ΔSharpe 2025-03->26<=cut -0.133; turn/gross ref 0.06442 x 0.06284 (-2.5%); maxDD ref 1133 x 1101; months +11/18; best 202504 +174 bps (-68% of total -255); worst 202505 -178; Δ without best month -0.1435 [-0.3093,+0.0266]
G_mE1_R2 − yearly s2027
    pre-2025: -0.0184 [-0.0749,+0.0375] P0.26 | 2025-01/02: +0.3853 [-0.3882,+1.0700] P0.86 | 2025-03->12: -0.2799 [-0.5557,-0.0032] P0.02 | 2026<=cut: +0.0403 [-0.0805,+0.1628] P0.74 | 2025-03->26<=cut: -0.1453 [-0.3167,+0.0128] P0.04 | 2026-postcut: -0.1391 [-0.4208,+0.1205] P0.15
    ΔSharpe 2025-03->26<=cut -0.242; turn/gross ref 0.05945 x 0.06284 (+5.7%); maxDD ref 938 x 1101; months +8/18; best 202504 +34 bps (-7% of total -460); worst 202505 -176; Δ without best month -0.1653 [-0.3311,-0.0136]
G_mE1_R3 − R0(mE1)
    pre-2025: +0.0000 [+0.0000,+0.0000] P0.00 (=0) | 2025-01/02: +0.1006 [-0.6356,+0.8316] P0.63 | 2025-03->12: +0.0106 [-0.2398,+0.2666] P0.53 | 2026<=cut: +0.2119 [+0.0055,+0.4256] P0.98 | 2025-03->26<=cut: +0.0952 [-0.0744,+0.2710] P0.87 | 2026-postcut: +0.0233 [-0.3099,+0.3251] P0.58
    ΔSharpe 2025-03->26<=cut +0.189; turn/gross ref 0.06381 x 0.06496 (+1.8%); maxDD ref 1213 x 1085; months +9/18; best 202603 +251 bps (+83% of total +302); worst 202509 -101; Δ without best month +0.0170 [-0.1580,+0.1933]
G_mE1_R3 − yearly s42
    pre-2025: +0.0000 [+0.0000,+0.0000] P0.00 (=0) | 2025-01/02: +0.3551 [-0.2817,+1.0429] P0.86 | 2025-03->12: -0.1383 [-0.4145,+0.1279] P0.15 | 2026<=cut: +0.0090 [-0.2460,+0.2363] P0.55 | 2025-03->26<=cut: -0.0763 [-0.2710,+0.1006] P0.20 | 2026-postcut: -0.0121 [-0.4169,+0.3490] P0.49
    ΔSharpe 2025-03->26<=cut -0.120; turn/gross ref 0.06442 x 0.06496 (+0.8%); maxDD ref 1133 x 1085; months +9/18; best 202504 +186 bps (-77% of total -242); worst 202505 -173; Δ without best month -0.1432 [-0.3237,+0.0271]
G_mE1_R3 − yearly s2027
    pre-2025: -0.0184 [-0.0742,+0.0353] P0.26 | 2025-01/02: +0.3853 [-0.3737,+1.0474] P0.86 | 2025-03->12: -0.2836 [-0.5232,-0.0436] P0.01 | 2026<=cut: +0.0551 [-0.1206,+0.2268] P0.74 | 2025-03->26<=cut: -0.1412 [-0.3106,+0.0207] P0.05 | 2026-postcut: -0.0479 [-0.2547,+0.1428] P0.35
    ΔSharpe 2025-03->26<=cut -0.229; turn/gross ref 0.05945 x 0.06496 (+9.3%); maxDD ref 938 x 1085; months +6/18; best 202603 +107 bps (-24% of total -447); worst 202505 -171; Δ without best month -0.1859 [-0.3555,-0.0106]
G_mE1_R4 − R0(mE1)
    pre-2025: +0.0000 [+0.0000,+0.0000] P0.00 (=0) | 2025-01/02: +0.1006 [-0.6104,+0.7779] P0.62 | 2025-03->12: +0.2123 [-0.0277,+0.4511] P0.95 | 2026<=cut: +0.1864 [-0.0475,+0.4270] P0.94 | 2025-03->26<=cut: +0.2014 [+0.0361,+0.3669] P0.99 | 2026-postcut: -0.0788 [-0.4029,+0.1561] P0.34
    ΔSharpe 2025-03->26<=cut +0.342; turn/gross ref 0.06381 x 0.06345 (-0.6%); maxDD ref 1213 x 1085; months +12/18; best 202603 +207 bps (+32% of total +638); worst 202505 -72; Δ without best month +0.1446 [-0.0270,+0.3119]
G_mE1_R4 − yearly s42
    pre-2025: +0.0000 [+0.0000,+0.0000] P0.00 (=0) | 2025-01/02: +0.3551 [-0.2941,+0.9811] P0.85 | 2025-03->12: +0.0634 [-0.1969,+0.3025] P0.68 | 2026<=cut: -0.0165 [-0.2850,+0.2114] P0.46 | 2025-03->26<=cut: +0.0298 [-0.1431,+0.1893] P0.63 | 2026-postcut: -0.1142 [-0.4944,+0.1614] P0.28
    ΔSharpe 2025-03->26<=cut +0.033; turn/gross ref 0.06442 x 0.06345 (-1.5%); maxDD ref 1133 x 1085; months +10/18; best 202504 +186 bps (+197% of total +94); worst 202505 -173; Δ without best month -0.0306 [-0.1976,+0.1349]
G_mE1_R4 − yearly s2027
    pre-2025: -0.0184 [-0.0762,+0.0388] P0.26 | 2025-01/02: +0.3853 [-0.3882,+1.0868] P0.84 | 2025-03->12: -0.0819 [-0.3318,+0.1689] P0.26 | 2026<=cut: +0.0295 [-0.1449,+0.2142] P0.64 | 2025-03->26<=cut: -0.0351 [-0.2034,+0.1332] P0.35 | 2026-postcut: -0.1500 [-0.3675,+0.0260] P0.06
    ΔSharpe 2025-03->26<=cut -0.076; turn/gross ref 0.05945 x 0.06345 (+6.7%); maxDD ref 938 x 1085; months +9/18; best 202509 +83 bps (-75% of total -111); worst 202505 -171; Δ without best month -0.0649 [-0.2405,+0.1017]
G_mE60_R0 − R0(mE1)
    pre-2025: +0.0000 [+0.0000,+0.0000] P0.00 (=0) | 2025-01/02: -0.1753 [-0.4178,+0.0809] P0.10 | 2025-03->12: -0.0826 [-0.2580,+0.0942] P0.19 | 2026<=cut: +0.0251 [-0.1923,+0.2572] P0.59 | 2025-03->26<=cut: -0.0373 [-0.1880,+0.1037] P0.29 | 2026-postcut: -0.0103 [-0.1228,+0.0809] P0.42
    ΔSharpe 2025-03->26<=cut -0.051; turn/gross ref 0.06381 x 0.06165 (-3.4%); maxDD ref 1213 x 1207; months +8/18; best 202604 +79 bps (-67% of total -118); worst 202507 -97; Δ without best month -0.0659 [-0.2006,+0.0690]
G_mE60_R0 − yearly s42
    pre-2025: +0.0000 [+0.0000,+0.0000] P0.00 (=0) | 2025-01/02: +0.0792 [-0.6680,+0.8722] P0.57 | 2025-03->12: -0.2315 [-0.4338,-0.0232] P0.01 | 2026<=cut: -0.1777 [-0.4030,+0.0504] P0.07 | 2025-03->26<=cut: -0.2089 [-0.3624,-0.0592] P0.00 | 2026-postcut: -0.0457 [-0.1786,+0.0815] P0.25
    ΔSharpe 2025-03->26<=cut -0.360; turn/gross ref 0.06442 x 0.06165 (-4.3%); maxDD ref 1133 x 1207; months +5/18; best 202508 +43 bps (-7% of total -662); worst 202503 -185; Δ without best month -0.2363 [-0.3966,-0.0778]
G_mE60_R1 − R0(mE1)
    pre-2025: +0.0000 [+0.0000,+0.0000] P0.00 (=0) | 2025-01/02: -0.0888 [-0.7172,+0.5168] P0.40 | 2025-03->12: -0.0403 [-0.2668,+0.1829] P0.33 | 2026<=cut: +0.2947 [+0.0671,+0.5380] P0.99 | 2025-03->26<=cut: +0.1006 [-0.0644,+0.2689] P0.88 | 2026-postcut: -0.0898 [-0.5018,+0.2706] P0.35
    ΔSharpe 2025-03->26<=cut +0.195; turn/gross ref 0.06381 x 0.06438 (+0.9%); maxDD ref 1213 x 1215; months +11/18; best 202603 +192 bps (+60% of total +319); worst 202505 -125; Δ without best month +0.0424 [-0.1164,+0.2147]
G_mE60_R1 − yearly s42
    pre-2025: +0.0000 [+0.0000,+0.0000] P0.00 (=0) | 2025-01/02: +0.1657 [-0.5370,+0.9602] P0.66 | 2025-03->12: -0.1892 [-0.4192,+0.0522] P0.05 | 2026<=cut: +0.0918 [-0.0826,+0.2786] P0.85 | 2025-03->26<=cut: -0.0710 [-0.2277,+0.0791] P0.17 | 2026-postcut: -0.1252 [-0.6138,+0.2566] P0.30
    ΔSharpe 2025-03->26<=cut -0.114; turn/gross ref 0.06442 x 0.06438 (-0.1%); maxDD ref 1133 x 1215; months +9/18; best 202504 +113 bps (-50% of total -225); worst 202505 -226; Δ without best month -0.1132 [-0.2692,+0.0425]
G_mE60_R1 − R0(mE60)
    pre-2025: +0.0000 [+0.0000,+0.0000] P0.00 (=0) | 2025-01/02: +0.0866 [-0.4902,+0.6637] P0.60 | 2025-03->12: +0.0423 [-0.1854,+0.2847] P0.64 | 2026<=cut: +0.2696 [+0.0249,+0.5155] P0.98 | 2025-03->26<=cut: +0.1379 [-0.0251,+0.3122] P0.96 | 2026-postcut: -0.0795 [-0.4725,+0.2720] P0.35
    ΔSharpe 2025-03->26<=cut +0.246; turn/gross ref 0.06165 x 0.06438 (+4.4%); maxDD ref 1207 x 1215; months +10/18; best 202603 +227 bps (+52% of total +437); worst 202505 -130; Δ without best month +0.0704 [-0.0946,+0.2389]
G_mE60_R2 − R0(mE1)
    pre-2025: +0.0000 [+0.0000,+0.0000] P0.00 (=0) | 2025-01/02: -0.0888 [-0.7331,+0.5265] P0.39 | 2025-03->12: -0.0111 [-0.2148,+0.1957] P0.47 | 2026<=cut: +0.1708 [+0.0143,+0.3239] P0.98 | 2025-03->26<=cut: +0.0654 [-0.0658,+0.2056] P0.83 | 2026-postcut: -0.0721 [-0.2185,+0.0376] P0.13
    ΔSharpe 2025-03->26<=cut +0.131; turn/gross ref 0.06381 x 0.06256 (-2.0%); maxDD ref 1213 x 1215; months +11/18; best 202603 +117 bps (+57% of total +207); worst 202505 -125; Δ without best month +0.0301 [-0.1009,+0.1692]
G_mE60_R2 − yearly s42
    pre-2025: +0.0000 [+0.0000,+0.0000] P0.00 (=0) | 2025-01/02: +0.1657 [-0.5439,+0.8806] P0.68 | 2025-03->12: -0.1599 [-0.3820,+0.0624] P0.07 | 2026<=cut: -0.0320 [-0.2716,+0.1703] P0.41 | 2025-03->26<=cut: -0.1062 [-0.2676,+0.0389] P0.09 | 2026-postcut: -0.1074 [-0.2350,+0.0109] P0.04
    ΔSharpe 2025-03->26<=cut -0.178; turn/gross ref 0.06442 x 0.06256 (-2.9%); maxDD ref 1133 x 1215; months +8/18; best 202504 +113 bps (-34% of total -336); worst 202505 -226; Δ without best month -0.1505 [-0.3093,+0.0042]
G_mE60_R2 − R0(mE60)
    pre-2025: +0.0000 [+0.0000,+0.0000] P0.00 (=0) | 2025-01/02: +0.0866 [-0.5029,+0.6721] P0.60 | 2025-03->12: +0.0715 [-0.1535,+0.3060] P0.74 | 2026<=cut: +0.1457 [-0.1227,+0.3916] P0.87 | 2025-03->26<=cut: +0.1027 [-0.0654,+0.2711] P0.89 | 2026-postcut: -0.0617 [-0.1584,+0.0334] P0.10
    ΔSharpe 2025-03->26<=cut +0.182; turn/gross ref 0.06165 x 0.06256 (+1.5%); maxDD ref 1207 x 1215; months +12/18; best 202603 +152 bps (+47% of total +325); worst 202505 -130; Δ without best month +0.0580 [-0.1289,+0.2456]
G_mE60_R3 − R0(mE1)
    pre-2025: +0.0000 [+0.0000,+0.0000] P0.00 (=0) | 2025-01/02: -0.0888 [-0.7138,+0.5091] P0.37 | 2025-03->12: -0.0403 [-0.2482,+0.1732] P0.36 | 2026<=cut: +0.2947 [+0.0512,+0.5363] P0.99 | 2025-03->26<=cut: +0.1006 [-0.0594,+0.2711] P0.90 | 2026-postcut: -0.0898 [-0.4942,+0.2894] P0.34
    ΔSharpe 2025-03->26<=cut +0.195; turn/gross ref 0.06381 x 0.06438 (+0.9%); maxDD ref 1213 x 1215; months +11/18; best 202603 +192 bps (+60% of total +319); worst 202505 -125; Δ without best month +0.0424 [-0.1186,+0.2085]
G_mE60_R3 − yearly s42
    pre-2025: +0.0000 [+0.0000,+0.0000] P0.00 (=0) | 2025-01/02: +0.1657 [-0.5552,+0.8783] P0.67 | 2025-03->12: -0.1892 [-0.4202,+0.0497] P0.05 | 2026<=cut: +0.0918 [-0.0911,+0.2801] P0.82 | 2025-03->26<=cut: -0.0710 [-0.2240,+0.0774] P0.18 | 2026-postcut: -0.1252 [-0.5646,+0.2461] P0.28
    ΔSharpe 2025-03->26<=cut -0.114; turn/gross ref 0.06442 x 0.06438 (-0.1%); maxDD ref 1133 x 1215; months +9/18; best 202504 +113 bps (-50% of total -225); worst 202505 -226; Δ without best month -0.1132 [-0.2699,+0.0365]
G_mE60_R3 − R0(mE60)
    pre-2025: +0.0000 [+0.0000,+0.0000] P0.00 (=0) | 2025-01/02: +0.0866 [-0.5204,+0.6610] P0.61 | 2025-03->12: +0.0423 [-0.2009,+0.2763] P0.63 | 2026<=cut: +0.2696 [+0.0271,+0.5113] P0.98 | 2025-03->26<=cut: +0.1379 [-0.0317,+0.3061] P0.94 | 2026-postcut: -0.0795 [-0.4606,+0.2789] P0.36
    ΔSharpe 2025-03->26<=cut +0.246; turn/gross ref 0.06165 x 0.06438 (+4.4%); maxDD ref 1207 x 1215; months +10/18; best 202603 +227 bps (+52% of total +437); worst 202505 -130; Δ without best month +0.0704 [-0.1029,+0.2391]
G_mE60_R4 − R0(mE1)
    pre-2025: +0.0000 [+0.0000,+0.0000] P0.00 (=0) | 2025-01/02: -0.0888 [-0.7009,+0.5210] P0.39 | 2025-03->12: +0.0579 [-0.1430,+0.2610] P0.71 | 2026<=cut: +0.0940 [-0.1024,+0.2789] P0.82 | 2025-03->26<=cut: +0.0731 [-0.0728,+0.2228] P0.84 | 2026-postcut: -0.0823 [-0.2799,+0.0648] P0.19
    ΔSharpe 2025-03->26<=cut +0.148; turn/gross ref 0.06381 x 0.06284 (-1.5%); maxDD ref 1213 x 1180; months +10/18; best 202603 +152 bps (+65% of total +231); worst 202505 -130; Δ without best month +0.0268 [-0.1153,+0.1743]
G_mE60_R4 − yearly s42
    pre-2025: +0.0000 [+0.0000,+0.0000] P0.00 (=0) | 2025-01/02: +0.1657 [-0.5437,+0.9133] P0.66 | 2025-03->12: -0.0910 [-0.3199,+0.1388] P0.23 | 2026<=cut: -0.1089 [-0.3608,+0.0777] P0.15 | 2025-03->26<=cut: -0.0985 [-0.2730,+0.0647] P0.12 | 2026-postcut: -0.1177 [-0.2756,-0.0022] P0.02
    ΔSharpe 2025-03->26<=cut -0.161; turn/gross ref 0.06442 x 0.06284 (-2.5%); maxDD ref 1133 x 1180; months +7/18; best 202504 +151 bps (-49% of total -312); worst 202505 -231; Δ without best month -0.1551 [-0.3104,-0.0079]
G_mE60_R4 − R0(mE60)
    pre-2025: +0.0000 [+0.0000,+0.0000] P0.00 (=0) | 2025-01/02: +0.0866 [-0.4922,+0.6615] P0.62 | 2025-03->12: +0.1405 [-0.1181,+0.3988] P0.87 | 2026<=cut: +0.0688 [-0.2144,+0.3474] P0.71 | 2025-03->26<=cut: +0.1104 [-0.0767,+0.2975] P0.87 | 2026-postcut: -0.0720 [-0.2162,+0.0637] P0.17
    ΔSharpe 2025-03->26<=cut +0.199; turn/gross ref 0.06165 x 0.06284 (+1.9%); maxDD ref 1207 x 1180; months +10/18; best 202603 +186 bps (+53% of total +350); worst 202505 -135; Δ without best month +0.0547 [-0.1261,+0.2458]
G_mE1_R1_phidyn − R0(mE1)
    pre-2025: -0.0018 [-0.0444,+0.0412] P0.48 | 2025-01/02: -0.0202 [-0.6944,+0.6246] P0.49 | 2025-03->12: +0.0376 [-0.3260,+0.3882] P0.58 | 2026<=cut: +0.3810 [+0.1036,+0.6549] P1.00 | 2025-03->26<=cut: +0.1820 [-0.0452,+0.4180] P0.94 | 2026-postcut: -0.0626 [-0.2825,+0.1651] P0.30
    ΔSharpe 2025-03->26<=cut +0.353; turn/gross ref 0.06381 x 0.07459 (+16.9%); maxDD ref 1213 x 931; months +11/18; best 202504 +329 bps (+57% of total +577); worst 202505 -163; Δ without best month +0.0828 [-0.1224,+0.2949]
G_mE1_R1_phidyn − yearly s42
    pre-2025: -0.0018 [-0.0444,+0.0402] P0.45 | 2025-01/02: +0.2343 [-0.3305,+0.8214] P0.79 | 2025-03->12: -0.1112 [-0.4537,+0.2518] P0.27 | 2026<=cut: +0.1781 [-0.0385,+0.4028] P0.95 | 2025-03->26<=cut: +0.0104 [-0.2094,+0.2271] P0.53 | 2026-postcut: -0.0980 [-0.3561,+0.1399] P0.22
    ΔSharpe 2025-03->26<=cut +0.044; turn/gross ref 0.06442 x 0.07459 (+15.8%); maxDD ref 1133 x 931; months +10/18; best 202504 +329 bps (+997% of total +33); worst 202505 -264; Δ without best month -0.0991 [-0.2905,+0.0898]
G_mE1_R1_phidyn − yearly s2027
    pre-2025: -0.0202 [-0.0860,+0.0445] P0.27 | 2025-01/02: +0.2645 [-0.4952,+0.9849] P0.77 | 2025-03->12: -0.2565 [-0.5825,+0.0667] P0.06 | 2026<=cut: +0.2241 [-0.0473,+0.4893] P0.95 | 2025-03->26<=cut: -0.0545 [-0.2758,+0.1792] P0.34 | 2026-postcut: -0.1338 [-0.4470,+0.1077] P0.15
    ΔSharpe 2025-03->26<=cut -0.065; turn/gross ref 0.05945 x 0.07459 (+25.5%); maxDD ref 938 x 931; months +8/18; best 202504 +188 bps (-109% of total -173); worst 202505 -262; Δ without best month -0.1208 [-0.3395,+0.1025]
G_mE1_R0_phidyn − R0(mE1)
    pre-2025: -0.0018 [-0.0459,+0.0407] P0.46 | 2025-01/02: -0.1416 [-0.2803,-0.0076] P0.02 | 2025-03->12: +0.0355 [-0.1563,+0.2312] P0.64 | 2026<=cut: +0.2097 [+0.0190,+0.4122] P0.98 | 2025-03->26<=cut: +0.1087 [-0.0286,+0.2568] P0.94 | 2026-postcut: +0.0397 [-0.1807,+0.2428] P0.66
    ΔSharpe 2025-03->26<=cut +0.169; turn/gross ref 0.06381 x 0.07179 (+12.5%); maxDD ref 1213 x 1122; months +10/18; best 202509 +162 bps (+47% of total +345); worst 202507 -56; Δ without best month +0.0612 [-0.0744,+0.2019]
G_mE1_R0_phidyn − yearly s42
    pre-2025: -0.0018 [-0.0438,+0.0403] P0.46 | 2025-01/02: +0.1129 [-0.6728,+0.9147] P0.60 | 2025-03->12: -0.1134 [-0.3861,+0.1647] P0.22 | 2026<=cut: +0.0069 [-0.2442,+0.2592] P0.51 | 2025-03->26<=cut: -0.0628 [-0.2472,+0.1264] P0.27 | 2026-postcut: +0.0043 [-0.2739,+0.2720] P0.52
    ΔSharpe 2025-03->26<=cut -0.140; turn/gross ref 0.06442 x 0.07179 (+11.4%); maxDD ref 1133 x 1122; months +10/18; best 202509 +113 bps (-57% of total -199); worst 202503 -204; Δ without best month -0.1043 [-0.3039,+0.0837]
G_mE1_R0_phidyn − yearly s2027
    pre-2025: -0.0202 [-0.0836,+0.0440] P0.26 | 2025-01/02: +0.1431 [-0.4840,+0.7037] P0.69 | 2025-03->12: -0.2587 [-0.5813,+0.0468] P0.06 | 2026<=cut: +0.0529 [-0.2061,+0.3074] P0.65 | 2025-03->26<=cut: -0.1277 [-0.3290,+0.0835] P0.13 | 2026-postcut: -0.0315 [-0.1087,+0.0488] P0.23
    ΔSharpe 2025-03->26<=cut -0.249; turn/gross ref 0.05945 x 0.07179 (+20.7%); maxDD ref 938 x 1122; months +5/18; best 202509 +147 bps (-36% of total -405); worst 202503 -159; Δ without best month -0.1845 [-0.3942,+0.0361]
R0(mE1) − yearly s42 [§A4 keepable]
    pre-2025: +0.0000 [+0.0000,+0.0000] P0.00 (=0) | 2025-01/02: +0.2545 [-0.5378,+1.0910] P0.72 | 2025-03->12: -0.1489 [-0.3772,+0.0600] P0.09 | 2026<=cut: -0.2029 [-0.4489,+0.0489] P0.06 | 2025-03->26<=cut: -0.1716 [-0.3456,-0.0070] P0.02 | 2026-postcut: -0.0354 [-0.1360,+0.0554] P0.24
    ΔSharpe 2025-03->26<=cut -0.309; turn/gross ref 0.06442 x 0.06381 (-0.9%); maxDD ref 1133 x 1213; months +5/18; best 202507 +113 bps (-21% of total -544); worst 202503 -185; Δ without best month -0.2202 [-0.4028,-0.0522]
R0(mE1) − yearly s2027
    pre-2025: -0.0184 [-0.0769,+0.0384] P0.26 | 2025-01/02: +0.2847 [-0.3023,+0.8577] P0.84 | 2025-03->12: -0.2942 [-0.5482,-0.0564] P0.01 | 2026<=cut: -0.1569 [-0.3163,+0.0106] P0.04 | 2025-03->26<=cut: -0.2364 [-0.3892,-0.0758] P0.00 | 2026-postcut: -0.0712 [-0.2675,+0.1272] P0.22
    ΔSharpe 2025-03->26<=cut -0.418; turn/gross ref 0.05945 x 0.06381 (+7.3%); maxDD ref 938 x 1213; months +6/18; best 202507 +48 bps (-6% of total -749); worst 202603 -144; Δ without best month -0.2673 [-0.4277,-0.1069]
R1+φdyn − R1 (fixed φ) [§A3]
    pre-2025: -0.0018 [-0.0464,+0.0400] P0.47 | 2025-01/02: -0.1208 [-0.3151,+0.0589] P0.11 | 2025-03->12: +0.0270 [-0.1883,+0.2449] P0.60 | 2026<=cut: +0.1733 [-0.0196,+0.4073] P0.96 | 2025-03->26<=cut: +0.0885 [-0.0672,+0.2493] P0.86 | 2026-postcut: -0.0062 [-0.1384,+0.1182] P0.46
    ΔSharpe 2025-03->26<=cut +0.177; turn/gross ref 0.06411 x 0.07459 (+16.3%); maxDD ref 1085 x 931; months +8/18; best 202604 +170 bps (+61% of total +280); worst 202505 -91; Δ without best month +0.0368 [-0.1177,+0.1904]
R0+φdyn − R0 (aux)
    pre-2025: -0.0018 [-0.0439,+0.0394] P0.48 | 2025-01/02: -0.1416 [-0.2854,-0.0091] P0.02 | 2025-03->12: +0.0355 [-0.1596,+0.2380] P0.62 | 2026<=cut: +0.2097 [+0.0176,+0.4228] P0.98 | 2025-03->26<=cut: +0.1087 [-0.0289,+0.2550] P0.95 | 2026-postcut: +0.0397 [-0.1677,+0.2407] P0.67
    ΔSharpe 2025-03->26<=cut +0.169; turn/gross ref 0.06381 x 0.07179 (+12.5%); maxDD ref 1213 x 1122; months +10/18; best 202509 +162 bps (+47% of total +345); worst 202507 -56; Δ without best month +0.0612 [-0.0720,+0.1991]
PHIDYN G_mE1_R1_phidyn: {"phi_mean": 0.5585938522578472, "phi_min": 0.3, "phi_max": 0.6, "share_at_lower_clip": 0.027777777777777776, "share_at_upper_clip": 0.579229797979798, "share_eq_0.45": 0.0, "n_cross_0.45": 38, "n_jumps_ge_0.05": 29, "phi_by_year": {"2025": 0.547670570088754, "2026": 0.5736502682206516}}
PHIDYN G_mE1_R0_phidyn: {"phi_mean": 0.5456638778249934, "phi_min": 0.3, "phi_max": 0.6, "share_at_lower_clip": 0.03282828282828283, "share_at_upper_clip": 0.5441919191919192, "share_eq_0.45": 0.0, "n_cross_0.45": 49, "n_jumps_ge_0.05": 64, "phi_by_year": {"2025": 0.5305301202432884, "2026": 0.5665239220592355}}

===== JUDGE §A4 [G_mE1_R1 vs R0(mE1)]: Δ +0.0934 [-0.0796,+0.2637] lower>0=False; 2026 point +0.2076 >=0=True; Δturn +0.5% <=10=True; drop-best-month lower>0=False ⇒ UNDECIDED

===== JUDGE §A4 [G_mE1_R2 vs R0(mE1)]: Δ +0.0912 [-0.0753,+0.2564] lower>0=False; 2026 point +0.1972 >=0=True; Δturn -1.5% <=10=True; drop-best-month lower>0=False ⇒ UNDECIDED

===== JUDGE §A4 [G_mE1_R3 vs R0(mE1)]: Δ +0.0952 [-0.0744,+0.2710] lower>0=False; 2026 point +0.2119 >=0=True; Δturn +1.8% <=10=True; drop-best-month lower>0=False ⇒ UNDECIDED

===== JUDGE §A4 [G_mE1_R4 vs R0(mE1)]: Δ +0.2014 [+0.0361,+0.3669] lower>0=True; 2026 point +0.1864 >=0=True; Δturn -0.6% <=10=True; drop-best-month lower>0=False ⇒ UNDECIDED (single-month driven)

===== JUDGE §A4 [G_mE60_R1 vs R0(mE1)]: Δ +0.1006 [-0.0644,+0.2689] lower>0=False; 2026 point +0.2947 >=0=True; Δturn +0.9% <=10=True; drop-best-month lower>0=False ⇒ UNDECIDED

===== JUDGE §A4 [G_mE60_R2 vs R0(mE1)]: Δ +0.0654 [-0.0658,+0.2056] lower>0=False; 2026 point +0.1708 >=0=True; Δturn -2.0% <=10=True; drop-best-month lower>0=False ⇒ UNDECIDED

===== JUDGE §A4 [G_mE60_R3 vs R0(mE1)]: Δ +0.1006 [-0.0594,+0.2711] lower>0=False; 2026 point +0.2947 >=0=True; Δturn +0.9% <=10=True; drop-best-month lower>0=False ⇒ UNDECIDED

===== JUDGE §A4 [G_mE60_R4 vs R0(mE1)]: Δ +0.0731 [-0.0728,+0.2228] lower>0=False; 2026 point +0.0940 >=0=True; Δturn -1.5% <=10=True; drop-best-month lower>0=False ⇒ UNDECIDED
===== JUDGE §A4 [R0(mE1) − yearly s42 [§A4 keepable]]: -0.1716 [-0.3456,-0.0070] ⇒ NOT keepable by §A4 (CI upper <= 0)
===== JUDGE §A4 [R0(mE1) − yearly s2027]: -0.2364 [-0.3892,-0.0758] ⇒ NOT keepable by §A4 (CI upper <= 0)
===== §A3 [R1+φdyn − R1]: +0.0885 [-0.0672,+0.2493], Δturn +16.3%

wrote /workspace/review_scratch/dl_monthly_gate/results/judge_gate.json
JUDGE_DONE
