done uni2_N300_ms_s42 17:13
done uni2_F_M_ms_s42 17:13
done uni2_A14_ms_s42 17:13
done uni2_N500_ms_s42 17:13
done uni2_F_M_fx_s42 17:14
done uni2_A14_fx_s42 17:14
done uni2_N300_fx_s42 17:14
done uni2_N500_fx_s42 17:14
done uni2_F_Q_ms_s42 17:15
done uni2_A30_ms_s42 17:15
done uni2_H_300_400_ms_s42 17:15
done uni2_N600_ms_s42 17:16
done uni2_A30_fx_s42 17:16
done uni2_F_Q_fx_s42 17:16
done uni2_H_300_400_fx_s42 17:16
done uni2_N600_fx_s42 17:17
LANE_DONE N500 N600
done uni2_A60_ms_s42 17:18
done uni2_F_Y_ms_s42 17:18
done uni2_N400r_ms_s42 17:18
done uni2_A60_fx_s42 17:19
LANE_DONE A14 A30 A60
done uni2_F_Y_fx_s42 17:19
LANE_DONE F_M F_Q F_Y
done uni2_N400r_fx_s42 17:19
LANE_DONE N300 H_300_400 N400r
UNI2_S42_DONE
done uni2_N500_ms_s2027 17:22
done uni2_N400r_ms_s2027 17:22
done uni2_N600_ms_s2027 17:22
done uni2_F_Q_ms_s42 17:23
done uni2_A14_ms_s42 17:23
done uni2_A60_ms_s42 17:23
done uni2_N500X14_ms_s42 17:23
done uni2_N400r_fx_s2027 17:23
done uni2_N500_fx_s2027 17:23
done uni2_N600_fx_s2027 17:23
UNI2_S2027_DONE
done uni2_F_Q_fx_s42 17:24
done uni2_A60_fx_s42 17:24
done uni2_A14_fx_s42 17:24
done uni2_N500T400_ms_s42 17:24
done uni2_N500X14_fx_s42 17:24
done uni2_N600T400_ms_s42 17:24
done uni2_F_Y_ms_s42 17:25
done uni2_F_M_ms_s42 17:25
done uni2_A30_ms_s42 17:25
done uni2_N600X14_ms_s42 17:25
done uni2_N500T400_fx_s42 17:26
done uni2_N600T400_fx_s42 17:26
UNI2_T400_DONE
done uni2_F_Y_fx_s42 17:26
done uni2_F_M_fx_s42 17:27
done uni2_A30_fx_s42 17:27
done uni2_N600X14_fx_s42 17:27
UNI2_ROUND2_DONE
done uni2_A7_ms_s42 17:31
done uni2_N400rF_ms_s42 17:31
done uni2_N829T400_ms_s42 17:31
done uni2_N600T400F_ms_s42 17:31
done uni2_A7_fx_s42 17:32
done uni2_N400rF_fx_s42 17:32
done uni2_N829T400_fx_s42 17:32
done uni2_N600T400F_fx_s42 17:32
done uni2_N829_ms_s42 17:33
done uni2_N600F_ms_s42 17:34
done uni2_N829_fx_s42 17:35
done uni2_N600F_fx_s42 17:36
UNI2_ROUND3_DONE
done uni2_F_D_ms_s42 17:39
done uni2_F_W_ms_s42 17:39
done uni2_N600A7_ms_s42 17:39
done uni2_F_D_fx_s42 17:40
done uni2_F_W_fx_s42 17:40
done uni2_N600A7_fx_s42 17:40
UNI2_ROUND4_DONE
done uni2_F_M7_ms_s42 17:43
done uni2_N600T400_ms_s2027 17:43
done uni2_F_M7_fx_s42 17:44
done uni2_N600T400_fx_s2027 17:45
UNI2_ROUND5_DONE
