# census_attempt_idx  run=2026-09-16T02:58:42Z  py=Python 3.9.6
# script_sha256=36a07486b12c8fb1c06f5c5ed9aad3e52c42ef43f78f00a5d0a8ad41f8b88c1a
==============================================================================
DAY 20260909
  n_order_rows 2310  n_fill_rows 8518
  ORDER rows  order_type x attempt_idx:
      ('maker', 1) 1297
      ('maker', 2) 16
      ('protective_flatten', 1) 243
      ('topup_taker', 2) 754
  FILL rows   order_type x attempt_idx:
      ('maker', 1) 1622
      ('protective_flatten', 1) 6190
      ('topup_taker', 2) 706
  flatten ORDER rows 243  flatten FILL rows 6190
    rid=FLATTEN-20260909T164536Z: orders=243 attempts={1: 243} | fills=6190 attempts={1: 6190}
       ORDER rows with a fill, by attempt: {1: 243}
==============================================================================
DAY 20260912
  n_order_rows 2665  n_fill_rows 9792
  ORDER rows  order_type x attempt_idx:
      ('maker', 1) 1587
      ('maker', 2) 21
      ('protective_flatten', 1) 255
      ('topup_taker', 2) 802
  FILL rows   order_type x attempt_idx:
      ('maker', 1) 1698
      ('protective_flatten', 2) 7312
      ('topup_taker', 2) 782
  flatten ORDER rows 255  flatten FILL rows 7312
    rid=FLATTEN-20260912T124737Z: orders=255 attempts={1: 255} | fills=7312 attempts={2: 7312}
       ORDER rows with a fill, by attempt: {1: 255}
# rc=0
