[     0s] CHECK input_sha.ARM_A0_S42 OK {"expected": "634f7c55ba73", "got": "634f7c55ba73"}
[     0s] CHECK input_sha.ARM_A0_S2027 OK {"expected": "c1f92ec24bb4", "got": "c1f92ec24bb4"}
[     0s] CHECK input_sha.META_V4 OK {"expected": "e1cf515eca46", "got": "e1cf515eca46"}
[     1s] CHECK input_sha.PANEL_ARM OK {"expected": "5e67c0559daa", "got": "5e67c0559daa"}
[     1s] CHECK input_sha.UMASK_ARM OK {"expected": "3badc4b6a4fc", "got": "3badc4b6a4fc"}
[     1s] CHECK input_sha.W10_DEVICE OK {"expected": "8684d9a9f43a", "got": "8684d9a9f43a"}
[     1s] CHECK input_sha.COSTB_JSON OK {"expected": "e5ac58d57f23", "got": "e5ac58d57f23"}
[     1s] CHECK input_sha.JUDGE OK {"expected": "230e3c793cd9", "got": "230e3c793cd9"}
[     1s] CHECK input_sha.CHARS OK {"expected": "403957a21ff7", "got": "403957a21ff7"}
[     1s] CHECK umask.symbols_equal_panel OK 
[     1s] CHECK chars.symbols OK 
[     3s] labels built
[     3s] CHECK windows.2026H1_anchor_count_equals_G0 OK {"n": 1086}
[     3s] CHECK arm_s42.config_is_the_in_role_A0_realcost_arm OK {"mismatch": {}}
[     3s] CHECK arm_s42.shapes OK {"rec": [10039, 23], "W": [10039, 829], "W_dtype": "float32"}
[     3s] CHECK s42.axis_equals_chars OK 
[     6s] CHECK s42.regate_pnl_ex OK {"max_abs_diff": 3.903053283238478e-06}
[     6s] CHECK s42.regate_carry_ex OK {"max_abs_diff": 8.779653271062671e-08}
[     6s] CHECK s42.regate_cost_ex OK {"max_abs_diff": 2.0083469456921854e-08}
[     6s] CHECK s42.identity_pnl_ex_per_anchor OK {"max_abs": 4.263256414560601e-14}
[     6s] CHECK s42.identity_carry_ex_per_anchor OK {"max_abs": 8.881784197001252e-16}
[     6s] CHECK s42.identity_cost_ex_per_anchor OK {"max_abs": 1.6653345369377348e-16}
[     9s] CHECK s42.2026-08.components_equal_judge_means OK {"attrib": {"price": -0.29818376450279155, "carry": 1.2119465793364552, "fee": 0.10132490833939121, "net": -1.6114552521786374}, "judge": {"price": -0.29818382433276, "carry": 1.2119465773190516, "fee": 0.10132490820130591, "net": -1.611455309853117}}
[     9s] CHECK s42.2026H1.components_equal_judge_means OK {"attrib": {"price": 4.344759453858416, "carry": 0.9941943103379556, "fee": 0.1098941172732998, "net": 3.240671026247161}, "judge": {"price": 4.344759442298487, "carry": 0.994194310240085, "fee": 0.10989411725888586, "net": 3.2406710147995166}}
[    10s] CHECK s42.ALL.components_equal_judge_means OK {"attrib": {"price": 2.3651536629672973, "carry": 0.6858087531131648, "fee": 0.1832588914661357, "net": 1.4960860183879972}, "judge": {"price": 2.3651536545798373, "carry": 0.6858087534666323, "fee": 0.18325889148786506, "net": 1.4960860096253397}}
[    10s] CHECK s42.cohort_identities_all_windows OK {"windows": 23}
[    14s] seed done 42
[    14s] CHECK arm_s2027.config_is_the_in_role_A0_realcost_arm OK {"mismatch": {}}
[    14s] CHECK arm_s2027.shapes OK {"rec": [10039, 23], "W": [10039, 829], "W_dtype": "float32"}
[    14s] CHECK s2027.axis_equals_chars OK 
[    17s] CHECK s2027.regate_pnl_ex OK {"max_abs_diff": 4.2350005458047235e-06}
[    17s] CHECK s2027.regate_carry_ex OK {"max_abs_diff": 9.996283489854818e-08}
[    17s] CHECK s2027.regate_cost_ex OK {"max_abs_diff": 2.207761812256237e-08}
[    17s] CHECK s2027.identity_pnl_ex_per_anchor OK {"max_abs": 2.842170943040401e-14}
[    17s] CHECK s2027.identity_carry_ex_per_anchor OK {"max_abs": 1.3322676295501878e-15}
[    17s] CHECK s2027.identity_cost_ex_per_anchor OK {"max_abs": 1.1102230246251565e-16}
[    19s] CHECK s2027.2026-08.components_equal_judge_means OK {"attrib": {"price": 0.09532610030838921, "carry": 1.2210333197158636, "fee": 0.10355216672716261, "net": -1.2292593861346375}, "judge": {"price": 0.09532616665445598, "carry": 1.2210333206155417, "fee": 0.10355216639923864, "net": -1.2292593203603246}}
[    19s] CHECK s2027.2026H1.components_equal_judge_means OK {"attrib": {"price": 4.323830840680029, "carry": 0.9997684445274897, "fee": 0.1129868592508694, "net": 3.2110755369016695}, "judge": {"price": 4.3238308630696825, "carry": 0.9997684444923762, "fee": 0.11298685923910058, "net": 3.211075559338205}}
[    20s] CHECK s2027.ALL.components_equal_judge_means OK {"attrib": {"price": 2.428222599585103, "carry": 0.6723843886550434, "fee": 0.18991748681870918, "net": 1.5659207241113504}, "judge": {"price": 2.4282226138486167, "carry": 0.6723843887373705, "fee": 0.18991748689050747, "net": 1.5659207382207383}}
[    20s] CHECK s2027.cohort_identities_all_windows OK {"windows": 23}
[    24s] seed done 2027
[    24s] VERDICT PASS failed []
