[     0s] CHECK input_sha.ARM_A0_S42 OK {"expected": "634f7c55ba73", "got": "634f7c55ba73"}
[     0s] CHECK input_sha.ARM_A0_S2027 OK {"expected": "c1f92ec24bb4", "got": "c1f92ec24bb4"}
[     0s] CHECK input_sha.META_V4 OK {"expected": "e1cf515eca46", "got": "e1cf515eca46"}
[     1s] CHECK input_sha.PANEL_ARM OK {"expected": "5e67c0559daa", "got": "5e67c0559daa"}
[     1s] CHECK input_sha.UMASK_ARM OK {"expected": "3badc4b6a4fc", "got": "3badc4b6a4fc"}
[     1s] CHECK input_sha.W10_DEVICE OK {"expected": "8684d9a9f43a", "got": "8684d9a9f43a"}
[     1s] CHECK input_sha.COSTB_JSON OK {"expected": "e5ac58d57f23", "got": "e5ac58d57f23"}
[     1s] CHECK input_sha.JUDGE OK {"expected": "230e3c793cd9", "got": "230e3c793cd9"}
[     1s] CHECK umask.symbols_equal_panel OK 
[     1s] CHECK arm_s42.config_is_the_in_role_A0_realcost_arm OK {"mismatch": {}}
[     1s] CHECK arm_s42.shapes OK {"rec": [10039, 23], "W": [10039, 829], "W_dtype": "float32"}
[     1s] CHECK s42.R0_rows_map OK {"rows": 10039, "first": "2022-01-31T00:00Z", "last": "2026-08-31T00:00Z"}
[     4s] CHECK s42.R1_pnl_ex OK {"anchors": 10038, "max_abs_diff_bps": 7.396730779873906e-06, "max_diff_over_scale": 1.6655438948837553e-08, "n_fail_gate": 0, "plain_rel_share_le_1e-6": 0.9887427774457063, "plain_rel_max_on_absref_ge_0p1bps": 3.4633648463178626e-06, "n_absref_ge_0p1bps": 9969, "plain_rel_p99_on_absref_ge_0p1bps": 6.985125139849379e-07}
[     4s] CHECK s42.R2_carry_ex OK {"anchors": 10038, "max_abs_diff_bps": 1.2945052496604603e-07, "max_diff_over_scale": 3.5488128544732726e-08, "n_fail_gate": 0, "plain_rel_share_le_1e-6": 0.9964136282127914, "plain_rel_max_on_absref_ge_0p1bps": 4.5346494666399223e-07, "n_absref_ge_0p1bps": 7795, "plain_rel_p99_on_absref_ge_0p1bps": 5.040675594059614e-08}
[     4s] CHECK s42.R3_cost_ex OK {"anchors": 10038, "max_abs_diff_bps": 3.107262683266221e-08, "max_diff_over_scale": 6.0835643736103306e-09, "n_fail_gate": 0, "plain_rel_share_le_1e-6": 1.0, "plain_rel_max_on_absref_ge_0p1bps": 2.6189850600985974e-07, "n_absref_ge_0p1bps": 5587, "plain_rel_p99_on_absref_ge_0p1bps": 1.0928892058924341e-07}
[     4s] CHECK s42.R4_gross_and_nmember OK {"max_rel_gross": 8.833444322451311e-09, "nmember_mismatch_rows": 0}
[     4s] CHECK s42.R5_leg_fund_seat_weighted OK {"max_abs_diff": 0.0, "rows": 10039}
[     4s] CHECK s42.R6_legs_fund_seat_input OK {"max_abs_diff": 0.0, "rows": 10039}
[     4s] CHECK s42.R7_window_means OK {"worst_rel": 5.982996831299658e-08, "W_ALPHA": {"pnl_ex": {"repro": 1.1767152005117363, "rec": 1.1767151976174632}, "carry_ex": {"repro": 0.4500192912608642, "rec": 0.450019291366335}, "cost_ex": {"repro": 0.1638526850239727, "rec": 0.1638526849457308}}, "2026-08": {"pnl_ex": {"repro": -0.29818376450279166, "rec": -0.29818382433276}, "carry_ex": {"repro": 1.2119465793364552, "rec": 1.2119465773190516}, "cost_ex": {"repro": 0.10132490833939123, "rec": 0.10132490820130591}}}
[     4s] CHECK arm_s2027.config_is_the_in_role_A0_realcost_arm OK {"mismatch": {}}
[     4s] CHECK arm_s2027.shapes OK {"rec": [10039, 23], "W": [10039, 829], "W_dtype": "float32"}
[     4s] CHECK s2027.R0_rows_map OK {"rows": 10039, "first": "2022-01-31T00:00Z", "last": "2026-08-31T00:00Z"}
[     6s] CHECK s2027.R1_pnl_ex OK {"anchors": 10038, "max_abs_diff_bps": 7.396730779873906e-06, "max_diff_over_scale": 2.0613064752294404e-08, "n_fail_gate": 0, "plain_rel_share_le_1e-6": 0.9892408846383742, "plain_rel_max_on_absref_ge_0p1bps": 9.85387374202249e-06, "n_absref_ge_0p1bps": 9966, "plain_rel_p99_on_absref_ge_0p1bps": 7.179261433285569e-07}
[     6s] CHECK s2027.R2_carry_ex OK {"anchors": 10038, "max_abs_diff_bps": 1.2945052496604603e-07, "max_diff_over_scale": 3.602028728026181e-08, "n_fail_gate": 0, "plain_rel_share_le_1e-6": 0.9971109782825264, "plain_rel_max_on_absref_ge_0p1bps": 3.07382410021439e-07, "n_absref_ge_0p1bps": 7763, "plain_rel_p99_on_absref_ge_0p1bps": 5.091605332986425e-08}
[     6s] CHECK s2027.R3_cost_ex OK {"anchors": 10038, "max_abs_diff_bps": 3.107262683266221e-08, "max_diff_over_scale": 6.0835643736103306e-09, "n_fail_gate": 0, "plain_rel_share_le_1e-6": 1.0, "plain_rel_max_on_absref_ge_0p1bps": 1.9891031162360367e-07, "n_absref_ge_0p1bps": 5581, "plain_rel_p99_on_absref_ge_0p1bps": 1.1183907888991475e-07}
[     6s] CHECK s2027.R4_gross_and_nmember OK {"max_rel_gross": 1.0878794554853789e-08, "nmember_mismatch_rows": 0}
[     6s] CHECK s2027.R5_leg_fund_seat_weighted OK {"max_abs_diff": 0.0, "rows": 10039}
[     6s] CHECK s2027.R6_legs_fund_seat_input OK {"max_abs_diff": 0.0, "rows": 10039}
[     6s] CHECK s2027.R7_window_means OK {"worst_rel": 6.634606770916651e-08, "W_ALPHA": {"pnl_ex": {"repro": 1.211829475219318, "rec": 1.2118294833760999}, "carry_ex": {"repro": 0.4435442624418069, "rec": 0.44354426241395495}, "cost_ex": {"repro": 0.1680985596753058, "rec": 0.16809855978471674}}, "2026-08": {"pnl_ex": {"repro": 0.09532610030838827, "rec": 0.09532616665445598}, "carry_ex": {"repro": 1.2210333197158636, "rec": 1.2210333206155417}, "cost_ex": {"repro": 0.10355216672716262, "rec": 0.10355216639923864}}}
[     6s] VERDICT PASS failed []
