[     0s] CHECK input_sha.ARM_A0_S42 OK {"expected": "634f7c55ba73", "got": "634f7c55ba73"}
[     0s] CHECK input_sha.ARM_A0_S2027 OK {"expected": "c1f92ec24bb4", "got": "c1f92ec24bb4"}
[     0s] CHECK input_sha.META_V4 OK {"expected": "e1cf515eca46", "got": "e1cf515eca46"}
[     2s] CHECK input_sha.PANEL_ARM OK {"expected": "5e67c0559daa", "got": "5e67c0559daa"}
[     2s] CHECK input_sha.UMASK_ARM OK {"expected": "3badc4b6a4fc", "got": "3badc4b6a4fc"}
[     2s] CHECK input_sha.W10_DEVICE OK {"expected": "8684d9a9f43a", "got": "8684d9a9f43a"}
[     2s] CHECK input_sha.COSTB_JSON OK {"expected": "e5ac58d57f23", "got": "e5ac58d57f23"}
[     2s] CHECK input_sha.JUDGE OK {"expected": "230e3c793cd9", "got": "230e3c793cd9"}
[     2s] CHECK input_sha.CHARS OK 
[     2s] CHECK attrib_device_is_the_frozen_ec8de310 OK 
[     2s] CHECK umask.symbols_equal_panel OK 
[     4s] CHECK arm_s42.config_is_the_in_role_A0_realcost_arm OK {"mismatch": {}}
[     4s] CHECK arm_s42.shapes OK {"rec": [10039, 23], "W": [10039, 829], "W_dtype": "float32"}
[     4s] CHECK s42.axis OK 
[     6s] CHECK s42.identity_price_eq_market_plus_selection OK {"max_abs": 1.4210854715202004e-14}
[    11s] seed done 42
[    11s] CHECK arm_s2027.config_is_the_in_role_A0_realcost_arm OK {"mismatch": {}}
[    11s] CHECK arm_s2027.shapes OK {"rec": [10039, 23], "W": [10039, 829], "W_dtype": "float32"}
[    11s] CHECK s2027.axis OK 
[    13s] CHECK s2027.identity_price_eq_market_plus_selection OK {"max_abs": 1.4210854715202004e-14}
[    18s] seed done 2027
[    18s] VERDICT PASS failed []
