CONFIG {"KMOD_F10": 0.0, "KMOD_L": 0.5, "KMOD_AGREE": 0.0, "SEATF10": 0, "KTAIL": 0, "KMOD": 0.0, "SEATNET": 0, "FUNDSCALE": 0, "FEMAT_NPZ": null, "SLOW_NPY": "/workspace/shadow_bundle_v3/slow_pred_pinned.npy", "W3FIX": "0.21,0,0.79", "MEMBERS_TOPN": 829, "TRADE_TOPN": 400, "FTRIM": "off", "UMASK_NPZ": null, "LOOK": 900, "WRULE": "msharpe", "CAL": "log", "LEGS": "101", "PHI": 0.45, "FSEED": "42", "FPRED": "(default f10_V2MAIN_s{FSEED})"}
MEMBERS_TOPN=829: members rebuilt from qvk ranking
SLOW override: /workspace/shadow_bundle_v3/slow_pred_pinned.npy finite 0.241
F10 leg source: f10_V2MAIN_s42.npy
F10 OOS preds aligned: rows 10056/10176, cols 829/829, finite 0.2838
legs done 4.7 s
run depth None 2000 / 10176 6.2 s
run depth None 4000 / 10176 8.0 s
run depth None 6000 / 10176 10.2 s
run depth None 8000 / 10176 12.6 s
run depth None 10000 / 10176 15.2 s
NOTE S0: arm anchors 10038 vs ref 1 (差 -10037), 仅比较共同年份
RECEIPT S0 {"maxabs_diff_vs_pod_backup": NaN, "n": 10038, "first": "2022-01-31 00:00", "last": "2026-08-30 20:00", "net_all": 0.1899, "net_2024on": 0.4958, "sharpe_2024on": 0.987, "by_year": {"2022": -0.109, "2023": -0.351, "2024": -0.475, "2025": 0.157, "2026": 2.476}, "carry_mean": 0.9641, "cost_mean": 0.0303, "fires_total": 0, "gross_total_by_year": {"2022": 0.9052, "2023": 0.8872, "2024": 0.8831, "2025": 0.7854, "2026": 0.7998}, "gross_member_by_year": {"2022": 0.9052, "2023": 0.8872, "2024": 0.8831, "2025": 0.7854, "2026": 0.7998}, "gross_total_last500": 0.781, "nsel_last500": 303.0, "turnover_mean": 0.01241, "net_ex_all": 0.0834, "net_ex_2024on": 0.3751, "sharpe_ex_2024on": 0.763, "by_year_ex": {"2022": -0.208, "2023": -0.427, "2024": -0.681, "2025": 0.079, "2026": 2.419}, "carry_ex_mean": 0.9516, "cost_ex_mean": 0.0336, "turnover_ex_mean": 0.03355, "netlong_mean": -0.0319, "netlong_by_year": {"2022": -0.0212, "2023": -0.0166, "2024": -0.0233, "2025": -0.0628, "2026": -0.0357}}
RECEIPT_EX S0 {"net_ex_all": 0.0834, "net_ex_2024on": 0.3751, "sharpe_ex_2024on": 0.763, "by_year_ex": {"2022": -0.208, "2023": -0.427, "2024": -0.681, "2025": 0.079, "2026": 2.419}, "carry_ex_mean": 0.9516, "cost_ex_mean": 0.0336, "turnover_ex_mean": 0.03355, "netlong_mean": -0.0319, "netlong_by_year": {"2022": -0.0212, "2023": -0.0166, "2024": -0.0233, "2025": -0.0628, "2026": -0.0357}}
run depth -0.3 2000 / 10176 17.0 s
run depth -0.3 4000 / 10176 18.9 s
run depth -0.3 6000 / 10176 21.1 s
run depth -0.3 8000 / 10176 23.5 s
run depth -0.3 10000 / 10176 26.1 s
NOTE d30_n2_c42: arm anchors 10038 vs ref 1 (差 -10037), 仅比较共同年份
RECEIPT d30_n2_c42 {"maxabs_diff_vs_pod_backup": NaN, "n": 10038, "first": "2022-01-31 00:00", "last": "2026-08-30 20:00", "net_all": 0.1991, "net_2024on": 0.4607, "sharpe_2024on": 0.905, "by_year": {"2022": 0.019, "2023": -0.333, "2024": -0.649, "2025": 0.317, "2026": 2.356}, "carry_mean": 0.85, "cost_mean": 0.031, "fires_total": 2620, "gross_total_by_year": {"2022": 0.8758, "2023": 0.8667, "2024": 0.8452, "2025": 0.7343, "2026": 0.7556}, "gross_member_by_year": {"2022": 0.8758, "2023": 0.8667, "2024": 0.8452, "2025": 0.7343, "2026": 0.7556}, "gross_total_last500": 0.7366, "nsel_last500": 303.0, "turnover_mean": 0.01289, "net_ex_all": 0.1217, "net_ex_2024on": 0.4139, "sharpe_ex_2024on": 0.946, "by_year_ex": {"2022": -0.127, "2023": -0.429, "2024": -0.669, "2025": 0.223, "2026": 2.34}, "carry_ex_mean": 0.8257, "cost_ex_mean": 0.0347, "turnover_ex_mean": 0.03474, "netlong_mean": -0.0393, "netlong_by_year": {"2022": -0.0341, "2023": -0.0068, "2024": -0.0243, "2025": -0.0849, "2026": -0.0493}}
RECEIPT_EX d30_n2_c42 {"net_ex_all": 0.1217, "net_ex_2024on": 0.4139, "sharpe_ex_2024on": 0.946, "by_year_ex": {"2022": -0.127, "2023": -0.429, "2024": -0.669, "2025": 0.223, "2026": 2.34}, "carry_ex_mean": 0.8257, "cost_ex_mean": 0.0347, "turnover_ex_mean": 0.03474, "netlong_mean": -0.0393, "netlong_by_year": {"2022": -0.0341, "2023": -0.0068, "2024": -0.0243, "2025": -0.0849, "2026": -0.0493}}
DONE 27.2 s
