common anchors 28 08-26 04Z -> 08-30 20Z

== step 1: reproduce the gap (bps/anchor per gross, + = pays; mean of per-anchor ratio) ==
gap_1 definition  live target_live RAW  minus  replay W3FIX DM : mean +1.212 sd 0.884 se 0.167 n 28
  e_live_target_dm       minus a_replay_dm         : mean +1.207 sd 0.874 se 0.165 n 28
  e_live_target_raw      minus a_replay_raw        : mean +1.198 sd 0.848 se 0.160 n 28
  e_live_target_dm       minus a_replaydyn_dm      : mean +1.193 sd 0.853 se 0.161 n 28
  e_live_target_dm       minus a_canonw3fix_dm     : mean +0.674 sd 0.831 se 0.157 n 28

== step 2: decomposition ladder (per-gross carry; net = sum(w)/gross; LP = gross share long&rate>0, SN = short&rate<0, LN long&rate<0 (receives), SP short&rate>0 (receives)) ==
book                       carry    se    net    LP    SN    LN    SP  payLP  paySN  rcvLN  rcvSP  gross    n
a_replay_raw              +1.036 0.060 -0.084 0.433 0.142 0.005 0.344 +0.558 +0.648 +0.009 +0.161  0.761  335
a_replay_dm               +1.021 0.054 +0.000 0.472 0.134 0.006 0.318 +0.595 +0.585 +0.010 +0.148  0.761  335
a_replaydyn_dm            +1.035 0.058 -0.000 0.471 0.135 0.006 0.317 +0.583 +0.611 +0.010 +0.149  0.747  341
a_canonw3fix_dm           +1.554 0.095 -0.000 0.419 0.146 0.007 0.285 +0.534 +1.171 +0.015 +0.135  0.917  368
b_replay_in450_raw        +1.168 0.069 -0.035 0.477 0.151 0.005 0.366 +0.607 +0.728 +0.007 +0.160  0.652  262
b_replay_in450_dm         +1.156 0.066 -0.000 0.494 0.147 0.005 0.353 +0.623 +0.694 +0.007 +0.155  0.652  262
c_replay_inmembers_raw    +1.177 0.070 -0.029 0.480 0.150 0.005 0.364 +0.611 +0.733 +0.007 +0.160  0.648  261
c_replay_inmembers_dm     +1.166 0.067 -0.000 0.494 0.146 0.005 0.353 +0.625 +0.705 +0.007 +0.156  0.648  261
d_live_king_raw           +2.204 0.220 -0.046 0.471 0.183 0.005 0.339 +0.550 +1.813 +0.008 +0.152  0.843  279
d_live_king_dm            +2.197 0.218 +0.000 0.494 0.177 0.005 0.322 +0.571 +1.778 +0.008 +0.144  0.843  279
d1_live_kc_raw            +2.209 0.222 -0.044 0.472 0.180 0.005 0.341 +0.561 +1.809 +0.008 +0.152  0.833  279
d1_live_kc_dm             +2.203 0.220 -0.000 0.494 0.175 0.005 0.325 +0.582 +1.774 +0.008 +0.145  0.833  279
d2_live_fc_raw            +2.158 0.218 -0.017 0.486 0.176 0.005 0.331 +0.590 +1.723 +0.009 +0.146  0.757  271
d2_live_fc_dm             +2.159 0.217 +0.000 0.494 0.174 0.005 0.324 +0.598 +1.714 +0.009 +0.143  0.757  271
e_live_target_raw         +2.233 0.217 -0.038 0.476 0.179 0.005 0.339 +0.575 +1.817 +0.008 +0.151  0.797  279
e_live_target_dm          +2.228 0.216 +0.000 0.494 0.174 0.005 0.325 +0.594 +1.788 +0.008 +0.145  0.797  279

increments (dm caliber unless noted):
  restrict replay to live 450 universe                        : +0.134 (se 0.015, n 28)
  restrict replay to live members(400)                        : +0.011 (se 0.001, n 28)
  replay-on-live-members -> live KING-form book (producer)    : +1.048 (se 0.154, n 27)
  live king-form -> live combo target (dm)                    : -0.014 (se 0.008, n 27)
  dm -> raw (net exposure of file weights)                    : +0.005 (se 0.003, n 28)

replay gross outside live-450: mean 0.1429 max 0.1783 | replay gross outside live members: mean 0.1485 | live gross outside its members: 0.0000
book overlap: names in both mean 261.0 (replay 334.8, live 279.0); sign agreement on common names 0.944; corr raw 0.871 dm 0.873
members' mean 4h rate -0.131 bps, frac positive 0.899

sub-periods (live target dm vs replay dm, per gross):
  clean combo 08-26 04Z..08-29 16Z     n=22 live_dm +2.092 live_raw +2.093 replay_dm +0.991 gap_dm +1.101 | king_dm +2.121 kc_dm +2.124 fc_dm +2.042
  king-form anchor 08-30 00Z           n= 1 live_dm +3.458 live_raw +3.497 replay_dm +1.391 gap_dm +2.067 | king_dm na kc_dm na fc_dm na
  fc-reset 08-30 04Z..20Z              n= 5 live_dm +2.580 live_raw +2.598 replay_dm +1.081 gap_dm +1.499 | king_dm +2.528 kc_dm +2.548 fc_dm +2.675

== top-20 names by mean |w x rate| contribution (bps/anchor per gross), live target (dm) ==
  ONGUSDT          |w r| 0.604  w_mean -0.0058  rate4h  -84.11bps  in450 1  a_replay |w r| 0.109 w_mean -0.0009  both Y
  COTIUSDT         |w r| 0.144  w_mean -0.0065  rate4h  -17.07bps  in450 1  a_replay |w r| 0.040 w_mean -0.0018  both Y
  TUTUSDT          |w r| 0.140  w_mean -0.0020  rate4h  -25.56bps  in450 1  a_replay |w r| 0.037 w_mean -0.0004  both Y
  BICOUSDT         |w r| 0.124  w_mean -0.0055  rate4h  -18.18bps  in450 1  a_replay |w r| 0.047 w_mean -0.0021  both Y
  HOMEUSDT         |w r| 0.115  w_mean -0.0059  rate4h  -15.44bps  in450 1  a_replay |w r| 0.033 w_mean -0.0017  both Y
  ONTUSDT          |w r| 0.111  w_mean -0.0057  rate4h  -15.63bps  in450 1  a_replay |w r| 0.037 w_mean -0.0018  both Y
  ACEUSDT          |w r| 0.108  w_mean -0.0056  rate4h  -15.63bps  in450 1  a_replay |w r| 0.018 w_mean -0.0009  both Y
  SKRUSDT          |w r| 0.066  w_mean -0.0013  rate4h  -11.40bps  in450 1  a_replay |w r| 0.019 w_mean -0.0004  both Y
  SANDUSDT         |w r| 0.045  w_mean -0.0043  rate4h   -8.36bps  in450 1  a_replay |w r| 0.018 w_mean -0.0017  both Y
  ESPORTSUSDT      |w r| 0.042  w_mean +0.0065  rate4h   +5.05bps  in450 1  a_replay |w r| 0.050 w_mean +0.0075  both Y
  BTRUSDT          |w r| 0.038  w_mean +0.0055  rate4h   +5.52bps  in450 1  a_replay |w r| 0.030 w_mean +0.0042  both Y
  EDENUSDT         |w r| 0.036  w_mean -0.0056  rate4h   -4.73bps  in450 1  a_replay |w r| 0.019 w_mean -0.0035  both Y
  SIRENUSDT        |w r| 0.035  w_mean +0.0064  rate4h   +4.44bps  in450 1  a_replay |w r| 0.039 w_mean +0.0067  both Y
  STORJUSDT        |w r| 0.034  w_mean -0.0016  rate4h   -5.11bps  in450 1  a_replay |w r| 0.012 w_mean -0.0005  both Y
  BMTUSDT          |w r| 0.031  w_mean -0.0056  rate4h   -4.60bps  in450 1  a_replay |w r| 0.013 w_mean -0.0013  both Y
  MOVEUSDT         |w r| 0.027  w_mean -0.0052  rate4h   -3.66bps  in450 1  a_replay |w r| 0.017 w_mean -0.0035  both Y
  4USDT            |w r| 0.027  w_mean +0.0063  rate4h   +3.11bps  in450 1  a_replay |w r| 0.028 w_mean +0.0066  both Y
  CLOUSDT          |w r| 0.024  w_mean +0.0060  rate4h   +3.22bps  in450 1  a_replay |w r| 0.007 w_mean +0.0016  both Y
  STARUSDT         |w r| 0.022  w_mean +0.0064  rate4h   +2.75bps  in450 1  a_replay |w r| 0.025 w_mean +0.0070  both Y
  GASUSDT          |w r| 0.022  w_mean -0.0047  rate4h   -3.64bps  in450 1  a_replay |w r| 0.013 w_mean -0.0031  both Y
  top-20 share of total |w r| in e_live_target_dm: 0.708; same names' share in a_replay_dm: 0.457

== top-20 names, replay W3FIX (dm) ==
  ONGUSDT          |w r| 0.109  w_mean -0.0009  rate4h  -84.11bps  in450 1  e_live_t |w r| 0.604 w_mean -0.0058  both Y
  ESPORTSUSDT      |w r| 0.050  w_mean +0.0075  rate4h   +5.05bps  in450 1  e_live_t |w r| 0.042 w_mean +0.0065  both Y
  BICOUSDT         |w r| 0.047  w_mean -0.0021  rate4h  -18.18bps  in450 1  e_live_t |w r| 0.124 w_mean -0.0055  both Y
  COTIUSDT         |w r| 0.040  w_mean -0.0018  rate4h  -17.07bps  in450 1  e_live_t |w r| 0.144 w_mean -0.0065  both Y
  SIRENUSDT        |w r| 0.039  w_mean +0.0067  rate4h   +4.44bps  in450 1  e_live_t |w r| 0.035 w_mean +0.0064  both Y
  TUTUSDT          |w r| 0.037  w_mean -0.0004  rate4h  -25.56bps  in450 1  e_live_t |w r| 0.140 w_mean -0.0020  both Y
  ONTUSDT          |w r| 0.037  w_mean -0.0018  rate4h  -15.63bps  in450 1  e_live_t |w r| 0.111 w_mean -0.0057  both Y
  HOMEUSDT         |w r| 0.033  w_mean -0.0017  rate4h  -15.44bps  in450 1  e_live_t |w r| 0.115 w_mean -0.0059  both Y
  BTRUSDT          |w r| 0.030  w_mean +0.0042  rate4h   +5.52bps  in450 1  e_live_t |w r| 0.038 w_mean +0.0055  both Y
  4USDT            |w r| 0.028  w_mean +0.0066  rate4h   +3.11bps  in450 1  e_live_t |w r| 0.027 w_mean +0.0063  both Y
  STARUSDT         |w r| 0.025  w_mean +0.0070  rate4h   +2.75bps  in450 1  e_live_t |w r| 0.022 w_mean +0.0064  both Y
  MAGMAUSDT        |w r| 0.022  w_mean +0.0055  rate4h   +3.04bps  in450 1  e_live_t |w r| 0.022 w_mean +0.0056  both Y
  EDENUSDT         |w r| 0.019  w_mean -0.0035  rate4h   -4.73bps  in450 1  e_live_t |w r| 0.036 w_mean -0.0056  both Y
  SKRUSDT          |w r| 0.019  w_mean -0.0004  rate4h  -11.40bps  in450 1  e_live_t |w r| 0.066 w_mean -0.0013  both Y
  SANDUSDT         |w r| 0.018  w_mean -0.0017  rate4h   -8.36bps  in450 1  e_live_t |w r| 0.045 w_mean -0.0043  both Y
  KOMAUSDT         |w r| 0.018  w_mean +0.0065  rate4h   +1.92bps  in450 1  e_live_t |w r| 0.015 w_mean +0.0059  both Y
  ACEUSDT          |w r| 0.018  w_mean -0.0009  rate4h  -15.63bps  in450 1  e_live_t |w r| 0.108 w_mean -0.0056  both Y
  BTWUSDT          |w r| 0.017  w_mean +0.0045  rate4h   +2.92bps  in450 0  e_live_t |w r| 0.000 w_mean +0.0000  both N
  MOVEUSDT         |w r| 0.017  w_mean -0.0035  rate4h   -3.66bps  in450 1  e_live_t |w r| 0.027 w_mean -0.0052  both Y
  XMRUSDT          |w r| 0.015  w_mean +0.0056  rate4h   +2.02bps  in450 1  e_live_t |w r| 0.016 w_mean +0.0060  both Y
  top-20 share of total |w r| in a_replay_dm: 0.478; same names' share in e_live_target_dm: 0.685

per-anchor table (per gross): N when | replay_dm | rep_in450_dm | rep_inmem_dm | live_king_dm | kc_dm | fc_dm | live_dm | live_raw | net_live_raw
1787716800 08-26 04Z  +1.08  +1.16  +1.17  +1.96  +1.95  +1.89  +1.92  +1.92 +0.001
1787731200 08-26 08Z  +1.09  +1.17  +1.18  +1.86  +1.85  +1.75  +1.81  +1.81 +0.001
1787745600 08-26 12Z  +0.84  +0.89  +0.90  +1.45  +1.45  +1.38  +1.42  +1.42 -0.004
1787760000 08-26 16Z  +1.30  +1.39  +1.40  +3.02  +3.03  +2.92  +2.99  +2.99 -0.011
1787774400 08-26 20Z  +1.53  +1.65  +1.67  +3.50  +3.51  +3.41  +3.47  +3.48 -0.012
1787788800 08-27 00Z  +2.03  +2.43  +2.47  +7.08  +7.13  +6.93  +7.06  +7.09 -0.013
1787803200 08-27 04Z  +1.09  +1.22  +1.23  +2.54  +2.54  +2.43  +2.50  +2.50 -0.007
1787817600 08-27 08Z  +0.85  +0.93  +0.94  +1.65  +1.66  +1.58  +1.63  +1.63 -0.008
1787832000 08-27 12Z  +0.78  +0.86  +0.86  +1.60  +1.60  +1.52  +1.57  +1.57 -0.016
1787846400 08-27 16Z  +0.67  +0.72  +0.73  +1.33  +1.34  +1.28  +1.32  +1.31 -0.024
1787860800 08-27 20Z  +0.84  +0.97  +0.98  +1.60  +1.61  +1.55  +1.59  +1.59 -0.025
1787875200 08-28 00Z  +1.02  +1.13  +1.15  +2.33  +2.35  +2.29  +2.33  +2.34 -0.029
1787889600 08-28 04Z  +0.88  +0.90  +0.91  +1.85  +1.83  +1.75  +1.80  +1.80 -0.032
1787904000 08-28 08Z  +0.73  +0.78  +0.79  +1.36  +1.37  +1.34  +1.36  +1.35 -0.028
1787918400 08-28 12Z  +0.79  +0.86  +0.87  +1.59  +1.60  +1.56  +1.58  +1.58 -0.039
1787932800 08-28 16Z  +0.85  +0.97  +0.98  +1.89  +1.86  +1.78  +1.83  +1.84 -0.040
1787947200 08-28 20Z  +0.78  +0.88  +0.88  +1.42  +1.42  +1.37  +1.40  +1.40 -0.045
1787961600 08-29 00Z  +0.87  +0.99  +1.00  +1.56  +1.58  +1.52  +1.55  +1.55 -0.045
1787976000 08-29 04Z  +0.99  +1.14  +1.15  +1.91  +1.91  +1.83  +1.88  +1.87 -0.052
1787990400 08-29 08Z  +0.70  +0.80  +0.81  +1.18  +1.18  +1.13  +1.16  +1.13 -0.093
1788004800 08-29 12Z  +1.12  +1.32  +1.33  +2.36  +2.36  +2.17  +2.28  +2.30 -0.080
1788019200 08-29 16Z  +0.96  +1.10  +1.10  +1.64  +1.64  +1.54  +1.60  +1.58 -0.077
1788048000 08-30 00Z  +1.39  +1.63  +1.65    na     na     na   +3.46  +3.50 -0.084
1788062400 08-30 04Z  +1.08  +1.27  +1.28  +2.38  +2.42  +2.64  +2.46  +2.46 -0.067
1788076800 08-30 08Z  +1.05  +1.26  +1.27  +2.43  +2.47  +2.64  +2.51  +2.53 -0.067
1788091200 08-30 12Z  +1.15  +1.37  +1.38  +2.59  +2.59  +2.90  +2.67  +2.69 -0.055
1788105600 08-30 16Z  +1.10  +1.29  +1.30  +2.39  +2.41  +2.47  +2.44  +2.46 -0.063
1788120000 08-30 20Z  +1.03  +1.28  +1.29  +2.85  +2.85  +2.72  +2.83  +2.85 -0.054
