(1) FTRIM counterfactual on live target book, 28 anchors 08-26 04Z->08-30 20Z (panel rates; + = pays; per gross)
  live +2.228 | live with band shorts zeroed (FTRIM-cf) +0.580 | replay(FTRIM=zero) +1.021
  gap live - replay: +1.207 (se 0.165) | gap live_cf - replay: -0.442 (se 0.056) | FTRIM-cf removes: +1.648 (se 0.215)
  band (rn8<=-10bp/8h) names in panel: mean 11.3 | live short names in band: 9.6 (gross share 0.063, they pay +1.651) | replay short names in band: 9.5 (gross 0.022, pay +0.460)
  pay_SN: live +1.788 cf +0.151 replay +0.585 | pay_LP: live +0.594 replay +0.595
  per anchor: when | live | live_cf | replay | n_live_band_short g pay | n_rep_band_short g pay
   08-26 04Z  +1.92  +0.53  +1.08 | 11 0.074 +1.39 | 11 0.031 +0.54
   08-26 08Z  +1.81  +0.42  +1.09 | 12 0.077 +1.38 | 12 0.033 +0.61
   08-26 12Z  +1.42  +0.40  +0.84 | 11 0.071 +1.01 | 11 0.027 +0.37
   08-26 16Z  +2.99  +0.50  +1.30 | 10 0.066 +2.49 | 11 0.024 +0.71
   08-26 20Z  +3.47  +0.47  +1.53 | 12 0.078 +2.99 | 12 0.034 +0.93
   08-27 00Z  +7.06  +0.56  +2.03 | 10 0.059 +6.50 |  9 0.020 +1.49
   08-27 04Z  +2.50  +0.50  +1.09 | 10 0.060 +1.99 | 10 0.023 +0.59
   08-27 08Z  +1.63  +0.48  +0.85 |  8 0.052 +1.14 |  8 0.017 +0.34
   08-27 12Z  +1.57  +0.47  +0.78 |  8 0.052 +1.11 |  8 0.017 +0.32
   08-27 16Z  +1.32  +0.40  +0.67 |  9 0.057 +0.91 | 10 0.023 +0.28
   08-27 20Z  +1.59  +0.58  +0.84 | 10 0.061 +1.01 | 10 0.024 +0.31
   08-28 00Z  +2.33  +0.48  +1.02 | 10 0.063 +1.84 | 11 0.025 +0.51
   08-28 04Z  +1.80  +0.46  +0.88 | 10 0.064 +1.33 | 12 0.027 +0.43
   08-28 08Z  +1.36  +0.60  +0.73 |  7 0.045 +0.76 |  7 0.012 +0.18
   08-28 12Z  +1.58  +0.54  +0.79 |  7 0.046 +1.05 |  7 0.012 +0.24
   08-28 16Z  +1.83  +0.52  +0.85 | 10 0.059 +1.32 |  9 0.019 +0.36
   08-28 20Z  +1.40  +0.62  +0.78 |  8 0.045 +0.79 |  7 0.019 +0.27
   08-29 00Z  +1.55  +0.59  +0.87 | 11 0.069 +0.97 | 10 0.025 +0.31
   08-29 04Z  +1.88  +0.83  +0.99 | 10 0.059 +1.06 |  9 0.017 +0.29
   08-29 08Z  +1.16  +0.68  +0.70 |  9 0.053 +0.48 |  8 0.015 +0.11
   08-29 12Z  +2.28  +0.69  +1.12 |  9 0.062 +1.60 |  9 0.018 +0.45
   08-29 16Z  +1.60  +0.76  +0.96 |  8 0.054 +0.85 |  8 0.017 +0.23
   08-30 00Z  +3.46  +0.79  +1.39 |  8 0.058 +2.68 |  8 0.015 +0.60
   08-30 04Z  +2.46  +0.75  +1.08 |  8 0.062 +1.72 |  8 0.017 +0.38
   08-30 08Z  +2.51  +0.61  +1.05 | 12 0.085 +1.90 | 11 0.026 +0.50
   08-30 12Z  +2.67  +0.80  +1.15 |  9 0.063 +1.88 |  8 0.016 +0.46
   08-30 16Z  +2.44  +0.62  +1.10 | 12 0.084 +1.83 | 11 0.028 +0.55
   08-30 20Z  +2.83  +0.59  +1.03 | 11 0.080 +2.24 | 10 0.021 +0.53

(2) live target book time series (ledger rates == panel; per gross): when | prod | ftrim_rec | carry | pay_SN | pay_LP | SN share | n band shorts | g band shorts | ONG w | COTI w | TUT w
   08-26 00Z shado -          +1.78  +1.49  +0.54 0.185  9 0.059 -0.0060 -0.0071 +0.0003
   08-26 04Z combo -          +1.92  +1.48  +0.60 0.158 11 0.074 -0.0060 -0.0068 -0.0006
   08-26 08Z combo -          +1.81  +1.48  +0.50 0.147 12 0.077 -0.0060 -0.0068 -0.0007
   08-26 12Z combo -          +1.42  +1.11  +0.48 0.135 11 0.071 -0.0060 -0.0068 -0.0009
   08-26 16Z combo -          +2.99  +2.67  +0.47 0.187 10 0.066 -0.0060 -0.0068 -0.0010
   08-26 20Z combo -          +3.47  +3.06  +0.59 0.145 12 0.078 -0.0060 -0.0068 -0.0013
   08-27 00Z combo -          +7.06  +6.63  +0.61 0.129 10 0.059 -0.0060 -0.0068 -0.0015
   08-27 04Z combo -          +2.50  +2.12  +0.54 0.163 10 0.060 -0.0060 -0.0068 -0.0015
   08-27 08Z combo -          +1.63  +1.26  +0.61 0.138  8 0.052 -0.0060 -0.0068 -0.0015
   08-27 12Z combo -          +1.57  +1.25  +0.48 0.166  8 0.052 -0.0060 -0.0067 -0.0014
   08-27 16Z combo -          +1.32  +1.00  +0.48 0.161  9 0.057 -0.0060 -0.0067 -0.0014
   08-27 20Z combo -          +1.59  +1.15  +0.59 0.161 10 0.061 -0.0060 -0.0067 -0.0013
   08-28 00Z combo -          +2.33  +1.94  +0.55 0.148 10 0.063 -0.0059 -0.0067 -0.0011
   08-28 04Z combo -          +1.80  +1.49  +0.46 0.173 10 0.064 -0.0059 -0.0067 -0.0011
   08-28 08Z combo -          +1.36  +1.00  +0.50 0.176  7 0.045 -0.0059 -0.0067 -0.0012
   08-28 12Z combo -          +1.58  +1.21  +0.53 0.160  7 0.046 -0.0059 -0.0067 -0.0012
   08-28 16Z combo -          +1.83  +1.51  +0.44 0.208 10 0.059 -0.0059 -0.0067 -0.0016
   08-28 20Z combo -          +1.40  +1.05  +0.50 0.210  8 0.045 -0.0059 -0.0067 -0.0019
   08-29 00Z combo -          +1.55  +1.07  +0.63 0.184 11 0.069 -0.0059 -0.0067 -0.0023
   08-29 04Z combo -          +1.88  +1.25  +0.76 0.202 10 0.059 -0.0059 -0.0067 -0.0025
   08-29 08Z combo -          +1.16  +0.64  +0.66 0.197  9 0.053 -0.0058 -0.0066 -0.0028
   08-29 12Z combo -          +2.28  +1.74  +0.68 0.185  9 0.062 -0.0060 -0.0066 -0.0032
   08-29 16Z combo -          +1.60  +0.99  +0.76 0.141  8 0.054 -0.0060 -0.0066 -0.0036
   08-30 00Z shado -          +3.46  +2.85  +0.76 0.184  8 0.058 -0.0073 -0.0074 -0.0038
   08-30 04Z combo -          +2.46  +1.85  +0.74 0.198  8 0.062 -0.0047 -0.0046 -0.0028
   08-30 08Z combo -          +2.51  +1.97  +0.68 0.214 12 0.085 -0.0048 -0.0050 -0.0032
   08-30 12Z combo -          +2.67  +2.02  +0.78 0.188  9 0.063 -0.0051 -0.0052 -0.0034
   08-30 16Z combo -          +2.44  +1.93  +0.63 0.211 12 0.084 -0.0052 -0.0054 -0.0038
   08-30 20Z combo -          +2.83  +2.35  +0.60 0.213 11 0.080 -0.0054 -0.0056 -0.0041
   08-31 00Z combo -          +3.95  +3.57  +0.49 0.253 12 0.086 -0.0056 -0.0056 -0.0041
   08-31 04Z combo -          +4.02  +3.50  +0.64 0.218 14 0.097 -0.0058 -0.0058 -0.0045
   08-31 08Z combo -          +3.43  +3.03  +0.55 0.209 15 0.098 -0.0059 -0.0060 -0.0046
   08-31 12Z combo -          +3.45  +3.19  +0.39 0.220 11 0.071 -0.0059 -0.0062 -0.0046
   08-31 16Z combo -          +4.05  +3.62  +0.54 0.259 10 0.065 -0.0059 -0.0062 -0.0047
   08-31 20Z combo -          +2.91  +2.53  +0.48 0.246 10 0.069 -0.0059 -0.0063 -0.0048
   09-01 00Z combo -          +3.31  +2.85  +0.58 0.203 12 0.084 -0.0061 -0.0063 -0.0049
   09-01 04Z combo -          +2.98  +2.55  +0.57 0.193 12 0.072 -0.0061 -0.0063 -0.0049
   09-01 08Z combo -          +3.69  +3.33  +0.55 0.182 13 0.084 -0.0061 -0.0065 -0.0050
   09-01 12Z combo -          +3.83  +3.52  +0.45 0.182 14 0.098 -0.0061 -0.0065 -0.0052
   09-01 16Z combo -          +3.72  +3.24  +0.64 0.205 11 0.071 -0.0061 -0.0066 -0.0052
   09-01 20Z combo -          +1.96  +1.50  +0.62 0.171  9 0.063 -0.0061 -0.0066 -0.0052
   09-02 00Z combo -          +2.15  +1.55  +0.76 0.149  8 0.057 -0.0061 -0.0066 -0.0051
   09-02 04Z combo -          +3.09  +2.65  +0.61 0.192 10 0.072 -0.0062 -0.0066 -0.0052
   09-02 08Z combo -          +1.89  +1.70  +0.71 0.167  8 0.060 -0.0063 -0.0066 -0.0051
   09-02 12Z combo kc11/fc11  +1.77  +1.64  +0.55 0.165  8 0.053 -0.0055 -0.0058 -0.0053
   09-02 16Z combo kc9/fc9    +1.48  +1.04  +0.73 0.191  6 0.033 -0.0048 -0.0059 -0.0055
   09-02 20Z combo kc8/fc8    +1.95  +1.36  +0.81 0.168  6 0.030 -0.0042 -0.0059 -0.0056
   09-03 00Z combo kc11/fc11  +2.05  +1.60  +0.63 0.139 10 0.046 -0.0036 -0.0059 -0.0049
   09-03 04Z combo kc16/fc16  +1.92  +1.49  +0.68 0.159 10 0.039 -0.0031 -0.0061 -0.0043
   09-03 08Z combo kc11/fc11  +1.94  +1.22  +0.92 0.158  9 0.037 -0.0026 -0.0063 -0.0037
   09-03 12Z combo kc12/fc12  +0.97  +0.62  +0.58 0.138  9 0.034 -0.0022 -0.0055 -0.0032
   09-03 16Z combo kc10/fc10  +0.94  +0.54  +0.55 0.157  8 0.029 -0.0018 -0.0055 -0.0027
   09-03 20Z combo kc9/fc9    +0.92  +0.50  +0.57 0.158  6 0.016 -0.0015 -0.0055 -0.0022
   09-04 00Z combo kc11/fc11  +1.35  +0.69  +0.83 0.126  8 0.024 -0.0013 -0.0055 -0.0019
   09-04 04Z combo kc15/fc15  +0.99  +0.59  +0.61 0.135 10 0.034 -0.0011 -0.0057 -0.0015
   09-04 08Z combo kc11/fc11  +0.91  +0.55  +0.57 0.174  6 0.015 -0.0009 -0.0059 -0.0012
   09-04 12Z combo kc13/fc13  +1.17  +0.73  +0.67 0.156  9 0.026 -0.0007 -0.0060 -0.0010
   09-04 16Z combo kc11/fc11  +1.15  +0.44  +0.95 0.163  8 0.020 -0.0006 -0.0062 -0.0008
  pre-FTRIM 08-26 00Z..09-02 00Z  : carry +2.563 pay_SN +2.132 pay_LP +0.581 g_band 0.068 (n 42)
  post-FTRIM 09-02 04Z..latest    : carry +1.530 pay_SN +1.087 pay_LP +0.686 g_band 0.035 (n 16)

(3) producer fund EMA (reconstructed from ledger_tail: rn=rate*8/iv, a=1-0.5^(dt/3d)) vs panel f_fund_ema_v1
  08-26 04Z: both finite 522 (span>=30d: 517); spearman all 1.0000, span>=30d 1.0000; members 400: spearman 1.0000, median |diff|/|panel| 0.000, max|diff| 4.56e-04
     members: ledger-finite & panel-NaN 0, panel-finite & ledger-NaN 0
     ONGUSDT: ledger EMA -0.00648 panel -0.00648 | member-rank z ledger -0.495 panel -0.495 | span 17.8d
     COTIUSDT: ledger EMA -0.00757 panel -0.00803 | member-rank z ledger -0.497 panel -0.497 | span 10.0d
     TUTUSDT: ledger EMA +0.00007 panel +0.00007 | member-rank z ledger -0.294 panel -0.294 | span 49.8d
     BICOUSDT: ledger EMA -0.00178 panel -0.00178 | member-rank z ledger -0.482 panel -0.482 | span 49.8d
  08-31 00Z: both finite 520 (span>=30d: 518); spearman all 1.0000, span>=30d 1.0000; members 400: spearman 1.0000, median |diff|/|panel| 0.000, max|diff| 1.49e-04
     members: ledger-finite & panel-NaN 0, panel-finite & ledger-NaN 0
     ONGUSDT: ledger EMA -0.01210 panel -0.01210 | member-rank z ledger -0.497 panel -0.497 | span 22.7d
     COTIUSDT: ledger EMA -0.00547 panel -0.00562 | member-rank z ledger -0.495 panel -0.495 | span 14.8d
     TUTUSDT: ledger EMA -0.00537 panel -0.00537 | member-rank z ledger -0.492 panel -0.492 | span 54.7d
     BICOUSDT: ledger EMA -0.00266 panel -0.00266 | member-rank z ledger -0.480 panel -0.480 | span 54.7d

old bundle slow_pred_pinned.npy shape (10086, 829) finite 0.23872106398842094
