PANELCHECK hist_v2 vs v2ext on 28 anchors: max|f_fund_now diff| 0.00e+00, max|f_fund_ema_v1 diff| 0.00e+00, finite-mask mismatches 0; hist_v2 ts range 01-31 00Z..08-31 00Z n 10039

### pod_live_w3fix_callog_s42  cfg W3FIX=0.21,0,0.79 MEMBERS_TOPN=829 TRADE_TOPN=400 FTRIM=zero CAL=log FSEED=42 | n 10038 | sanity max|carry_ex - dm*gross| 9.05e-08
  overlap28 (n 28): carry_dm +1.021 (se 0.054) raw +1.036 | pay_SN +0.585 pay_LP +0.595 | LP 0.472 SN 0.134 | band shorts g 0.022 pay +0.460 | netlong -0.084 gross 0.761
  year    n  carry_dm   p10   p50   p90  roll28max roll28p90 frac>=2 | pay_SN pay_LP |   LP    SN | band_g band_pay | netlong gross | carry_ex/NAV net_ex/NAV pnl_ex cost_ex
  2022  2010   +0.509 +0.17 +0.45 +0.82   +2.347   +0.722  0.011 | +0.467 +0.216 | 0.426 0.270 | 0.012 +0.159 | -0.038 0.886 | +0.443 -0.120 +0.350 0.027
  2023  2190   +0.327 +0.09 +0.29 +0.63   +0.865   +0.549  0.000 | +0.232 +0.335 | 0.477 0.130 | 0.006 +0.104 | -0.011 0.872 | +0.283 -0.381 -0.061 0.037
  2024  2196   +0.407 +0.14 +0.32 +0.83   +1.352   +0.727  0.002 | +0.205 +0.537 | 0.480 0.094 | 0.007 +0.108 | -0.024 0.847 | +0.340 -0.642 -0.268 0.034
  2025  2190   +0.911 +0.33 +0.83 +1.63   +2.161   +1.503  0.040 | +0.775 +0.456 | 0.462 0.201 | 0.028 +0.525 | -0.098 0.750 | +0.678 +0.284 +1.005 0.042
  2026  1452   +1.191 +0.52 +1.17 +1.90   +2.082   +1.674  0.085 | +0.882 +0.673 | 0.438 0.233 | 0.029 +0.623 | -0.068 0.767 | +0.916 +2.378 +3.363 0.069
  2024on: net_ex/NAV +0.4566 sharpe 1.02 carry_ex/NAV +0.6101 (per gross +0.791, gross 0.791) pay_SN +0.587 band_g 0.020 band_pay +0.393

### pod_live_w3fix_calsimple_s42  cfg W3FIX=0.21,0,0.79 MEMBERS_TOPN=829 TRADE_TOPN=400 FTRIM=zero CAL=simple FSEED=42 | n 10038 | sanity max|carry_ex - dm*gross| 8.52e-08
  overlap28 (n 28): carry_dm +1.026 (se 0.054) raw +1.035 | pay_SN +0.596 pay_LP +0.589 | LP 0.473 SN 0.133 | band shorts g 0.022 pay +0.472 | netlong -0.063 gross 0.778
  year    n  carry_dm   p10   p50   p90  roll28max roll28p90 frac>=2 | pay_SN pay_LP |   LP    SN | band_g band_pay | netlong gross | carry_ex/NAV net_ex/NAV pnl_ex cost_ex
  2022  2010   +0.507 +0.17 +0.45 +0.82   +2.352   +0.722  0.011 | +0.465 +0.217 | 0.426 0.269 | 0.011 +0.158 | -0.031 0.888 | +0.444 -0.430 +0.041 0.027
  2023  2190   +0.325 +0.09 +0.29 +0.63   +0.860   +0.546  0.000 | +0.230 +0.336 | 0.477 0.129 | 0.006 +0.102 | -0.010 0.871 | +0.281 -0.284 +0.034 0.037
  2024  2196   +0.408 +0.14 +0.32 +0.83   +1.352   +0.730  0.002 | +0.204 +0.540 | 0.480 0.094 | 0.007 +0.108 | -0.018 0.846 | +0.341 -0.358 +0.016 0.034
  2025  2190   +0.905 +0.33 +0.84 +1.63   +2.137   +1.514  0.041 | +0.765 +0.460 | 0.462 0.201 | 0.028 +0.515 | -0.087 0.753 | +0.677 +1.406 +2.125 0.042
  2026  1452   +1.176 +0.53 +1.15 +1.89   +2.020   +1.660  0.079 | +0.873 +0.669 | 0.439 0.233 | 0.029 +0.614 | -0.060 0.771 | +0.908 +4.344 +5.321 0.069
  2024on: net_ex/NAV +1.4731 sharpe 3.14 carry_ex/NAV +0.6079 (per gross +0.785, gross 0.793) pay_SN +0.581 band_g 0.020 band_pay +0.387

### pod_live_callog_s42  cfg W3FIX=None MEMBERS_TOPN=829 TRADE_TOPN=400 FTRIM=zero CAL=log FSEED=42 | n 10038 | sanity max|carry_ex - dm*gross| 9.89e-08
  overlap28 (n 28): carry_dm +1.035 (se 0.058) raw +1.046 | pay_SN +0.611 pay_LP +0.583 | LP 0.471 SN 0.135 | band shorts g 0.022 pay +0.484 | netlong -0.072 gross 0.747
  year    n  carry_dm   p10   p50   p90  roll28max roll28p90 frac>=2 | pay_SN pay_LP |   LP    SN | band_g band_pay | netlong gross | carry_ex/NAV net_ex/NAV pnl_ex cost_ex
  2022  2010   +0.506 +0.16 +0.44 +0.85   +2.349   +0.725  0.013 | +0.470 +0.213 | 0.423 0.267 | 0.012 +0.167 | -0.022 0.819 | +0.414 +0.313 +0.773 0.047
  2023  2190   +0.324 +0.09 +0.29 +0.63   +0.857   +0.551  0.000 | +0.233 +0.334 | 0.476 0.129 | 0.006 +0.105 | -0.018 0.837 | +0.270 -0.373 -0.066 0.038
  2024  2196   +0.214 -0.08 +0.16 +0.64   +1.313   +0.537  0.001 | +0.150 +0.467 | 0.465 0.072 | 0.005 +0.078 | -0.003 0.602 | +0.167 +0.149 +0.398 0.083
  2025  2190   +0.652 -0.21 +0.64 +1.62   +2.103   +1.485  0.043 | +0.706 +0.372 | 0.436 0.182 | 0.024 +0.480 | -0.041 0.531 | +0.447 +0.359 +0.910 0.104
  2026  1452   +1.182 +0.53 +1.15 +1.86   +2.121   +1.644  0.080 | +0.910 +0.618 | 0.431 0.236 | 0.031 +0.644 | -0.061 0.779 | +0.916 +2.013 +3.020 0.090
  2024on: net_ex/NAV +0.6914 sharpe 1.88 carry_ex/NAV +0.4584 (per gross +0.619, gross 0.620) pay_SN +0.547 band_g 0.019 band_pay +0.370

### pod_canon_w3fix_callog_s42  cfg W3FIX=0.21,0,0.79 MEMBERS_TOPN=0 TRADE_TOPN=0 FTRIM=off CAL=log FSEED=42 | n 10038 | sanity max|carry_ex - dm*gross| 7.26e-01
  overlap28 (n 28): carry_dm +1.554 (se 0.095) raw +1.568 | pay_SN +1.171 pay_LP +0.534 | LP 0.419 SN 0.146 | band shorts g 0.048 pay +1.052 | netlong -0.090 gross 0.917
  year    n  carry_dm   p10   p50   p90  roll28max roll28p90 frac>=2 | pay_SN pay_LP |   LP    SN | band_g band_pay | netlong gross | carry_ex/NAV net_ex/NAV pnl_ex cost_ex
  2022  2010   +0.715 +0.22 +0.53 +1.18   +5.500   +1.092  0.035 | +0.657 +0.211 | 0.423 0.269 | 0.021 +0.353 | -0.045 0.901 | +0.622 -0.166 +0.480 0.024
  2023  2190   +0.471 +0.13 +0.36 +0.96   +1.468   +0.930  0.007 | +0.352 +0.328 | 0.474 0.131 | 0.011 +0.221 | -0.022 0.889 | +0.417 -0.269 +0.183 0.035
  2024  2196   +0.502 +0.18 +0.41 +0.96   +1.381   +0.849  0.004 | +0.283 +0.526 | 0.478 0.097 | 0.011 +0.183 | -0.040 0.866 | +0.429 -0.574 -0.113 0.032
  2025  2190   +1.369 +0.50 +1.17 +2.49   +3.246   +2.289  0.211 | +1.167 +0.411 | 0.451 0.207 | 0.044 +0.915 | -0.066 0.829 | +1.107 +0.218 +1.354 0.030
  2026  1452   +2.261 +1.13 +2.05 +3.61   +4.440   +3.316  0.527 | +1.894 +0.566 | 0.392 0.249 | 0.064 +1.634 | -0.032 0.851 | +1.908 +2.158 +4.121 0.054
  2024on: net_ex/NAV +0.4025 sharpe 0.89 carry_ex/NAV +1.0512 (per gross +1.265, gross 0.848) pay_SN +1.015 band_g 0.037 band_pay +0.819

### pod_canon_callog_s42  cfg W3FIX=None MEMBERS_TOPN=0 TRADE_TOPN=0 FTRIM=off CAL=log FSEED=42 | n 10038 | sanity max|carry_ex - dm*gross| 7.04e-01
  overlap28 (n 28): carry_dm +1.608 (se 0.100) raw +1.622 | pay_SN +1.233 pay_LP +0.524 | LP 0.425 SN 0.151 | band shorts g 0.051 pay +1.111 | netlong -0.095 gross 0.920
  year    n  carry_dm   p10   p50   p90  roll28max roll28p90 frac>=2 | pay_SN pay_LP |   LP    SN | band_g band_pay | netlong gross | carry_ex/NAV net_ex/NAV pnl_ex cost_ex
  2022  2010   +0.699 +0.21 +0.51 +1.19   +5.507   +1.038  0.029 | +0.645 +0.209 | 0.421 0.264 | 0.020 +0.350 | -0.027 0.844 | +0.583 -0.149 +0.482 0.048
  2023  2190   +0.469 +0.13 +0.35 +0.97   +1.506   +0.946  0.009 | +0.351 +0.327 | 0.475 0.130 | 0.011 +0.222 | -0.029 0.852 | +0.396 -0.302 +0.130 0.036
  2024  2196   +0.340 +0.03 +0.25 +0.78   +1.343   +0.702  0.004 | +0.223 +0.466 | 0.465 0.074 | 0.009 +0.149 | -0.028 0.621 | +0.238 +0.255 +0.574 0.081
  2025  2190   +1.178 +0.19 +0.95 +2.49   +3.342   +2.305  0.192 | +1.096 +0.341 | 0.428 0.180 | 0.039 +0.881 | +0.001 0.593 | +0.808 +0.436 +1.339 0.094
  2026  1452   +2.348 +1.11 +2.13 +3.82   +4.607   +3.503  0.561 | +2.018 +0.526 | 0.394 0.255 | 0.069 +1.749 | -0.015 0.865 | +2.008 +1.893 +3.976 0.075
  2024on: net_ex/NAV +0.7304 sharpe 1.91 carry_ex/NAV +0.8920 (per gross +1.154, gross 0.671) pay_SN +0.997 band_g 0.035 band_pay +0.822

### pod_t400_callog_s42  cfg W3FIX=None MEMBERS_TOPN=0 TRADE_TOPN=400 FTRIM=off CAL=log FSEED=42 | n 10038 | sanity max|carry_ex - dm*gross| 4.06e-01
  overlap28 (n 28): carry_dm +1.644 (se 0.102) raw +1.658 | pay_SN +1.255 pay_LP +0.538 | LP 0.437 SN 0.153 | band shorts g 0.052 pay +1.131 | netlong -0.101 gross 0.901
  year    n  carry_dm   p10   p50   p90  roll28max roll28p90 frac>=2 | pay_SN pay_LP |   LP    SN | band_g band_pay | netlong gross | carry_ex/NAV net_ex/NAV pnl_ex cost_ex
  2022  2010   +0.699 +0.21 +0.51 +1.19   +5.507   +1.038  0.029 | +0.645 +0.209 | 0.421 0.264 | 0.020 +0.350 | -0.027 0.844 | +0.583 -0.149 +0.482 0.048
  2023  2190   +0.469 +0.13 +0.35 +0.97   +1.506   +0.946  0.009 | +0.351 +0.327 | 0.475 0.130 | 0.011 +0.222 | -0.029 0.852 | +0.396 -0.302 +0.130 0.036
  2024  2196   +0.340 +0.03 +0.25 +0.78   +1.343   +0.702  0.004 | +0.223 +0.466 | 0.465 0.074 | 0.009 +0.149 | -0.028 0.621 | +0.238 +0.255 +0.574 0.081
  2025  2190   +1.225 +0.19 +0.96 +2.61   +3.607   +2.453  0.220 | +1.141 +0.342 | 0.426 0.184 | 0.041 +0.922 | -0.040 0.545 | +0.790 +0.341 +1.229 0.097
  2026  1452   +2.390 +1.13 +2.18 +3.87   +4.685   +3.554  0.579 | +2.054 +0.534 | 0.401 0.258 | 0.070 +1.782 | -0.031 0.839 | +1.991 +1.894 +3.960 0.075
  2024on: net_ex/NAV +0.6948 sharpe 1.92 carry_ex/NAV +0.8811 (per gross +1.182, gross 0.647) pay_SN +1.023 band_g 0.036 band_pay +0.845

### pod_m1t400_callog_s42  cfg W3FIX=None MEMBERS_TOPN=829 TRADE_TOPN=400 FTRIM=off CAL=log FSEED=42 | n 10038 | sanity max|carry_ex - dm*gross| 1.54e-07
  overlap28 (n 28): carry_dm +1.862 (se 0.110) raw +1.874 | pay_SN +1.434 pay_LP +0.571 | LP 0.471 SN 0.178 | band shorts g 0.061 pay +1.282 | netlong -0.062 gross 0.745
  year    n  carry_dm   p10   p50   p90  roll28max roll28p90 frac>=2 | pay_SN pay_LP |   LP    SN | band_g band_pay | netlong gross | carry_ex/NAV net_ex/NAV pnl_ex cost_ex
  2022  2010   +0.732 +0.23 +0.54 +1.22   +5.665   +1.097  0.035 | +0.676 +0.213 | 0.424 0.273 | 0.021 +0.369 | -0.017 0.813 | +0.592 +0.060 +0.696 0.044
  2023  2190   +0.529 +0.14 +0.39 +1.08   +1.608   +1.030  0.012 | +0.413 +0.334 | 0.477 0.137 | 0.013 +0.278 | -0.011 0.829 | +0.437 -0.432 +0.040 0.036
  2024  2196   +0.332 -0.01 +0.25 +0.78   +1.315   +0.699  0.004 | +0.235 +0.468 | 0.466 0.078 | 0.009 +0.158 | +0.000 0.601 | +0.230 +0.197 +0.509 0.081
  2025  2190   +1.329 +0.23 +1.10 +2.73   +3.707   +2.553  0.241 | +1.223 +0.372 | 0.440 0.200 | 0.044 +0.983 | -0.020 0.521 | +0.803 +0.350 +1.250 0.097
  2026  1452   +2.472 +1.21 +2.25 +3.97   +4.868   +3.643  0.619 | +2.077 +0.608 | 0.431 0.268 | 0.071 +1.797 | -0.043 0.775 | +1.903 +2.074 +4.051 0.074
  2024on: net_ex/NAV +0.7214 sharpe 1.99 carry_ex/NAV +0.8614 (per gross +1.238, gross 0.614) pay_SN +1.064 band_g 0.037 band_pay +0.875

### pod_ftrim_callog_s42  cfg W3FIX=None MEMBERS_TOPN=0 TRADE_TOPN=0 FTRIM=zero CAL=log FSEED=42 | n 10038 | sanity max|carry_ex - dm*gross| 7.20e-01
  overlap28 (n 28): carry_dm +0.834 (se 0.045) raw +0.852 | pay_SN +0.473 pay_LP +0.526 | LP 0.423 SN 0.115 | band shorts g 0.017 pay +0.366 | netlong -0.112 gross 0.933
  year    n  carry_dm   p10   p50   p90  roll28max roll28p90 frac>=2 | pay_SN pay_LP |   LP    SN | band_g band_pay | netlong gross | carry_ex/NAV net_ex/NAV pnl_ex cost_ex
  2022  2010   +0.490 +0.18 +0.42 +0.81   +2.398   +0.702  0.010 | +0.452 +0.209 | 0.421 0.260 | 0.011 +0.160 | -0.030 0.850 | +0.412 +0.059 +0.522 0.051
  2023  2190   +0.317 +0.09 +0.28 +0.61   +0.914   +0.554  0.000 | +0.221 +0.327 | 0.473 0.125 | 0.006 +0.097 | -0.031 0.858 | +0.269 -0.234 +0.072 0.038
  2024  2196   +0.225 -0.06 +0.17 +0.63   +1.330   +0.535  0.002 | +0.143 +0.465 | 0.462 0.069 | 0.005 +0.075 | -0.025 0.621 | +0.173 +0.211 +0.466 0.082
  2025  2190   +0.600 -0.22 +0.55 +1.62   +2.278   +1.496  0.037 | +0.666 +0.339 | 0.423 0.166 | 0.023 +0.461 | -0.012 0.606 | +0.482 +0.479 +1.061 0.100
  2026  1452   +1.203 +0.56 +1.13 +1.99   +2.381   +1.738  0.097 | +0.961 +0.529 | 0.392 0.228 | 0.033 +0.702 | -0.019 0.876 | +1.039 +1.823 +2.953 0.091
  2024on: net_ex/NAV +0.7124 sharpe 1.83 carry_ex/NAV +0.5041 (per gross +0.609, gross 0.679) pay_SN +0.543 band_g 0.019 band_pay +0.376

### pod_live_callog_s2027  cfg W3FIX=None MEMBERS_TOPN=829 TRADE_TOPN=400 FTRIM=zero CAL=log FSEED=2027 | n 10038 | sanity max|carry_ex - dm*gross| 9.48e-08
  overlap28 (n 28): carry_dm +1.037 (se 0.058) raw +1.047 | pay_SN +0.613 pay_LP +0.583 | LP 0.471 SN 0.135 | band shorts g 0.022 pay +0.486 | netlong -0.069 gross 0.747
  year    n  carry_dm   p10   p50   p90  roll28max roll28p90 frac>=2 | pay_SN pay_LP |   LP    SN | band_g band_pay | netlong gross | carry_ex/NAV net_ex/NAV pnl_ex cost_ex
  2022  2010   +0.506 +0.16 +0.44 +0.85   +2.349   +0.725  0.013 | +0.470 +0.213 | 0.423 0.267 | 0.012 +0.167 | -0.022 0.819 | +0.414 +0.313 +0.773 0.047
  2023  2190   +0.324 +0.09 +0.29 +0.63   +0.857   +0.550  0.000 | +0.232 +0.334 | 0.476 0.129 | 0.006 +0.105 | -0.019 0.839 | +0.270 -0.338 -0.031 0.037
  2024  2196   +0.217 -0.08 +0.16 +0.65   +1.296   +0.539  0.001 | +0.152 +0.466 | 0.465 0.072 | 0.005 +0.081 | -0.004 0.602 | +0.167 +0.217 +0.465 0.081
  2025  2190   +0.681 -0.12 +0.65 +1.61   +2.095   +1.479  0.042 | +0.711 +0.371 | 0.438 0.182 | 0.024 +0.487 | -0.046 0.549 | +0.460 +0.438 +0.994 0.097
  2026  1452   +1.183 +0.55 +1.14 +1.87   +2.104   +1.639  0.079 | +0.913 +0.615 | 0.430 0.236 | 0.031 +0.647 | -0.057 0.782 | +0.920 +1.994 +3.007 0.094
  2024on: net_ex/NAV +0.7416 sharpe 2.01 carry_ex/NAV +0.4643 (per gross +0.631, gross 0.627) pay_SN +0.551 band_g 0.019 band_pay +0.374

saved (appended) replay_family.json
