== 1. ladder with ONGUSDT excluded (zeroed in both books, renormalised) ==
  live - V1:              all names +0.473 (se 0.150) | ex-ONG +0.076 (se 0.035)
  live - V1|live members: all names +0.270 (se 0.144) | ex-ONG -0.094 (se 0.027)
  live - deployed(FTRIM): all names +1.207 (se 0.165) | ex-ONG +0.725 (se 0.066)

== 2. sel-count mechanism (meta qvk at the 28 anchors; gate qv4h = expm1(clip(qvk,0,30))*48 >= 2.5e5) ==
  when | 450 names passing gate | (+y4ok) | top400-of-829 passing (+y4ok) [= replay nsel] | top400 that are in 450 | top400 outside 450 passing | live sel (signal) | producer-cache gate on live members | meta-qvk gate on live members | spearman(producer qvm, meta qvk) | median(qvm - qvk)
   08-26 04Z  304  304  385  319   81 | 303 303 303 | 1.0 0.0
   08-26 08Z  307  307  387  319   80 | 306 306 306 | 1.0 0.0
   08-26 12Z  309  309  389  319   80 | 308 308 308 | 1.0 0.0
   08-26 16Z  308  308  389  319   81 | 307 307 307 | 1.0 -0.0
   08-26 20Z  308  308  388  319   80 | 307 307 307 | 1.0 -0.0
   08-27 00Z  305  305  385  319   80 | 304 304 304 | 1.0 0.0
   08-27 04Z  306  306  385  320   79 | 305 305 305 | 1.0 -0.0
   08-27 08Z  306  306  385  320   79 | 305 305 305 | 1.0 0.0
   08-27 12Z  303  303  382  320   79 | 302 302 302 | 1.0 -0.001
   08-27 16Z  299  299  379  320   80 | 297 297 298 | 1.0 -0.0
   08-27 20Z  294  294  374  319   80 | 293 293 293 | 1.0 -0.0
   08-28 00Z  295  295  376  319   81 | 293 293 294 | 1.0 -0.0
   08-28 04Z  292  292  373  319   81 | 291 291 291 | 1.0 -0.0
   08-28 08Z  288  288  367  319   79 | 287 287 287 | 1.0 -0.001
   08-28 12Z  283  283  362  318   79 | 282 282 282 | 1.0 -0.001
   08-28 16Z  283  283  363  318   80 | 282 282 282 | 1.0 0.0
   08-28 20Z  283  283  363  317   80 | 282 282 282 | 1.0 -0.0
   08-29 00Z  281  281  361  319   80 | 279 279 280 | 1.0 -0.0
   08-29 04Z  274  274  353  317   79 | 274 274 273 | 1.0 -0.001
   08-29 08Z  259  259  338  316   79 | 258 258 258 | 1.0 -0.001
   08-29 12Z  253  253  333  316   80 | 252 252 252 | 1.0 -0.0
   08-29 16Z  254  254  333  317   79 | 253 253 253 | 1.0 -0.0
   08-30 00Z  250  250  326  317   76 | 249 249 249 | 1.0 -0.0
   08-30 04Z  250  250  326  318   76 | 249 249 249 | 1.0 -0.0
   08-30 08Z  247  247  323  318   76 | 247 247 246 | 1.0 -0.0
   08-30 12Z  248  248  323  319   75 | 247 247 247 | 1.0 -0.0
   08-30 16Z  243  243  318  319   75 | 242 242 242 | 1.0 -0.0
   08-30 20Z  243  243  318  319   75 | 242 242 242 | 1.0 -0.0
  means: 450 passing 281.2 | replay-style nsel 360.1 | top400 in 450 318.5 | outside-450 passing 78.9 | live sel 280.2 | producer-cache gate on live members 280.2 | meta-qvk gate on live members 280.2

== 3. ONGUSDT diagnostics ==
  when | rate4h bps | fund rank z(829) | king pinned z | qvk rank | y4ok | replay sel? | w live | w V1 | w deployed(FTRIM) | w m1t400
   08-26 04Z    +0.11 -0.497 -0.470   44 1 1 -0.00694 -0.00157 -0.00164 -0.00165
   08-26 08Z    +0.50 -0.497 -0.470   43 1 1 -0.00690 -0.00157 -0.00164 -0.00165
   08-26 12Z    +0.47 -0.497 -0.465   41 1 1 -0.00690 -0.00157 -0.00164 -0.00166
   08-26 16Z  -149.95 -0.497 +0.500   40 1 1 -0.00689 -0.00158 -0.00165 -0.00167
   08-26 20Z  -200.00 -0.499 -0.249   37 1 1 -0.00689 -0.00159 -0.00166 -0.00169
   08-27 00Z  -796.73 -0.499 -0.445   34 1 1 -0.00692 -0.00160 -0.00167 -0.00169
   08-27 04Z  -130.83 -0.499 -0.442   29 1 1 -0.00693 -0.00161 -0.00168 -0.00171
   08-27 08Z   -45.17 -0.499 -0.495   26 1 1 -0.00692 -0.00161 -0.00168 -0.00170
   08-27 12Z   -40.93 -0.499 -0.415   25 1 1 -0.00696 -0.00161 -0.00168 -0.00171
   08-27 16Z   -47.56 -0.499 -0.492   25 1 1 -0.00704 -0.00163 -0.00170 -0.00173
   08-27 20Z   -52.22 -0.499 -0.497   24 1 1 -0.00708 -0.00163 -0.00170 -0.00173
   08-28 00Z  -130.17 -0.499 -0.497   25 1 1 -0.00708 -0.00224 -0.00150 -0.00235
   08-28 04Z   -96.36 -0.499 +0.497   27 1 1 -0.00708 -0.00253 -0.00151 -0.00264
   08-28 08Z   -39.15 -0.499 -0.430   29 1 1 -0.00710 -0.00306 -0.00133 -0.00319
   08-28 12Z   -48.09 -0.499 -0.382   31 1 1 -0.00716 -0.00354 -0.00133 -0.00369
   08-28 16Z   -66.30 -0.499 -0.252   31 1 1 -0.00714 -0.00391 -0.00133 -0.00408
   08-28 20Z   -57.93 -0.499 -0.470   32 1 1 -0.00713 -0.00430 -0.00133 -0.00448
   08-29 00Z   -54.03 -0.499 -0.410   33 1 1 -0.00717 -0.00465 -0.00134 -0.00485
   08-29 04Z   -34.81 -0.499 -0.044   29 1 1 -0.00725 -0.00486 -0.00135 -0.00506
   08-29 08Z   -23.13 -0.499 -0.209   26 1 1 -0.00752 -0.00496 -0.00119 -0.00520
   08-29 12Z   -58.32 -0.499 -0.104   26 1 1 -0.00777 -0.00500 -0.00120 -0.00524
   08-29 16Z   -31.59 -0.499 -0.337   25 1 1 -0.00773 -0.00499 -0.00120 -0.00524
   08-30 00Z   -71.73 -0.499 -0.497   23 1 1 -0.00943 -0.00566 -0.00122 -0.00596
   08-30 04Z   -52.22 -0.499 -0.415   23 1 1 -0.00925 -0.00564 -0.00121 -0.00594
   08-30 08Z   -51.47 -0.499 -0.495   23 1 1 -0.00907 -0.00566 -0.00121 -0.00616
   08-30 12Z   -25.72 -0.499 -0.485   23 1 1 -0.00905 -0.00583 -0.00121 -0.00633
   08-30 16Z   -18.89 -0.499 -0.472   22 1 1 -0.00898 -0.00590 -0.00122 -0.00639
   08-30 20Z   -32.93 -0.499 -0.490   22 1 1 -0.00889 -0.00606 -0.00122 -0.00635
  live ONG weight/gross history (target_live, all anchors): 08-22 04Z:-0.0044 08-22 16Z:-0.0057 08-23 04Z:-0.0058 08-23 16Z:-0.0058 08-24 04Z:-0.0058 08-24 16Z:-0.0059 08-25 04Z:-0.0060 08-25 16Z:-0.0070 08-26 04Z:-0.0069 08-26 16Z:-0.0069 08-27 04Z:-0.0069 08-27 16Z:-0.0070 08-28 04Z:-0.0071 08-28 16Z:-0.0071 08-29 04Z:-0.0073 08-29 16Z:-0.0077 08-30 08Z:-0.0091 08-30 20Z:-0.0089 08-31 08Z:-0.0090 08-31 20Z:-0.0086 09-01 08Z:-0.0084 09-01 20Z:-0.0081 09-02 08Z:-0.0086 09-02 20Z:-0.0055 09-03 08Z:-0.0036 09-03 20Z:-0.0020 09-04 08Z:-0.0013
