W0 2026-09-25T13:00:25Z
OPEN · open · remaining 159.6 min
quiet rc=0
-- 12Z executor anchor
2026-09-25T12:00:00Z anchor start mode=LIVE
2026-09-25T12:55:09Z anchor done rc=0
-- in-flight processes (pid pgid start args)
91620 91620 Thu Sep 24 13:26:03 2026     /bin/bash /Users/haosiyu/wide_shadow/fea171/combo_live_daemon.sh
91626 91626 Thu Sep 24 13:26:03 2026     /usr/local/Cellar/python@3.14/3.14.4/Frameworks/Python.framework/Versions/3.14/Resources/Python.app/Contents/MacOS/Python shadow_loop_v3.py run
-- disk
/dev/disk1s1s1       465   11        41    22%  458732 437851160    0%   /
-- executor refs
5d3029c0411bf08d7d3e1457f6b46c3ac1ff043b
5d3029c0411bf08d7d3e1457f6b46c3ac1ff043b	refs/heads/main
-- producer preflight
NC_INSTALL_FILES PREFLIGHT_PASS {"contract_sha256": "9af4b672879b4808b0ec7a2941c30069519eb4c399284e93a34539505c1c9cbe", "files": 10, "archive_moves": 4, "package": "PASS"}
preflight rc=0
-- sidecar in launchctl list
(empty above = not loaded)
V2C_VERSION_PROBE after-w5 OK n=0
probe rc=0
-- research repo engine/live clean + HEAD
bd6d0399d
ls: /Users/haosiyu/Desktop/quant_research/.git/index.lock: No such file or directory
