W3 switch start 2026-09-25T13:18:30Z
  COMPARED_EQUAL   regime_classifier.py [research->production] manifest=a4f1dd31a100 research=a4f1dd31a100 executor=a4f1dd31a100
  COMPARED_EQUAL   deliver_report.py [research->production] manifest=1cad5786b48d research=1cad5786b48d executor=1cad5786b48d
  COMPARED_EQUAL   production_state_guard.py [research->production] manifest=94f76f3d04bb research=94f76f3d04bb executor=94f76f3d04bb
  COMPARED_EQUAL   factor_version_registry.py [research->production] manifest=c5fd95d9e7df research=c5fd95d9e7df executor=c5fd95d9e7df
  COMPARED_EQUAL   pilot_metrics.py [production->research] manifest=cd508c3f6a27 research=cd508c3f6a27 executor=cd508c3f6a27
  COMPARED_EQUAL   durable_io.py [production->research] manifest=34da08f87505 research=34da08f87505 executor=34da08f87505
UPSTREAM_PAIR_CHECK PASS compared_equal=6 manifest_entries=6 expected=6 durable_io=COMPARED_EQUAL
pair check (candidate) rc=0
(no run_anchor above)
FF_OK before=5d3029c041 after=96acfddec1 origin/main=96acfddec1
ff rc=0
UPSTREAM_PAIR_CHECK PASS compared_equal=6 manifest_entries=6 expected=6 durable_io=COMPARED_EQUAL
pair check (running) rc=0
after-w3 HEAD=96acfddec11e51984a63358155165ab8ee4ba14b origin/main=96acfddec11e51984a63358155165ab8ee4ba14b github=96acfddec11e51984a63358155165ab8ee4ba14b NEWSHA=96acfddec11e51984a63358155165ab8ee4ba14b
  OK  running tree HEAD == NEWSHA: measured=96acfddec11e51984a63358155165ab8ee4ba14b compared_with=96acfddec11e51984a63358155165ab8ee4ba14b
  OK  local origin/main == NEWSHA: measured=96acfddec11e51984a63358155165ab8ee4ba14b compared_with=96acfddec11e51984a63358155165ab8ee4ba14b
  OK  GitHub main == NEWSHA: measured=96acfddec11e51984a63358155165ab8ee4ba14b compared_with=96acfddec11e51984a63358155165ab8ee4ba14b
  OK  NEWSHA commit files == pathspec: measured=['ops/producer_release/20260925_m3v2_durable/INSTALL_CONTRACT.json', 'ops/producer_release/20260925_m3v2_durable/PATCH_RECEIPT.json'] compared_with=['ops/producer_release/20260925_m3v2_durable/INSTALL_CONTRACT.json', 'ops/producer_release/20260925_m3v2_durable/PATCH_RECEIPT.json']
  OK  running tree code area clean: measured=[] compared_with=[]
  OK  live/beta_overlay.py VERSION: measured=m3_beta_v2 compared_with=m3_beta_v2
  OK  config/book.json bytes == 5d3029c (no book change): measured=True compared_with=True
  VAL drift guard rc=0 first line: no drift across 6 vendored modules (declared A-set 6, all covered)
  OK  running tree drift guard green across 6: measured=True compared_with=True
V2C_VERSION_PROBE after-w3 OK n=0
after-w3 rc=0
W3 switch end 2026-09-25T13:18:35Z
