W5 start 2026-09-25T13:18:52Z
bootstrap com.hsy.comboparity rc=0
bootstrap com.hsy.combosnap rc=0
bootstrap com.hsy.combolive rc=0
bootstrap com.hsy.shadowloop rc=0
SHADOW_OFFSET_MIN=12
next 2026-09-25T16:12:00+00:00 in 14365s
next 2026-09-25T16:12:00+00:00 in 10383s
after-w5 W4 completed_utc=2026-09-25T13:18:47Z
  VAL com.hsy.shadowloop pid=70541 start_utc=2026-09-25T13:18:52Z cwd=/Users/haosiyu/wide_shadow args=/usr/local/Cellar/python@3.14/3.14.4/Frameworks/Python.framework/Versions/3.14/Resources/Python.app/Contents/MacOS/Python shadow_loop_v3.py run
  OK  com.hsy.shadowloop start > W4 completion: measured=True compared_with=True
  OK  com.hsy.shadowloop shadow_loop_v3.py sha at the run path /Users/haosiyu/wide_shadow/shadow_loop_v3.py: measured=52baf979095752642cde16b1281911c6692f3251cd3b9d6d214a4b624d8d5f38 compared_with=52baf979095752642cde16b1281911c6692f3251cd3b9d6d214a4b624d8d5f38
  VAL com.hsy.combolive pid=70531 start_utc=2026-09-25T13:18:52Z cwd=/Users/haosiyu/wide_shadow/fea171 args=/bin/bash /Users/haosiyu/wide_shadow/fea171/combo_live_daemon.sh
  OK  com.hsy.combolive start > W4 completion: measured=True compared_with=True
  VAL combo daemon script invokes combo_stage.py in its cwd: True
  OK  com.hsy.combolive combo_stage.py sha at the run path /Users/haosiyu/wide_shadow/fea171/combo_stage.py: measured=12a76de89831fb42d05ec722f2e2506d6b288b4b9f5b86be04bc390c789a62a9 compared_with=12a76de89831fb42d05ec722f2e2506d6b288b4b9f5b86be04bc390c789a62a9
  OK  com.hsy.combosnap loaded: measured=True compared_with=True
  OK  com.hsy.comboparity loaded: measured=True compared_with=True
  OK  sidecar not loaded: measured=False compared_with=False
  OK  sidecar processes: measured=[] compared_with=[]
  OK  sidecar disabled: measured=True compared_with=True
V2C_VERSION_PROBE after-w5 OK n=0
after-w5 rc=0
W5 end 2026-09-25T13:19:00Z
