IB_PAR_X1_s42                      ok  40.2s
IB_PAR_X15_s42                     ok  39.9s
IB_PAR_X2_s42                      ok  40.2s
IB_PAR_X25_s42                     ok  39.6s
IB_PAR_X3_s42                      ok  40.5s
IB_LAG50_X1_s42                    ok  39.9s
IB_LAG50_X15_s42                   ok  40.0s
IB_LAG50_X2_s42                    ok  39.6s
IB_LAG50_X25_s42                   ok  39.0s
IB_LAG50_X3_s42                    ok  40.3s
IB_PAR_X1_s2027                    ok  38.8s
IB_PAR_X15_s2027                   ok  39.7s
IB_PAR_X2_s2027                    ok  38.5s
IB_PAR_X25_s2027                   ok  40.3s
IB_PAR_X3_s2027                    ok  38.8s
IB_LAG50_X1_s2027                  ok  39.0s
IB_LAG50_X15_s2027                 ok  40.1s
IB_LAG50_X2_s2027                  ok  38.9s
IB_LAG50_X25_s2027                 ok  38.8s
IB_LAG50_X3_s2027                  ok  39.3s
IB_AM50_X1_s42                     ok  45.6s
IB_AM50_X15_s42                    ok  44.8s
IB_AM50_X2_s42                     ok  44.0s
IB_AM50_X25_s42                    ok  43.3s
IB_AM50_X3_s42                     ok  45.1s
SL_ORTHLAG_X1_s42                  ok  37.7s
SL_ORTHLAG_X15_s42                 ok  37.0s
SL_ORTHLAG_X2_s42                  ok  37.1s
SL_ORTHLAG_X25_s42                 ok  38.3s
SL_ORTHLAG_X3_s42                  ok  37.0s
DONE exec
