IB_PAR_H0_s42                      ok  38.8s
IB_PAR_H05_s42                     ok  38.6s
IB_PAR_H1_s42                      ok  38.7s
IB_PAR_H15_s42                     ok  38.0s
IB_PAR_H2_s42                      ok  37.9s
IB_PAR_H3_s42                      ok  37.8s
IB_PAR_H4_s42                      ok  38.3s
IB_PAR_H6_s42                      ok  38.2s
IB_AM50_H0_s42                     ok  38.1s
IB_AM50_H05_s42                    ok  38.7s
IB_AM50_H1_s42                     ok  43.5s
IB_AM50_H15_s42                    ok  42.9s
IB_AM50_H2_s42                     ok  42.6s
IB_AM50_H3_s42                     ok  42.1s
IB_AM50_H4_s42                     ok  41.9s
IB_AM50_H6_s42                     ok  42.9s
IB_LAG50_H0_s42                    ok  43.5s
IB_LAG50_H05_s42                   ok  43.1s
IB_LAG50_H1_s42                    ok  42.8s
IB_LAG50_H15_s42                   ok  43.1s
IB_LAG50_H2_s42                    ok  51.0s
IB_LAG50_H3_s42                    ok  50.9s
IB_LAG50_H4_s42                    ok  50.8s
IB_LAG50_H6_s42                    ok  50.2s
IB_D60_H0_s42                      ok  51.2s
IB_D60_H05_s42                     ok  50.8s
IB_D60_H1_s42                      ok  53.8s
IB_D60_H15_s42                     ok  51.6s
IB_D60_H2_s42                      ok  50.7s
IB_D60_H3_s42                      ok  51.7s
IB_D60_H4_s42                      ok  79.6s
IB_D60_H6_s42                      ok  82.0s
IB_PERM50_H0_s42                   ok  76.2s
IB_PERM50_H05_s42                  ok  70.5s
IB_PERM50_H1_s42                   ok  75.4s
IB_PERM50_H15_s42                  ok  80.3s
IB_PERM50_H2_s42                   ok  76.7s
IB_PERM50_H3_s42                   ok  78.2s
IB_PERM50_H4_s42                   ok  79.1s
IB_PERM50_H6_s42                   ok  74.9s
SL_ORTHLAG_STD_s42                 ok  68.2s
SL_ORTHLAG_H0_s42                  ok  70.6s
SL_ORTHLAG_H05_s42                 ok  66.5s
SL_ORTHLAG_H1_s42                  ok  70.3s
SL_ORTHLAG_H15_s42                 ok  72.7s
SL_ORTHLAG_H2_s42                  ok  66.5s
SL_ORTHLAG_H3_s42                  ok  70.4s
SL_ORTHLAG_H4_s42                  ok  70.1s
SL_ORTHLAG_H6_s42                  ok  65.3s
SL_ORTHPERM_STD_s42                ok  70.7s
SL_ORTHPERM_H0_s42                 ok  69.8s
SL_ORTHPERM_H05_s42                ok  67.2s
SL_ORTHPERM_H1_s42                 ok  71.6s
SL_ORTHPERM_H15_s42                ok  71.7s
SL_ORTHPERM_H2_s42                 ok  68.8s
SL_ORTHPERM_H3_s42                 ok  74.1s
SL_ORTHPERM_H4_s42                 ok  77.9s
SL_ORTHPERM_H6_s42                 ok  74.0s
DONE main
