G4 flags 14 union 25 t=100s
G1/G2 done t=105s
{
 "G1": true,
 "G2": false,
 "G3": true,
 "STOP": true,
 "g1": {
  "upbit A_cells": 990247,
  "upbit A_viol": 0,
  "upbit B_cells": 685006,
  "upbit B_viol": 0,
  "upbit leaky_cells": 1174173,
  "upbit leaky_viol": 1174173,
  "bithumb A_cells": 1602789,
  "bithumb A_viol": 0,
  "bithumb B_cells": 1303965,
  "bithumb B_viol": 0,
  "bithumb leaky_cells": 1869901,
  "bithumb leaky_viol": 1869901
 }
}
G2 bithumb 2021 A 9849 0.46421 {'NO_BAR': 0, 'NO_INDEX': 0, 'NO_PERP_TRADE': 0, 'OTHER': 5277}
G2 bithumb 2022 A 137155 0.824038 {'NO_BAR': 432, 'NO_INDEX': 0, 'NO_PERP_TRADE': 0, 'OTHER': 23702}
G2 bithumb 2023 A 202209 0.98231 {'NO_BAR': 882, 'NO_INDEX': 0, 'NO_PERP_TRADE': 0, 'OTHER': 2695}
G2 bithumb 2023 B 19034 1.0 {'NO_BAR': 0, 'NO_INDEX': 0, 'NO_PERP_TRADE': 0, 'OTHER': 0}
G2 bithumb 2024 A 339666 0.974672 {'NO_BAR': 525, 'NO_INDEX': 0, 'NO_PERP_TRADE': 5996, 'OTHER': 2082}
G2 bithumb 2024 B 341846 0.980918 {'NO_BAR': 527, 'NO_INDEX': 0, 'NO_PERP_TRADE': 5996, 'OTHER': 0}
G2 bithumb 2025 A 530544 0.992108 {'NO_BAR': 1507, 'NO_INDEX': 4, 'NO_PERP_TRADE': 2675, 'OTHER': 1}
G2 bithumb 2025 B 532734 0.992139 {'NO_BAR': 1509, 'NO_INDEX': 4, 'NO_PERP_TRADE': 2675, 'OTHER': 0}
G2 bithumb 2026 A 422496 0.99147 {'NO_BAR': 1590, 'NO_INDEX': 0, 'NO_PERP_TRADE': 1968, 'OTHER': 46}
G2 bithumb 2026 B 423948 0.991605 {'NO_BAR': 1591, 'NO_INDEX': 0, 'NO_PERP_TRADE': 1968, 'OTHER': 0}
G2 upbit 2021 A 8051 1.0 {'NO_BAR': 0, 'NO_INDEX': 0, 'NO_PERP_TRADE': 0, 'OTHER': 0}
G2 upbit 2022 A 101348 0.988189 {'NO_BAR': 0, 'NO_INDEX': 0, 'NO_PERP_TRADE': 649, 'OTHER': 548}
G2 upbit 2023 A 123595 0.981561 {'NO_BAR': 71, 'NO_INDEX': 0, 'NO_PERP_TRADE': 2189, 'OTHER': 19}
G2 upbit 2024 A 178000 0.978039 {'NO_BAR': 0, 'NO_INDEX': 0, 'NO_PERP_TRADE': 3909, 'OTHER': 0}
G2 upbit 2024 B 107536 0.976203 {'NO_BAR': 0, 'NO_INDEX': 0, 'NO_PERP_TRADE': 2559, 'OTHER': 0}
G2 upbit 2025 A 295908 0.996049 {'NO_BAR': 1, 'NO_INDEX': 2, 'NO_PERP_TRADE': 1166, 'OTHER': 0}
G2 upbit 2025 B 298098 0.996078 {'NO_BAR': 1, 'NO_INDEX': 2, 'NO_PERP_TRADE': 1166, 'OTHER': 0}
G2 upbit 2026 A 281003 0.999801 {'NO_BAR': 29, 'NO_INDEX': 0, 'NO_PERP_TRADE': 27, 'OTHER': 0}
G2 upbit 2026 B 282455 0.999802 {'NO_BAR': 29, 'NO_INDEX': 0, 'NO_PERP_TRADE': 27, 'OTHER': 0}
G3 {'venue': 'upbit', 'market': 'KRW-BTC', 'year': 2021, 'argmax_rho': 0, 'rho_m1': 0.85271, 'rho0': 0.96249, 'rho_p1': 0.89308, 'argmin_disp': 0, 'neg_kst': [9, 9], 'neg_close': [1, 1], 'PASS': True, 'NEG_RED': True}
G3 {'venue': 'upbit', 'market': 'KRW-BTC', 'year': 2022, 'argmax_rho': 0, 'rho_m1': 0.85302, 'rho0': 0.97663, 'rho_p1': 0.86296, 'argmin_disp': 0, 'neg_kst': [9, 9], 'neg_close': [1, 1], 'PASS': True, 'NEG_RED': True}
G3 {'venue': 'upbit', 'market': 'KRW-BTC', 'year': 2023, 'argmax_rho': 0, 'rho_m1': 0.83779, 'rho0': 0.95972, 'rho_p1': 0.85001, 'argmin_disp': 0, 'neg_kst': [9, 9], 'neg_close': [1, 1], 'PASS': True, 'NEG_RED': True}
G3 {'venue': 'upbit', 'market': 'KRW-BTC', 'year': 2024, 'argmax_rho': 0, 'rho_m1': 0.82366, 'rho0': 0.9469, 'rho_p1': 0.83269, 'argmin_disp': 0, 'neg_kst': [9, 9], 'neg_close': [1, 1], 'PASS': True, 'NEG_RED': True}
G3 {'venue': 'upbit', 'market': 'KRW-BTC', 'year': 2025, 'argmax_rho': 0, 'rho_m1': 0.84072, 'rho0': 0.95306, 'rho_p1': 0.83609, 'argmin_disp': 0, 'neg_kst': [9, 9], 'neg_close': [1, 1], 'PASS': True, 'NEG_RED': True}
G3 {'venue': 'upbit', 'market': 'KRW-BTC', 'year': 2026, 'argmax_rho': 0, 'rho_m1': 0.8449, 'rho0': 0.97215, 'rho_p1': 0.84414, 'argmin_disp': 0, 'neg_kst': [9, 9], 'neg_close': [1, 1], 'PASS': True, 'NEG_RED': True}
G3 {'venue': 'upbit', 'market': 'KRW-ETH', 'year': 2021, 'argmax_rho': 0, 'rho_m1': 0.86163, 'rho0': 0.97134, 'rho_p1': 0.87719, 'argmin_disp': 0, 'neg_kst': [9, 9], 'neg_close': [1, 1], 'PASS': True, 'NEG_RED': True}
G3 {'venue': 'upbit', 'market': 'KRW-ETH', 'year': 2022, 'argmax_rho': 0, 'rho_m1': 0.86215, 'rho0': 0.98654, 'rho_p1': 0.86748, 'argmin_disp': 0, 'neg_kst': [9, 9], 'neg_close': [1, 1], 'PASS': True, 'NEG_RED': True}
G3 {'venue': 'upbit', 'market': 'KRW-ETH', 'year': 2023, 'argmax_rho': 0, 'rho_m1': 0.84921, 'rho0': 0.96767, 'rho_p1': 0.86052, 'argmin_disp': 0, 'neg_kst': [9, 9], 'neg_close': [1, 1], 'PASS': True, 'NEG_RED': True}
G3 {'venue': 'upbit', 'market': 'KRW-ETH', 'year': 2024, 'argmax_rho': 0, 'rho_m1': 0.82612, 'rho0': 0.94528, 'rho_p1': 0.83264, 'argmin_disp': 0, 'neg_kst': [9, 9], 'neg_close': [1, 1], 'PASS': True, 'NEG_RED': True}
G3 {'venue': 'upbit', 'market': 'KRW-ETH', 'year': 2025, 'argmax_rho': 0, 'rho_m1': 0.8767, 'rho0': 0.98429, 'rho_p1': 0.87671, 'argmin_disp': 0, 'neg_kst': [9, 9], 'neg_close': [1, 1], 'PASS': True, 'NEG_RED': True}
G3 {'venue': 'upbit', 'market': 'KRW-ETH', 'year': 2026, 'argmax_rho': 0, 'rho_m1': 0.86467, 'rho0': 0.9863, 'rho_p1': 0.86464, 'argmin_disp': 0, 'neg_kst': [9, 9], 'neg_close': [1, 1], 'PASS': True, 'NEG_RED': True}
G3 {'venue': 'upbit', 'market': 'KRW-XRP', 'year': 2021, 'argmax_rho': 0, 'rho_m1': 0.85018, 'rho0': 0.97286, 'rho_p1': 0.89125, 'argmin_disp': 0, 'neg_kst': [9, 9], 'neg_close': [1, 1], 'PASS': True, 'NEG_RED': True}
G3 {'venue': 'upbit', 'market': 'KRW-XRP', 'year': 2022, 'argmax_rho': 0, 'rho_m1': 0.86426, 'rho0': 0.98273, 'rho_p1': 0.8709, 'argmin_disp': 0, 'neg_kst': [9, 9], 'neg_close': [1, 1], 'PASS': True, 'NEG_RED': True}
G3 {'venue': 'upbit', 'market': 'KRW-XRP', 'year': 2023, 'argmax_rho': 0, 'rho_m1': 0.8855, 'rho0': 0.98745, 'rho_p1': 0.89479, 'argmin_disp': 0, 'neg_kst': [9, 9], 'neg_close': [1, 1], 'PASS': True, 'NEG_RED': True}
G3 {'venue': 'upbit', 'market': 'KRW-XRP', 'year': 2024, 'argmax_rho': 0, 'rho_m1': 0.83016, 'rho0': 0.97436, 'rho_p1': 0.83232, 'argmin_disp': 0, 'neg_kst': [9, 9], 'neg_close': [1, 1], 'PASS': True, 'NEG_RED': True}
G3 {'venue': 'upbit', 'market': 'KRW-XRP', 'year': 2025, 'argmax_rho': 0, 'rho_m1': 0.86469, 'rho0': 0.98531, 'rho_p1': 0.86929, 'argmin_disp': 0, 'neg_kst': [9, 9], 'neg_close': [1, 1], 'PASS': True, 'NEG_RED': True}
G3 {'venue': 'upbit', 'market': 'KRW-XRP', 'year': 2026, 'argmax_rho': 0, 'rho_m1': 0.8684, 'rho0': 0.9863, 'rho_p1': 0.86706, 'argmin_disp': 0, 'neg_kst': [9, 9], 'neg_close': [1, 1], 'PASS': True, 'NEG_RED': True}
G3 {'venue': 'bithumb', 'market': 'KRW-BTC', 'year': 2021, 'argmax_rho': 0, 'rho_m1': 0.84578, 'rho0': 0.95706, 'rho_p1': 0.89043, 'argmin_disp': 0, 'neg_kst': [9, 9], 'neg_close': [1, 1], 'PASS': True, 'NEG_RED': True}
G3 {'venue': 'bithumb', 'market': 'KRW-BTC', 'year': 2022, 'argmax_rho': 0, 'rho_m1': 0.85259, 'rho0': 0.97706, 'rho_p1': 0.86223, 'argmin_disp': 0, 'neg_kst': [9, 9], 'neg_close': [1, 1], 'PASS': True, 'NEG_RED': True}
G3 {'venue': 'bithumb', 'market': 'KRW-BTC', 'year': 2023, 'argmax_rho': 0, 'rho_m1': 0.83903, 'rho0': 0.95978, 'rho_p1': 0.8514, 'argmin_disp': 0, 'neg_kst': [9, 9], 'neg_close': [1, 1], 'PASS': True, 'NEG_RED': True}
G3 {'venue': 'bithumb', 'market': 'KRW-BTC', 'year': 2024, 'argmax_rho': 0, 'rho_m1': 0.82399, 'rho0': 0.94763, 'rho_p1': 0.83284, 'argmin_disp': 0, 'neg_kst': [9, 9], 'neg_close': [1, 1], 'PASS': True, 'NEG_RED': True}
G3 {'venue': 'bithumb', 'market': 'KRW-BTC', 'year': 2025, 'argmax_rho': 0, 'rho_m1': 0.84326, 'rho0': 0.95528, 'rho_p1': 0.84013, 'argmin_disp': 0, 'neg_kst': [9, 9], 'neg_close': [1, 1], 'PASS': True, 'NEG_RED': True}
G3 {'venue': 'bithumb', 'market': 'KRW-BTC', 'year': 2026, 'argmax_rho': 0, 'rho_m1': 0.84573, 'rho0': 0.9742, 'rho_p1': 0.84897, 'argmin_disp': 0, 'neg_kst': [9, 9], 'neg_close': [1, 1], 'PASS': True, 'NEG_RED': True}
G3 {'venue': 'bithumb', 'market': 'KRW-ETH', 'year': 2021, 'argmax_rho': 0, 'rho_m1': 0.84991, 'rho0': 0.96591, 'rho_p1': 0.87139, 'argmin_disp': 0, 'neg_kst': [9, 9], 'neg_close': [1, 1], 'PASS': True, 'NEG_RED': True}
G3 {'venue': 'bithumb', 'market': 'KRW-ETH', 'year': 2022, 'argmax_rho': 0, 'rho_m1': 0.86243, 'rho0': 0.9869, 'rho_p1': 0.86815, 'argmin_disp': 0, 'neg_kst': [9, 9], 'neg_close': [1, 1], 'PASS': True, 'NEG_RED': True}
G3 {'venue': 'bithumb', 'market': 'KRW-ETH', 'year': 2023, 'argmax_rho': 0, 'rho_m1': 0.85079, 'rho0': 0.96829, 'rho_p1': 0.86303, 'argmin_disp': 0, 'neg_kst': [9, 9], 'neg_close': [1, 1], 'PASS': True, 'NEG_RED': True}
G3 {'venue': 'bithumb', 'market': 'KRW-ETH', 'year': 2024, 'argmax_rho': 0, 'rho_m1': 0.8437, 'rho0': 0.96442, 'rho_p1': 0.85029, 'argmin_disp': 0, 'neg_kst': [9, 9], 'neg_close': [1, 1], 'PASS': True, 'NEG_RED': True}
G3 {'venue': 'bithumb', 'market': 'KRW-ETH', 'year': 2025, 'argmax_rho': 0, 'rho_m1': 0.87846, 'rho0': 0.9856, 'rho_p1': 0.87843, 'argmin_disp': 0, 'neg_kst': [9, 9], 'neg_close': [1, 1], 'PASS': True, 'NEG_RED': True}
G3 {'venue': 'bithumb', 'market': 'KRW-ETH', 'year': 2026, 'argmax_rho': 0, 'rho_m1': 0.86465, 'rho0': 0.98712, 'rho_p1': 0.86768, 'argmin_disp': 0, 'neg_kst': [9, 9], 'neg_close': [1, 1], 'PASS': True, 'NEG_RED': True}
G3 {'venue': 'bithumb', 'market': 'KRW-XRP', 'year': 2021, 'argmax_rho': 0, 'rho_m1': 0.84357, 'rho0': 0.97346, 'rho_p1': 0.8948, 'argmin_disp': 0, 'neg_kst': [9, 9], 'neg_close': [1, 1], 'PASS': True, 'NEG_RED': True}
G3 {'venue': 'bithumb', 'market': 'KRW-XRP', 'year': 2022, 'argmax_rho': 0, 'rho_m1': 0.86439, 'rho0': 0.98673, 'rho_p1': 0.86919, 'argmin_disp': 0, 'neg_kst': [9, 9], 'neg_close': [1, 1], 'PASS': True, 'NEG_RED': True}
G3 {'venue': 'bithumb', 'market': 'KRW-XRP', 'year': 2023, 'argmax_rho': 0, 'rho_m1': 0.88704, 'rho0': 0.98943, 'rho_p1': 0.89722, 'argmin_disp': 0, 'neg_kst': [9, 9], 'neg_close': [1, 1], 'PASS': True, 'NEG_RED': True}
G3 {'venue': 'bithumb', 'market': 'KRW-XRP', 'year': 2024, 'argmax_rho': 0, 'rho_m1': 0.83193, 'rho0': 0.97534, 'rho_p1': 0.83276, 'argmin_disp': 0, 'neg_kst': [9, 9], 'neg_close': [1, 1], 'PASS': True, 'NEG_RED': True}
G3 {'venue': 'bithumb', 'market': 'KRW-XRP', 'year': 2025, 'argmax_rho': 0, 'rho_m1': 0.86561, 'rho0': 0.98549, 'rho_p1': 0.86945, 'argmin_disp': 0, 'neg_kst': [9, 9], 'neg_close': [1, 1], 'PASS': True, 'NEG_RED': True}
G3 {'venue': 'bithumb', 'market': 'KRW-XRP', 'year': 2026, 'argmax_rho': 0, 'rho_m1': 0.86882, 'rho0': 0.98731, 'rho_p1': 0.86822, 'argmin_disp': 0, 'neg_kst': [9, 9], 'neg_close': [1, 1], 'PASS': True, 'NEG_RED': True}
