{
 "n": 9918,
 "max_abs_dg": 0.0,
 "bitwise": true
}

=== LEVELS (post-warm) ===
A0_FIT1380k_s42        FULL n=9018 SR  1.2867 | F23 n=7908 SR  1.3736 | FROZEN SR  2.7835
A0_FIT23000k_s42       FULL n=9018 SR -1.1445 | F23 n=7908 SR -1.2325 | FROZEN SR  0.0887
A0_FIT2300k_s42        FULL n=9018 SR  1.1784 | F23 n=7908 SR  1.2573 | FROZEN SR  2.6597
A0_FIT230k_s2027       FULL n=9018 SR  1.4498 | F23 n=7908 SR  1.5493 | FROZEN SR  2.9166
A0_FIT230k_s42         FULL n=9018 SR  1.4277 | F23 n=7908 SR  1.5254 | FROZEN SR    2.95
A0_FIT345k_s42         FULL n=9018 SR  1.4118 | F23 n=7908 SR  1.5083 | FROZEN SR  2.9308
A0_FIT4600k_s42        FULL n=9018 SR  0.9005 | F23 n=7908 SR  0.9591 | FROZEN SR  2.3468
A0_FIT460k_s42         FULL n=9018 SR  1.3968 | F23 n=7908 SR   1.492 | FROZEN SR  2.9127
A0_FIT690k_s42         FULL n=9018 SR  1.3682 | F23 n=7908 SR  1.4613 | FROZEN SR  2.8787
A0_FIT9200k_s42        FULL n=9018 SR  0.3284 | F23 n=7908 SR  0.3455 | FROZEN SR  1.7075
A0_FIT920k_s42         FULL n=9018 SR  1.3408 | F23 n=7908 SR  1.4317 | FROZEN SR  2.8464
A0_FITU230k_s2027      FULL n=9018 SR  1.4196 | F23 n=7908 SR  1.5169 | FROZEN SR  2.8837
A0_FITU230k_s42        FULL n=9018 SR  1.3978 | F23 n=7908 SR  1.4934 | FROZEN SR  2.9175
A0_PWR1380k_s42        FULL n=9018 SR  1.2599 | F23 n=7908 SR  1.3452 | FROZEN SR  2.7581
A0_PWR1840k_s42        FULL n=9018 SR  1.2002 | F23 n=7908 SR  1.2811 | FROZEN SR  2.6911
A0_PWR2300k_s42        FULL n=9018 SR  1.1411 | F23 n=7908 SR  1.2177 | FROZEN SR  2.6251
A0_PWR230k_s2027       FULL n=9018 SR   1.437 | F23 n=7908 SR  1.5355 | FROZEN SR  2.9021
A0_PWR230k_s42         FULL n=9018 SR   1.415 | F23 n=7908 SR  1.5118 | FROZEN SR  2.9357
A0_PWR2760k_s42        FULL n=9018 SR  1.0824 | F23 n=7908 SR  1.1547 | FROZEN SR  2.5597
A0_PWR3220k_s42        FULL n=9018 SR  1.0235 | F23 n=7908 SR  1.0917 | FROZEN SR  2.4942
A0_PWR345k_s42         FULL n=9018 SR  1.3982 | F23 n=7908 SR  1.4936 | FROZEN SR  2.9159
A0_PWR3680k_s42        FULL n=9018 SR  0.9647 | F23 n=7908 SR  1.0285 | FROZEN SR  2.4288
A0_PWR4140k_s42        FULL n=9018 SR  0.9062 | F23 n=7908 SR  0.9659 | FROZEN SR  2.3639
A0_PWR4600k_s42        FULL n=9018 SR  0.8481 | F23 n=7908 SR  0.9036 | FROZEN SR  2.2994
A0_PWR460k_s42         FULL n=9018 SR   1.382 | F23 n=7908 SR  1.4763 | FROZEN SR  2.8971
A0_PWR690k_s42         FULL n=9018 SR  1.3508 | F23 n=7908 SR  1.4427 | FROZEN SR  2.8611
A0_PWR9200k_s42        FULL n=9018 SR  0.2695 | F23 n=7908 SR  0.2832 | FROZEN SR  1.6551
A0_PWR920k_s42         FULL n=9018 SR  1.3203 | F23 n=7908 SR  1.4099 | FROZEN SR  2.8263
A0_STD_s2027           FULL n=9018 SR  1.5475 | F23 n=7908 SR  1.6531 | FROZEN SR  3.0115
A0_STD_s42             FULL n=9018 SR   1.524 | F23 n=7908 SR  1.6278 | FROZEN SR  3.0434
A0_X1_s2027            FULL n=9018 SR  1.1111 | F23 n=7908 SR  1.1879 | FROZEN SR  2.5668
A0_X1_s42              FULL n=9018 SR  1.0933 | F23 n=7908 SR  1.1687 | FROZEN SR  2.6052
ARCH_A0_s42            FULL n=9018 SR   1.524 | F23 n=7908 SR  1.6278 | FROZEN SR  3.0434
RS_FIT2300k_s42        FULL n=7908 SR  2.0106 | F23 n=7908 SR  2.0106 | FROZEN SR  2.1703
RS_FIT230k_s2027       FULL n=7908 SR  2.1469 | F23 n=7908 SR  2.1469 | FROZEN SR   2.413
RS_FIT230k_s42         FULL n=7908 SR  2.1554 | F23 n=7908 SR  2.1554 | FROZEN SR  2.3328
RS_FIT4600k_s42        FULL n=7908 SR  1.8471 | F23 n=7908 SR  1.8471 | FROZEN SR  1.9955
RS_FIT460k_s42         FULL n=7908 SR  2.1378 | F23 n=7908 SR  2.1378 | FROZEN SR  2.3118
RS_FIT920k_s42         FULL n=7908 SR  2.1054 | F23 n=7908 SR  2.1054 | FROZEN SR  2.2747
RS_FITU230k_s2027      FULL n=7908 SR  2.1326 | F23 n=7908 SR  2.1326 | FROZEN SR  2.3971
RS_FITU230k_s42        FULL n=7908 SR  2.1377 | F23 n=7908 SR  2.1377 | FROZEN SR  2.3146
RS_PWR1840k_s42        FULL n=7908 SR  2.0221 | F23 n=7908 SR  2.0221 | FROZEN SR  2.1881
RS_PWR2300k_s42        FULL n=7908 SR  1.9872 | F23 n=7908 SR  1.9872 | FROZEN SR  2.1512
RS_PWR230k_s2027       FULL n=7908 SR  2.1409 | F23 n=7908 SR  2.1409 | FROZEN SR   2.406
RS_PWR230k_s42         FULL n=7908 SR   2.148 | F23 n=7908 SR   2.148 | FROZEN SR  2.3248
RS_PWR3220k_s42        FULL n=7908 SR  1.9177 | F23 n=7908 SR  1.9177 | FROZEN SR  2.0782
RS_PWR4600k_s42        FULL n=7908 SR  1.8139 | F23 n=7908 SR  1.8139 | FROZEN SR  1.9694
RS_PWR460k_s42         FULL n=7908 SR  2.1289 | F23 n=7908 SR  2.1289 | FROZEN SR  2.3032
RS_PWR9200k_s42        FULL n=7908 SR   1.472 | F23 n=7908 SR   1.472 | FROZEN SR  1.6098
RS_PWR920k_s42         FULL n=7908 SR  2.0928 | F23 n=7908 SR  2.0928 | FROZEN SR  2.2636
RS_STD_s2027           FULL n=7908 SR  2.1936 | F23 n=7908 SR  2.1936 | FROZEN SR  2.4582
RS_STD_s42             FULL n=7908 SR  2.2153 | F23 n=7908 SR  2.2153 | FROZEN SR  2.3843
RS_X1_s2027            FULL n=7908 SR  1.9857 | F23 n=7908 SR  1.9857 | FROZEN SR   2.245
RS_X1_s42              FULL n=7908 SR  1.9522 | F23 n=7908 SR  1.9522 | FROZEN SR  2.1412
XIB_FIT2300k_s42       FULL n=9018 SR  1.9685 | F23 n=7908 SR  2.1214 | FROZEN SR   3.431
XIB_FIT230k_s2027      FULL n=9018 SR  2.2034 | F23 n=7908 SR  2.3685 | FROZEN SR  3.6027
XIB_FIT230k_s42        FULL n=9018 SR  2.2382 | F23 n=7908 SR  2.4077 | FROZEN SR  3.7745
XIB_FIT4600k_s42       FULL n=9018 SR  1.6683 | F23 n=7908 SR  1.8043 | FROZEN SR  3.0631
XIB_FIT460k_s42        FULL n=9018 SR  2.2047 | F23 n=7908 SR   2.372 | FROZEN SR    3.73
XIB_FIT920k_s42        FULL n=9018 SR   2.144 | F23 n=7908 SR  2.3074 | FROZEN SR  3.6514
XIB_FITU230k_s2027     FULL n=9018 SR  2.1707 | F23 n=7908 SR  2.3342 | FROZEN SR  3.5645
XIB_FITU230k_s42       FULL n=9018 SR   2.206 | F23 n=7908 SR  2.3739 | FROZEN SR  3.7365
XIB_PWR1840k_s42       FULL n=9018 SR  1.9924 | F23 n=7908 SR  2.1477 | FROZEN SR  3.4695
XIB_PWR2300k_s42       FULL n=9018 SR  1.9285 | F23 n=7908 SR  2.0803 | FROZEN SR  3.3919
XIB_PWR230k_s2027      FULL n=9018 SR  2.1895 | F23 n=7908 SR  2.3538 | FROZEN SR  3.5857
XIB_PWR230k_s42        FULL n=9018 SR  2.2245 | F23 n=7908 SR  2.3933 | FROZEN SR  3.7576
XIB_PWR3220k_s42       FULL n=9018 SR  1.8015 | F23 n=7908 SR  1.9464 | FROZEN SR  3.2384
XIB_PWR4600k_s42       FULL n=9018 SR  1.6121 | F23 n=7908 SR  1.7468 | FROZEN SR  3.0098
XIB_PWR460k_s42        FULL n=9018 SR  2.1888 | F23 n=7908 SR  2.3554 | FROZEN SR  3.7119
XIB_PWR9200k_s42       FULL n=9018 SR  0.9872 | F23 n=7908 SR  1.0877 | FROZEN SR  2.2536
XIB_PWR920k_s42        FULL n=9018 SR  2.1221 | F23 n=7908 SR  2.2847 | FROZEN SR  3.6284
XIB_STD_s2027          FULL n=9018 SR  2.3079 | F23 n=7908 SR   2.477 | FROZEN SR  3.7099
XIB_STD_s42            FULL n=9018 SR  2.3411 | F23 n=7908 SR  2.5143 | FROZEN SR  3.8809
XIB_X1_s2027           FULL n=9018 SR  1.8372 | F23 n=7908 SR  1.9865 | FROZEN SR  3.2016
XIB_X1_s42             FULL n=9018 SR  1.8776 | F23 n=7908 SR  2.0318 | FROZEN SR   3.376

=== COST DECOMP F23 pw (bps/anchor/unit gross) ===
A0_FIT1380k_s42        net  +0.6936 pnl  +1.4088 carry  +0.4609 cost   0.2542 turn 0.0324 cost/turn 7.8443
A0_FIT23000k_s42       net  -0.6223 pnl  +1.4088 carry  +0.4609 cost   1.5701 turn 0.0324 cost/turn 48.4546
A0_FIT2300k_s42        net  +0.6349 pnl  +1.4088 carry  +0.4609 cost   0.3129 turn 0.0324 cost/turn 9.6575
A0_FIT230k_s2027       net  +0.7893 pnl  +1.4220 carry  +0.4507 cost   0.1820 turn 0.0328 cost/turn 5.5505
A0_FIT230k_s42         net  +0.7703 pnl  +1.4088 carry  +0.4609 cost   0.1775 turn 0.0324 cost/turn 5.4770
A0_FIT345k_s42         net  +0.7617 pnl  +1.4088 carry  +0.4609 cost   0.1861 turn 0.0324 cost/turn 5.7435
A0_FIT4600k_s42        net  +0.4842 pnl  +1.4088 carry  +0.4609 cost   0.4636 turn 0.0324 cost/turn 14.3057
A0_FIT460k_s42         net  +0.7535 pnl  +1.4088 carry  +0.4609 cost   0.1943 turn 0.0324 cost/turn 5.9968
A0_FIT690k_s42         net  +0.7380 pnl  +1.4088 carry  +0.4609 cost   0.2099 turn 0.0324 cost/turn 6.4763
A0_FIT9200k_s42        net  +0.1744 pnl  +1.4088 carry  +0.4609 cost   0.7734 turn 0.0324 cost/turn 23.8666
A0_FIT920k_s42         net  +0.7230 pnl  +1.4088 carry  +0.4609 cost   0.2248 turn 0.0324 cost/turn 6.9371
A0_FITU230k_s2027      net  +0.7728 pnl  +1.4220 carry  +0.4507 cost   0.1985 turn 0.0328 cost/turn 6.0533
A0_FITU230k_s42        net  +0.7542 pnl  +1.4088 carry  +0.4609 cost   0.1936 turn 0.0324 cost/turn 5.9752
A0_PWR1380k_s42        net  +0.6793 pnl  +1.4088 carry  +0.4609 cost   0.2685 turn 0.0324 cost/turn 8.2867
A0_PWR1840k_s42        net  +0.6469 pnl  +1.4088 carry  +0.4609 cost   0.3009 turn 0.0324 cost/turn 9.2855
A0_PWR2300k_s42        net  +0.6149 pnl  +1.4088 carry  +0.4609 cost   0.3329 turn 0.0324 cost/turn 10.2743
A0_PWR230k_s2027       net  +0.7823 pnl  +1.4220 carry  +0.4507 cost   0.1890 turn 0.0328 cost/turn 5.7641
A0_PWR230k_s42         net  +0.7635 pnl  +1.4088 carry  +0.4609 cost   0.1843 turn 0.0324 cost/turn 5.6888
A0_PWR2760k_s42        net  +0.5831 pnl  +1.4088 carry  +0.4609 cost   0.3647 turn 0.0324 cost/turn 11.2556
A0_PWR3220k_s42        net  +0.5512 pnl  +1.4088 carry  +0.4609 cost   0.3966 turn 0.0324 cost/turn 12.2391
A0_PWR345k_s42         net  +0.7543 pnl  +1.4088 carry  +0.4609 cost   0.1935 turn 0.0324 cost/turn 5.9717
A0_PWR3680k_s42        net  +0.5193 pnl  +1.4088 carry  +0.4609 cost   0.4285 turn 0.0324 cost/turn 13.2227
A0_PWR4140k_s42        net  +0.4877 pnl  +1.4088 carry  +0.4609 cost   0.4601 turn 0.0324 cost/turn 14.1995
A0_PWR4600k_s42        net  +0.4562 pnl  +1.4088 carry  +0.4609 cost   0.4916 turn 0.0324 cost/turn 15.1699
A0_PWR460k_s42         net  +0.7455 pnl  +1.4088 carry  +0.4609 cost   0.2023 turn 0.0324 cost/turn 6.2422
A0_PWR690k_s42         net  +0.7286 pnl  +1.4088 carry  +0.4609 cost   0.2192 turn 0.0324 cost/turn 6.7657
A0_PWR9200k_s42        net  +0.1430 pnl  +1.4088 carry  +0.4609 cost   0.8048 turn 0.0324 cost/turn 24.8375
A0_PWR920k_s42         net  +0.7120 pnl  +1.4088 carry  +0.4609 cost   0.2358 turn 0.0324 cost/turn 7.2768
A0_STD_s2027           net  +0.8422 pnl  +1.4220 carry  +0.4507 cost   0.1290 turn 0.0328 cost/turn 3.9354
A0_STD_s42             net  +0.8221 pnl  +1.4088 carry  +0.4609 cost   0.1257 turn 0.0324 cost/turn 3.8800
A0_X1_s2027            net  +0.6051 pnl  +1.4220 carry  +0.4507 cost   0.3661 turn 0.0328 cost/turn 11.1674
A0_X1_s42              net  +0.5901 pnl  +1.4088 carry  +0.4609 cost   0.3577 turn 0.0324 cost/turn 11.0385
ARCH_A0_s42            net  +0.8221 pnl  +1.4088 carry  +0.4609 cost   0.1257 turn 0.0324 cost/turn 3.8800
RS_FIT2300k_s42        net  +1.0694 pnl  +1.4799 carry  +0.2197 cost   0.1908 turn 0.0276 cost/turn 6.9093
RS_FIT230k_s2027       net  +1.1840 pnl  +1.3976 carry  +0.1234 cost   0.0902 turn 0.0222 cost/turn 4.0668
RS_FIT230k_s42         net  +1.1465 pnl  +1.4799 carry  +0.2197 cost   0.1137 turn 0.0276 cost/turn 4.1192
RS_FIT4600k_s42        net  +0.9824 pnl  +1.4799 carry  +0.2197 cost   0.2778 turn 0.0276 cost/turn 10.0609
RS_FIT460k_s42         net  +1.1371 pnl  +1.4799 carry  +0.2197 cost   0.1232 turn 0.0276 cost/turn 4.4600
RS_FIT920k_s42         net  +1.1199 pnl  +1.4799 carry  +0.2197 cost   0.1403 turn 0.0276 cost/turn 5.0827
RS_FITU230k_s2027      net  +1.1762 pnl  +1.3976 carry  +0.1234 cost   0.0981 turn 0.0222 cost/turn 4.4211
RS_FITU230k_s42        net  +1.1370 pnl  +1.4799 carry  +0.2197 cost   0.1232 turn 0.0276 cost/turn 4.4618
RS_PWR1840k_s42        net  +1.0755 pnl  +1.4799 carry  +0.2197 cost   0.1847 turn 0.0276 cost/turn 6.6887
RS_PWR2300k_s42        net  +1.0569 pnl  +1.4799 carry  +0.2197 cost   0.2033 turn 0.0276 cost/turn 7.3616
RS_PWR230k_s2027       net  +1.1807 pnl  +1.3976 carry  +0.1234 cost   0.0936 turn 0.0222 cost/turn 4.2161
RS_PWR230k_s42         net  +1.1425 pnl  +1.4799 carry  +0.2197 cost   0.1177 turn 0.0276 cost/turn 4.2624
RS_PWR3220k_s42        net  +1.0200 pnl  +1.4799 carry  +0.2197 cost   0.2403 turn 0.0276 cost/turn 8.7008
RS_PWR4600k_s42        net  +0.9648 pnl  +1.4799 carry  +0.2197 cost   0.2954 turn 0.0276 cost/turn 10.6997
RS_PWR460k_s42         net  +1.1323 pnl  +1.4799 carry  +0.2197 cost   0.1279 turn 0.0276 cost/turn 4.6309
RS_PWR9200k_s42        net  +0.7829 pnl  +1.4799 carry  +0.2197 cost   0.4773 turn 0.0276 cost/turn 17.2867
RS_PWR920k_s42         net  +1.1131 pnl  +1.4799 carry  +0.2197 cost   0.1471 turn 0.0276 cost/turn 5.3266
RS_STD_s2027           net  +1.2099 pnl  +1.3976 carry  +0.1234 cost   0.0644 turn 0.0222 cost/turn 2.9037
RS_STD_s42             net  +1.1783 pnl  +1.4799 carry  +0.2197 cost   0.0819 turn 0.0276 cost/turn 2.9666
RS_X1_s2027            net  +1.0951 pnl  +1.3976 carry  +0.1234 cost   0.1791 turn 0.0222 cost/turn 8.0732
RS_X1_s42              net  +1.0383 pnl  +1.4799 carry  +0.2197 cost   0.2219 turn 0.0276 cost/turn 8.0358
XIB_FIT2300k_s42       net  +1.0806 pnl  +1.7463 carry  +0.3371 cost   0.3286 turn 0.0358 cost/turn 9.1866
XIB_FIT230k_s2027      net  +1.2152 pnl  +1.7302 carry  +0.3274 cost   0.1876 turn 0.0362 cost/turn 5.1802
XIB_FIT230k_s42        net  +1.2267 pnl  +1.7463 carry  +0.3371 cost   0.1825 turn 0.0358 cost/turn 5.1037
XIB_FIT4600k_s42       net  +0.9190 pnl  +1.7463 carry  +0.3371 cost   0.4902 turn 0.0358 cost/turn 13.7063
XIB_FIT460k_s42        net  +1.2084 pnl  +1.7463 carry  +0.3371 cost   0.2008 turn 0.0358 cost/turn 5.6139
XIB_FIT920k_s42        net  +1.1755 pnl  +1.7463 carry  +0.3371 cost   0.2337 turn 0.0358 cost/turn 6.5344
XIB_FITU230k_s2027     net  +1.1976 pnl  +1.7302 carry  +0.3274 cost   0.2052 turn 0.0362 cost/turn 5.6676
XIB_FITU230k_s42       net  +1.2094 pnl  +1.7463 carry  +0.3371 cost   0.1998 turn 0.0358 cost/turn 5.5863
XIB_PWR1840k_s42       net  +1.0940 pnl  +1.7463 carry  +0.3371 cost   0.3152 turn 0.0358 cost/turn 8.8123
XIB_PWR2300k_s42       net  +1.0597 pnl  +1.7463 carry  +0.3371 cost   0.3495 turn 0.0358 cost/turn 9.7729
XIB_PWR230k_s2027      net  +1.2077 pnl  +1.7302 carry  +0.3274 cost   0.1951 turn 0.0362 cost/turn 5.3884
XIB_PWR230k_s42        net  +1.2193 pnl  +1.7463 carry  +0.3371 cost   0.1899 turn 0.0358 cost/turn 5.3099
XIB_PWR3220k_s42       net  +0.9914 pnl  +1.7463 carry  +0.3371 cost   0.4178 turn 0.0358 cost/turn 11.6808
XIB_PWR4600k_s42       net  +0.8897 pnl  +1.7463 carry  +0.3371 cost   0.5195 turn 0.0358 cost/turn 14.5261
XIB_PWR460k_s42        net  +1.1999 pnl  +1.7463 carry  +0.3371 cost   0.2093 turn 0.0358 cost/turn 5.8508
XIB_PWR9200k_s42       net  +0.5539 pnl  +1.7463 carry  +0.3371 cost   0.8553 turn 0.0358 cost/turn 23.9143
XIB_PWR920k_s42        net  +1.1639 pnl  +1.7463 carry  +0.3371 cost   0.2453 turn 0.0358 cost/turn 6.8591
XIB_STD_s2027          net  +1.2709 pnl  +1.7302 carry  +0.3274 cost   0.1319 turn 0.0362 cost/turn 3.6424
XIB_STD_s42            net  +1.2810 pnl  +1.7463 carry  +0.3371 cost   0.1282 turn 0.0358 cost/turn 3.5844
XIB_X1_s2027           net  +1.0191 pnl  +1.7302 carry  +0.3274 cost   0.3837 turn 0.0362 cost/turn 10.5961
XIB_X1_s42             net  +1.0350 pnl  +1.7463 carry  +0.3371 cost   0.3742 turn 0.0358 cost/turn 10.4626

=== PORTFOLIOS F23 ===
A0+RS_FIT230k_s2027      n=7908 SR {'A0_FIT230k_s2027': 1.5493, 'RS_FIT230k_s2027': 2.1469} | N_eff 1.948 | SR_opt 2.4662 [1.4227, 3.4894] | SR_eqvol 2.4225 [1.3797, 3.4254]
A0+RS_FIT230k_s42        n=7908 SR {'A0_FIT230k_s42': 1.5254, 'RS_FIT230k_s42': 2.1554} | N_eff 1.918 | SR_opt 2.4214 [1.3834, 3.4504] | SR_eqvol 2.3691 [1.3452, 3.4068]
A0+RS_FITU230k_s2027     n=7908 SR {'A0_FITU230k_s2027': 1.5169, 'RS_FITU230k_s2027': 2.1326} | N_eff 1.948 | SR_opt 2.4389 [1.3955, 3.4633] | SR_eqvol 2.3919 [1.3486, 3.3948]
A0+RS_FITU230k_s42       n=7908 SR {'A0_FITU230k_s42': 1.4934, 'RS_FITU230k_s42': 2.1377} | N_eff 1.918 | SR_opt 2.3924 [1.3491, 3.4177] | SR_eqvol 2.3371 [1.3128, 3.3743]
A0+RS_PWR230k_s2027      n=7908 SR {'A0_PWR230k_s2027': 1.5355, 'RS_PWR230k_s2027': 2.1409} | N_eff 1.948 | SR_opt 2.4546 [1.4112, 3.4783] | SR_eqvol 2.4095 [1.3665, 3.4125]
A0+RS_PWR230k_s42        n=7908 SR {'A0_PWR230k_s42': 1.5118, 'RS_PWR230k_s42': 2.148} | N_eff 1.918 | SR_opt 2.4091 [1.3689, 3.4366] | SR_eqvol 2.3556 [1.3315, 3.3931]
A0+RS_STD_s2027          n=7908 SR {'A0_STD_s2027': 1.6531, 'RS_STD_s2027': 2.1936} | N_eff 1.948 | SR_opt 2.5557 [1.5089, 3.5774] | SR_eqvol 2.5212 [1.4808, 3.5246]
A0+RS_STD_s42            n=7908 SR {'A0_STD_s42': 1.6278, 'RS_STD_s42': 2.2153} | N_eff 1.918 | SR_opt 2.5172 [1.484, 3.5434] | SR_eqvol 2.4736 [1.4511, 3.5121]
A0+RS_X1_s2027           n=7908 SR {'A0_X1_s2027': 1.1879, 'RS_X1_s2027': 1.9857} | N_eff 1.948 | SR_opt 2.1696 [1.1089, 3.188] | SR_eqvol 2.0800 [1.0347, 3.0896]
A0+RS_X1_s42             n=7908 SR {'A0_X1_s42': 1.1687, 'RS_X1_s42': 1.9522} | N_eff 1.918 | SR_opt 2.1027 [1.0618, 3.1396] | SR_eqvol 2.0086 [0.9802, 3.0457]
XIB+RS_FIT230k_s2027     n=7908 SR {'XIB_FIT230k_s2027': 2.3685, 'RS_FIT230k_s2027': 2.1469} | N_eff 1.918 | SR_opt 2.9119 [1.8961, 3.9257] | SR_eqvol 2.9065 [1.8999, 3.9432]
XIB+RS_FIT230k_s42       n=7908 SR {'XIB_FIT230k_s42': 2.4077, 'RS_FIT230k_s42': 2.1554} | N_eff 1.942 | SR_opt 2.9854 [1.9828, 4.0091] | SR_eqvol 2.9790 [1.9629, 3.9921]
XIB+RS_FITU230k_s2027    n=7908 SR {'XIB_FITU230k_s2027': 2.3342, 'RS_FITU230k_s2027': 2.1326} | N_eff 1.918 | SR_opt 2.8797 [1.8611, 3.8929] | SR_eqvol 2.8753 [1.8685, 3.9119]
XIB+RS_FITU230k_s42      n=7908 SR {'XIB_FITU230k_s42': 2.3739, 'RS_FITU230k_s42': 2.1377} | N_eff 1.942 | SR_opt 2.9510 [1.9468, 3.9746] | SR_eqvol 2.9453 [1.9262, 3.9584]
XIB+RS_PWR230k_s2027     n=7908 SR {'XIB_PWR230k_s2027': 2.3538, 'RS_PWR230k_s2027': 2.1409} | N_eff 1.918 | SR_opt 2.8982 [1.8812, 3.9118] | SR_eqvol 2.8932 [1.8866, 3.9299]
XIB+RS_PWR230k_s42       n=7908 SR {'XIB_PWR230k_s42': 2.3933, 'RS_PWR230k_s42': 2.148} | N_eff 1.942 | SR_opt 2.9708 [1.9675, 3.9949] | SR_eqvol 2.9647 [1.9473, 3.9778]
XIB+RS_STD_s2027         n=7908 SR {'XIB_STD_s2027': 2.477, 'RS_STD_s2027': 2.1936} | N_eff 1.918 | SR_opt 3.0149 [1.9987, 4.0309] | SR_eqvol 3.0065 [2.0011, 4.0434]
XIB+RS_STD_s42           n=7908 SR {'XIB_STD_s42': 2.5143, 'RS_STD_s42': 2.2153} | N_eff 1.942 | SR_opt 3.0964 [2.0984, 4.116] | SR_eqvol 3.0876 [2.073, 4.1013]
XIB+RS_X1_s2027          n=7908 SR {'XIB_X1_s2027': 1.9865, 'RS_X1_s2027': 1.9857} | N_eff 1.918 | SR_opt 2.5569 [1.5469, 3.5927] | SR_eqvol 2.5569 [1.547, 3.5926]
XIB+RS_X1_s42            n=7908 SR {'XIB_X1_s42': 2.0318, 'RS_X1_s42': 1.9522} | N_eff 1.942 | SR_opt 2.6016 [1.5857, 3.625] | SR_eqvol 2.6008 [1.5771, 3.6206]

=== CAPACITY ===
{
 "FIT_A0": {
  "230000": {
   "n": 9018,
   "SR": 1.4277,
   "g": 0.6952
  },
  "345000": {
   "n": 9018,
   "SR": 1.4118,
   "g": 0.6875
  },
  "460000": {
   "n": 9018,
   "SR": 1.3968,
   "g": 0.6801
  },
  "690000": {
   "n": 9018,
   "SR": 1.3682,
   "g": 0.6662
  },
  "920000": {
   "n": 9018,
   "SR": 1.3408,
   "g": 0.6528
  },
  "1380000": {
   "n": 9018,
   "SR": 1.2867,
   "g": 0.6265
  },
  "2300000": {
   "n": 9018,
   "SR": 1.1784,
   "g": 0.5737
  },
  "4600000": {
   "n": 9018,
   "SR": 0.9005,
   "g": 0.4384
  },
  "9200000": {
   "n": 9018,
   "SR": 0.3284,
   "g": 0.1599
  },
  "23000000": {
   "n": 9018,
   "SR": -1.1445,
   "g": -0.5572
  }
 },
 "FIT_XIB": {
  "230000": {
   "n": 9018,
   "SR": 2.2382,
   "g": 1.1054
  },
  "460000": {
   "n": 9018,
   "SR": 2.2047,
   "g": 1.0889
  },
  "920000": {
   "n": 9018,
   "SR": 2.144,
   "g": 1.0589
  },
  "2300000": {
   "n": 9018,
   "SR": 1.9685,
   "g": 0.9721
  },
  "4600000": {
   "n": 9018,
   "SR": 1.6683,
   "g": 0.8237
  }
 },
 "FIT_RS": {
  "230000": {
   "n": 7908,
   "SR": 2.1554,
   "g": 1.1465
  },
  "460000": {
   "n": 7908,
   "SR": 2.1378,
   "g": 1.1371
  },
  "920000": {
   "n": 7908,
   "SR": 2.1054,
   "g": 1.1199
  },
  "2300000": {
   "n": 7908,
   "SR": 2.0106,
   "g": 1.0694
  },
  "4600000": {
   "n": 7908,
   "SR": 1.8471,
   "g": 0.9824
  }
 },
 "PWR_A0": {
  "230000": {
   "n": 9018,
   "SR": 1.415,
   "g": 0.689
  },
  "345000": {
   "n": 9018,
   "SR": 1.3982,
   "g": 0.6808
  },
  "460000": {
   "n": 9018,
   "SR": 1.382,
   "g": 0.673
  },
  "690000": {
   "n": 9018,
   "SR": 1.3508,
   "g": 0.6577
  },
  "920000": {
   "n": 9018,
   "SR": 1.3203,
   "g": 0.6429
  },
  "1380000": {
   "n": 9018,
   "SR": 1.2599,
   "g": 0.6135
  },
  "1840000": {
   "n": 9018,
   "SR": 1.2002,
   "g": 0.5844
  },
  "2300000": {
   "n": 9018,
   "SR": 1.1411,
   "g": 0.5556
  },
  "2760000": {
   "n": 9018,
   "SR": 1.0824,
   "g": 0.527
  },
  "3220000": {
   "n": 9018,
   "SR": 1.0235,
   "g": 0.4983
  },
  "3680000": {
   "n": 9018,
   "SR": 0.9647,
   "g": 0.4696
  },
  "4140000": {
   "n": 9018,
   "SR": 0.9062,
   "g": 0.4412
  },
  "4600000": {
   "n": 9018,
   "SR": 0.8481,
   "g": 0.4129
  },
  "9200000": {
   "n": 9018,
   "SR": 0.2695,
   "g": 0.1312
  }
 },
 "PWR_XIB": {
  "230000": {
   "n": 9018,
   "SR": 2.2245,
   "g": 1.0987
  },
  "460000": {
   "n": 9018,
   "SR": 2.1888,
   "g": 1.081
  },
  "920000": {
   "n": 9018,
   "SR": 2.1221,
   "g": 1.048
  },
  "1840000": {
   "n": 9018,
   "SR": 1.9924,
   "g": 0.9839
  },
  "2300000": {
   "n": 9018,
   "SR": 1.9285,
   "g": 0.9523
  },
  "3220000": {
   "n": 9018,
   "SR": 1.8015,
   "g": 0.8896
  },
  "4600000": {
   "n": 9018,
   "SR": 1.6121,
   "g": 0.796
  },
  "9200000": {
   "n": 9018,
   "SR": 0.9872,
   "g": 0.4873
  }
 },
 "PWR_RS": {
  "230000": {
   "n": 7908,
   "SR": 2.148,
   "g": 1.1425
  },
  "460000": {
   "n": 7908,
   "SR": 2.1289,
   "g": 1.1323
  },
  "920000": {
   "n": 7908,
   "SR": 2.0928,
   "g": 1.1131
  },
  "1840000": {
   "n": 7908,
   "SR": 2.0221,
   "g": 1.0755
  },
  "2300000": {
   "n": 7908,
   "SR": 1.9872,
   "g": 1.0569
  },
  "3220000": {
   "n": 7908,
   "SR": 1.9177,
   "g": 1.02
  },
  "4600000": {
   "n": 7908,
   "SR": 1.8139,
   "g": 0.9648
  },
  "9200000": {
   "n": 7908,
   "SR": 1.472,
   "g": 0.7829
  }
 },
 "XIB+RS_F23": {
  "FIT_230000": {
   "SR_opt": 2.9854,
   "SR_equalvol": 2.979,
   "CI": [
    1.9828,
    4.0091
   ]
  },
  "FIT_460000": {
   "SR_opt": 2.9497,
   "SR_equalvol": 2.9441,
   "CI": [
    1.9452,
    3.9731
   ]
  },
  "FIT_920000": {
   "SR_opt": 2.8851,
   "SR_equalvol": 2.8809,
   "CI": [
    1.8789,
    3.9064
   ]
  },
  "FIT_2300000": {
   "SR_opt": 2.6989,
   "SR_equalvol": 2.6975,
   "CI": [
    1.6882,
    3.7211
   ]
  },
  "FIT_4600000": {
   "SR_opt": 2.3839,
   "SR_equalvol": 2.3837,
   "CI": [
    1.3684,
    3.4003
   ]
  },
  "PWR_230000": {
   "SR_opt": 2.9708,
   "SR_equalvol": 2.9647,
   "CI": [
    1.9675,
    3.9949
   ]
  },
  "PWR_460000": {
   "SR_opt": 2.9327,
   "SR_equalvol": 2.9275,
   "CI": [
    1.9277,
    3.9557
   ]
  },
  "PWR_920000": {
   "SR_opt": 2.8616,
   "SR_equalvol": 2.8577,
   "CI": [
    1.8549,
    3.8825
   ]
  },
  "PWR_1840000": {
   "SR_opt": 2.7239,
   "SR_equalvol": 2.7221,
   "CI": [
    1.7138,
    3.7464
   ]
  },
  "PWR_2300000": {
   "SR_opt": 2.6563,
   "SR_equalvol": 2.6553,
   "CI": [
    1.644,
    3.6784
   ]
  },
  "PWR_3220000": {
   "SR_opt": 2.5227,
   "SR_equalvol": 2.5226,
   "CI": [
    1.5014,
    3.5439
   ]
  },
  "PWR_4600000": {
   "SR_opt": 2.3251,
   "SR_equalvol": 2.3245,
   "CI": [
    1.3088,
    3.3431
   ]
  },
  "PWR_9200000": {
   "SR_opt": 1.6975,
   "SR_equalvol": 1.671,
   "CI": [
    0.6618,
    2.7523
   ]
  }
 }
}
