RUN GP_A0_s42 0 26.2 s
RUN F_s42 0 27.0 s
RUN S_s42 0 27.1 s
RUN F05_s42 0 27.4 s
RUN F20_s42 0 27.9 s
RUN D_A0I_s42 0 31.7 s
RUN D_FI_s42 0 32.0 s
RUN D_SI_s42 0 31.5 s
RUN SB_s42 0 34.1 s
RUN GP_A0_s2027 0 25.6 s
RUN F_s2027 0 26.3 s
RUN S_s2027 0 26.1 s
RUN F05_s2027 0 26.4 s
RUN F20_s2027 0 26.4 s
RUN D_A0I_s2027 0 30.2 s
RUN D_FI_s2027 0 31.3 s
RUN D_SI_s2027 0 30.7 s
RUN SB_s2027 0 33.0 s
{
 "P1": {
  "A0_s42_vs_archived": {
   "rec": {
    "bitwise": true,
    "shape": [
     10039,
     23
    ],
    "maxabs": 0.0
   },
   "W": {
    "bitwise": true,
    "shape": [
     10039,
     829
    ],
    "maxabs": 0.0
   }
  },
  "A0_s2027_vs_archived": {
   "rec": {
    "bitwise": true,
    "shape": [
     10039,
     23
    ],
    "maxabs": 0.0
   },
   "W": {
    "bitwise": true,
    "shape": [
     10039,
     829
    ],
    "maxabs": 0.0
   }
  },
  "PASS": true
 },
 "P2": {
  "D_A0I_vs_GP_A0_s42": {
   "rec": {
    "bitwise": true,
    "shape": [
     10039,
     23
    ],
    "maxabs": 0.0
   },
   "W": {
    "bitwise": true,
    "shape": [
     10039,
     829
    ],
    "maxabs": 0.0
   }
  },
  "D_A0I_vs_GP_A0_s2027": {
   "rec": {
    "bitwise": true,
    "shape": [
     10039,
     23
    ],
    "maxabs": 0.0
   },
   "W": {
    "bitwise": true,
    "shape": [
     10039,
     829
    ],
    "maxabs": 0.0
   }
  },
  "PASS": true
 },
 "P3": {
  "D_FI_vs_F_s42": {
   "rec": {
    "bitwise": true,
    "shape": [
     10039,
     23
    ],
    "maxabs": 0.0
   },
   "W": {
    "bitwise": true,
    "shape": [
     10039,
     829
    ],
    "maxabs": 0.0
   }
  },
  "D_SI_vs_S_s42": {
   "rec": {
    "bitwise": true,
    "shape": [
     10039,
     23
    ],
    "maxabs": 0.0
   },
   "W": {
    "bitwise": true,
    "shape": [
     10039,
     829
    ],
    "maxabs": 0.0
   }
  },
  "D_FI_vs_F_s2027": {
   "rec": {
    "bitwise": true,
    "shape": [
     10039,
     23
    ],
    "maxabs": 0.0
   },
   "W": {
    "bitwise": true,
    "shape": [
     10039,
     829
    ],
    "maxabs": 0.0
   }
  },
  "D_SI_vs_S_s2027": {
   "rec": {
    "bitwise": true,
    "shape": [
     10039,
     23
    ],
    "maxabs": 0.0
   },
   "W": {
    "bitwise": true,
    "shape": [
     10039,
     829
    ],
    "maxabs": 0.0
   }
  },
  "PASS": true
 }
}
GPU 0 %, 2 MiB -> 0 %, 2 MiB | PIDs 333197 Tl; 339489 Tl -> 333197 Tl; 339489 Tl | load ['3.06', '3.93', '2.60'] -> ['6.10', '4.75', '2.98']
DONE_r15_drive 69.4 s
