A0 {'42': {'g': 0.6342, 'sh': 1.2912, 'tau': 0.054027, 'maxDD': 0.4642, 'halt': 6}, '2027': {'g': 0.6579, 'sh': 1.3299, 'tau': 0.0553976, 'maxDD': 0.4689, 'halt': 7}}
LEG_VS_BOOK_CARRY {"book_carry_ex_pug_A0": 0.4796605171480364, "leg_rankbook_carry_pug_king": 0.45500935076319426, "ratio_leg_over_book_king": 0.9486070553994876, "leg_price_LR_mean_king": 1.1803269438462827, "leg_price_LR_sharpe_king": 2.4868044754377503, "leg_net_LR_mean_king": 0.7253175930830884, "leg_net_LR_sharpe_king": 1.5291555687545935, "leg_rankbook_carry_pug_rev24": 0.2265513120910527, "ratio_leg_over_book_rev24": 0.47231594845054287, "leg_price_LR_mean_rev24": 0.832300214335164, "leg_price_LR_sharpe_rev24": 1.2887687869208102, "leg_net_LR_mean_rev24": 0.6057489022441112, "leg_net_LR_sharpe_rev24": 0.9374499423492203, "leg_rankbook_carry_pug_fund": 1.2485534076705875, "ratio_leg_over_book_fund": 2.6029939155597615, "leg_price_LR_mean_fund": 1.0205946095047016, "leg_price_LR_sharpe_fund": 2.186316204835761, "leg_net_LR_mean_fund": -0.22795879816588585, "leg_net_LR_sharpe_fund": -0.488994405030836, "fund_rankbook_carry_king_live": 1.4819334001331823, "book_carry_ex_pug_A0_king_live": 0.5354337395498643}

== F s42  WA: dg +0.0179 CI95 [-0.0706,+0.1079] CI99K [-0.0985,+0.1308] | dpnl -0.1847 dcarry -0.2404 dcost +0.0378 | tau 0.06708 vs 0.05403 (+24.15%) | Sh 1.319 vs 1.291
   KL: dg -0.0205 CI95 [-0.1369,+0.0969] CI99K [-0.1795,+0.1397] | dpnl -0.2781 dcarry -0.3053 dcost +0.0477 | tau +23.03% | Sh 2.094 vs 2.151
   lambda: {'1.0000': 0.0179, '0.8096': 0.0251, '0.2545': 0.0461} sign stable True | by year dg: {2022: 0.136, 2023: 0.06, 2024: 0.015, 2025: 0.065, 2026: -0.202}
   TAIL WT: maxDD 0.4089 vs 0.4642 | worst 20220607 -0.1105 vs 20220607 -0.1117 | halt 5 vs 6 | alert 24 vs 24
   REGIME: Sh>3 2->2 ; Sh_lo>3 0->0 ; cells dg CI95 excl 0: 3 / 34
   NULLS: {"dg_arm": 0.017923336888291123, "relab_dg": [-0.02322393916856357, -0.04751064947566739, -0.014220892889606178], "relab_max": -0.014220892889606178, "relab_mean": -0.02831849384461238, "relab_sd": 0.017219693345127827, "beats_all_relab": true, "rank_of_arm_among_relab": 1, "z_vs_relab": 2.685403845823262, "all_relab_matched": true, "shift_dg": [-0.12217924163380581, -0.0891555004566548, 0.008298451878742714], "shift_matched": [true, true, true]}
   VERDICT UNDECIDED {'ci99K_lo_gt0': False, 'ci99K_hi_lt0': False, 'dg_ge_res': False, 'dtau_le_15': False, 'dtau_gt_25': False, 'maxDD_ok': True, 'halt_ok': True, 'lambda_sign_stable': True, 'beats_relab': True}

== F s2027  WA: dg +0.0193 CI95 [-0.0664,+0.1033] CI99K [-0.0946,+0.1316] | dpnl -0.1793 dcarry -0.2353 dcost +0.0367 | tau 0.06815 vs 0.05540 (+23.02%) | Sh 1.360 vs 1.330
   KL: dg -0.0219 CI95 [-0.1331,+0.0913] CI99K [-0.1628,+0.1233] | dpnl -0.2738 dcarry -0.2979 dcost +0.0460 | tau +21.66% | Sh 2.115 vs 2.175
   lambda: {'1.0000': 0.0193, '0.8096': 0.0263, '0.2545': 0.0467} sign stable True | by year dg: {2022: 0.136, 2023: 0.07, 2024: 0.016, 2025: 0.047, 2026: -0.184}
   TAIL WT: maxDD 0.4101 vs 0.4689 | worst 20220607 -0.1105 vs 20220607 -0.1117 | halt 6 vs 7 | alert 24 vs 27
   REGIME: Sh>3 2->2 ; Sh_lo>3 0->0 ; cells dg CI95 excl 0: 1 / 34
   NULLS: {"dg_arm": 0.01928395931042714, "relab_dg": [-0.010303454104432836, -0.03841173181662388, -0.005820018601290793], "relab_max": -0.005820018601290793, "relab_mean": -0.018178401507449166, "relab_sd": 0.017665391023915508, "beats_all_relab": true, "rank_of_arm_among_relab": 1, "z_vs_relab": 2.120664114774451, "all_relab_matched": true, "shift_dg": [-0.10703711033300574, -0.0949425494463863, 0.0025266393205790327], "shift_matched": [true, true, true]}
   VERDICT UNDECIDED {'ci99K_lo_gt0': False, 'ci99K_hi_lt0': False, 'dg_ge_res': False, 'dtau_le_15': False, 'dtau_gt_25': False, 'maxDD_ok': True, 'halt_ok': True, 'lambda_sign_stable': True, 'beats_relab': True}

== S s42  WA: dg -0.0928 CI95 [-0.3592,+0.1723] CI99K [-0.4488,+0.2703] | dpnl -0.1794 dcarry -0.1293 dcost +0.0426 | tau 0.06860 vs 0.05403 (+26.98%) | Sh 1.095 vs 1.291
   KL: dg -0.1959 CI95 [-0.6428,+0.2395] CI99K [-0.8036,+0.3773] | dpnl -0.3479 dcarry -0.2035 dcost +0.0515 | tau +24.14% | Sh 1.785 vs 2.151
   lambda: {'1.0000': -0.0928, '0.8096': -0.0846, '0.2545': -0.061} sign stable True | by year dg: {2022: 0.0, 2023: 0.135, 2024: 0.335, 2025: -0.54, 2026: -0.479}
   TAIL WT: maxDD 0.3400 vs 0.4642 | worst 20220607 -0.1117 vs 20220607 -0.1117 | halt 7 vs 6 | alert 25 vs 24
   REGIME: Sh>3 2->2 ; Sh_lo>3 0->0 ; cells dg CI95 excl 0: 3 / 34
   NULLS: {"dg_arm": -0.09276138811667797, "relab_dg": [0.1269763887264788, -0.04026393121124997, -0.05773658879683451], "relab_max": 0.1269763887264788, "relab_mean": 0.009658622906131438, "relab_sd": 0.10197508065004983, "beats_all_relab": false, "rank_of_arm_among_relab": 4, "z_vs_relab": -1.0043631284223884, "all_relab_matched": false, "shift_dg": [-0.11136647128851619, -0.4618824102944994, -0.09959149511498637], "shift_matched": [true, true, false]}
   SEAT: w3_king 0.664 vs 0.462 (KL 0.775 vs 0.624) P(>=.85) 0.413 vs 0.234 | sigf: {'T1 lowest': (0.113, [-0.232, 0.46]), 'T2': (0.203, [-0.29, 0.662]), 'T3 highest': (-0.594, [-1.216, -0.026])}
   VERDICT REJECT {'ci99K_lo_gt0': False, 'ci99K_hi_lt0': False, 'dg_ge_res': False, 'dtau_le_15': False, 'dtau_gt_25': True, 'maxDD_ok': True, 'halt_ok': False, 'lambda_sign_stable': True, 'beats_relab': False}

== S s2027  WA: dg -0.0894 CI95 [-0.3573,+0.1711] CI99K [-0.4457,+0.2563] | dpnl -0.1739 dcarry -0.1290 dcost +0.0445 | tau 0.07054 vs 0.05540 (+27.34%) | Sh 1.146 vs 1.330
   KL: dg -0.1840 CI95 [-0.6333,+0.2539] CI99K [-0.7764,+0.3747] | dpnl -0.3322 dcarry -0.2036 dcost +0.0554 | tau +25.07% | Sh 1.841 vs 2.175
   lambda: {'1.0000': -0.0894, '0.8096': -0.0809, '0.2545': -0.0563} sign stable True | by year dg: {2022: 0.0, 2023: 0.118, 2024: 0.311, 2025: -0.477, 2026: -0.491}
   TAIL WT: maxDD 0.3555 vs 0.4689 | worst 20220607 -0.1117 vs 20220607 -0.1117 | halt 9 vs 7 | alert 22 vs 27
   REGIME: Sh>3 2->2 ; Sh_lo>3 0->0 ; cells dg CI95 excl 0: 1 / 34
   NULLS: {"dg_arm": -0.08939158469247246, "relab_dg": [0.12385692352824383, -0.04549389492900915, -0.05066538994724164], "relab_max": 0.12385692352824383, "relab_mean": 0.009232546217331017, "relab_sd": 0.0993012940279067, "beats_all_relab": false, "rank_of_arm_among_relab": 4, "z_vs_relab": -0.9931807221171467, "all_relab_matched": false, "shift_dg": [-0.10459066223030619, -0.43734203779664377, -0.09539669420384982], "shift_matched": [true, true, false]}
   SEAT: w3_king 0.664 vs 0.462 (KL 0.775 vs 0.624) P(>=.85) 0.413 vs 0.234 | sigf: {'T1 lowest': (0.087, [-0.266, 0.444]), 'T2': (0.203, [-0.306, 0.678]), 'T3 highest': (-0.558, [-1.154, 0.015])}
   VERDICT REJECT {'ci99K_lo_gt0': False, 'ci99K_hi_lt0': False, 'dg_ge_res': False, 'dtau_le_15': False, 'dtau_gt_25': True, 'maxDD_ok': True, 'halt_ok': False, 'lambda_sign_stable': True, 'beats_relab': False}

== SB s42  WA: dg +0.0840 CI95 [-0.1151,+0.2905] CI99K [-0.1827,+0.3442] | dpnl +0.1010 dcarry +0.0206 dcost -0.0037 | tau 0.05323 vs 0.05403 (-1.47%) | Sh 1.371 vs 1.291
   KL: dg +0.0839 CI95 [-0.2050,+0.3994] CI99K [-0.3018,+0.4905] | dpnl +0.0933 dcarry +0.0312 dcost -0.0218 | tau -10.26% | Sh 2.128 vs 2.151
   lambda: {'1.0000': 0.084, '0.8096': 0.0833, '0.2545': 0.0813} sign stable True | by year dg: {2022: 0.0, 2023: 0.127, 2024: 0.069, 2025: -0.183, 2026: 0.51}
   TAIL WT: maxDD 0.3993 vs 0.4642 | worst 20220607 -0.1117 vs 20220607 -0.1117 | halt 9 vs 6 | alert 29 vs 24
   REGIME: Sh>3 2->2 ; Sh_lo>3 0->0 ; cells dg CI95 excl 0: 2 / 34
   SEAT: w3_king 0.460 vs 0.462 (KL 0.493 vs 0.624) P(>=.85) 0.240 vs 0.234 | sigf: {'T1 lowest': (-0.012, [-0.233, 0.208]), 'T2': (-0.003, [-0.391, 0.368]), 'T3 highest': (0.267, [-0.132, 0.674])}
   VERDICT UNDECIDED {'ci99K_lo_gt0': False, 'ci99K_hi_lt0': False, 'dg_ge_res': False, 'dtau_le_15': True, 'dtau_gt_25': False, 'maxDD_ok': True, 'halt_ok': False, 'lambda_sign_stable': True, 'beats_relab': None}

== SB s2027  WA: dg +0.1003 CI95 [-0.1006,+0.3043] CI99K [-0.1669,+0.3545] | dpnl +0.1146 dcarry +0.0197 dcost -0.0054 | tau 0.05402 vs 0.05540 (-2.49%) | Sh 1.440 vs 1.330
   KL: dg +0.1076 CI95 [-0.1918,+0.4279] CI99K [-0.2789,+0.5197] | dpnl +0.1132 dcarry +0.0290 dcost -0.0234 | tau -10.67% | Sh 2.194 vs 2.175
   lambda: {'1.0000': 0.1003, '0.8096': 0.0993, '0.2545': 0.0963} sign stable True | by year dg: {2022: 0.0, 2023: 0.132, 2024: 0.106, 2025: -0.159, 2026: 0.513}
   TAIL WT: maxDD 0.4004 vs 0.4689 | worst 20220607 -0.1117 vs 20220607 -0.1117 | halt 9 vs 7 | alert 28 vs 27
   REGIME: Sh>3 2->2 ; Sh_lo>3 0->0 ; cells dg CI95 excl 0: 3 / 34
   SEAT: w3_king 0.460 vs 0.462 (KL 0.493 vs 0.624) P(>=.85) 0.240 vs 0.234 | sigf: {'T1 lowest': (-0.017, [-0.245, 0.21]), 'T2': (0.019, [-0.369, 0.397]), 'T3 highest': (0.299, [-0.096, 0.691])}
   VERDICT UNDECIDED {'ci99K_lo_gt0': False, 'ci99K_hi_lt0': False, 'dg_ge_res': False, 'dtau_le_15': True, 'dtau_gt_25': False, 'maxDD_ok': True, 'halt_ok': False, 'lambda_sign_stable': True, 'beats_relab': None}

== F05 s42  WA: dg +0.0484 CI95 [-0.0672,+0.1651] CI99K [-0.1040,+0.1936] | dpnl -0.2049 dcarry -0.3284 dcost +0.0752 | tau 0.07911 vs 0.05403 (+46.42%) | Sh 1.363 vs 1.291
   KL: dg +0.0040 CI95 [-0.1405,+0.1614] CI99K [-0.1918,+0.1989] | dpnl -0.3110 dcarry -0.4065 dcost +0.0915 | tau +42.41% | Sh 2.105 vs 2.151
   lambda: {'1.0000': 0.0484, '0.8096': 0.0627, '0.2545': 0.1044} sign stable True | by year dg: {2022: 0.139, 2023: 0.12, 2024: 0.024, 2025: 0.023, 2026: -0.055}
   TAIL WT: maxDD 0.3848 vs 0.4642 | worst 20220607 -0.1215 vs 20220607 -0.1117 | halt 6 vs 6 | alert 28 vs 24
   REGIME: Sh>3 2->2 ; Sh_lo>3 0->0 ; cells dg CI95 excl 0: 1 / 34
   VERDICT REJECT {'ci99K_lo_gt0': False, 'ci99K_hi_lt0': False, 'dg_ge_res': False, 'dtau_le_15': False, 'dtau_gt_25': True, 'maxDD_ok': True, 'halt_ok': True, 'lambda_sign_stable': True, 'beats_relab': None}

== F05 s2027  WA: dg +0.0536 CI95 [-0.0535,+0.1702] CI99K [-0.0959,+0.1906] | dpnl -0.1963 dcarry -0.3233 dcost +0.0733 | tau 0.07998 vs 0.05540 (+44.38%) | Sh 1.412 vs 1.330
   KL: dg +0.0169 CI95 [-0.1249,+0.1662] CI99K [-0.1646,+0.2103] | dpnl -0.2937 dcarry -0.3992 dcost +0.0886 | tau +39.97% | Sh 2.152 vs 2.175
   lambda: {'1.0000': 0.0536, '0.8096': 0.0676, '0.2545': 0.1083} sign stable True | by year dg: {2022: 0.139, 2023: 0.108, 2024: 0.038, 2025: 0.043, 2026: -0.054}
   TAIL WT: maxDD 0.3930 vs 0.4689 | worst 20220607 -0.1215 vs 20220607 -0.1117 | halt 7 vs 7 | alert 26 vs 27
   REGIME: Sh>3 2->2 ; Sh_lo>3 0->0 ; cells dg CI95 excl 0: 0 / 34
   VERDICT REJECT {'ci99K_lo_gt0': False, 'ci99K_hi_lt0': False, 'dg_ge_res': False, 'dtau_le_15': False, 'dtau_gt_25': True, 'maxDD_ok': True, 'halt_ok': True, 'lambda_sign_stable': True, 'beats_relab': None}

== F20 s42  WA: dg -0.0525 CI95 [-0.1334,+0.0316] CI99K [-0.1648,+0.0563] | dpnl -0.1754 dcarry -0.1400 dcost +0.0171 | tau 0.06021 vs 0.05403 (+11.45%) | Sh 1.185 vs 1.291
   KL: dg -0.0934 CI95 [-0.2020,+0.0201] CI99K [-0.2292,+0.0502] | dpnl -0.2536 dcarry -0.1835 dcost +0.0233 | tau +11.79% | Sh 1.985 vs 2.151
   lambda: {'1.0000': -0.0525, '0.8096': -0.0493, '0.2545': -0.0398} sign stable True | by year dg: {2022: 0.108, 2023: -0.025, 2024: 0.029, 2025: -0.033, 2026: -0.37}
   TAIL WT: maxDD 0.4522 vs 0.4642 | worst 20220607 -0.1154 vs 20220607 -0.1117 | halt 5 vs 6 | alert 24 vs 24
   REGIME: Sh>3 2->2 ; Sh_lo>3 0->0 ; cells dg CI95 excl 0: 1 / 34
   VERDICT UNDECIDED {'ci99K_lo_gt0': False, 'ci99K_hi_lt0': False, 'dg_ge_res': False, 'dtau_le_15': True, 'dtau_gt_25': False, 'maxDD_ok': True, 'halt_ok': True, 'lambda_sign_stable': True, 'beats_relab': None}

== F20 s2027  WA: dg -0.0411 CI95 [-0.1175,+0.0379] CI99K [-0.1455,+0.0605] | dpnl -0.1608 dcarry -0.1363 dcost +0.0166 | tau 0.06144 vs 0.05540 (+10.90%) | Sh 1.249 vs 1.330
   KL: dg -0.0769 CI95 [-0.1805,+0.0302] CI99K [-0.2072,+0.0585] | dpnl -0.2325 dcarry -0.1781 dcost +0.0225 | tau +11.11% | Sh 2.041 vs 2.175
   lambda: {'1.0000': -0.0411, '0.8096': -0.0379, '0.2545': -0.0287} sign stable True | by year dg: {2022: 0.108, 2023: -0.022, 2024: 0.037, 2025: -0.035, 2026: -0.313}
   TAIL WT: maxDD 0.4554 vs 0.4689 | worst 20220607 -0.1154 vs 20220607 -0.1117 | halt 8 vs 7 | alert 26 vs 27
   REGIME: Sh>3 2->2 ; Sh_lo>3 0->0 ; cells dg CI95 excl 0: 1 / 34
   VERDICT UNDECIDED {'ci99K_lo_gt0': False, 'ci99K_hi_lt0': False, 'dg_ge_res': False, 'dtau_le_15': True, 'dtau_gt_25': False, 'maxDD_ok': True, 'halt_ok': False, 'lambda_sign_stable': True, 'beats_relab': None}
DONE_r15_judge
