NULL F s42 RELAB1    dose -0.000205 dtau +0.012970 (tgt +0.013049 rel -0.0061) MATCHED steps 10 dg -0.0232 (arm +0.0179)  fire 47323/39628
NULL F s42 RELAB2    dose -0.000234 dtau +0.012926 (tgt +0.013049 rel -0.0094) MATCHED steps  7 dg -0.0475 (arm +0.0179)  fire 44930/39628
NULL F s42 RELAB3    dose -0.000220 dtau +0.013042 (tgt +0.013049 rel -0.0005) MATCHED steps 11 dg -0.0142 (arm +0.0179)  fire 46276/39628
NULL F s42 SHIFT101  dose -0.001328 dtau +0.013145 (tgt +0.013049 rel +0.0074) MATCHED steps  7 dg -0.1222 (arm +0.0179)  fire 34569/39628
NULL F s42 SHIFT503  dose -0.000801 dtau +0.013047 (tgt +0.013049 rel -0.0002) MATCHED steps  9 dg -0.0892 (arm +0.0179)  fire 35380/39628
NULL F s42 SHIFT1009 dose -0.000625 dtau +0.013056 (tgt +0.013049 rel +0.0006) MATCHED steps  4 dg +0.0083 (arm +0.0179)  fire 33324/39628
NULL F s2027 RELAB1    dose -0.000215 dtau +0.012676 (tgt +0.012751 rel -0.0059) MATCHED steps  9 dg -0.0103 (arm +0.0193)  fire 46720/39171
NULL F s2027 RELAB2    dose -0.000234 dtau +0.012685 (tgt +0.012751 rel -0.0052) MATCHED steps  7 dg -0.0384 (arm +0.0193)  fire 45013/39171
NULL F s2027 RELAB3    dose -0.000225 dtau +0.012837 (tgt +0.012751 rel +0.0068) MATCHED steps 10 dg -0.0058 (arm +0.0193)  fire 46146/39171
NULL F s2027 SHIFT101  dose -0.001367 dtau +0.012874 (tgt +0.012751 rel +0.0097) MATCHED steps  8 dg -0.1070 (arm +0.0193)  fire 33911/39171
NULL F s2027 SHIFT503  dose -0.000811 dtau +0.012744 (tgt +0.012751 rel -0.0005) MATCHED steps 10 dg -0.0949 (arm +0.0193)  fire 34944/39171
NULL F s2027 SHIFT1009 dose -0.000635 dtau +0.012720 (tgt +0.012751 rel -0.0025) MATCHED steps 10 dg +0.0025 (arm +0.0193)  fire 32634/39171
NULL S s42 RELAB1    dose 7.999023 dtau +0.005136 (tgt +0.014578 rel -0.6477) UNMATCHED steps 13 dg +0.1270 (arm -0.0928)  |dw3k| 0.1038 (arm 0.2265)
NULL S s42 RELAB2    dose 4.000000 dtau -0.001656 (tgt +0.014578 rel -1.1136) UNMATCHED steps 13 dg -0.0403 (arm -0.0928)  |dw3k| 0.0435 (arm 0.2265)
NULL S s42 RELAB3    dose 7.999023 dtau +0.005503 (tgt +0.014578 rel -0.6225) UNMATCHED steps 13 dg -0.0577 (arm -0.0928)  |dw3k| 0.0647 (arm 0.2265)
NULL S s42 SHIFT101  dose 1.062500 dtau +0.014532 (tgt +0.014578 rel -0.0031) MATCHED steps  7 dg -0.1114 (arm -0.0928)  |dw3k| 0.1909 (arm 0.2265)
NULL S s42 SHIFT503  dose 7.000000 dtau +0.014542 (tgt +0.014578 rel -0.0024) MATCHED steps  3 dg -0.4619 (arm -0.0928)  |dw3k| 0.2937 (arm 0.2265)
NULL S s42 SHIFT1009 dose 7.999023 dtau +0.010427 (tgt +0.014578 rel -0.2847) UNMATCHED steps 13 dg -0.0996 (arm -0.0928)  |dw3k| 0.2183 (arm 0.2265)
NULL S s2027 RELAB1    dose 7.999023 dtau +0.005460 (tgt +0.015145 rel -0.6395) UNMATCHED steps 13 dg +0.1239 (arm -0.0894)  |dw3k| 0.1038 (arm 0.2265)
NULL S s2027 RELAB2    dose 4.000000 dtau -0.001807 (tgt +0.015145 rel -1.1193) UNMATCHED steps 13 dg -0.0455 (arm -0.0894)  |dw3k| 0.0435 (arm 0.2265)
NULL S s2027 RELAB3    dose 7.999023 dtau +0.005844 (tgt +0.015145 rel -0.6142) UNMATCHED steps 13 dg -0.0507 (arm -0.0894)  |dw3k| 0.0647 (arm 0.2265)
NULL S s2027 SHIFT101  dose 1.046875 dtau +0.015145 (tgt +0.015145 rel -0.0000) MATCHED steps  9 dg -0.1046 (arm -0.0894)  |dw3k| 0.1883 (arm 0.2265)
NULL S s2027 SHIFT503  dose 6.500000 dtau +0.015207 (tgt +0.015145 rel +0.0041) MATCHED steps  4 dg -0.4373 (arm -0.0894)  |dw3k| 0.2897 (arm 0.2265)
NULL S s2027 SHIFT1009 dose 7.999023 dtau +0.011636 (tgt +0.015145 rel -0.2317) UNMATCHED steps 13 dg -0.0954 (arm -0.0894)  |dw3k| 0.2183 (arm 0.2265)
DONE_r15_nulls 215.5 s
