
== D_A0I_s42 parity gross 7.72e-09 carry_ex 9.42e-08
  [W_ALPHA n=9138] kills/anchor 0.000 | book carry_ex/gt 0.4797
     both_chains  flagged/anchor   5.07  leaked/anchor   3.83  frac_neg   75.5%  leaked gross 1.189% (p90 3.286% max 22.157%)  carry paid 0.2238 bps
     either_chain flagged/anchor   5.86  leaked/anchor   4.28  frac_neg   73.0%  leaked gross 1.301% (p90 3.402% max 22.157%)  carry paid 0.2437 bps
     deep_short   flagged/anchor   6.02  leaked/anchor   4.31  frac_neg   71.6%  leaked gross 1.307% (p90 3.420% max 22.157%)  carry paid 0.2448 bps
  [KING_LIVE n=5838] kills/anchor 0.000 | book carry_ex/gt 0.5354
     both_chains  flagged/anchor   6.89  leaked/anchor   5.14  frac_neg   74.6%  leaked gross 1.411% (p90 3.777% max 16.273%)  carry paid 0.2778 bps
     either_chain flagged/anchor   8.10  leaked/anchor   5.83  frac_neg   72.0%  leaked gross 1.581% (p90 3.888% max 20.924%)  carry paid 0.3085 bps
     deep_short   flagged/anchor   8.37  leaked/anchor   5.89  frac_neg   70.4%  leaked gross 1.591% (p90 3.899% max 21.683%)  carry paid 0.3102 bps
  [Y2026 n=1452] kills/anchor 0.000 | book carry_ex/gt 1.0407
     both_chains  flagged/anchor  13.67  leaked/anchor   9.95  frac_neg   72.8%  leaked gross 2.549% (p90 4.515% max 9.580%)  carry paid 0.5183 bps
     either_chain flagged/anchor  13.89  leaked/anchor  10.06  frac_neg   72.4%  leaked gross 2.577% (p90 4.563% max 9.580%)  carry paid 0.5220 bps
     deep_short   flagged/anchor  14.00  leaked/anchor  10.06  frac_neg   71.9%  leaked gross 2.577% (p90 4.563% max 9.580%)  carry paid 0.5220 bps

== D_FI_s42 parity gross 7.88e-09 carry_ex 1.13e-07
  [W_ALPHA n=9138] kills/anchor 4.337 | book carry_ex/gt 0.2393
     both_chains  flagged/anchor   5.07  leaked/anchor   0.00  frac_neg    0.1%  leaked gross 0.000% (p90 0.000% max 0.190%)  carry paid 0.0000 bps
     either_chain flagged/anchor   5.86  leaked/anchor   0.01  frac_neg    0.1%  leaked gross 0.000% (p90 0.000% max 0.190%)  carry paid 0.0000 bps
     deep_short   flagged/anchor   6.02  leaked/anchor   0.01  frac_neg    0.1%  leaked gross 0.000% (p90 0.000% max 0.219%)  carry paid 0.0000 bps
  [KING_LIVE n=5838] kills/anchor 5.921 | book carry_ex/gt 0.2301
     both_chains  flagged/anchor   6.89  leaked/anchor   0.01  frac_neg    0.1%  leaked gross 0.000% (p90 0.000% max 0.038%)  carry paid 0.0000 bps
     either_chain flagged/anchor   8.10  leaked/anchor   0.01  frac_neg    0.1%  leaked gross 0.000% (p90 0.000% max 0.177%)  carry paid 0.0000 bps
     deep_short   flagged/anchor   8.37  leaked/anchor   0.01  frac_neg    0.1%  leaked gross 0.000% (p90 0.000% max 0.219%)  carry paid 0.0000 bps
  [Y2026 n=1452] kills/anchor 10.153 | book carry_ex/gt 0.5311
     both_chains  flagged/anchor  13.67  leaked/anchor   0.00  frac_neg    0.0%  leaked gross 0.000% (p90 0.000% max 0.000%)  carry paid 0.0000 bps
     either_chain flagged/anchor  13.89  leaked/anchor   0.00  frac_neg    0.0%  leaked gross 0.000% (p90 0.000% max 0.000%)  carry paid 0.0000 bps
     deep_short   flagged/anchor  14.00  leaked/anchor   0.00  frac_neg    0.0%  leaked gross 0.000% (p90 0.000% max 0.007%)  carry paid 0.0000 bps

== D_A0I_s2027 parity gross 7.72e-09 carry_ex 1.44e-07
  [W_ALPHA n=9138] kills/anchor 0.000 | book carry_ex/gt 0.4709
     both_chains  flagged/anchor   5.00  leaked/anchor   3.76  frac_neg   75.1%  leaked gross 1.160% (p90 3.288% max 22.157%)  carry paid 0.2164 bps
     either_chain flagged/anchor   5.84  leaked/anchor   4.23  frac_neg   72.4%  leaked gross 1.273% (p90 3.370% max 22.157%)  carry paid 0.2382 bps
     deep_short   flagged/anchor   6.02  leaked/anchor   4.26  frac_neg   70.8%  leaked gross 1.280% (p90 3.384% max 22.157%)  carry paid 0.2393 bps
  [KING_LIVE n=5838] kills/anchor 0.000 | book carry_ex/gt 0.5225
     both_chains  flagged/anchor   6.77  leaked/anchor   5.03  frac_neg   74.2%  leaked gross 1.365% (p90 3.785% max 16.333%)  carry paid 0.2665 bps
     either_chain flagged/anchor   8.08  leaked/anchor   5.76  frac_neg   71.3%  leaked gross 1.539% (p90 3.854% max 20.567%)  carry paid 0.3004 bps
     deep_short   flagged/anchor   8.37  leaked/anchor   5.82  frac_neg   69.6%  leaked gross 1.550% (p90 3.856% max 21.888%)  carry paid 0.3022 bps
  [Y2026 n=1452] kills/anchor 0.000 | book carry_ex/gt 1.0434
     both_chains  flagged/anchor  13.71  leaked/anchor   9.98  frac_neg   72.8%  leaked gross 2.562% (p90 4.544% max 9.479%)  carry paid 0.5211 bps
     either_chain flagged/anchor  13.89  leaked/anchor  10.08  frac_neg   72.6%  leaked gross 2.585% (p90 4.567% max 9.479%)  carry paid 0.5239 bps
     deep_short   flagged/anchor  14.00  leaked/anchor  10.08  frac_neg   72.0%  leaked gross 2.586% (p90 4.567% max 9.479%)  carry paid 0.5240 bps

== D_FI_s2027 parity gross 7.88e-09 carry_ex 8.84e-08
  [W_ALPHA n=9138] kills/anchor 4.287 | book carry_ex/gt 0.2356
     both_chains  flagged/anchor   5.00  leaked/anchor   0.00  frac_neg    0.1%  leaked gross 0.000% (p90 0.000% max 0.190%)  carry paid 0.0000 bps
     either_chain flagged/anchor   5.84  leaked/anchor   0.01  frac_neg    0.1%  leaked gross 0.000% (p90 0.000% max 0.190%)  carry paid 0.0000 bps
     deep_short   flagged/anchor   6.02  leaked/anchor   0.01  frac_neg    0.1%  leaked gross 0.000% (p90 0.000% max 0.190%)  carry paid 0.0000 bps
  [KING_LIVE n=5838] kills/anchor 5.848 | book carry_ex/gt 0.2246
     both_chains  flagged/anchor   6.77  leaked/anchor   0.00  frac_neg    0.0%  leaked gross 0.000% (p90 0.000% max 0.068%)  carry paid 0.0000 bps
     either_chain flagged/anchor   8.08  leaked/anchor   0.01  frac_neg    0.1%  leaked gross 0.000% (p90 0.000% max 0.171%)  carry paid 0.0000 bps
     deep_short   flagged/anchor   8.37  leaked/anchor   0.01  frac_neg    0.1%  leaked gross 0.000% (p90 0.000% max 0.171%)  carry paid 0.0000 bps
  [Y2026 n=1452] kills/anchor 10.145 | book carry_ex/gt 0.5331
     both_chains  flagged/anchor  13.71  leaked/anchor   0.00  frac_neg    0.0%  leaked gross 0.000% (p90 0.000% max 0.000%)  carry paid 0.0000 bps
     either_chain flagged/anchor  13.89  leaked/anchor   0.00  frac_neg    0.0%  leaked gross 0.000% (p90 0.000% max 0.000%)  carry paid 0.0000 bps
     deep_short   flagged/anchor  14.00  leaked/anchor   0.00  frac_neg    0.0%  leaked gross 0.000% (p90 0.000% max 0.005%)  carry paid 0.0000 bps

GATE {
 "s42": {
  "A0_frac_flagged_negative": 0.7545736969278564,
  "A0_leaked_carry_bps": 0.2237767112617908,
  "A0_gate_pass": true,
  "F_both_leaked_total": 36,
  "F_deep_short_total": 72,
  "F_position_zero_pass": false
 },
 "s2027": {
  "A0_frac_flagged_negative": 0.7513461454274832,
  "A0_leaked_carry_bps": 0.21642226704228815,
  "A0_gate_pass": true,
  "F_both_leaked_total": 24,
  "F_deep_short_total": 58,
  "F_position_zero_pass": false
 },
 "PASS": false
}
DONE_r15_mechgate
