[     2.2s] input shas done
[     4.9s] returns grid (12347, 829) sig2_30 finite frac 0.35
/mnt/storage/private/work_hsy/probe_artifacts/cx/convexity_aware_construction.py:122: RuntimeWarning: Mean of empty slice
  c_dm = np.where(sel, c_m - (c_m[sel].mean() if np.isfinite(c_m[sel]).all() else np.nanmean(c_m[sel])), 0.0)
[    13.2s] A3_asym chain 4000 / 12985
[    13.2s] A1_k1.0_L90 chain 4000 / 12985
[    13.2s] A0_nofund chain 4000 / 12985
[    13.3s] A1_k1.0_nofund chain 4000 / 12985
[    13.4s] A0 chain 4000 / 12985
[    13.4s] A1n_k0.5 chain 4000 / 12985
[    13.4s] A1g chain 4000 / 12985
[    13.5s] A1n_k1.0 chain 4000 / 12985
[    13.6s] A1n_k1.0_nofund chain 4000 / 12985
[    13.8s] A4_k1.0 chain 4000 / 12985
[    13.8s] C2_tilt chain 4000 / 12985
[    13.9s] A2_p80 chain 4000 / 12985
[    13.9s] A1_k0.5 chain 4000 / 12985
[    14.2s] A1_k1.0 chain 4000 / 12985
[    14.4s] A2_p90 chain 4000 / 12985
[    22.6s] A3_asym chain 8000 / 12985
[    22.7s] A1_k1.0_L90 chain 8000 / 12985
[    22.7s] A0_nofund chain 8000 / 12985
[    23.1s] A1_k1.0_nofund chain 8000 / 12985
[    23.2s] A1g chain 8000 / 12985
[    23.2s] A0 chain 8000 / 12985
[    23.3s] A1n_k0.5 chain 8000 / 12985
[    23.4s] A1n_k1.0 chain 8000 / 12985
[    23.5s] A1n_k1.0_nofund chain 8000 / 12985
[    24.1s] C2_tilt chain 8000 / 12985
[    24.2s] A1_k0.5 chain 8000 / 12985
[    24.3s] A2_p80 chain 8000 / 12985
[    24.3s] A4_k1.0 chain 8000 / 12985
[    25.0s] A1_k1.0 chain 8000 / 12985
[    25.1s] A2_p90 chain 8000 / 12985
[    32.8s] A3_asym chain 12000 / 12985
[    32.9s] A1_k1.0_L90 chain 12000 / 12985
[    33.0s] A0_nofund chain 12000 / 12985
[    33.7s] A1_k1.0_nofund chain 12000 / 12985
[    33.7s] A1g chain 12000 / 12985
[    33.8s] A0 chain 12000 / 12985
[    33.9s] A1n_k0.5 chain 12000 / 12985
[    34.1s] A1n_k1.0 chain 12000 / 12985
[    34.3s] A1n_k1.0_nofund chain 12000 / 12985
[    35.1s] A1_k0.5 chain 12000 / 12985
[    35.3s] C2_tilt chain 12000 / 12985
[    35.6s] A2_p80 chain 12000 / 12985
[    35.8s] A4_k1.0 chain 12000 / 12985
[    36.5s] A1_k1.0 chain 12000 / 12985
[    36.5s] chain done A3_asym 29.4 s skipped 119 fires 5875
[    36.8s] A2_p90 chain 12000 / 12985
[    37.3s] chain done A1_k1.0_L90 29.5 s skipped 119 fires 4815
[    38.0s] chain done A0_nofund 29.6 s skipped 119 fires 4791
[    38.7s] chain done A0 30.5 s skipped 119 fires 5421
[    39.4s] chain done A1g 30.5 s skipped 119 fires 5189
[    40.1s] chain done A1_k1.0_nofund 30.5 s skipped 119 fires 4067
[    40.8s] chain done A1n_k0.5 30.6 s skipped 119 fires 5100
[    41.5s] chain done A1n_k1.0 30.8 s skipped 119 fires 4897
[    42.2s] chain done A1n_k1.0_nofund 31.1 s skipped 119 fires 4565
[    42.9s] chain done A1_k0.5 31.8 s skipped 119 fires 4806
[    43.6s] chain done C2_tilt 32.2 s skipped 119 fires 0
[    44.4s] chain done A2_p80 32.4 s skipped 119 fires 5390
[    45.1s] chain done A4_k1.0 32.6 s skipped 119 fires 5361
[    45.7s] chain done A1_k1.0 33.5 s skipped 119 fires 4552
[    46.3s] chain done A2_p90 33.7 s skipped 119 fires 5383
[    46.5s] all chains 40.5 s
[    46.7s] RECEIPT R1 weights {'n_anchors': 10123, 'maxabs_dw': 0.0, 'mean_abs_dw': 0.0, 'bitwise_equal': True, 'pass_lt_1e-6': True}
[    82.9s] RECEIPT R1 sharpe {'A0_net_g2_sharpe_2022_06': 1.6677, 'WA_Wb_d30_net_g2_sharpe_2022_06': 1.6677, 'maxabs_diff_net_g2_bps': 0.0, 'expected_1.668': True}
/root/miniconda3/envs/hsy_v5push/lib/python3.13/site-packages/numpy/_core/_methods.py:223: RuntimeWarning: Degrees of freedom <= 0 for slice
  ret = _var(a, axis=axis, dtype=dtype, out=out, ddof=ddof,
/root/miniconda3/envs/hsy_v5push/lib/python3.13/site-packages/numpy/_core/_methods.py:181: RuntimeWarning: invalid value encountered in divide
  arrmean = um.true_divide(arrmean, div, out=arrmean,
/root/miniconda3/envs/hsy_v5push/lib/python3.13/site-packages/numpy/_core/_methods.py:215: RuntimeWarning: invalid value encountered in scalar divide
  ret = ret.dtype.type(ret / rcount)
[    85.2s] summarized A3_asym net@2 sharpe 22-06 0.489 FULL 0.519
[    87.6s] summarized A1_k1.0_L90 net@2 sharpe 22-06 0.689 FULL 0.714
[    89.9s] summarized A0_nofund net@2 sharpe 22-06 0.664 FULL 0.725
[    92.2s] summarized A0 net@2 sharpe 22-06 1.668 FULL 1.728
[    94.5s] summarized A1g net@2 sharpe 22-06 1.498 FULL 1.556
[    96.8s] summarized A1_k1.0_nofund net@2 sharpe 22-06 0.599 FULL 0.606
[    99.1s] summarized A1n_k0.5 net@2 sharpe 22-06 1.277 FULL 1.315
[   101.3s] summarized A1n_k1.0 net@2 sharpe 22-06 0.924 FULL 0.956
[   103.6s] summarized A1n_k1.0_nofund net@2 sharpe 22-06 0.678 FULL 0.719
[   105.9s] summarized A1_k0.5 net@2 sharpe 22-06 1.073 FULL 1.105
[   108.2s] summarized C2_tilt net@2 sharpe 22-06 0.218 FULL 0.207
[   110.4s] summarized A2_p80 net@2 sharpe 22-06 1.754 FULL 1.809
[   112.7s] summarized A4_k1.0 net@2 sharpe 22-06 1.118 FULL 1.144
[   115.0s] summarized A1_k1.0 net@2 sharpe 22-06 0.779 FULL 0.804
[   117.2s] summarized A2_p90 net@2 sharpe 22-06 1.77 FULL 1.837
[   118.8s] GATES A1_k1.0 {'G1_delta_sharpe': -0.8883, 'G1_pass': False, 'G2_n_years_ge0': 1, 'G3_pass': False, 'G4_turnover_ratio': 0.9532} 判负
[   120.0s] GATES A1_k0.5 {'G1_delta_sharpe': -0.5952, 'G1_pass': False, 'G2_n_years_ge0': 2, 'G3_pass': False, 'G4_turnover_ratio': 1.0321} 判负
[   121.3s] GATES A1g {'G1_delta_sharpe': -0.1693, 'G1_pass': False, 'G2_n_years_ge0': 1, 'G3_pass': False, 'G4_turnover_ratio': 1.0279} 判负
[   122.5s] GATES A1_k1.0_L90 {'G1_delta_sharpe': -0.979, 'G1_pass': False, 'G2_n_years_ge0': 0, 'G3_pass': False, 'G4_turnover_ratio': 0.8682} 判负
[   123.8s] GATES A4_k1.0 {'G1_delta_sharpe': -0.5494, 'G1_pass': False, 'G2_n_years_ge0': 1, 'G3_pass': False, 'G4_turnover_ratio': 0.9639} 判负
[   125.0s] GATES A2_p80 {'G1_delta_sharpe': 0.0864, 'G1_pass': False, 'G2_n_years_ge0': 3, 'G3_pass': False, 'G4_turnover_ratio': 1.016} 判负
[   126.2s] GATES A2_p90 {'G1_delta_sharpe': 0.1019, 'G1_pass': True, 'G2_n_years_ge0': 3, 'G3_pass': False, 'G4_turnover_ratio': 1.0093} 敏感
[   127.5s] GATES A3_asym {'G1_delta_sharpe': -1.1784, 'G1_pass': False, 'G2_n_years_ge0': 1, 'G3_pass': False, 'G4_turnover_ratio': 1.0111} 判负
[   128.7s] GATES C2_tilt {'G1_delta_sharpe': -1.45, 'G1_pass': False, 'G2_n_years_ge0': 0, 'G3_pass': False, 'G4_turnover_ratio': 0.336} 判负
[   129.9s] GATES A1n_k1.0 {'G1_delta_sharpe': -0.7435, 'G1_pass': False, 'G2_n_years_ge0': 0, 'G3_pass': False, 'G4_turnover_ratio': 0.9934} 判负
[   131.1s] GATES A1n_k0.5 {'G1_delta_sharpe': -0.3905, 'G1_pass': False, 'G2_n_years_ge0': 2, 'G3_pass': False, 'G4_turnover_ratio': 1.051} 判负
[   136.3s] C1 control {'G1_delta_sharpe': -0.2165, 'G2_n_years_ge0': 1, 'G3_pass': False, 'G4_turnover_ratio': 1.1985, 'sharpe_arm': 1.4319, 'sharpe_base': 1.6485}
[   141.8s] inrole overlay {'G1_delta_sharpe': -0.0412, 'sharpe_arm': 0.3919, 'sharpe_base': 0.4331, 'G4_turnover_ratio': 1.1856}
[   146.5s] run DONE -> /mnt/storage/private/work_hsy/probe_artifacts/cx/convexity_aware_construction_2026-08-22.json VERDICT main 判负
