INPUT SHA256 {
"king_pred_newgen.npz": "82ab1b13a3f26c028d4624755ebdc74d94cc57429a2a523ef5349b1d4ae83cb2",
"s2_pred_newgen.npz": "419af8db48f7e4600eeebbbc57cf6a285eb22b6194914ed841325ee024aba1b2",
"net_S1.npy": "b8480310b60daa99821ff202db737e5bb60090aa4e5589c9a021a948d2a6dba6",
"net_S1_ts.npy": "0b1b2db3b54c8dad468f725f71fe52b52ca43d657cfcc375517e8b8c7a3c510a",
"legs.py": "efde5f0febebd4e989f27893ee72876d76729628c72e526ba79105dc4dd270c5",
"replay_fullhist.py": "94c303ac1d3a6bf034af5b83938bb0a3aade13ecfbf8ad535341600e513b7337",
"drawdown_ladder_livefn.py": "5db5a3c73f79d832c945c022c505dc64ab06e75dfba3b9adf8ff31422b1bc771"
}
precompute 0 / 9821 2.7 s
precompute 2000 / 9821 4.3 s
precompute 4000 / 9821 5.9 s
precompute 6000 / 9821 7.5 s
precompute 8000 / 9821 9.1 s
precompute done 20.4 s; n 9821 N 140
fullhist static 0 / 9821 20.4 s
fullhist static 2000 / 9821 20.9 s
fullhist static 4000 / 9821 21.5 s
fullhist static 6000 / 9821 22.1 s
fullhist static 8000 / 9821 22.8 s
RECEIPT fullhist {"fullhist_static_vs_net_S1_maxabs": 7.105427357601002e-14, "fullhist_static_C4137": {"mean": 1.1218, "sharpe": 1.485, "fires": 866, "gross_mean": 0.9599, "turnover_mean": 0.02728}}
configs 27 windows 255 tasks 6885
RECEIPT warmstart {"w0": [1.27356588, 1.27356588, false], "w100": [0.0587452, 0.0587452, false]}
grid 0 / 6885 2.7 s
grid 500 / 6885 16.3 s
grid 1000 / 6885 30.3 s
grid 1500 / 6885 43.8 s
grid 2000 / 6885 57.9 s
grid 2500 / 6885 72.6 s
grid 3000 / 6885 87.1 s
grid 3500 / 6885 101.1 s
grid 4000 / 6885 115.2 s
grid 4500 / 6885 129.7 s
grid 5000 / 6885 142.9 s
grid 5500 / 6885 157.6 s
grid 6000 / 6885 172.1 s
grid 6500 / 6885 186.6 s
grid done 197.9 s
year blocks done 264.5 s
paper overlay done 284.2 s
GATES {"G1": {"value": [0.0, 6.67], "pass": true}, "G2": {"value": [44.75, 48.41, -3.66], "pass": true}, "G3": {"value": [1.186, 1.207, -0.021], "pass": true}, "G4": {"value": {"2022": 0.0, "2023": -8.43, "2024": -18.31, "2025": 0.0, "2026": 0.0}, "n_ok": 3, "pass": false}, "ALL": false}
LIVEFN static|ws|C3.52|post {"n": 255, "ret_mean": 48.41, "ret_med": 48.78, "ret_p10": 4.26, "sharpe_mean": 1.207, "p_trip": 6.67, "n_trip": 17, "minfs_p10": -22.79, "time_delev": 3.85, "extra_turnover_per_window": -2.2925, "n_delev_mean": 0.0, "n_recov_mean": 0.0, "fires_mean": 182.76, "gross_mean": 0.9615}
LIVEFN L6|ws|C3.52|post {"n": 255, "ret_mean": 44.75, "ret_med": 42.47, "ret_p10": -0.86, "sharpe_mean": 1.186, "p_trip": 0.0, "n_trip": 0, "minfs_p10": -17.27, "time_delev": 14.71, "extra_turnover_per_window": -4.8949, "n_delev_mean": 0.765, "n_recov_mean": 0.714, "fires_mean": 195.28, "gross_mean": 0.8906}
LIVEFN L5|ws|C3.52|post {"n": 255, "ret_mean": 43.1, "ret_med": 41.63, "ret_p10": 0.06, "sharpe_mean": 1.17, "p_trip": 0.0, "n_trip": 0, "minfs_p10": -14.79, "time_delev": 18.82, "extra_turnover_per_window": -5.8601, "n_delev_mean": 1.49, "n_recov_mean": 1.416, "fires_mean": 195.33, "gross_mean": 0.8709}
LIVEFN L4|ws|C3.52|post {"n": 255, "ret_mean": 45.41, "ret_med": 44.34, "ret_p10": -2.28, "sharpe_mean": 1.176, "p_trip": 0.0, "n_trip": 0, "minfs_p10": -18.1, "time_delev": 13.28, "extra_turnover_per_window": -5.057, "n_delev_mean": 0.671, "n_recov_mean": 0.6, "fires_mean": 198.57, "gross_mean": 0.8897}
LIVEFN static|hwm|C3.52|post {"n": 255, "ret_mean": 47.04, "ret_med": 48.78, "ret_p10": -12.14, "sharpe_mean": 1.128, "p_trip": 25.49, "n_trip": 65, "minfs_p10": -20.26, "time_delev": 10.98, "extra_turnover_per_window": -6.2616, "n_delev_mean": 0.0, "n_recov_mean": 0.0, "fires_mean": 164.71, "gross_mean": 0.963}
LIVEFN L6|hwm|C3.52|post {"n": 255, "ret_mean": 34.93, "ret_med": 31.51, "ret_p10": 7.31, "sharpe_mean": 1.232, "p_trip": 0.0, "n_trip": 0, "minfs_p10": -14.6, "time_delev": 50.22, "extra_turnover_per_window": -16.4392, "n_delev_mean": 2.431, "n_recov_mean": 1.792, "fires_mean": 206.48, "gross_mean": 0.7185}
LIVEFN L5|hwm|C3.52|post {"n": 255, "ret_mean": 25.6, "ret_med": 22.24, "ret_p10": 6.19, "sharpe_mean": 1.058, "p_trip": 0.0, "n_trip": 0, "minfs_p10": -14.19, "time_delev": 68.5, "extra_turnover_per_window": -21.0236, "n_delev_mean": 5.584, "n_recov_mean": 4.808, "fires_mean": 198.82, "gross_mean": 0.632}
LIVEFN L4|hwm|C3.52|post {"n": 255, "ret_mean": 27.05, "ret_med": 22.08, "ret_p10": -3.56, "sharpe_mean": 0.944, "p_trip": 0.0, "n_trip": 0, "minfs_p10": -15.46, "time_delev": 52.22, "extra_turnover_per_window": -19.1102, "n_delev_mean": 3.008, "n_recov_mean": 2.149, "fires_mean": 215.34, "gross_mean": 0.6773}
LIVEFN static|ws|C4.137|post {"n": 255, "ret_mean": 47.37, "ret_med": 47.73, "ret_p10": 3.48, "sharpe_mean": 1.186, "p_trip": 6.67, "n_trip": 17, "minfs_p10": -23.01, "time_delev": 3.85, "extra_turnover_per_window": -2.295, "n_delev_mean": 0.0, "n_recov_mean": 0.0, "fires_mean": 182.72, "gross_mean": 0.9615}
LIVEFN L6|ws|C4.137|post {"n": 255, "ret_mean": 43.59, "ret_med": 41.5, "ret_p10": -1.33, "sharpe_mean": 1.16, "p_trip": 0.0, "n_trip": 0, "minfs_p10": -17.22, "time_delev": 15.25, "extra_turnover_per_window": -5.0785, "n_delev_mean": 0.769, "n_recov_mean": 0.718, "fires_mean": 195.69, "gross_mean": 0.8879}
LIVEFN L5|ws|C4.137|post {"n": 255, "ret_mean": 41.4, "ret_med": 40.62, "ret_p10": -2.51, "sharpe_mean": 1.126, "p_trip": 0.0, "n_trip": 0, "minfs_p10": -15.15, "time_delev": 19.73, "extra_turnover_per_window": -6.0787, "n_delev_mean": 1.612, "n_recov_mean": 1.529, "fires_mean": 195.15, "gross_mean": 0.8666}
LIVEFN L4|ws|C4.137|post {"n": 255, "ret_mean": 44.07, "ret_med": 43.31, "ret_p10": -3.68, "sharpe_mean": 1.144, "p_trip": 0.0, "n_trip": 0, "minfs_p10": -17.92, "time_delev": 13.6, "extra_turnover_per_window": -5.1571, "n_delev_mean": 0.686, "n_recov_mean": 0.604, "fires_mean": 198.74, "gross_mean": 0.8884}
LIVEFN static|hwm|C4.137|post {"n": 255, "ret_mean": 46.05, "ret_med": 47.73, "ret_p10": -12.49, "sharpe_mean": 1.107, "p_trip": 25.49, "n_trip": 65, "minfs_p10": -20.47, "time_delev": 10.98, "extra_turnover_per_window": -6.2616, "n_delev_mean": 0.0, "n_recov_mean": 0.0, "fires_mean": 164.7, "gross_mean": 0.963}
LIVEFN L6|hwm|C4.137|post {"n": 255, "ret_mean": 31.33, "ret_med": 29.71, "ret_p10": 4.72, "sharpe_mean": 1.148, "p_trip": 0.0, "n_trip": 0, "minfs_p10": -15.11, "time_delev": 51.41, "extra_turnover_per_window": -16.7996, "n_delev_mean": 2.639, "n_recov_mean": 2.008, "fires_mean": 205.77, "gross_mean": 0.7131}
LIVEFN L5|hwm|C4.137|post {"n": 255, "ret_mean": 24.87, "ret_med": 20.97, "ret_p10": 4.56, "sharpe_mean": 1.03, "p_trip": 0.0, "n_trip": 0, "minfs_p10": -14.24, "time_delev": 68.61, "extra_turnover_per_window": -21.0318, "n_delev_mean": 5.678, "n_recov_mean": 4.902, "fires_mean": 198.37, "gross_mean": 0.6315}
LIVEFN L4|hwm|C4.137|post {"n": 255, "ret_mean": 26.25, "ret_med": 21.18, "ret_p10": -4.47, "sharpe_mean": 0.915, "p_trip": 0.0, "n_trip": 0, "minfs_p10": -15.53, "time_delev": 53.36, "extra_turnover_per_window": -19.4652, "n_delev_mean": 3.035, "n_recov_mean": 2.153, "fires_mean": 215.48, "gross_mean": 0.6716}
LIVEFN static|ws|C0.32|post {"n": 255, "ret_mean": 54.03, "ret_med": 54.22, "ret_p10": 8.67, "sharpe_mean": 1.325, "p_trip": 6.27, "n_trip": 16, "minfs_p10": -21.24, "time_delev": 3.47, "extra_turnover_per_window": -2.0716, "n_delev_mean": 0.0, "n_recov_mean": 0.0, "fires_mean": 183.77, "gross_mean": 0.9615}
LIVEFN L6|ws|C0.32|post {"n": 255, "ret_mean": 50.63, "ret_med": 48.68, "ret_p10": 3.54, "sharpe_mean": 1.316, "p_trip": 0.0, "n_trip": 0, "minfs_p10": -16.88, "time_delev": 12.93, "extra_turnover_per_window": -4.3188, "n_delev_mean": 0.69, "n_recov_mean": 0.667, "fires_mean": 194.94, "gross_mean": 0.8992}
LIVEFN static|hwm|C0.32|post {"n": 255, "ret_mean": 52.17, "ret_med": 54.22, "ret_p10": -10.67, "sharpe_mean": 1.232, "p_trip": 25.49, "n_trip": 65, "minfs_p10": -19.47, "time_delev": 10.95, "extra_turnover_per_window": -6.246, "n_delev_mean": 0.0, "n_recov_mean": 0.0, "fires_mean": 165.03, "gross_mean": 0.9629}
LIVEFN L6|hwm|C0.32|post {"n": 255, "ret_mean": 37.89, "ret_med": 34.18, "ret_p10": 6.47, "sharpe_mean": 1.297, "p_trip": 0.0, "n_trip": 0, "minfs_p10": -14.93, "time_delev": 49.09, "extra_turnover_per_window": -16.0161, "n_delev_mean": 2.62, "n_recov_mean": 1.988, "fires_mean": 203.81, "gross_mean": 0.7244}
LIVEFN L6|ws|C3.52|pre {"n": 255, "ret_mean": 48.02, "ret_med": 47.77, "ret_p10": 3.49, "sharpe_mean": 1.2, "p_trip": 6.67, "n_trip": 17, "minfs_p10": -23.4, "time_delev": 10.8, "extra_turnover_per_window": -2.2243, "n_delev_mean": 0.839, "n_recov_mean": 0.769, "fires_mean": 182.78, "gross_mean": 0.9615}
LIVEFN L6|ws|C3.52|post_bandrel {"n": 255, "ret_mean": 44.93, "ret_med": 42.47, "ret_p10": 0.17, "sharpe_mean": 1.188, "p_trip": 0.0, "n_trip": 0, "minfs_p10": -17.2, "time_delev": 14.46, "extra_turnover_per_window": -3.6671, "n_delev_mean": 0.784, "n_recov_mean": 0.737, "fires_mean": 189.62, "gross_mean": 0.8924}
LIVEFN L5|ws|C3.52|post_bandrel {"n": 255, "ret_mean": 43.16, "ret_med": 41.46, "ret_p10": 0.26, "sharpe_mean": 1.173, "p_trip": 0.0, "n_trip": 0, "minfs_p10": -14.8, "time_delev": 18.38, "extra_turnover_per_window": -4.2136, "n_delev_mean": 1.533, "n_recov_mean": 1.463, "fires_mean": 188.29, "gross_mean": 0.8739}
LIVEFN L4|ws|C3.52|post_bandrel {"n": 255, "ret_mean": 45.23, "ret_med": 44.34, "ret_p10": -6.17, "sharpe_mean": 1.166, "p_trip": 0.0, "n_trip": 0, "minfs_p10": -17.62, "time_delev": 13.22, "extra_turnover_per_window": -3.8153, "n_delev_mean": 0.706, "n_recov_mean": 0.612, "fires_mean": 190.09, "gross_mean": 0.8929}
LIVEFN L6|ws|C4.137|post_bandrel {"n": 255, "ret_mean": 43.81, "ret_med": 41.41, "ret_p10": -1.99, "sharpe_mean": 1.165, "p_trip": 0.0, "n_trip": 0, "minfs_p10": -17.33, "time_delev": 14.86, "extra_turnover_per_window": -3.8014, "n_delev_mean": 0.784, "n_recov_mean": 0.725, "fires_mean": 189.58, "gross_mean": 0.8905}
LIVEFN L5|ws|C4.137|post_bandrel {"n": 255, "ret_mean": 42.26, "ret_med": 40.77, "ret_p10": -0.45, "sharpe_mean": 1.152, "p_trip": 0.0, "n_trip": 0, "minfs_p10": -14.85, "time_delev": 18.53, "extra_turnover_per_window": -4.2893, "n_delev_mean": 1.49, "n_recov_mean": 1.412, "fires_mean": 188.11, "gross_mean": 0.8731}
LIVEFN L4|ws|C4.137|post_bandrel {"n": 255, "ret_mean": 44.19, "ret_med": 43.32, "ret_p10": -2.11, "sharpe_mean": 1.15, "p_trip": 0.0, "n_trip": 0, "minfs_p10": -17.75, "time_delev": 13.39, "extra_turnover_per_window": -3.871, "n_delev_mean": 0.678, "n_recov_mean": 0.6, "fires_mean": 189.91, "gross_mean": 0.8923}
PAPER A_Lxnet_C4137|ws|static {"n": 255, "ret_mean": 47.37, "ret_med": 47.73, "ret_p10": 3.48, "sharpe_mean": 1.186, "p_trip": 6.67, "n_trip": 17, "minfs_p10": -23.01, "time_delev": 3.85, "cost_bps": 0.0}
PAPER A_Lxnet_C4137|ws|L6 {"n": 255, "ret_mean": 44.36, "ret_med": 42.69, "ret_p10": -1.11, "sharpe_mean": 1.18, "p_trip": 0.0, "n_trip": 0, "minfs_p10": -17.25, "time_delev": 14.33, "cost_bps": 5.9}
PAPER A_Lxnet_C4137|ws|L5 {"n": 255, "ret_mean": 42.57, "ret_med": 41.41, "ret_p10": -0.71, "sharpe_mean": 1.16, "p_trip": 0.0, "n_trip": 0, "minfs_p10": -15.01, "time_delev": 18.41, "cost_bps": 11.92}
PAPER A_Lxnet_C4137|ws|L4 {"n": 255, "ret_mean": 44.62, "ret_med": 43.31, "ret_p10": -2.22, "sharpe_mean": 1.165, "p_trip": 0.0, "n_trip": 0, "minfs_p10": -17.81, "time_delev": 12.85, "cost_bps": 4.54}
PAPER A_Lxnet_C4137|hwm|static {"n": 255, "ret_mean": 46.07, "ret_med": 47.73, "ret_p10": -12.42, "sharpe_mean": 1.108, "p_trip": 25.49, "n_trip": 65, "minfs_p10": -20.43, "time_delev": 10.98, "cost_bps": 0.0}
PAPER A_Lxnet_C4137|hwm|L6 {"n": 255, "ret_mean": 33.27, "ret_med": 31.05, "ret_p10": 5.12, "sharpe_mean": 1.19, "p_trip": 0.0, "n_trip": 0, "minfs_p10": -14.91, "time_delev": 51.08, "cost_bps": 19.55}
PAPER A_Lxnet_C4137|hwm|L5 {"n": 255, "ret_mean": 25.31, "ret_med": 23.62, "ret_p10": 6.32, "sharpe_mean": 1.052, "p_trip": 0.0, "n_trip": 0, "minfs_p10": -13.78, "time_delev": 66.86, "cost_bps": 42.2}
PAPER A_Lxnet_C4137|hwm|L4 {"n": 255, "ret_mean": 30.49, "ret_med": 27.21, "ret_p10": 2.16, "sharpe_mean": 1.065, "p_trip": 0.0, "n_trip": 0, "minfs_p10": -15.42, "time_delev": 48.25, "cost_bps": 17.16}
PAPER B_Lxnet_over_gross_C4137|ws|static {"n": 255, "ret_mean": 48.09, "ret_med": 47.11, "ret_p10": 1.4, "sharpe_mean": 1.143, "p_trip": 7.06, "n_trip": 18, "minfs_p10": -23.75, "time_delev": 4.04, "cost_bps": 0.0}
PAPER B_Lxnet_over_gross_C4137|ws|L6 {"n": 255, "ret_mean": 44.37, "ret_med": 41.43, "ret_p10": -1.56, "sharpe_mean": 1.126, "p_trip": 0.0, "n_trip": 0, "minfs_p10": -17.84, "time_delev": 15.4, "cost_bps": 6.53}
PAPER B_Lxnet_over_gross_C4137|ws|L5 {"n": 255, "ret_mean": 42.91, "ret_med": 39.95, "ret_p10": -2.68, "sharpe_mean": 1.114, "p_trip": 0.0, "n_trip": 0, "minfs_p10": -15.66, "time_delev": 19.39, "cost_bps": 12.16}
PAPER B_Lxnet_over_gross_C4137|ws|L4 {"n": 255, "ret_mean": 44.03, "ret_med": 41.6, "ret_p10": -7.95, "sharpe_mean": 1.09, "p_trip": 0.0, "n_trip": 0, "minfs_p10": -18.48, "time_delev": 14.85, "cost_bps": 5.57}
PAPER B_Lxnet_over_gross_C4137|hwm|static {"n": 255, "ret_mean": 35.22, "ret_med": 28.07, "ret_p10": -15.52, "sharpe_mean": 0.703, "p_trip": 50.59, "n_trip": 129, "minfs_p10": -20.73, "time_delev": 22.53, "cost_bps": 0.0}
PAPER B_Lxnet_over_gross_C4137|hwm|L6 {"n": 255, "ret_mean": 33.06, "ret_med": 32.23, "ret_p10": 3.88, "sharpe_mean": 1.148, "p_trip": 0.0, "n_trip": 0, "minfs_p10": -16.73, "time_delev": 54.45, "cost_bps": 20.22}
PAPER B_Lxnet_over_gross_C4137|hwm|L5 {"n": 255, "ret_mean": 24.18, "ret_med": 21.68, "ret_p10": 5.47, "sharpe_mean": 0.994, "p_trip": 0.0, "n_trip": 0, "minfs_p10": -14.06, "time_delev": 71.22, "cost_bps": 43.14}
PAPER B_Lxnet_over_gross_C4137|hwm|L4 {"n": 255, "ret_mean": 28.82, "ret_med": 23.21, "ret_p10": -0.33, "sharpe_mean": 0.965, "p_trip": 0.0, "n_trip": 0, "minfs_p10": -15.82, "time_delev": 53.0, "cost_bps": 19.04}
PAPER A_Lxnet_C352|ws|static {"n": 255, "ret_mean": 48.41, "ret_med": 48.78, "ret_p10": 4.26, "sharpe_mean": 1.207, "p_trip": 6.67, "n_trip": 17, "minfs_p10": -22.79, "time_delev": 3.85, "cost_bps": 0.0}
PAPER A_Lxnet_C352|ws|L6 {"n": 255, "ret_mean": 45.42, "ret_med": 43.72, "ret_p10": -0.04, "sharpe_mean": 1.203, "p_trip": 0.0, "n_trip": 0, "minfs_p10": -16.99, "time_delev": 14.11, "cost_bps": 5.82}
PAPER A_Lxnet_C352|ws|L5 {"n": 255, "ret_mean": 43.73, "ret_med": 42.81, "ret_p10": 2.27, "sharpe_mean": 1.19, "p_trip": 0.0, "n_trip": 0, "minfs_p10": -14.86, "time_delev": 17.98, "cost_bps": 11.55}
PAPER A_Lxnet_C352|ws|L4 {"n": 255, "ret_mean": 45.9, "ret_med": 44.62, "ret_p10": -1.55, "sharpe_mean": 1.193, "p_trip": 0.0, "n_trip": 0, "minfs_p10": -17.66, "time_delev": 12.63, "cost_bps": 4.38}
PAPER A_Lxnet_C352|hwm|static {"n": 255, "ret_mean": 47.05, "ret_med": 48.78, "ret_p10": -12.08, "sharpe_mean": 1.128, "p_trip": 25.49, "n_trip": 65, "minfs_p10": -20.24, "time_delev": 10.98, "cost_bps": 0.0}
PAPER A_Lxnet_C352|hwm|L6 {"n": 255, "ret_mean": 35.96, "ret_med": 32.77, "ret_p10": 8.56, "sharpe_mean": 1.26, "p_trip": 0.0, "n_trip": 0, "minfs_p10": -14.86, "time_delev": 49.08, "cost_bps": 16.94}
PAPER A_Lxnet_C352|hwm|L5 {"n": 255, "ret_mean": 26.11, "ret_med": 24.54, "ret_p10": 6.95, "sharpe_mean": 1.081, "p_trip": 0.0, "n_trip": 0, "minfs_p10": -13.56, "time_delev": 66.9, "cost_bps": 42.32}
PAPER A_Lxnet_C352|hwm|L4 {"n": 255, "ret_mean": 31.52, "ret_med": 28.21, "ret_p10": 2.55, "sharpe_mean": 1.091, "p_trip": 0.0, "n_trip": 0, "minfs_p10": -15.37, "time_delev": 47.9, "cost_bps": 17.09}
DONE 291.3 s -> /mnt/storage/private/work_hsy/probe_artifacts/drawdown_ladder_livefn_2026-08-22.json
