[    46.6s] input shas done
[    73.2s] king vs legs {'K0': {'vs_fund_ema_v1': 0.0444, 'vs_rev24(-f_rev_24h)': 0.2365}, 'K1': {'vs_fund_ema_v1': 0.0378, 'vs_rev24(-f_rev_24h)': 0.2364}, 'K2': {'vs_fund_ema_v1': 0.0217, 'vs_rev24(-f_rev_24h)': 0.2378}, 'K3': {'vs_fund_ema_v1': -0.0131, 'vs_rev24(-f_rev_24h)': 0.2357}}
[    98.7s] chain ('K0', 'equal_nofund', 'S0') 10098 skipped 94 fires 0 25 s
[    99.2s] chain ('K0', 'no_fund', 'S0') 10098 skipped 94 fires 0 26 s
[    99.8s] chain ('K0', 'fixed_45_45_10', 'S0') 10098 skipped 94 fires 0 27 s
[   100.3s] chain ('K0', 'fixed_45_45_10', 'd30') 10098 skipped 94 fires 4556 27 s
[   100.9s] chain ('K0', 'equal', 'S0') 10098 skipped 94 fires 0 28 s
[   101.4s] chain ('K0', 'base', 'S0') 10098 skipped 94 fires 0 28 s
[   101.9s] chain ('K0', 'half_fund', 'd30') 10098 skipped 94 fires 5159 29 s
[   102.4s] chain ('K0', 'no_fund', 'd30') 10098 skipped 94 fires 4763 29 s
[   102.9s] chain ('K0', 'base', 'd30') 10098 skipped 94 fires 5391 30 s
[   103.5s] chain ('K0', 'equal', 'd30') 10098 skipped 94 fires 4613 30 s
[   104.0s] chain ('K0', 'half_fund', 'S0') 10098 skipped 94 fires 0 31 s
[   104.5s] chain ('K0', 'equal_nofund', 'd30') 10098 skipped 94 fires 4670 31 s
[   123.4s] chain ('K0', 'king_only', 'd30') 10098 skipped 2250 fires 4667 50 s
[   124.4s] chain ('K0', 'king_only', 'S0') 10098 skipped 2250 fires 0 51 s
[   124.9s] chain ('K0', 'rev24_only', 'S0') 10098 skipped 94 fires 0 52 s
[   125.4s] chain ('K0', 'rev24_only', 'd30') 10098 skipped 94 fires 4153 52 s
[   126.3s] chain ('K0', 'fund_only', 'd30') 10098 skipped 94 fires 3067 53 s
[   127.0s] chain ('K0', 'fund_only', 'S0') 10098 skipped 94 fires 0 54 s
[   127.5s] chain ('K1', 'base', 'd30') 10098 skipped 94 fires 5050 54 s
[   128.0s] chain ('K1', 'base', 'S0') 10098 skipped 94 fires 0 55 s
[   128.6s] chain ('K1', 'no_fund', 'd30') 10098 skipped 94 fires 4438 55 s
[   129.1s] chain ('K1', 'no_fund', 'S0') 10098 skipped 94 fires 0 56 s
[   129.7s] chain ('K1', 'half_fund', 'd30') 10098 skipped 94 fires 4987 56 s
[   130.2s] chain ('K1', 'half_fund', 'S0') 10098 skipped 94 fires 0 57 s
[   148.6s] chain ('K3', 'base', 'd30') 10098 skipped 94 fires 5253 75 s
[   149.3s] chain ('K3', 'base', 'S0') 10098 skipped 94 fires 0 76 s
[   149.9s] chain ('K3', 'no_fund', 'S0') 10098 skipped 94 fires 0 77 s
[   150.4s] chain ('K3', 'no_fund', 'd30') 10098 skipped 94 fires 4865 77 s
[   152.4s] chain ('K3', 'half_fund', 'S0') 10098 skipped 94 fires 0 79 s
[   152.9s] chain ('K3', 'half_fund', 'd30') 10098 skipped 94 fires 5092 80 s
[   153.5s] chain ('K2', 'base', 'S0') 10098 skipped 94 fires 0 80 s
[   154.0s] chain ('K2', 'base', 'd30') 10098 skipped 94 fires 5285 81 s
[   154.6s] chain ('K2', 'no_fund', 'd30') 10098 skipped 94 fires 4905 81 s
[   155.1s] chain ('K2', 'no_fund', 'S0') 10098 skipped 94 fires 0 82 s
[   155.7s] chain ('K2', 'half_fund', 'd30') 10098 skipped 94 fires 5082 83 s
[   156.2s] chain ('K2', 'half_fund', 'S0') 10098 skipped 94 fires 0 83 s
[   174.3s] chain ('K2', 'equal', 'd30') 10098 skipped 94 fires 4604 101 s
[   174.9s] chain ('K2', 'fixed_45_45_10', 'd30') 10098 skipped 94 fires 4527 102 s
[   175.5s] chain ('K2', 'equal', 'S0') 10098 skipped 94 fires 0 102 s
[   176.0s] chain ('K2', 'fixed_45_45_10', 'S0') 10098 skipped 94 fires 0 103 s
[   177.8s] chain ('K2', 'equal_nofund', 'S0') 10098 skipped 94 fires 0 105 s
[   178.3s] chain ('K2', 'equal_nofund', 'd30') 10098 skipped 94 fires 4522 105 s
[   178.9s] chain ('K2', 'king_only', 'd30') 10098 skipped 2250 fires 4761 106 s
[   179.4s] chain ('K2', 'king_only', 'S0') 10098 skipped 2250 fires 0 106 s
[   179.7s] RECEIPT R1 weights {'n_common': 10098, 'maxabs_dw': 0.0, 'mean_abs_dw': 0.0, 'wa_npz_keys': ['ts', 'W', 'symbols']}
/root/miniconda3/envs/hsy_v5push/lib/python3.13/site-packages/numpy/_core/_methods.py:223: RuntimeWarning: Degrees of freedom <= 0 for slice
  ret = _var(a, axis=axis, dtype=dtype, out=out, ddof=ddof,
/root/miniconda3/envs/hsy_v5push/lib/python3.13/site-packages/numpy/_core/_methods.py:181: RuntimeWarning: invalid value encountered in divide
  arrmean = um.true_divide(arrmean, div, out=arrmean,
/root/miniconda3/envs/hsy_v5push/lib/python3.13/site-packages/numpy/_core/_methods.py:215: RuntimeWarning: invalid value encountered in scalar divide
  ret = ret.dtype.type(ret / rcount)
/root/miniconda3/envs/hsy_v5push/lib/python3.13/site-packages/numpy/_core/_methods.py:223: RuntimeWarning: Degrees of freedom <= 0 for slice
  ret = _var(a, axis=axis, dtype=dtype, out=out, ddof=ddof,
/root/miniconda3/envs/hsy_v5push/lib/python3.13/site-packages/numpy/_core/_methods.py:181: RuntimeWarning: invalid value encountered in divide
  arrmean = um.true_divide(arrmean, div, out=arrmean,
/root/miniconda3/envs/hsy_v5push/lib/python3.13/site-packages/numpy/_core/_methods.py:215: RuntimeWarning: invalid value encountered in scalar divide
  ret = ret.dtype.type(ret / rcount)
[   185.4s] accounted K0_equal_nofund_S0 net@2 sharpe main 0.084
/root/miniconda3/envs/hsy_v5push/lib/python3.13/site-packages/numpy/_core/_methods.py:223: RuntimeWarning: Degrees of freedom <= 0 for slice
  ret = _var(a, axis=axis, dtype=dtype, out=out, ddof=ddof,
/root/miniconda3/envs/hsy_v5push/lib/python3.13/site-packages/numpy/_core/_methods.py:181: RuntimeWarning: invalid value encountered in divide
  arrmean = um.true_divide(arrmean, div, out=arrmean,
/root/miniconda3/envs/hsy_v5push/lib/python3.13/site-packages/numpy/_core/_methods.py:215: RuntimeWarning: invalid value encountered in scalar divide
  ret = ret.dtype.type(ret / rcount)
[   186.0s] accounted K0_no_fund_S0 net@2 sharpe main 0.391
[   186.5s] accounted K0_fixed_45_45_10_S0 net@2 sharpe main 0.086
/root/miniconda3/envs/hsy_v5push/lib/python3.13/site-packages/numpy/_core/_methods.py:223: RuntimeWarning: Degrees of freedom <= 0 for slice
  ret = _var(a, axis=axis, dtype=dtype, out=out, ddof=ddof,
/root/miniconda3/envs/hsy_v5push/lib/python3.13/site-packages/numpy/_core/_methods.py:181: RuntimeWarning: invalid value encountered in divide
  arrmean = um.true_divide(arrmean, div, out=arrmean,
/root/miniconda3/envs/hsy_v5push/lib/python3.13/site-packages/numpy/_core/_methods.py:215: RuntimeWarning: invalid value encountered in scalar divide
  ret = ret.dtype.type(ret / rcount)
/root/miniconda3/envs/hsy_v5push/lib/python3.13/site-packages/numpy/_core/_methods.py:223: RuntimeWarning: Degrees of freedom <= 0 for slice
  ret = _var(a, axis=axis, dtype=dtype, out=out, ddof=ddof,
/root/miniconda3/envs/hsy_v5push/lib/python3.13/site-packages/numpy/_core/_methods.py:181: RuntimeWarning: invalid value encountered in divide
  arrmean = um.true_divide(arrmean, div, out=arrmean,
/root/miniconda3/envs/hsy_v5push/lib/python3.13/site-packages/numpy/_core/_methods.py:215: RuntimeWarning: invalid value encountered in scalar divide
  ret = ret.dtype.type(ret / rcount)
[   187.7s] accounted K0_fixed_45_45_10_d30 net@2 sharpe main 0.265
/root/miniconda3/envs/hsy_v5push/lib/python3.13/site-packages/numpy/_core/_methods.py:223: RuntimeWarning: Degrees of freedom <= 0 for slice
  ret = _var(a, axis=axis, dtype=dtype, out=out, ddof=ddof,
/root/miniconda3/envs/hsy_v5push/lib/python3.13/site-packages/numpy/_core/_methods.py:181: RuntimeWarning: invalid value encountered in divide
  arrmean = um.true_divide(arrmean, div, out=arrmean,
/root/miniconda3/envs/hsy_v5push/lib/python3.13/site-packages/numpy/_core/_methods.py:215: RuntimeWarning: invalid value encountered in scalar divide
  ret = ret.dtype.type(ret / rcount)
[   188.2s] accounted K0_equal_S0 net@2 sharpe main 0.103
/root/miniconda3/envs/hsy_v5push/lib/python3.13/site-packages/numpy/_core/_methods.py:223: RuntimeWarning: Degrees of freedom <= 0 for slice
  ret = _var(a, axis=axis, dtype=dtype, out=out, ddof=ddof,
/root/miniconda3/envs/hsy_v5push/lib/python3.13/site-packages/numpy/_core/_methods.py:181: RuntimeWarning: invalid value encountered in divide
  arrmean = um.true_divide(arrmean, div, out=arrmean,
/root/miniconda3/envs/hsy_v5push/lib/python3.13/site-packages/numpy/_core/_methods.py:215: RuntimeWarning: invalid value encountered in scalar divide
  ret = ret.dtype.type(ret / rcount)
/root/miniconda3/envs/hsy_v5push/lib/python3.13/site-packages/numpy/_core/_methods.py:223: RuntimeWarning: Degrees of freedom <= 0 for slice
  ret = _var(a, axis=axis, dtype=dtype, out=out, ddof=ddof,
/root/miniconda3/envs/hsy_v5push/lib/python3.13/site-packages/numpy/_core/_methods.py:181: RuntimeWarning: invalid value encountered in divide
  arrmean = um.true_divide(arrmean, div, out=arrmean,
/root/miniconda3/envs/hsy_v5push/lib/python3.13/site-packages/numpy/_core/_methods.py:215: RuntimeWarning: invalid value encountered in scalar divide
  ret = ret.dtype.type(ret / rcount)
[   188.7s] accounted K0_base_S0 net@2 sharpe main 1.33
[   189.4s] accounted K0_half_fund_d30 net@2 sharpe main 1.336
[   189.5s] accounted K0_no_fund_d30 net@2 sharpe main 0.664
/root/miniconda3/envs/hsy_v5push/lib/python3.13/site-packages/numpy/_core/_methods.py:223: RuntimeWarning: Degrees of freedom <= 0 for slice
  ret = _var(a, axis=axis, dtype=dtype, out=out, ddof=ddof,
/root/miniconda3/envs/hsy_v5push/lib/python3.13/site-packages/numpy/_core/_methods.py:181: RuntimeWarning: invalid value encountered in divide
  arrmean = um.true_divide(arrmean, div, out=arrmean,
/root/miniconda3/envs/hsy_v5push/lib/python3.13/site-packages/numpy/_core/_methods.py:215: RuntimeWarning: invalid value encountered in scalar divide
  ret = ret.dtype.type(ret / rcount)
/root/miniconda3/envs/hsy_v5push/lib/python3.13/site-packages/numpy/_core/_methods.py:223: RuntimeWarning: Degrees of freedom <= 0 for slice
  ret = _var(a, axis=axis, dtype=dtype, out=out, ddof=ddof,
/root/miniconda3/envs/hsy_v5push/lib/python3.13/site-packages/numpy/_core/_methods.py:181: RuntimeWarning: invalid value encountered in divide
  arrmean = um.true_divide(arrmean, div, out=arrmean,
/root/miniconda3/envs/hsy_v5push/lib/python3.13/site-packages/numpy/_core/_methods.py:215: RuntimeWarning: invalid value encountered in scalar divide
  ret = ret.dtype.type(ret / rcount)
[   190.7s] accounted K0_base_d30 net@2 sharpe main 1.668
[   191.1s] accounted K0_equal_d30 net@2 sharpe main 0.318
/root/miniconda3/envs/hsy_v5push/lib/python3.13/site-packages/numpy/_core/_methods.py:223: RuntimeWarning: Degrees of freedom <= 0 for slice
  ret = _var(a, axis=axis, dtype=dtype, out=out, ddof=ddof,
/root/miniconda3/envs/hsy_v5push/lib/python3.13/site-packages/numpy/_core/_methods.py:181: RuntimeWarning: invalid value encountered in divide
  arrmean = um.true_divide(arrmean, div, out=arrmean,
/root/miniconda3/envs/hsy_v5push/lib/python3.13/site-packages/numpy/_core/_methods.py:215: RuntimeWarning: invalid value encountered in scalar divide
  ret = ret.dtype.type(ret / rcount)
/root/miniconda3/envs/hsy_v5push/lib/python3.13/site-packages/numpy/_core/_methods.py:223: RuntimeWarning: Degrees of freedom <= 0 for slice
  ret = _var(a, axis=axis, dtype=dtype, out=out, ddof=ddof,
/root/miniconda3/envs/hsy_v5push/lib/python3.13/site-packages/numpy/_core/_methods.py:181: RuntimeWarning: invalid value encountered in divide
  arrmean = um.true_divide(arrmean, div, out=arrmean,
/root/miniconda3/envs/hsy_v5push/lib/python3.13/site-packages/numpy/_core/_methods.py:215: RuntimeWarning: invalid value encountered in scalar divide
  ret = ret.dtype.type(ret / rcount)
[   192.0s] accounted K0_half_fund_S0 net@2 sharpe main 1.007
[   192.1s] accounted K0_equal_nofund_d30 net@2 sharpe main 0.258
[   192.5s] accounted K0_king_only_d30 net@2 sharpe main 0.822
[   193.3s] accounted K0_king_only_S0 net@2 sharpe main 0.555
[   193.8s] accounted K0_rev24_only_S0 net@2 sharpe main -0.994
[   193.9s] accounted K0_rev24_only_d30 net@2 sharpe main -0.873
[   194.4s] accounted K0_fund_only_d30 net@2 sharpe main 0.296
[   194.8s] accounted K0_fund_only_S0 net@2 sharpe main 0.246
[   195.4s] accounted K1_base_S0 net@2 sharpe main 1.434
[   195.5s] accounted K1_base_d30 net@2 sharpe main 1.585
[   196.4s] accounted K1_no_fund_S0 net@2 sharpe main 0.46
[   196.4s] accounted K1_no_fund_d30 net@2 sharpe main 0.565
[   197.5s] accounted K1_half_fund_S0 net@2 sharpe main 1.058
[   197.5s] accounted K1_half_fund_d30 net@2 sharpe main 1.202
[   198.0s] accounted K3_base_d30 net@2 sharpe main 1.41
[   198.9s] accounted K3_base_S0 net@2 sharpe main 1.221
[   199.4s] accounted K3_no_fund_d30 net@2 sharpe main 0.56
[   199.4s] accounted K3_no_fund_S0 net@2 sharpe main 0.425
[   199.9s] accounted K3_half_fund_S0 net@2 sharpe main 0.805
[   200.9s] accounted K2_base_S0 net@2 sharpe main 1.228
[   201.0s] accounted K3_half_fund_d30 net@2 sharpe main 1.014
[   201.9s] accounted K2_base_d30 net@2 sharpe main 1.418
[   201.9s] accounted K2_no_fund_d30 net@2 sharpe main 0.497
[   202.4s] accounted K2_no_fund_S0 net@2 sharpe main 0.349
[   202.7s] accounted K2_half_fund_d30 net@2 sharpe main 1.022
[   203.4s] accounted K2_half_fund_S0 net@2 sharpe main 0.811
[   203.7s] accounted K2_equal_d30 net@2 sharpe main 0.174
[   204.7s] accounted K2_equal_S0 net@2 sharpe main 0.057
[   204.9s] accounted K2_fixed_45_45_10_d30 net@2 sharpe main 0.139
[   205.7s] accounted K2_equal_nofund_S0 net@2 sharpe main 0.064
[   206.1s] accounted K2_fixed_45_45_10_S0 net@2 sharpe main 0.062
[   206.2s] accounted K2_equal_nofund_d30 net@2 sharpe main 0.181
[   206.7s] accounted K2_king_only_d30 net@2 sharpe main 0.659
[   208.5s] accounted K2_king_only_S0 net@2 sharpe main 0.502
[   208.7s] RECEIPT R1 {'n_common': 10098, 'maxabs_dw': 0.0, 'mean_abs_dw': 0.0, 'wa_npz_keys': ['ts', 'W', 'symbols'], 'K0_base_d30_sharpe_main': 1.668, 'K0_no_fund_d30_sharpe_main': 0.664, 'pass': True}
[   235.4s] BOOK_DONE stage_criterion {'arm': 'K2_no_fund_d30 (ablated king + rev24, msharpe 两腿, d30, 净@2, 2022-01..2026-06)', 'sharpe': 0.497, 'sharpe_CI95': [-0.417, 1.383], 'by_year_sharpe': {2022: 1.162, 2023: 0.266, 2024: 1.107, 2025: 0.276, 2026: -0.969}, 'years_nonneg': 4, 'pass': False, 'gap_to_1.0': 0.503} C_verdict {'w3_fund_2025_26_msharpe': 0.435, 'cond_i_w3fund_ge_0.40': True, 'dS_nofund_msharpe': -0.968, 'dS_nofund_equal': -0.038, 'cond_ii_equal_loss_le_half': True, 'allocation_is_main_cause': True} gap {'S_nofund_K2': 0.497, 'S_nofund_K0': 0.664, 'king_ablation_cost(S_nofund_K0 - S_nofund_K2)': 0.167, 'fund_leg_absence(S_base_K0 - S_nofund_K0)': 1.004, 'king_only_K0': 0.822, 'king_only_K2': 0.659, 'rev24_only': -0.873, 'fund_only': 0.296, 'S_base_K0': 1.668, 'S_base_K2': 1.418, 'S_base_K1': 1.585, 'S_nofund_K1': 0.565, 'S_nofund_K3': 0.56, 'S_base_K3': 1.41}
