[     2.0s] input shas {'close1h': '641773b41f251105f789893cb9047188063e96874e368cc0af1ad12012fdd115', 'funding': 'a10d085a9658db34817ef3cad7caeca85ebc46097b11e41c01d26c6c15b5f0d0', 'meta': '0ca2e235d4b1def9ba91ad32e90136b5beb6d32ab196fe978c526f40a1e18cc6', 'panel_v2': 'f14bc33d78b2492994e793b494c2ff330958351abf5e6acbb1fe0364f032bc4a', 'slow_pred': '83f57477cf47ff2063ec2e0b71cd7918365f568829d6f3b6476f1616bd964c7f', 'wa_weights_Wb_d30': '8b583dcc2bdaade4c49e4fa8fed43a2e2ae312ff8135eca638a50f980c5e98d6', 'wa_run_json': 'e51a8089e37b01cf03cbb6dcce888f4c13ba930e17fb34607b5e8b340799d32a'}
[     2.0s] R3 input SHA vs WA {'close1h': True, 'funding': True, 'meta': True, 'panel_v2': True, 'slow_pred': True}
[     7.6s] loaded NW 829 anchors grid 2021-01-01 00:00 -> 2026-08-20 16:00 E 2020-09-11 20:00 -> 2026-08-15 20:00 12985
[     7.8s] composites 0 / 12985
[    17.4s] composites 3000 / 12985
[    28.9s] composites 6000 / 12985
[    41.2s] composites 9000 / 12985
[    53.7s] composites 12000 / 12985
[    69.7s] composites done {"frac_anchors_all13_available": 0.9996149403157489, "navail_hist": {"0": 5, "13": 12980}, "composite_finite_frac_on_members": {"ALL13": 1.0, "NOREV24": 1.0, "SLOW12": 1.0, "REV6": 1.0, "VOL2": 1.0, "VP5": 1.0}, "ICW_weight_mean_by_factor(2022+)": {"f_rev_4h": 0.1126, "f_rev_24h": 0.1103, "f_rev_3d": 0.0982, "f_mom_7d": 0.0938, "f_mom_30d": 0.0725, "f_mom_7d_x24": 0.0449, "f_vol_7d": 0.1497, "f_range_24h": 0.1665, "f_volq_ratio": 0.0389, "f_amihud_24h": 0.0358, "f_cpos_24h": 0.0213, "f_tbf_24h": 0.0081, "f_asz_24h": 0.0474}, "factor_IC_mean_2022+(sign-adjusted, vs true (T,T+4h])": {"f_rev_4h":
[    69.8s] S1 0 / 10123
[   212.8s] S1 2000 / 10123
[   361.4s] S1 4000 / 10123
[   513.6s] S1 6000 / 10123
[   676.8s] S1 8000 / 10123
[   844.3s] S1 10000 / 10123
[   847.4s] S1 done {'ALL13': (0.00347, False), 'NOREV24': (0.0024, False), 'SLOW12': (0.00186, False), 'REV6': (0.00231, False), 'VOL2': (0.00367, True), 'VP5': (-0.00478, False), 'ICW': (0.00645, True), 'PLACEBO0': (-0.0067, False), 'PLACEBO1': (-0.00603, False), 'PLACEBO2': (-0.00638, False), 'PLACEBO3': (-0.00613, False), 'PLACEBO4': (-0.0065, False), 'POS_fund_ema_v1': (-0.00029, False), 'POS_rev24': (0.00237, False)}
[   867.5s] job NF0_S0 20.0 s skipped 119 fires 0 net@2 sharpe(main) 0.391
[   868.7s] job NF0 21.2 s skipped 119 fires 4791 net@2 sharpe(main) 0.664
[   873.6s] job B0_S0 26.1 s skipped 119 fires 0 net@2 sharpe(main) 1.33
[   874.6s] job B0 26.9 s skipped 119 fires 5421 net@2 sharpe(main) 1.668
[   879.0s] job A15_S0 31.6 s skipped 119 fires 0 net@2 sharpe(main) 1.141
[   879.7s] job A25 32.2 s skipped 119 fires 5608 net@2 sharpe(main) 1.294
[   880.8s] job AM 33.3 s skipped 119 fires 5336 net@2 sharpe(main) 1.333
[   883.9s] job A15 36.4 s skipped 119 fires 5354 net@2 sharpe(main) 1.442
[   893.8s] job NF15 26.2 s skipped 119 fires 4922 net@2 sharpe(main) 0.621
[   893.8s] job NF15_S0 25.0 s skipped 119 fires 0 net@2 sharpe(main) 0.33
[   899.1s] job NF25 25.5 s skipped 119 fires 5213 net@2 sharpe(main) 0.603
[   900.5s] job NFM 26.0 s skipped 119 fires 5175 net@2 sharpe(main) 0.455
[   905.0s] job NF15_NOREV24 25.3 s skipped 119 fires 4955 net@2 sharpe(main) 0.634
[   910.7s] job A15_NOREV24 31.7 s skipped 119 fires 5418 net@2 sharpe(main) 1.5
[   912.0s] job NF15_ICW 28.1 s skipped 119 fires 4871 net@2 sharpe(main) 0.517
[   913.1s] job A15_ICW 32.2 s skipped 119 fires 5116 net@2 sharpe(main) 1.337
[   919.3s] job NF15_SLOW12 25.5 s skipped 119 fires 4952 net@2 sharpe(main) 0.637
[   925.4s] job A15_SLOW12 31.6 s skipped 119 fires 5382 net@2 sharpe(main) 1.481
[   925.8s] job NF15_PLACEBO0 25.3 s skipped 119 fires 4530 net@2 sharpe(main) 0.548
[   930.8s] job A15_PLACEBO0 31.7 s skipped 119 fires 5098 net@2 sharpe(main) 1.464
[   936.0s] job NF15_PLACEBO1 25.3 s skipped 119 fires 4697 net@2 sharpe(main) 0.564
[   936.7s] job A15_PLACEBO1 31.7 s skipped 119 fires 5203 net@2 sharpe(main) 1.49
[   938.8s] job NF15_PLACEBO2 25.7 s skipped 119 fires 4785 net@2 sharpe(main) 0.567
[   947.2s] job A15_PLACEBO2 35.2 s skipped 119 fires 5266 net@2 sharpe(main) 1.509
[   950.8s] job NF15_PLACEBO3 25.4 s skipped 119 fires 4768 net@2 sharpe(main) 0.579
[   951.2s] job A15_PLACEBO3 31.9 s skipped 119 fires 5187 net@2 sharpe(main) 1.512
[   956.3s] job NF15_PLACEBO4 25.5 s skipped 119 fires 4687 net@2 sharpe(main) 0.595
[   957.4s] job A15_PLACEBO4 31.6 s skipped 119 fires 5241 net@2 sharpe(main) 1.483
[   957.5s] all chains done 110.1 s
[   957.7s] RECEIPT R2 parity {'n_common': 10123, 'maxabs_dw': 0.0, 'mean_abs_dw': 0.0, 'pass(<1e-6)': True}
[  1020.0s] RUN DONE {"S1_main_ALL13_pass": false, "S1_main_ALL13_dIC": 0.00347, "S2_A15_pass": false, "G0_book_ruler_ok": false, "nofund_NF15_sharpe": 0.621, "nofund_NF15_stage_target": false, "R2_parity_pass": true}
