[    0.0s] sha256 inputs ...
[    9.5s] anchors n=9821 [2022-01-01 00:00:00+00:00 .. 2026-06-29 20:00:00+00:00] r4 finite frac 0.390 r24 0.389
[   11.6s] reading CH[:,:,funding_ema] (strided mmap) ...
[   12.6s] U140 size mean 100.8; king_p3 finite frac on U140 0.997; R5 maxabs 1.20e-07
[   12.8s] R4 corr stale 0.93042 fresh 0.94444 xsec-spearman median 1.0000
[   13.2s] R2 frac 1.0000 (n 894150) | R3 frac 0.9987 corr 0.97600 mad 0.0084 bps
[   14.6s] metrics d_oi_24h finite frac on U140 0.996; basis finite frac 1.000
/root/miniconda3/envs/hsy_v5push/lib/python3.13/site-packages/numpy/lib/_function_base_impl.py:3045: RuntimeWarning: invalid value encountered in divide
  c /= stddev[:, None]
/root/miniconda3/envs/hsy_v5push/lib/python3.13/site-packages/numpy/lib/_function_base_impl.py:3046: RuntimeWarning: invalid value encountered in divide
  c /= stddev[None, :]
[   42.8s] A U140 fund_now_nf: IC4h -0.0045 (t -3.3) spread4h -1.56 bps carry spread +3.48 | by_year IC4h 2022:-0.0144 2023:+0.0018 2024:-0.0086 2025:+0.0001 2026:+0.0019
[   69.2s] A U140 ema_v1: IC4h +0.0012 (t +0.9) spread4h +0.33 bps carry spread +2.23 | by_year IC4h 2022:+0.0085 2023:+0.0054 2024:-0.0139 2025:+0.0014 2026:+0.0080
[   95.0s] A U140 ema_v2: IC4h -0.0010 (t -0.8) spread4h -0.07 bps carry spread +2.41 | by_year IC4h 2022:-0.0061 2023:+0.0052 2024:-0.0067 2025:-0.0010 2026:+0.0078
[  120.3s] A U140 chg: IC4h -0.0059 (t -4.6) spread4h -2.37 bps carry spread +0.79 | by_year IC4h 2022:-0.0201 2023:-0.0067 2024:+0.0035 2025:-0.0007 2026:-0.0051
[  146.2s] A U140 d24_ema_v1: IC4h -0.0023 (t -1.8) spread4h -1.23 bps carry spread +0.93 | by_year IC4h 2022:-0.0154 2023:-0.0032 2024:+0.0099 2025:-0.0028 2026:+0.0026
[  171.0s] A U140 ema_v0: IC4h +0.0081 (t +6.2) spread4h +0.13 bps carry spread +2.16 | by_year IC4h 2022:+0.0085 2023:+0.0055 2024:+0.0063 2025:+0.0111 2026:+0.0101
[  174.5s] A U140 fund_now_nf_stale: IC4h -0.0009
[  178.0s] A U140 ema_v2_stale: IC4h +0.0003
[  181.5s] A U140 train_channel_funding_ema: IC4h +0.0020
[  200.8s] A U400 fund_now_nf: IC4h -0.0011 (t -1.0) spread4h +6.80 bps carry spread +7.34 | by_year IC4h 2022:-0.0117 2023:+0.0036 2024:-0.0052 2025:+0.0055 2026:+0.0055
[  222.7s] A U400 ema_v1: IC4h +0.0068 (t +5.7) spread4h +5.46 bps carry spread +4.79 | by_year IC4h 2022:+0.0122 2023:+0.0061 2024:-0.0068 2025:+0.0102 2026:+0.0175
[  244.2s] A U400 ema_v2: IC4h +0.0025 (t +2.1) spread4h +4.25 bps carry spread +5.30 | by_year IC4h 2022:-0.0017 2023:+0.0056 2024:-0.0059 2025:+0.0074 2026:+0.0119
[  264.9s] A U400 chg: IC4h -0.0063 (t -6.2) spread4h -1.67 bps carry spread +2.15 | by_year IC4h 2022:-0.0210 2023:-0.0051 2024:+0.0008 2025:-0.0011 2026:-0.0042
[  285.4s] A U400 d24_ema_v1: IC4h -0.0023 (t -2.2) spread4h -0.56 bps carry spread +2.48 | by_year IC4h 2022:-0.0146 2023:-0.0014 2024:+0.0052 2025:+0.0010 2026:-0.0009
[  306.0s] A U400 ema_v0: IC4h +0.0127 (t +11.5) spread4h +4.71 bps carry spread +4.68 | by_year IC4h 2022:+0.0122 2023:+0.0068 2024:+0.0100 2025:+0.0193 2026:+0.0179
[  306.3s] regime tables done
[  384.4s] double sorts done
[  434.7s] factor corr done
[  494.1s] B U140: IN_hold8h net +0.407 (S +0.80) price +0.485 carry_paid -0.591 | WIDE_ema net -0.850 (S -1.71) price -0.273 carry_paid +0.494 rho_net -0.833
[  549.0s] B U400: IN_hold8h net +0.162 (S +0.29) price -0.439 carry_paid -1.175 | WIDE_ema net -0.208 (S -0.39) price +0.810 carry_paid +0.937 rho_net -0.839
[  638.1s] C U140: C1 gate on 0.86 Δnet -0.063 S1 pass False (dIC -0.0066) S2 False | C2 chg S1 False (dIC -0.0050) S2 False | WIDE ref S1 False (dIC -0.0005)
[  739.3s] C U400: C1 gate on 0.89 Δnet -0.023 S1 pass False (dIC -0.0058) S2 False | C2 chg S1 False (dIC -0.0040) S2 False | WIDE ref S1 False (dIC -0.0002)
[  739.7s] DONE -> /mnt/storage/private/work_hsy/probe_artifacts/ff_results/funding_factor_deepdive_2026-08-22.json sha 4580cd516c40271c
