[     2.4s] input shas done
[     6.9s] returns grid (12347, 829) 2021-01-01 00:00 -> 2026-08-20 16:00 finite frac 0.351
[     8.6s] W-a loaded (12279, 829) 2021-01-06 16:00 -> 2026-08-15 00:00
[    12.5s] par_S0 chain 3000 / 12985
[    18.2s] par_S0 chain 6000 / 12985
[    24.4s] par_S0 chain 9000 / 12985
[    31.1s] par_S0 chain 12000 / 12985
[    37.1s] par_d30 chain 3000 / 12985
[    43.0s] par_d30 chain 6000 / 12985
[    49.1s] par_d30 chain 9000 / 12985
[    55.9s] par_d30 chain 12000 / 12985
[    61.8s] S0 chain 3000 / 12985
[    67.4s] S0 chain 6000 / 12985
[    73.4s] S0 chain 9000 / 12985
[    79.7s] S0 chain 12000 / 12985
[    85.3s] d30 chain 3000 / 12985
[    91.1s] d30 chain 6000 / 12985
[    97.5s] d30 chain 9000 / 12985
[   104.1s] d30 chain 12000 / 12985
[   109.8s] d30_nofund chain 3000 / 12985
[   115.6s] d30_nofund chain 6000 / 12985
[   121.9s] d30_nofund chain 9000 / 12985
[   128.3s] d30_nofund chain 12000 / 12985
[   134.2s] d30_halffund chain 3000 / 12985
[   140.0s] d30_halffund chain 6000 / 12985
[   146.2s] d30_halffund chain 9000 / 12985
[   152.6s] d30_halffund chain 12000 / 12985
[   158.3s] S0_nofund chain 3000 / 12985
[   164.1s] S0_nofund chain 6000 / 12985
[   170.2s] S0_nofund chain 9000 / 12985
[   176.4s] S0_nofund chain 12000 / 12985
[   178.5s] chains done 169.9 s {'par_S0': (10123, 34, 0), 'par_d30': (10123, 34, 4139), 'S0': (10123, 119, 0), 'd30': (10123, 119, 5421), 'd30_nofund': (10123, 119, 4791), 'd30_halffund': (10123, 119, 5185), 'S0_nofund': (10123, 119, 0)}
[   178.9s] RECEIPT parity S0 {'n_common': 10123, 'maxabs_dw': 0.0018432801589369774, 'mean_abs_dw': 1.6252624952611592e-05, 'gross_a': 0.8453183770179749, 'gross_b': 0.8532103896141052, 'frac_anchors_maxdw_lt_1e-4': 0.008989430010866344, 'corr_flat': 0.9994211550053426}
[   179.2s] RECEIPT parity d30 {'n_common': 10123, 'maxabs_dw': 0.009155697893277193, 'mean_abs_dw': 1.7061049776435115e-05, 'gross_a': 0.8340240120887756, 'gross_b': 0.842524528503418, 'frac_anchors_maxdw_lt_1e-4': 0.008989430010866344, 'corr_flat': 0.9992593973121181}
/root/miniconda3/envs/hsy_v5push/lib/python3.13/site-packages/numpy/_core/_methods.py:223: RuntimeWarning: Degrees of freedom <= 0 for slice
  ret = _var(a, axis=axis, dtype=dtype, out=out, ddof=ddof,
/root/miniconda3/envs/hsy_v5push/lib/python3.13/site-packages/numpy/_core/_methods.py:181: RuntimeWarning: invalid value encountered in divide
  arrmean = um.true_divide(arrmean, div, out=arrmean,
/root/miniconda3/envs/hsy_v5push/lib/python3.13/site-packages/numpy/_core/_methods.py:215: RuntimeWarning: invalid value encountered in scalar divide
  ret = ret.dtype.type(ret / rcount)
[   182.2s] accounted Wa_S0 net@2 sharpe FULL 1.388 2022-06 1.305
[   185.2s] accounted Wa_d30 net@2 sharpe FULL 1.753 2022-06 1.693
[   189.0s] accounted Wb_S0 net@2 sharpe FULL 1.408 2022-06 1.33
[   192.9s] accounted Wb_d30 net@2 sharpe FULL 1.728 2022-06 1.668
[   196.7s] accounted Wb_d30_nofund net@2 sharpe FULL 0.725 2022-06 0.664
[   200.5s] accounted Wb_d30_halffund net@2 sharpe FULL 1.413 2022-06 1.336
[   204.4s] accounted Wb_S0_nofund net@2 sharpe FULL 0.457 2022-06 0.391
[   205.3s] RECEIPT published caliber replica S0 {'n': 12279, 'maxabs_diff_bps': 8.042960814691469e-06, 'mean_abs_diff_bps': 3.2906931882657354e-07}
[   206.1s] RECEIPT published caliber replica d30 {'n': 12279, 'maxabs_diff_bps': 6.2255116546339195e-06, 'mean_abs_diff_bps': 3.0637008663615425e-07}
[   207.5s] 5m arm {'5m_cc': -1.8747091873221135e-07, '5m_sum_simple': 0.04564396247410744, '5m_sum_log': 0.0730426376703316}
[   217.8s] RECEIPT inrole {'n': 9846, 'pnl_mine_mean': 0.3858, 'pnl_sr_mean': 0.3858, 'corr': 1.0, 'mean_abs_diff_bps': 3.7013053383026975e-05, 'max_abs_diff_bps': 0.00018208179301648642, 'frac_abs_lt_0.01': 1.0, 'seg2025': {'n': 2190, 'pnl_mine': 0.7489, 'pnl_sr': 0.7489, 'mean_abs_diff': 3.433386288136597e-05, 'max_abs_diff': 0.00017665280377343606, 'sharpe_mine_net_sr_cost': 0.871, 'sharpe_sr_net': 0.871}, 'trn_mine_mean': 0.0276, 'trn_sr_mean': 0.0276, 'gross_mine_mean': 0.9587, 'gross_sr_mean': 0.9587, 'sr_net_sharpe_full(quoted 0.37)': 0.367, 'sr_net_mean_full(quoted 0.272)': 0.2717}
[   221.2s] two_book {'Wb_d30': (0.0608, 1.675, 0.433, 0.9), 'Wa_d30': (0.061, 1.701, 0.433, 0.9), 'Wb_S0': (0.0746, 1.336, 0.433, 0.85)}
[   221.2s] E_verdict {'rule': 'Wb_d30 净@2 vs 在役 S1 同口径 配对块自助 ΔSharpe CI95', 'wide_sharpe': 1.675, 'wide_sharpe_CI95': [0.726, 2.608], 'inrole_sharpe': 0.433, 'delta': {'mean': 1.227, 'CI95': [0.135, 2.441], 'P_gt_0': 0.981}, 'verdict': '显著优于'}
[   222.8s] run DONE -> /mnt/storage/private/work_hsy/probe_artifacts/wa/wide_full_caliber_audit_run_2026-08-22.json
