[     0.1s] shadow weights (29, 829) 2026-08-17 04:00 -> 2026-08-22 00:00 symbols with weight 746 score rows 31
[     0.5s] pull 0 / 746
[    22.9s] kl fail AERGOUSDT
[    30.5s] pull 50 / 746
[    60.1s] pull 100 / 746
[    79.8s] kl fail BDXNUSDT
[    95.0s] pull 150 / 746
[   124.3s] pull 200 / 746
[   149.7s] pull 250 / 746
[   185.7s] pull 300 / 746
[   220.9s] pull 350 / 746
[   253.2s] pull 400 / 746
[   282.2s] pull 450 / 746
[   309.6s] pull 500 / 746
[   352.1s] pull 550 / 746
[   378.5s] pull 600 / 746
[   404.9s] kl fail SXPUSDT
[   414.9s] pull 650 / 746
[   443.4s] pull 700 / 746
[   469.2s] shadow DONE {'gross_diff_mine_minus_shadow': {'mean': 1.866707513256794, 'sd': 5.0876346195083, 'median': 1.020406449867835, 'max_abs': 15.556263248697487, 'corr': 0.9872719393933899}, 'carry_realized_minus_shadow_pred': {'mean': 0.027616543325182305, 'sd': 0.9368095360056544, 'max_abs': 3.788949233537388}, 'carry_predreplica_minus_shadow': {'mean': 0.02673668907373655, 'sd': 0.33789463526732394, 'max_abs': 1.5001759032282422, 'corr': 0.9048758950869483}, 'sums_common': {'shadow_net': -221.96200000000005, 'shadow_gross': -171.68400000000003, 'mine_gross': -121.28289714206653, 'mine_carry_real': 49.87764666977992, 'shadow_carry_pred': 49.132000000000005, 'mine_cost_main': 1.1126834866507387, 'shadow_cost': 1.146, 'mine_net_main': -172.2732272984972, 'mine_net_shadowcost': -172.3065438118465, 'conv_mine': 39.02327415823143}, 'first_week': {'shadow_score_rows_n': 31, 'shadow_net_sum': -203.44099999999997, 'shadow_gross_sum': -144.778, 'mine_common_n': 27, 'mine_net_main_sum_common': -172.2732272984972, 'shadow_net_sum_common': -221.962, 'mine_gross_sum_common': -121.28289714206653, 'shadow_gross_sum_common': -171.68400000000003}}
