[   10.6s] input shas done
[   67.0s] cache (484705, 829) 2022-01-01 00:00 -> 2026-08-11 00:00
[  111.2s] receipt0 {'bar_open': '2022-01-01 00:05', 'cache_ts(close)': '2022-01-01 00:10', 'raw_ret': 0.0012123195851470037, 'cache_ret5': 0.0012121200561523438, 'abs_err': 1.9952899465991436e-07}
[  112.1s] receipt meta==panel {'n_both_finite': 3692041, 'maxabs': 0.0, 'finite_pattern_identical': True}
[  113.2s] receipt1 {'n': 2699143, 'maxabs': 0.01563262939453125, 'frac_abs_lt_1e-6': 0.9999503546125567, 'mean_abs_bps': 0.0016618133522570133, 'finite_pattern_mismatch_rows(members,in_cache)': 0}
[  113.7s] 1h extension rows 192 2026-06-30 00:00 -> 2026-07-31 20:00 coverage(members) 1.0
[  118.0s] A pairs {"n": 2592129, "corr": 0.96252, "mean_bps": 4.499, "median_bps": 1.669, "mean_abs_bps": 29.444, "p50_abs": 18.57, "p90_abs": 62.61, "p95_abs": 86.59, "p99_abs": 170.16, "max_abs": 13095.1, "frac_abs_gt_100bps": 0.03573, "frac_abs_gt_20bps": 0.4723, "slope_x_on_y": 0.9492, "intercept_bps": 4.267} {"n": 2592129, "corr": 0.98877, "mean_bps": 0.312, "median_bps": -0.0, "mean_abs_bps": 0.459, "p50_abs": 0.03, "p90_abs": 0.08, "p95_abs": 0.11, "p99_abs": 0.21, "max_abs": 10990.2, "frac_abs_gt_100bps": 0.00017, "frac_abs_gt_20bps": 0.0002, "slope_x_on_y": 0.9774, "intercept_bps": 0.209}
[  136.5s] offset spectrum {'k=-2': {'corr': 0.93668, 'mean_abs_bps': 52.638}, 'k=-1': {'corr': 0.95704, 'mean_abs_bps': 41.504}, 'k=+0': {'corr': 0.97389, 'mean_abs_bps': 28.661}, 'k=+1': {'corr': 0.98877, 'mean_abs_bps': 0.459}, 'k=+2': {'corr': 0.95637, 'mean_abs_bps': 42.671}, 'k=+3': {'corr': 0.92531, 'mean_abs_bps': 57.611}}
[  143.7s] A done
[  148.3s] w2b D loaded
[  172.5s] run done fixlog|S0 n 12279 fallback rows 2181
[  172.8s] run done fixsim|S0 n 12279 fallback rows 2181
[  172.8s] run done meta|S0 n 12279 fallback rows 12279
[  173.5s] run done meta|d30 n 12279 fallback rows 12279
[  173.6s] run done fixlog|d30 n 12279 fallback rows 2181
[  173.6s] run done 1h|S0 n 12279 fallback rows 2267
[  174.3s] run done fixsim|d30 n 12279 fallback rows 2181
[  174.3s] run done 1hlive|S0 n 12279 fallback rows 2458
[  174.7s] run done 1h|d30 n 12279 fallback rows 2267
[  175.1s] run done 1hsim|S0 n 12279 fallback rows 2267
[  175.2s] run done 1hlive|d30 n 12279 fallback rows 2458
[  175.9s] run done 1hsim|d30 n 12279 fallback rows 2267
[  175.9s] receipts B {'meta|d30 vs pod nets_histv2_-30_2_42.npy': {'n_ref': 12279, 'n_run': 12279, 'n_common': 12279, 'maxabs_net_diff': 0.0}, 'meta|S0 vs pod nets_histv2_0_0_0.npy': {'n_ref': 12279, 'n_run': 12279, 'n_common': 12279, 'maxabs_net_diff': 0.0}}
/root/miniconda3/envs/hsy_v5push/lib/python3.13/site-packages/numpy/_core/_methods.py:223: RuntimeWarning: Degrees of freedom <= 0 for slice
  ret = _var(a, axis=axis, dtype=dtype, out=out, ddof=ddof,
/root/miniconda3/envs/hsy_v5push/lib/python3.13/site-packages/numpy/_core/_methods.py:181: RuntimeWarning: invalid value encountered in divide
  arrmean = um.true_divide(arrmean, div, out=arrmean,
/root/miniconda3/envs/hsy_v5push/lib/python3.13/site-packages/numpy/_core/_methods.py:215: RuntimeWarning: invalid value encountered in scalar divide
  ret = ret.dtype.type(ret / rcount)
[  199.2s] B delta {"S0: 1h \u2212 meta": {"mean": 0.679, "CI95": [0.242, 1.074], "P_gt_0": 0.998, "P_ge_0.10": 0.996, "P_le_-0.10": 0.0, "sharpe_a": 2.646, "sharpe_b": 2.0, "delta_point": 0.646}, "S0: fixlog \u2212 meta": {"mean": 0.748, "CI95": [0.269, 1.146], "P_gt_0": 0.999, "P_ge_0.10": 0.997, "P_le_-0.10": 0.0, "sharpe_a": 2.717, "sharpe_b": 2.0, "delta_point": 0.717}, "S0: fixlog \u2212 1h": {"mean": 0.069, "CI95": [-0.065, 0.249], "P_gt_0": 0.8, "P_ge_0.10": 0.315, "P_le_-0.10": 0.004, "sharpe_a": 2.717, "sharpe_b": 2.646, "delta_point": 0.071}, "S0: fixsim \u2212 fixlog": {"mean": -0.757, "CI95": [-1.151, -0.279], "P_gt_0": 0.001, "P_ge_0.10": 0.0, "P_le_-0.10": 0.997, "sharpe_a": 1.99, "sharpe_b": 2.717, "delta_point": -0.727}, "S0: 1hlive \u2212 1h": {"mean": -0.309, "CI95": [-0.483, -0.121], "P_gt_0": 0.0, "P_ge_0.10": 0.0, "P_le_-0.10": 0.993, "sharpe_a": 2.302, "sharpe_b": 2.646, "delta_point": -0.344}, "S0: fixsim \u2212 meta": {"mean": -0.009, "CI95": [-0.035, 0.018], "P_gt_0": 0.268, "P_ge_0.10": 0.0, "P_le_-0.10": 0.0, "sharpe_a": 1.99, "sharpe_b": 2.0, "delta_point": -0.009}, "S0: 1hsim \u2212 meta": {"mean": -0.125, "CI95": [-0.366, 0.073], "P_gt_0": 0.118, "P_ge_0.10": 0.013, "P_le_-0.10": 0.556, "sharpe_a": 1.877, "sharpe_b": 2.0, "delta_point": -0.123}, "S0: 1hsim \u2212 fixsim": {"mean": -0.116, "CI95": [-0.357, 0.08], "P_gt_0": 0.141, "P_ge_0.10": 0.018, "P_le_-0.10": 0.515, "sharpe_a": 1.877, "sharpe_b": 1.99, "delta_point": -0.114}, "S0: 1hsim \u2212 1h": {"mean": -0.804, "CI95": [-1.254, -0.294], "P_gt_0": 0.001, "P_ge_0.10": 0.0, "P_le_-0.10": 0.996, "sharpe_a": 1.877, "sharpe_b": 2.646, "delta_point": -0.769}, "S0: 1hsim \u2212 fixlog": {"mean": -0.873, "CI95": [-1.378, -0.274], "P_gt_0": 0.003, "P_ge_0.10": 0.0, "P_le_-0.10": 0.993, "sharpe_a": 1.877, "sharpe_b": 2.717, "delta_point": -0.84}, "d30: 1h \u2212 meta": {"mean": 0.555, "CI95": [0.183, 0.89], "P_gt_0": 0.999, "P_ge_0.10": 0.99, "P_le_-0.10": 0.001, "sharpe_a": 2.965, "sharpe_b": 2.438, "delta_point": 0.526}, "d30: fixlog \u2212 meta": {"mean": 0.672, "CI95": [0.352, 0.968], "P_gt_0": 1.0, "P_ge_0.10": 1.0, "P_le_-0.10": 0.0, "sharpe_a": 3.085, "sharpe_b": 2.438, "delta_point": 0.646}, "d30: fixlog \u2212 1h": {"mean": 0.118, "CI95": [-0.002, 0.294], "P_gt_0": 0.972, "P_ge_0.10": 0.546, "P_le_-0.10": 0.0, "sharpe_a": 3.085, "sharpe_b": 2.965, "delta_point": 0.12}, "d30: fixsim \u2212 fixlog": {"mean": -0.681, "CI95": [-0.982, -0.347], "P_gt_0": 0.0, "P_ge_0.10": 0.0, "P_le_-0.10": 1.0, "sharpe_a": 2.43, "sharpe_b": 3.085, "delta_point": -0.655}, "d30: 1hlive \u2212 1h": {"mean": -0.261, "CI95": [-0.442, -0.086], "P_gt_0": 0.001, "P_ge_0.10": 0.0, "P_le_-0.10": 0.961, "sharpe_a": 2.698, "sharpe_b": 2.965, "delta_point": -0.267}, "d30: fixsim \u2212 meta": {"mean": -0.009, "CI95": [-0.064, 0.045], "P_gt_0": 0.377, "P_ge_0.10": 0.0, "P_le_-0.10": 0.001, "sharpe_a": 2.43, "sharpe_b": 2.438, "delta_point": -0.008}, "d30: 1hsim \u2212 meta": {"mean": -0.213, "CI95": [-0.445, -0.04], "P_gt_0": 0.009, "P_ge_0.10": 0.001, "P_le_-0.10": 0.869, "sharpe_a": 2.218, "sharpe_b": 2.438, "delta_point": -0.221}, "d30: 1hsim \u2212 fixsim": {"mean": -0.204, "CI95": [-0.438, -0.024], "P_gt_0": 0.007, "P_ge_0.10": 0.0, "P_le_-0.10": 0.838, "sharpe_a": 2.218, "sharpe_b": 2.43, "delta_point": -0.213}, "d30: 1hsim \u2212 1h": {"mean": -0.767, "CI95": [-1.09, -0.44], "P_gt_0": 0.0, "P_ge_0.10": 0.0, "P_le_-0.10": 1.0, "sharpe_a": 2.218, "sharpe_b": 2.965, "delta_point": -0.747}, "d30: 1hsim \u2212 fixlog": {"mean": -0.885, "CI95": [-1.243, -0.536], "P_gt_0": 0.0, "P_ge_0.10": 0.0, "P_le_-0.10": 1.0, "sharpe_a": 2.218, "sharpe_b": 3.085, "delta_point": -0.867}}
[  201.9s] decomp {"meta": 1.541, "fixlog": 1.8331, "fixsim": 1.5368, "1h": 1.8033, "1hlive": 1.7128, "1hsim": 1.5029, "KNOWN_bar(T-5m,T]": 0.0592, "LAST_bar(T+3h55m,T+4h]": 0.0571, "JENSEN": -0.2963, "CONVEX(expm1(L1h)-L1h)": -0.3004, "CROSS(fixsim-expm1(fixlog))": -0.0011, "meta\u2212fixlog": -0.2921, "KNOWN\u2212LAST+JENSEN": -0.2942, "corr(meta\u2212fixlog, KNOWN\u2212LAST+JENSEN)": 0.9997, "1hsim\u22121h(=CONVEX)": -0.3004, "meta\u22121hsim": 0.0381, "fixsim\u22121hsim(=CROSS)": 0.0339, "CONVEX_share_of_1h_pnl": -0.1666, "sd_pg": {"meta": 18.949, "fixlog": 18.85, "fixsim": 18.933, "1h": 19.049, "1hlive": 19.651, "1hsim": 19.345, "KNOWN_bar(T-5m,T]": 2.247, "LAST_bar(T+3h55m,T+4h]": 2.246, "JENSEN": 2.009, "CONVEX(expm1(L1h)-L1h)": 2.916, "CROSS(fixsim-expm1(fixlog))": 1.878}}
[  202.0s] spillover live {"note": "\u5728\u5f79\u79bb\u7ebf\u56de\u653e\u65cf Y4 \u4e3a\u5bf9\u6570\u6536\u76ca(= R_live); \u6b64\u5904\u53ea\u5bf9 W2 \u5728\u5f79 S1 \u6301\u4ed3\u7b97\u51f8\u6027\u9879 \u03a3 W\u00b7(expm1(Y4)\u2212Y4), \u4e0d\u91cd\u8dd1\u5728\u5f79\u7ba1\u7ebf; \u6b63=\u5bf9\u6570\u53e3\u5f84\u4f4e\u4f30, \u8d1f=\u5bf9\u6570\u53e3\u5f84\u9ad8\u4f30", "convexity_mean_bps_per_anchor": -0.8396, "S1_pnl_mean(log caliber)": 1.2346, "S1_net_mean(log caliber)": 1.1218, "my_pnl_log_mean(check \u2248 S1_pnl)": 1.2346, "convexity_share_of_pnl": -0.68, "sharpe_S1_net_log": 1.485, "sharpe_S1_net_plus_convexity": 0.375, "by_year_convexity": {"2022": -0.8701, "2023": -0.6517, "2024": -1.0349, "2025": -0.8578, "2026": -0.7269}}
[  211.4s] IC {"king": {"mean": -0.00303, "t": -11.13, "by_year": {"2022": -0.00249, "2023": -0.00263, "2024": -0.00249, "2025": -0.00383, "2026": -0.00443}}, "rev24": {"mean": -0.00015, "t": -0.53, "by_year": {"2022": 0.00124, "2023": 0.00109, "2024": -0.00064, "2025": -0.00148, "2026": -0.00175}}, "fund": {"mean": 0.00074, "t": 2.78, "by_year": {"2022": -0.00093, "2023": 0.00011, "2024": 0.0015, "2025": 0.00141, "2026": 0.00246}}, "book_z": {"mean": -0.00114, "t": -4.33, "by_year": {"2022": -0.00184, "2023": -0.0004, "2024": -0.00115, "2025": -0.00177, "2026": 4e-05}}}
[  213.0s] vision daily parsed names with 5m 450 of 450
[  213.4s] C {"n_anchors": 27, "g_shadow_conv(rolling,(T,T+4h],simple)": {"n": 27, "corr_vs_logged": 1.0, "mean_diff_bps": 0.0, "mean_abs_diff_bps": 0.0, "max_abs_diff_bps": 0.0, "median_rel_abs_diff(recon_style)": 0.0, "sum_source_bps": -171.68, "sum_logged_bps": -171.68}, "g_meta_conv(rolling,[T-5m,T+3h55m],simple)": {"n": 27, "corr_vs_logged": 0.9855, "mean_diff_bps": -0.107, "mean_abs_diff_bps": 3.558, "max_abs_diff_bps": 12.201, "median_rel_abs_diff(recon_style)": 0.1398, "sum_source_bps": -174.56, "sum_logged_bps": -171.68}, "g_fixlog(rolling,(T,T+4h],log)": {"n": 27, "corr_vs_logged": 0.999, "mean_diff_bps": -1.84, "mean_abs_diff_bps": 1.927, "max_abs_diff_bps": 5.216, "median_rel_abs_diff(recon_style)": 0.0928, "sum_source_bps": -221.37, "sum_logged_bps": -171.68}}
[  213.5s] DONE /mnt/storage/private/work_hsy/probe_artifacts/ws_results/wide_return_source_audit_2026-08-22.json {'mechanism_reproduced': True, 'offset_spectrum_peak': 'k=+1', 'window_of_meta_y4': '[T-5m, T+3h55m] (includes the bar already realised at decision time T; excludes the last 5m bar)', 'material_sharpe_impact': {'S0: 1h − meta': True, 'S0: fixlog − meta': True, 'S0: fixsim − meta': False, 'S0: 1hsim − meta': False, 'd30: 1h − meta': True, 'd30: fixlog − meta': True, 'd30: fixsim − meta': False, 'd30: 1hsim − meta': True}, 'choice': '② 面板源有系统偏差(窗口错位 1 bar: meta y4 含决策时已实现的 bar, 不可交易; 以对齐窗口源(1h K 线 / 5m 修正)为准)', 'tradable_caliber_gap_1hsim_minus_meta_sharpe': {'S0: 1hsim − meta': -0.123, 'd30: 1hsim − meta': -0.221}, 'recommended_source': '可交易口径 = 1h K 线简单 close→close 持有收益(源 1hsim, 窗口 T→T+4h); 影子的 Σ简单5m(T,T+4h] 与之只差交叉项; 对数口径(1h-log/fixlog)对净空高波动名的书偏乐观(凸性项), 不得作为宽书净额口径; meta(Σ简单, 窗口前移一根 bar)对书级数字的影响 = 1hsim−meta 列'}
