CONFIG {"kings": {"pinned": {"path": "/workspace/shadow_bundle_v3/slow_pred_pinned.npy", "sha256": "158cd4ac8f8f30f7f41a5a6cba0bd19a450ce756727e4aeae3d4e4b0b67d0054"}, "rollm": {"path": "/workspace/review_scratch/rolling_king/slow_pred_rollm.npy", "sha256": "999f7d4d8fa4de8e9eb46305d31af8a06b14419b07389f269a8d2fbad138be4a"}, "rollq": {"path": "/workspace/review_scratch/rolling_king/slow_pred_rollq.npy", "sha256": "a67d666b4313119497e9b834c37dd305da56b97f8505293d7ac763f6bcaaea80"}}, "self_sha256": "3655db1635063f63025fa2c4b9dbe1a2a8b29b242b3ab517ac07fc1fbac7c9d2", "meta": "/workspace/data/wide_fea_v2ext_meta.npz", "panel": "/workspace/data/wide_panel_4h_v2ext.npz", "dlw": "/workspace/data/dlw_targets.npz"}
DLW align: meta anchors 10176, with dlw row 10056, missing 120 (first missing 2026-08-11 00:00, last missing 2026-08-30 20:00; missing >=2024: 120)
KING pinned: finite anchors 5838 first 2024-01-01 00:00 last 2026-08-30 20:00 pre2024_all_nan True finite_mask_equal_pinned True
KING rollm: finite anchors 5838 first 2024-01-01 00:00 last 2026-08-30 20:00 pre2024_all_nan True finite_mask_equal_pinned True
KING rollq: finite anchors 5838 first 2024-01-01 00:00 last 2026-08-30 20:00 pre2024_all_nan True finite_mask_equal_pinned True

IC TABLE target=raw (raw y4 = Σ5m simple [E,E+47]); anchors = 2024+ with finite IC for all of ['pinned', 'rollm', 'rollq']; mean rank-IC over anchors
window            n    pinned     rollm     rollq    Δrollm-pin   Δrollq-pin
2024           2196   +0.0548   +0.0635   +0.0629   +0.0087±0.0015  +0.0081±0.0014
2025           2190   +0.0630   +0.0683   +0.0668   +0.0053±0.0010  +0.0038±0.0010
2026<=08-10    1332   +0.0588   +0.0594   +0.0594   +0.0006±0.0009  +0.0006±0.0009
2026->08-30    1452   +0.0584   +0.0588   +0.0586   +0.0005±0.0009  +0.0003±0.0008
2024->26       5838   +0.0588   +0.0642   +0.0633   +0.0054±0.0007  +0.0045±0.0007
2025->26       3642   +0.0612   +0.0645   +0.0636   +0.0034±0.0007  +0.0024±0.0007

IC TABLE target=y4s (dlw y4s = Π(1+r5)-1 over [E+1,E+48]); anchors = 2024+ with finite IC for all of ['pinned', 'rollm', 'rollq']; mean rank-IC over anchors
window            n    pinned     rollm     rollq    Δrollm-pin   Δrollq-pin
2024           2196   +0.0565   +0.0661   +0.0658   +0.0096±0.0015  +0.0093±0.0014
2025           2190   +0.0671   +0.0728   +0.0711   +0.0057±0.0010  +0.0040±0.0010
2026<=08-10    1332   +0.0640   +0.0640   +0.0642   +0.0000±0.0009  +0.0002±0.0009
2026->08-30    1332   +0.0640   +0.0640   +0.0642   +0.0000±0.0009  +0.0002±0.0009
2024->26       5718   +0.0623   +0.0682   +0.0675   +0.0059±0.0007  +0.0052±0.0007
2025->26       3522   +0.0659   +0.0695   +0.0685   +0.0036±0.0007  +0.0026±0.0007

IC BY MONTH (raw y4; n anchors; pinned / rollm / rollq)
  202401:186 +0.080/+0.080/+0.080 | 202402:174 +0.062/+0.064/+0.065 | 202403:186 +0.067/+0.070/+0.064 | 202404:180 +0.047/+0.062/+0.066
  202405:186 +0.036/+0.037/+0.039 | 202406:180 +0.034/+0.050/+0.040 | 202407:186 +0.048/+0.046/+0.048 | 202408:186 +0.046/+0.065/+0.062
  202409:180 +0.061/+0.057/+0.056 | 202410:186 +0.064/+0.080/+0.080 | 202411:180 +0.068/+0.085/+0.083 | 202412:186 +0.044/+0.067/+0.072
  202501:186 +0.082/+0.080/+0.081 | 202502:168 +0.060/+0.061/+0.060 | 202503:186 +0.065/+0.074/+0.066 | 202504:180 +0.043/+0.044/+0.047
  202505:186 +0.057/+0.059/+0.058 | 202506:180 +0.072/+0.075/+0.075 | 202507:186 +0.077/+0.080/+0.081 | 202508:186 +0.074/+0.080/+0.076
  202509:180 +0.050/+0.056/+0.054 | 202510:186 +0.055/+0.066/+0.067 | 202511:180 +0.063/+0.079/+0.074 | 202512:186 +0.057/+0.066/+0.062
  202601:186 +0.074/+0.073/+0.074 | 202602:168 +0.050/+0.051/+0.048 | 202603:186 +0.058/+0.064/+0.059 | 202604:180 +0.070/+0.068/+0.071
  202605:186 +0.061/+0.062/+0.059 | 202606:180 +0.041/+0.042/+0.043 | 202607:186 +0.064/+0.064/+0.069 | 202608:180 +0.049/+0.046/+0.044

LEGS computed: anchors with panel row 10038 first 2022-01-31 00:00 last 2026-08-30 20:00 (21s)

LEG TABLE caliber=raw (bps per unit gross per anchor; production leg definition; king leg per source, rev24/fund identical across sources)
leg                          2024               2025        2026<=08-10        2026->08-30           2024->26           2025->26  S/anchor 900pre0810   S/anchor last900
king[pinned]       +1.533 S+0.064     +2.381 S+0.073     +3.198 S+0.111     +3.130 S+0.108     +2.248 S+0.079     +2.680 S+0.086              +0.1014            +0.0953
king[rollm]        +1.512 S+0.059     +2.661 S+0.079     +2.675 S+0.094     +2.625 S+0.093     +2.220 S+0.075     +2.647 S+0.084              +0.0796            +0.0653
king[rollq]        +1.804 S+0.072     +2.793 S+0.084     +3.096 S+0.108     +2.995 S+0.105     +2.471 S+0.084     +2.873 S+0.091              +0.1035            +0.0946
rev24              +0.296 S+0.010     +0.336 S+0.009     +1.954 S+0.058     +1.711 S+0.051     +0.663 S+0.020     +0.884 S+0.026              +0.0386            +0.0404
fund               -0.361 S-0.016     +1.712 S+0.067     +6.344 S+0.226     +5.520 S+0.194     +1.879 S+0.075     +3.230 S+0.120              +0.2508            +0.2017
  Δking[rollm-pinned]: 2024=-0.020(n2196) 2025=+0.280(n2190) 2026<=08-10=-0.523(n1332) 2026->08-30=-0.505(n1452) 2024->26=-0.028(n5838) 2025->26=-0.033(n3642) | 900pre -0.696 last900 -0.964
  Δking[rollq-pinned]: 2024=+0.271(n2196) 2025=+0.411(n2190) 2026<=08-10=-0.102(n1332) 2026->08-30=-0.135(n1452) 2024->26=+0.223(n5838) 2025->26=+0.193(n3642) | 900pre +0.096 last900 -0.025
  (window sizes: 2024=2196, 2025=2190, 2026<=08-10=1332, 2026->08-30=1452, 2024->26=5838, 2025->26=3642; 900pre window 2026-03-13 20:00..2026-08-10 16:00; last900 2026-04-03 00:00..2026-08-30 20:00)

LEG TABLE caliber=y4s (bps per unit gross per anchor; production leg definition; king leg per source, rev24/fund identical across sources; windows restricted to anchors with a dlw row, i.e. <= 2026-08-10 20:00Z)
leg                          2024               2025        2026<=08-10        2026->08-30           2024->26           2025->26  S/anchor 900pre0810   S/anchor last900
king[pinned]       +1.618 S+0.067     +2.280 S+0.071     +3.071 S+0.105     +3.071 S+0.105     +2.210 S+0.077     +2.579 S+0.083              +0.0994            +0.0977
king[rollm]        +1.517 S+0.058     +2.531 S+0.076     +2.413 S+0.085     +2.413 S+0.085     +2.114 S+0.072     +2.486 S+0.079              +0.0755            +0.0739
king[rollq]        +1.857 S+0.073     +2.733 S+0.083     +2.987 S+0.103     +2.987 S+0.103     +2.456 S+0.084     +2.829 S+0.090              +0.1001            +0.1006
rev24              +0.384 S+0.013     +0.378 S+0.011     +2.121 S+0.062     +2.121 S+0.062     +0.786 S+0.024     +1.037 S+0.030              +0.0414            +0.0420
fund               -0.448 S-0.020     +1.600 S+0.061     +6.027 S+0.210     +6.027 S+0.210     +1.845 S+0.072     +3.274 S+0.120              +0.2291            +0.2295
  Δking[rollm-pinned]: 2024=-0.101(n2196) 2025=+0.251(n2190) 2026<=08-10=-0.658(n1332) 2026->08-30=-0.658(n1332) 2024->26=-0.096(n5718) 2025->26=-0.093(n3522) | 900pre -0.791 last900 -0.787
  Δking[rollq-pinned]: 2024=+0.239(n2196) 2025=+0.453(n2190) 2026<=08-10=-0.084(n1332) 2026->08-30=-0.084(n1332) 2024->26=+0.246(n5718) 2025->26=+0.250(n3522) | 900pre +0.016 last900 +0.086
  (window sizes: 2024=2196, 2025=2190, 2026<=08-10=1332, 2026->08-30=1332, 2024->26=5718, 2025->26=3522; 900pre window 2026-03-13 20:00..2026-08-10 16:00; last900 2026-03-14 00:00..2026-08-10 20:00)

SEAT at 2026-08-10 20:00 (production msharpe LOOK=900 over the 900 anchors 2026-03-13 20:00..2026-08-10 16:00; w3 = king/rev24/fund; w101 = LEGS=101 mask = deployed combo)
  cal=raw  king=pinned  shp(king/rev24/fund)=+0.1014/+0.0386/+0.2510  w3=0.259/0.099/0.642  w101(king/fund)=0.288/0.712  [mu +2.983/+1.298/+7.391 sd 29.41/33.61/29.45]
  cal=raw  king=rollm   shp(king/rev24/fund)=+0.0797/+0.0386/+0.2510  w3=0.216/0.105/0.680  w101(king/fund)=0.241/0.759  [mu +2.287/+1.298/+7.391 sd 28.71/33.61/29.45]
  cal=raw  king=rollq   shp(king/rev24/fund)=+0.1036/+0.0386/+0.2510  w3=0.263/0.098/0.638  w101(king/fund)=0.292/0.708  [mu +3.079/+1.298/+7.391 sd 29.73/33.61/29.45]
  cal=y4s  king=pinned  shp(king/rev24/fund)=+0.0994/+0.0414/+0.2292  w3=0.269/0.112/0.619  w101(king/fund)=0.303/0.697  [mu +2.965/+1.410/+6.935 sd 29.82/34.05/30.26]
  cal=y4s  king=rollm   shp(king/rev24/fund)=+0.0756/+0.0414/+0.2292  w3=0.218/0.120/0.662  w101(king/fund)=0.248/0.752  [mu +2.174/+1.410/+6.935 sd 28.77/34.05/30.26]
  cal=y4s  king=rollq   shp(king/rev24/fund)=+0.1001/+0.0414/+0.2292  w3=0.270/0.112/0.618  w101(king/fund)=0.304/0.696  [mu +2.981/+1.410/+6.935 sd 29.78/34.05/30.26]

SEAT TRAJECTORY (raw y4 caliber, w101 king weight at first anchor of each quarter; note pinned/roll king leg = 0 before 2024 -> windows before ~2024-06 contain zero-return king anchors)
  2024-01-01: pinned=0.000 rollm=0.000 rollq=0.000 | 2024-04-01: pinned=0.115 rollm=0.289 rollq=0.334 | 2024-07-01: pinned=0.000 rollm=0.000 rollq=0.257
  2024-10-01: pinned=1.000 rollm=1.000 rollq=1.000 | 2025-01-01: pinned=1.000 rollm=1.000 rollq=1.000 | 2025-04-01: pinned=1.000 rollm=1.000 rollq=1.000
  2025-07-01: pinned=0.616 rollm=0.648 rollq=0.657 | 2025-10-01: pinned=0.423 rollm=0.491 rollq=0.481 | 2026-01-01: pinned=0.269 rollm=0.306 rollq=0.341
  2026-04-01: pinned=0.516 rollm=0.527 rollq=0.518 | 2026-07-01: pinned=0.275 rollm=0.282 rollq=0.266 | 2026-08-10: pinned=0.288 rollm=0.241 rollq=0.292

DONE 21s -> /workspace/review_scratch/rolling_king/ic_legs_seat.json, legs_by_king.npz
