LOADED 24 artifacts; arm d30_n2_c42; all share identical anchor set n=10038 first 2022-01-31 00:00 last 2026-08-30 20:00; kings ['pinned', 'rollm', 'rollq']
window sizes: 2024=2196, 2025=2190, 2026<=08-10=1332, 2026->08-30=1452, 2024->26=5838, 2025->26=3642, 2024->26<=cut=5718, 2025->26<=cut=3522

===== LEVELS caliber=log [raw Σ-simple y4 (meta), CAL=log = no transform] arm=d30_n2_c42 col=net_ex (bps/anchor); per window: mean S=Sharpe DD=maxDD(bps); then 2024->26 gross / w3_king / w3_fund / turnover
arm   seed  king   |                 2024 |                 2025 |          2026<=08-10 |          2026->08-30 |             2024->26 |             2025->26 | gross w_king w_fund turn
Lfix  s42   pinned | -0.642 S-1.68 DD1815 |  +0.284 S+0.67 DD902 |  +2.911 S+5.16 DD458 |  +2.378 S+4.21 DD774 | +0.457 S+1.02 DD2614 |  +1.119 S+2.31 DD902 | 0.791 0.210 0.790 0.01435
Lfix  s42   rollm  | -0.625 S-1.68 DD1804 |  +0.284 S+0.67 DD881 |  +2.883 S+5.07 DD478 |  +2.357 S+4.13 DD787 | +0.457 S+1.02 DD2578 |  +1.110 S+2.28 DD881 | 0.789 0.210 0.790 0.01430
Lfix  s42   rollq  | -0.625 S-1.67 DD1792 |  +0.321 S+0.76 DD855 |  +2.883 S+5.12 DD460 |  +2.348 S+4.15 DD792 | +0.469 S+1.05 DD2545 |  +1.129 S+2.33 DD855 | 0.789 0.210 0.790 0.01432
Ldyn  s42   pinned |  +0.149 S+0.53 DD795 |  +0.359 S+1.15 DD418 |  +2.512 S+4.83 DD452 |  +2.013 S+3.84 DD771 |  +0.691 S+1.88 DD795 |  +1.018 S+2.48 DD771 | 0.620 0.583 0.417 0.03335
Ldyn  s42   rollm  |  +0.094 S+0.33 DD925 |  +0.344 S+1.11 DD472 |  +2.603 S+4.88 DD479 |  +2.104 S+3.91 DD801 |  +0.688 S+1.85 DD925 |  +1.046 S+2.51 DD801 | 0.611 0.616 0.384 0.03507
Ldyn  s42   rollq  |  +0.262 S+0.95 DD766 |  +0.365 S+1.21 DD466 |  +2.613 S+4.95 DD469 |  +2.109 S+3.96 DD790 |  +0.760 S+2.08 DD790 |  +1.060 S+2.58 DD790 | 0.595 0.654 0.346 0.03666
Ldyn  s2027 pinned |  +0.217 S+0.78 DD740 |  +0.438 S+1.36 DD430 |  +2.486 S+4.78 DD460 |  +1.994 S+3.80 DD757 |  +0.742 S+2.00 DD757 |  +1.058 S+2.55 DD757 | 0.627 0.583 0.417 0.03261
Ldyn  s2027 rollm  |  +0.166 S+0.59 DD860 |  +0.424 S+1.34 DD500 |  +2.594 S+4.86 DD474 |  +2.102 S+3.90 DD794 |  +0.744 S+2.00 DD860 |  +1.093 S+2.60 DD794 | 0.617 0.616 0.384 0.03416
Ldyn  s2027 rollq  |  +0.347 S+1.27 DD684 |  +0.440 S+1.42 DD503 |  +2.608 S+4.95 DD471 |  +2.103 S+3.95 DD798 |  +0.819 S+2.23 DD798 |  +1.103 S+2.67 DD798 | 0.600 0.654 0.346 0.03573
Cdyn  s42   pinned |  +0.255 S+0.86 DD719 |  +0.436 S+1.25 DD503 |  +2.373 S+4.61 DD395 |  +1.893 S+3.64 DD727 |  +0.730 S+1.91 DD727 |  +1.017 S+2.39 DD727 | 0.671 0.588 0.412 0.03080
Cdyn  s42   rollm  |  +0.148 S+0.53 DD828 |  +0.470 S+1.34 DD498 |  +2.455 S+4.66 DD398 |  +1.972 S+3.69 DD773 |  +0.722 S+1.89 DD828 |  +1.069 S+2.47 DD773 | 0.663 0.622 0.378 0.03264
Cdyn  s42   rollq  |  +0.284 S+1.05 DD731 |  +0.418 S+1.21 DD514 |  +2.295 S+4.41 DD412 |  +1.806 S+3.42 DD784 |  +0.713 S+1.89 DD784 |  +0.971 S+2.27 DD784 | 0.647 0.659 0.341 0.03425

===== LEVELS caliber=prod [compounded Π(1+r5)-1 over [E+1,E+48] (meta_newprod swap), CAL=log] arm=d30_n2_c42 col=net_ex (bps/anchor); per window: mean S=Sharpe DD=maxDD(bps); then 2024->26 gross / w3_king / w3_fund / turnover
arm   seed  king   |                 2024 |                 2025 |          2026<=08-10 |          2026->08-30 |             2024->26 |             2025->26 | gross w_king w_fund turn
Lfix  s42   pinned | -0.709 S-1.85 DD1913 |  +0.254 S+0.59 DD849 |  +2.833 S+5.05 DD352 |  +2.324 S+4.13 DD754 | +0.406 S+0.90 DD2657 |  +1.079 S+2.21 DD849 | 0.788 0.210 0.790 0.01437
Lfix  s42   rollm  | -0.697 S-1.86 DD1886 |  +0.266 S+0.62 DD801 |  +2.852 S+5.03 DD352 |  +2.342 S+4.12 DD768 | +0.420 S+0.93 DD2588 |  +1.094 S+2.23 DD801 | 0.787 0.210 0.790 0.01433
Lfix  s42   rollq  | -0.686 S-1.82 DD1868 |  +0.280 S+0.65 DD814 |  +2.879 S+5.09 DD350 |  +2.355 S+4.16 DD779 | +0.432 S+0.96 DD2580 |  +1.107 S+2.26 DD814 | 0.787 0.210 0.790 0.01435
Ldyn  s42   pinned |  +0.116 S+0.43 DD967 |  +0.339 S+1.06 DD413 |  +2.543 S+4.95 DD345 |  +2.068 S+4.00 DD737 |  +0.685 S+1.88 DD967 |  +1.028 S+2.51 DD737 | 0.609 0.608 0.392 0.03480
Ldyn  s42   rollm  |  +0.116 S+0.42 DD906 |  +0.344 S+1.11 DD462 |  +2.603 S+4.93 DD358 |  +2.117 S+3.98 DD777 |  +0.699 S+1.90 DD906 |  +1.051 S+2.54 DD777 | 0.603 0.630 0.370 0.03592
Ldyn  s42   rollq  |  +0.339 S+1.26 DD675 |  +0.364 S+1.20 DD460 |  +2.626 S+5.08 DD368 |  +2.130 S+4.08 DD778 |  +0.794 S+2.21 DD778 |  +1.068 S+2.64 DD778 | 0.582 0.674 0.326 0.03772
Ldyn  s2027 pinned |  +0.197 S+0.73 DD896 |  +0.399 S+1.22 DD446 |  +2.524 S+4.92 DD364 |  +2.058 S+3.98 DD730 |  +0.736 S+2.00 DD896 |  +1.060 S+2.56 DD730 | 0.616 0.608 0.392 0.03408
Ldyn  s2027 rollm  |  +0.214 S+0.79 DD806 |  +0.404 S+1.27 DD484 |  +2.641 S+4.99 DD359 |  +2.155 S+4.04 DD773 |  +0.768 S+2.08 DD806 |  +1.102 S+2.64 DD773 | 0.609 0.630 0.370 0.03500
Ldyn  s2027 rollq  |  +0.420 S+1.59 DD599 |  +0.417 S+1.34 DD503 |  +2.629 S+5.09 DD366 |  +2.135 S+4.10 DD775 |  +0.845 S+2.34 DD775 |  +1.102 S+2.70 DD775 | 0.587 0.674 0.326 0.03681
Cdyn  s42   pinned |  +0.232 S+0.82 DD797 |  +0.471 S+1.31 DD512 |  +2.271 S+4.43 DD336 |  +1.833 S+3.54 DD704 |  +0.720 S+1.89 DD797 |  +1.014 S+2.36 DD704 | 0.658 0.617 0.383 0.03243
Cdyn  s42   rollm  |  +0.169 S+0.64 DD787 |  +0.487 S+1.38 DD507 |  +2.265 S+4.30 DD341 |  +1.821 S+3.42 DD760 |  +0.699 S+1.84 DD787 |  +1.019 S+2.35 DD760 | 0.652 0.639 0.361 0.03345
Cdyn  s42   rollq  |  +0.379 S+1.46 DD568 |  +0.446 S+1.28 DD499 |  +2.160 S+4.17 DD343 |  +1.718 S+3.28 DD751 |  +0.737 S+1.98 DD751 |  +0.953 S+2.23 DD751 | 0.631 0.682 0.318 0.03521

===== DELTAS caliber=log: Δ = king − pinned, net_ex bps/anchor, paired by anchor; day-block bootstrap NB=2000 seed=20260905; cells: Δ [CI95] P(Δ>0)
arm   seed  king   |                         2024 |                         2025 |                  2026<=08-10 |                  2026->08-30 |                     2024->26 |                     2025->26 | ΔSharpe(24on/25on) Δturn%(24on) Δw_king(24on) maxDD pin/king(24on)
Lfix  s42   rollm  | +0.017 [-0.037,+0.069] 0.723 | -0.001 [-0.074,+0.069] 0.487 | -0.028 [-0.151,+0.090] 0.332 | -0.021 [-0.146,+0.096] 0.353 | +0.001 [-0.042,+0.043] 0.535 | -0.009 [-0.076,+0.058] 0.394 | +0.01/-0.03 -0.3% +0.000 2614/2578
                   | <=cut variants: 2024->26<=cut -0.000 [-0.045,+0.044] 0.479 | 2025->26<=cut -0.011 [-0.078,+0.051] 0.357
Lfix  s42   rollq  | +0.017 [-0.037,+0.069] 0.733 | +0.036 [-0.043,+0.113] 0.805 | -0.028 [-0.122,+0.068] 0.293 | -0.030 [-0.124,+0.059] 0.266 | +0.012 [-0.030,+0.054] 0.719 | +0.010 [-0.050,+0.069] 0.616 | +0.03/+0.02 -0.2% +0.000 2614/2545
                   | <=cut variants: 2024->26<=cut +0.014 [-0.029,+0.054] 0.747 | 2025->26<=cut +0.012 [-0.049,+0.072] 0.645
Ldyn  s42   rollm  | -0.055 [-0.288,+0.181] 0.337 | -0.015 [-0.140,+0.116] 0.418 | +0.091 [-0.060,+0.245] 0.883 | +0.090 [-0.057,+0.230] 0.901 | -0.004 [-0.108,+0.100] 0.472 | +0.027 [-0.067,+0.124] 0.699 | -0.03/+0.03 +5.1% +0.033 795/925
                   | <=cut variants: 2024->26<=cut -0.006 [-0.110,+0.102] 0.476 | 2025->26<=cut +0.025 [-0.065,+0.117] 0.693
Ldyn  s42   rollq  | +0.113 [-0.162,+0.386] 0.782 | +0.006 [-0.127,+0.142] 0.558 | +0.102 [-0.057,+0.256] 0.893 | +0.096 [-0.054,+0.245] 0.901 | +0.069 [-0.051,+0.197] 0.875 | +0.042 [-0.059,+0.137] 0.788 | +0.19/+0.10 +9.9% +0.072 795/790
                   | <=cut variants: 2024->26<=cut +0.070 [-0.056,+0.194] 0.853 | 2025->26<=cut +0.043 [-0.057,+0.141] 0.795
Ldyn  s2027 rollm  | -0.051 [-0.286,+0.180] 0.330 | -0.014 [-0.136,+0.114] 0.412 | +0.108 [-0.016,+0.239] 0.954 | +0.108 [-0.012,+0.240] 0.958 | +0.003 [-0.106,+0.112] 0.523 | +0.035 [-0.061,+0.131] 0.769 | -0.01/+0.05 +4.7% +0.033 757/860
                   | <=cut variants: 2024->26<=cut +0.000 [-0.103,+0.105] 0.494 | 2025->26<=cut +0.033 [-0.063,+0.126] 0.733
Ldyn  s2027 rollq  | +0.130 [-0.165,+0.403] 0.799 | +0.003 [-0.126,+0.136] 0.499 | +0.122 [-0.027,+0.280] 0.945 | +0.110 [-0.032,+0.262] 0.939 | +0.077 [-0.049,+0.199] 0.897 | +0.045 [-0.056,+0.148] 0.820 | +0.23/+0.12 +9.6% +0.072 757/798
                   | <=cut variants: 2024->26<=cut +0.079 [-0.045,+0.204] 0.900 | 2025->26<=cut +0.048 [-0.052,+0.151] 0.819
Cdyn  s42   rollm  | -0.107 [-0.331,+0.136] 0.199 | +0.033 [-0.110,+0.175] 0.683 | +0.082 [-0.104,+0.257] 0.819 | +0.079 [-0.083,+0.250] 0.825 | -0.008 [-0.122,+0.110] 0.455 | +0.051 [-0.062,+0.161] 0.812 | -0.02/+0.08 +6.0% +0.034 727/828
                   | <=cut variants: 2024->26<=cut -0.009 [-0.127,+0.101] 0.434 | 2025->26<=cut +0.052 [-0.058,+0.163] 0.835
Cdyn  s42   rollq  | +0.029 [-0.251,+0.307] 0.573 | -0.018 [-0.158,+0.126] 0.393 | -0.079 [-0.252,+0.103] 0.190 | -0.087 [-0.254,+0.076] 0.165 | -0.018 [-0.145,+0.106] 0.392 | -0.046 [-0.158,+0.062] 0.194 | -0.02/-0.12 +11.2% +0.072 727/783
                   | <=cut variants: 2024->26<=cut -0.014 [-0.148,+0.111] 0.436 | 2025->26<=cut -0.041 [-0.148,+0.072] 0.240

===== DELTAS caliber=prod: Δ = king − pinned, net_ex bps/anchor, paired by anchor; day-block bootstrap NB=2000 seed=20260905; cells: Δ [CI95] P(Δ>0)
arm   seed  king   |                         2024 |                         2025 |                  2026<=08-10 |                  2026->08-30 |                     2024->26 |                     2025->26 | ΔSharpe(24on/25on) Δturn%(24on) Δw_king(24on) maxDD pin/king(24on)
Lfix  s42   rollm  | +0.012 [-0.038,+0.062] 0.674 | +0.012 [-0.077,+0.099] 0.599 | +0.019 [-0.111,+0.154] 0.624 | +0.018 [-0.114,+0.141] 0.606 | +0.014 [-0.036,+0.065] 0.705 | +0.015 [-0.058,+0.088] 0.635 | +0.03/+0.02 -0.3% +0.000 2657/2588
                   | <=cut variants: 2024->26<=cut +0.014 [-0.034,+0.066] 0.708 | 2025->26<=cut +0.015 [-0.057,+0.090] 0.657
Lfix  s42   rollq  | +0.022 [-0.028,+0.072] 0.799 | +0.026 [-0.059,+0.118] 0.695 | +0.046 [-0.048,+0.138] 0.827 | +0.032 [-0.057,+0.120] 0.772 | +0.026 [-0.018,+0.073] 0.874 | +0.028 [-0.035,+0.096] 0.804 | +0.06/+0.06 -0.2% +0.000 2657/2580
                   | <=cut variants: 2024->26<=cut +0.029 [-0.014,+0.072] 0.897 | 2025->26<=cut +0.034 [-0.029,+0.102] 0.841
Ldyn  s42   rollm  | +0.001 [-0.219,+0.226] 0.507 | +0.005 [-0.135,+0.155] 0.535 | +0.061 [-0.088,+0.218] 0.786 | +0.049 [-0.100,+0.208] 0.737 | +0.014 [-0.094,+0.120] 0.601 | +0.023 [-0.081,+0.125] 0.672 | +0.02/+0.03 +3.2% +0.023 967/906
                   | <=cut variants: 2024->26<=cut +0.016 [-0.094,+0.127] 0.591 | 2025->26<=cut +0.026 [-0.077,+0.134] 0.697
Ldyn  s42   rollq  | +0.224 [-0.036,+0.491] 0.944 | +0.025 [-0.121,+0.177] 0.652 | +0.084 [-0.074,+0.240] 0.859 | +0.062 [-0.083,+0.208] 0.783 | +0.109 [-0.012,+0.232] 0.961 | +0.040 [-0.071,+0.146] 0.766 | +0.33/+0.13 +8.4% +0.067 967/778
                   | <=cut variants: 2024->26<=cut +0.115 [-0.011,+0.238] 0.960 | 2025->26<=cut +0.047 [-0.059,+0.158] 0.809
Ldyn  s2027 rollm  | +0.017 [-0.202,+0.243] 0.565 | +0.006 [-0.133,+0.154] 0.527 | +0.116 [-0.031,+0.260] 0.941 | +0.097 [-0.048,+0.223] 0.908 | +0.033 [-0.077,+0.143] 0.742 | +0.042 [-0.059,+0.145] 0.790 | +0.07/+0.08 +2.7% +0.023 895/806
                   | <=cut variants: 2024->26<=cut +0.036 [-0.068,+0.137] 0.739 | 2025->26<=cut +0.048 [-0.055,+0.154] 0.798
Ldyn  s2027 rollq  | +0.223 [-0.055,+0.515] 0.941 | +0.018 [-0.126,+0.173] 0.597 | +0.105 [-0.047,+0.264] 0.909 | +0.077 [-0.080,+0.225] 0.837 | +0.110 [-0.018,+0.246] 0.956 | +0.042 [-0.067,+0.147] 0.761 | +0.34/+0.14 +8.0% +0.067 895/775
                   | <=cut variants: 2024->26<=cut +0.117 [-0.011,+0.245] 0.963 | 2025->26<=cut +0.051 [-0.060,+0.169] 0.820
Cdyn  s42   rollm  | -0.063 [-0.302,+0.167] 0.282 | +0.016 [-0.126,+0.161] 0.601 | -0.006 [-0.224,+0.181] 0.471 | -0.013 [-0.223,+0.189] 0.461 | -0.021 [-0.134,+0.095] 0.376 | +0.005 [-0.111,+0.122] 0.533 | -0.05/-0.02 +3.1% +0.022 797/787
                   | <=cut variants: 2024->26<=cut -0.019 [-0.138,+0.098] 0.363 | 2025->26<=cut +0.008 [-0.111,+0.133] 0.564
Cdyn  s42   rollq  | +0.147 [-0.140,+0.420] 0.865 | -0.025 [-0.165,+0.111] 0.336 | -0.111 [-0.368,+0.127] 0.170 | -0.115 [-0.352,+0.098] 0.144 | +0.017 [-0.113,+0.141] 0.613 | -0.061 [-0.188,+0.066] 0.162 | +0.09/-0.13 +8.6% +0.064 797/751
                   | <=cut variants: 2024->26<=cut +0.021 [-0.117,+0.156] 0.622 | 2025->26<=cut -0.058 [-0.189,+0.064] 0.180

===== σ_fund TERCILES of Δ (2024->26): σ_fund = std over meta members (finite f_fund_now) of f_fund_now*8/ivf, *1e4 bps/8h; trailing 30-anchor mean (>=15 valid); terciles over 2024->26 anchors; cuts 5.45/13.67 bps; n per tercile [1946, 1946, 1946]; mean σ per tercile [3.237, 9.56, 21.086]
  log  Lfix  s42    rollm : low Δ+0.029 [-0.025,+0.083] P0.86 (pin -0.786 → -0.756) | mid Δ+0.015 [-0.052,+0.078] P0.67 (pin +0.130 → +0.145) | high Δ-0.042 [-0.158,+0.061] P0.21 (pin +2.025 → +1.983)
  log  Lfix  s42    rollq : low Δ+0.026 [-0.027,+0.081] P0.82 (pin -0.786 → -0.760) | mid Δ+0.010 [-0.070,+0.086] P0.60 (pin +0.130 → +0.140) | high Δ+0.001 [-0.082,+0.090] P0.52 (pin +2.025 → +2.027)
  log  Ldyn  s42    rollm : low Δ-0.025 [-0.255,+0.214] P0.40 (pin +0.084 → +0.059) | mid Δ+0.075 [-0.081,+0.236] P0.83 (pin +0.765 → +0.840) | high Δ-0.061 [-0.199,+0.078] P0.21 (pin +1.225 → +1.164)
  log  Ldyn  s42    rollq : low Δ+0.110 [-0.186,+0.398] P0.79 (pin +0.084 → +0.194) | mid Δ+0.103 [-0.052,+0.260] P0.90 (pin +0.765 → +0.868) | high Δ-0.007 [-0.153,+0.134] P0.49 (pin +1.225 → +1.219)
  log  Ldyn  s2027  rollm : low Δ-0.021 [-0.258,+0.229] P0.45 (pin +0.136 → +0.115) | mid Δ+0.074 [-0.079,+0.231] P0.82 (pin +0.821 → +0.895) | high Δ-0.046 [-0.176,+0.080] P0.22 (pin +1.268 → +1.222)
  log  Ldyn  s2027  rollq : low Δ+0.123 [-0.167,+0.406] P0.79 (pin +0.136 → +0.259) | mid Δ+0.079 [-0.072,+0.235] P0.85 (pin +0.821 → +0.900) | high Δ+0.029 [-0.109,+0.172] P0.65 (pin +1.268 → +1.297)
  log  Cdyn  s42    rollm : low Δ-0.026 [-0.265,+0.219] P0.43 (pin +0.144 → +0.118) | mid Δ+0.035 [-0.135,+0.192] P0.65 (pin +0.897 → +0.932) | high Δ-0.033 [-0.206,+0.131] P0.35 (pin +1.150 → +1.116)
  log  Cdyn  s42    rollq : low Δ+0.076 [-0.235,+0.363] P0.68 (pin +0.144 → +0.220) | mid Δ-0.003 [-0.169,+0.151] P0.48 (pin +0.897 → +0.895) | high Δ-0.126 [-0.290,+0.043] P0.07 (pin +1.150 → +1.024)
  prod Lfix  s42    rollm : low Δ+0.033 [-0.018,+0.092] P0.90 (pin -0.855 → -0.822) | mid Δ+0.038 [-0.029,+0.108] P0.85 (pin +0.080 → +0.118) | high Δ-0.030 [-0.150,+0.099] P0.30 (pin +1.995 → +1.965)
  prod Lfix  s42    rollq : low Δ+0.035 [-0.019,+0.089] P0.91 (pin -0.855 → -0.820) | mid Δ+0.007 [-0.062,+0.081] P0.57 (pin +0.080 → +0.087) | high Δ+0.036 [-0.072,+0.138] P0.75 (pin +1.995 → +2.030)
  prod Ldyn  s42    rollm : low Δ+0.050 [-0.177,+0.278] P0.66 (pin +0.017 → +0.068) | mid Δ+0.060 [-0.111,+0.231] P0.76 (pin +0.765 → +0.825) | high Δ-0.067 [-0.213,+0.074] P0.19 (pin +1.273 → +1.206)
  prod Ldyn  s42    rollq : low Δ+0.250 [-0.034,+0.536] P0.96 (pin +0.017 → +0.267) | mid Δ+0.081 [-0.081,+0.253] P0.82 (pin +0.765 → +0.845) | high Δ-0.004 [-0.145,+0.145] P0.48 (pin +1.273 → +1.269)
  prod Ldyn  s2027  rollm : low Δ+0.066 [-0.175,+0.305] P0.72 (pin +0.083 → +0.149) | mid Δ+0.078 [-0.086,+0.252] P0.82 (pin +0.818 → +0.896) | high Δ-0.046 [-0.189,+0.096] P0.27 (pin +1.306 → +1.260)
  prod Ldyn  s2027  rollq : low Δ+0.243 [-0.058,+0.530] P0.95 (pin +0.083 → +0.326) | mid Δ+0.095 [-0.069,+0.264] P0.86 (pin +0.818 → +0.913) | high Δ-0.008 [-0.165,+0.162] P0.47 (pin +1.306 → +1.298)
  prod Cdyn  s42    rollm : low Δ+0.023 [-0.221,+0.264] P0.59 (pin +0.113 → +0.135) | mid Δ+0.015 [-0.163,+0.175] P0.56 (pin +0.917 → +0.931) | high Δ-0.100 [-0.278,+0.071] P0.13 (pin +1.130 → +1.030)
  prod Cdyn  s42    rollq : low Δ+0.181 [-0.121,+0.479] P0.88 (pin +0.113 → +0.294) | mid Δ+0.020 [-0.154,+0.197] P0.61 (pin +0.917 → +0.937) | high Δ-0.150 [-0.356,+0.034] P0.06 (pin +1.130 → +0.980)

===== DECISION [rollm] (PRIMARY (frozen criteria)): UNDECIDED
  log: Lfix_2024->26_CI_lower>0=False; Lfix_2024->26_CI=[-0.0417, 0.0432]; Lfix_2024->26_mean=0.0007; Lfix_2025->26_delta>=0=False; Lfix_2025->26_mean=-0.009; worst_year_delta>=-0.05=True; worst_year_delta=-0.0215; yearly=[0.0167, -0.0007, -0.0215]; turn_increase<=15%=True; dturn_pct=-0.3; Ldyn_both_seeds_nonneg=False; Ldyn_deltas=[-0.0037, 0.0026]; REJECT_CI_upper<0=False; REJECT_turn>25%=False
  prod: Lfix_2024->26_CI_lower>0=False; Lfix_2024->26_CI=[-0.0359, 0.0649]; Lfix_2024->26_mean=0.0139; Lfix_2025->26_delta>=0=True; Lfix_2025->26_mean=0.0148; worst_year_delta>=-0.05=True; worst_year_delta=0.0123; yearly=[0.0123, 0.0124, 0.0185]; turn_increase<=15%=True; dturn_pct=-0.33; Ldyn_both_seeds_nonneg=True; Ldyn_deltas=[0.0144, 0.0328]; REJECT_CI_upper<0=False; REJECT_turn>25%=False

===== DECISION [rollq] (shape check only (not for selection)): UNDECIDED
  log: Lfix_2024->26_CI_lower>0=False; Lfix_2024->26_CI=[-0.0297, 0.0545]; Lfix_2024->26_mean=0.0124; Lfix_2025->26_delta>=0=True; Lfix_2025->26_mean=0.0096; worst_year_delta>=-0.05=True; worst_year_delta=-0.0305; yearly=[0.017, 0.0362, -0.0305]; turn_increase<=15%=True; dturn_pct=-0.21; Ldyn_both_seeds_nonneg=True; Ldyn_deltas=[0.0688, 0.0771]; REJECT_CI_upper<0=False; REJECT_turn>25%=False
  prod: Lfix_2024->26_CI_lower>0=False; Lfix_2024->26_CI=[-0.0184, 0.0728]; Lfix_2024->26_mean=0.0261; Lfix_2025->26_delta>=0=True; Lfix_2025->26_mean=0.0283; worst_year_delta>=-0.05=True; worst_year_delta=0.0224; yearly=[0.0224, 0.0261, 0.0317]; turn_increase<=15%=True; dturn_pct=-0.18; Ldyn_both_seeds_nonneg=True; Ldyn_deltas=[0.1089, 0.1099]; REJECT_CI_upper<0=False; REJECT_turn>25%=False

wrote /workspace/review_scratch/rolling_king/judge.json
