CONFIG {"MODE": "monthly", "TAG": "rollm", "NJOBS": 48, "EMB_anchors": 60, "EMB_s": 864000, "LABEL_s": 14400, "SEED0": 20260905, "train_rule": "E_ts + 48*300 < first_test_E_ts - 60*14400 (D1: one 4h step stricter than 'E_ts < first_test - 60*14400' so the strict causal ASSERT holds)", "lightgbm": "4.7.0", "numpy": "2.4.6", "python": "3.11.10", "self_sha256": "38d65533b741bea892df78c0c07e85133e2d086ebfda58e34647779bfab13f6e", "FEA": "/workspace/data/wide_fea_v2ext.npy", "META": "/workspace/data/wide_fea_v2ext_meta.npz", "lgbm_params": {"n_estimators": 400, "learning_rate": 0.05, "num_leaves": 63, "subsample": 0.8, "colsample_bytree": 0.8, "verbose": -1}}
PREP X (2741477, 78) float32 Y (2741477,) rows_anchors 10176/10176 keep 78 E_ts[0] 2022-01-08 00:00 E_ts[-1] 2026-08-30 20:00 prep_s 5.0
ASSERT fold 0 key 202401: max(train E_ts)+48*300 = 1703188800 (2023-12-21 20:00) < min(test E_ts)-60*14400 = 1703203200 (2023-12-22 00:00) -> True gap 14400s = 1.00 anchors; train_span 2022-01-08 00:00..2023-12-21 16:00 test_span 2024-01-01 00:00..2024-01-31 20:00
FOLD 0 key 202401 seed 20260905 train_rows 694846 train_anchors 4277 test_anchors 186/186 test_rows 45328 fit_s 16.9 rankIC +0.0799 booster 092416b9ef1885ab elapsed 22s
ASSERT fold 1 key 202402: max(train E_ts)+48*300 = 1705867200 (2024-01-21 20:00) < min(test E_ts)-60*14400 = 1705881600 (2024-01-22 00:00) -> True gap 14400s = 1.00 anchors; train_span 2022-01-08 00:00..2024-01-21 16:00 test_span 2024-02-01 00:00..2024-02-29 20:00
FOLD 1 key 202402 seed 20260906 train_rows 739796 train_anchors 4463 test_anchors 174/174 test_rows 43891 fit_s 16.5 rankIC +0.0636 booster d34194a764f3cc3d elapsed 39s
ASSERT fold 2 key 202403: max(train E_ts)+48*300 = 1708372800 (2024-02-19 20:00) < min(test E_ts)-60*14400 = 1708387200 (2024-02-20 00:00) -> True gap 14400s = 1.00 anchors; train_span 2022-01-08 00:00..2024-02-19 16:00 test_span 2024-03-01 00:00..2024-03-31 20:00
FOLD 2 key 202403 seed 20260907 train_rows 783135 train_anchors 4637 test_anchors 186/186 test_rows 48790 fit_s 16.9 rankIC +0.0698 booster ba20f470801cff62 elapsed 56s
ASSERT fold 3 key 202404: max(train E_ts)+48*300 = 1711051200 (2024-03-21 20:00) < min(test E_ts)-60*14400 = 1711065600 (2024-03-22 00:00) -> True gap 14400s = 1.00 anchors; train_span 2022-01-08 00:00..2024-03-21 16:00 test_span 2024-04-01 00:00..2024-04-30 20:00
FOLD 3 key 202404 seed 20260908 train_rows 831269 train_anchors 4823 test_anchors 180/180 test_rows 47685 fit_s 35.3 rankIC +0.0620 booster 44ad288d1ced564b elapsed 91s
ASSERT fold 4 key 202405: max(train E_ts)+48*300 = 1713643200 (2024-04-20 20:00) < min(test E_ts)-60*14400 = 1713657600 (2024-04-21 00:00) -> True gap 14400s = 1.00 anchors; train_span 2022-01-08 00:00..2024-04-20 16:00 test_span 2024-05-01 00:00..2024-05-31 20:00
FOLD 4 key 202405 seed 20260909 train_rows 878888 train_anchors 5003 test_anchors 186/186 test_rows 49326 fit_s 18.6 rankIC +0.0373 booster 170e37cc935d32ed elapsed 110s
ASSERT fold 5 key 202406: max(train E_ts)+48*300 = 1716321600 (2024-05-21 20:00) < min(test E_ts)-60*14400 = 1716336000 (2024-05-22 00:00) -> True gap 14400s = 1.00 anchors; train_span 2022-01-08 00:00..2024-05-21 16:00 test_span 2024-06-01 00:00..2024-06-30 20:00
FOLD 5 key 202406 seed 20260910 train_rows 928597 train_anchors 5189 test_anchors 180/180 test_rows 47074 fit_s 21.8 rankIC +0.0498 booster 6854099cd7879f01 elapsed 132s
ASSERT fold 6 key 202407: max(train E_ts)+48*300 = 1718913600 (2024-06-20 20:00) < min(test E_ts)-60*14400 = 1718928000 (2024-06-21 00:00) -> True gap 14400s = 1.00 anchors; train_span 2022-01-08 00:00..2024-06-20 16:00 test_span 2024-07-01 00:00..2024-07-31 20:00
FOLD 6 key 202407 seed 20260911 train_rows 975508 train_anchors 5369 test_anchors 186/186 test_rows 48804 fit_s 23.4 rankIC +0.0463 booster 9538646713a32579 elapsed 156s
ASSERT fold 7 key 202408: max(train E_ts)+48*300 = 1721592000 (2024-07-21 20:00) < min(test E_ts)-60*14400 = 1721606400 (2024-07-22 00:00) -> True gap 14400s = 1.00 anchors; train_span 2022-01-08 00:00..2024-07-21 16:00 test_span 2024-08-01 00:00..2024-08-31 20:00
FOLD 7 key 202408 seed 20260912 train_rows 1024427 train_anchors 5555 test_anchors 186/186 test_rows 49097 fit_s 24.7 rankIC +0.0647 booster 9f8a26ff637a5c39 elapsed 181s
ASSERT fold 8 key 202409: max(train E_ts)+48*300 = 1724270400 (2024-08-21 20:00) < min(test E_ts)-60*14400 = 1724284800 (2024-08-22 00:00) -> True gap 14400s = 1.00 anchors; train_span 2022-01-08 00:00..2024-08-21 16:00 test_span 2024-09-01 00:00..2024-09-30 20:00
FOLD 8 key 202409 seed 20260913 train_rows 1073101 train_anchors 5741 test_anchors 180/180 test_rows 50450 fit_s 30.9 rankIC +0.0566 booster a95470679998a667 elapsed 212s
ASSERT fold 9 key 202410: max(train E_ts)+48*300 = 1726862400 (2024-09-20 20:00) < min(test E_ts)-60*14400 = 1726876800 (2024-09-21 00:00) -> True gap 14400s = 1.00 anchors; train_span 2022-01-08 00:00..2024-09-20 16:00 test_span 2024-10-01 00:00..2024-10-31 20:00
FOLD 9 key 202410 seed 20260914 train_rows 1122445 train_anchors 5921 test_anchors 186/186 test_rows 54920 fit_s 44.5 rankIC +0.0801 booster faa61276efa0ad65 elapsed 256s
ASSERT fold 10 key 202411: max(train E_ts)+48*300 = 1729540800 (2024-10-21 20:00) < min(test E_ts)-60*14400 = 1729555200 (2024-10-22 00:00) -> True gap 14400s = 1.00 anchors; train_span 2022-01-08 00:00..2024-10-21 16:00 test_span 2024-11-01 00:00..2024-11-30 20:00
FOLD 10 key 202411 seed 20260915 train_rows 1176741 train_anchors 6107 test_anchors 180/180 test_rows 55301 fit_s 23.9 rankIC +0.0850 booster b0af613056963d28 elapsed 280s
ASSERT fold 11 key 202412: max(train E_ts)+48*300 = 1732132800 (2024-11-20 20:00) < min(test E_ts)-60*14400 = 1732147200 (2024-11-21 00:00) -> True gap 14400s = 1.00 anchors; train_span 2022-01-08 00:00..2024-11-20 16:00 test_span 2024-12-01 00:00..2024-12-31 20:00
FOLD 11 key 202412 seed 20260916 train_rows 1230937 train_anchors 6287 test_anchors 186/186 test_rows 60740 fit_s 27.6 rankIC +0.0670 booster f878640d1b23c027 elapsed 308s
ASSERT fold 12 key 202501: max(train E_ts)+48*300 = 1734811200 (2024-12-21 20:00) < min(test E_ts)-60*14400 = 1734825600 (2024-12-22 00:00) -> True gap 14400s = 1.00 anchors; train_span 2022-01-08 00:00..2024-12-21 16:00 test_span 2025-01-01 00:00..2025-01-31 20:00
FOLD 12 key 202501 seed 20260917 train_rows 1290492 train_anchors 6473 test_anchors 186/186 test_rows 64291 fit_s 32.1 rankIC +0.0800 booster 220c3e6c96839c99 elapsed 341s
ASSERT fold 13 key 202502: max(train E_ts)+48*300 = 1737489600 (2025-01-21 20:00) < min(test E_ts)-60*14400 = 1737504000 (2025-01-22 00:00) -> True gap 14400s = 1.00 anchors; train_span 2022-01-08 00:00..2025-01-21 16:00 test_span 2025-02-01 00:00..2025-02-28 20:00
FOLD 13 key 202502 seed 20260918 train_rows 1353644 train_anchors 6659 test_anchors 168/168 test_rows 60310 fit_s 35.7 rankIC +0.0607 booster fbb4d5dd0b1c6b36 elapsed 377s
ASSERT fold 14 key 202503: max(train E_ts)+48*300 = 1739908800 (2025-02-18 20:00) < min(test E_ts)-60*14400 = 1739923200 (2025-02-19 00:00) -> True gap 14400s = 1.00 anchors; train_span 2022-01-08 00:00..2025-02-18 16:00 test_span 2025-03-01 00:00..2025-03-31 20:00
FOLD 14 key 202503 seed 20260919 train_rows 1413353 train_anchors 6827 test_anchors 186/186 test_rows 68046 fit_s 31.9 rankIC +0.0738 booster fbad4c7102fe1151 elapsed 409s
ASSERT fold 15 key 202504: max(train E_ts)+48*300 = 1742587200 (2025-03-21 20:00) < min(test E_ts)-60*14400 = 1742601600 (2025-03-22 00:00) -> True gap 14400s = 1.00 anchors; train_span 2022-01-08 00:00..2025-03-21 16:00 test_span 2025-04-01 00:00..2025-04-30 20:00
FOLD 15 key 202504 seed 20260920 train_rows 1480918 train_anchors 7013 test_anchors 180/180 test_rows 69340 fit_s 27.0 rankIC +0.0445 booster ce0376ba02b56904 elapsed 436s
ASSERT fold 16 key 202505: max(train E_ts)+48*300 = 1745179200 (2025-04-20 20:00) < min(test E_ts)-60*14400 = 1745193600 (2025-04-21 00:00) -> True gap 14400s = 1.00 anchors; train_span 2022-01-08 00:00..2025-04-20 16:00 test_span 2025-05-01 00:00..2025-05-31 20:00
FOLD 16 key 202505 seed 20260921 train_rows 1549071 train_anchors 7193 test_anchors 186/186 test_rows 74224 fit_s 44.8 rankIC +0.0593 booster a865708dae847003 elapsed 481s
ASSERT fold 17 key 202506: max(train E_ts)+48*300 = 1747857600 (2025-05-21 20:00) < min(test E_ts)-60*14400 = 1747872000 (2025-05-22 00:00) -> True gap 14400s = 1.00 anchors; train_span 2022-01-08 00:00..2025-05-21 16:00 test_span 2025-06-01 00:00..2025-06-30 20:00
FOLD 17 key 202506 seed 20260922 train_rows 1622677 train_anchors 7379 test_anchors 180/180 test_rows 72000 fit_s 25.7 rankIC +0.0749 booster 8f85b3f1a3a7890a elapsed 507s
ASSERT fold 18 key 202507: max(train E_ts)+48*300 = 1750449600 (2025-06-20 20:00) < min(test E_ts)-60*14400 = 1750464000 (2025-06-21 00:00) -> True gap 14400s = 1.00 anchors; train_span 2022-01-08 00:00..2025-06-20 16:00 test_span 2025-07-01 00:00..2025-07-31 20:00
FOLD 18 key 202507 seed 20260923 train_rows 1694677 train_anchors 7559 test_anchors 186/186 test_rows 74400 fit_s 48.5 rankIC +0.0797 booster b6c0ec036fb6bfde elapsed 556s
ASSERT fold 19 key 202508: max(train E_ts)+48*300 = 1753128000 (2025-07-21 20:00) < min(test E_ts)-60*14400 = 1753142400 (2025-07-22 00:00) -> True gap 14400s = 1.00 anchors; train_span 2022-01-08 00:00..2025-07-21 16:00 test_span 2025-08-01 00:00..2025-08-31 20:00
FOLD 19 key 202508 seed 20260924 train_rows 1769077 train_anchors 7745 test_anchors 186/186 test_rows 74400 fit_s 27.5 rankIC +0.0802 booster 6d7109d0dbcded44 elapsed 583s
ASSERT fold 20 key 202509: max(train E_ts)+48*300 = 1755806400 (2025-08-21 20:00) < min(test E_ts)-60*14400 = 1755820800 (2025-08-22 00:00) -> True gap 14400s = 1.00 anchors; train_span 2022-01-08 00:00..2025-08-21 16:00 test_span 2025-09-01 00:00..2025-09-30 20:00
FOLD 20 key 202509 seed 20260925 train_rows 1843477 train_anchors 7931 test_anchors 180/180 test_rows 72000 fit_s 28.3 rankIC +0.0557 booster e068813b2f245078 elapsed 612s
ASSERT fold 21 key 202510: max(train E_ts)+48*300 = 1758398400 (2025-09-20 20:00) < min(test E_ts)-60*14400 = 1758412800 (2025-09-21 00:00) -> True gap 14400s = 1.00 anchors; train_span 2022-01-08 00:00..2025-09-20 16:00 test_span 2025-10-01 00:00..2025-10-31 20:00
FOLD 21 key 202510 seed 20260926 train_rows 1915477 train_anchors 8111 test_anchors 186/186 test_rows 74400 fit_s 31.2 rankIC +0.0656 booster ddd6a9c76d5edab1 elapsed 643s
ASSERT fold 22 key 202511: max(train E_ts)+48*300 = 1761076800 (2025-10-21 20:00) < min(test E_ts)-60*14400 = 1761091200 (2025-10-22 00:00) -> True gap 14400s = 1.00 anchors; train_span 2022-01-08 00:00..2025-10-21 16:00 test_span 2025-11-01 00:00..2025-11-30 20:00
FOLD 22 key 202511 seed 20260927 train_rows 1989877 train_anchors 8297 test_anchors 180/180 test_rows 72000 fit_s 58.1 rankIC +0.0786 booster e96ab103e66536dd elapsed 702s
ASSERT fold 23 key 202512: max(train E_ts)+48*300 = 1763668800 (2025-11-20 20:00) < min(test E_ts)-60*14400 = 1763683200 (2025-11-21 00:00) -> True gap 14400s = 1.00 anchors; train_span 2022-01-08 00:00..2025-11-20 16:00 test_span 2025-12-01 00:00..2025-12-31 20:00
FOLD 23 key 202512 seed 20260928 train_rows 2061877 train_anchors 8477 test_anchors 186/186 test_rows 74400 fit_s 56.6 rankIC +0.0656 booster dc52ae41d37ec776 elapsed 758s
ASSERT fold 24 key 202601: max(train E_ts)+48*300 = 1766347200 (2025-12-21 20:00) < min(test E_ts)-60*14400 = 1766361600 (2025-12-22 00:00) -> True gap 14400s = 1.00 anchors; train_span 2022-01-08 00:00..2025-12-21 16:00 test_span 2026-01-01 00:00..2026-01-31 20:00
FOLD 24 key 202601 seed 20260929 train_rows 2136277 train_anchors 8663 test_anchors 186/186 test_rows 74400 fit_s 32.3 rankIC +0.0733 booster ffe135e35cb637cd elapsed 791s
ASSERT fold 25 key 202602: max(train E_ts)+48*300 = 1769025600 (2026-01-21 20:00) < min(test E_ts)-60*14400 = 1769040000 (2026-01-22 00:00) -> True gap 14400s = 1.00 anchors; train_span 2022-01-08 00:00..2026-01-21 16:00 test_span 2026-02-01 00:00..2026-02-28 20:00
FOLD 25 key 202602 seed 20260930 train_rows 2210677 train_anchors 8849 test_anchors 168/168 test_rows 67200 fit_s 33.3 rankIC +0.0508 booster 0dac77107109aba2 elapsed 824s
ASSERT fold 26 key 202603: max(train E_ts)+48*300 = 1771444800 (2026-02-18 20:00) < min(test E_ts)-60*14400 = 1771459200 (2026-02-19 00:00) -> True gap 14400s = 1.00 anchors; train_span 2022-01-08 00:00..2026-02-18 16:00 test_span 2026-03-01 00:00..2026-03-31 20:00
FOLD 26 key 202603 seed 20260931 train_rows 2277877 train_anchors 9017 test_anchors 186/186 test_rows 74400 fit_s 33.5 rankIC +0.0637 booster d295ee9df9b324bd elapsed 858s
ASSERT fold 27 key 202604: max(train E_ts)+48*300 = 1774123200 (2026-03-21 20:00) < min(test E_ts)-60*14400 = 1774137600 (2026-03-22 00:00) -> True gap 14400s = 1.00 anchors; train_span 2022-01-08 00:00..2026-03-21 16:00 test_span 2026-04-01 00:00..2026-04-30 20:00
FOLD 27 key 202604 seed 20260932 train_rows 2352277 train_anchors 9203 test_anchors 180/180 test_rows 72000 fit_s 33.3 rankIC +0.0675 booster 4c04f47641b79fc7 elapsed 892s
ASSERT fold 28 key 202605: max(train E_ts)+48*300 = 1776715200 (2026-04-20 20:00) < min(test E_ts)-60*14400 = 1776729600 (2026-04-21 00:00) -> True gap 14400s = 1.00 anchors; train_span 2022-01-08 00:00..2026-04-20 16:00 test_span 2026-05-01 00:00..2026-05-31 20:00
FOLD 28 key 202605 seed 20260933 train_rows 2424277 train_anchors 9383 test_anchors 186/186 test_rows 74400 fit_s 37.1 rankIC +0.0616 booster 9f9ad98bc025c4ee elapsed 929s
ASSERT fold 29 key 202606: max(train E_ts)+48*300 = 1779393600 (2026-05-21 20:00) < min(test E_ts)-60*14400 = 1779408000 (2026-05-22 00:00) -> True gap 14400s = 1.00 anchors; train_span 2022-01-08 00:00..2026-05-21 16:00 test_span 2026-06-01 00:00..2026-06-30 20:00
FOLD 29 key 202606 seed 20260934 train_rows 2498677 train_anchors 9569 test_anchors 180/180 test_rows 72000 fit_s 37.1 rankIC +0.0417 booster bd04b65bda04c6a7 elapsed 966s
ASSERT fold 30 key 202607: max(train E_ts)+48*300 = 1781985600 (2026-06-20 20:00) < min(test E_ts)-60*14400 = 1782000000 (2026-06-21 00:00) -> True gap 14400s = 1.00 anchors; train_span 2022-01-08 00:00..2026-06-20 16:00 test_span 2026-07-01 00:00..2026-07-31 20:00
FOLD 30 key 202607 seed 20260935 train_rows 2570677 train_anchors 9749 test_anchors 186/186 test_rows 74400 fit_s 36.3 rankIC +0.0644 booster ea5d36469ac67848 elapsed 1003s
ASSERT fold 31 key 202608: max(train E_ts)+48*300 = 1784664000 (2026-07-21 20:00) < min(test E_ts)-60*14400 = 1784678400 (2026-07-22 00:00) -> True gap 14400s = 1.00 anchors; train_span 2022-01-08 00:00..2026-07-21 16:00 test_span 2026-08-01 00:00..2026-08-30 20:00
FOLD 31 key 202608 seed 20260936 train_rows 2645077 train_anchors 9935 test_anchors 180/180 test_rows 72000 fit_s 38.2 rankIC +0.0461 booster 73a3472b4b00f69b elapsed 1041s
SAVED /workspace/review_scratch/rolling_king/slow_pred_rollm.npy shape (10176, 829) dtype float32 sha256 999f7d4d8fa4de8e9eb46305d31af8a06b14419b07389f269a8d2fbad138be4a finite_anchors 5838 first_finite 2024-01-01 00:00 last_finite 2026-08-30 20:00 pre2024_all_nan True finite_mask_equal_pinned True
DONE monthly 1042s
