anchors attributed: 5 (09-24T08:00Z .. 09-25T00:00Z); price snapshot 1790323200
PAPER by leg (USDT): {'fund': -2018.1, 'fund_NC': -2018.1, 'fund_long': 792.6, 'fund_short': -2810.8, 'king': 231.9, 'king_NC': 231.9, 'king_long': 70.4, 'king_short': 104.4, 'paper': -1694.6, 'paper_NC': -1694.6, 'resid_F10_chain': 91.6, 'resid_F10_chain_long': 1072.7, 'resid_F10_chain_short': -924.0}
mean projection R2: 0.616 | mean bK, bF: 224.3 2061.8
production leg ledger over the same intervals (sum of per-anchor unit-gross leg returns, bps): {'king': 128.9, 'rev24': 177.1, 'fund': -36.2}
funding-rank fifths (fund z fifths among members; 1 = lowest funding rank, 5 = highest):
   long_fundfifth1 {"n_obs": 8, "mean_holding_return_pct": 0.306, "paper_pnl_usdt": 0.334}
   long_fundfifth2 {"n_obs": 23, "mean_holding_return_pct": 0.34, "paper_pnl_usdt": 11.789}
   long_fundfifth3 {"n_obs": 116, "mean_holding_return_pct": 0.731, "paper_pnl_usdt": 170.479}
   long_fundfifth4 {"n_obs": 263, "mean_holding_return_pct": 0.526, "paper_pnl_usdt": 721.545}
   long_fundfifth5 {"n_obs": 280, "mean_holding_return_pct": 0.24, "paper_pnl_usdt": 1031.626}
   long_rest {"n_obs": 410, "mean_holding_return_pct": 0.57, "paper_pnl_usdt": 904.147}
   long_topfifth_fund {"n_obs": 280, "mean_holding_return_pct": 0.24, "paper_pnl_usdt": 1031.626}
   short_fundfifth1 {"n_obs": 312, "mean_holding_return_pct": 0.321, "paper_pnl_usdt": -1173.936}
   short_fundfifth2 {"n_obs": 332, "mean_holding_return_pct": 0.961, "paper_pnl_usdt": -1914.914}
   short_fundfifth3 {"n_obs": 203, "mean_holding_return_pct": 0.736, "paper_pnl_usdt": -532.699}
   short_fundfifth4 {"n_obs": 3, "mean_holding_return_pct": 3.928, "paper_pnl_usdt": -8.798}
   short_fundfifth5 {"n_obs": 0, "mean_holding_return_pct": null, "paper_pnl_usdt": 0.0}
   short_rest {"n_obs": 850, "mean_holding_return_pct": 0.683, "paper_pnl_usdt": -3630.348}
   short_topfifth_fund {"n_obs": 0, "mean_holding_return_pct": null, "paper_pnl_usdt": 0.0}
DAILY:
  09-24 {'paper': -966.7, 'king': 122.4, 'fund': -1335.2, 'resid_F10_chain': 246.0}
  09-25 {'paper': -727.9, 'king': 109.5, 'fund': -682.9, 'resid_F10_chain': -154.5}
