S1 window 09-24T08:46Z 112921.13 -> 09-25T08:45Z 110520.03: -2401.10 USDT (-2.13%), external flow 0.00
   price              -2276.73    94.8%
   price_realized        38.34    -1.6%
   price_d_upnl       -2315.07    96.4%
   funding              -99.75     4.2%
   commission           -15.40     0.6%
   settlement           -16.59     0.7%
   wallet_residual        7.37    -0.3%
   total              -2401.10   100.0%
S2 daily (by interval end date): {"09-24": {"d_nav": -1025.2, "price": -978.2, "funding": -30.7, "commission": -8.8, "settlement": -16.6}, "09-25": {"d_nav": -1375.9, "price": -1298.5, "funding": -69.0, "commission": -6.6, "settlement": 0.0}}
S3 book (nav) return on btc: beta -0.227 R2 0.101 n 5 | USDT {"total": -1752.36, "beta_part": -158.67, "intercept_part": -1592.26, "residual": -1.43, "cum_factor_return": 0.01}
S3 book (nav) return on ew_market: beta -0.135 R2 0.334 n 5 | USDT {"total": -1752.36, "beta_part": -418.24, "intercept_part": -1334.31, "residual": 0.18, "cum_factor_return": 0.03}
S4 fills 37296 -> dedup 18680
S4 MTM total -2291.86; long 2315.45 (2.05% of avg notional 112830); short -4607.31 (-4.18% of avg notional 110259)
S4 top-10 losers: [["XPLUSDT", -298.6], ["NOMUSDT", -186.2], ["CFGUSDT", -169.0], ["MUBARAKUSDT", -165.8], ["QNTUSDT", -163.7], ["FETUSDT", -157.5], ["BROCCOLI714USDT", -145.9], ["OPUSDT", -140.3], ["SEIUSDT", -135.7], ["ACEUSDT", -122.4]]
S3b price window 09-24T08:46Z -> 09-25T08:00Z (price cache ends 09-25T08:00Z): BTC 0.36%  EW live names 2.75%  EW ex-BTC/ETH 2.74%
S3b held-book hourly on btc: beta (USDT per unit return / NAV) -0.340  R2 0.192  n 19 h | beta part 109.4 of held-book P&L -1935.4 USDT
S3b held-book hourly on ew_market: beta (USDT per unit return / NAV) -0.186  R2 0.286  n 19 h | beta part -144.5 of held-book P&L -1935.4 USDT
S5 stopped names (end aligned at 09-25T04:43Z): loss until stop 0.00; actual after 8.04; hold-to-end 0.00; stop saved 8.04
   ONEUSDT    stop 09-17T04:44Z until-stop      0.00 worst anchors [] | after     8.19 hold     0.00 saved     8.19
   NEARUSDT   stop 09-18T08:44Z until-stop      0.00 worst anchors [] | after     0.00 hold     0.00 saved     0.00
   GUSDT      stop 09-18T12:45Z until-stop      0.00 worst anchors [] | after     0.00 hold     0.00 saved     0.00
   ARBUSDT    stop 09-18T20:45Z until-stop      0.00 worst anchors [] | after     0.00 hold     0.00 saved     0.00
   STARUSDT   stop 09-19T08:44Z until-stop      0.00 worst anchors [] | after     0.00 hold     0.00 saved     0.00
   ARUSDT     stop 09-19T12:45Z until-stop      0.00 worst anchors [] | after     0.00 hold     0.00 saved     0.00
   ZAMAUSDT   stop 09-19T12:45Z until-stop      0.00 worst anchors [] | after     0.01 hold     0.00 saved     0.01
   ENAUSDT    stop 09-19T20:45Z until-stop      0.00 worst anchors [] | after    -0.16 hold     0.00 saved    -0.16
   PHAUSDT    stop 09-21T12:46Z until-stop      0.00 worst anchors [] | after     0.00 hold     0.00 saved     0.00
   MINAUSDT   stop 09-22T20:44Z until-stop      0.00 worst anchors [] | after     0.00 hold     0.00 saved     0.00
   BCHUSDT    stop 09-23T00:46Z until-stop      0.00 worst anchors [] | after    -0.01 hold     0.00 saved    -0.01
   METUSDT    stop 09-23T04:45Z until-stop      0.00 worst anchors [] | after     0.00 hold     0.00 saved     0.00
   TIAUSDT    stop 09-23T04:45Z until-stop      0.00 worst anchors [] | after     0.00 hold     0.00 saved     0.00
   HUSDT      stop 09-23T08:45Z until-stop      0.00 worst anchors [] | after     0.00 hold     0.00 saved     0.00
S5 stopped names' loss by anchor (worst 8): []
S6 recorded shadow hedge [v1 clipped input]: 7 anchors, 5 complete intervals, gross -17.05, fees maker 1.42 / taker 3.55 | MODEL extrapolation (mean hedge/NAV 0.0499): gross 34.88
