# run1 tree=/Users/haosiyu/cc_tmp/fx_exec suite=live/tests_rank_monitor_input.py head=65234404eb22693cb3c67572ee49e6af86a1f0db dirty=6 start=2026-09-13T16:26:44Z py=Python 3.9.6
# suite_sha256=4973bf006bf4483d06cd9818572aabe755b2217ff792e24d108784c25b80e179
[F] fixture
  OK    F0 fixture validity: the three live files hash to what the builder recorded; the live step-9 record is the retired report's 'report_unreachable' with decay_judged false, and the evals ledger did not exist at copy time  — (True, 'report_unreachable', 228)
  OK    F1 the harness found step 9's module in run_anchor's source and it exists  — check_rank_monitor_input
  OK    F2 #55's own check() on the real rows: its next scheduled run (09-14 01:30Z) is INCOMPLETE — r24 misses 9 anchors after the 09-12 flatten — and 09-05 01:30Z is a judged OK; both rows carry eval_at, census.frontier_ts and census.newest_row_anchor_ts  — ('INCOMPLETE', 9, 'OK')

[A] step 9 and assertion #9, driven
  OK    ★★★ A1 (OLD CODE: RED) the REAL situation — retired report unreachable, #55's evals ledger absent — checked after the grace: assertion #9 FAILS and names the absent ledger (the old #9 passed on exactly this, every anchor since 08-06)  — ({'assert': 'the position-rank monitor (#55) evaluated recently and reported (judged, or honestly not judged)', 'ok': False, 'detail': "state=LEDGER_ABSENT level=None judged=None eval_at=None age_h=None expected_frontier=None newest=None | LEDGER_ABSENT: /var/folders/st/mzrzjsw17550kc9jp7g6gglc0000gn/T/alm03_1mwozcxc/state/live/ic_monitor_evals.jsonl still does not exist at 2026-09-15T00:00:00Z, 35.9 h after W1 went live — #55 has not recorded one evaluation, so nothing is watching the traded book's position ranking.", 'producer': None}, 'LEDGER_ABSENT')
  OK    ★★★ A2 (OLD CODE: RED) #55's real next evaluation (INCOMPLETE) in its ledger: step 9 records NOT_JUDGED from source ic_monitor_evals with the missing anchors as the reason, pages nothing (#55 pages its own INCOMPLETE), and #9 passes — the gate working is not a monitor failure  — ('NOT_JUDGED', 'r24: 9 expected anchors missing > 2 (2026-09-12T12:00Z, 2026-09-12T16:00Z, 2026-09-12T20:00Z, 2026-09-13T00:00Z, 2026-09-13T04:00Z, 2026-09-13T08:00Z …); r48: 18 expected anchors missing > 4 (2026-09-06T08:00Z, 2026-09-06T12:00Z, 2026-09-06T16:00Z, 2026-09-06T20:00Z, 2026-09-07T00:00Z, 2026-09-09T08:00Z …)', [], {'assert': 'the position-rank monitor (#55) evaluated recently and reported (judged, or honestly not judged)', 'ok': True, 'detail': 'state=NOT_JUDGED level=INCOMPLETE judged=False eval_at=2026-09-14T01:30:00Z age_h=0.5 expected_frontier=2026-09-13T20:00:00Z newest=2026-09-12T08:00:00Z | not judged: r24: 9 expected anchors missing > 2 (2026-09-12T12:00Z, 2026-09-12T16:00Z, 2026-09-12T20:00Z, 2026-09-13T00:00Z, 2026-09-13T04:00Z, 2026-09-13T08:00Z …); r48: 18 expected anchors missing > 4 (2026-09-06T08:00Z, 2026-09-06T12:00Z, 2026-09-06T16:00Z, 2026-09-06T20:00Z, 2026-09-07T00:00Z, 2026-09-09T08:00Z …)', 'producer': None})
  OK    ★★★ A3 (OLD CODE: RED) a real judged evaluation (09-05, OK): JUDGED, both clocks recorded — expected frontier 2026-09-04T20:00Z and observed newest anchor 2026-09-04T20:00Z, lag 0 — nothing paged, #9 passes  — ('JUDGED', '2026-09-04T20:00:00Z', '2026-09-04T20:00:00Z', [], {'assert': 'the position-rank monitor (#55) evaluated recently and reported (judged, or honestly not judged)', 'ok': True, 'detail': 'state=JUDGED level=OK judged=True eval_at=2026-09-05T01:30:00Z age_h=0.5 expected_frontier=2026-09-04T20:00:00Z newest=2026-09-04T20:00:00Z', 'producer': None})
  OK    ★★★ A4 (OLD CODE: RED) the same evaluation 26.5 h later: EVAL_STALE, paged ONCE at HIGH; the next anchor with the condition unchanged does not page again (the episode key names the evaluation, not its age); #9 fails both times  — ('EVAL_STALE', [('HIGH', "持仓排序监控输入: EVAL_STALE: #55's last evaluation is 2026-09-05T01:30:00Z, older than 26.0 h — the monitor stopped running")], [], False, False)
  OK    ★★ A5 (OLD CODE: RED) the grace is a FIXED instant (W1 live 2026-09-13T12:04:14Z + 30 h), not reset by runs: absent at 09-13 16Z and at 09-14 18:00Z is a named known gap (INFO, not paged, #9 passes as a gap), the grace end is the same both times, and at 18:05Z the same absence is LEDGER_ABSENT, paged, #9 fails  — ('LEDGER_ABSENT_IN_GRACE', '2026-09-14T18:04:14Z', 'LEDGER_ABSENT', [('HIGH', "持仓排序监控输入: LEDGER_ABSENT: /var/folders/st/mzrzjsw17550kc9jp7g6gglc0000gn/T/alm03_a2ugywy8/state/live/ic_monitor_evals.jsonl does not exist after the fixed grace 2026-09-14T18:04:14Z — #55 has recorded no evaluation of the traded book's position ranking")], False)
  OK    ★★ A6 (OLD CODE: RED) a DECIDE evaluation (#55's real check() with ONE constant moved, R24_P1 = 0.5): step 9 records JUDGED level DECIDE and pages NOTHING — threshold pages are #55's (§5-5), a second stream here would not de-duplicate against them  — ('DECIDE', 'JUDGED', [])
  OK    ★★ A7 (OLD CODE: RED) 'not judged' WITHOUT the census that explains it is not the gate working: NOT_JUDGED_WITHOUT_CENSUS, paged HIGH, #9 fails  — ('NOT_JUDGED_WITHOUT_CENSUS', [('HIGH', "持仓排序监控输入: NOT_JUDGED_WITHOUT_CENSUS: level 'INCOMPLETE', judged False, incomplete_windows ['r24', 'r48'] — a row that is not judged must carry the census windows that explain it. [evaluation 2026-09-14T01:30:00Z]")], False)
  OK    ★★ A7b (OLD CODE: RED) 'not judged' with a census but NO incomplete window named is equally unexplained: NOT_JUDGED_WITHOUT_CENSUS, paged, #9 fails  — ('NOT_JUDGED_WITHOUT_CENSUS', [('HIGH', "持仓排序监控输入: NOT_JUDGED_WITHOUT_CENSUS: level 'INCOMPLETE', judged False, incomplete_windows [] — a row that is not judged must carry the census windows that explain it. [evaluation 2026-09-14T01:30:00Z]")], False)
  OK    ★★ A8 (OLD CODE: RED) a last row cut mid-write is LEDGER_UNREADABLE (paged, #9 fails) — never read as the row before it  — ('LEDGER_UNREADABLE', False)
  OK    ★★ A9 (OLD CODE: RED) #55 reporting its thresholds UNSTAMPED (its real check() with R24_P5 = None) is paged and fails #9  — ('UNSTAMPED', 'UNSTAMPED')
  OK    ★★ A10 (OLD CODE: RED) judged, yet its observed newest anchor lags its own expected frontier by 3 anchors (a judged r24 allows 2): DATA_LAG_CONTRADICTION, paged, #9 fails — the two clocks are read separately (§5-2)  — ('DATA_LAG_CONTRADICTION', 3.0)
  OK    ★★ A11 (OLD CODE: RED) every page step 9 raised above is tier A for alarm_policy (pushed) WITHOUT matching any rule — a matched rule would file it under another source's name (e.g. 'unexplained' reads as a book/venue disagreement) — and none matches the retired shadow-report staleness rule that files '因子健康: STALE' pages into the daily digest  — ['UNRECOGNISED', 'UNRECOGNISED', 'UNRECOGNISED', 'UNRECOGNISED', 'UNRECOGNISED', 'UNRECOGNISED', 'UNRECOGNISED']
  OK    ★★ A12 (OLD CODE: RED) no subprocess ran in any drive of step 9, and step 9's module imports nothing that can reach another machine (subprocess / socket / urllib / http / requests / paramiko)  — (0, 'check_rank_monitor_input', ['__future__', 'alarm_episode', 'calendar', 'json', 'os', 'time', 'typing'])

[S] static
  OK    ★ S1 (OLD CODE: RED) the consumer's copies of #55's facts equal #55's own: evals path, grid, the r24 missing-anchor limit  — True
  OK    ★ S2 (OLD CODE: RED) W1_EVALS_LIVE_UTC is the ef60f85 commit time as recorded from the live repo (+08:00 → Z)  — ('2026-09-13T12:04:14Z',)
  OK    ★ S3 (OLD CODE: RED) step 9 imports check_rank_monitor_input and calls its run(); no runtime module imports the retired check_factor_health any more  — ('check_rank_monitor_input', [])

  ALL PASS
# end=2026-09-13T16:26:46Z rc=0
