c783f253779d923b80626414ed73ce407e3d4ae71630352254ae6f3b97079c18  patched/dl_klines_paced.py
5c7d46b53ea58a3b61f594f77fe0ab1d88be04d89bfa79bbed274e20198a091e  logs/patches/dl_klines_paced.diff
de74019e1ad25c84a0d4dae8994ff8babd38f339840e90e3a4af1cdf6be61483  src/panel_symbols_wide.txt
SELF_SHA256 c783f253779d923b80626414ed73ce407e3d4ae71630352254ae6f3b97079c18
PATCH_SHA256 5c7d46b53ea58a3b61f594f77fe0ab1d88be04d89bfa79bbed274e20198a091e /workspace/review_scratch/jpline_rebuild/logs/patches/dl_klines_paced.diff
SYMBOLS 829 sha256 de74019e1ad25c84a0d4dae8994ff8babd38f339840e90e3a4af1cdf6be61483
PLAN symbols 829 x (monthly 79 [2020-01..2026-07] + daily 16 [2026-08-01..2026-08-16]) = 78755 (symbol,period) requests; already satisfied 31310; planned now 47445
PACING rate 4.0 req/s total (shared token bucket), threads 8, pause windows [N-5min, N+30min] UTC for N in (0, 4, 8, 12, 16, 20)
UTC_NOW 2026-09-05T02:12:55Z  ETA 3.88 h -> 2026-09-05T06:05:37Z (upper bound: every planned request billed at 1/4 s incl. 404s)
ok 38 miss404 80 err 0 left 47319 req 120 rate 4.00/s elapsed 0.01h 02:13:25Z
ok 72 miss404 167 err 0 left 47198 req 241 rate 4.02/s elapsed 0.02h 02:13:55Z
ok 109 miss404 249 err 0 left 47079 req 361 rate 4.01/s elapsed 0.03h 02:14:25Z
ok 187 miss404 287 err 0 left 46963 req 481 rate 4.01/s elapsed 0.03h 02:14:55Z
ok 234 miss404 365 err 0 left 46838 req 601 rate 4.01/s elapsed 0.04h 02:15:25Z
ok 262 miss404 457 err 0 left 46718 req 721 rate 4.01/s elapsed 0.05h 02:15:55Z
ok 340 miss404 498 err 0 left 46599 req 841 rate 4.00/s elapsed 0.06h 02:16:25Z
ok 365 miss404 593 err 0 left 46479 req 961 rate 4.00/s elapsed 0.07h 02:16:55Z
ok 431 miss404 648 err 0 left 46358 req 1081 rate 4.00/s elapsed 0.08h 02:17:25Z
ok 460 miss404 739 err 0 left 46238 req 1201 rate 4.00/s elapsed 0.08h 02:17:55Z
ok 491 miss404 828 err 0 left 46118 req 1321 rate 4.00/s elapsed 0.09h 02:18:25Z
ok 569 miss404 866 err 0 left 46002 req 1441 rate 4.00/s elapsed 0.10h 02:18:55Z
ok 616 miss404 942 err 0 left 45879 req 1561 rate 4.00/s elapsed 0.11h 02:19:25Z
ok 652 miss404 1026 err 0 left 45759 req 1681 rate 4.00/s elapsed 0.12h 02:19:55Z
ok 687 miss404 1109 err 0 left 45641 req 1801 rate 4.00/s elapsed 0.13h 02:20:25Z
ok 764 miss404 1153 err 0 left 45520 req 1921 rate 4.00/s elapsed 0.13h 02:20:55Z
