c783f253779d923b80626414ed73ce407e3d4ae71630352254ae6f3b97079c18  patched/dl_klines_paced.py
834569015bc1dd6cf8173c163fd9d7b73faaf5ee75af48e21db027724b4f2236  patched/dl_klines_fast.py
c24a1975e6606c8892d04a8318af953a016c771b2133fdaa02564e24ea5047c8  logs/patches/dl_klines_fast.diff
de74019e1ad25c84a0d4dae8994ff8babd38f339840e90e3a4af1cdf6be61483  src/panel_symbols_wide.txt
SELF_SHA256 834569015bc1dd6cf8173c163fd9d7b73faaf5ee75af48e21db027724b4f2236
PATCH_SHA256 c24a1975e6606c8892d04a8318af953a016c771b2133fdaa02564e24ea5047c8 /workspace/review_scratch/jpline_rebuild/logs/patches/dl_klines_fast.diff
SYMBOLS 829 sha256 de74019e1ad25c84a0d4dae8994ff8babd38f339840e90e3a4af1cdf6be61483
PLAN symbols 829 x (monthly 79 [2020-01..2026-07] + daily 16 [2026-08-01..2026-08-16]) = 78755 (symbol,period) requests; already satisfied 33348; planned now 45407
FAST_VARIANT pause_disabled=True (user ruling 2026-09-05 解除限速; static CDN on pod2 only)
PACING rate 1000000.0 req/s total (shared token bucket), threads 24, pause windows [N-5min, N+30min] UTC for N in ()
UTC_NOW 2026-09-05T02:21:30Z  ETA 0.00 h -> 2026-09-05T02:21:30Z (upper bound: every planned request billed at 1/1000000 s incl. 404s)
ok 428 miss404 745 err 0 left 44210 req 1197 rate 39.90/s elapsed 0.01h 02:22:00Z
ok 866 miss404 1392 err 0 left 43125 req 2282 rate 38.03/s elapsed 0.02h 02:22:30Z
ok 1383 miss404 1887 err 0 left 42113 req 3294 rate 36.60/s elapsed 0.03h 02:23:00Z
ok 1855 miss404 2586 err 0 left 40942 req 4465 rate 37.21/s elapsed 0.03h 02:23:30Z
ok 2310 miss404 3237 err 0 left 39836 req 5571 rate 37.14/s elapsed 0.04h 02:24:00Z
ok 2817 miss404 3840 err 0 left 38726 req 6681 rate 37.12/s elapsed 0.05h 02:24:30Z
ok 3293 miss404 4392 err 0 left 37698 req 7709 rate 36.71/s elapsed 0.06h 02:25:00Z
ok 3855 miss404 4779 err 0 left 36749 req 8657 rate 36.07/s elapsed 0.07h 02:25:30Z
ok 4359 miss404 5314 err 0 left 35710 req 9697 rate 35.91/s elapsed 0.08h 02:26:00Z
ok 4760 miss404 6029 err 0 left 34594 req 10813 rate 36.04/s elapsed 0.08h 02:26:30Z
ok 5245 miss404 6732 err 0 left 33406 req 12001 rate 36.37/s elapsed 0.09h 02:27:00Z
ok 5634 miss404 7448 err 0 left 32301 req 13106 rate 36.40/s elapsed 0.10h 02:27:30Z
ok 6090 miss404 8083 err 0 left 31210 req 14197 rate 36.40/s elapsed 0.11h 02:28:00Z
ok 6492 miss404 8761 err 0 left 30130 req 15278 rate 36.38/s elapsed 0.12h 02:28:30Z
ok 7001 miss404 9396 err 0 left 28986 req 16422 rate 36.49/s elapsed 0.13h 02:29:00Z
ok 7488 miss404 10021 err 0 left 27874 req 17534 rate 36.53/s elapsed 0.13h 02:29:30Z
ok 7958 miss404 10765 err 0 left 26660 req 18747 rate 36.76/s elapsed 0.14h 02:30:00Z
ok 8404 miss404 11443 err 0 left 25536 req 19872 rate 36.80/s elapsed 0.15h 02:30:30Z
ok 8842 miss404 12221 err 0 left 24320 req 21088 rate 37.00/s elapsed 0.16h 02:31:00Z
ok 9246 miss404 13034 err 0 left 23103 req 22305 rate 37.17/s elapsed 0.17h 02:31:30Z
ok 9739 miss404 13562 err 0 left 22082 req 23326 rate 37.02/s elapsed 0.18h 02:32:00Z
ok 10227 miss404 14193 err 0 left 20963 req 24445 rate 37.04/s elapsed 0.18h 02:32:30Z
ok 10791 miss404 14640 err 0 left 19952 req 25456 rate 36.89/s elapsed 0.19h 02:33:00Z
ok 11286 miss404 15200 err 0 left 18897 req 26511 rate 36.82/s elapsed 0.20h 02:33:30Z
ok 11728 miss404 15982 err 0 left 17673 req 27735 rate 36.98/s elapsed 0.21h 02:34:00Z
ok 12150 miss404 16687 err 0 left 16546 req 28862 rate 37.00/s elapsed 0.22h 02:34:30Z
ok 12539 miss404 17550 err 0 left 15294 req 30114 rate 37.18/s elapsed 0.23h 02:35:00Z
ok 12947 miss404 18204 err 0 left 14232 req 31176 rate 37.11/s elapsed 0.23h 02:35:30Z
ok 13487 miss404 18760 err 0 left 13136 req 32272 rate 37.09/s elapsed 0.24h 02:36:00Z
ok 13985 miss404 19341 err 0 left 12057 req 33351 rate 37.06/s elapsed 0.25h 02:36:30Z
ok 14466 miss404 20061 err 0 left 10856 req 34552 rate 37.15/s elapsed 0.26h 02:37:00Z
ok 14873 miss404 20649 err 0 left 9861 req 35547 rate 37.03/s elapsed 0.27h 02:37:30Z
ok 15341 miss404 21434 err 0 left 8608 req 36800 rate 37.17/s elapsed 0.28h 02:38:00Z
ok 15829 miss404 22104 err 0 left 7450 req 37958 rate 37.21/s elapsed 0.28h 02:38:30Z
ok 16217 miss404 22796 err 0 left 6370 req 39038 rate 37.18/s elapsed 0.29h 02:39:00Z
ok 16686 miss404 23498 err 0 left 5199 req 40209 rate 37.23/s elapsed 0.30h 02:39:30Z
ok 17134 miss404 24121 err 0 left 4128 req 41280 rate 37.19/s elapsed 0.31h 02:40:00Z
ok 17589 miss404 24710 err 0 left 3084 req 42324 rate 37.13/s elapsed 0.32h 02:40:30Z
ok 18112 miss404 25257 err 0 left 2014 req 43393 rate 37.09/s elapsed 0.33h 02:41:00Z
ok 18641 miss404 25820 err 0 left 922 req 44486 rate 37.07/s elapsed 0.33h 02:41:30Z
ok 19064 miss404 26343 err 0 left 0 req 45408 rate 36.92/s elapsed 0.34h 02:42:00Z
DL_DONE ok 19064 miss404 26343 err 0 requests 45408 elapsed 0.34h 2026-09-05T02:42:00Z
attempt 1: DL_DONE ok 19064 miss404 26343 err 0 requests 45408 elapsed 0.34h 2026-09-05T02:42:00Z
zip files: 33296  404 sentinels: 45459  bytes: 7847016563
