c783f253779d923b80626414ed73ce407e3d4ae71630352254ae6f3b97079c18  patched/dl_klines_paced.py
5c7d46b53ea58a3b61f594f77fe0ab1d88be04d89bfa79bbed274e20198a091e  logs/patches/dl_klines_paced.diff
de74019e1ad25c84a0d4dae8994ff8babd38f339840e90e3a4af1cdf6be61483  src/panel_symbols_wide.txt
SELF_SHA256 c783f253779d923b80626414ed73ce407e3d4ae71630352254ae6f3b97079c18
PATCH_SHA256 5c7d46b53ea58a3b61f594f77fe0ab1d88be04d89bfa79bbed274e20198a091e /workspace/review_scratch/jpline_rebuild/logs/patches/dl_klines_paced.diff
SYMBOLS 829 sha256 de74019e1ad25c84a0d4dae8994ff8babd38f339840e90e3a4af1cdf6be61483
PLAN symbols 829 x (monthly 79 [2020-01..2026-07] + daily 16 [2026-08-01..2026-08-16]) = 78755 (symbol,period) requests; already satisfied 0; planned now 78755
PACING rate 4.0 req/s total (shared token bucket), threads 8, pause windows [N-5min, N+30min] UTC for N in (0, 4, 8, 12, 16, 20)
UTC_NOW 2026-09-05T01:13:05Z  ETA 6.05 h -> 2026-09-05T07:16:13Z (upper bound: every planned request billed at 1/4 s incl. 404s)
ok 27 miss404 90 err 0 left 78630 req 120 rate 4.00/s elapsed 0.01h 01:13:35Z
ok 57 miss404 180 err 0 left 78510 req 240 rate 4.00/s elapsed 0.02h 01:14:05Z
ok 119 miss404 237 err 0 left 78391 req 361 rate 4.01/s elapsed 0.03h 01:14:35Z
ok 147 miss404 330 err 0 left 78270 req 481 rate 4.01/s elapsed 0.03h 01:15:05Z
ok 185 miss404 412 err 0 left 78150 req 601 rate 4.01/s elapsed 0.04h 01:15:35Z
ok 232 miss404 483 err 0 left 78032 req 721 rate 4.01/s elapsed 0.05h 01:16:05Z
ok 319 miss404 515 err 0 left 77913 req 841 rate 4.00/s elapsed 0.06h 01:16:35Z
ok 395 miss404 564 err 0 left 77788 req 961 rate 4.00/s elapsed 0.07h 01:17:05Z
ok 443 miss404 635 err 0 left 77669 req 1081 rate 4.00/s elapsed 0.08h 01:17:35Z
ok 530 miss404 665 err 0 left 77552 req 1201 rate 4.00/s elapsed 0.08h 01:18:05Z
ok 596 miss404 723 err 0 left 77428 req 1321 rate 4.00/s elapsed 0.09h 01:18:35Z
ok 682 miss404 755 err 0 left 77310 req 1441 rate 4.00/s elapsed 0.10h 01:19:05Z
ok 743 miss404 812 err 0 left 77192 req 1561 rate 4.00/s elapsed 0.11h 01:19:35Z
ok 806 miss404 868 err 0 left 77073 req 1681 rate 4.00/s elapsed 0.12h 01:20:05Z
ok 860 miss404 937 err 0 left 76950 req 1801 rate 4.00/s elapsed 0.13h 01:20:35Z
ok 894 miss404 1024 err 0 left 76829 req 1921 rate 4.00/s elapsed 0.13h 01:21:05Z
ok 920 miss404 1117 err 0 left 76710 req 2041 rate 4.00/s elapsed 0.14h 01:21:35Z
ok 949 miss404 1209 err 0 left 76589 req 2161 rate 4.00/s elapsed 0.15h 01:22:05Z
ok 985 miss404 1293 err 0 left 76469 req 2281 rate 4.00/s elapsed 0.16h 01:22:35Z
ok 1073 miss404 1326 err 0 left 76348 req 2401 rate 4.00/s elapsed 0.17h 01:23:05Z
ok 1129 miss404 1386 err 0 left 76232 req 2521 rate 4.00/s elapsed 0.18h 01:23:35Z
ok 1191 miss404 1444 err 0 left 76112 req 2641 rate 4.00/s elapsed 0.18h 01:24:05Z
ok 1239 miss404 1519 err 0 left 75989 req 2761 rate 4.00/s elapsed 0.19h 01:24:35Z
ok 1299 miss404 1575 err 0 left 75873 req 2881 rate 4.00/s elapsed 0.20h 01:25:05Z
ok 1370 miss404 1628 err 0 left 75749 req 3001 rate 4.00/s elapsed 0.21h 01:25:35Z
ok 1406 miss404 1708 err 0 left 75633 req 3121 rate 4.00/s elapsed 0.22h 01:26:05Z
ok 1446 miss404 1792 err 0 left 75509 req 3241 rate 4.00/s elapsed 0.23h 01:26:35Z
ok 1491 miss404 1867 err 0 left 75389 req 3361 rate 4.00/s elapsed 0.23h 01:27:05Z
ok 1564 miss404 1913 err 0 left 75270 req 3481 rate 4.00/s elapsed 0.24h 01:27:35Z
ok 1622 miss404 1977 err 0 left 75148 req 3601 rate 4.00/s elapsed 0.25h 01:28:05Z
ok 1668 miss404 2051 err 0 left 75028 req 3721 rate 4.00/s elapsed 0.26h 01:28:35Z
ok 1695 miss404 2144 err 0 left 74908 req 3841 rate 4.00/s elapsed 0.27h 01:29:05Z
ok 1715 miss404 2244 err 0 left 74788 req 3961 rate 4.00/s elapsed 0.28h 01:29:35Z
ok 1770 miss404 2309 err 0 left 74668 req 4081 rate 4.00/s elapsed 0.28h 01:30:05Z
ok 1804 miss404 2394 err 0 left 74549 req 4201 rate 4.00/s elapsed 0.29h 01:30:35Z
ok 1851 miss404 2467 err 0 left 74429 req 4321 rate 4.00/s elapsed 0.30h 01:31:05Z
ok 1888 miss404 2551 err 0 left 74308 req 4441 rate 4.00/s elapsed 0.31h 01:31:35Z
ok 1931 miss404 2628 err 0 left 74188 req 4561 rate 4.00/s elapsed 0.32h 01:32:05Z
ok 1968 miss404 2712 err 0 left 74067 req 4681 rate 4.00/s elapsed 0.33h 01:32:35Z
ok 1986 miss404 2812 err 0 left 73949 req 4801 rate 4.00/s elapsed 0.33h 01:33:05Z
ok 2087 miss404 2829 err 0 left 73831 req 4921 rate 4.00/s elapsed 0.34h 01:33:35Z
ok 2192 miss404 2847 err 0 left 73708 req 5041 rate 4.00/s elapsed 0.35h 01:34:05Z
ok 2217 miss404 2941 err 0 left 73589 req 5161 rate 4.00/s elapsed 0.36h 01:34:35Z
ok 2245 miss404 3033 err 0 left 73469 req 5281 rate 4.00/s elapsed 0.37h 01:35:05Z
ok 2353 miss404 3045 err 0 left 73349 req 5401 rate 4.00/s elapsed 0.38h 01:35:35Z
ok 2401 miss404 3119 err 0 left 73227 req 5521 rate 4.00/s elapsed 0.38h 01:36:05Z
ok 2448 miss404 3191 err 0 left 73108 req 5641 rate 4.00/s elapsed 0.39h 01:36:35Z
ok 2484 miss404 3272 err 0 left 72991 req 5761 rate 4.00/s elapsed 0.40h 01:37:05Z
ok 2531 miss404 3348 err 0 left 72868 req 5881 rate 4.00/s elapsed 0.41h 01:37:35Z
ok 2564 miss404 3436 err 0 left 72747 req 6001 rate 4.00/s elapsed 0.42h 01:38:05Z
ok 2567 miss404 3552 err 0 left 72628 req 6121 rate 4.00/s elapsed 0.43h 01:38:35Z
ok 2650 miss404 3585 err 0 left 72512 req 6241 rate 4.00/s elapsed 0.43h 01:39:05Z
ok 2696 miss404 3661 err 0 left 72390 req 6361 rate 4.00/s elapsed 0.44h 01:39:35Z
ok 2733 miss404 3745 err 0 left 72269 req 6481 rate 4.00/s elapsed 0.45h 01:40:05Z
ok 2818 miss404 3778 err 0 left 72151 req 6601 rate 4.00/s elapsed 0.46h 01:40:35Z
ok 2872 miss404 3846 err 0 left 72029 req 6721 rate 4.00/s elapsed 0.47h 01:41:05Z
ok 2915 miss404 3925 err 0 left 71907 req 6841 rate 4.00/s elapsed 0.48h 01:41:35Z
ok 2977 miss404 3981 err 0 left 71789 req 6961 rate 4.00/s elapsed 0.48h 01:42:05Z
ok 3034 miss404 4045 err 0 left 71668 req 7081 rate 4.00/s elapsed 0.49h 01:42:35Z
ok 3071 miss404 4124 err 0 left 71552 req 7201 rate 4.00/s elapsed 0.50h 01:43:05Z
ok 3149 miss404 4170 err 0 left 71428 req 7321 rate 4.00/s elapsed 0.51h 01:43:35Z
ok 3200 miss404 4238 err 0 left 71309 req 7441 rate 4.00/s elapsed 0.52h 01:44:05Z
ok 3249 miss404 4307 err 0 left 71191 req 7561 rate 4.00/s elapsed 0.53h 01:44:35Z
ok 3351 miss404 4327 err 0 left 71069 req 7681 rate 4.00/s elapsed 0.53h 01:45:05Z
ok 3386 miss404 4414 err 0 left 70947 req 7801 rate 4.00/s elapsed 0.54h 01:45:35Z
ok 3404 miss404 4515 err 0 left 70828 req 7921 rate 4.00/s elapsed 0.55h 01:46:05Z
ok 3435 miss404 4604 err 0 left 70708 req 8041 rate 4.00/s elapsed 0.56h 01:46:35Z
ok 3509 miss404 4650 err 0 left 70588 req 8161 rate 4.00/s elapsed 0.57h 01:47:05Z
ok 3538 miss404 4741 err 0 left 70468 req 8281 rate 4.00/s elapsed 0.58h 01:47:35Z
ok 3614 miss404 4785 err 0 left 70348 req 8401 rate 4.00/s elapsed 0.58h 01:48:05Z
ok 3707 miss404 4810 err 0 left 70230 req 8521 rate 4.00/s elapsed 0.59h 01:48:35Z
ok 3759 miss404 4879 err 0 left 70109 req 8641 rate 4.00/s elapsed 0.60h 01:49:05Z
ok 3814 miss404 4944 err 0 left 69989 req 8761 rate 4.00/s elapsed 0.61h 01:49:35Z
ok 3848 miss404 5031 err 0 left 69868 req 8881 rate 4.00/s elapsed 0.62h 01:50:05Z
ok 3885 miss404 5111 err 0 left 69751 req 9001 rate 4.00/s elapsed 0.63h 01:50:35Z
ok 3948 miss404 5170 err 0 left 69629 req 9121 rate 4.00/s elapsed 0.63h 01:51:05Z
ok 4037 miss404 5201 err 0 left 69509 req 9241 rate 4.00/s elapsed 0.64h 01:51:35Z
ok 4057 miss404 5303 err 0 left 69387 req 9361 rate 4.00/s elapsed 0.65h 01:52:05Z
ok 4091 miss404 5385 err 0 left 69271 req 9481 rate 4.00/s elapsed 0.66h 01:52:35Z
ok 4160 miss404 5438 err 0 left 69149 req 9601 rate 4.00/s elapsed 0.67h 01:53:05Z
ok 4245 miss404 5474 err 0 left 69028 req 9721 rate 4.00/s elapsed 0.68h 01:53:35Z
ok 4263 miss404 5575 err 0 left 68909 req 9841 rate 4.00/s elapsed 0.68h 01:54:05Z
ok 4300 miss404 5659 err 0 left 68788 req 9961 rate 4.00/s elapsed 0.69h 01:54:35Z
ok 4350 miss404 5730 err 0 left 68667 req 10081 rate 4.00/s elapsed 0.70h 01:55:05Z
ok 4370 miss404 5830 err 0 left 68547 req 10202 rate 4.00/s elapsed 0.71h 01:55:35Z
ok 4414 miss404 5904 err 0 left 68429 req 10322 rate 4.00/s elapsed 0.72h 01:56:05Z
ok 4518 miss404 5920 err 0 left 68309 req 10442 rate 4.00/s elapsed 0.73h 01:56:35Z
ok 4617 miss404 5942 err 0 left 68188 req 10562 rate 4.00/s elapsed 0.73h 01:57:05Z
ok 4650 miss404 6030 err 0 left 68067 req 10682 rate 4.00/s elapsed 0.74h 01:57:35Z
ok 4747 miss404 6051 err 0 left 67949 req 10802 rate 4.00/s elapsed 0.75h 01:58:05Z
ok 4805 miss404 6114 err 0 left 67828 req 10922 rate 4.00/s elapsed 0.76h 01:58:35Z
ok 4848 miss404 6192 err 0 left 67707 req 11042 rate 4.00/s elapsed 0.77h 01:59:05Z
ok 4875 miss404 6284 err 0 left 67588 req 11162 rate 4.00/s elapsed 0.78h 01:59:35Z
ok 4896 miss404 6381 err 0 left 67470 req 11282 rate 4.00/s elapsed 0.78h 02:00:05Z
ok 5017 miss404 6382 err 0 left 67348 req 11402 rate 4.00/s elapsed 0.79h 02:00:35Z
ok 5061 miss404 6457 err 0 left 67229 req 11522 rate 4.00/s elapsed 0.80h 02:01:05Z
ok 5125 miss404 6511 err 0 left 67111 req 11642 rate 4.00/s elapsed 0.81h 02:01:35Z
