f1a45c18521c7a2c47298ec0cce837f4dcf9dd7238928c6ee701910b5676ee09  patched/pod_build_wide_ext.py
adeed9f959aa8c420527c43d1d89b691e3c8d9f953318f1bcccc7c2224bff8fd  logs/patches/pod_build_wide_ext.py.diff
39ed11f32b1b8022bffdf3e2e6ebc97d3ebf7d28836f7493803532475c374a92  src/pod_build_wide_ext.py
SELF_SHA256 f1a45c18521c7a2c47298ec0cce837f4dcf9dd7238928c6ee701910b5676ee09 PATCH_SHA256 adeed9f959aa8c420527c43d1d89b691e3c8d9f953318f1bcccc7c2224bff8fd /workspace/review_scratch/jpline_rebuild/logs/patches/pod_build_wide_ext.py.diff
build 50
build 100
build 150
build 200
build 250
build 300
build 350
build 400
build 450
build 500
build 550
build 600
build 650
build 700
build 750
build 800
EXT_CACHE_DONE (696673, 829, 7)
5d5fd0f2f7622465c05fbd0a12d1eb9474706f43c93884868d2ed70d41a54bd4  data/dlnative_5m_wide829_f16_hist.npz
-rw-rw-rw- 1 root root 2290946807 Sep  5 02:50 data/dlnative_5m_wide829_f16_hist.npz
