4e21070ed34c58394f063d3058dc6d98033ad6b8e1c536db86c7c5862208b441  patched/pod_panel_ext.py
7b9f6fa765fc15a10b168e2946b9e15499f27e26edd7d8da65fc6130a995564c  logs/patches/pod_panel_ext.py.diff
db7f0474b64fb3098a8d1a6af29f61423d7b99c74c6834eb6424b77d1642b5ac  src/pod_panel_ext.py
7d0454ad2c9c55eb9bc5031dd7f7ad03cea225222dc890028ade76672f5a1a32  src/zload.py
8a9e771577602dd1875a87fb07f982bc2c255e740966f911469420a44a53a8c2  /workspace/fund_aug.json.gz
f14bc33d78b2492994e793b494c2ff330958351abf5e6acbb1fe0364f032bc4a  /workspace/data/wide_panel_4h_v1.npz
funding dirs: 829  funding zips: 19609  404s: 50027
SELF_SHA256 4e21070ed34c58394f063d3058dc6d98033ad6b8e1c536db86c7c5862208b441 PATCH_SHA256 7b9f6fa765fc15a10b168e2946b9e15499f27e26edd7d8da65fc6130a995564c /workspace/review_scratch/jpline_rebuild/logs/patches/pod_panel_ext.py.diff
ext cache 696673x829
funding 币数 829 带interval列 829
parity f_rev_24h corr 0.999910 n 11878741
parity f_mom_7d corr 0.999983 n 11878741
parity f_vol_7d corr 0.999999 n 11878741
parity f_amihud_24h corr 0.055523 n 3430964
parity f_range_24h corr 0.999929 n 11878741
parity f_fund_ema corr 1.000000 n 2401631
parity f_fund_now corr 1.000000 n 2401631
PANEL_EXT_PARITY_FAIL [('f_amihud_24h', 0.055523)]
NOTE: built-in 7-column parity self-check FAILED (recorded as a finding; G1 classifies); continuing
9f3e4ae14ef9ff1ee1e851cfe9396e0e2f970b2672489288add85956b730ba6c  data/wide_panel_4h_hist_v2_rebuilt.npz
