61b026797e5e26116fff2805c645b94ab010a26c553c4f5eced0b26d3a3c1444  patched/pod_fea_wide_hist.py
3ac2fd9873c2ae8f51e14cb254b7246717ead0e3b705758b9116cfa26b34148e  logs/patches/pod_fea_wide_hist.py.diff
f0cd125b2a86fadaf76a0c0c51c595d8ac72f0527e3eed2df068716880724569  src/pod_fea_wide_hist.py
SELF_SHA256 61b026797e5e26116fff2805c645b94ab010a26c553c4f5eced0b26d3a3c1444 PATCH_SHA256 3ac2fd9873c2ae8f51e14cb254b7246717ead0e3b705758b9116cfa26b34148e /workspace/review_scratch/jpline_rebuild/logs/patches/pod_fea_wide_hist.py.diff
cumsum ret5 (15s)
cumsum log_qv (29s)
anchors 12985
cumsum range (60s)
cumsum cpos (75s)
cumsum log_cnt (90s)
cumsum log_avgsz (105s)
cumsum tbf (120s)
NF = 40值 + 40秩 + 2funding = 82
fea 0/12985 (0s)
fea 2000/12985 (5s)
fea 4000/12985 (10s)
fea 6000/12985 (15s)
fea 8000/12985 (20s)
fea 10000/12985 (26s)
fea 12000/12985 (33s)
FEA_DONE (12985, 829, 82) SHA 3568c673b274959b
3568c673b274959bde896ac85eedf0f3589c65fcd6494317056964983add0100  data/wide_fea_hist_rebuilt.npy
509d8b5453239391ef42416f6d21aa8512435a11db6666352f00b2b232f0ec05  data/wide_fea_hist_meta_rebuilt.npz
dcdebb12510bdf41dac9c2c6a9c72d3f922bc698aacd5f9a2bb610437dfe66e3  gates/compare_meta.py
META vs 08-21: E_ts equal True (12985 vs 12985, 2020-09-11 20:00..2026-08-15 20:00 vs 2020-09-11 20:00..2026-08-15 20:00); names equal True; members equal 12967/12985; y4 neq 0 nan-mismatch 6348 max|Δ| 0.00e+00; qvk neq 3836 nan-mismatch 0; BITWISE_ALL False
  members unequal by year: {'2020': 0, '2021': 0, '2022': 0, '2023': 0, '2024': 0, '2025': 0, '2026': 18} first: {'anchor': '2026-08-13 00:00', 'n_rebuilt': 400, 'n_ref': 400, 'only_rebuilt': [22, 23, 61, 62, 78, 81, 97, 102, 106, 128], 'only_ref': [16, 18, 28, 36, 41, 69, 76, 90, 104, 116]}
wrote results/compare_meta.json
