36d61e7e6a33157ab9de8466002a8394fed38185868d1c4267d5eb66f0652518  gates/gate_G2a.py
dc6853e0c9364d60466ddcf0145c4d7eb78a7cf2d44eba7a62b33a49bf5fd793  gates/diag_g2a.py
-rw-rw-rw- 1 root root 144 Sep  4 12:19 /workspace/port_w10/pod_backup_2026-08-21/nets_histv2_-30_2_42.npy
-rw-rw-rw- 1 root root 144 Sep  4 12:19 /workspace/port_w10/pod_backup_2026-08-21/nets_histv2_0_0_0.npy
  nets_histv2_-30_2_42.npy: ts_equal True (n 12279 vs 12279; common 12279) bitwise_share 0.0000 max|Δ| 9.902e+01 bps mean Δ -0.2372 corr 0.92747 -> FAIL
     by year (rebuilt / ref / max|Δ| / corr): 2021: -1.876/-1.777/8.2e+01/0.928 | 2022: +0.790/+0.856/6.8e+01/0.972 | 2023: +0.078/+0.429/4.2e+01/0.929 | 2024: +0.180/+0.404/9.9e+01/0.913 | 2025: +0.947/+1.206/5.7e+01/0.929 | 2026: +2.432/+2.971/6.1e+01/0.893
  nets_histv2_0_0_0.npy: ts_equal True (n 12279 vs 12279; common 12279) bitwise_share 0.0000 max|Δ| 9.670e+01 bps mean Δ -0.1919 corr 0.93706 -> FAIL
     by year (rebuilt / ref / max|Δ| / corr): 2021: -2.049/-2.038/9.7e+01/0.935 | 2022: +0.682/+0.699/3.8e+01/0.984 | 2023: +0.007/+0.328/4.2e+01/0.935 | 2024: +0.142/+0.382/9.0e+01/0.921 | 2025: +0.830/+1.107/5.8e+01/0.926 | 2026: +2.584/+2.921/6.3e+01/0.912
  nets_histv2_-25_2_42.npy: ts_equal True (n 12279 vs 12279; common 12279) bitwise_share 0.0000 max|Δ| 1.121e+02 bps mean Δ -0.2059 corr 0.92025 -> FAIL
     by year (rebuilt / ref / max|Δ| / corr): 2021: -1.719/-1.622/6.9e+01/0.924 | 2022: +0.813/+0.757/6.3e+01/0.964 | 2023: +0.048/+0.414/3.9e+01/0.921 | 2024: +0.208/+0.474/1.0e+02/0.904 | 2025: +0.984/+1.193/6.3e+01/0.928 | 2026: +2.282/+2.721/1.1e+02/0.879
  nets_histv2_-25_1_42.npy: ts_equal True (n 12279 vs 12279; common 12279) bitwise_share 0.0000 max|Δ| 1.040e+02 bps mean Δ -0.1938 corr 0.91426 -> FAIL
     by year (rebuilt / ref / max|Δ| / corr): 2021: -1.674/-1.641/9.4e+01/0.893 | 2022: +0.771/+0.756/5.8e+01/0.965 | 2023: +0.061/+0.447/4.3e+01/0.917 | 2024: +0.248/+0.444/1.0e+02/0.920 | 2025: +0.946/+1.181/6.9e+01/0.927 | 2026: +2.303/+2.707/5.2e+01/0.891
  json S0: rebuilt net_all 0.222 2024on 0.981 S 2.19 maxDD 4769.0 fires 0 | ref 0.414 1.258 S 2.78 maxDD 4720.0 fires 0
  json d25_n2_c42: rebuilt net_all 0.317 2024on 0.994 S 2.37 maxDD 4001.0 fires 6461 | ref 0.522 1.279 S 3.02 maxDD 3767.0 fires 6436
  json d30_n2_c42: rebuilt net_all 0.296 2024on 1.005 S 2.36 maxDD 4375.0 fires 4357 | ref 0.533 1.316 S 3.06 maxDD 4138.0 fires 4151
  json d25_n1_c42: rebuilt net_all 0.322 2024on 1.0 S 2.41 maxDD 3870.0 fires 8101 | ref 0.516 1.26 S 3.02 maxDD 3744.0 fires 8072
G2a FAIL (d30 + S0 bitwise vs real 08-21 files; pod port stubs {'nets_histv2_-30_2_42.npy': 144, 'nets_histv2_0_0_0.npy': 144})
wrote results/G2a.json
  masked f_fund_now: neq 0 nan-mismatch 4472 max|Δ| 0.00e+00 | by year: 2020:0/0 2021:0/372 2022:0/3648 2023:0/448 2024:0/0 2025:0/4 2026:0/0
  masked f_fund_iv: neq 138 nan-mismatch 4472 max|Δ| 3.00e+00 | by year: 2020:0/0 2021:0/372 2022:0/3648 2023:0/448 2024:0/0 2025:0/4 2026:138/0
  masked f_fund_ema: neq 0 nan-mismatch 4472 max|Δ| 0.00e+00 | by year: 2020:0/0 2021:0/372 2022:0/3648 2023:0/448 2024:0/0 2025:0/4 2026:0/0
  masked f_fund_ema_v1: neq 324 nan-mismatch 4472 max|Δ| 5.11e-03 | by year: 2020:0/0 2021:0/372 2022:0/3648 2023:0/448 2024:0/0 2025:0/4 2026:324/0
  masked f_fund_ema_v2: neq 316 nan-mismatch 4472 max|Δ| 4.53e-02 | by year: 2020:0/0 2021:0/372 2022:0/3648 2023:0/448 2024:0/0 2025:0/4 2026:316/0
  08-21 king re-indexed: 12985/12985 anchors mapped (grids identical: True)
  nets_diagA_-30_2_42.npy: ts_equal True n 12279/12279 (first 2021-01-06 16:00 vs 2021-01-06 16:00) bitwise 0.7637 max|Δ| 7.976e+00 mean -0.0041 corr 0.99998 | 2021: -1.777/-1.777 bw0.91 max7e-03 2022: +0.858/+0.856 bw0.32 max9e-01 2023: +0.429/+0.429 bw0.74 max6e-07 2024: +0.404/+0.404 bw1.00 max0e+00 2025: +1.206/+1.206 bw0.79 max5e-07 2026: +2.931/+2.971 bw0.85 max8e+00
  nets_diagA_0_0_0.npy: ts_equal True n 12279/12279 (first 2021-01-06 16:00 vs 2021-01-06 16:00) bitwise 0.7642 max|Δ| 7.000e+00 mean -0.0037 corr 0.99998 | 2021: -2.038/-2.038 bw0.91 max7e-03 2022: +0.700/+0.699 bw0.32 max9e-01 2023: +0.328/+0.328 bw0.74 max6e-07 2024: +0.382/+0.382 bw1.00 max0e+00 2025: +1.107/+1.107 bw0.79 max5e-07 2026: +2.885/+2.921 bw0.85 max7e+00
  nets_diagB_-30_2_42.npy: ts_equal True n 12279/12279 (first 2021-01-06 16:00 vs 2021-01-06 16:00) bitwise 0.0000 max|Δ| 9.648e+01 mean -0.1650 corr 0.94506 | 2021: -1.876/-1.777 bw0.00 max8e+01 2022: +0.791/+0.856 bw0.00 max3e+01 2023: +0.111/+0.429 bw0.00 max4e+01 2024: +0.197/+0.404 bw0.00 max1e+02 2025: +1.135/+1.206 bw0.00 max8e+01 2026: +2.702/+2.971 bw0.00 max5e+01
  nets_diagB_0_0_0.npy: ts_equal True n 12279/12279 (first 2021-01-06 16:00 vs 2021-01-06 16:00) bitwise 0.0000 max|Δ| 9.670e+01 mean -0.1503 corr 0.95154 | 2021: -2.049/-2.038 bw0.00 max1e+02 2022: +0.630/+0.699 bw0.00 max3e+01 2023: -0.013/+0.328 bw0.00 max4e+01 2024: +0.117/+0.382 bw0.00 max9e+01 2025: +1.001/+1.107 bw0.00 max8e+01 2026: +2.841/+2.921 bw0.00 max5e+01
wrote results/diag_g2a.json
