40b0ed1f4b0349b5a349d26b2e8d2a9de984a876010b4f76d8de1c67ac75ce41  gates/gate_G4b.py
[      5s] X (3002457, 78)
[      7s] true fold IC (stage-5 king): {2022: 0.0625, 2023: 0.055, 2024: 0.0605, 2025: 0.0637, 2026: 0.0582}
[     10s] (iii) seed 0 fold 2022: null IC -0.00133 vs 2*SE 0.00611 (true IC +0.0625) -> PASS
[     15s] (iii) seed 0 fold 2023: null IC +0.00221 vs 2*SE 0.00593 (true IC +0.0550) -> PASS
[     22s] (iii) seed 0 fold 2024: null IC -0.00024 vs 2*SE 0.00542 (true IC +0.0605) -> PASS
[     31s] (iii) seed 0 fold 2025: null IC -0.00267 vs 2*SE 0.00525 (true IC +0.0637) -> PASS
[     43s] (iii) seed 0 fold 2026: null IC +0.00465 vs 2*SE 0.00520 (true IC +0.0582) -> PASS
[     46s] (iii) seed 1 fold 2022: null IC +0.00810 vs 2*SE 0.00611 (true IC +0.0625) -> FAIL
[     50s] (iii) seed 1 fold 2023: null IC -0.00314 vs 2*SE 0.00593 (true IC +0.0550) -> PASS
[     57s] (iii) seed 1 fold 2024: null IC +0.00142 vs 2*SE 0.00542 (true IC +0.0605) -> PASS
[     66s] (iii) seed 1 fold 2025: null IC -0.00260 vs 2*SE 0.00525 (true IC +0.0637) -> PASS
[     77s] (iii) seed 1 fold 2026: null IC +0.00215 vs 2*SE 0.00520 (true IC +0.0582) -> PASS
[     81s] (iii) seed 2 fold 2022: null IC +0.00697 vs 2*SE 0.00611 (true IC +0.0625) -> FAIL
[     85s] (iii) seed 2 fold 2023: null IC -0.00231 vs 2*SE 0.00593 (true IC +0.0550) -> PASS
[     92s] (iii) seed 2 fold 2024: null IC +0.00218 vs 2*SE 0.00542 (true IC +0.0605) -> PASS
[    101s] (iii) seed 2 fold 2025: null IC -0.00343 vs 2*SE 0.00525 (true IC +0.0637) -> PASS
[    113s] (iii) seed 2 fold 2026: null IC +0.00982 vs 2*SE 0.00520 (true IC +0.0582) -> FAIL
[    113s] (iii) info fold 2022: seed-mean null +0.00458 vs 2*SE_anchor 0.00611 / 2*SE_dayblock 0.00644
[    113s] (iii) info fold 2023: seed-mean null -0.00108 vs 2*SE_anchor 0.00593 / 2*SE_dayblock 0.00609
[    114s] (iii) info fold 2024: seed-mean null +0.00112 vs 2*SE_anchor 0.00542 / 2*SE_dayblock 0.00539
[    114s] (iii) info fold 2025: seed-mean null -0.00290 vs 2*SE_anchor 0.00525 / 2*SE_dayblock 0.00495
[    115s] (iii) info fold 2026: seed-mean null +0.00554 vs 2*SE_anchor 0.00520 / 2*SE_dayblock 0.00587
[    139s] (iv) spectrum -6:-0.0545 -5:-0.0564 -4:-0.0587 -3:-0.0633 -2:-0.0713 -1:-0.1185 0:+0.0601 1:+0.0466 2:+0.0401 3:+0.0369 4:+0.0355 5:+0.0352 6:+0.0314 peak 0 max|k1..3| 0.0466 -> PASS
[    155s] (v) fold 2024: IC no-embargo refit +0.06051 (stage-5 file +0.06051, refit==file True), embargo-60 +0.05938, Δ -0.00113 -> PASS
[    177s] (v) fold 2025: IC no-embargo refit +0.06371 (stage-5 file +0.06371, refit==file True), embargo-60 +0.06417, Δ +0.00046 -> PASS
[    177s] G4b (iii) FAIL (iv) PASS (v) PASS; G4 verdict {'G4a_pass': True, 'G4b_pass': False, 'items': {'i': True, 'ii': True, 'iii': False, 'iv': True, 'v': True, 'vi': True}, 'hist_king_admitted': False}
{
 "G4a_pass": true,
 "G4b_pass": false,
 "items": {
  "i": true,
  "ii": true,
  "iii": false,
  "iv": true,
  "v": true,
  "vi": true
 },
 "hist_king_admitted": false
}