hist king admitted to G5: 0
G5_ARMS_DONE 2026-09-05T03:27:39Z
== F1_pinned_log
CONFIG {"REF_SKIP": 0, "KMOD_F10": 0.0, "KMOD_L": 0.5, "KMOD_AGREE": 0.0, "SEATF10": 0, "KTAIL": 0, "KMOD": 0.0, "SEATNET": 0, "FUNDSCALE": 0, "FEMAT_NPZ": null, "SLOW_NPY": "/workspace/review_scratch/jpline_rebuild/data/slow_pred_pinned_on_hist.npy", "W3FIX": null, "MEMBERS_TOPN": 0, "TRADE_TOPN": 0, "FTRIM": "off", "UMASK_NPZ": null, "LOOK": 900, "WRULE": "msharpe", "CAL": "log", "LEGS": "111", "PHI": 0.0, "FSEED": "42", "FPRED": "(default f10_V2MAIN_s{FSEED})"}
SLOW override: /workspace/review_scratch/jpline_rebuild/data/slow_pred_pinned_on_hist.npy finite 0.185
RECEIPT_EX d30_n2_c42 {"net_ex_all": -0.1514, "net_ex_2024on": 0.7168, "sharpe_ex_2024on": 1.625, "by_year_ex": {"2021": -1.948, "2022": -0.393, "2023": -0.417, "2024": 0.067, "2025": 0.594, "2026": 1.966}, "carry_ex_mean": 0.6205, "cost_ex_mean": 0.0899, "turnover_ex_mean": 0.08987, "netlong_mean": 0.0129, "netlong_by_year": {"2021": 0.0003, "2022": 0.004, "2023": 0.0153, "2024": 0.0035, "2025": 0.0423, "2026": 0.0113}}
DONE 21.6 s
== F2_pinned_log_s42
CONFIG {"REF_SKIP": 0, "KMOD_F10": 0.0, "KMOD_L": 0.5, "KMOD_AGREE": 0.0, "SEATF10": 0, "KTAIL": 0, "KMOD": 0.0, "SEATNET": 0, "FUNDSCALE": 0, "FEMAT_NPZ": null, "SLOW_NPY": "/workspace/review_scratch/jpline_rebuild/data/slow_pred_pinned_on_hist.npy", "W3FIX": "0.21,0,0.79", "MEMBERS_TOPN": 829, "TRADE_TOPN": 400, "FTRIM": "zero", "UMASK_NPZ": null, "LOOK": 900, "WRULE": "msharpe", "CAL": "log", "LEGS": "101", "PHI": 0.45, "FSEED": "42", "FPRED": "(default f10_V2MAIN_s{FSEED})"}
MEMBERS_TOPN=829: members rebuilt from qvk ranking
SLOW override: /workspace/review_scratch/jpline_rebuild/data/slow_pred_pinned_on_hist.npy finite 0.185
F10 OOS preds aligned: rows 10086/12985, cols 829/829, finite 0.2224
NOTE S0: arm anchors 12291 vs ref 12279 (差 -12), 仅比较共同年份
NOTE d30_n2_c42: arm anchors 12291 vs ref 12279 (差 -12), 仅比较共同年份
RECEIPT_EX d30_n2_c42 {"net_ex_all": -0.2483, "net_ex_2024on": 0.5266, "sharpe_ex_2024on": 1.178, "by_year_ex": {"2020": 1.425, "2021": -2.189, "2022": -0.247, "2023": -0.381, "2024": -0.642, "2025": 0.284, "2026": 2.809}, "carry_ex_mean": 0.521, "cost_ex_mean": 0.0357, "turnover_ex_mean": 0.03574, "netlong_mean": -0.0394, "netlong_by_year": {"2020": -0.0005, "2021": 0.0036, "2022": -0.0499, "2023": -0.0113, "2024": -0.0244, "2025": -0.0978, "2026": -0.0667}}
DONE 33.1 s
== F2_pinned_log_s2027
CONFIG {"REF_SKIP": 0, "KMOD_F10": 0.0, "KMOD_L": 0.5, "KMOD_AGREE": 0.0, "SEATF10": 0, "KTAIL": 0, "KMOD": 0.0, "SEATNET": 0, "FUNDSCALE": 0, "FEMAT_NPZ": null, "SLOW_NPY": "/workspace/review_scratch/jpline_rebuild/data/slow_pred_pinned_on_hist.npy", "W3FIX": "0.21,0,0.79", "MEMBERS_TOPN": 829, "TRADE_TOPN": 400, "FTRIM": "zero", "UMASK_NPZ": null, "LOOK": 900, "WRULE": "msharpe", "CAL": "log", "LEGS": "101", "PHI": 0.45, "FSEED": "2027", "FPRED": "(default f10_V2MAIN_s{FSEED})"}
MEMBERS_TOPN=829: members rebuilt from qvk ranking
SLOW override: /workspace/review_scratch/jpline_rebuild/data/slow_pred_pinned_on_hist.npy finite 0.185
F10 OOS preds aligned: rows 10086/12985, cols 829/829, finite 0.2224
NOTE S0: arm anchors 12291 vs ref 12279 (差 -12), 仅比较共同年份
NOTE d30_n2_c42: arm anchors 12291 vs ref 12279 (差 -12), 仅比较共同年份
RECEIPT_EX d30_n2_c42 {"net_ex_all": -0.2407, "net_ex_2024on": 0.5402, "sharpe_ex_2024on": 1.209, "by_year_ex": {"2020": 1.425, "2021": -2.189, "2022": -0.247, "2023": -0.373, "2024": -0.629, "2025": 0.298, "2026": 2.823}, "carry_ex_mean": 0.5202, "cost_ex_mean": 0.0356, "turnover_ex_mean": 0.03561, "netlong_mean": -0.04, "netlong_by_year": {"2020": -0.0005, "2021": 0.0036, "2022": -0.0499, "2023": -0.0135, "2024": -0.024, "2025": -0.0992, "2026": -0.0669}}
DONE 33.0 s
== F3_pinned_log_s42
CONFIG {"REF_SKIP": 0, "KMOD_F10": 0.0, "KMOD_L": 0.5, "KMOD_AGREE": 0.0, "SEATF10": 0, "KTAIL": 0, "KMOD": 0.0, "SEATNET": 0, "FUNDSCALE": 0, "FEMAT_NPZ": null, "SLOW_NPY": "/workspace/review_scratch/jpline_rebuild/data/slow_pred_pinned_on_hist.npy", "W3FIX": null, "MEMBERS_TOPN": 829, "TRADE_TOPN": 400, "FTRIM": "zero", "UMASK_NPZ": null, "LOOK": 900, "WRULE": "msharpe", "CAL": "log", "LEGS": "101", "PHI": 0.45, "FSEED": "42", "FPRED": "(default f10_V2MAIN_s{FSEED})"}
MEMBERS_TOPN=829: members rebuilt from qvk ranking
SLOW override: /workspace/review_scratch/jpline_rebuild/data/slow_pred_pinned_on_hist.npy finite 0.185
F10 OOS preds aligned: rows 10086/12985, cols 829/829, finite 0.2224
NOTE S0: arm anchors 12291 vs ref 12279 (差 -12), 仅比较共同年份
NOTE d30_n2_c42: arm anchors 12291 vs ref 12279 (差 -12), 仅比较共同年份
RECEIPT_EX d30_n2_c42 {"net_ex_all": -0.1417, "net_ex_2024on": 0.7663, "sharpe_ex_2024on": 2.111, "by_year_ex": {"2020": -6.397, "2021": -2.183, "2022": -0.247, "2023": -0.373, "2024": 0.149, "2025": 0.359, "2026": 2.423}, "carry_ex_mean": 0.4398, "cost_ex_mean": 0.0591, "turnover_ex_mean": 0.0591, "netlong_mean": -0.027, "netlong_by_year": {"2020": -0.0088, "2021": -0.0028, "2022": -0.0499, "2023": -0.0182, "2024": -0.0028, "2025": -0.0407, "2026": -0.0604}}
DONE 34.9 s
== F3_pinned_log_s2027
CONFIG {"REF_SKIP": 0, "KMOD_F10": 0.0, "KMOD_L": 0.5, "KMOD_AGREE": 0.0, "SEATF10": 0, "KTAIL": 0, "KMOD": 0.0, "SEATNET": 0, "FUNDSCALE": 0, "FEMAT_NPZ": null, "SLOW_NPY": "/workspace/review_scratch/jpline_rebuild/data/slow_pred_pinned_on_hist.npy", "W3FIX": null, "MEMBERS_TOPN": 829, "TRADE_TOPN": 400, "FTRIM": "zero", "UMASK_NPZ": null, "LOOK": 900, "WRULE": "msharpe", "CAL": "log", "LEGS": "101", "PHI": 0.45, "FSEED": "2027", "FPRED": "(default f10_V2MAIN_s{FSEED})"}
MEMBERS_TOPN=829: members rebuilt from qvk ranking
SLOW override: /workspace/review_scratch/jpline_rebuild/data/slow_pred_pinned_on_hist.npy finite 0.185
F10 OOS preds aligned: rows 10086/12985, cols 829/829, finite 0.2224
NOTE S0: arm anchors 12291 vs ref 12279 (差 -12), 仅比较共同年份
NOTE d30_n2_c42: arm anchors 12291 vs ref 12279 (差 -12), 仅比较共同年份
RECEIPT_EX d30_n2_c42 {"net_ex_all": -0.1115, "net_ex_2024on": 0.8173, "sharpe_ex_2024on": 2.234, "by_year_ex": {"2020": -6.397, "2021": -2.183, "2022": -0.247, "2023": -0.338, "2024": 0.217, "2025": 0.438, "2026": 2.402}, "carry_ex_mean": 0.4426, "cost_ex_mean": 0.0578, "turnover_ex_mean": 0.05782, "netlong_mean": -0.0279, "netlong_by_year": {"2020": -0.0088, "2021": -0.0028, "2022": -0.0499, "2023": -0.0185, "2024": -0.0043, "2025": -0.0455, "2026": -0.0572}}
DONE 34.7 s
== F1_pinned_prod
CONFIG {"REF_SKIP": 0, "KMOD_F10": 0.0, "KMOD_L": 0.5, "KMOD_AGREE": 0.0, "SEATF10": 0, "KTAIL": 0, "KMOD": 0.0, "SEATNET": 0, "FUNDSCALE": 0, "FEMAT_NPZ": null, "SLOW_NPY": "/workspace/review_scratch/jpline_rebuild/data/slow_pred_pinned_on_hist.npy", "W3FIX": null, "MEMBERS_TOPN": 0, "TRADE_TOPN": 0, "FTRIM": "off", "UMASK_NPZ": null, "LOOK": 900, "WRULE": "msharpe", "CAL": "log", "LEGS": "111", "PHI": 0.0, "FSEED": "42", "FPRED": "(default f10_V2MAIN_s{FSEED})"}
SLOW override: /workspace/review_scratch/jpline_rebuild/data/slow_pred_pinned_on_hist.npy finite 0.185
RECEIPT_EX d30_n2_c42 {"net_ex_all": -0.2252, "net_ex_2024on": 0.6124, "sharpe_ex_2024on": 1.391, "by_year_ex": {"2021": -2.016, "2022": -0.501, "2023": -0.384, "2024": -0.054, "2025": 0.571, "2026": 1.757}, "carry_ex_mean": 0.624, "cost_ex_mean": 0.0893, "turnover_ex_mean": 0.0893, "netlong_mean": 0.0096, "netlong_by_year": {"2021": 0.0001, "2022": -0.0017, "2023": 0.01, "2024": -0.0007, "2025": 0.0388, "2026": 0.012}}
DONE 21.7 s
== F2_pinned_prod_s42
CONFIG {"REF_SKIP": 0, "KMOD_F10": 0.0, "KMOD_L": 0.5, "KMOD_AGREE": 0.0, "SEATF10": 0, "KTAIL": 0, "KMOD": 0.0, "SEATNET": 0, "FUNDSCALE": 0, "FEMAT_NPZ": null, "SLOW_NPY": "/workspace/review_scratch/jpline_rebuild/data/slow_pred_pinned_on_hist.npy", "W3FIX": "0.21,0,0.79", "MEMBERS_TOPN": 829, "TRADE_TOPN": 400, "FTRIM": "zero", "UMASK_NPZ": null, "LOOK": 900, "WRULE": "msharpe", "CAL": "log", "LEGS": "101", "PHI": 0.45, "FSEED": "42", "FPRED": "(default f10_V2MAIN_s{FSEED})"}
MEMBERS_TOPN=829: members rebuilt from qvk ranking
SLOW override: /workspace/review_scratch/jpline_rebuild/data/slow_pred_pinned_on_hist.npy finite 0.185
F10 OOS preds aligned: rows 10086/12985, cols 829/829, finite 0.2224
NOTE S0: arm anchors 12291 vs ref 12279 (差 -12), 仅比较共同年份
NOTE d30_n2_c42: arm anchors 12291 vs ref 12279 (差 -12), 仅比较共同年份
RECEIPT_EX d30_n2_c42 {"net_ex_all": -0.3179, "net_ex_2024on": 0.4738, "sharpe_ex_2024on": 1.053, "by_year_ex": {"2020": 1.085, "2021": -2.437, "2022": -0.23, "2023": -0.404, "2024": -0.709, "2025": 0.254, "2026": 2.743}, "carry_ex_mean": 0.5172, "cost_ex_mean": 0.0358, "turnover_ex_mean": 0.03581, "netlong_mean": -0.0419, "netlong_by_year": {"2020": -0.0005, "2021": -0.0004, "2022": -0.0501, "2023": -0.0111, "2024": -0.0268, "2025": -0.1016, "2026": -0.073}}
DONE 32.4 s
== F2_pinned_prod_s2027
CONFIG {"REF_SKIP": 0, "KMOD_F10": 0.0, "KMOD_L": 0.5, "KMOD_AGREE": 0.0, "SEATF10": 0, "KTAIL": 0, "KMOD": 0.0, "SEATNET": 0, "FUNDSCALE": 0, "FEMAT_NPZ": null, "SLOW_NPY": "/workspace/review_scratch/jpline_rebuild/data/slow_pred_pinned_on_hist.npy", "W3FIX": "0.21,0,0.79", "MEMBERS_TOPN": 829, "TRADE_TOPN": 400, "FTRIM": "zero", "UMASK_NPZ": null, "LOOK": 900, "WRULE": "msharpe", "CAL": "log", "LEGS": "101", "PHI": 0.45, "FSEED": "2027", "FPRED": "(default f10_V2MAIN_s{FSEED})"}
MEMBERS_TOPN=829: members rebuilt from qvk ranking
SLOW override: /workspace/review_scratch/jpline_rebuild/data/slow_pred_pinned_on_hist.npy finite 0.185
F10 OOS preds aligned: rows 10086/12985, cols 829/829, finite 0.2224
NOTE S0: arm anchors 12291 vs ref 12279 (差 -12), 仅比较共同年份
NOTE d30_n2_c42: arm anchors 12291 vs ref 12279 (差 -12), 仅比较共同年份
RECEIPT_EX d30_n2_c42 {"net_ex_all": -0.3068, "net_ex_2024on": 0.4909, "sharpe_ex_2024on": 1.091, "by_year_ex": {"2020": 1.085, "2021": -2.437, "2022": -0.23, "2023": -0.386, "2024": -0.694, "2025": 0.28, "2026": 2.75}, "carry_ex_mean": 0.5166, "cost_ex_mean": 0.0357, "turnover_ex_mean": 0.03568, "netlong_mean": -0.0427, "netlong_by_year": {"2020": -0.0005, "2021": -0.0004, "2022": -0.0501, "2023": -0.0141, "2024": -0.0262, "2025": -0.1036, "2026": -0.073}}
DONE 33.1 s
== F3_pinned_prod_s42
CONFIG {"REF_SKIP": 0, "KMOD_F10": 0.0, "KMOD_L": 0.5, "KMOD_AGREE": 0.0, "SEATF10": 0, "KTAIL": 0, "KMOD": 0.0, "SEATNET": 0, "FUNDSCALE": 0, "FEMAT_NPZ": null, "SLOW_NPY": "/workspace/review_scratch/jpline_rebuild/data/slow_pred_pinned_on_hist.npy", "W3FIX": null, "MEMBERS_TOPN": 829, "TRADE_TOPN": 400, "FTRIM": "zero", "UMASK_NPZ": null, "LOOK": 900, "WRULE": "msharpe", "CAL": "log", "LEGS": "101", "PHI": 0.45, "FSEED": "42", "FPRED": "(default f10_V2MAIN_s{FSEED})"}
MEMBERS_TOPN=829: members rebuilt from qvk ranking
SLOW override: /workspace/review_scratch/jpline_rebuild/data/slow_pred_pinned_on_hist.npy finite 0.185
F10 OOS preds aligned: rows 10086/12985, cols 829/829, finite 0.2224
NOTE S0: arm anchors 12291 vs ref 12279 (差 -12), 仅比较共同年份
NOTE d30_n2_c42: arm anchors 12291 vs ref 12279 (差 -12), 仅比较共同年份
RECEIPT_EX d30_n2_c42 {"net_ex_all": -0.1984, "net_ex_2024on": 0.7558, "sharpe_ex_2024on": 2.098, "by_year_ex": {"2020": -6.43, "2021": -2.456, "2022": -0.23, "2023": -0.412, "2024": 0.116, "2025": 0.339, "2026": 2.464}, "carry_ex_mean": 0.4331, "cost_ex_mean": 0.0603, "turnover_ex_mean": 0.06029, "netlong_mean": -0.0277, "netlong_by_year": {"2020": -0.0088, "2021": -0.0061, "2022": -0.0501, "2023": -0.0185, "2024": -0.003, "2025": -0.0395, "2026": -0.0615}}
DONE 34.1 s
== F3_pinned_prod_s2027
CONFIG {"REF_SKIP": 0, "KMOD_F10": 0.0, "KMOD_L": 0.5, "KMOD_AGREE": 0.0, "SEATF10": 0, "KTAIL": 0, "KMOD": 0.0, "SEATNET": 0, "FUNDSCALE": 0, "FEMAT_NPZ": null, "SLOW_NPY": "/workspace/review_scratch/jpline_rebuild/data/slow_pred_pinned_on_hist.npy", "W3FIX": null, "MEMBERS_TOPN": 829, "TRADE_TOPN": 400, "FTRIM": "zero", "UMASK_NPZ": null, "LOOK": 900, "WRULE": "msharpe", "CAL": "log", "LEGS": "101", "PHI": 0.45, "FSEED": "2027", "FPRED": "(default f10_V2MAIN_s{FSEED})"}
MEMBERS_TOPN=829: members rebuilt from qvk ranking
SLOW override: /workspace/review_scratch/jpline_rebuild/data/slow_pred_pinned_on_hist.npy finite 0.185
F10 OOS preds aligned: rows 10086/12985, cols 829/829, finite 0.2224
NOTE S0: arm anchors 12291 vs ref 12279 (差 -12), 仅比较共同年份
NOTE d30_n2_c42: arm anchors 12291 vs ref 12279 (差 -12), 仅比较共同年份
RECEIPT_EX d30_n2_c42 {"net_ex_all": -0.1736, "net_ex_2024on": 0.8068, "sharpe_ex_2024on": 2.223, "by_year_ex": {"2020": -6.43, "2021": -2.456, "2022": -0.23, "2023": -0.407, "2024": 0.197, "2025": 0.399, "2026": 2.452}, "carry_ex_mean": 0.4353, "cost_ex_mean": 0.0591, "turnover_ex_mean": 0.05908, "netlong_mean": -0.0284, "netlong_by_year": {"2020": -0.0088, "2021": -0.0061, "2022": -0.0501, "2023": -0.0185, "2024": -0.0043, "2025": -0.0438, "2026": -0.0589}}
DONE 34.6 s
cb21acda2e3696e12478bdf89219a5fdfd1f0bb8a0d9c2384b8210c24d88e655  /workspace/review_scratch/jpline_rebuild/dev/probe_artifacts/w10_ablation_series_F1_hist_log.npz
38175738c9c6fb43f93ad8b9f9620af6d72d96fa3e6c69e535efe04dfc5ea817  /workspace/review_scratch/jpline_rebuild/dev/probe_artifacts/w10_ablation_series_F1_hist_simple.npz
aade3028182f5c83700bfa2d162892da6c5ee287d277c44388a645bb2bed5150  /workspace/review_scratch/jpline_rebuild/dev/probe_artifacts/w10_ablation_series_F1_pinned_log.npz
b673cece26bfb2a6799c832734dc580d926db65076ddf54e06469f2954bdbd49  /workspace/review_scratch/jpline_rebuild/dev/probe_artifacts/w10_ablation_series_F2_pinned_log_s2027.npz
3f07b805c1ff2abbfbcab4f4e3149a23808e4bfb3550b59e7c4923be60801f2f  /workspace/review_scratch/jpline_rebuild/dev/probe_artifacts/w10_ablation_series_F2_pinned_log_s42.npz
0a4c2019120f88d5c4e8c692748d4abb58e87235e13e21d573ea398f092f50f1  /workspace/review_scratch/jpline_rebuild/dev/probe_artifacts/w10_ablation_series_F3_pinned_log_s2027.npz
f9b1d344f9a74b87e1dc5067b291082b9caa8d0ff0b4f208edabb31157ed1f35  /workspace/review_scratch/jpline_rebuild/dev/probe_artifacts/w10_ablation_series_F3_pinned_log_s42.npz
8d3fbed477179e2a982a899e3f81533389b9521cb57ab60ce39f6a53f4b839eb  /workspace/review_scratch/jpline_rebuild/dev_alt/probe_artifacts/w10_ablation_series_F1_pinned_prod.npz
6815e1ffc306f231e09be238c0b78173c6258df2680c91cc05aa572ff453e0b1  /workspace/review_scratch/jpline_rebuild/dev_alt/probe_artifacts/w10_ablation_series_F2_pinned_prod_s2027.npz
27126388f721c95bd294081a9ca4342652ab0954a77d7ede624f7058f83720e8  /workspace/review_scratch/jpline_rebuild/dev_alt/probe_artifacts/w10_ablation_series_F2_pinned_prod_s42.npz
b08d162f8406034716cc5e9428b9d82b6e2ddd231d3533ff796f081ffa74f4b8  /workspace/review_scratch/jpline_rebuild/dev_alt/probe_artifacts/w10_ablation_series_F3_pinned_prod_s2027.npz
1d5cd40dd09efb25abde34872939a6eb67e37ca794a0afb4129699c9e7dcd3be  /workspace/review_scratch/jpline_rebuild/dev_alt/probe_artifacts/w10_ablation_series_F3_pinned_prod_s42.npz
