5e86003051373f74318b636761bdb40601fb2668d5372d6e0eb93ff8f713425f  gates/judge_rebuild.py
926d5c62ac92d2aa185fd0c58bc9a0be5f7e27cbf1cf524c597654eb93250c32  src/judge.py
MISSING /workspace/review_scratch/jpline_rebuild/dev_alt/probe_artifacts/w10_ablation_series_F1_hist_prod.npz
MISSING /workspace/review_scratch/jpline_rebuild/dev/probe_artifacts/w10_ablation_series_F2_hist_log_s42.npz
MISSING /workspace/review_scratch/jpline_rebuild/dev_alt/probe_artifacts/w10_ablation_series_F2_hist_prod_s42.npz
MISSING /workspace/review_scratch/jpline_rebuild/dev/probe_artifacts/w10_ablation_series_F2_hist_log_s2027.npz
MISSING /workspace/review_scratch/jpline_rebuild/dev_alt/probe_artifacts/w10_ablation_series_F2_hist_prod_s2027.npz
MISSING /workspace/review_scratch/jpline_rebuild/dev/probe_artifacts/w10_ablation_series_F3_hist_log_s42.npz
MISSING /workspace/review_scratch/jpline_rebuild/dev_alt/probe_artifacts/w10_ablation_series_F3_hist_prod_s42.npz
MISSING /workspace/review_scratch/jpline_rebuild/dev/probe_artifacts/w10_ablation_series_F3_hist_log_s2027.npz
MISSING /workspace/review_scratch/jpline_rebuild/dev_alt/probe_artifacts/w10_ablation_series_F3_hist_prod_s2027.npz
LOADED 11 artifacts; kings ['pinned', 'hist']; anchor counts: F1_pinned_log=12279, F1_hist_log=12279, F1_pinned_prod=12279, F2_pinned_log_s42=12291, F2_pinned_prod_s42=12291, F2_pinned_log_s2027=12291, F2_pinned_prod_s2027=12291, F3_pinned_log_s42=12291, F3_pinned_prod_s42=12291, F3_pinned_log_s2027=12291, F3_pinned_prod_s2027=12291

===== LEVELS column=net_ex caliber=log: per window mean S=Sharpe DD=maxDD(bps) WM=worst month(bps)
F1  s42    pinned  n=12279 | -0.393 S-1.10 DD883 WM-492 | -0.417 S-1.47 DD998 WM-296 | +0.067 S+0.20 DD1293 WM-318 | +0.594 S+1.26 DD601 WM-514 | +1.966 S+3.74 DD406 WM-60 | +0.717 S+1.62 DD1293 WM-514 | +1.119 S+2.27 DD692 WM-514 | +0.231 S+0.59 DD2813 WM-514 | gross 0.7782 w_king 0.5283 turn 0.03164
F1  s42    hist    n=12279 | +0.809 S+1.92 DD744 WM-170 | +0.033 S+0.10 DD830 WM-414 | +0.112 S+0.32 DD1339 WM-270 | +0.612 S+1.33 DD561 WM-444 | +1.915 S+3.61 DD406 WM-41 | +0.729 S+1.65 DD1339 WM-444 | +1.111 S+2.28 DD606 WM-444 | +0.596 S+1.43 DD1844 WM-444 | gross 0.7767 w_king 0.5507 turn 0.03141
F2  s42    pinned  n=12291 | -0.247 S-0.67 DD1093 WM-468 | -0.381 S-1.20 DD1239 WM-508 | -0.642 S-1.68 DD1815 WM-717 | +0.284 S+0.67 DD902 WM-634 | +2.809 S+4.98 DD458 WM106 | +0.527 S+1.18 DD2614 WM-717 | +1.250 S+2.59 DD902 WM-634 | +0.163 S+0.40 DD3790 WM-717 | gross 0.7914 w_king 0.21 turn 0.01425
F2  s2027  pinned  n=12291 | -0.247 S-0.67 DD1093 WM-468 | -0.373 S-1.18 DD1202 WM-519 | -0.629 S-1.65 DD1788 WM-702 | +0.298 S+0.71 DD912 WM-635 | +2.823 S+4.98 DD462 WM114 | +0.540 S+1.21 DD2595 WM-702 | +1.264 S+2.62 DD912 WM-635 | +0.172 S+0.42 DD3752 WM-702 | gross 0.7904 w_king 0.21 turn 0.01422
F3  s42    pinned  n=12291 | -0.247 S-0.67 DD1093 WM-468 | -0.373 S-1.21 DD1143 WM-497 | +0.149 S+0.53 DD795 WM-363 | +0.359 S+1.15 DD418 WM-294 | +2.423 S+4.65 DD452 WM71 | +0.766 S+2.11 DD795 WM-363 | +1.149 S+2.83 DD522 WM-294 | +0.300 S+0.85 DD2035 WM-497 | gross 0.6174 w_king 0.5875 turn 0.03354
F3  s2027  pinned  n=12291 | -0.247 S-0.67 DD1093 WM-468 | -0.338 S-1.10 DD1098 WM-450 | +0.217 S+0.78 DD740 WM-365 | +0.438 S+1.36 DD430 WM-318 | +2.402 S+4.61 DD460 WM88 | +0.817 S+2.23 DD740 WM-365 | +1.189 S+2.90 DD576 WM-318 | +0.337 S+0.95 DD1886 WM-468 | gross 0.6246 w_king 0.5875 turn 0.03279

===== LEVELS column=net_ex caliber=prod: per window mean S=Sharpe DD=maxDD(bps) WM=worst month(bps)
F1  s42    pinned  n=12279 | -0.500 S-1.38 DD1109 WM-485 | -0.384 S-1.30 DD1038 WM-353 | -0.053 S-0.15 DD1640 WM-422 | +0.571 S+1.21 DD582 WM-507 | +1.757 S+3.44 DD377 WM-34 | +0.612 S+1.39 DD1640 WM-507 | +1.025 S+2.10 DD796 WM-507 | +0.156 S+0.39 DD3312 WM-507 | gross 0.77 w_king 0.5466 turn 0.03406
F2  s42    pinned  n=12291 | -0.230 S-0.63 DD1109 WM-479 | -0.404 S-1.27 DD1274 WM-520 | -0.709 S-1.85 DD1913 WM-757 | +0.254 S+0.59 DD849 WM-575 | +2.743 S+4.89 DD352 WM110 | +0.474 S+1.05 DD2657 WM-757 | +1.206 S+2.48 DD849 WM-575 | +0.132 S+0.32 DD3892 WM-757 | gross 0.7889 w_king 0.21 turn 0.01427
F2  s2027  pinned  n=12291 | -0.230 S-0.63 DD1109 WM-479 | -0.386 S-1.21 DD1220 WM-529 | -0.694 S-1.82 DD1882 WM-740 | +0.280 S+0.65 DD850 WM-561 | +2.750 S+4.88 DD357 WM124 | +0.491 S+1.09 DD2625 WM-740 | +1.225 S+2.51 DD850 WM-561 | +0.145 S+0.36 DD3819 WM-740 | gross 0.788 w_king 0.21 turn 0.01425
F3  s42    pinned  n=12291 | -0.230 S-0.63 DD1109 WM-479 | -0.412 S-1.33 DD1180 WM-545 | +0.116 S+0.43 DD967 WM-375 | +0.339 S+1.06 DD413 WM-275 | +2.464 S+4.79 DD345 WM80 | +0.756 S+2.10 DD967 WM-375 | +1.152 S+2.84 DD546 WM-275 | +0.290 S+0.83 DD2241 WM-545 | gross 0.6061 w_king 0.6129 turn 0.035
F3  s2027  pinned  n=12291 | -0.230 S-0.63 DD1109 WM-479 | -0.407 S-1.32 DD1172 WM-534 | +0.197 S+0.73 DD896 WM-364 | +0.399 S+1.22 DD446 WM-312 | +2.452 S+4.77 DD364 WM93 | +0.807 S+2.22 DD896 WM-364 | +1.184 S+2.89 DD586 WM-312 | +0.320 S+0.91 DD2142 WM-534 | gross 0.6138 w_king 0.6129 turn 0.03427

===== LEVELS column=net caliber=log: per window mean S=Sharpe DD=maxDD(bps) WM=worst month(bps)
F1  s42    pinned  n=12279 | -0.465 S-1.26 DD1025 WM-589 | -0.352 S-1.16 DD1097 WM-301 | +0.131 S+0.37 DD1087 WM-337 | +0.802 S+1.84 DD547 WM-451 | +2.037 S+3.90 DD416 WM-63 | +0.837 S+1.95 DD1087 WM-451 | +1.275 S+2.71 DD706 WM-451 | +0.298 S+0.76 DD2655 WM-589 | gross 0.7782 w_king 0.5283 turn 0.03164
F1  s42    hist    n=12279 | +0.792 S+1.99 DD539 WM-175 | +0.062 S+0.19 DD742 WM-383 | +0.161 S+0.45 DD1101 WM-255 | +0.812 S+1.92 DD510 WM-432 | +2.036 S+3.79 DD419 WM-36 | +0.852 S+1.98 DD1101 WM-432 | +1.280 S+2.73 DD606 WM-432 | +0.668 S+1.65 DD1578 WM-432 | gross 0.7767 w_king 0.5507 turn 0.03141
F2  s42    pinned  n=12291 | -0.116 S-0.20 DD1333 WM-472 | -0.319 S-0.95 DD1007 WM-491 | -0.594 S-1.26 DD1843 WM-535 | +0.355 S+0.67 DD600 WM-542 | +2.860 S+4.59 DD464 WM71 | +0.584 S+1.10 DD2334 WM-542 | +1.313 S+2.32 DD600 WM-542 | +0.237 S+0.47 DD3053 WM-542 | gross 0.7914 w_king 0.21 turn 0.01425
F2  s2027  pinned  n=12291 | -0.116 S-0.20 DD1333 WM-472 | -0.307 S-0.91 DD954 WM-514 | -0.602 S-1.28 DD1866 WM-538 | +0.363 S+0.69 DD610 WM-549 | +2.869 S+4.58 DD468 WM76 | +0.586 S+1.10 DD2368 WM-549 | +1.321 S+2.33 DD610 WM-549 | +0.241 S+0.48 DD3052 WM-549 | gross 0.7904 w_king 0.21 turn 0.01422
F3  s42    pinned  n=12291 | -0.116 S-0.20 DD1333 WM-472 | -0.367 S-1.09 DD838 WM-590 | +0.132 S+0.42 DD832 WM-444 | +0.440 S+1.11 DD380 WM-270 | +2.482 S+4.33 DD458 WM38 | +0.805 S+1.91 DD832 WM-444 | +1.221 S+2.58 DD520 WM-270 | +0.352 S+0.80 DD1821 WM-590 | gross 0.6174 w_king 0.5875 turn 0.03354
F3  s2027  pinned  n=12291 | -0.116 S-0.20 DD1333 WM-472 | -0.315 S-0.94 DD758 WM-536 | +0.180 S+0.57 DD820 WM-446 | +0.503 S+1.24 DD395 WM-245 | +2.450 S+4.30 DD466 WM54 | +0.839 S+1.99 DD820 WM-446 | +1.248 S+2.62 DD571 WM-245 | +0.383 S+0.87 DD1648 WM-536 | gross 0.6246 w_king 0.5875 turn 0.03279

===== LEVELS column=net caliber=prod: per window mean S=Sharpe DD=maxDD(bps) WM=worst month(bps)
F1  s42    pinned  n=12279 | -0.500 S-1.31 DD1105 WM-577 | -0.330 S-1.05 DD1119 WM-352 | +0.023 S+0.07 DD1399 WM-371 | +0.715 S+1.63 DD593 WM-472 | +1.802 S+3.56 DD385 WM-48 | +0.707 S+1.66 DD1399 WM-472 | +1.131 S+2.43 DD815 WM-472 | +0.222 S+0.56 DD2977 WM-577 | gross 0.77 w_king 0.5466 turn 0.03406
F2  s42    pinned  n=12291 | -0.033 S-0.06 DD1295 WM-473 | -0.352 S-1.04 DD1042 WM-517 | -0.685 S-1.42 DD1962 WM-603 | +0.381 S+0.70 DD616 WM-495 | +2.813 S+4.49 DD364 WM78 | +0.548 S+1.01 DD2408 WM-603 | +1.312 S+2.28 DD616 WM-495 | +0.228 S+0.45 DD3230 WM-603 | gross 0.7889 w_king 0.21 turn 0.01427
F2  s2027  pinned  n=12291 | -0.033 S-0.06 DD1295 WM-473 | -0.329 S-0.98 DD975 WM-543 | -0.694 S-1.45 DD1999 WM-594 | +0.408 S+0.75 DD555 WM-482 | +2.817 S+4.48 DD369 WM87 | +0.556 S+1.02 DD2430 WM-594 | +1.330 S+2.30 DD555 WM-482 | +0.237 S+0.47 DD3187 WM-594 | gross 0.788 w_king 0.21 turn 0.01425
F3  s42    pinned  n=12291 | -0.033 S-0.06 DD1295 WM-473 | -0.398 S-1.18 DD895 WM-636 | +0.098 S+0.32 DD948 WM-460 | +0.436 S+1.10 DD366 WM-255 | +2.547 S+4.50 DD356 WM51 | +0.805 S+1.94 DD948 WM-460 | +1.244 S+2.65 DD518 WM-255 | +0.364 S+0.83 DD2018 WM-636 | gross 0.6061 w_king 0.6129 turn 0.035
F3  s2027  pinned  n=12291 | -0.033 S-0.06 DD1295 WM-473 | -0.386 S-1.14 DD869 WM-625 | +0.151 S+0.49 DD918 WM-453 | +0.482 S+1.18 DD391 WM-255 | +2.521 S+4.47 DD376 WM63 | +0.837 S+2.00 DD918 WM-453 | +1.262 S+2.66 DD548 WM-255 | +0.384 S+0.88 DD1932 WM-625 | gross 0.6138 w_king 0.6129 turn 0.03427

===== LEVELS column=pg caliber=log: per window mean S=Sharpe DD=maxDD(bps) WM=worst month(bps)
F1  s42    pinned  n=12279 | -0.744 S-1.05 DD1787 WM-879 | -0.556 S-1.18 DD1634 WM-496 | +0.325 S+0.66 DD1369 WM-372 | +1.123 S+1.93 DD793 WM-691 | +2.321 S+3.96 DD446 WM-79 | +1.101 S+2.00 DD1369 WM-691 | +1.581 S+2.71 DD793 WM-691 | +0.343 S+0.60 DD3976 WM-879 | gross 0.7782 w_king 0.5283 turn 0.03164
F1  s42    hist    n=12279 | +1.115 S+1.78 DD877 WM-264 | +0.054 S+0.11 DD1110 WM-571 | +0.355 S+0.72 DD1346 WM-305 | +1.205 S+2.11 DD771 WM-643 | +2.279 S+3.83 DD469 WM-46 | +1.134 S+2.07 DD1346 WM-643 | +1.616 S+2.78 DD771 WM-643 | +0.896 S+1.62 DD2121 WM-643 | gross 0.7767 w_king 0.5507 turn 0.03141
F2  s42    pinned  n=12291 | -0.240 S-0.30 DD1615 WM-515 | -0.377 S-0.98 DD1194 WM-523 | -0.767 S-1.30 DD2334 WM-648 | +0.515 S+0.71 DD759 WM-667 | +3.719 S+4.57 DD607 WM95 | +0.782 S+1.12 DD2945 WM-667 | +1.741 S+2.29 DD759 WM-667 | +0.310 S+0.46 DD4249 WM-667 | gross 0.7914 w_king 0.21 turn 0.01425
F2  s2027  pinned  n=12291 | -0.240 S-0.30 DD1615 WM-515 | -0.365 S-0.94 DD1133 WM-552 | -0.774 S-1.32 DD2357 WM-658 | +0.527 S+0.72 DD764 WM-679 | +3.701 S+4.56 DD609 WM102 | +0.779 S+1.11 DD2986 WM-679 | +1.741 S+2.29 DD764 WM-679 | +0.311 S+0.46 DD4255 WM-679 | gross 0.7904 w_king 0.21 turn 0.01422
F3  s42    pinned  n=12291 | -0.240 S-0.30 DD1615 WM-515 | -0.440 S-1.10 DD1028 WM-638 | +0.566 S+1.14 DD1160 WM-549 | +0.849 S+1.30 DD897 WM-783 | +3.169 S+4.33 DD578 WM52 | +1.289 S+2.08 DD1160 WM-783 | +1.737 S+2.54 DD897 WM-783 | +0.584 S+0.93 DD2776 WM-783 | gross 0.6174 w_king 0.5875 turn 0.03354
F3  s2027  pinned  n=12291 | -0.240 S-0.30 DD1615 WM-515 | -0.377 S-0.95 DD944 WM-572 | +0.613 S+1.24 DD1126 WM-549 | +0.945 S+1.44 DD781 WM-645 | +3.116 S+4.31 DD584 WM72 | +1.331 S+2.15 DD1126 WM-645 | +1.776 S+2.60 DD781 WM-645 | +0.622 S+0.99 DD2544 WM-645 | gross 0.6246 w_king 0.5875 turn 0.03279

===== LEVELS column=pg caliber=prod: per window mean S=Sharpe DD=maxDD(bps) WM=worst month(bps)
F1  s42    pinned  n=12279 | -1.001 S-1.49 DD2218 WM-856 | -0.479 S-1.03 DD1499 WM-514 | +0.210 S+0.42 DD1752 WM-432 | +1.044 S+1.79 DD822 WM-691 | +2.072 S+3.60 DD426 WM-65 | +0.968 S+1.75 DD1752 WM-691 | +1.437 S+2.48 DD866 WM-691 | +0.229 S+0.41 DD4710 WM-856 | gross 0.77 w_king 0.5466 turn 0.03406
F2  s42    pinned  n=12291 | -0.121 S-0.15 DD1599 WM-517 | -0.415 S-1.07 DD1235 WM-554 | -0.881 S-1.45 DD2500 WM-708 | +0.551 S+0.74 DD807 WM-608 | +3.681 S+4.46 DD481 WM104 | +0.743 S+1.03 DD3054 WM-708 | +1.748 S+2.25 DD807 WM-608 | +0.305 S+0.45 DD4464 WM-708 | gross 0.7889 w_king 0.21 turn 0.01427
F2  s2027  pinned  n=12291 | -0.121 S-0.15 DD1599 WM-517 | -0.390 S-1.01 DD1156 WM-585 | -0.887 S-1.47 DD2532 WM-706 | +0.589 S+0.78 DD731 WM-596 | +3.658 S+4.44 DD485 WM115 | +0.750 S+1.04 DD3073 WM-706 | +1.763 S+2.26 DD738 WM-596 | +0.315 S+0.46 DD4409 WM-706 | gross 0.788 w_king 0.21 turn 0.01425
F3  s42    pinned  n=12291 | -0.121 S-0.15 DD1599 WM-517 | -0.474 S-1.19 DD1094 WM-679 | +0.583 S+1.18 DD1311 WM-541 | +0.910 S+1.38 DD899 WM-748 | +3.282 S+4.51 DD450 WM68 | +1.345 S+2.17 DD1311 WM-748 | +1.817 S+2.65 DD899 WM-748 | +0.634 S+1.01 DD3007 WM-748 | gross 0.6061 w_king 0.6129 turn 0.035
F3  s2027  pinned  n=12291 | -0.121 S-0.15 DD1599 WM-517 | -0.457 S-1.15 DD1048 WM-666 | +0.644 S+1.31 DD1257 WM-530 | +0.971 S+1.47 DD798 WM-617 | +3.234 S+4.49 DD475 WM83 | +1.381 S+2.23 DD1257 WM-617 | +1.837 S+2.68 DD798 WM-617 | +0.658 S+1.05 DD2866 WM-666 | gross 0.6138 w_king 0.6129 turn 0.03427

===== DELTAS column=net_ex caliber=log: Δ = hist − pinned
F1  s42    n=12279 | +1.202 [+0.498,+1.896] 1.000 | +0.450 [-0.185,+1.063] 0.912 | +0.045 [-0.197,+0.282] 0.651 | +0.018 [-0.187,+0.228] 0.538 | -0.051 [-0.297,+0.183] 0.324 | +0.012 [-0.130,+0.151] 0.550 | -0.008 [-0.165,+0.150] 0.447 | +0.364 [+0.153,+0.576] 0.999 | ΔS +0.03 Δturn -0.7% DD 1293/1339

===== DELTAS column=net_ex caliber=prod: Δ = hist − pinned

===== DELTAS column=pg caliber=log: Δ = hist − pinned
F1  s42    n=12279 | +1.859 [+0.680,+3.052] 0.999 | +0.610 [-0.321,+1.560] 0.899 | +0.031 [-0.335,+0.422] 0.567 | +0.083 [-0.211,+0.369] 0.712 | -0.042 [-0.319,+0.232] 0.387 | +0.033 [-0.160,+0.238] 0.637 | +0.035 [-0.182,+0.251] 0.610 | +0.553 [+0.199,+0.901] 0.998 | ΔS +0.07 Δturn -0.7% DD 1369/1346

===== DELTAS column=pg caliber=prod: Δ = hist − pinned
σ_fund net_ex log F1 s42: cuts [5.328, 13.769] low: n 1915 pin -0.025 hist -0.007 Δ +0.018 [-0.225,+0.271] | mid: n 1914 pin +1.476 hist +1.587 Δ +0.111 [-0.108,+0.339] | high: n 1914 pin +0.700 hist +0.607 Δ -0.093 [-0.311,+0.122]
σ_fund net_ex log F2 s42: cuts [5.328, 13.769] low: n 1915 pin -0.817 | mid: n 1914 pin +0.332 | high: n 1914 pin +2.065
σ_fund net_ex log F2 s2027: cuts [5.328, 13.769] low: n 1915 pin -0.813 | mid: n 1914 pin +0.360 | high: n 1914 pin +2.074
σ_fund net_ex log F3 s42: cuts [5.328, 13.769] low: n 1915 pin +0.068 | mid: n 1914 pin +0.980 | high: n 1914 pin +1.252
σ_fund net_ex log F3 s2027: cuts [5.328, 13.769] low: n 1915 pin +0.122 | mid: n 1914 pin +1.036 | high: n 1914 pin +1.295
σ_fund net_ex prod F1 s42: cuts [5.328, 13.769] low: n 1915 pin -0.210 | mid: n 1914 pin +1.477 | high: n 1914 pin +0.571
σ_fund net_ex prod F2 s42: cuts [5.328, 13.769] low: n 1915 pin -0.874 | mid: n 1914 pin +0.260 | high: n 1914 pin +2.036
σ_fund net_ex prod F2 s2027: cuts [5.328, 13.769] low: n 1915 pin -0.866 | mid: n 1914 pin +0.294 | high: n 1914 pin +2.045
σ_fund net_ex prod F3 s42: cuts [5.328, 13.769] low: n 1915 pin +0.009 | mid: n 1914 pin +0.957 | high: n 1914 pin +1.302
σ_fund net_ex prod F3 s2027: cuts [5.328, 13.769] low: n 1915 pin +0.078 | mid: n 1914 pin +1.006 | high: n 1914 pin +1.337
σ_fund pg log F1 s42: cuts [5.328, 13.769] low: n 1915 pin +0.339 hist +0.408 Δ +0.069 [-0.302,+0.439] | mid: n 1914 pin +1.966 hist +2.134 Δ +0.169 [-0.192,+0.506] | high: n 1914 pin +0.998 hist +0.860 Δ -0.138 [-0.421,+0.154]
σ_fund pg log F2 s42: cuts [5.328, 13.769] low: n 1915 pin -0.834 | mid: n 1914 pin +0.793 | high: n 1914 pin +2.386
σ_fund pg log F2 s2027: cuts [5.328, 13.769] low: n 1915 pin -0.850 | mid: n 1914 pin +0.803 | high: n 1914 pin +2.386
σ_fund pg log F3 s42: cuts [5.328, 13.769] low: n 1915 pin +0.555 | mid: n 1914 pin +1.714 | high: n 1914 pin +1.598
σ_fund pg log F3 s2027: cuts [5.328, 13.769] low: n 1915 pin +0.611 | mid: n 1914 pin +1.673 | high: n 1914 pin +1.710
σ_fund pg prod F1 s42: cuts [5.328, 13.769] low: n 1915 pin +0.122 | mid: n 1914 pin +1.978 | high: n 1914 pin +0.805
σ_fund pg prod F2 s42: cuts [5.328, 13.769] low: n 1915 pin -0.906 | mid: n 1914 pin +0.724 | high: n 1914 pin +2.412
σ_fund pg prod F2 s2027: cuts [5.328, 13.769] low: n 1915 pin -0.920 | mid: n 1914 pin +0.760 | high: n 1914 pin +2.410
σ_fund pg prod F3 s42: cuts [5.328, 13.769] low: n 1915 pin +0.529 | mid: n 1914 pin +1.777 | high: n 1914 pin +1.730
σ_fund pg prod F3 s2027: cuts [5.328, 13.769] low: n 1915 pin +0.590 | mid: n 1914 pin +1.709 | high: n 1914 pin +1.843

wrote results/judge_rebuild.json and results/REPORT_tables.md
8fc401cff0c02adeab4119d58697709f3c28a9210415d8965b8fee3fb859c17a  results/judge_rebuild.json
337a3101fd13d0cada9cec3a4c4aeab33cfd1998644e3be43a38498a78476a82  results/REPORT_tables.md
