== /workspace/review_scratch/jpline_rebuild/dev_na/logs/F2_hist_log_s2027.log
CONFIG {"REF_SKIP": 0, "KMOD_F10": 0.0, "KMOD_L": 0.5, "KMOD_AGREE": 0.0, "SEATF10": 0, "KTAIL": 0, "KMOD": 0.0, "SEATNET": 0, "FUNDSCALE": 0, "FEMAT_NPZ": null, "SLOW_NPY": "/workspace/review_scratch/jpline_rebuild/data/slow_pred_hist_oos_rebuilt.npy", "W3FIX": "0.21,0,0.79", "MEMBERS_TOPN": 829, "TRADE_TOPN": 400, "FTRIM": "zero", "UMASK_NPZ": null, "LOOK": 900, "WRULE": "msharpe", "CAL": "log",
RECEIPT_EX d30_n2_c42 {"net_ex_all": -0.1936, "net_ex_2024on": 0.5464, "sharpe_ex_2024on": 1.226, "by_year_ex": {"2020": 1.425, "2021": -2.189, "2022": -0.1, "2023": -0.273, "2024": -0.628, "2025": 0.325, "2026": 2.804}, "carry_ex_mean": 0.521, "cost_ex_mean": 0.0371, "turnover_ex_mean": 0.03712, "netlong_mean": -0.0384, "netlong_by_year": {"2020": -0.0005, "2021": 0.0036, "2022": -0.0403, "2023":
DONE 35.2 s
== /workspace/review_scratch/jpline_rebuild/dev_na/logs/F2_hist_log_s42.log
CONFIG {"REF_SKIP": 0, "KMOD_F10": 0.0, "KMOD_L": 0.5, "KMOD_AGREE": 0.0, "SEATF10": 0, "KTAIL": 0, "KMOD": 0.0, "SEATNET": 0, "FUNDSCALE": 0, "FEMAT_NPZ": null, "SLOW_NPY": "/workspace/review_scratch/jpline_rebuild/data/slow_pred_hist_oos_rebuilt.npy", "W3FIX": "0.21,0,0.79", "MEMBERS_TOPN": 829, "TRADE_TOPN": 400, "FTRIM": "zero", "UMASK_NPZ": null, "LOOK": 900, "WRULE": "msharpe", "CAL": "log",
RECEIPT_EX d30_n2_c42 {"net_ex_all": -0.2004, "net_ex_2024on": 0.5409, "sharpe_ex_2024on": 1.214, "by_year_ex": {"2020": 1.425, "2021": -2.189, "2022": -0.1, "2023": -0.296, "2024": -0.641, "2025": 0.317, "2026": 2.815}, "carry_ex_mean": 0.5216, "cost_ex_mean": 0.0373, "turnover_ex_mean": 0.03726, "netlong_mean": -0.0377, "netlong_by_year": {"2020": -0.0005, "2021": 0.0036, "2022": -0.0403, "2023"
DONE 35.7 s
== /workspace/review_scratch/jpline_rebuild/dev_na/logs/F3_hist_log_s2027.log
CONFIG {"REF_SKIP": 0, "KMOD_F10": 0.0, "KMOD_L": 0.5, "KMOD_AGREE": 0.0, "SEATF10": 0, "KTAIL": 0, "KMOD": 0.0, "SEATNET": 0, "FUNDSCALE": 0, "FEMAT_NPZ": null, "SLOW_NPY": "/workspace/review_scratch/jpline_rebuild/data/slow_pred_hist_oos_rebuilt.npy", "W3FIX": null, "MEMBERS_TOPN": 829, "TRADE_TOPN": 400, "FTRIM": "zero", "UMASK_NPZ": null, "LOOK": 900, "WRULE": "msharpe", "CAL": "log", "LEGS": 
RECEIPT_EX d30_n2_c42 {"net_ex_all": 0.1687, "net_ex_2024on": 0.8415, "sharpe_ex_2024on": 2.299, "by_year_ex": {"2020": -6.397, "2021": -2.183, "2022": 0.674, "2023": 0.251, "2024": 0.232, "2025": 0.402, "2026": 2.537}, "carry_ex_mean": 0.3532, "cost_ex_mean": 0.0734, "turnover_ex_mean": 0.07337, "netlong_mean": -0.0292, "netlong_by_year": {"2020": -0.0088, "2021": -0.0028, "2022": -0.068, "2023":
DONE 38.4 s
== /workspace/review_scratch/jpline_rebuild/dev_na/logs/F3_hist_log_s42.log
CONFIG {"REF_SKIP": 0, "KMOD_F10": 0.0, "KMOD_L": 0.5, "KMOD_AGREE": 0.0, "SEATF10": 0, "KTAIL": 0, "KMOD": 0.0, "SEATNET": 0, "FUNDSCALE": 0, "FEMAT_NPZ": null, "SLOW_NPY": "/workspace/review_scratch/jpline_rebuild/data/slow_pred_hist_oos_rebuilt.npy", "W3FIX": null, "MEMBERS_TOPN": 829, "TRADE_TOPN": 400, "FTRIM": "zero", "UMASK_NPZ": null, "LOOK": 900, "WRULE": "msharpe", "CAL": "log", "LEGS": 
RECEIPT_EX d30_n2_c42 {"net_ex_all": 0.1521, "net_ex_2024on": 0.8032, "sharpe_ex_2024on": 2.208, "by_year_ex": {"2020": -6.397, "2021": -2.183, "2022": 0.674, "2023": 0.258, "2024": 0.19, "2025": 0.328, "2026": 2.562}, "carry_ex_mean": 0.3492, "cost_ex_mean": 0.0753, "turnover_ex_mean": 0.0753, "netlong_mean": -0.0278, "netlong_by_year": {"2020": -0.0088, "2021": -0.0028, "2022": -0.068, "2023": 0
DONE 37.9 s
== /workspace/review_scratch/jpline_rebuild/dev_alt_na/logs/F1_hist_prod.log
CONFIG {"REF_SKIP": 0, "KMOD_F10": 0.0, "KMOD_L": 0.5, "KMOD_AGREE": 0.0, "SEATF10": 0, "KTAIL": 0, "KMOD": 0.0, "SEATNET": 0, "FUNDSCALE": 0, "FEMAT_NPZ": null, "SLOW_NPY": "/workspace/review_scratch/jpline_rebuild/data/slow_pred_hist_oos_rebuilt.npy", "W3FIX": null, "MEMBERS_TOPN": 0, "TRADE_TOPN": 0, "FTRIM": "off", "UMASK_NPZ": null, "LOOK": 900, "WRULE": "msharpe", "CAL": "log", "LEGS": "111"
RECEIPT_EX d30_n2_c42 {"net_ex_all": 0.1287, "net_ex_2024on": 0.6972, "sharpe_ex_2024on": 1.582, "by_year_ex": {"2021": -2.016, "2022": 0.835, "2023": 0.042, "2024": 0.094, "2025": 0.638, "2026": 1.769}, "carry_ex_mean": 0.577, "cost_ex_mean": 0.0917, "turnover_ex_mean": 0.09173, "netlong_mean": 0.0068, "netlong_by_year": {"2021": 0.0001, "2022": 0.0001, "2023": 0.0065, "2024": -0.0079, "2025": 0.
DONE 24.2 s
== /workspace/review_scratch/jpline_rebuild/dev_alt_na/logs/F2_hist_prod_s2027.log
CONFIG {"REF_SKIP": 0, "KMOD_F10": 0.0, "KMOD_L": 0.5, "KMOD_AGREE": 0.0, "SEATF10": 0, "KTAIL": 0, "KMOD": 0.0, "SEATNET": 0, "FUNDSCALE": 0, "FEMAT_NPZ": null, "SLOW_NPY": "/workspace/review_scratch/jpline_rebuild/data/slow_pred_hist_oos_rebuilt.npy", "W3FIX": "0.21,0,0.79", "MEMBERS_TOPN": 829, "TRADE_TOPN": 400, "FTRIM": "zero", "UMASK_NPZ": null, "LOOK": 900, "WRULE": "msharpe", "CAL": "log",
RECEIPT_EX d30_n2_c42 {"net_ex_all": -0.2637, "net_ex_2024on": 0.5086, "sharpe_ex_2024on": 1.134, "by_year_ex": {"2020": 1.085, "2021": -2.437, "2022": -0.125, "2023": -0.295, "2024": -0.676, "2025": 0.304, "2026": 2.756}, "carry_ex_mean": 0.5175, "cost_ex_mean": 0.0372, "turnover_ex_mean": 0.0372, "netlong_mean": -0.0406, "netlong_by_year": {"2020": -0.0005, "2021": -0.0004, "2022": -0.0411, "202
DONE 34.4 s
== /workspace/review_scratch/jpline_rebuild/dev_alt_na/logs/F2_hist_prod_s42.log
CONFIG {"REF_SKIP": 0, "KMOD_F10": 0.0, "KMOD_L": 0.5, "KMOD_AGREE": 0.0, "SEATF10": 0, "KTAIL": 0, "KMOD": 0.0, "SEATNET": 0, "FUNDSCALE": 0, "FEMAT_NPZ": null, "SLOW_NPY": "/workspace/review_scratch/jpline_rebuild/data/slow_pred_hist_oos_rebuilt.npy", "W3FIX": "0.21,0,0.79", "MEMBERS_TOPN": 829, "TRADE_TOPN": 400, "FTRIM": "zero", "UMASK_NPZ": null, "LOOK": 900, "WRULE": "msharpe", "CAL": "log",
RECEIPT_EX d30_n2_c42 {"net_ex_all": -0.2742, "net_ex_2024on": 0.5005, "sharpe_ex_2024on": 1.117, "by_year_ex": {"2020": 1.085, "2021": -2.437, "2022": -0.125, "2023": -0.333, "2024": -0.699, "2025": 0.301, "2026": 2.763}, "carry_ex_mean": 0.5176, "cost_ex_mean": 0.0373, "turnover_ex_mean": 0.03733, "netlong_mean": -0.0398, "netlong_by_year": {"2020": -0.0005, "2021": -0.0004, "2022": -0.0411, "20
DONE 35.4 s
== /workspace/review_scratch/jpline_rebuild/dev_alt_na/logs/F3_hist_prod_s2027.log
CONFIG {"REF_SKIP": 0, "KMOD_F10": 0.0, "KMOD_L": 0.5, "KMOD_AGREE": 0.0, "SEATF10": 0, "KTAIL": 0, "KMOD": 0.0, "SEATNET": 0, "FUNDSCALE": 0, "FEMAT_NPZ": null, "SLOW_NPY": "/workspace/review_scratch/jpline_rebuild/data/slow_pred_hist_oos_rebuilt.npy", "W3FIX": null, "MEMBERS_TOPN": 829, "TRADE_TOPN": 400, "FTRIM": "zero", "UMASK_NPZ": null, "LOOK": 900, "WRULE": "msharpe", "CAL": "log", "LEGS": 
RECEIPT_EX d30_n2_c42 {"net_ex_all": 0.1246, "net_ex_2024on": 0.8277, "sharpe_ex_2024on": 2.295, "by_year_ex": {"2020": -6.43, "2021": -2.456, "2022": 0.663, "2023": 0.319, "2024": 0.246, "2025": 0.404, "2026": 2.453}, "carry_ex_mean": 0.3466, "cost_ex_mean": 0.0747, "turnover_ex_mean": 0.07472, "netlong_mean": -0.0292, "netlong_by_year": {"2020": -0.0088, "2021": -0.0061, "2022": -0.0692, "2023":
DONE 36.0 s
== /workspace/review_scratch/jpline_rebuild/dev_alt_na/logs/F3_hist_prod_s42.log
CONFIG {"REF_SKIP": 0, "KMOD_F10": 0.0, "KMOD_L": 0.5, "KMOD_AGREE": 0.0, "SEATF10": 0, "KTAIL": 0, "KMOD": 0.0, "SEATNET": 0, "FUNDSCALE": 0, "FEMAT_NPZ": null, "SLOW_NPY": "/workspace/review_scratch/jpline_rebuild/data/slow_pred_hist_oos_rebuilt.npy", "W3FIX": null, "MEMBERS_TOPN": 829, "TRADE_TOPN": 400, "FTRIM": "zero", "UMASK_NPZ": null, "LOOK": 900, "WRULE": "msharpe", "CAL": "log", "LEGS": 
RECEIPT_EX d30_n2_c42 {"net_ex_all": 0.0939, "net_ex_2024on": 0.7747, "sharpe_ex_2024on": 2.167, "by_year_ex": {"2020": -6.43, "2021": -2.456, "2022": 0.663, "2023": 0.286, "2024": 0.201, "2025": 0.316, "2026": 2.444}, "carry_ex_mean": 0.3422, "cost_ex_mean": 0.0767, "turnover_ex_mean": 0.07667, "netlong_mean": -0.0281, "netlong_by_year": {"2020": -0.0088, "2021": -0.0061, "2022": -0.0692, "2023":
DONE 35.9 s
/workspace/review_scratch/jpline_rebuild/na_root/dev/probe_artifacts:
total 205
drwxrwxrwx 2 root root 102200 Sep  5 04:03 .
drwxrwxrwx 3 root root 102200 Sep  5 04:03 ..
lrwxrwxrwx 1 root root     96 Sep  5 04:03 w10_ablation_series_F1_hist_log.npz -> /workspace/review_scratch/jpline_rebuild/dev/probe_artifacts/w10_ablation_series_F1_hist_log.npz
lrwxrwxrwx 1 root root     98 Sep  5 04:03 w10_ablation_series_F1_pinned_log.npz -> /workspace/review_scratch/jpline_rebuild/dev/probe_artifacts/w10_ablation_series_F1_pinned_log.npz
lrwxrwxrwx 1 root root    105 Sep  5 04:03 w10_ablation_series_F2_hist_log_s2027.npz -> /workspace/review_scratch/jpline_rebuild/dev_na/probe_artifacts/w10_ablation_series_F2_hist_log_s2027.npz
lrwxrwxrwx 1 root root    103 Sep  5 04:03 w10_ablation_series_F2_hist_log_s42.npz -> /workspace/review_scratch/jpline_rebuild/dev_na/probe_artifacts/w10_ablation_series_F2_hist_log_s42.npz
lrwxrwxrwx 1 root root    104 Sep  5 04:03 w10_ablation_series_F2_pinned_log_s2027.npz -> /workspace/review_scratch/jpline_rebuild/dev/probe_artifacts/w10_ablation_series_F2_pinned_log_s2027.npz
lrwxrwxrwx 1 root root    102 Sep  5 04:03 w10_ablation_series_F2_pinned_log_s42.npz -> /workspace/review_scratch/jpline_rebuild/dev/probe_artifacts/w10_ablation_series_F2_pinned_log_s42.npz
lrwxrwxrwx 1 root root    105 Sep  5 04:03 w10_ablation_series_F3_hist_log_s2027.npz -> /workspace/review_scratch/jpline_rebuild/dev_na/probe_artifacts/w10_ablation_series_F3_hist_log_s2027.npz
lrwxrwxrwx 1 root root    103 Sep  5 04:03 w10_ablation_series_F3_hist_log_s42.npz -> /workspace/review_scratch/jpline_rebuild/dev_na/probe_artifacts/w10_ablation_series_F3_hist_log_s42.npz
lrwxrwxrwx 1 root root    104 Sep  5 04:03 w10_ablation_series_F3_pinned_log_s2027.npz -> /workspace/review_scratch/jpline_rebuild/dev/probe_artifacts/w10_ablation_series_F3_pinned_log_s2027.npz
lrwxrwxrwx 1 root root    102 Sep  5 04:03 w10_ablation_series_F3_pinned_log_s42.npz -> /workspace/review_scratch/jpline_rebuild/dev/probe_artifacts/w10_ablation_series_F3_pinned_log_s42.npz

/workspace/review_scratch/jpline_rebuild/na_root/dev_alt/probe_artifacts:
total 1959
drwxrwxrwx 2 root root 1000104 Sep  5 04:03 .
drwxrwxrwx 3 root root 1000104 Sep  5 04:03 ..
lrwxrwxrwx 1 root root     104 Sep  5 04:03 w10_ablation_series_F1_hist_prod.npz -> /workspace/review_scratch/jpline_rebuild/dev_alt_na/probe_artifacts/w10_ablation_series_F1_hist_prod.npz
lrwxrwxrwx 1 root root     103 Sep  5 04:03 w10_ablation_series_F1_pinned_prod.npz -> /workspace/review_scratch/jpline_rebuild/dev_alt/probe_artifacts/w10_ablation_series_F1_pinned_prod.npz
lrwxrwxrwx 1 root root     110 Sep  5 04:03 w10_ablation_series_F2_hist_prod_s2027.npz -> /workspace/review_scratch/jpline_rebuild/dev_alt_na/probe_artifacts/w10_ablation_series_F2_hist_prod_s2027.npz
lrwxrwxrwx 1 root root     108 Sep  5 04:03 w10_ablation_series_F2_hist_prod_s42.npz -> /workspace/review_scratch/jpline_rebuild/dev_alt_na/probe_artifacts/w10_ablation_series_F2_hist_prod_s42.npz
lrwxrwxrwx 1 root root     109 Sep  5 04:03 w10_ablation_series_F2_pinned_prod_s2027.npz -> /workspace/review_scratch/jpline_rebuild/dev_alt/probe_artifacts/w10_ablation_series_F2_pinned_prod_s2027.npz
lrwxrwxrwx 1 root root     107 Sep  5 04:03 w10_ablation_series_F2_pinned_prod_s42.npz -> /workspace/review_scratch/jpline_rebuild/dev_alt/probe_artifacts/w10_ablation_series_F2_pinned_prod_s42.npz
lrwxrwxrwx 1 root root     110 Sep  5 04:03 w10_ablation_series_F3_hist_prod_s2027.npz -> /workspace/review_scratch/jpline_rebuild/dev_alt_na/probe_artifacts/w10_ablation_series_F3_hist_prod_s2027.npz
lrwxrwxrwx 1 root root     108 Sep  5 04:03 w10_ablation_series_F3_hist_prod_s42.npz -> /workspace/review_scratch/jpline_rebuild/dev_alt_na/probe_artifacts/w10_ablation_series_F3_hist_prod_s42.npz
lrwxrwxrwx 1 root root     109 Sep  5 04:03 w10_ablation_series_F3_pinned_prod_s2027.npz -> /workspace/review_scratch/jpline_rebuild/dev_alt/probe_artifacts/w10_ablation_series_F3_pinned_prod_s2027.npz
lrwxrwxrwx 1 root root     107 Sep  5 04:03 w10_ablation_series_F3_pinned_prod_s42.npz -> /workspace/review_scratch/jpline_rebuild/dev_alt/probe_artifacts/w10_ablation_series_F3_pinned_prod_s42.npz
LOADED 20 artifacts; kings ['pinned', 'hist']; anchor counts: F1_pinned_log=12279, F1_hist_log=12279, F1_pinned_prod=12279, F1_hist_prod=12279, F2_pinned_log_s42=12291, F2_hist_log_s42=12291, F2_pinned_prod_s42=12291, F2_hist_prod_s42=12291, F2_pinned_log_s2027=12291, F2_hist_log_s2027=12291, F2_pinned_prod_s2027=12291, F2_hist_prod_s2027=12291, F3_pinned_log_s42=12291, F3_hist_log_s42=12291, F3_pinned_prod_s42=12291, F3_hist_prod_s42=12291, F3_pinned_log_s2027=12291, F3_hist_log_s2027=12291, F3_pinned_prod_s2027=12291, F3_hist_prod_s2027=12291

===== LEVELS column=net_ex caliber=log: per window mean S=Sharpe DD=maxDD(bps) WM=worst month(bps)
F1  s42    pinned  n=12279 | -0.393 S-1.10 DD883 WM-492 | -0.417 S-1.47 DD998 WM-296 | +0.067 S+0.20 DD1293 WM-318 | +0.594 S+1.26 DD601 WM-514 | +1.966 S+3.74 DD406 WM-60 | +0.717 S+1.62 DD1293 WM-514 | +1.119 S+2.27 DD692 WM-514 | +0.231 S+0.59 DD2813 WM-514 | gross 0.7782 w_king 0.5283 turn 0.03164
F1  s42    hist    n=12279 | +0.809 S+1.92 DD744 WM-170 | +0.033 S+0.10 DD830 WM-414 | +0.112 S+0.32 DD1339 WM-270 | +0.612 S+1.33 DD561 WM-444 | +1.915 S+3.61 DD406 WM-41 | +0.729 S+1.65 DD1339 WM-444 | +1.111 S+2.28 DD606 WM-444 | +0.596 S+1.43 DD1844 WM-444 | gross 0.7767 w_king 0.5507 turn 0.03141
F2  s42    pinned  n=12291 | -0.247 S-0.67 DD1093 WM-468 | -0.381 S-1.20 DD1239 WM-508 | -0.642 S-1.68 DD1815 WM-717 | +0.284 S+0.67 DD902 WM-634 | +2.809 S+4.98 DD458 WM106 | +0.527 S+1.18 DD2614 WM-717 | +1.250 S+2.59 DD902 WM-634 | +0.163 S+0.40 DD3790 WM-717 | gross 0.7914 w_king 0.21 turn 0.01425
F2  s42    hist    n=12291 | -0.100 S-0.26 DD930 WM-437 | -0.296 S-0.93 DD1204 WM-576 | -0.641 S-1.70 DD1789 WM-696 | +0.317 S+0.74 DD876 WM-614 | +2.815 S+5.01 DD468 WM113 | +0.541 S+1.21 DD2557 WM-696 | +1.272 S+2.63 DD876 WM-614 | +0.221 S+0.54 DD3422 WM-696 | gross 0.7907 w_king 0.21 turn 0.01424
F2  s2027  pinned  n=12291 | -0.247 S-0.67 DD1093 WM-468 | -0.373 S-1.18 DD1202 WM-519 | -0.629 S-1.65 DD1788 WM-702 | +0.298 S+0.71 DD912 WM-635 | +2.823 S+4.98 DD462 WM114 | +0.540 S+1.21 DD2595 WM-702 | +1.264 S+2.62 DD912 WM-635 | +0.172 S+0.42 DD3752 WM-702 | gross 0.7904 w_king 0.21 turn 0.01422
F2  s2027  hist    n=12291 | -0.100 S-0.26 DD930 WM-437 | -0.273 S-0.85 DD1149 WM-584 | -0.628 S-1.67 DD1774 WM-684 | +0.325 S+0.77 DD879 WM-612 | +2.804 S+4.97 DD472 WM106 | +0.546 S+1.23 DD2544 WM-684 | +1.274 S+2.64 DD879 WM-612 | +0.229 S+0.56 DD3340 WM-684 | gross 0.79 w_king 0.21 turn 0.01422
F3  s42    pinned  n=12291 | -0.247 S-0.67 DD1093 WM-468 | -0.373 S-1.21 DD1143 WM-497 | +0.149 S+0.53 DD795 WM-363 | +0.359 S+1.15 DD418 WM-294 | +2.423 S+4.65 DD452 WM71 | +0.766 S+2.11 DD795 WM-363 | +1.149 S+2.83 DD522 WM-294 | +0.300 S+0.85 DD2035 WM-497 | gross 0.6174 w_king 0.5875 turn 0.03354
F3  s42    hist    n=12291 | +0.674 S+2.62 DD353 WM-95 | +0.258 S+1.04 DD609 WM-434 | +0.190 S+0.66 DD837 WM-346 | +0.328 S+1.12 DD456 WM-293 | +2.562 S+4.80 DD460 WM104 | +0.803 S+2.21 DD837 WM-346 | +1.183 S+2.93 DD574 WM-293 | +0.657 S+2.05 DD1126 WM-434 | gross 0.5954 w_king 0.6087 turn 0.03394
F3  s2027  pinned  n=12291 | -0.247 S-0.67 DD1093 WM-468 | -0.338 S-1.10 DD1098 WM-450 | +0.217 S+0.78 DD740 WM-365 | +0.438 S+1.36 DD430 WM-318 | +2.402 S+4.61 DD460 WM88 | +0.817 S+2.23 DD740 WM-365 | +1.189 S+2.90 DD576 WM-318 | +0.337 S+0.95 DD1886 WM-468 | gross 0.6246 w_king 0.5875 turn 0.03279
F3  s2027  hist    n=12291 | +0.674 S+2.62 DD353 WM-95 | +0.251 S+1.03 DD602 WM-438 | +0.233 S+0.81 DD824 WM-344 | +0.402 S+1.33 DD473 WM-305 | +2.537 S+4.75 DD465 WM106 | +0.842 S+2.30 DD824 WM-344 | +1.218 S+3.00 DD593 WM-305 | +0.677 S+2.11 DD1115 WM-438 | gross 0.6038 w_king 0.6087 turn 0.03309

===== LEVELS column=net_ex caliber=prod: per window mean S=Sharpe DD=maxDD(bps) WM=worst month(bps)
F1  s42    pinned  n=12279 | -0.500 S-1.38 DD1109 WM-485 | -0.384 S-1.30 DD1038 WM-353 | -0.053 S-0.15 DD1640 WM-422 | +0.571 S+1.21 DD582 WM-507 | +1.757 S+3.44 DD377 WM-34 | +0.612 S+1.39 DD1640 WM-507 | +1.025 S+2.10 DD796 WM-507 | +0.156 S+0.39 DD3312 WM-507 | gross 0.77 w_king 0.5466 turn 0.03406
F1  s42    hist    n=12279 | +0.835 S+2.02 DD730 WM-182 | +0.043 S+0.12 DD906 WM-414 | +0.094 S+0.26 DD1421 WM-266 | +0.638 S+1.38 DD566 WM-468 | +1.769 S+3.41 DD352 WM-25 | +0.697 S+1.58 DD1421 WM-468 | +1.071 S+2.21 DD639 WM-468 | +0.585 S+1.41 DD2020 WM-468 | gross 0.7682 w_king 0.5688 turn 0.03353
F2  s42    pinned  n=12291 | -0.230 S-0.63 DD1109 WM-479 | -0.404 S-1.27 DD1274 WM-520 | -0.709 S-1.85 DD1913 WM-757 | +0.254 S+0.59 DD849 WM-575 | +2.743 S+4.89 DD352 WM110 | +0.474 S+1.05 DD2657 WM-757 | +1.206 S+2.48 DD849 WM-575 | +0.132 S+0.32 DD3892 WM-757 | gross 0.7889 w_king 0.21 turn 0.01427
F2  s42    hist    n=12291 | -0.125 S-0.34 DD928 WM-438 | -0.333 S-1.04 DD1252 WM-598 | -0.699 S-1.85 DD1862 WM-737 | +0.301 S+0.69 DD819 WM-559 | +2.763 S+4.94 DD349 WM115 | +0.500 S+1.12 DD2574 WM-737 | +1.243 S+2.56 DD819 WM-559 | +0.185 S+0.45 DD3553 WM-737 | gross 0.7882 w_king 0.21 turn 0.01427
F2  s2027  pinned  n=12291 | -0.230 S-0.63 DD1109 WM-479 | -0.386 S-1.21 DD1220 WM-529 | -0.694 S-1.82 DD1882 WM-740 | +0.280 S+0.65 DD850 WM-561 | +2.750 S+4.88 DD357 WM124 | +0.491 S+1.09 DD2625 WM-740 | +1.225 S+2.51 DD850 WM-561 | +0.145 S+0.36 DD3819 WM-740 | gross 0.788 w_king 0.21 turn 0.01425
F2  s2027  hist    n=12291 | -0.125 S-0.34 DD928 WM-438 | -0.295 S-0.92 DD1164 WM-610 | -0.676 S-1.79 DD1824 WM-724 | +0.304 S+0.70 DD839 WM-561 | +2.756 S+4.91 DD368 WM120 | +0.509 S+1.13 DD2554 WM-724 | +1.242 S+2.55 DD839 WM-561 | +0.198 S+0.48 DD3435 WM-724 | gross 0.7876 w_king 0.21 turn 0.01425
F3  s42    pinned  n=12291 | -0.230 S-0.63 DD1109 WM-479 | -0.412 S-1.33 DD1180 WM-545 | +0.116 S+0.43 DD967 WM-375 | +0.339 S+1.06 DD413 WM-275 | +2.464 S+4.79 DD345 WM80 | +0.756 S+2.10 DD967 WM-375 | +1.152 S+2.84 DD546 WM-275 | +0.290 S+0.83 DD2241 WM-545 | gross 0.6061 w_king 0.6129 turn 0.035
F3  s42    hist    n=12291 | +0.662 S+2.58 DD362 WM-56 | +0.286 S+1.15 DD601 WM-443 | +0.201 S+0.71 DD893 WM-317 | +0.316 S+1.07 DD472 WM-254 | +2.444 S+4.69 DD347 WM98 | +0.775 S+2.17 DD893 WM-317 | +1.130 S+2.85 DD623 WM-254 | +0.645 S+2.04 DD1189 WM-443 | gross 0.5829 w_king 0.6342 turn 0.0353
F3  s2027  pinned  n=12291 | -0.230 S-0.63 DD1109 WM-479 | -0.407 S-1.32 DD1172 WM-534 | +0.197 S+0.73 DD896 WM-364 | +0.399 S+1.22 DD446 WM-312 | +2.452 S+4.77 DD364 WM93 | +0.807 S+2.22 DD896 WM-364 | +1.184 S+2.89 DD586 WM-312 | +0.320 S+0.91 DD2142 WM-534 | gross 0.6138 w_king 0.6129 turn 0.03427
F3  s2027  hist    n=12291 | +0.662 S+2.58 DD362 WM-56 | +0.319 S+1.30 DD560 WM-434 | +0.246 S+0.88 DD877 WM-276 | +0.404 S+1.33 DD497 WM-282 | +2.453 S+4.68 DD352 WM94 | +0.828 S+2.29 DD877 WM-282 | +1.188 S+2.95 DD651 WM-282 | +0.682 S+2.15 DD1144 WM-434 | gross 0.5915 w_king 0.6342 turn 0.03445

===== LEVELS column=net caliber=log: per window mean S=Sharpe DD=maxDD(bps) WM=worst month(bps)
F1  s42    pinned  n=12279 | -0.465 S-1.26 DD1025 WM-589 | -0.352 S-1.16 DD1097 WM-301 | +0.131 S+0.37 DD1087 WM-337 | +0.802 S+1.84 DD547 WM-451 | +2.037 S+3.90 DD416 WM-63 | +0.837 S+1.95 DD1087 WM-451 | +1.275 S+2.71 DD706 WM-451 | +0.298 S+0.76 DD2655 WM-589 | gross 0.7782 w_king 0.5283 turn 0.03164
F1  s42    hist    n=12279 | +0.792 S+1.99 DD539 WM-175 | +0.062 S+0.19 DD742 WM-383 | +0.161 S+0.45 DD1101 WM-255 | +0.812 S+1.92 DD510 WM-432 | +2.036 S+3.79 DD419 WM-36 | +0.852 S+1.98 DD1101 WM-432 | +1.280 S+2.73 DD606 WM-432 | +0.668 S+1.65 DD1578 WM-432 | gross 0.7767 w_king 0.5507 turn 0.03141
F2  s42    pinned  n=12291 | -0.116 S-0.20 DD1333 WM-472 | -0.319 S-0.95 DD1007 WM-491 | -0.594 S-1.26 DD1843 WM-535 | +0.355 S+0.67 DD600 WM-542 | +2.860 S+4.59 DD464 WM71 | +0.584 S+1.10 DD2334 WM-542 | +1.313 S+2.32 DD600 WM-542 | +0.237 S+0.47 DD3053 WM-542 | gross 0.7914 w_king 0.21 turn 0.01425
F2  s42    hist    n=12291 | -0.040 S-0.07 DD1183 WM-424 | -0.215 S-0.64 DD1009 WM-494 | -0.596 S-1.28 DD1821 WM-543 | +0.375 S+0.71 DD594 WM-530 | +2.871 S+4.61 DD472 WM75 | +0.593 S+1.12 DD2302 WM-543 | +1.330 S+2.34 DD594 WM-530 | +0.282 S+0.56 DD2854 WM-543 | gross 0.7907 w_king 0.21 turn 0.01424
F2  s2027  pinned  n=12291 | -0.116 S-0.20 DD1333 WM-472 | -0.307 S-0.91 DD954 WM-514 | -0.602 S-1.28 DD1866 WM-538 | +0.363 S+0.69 DD610 WM-549 | +2.869 S+4.58 DD468 WM76 | +0.586 S+1.10 DD2368 WM-549 | +1.321 S+2.33 DD610 WM-549 | +0.241 S+0.48 DD3052 WM-549 | gross 0.7904 w_king 0.21 turn 0.01422
F2  s2027  hist    n=12291 | -0.040 S-0.07 DD1183 WM-424 | -0.198 S-0.60 DD958 WM-513 | -0.606 S-1.30 DD1870 WM-549 | +0.386 S+0.73 DD588 WM-526 | +2.858 S+4.57 DD476 WM67 | +0.591 S+1.11 DD2345 WM-549 | +1.331 S+2.34 DD588 WM-526 | +0.283 S+0.56 DD2817 WM-549 | gross 0.79 w_king 0.21 turn 0.01422
F3  s42    pinned  n=12291 | -0.116 S-0.20 DD1333 WM-472 | -0.367 S-1.09 DD838 WM-590 | +0.132 S+0.42 DD832 WM-444 | +0.440 S+1.11 DD380 WM-270 | +2.482 S+4.33 DD458 WM38 | +0.805 S+1.91 DD832 WM-444 | +1.221 S+2.58 DD520 WM-270 | +0.352 S+0.80 DD1821 WM-590 | gross 0.6174 w_king 0.5875 turn 0.03354
F3  s42    hist    n=12291 | +0.755 S+2.72 DD235 WM-19 | +0.300 S+1.23 DD545 WM-376 | +0.198 S+0.63 DD878 WM-451 | +0.392 S+1.06 DD400 WM-294 | +2.625 S+4.47 DD464 WM66 | +0.845 S+2.05 DD878 WM-451 | +1.246 S+2.68 DD549 WM-294 | +0.708 S+1.99 DD1036 WM-451 | gross 0.5954 w_king 0.6087 turn 0.03394
F3  s2027  pinned  n=12291 | -0.116 S-0.20 DD1333 WM-472 | -0.315 S-0.94 DD758 WM-536 | +0.180 S+0.57 DD820 WM-446 | +0.503 S+1.24 DD395 WM-245 | +2.450 S+4.30 DD466 WM54 | +0.839 S+1.99 DD820 WM-446 | +1.248 S+2.62 DD571 WM-245 | +0.383 S+0.87 DD1648 WM-536 | gross 0.6246 w_king 0.5875 turn 0.03279
F3  s2027  hist    n=12291 | +0.755 S+2.72 DD235 WM-19 | +0.290 S+1.21 DD554 WM-378 | +0.229 S+0.73 DD864 WM-430 | +0.466 S+1.24 DD404 WM-240 | +2.591 S+4.43 DD469 WM67 | +0.878 S+2.11 DD864 WM-430 | +1.279 S+2.73 DD552 WM-240 | +0.724 S+2.03 DD1039 WM-430 | gross 0.6038 w_king 0.6087 turn 0.03309

===== LEVELS column=net caliber=prod: per window mean S=Sharpe DD=maxDD(bps) WM=worst month(bps)
F1  s42    pinned  n=12279 | -0.500 S-1.31 DD1105 WM-577 | -0.330 S-1.05 DD1119 WM-352 | +0.023 S+0.07 DD1399 WM-371 | +0.715 S+1.63 DD593 WM-472 | +1.802 S+3.56 DD385 WM-48 | +0.707 S+1.66 DD1399 WM-472 | +1.131 S+2.43 DD815 WM-472 | +0.222 S+0.56 DD2977 WM-577 | gross 0.77 w_king 0.5466 turn 0.03406
F1  s42    hist    n=12279 | +0.846 S+2.17 DD505 WM-189 | +0.080 S+0.24 DD820 WM-378 | +0.145 S+0.40 DD1218 WM-241 | +0.756 S+1.80 DD527 WM-462 | +1.858 S+3.56 DD358 WM-17 | +0.783 S+1.84 DD1218 WM-462 | +1.178 S+2.55 DD636 WM-462 | +0.644 S+1.61 DD1784 WM-462 | gross 0.7682 w_king 0.5688 turn 0.03353
F2  s42    pinned  n=12291 | -0.033 S-0.06 DD1295 WM-473 | -0.352 S-1.04 DD1042 WM-517 | -0.685 S-1.42 DD1962 WM-603 | +0.381 S+0.70 DD616 WM-495 | +2.813 S+4.49 DD364 WM78 | +0.548 S+1.01 DD2408 WM-603 | +1.312 S+2.28 DD616 WM-495 | +0.228 S+0.45 DD3230 WM-603 | gross 0.7889 w_king 0.21 turn 0.01427
F2  s42    hist    n=12291 | +0.016 S+0.03 DD1118 WM-388 | -0.255 S-0.76 DD1055 WM-525 | -0.678 S-1.43 DD1935 WM-593 | +0.430 S+0.80 DD596 WM-480 | +2.830 S+4.52 DD360 WM76 | +0.573 S+1.06 DD2366 WM-593 | +1.349 S+2.34 DD596 WM-480 | +0.274 S+0.54 DD3047 WM-593 | gross 0.7882 w_king 0.21 turn 0.01427
F2  s2027  pinned  n=12291 | -0.033 S-0.06 DD1295 WM-473 | -0.329 S-0.98 DD975 WM-543 | -0.694 S-1.45 DD1999 WM-594 | +0.408 S+0.75 DD555 WM-482 | +2.817 S+4.48 DD369 WM87 | +0.556 S+1.02 DD2430 WM-594 | +1.330 S+2.30 DD555 WM-482 | +0.237 S+0.47 DD3187 WM-594 | gross 0.788 w_king 0.21 turn 0.01425
F2  s2027  hist    n=12291 | +0.016 S+0.03 DD1118 WM-388 | -0.222 S-0.66 DD967 WM-547 | -0.673 S-1.42 DD1949 WM-581 | +0.436 S+0.81 DD540 WM-475 | +2.832 S+4.51 DD379 WM81 | +0.578 S+1.07 DD2373 WM-581 | +1.353 S+2.35 DD544 WM-475 | +0.284 S+0.56 DD2940 WM-581 | gross 0.7876 w_king 0.21 turn 0.01425
F3  s42    pinned  n=12291 | -0.033 S-0.06 DD1295 WM-473 | -0.398 S-1.18 DD895 WM-636 | +0.098 S+0.32 DD948 WM-460 | +0.436 S+1.10 DD366 WM-255 | +2.547 S+4.50 DD356 WM51 | +0.805 S+1.94 DD948 WM-460 | +1.244 S+2.65 DD518 WM-255 | +0.364 S+0.83 DD2018 WM-636 | gross 0.6061 w_king 0.6129 turn 0.035
F3  s42    hist    n=12291 | +0.751 S+2.66 DD249 WM-30 | +0.315 S+1.27 DD546 WM-387 | +0.221 S+0.74 DD807 WM-374 | +0.386 S+1.07 DD380 WM-300 | +2.520 S+4.37 DD357 WM63 | +0.827 S+2.05 DD807 WM-374 | +1.202 S+2.63 DD543 WM-300 | +0.700 S+2.00 DD1084 WM-387 | gross 0.5829 w_king 0.6342 turn 0.0353
F3  s2027  pinned  n=12291 | -0.033 S-0.06 DD1295 WM-473 | -0.386 S-1.14 DD869 WM-625 | +0.151 S+0.49 DD918 WM-453 | +0.482 S+1.18 DD391 WM-255 | +2.521 S+4.47 DD376 WM63 | +0.837 S+2.00 DD918 WM-453 | +1.262 S+2.66 DD548 WM-255 | +0.384 S+0.88 DD1932 WM-625 | gross 0.6138 w_king 0.6129 turn 0.03427
F3  s2027  hist    n=12291 | +0.751 S+2.66 DD249 WM-30 | +0.343 S+1.40 DD507 WM-387 | +0.249 S+0.84 DD793 WM-333 | +0.479 S+1.29 DD398 WM-228 | +2.530 S+4.39 DD362 WM71 | +0.875 S+2.15 DD793 WM-333 | +1.263 S+2.74 DD556 WM-228 | +0.734 S+2.08 DD1050 WM-387 | gross 0.5915 w_king 0.6342 turn 0.03445

===== LEVELS column=pg caliber=log: per window mean S=Sharpe DD=maxDD(bps) WM=worst month(bps)
F1  s42    pinned  n=12279 | -0.744 S-1.05 DD1787 WM-879 | -0.556 S-1.18 DD1634 WM-496 | +0.325 S+0.66 DD1369 WM-372 | +1.123 S+1.93 DD793 WM-691 | +2.321 S+3.96 DD446 WM-79 | +1.101 S+2.00 DD1369 WM-691 | +1.581 S+2.71 DD793 WM-691 | +0.343 S+0.60 DD3976 WM-879 | gross 0.7782 w_king 0.5283 turn 0.03164
F1  s42    hist    n=12279 | +1.115 S+1.78 DD877 WM-264 | +0.054 S+0.11 DD1110 WM-571 | +0.355 S+0.72 DD1346 WM-305 | +1.205 S+2.11 DD771 WM-643 | +2.279 S+3.83 DD469 WM-46 | +1.134 S+2.07 DD1346 WM-643 | +1.616 S+2.78 DD771 WM-643 | +0.896 S+1.62 DD2121 WM-643 | gross 0.7767 w_king 0.5507 turn 0.03141
F2  s42    pinned  n=12291 | -0.240 S-0.30 DD1615 WM-515 | -0.377 S-0.98 DD1194 WM-523 | -0.767 S-1.30 DD2334 WM-648 | +0.515 S+0.71 DD759 WM-667 | +3.719 S+4.57 DD607 WM95 | +0.782 S+1.12 DD2945 WM-667 | +1.741 S+2.29 DD759 WM-667 | +0.310 S+0.46 DD4249 WM-667 | gross 0.7914 w_king 0.21 turn 0.01425
F2  s42    hist    n=12291 | -0.169 S-0.21 DD1502 WM-617 | -0.254 S-0.68 DD1146 WM-524 | -0.766 S-1.32 DD2303 WM-648 | +0.543 S+0.75 DD769 WM-654 | +3.739 S+4.59 DD616 WM101 | +0.797 S+1.14 DD2905 WM-654 | +1.766 S+2.32 DD769 WM-654 | +0.361 S+0.54 DD3800 WM-654 | gross 0.7907 w_king 0.21 turn 0.01424
F2  s2027  pinned  n=12291 | -0.240 S-0.30 DD1615 WM-515 | -0.365 S-0.94 DD1133 WM-552 | -0.774 S-1.32 DD2357 WM-658 | +0.527 S+0.72 DD764 WM-679 | +3.701 S+4.56 DD609 WM102 | +0.779 S+1.11 DD2986 WM-679 | +1.741 S+2.29 DD764 WM-679 | +0.311 S+0.46 DD4255 WM-679 | gross 0.7904 w_king 0.21 turn 0.01422
F2  s2027  hist    n=12291 | -0.169 S-0.21 DD1502 WM-617 | -0.237 S-0.64 DD1089 WM-544 | -0.783 S-1.35 DD2369 WM-654 | +0.562 S+0.77 DD739 WM-653 | +3.692 S+4.55 DD617 WM90 | +0.787 S+1.13 DD2967 WM-654 | +1.759 S+2.31 DD739 WM-653 | +0.359 S+0.54 DD3795 WM-654 | gross 0.79 w_king 0.21 turn 0.01422
F3  s42    pinned  n=12291 | -0.240 S-0.30 DD1615 WM-515 | -0.440 S-1.10 DD1028 WM-638 | +0.566 S+1.14 DD1160 WM-549 | +0.849 S+1.30 DD897 WM-783 | +3.169 S+4.33 DD578 WM52 | +1.289 S+2.08 DD1160 WM-783 | +1.737 S+2.54 DD897 WM-783 | +0.584 S+0.93 DD2776 WM-783 | gross 0.6174 w_king 0.5875 turn 0.03354
F3  s42    hist    n=12291 | +1.455 S+2.73 DD511 WM-39 | +0.585 S+1.29 DD955 WM-709 | +0.650 S+1.28 DD1268 WM-544 | +0.887 S+1.41 DD912 WM-832 | +3.365 S+4.45 DD626 WM87 | +1.382 S+2.23 DD1268 WM-832 | +1.835 S+2.69 DD912 WM-832 | +1.226 S+2.15 DD1701 WM-832 | gross 0.5954 w_king 0.6087 turn 0.03394
F3  s2027  pinned  n=12291 | -0.240 S-0.30 DD1615 WM-515 | -0.377 S-0.95 DD944 WM-572 | +0.613 S+1.24 DD1126 WM-549 | +0.945 S+1.44 DD781 WM-645 | +3.116 S+4.31 DD584 WM72 | +1.331 S+2.15 DD1126 WM-645 | +1.776 S+2.60 DD781 WM-645 | +0.622 S+0.99 DD2544 WM-645 | gross 0.6246 w_king 0.5875 turn 0.03279
F3  s2027  hist    n=12291 | +1.455 S+2.73 DD511 WM-39 | +0.579 S+1.35 DD882 WM-690 | +0.670 S+1.32 DD1247 WM-518 | +0.998 S+1.59 DD711 WM-641 | +3.293 S+4.39 DD632 WM88 | +1.415 S+2.29 DD1247 WM-641 | +1.876 S+2.77 DD711 WM-641 | +1.243 S+2.20 DD1621 WM-690 | gross 0.6038 w_king 0.6087 turn 0.03309

===== LEVELS column=pg caliber=prod: per window mean S=Sharpe DD=maxDD(bps) WM=worst month(bps)
F1  s42    pinned  n=12279 | -1.001 S-1.49 DD2218 WM-856 | -0.479 S-1.03 DD1499 WM-514 | +0.210 S+0.42 DD1752 WM-432 | +1.044 S+1.79 DD822 WM-691 | +2.072 S+3.60 DD426 WM-65 | +0.968 S+1.75 DD1752 WM-691 | +1.437 S+2.48 DD866 WM-691 | +0.229 S+0.41 DD4710 WM-856 | gross 0.77 w_king 0.5466 turn 0.03406
F1  s42    hist    n=12279 | +1.187 S+1.93 DD827 WM-284 | +0.069 S+0.14 DD1214 WM-577 | +0.348 S+0.69 DD1475 WM-338 | +1.136 S+1.98 DD808 WM-697 | +2.103 S+3.59 DD395 WM-30 | +1.063 S+1.93 DD1475 WM-697 | +1.506 S+2.60 DD808 WM-697 | +0.875 S+1.58 DD2381 WM-697 | gross 0.7682 w_king 0.5688 turn 0.03353
F2  s42    pinned  n=12291 | -0.121 S-0.15 DD1599 WM-517 | -0.415 S-1.07 DD1235 WM-554 | -0.881 S-1.45 DD2500 WM-708 | +0.551 S+0.74 DD807 WM-608 | +3.681 S+4.46 DD481 WM104 | +0.743 S+1.03 DD3054 WM-708 | +1.748 S+2.25 DD807 WM-608 | +0.305 S+0.45 DD4464 WM-708 | gross 0.7889 w_king 0.21 turn 0.01427
F2  s42    hist    n=12291 | -0.070 S-0.09 DD1457 WM-551 | -0.300 S-0.80 DD1198 WM-559 | -0.873 S-1.46 DD2466 WM-694 | +0.622 S+0.84 DD788 WM-590 | +3.709 S+4.50 DD474 WM102 | +0.780 S+1.09 DD3004 WM-694 | +1.803 S+2.32 DD788 WM-590 | +0.362 S+0.54 DD4124 WM-694 | gross 0.7882 w_king 0.21 turn 0.01427
F2  s2027  pinned  n=12291 | -0.121 S-0.15 DD1599 WM-517 | -0.390 S-1.01 DD1156 WM-585 | -0.887 S-1.47 DD2532 WM-706 | +0.589 S+0.78 DD731 WM-596 | +3.658 S+4.44 DD485 WM115 | +0.750 S+1.04 DD3073 WM-706 | +1.763 S+2.26 DD738 WM-596 | +0.315 S+0.46 DD4409 WM-706 | gross 0.788 w_king 0.21 turn 0.01425
F2  s2027  hist    n=12291 | -0.070 S-0.09 DD1457 WM-551 | -0.265 S-0.71 DD1099 WM-584 | -0.866 S-1.45 DD2478 WM-688 | +0.629 S+0.84 DD709 WM-588 | +3.686 S+4.48 DD495 WM107 | +0.780 S+1.09 DD3012 WM-688 | +1.799 S+2.31 DD728 WM-588 | +0.370 S+0.55 DD4025 WM-688 | gross 0.7876 w_king 0.21 turn 0.01425
F3  s42    pinned  n=12291 | -0.121 S-0.15 DD1599 WM-517 | -0.474 S-1.19 DD1094 WM-679 | +0.583 S+1.18 DD1311 WM-541 | +0.910 S+1.38 DD899 WM-748 | +3.282 S+4.51 DD450 WM68 | +1.345 S+2.17 DD1311 WM-748 | +1.817 S+2.65 DD899 WM-748 | +0.634 S+1.01 DD3007 WM-748 | gross 0.6061 w_king 0.6129 turn 0.035
F3  s42    hist    n=12291 | +1.457 S+2.68 DD549 WM-61 | +0.624 S+1.39 DD916 WM-697 | +0.749 S+1.47 DD1176 WM-408 | +0.975 S+1.53 DD925 WM-849 | +3.265 S+4.35 DD487 WM83 | +1.429 S+2.30 DD1176 WM-849 | +1.851 S+2.71 DD925 WM-849 | +1.261 S+2.21 DD1673 WM-849 | gross 0.5829 w_king 0.6342 turn 0.0353
F3  s2027  pinned  n=12291 | -0.121 S-0.15 DD1599 WM-517 | -0.457 S-1.15 DD1048 WM-666 | +0.644 S+1.31 DD1257 WM-530 | +0.971 S+1.47 DD798 WM-617 | +3.234 S+4.49 DD475 WM83 | +1.381 S+2.23 DD1257 WM-617 | +1.837 S+2.68 DD798 WM-617 | +0.658 S+1.05 DD2866 WM-666 | gross 0.6138 w_king 0.6129 turn 0.03427
F3  s2027  hist    n=12291 | +1.457 S+2.68 DD549 WM-61 | +0.680 S+1.59 DD806 WM-669 | +0.771 S+1.53 DD1117 WM-341 | +1.119 S+1.77 DD719 WM-606 | +3.255 S+4.36 DD492 WM92 | +1.490 S+2.41 DD1117 WM-606 | +1.936 S+2.85 DD719 WM-606 | +1.308 S+2.31 DD1536 WM-669 | gross 0.5915 w_king 0.6342 turn 0.03445

===== DELTAS column=net_ex caliber=log: Δ = hist − pinned
F1  s42    n=12279 | +1.202 [+0.498,+1.896] 1.000 | +0.450 [-0.185,+1.063] 0.912 | +0.045 [-0.197,+0.282] 0.651 | +0.018 [-0.187,+0.228] 0.538 | -0.051 [-0.297,+0.183] 0.324 | +0.012 [-0.130,+0.151] 0.550 | -0.008 [-0.165,+0.150] 0.447 | +0.364 [+0.153,+0.576] 0.999 | ΔS +0.03 Δturn -0.7% DD 1293/1339
F2  s42    n=12291 | +0.147 [+0.037,+0.262] 0.997 | +0.084 [-0.024,+0.194] 0.932 | +0.001 [-0.045,+0.050] 0.529 | +0.032 [-0.026,+0.090] 0.860 | +0.006 [-0.073,+0.078] 0.556 | +0.014 [-0.018,+0.048] 0.794 | +0.022 [-0.026,+0.069] 0.819 | +0.058 [+0.020,+0.100] 0.998 | ΔS +0.04 Δturn -0.0% DD 2614/2557
F2  s2027  n=12291 | +0.147 [+0.031,+0.266] 0.997 | +0.101 [-0.011,+0.214] 0.963 | +0.000 [-0.041,+0.043] 0.523 | +0.028 [-0.024,+0.085] 0.842 | -0.019 [-0.089,+0.051] 0.324 | +0.006 [-0.024,+0.037] 0.636 | +0.010 [-0.032,+0.054] 0.674 | +0.057 [+0.020,+0.096] 0.998 | ΔS +0.02 Δturn -0.0% DD 2595/2544
F3  s42    n=12291 | +0.921 [+0.203,+1.679] 0.996 | +0.631 [-0.050,+1.308] 0.965 | +0.041 [-0.150,+0.231] 0.665 | -0.031 [-0.183,+0.117] 0.335 | +0.140 [-0.037,+0.316] 0.941 | +0.037 [-0.061,+0.138] 0.756 | +0.035 [-0.082,+0.144] 0.721 | +0.357 [+0.129,+0.592] 0.999 | ΔS +0.10 Δturn +1.2% DD 795/837
F3  s2027  n=12291 | +0.921 [+0.178,+1.651] 0.994 | +0.589 [-0.137,+1.242] 0.955 | +0.016 [-0.169,+0.200] 0.573 | -0.036 [-0.173,+0.108] 0.320 | +0.135 [-0.039,+0.300] 0.931 | +0.024 [-0.077,+0.131] 0.685 | +0.029 [-0.085,+0.140] 0.705 | +0.340 [+0.118,+0.576] 0.998 | ΔS +0.07 Δturn +0.9% DD 740/824

===== DELTAS column=net_ex caliber=prod: Δ = hist − pinned
F1  s42    n=12279 | +1.336 [+0.612,+2.075] 1.000 | +0.426 [-0.226,+1.120] 0.905 | +0.148 [-0.123,+0.414] 0.858 | +0.067 [-0.135,+0.284] 0.736 | +0.011 [-0.203,+0.241] 0.550 | +0.085 [-0.055,+0.225] 0.875 | +0.046 [-0.116,+0.197] 0.724 | +0.429 [+0.194,+0.655] 1.000 | ΔS +0.19 Δturn -1.6% DD 1640/1421
F2  s42    n=12291 | +0.105 [-0.016,+0.226] 0.951 | +0.070 [-0.042,+0.177] 0.892 | +0.010 [-0.028,+0.049] 0.704 | +0.047 [-0.029,+0.122] 0.893 | +0.020 [-0.063,+0.108] 0.680 | +0.027 [-0.010,+0.068] 0.922 | +0.037 [-0.019,+0.095] 0.902 | +0.053 [+0.011,+0.094] 0.993 | ΔS +0.06 Δturn -0.0% DD 2657/2573
F2  s2027  n=12291 | +0.105 [-0.019,+0.218] 0.951 | +0.090 [-0.021,+0.200] 0.940 | +0.018 [-0.021,+0.060] 0.802 | +0.024 [-0.052,+0.107] 0.725 | +0.007 [-0.065,+0.076] 0.567 | +0.018 [-0.018,+0.056] 0.816 | +0.017 [-0.036,+0.074] 0.738 | +0.052 [+0.012,+0.095] 0.993 | ΔS +0.04 Δturn -0.1% DD 2625/2554
F3  s42    n=12291 | +0.893 [+0.136,+1.632] 0.986 | +0.698 [+0.036,+1.362] 0.981 | +0.085 [-0.103,+0.282] 0.800 | -0.023 [-0.168,+0.137] 0.391 | -0.020 [-0.174,+0.133] 0.411 | +0.019 [-0.079,+0.118] 0.637 | -0.022 [-0.132,+0.080] 0.321 | +0.355 [+0.127,+0.574] 1.000 | ΔS +0.07 Δturn +0.9% DD 967/893
F3  s2027  n=12291 | +0.893 [+0.166,+1.642] 0.989 | +0.726 [+0.053,+1.344] 0.982 | +0.049 [-0.141,+0.257] 0.687 | +0.005 [-0.148,+0.164] 0.551 | +0.001 [-0.194,+0.184] 0.495 | +0.021 [-0.085,+0.126] 0.651 | +0.003 [-0.119,+0.120] 0.512 | +0.362 [+0.143,+0.590] 1.000 | ΔS +0.07 Δturn +0.5% DD 895/877

===== DELTAS column=pg caliber=log: Δ = hist − pinned
F1  s42    n=12279 | +1.859 [+0.704,+2.993] 1.000 | +0.610 [-0.283,+1.575] 0.902 | +0.031 [-0.358,+0.418] 0.551 | +0.083 [-0.216,+0.376] 0.701 | -0.042 [-0.316,+0.233] 0.364 | +0.033 [-0.153,+0.224] 0.636 | +0.035 [-0.181,+0.235] 0.623 | +0.553 [+0.190,+0.906] 0.998 | ΔS +0.07 Δturn -0.7% DD 1369/1346
F2  s42    n=12291 | +0.072 [-0.111,+0.240] 0.782 | +0.123 [-0.013,+0.261] 0.964 | +0.001 [-0.070,+0.067] 0.516 | +0.028 [-0.060,+0.123] 0.743 | +0.020 [-0.070,+0.111] 0.673 | +0.016 [-0.032,+0.070] 0.742 | +0.025 [-0.041,+0.088] 0.764 | +0.051 [-0.006,+0.107] 0.961 | ΔS +0.02 Δturn -0.0% DD 2945/2905
F2  s2027  n=12291 | +0.072 [-0.101,+0.250] 0.802 | +0.127 [-0.023,+0.281] 0.951 | -0.009 [-0.072,+0.049] 0.350 | +0.035 [-0.056,+0.119] 0.767 | -0.009 [-0.110,+0.079] 0.435 | +0.008 [-0.038,+0.055] 0.612 | +0.018 [-0.047,+0.083] 0.682 | +0.047 [-0.008,+0.106] 0.947 | ΔS +0.01 Δturn -0.0% DD 2985/2967
F3  s42    n=12291 | +1.695 [+0.146,+3.224] 0.984 | +1.025 [+0.079,+2.031] 0.985 | +0.084 [-0.298,+0.459] 0.669 | +0.038 [-0.272,+0.349] 0.602 | +0.196 [-0.051,+0.427] 0.944 | +0.093 [-0.101,+0.290] 0.827 | +0.099 [-0.114,+0.316] 0.816 | +0.641 [+0.232,+1.059] 0.999 | ΔS +0.15 Δturn +1.2% DD 1160/1268
F3  s2027  n=12291 | +1.695 [+0.135,+3.272] 0.983 | +0.956 [+0.017,+1.929] 0.978 | +0.057 [-0.341,+0.427] 0.603 | +0.053 [-0.242,+0.364] 0.638 | +0.176 [-0.070,+0.424] 0.927 | +0.084 [-0.113,+0.283] 0.794 | +0.101 [-0.093,+0.304] 0.838 | +0.621 [+0.180,+1.042] 0.998 | ΔS +0.14 Δturn +0.9% DD 1126/1247

===== DELTAS column=pg caliber=prod: Δ = hist − pinned
F1  s42    n=12279 | +2.188 [+1.109,+3.294] 1.000 | +0.549 [-0.468,+1.515] 0.860 | +0.138 [-0.238,+0.520] 0.739 | +0.092 [-0.201,+0.401] 0.746 | +0.031 [-0.240,+0.302] 0.589 | +0.095 [-0.110,+0.293] 0.816 | +0.069 [-0.134,+0.272] 0.736 | +0.646 [+0.282,+0.973] 1.000 | ΔS +0.18 Δturn -1.6% DD 1752/1475
F2  s42    n=12291 | +0.051 [-0.104,+0.206] 0.726 | +0.115 [-0.026,+0.259] 0.946 | +0.007 [-0.053,+0.069] 0.601 | +0.071 [-0.038,+0.186] 0.896 | +0.028 [-0.086,+0.149] 0.666 | +0.036 [-0.018,+0.094] 0.906 | +0.055 [-0.032,+0.135] 0.911 | +0.057 [+0.005,+0.115] 0.981 | ΔS +0.06 Δturn -0.0% DD 3054/3004
F2  s2027  n=12291 | +0.051 [-0.106,+0.202] 0.737 | +0.125 [-0.019,+0.269] 0.956 | +0.021 [-0.049,+0.093] 0.734 | +0.041 [-0.078,+0.171] 0.757 | +0.028 [-0.067,+0.118] 0.697 | +0.030 [-0.028,+0.085] 0.849 | +0.036 [-0.041,+0.118] 0.822 | +0.055 [-0.001,+0.110] 0.972 | ΔS +0.05 Δturn -0.1% DD 3073/3012
F3  s42    n=12291 | +1.579 [-0.254,+3.130] 0.960 | +1.098 [+0.081,+2.100] 0.986 | +0.166 [-0.239,+0.581] 0.796 | +0.064 [-0.256,+0.388] 0.662 | -0.017 [-0.238,+0.212] 0.451 | +0.084 [-0.122,+0.299] 0.789 | +0.033 [-0.199,+0.250] 0.623 | +0.627 [+0.193,+1.064] 0.998 | ΔS +0.13 Δturn +0.9% DD 1311/1176
F3  s2027  n=12291 | +1.579 [-0.222,+3.158] 0.961 | +1.137 [+0.201,+2.095] 0.993 | +0.127 [-0.282,+0.547] 0.722 | +0.148 [-0.168,+0.471] 0.825 | +0.021 [-0.243,+0.286] 0.570 | +0.110 [-0.091,+0.310] 0.852 | +0.099 [-0.107,+0.322] 0.826 | +0.650 [+0.206,+1.067] 0.997 | ΔS +0.18 Δturn +0.5% DD 1257/1117
σ_fund net_ex log F1 s42: cuts [5.328, 13.769] low: n 1915 pin -0.025 hist -0.007 Δ +0.018 [-0.243,+0.264] | mid: n 1914 pin +1.476 hist +1.587 Δ +0.111 [-0.119,+0.353] | high: n 1914 pin +0.700 hist +0.607 Δ -0.093 [-0.314,+0.127]
σ_fund net_ex log F2 s42: cuts [5.328, 13.769] low: n 1915 pin -0.817 hist -0.807 Δ +0.009 [-0.039,+0.057] | mid: n 1914 pin +0.332 hist +0.365 Δ +0.033 [-0.019,+0.085] | high: n 1914 pin +2.065 hist +2.066 Δ +0.001 [-0.071,+0.073]
σ_fund net_ex log F2 s2027: cuts [5.328, 13.769] low: n 1915 pin -0.813 hist -0.809 Δ +0.004 [-0.037,+0.045] | mid: n 1914 pin +0.360 hist +0.395 Δ +0.035 [-0.019,+0.086] | high: n 1914 pin +2.074 hist +2.054 Δ -0.020 [-0.085,+0.044]
σ_fund net_ex log F3 s42: cuts [5.328, 13.769] low: n 1915 pin +0.068 hist +0.114 Δ +0.047 [-0.132,+0.248] | mid: n 1914 pin +0.980 hist +1.081 Δ +0.101 [-0.067,+0.256] | high: n 1914 pin +1.252 hist +1.215 Δ -0.037 [-0.187,+0.114]
σ_fund net_ex log F3 s2027: cuts [5.328, 13.769] low: n 1915 pin +0.122 hist +0.148 Δ +0.026 [-0.173,+0.224] | mid: n 1914 pin +1.036 hist +1.119 Δ +0.083 [-0.077,+0.251] | high: n 1914 pin +1.295 hist +1.258 Δ -0.037 [-0.187,+0.109]
σ_fund net_ex prod F1 s42: cuts [5.328, 13.769] low: n 1915 pin -0.210 hist -0.038 Δ +0.173 [-0.104,+0.456] | mid: n 1914 pin +1.477 hist +1.550 Δ +0.073 [-0.165,+0.299] | high: n 1914 pin +0.571 hist +0.580 Δ +0.009 [-0.203,+0.220]
σ_fund net_ex prod F2 s42: cuts [5.328, 13.769] low: n 1915 pin -0.874 hist -0.858 Δ +0.016 [-0.026,+0.056] | mid: n 1914 pin +0.260 hist +0.305 Δ +0.046 [-0.011,+0.106] | high: n 1914 pin +2.036 hist +2.055 Δ +0.018 [-0.070,+0.118]
σ_fund net_ex prod F2 s2027: cuts [5.328, 13.769] low: n 1915 pin -0.866 hist -0.853 Δ +0.013 [-0.030,+0.056] | mid: n 1914 pin +0.294 hist +0.323 Δ +0.029 [-0.030,+0.086] | high: n 1914 pin +2.045 hist +2.056 Δ +0.011 [-0.072,+0.101]
σ_fund net_ex prod F3 s42: cuts [5.328, 13.769] low: n 1915 pin +0.009 hist +0.133 Δ +0.124 [-0.080,+0.336] | mid: n 1914 pin +0.957 hist +1.018 Δ +0.061 [-0.104,+0.238] | high: n 1914 pin +1.302 hist +1.173 Δ -0.129 [-0.265,+0.008]
σ_fund net_ex prod F3 s2027: cuts [5.328, 13.769] low: n 1915 pin +0.078 hist +0.168 Δ +0.090 [-0.124,+0.302] | mid: n 1914 pin +1.006 hist +1.079 Δ +0.073 [-0.102,+0.256] | high: n 1914 pin +1.337 hist +1.236 Δ -0.101 [-0.265,+0.057]
σ_fund pg log F1 s42: cuts [5.328, 13.769] low: n 1915 pin +0.339 hist +0.408 Δ +0.069 [-0.327,+0.461] | mid: n 1914 pin +1.966 hist +2.134 Δ +0.169 [-0.176,+0.534] | high: n 1914 pin +0.998 hist +0.860 Δ -0.138 [-0.419,+0.136]
σ_fund pg log F2 s42: cuts [5.328, 13.769] low: n 1915 pin -0.834 hist -0.814 Δ +0.019 [-0.054,+0.092] | mid: n 1914 pin +0.793 hist +0.831 Δ +0.038 [-0.045,+0.121] | high: n 1914 pin +2.386 hist +2.376 Δ -0.010 [-0.102,+0.082]
σ_fund pg log F2 s2027: cuts [5.328, 13.769] low: n 1915 pin -0.850 hist -0.843 Δ +0.006 [-0.060,+0.070] | mid: n 1914 pin +0.803 hist +0.857 Δ +0.054 [-0.034,+0.140] | high: n 1914 pin +2.386 hist +2.349 Δ -0.038 [-0.123,+0.051]
σ_fund pg log F3 s42: cuts [5.328, 13.769] low: n 1915 pin +0.555 hist +0.704 Δ +0.149 [-0.252,+0.570] | mid: n 1914 pin +1.714 hist +1.978 Δ +0.264 [-0.086,+0.633] | high: n 1914 pin +1.598 hist +1.465 Δ -0.134 [-0.408,+0.128]
σ_fund pg log F3 s2027: cuts [5.328, 13.769] low: n 1915 pin +0.611 hist +0.743 Δ +0.132 [-0.265,+0.531] | mid: n 1914 pin +1.673 hist +1.905 Δ +0.232 [-0.117,+0.572] | high: n 1914 pin +1.710 hist +1.597 Δ -0.113 [-0.380,+0.143]
σ_fund pg prod F1 s42: cuts [5.328, 13.769] low: n 1915 pin +0.122 hist +0.325 Δ +0.204 [-0.169,+0.623] | mid: n 1914 pin +1.978 hist +2.099 Δ +0.121 [-0.215,+0.439] | high: n 1914 pin +0.805 hist +0.766 Δ -0.039 [-0.336,+0.236]
σ_fund pg prod F2 s42: cuts [5.328, 13.769] low: n 1915 pin -0.906 hist -0.889 Δ +0.018 [-0.045,+0.078] | mid: n 1914 pin +0.724 hist +0.796 Δ +0.072 [-0.024,+0.172] | high: n 1914 pin +2.412 hist +2.433 Δ +0.020 [-0.103,+0.143]
σ_fund pg prod F2 s2027: cuts [5.328, 13.769] low: n 1915 pin -0.920 hist -0.898 Δ +0.022 [-0.046,+0.098] | mid: n 1914 pin +0.760 hist +0.812 Δ +0.052 [-0.045,+0.148] | high: n 1914 pin +2.410 hist +2.427 Δ +0.017 [-0.100,+0.134]
σ_fund pg prod F3 s42: cuts [5.328, 13.769] low: n 1915 pin +0.529 hist +0.813 Δ +0.284 [-0.130,+0.703] | mid: n 1914 pin +1.777 hist +2.000 Δ +0.223 [-0.172,+0.601] | high: n 1914 pin +1.730 hist +1.475 Δ -0.255 [-0.529,+0.009]
σ_fund pg prod F3 s2027: cuts [5.328, 13.769] low: n 1915 pin +0.590 hist +0.833 Δ +0.243 [-0.153,+0.639] | mid: n 1914 pin +1.709 hist +1.963 Δ +0.255 [-0.114,+0.616] | high: n 1914 pin +1.843 hist +1.675 Δ -0.169 [-0.445,+0.101]

wrote results/judge_rebuild.json and results/REPORT_tables.md
a5a597c803b942cfc1feae11caa96486c85d3219c9869454a7ef0fa25242f3dd  results/REPORT_tables_NOT_ADMITTED.md
b538f14ca1898a62c7a9b4cc7f1186e7e052f44b07ce6cc197feb52ca0414226  results/judge_rebuild_NOT_ADMITTED.json
