CHAIN_START 2026-09-05T01:13:02Z pid 65205
START 01_download 2026-09-05T01:13:02Z
MANUAL_SWITCH 2026-09-05T02:01:57Z paced->fast (user ruling 2026-09-05 解除限速); killed 65205 65214 65217; relaunch run_chain.sh
CHAIN_START 2026-09-05T02:02:01Z pid 69041
START 01_download 2026-09-05T02:02:01Z
CHAIN_START 2026-09-05T02:12:55Z pid 69952
START 01_download 2026-09-05T02:12:55Z
MANUAL_SWITCH_2 2026-09-05T02:21:25Z paced->fast again (user ruling 2026-09-05 解除限速, STATE §4); killed 69952 69963 69968; relaunch run_chain.sh; DO NOT REVERT
CHAIN_START 2026-09-05T02:21:29Z pid 71684
START 01_download 2026-09-05T02:21:29Z
END 01_download rc=0 2026-09-05T02:42:09Z
START 01b_manifest 2026-09-05T02:42:09Z
END 01b_manifest rc=0 2026-09-05T02:43:04Z
START 02_cache 2026-09-05T02:43:04Z
END 02_cache rc=3 2026-09-05T02:46:04Z
CHAIN_HALT at 02_cache
CHAIN_START 2026-09-05T02:47:36Z pid 74501
skip 01_download (done)
skip 01b_manifest (done)
START 02_cache 2026-09-05T02:47:36Z
END 02_cache rc=0 2026-09-05T02:50:58Z
START 03_panel 2026-09-05T02:50:58Z
END 03_panel rc=0 2026-09-05T02:57:12Z
START 03g_G1 2026-09-05T02:57:12Z
END 03g_G1 rc=0 2026-09-05T02:59:34Z
START 04_fea 2026-09-05T02:59:34Z
END 04_fea rc=3 2026-09-05T03:03:10Z
CHAIN_HALT at 04_fea
CHAIN_START 2026-09-05T03:09:31Z pid 76009
skip 01_download (done)
skip 01b_manifest (done)
skip 02_cache (done)
skip 03_panel (done)
skip 03g_G1 (done)
START 04_fea 2026-09-05T03:09:31Z
END 04_fea rc=0 2026-09-05T03:13:31Z
START 05_king 2026-09-05T03:13:31Z
END 05_king rc=0 2026-09-05T03:14:40Z
START 05g_G4a 2026-09-05T03:14:40Z
END 05g_G4a rc=0 2026-09-05T03:15:40Z
START 06_stop_arms 2026-09-05T03:15:40Z
END 06_stop_arms rc=0 2026-09-05T03:16:18Z
START 06g_G2a 2026-09-05T03:16:18Z
END 06g_G2a rc=0 2026-09-05T03:18:04Z
START 07_targets 2026-09-05T03:18:04Z
END 07_targets rc=0 2026-09-05T03:19:22Z
START 07g_G3 2026-09-05T03:19:22Z
END 07g_G3 rc=0 2026-09-05T03:21:25Z
START 08_setup_dev 2026-09-05T03:21:25Z
END 08_setup_dev rc=0 2026-09-05T03:22:52Z
START 08_arms_g2 2026-09-05T03:22:52Z
END 08_arms_g2 rc=0 2026-09-05T03:23:19Z
START 08g_G2bc 2026-09-05T03:23:19Z
END 08g_G2bc rc=0 2026-09-05T03:23:20Z
START 09_G4b 2026-09-05T03:23:20Z
END 09_G4b rc=0 2026-09-05T03:26:23Z
START 10_G5_arms 2026-09-05T03:26:23Z
END 10_G5_arms rc=0 2026-09-05T03:27:40Z
START 11_judge 2026-09-05T03:27:40Z
END 11_judge rc=0 2026-09-05T03:27:44Z
CHAIN_DONE 2026-09-05T03:27:44Z
