arms loaded: ['A0_dyn_2027', 'A0_dyn_42', 'A0_fix_2027', 'A0_fix_42', 'A0p_dyn_2027', 'A0p_dyn_42', 'A0p_fix_2027', 'A0p_fix_42', 'A1_dyn_2027', 'A1_dyn_42', 'A1_fix_2027', 'A1_fix_42', 'A1s_dyn_2027', 'A1s_dyn_42', 'A1s_fix_2027', 'A1s_fix_42', 'A2_dyn_2027', 'A2_dyn_42', 'A2_fix_2027', 'A2_fix_42', 'A3_dyn_2027', 'A3_dyn_42', 'A3_fix_2027', 'A3_fix_42'] | missing: []
REPRO A0p dyn s42 vs RAW_M1 (frozen): +1.7778 vs +1.7778 | paired Δ +0.0000 max|Δ| 0.0000 share<1e-3 1.000 | 2026 max|Δ| 0.0000
REPRO A0p dyn s2027 vs RAW_M1 (frozen): +1.9110 vs +1.9110 | paired Δ +0.0000 max|Δ| 0.0000 share<1e-3 1.000 | 2026 max|Δ| 0.0000
REPRO A0 dyn s42 vs RAW_M1 (frozen): +1.8937 vs +1.7778 | paired Δ +0.1158 max|Δ| 39.3364 share<1e-3 0.000 | 2026 max|Δ| 19.9167
REPRO A0 dyn s2027 vs RAW_M1 (frozen): +1.8975 vs +1.9110 | paired Δ -0.0135 max|Δ| 52.7216 share<1e-3 0.001 | 2026 max|Δ| 52.7216

== LEVELS (bps/anchor per gross; annual % per gross = mean*2190/1e4; at 2.0x gross multiply by 2) ==

-- A0_dyn_2027 --
window                                 n bps/anch    Shp   ann%/g     maxDD   worst day    wd bps worst month   negM    w3k   NEG
2022                                2010  +0.0357   0.07    +0.78     864.4  2022-06-07    -566.3      202208   6/12  0.235      
2023                                2190  -0.5884  -1.75   -12.89    1530.0  2023-12-21    -123.4      202301   8/12  0.184   NEG
2024                                2196  +0.5361   1.20   +11.74    1378.8  2024-04-12    -167.4      202402   6/12  0.710      
2025                                2190  +0.8469   1.46   +18.55     905.7  2025-05-13    -245.4      202504   3/12  0.711      
2026→08-10 20Z                      1332  +3.6916   5.42   +80.85     448.5  2026-05-07    -201.5      202608   0/ 8  0.366      
frozen 2025-03-01→2026-08-10 20Z    3168  +1.8975   3.01   +41.56     905.7  2025-05-13    -245.4      202504   3/18  0.534      
2024-01→2026-08-10 20Z              5718  +1.3902   2.48   +30.44    1378.8  2025-05-13    -245.4      202504   9/32  0.630      
ext 08-11→08-30 20Z                  120  -2.8718  -3.97   -62.89     810.5  2026-08-22    -198.9      202608   1/ 1  0.323   NEG
08-31 (6)                              1 +15.4478    nan  +338.31       0.0  2026-08-31     +15.4      202608   0/ 1  0.341      
2026→08-31 20Z (all)                1453  +3.1576   4.61   +69.15     810.5  2026-05-07    -201.5      202608   1/ 8  0.362      
EXTENDED 2025-03-01→2026-08-31 20Z  3289  +1.7276   2.73   +37.83     905.7  2025-05-13    -245.4      202504   4/18  0.526      
2024-01→2026-08-31 20Z              5839  +1.3050   2.31   +28.58    1378.8  2025-05-13    -245.4      202504  10/32  0.624      

-- A0_dyn_42 --
window                                 n bps/anch    Shp   ann%/g     maxDD   worst day    wd bps worst month   negM    w3k   NEG
2022                                2010  +0.0357   0.07    +0.78     864.4  2022-06-07    -566.3      202208   6/12  0.235      
2023                                2190  -0.6248  -1.86   -13.68    1634.2  2023-12-21    -128.6      202301   8/12  0.184   NEG
2024                                2196  +0.5597   1.25   +12.26    1254.1  2024-04-12    -171.5      202404   5/12  0.710      
2025                                2190  +0.7627   1.34   +16.70     820.3  2025-05-13    -219.6      202504   3/12  0.711      
2026→08-10 20Z                      1332  +3.7313   5.50   +81.71     457.5  2026-05-07    -197.3      202608   0/ 8  0.366      
frozen 2025-03-01→2026-08-10 20Z    3168  +1.8937   3.04   +41.47     820.3  2025-05-13    -219.6      202504   3/18  0.534      
2024-01→2026-08-10 20Z              5718  +1.3763   2.47   +30.14    1254.1  2025-05-13    -219.6      202504   8/32  0.630      
ext 08-11→08-30 20Z                  120  -3.4418  -4.65   -75.38     860.8  2026-08-22    -205.4      202608   1/ 1  0.323   NEG
08-31 (6)                              1 +15.9238    nan  +348.73       0.0  2026-08-31     +15.9      202608   0/ 1  0.341      
2026→08-31 20Z (all)                1453  +3.1473   4.60   +68.92     860.8  2026-08-22    -205.4      202608   1/ 8  0.362      
EXTENDED 2025-03-01→2026-08-31 20Z  3289  +1.7033   2.72   +37.30     860.8  2025-05-13    -219.6      202504   4/18  0.526      
2024-01→2026-08-31 20Z              5839  +1.2797   2.28   +28.03    1254.1  2025-05-13    -219.6      202504   9/32  0.624      

-- A0_fix_2027 --
window                                 n bps/anch    Shp   ann%/g     maxDD   worst day    wd bps worst month   negM    w3k   NEG
2022                                2010  -0.0312  -0.07    -0.68     753.6  2022-06-07    -323.6      202208   7/12  0.210   NEG
2023                                2190  -0.5641  -1.68   -12.35    1591.2  2023-12-21    -123.4      202301   8/12  0.210   NEG
2024                                2196  -0.8004  -1.90   -17.53    2254.6  2024-12-02    -191.7      202411   7/12  0.210   NEG
2025                                2190  -0.0561  -0.11    -1.23    1114.7  2025-12-09    -210.7      202501   7/12  0.210   NEG
2026→08-10 20Z                      1332  +3.9703   5.27   +86.95     486.3  2026-05-07    -217.2      202608   0/ 8  0.210      
frozen 2025-03-01→2026-08-10 20Z    3168  +1.8328   2.87   +40.14     723.4  2026-05-07    -217.2      202506   5/18  0.210      
2024-01→2026-08-10 20Z              5718  +0.5960   1.07   +13.05    3316.5  2026-05-07    -217.2      202411  14/32  0.210      
ext 08-11→08-30 20Z                  120  -4.0113  -5.14   -87.85     940.7  2026-08-22    -213.2      202608   1/ 1  0.210   NEG
08-31 (6)                              1 +17.7282    nan  +388.25       0.0  2026-08-31     +17.7      202608   0/ 1  0.210      
2026→08-31 20Z (all)                1453  +3.3206   4.39   +72.72     940.7  2026-05-07    -217.2      202608   1/ 8  0.210      
EXTENDED 2025-03-01→2026-08-31 20Z  3289  +1.6244   2.52   +35.57     940.7  2026-05-07    -217.2      202608   6/18  0.210      
2024-01→2026-08-31 20Z              5839  +0.5043   0.90   +11.04    3316.5  2026-05-07    -217.2      202411  15/32  0.210      

-- A0_fix_42 --
window                                 n bps/anch    Shp   ann%/g     maxDD   worst day    wd bps worst month   negM    w3k   NEG
2022                                2010  -0.0312  -0.07    -0.68     753.6  2022-06-07    -323.6      202208   7/12  0.210   NEG
2023                                2190  -0.5621  -1.68   -12.31    1595.3  2023-12-21    -120.6      202301   8/12  0.210   NEG
2024                                2196  -0.7853  -1.87   -17.20    2233.1  2024-12-02    -189.6      202411   7/12  0.210   NEG
2025                                2190  -0.1143  -0.22    -2.50    1148.1  2025-12-09    -204.9      202501   7/12  0.210   NEG
2026→08-10 20Z                      1332  +4.0291   5.35   +88.24     477.8  2026-05-07    -215.2      202608   0/ 8  0.210      
frozen 2025-03-01→2026-08-10 20Z    3168  +1.8263   2.88   +40.00     721.8  2026-05-07    -215.2      202506   5/18  0.210      
2024-01→2026-08-10 20Z              5718  +0.5932   1.07   +12.99    3331.3  2026-05-07    -215.2      202411  14/32  0.210      
ext 08-11→08-30 20Z                  120  -4.1090  -5.28   -89.99     944.7  2026-08-22    -213.2      202608   1/ 1  0.210   NEG
08-31 (6)                              1 +18.0317    nan  +394.89       0.0  2026-08-31     +18.0      202608   0/ 1  0.210      
2026→08-31 20Z (all)                1453  +3.3666   4.46   +73.73     944.7  2026-05-07    -215.2      202608   1/ 8  0.210      
EXTENDED 2025-03-01→2026-08-31 20Z  3289  +1.6147   2.52   +35.36     944.7  2026-05-07    -215.2      202608   6/18  0.210      
2024-01→2026-08-31 20Z              5839  +0.4995   0.89   +10.94    3331.3  2026-05-07    -215.2      202411  15/32  0.210      

-- A0p_dyn_2027 --
window                                 n bps/anch    Shp   ann%/g     maxDD   worst day    wd bps worst month   negM    w3k   NEG
2022                                2010  +0.0357   0.07    +0.78     864.4  2022-06-07    -566.3      202208   6/12  0.235      
2023                                2190  -0.6013  -1.79   -13.17    1551.4  2023-12-21    -121.3      202301   8/12  0.184   NEG
2024                                2196  +0.5900   1.32   +12.92    1276.4  2024-04-12    -167.1      202402   6/12  0.710      
2025                                2190  +0.8434   1.43   +18.47     950.1  2025-05-13    -249.0      202504   3/12  0.711      
2026→08-10 20Z                      1332  +3.7002   5.47   +81.03     436.9  2026-05-07    -202.0      202608   0/ 8  0.366      
frozen 2025-03-01→2026-08-10 20Z    3168  +1.9110   3.02   +41.85     950.1  2025-05-13    -249.0      202504   3/18  0.534      
2024-01→2026-08-10 20Z              5718  +1.4116   2.51   +30.91    1276.4  2025-05-13    -249.0      202504   9/32  0.630      
ext 08-11→08-30 20Z                  120  -3.5383  -4.48   -77.49     946.9  2026-08-22    -205.9      202608   1/ 1  0.323   NEG
08-31 (6)                              1 +16.0766    nan  +352.08       0.0  2026-08-31     +16.1      202608   0/ 1  0.341      
2026→08-31 20Z (all)                1453  +3.1109   4.52   +68.13     946.9  2026-08-22    -205.9      202608   1/ 8  0.362      
EXTENDED 2025-03-01→2026-08-31 20Z  3289  +1.7165   2.68   +37.59     950.1  2025-05-13    -249.0      202504   4/18  0.526      
2024-01→2026-08-31 20Z              5839  +1.3124   2.31   +28.74    1276.4  2025-05-13    -249.0      202504  10/32  0.624      

-- A0p_dyn_42 --
window                                 n bps/anch    Shp   ann%/g     maxDD   worst day    wd bps worst month   negM    w3k   NEG
2022                                2010  +0.0357   0.07    +0.78     864.4  2022-06-07    -566.3      202208   6/12  0.235      
2023                                2190  -0.6208  -1.85   -13.60    1628.4  2023-12-21    -126.0      202301   8/12  0.184   NEG
2024                                2196  +0.5679   1.27   +12.44    1232.2  2024-04-12    -171.5      202404   5/12  0.710      
2025                                2190  +0.6640   1.13   +14.54    1148.2  2025-04-30    -247.8      202504   3/12  0.711      
2026→08-10 20Z                      1332  +3.6852   5.44   +80.71     462.1  2026-05-07    -199.3      202608   0/ 8  0.366      
frozen 2025-03-01→2026-08-10 20Z    3168  +1.7778   2.81   +38.93    1148.2  2025-04-30    -247.8      202504   3/18  0.534      
2024-01→2026-08-10 20Z              5718  +1.3309   2.37   +29.15    1232.2  2025-04-30    -247.8      202504   8/32  0.630      
ext 08-11→08-30 20Z                  120  -3.7910  -4.81   -83.02     946.2  2026-08-22    -205.7      202608   1/ 1  0.323   NEG
08-31 (6)                              1 +15.8530    nan  +347.18       0.0  2026-08-31     +15.9      202608   0/ 1  0.341      
2026→08-31 20Z (all)                1453  +3.0762   4.47   +67.37     946.2  2026-08-22    -205.7      202608   1/ 8  0.362      
EXTENDED 2025-03-01→2026-08-31 20Z  3289  +1.5789   2.47   +34.58    1148.2  2025-04-30    -247.8      202504   4/18  0.526      
2024-01→2026-08-31 20Z              5839  +1.2281   2.16   +26.90    1232.2  2025-04-30    -247.8      202504   9/32  0.624      

-- A0p_fix_2027 --
window                                 n bps/anch    Shp   ann%/g     maxDD   worst day    wd bps worst month   negM    w3k   NEG
2022                                2010  -0.0312  -0.07    -0.68     753.6  2022-06-07    -323.6      202208   7/12  0.210   NEG
2023                                2190  -0.5547  -1.66   -12.15    1584.5  2023-12-21    -123.2      202301   8/12  0.210   NEG
2024                                2196  -0.8104  -1.92   -17.75    2279.9  2024-12-02    -191.5      202411   7/12  0.210   NEG
2025                                2190  -0.0496  -0.09    -1.09    1106.4  2025-12-09    -210.5      202501   7/12  0.210   NEG
2026→08-10 20Z                      1332  +3.9792   5.29   +87.14     476.7  2026-05-07    -217.9      202608   0/ 8  0.210      
frozen 2025-03-01→2026-08-10 20Z    3168  +1.8386   2.89   +40.26     723.6  2026-05-07    -217.9      202506   5/18  0.210      
2024-01→2026-08-10 20Z              5718  +0.5967   1.07   +13.07    3334.2  2026-05-07    -217.9      202411  14/32  0.210      
ext 08-11→08-30 20Z                  120  -4.0180  -4.97   -87.99     972.8  2026-08-22    -209.5      202608   1/ 1  0.210   NEG
08-31 (6)                              1 +18.1432    nan  +397.34       0.0  2026-08-31     +18.1      202608   0/ 1  0.210      
2026→08-31 20Z (all)                1453  +3.3285   4.39   +72.89     972.8  2026-05-07    -217.9      202608   1/ 8  0.210      
EXTENDED 2025-03-01→2026-08-31 20Z  3289  +1.6298   2.53   +35.69     972.8  2026-05-07    -217.9      202608   6/18  0.210      
2024-01→2026-08-31 20Z              5839  +0.5049   0.90   +11.06    3334.2  2026-05-07    -217.9      202411  15/32  0.210      

-- A0p_fix_42 --
window                                 n bps/anch    Shp   ann%/g     maxDD   worst day    wd bps worst month   negM    w3k   NEG
2022                                2010  -0.0312  -0.07    -0.68     753.6  2022-06-07    -323.6      202208   7/12  0.210   NEG
2023                                2190  -0.5666  -1.70   -12.41    1602.6  2023-12-21    -120.8      202301   8/12  0.210   NEG
2024                                2196  -0.7902  -1.87   -17.31    2218.5  2024-12-02    -191.4      202411   7/12  0.210   NEG
2025                                2190  -0.0946  -0.18    -2.07    1175.5  2025-12-09    -206.0      202501   7/12  0.210   NEG
2026→08-10 20Z                      1332  +4.0843   5.41   +89.45     481.0  2026-05-07    -217.0      202608   0/ 8  0.210      
frozen 2025-03-01→2026-08-10 20Z    3168  +1.8543   2.91   +40.61     783.7  2026-05-07    -217.0      202506   5/18  0.210      
2024-01→2026-08-10 20Z              5718  +0.6117   1.10   +13.40    3346.4  2026-05-07    -217.0      202411  14/32  0.210      
ext 08-11→08-30 20Z                  120  -4.1156  -5.07   -90.13     977.0  2026-08-22    -210.7      202608   1/ 1  0.210   NEG
08-31 (6)                              1 +18.1123    nan  +396.66       0.0  2026-08-31     +18.1      202608   0/ 1  0.210      
2026→08-31 20Z (all)                1453  +3.4167   4.49   +74.83     977.0  2026-05-07    -217.0      202608   1/ 8  0.210      
EXTENDED 2025-03-01→2026-08-31 20Z  3289  +1.6415   2.55   +35.95     977.0  2026-05-07    -217.0      202608   6/18  0.210      
2024-01→2026-08-31 20Z              5839  +0.5176   0.92   +11.33    3346.4  2026-05-07    -217.0      202411  15/32  0.210      

-- A1_dyn_2027 --
window                                 n bps/anch    Shp   ann%/g     maxDD   worst day    wd bps worst month   negM    w3k   NEG
2022                                2010  +0.0357   0.07    +0.78     864.4  2022-06-07    -566.3      202208   6/12  0.235      
2023                                2190  -0.5884  -1.75   -12.89    1530.0  2023-12-21    -123.4      202301   8/12  0.184   NEG
2024                                2196  +0.7267   1.48   +15.91     934.5  2024-08-05    -149.0      202402   5/12  0.849      
2025                                2190  +0.8444   1.46   +18.49     892.0  2025-05-13    -243.6      202504   3/12  0.692      
2026→08-10 20Z                      1332  +3.8324   5.31   +83.93     456.7  2026-05-07    -207.0      202608   0/ 8  0.277      
frozen 2025-03-01→2026-08-10 20Z    3168  +1.9453   2.99   +42.60     892.0  2025-05-13    -243.6      202504   3/18  0.483      
2024-01→2026-08-10 20Z              5718  +1.4953   2.55   +32.75     934.5  2025-05-13    -243.6      202504   8/32  0.656      
ext 08-11→08-30 20Z                  120  -3.6138  -4.80   -79.14     887.1  2026-08-22    -201.8      202608   1/ 1  0.308   NEG
08-31 (6)                              1 +18.9999    nan  +416.10       0.0  2026-08-31     +19.0      202608   0/ 1  0.323      
2026→08-31 20Z (all)                1453  +3.2279   4.45   +70.69     887.1  2026-05-07    -207.0      202608   1/ 8  0.280      
EXTENDED 2025-03-01→2026-08-31 20Z  3289  +1.7477   2.67   +38.27     892.0  2025-05-13    -243.6      202504   4/18  0.477      
2024-01→2026-08-31 20Z              5839  +1.3933   2.36   +30.51     934.5  2025-05-13    -243.6      202504   9/32  0.648      

-- A1_dyn_42 --
window                                 n bps/anch    Shp   ann%/g     maxDD   worst day    wd bps worst month   negM    w3k   NEG
2022                                2010  +0.0357   0.07    +0.78     864.4  2022-06-07    -566.3      202208   6/12  0.235      
2023                                2190  -0.6248  -1.86   -13.68    1634.2  2023-12-21    -128.6      202301   8/12  0.184   NEG
2024                                2196  +0.7268   1.48   +15.92     791.3  2024-07-15    -152.0      202407   5/12  0.849      
2025                                2190  +0.7997   1.39   +17.51     851.0  2025-04-30    -239.6      202504   2/12  0.692      
2026→08-10 20Z                      1332  +3.8101   5.24   +83.44     470.6  2026-05-07    -212.5      202608   0/ 8  0.277      
frozen 2025-03-01→2026-08-10 20Z    3168  +1.9542   3.02   +42.80     851.0  2025-04-30    -239.6      202504   2/18  0.483      
2024-01→2026-08-10 20Z              5718  +1.4730   2.52   +32.26     851.0  2025-04-30    -239.6      202504   7/32  0.656      
ext 08-11→08-30 20Z                  120  -3.6398  -4.76   -79.71     901.0  2026-08-22    -200.8      202608   1/ 1  0.308   NEG
08-31 (6)                              1 +22.3039    nan  +488.45       0.0  2026-08-31     +22.3      202608   0/ 1  0.323      
2026→08-31 20Z (all)                1453  +3.2075   4.39   +70.25     901.0  2026-05-07    -212.5      202608   1/ 8  0.280      
EXTENDED 2025-03-01→2026-08-31 20Z  3289  +1.7563   2.69   +38.46     901.0  2025-04-30    -239.6      202504   3/18  0.477      
2024-01→2026-08-31 20Z              5839  +1.3715   2.33   +30.04     901.0  2025-04-30    -239.6      202504   8/32  0.648      

-- A1_fix_2027 --
window                                 n bps/anch    Shp   ann%/g     maxDD   worst day    wd bps worst month   negM    w3k   NEG
2022                                2010  -0.0312  -0.07    -0.68     753.6  2022-06-07    -323.6      202208   7/12  0.210   NEG
2023                                2190  -0.5641  -1.68   -12.35    1591.2  2023-12-21    -123.4      202301   8/12  0.210   NEG
2024                                2196  -0.7904  -1.88   -17.31    2190.8  2024-12-02    -195.9      202411   7/12  0.210   NEG
2025                                2190  -0.0933  -0.18    -2.04    1087.3  2025-12-09    -203.0      202501   7/12  0.210   NEG
2026→08-10 20Z                      1332  +4.0329   5.38   +88.32     528.1  2026-05-07    -234.8      202608   0/ 8  0.210      
frozen 2025-03-01→2026-08-10 20Z    3168  +1.8225   2.87   +39.91     736.4  2026-05-07    -234.8      202506   5/18  0.210      
2024-01→2026-08-10 20Z              5718  +0.6001   1.08   +13.14    3220.2  2026-05-07    -234.8      202411  14/32  0.210      
ext 08-11→08-30 20Z                  120  -4.0666  -5.23   -89.06     930.9  2026-08-22    -207.1      202608   1/ 1  0.210   NEG
08-31 (6)                              1 +21.2747    nan  +465.92       0.0  2026-08-31     +21.3      202608   0/ 1  0.210      
2026→08-31 20Z (all)                1453  +3.3758   4.48   +73.93     935.2  2026-05-07    -234.8      202608   1/ 8  0.210      
EXTENDED 2025-03-01→2026-08-31 20Z  3289  +1.6136   2.52   +35.34     935.2  2026-05-07    -234.8      202608   6/18  0.210      
2024-01→2026-08-31 20Z              5839  +0.5078   0.91   +11.12    3220.2  2026-05-07    -234.8      202411  15/32  0.210      

-- A1_fix_42 --
window                                 n bps/anch    Shp   ann%/g     maxDD   worst day    wd bps worst month   negM    w3k   NEG
2022                                2010  -0.0312  -0.07    -0.68     753.6  2022-06-07    -323.6      202208   7/12  0.210   NEG
2023                                2190  -0.5621  -1.68   -12.31    1595.3  2023-12-21    -120.6      202301   8/12  0.210   NEG
2024                                2196  -0.7886  -1.87   -17.27    2214.6  2024-12-02    -194.6      202411   7/12  0.210   NEG
2025                                2190  -0.0719  -0.14    -1.58    1081.1  2025-12-09    -203.6      202501   7/12  0.210   NEG
2026→08-10 20Z                      1332  +4.0186   5.34   +88.01     521.4  2026-05-07    -220.8      202608   0/ 8  0.210      
frozen 2025-03-01→2026-08-10 20Z    3168  +1.8309   2.88   +40.10     713.8  2026-05-07    -220.8      202506   5/18  0.210      
2024-01→2026-08-10 20Z              5718  +0.6057   1.09   +13.27    3240.7  2026-05-07    -220.8      202411  14/32  0.210      
ext 08-11→08-30 20Z                  120  -4.2951  -5.48   -94.06     947.2  2026-08-22    -210.0      202608   1/ 1  0.210   NEG
08-31 (6)                              1 +23.3499    nan  +511.36       0.0  2026-08-31     +23.3      202608   0/ 1  0.210      
2026→08-31 20Z (all)                1453  +3.3453   4.42   +73.26     952.8  2026-05-07    -220.8      202608   1/ 8  0.210      
EXTENDED 2025-03-01→2026-08-31 20Z  3289  +1.6140   2.51   +35.35     952.8  2026-05-07    -220.8      202608   6/18  0.210      
2024-01→2026-08-31 20Z              5839  +0.5089   0.91   +11.14    3240.7  2026-05-07    -220.8      202411  15/32  0.210      

-- A1s_dyn_2027 --
window                                 n bps/anch    Shp   ann%/g     maxDD   worst day    wd bps worst month   negM    w3k   NEG
2022                                2010  +0.0357   0.07    +0.78     864.4  2022-06-07    -566.3      202208   6/12  0.235      
2023                                2190  -0.5884  -1.75   -12.89    1530.0  2023-12-21    -123.4      202301   8/12  0.184   NEG
2024                                2196  +0.7267   1.48   +15.91     934.5  2024-08-05    -149.0      202402   5/12  0.849      
2025                                2190  +0.8172   1.41   +17.90     878.3  2025-05-13    -243.5      202504   3/12  0.692      
2026→08-10 20Z                      1332  +3.8693   5.34   +84.74     457.7  2026-05-07    -207.7      202608   0/ 8  0.277      
frozen 2025-03-01→2026-08-10 20Z    3168  +1.9539   3.00   +42.79     878.3  2025-05-13    -243.5      202504   3/18  0.483      
2024-01→2026-08-10 20Z              5718  +1.4934   2.55   +32.71     934.5  2025-05-13    -243.5      202504   8/32  0.656      
ext 08-11→08-30 20Z                  120  -3.5193  -4.68   -77.07     882.3  2026-08-22    -201.3      202608   1/ 1  0.308   NEG
08-31 (6)                              1 +18.8791    nan  +413.45       0.0  2026-08-31     +18.9      202608   0/ 1  0.323      
2026→08-31 20Z (all)                1453  +3.2695   4.49   +71.60     882.3  2026-05-07    -207.7      202608   1/ 8  0.280      
EXTENDED 2025-03-01→2026-08-31 20Z  3289  +1.7594   2.68   +38.53     882.3  2025-05-13    -243.5      202504   4/18  0.477      
2024-01→2026-08-31 20Z              5839  +1.3934   2.36   +30.52     934.5  2025-05-13    -243.5      202504   9/32  0.648      

-- A1s_dyn_42 --
window                                 n bps/anch    Shp   ann%/g     maxDD   worst day    wd bps worst month   negM    w3k   NEG
2022                                2010  +0.0357   0.07    +0.78     864.4  2022-06-07    -566.3      202208   6/12  0.235      
2023                                2190  -0.6248  -1.86   -13.68    1634.2  2023-12-21    -128.6      202301   8/12  0.184   NEG
2024                                2196  +0.7268   1.48   +15.92     791.3  2024-07-15    -152.0      202407   5/12  0.849      
2025                                2190  +0.8363   1.46   +18.32     832.4  2025-04-30    -234.7      202504   2/12  0.692      
2026→08-10 20Z                      1332  +3.8399   5.29   +84.09     471.7  2026-05-07    -212.0      202608   0/ 8  0.277      
frozen 2025-03-01→2026-08-10 20Z    3168  +1.9888   3.07   +43.56     832.4  2025-04-30    -234.7      202504   2/18  0.483      
2024-01→2026-08-10 20Z              5718  +1.4939   2.56   +32.72     832.4  2025-04-30    -234.7      202504   7/32  0.656      
ext 08-11→08-30 20Z                  120  -3.7224  -4.88   -81.52     900.2  2026-08-22    -206.4      202608   1/ 1  0.308   NEG
08-31 (6)                              1 +20.3237    nan  +445.09       0.0  2026-08-31     +20.3      202608   0/ 1  0.323      
2026→08-31 20Z (all)                1453  +3.2267   4.42   +70.66     900.2  2026-05-07    -212.0      202608   1/ 8  0.280      
EXTENDED 2025-03-01→2026-08-31 20Z  3289  +1.7860   2.74   +39.11     900.2  2025-04-30    -234.7      202504   3/18  0.477      
2024-01→2026-08-31 20Z              5839  +1.3900   2.36   +30.44     900.2  2025-04-30    -234.7      202504   8/32  0.648      

-- A1s_fix_2027 --
window                                 n bps/anch    Shp   ann%/g     maxDD   worst day    wd bps worst month   negM    w3k   NEG
2022                                2010  -0.0312  -0.07    -0.68     753.6  2022-06-07    -323.6      202208   7/12  0.210   NEG
2023                                2190  -0.5641  -1.68   -12.35    1591.2  2023-12-21    -123.4      202301   8/12  0.210   NEG
2024                                2196  -0.7904  -1.88   -17.31    2190.8  2024-12-02    -195.9      202411   7/12  0.210   NEG
2025                                2190  -0.0879  -0.17    -1.93    1088.4  2025-12-09    -201.6      202501   7/12  0.210   NEG
2026→08-10 20Z                      1332  +3.9940   5.32   +87.47     525.5  2026-05-07    -234.3      202608   0/ 8  0.210      
frozen 2025-03-01→2026-08-10 20Z    3168  +1.8155   2.86   +39.76     720.9  2026-05-07    -234.3      202506   5/18  0.210      
2024-01→2026-08-10 20Z              5718  +0.5931   1.07   +12.99    3221.7  2026-05-07    -234.3      202411  14/32  0.210      
ext 08-11→08-30 20Z                  120  -4.0672  -5.22   -89.07     931.5  2026-08-22    -207.6      202608   1/ 1  0.210   NEG
08-31 (6)                              1 +21.3094    nan  +466.68       0.0  2026-08-31     +21.3      202608   0/ 1  0.210      
2026→08-31 20Z (all)                1453  +3.3402   4.43   +73.15     942.0  2026-05-07    -234.3      202608   1/ 8  0.210      
EXTENDED 2025-03-01→2026-08-31 20Z  3289  +1.6068   2.51   +35.19     942.0  2026-05-07    -234.3      202608   6/18  0.210      
2024-01→2026-08-31 20Z              5839  +0.5009   0.89   +10.97    3221.7  2026-05-07    -234.3      202411  15/32  0.210      

-- A1s_fix_42 --
window                                 n bps/anch    Shp   ann%/g     maxDD   worst day    wd bps worst month   negM    w3k   NEG
2022                                2010  -0.0312  -0.07    -0.68     753.6  2022-06-07    -323.6      202208   7/12  0.210   NEG
2023                                2190  -0.5621  -1.68   -12.31    1595.3  2023-12-21    -120.6      202301   8/12  0.210   NEG
2024                                2196  -0.7886  -1.87   -17.27    2214.6  2024-12-02    -194.6      202411   7/12  0.210   NEG
2025                                2190  -0.0521  -0.10    -1.14    1084.0  2025-12-09    -205.6      202501   7/12  0.210   NEG
2026→08-10 20Z                      1332  +4.0048   5.33   +87.71     517.7  2026-05-07    -221.1      202608   0/ 8  0.210      
frozen 2025-03-01→2026-08-10 20Z    3168  +1.8427   2.89   +40.35     710.7  2026-05-07    -221.1      202506   5/18  0.210      
2024-01→2026-08-10 20Z              5718  +0.6101   1.10   +13.36    3243.8  2026-05-07    -221.1      202411  14/32  0.210      
ext 08-11→08-30 20Z                  120  -4.2154  -5.39   -92.32     940.2  2026-08-22    -208.4      202608   1/ 1  0.210   NEG
08-31 (6)                              1 +22.5126    nan  +493.03       0.0  2026-08-31     +22.5      202608   0/ 1  0.210      
2026→08-31 20Z (all)                1453  +3.3386   4.42   +73.12     944.6  2026-05-07    -221.1      202608   1/ 8  0.210      
EXTENDED 2025-03-01→2026-08-31 20Z  3289  +1.6279   2.53   +35.65     944.6  2026-05-07    -221.1      202608   6/18  0.210      
2024-01→2026-08-31 20Z              5839  +0.5147   0.91   +11.27    3243.8  2026-05-07    -221.1      202411  15/32  0.210      

-- A2_dyn_2027 --
window                                 n bps/anch    Shp   ann%/g     maxDD   worst day    wd bps worst month   negM    w3k   NEG
2022                                2010  +0.0357   0.07    +0.78     864.4  2022-06-07    -566.3      202208   6/12  0.235      
2023                                2190  -0.5884  -1.75   -12.89    1530.0  2023-12-21    -123.4      202301   8/12  0.184   NEG
2024                                2196  +0.7267   1.48   +15.91     934.5  2024-08-05    -149.0      202402   5/12  0.849      
2025                                2190  +0.7962   1.36   +17.44     916.6  2025-05-13    -241.2      202504   3/12  0.692      
2026→08-10 20Z                      1332  +3.8076   5.28   +83.39     459.8  2026-05-07    -208.5      202608   0/ 8  0.277      
frozen 2025-03-01→2026-08-10 20Z    3168  +1.9118   2.93   +41.87     916.6  2025-05-13    -241.2      202504   3/18  0.483      
2024-01→2026-08-10 20Z              5718  +1.4710   2.50   +32.22     934.5  2025-05-13    -241.2      202504   8/32  0.656      
ext 08-11→08-30 20Z                  120  -3.4328  -4.59   -75.18     874.1  2026-08-22    -200.7      202608   1/ 1  0.308   NEG
08-31 (6)                              1 +16.9984    nan  +372.27       0.0  2026-08-31     +17.0      202608   0/ 1  0.323      
2026→08-31 20Z (all)                1453  +3.2188   4.44   +70.49     874.1  2026-05-07    -208.5      202608   1/ 8  0.280      
EXTENDED 2025-03-01→2026-08-31 20Z  3289  +1.7214   2.62   +37.70     916.6  2025-05-13    -241.2      202504   4/18  0.477      
2024-01→2026-08-31 20Z              5839  +1.3729   2.32   +30.07     934.5  2025-05-13    -241.2      202504   9/32  0.648      

-- A2_dyn_42 --
window                                 n bps/anch    Shp   ann%/g     maxDD   worst day    wd bps worst month   negM    w3k   NEG
2022                                2010  +0.0357   0.07    +0.78     864.4  2022-06-07    -566.3      202208   6/12  0.235      
2023                                2190  -0.6248  -1.86   -13.68    1634.2  2023-12-21    -128.6      202301   8/12  0.184   NEG
2024                                2196  +0.7268   1.48   +15.92     791.3  2024-07-15    -152.0      202407   5/12  0.849      
2025                                2190  +0.8385   1.46   +18.36     845.2  2025-04-30    -235.0      202504   2/12  0.692      
2026→08-10 20Z                      1332  +3.8046   5.26   +83.32     462.6  2026-05-07    -212.9      202608   0/ 8  0.277      
frozen 2025-03-01→2026-08-10 20Z    3168  +1.9763   3.06   +43.28     845.2  2025-04-30    -235.0      202504   2/18  0.483      
2024-01→2026-08-10 20Z              5718  +1.4865   2.55   +32.56     845.2  2025-04-30    -235.0      202504   7/32  0.656      
ext 08-11→08-30 20Z                  120  -3.6146  -4.78   -79.16     896.8  2026-08-22    -205.4      202608   1/ 1  0.308   NEG
08-31 (6)                              1 +19.9404    nan  +436.70       0.0  2026-08-31     +19.9      202608   0/ 1  0.323      
2026→08-31 20Z (all)                1453  +3.2029   4.41   +70.14     896.8  2026-05-07    -212.9      202608   1/ 8  0.280      
EXTENDED 2025-03-01→2026-08-31 20Z  3289  +1.7777   2.73   +38.93     896.8  2025-04-30    -235.0      202504   3/18  0.477      
2024-01→2026-08-31 20Z              5839  +1.3849   2.35   +30.33     896.8  2025-04-30    -235.0      202504   8/32  0.648      

-- A2_fix_2027 --
window                                 n bps/anch    Shp   ann%/g     maxDD   worst day    wd bps worst month   negM    w3k   NEG
2022                                2010  -0.0312  -0.07    -0.68     753.6  2022-06-07    -323.6      202208   7/12  0.210   NEG
2023                                2190  -0.5641  -1.68   -12.35    1591.2  2023-12-21    -123.4      202301   8/12  0.210   NEG
2024                                2196  -0.7904  -1.88   -17.31    2190.8  2024-12-02    -195.9      202411   7/12  0.210   NEG
2025                                2190  -0.0964  -0.18    -2.11    1103.5  2025-12-09    -202.2      202501   7/12  0.210   NEG
2026→08-10 20Z                      1332  +4.0372   5.39   +88.41     527.5  2026-05-07    -235.2      202608   0/ 8  0.210      
frozen 2025-03-01→2026-08-10 20Z    3168  +1.8272   2.88   +40.01     739.5  2026-05-07    -235.2      202506   5/18  0.210      
2024-01→2026-08-10 20Z              5718  +0.6000   1.08   +13.14    3236.6  2026-05-07    -235.2      202411  14/32  0.210      
ext 08-11→08-30 20Z                  120  -4.2312  -5.46   -92.66     937.1  2026-08-22    -206.1      202608   1/ 1  0.210   NEG
08-31 (6)                              1 +20.2924    nan  +444.40       0.0  2026-08-31     +20.3      202608   0/ 1  0.210      
2026→08-31 20Z (all)                1453  +3.3655   4.47   +73.70     954.0  2026-05-07    -235.2      202608   1/ 8  0.210      
EXTENDED 2025-03-01→2026-08-31 20Z  3289  +1.6117   2.52   +35.30     954.0  2026-05-07    -235.2      202608   6/18  0.210      
2024-01→2026-08-31 20Z              5839  +0.5041   0.90   +11.04    3236.6  2026-05-07    -235.2      202411  15/32  0.210      

-- A2_fix_42 --
window                                 n bps/anch    Shp   ann%/g     maxDD   worst day    wd bps worst month   negM    w3k   NEG
2022                                2010  -0.0312  -0.07    -0.68     753.6  2022-06-07    -323.6      202208   7/12  0.210   NEG
2023                                2190  -0.5621  -1.68   -12.31    1595.3  2023-12-21    -120.6      202301   8/12  0.210   NEG
2024                                2196  -0.7886  -1.87   -17.27    2214.6  2024-12-02    -194.6      202411   7/12  0.210   NEG
2025                                2190  -0.0696  -0.13    -1.52    1085.3  2025-12-09    -204.6      202501   7/12  0.210   NEG
2026→08-10 20Z                      1332  +4.0103   5.35   +87.83     518.0  2026-05-07    -221.8      202608   0/ 8  0.210      
frozen 2025-03-01→2026-08-10 20Z    3168  +1.8334   2.88   +40.15     711.4  2026-05-07    -221.8      202506   5/18  0.210      
2024-01→2026-08-10 20Z              5718  +0.6047   1.09   +13.24    3245.3  2026-05-07    -221.8      202411  14/32  0.210      
ext 08-11→08-30 20Z                  120  -4.2189  -5.41   -92.39     943.7  2026-08-22    -209.6      202608   1/ 1  0.210   NEG
08-31 (6)                              1 +21.3026    nan  +466.53       0.0  2026-08-31     +21.3      202608   0/ 1  0.210      
2026→08-31 20Z (all)                1453  +3.3426   4.43   +73.20     959.7  2026-05-07    -221.8      202608   1/ 8  0.210      
EXTENDED 2025-03-01→2026-08-31 20Z  3289  +1.6185   2.52   +35.44     959.7  2026-05-07    -221.8      202608   6/18  0.210      
2024-01→2026-08-31 20Z              5839  +0.5091   0.91   +11.15    3245.3  2026-05-07    -221.8      202411  15/32  0.210      

-- A3_dyn_2027 --
window                                 n bps/anch    Shp   ann%/g     maxDD   worst day    wd bps worst month   negM    w3k   NEG
2022                                2010  +0.0357   0.07    +0.78     864.4  2022-06-07    -566.3      202208   6/12  0.235      
2023                                2190  -0.5884  -1.75   -12.89    1530.0  2023-12-21    -123.4      202301   8/12  0.184   NEG
2024                                2196  +0.7267   1.48   +15.91     934.5  2024-08-05    -149.0      202402   5/12  0.849      
2025                                2190  +0.8441   1.44   +18.49     936.2  2025-04-30    -239.1      202504   2/12  0.692      
2026→08-10 20Z                      1332  +3.8467   5.36   +84.24     472.4  2026-05-07    -207.3      202608   0/ 8  0.277      
frozen 2025-03-01→2026-08-10 20Z    3168  +1.9783   3.04   +43.32     936.2  2025-04-30    -239.1      202504   2/18  0.483      
2024-01→2026-08-10 20Z              5718  +1.4985   2.55   +32.82     936.2  2025-04-30    -239.1      202504   7/32  0.656      
ext 08-11→08-30 20Z                  120  -3.0750  -4.14   -67.34     827.6  2026-08-22    -194.9      202608   1/ 1  0.308   NEG
08-31 (6)                              1 +19.3516    nan  +423.80       0.0  2026-08-31     +19.4      202608   0/ 1  0.323      
2026→08-31 20Z (all)                1453  +3.2857   4.56   +71.96     827.6  2026-05-07    -207.3      202608   1/ 8  0.280      
EXTENDED 2025-03-01→2026-08-31 20Z  3289  +1.7992   2.75   +39.40     936.2  2025-04-30    -239.1      202504   3/18  0.477      
2024-01→2026-08-31 20Z              5839  +1.4075   2.38   +30.82     936.2  2025-04-30    -239.1      202504   8/32  0.648      

-- A3_dyn_42 --
window                                 n bps/anch    Shp   ann%/g     maxDD   worst day    wd bps worst month   negM    w3k   NEG
2022                                2010  +0.0357   0.07    +0.78     864.4  2022-06-07    -566.3      202208   6/12  0.235      
2023                                2190  -0.6248  -1.86   -13.68    1634.2  2023-12-21    -128.6      202301   8/12  0.184   NEG
2024                                2196  +0.7268   1.48   +15.92     791.3  2024-07-15    -152.0      202407   5/12  0.849      
2025                                2190  +0.7706   1.34   +16.88     887.6  2025-04-30    -248.8      202504   2/12  0.692      
2026→08-10 20Z                      1332  +3.7648   5.23   +82.45     464.3  2026-05-07    -205.0      202608   0/ 8  0.277      
frozen 2025-03-01→2026-08-10 20Z    3168  +1.9088   2.96   +41.80     887.6  2025-04-30    -248.8      202504   2/18  0.483      
2024-01→2026-08-10 20Z              5718  +1.4513   2.49   +31.78     887.6  2025-04-30    -248.8      202504   7/32  0.656      
ext 08-11→08-30 20Z                  120  -3.4277  -4.58   -75.07     859.3  2026-08-22    -200.7      202608   1/ 1  0.308   NEG
08-31 (6)                              1 +19.6468    nan  +430.27       0.0  2026-08-31     +19.6      202608   0/ 1  0.323      
2026→08-31 20Z (all)                1453  +3.1817   4.40   +69.68     859.3  2026-05-07    -205.0      202608   1/ 8  0.280      
EXTENDED 2025-03-01→2026-08-31 20Z  3289  +1.7195   2.65   +37.66     887.6  2025-04-30    -248.8      202504   3/18  0.477      
2024-01→2026-08-31 20Z              5839  +1.3541   2.31   +29.66     887.6  2025-04-30    -248.8      202504   8/32  0.648      

-- A3_fix_2027 --
window                                 n bps/anch    Shp   ann%/g     maxDD   worst day    wd bps worst month   negM    w3k   NEG
2022                                2010  -0.0312  -0.07    -0.68     753.6  2022-06-07    -323.6      202208   7/12  0.210   NEG
2023                                2190  -0.5641  -1.68   -12.35    1591.2  2023-12-21    -123.4      202301   8/12  0.210   NEG
2024                                2196  -0.7904  -1.88   -17.31    2190.8  2024-12-02    -195.9      202411   7/12  0.210   NEG
2025                                2190  -0.0496  -0.09    -1.09    1077.0  2025-12-09    -207.9      202501   7/12  0.210   NEG
2026→08-10 20Z                      1332  +3.9844   5.32   +87.26     522.9  2026-05-07    -219.6      202608   0/ 8  0.210      
frozen 2025-03-01→2026-08-10 20Z    3168  +1.8339   2.89   +40.16     722.1  2026-05-07    -219.6      202506   5/18  0.210      
2024-01→2026-08-10 20Z              5718  +0.6056   1.09   +13.26    3211.7  2026-05-07    -219.6      202411  14/32  0.210      
ext 08-11→08-30 20Z                  120  -3.8888  -5.00   -85.16     920.1  2026-08-22    -205.7      202608   1/ 1  0.210   NEG
08-31 (6)                              1 +20.5809    nan  +450.72       0.0  2026-08-31     +20.6      202608   0/ 1  0.210      
2026→08-31 20Z (all)                1453  +3.3456   4.44   +73.27     928.3  2026-05-07    -219.6      202608   1/ 8  0.210      
EXTENDED 2025-03-01→2026-08-31 20Z  3289  +1.6308   2.54   +35.71     928.3  2026-05-07    -219.6      202608   6/18  0.210      
2024-01→2026-08-31 20Z              5839  +0.5167   0.92   +11.31    3211.7  2026-05-07    -219.6      202411  15/32  0.210      

-- A3_fix_42 --
window                                 n bps/anch    Shp   ann%/g     maxDD   worst day    wd bps worst month   negM    w3k   NEG
2022                                2010  -0.0312  -0.07    -0.68     753.6  2022-06-07    -323.6      202208   7/12  0.210   NEG
2023                                2190  -0.5621  -1.68   -12.31    1595.3  2023-12-21    -120.6      202301   8/12  0.210   NEG
2024                                2196  -0.7886  -1.87   -17.27    2214.6  2024-12-02    -194.6      202411   7/12  0.210   NEG
2025                                2190  -0.1007  -0.19    -2.21    1136.2  2025-12-09    -199.6      202501   7/12  0.210   NEG
2026→08-10 20Z                      1332  +3.9877   5.32   +87.33     527.8  2026-05-07    -230.9      202608   0/ 8  0.210      
frozen 2025-03-01→2026-08-10 20Z    3168  +1.8077   2.86   +39.59     750.4  2026-05-07    -230.9      202506   5/18  0.210      
2024-01→2026-08-10 20Z              5718  +0.5875   1.06   +12.87    3296.5  2026-05-07    -230.9      202411  14/32  0.210      
ext 08-11→08-30 20Z                  120  -4.1476  -5.34   -90.83     929.2  2026-08-22    -208.0      202608   1/ 1  0.210   NEG
08-31 (6)                              1 +21.1460    nan  +463.10       0.0  2026-08-31     +21.1      202608   0/ 1  0.210      
2026→08-31 20Z (all)                1453  +3.3276   4.42   +72.87     963.0  2026-05-07    -230.9      202608   1/ 8  0.210      
EXTENDED 2025-03-01→2026-08-31 20Z  3289  +1.5963   2.50   +34.96     963.0  2026-05-07    -230.9      202608   6/18  0.210      
2024-01→2026-08-31 20Z              5839  +0.4937   0.88   +10.81    3296.5  2026-05-07    -230.9      202411  15/32  0.210      

== CONTRASTS (frozen 2025-03-01→2026-08-10 20Z; paired per anchor; UTC-day block bootstrap 2000; rng [20260905, k]) ==
contrast   seat seed      Δ bps                   CI95    P>0 | levels base -> arm
A1-A0      dyn  42      +0.0605 [ -0.1683, +0.2874]  0.699 | +1.8937 -> +1.9542
A1-A0      dyn  2027    +0.0478 [ -0.1708, +0.2704]  0.648 | +1.8975 -> +1.9453
A1-A0      fix  42      +0.0047 [ -0.0764, +0.0869]  0.540 | +1.8263 -> +1.8309
A1-A0      fix  2027    -0.0102 [ -0.1017, +0.0877]  0.411 | +1.8328 -> +1.8225
A2-A0      dyn  42      +0.0826 [ -0.1398, +0.3083]  0.769 | +1.8937 -> +1.9763
A2-A0      dyn  2027    +0.0143 [ -0.2049, +0.2407]  0.533 | +1.8975 -> +1.9118
A2-A0      fix  42      +0.0071 [ -0.0776, +0.0961]  0.576 | +1.8263 -> +1.8334
A2-A0      fix  2027    -0.0056 [ -0.0934, +0.0824]  0.458 | +1.8328 -> +1.8272
A3-A0      dyn  42      +0.0151 [ -0.1687, +0.2043]  0.559 | +1.8937 -> +1.9088
A3-A0      dyn  2027    +0.0808 [ -0.1046, +0.2756]  0.800 | +1.8975 -> +1.9783
A3-A0      fix  42      -0.0186 [ -0.0889, +0.0496]  0.301 | +1.8263 -> +1.8077
A3-A0      fix  2027    +0.0011 [ -0.0781, +0.0839]  0.497 | +1.8328 -> +1.8339
A1-A2      dyn  42      -0.0221 [ -0.0770, +0.0412]  0.253 | +1.9763 -> +1.9542
A1-A2      dyn  2027    +0.0335 [ -0.0132, +0.0823]  0.914 | +1.9118 -> +1.9453
A1-A2      fix  42      -0.0024 [ -0.0616, +0.0458]  0.477 | +1.8334 -> +1.8309
A1-A2      fix  2027    -0.0046 [ -0.0327, +0.0215]  0.364 | +1.8272 -> +1.8225
A1-A3      dyn  42      +0.0454 [ -0.0998, +0.1899]  0.712 | +1.9088 -> +1.9542
A1-A3      dyn  2027    -0.0330 [ -0.1787, +0.1096]  0.321 | +1.9783 -> +1.9453
A1-A3      fix  42      +0.0232 [ -0.0313, +0.0724]  0.801 | +1.8077 -> +1.8309
A1-A3      fix  2027    -0.0114 [ -0.0665, +0.0396]  0.342 | +1.8339 -> +1.8225
A1s-A0     dyn  42      +0.0952 [ -0.1385, +0.3204]  0.792 | +1.8937 -> +1.9888
A1s-A0     dyn  2027    +0.0564 [ -0.1610, +0.2585]  0.708 | +1.8975 -> +1.9539
A1s-A0     fix  42      +0.0164 [ -0.0745, +0.1071]  0.642 | +1.8263 -> +1.8427
A1s-A0     fix  2027    -0.0173 [ -0.1096, +0.0722]  0.368 | +1.8328 -> +1.8155
A1s-A1     dyn  42      +0.0346 [ -0.0134, +0.0853]  0.917 | +1.9542 -> +1.9888
A1s-A1     dyn  2027    +0.0086 [ -0.0321, +0.0486]  0.661 | +1.9453 -> +1.9539
A1s-A1     fix  42      +0.0117 [ -0.0233, +0.0559]  0.686 | +1.8309 -> +1.8427
A1s-A1     fix  2027    -0.0071 [ -0.0332, +0.0190]  0.299 | +1.8225 -> +1.8155

== SECONDARY (AMENDMENT 4): same contrasts on the EXTENDED window 2025-03-01→2026-08-31 20Z (repaired August included; 126 more anchors; NOT the verdict window) ==
A1-A0      dyn  42      +0.0530 [ -0.1756, +0.2534]  0.665 | +1.7033 -> +1.7563  (n=3289)
A1-A0      dyn  2027    +0.0201 [ -0.1829, +0.2192]  0.583 | +1.7276 -> +1.7477  (n=3289)
A1-A0      fix  42      -0.0007 [ -0.0831, +0.0762]  0.495 | +1.6147 -> +1.6140  (n=3289)
A1-A0      fix  2027    -0.0108 [ -0.0991, +0.0815]  0.403 | +1.6244 -> +1.6136  (n=3289)
A2-A0      dyn  42      +0.0745 [ -0.1439, +0.2886]  0.743 | +1.7033 -> +1.7777  (n=3289)
A2-A0      dyn  2027    -0.0062 [ -0.2213, +0.2067]  0.464 | +1.7276 -> +1.7214  (n=3289)
A2-A0      fix  42      +0.0038 [ -0.0809, +0.0919]  0.542 | +1.6147 -> +1.6185  (n=3289)
A2-A0      fix  2027    -0.0127 [ -0.1024, +0.0817]  0.382 | +1.6244 -> +1.6117  (n=3289)
A3-A0      dyn  42      +0.0162 [ -0.1613, +0.1950]  0.588 | +1.7033 -> +1.7195  (n=3289)
A3-A0      dyn  2027    +0.0716 [ -0.1076, +0.2495]  0.797 | +1.7276 -> +1.7992  (n=3289)
A3-A0      fix  42      -0.0183 [ -0.0892, +0.0529]  0.308 | +1.6147 -> +1.5963  (n=3289)
A3-A0      fix  2027    +0.0064 [ -0.0698, +0.0921]  0.564 | +1.6244 -> +1.6308  (n=3289)
A1-A2      dyn  42      -0.0215 [ -0.0769, +0.0357]  0.231 | +1.7777 -> +1.7563  (n=3289)
A1-A2      dyn  2027    +0.0263 [ -0.0226, +0.0737]  0.847 | +1.7214 -> +1.7477  (n=3289)
A1-A2      fix  42      -0.0045 [ -0.0598, +0.0451]  0.449 | +1.6185 -> +1.6140  (n=3289)
A1-A2      fix  2027    +0.0019 [ -0.0279, +0.0294]  0.562 | +1.6117 -> +1.6136  (n=3289)
A1-A3      dyn  42      +0.0368 [ -0.1079, +0.1819]  0.701 | +1.7195 -> +1.7563  (n=3289)
A1-A3      dyn  2027    -0.0515 [ -0.1893, +0.0959]  0.254 | +1.7992 -> +1.7477  (n=3289)
A1-A3      fix  42      +0.0177 [ -0.0315, +0.0669]  0.748 | +1.5963 -> +1.6140  (n=3289)
A1-A3      fix  2027    -0.0172 [ -0.0698, +0.0358]  0.291 | +1.6308 -> +1.6136  (n=3289)
A1s-A0     dyn  42      +0.0828 [ -0.1525, +0.3041]  0.759 | +1.7033 -> +1.7860  (n=3289)
A1s-A0     dyn  2027    +0.0318 [ -0.1724, +0.2483]  0.624 | +1.7276 -> +1.7594  (n=3289)
A1s-A0     fix  42      +0.0133 [ -0.0709, +0.1050]  0.632 | +1.6147 -> +1.6279  (n=3289)
A1s-A0     fix  2027    -0.0176 [ -0.1015, +0.0759]  0.346 | +1.6244 -> +1.6068  (n=3289)
A1s-A1     dyn  42      +0.0297 [ -0.0178, +0.0742]  0.894 | +1.7563 -> +1.7860  (n=3289)
A1s-A1     dyn  2027    +0.0117 [ -0.0293, +0.0507]  0.714 | +1.7477 -> +1.7594  (n=3289)
A1s-A1     fix  42      +0.0140 [ -0.0200, +0.0562]  0.742 | +1.6140 -> +1.6279  (n=3289)
A1s-A1     fix  2027    -0.0068 [ -0.0330, +0.0189]  0.305 | +1.6136 -> +1.6068  (n=3289)

== VERDICTS (frozen §4: (A) both seeds point>0 & CI lower>0; (B) both CI upper<0; (C) otherwise UNDECIDED = '未过否决线', never '不劣') ==
  A1-A0  dyn: (C) UNDECIDED
  A1-A0  fix: (C) UNDECIDED
  A2-A0  dyn: (C) UNDECIDED
  A2-A0  fix: (C) UNDECIDED
  A3-A0  dyn: (C) UNDECIDED
  A3-A0  fix: (C) UNDECIDED
  A1-A2  dyn: (C) UNDECIDED
  A1-A2  fix: (C) UNDECIDED
  A1-A3  dyn: (C) UNDECIDED
  A1-A3  fix: (C) UNDECIDED
  A1s-A0  dyn: (C) UNDECIDED
  A1s-A0  fix: (C) UNDECIDED
  A1s-A1  dyn: (C) UNDECIDED
  A1s-A1  fix: (C) UNDECIDED
JUDGE_V4_DONE
JUDGE_RC=0 2026-09-09T13:42:33Z
