== v3 (P3,M3) (6s): guard Sharpe(>=2024) 1.920 net +0.881 std 21.49 n 5838 | excl 08-11..08-31: 2.107 | 2024→08-10: 2.107
   2024-01→2026-08-10 20Z       n  5718 net   +0.953 (sum   +5450.7) pnl   +2.119 carry  +1.090 cost  0.076 nsel  321.4 nmem  347.0 w3k 0.529
   2026-08-11→08-11 20Z         n     6 net   +2.101 (sum     +12.6) pnl   +4.255 carry  +2.109 cost  0.045 nsel  290.2 nmem  400.0 w3k 0.261
   hole 08-12→08-24 04Z         n    74 net   -3.532 (sum    -261.4) pnl   -1.407 carry  +2.074 cost  0.052 nsel  234.8 nmem  400.0 w3k 0.269
   post 08-24 08Z→08-30 20Z     n    40 net   -1.401 (sum     -56.0) pnl   +0.518 carry  +1.868 cost  0.051 nsel  284.5 nmem  400.0 w3k 0.281
   2024                         n  2196 net   +0.110 (sum    +242.1) pnl   +0.469 carry  +0.278 cost  0.081 nsel  269.7 nmem  273.9 w3k 0.571
   2025                         n  2190 net   +0.827 (sum   +1811.7) pnl   +2.009 carry  +1.110 cost  0.072 nsel  371.6 nmem  388.0 w3k 0.625
   2026→08-10                   n  1332 net   +2.550 (sum   +3396.9) pnl   +5.021 carry  +2.395 cost  0.076 nsel  324.2 nmem  400.0 w3k 0.304
== v4 (P4,M4) (6s): guard Sharpe(>=2024) 1.962 net +0.900 std 21.46 n 5839 | excl 08-11..08-31: 2.113 | 2024→08-10: 2.113
   2024-01→2026-08-10 20Z       n  5718 net   +0.960 (sum   +5487.3) pnl   +2.095 carry  +1.055 cost  0.080 nsel  321.4 nmem  347.0 w3k 0.558
   2026-08-11→08-11 20Z         n     6 net   +1.456 (sum      +8.7) pnl   +3.578 carry  +2.073 cost  0.048 nsel  290.2 nmem  400.0 w3k 0.274
   hole 08-12→08-24 04Z         n    74 net   -2.681 (sum    -198.4) pnl   -0.590 carry  +2.041 cost  0.050 nsel  297.2 nmem  400.0 w3k 0.270
   post 08-24 08Z→08-30 20Z     n    40 net   -1.660 (sum     -66.4) pnl   +0.125 carry  +1.745 cost  0.040 nsel  361.0 nmem  400.0 w3k 0.262
   08-31 (6)                    n     1 net  +22.480 (sum     +22.5) pnl  +25.906 carry  +3.378 cost  0.048 nsel  317.0 nmem  400.0 w3k 0.270
   2024                         n  2196 net   -0.091 (sum    -199.8) pnl   +0.211 carry  +0.207 cost  0.095 nsel  269.7 nmem  273.9 w3k 0.708
   2025                         n  2190 net   +0.929 (sum   +2033.9) pnl   +2.042 carry  +1.042 cost  0.071 nsel  371.6 nmem  388.0 w3k 0.599
   2026→08-10                   n  1332 net   +2.743 (sum   +3653.2) pnl   +5.288 carry  +2.475 cost  0.071 nsel  324.2 nmem  400.0 w3k 0.244
== cross P4 on M3 (6s): guard Sharpe(>=2024) 1.894 net +0.873 std 21.57 n 5838 | excl 08-11..08-31: 2.113 | 2024→08-10: 2.113
   2024-01→2026-08-10 20Z       n  5718 net   +0.960 (sum   +5487.3) pnl   +2.095 carry  +1.055 cost  0.080 nsel  321.4 nmem  347.0 w3k 0.558
   2026-08-11→08-11 20Z         n     6 net   +1.456 (sum      +8.7) pnl   +3.578 carry  +2.073 cost  0.048 nsel  290.2 nmem  400.0 w3k 0.274
   hole 08-12→08-24 04Z         n    74 net   -4.677 (sum    -346.1) pnl   -2.479 carry  +2.142 cost  0.056 nsel  234.8 nmem  400.0 w3k 0.273
   post 08-24 08Z→08-30 20Z     n    40 net   -1.323 (sum     -52.9) pnl   +0.676 carry  +1.946 cost  0.054 nsel  284.5 nmem  400.0 w3k 0.282
   2024                         n  2196 net   -0.091 (sum    -199.8) pnl   +0.211 carry  +0.207 cost  0.095 nsel  269.7 nmem  273.9 w3k 0.708
   2025                         n  2190 net   +0.929 (sum   +2033.9) pnl   +2.042 carry  +1.042 cost  0.071 nsel  371.6 nmem  388.0 w3k 0.599
   2026→08-10                   n  1332 net   +2.743 (sum   +3653.2) pnl   +5.288 carry  +2.475 cost  0.071 nsel  324.2 nmem  400.0 w3k 0.244
== cross P3 on M4 (6s): guard Sharpe(>=2024) 1.964 net +0.899 std 21.41 n 5839 | excl 08-11..08-31: 2.107 | 2024→08-10: 2.107
   2024-01→2026-08-10 20Z       n  5718 net   +0.953 (sum   +5450.7) pnl   +2.119 carry  +1.090 cost  0.076 nsel  321.4 nmem  347.0 w3k 0.529
   2026-08-11→08-11 20Z         n     6 net   +2.101 (sum     +12.6) pnl   +4.255 carry  +2.109 cost  0.045 nsel  290.2 nmem  400.0 w3k 0.261
   hole 08-12→08-24 04Z         n    74 net   -1.899 (sum    -140.5) pnl   +0.164 carry  +2.016 cost  0.047 nsel  297.2 nmem  400.0 w3k 0.272
   post 08-24 08Z→08-30 20Z     n    40 net   -2.572 (sum    -102.9) pnl   -0.866 carry  +1.670 cost  0.036 nsel  361.0 nmem  400.0 w3k 0.276
   08-31 (6)                    n     1 net  +27.193 (sum     +27.2) pnl  +30.553 carry  +3.320 cost  0.041 nsel  317.0 nmem  400.0 w3k 0.273
   2024                         n  2196 net   +0.110 (sum    +242.1) pnl   +0.469 carry  +0.278 cost  0.081 nsel  269.7 nmem  273.9 w3k 0.571
   2025                         n  2190 net   +0.827 (sum   +1811.7) pnl   +2.009 carry  +1.110 cost  0.072 nsel  371.6 nmem  388.0 w3k 0.625
   2026→08-10                   n  1332 net   +2.550 (sum   +3396.9) pnl   +5.021 carry  +2.395 cost  0.076 nsel  324.2 nmem  400.0 w3k 0.304
paired v4-v3 2024-01→2026-08-10 20Z       n  5718 mean   +0.006 sum     +36.6 max|Δ|     97.5
paired v4-v3 2026-08-11→08-11 20Z         n     6 mean   -0.645 sum      -3.9 max|Δ|      5.0
paired v4-v3 hole 08-12→08-24 04Z         n    74 mean   +0.851 sum     +63.0 max|Δ|     56.0
paired v4-v3 post 08-24 08Z→08-30 20Z     n    40 mean   -0.259 sum     -10.4 max|Δ|     24.5
paired v4-v3 2024                         n  2196 mean   -0.201 sum    -441.9 max|Δ|     97.5
paired v4-v3 2025                         n  2190 mean   +0.101 sum    +222.2 max|Δ|     73.5
paired v4-v3 2026→08-10                   n  1332 mean   +0.192 sum    +256.3 max|Δ|     39.5
GUARD_DECOMPOSE_DONE
