| fold | shard | rule | best_ep | argmax(va) | va@best | va max | n_train | net bps | ES5 | turnover | α* | wall s | .pt sha |
|---|---|---|---|---|---|---|---|---|---|---|---|---|---|
| 202501 | shard0 | fix7 | 7 | 5 | -6.034 | -4.504 | 6563 | +1.129 | 21.72 | 0.0545 | 0.0892 | 367 | 3516bc6b4af2 |
| 202502 | shard1 | fix7 | 7 | 5 | -6.246 | -4.673 | 6749 | +0.058 | 59.47 | 0.0478 | 0.0891 | 374 | 5eaf3408d7be |
| 202503 | shard2 | fix7 | 7 | 1 | -5.981 | -5.663 | 6917 | +0.483 | 23.23 | 0.0514 | 0.0889 | 387 | 9add1a27415b |
| 202504 | shard3 | fix7 | 7 | 0 | -8.451 | -5.552 | 7103 | +2.171 | 34.54 | 0.0498 | 0.0886 | 395 | 544187769bef |
| 202505 | shard0 | fix7 | 7 | 2 | -7.830 | -5.588 | 7283 | +0.568 | 22.91 | 0.0542 | 0.0885 | 649 | 805b7fd90084 |
| 202506 | shard1 | fix7 | 7 | 3 | -7.996 | -5.436 | 7469 | -0.195 | 27.47 | 0.0518 | 0.0884 | 672 | 42bc8d2e6f38 |
| 202507 | shard2 | fix7 | 7 | 2 | -10.858 | -5.421 | 7649 | +0.570 | 28.12 | 0.0531 | 0.0883 | 679 | 933a2a0a7ff7 |
| 202508 | shard3 | fix7 | 7 | 6 | -8.669 | -5.275 | 7835 | -0.057 | 22.41 | 0.0563 | 0.0880 | 695 | d1592c5ba882 |
| 202509 | shard0 | fix7 | 7 | 2 | -6.020 | -4.979 | 8021 | +1.698 | 25.08 | 0.0466 | 0.0879 | 458 | 3b0f97a6aa2e |
| 202510 | shard1 | fix7 | 7 | 9 | -4.825 | -4.320 | 8201 | +5.675 | 41.40 | 0.0285 | 0.0878 | 460 | 5e58910500c8 |
| 202511 | shard2 | fix7 | 7 | 10 | -4.716 | -4.628 | 8387 | +1.252 | 53.51 | 0.0140 | 0.0875 | 471 | 78eaf35a53a0 |
| 202512 | shard3 | fix7 | 7 | 13 | -6.839 | -6.665 | 8567 | +0.550 | 40.24 | 0.0184 | 0.0875 | 482 | 2dabf21ef8e6 |
| 202601 | shard0 | fix7 | 7 | 7 | -7.349 | -7.349 | 8753 | +1.372 | 36.32 | 0.0256 | 0.0874 | 495 | ac0112121f5a |
| 202602 | shard1 | fix7 | 7 | 7 | -7.617 | -7.617 | 8939 | +3.544 | 29.09 | 0.0382 | 0.0871 | 503 | 977b4c404ffd |
| 202603 | shard2 | fix7 | 7 | 4 | -7.509 | -7.471 | 9107 | +2.952 | 24.05 | 0.0516 | 0.0871 | 511 | 5e5c6a538dbc |
| 202604 | shard3 | fix7 | 7 | 4 | -7.229 | -7.183 | 9293 | +5.221 | 37.63 | 0.0513 | 0.0869 | 527 | 7d9b6f231690 |
| 202605 | shard0 | fix7 | 7 | 3 | -6.730 | -6.645 | 9473 | +2.529 | 33.70 | 0.0409 | 0.0867 | 537 | 7a47f5f7667f |
| 202606 | shard1 | fix7 | 7 | 11 | -6.875 | -6.736 | 9659 | +5.346 | 49.64 | 0.0366 | 0.0866 | 542 | 5663f5ceead4 |
| 202607 | shard2 | fix7 | 7 | 1 | -7.198 | -7.004 | 9839 | +4.416 | 40.09 | 0.0356 | 0.0865 | 543 | 74498cc9b7b4 |
| 202608 | shard3 | fix7 | 7 | 4 | -6.469 | -6.336 | 10025 | +1.870 | 41.20 | 0.0334 | 0.0864 | 536 | efd5c1c420b1 |
stitched /workspace/f8_v4/mwf/RAW_s42/preds/f10_V2MAIN_RAW_mE1cX7_s42.npy sha d2f372eef25b8be2 finite rows 3648 net_mean_all +2.058; best_ep list [7, 7, 7, 7, 7, 7, 7, 7, 7, 7, 7, 7, 7, 7, 7, 7, 7, 7, 7, 7]; rule changed epoch vs unrestricted argmax: 18/20
splice /workspace/review_scratch/health_check/dev_v4/f8_2026-08-22/preds/f10_v4RAW_s42.npy: pre-2025 rows from yearly s42: 6564/6564; vs HF2 FIX7 (same axis) per-anchor rank corr mean +0.554 median +0.557 p10 +0.447 (n=3648)
coverage {'202501': '186/186', '202502': '168/168', '202503': '186/186', '202504': '180/180', '202505': '186/186', '202506': '180/180', '202507': '186/186', '202508': '186/186', '202509': '180/180', '202510': '186/186', '202511': '180/180', '202512': '186/186', '202601': '186/186', '202602': '168/168', '202603': '186/186', '202604': '180/180', '202605': '186/186', '202606': '180/180', '202607': '186/186', '202608': '186/186'}
MERGE_DONE RAW 42
