| fold | shard | rule | best_ep | argmax(va) | va@best | va max | n_train | net bps | ES5 | turnover | α* | wall s | .pt sha |
|---|---|---|---|---|---|---|---|---|---|---|---|---|---|
| 202501 | shard0 | fix7 | 7 | 4 | -4.432 | -3.216 | 6563 | +0.391 | 18.48 | 0.0733 | 0.0964 | 366 | b6beaaeef2d6 |
| 202502 | shard1 | fix7 | 7 | 1 | -4.063 | -3.278 | 6749 | +0.099 | 47.09 | 0.0687 | 0.0965 | 374 | abfb062f529d |
| 202503 | shard2 | fix7 | 7 | 2 | -5.885 | -3.665 | 6917 | +1.121 | 20.49 | 0.0690 | 0.0968 | 384 | bc137320a75e |
| 202504 | shard3 | fix7 | 7 | 4 | -5.476 | -3.551 | 7103 | +1.070 | 18.95 | 0.0725 | 0.0957 | 398 | f909265952f8 |
| 202505 | shard0 | fix7 | 7 | 0 | -6.507 | -3.989 | 7283 | +0.734 | 19.10 | 0.0731 | 0.0952 | 406 | 0d50328d87c5 |
| 202506 | shard1 | fix7 | 7 | 0 | -6.038 | -3.869 | 7469 | +0.397 | 16.65 | 0.0720 | 0.0951 | 422 | 4b2ab5cef5fa |
| 202507 | shard2 | fix7 | 7 | 3 | -5.031 | -3.579 | 7649 | +0.813 | 22.41 | 0.0684 | 0.0949 | 428 | 9cf7605c899f |
| 202508 | shard3 | fix7 | 7 | 1 | -5.912 | -4.418 | 7835 | -0.575 | 18.75 | 0.0682 | 0.0954 | 440 | 001f4d011940 |
| 202509 | shard0 | fix7 | 7 | 1 | -4.903 | -3.736 | 8021 | +2.300 | 27.11 | 0.0501 | 0.0944 | 452 | 0b239d4e1ca7 |
| 202510 | shard1 | fix7 | 7 | 3 | -5.061 | -3.938 | 8201 | +6.577 | 45.74 | 0.0266 | 0.0951 | 465 | 22e83fb3c6ab |
| 202511 | shard2 | fix7 | 7 | 7 | -4.708 | -4.708 | 8387 | +1.235 | 53.58 | 0.0141 | 0.0942 | 471 | 64a3e126fbb9 |
| 202512 | shard3 | fix7 | 7 | 13 | -6.847 | -6.724 | 8567 | +0.526 | 40.35 | 0.0192 | 0.0943 | 485 | 0df6c7b3b73a |
| 202601 | shard0 | fix7 | 7 | 13 | -7.524 | -7.418 | 8753 | +1.311 | 36.81 | 0.0271 | 0.0945 | 496 | 8cb544563f6c |
| 202602 | shard1 | fix7 | 7 | 8 | -7.773 | -7.660 | 8939 | +3.648 | 29.87 | 0.0388 | 0.0937 | 505 | 57f104642de7 |
| 202603 | shard2 | fix7 | 7 | 11 | -7.554 | -7.527 | 9107 | +3.357 | 26.23 | 0.0537 | 0.0950 | 513 | b586bee9205e |
| 202604 | shard3 | fix7 | 7 | 8 | -7.205 | -7.160 | 9293 | +6.112 | 40.46 | 0.0553 | 0.0940 | 527 | 088e9947e52a |
| 202605 | shard0 | fix7 | 7 | 8 | -6.899 | -6.752 | 9473 | +2.689 | 34.10 | 0.0433 | 0.0929 | 537 | 42e641adf9f0 |
| 202606 | shard1 | fix7 | 7 | 12 | -6.834 | -6.753 | 9659 | +5.336 | 50.60 | 0.0360 | 0.0932 | 542 | 522fd160ece7 |
| 202607 | shard2 | fix7 | 7 | 0 | -7.339 | -7.117 | 9839 | +4.577 | 41.32 | 0.0372 | 0.0928 | 541 | 14e042076fb0 |
| 202608 | shard3 | fix7 | 7 | 4 | -6.524 | -6.373 | 10025 | +0.233 | 44.95 | 0.0396 | 0.0929 | 534 | bc3d63631e93 |
stitched /workspace/f8_v4s/mwf_v4s/RAW_s2027/preds/f10_V2MAIN_RAW_mE1cX7_s2027.npy sha e0c3f21210faff0f finite rows 3648 net_mean_all +2.098; best_ep list [7, 7, 7, 7, 7, 7, 7, 7, 7, 7, 7, 7, 7, 7, 7, 7, 7, 7, 7, 7]; rule changed epoch vs unrestricted argmax: 19/20
splice /workspace/review_scratch/health_check/dev_v4/f8_2026-08-22/preds/f10_v4sRAW_s2027.npy: pre-2025 rows from yearly s2027: 6564/6564; vs HF2 FIX7 (same axis) per-anchor rank corr mean +0.983 median +0.987 p10 +0.971 (n=3648)
coverage {'202501': '186/186', '202502': '168/168', '202503': '186/186', '202504': '180/180', '202505': '186/186', '202506': '180/180', '202507': '186/186', '202508': '186/186', '202509': '180/180', '202510': '186/186', '202511': '180/180', '202512': '186/186', '202601': '186/186', '202602': '168/168', '202603': '186/186', '202604': '180/180', '202605': '186/186', '202606': '180/180', '202607': '186/186', '202608': '186/186'}
MERGE_DONE RAW 2027
