G-A1 {"per_seed": {"42": {"K0_rows_equal_dump_SLOW": true, "dtype": "float32", "K1_dtype": "float32", "king_rank_corr_K0_K1_mean": 0.9958937159552166, "king_rank_corr_K0_K1_min": 0.991686057493298}, "2027": {"K0_rows_equal_dump_SLOW": true, "dtype": "float32", "K1_dtype": "float32", "king_rank_corr_K0_K1_mean": 0.9958937159552166, "king_rank_corr_K0_K1_min": 0.991686057493298}}, "PASS": true}
{
 "42": {
  "gate_K0_nodes_equal_main_run": true,
  "n_nodes": 1024,
  "skips_k0": 0,
  "skips_k1": 0,
  "dK1_at_R": {
   "mean": [
    7.682262992113074e-05,
    -0.00043861253100425804,
    0.0006334886434541375
   ],
   "share": [
    6.445432178994982e-05,
    -0.00030298808880343365,
    0.0006846208424134941
   ]
  },
  "dK1_at_N": {
   "mean": [
    0.0008519146896373667,
    -0.0002677784535922876,
    0.001967202658946993
   ],
   "share": [
    0.0007147579248438187,
    -0.00019276105122648568,
    0.002232199608073123
   ]
  },
  "phi_K1": {
   "mean": [
    5.761474630040365e-05,
    -0.0004083294924265203,
    0.0005520578571648586
   ],
   "share": [
    4.8338873606709234e-05,
    -0.0002827878136917407,
    0.000583311612716318
   ]
  },
  "dK1_node_range": [
   -0.00900299434723337,
   0.0056927977991184445
  ],
  "reading": "NEGLIGIBLE"
 },
 "2027": {
  "gate_K0_nodes_equal_main_run": true,
  "n_nodes": 1024,
  "skips_k0": 0,
  "skips_k1": 0,
  "dK1_at_R": {
   "mean": [
    5.872806979846503e-06,
    -0.0005595636414582407,
    0.0005639754220772092
   ],
   "share": [
    4.950633182301559e-06,
    -0.0003749532556335656,
    0.0006519562369688985
   ]
  },
  "dK1_at_N": {
   "mean": [
    0.0008535944473909913,
    -0.00026767653311063653,
    0.0019687957607977444
   ],
   "share": [
    0.0007195593197569477,
    -0.00019409241435272654,
    0.0022521524087259336
   ]
  },
  "phi_K1": {
   "mean": [
    3.1442402563962635e-05,
    -0.0004493041045110286,
    0.0005301976725226948
   ],
   "share": [
    2.650517920963674e-05,
    -0.00030719446814682155,
    0.0005646572729688511
   ]
  },
  "dK1_node_range": [
   -0.009099504140834314,
   0.005707274576296594
  ],
  "reading": "NEGLIGIBLE"
 }
}
DONE_t5_addendum_h2b 6.4
