wrote /workspace/uplift_r2_2026-09-13/T5/devices/w10_sleeve_t5.py sha256 4c5b972eebfb48c3423b0f6c1336b13cb588fb8ec8edf9c7948d67c59dc05add replacements 7
RUN C0_s42 0 42.5 s
RUN C0_s2027 0 42.6 s
{
 "P": {
  "C0_s42": {
   "n_keys_compared": 24,
   "all_bitwise": true,
   "failing": [],
   "extra_keys_T5": [
    "d30_n2_c42_T5_F10P",
    "d30_n2_c42_T5_FE",
    "d30_n2_c42_T5_FN",
    "d30_n2_c42_T5_HFL_in",
    "d30_n2_c42_T5_HF_in",
    "d30_n2_c42_T5_HL_in",
    "d30_n2_c42_T5_H_in",
    "d30_n2_c42_T5_IV",
    "d30_n2_c42_T5_QVK",
    "d30_n2_c42_T5_R24",
    "d30_n2_c42_T5_SLOW",
    "d30_n2_c42_T5_SMC_out",
    "d30_n2_c42_T5_SMFC_out",
    "d30_n2_c42_T5_SMRC",
    "d30_n2_c42_T5_UM",
    "d30_n2_c42_T5_Y4",
    "d30_n2_c42_T5_Y4P",
    "d30_n2_c42_T5_bl",
    "d30_n2_c42_T5_capw",
    "d30_n2_c42_T5_has_um",
    "d30_n2_c42_T5_i",
    "d30_n2_c42_T5_j",
    "d30_n2_c42_T5_mem",
    "d30_n2_c42_T5_ok",
    "d30_n2_c42_T5_qv4h",
    "d30_n2_c42_T5_rec",
    "d30_n2_c42_T5_sel",
    "d30_n2_c42_T5_smb",
    "d30_n2_c42_T5_smf",
    "d30_n2_c42_T5_smk",
    "d30_n2_c42_T5_smr",
    "d30_n2_c42_T5_ts",
    "d30_n2_c42_T5_w3"
   ],
   "n_window_anchors": 31,
   "window_first": 1787688000,
   "window_last": 1788120000
  },
  "C0_s2027": {
   "n_keys_compared": 24,
   "all_bitwise": true,
   "failing": [],
   "extra_keys_T5": [
    "d30_n2_c42_T5_F10P",
    "d30_n2_c42_T5_FE",
    "d30_n2_c42_T5_FN",
    "d30_n2_c42_T5_HFL_in",
    "d30_n2_c42_T5_HF_in",
    "d30_n2_c42_T5_HL_in",
    "d30_n2_c42_T5_H_in",
    "d30_n2_c42_T5_IV",
    "d30_n2_c42_T5_QVK",
    "d30_n2_c42_T5_R24",
    "d30_n2_c42_T5_SLOW",
    "d30_n2_c42_T5_SMC_out",
    "d30_n2_c42_T5_SMFC_out",
    "d30_n2_c42_T5_SMRC",
    "d30_n2_c42_T5_UM",
    "d30_n2_c42_T5_Y4",
    "d30_n2_c42_T5_Y4P",
    "d30_n2_c42_T5_bl",
    "d30_n2_c42_T5_capw",
    "d30_n2_c42_T5_has_um",
    "d30_n2_c42_T5_i",
    "d30_n2_c42_T5_j",
    "d30_n2_c42_T5_mem",
    "d30_n2_c42_T5_ok",
    "d30_n2_c42_T5_qv4h",
    "d30_n2_c42_T5_rec",
    "d30_n2_c42_T5_sel",
    "d30_n2_c42_T5_smb",
    "d30_n2_c42_T5_smf",
    "d30_n2_c42_T5_smk",
    "d30_n2_c42_T5_smr",
    "d30_n2_c42_T5_ts",
    "d30_n2_c42_T5_w3"
   ],
   "n_window_anchors": 31,
   "window_first": 1787688000,
   "window_last": 1788120000
  },
  "PASS": true
 }
}
GPU 0 %, 2 MiB -> 0 %, 2 MiB | PIDs 333197 Tl; 339489 Tl -> 333197 Tl; 339489 Tl | load ['0.40', '0.67', '1.03'] -> ['1.22', '0.86', '1.07']
DONE_t5_drive 48.3 s
