[     0s] CHECK gate.R0_REPRO_PASS OK {"sha256": "ba8d85e7eadba32248a61fc09e1efc9d636ef1e69d65a5d7e8ba1e29372b96bd"}
[     0s] CHECK gate.R_PRICES_PASS OK {"sha256": "a0ea0ee311dff5f4d1414e99006724e976843a5fae9701097157446705ece912"}
[     0s] CHECK pin.p2_s2_lib OK {"path": "/workspace/uplift_r2_2026-09-13/P2/devices/p2_s2_lib.py", "got": "c53f5c495036727f", "want": "c53f5c495036727f"}
[     1s] CHECK pin.price_logtable OK {"path": "/workspace/replay_r_2026-09-19/work/price_logtable.npy", "got": "3b588cb058920d57", "want": "3b588cb058920d57"}
[     1s] CHECK pin.price_meta OK {"path": "/workspace/replay_r_2026-09-19/work/price_meta.npz", "got": "fc6a381a76e311e6", "want": "fc6a381a76e311e6"}
[     1s] CHECK pin.ledger_full OK {"path": "/workspace/uplift_r2_2026-09-13/P2/work/ledger_full.npz", "got": "bea6f5752772d54e", "want": "bea6f5752772d54e"}
[     1s] CHECK pin.tradability OK {"path": "/workspace/fx_data_2026-09-13/out/trd/tradability_v1.npz", "got": "54d409d0ddf695f4", "want": "54d409d0ddf695f4"}
[     1s] CHECK pin.universe OK {"path": "/workspace/uplift_r2_2026-09-13/P2/work/universe.npz", "got": "6322b57366078ed0", "want": "6322b57366078ed0"}
[     1s] CHECK pin.exec_sim_copy OK {"path": "/workspace/replay_r_2026-09-19/devices/replay_exec_copy/exec_sim.py", "got": "2638316be35e54cd", "want": "2638316be35e54cd"}
[     1s] CHECK pin.simlib_copy OK {"path": "/workspace/replay_r_2026-09-19/devices/replay_exec_copy/simlib.py", "got": "55246fe98da2d57a", "want": "55246fe98da2d57a"}
[     1s] CHECK pin.calibration_copy OK {"path": "/workspace/replay_r_2026-09-19/devices/replay_exec_copy/CALIBRATION_FROZEN_2026-09-19.json", "got": "bf487711f8c5a542", "want": "bf487711f8c5a542"}
[     1s] CHECK pin.input_manifest_copy OK {"path": "/workspace/replay_r_2026-09-19/devices/replay_exec_copy/INPUT_MANIFEST.json", "got": "59875e5a69db415f", "want": "59875e5a69db415f"}
[     1s] CHECK pin.g0_labels OK {"path": "/workspace/regime_g0_2026-09-19/out/g0_labels.npz", "got": "04cb06f47c15a410", "want": "04cb06f47c15a410"}
[     1s] CHECK pin.realcost_table OK {"path": "/workspace/fp2_2026-09/realcost/PER_YEAR_TABLE_REALCOST.json", "got": "dc06ec3695dc4c4f", "want": "dc06ec3695dc4c4f"}
[     1s] CHECK pin.judge OK {"path": "/workspace/fp2_2026-09/devices_v4chain/fp2_per_year_table.py", "got": "230e3c793cd92ddf", "want": "230e3c793cd92ddf"}
[     1s] CHECK pin.realcost_A0_s42 OK {"path": "/workspace/fp2_2026-09/realcost/arms/w10_ablation_series_V4_A0_dyn_s42.npz", "got": "634f7c55ba730520", "want": "634f7c55ba730520"}
[     1s] CHECK pin.realcost_A0_s2027 OK {"path": "/workspace/fp2_2026-09/realcost/arms/w10_ablation_series_V4_A0_dyn_s2027.npz", "got": "c1f92ec24bb45c99", "want": "c1f92ec24bb45c99"}
[     1s] CHECK pin.realcost_A1_s42 OK {"path": "/workspace/fp2_2026-09/realcost/arms/w10_ablation_series_V4_A1_dyn_s42.npz", "got": "a077ed6b8f7136ed", "want": "a077ed6b8f7136ed"}
[     1s] CHECK pin.realcost_A1_s2027 OK {"path": "/workspace/fp2_2026-09/realcost/arms/w10_ablation_series_V4_A1_dyn_s2027.npz", "got": "d9f69a059a2f6a61", "want": "d9f69a059a2f6a61"}
[     2s] CHECK pin.S2_series OK {"path": "/workspace/replay_r_2026-09-19/work/S2_series.npz", "got": "641b20cb68e5ef61", "want": "641b20cb68e5ef61"}
[     2s] CHECK pin.price_table_is_the_gated_one OK 
[     3s] CHECK pin.executor_tree_409ea16_vs_manifest OK {"n": 332, "bad": []}
[     3s] CHECK window.n_anchors OK 9138
[     3s] CHECK window.equals_S2_W_ALPHA OK 
[     3s] CHECK axis.symbols OK 
[     6s] prices (63975, 829)
[     8s] funding rows 2385829 times 16807
[     8s] CHECK axis.tradability_symbols OK 
[     8s] CHECK tradability.covers_window OK 
[     8s] CHECK axis.universe OK 
[     8s] CHECK executor.pns_wide OK 
[     8s] CHECK executor.gross_mult_config OK {"gm": 2.0, "onu": "hold"}
[     9s] CHECK s2run.S2_A0pred_s2027.shas OK {"json": "c63b59a72438a1a0", "vec": "17b78784c6846cfc"}
[    15s] CHECK s2run.S2_A0pred_s42.shas OK {"json": "d01063c0ee68a487", "vec": "8c7c886376c484ea"}
[    21s] CHECK s2run.S2_v4_s2027.shas OK {"json": "5aba956d75faec46", "vec": "1aeef37b0ad36676"}
[    26s] CHECK s2run.S2_v4_s42.shas OK {"json": "4c5612f613ddad10", "vec": "902c8d905a63b3a0"}
[    32s] started S2_A0pred_s42|CMB|rule pid 1220044
[    32s] started S2_A0pred_s42|LIT|rule pid 1220045
[    32s] started S2_A0pred_s2027|CMB|rule pid 1220046
[    32s] started S2_A0pred_s2027|LIT|rule pid 1220047
[    32s] started S2_v4_s42|CMB|rule pid 1220048
[    32s] started S2_v4_s42|LIT|rule pid 1220049
[    32s] started S2_v4_s2027|CMB|rule pid 1220050
[    32s] started S2_v4_s2027|LIT|rule pid 1220051
[    32s] started S2_A0pred_s42|CMB|none pid 1220052
[    32s] started S2_A0pred_s2027|CMB|none pid 1220053
[    32s] started S2_v4_s42|CMB|none pid 1220054
[    32s] started S2_v4_s2027|CMB|none pid 1220055
[   386s] finished S2_v4_s2027|CMB|rule rc 0
[   386s] finished S2_A0pred_s42|CMB|none rc 0
[   386s] finished S2_v4_s42|CMB|rule rc 0
[   387s] finished S2_A0pred_s2027|CMB|rule rc 0
[   387s] finished S2_A0pred_s2027|CMB|none rc 0
[   387s] finished S2_v4_s2027|CMB|none rc 0
[   387s] finished S2_v4_s42|CMB|none rc 0
[   388s] finished S2_A0pred_s42|CMB|rule rc 0
[   389s] finished S2_A0pred_s2027|LIT|rule rc 0
[   390s] finished S2_v4_s2027|LIT|rule rc 0
[   391s] finished S2_A0pred_s42|LIT|rule rc 0
[   391s] finished S2_v4_s42|LIT|rule rc 0
[   391s] CHECK runs.all_rc0 OK {"S2_v4_s2027|CMB|rule": 0, "S2_A0pred_s42|CMB|none": 0, "S2_v4_s42|CMB|rule": 0, "S2_A0pred_s2027|CMB|rule": 0, "S2_A0pred_s2027|CMB|none": 0, "S2_v4_s2027|CMB|none": 0, "S2_v4_s42|CMB|none": 0, "S2_A0pred_s42|CMB|rule": 0, "S2_A0pred_s202
R_LAUNCH VERDICT=PASS runs=12 smoke=False receipt_sha256=1342fa79fbe8644d55470097f3f333a7f74cc31cad7a408122404f3d79b01832
