[     0s] CHECK R0_PASS OK {"R0_sha256": "ba8d85e7eadba32248a61fc09e1efc9d636ef1e69d65a5d7e8ba1e29372b96bd"}
[     5s] CHECK input_sha.cache OK {"expected": "1d7f459dee434ec4", "got": "1d7f459dee434ec4"}
[     5s] CHECK input_sha.meta OK {"expected": "0e3c09ac86c727ac", "got": "0e3c09ac86c727ac"}
[     5s] CHECK input_sha.ledger OK {"expected": "bea6f5752772d54e", "got": "bea6f5752772d54e"}
[     5s] CHECK cache.symbols_axis OK 
[     5s] CHECK cache.ret5_is_channel0 OK ["ret5", "range", "cpos", "log_qv", "log_cnt", "log_avgsz", "tbf"]
[     5s] CHECK cache.ts_strict_5m OK {"first": 1640995200, "last": 1788220800, "n": 490753}
[     5s] CHECK cache.data_header OK {"shape": [490753, 829, 7], "dtype": "float16"}
[    30s] ret5 streamed (490753, 829)
[    36s] CHECK align.ts_is_bar_close OK {"max_err_ts_close": 9.001678848985506e-07, "max_err_ts_open": 0.004880004983482289}
[    36s] CHECK meta.strict_4h OK {"first": 1641600000, "last": 1788206400, "n": 10182}
[    36s] CHECK meta.cells_inside_cache OK {"cells_rows": 10182, "first": 1641600000, "last": 1788206400}
[    37s] samples 63975
[    38s] block 0 patches 38 unexplained 0
[    38s] block 48 patches 81 unexplained 0
[    39s] block 96 patches 122 unexplained 0
[    40s] block 144 patches 154 unexplained 0
[    41s] block 192 patches 183 unexplained 0
[    43s] block 240 patches 214 unexplained 0
[    44s] block 288 patches 243 unexplained 0
[    45s] block 336 patches 277 unexplained 0
[    46s] block 384 patches 311 unexplained 0
[    47s] block 432 patches 345 unexplained 0
[    48s] block 480 patches 378 unexplained 0
[    49s] block 528 patches 413 unexplained 0
[    50s] block 576 patches 442 unexplained 0
[    51s] block 624 patches 474 unexplained 0
[    51s] block 672 patches 512 unexplained 0
[    52s] block 720 patches 552 unexplained 0
[    53s] block 768 patches 582 unexplained 0
[    54s] block 816 patches 590 unexplained 0
[    54s] CHECK P1.unexplained_cells_zero OK {"n": 0}
[    54s] CHECK P1.max_abs_diff_after_patch_le_1e-6 OK {"max_abs_diff_after": 7.839753424221385e-08, "max_abs_diff_unpatched_cells": 7.839753468630306e-08, "cells_checked": 3476240}
R_PRICES VERDICT=PASS patched_cells=590 unexplained=0 max_abs_diff_after=7.840e-08 kline_median_dev=1.61e-05 receipt_sha256=a0ea0ee311dff5f4d1414e99006724e976843a5fae9701097157446705ece912
