[     0s] CHECK pin.judge OK 
[     0s] CHECK pin.realcost_table OK 
[     0s] CHECK pin.g0_labels OK 
[     0s] CHECK pin.S2_series OK 
[     0s] CHECK pin.p2_s2_lib OK 
[     0s] CHECK pin.realcost_A0_s42 OK 
[     0s] CHECK pin.realcost_A0_s2027 OK 
[     0s] CHECK pin.realcost_A1_s42 OK 
[     1s] CHECK pin.realcost_A1_s2027 OK 
[     1s] CHECK launch.PASS OK {"sha256": "1342fa79fbe8644d55470097f3f333a7f74cc31cad7a408122404f3d79b01832"}
[     1s] CHECK launch.config_is_this_config OK 
[     1s] CHECK draws.lru_equals_judge OK 
[     1s] CHECK run.S2_A0pred_s42|CMB|rule.rc0_and_sha OK 
[     1s] CHECK run.S2_A0pred_s42|CMB|rule.audits OK {"trades": 5233145, "max_fee_err": 0.0, "trades_by_kind": {"maker": 2618935, "taker": 2605861, "exit_completion": 6930, "flatten": 1419}, "notional_maker": 77784993.67967236, "notional_taker": 23794828.332181726, "funding_charges": 1601646,
[     1s] CHECK run.S2_A0pred_s42|CMB|rule.g_identity OK 
[     1s] CHECK run.S2_A0pred_s42|LIT|rule.rc0_and_sha OK 
[     1s] CHECK run.S2_A0pred_s42|LIT|rule.audits OK {"trades": 4780856, "max_fee_err": 0.0, "trades_by_kind": {"maker": 2392093, "taker": 2376325, "exit_completion": 9087, "flatten": 3351}, "notional_maker": 82079543.54294208, "notional_taker": 25351425.614033867, "funding_charges": 1600294,
[     1s] CHECK run.S2_A0pred_s42|LIT|rule.g_identity OK 
[     1s] CHECK run.S2_A0pred_s2027|CMB|rule.rc0_and_sha OK 
[     1s] CHECK run.S2_A0pred_s2027|CMB|rule.audits OK {"trades": 5308750, "max_fee_err": 0.0, "trades_by_kind": {"maker": 2656477, "taker": 2644186, "exit_completion": 6673, "flatten": 1414}, "notional_maker": 85305542.15475635, "notional_taker": 26102968.562316902, "funding_charges": 1603066,
[     1s] CHECK run.S2_A0pred_s2027|CMB|rule.g_identity OK 
[     1s] CHECK run.S2_A0pred_s2027|LIT|rule.rc0_and_sha OK 
[     1s] CHECK run.S2_A0pred_s2027|LIT|rule.audits OK {"trades": 4784023, "max_fee_err": 0.0, "trades_by_kind": {"maker": 2393724, "taker": 2377866, "exit_completion": 9082, "flatten": 3351}, "notional_maker": 82143970.3502041, "notional_taker": 25369590.894232552, "funding_charges": 1600292, 
[     1s] CHECK run.S2_A0pred_s2027|LIT|rule.g_identity OK 
[     1s] CHECK run.S2_v4_s42|CMB|rule.rc0_and_sha OK 
[     1s] CHECK run.S2_v4_s42|CMB|rule.audits OK {"trades": 5221892, "max_fee_err": 0.0, "trades_by_kind": {"maker": 2612580, "taker": 2601236, "exit_completion": 6776, "flatten": 1300}, "notional_maker": 77969642.64560615, "notional_taker": 23911329.18040012, "funding_charges": 1601611, 
[     1s] CHECK run.S2_v4_s42|CMB|rule.g_identity OK 
[     1s] CHECK run.S2_v4_s42|LIT|rule.rc0_and_sha OK 
[     1s] CHECK run.S2_v4_s42|LIT|rule.audits OK {"trades": 4778942, "max_fee_err": 0.0, "trades_by_kind": {"maker": 2391453, "taker": 2375376, "exit_completion": 9212, "flatten": 2901}, "notional_maker": 81727271.69283976, "notional_taker": 25239133.813980397, "funding_charges": 1601030,
[     1s] CHECK run.S2_v4_s42|LIT|rule.g_identity OK 
[     1s] CHECK run.S2_v4_s2027|CMB|rule.rc0_and_sha OK 
[     1s] CHECK run.S2_v4_s2027|CMB|rule.audits OK {"trades": 5271398, "max_fee_err": 0.0, "trades_by_kind": {"maker": 2637768, "taker": 2625144, "exit_completion": 6643, "flatten": 1843}, "notional_maker": 82868049.9044963, "notional_taker": 25967111.02245408, "funding_charges": 1600916, "
[     1s] CHECK run.S2_v4_s2027|CMB|rule.g_identity OK 
[     1s] CHECK run.S2_v4_s2027|LIT|rule.rc0_and_sha OK 
[     1s] CHECK run.S2_v4_s2027|LIT|rule.audits OK {"trades": 4770171, "max_fee_err": 0.0, "trades_by_kind": {"maker": 2387087, "taker": 2370930, "exit_completion": 9255, "flatten": 2899}, "notional_maker": 81468945.19477841, "notional_taker": 25147563.53102662, "funding_charges": 1600758, 
[     1s] CHECK run.S2_v4_s2027|LIT|rule.g_identity OK 
[     1s] CHECK run.S2_A0pred_s42|CMB|none.rc0_and_sha OK 
[     1s] CHECK run.S2_A0pred_s42|CMB|none.audits OK {"trades": 5283938, "max_fee_err": 0.0, "trades_by_kind": {"maker": 2645115, "taker": 2631880, "exit_completion": 6943}, "notional_maker": 81034964.0144487, "notional_taker": 23360588.213820256, "funding_charges": 1606246, "funding_max_err"
[     1s] CHECK run.S2_A0pred_s42|CMB|none.g_identity OK 
[     1s] CHECK run.S2_A0pred_s2027|CMB|none.rc0_and_sha OK 
[     1s] CHECK run.S2_A0pred_s2027|CMB|none.audits OK {"trades": 5346497, "max_fee_err": 0.0, "trades_by_kind": {"maker": 2676204, "taker": 2663583, "exit_completion": 6710}, "notional_maker": 88603281.98786213, "notional_taker": 25529655.18121245, "funding_charges": 1607859, "funding_max_err"
[     1s] CHECK run.S2_A0pred_s2027|CMB|none.g_identity OK 
[     1s] CHECK run.S2_v4_s42|CMB|none.rc0_and_sha OK 
[     1s] CHECK run.S2_v4_s42|CMB|none.audits OK {"trades": 5256549, "max_fee_err": 0.0, "trades_by_kind": {"maker": 2631163, "taker": 2618591, "exit_completion": 6795}, "notional_maker": 80202812.43631448, "notional_taker": 23092597.413004775, "funding_charges": 1603424, "funding_max_err
[     1s] CHECK run.S2_v4_s42|CMB|none.g_identity OK 
[     1s] CHECK run.S2_v4_s2027|CMB|none.rc0_and_sha OK 
[     1s] CHECK run.S2_v4_s2027|CMB|none.audits OK {"trades": 5288675, "max_fee_err": 0.0, "trades_by_kind": {"maker": 2647493, "taker": 2634393, "exit_completion": 6789}, "notional_maker": 83857061.77862738, "notional_taker": 24127143.954921838, "funding_charges": 1603966, "funding_max_err
[     1s] CHECK run.S2_v4_s2027|CMB|none.g_identity OK 
[     1s] CHECK axis.S2_A0pred_s42|CMB|rule OK 
[     1s] CHECK axis.S2_A0pred_s42|LIT|rule OK 
[     1s] CHECK axis.S2_A0pred_s2027|CMB|rule OK 
[     1s] CHECK axis.S2_A0pred_s2027|LIT|rule OK 
[     1s] CHECK axis.S2_v4_s42|CMB|rule OK 
[     1s] CHECK axis.S2_v4_s42|LIT|rule OK 
[     1s] CHECK axis.S2_v4_s2027|CMB|rule OK 
[     1s] CHECK axis.S2_v4_s2027|LIT|rule OK 
[     1s] CHECK axis.S2_A0pred_s42|CMB|none OK 
[     1s] CHECK axis.S2_A0pred_s2027|CMB|none OK 
[     1s] CHECK axis.S2_v4_s42|CMB|none OK 
[     1s] CHECK axis.S2_v4_s2027|CMB|none OK 
[     1s] CHECK axis.W_ALPHA OK 
[     1s] CHECK realcost.load.A0_s42 OK []
[     1s] CHECK realcost.repro.A0_s42 OK {"g": 0.5628432213053973, "pub": 0.5628432213053973}
[     9s] CHECK realcost.load.A0_s2027 OK []
[    10s] CHECK realcost.repro.A0_s2027 OK {"g": 0.6001866611774284, "pub": 0.6001866611774284}
[    18s] CHECK realcost.load.A1_s42 OK []
[    18s] CHECK realcost.repro.A1_s42 OK {"g": 0.6166582123601877, "pub": 0.6166582123601877}
[    26s] CHECK realcost.load.A1_s2027 OK []
[    26s] CHECK realcost.repro.A1_s2027 OK {"g": 0.6313477750219423, "pub": 0.6313477750219423}
[    34s] CHECK S2_series.axis OK 
[    35s] CHECK legs.S2_A0pred_s2027.shas OK 
[    35s] legs S2_A0pred_s2027
[    36s] CHECK legs.S2_A0pred_s42.shas OK 
[    36s] legs S2_A0pred_s42
[    37s] CHECK legs.S2_v4_s2027.shas OK 
[    37s] legs S2_v4_s2027
[    38s] CHECK legs.S2_v4_s42.shas OK 
[    38s] legs S2_v4_s42
[    38s] CHECK labels.axis_prefix OK 
[    41s] tables S2_A0pred_s42|CMB|rule
[    44s] tables S2_A0pred_s42|LIT|rule
[    47s] tables S2_A0pred_s2027|CMB|rule
[    50s] tables S2_A0pred_s2027|LIT|rule
[    53s] tables S2_v4_s42|CMB|rule
[    56s] tables S2_v4_s42|LIT|rule
[    59s] tables S2_v4_s2027|CMB|rule
[    62s] tables S2_v4_s2027|LIT|rule
[    65s] tables S2_A0pred_s42|CMB|none
[    68s] tables S2_A0pred_s2027|CMB|none
[    71s] tables S2_v4_s42|CMB|none
[    74s] tables S2_v4_s2027|CMB|none
R_TABLES VERDICT=PASS runs=12 json_sha256=e312f2fec832b6b44e8141a93270890e9343fec0ee5747c829fc2685e03d9300 md_sha256=f698c999738c0be7eefa067e6abfe9f41d60c6aa87b4fbb71709b6f73f86444c runtime_s=75
