inputs: /Users/haosiyu/cc_tmp/fx_exec_census live anchors walked: 139 last anchor: 2026-09-13 12:00Z

== STOPPED-AND-HELD names: (period, recorded clamp bucket, maker terminal, top-up row) -> count ==
     1  ('A_policyA_0/1(08-20..09-01 12Z)', 'UNLISTED', 'partial_expired', 'skipped_min_notional|src=from_partial|arm=no_chase|sent=False')  e.g. ['08-31 12:00Z ZORAUSDT -301.2']
     1  ('A_policyA_0/1(08-20..09-01 12Z)', 'UNLISTED', 'partial_expired,venue_reject', 'skipped_min_notional|src=from_partial|arm=no_chase|sent=False')  e.g. ['08-30 20:00Z SKRUSDT -305.1']
     1  ('A_policyA_0/1(08-20..09-01 12Z)', 'UNLISTED', 'venue_reject', 'filled|src=from_reject|arm=None|sent=True')  e.g. ['08-26 00:00Z PROMUSDT -168.2']
     3  ('A_policyA_0/1(08-20..09-01 12Z)', 'add_blocked', 'skipped_min_notional', 'no_topup_row')  e.g. ['08-31 16:00Z MAGMAUSDT +14.4', '09-01 08:00Z BTRUSDT +12.0', '09-01 12:00Z BTRUSDT +9.1']
     1  ('A_policyA_0/1(08-20..09-01 12Z)', 'flatten_only', 'partial_expired', 'skipped_min_notional|src=from_partial|arm=no_chase|sent=False')  e.g. ['08-25 00:00Z VELVETUSDT +122.0']
     1  ('A_policyA_0/1(08-20..09-01 12Z)', 'flatten_only', 'partial_expired,venue_reject', 'skipped_min_notional|src=from_partial|arm=no_chase|sent=False')  e.g. ['08-23 12:00Z MAGMAUSDT +108.1']
     3  ('A_policyA_0/1(08-20..09-01 12Z)', 'reduced', 'partial_expired', 'skipped_min_notional|src=from_partial|arm=no_chase|sent=False')  e.g. ['08-20 16:00Z BOMEUSDT -286.4', '08-26 00:00Z SKYAIUSDT +96.6', '09-01 00:00Z BTRUSDT +16.2']
     3  ('A_policyA_0/1(08-20..09-01 12Z)', 'reduced', 'partial_expired,venue_reject', 'skipped_min_notional|src=from_partial|arm=no_chase|sent=False')  e.g. ['08-21 12:00Z ENAUSDT -302.1', '08-31 08:00Z MAGMAUSDT +406.2', '09-01 12:00Z CYSUSDT +413.1']
     7  ('A_policyA_0/1(08-20..09-01 12Z)', 'reduced', 'skipped_min_notional', 'no_topup_row')  e.g. ['08-31 12:00Z MAGMAUSDT +15.0', '08-31 20:00Z BTRUSDT +16.1', '08-31 20:00Z MAGMAUSDT +15.8']
     2  ('A_policyA_0/1(08-20..09-01 12Z)', 'reduced', 'venue_reject', 'filled|src=from_reject|arm=None|sent=True')  e.g. ['08-31 16:00Z BTRUSDT +453.3', '09-01 04:00Z BTRUSDT +14.3']
     1  ('B_restart_0.5/0.5(09-01 16Z..09-13 08Z)', 'UNLISTED', 'partial_expired', 'skipped_min_notional|src=from_partial|arm=no_chase|sent=False')  e.g. ['09-04 16:00Z USELESSUSDT -834.7']
   102  ('B_restart_0.5/0.5(09-01 16Z..09-13 08Z)', 'add_blocked', 'skipped_min_notional', 'no_topup_row')  e.g. ['09-01 16:00Z BTRUSDT +6.1', '09-01 16:00Z CYSUSDT +11.8', '09-01 20:00Z BTRUSDT +6.2']
     1  ('B_restart_0.5/0.5(09-01 16Z..09-13 08Z)', 'flatten_only', 'partial_expired', 'filled|src=from_partial|arm=chase|sent=True')  e.g. ['09-12 12:00Z LSKUSDT -81.0']
     3  ('B_restart_0.5/0.5(09-01 16Z..09-13 08Z)', 'flatten_only', 'partial_expired', 'skipped_min_notional|src=from_partial|arm=chase|sent=False')  e.g. ['09-03 08:00Z EGLDUSDT -7.7', '09-03 16:00Z ARBUSDT -173.5', '09-05 16:00Z DASHUSDT -503.4']
     1  ('B_restart_0.5/0.5(09-01 16Z..09-13 08Z)', 'flatten_only', 'partial_expired', 'skipped_no_chase_arm|src=from_partial|arm=no_chase|sent=False')  e.g. ['09-05 12:00Z DASHUSDT -489.2']
     1  ('B_restart_0.5/0.5(09-01 16Z..09-13 08Z)', 'reduced', 'partial_expired', 'skipped_min_notional|src=from_partial|arm=chase|sent=False')  e.g. ['09-01 16:00Z TRIAUSDT +293.5']
     2  ('B_restart_0.5/0.5(09-01 16Z..09-13 08Z)', 'reduced', 'partial_expired', 'skipped_min_notional|src=from_partial|arm=no_chase|sent=False')  e.g. ['09-02 16:00Z RIVERUSDT +434.6', '09-10 12:00Z IOSTUSDT +894.4']
     1  ('B_restart_0.5/0.5(09-01 16Z..09-13 08Z)', 'reduced', 'partial_expired', 'skipped_no_chase_arm|src=from_partial|arm=no_chase|sent=False')  e.g. ['09-02 12:00Z RIVERUSDT +435.2']
     1  ('B_restart_0.5/0.5(09-01 16Z..09-13 08Z)', 'reduced', 'partial_expired,venue_reject', 'skipped_min_notional|src=from_partial|arm=no_chase|sent=False')  e.g. ['09-06 04:00Z HEMIUSDT +1424.0']
    18  ('B_restart_0.5/0.5(09-01 16Z..09-13 08Z)', 'reduced', 'skipped_min_notional', 'no_topup_row')  e.g. ['09-01 16:00Z MAGMAUSDT +15.9', '09-01 20:00Z MAGMAUSDT +17.3', '09-02 12:00Z MAGMAUSDT +18.5']
     3  ('B_restart_0.5/0.5(09-01 16Z..09-13 08Z)', 'reduced', 'venue_reject', 'filled|src=from_reject|arm=None|sent=True')  e.g. ['09-02 08:00Z MAGMAUSDT +21.8', '09-08 16:00Z XANUSDT +2292.4', '09-08 20:00Z XANUSDT +54.1']

== STOPPED-AND-HELD, top-up outcome by period ==
    10  ('A_policyA_0/1(08-20..09-01 12Z)', 'no_topup_row')
    10  ('A_policyA_0/1(08-20..09-01 12Z)', 'skipped_min_notional')
     3  ('A_policyA_0/1(08-20..09-01 12Z)', 'taker_IOC_sent')
   120  ('B_restart_0.5/0.5(09-01 16Z..09-13 08Z)', 'no_topup_row')
     8  ('B_restart_0.5/0.5(09-01 16Z..09-13 08Z)', 'skipped_min_notional')
     4  ('B_restart_0.5/0.5(09-01 16Z..09-13 08Z)', 'taker_IOC_sent')
     2  ('B_restart_0.5/0.5(09-01 16Z..09-13 08Z)', 'withheld_no_chase_arm')

== STOPPED-AND-HELD taker IOC actually sent: by period, topup_source, chase_arm ==
     3  ('A_policyA_0/1(08-20..09-01 12Z)', 'src=from_reject', 'arm=None')
     1  ('B_restart_0.5/0.5(09-01 16Z..09-13 08Z)', 'src=from_partial', 'arm=chase')
     3  ('B_restart_0.5/0.5(09-01 16Z..09-13 08Z)', 'src=from_reject', 'arm=None')

== OTHER (non-stop) flatten_only names: (period, top-up terminal|source) -> count ==
      1  ('A_policyA_0/1(08-20..09-01 12Z)', 'filled|src=from_partial')
      8  ('A_policyA_0/1(08-20..09-01 12Z)', 'filled|src=from_reject')
    401  ('A_policyA_0/1(08-20..09-01 12Z)', 'no_topup_row')
     78  ('A_policyA_0/1(08-20..09-01 12Z)', 'skipped_min_notional|src=from_partial')
     14  ('A_policyA_0/1(08-20..09-01 12Z)', 'skipped_no_chase_arm|src=from_partial')
      2  ('B_restart_0.5/0.5(09-01 16Z..09-13 08Z)', 'filled|src=from_partial')
    372  ('B_restart_0.5/0.5(09-01 16Z..09-13 08Z)', 'no_topup_row')
     26  ('B_restart_0.5/0.5(09-01 16Z..09-13 08Z)', 'skipped_min_notional|src=from_partial')
      4  ('B_restart_0.5/0.5(09-01 16Z..09-13 08Z)', 'skipped_no_chase_arm|src=from_partial')
      2  ('B_restart_0.5/0.5(09-01 16Z..09-13 08Z)', 'skipped_unknown_fill|src=None')
