legs.npz RN8 vs archive as-of   legs=/dev/shm/news2_2026-09-23/work/legs.npz
  sha 9ee5886f37d1727c  anchors=10333 ready=9247 symbols=829
  2026-01: anchors=186 shared_syms=560
       compared_finite=73894 bitwise_equal=73891 DIFFER=0  agreement=99.99594%
       iv_column_disagrees_with_spacing_on_asof_rows=23  (standard spacing 20, NONSTANDARD 3)
       unresolved_nonstandard_spacing=3  DIFFER_but_matches_iv_column=0
       both_nan_agree=414 legs_finite_archive_says_stale=0 nan_not_member=26849 nan_BUT_MEMBER=0 nan_undecidable=0 out_of_coverage=2302
         {'symbol': 'LAUSDT', 'anchor': '2026-01-03T16:00Z', 'class': 'UNRESOLVED_NONSTANDARD_SPACING', 'legs_rn8': -0.000878979975823313, 'by_spacing': -0.0011719733010977507, 'by_iv_column': -0.000878979975823313, 'iv_gap_h': 3.0, 'iv_column_h': 4.0, 'asof_event': '2026-01-03T16:00Z'}
         {'symbol': 'ZKPUSDT', 'anchor': '2026-01-12T00:00Z', 'class': 'UNRESOLVED_NONSTANDARD_SPACING', 'legs_rn8': -0.00158607994671911, 'by_spacing': -0.0021147732622921467, 'by_iv_column': -0.00158607994671911, 'iv_gap_h': 3.0, 'iv_column_h': 4.0, 'asof_event': '2026-01-12T00:00Z'}
         {'symbol': 'STOUSDT', 'anchor': '2026-01-20T08:00Z', 'class': 'UNRESOLVED_NONSTANDARD_SPACING', 'legs_rn8': -0.0007870999979786575, 'by_spacing': -0.0010494666639715433, 'by_iv_column': -0.0007870999979786575, 'iv_gap_h': 3.0, 'iv_column_h': 4.0, 'asof_event': '2026-01-20T08:00Z'}
  2026-02: anchors=168 shared_syms=563
       compared_finite=66690 bitwise_equal=66685 DIFFER=0  agreement=99.992503%
       iv_column_disagrees_with_spacing_on_asof_rows=16  (standard spacing 11, NONSTANDARD 5)
       unresolved_nonstandard_spacing=5  DIFFER_but_matches_iv_column=0
       both_nan_agree=774 legs_finite_archive_says_stale=0 nan_not_member=25792 nan_BUT_MEMBER=0 nan_undecidable=0 out_of_coverage=621
         {'symbol': 'PIPPINUSDT', 'anchor': '2026-02-02T08:00Z', 'class': 'UNRESOLVED_NONSTANDARD_SPACING', 'legs_rn8': 9.999999747378752e-05, 'by_spacing': 0.00013333333481568843, 'by_iv_column': 9.999999747378752e-05, 'iv_gap_h': 3.0, 'iv_column_h': 4.0, 'asof_event': '2026-02-02T08:00Z'}
         {'symbol': 'ZKPUSDT', 'anchor': '2026-02-08T08:00Z', 'class': 'UNRESOLVED_NONSTANDARD_SPACING', 'legs_rn8': -0.0009396799723617733, 'by_spacing': -0.0012529066298156977, 'by_iv_column': -0.0009396799723617733, 'iv_gap_h': 3.0, 'iv_column_h': 4.0, 'asof_event': '2026-02-08T08:00Z'}
         {'symbol': 'INITUSDT', 'anchor': '2026-02-19T04:00Z', 'class': 'UNRESOLVED_NONSTANDARD_SPACING', 'legs_rn8': -0.0001619200047571212, 'by_spacing': -0.0002158933348255232, 'by_iv_column': -0.0001619200047571212, 'iv_gap_h': 3.0, 'iv_column_h': 4.0, 'asof_event': '2026-02-19T04:00Z'}
         {'symbol': 'RPLUSDT', 'anchor': '2026-02-22T16:00Z', 'class': 'UNRESOLVED_NONSTANDARD_SPACING', 'legs_rn8': -0.0005148799973540008, 'by_spacing': -0.0006865066825412214, 'by_iv_column': -0.0005148799973540008, 'iv_gap_h': 3.0, 'iv_column_h': 4.0, 'asof_event': '2026-02-22T16:00Z'}
         {'symbol': 'AZTECUSDT', 'anchor': '2026-02-27T00:00Z', 'class': 'UNRESOLVED_NONSTANDARD_SPACING', 'legs_rn8': -0.00040821998845785856, 'by_spacing': -0.0005442933179438114, 'by_iv_column': -0.00040821998845785856, 'iv_gap_h': 3.0, 'iv_column_h': 4.0, 'asof_event': '2026-02-27T00:00Z'}
  2026-03: anchors=186 shared_syms=573
       compared_finite=73880 bitwise_equal=73869 DIFFER=0  agreement=99.985111%
       iv_column_disagrees_with_spacing_on_asof_rows=23  (standard spacing 12, NONSTANDARD 11)
       unresolved_nonstandard_spacing=11  DIFFER_but_matches_iv_column=0
       both_nan_agree=504 legs_finite_archive_says_stale=0 nan_not_member=29445 nan_BUT_MEMBER=0 nan_undecidable=0 out_of_coverage=2028
         {'symbol': 'SKRUSDT', 'anchor': '2026-03-02T04:00Z', 'class': 'UNRESOLVED_NONSTANDARD_SPACING', 'legs_rn8': -0.0010768199572339654, 'by_spacing': -0.0014357599429786205, 'by_iv_column': -0.0010768199572339654, 'iv_gap_h': 3.0, 'iv_column_h': 4.0, 'asof_event': '2026-03-02T04:00Z'}
         {'symbol': 'STEEMUSDT', 'anchor': '2026-03-05T12:00Z', 'class': 'UNRESOLVED_NONSTANDARD_SPACING', 'legs_rn8': -0.0008634600089862943, 'by_spacing': -0.0011512800119817257, 'by_iv_column': -0.0008634600089862943, 'iv_gap_h': 3.0, 'iv_column_h': 4.0, 'asof_event': '2026-03-05T12:00Z'}
         {'symbol': 'ESPUSDT', 'anchor': '2026-03-06T00:00Z', 'class': 'UNRESOLVED_NONSTANDARD_SPACING', 'legs_rn8': -0.0007485600071959198, 'by_spacing': -0.0009980800095945597, 'by_iv_column': -0.0007485600071959198, 'iv_gap_h': 3.0, 'iv_column_h': 4.0, 'asof_event': '2026-03-06T00:00Z'}
         {'symbol': 'COSUSDT', 'anchor': '2026-03-10T20:00Z', 'class': 'UNRESOLVED_NONSTANDARD_SPACING', 'legs_rn8': -0.00035519999801181257, 'by_spacing': -0.0004735999973490834, 'by_iv_column': -0.00035519999801181257, 'iv_gap_h': 3.0, 'iv_column_h': 4.0, 'asof_event': '2026-03-10T20:00Z'}
         {'symbol': 'JELLYJELLYUSDT', 'anchor': '2026-03-11T04:00Z', 'class': 'UNRESOLVED_NONSTANDARD_SPACING', 'legs_rn8': -0.0013451799750328064, 'by_spacing': -0.0017935733776539564, 'by_iv_column': -0.0013451799750328064, 'iv_gap_h': 3.0, 'iv_column_h': 4.0, 'asof_event': '2026-03-11T04:00Z'}
  2026-04: anchors=180 shared_syms=578
       compared_finite=71479 bitwise_equal=71474 DIFFER=0  agreement=99.993005%
       iv_column_disagrees_with_spacing_on_asof_rows=14  (standard spacing 9, NONSTANDARD 5)
       unresolved_nonstandard_spacing=5  DIFFER_but_matches_iv_column=0
       both_nan_agree=1038 legs_finite_archive_says_stale=0 nan_not_member=29882 nan_BUT_MEMBER=0 nan_undecidable=0 out_of_coverage=914
         {'symbol': 'SIRENUSDT', 'anchor': '2026-04-02T00:00Z', 'class': 'UNRESOLVED_NONSTANDARD_SPACING', 'legs_rn8': 9.999999747378752e-05, 'by_spacing': 0.00013333333481568843, 'by_iv_column': 9.999999747378752e-05, 'iv_gap_h': 3.0, 'iv_column_h': 4.0, 'asof_event': '2026-04-02T00:00Z'}
         {'symbol': 'STABLEUSDT', 'anchor': '2026-04-03T12:00Z', 'class': 'UNRESOLVED_NONSTANDARD_SPACING', 'legs_rn8': 9.999999747378752e-05, 'by_spacing': 0.00013333333481568843, 'by_iv_column': 9.999999747378752e-05, 'iv_gap_h': 3.0, 'iv_column_h': 4.0, 'asof_event': '2026-04-03T12:00Z'}
         {'symbol': 'BLURUSDT', 'anchor': '2026-04-03T20:00Z', 'class': 'UNRESOLVED_NONSTANDARD_SPACING', 'legs_rn8': -0.00030683999648317695, 'by_spacing': -0.0004091199953109026, 'by_iv_column': -0.00030683999648317695, 'iv_gap_h': 3.0, 'iv_column_h': 4.0, 'asof_event': '2026-04-03T20:00Z'}
         {'symbol': 'STOUSDT', 'anchor': '2026-04-07T04:00Z', 'class': 'UNRESOLVED_NONSTANDARD_SPACING', 'legs_rn8': -0.000321339990478009, 'by_spacing': -0.0004284533206373453, 'by_iv_column': -0.000321339990478009, 'iv_gap_h': 3.0, 'iv_column_h': 4.0, 'asof_event': '2026-04-07T04:00Z'}
         {'symbol': 'ARIAUSDT', 'anchor': '2026-04-16T00:00Z', 'class': 'UNRESOLVED_NONSTANDARD_SPACING', 'legs_rn8': 9.999999747378752e-05, 'by_spacing': 0.00013333333481568843, 'by_iv_column': 9.999999747378752e-05, 'iv_gap_h': 3.0, 'iv_column_h': 4.0, 'asof_event': '2026-04-16T00:00Z'}
  2026-05: anchors=186 shared_syms=592
       compared_finite=73895 bitwise_equal=73893 DIFFER=0  agreement=99.997293%
       iv_column_disagrees_with_spacing_on_asof_rows=10  (standard spacing 4, NONSTANDARD 6)
       unresolved_nonstandard_spacing=2  DIFFER_but_matches_iv_column=0
       both_nan_agree=288 legs_finite_archive_says_stale=0 nan_not_member=31897 nan_BUT_MEMBER=0 nan_undecidable=0 out_of_coverage=3265
         {'symbol': 'LAYERUSDT', 'anchor': '2026-05-12T04:00Z', 'class': 'UNRESOLVED_NONSTANDARD_SPACING', 'legs_rn8': -0.0007790200179442763, 'by_spacing': -0.0010386933572590351, 'by_iv_column': -0.0007790200179442763, 'iv_gap_h': 3.0, 'iv_column_h': 4.0, 'asof_event': '2026-05-12T04:00Z'}
         {'symbol': 'GUAUSDT', 'anchor': '2026-05-30T20:00Z', 'class': 'UNRESOLVED_NONSTANDARD_SPACING', 'legs_rn8': 0.0008587400079704821, 'by_spacing': 0.0011449867160990834, 'by_iv_column': 0.0008587400079704821, 'iv_gap_h': 3.0, 'iv_column_h': 4.0, 'asof_event': '2026-05-30T20:00Z'}
  2026-06: anchors=180 shared_syms=646
       compared_finite=71491 bitwise_equal=71490 DIFFER=0  agreement=99.998601%
       iv_column_disagrees_with_spacing_on_asof_rows=461  (standard spacing 457, NONSTANDARD 4)
       unresolved_nonstandard_spacing=1  DIFFER_but_matches_iv_column=0
       both_nan_agree=510 legs_finite_archive_says_stale=0 nan_not_member=40036 nan_BUT_MEMBER=0 nan_undecidable=0 out_of_coverage=3360
         {'symbol': 'PLAYUSDT', 'anchor': '2026-06-12T08:00Z', 'class': 'UNRESOLVED_NONSTANDARD_SPACING', 'legs_rn8': 0.002004799898713827, 'by_spacing': 0.0026730666868388653, 'by_iv_column': 0.002004799898713827, 'iv_gap_h': 3.0, 'iv_column_h': 4.0, 'asof_event': '2026-06-12T08:00Z'}
  2026-07: anchors=186 shared_syms=680
       compared_finite=73913 bitwise_equal=73911 DIFFER=0  agreement=99.997294%
       iv_column_disagrees_with_spacing_on_asof_rows=56  (standard spacing 21, NONSTANDARD 35)
       unresolved_nonstandard_spacing=2  DIFFER_but_matches_iv_column=0
       both_nan_agree=174 legs_finite_archive_says_stale=0 nan_not_member=48147 nan_BUT_MEMBER=0 nan_undecidable=0 out_of_coverage=3309
         {'symbol': 'PARTIUSDT', 'anchor': '2026-07-12T20:00Z', 'class': 'UNRESOLVED_NONSTANDARD_SPACING', 'legs_rn8': 9.999999747378752e-05, 'by_spacing': 0.00013333333481568843, 'by_iv_column': 9.999999747378752e-05, 'iv_gap_h': 3.0, 'iv_column_h': 4.0, 'asof_event': '2026-07-12T20:00Z'}
         {'symbol': '1000XECUSDT', 'anchor': '2026-07-23T00:00Z', 'class': 'UNRESOLVED_NONSTANDARD_SPACING', 'legs_rn8': -0.0013910799752920866, 'by_spacing': -0.0018547733779996634, 'by_iv_column': -0.0013910799752920866, 'iv_gap_h': 3.0, 'iv_column_h': 4.0, 'asof_event': '2026-07-23T00:00Z'}
  2026-08: anchors=186 shared_syms=679
       compared_finite=73890 bitwise_equal=73888 DIFFER=0  agreement=99.997293%
       iv_column_disagrees_with_spacing_on_asof_rows=64  (standard spacing 24, NONSTANDARD 40)
       unresolved_nonstandard_spacing=2  DIFFER_but_matches_iv_column=0
       both_nan_agree=666 legs_finite_archive_says_stale=0 nan_not_member=50807 nan_BUT_MEMBER=0 nan_undecidable=0 out_of_coverage=0
         {'symbol': 'BANKUSDT', 'anchor': '2026-08-05T08:00Z', 'class': 'UNRESOLVED_NONSTANDARD_SPACING', 'legs_rn8': 2.8360000214888714e-05, 'by_spacing': 3.781333361985162e-05, 'by_iv_column': 2.8360000214888714e-05, 'iv_gap_h': 3.0, 'iv_column_h': 4.0, 'asof_event': '2026-08-05T08:00Z'}
         {'symbol': 'ONGUSDT', 'anchor': '2026-08-25T08:00Z', 'class': 'UNRESOLVED_NONSTANDARD_SPACING', 'legs_rn8': 9.999999747378752e-05, 'by_spacing': 0.00013333333481568843, 'by_iv_column': 9.999999747378752e-05, 'iv_gap_h': 3.0, 'iv_column_h': 4.0, 'asof_event': '2026-08-25T08:00Z'}
  ALL {'legs_finite_but_no_spacing_available': 3954, 'out_of_coverage_no_spacing': 2420, 'out_of_coverage_no_in_month_asof': 15799, 'compared_finite': 579132, 'bitwise_equal': 579101, 'legs_nan_correct_NOT_a_member': 282855, 'asof_row_where_iv_column_disagrees_with_spacing': 667, '  of_those_spacing_is_standard': 558, '  of_those_spacing_is_NONSTANDARD': 109, 'unresolved_nonstandard_spacing_legs_used_iv_column': 31, 'both_nan_agree': 4368}
  VERDICT LEGS_RN8_MATCHES_ARCHIVE_AS_OF
  receipt -> /workspace/d10_dryrun_2026-09-27/out/D10_LEGS_RN8_VS_ARCHIVE_JAN_AUG.json  sha256=78bbf62e5af53063737181d9fbf03069f5c4a14ce7f8c190882bd6ec71db4459
