{
 "crosscheck": {
  "C0:S0_rec": {
   "n_rec_rows": 10039,
   "n_sel_mismatch": 0,
   "len_m_mismatch": 0,
   "anchors_with_elig_ge80_but_no_rec": 0,
   "anchors_in_rec_with_sel_lt_80": 0,
   "rec_first_utc": "2022-01-31T00:00Z",
   "rec_last_utc": "2026-08-31T00:00Z",
   "PASS": true
  },
  "C0:d30_n2_c42_rec": {
   "n_rec_rows": 10039,
   "n_sel_mismatch": 0,
   "len_m_mismatch": 0,
   "anchors_with_elig_ge80_but_no_rec": 0,
   "anchors_in_rec_with_sel_lt_80": 0,
   "rec_first_utc": "2022-01-31T00:00Z",
   "rec_last_utc": "2026-08-31T00:00Z",
   "PASS": true
  },
  "NW:S0_rec": {
   "n_rec_rows": 10039,
   "n_sel_mismatch": 0,
   "len_m_mismatch": 0,
   "anchors_with_elig_ge80_but_no_rec": 0,
   "anchors_in_rec_with_sel_lt_80": 0,
   "rec_first_utc": "2022-01-31T00:00Z",
   "rec_last_utc": "2026-08-31T00:00Z",
   "PASS": true
  },
  "NW:d30_n2_c42_rec": {
   "n_rec_rows": 10039,
   "n_sel_mismatch": 0,
   "len_m_mismatch": 0,
   "anchors_with_elig_ge80_but_no_rec": 0,
   "anchors_in_rec_with_sel_lt_80": 0,
   "rec_first_utc": "2022-01-31T00:00Z",
   "rec_last_utc": "2026-08-31T00:00Z",
   "PASS": true
  }
 },
 "per_year": {
  "2022": {
   "n_anchors": 2148,
   "n_anchors_with_panel_row": 2010,
   "mean_n_elig_C0_on_ge80": 138.77860696517413
  },
  "2023": {
   "n_anchors": 2190,
   "n_anchors_with_panel_row": 2190,
   "mean_n_elig_C0_on_ge80": 176.32511415525113
  },
  "2024": {
   "n_anchors": 2196,
   "n_anchors_with_panel_row": 2196,
   "mean_n_elig_C0_on_ge80": 257.9945355191257
  },
  "2025": {
   "n_anchors": 2190,
   "n_anchors_with_panel_row": 2190,
   "mean_n_elig_C0_on_ge80": 354.33607305936073
  },
  "2026": {
   "n_anchors": 1458,
   "n_anchors_with_panel_row": 1453,
   "mean_n_elig_C0_on_ge80": 280.41913282863044
  }
 },
 "out_sha": "a530e123a13d172272a1f36c300eccba945ec8d2303f32556db844c65e256bfb"
}
