live syms mapped to wide panel: 140 / 140 unmapped: []
precompute 0 / 9821 2.2 s
precompute 2000 / 9821 7.6 s
precompute 4000 / 9821 13.1 s
precompute 6000 / 9821 18.6 s
precompute 8000 / 9821 24.2 s
S0 0 / 9821 29.5 s
S0 2000 / 9821 31.8 s
S0 4000 / 9821 34.4 s
S0 6000 / 9821 37.3 s
S0 8000 / 9821 40.1 s
S1 0 / 9821 42.7 s
S1 2000 / 9821 45.1 s
S1 4000 / 9821 47.7 s
S1 6000 / 9821 50.5 s
S1 8000 / 9821 53.4 s
leg_king 0 / 9821 55.9 s
leg_king 2000 / 9821 58.2 s
leg_king 4000 / 9821 60.7 s
leg_king 6000 / 9821 63.5 s
leg_king 8000 / 9821 66.2 s
leg_s2 0 / 9821 68.7 s
leg_s2 2000 / 9821 70.8 s
leg_s2 4000 / 9821 73.3 s
leg_s2 6000 / 9821 75.9 s
leg_s2 8000 / 9821 78.7 s
leg_funding 0 / 9821 81.3 s
leg_funding 2000 / 9821 83.6 s
leg_funding 4000 / 9821 86.0 s
leg_funding 6000 / 9821 88.7 s
leg_funding 8000 / 9821 91.4 s
RECEIPT S0 {"maxabs_diff_vs_probe_artifacts_net": 0.0, "n": 9821, "mean": 1.1538, "sd": 36.99, "sharpe": 1.46, "by_year": {"2022": 2.18, "2023": 0.355, "2024": 0.63, "2025": 1.679, "2026": 0.699}, "gross_mean": 0.9867, "gross_p5": 0.9723, "gross_p95": 1.0008, "turnover_mean": 0.02572, "carry_mean_bps": -0.0808, "carry_uncovered_gross_share": 0.0858, "fires_total": 0}
RECEIPT S1 {"maxabs_diff_vs_probe_artifacts_net": 0.0, "n": 9821, "mean": 1.1218, "sd": 35.362, "sharpe": 1.485, "by_year": {"2022": 2.059, "2023": 0.347, "2024": 0.807, "2025": 1.537, "2026": 0.599}, "gross_mean": 0.9599, "gross_p5": 0.8599, "gross_p95": 0.9963, "turnover_mean": 0.02728, "carry_mean_bps": -0.0813, "carry_uncovered_gross_share": 0.0854, "fires_total": 866}
DONE 94.3 s
