pins verified 13 3.4 s
live targets 0 / 9821 0.0 s
live targets 3000 / 9821 2.2 s
live targets 6000 / 9821 4.4 s
live targets 9000 / 9821 6.7 s
wide targets 0 / 9821 16.5 s
wide targets 3000 / 9821 19.0 s
wide targets 6000 / 9821 21.6 s
wide targets 9000 / 9821 24.4 s
targets built+cached 39.3 s
data loaded; anchors 9821 first 2022-01-01 00:00 last 2026-06-29 20:00 42.7 s
ARM L_dev_nostop mean net@1 1.2505 sharpe 1.582 trn 0.02572 gross 0.9867 48.5 s
ARM L_dev mean net@1 1.2078 sharpe 1.602 trn 0.02807 gross 0.9598 49.1 s
RECEIPT L_native maxabs vs net_S1.npy = 7.105427357601002e-14 49.1 s
ARM L_native mean net@1 1.2031 sharpe 1.592 trn 0.02728 gross 0.9599 49.1 s
ARM W_livefn_b0.002 mean net@1 1.179 sharpe 2.209 trn 0.03338 gross 0.9323 50.5 s
ARM W_livefn_b0.0005 mean net@1 1.1539 sharpe 2.093 trn 0.04566 gross 0.9501 50.6 s
ARM W_livefn_b0.00025 mean net@1 1.1963 sharpe 2.16 trn 0.05009 gross 0.952 50.6 s
ARM M_w07_b0.002 mean net@1 1.2849 sharpe 2.417 trn 0.02781 gross 0.9333 50.9 s
ARM M_w07_b0.0005 mean net@1 1.2586 sharpe 2.293 trn 0.03898 gross 0.9527 51.0 s
ARM M_w07_b0.00025 mean net@1 1.3009 sharpe 2.368 trn 0.04324 gross 0.955 51.1 s
ARM M_w05_b0.002 mean net@1 1.263 sharpe 2.224 trn 0.02548 gross 0.9357 56.0 s
ARM M_w05_b0.00025 mean net@1 1.286 sharpe 2.214 trn 0.04059 gross 0.9582 56.7 s
ARM M_w05_b0.0005 mean net@1 1.2892 sharpe 2.218 trn 0.03652 gross 0.9557 57.1 s
ARM M_w06_b0.002 mean net@1 1.2579 sharpe 2.301 trn 0.02644 gross 0.9348 57.9 s
ARM M_w06_b0.0005 mean net@1 1.2611 sharpe 2.25 trn 0.03749 gross 0.9542 58.1 s
ARM M_w06_b0.00025 mean net@1 1.2845 sharpe 2.295 trn 0.04166 gross 0.9558 58.1 s
ARM M_w07_b0.002_d30 mean net@1 1.2668 sharpe 2.336 trn 0.02676 gross 0.9475 58.2 s
ARM M_w07_b0.002_nostop mean net@1 1.3589 sharpe 2.29 trn 0.02415 gross 0.9773 58.3 s
ARM M_w07_b0.002_a0.1 mean net@1 1.1925 sharpe 2.242 trn 0.04513 gross 0.9383 58.6 s
ARM M_w07_b0.0005_d30 mean net@1 1.3108 sharpe 2.344 trn 0.03838 gross 0.9673 63.6 s
ARM M_w07_b0.0005_a0.1 mean net@1 1.2169 sharpe 2.216 trn 0.0655 gross 0.9588 64.2 s
ARM M_w07_b0.0005_nostop mean net@1 1.3628 sharpe 2.214 trn 0.03708 gross 0.9958 64.7 s
ARM W_livefn_b0.002_a0.1 mean net@1 0.9921 sharpe 1.819 trn 0.05252 gross 0.938 65.8 s
ARM W_livefn_b0.002_preEMAstop mean net@1 1.306 sharpe 2.207 trn 0.03181 gross 0.9911 66.0 s
ARM W_dev_own_nostop mean net@1 1.0159 sharpe 2.152 trn 0.04486 gross 0.8298 66.6 s
RECEIPT W_native maxabs vs nets_histv2_-30_2_42 = 0.0 66.8 s
ARM W_dev_own mean net@1 1.0585 sharpe 2.532 trn 0.04408 gross 0.8175 67.4 s
ARM W_livefn_b0.002_decay mean net@1 1.259 sharpe 2.353 trn 0.03257 gross 0.9832 72.3 s
ARM M_w07_b0.002_preEMAstop mean net@1 1.3431 sharpe 2.342 trn 0.02586 gross 0.9893 72.4 s
ARM W_livefn_b0.002_pre_decay_a0.1 mean net@1 1.3971 sharpe 2.288 trn 0.05149 gross 1.0396 73.1 s
ARM M_w07_b0.002_decay mean net@1 1.2953 sharpe 2.406 trn 0.02726 gross 0.9857 74.6 s
ARM M_w07_b0.002_pre_decay mean net@1 1.4305 sharpe 2.409 trn 0.02491 gross 1.0397 74.7 s
ARM W_own_stop25 mean net@1 1.0152 sharpe 2.482 trn 0.04361 gross 0.8102 81.8 s
ARM W_own_a0.05 mean net@1 0.8727 sharpe 2.547 trn 0.01515 gross 0.6075 82.1 s
ARM W_own_Rwide mean net@1 1.1467 sharpe 2.803 trn 0.04411 gross 0.8174 82.1 s
ARM W_own_b0.002 mean net@1 0.0641 sharpe 1.134 trn 8e-05 gross 0.1559 82.4 s
ARM NET_w07 sharpe 2.618 trn 0.05272 gross 0.8887 83.0 s
ARM NET_w05 sharpe 2.473 trn 0.04615 gross 0.8892 83.6 s
ARM NET_w06 sharpe 2.589 trn 0.04935 gross 0.8845 84.2 s
VERDICT FAIL ⇒ 配置不成立(实盘函数管线下); 管线损耗过大
CRIT W_livefn_b0.002 {"sharpe": 2.209, "paper_sharpe": 2.655, "pipeline_loss(paper-merged)": 0.446, "live_sharpe": 1.602, "wide_own_sharpe": 2.374, "c1_sharpe_ge_paper_minus_0.10": false, "c2_sharpe_ge_live_plus_0.15": true, "c3_years_ge_live": "3/5", "c3_pass": false, "years_ge_max_single(readingA)": "2/5", "years_positive": "5/5", "c4_turnover_unit": 0.03338, "c4_paper_turnover_unit": 0.03928, "c4_pass": true, "PASS": false}
CRIT W_livefn_b0.0005 {"sharpe": 2.093, "paper_sharpe": 2.655, "pipeline_loss(paper-merged)": 0.562, "live_sharpe": 1.602, "wide_own_sharpe": 2.374, "c1_sharpe_ge_paper_minus_0.10": false, "c2_sharpe_ge_live_plus_0.15": true, "c3_years_ge_live": "3/5", "c3_pass": false, "years_ge_max_single(readingA)": "1/5", "years_positive": "5/5", "c4_turnover_unit": 0.04566, "c4_paper_turnover_unit": 0.03928, "c4_pass": false, "PASS": false}
CRIT W_livefn_b0.00025 {"sharpe": 2.16, "paper_sharpe": 2.655, "pipeline_loss(paper-merged)": 0.495, "live_sharpe": 1.602, "wide_own_sharpe": 2.374, "c1_sharpe_ge_paper_minus_0.10": false, "c2_sharpe_ge_live_plus_0.15": true, "c3_years_ge_live": "3/5", "c3_pass": false, "years_ge_max_single(readingA)": "1/5", "years_positive": "5/5", "c4_turnover_unit": 0.05009, "c4_paper_turnover_unit": 0.03928, "c4_pass": false, "PASS": false}
CRIT M_w07_b0.002 {"sharpe": 2.417, "paper_sharpe": 2.655, "pipeline_loss(paper-merged)": 0.238, "live_sharpe": 1.602, "wide_own_sharpe": 2.374, "c1_sharpe_ge_paper_minus_0.10": false, "c2_sharpe_ge_live_plus_0.15": true, "c3_years_ge_live": "5/5", "c3_pass": true, "years_ge_max_single(readingA)": "3/5", "years_positive": "5/5", "c4_turnover_unit": 0.02781, "c4_paper_turnover_unit": 0.03928, "c4_pass": true, "PASS": false}
CRIT M_w07_b0.0005 {"sharpe": 2.293, "paper_sharpe": 2.655, "pipeline_loss(paper-merged)": 0.362, "live_sharpe": 1.602, "wide_own_sharpe": 2.374, "c1_sharpe_ge_paper_minus_0.10": false, "c2_sharpe_ge_live_plus_0.15": true, "c3_years_ge_live": "5/5", "c3_pass": true, "years_ge_max_single(readingA)": "1/5", "years_positive": "5/5", "c4_turnover_unit": 0.03898, "c4_paper_turnover_unit": 0.03928, "c4_pass": true, "PASS": false}
CRIT M_w07_b0.00025 {"sharpe": 2.368, "paper_sharpe": 2.655, "pipeline_loss(paper-merged)": 0.287, "live_sharpe": 1.602, "wide_own_sharpe": 2.374, "c1_sharpe_ge_paper_minus_0.10": false, "c2_sharpe_ge_live_plus_0.15": true, "c3_years_ge_live": "5/5", "c3_pass": true, "years_ge_max_single(readingA)": "1/5", "years_positive": "5/5", "c4_turnover_unit": 0.04324, "c4_paper_turnover_unit": 0.03928, "c4_pass": false, "PASS": false}
CRIT M_w05_b0.002 {"sharpe": 2.224, "paper_sharpe": 2.474, "pipeline_loss(paper-merged)": 0.25, "live_sharpe": 1.602, "wide_own_sharpe": 2.374, "c1_sharpe_ge_paper_minus_0.10": false, "c2_sharpe_ge_live_plus_0.15": true, "c3_years_ge_live": "5/5", "c3_pass": true, "years_ge_max_single(readingA)": "1/5", "years_positive": "5/5", "c4_turnover_unit": 0.02548, "c4_paper_turnover_unit": 0.03608, "c4_pass": true, "PASS": false}
CRIT M_w05_b0.00025 {"sharpe": 2.214, "paper_sharpe": 2.474, "pipeline_loss(paper-merged)": 0.26, "live_sharpe": 1.602, "wide_own_sharpe": 2.374, "c1_sharpe_ge_paper_minus_0.10": false, "c2_sharpe_ge_live_plus_0.15": true, "c3_years_ge_live": "5/5", "c3_pass": true, "years_ge_max_single(readingA)": "1/5", "years_positive": "5/5", "c4_turnover_unit": 0.04059, "c4_paper_turnover_unit": 0.03608, "c4_pass": false, "PASS": false}
CRIT M_w05_b0.0005 {"sharpe": 2.218, "paper_sharpe": 2.474, "pipeline_loss(paper-merged)": 0.256, "live_sharpe": 1.602, "wide_own_sharpe": 2.374, "c1_sharpe_ge_paper_minus_0.10": false, "c2_sharpe_ge_live_plus_0.15": true, "c3_years_ge_live": "5/5", "c3_pass": true, "years_ge_max_single(readingA)": "1/5", "years_positive": "5/5", "c4_turnover_unit": 0.03652, "c4_paper_turnover_unit": 0.03608, "c4_pass": false, "PASS": false}
CRIT M_w06_b0.002 {"sharpe": 2.301, "paper_sharpe": 2.6, "pipeline_loss(paper-merged)": 0.299, "live_sharpe": 1.602, "wide_own_sharpe": 2.374, "c1_sharpe_ge_paper_minus_0.10": false, "c2_sharpe_ge_live_plus_0.15": true, "c3_years_ge_live": "5/5", "c3_pass": true, "years_ge_max_single(readingA)": "2/5", "years_positive": "5/5", "c4_turnover_unit": 0.02644, "c4_paper_turnover_unit": 0.03768, "c4_pass": true, "PASS": false}
CRIT M_w06_b0.0005 {"sharpe": 2.25, "paper_sharpe": 2.6, "pipeline_loss(paper-merged)": 0.35, "live_sharpe": 1.602, "wide_own_sharpe": 2.374, "c1_sharpe_ge_paper_minus_0.10": false, "c2_sharpe_ge_live_plus_0.15": true, "c3_years_ge_live": "5/5", "c3_pass": true, "years_ge_max_single(readingA)": "1/5", "years_positive": "5/5", "c4_turnover_unit": 0.03749, "c4_paper_turnover_unit": 0.03768, "c4_pass": true, "PASS": false}
CRIT M_w06_b0.00025 {"sharpe": 2.295, "paper_sharpe": 2.6, "pipeline_loss(paper-merged)": 0.305, "live_sharpe": 1.602, "wide_own_sharpe": 2.374, "c1_sharpe_ge_paper_minus_0.10": false, "c2_sharpe_ge_live_plus_0.15": true, "c3_years_ge_live": "5/5", "c3_pass": true, "years_ge_max_single(readingA)": "1/5", "years_positive": "5/5", "c4_turnover_unit": 0.04166, "c4_paper_turnover_unit": 0.03768, "c4_pass": false, "PASS": false}
CRIT M_w07_b0.002_d30 {"sharpe": 2.336, "paper_sharpe": 2.655, "pipeline_loss(paper-merged)": 0.319, "live_sharpe": 1.602, "wide_own_sharpe": 2.374, "c1_sharpe_ge_paper_minus_0.10": false, "c2_sharpe_ge_live_plus_0.15": true, "c3_years_ge_live": "4/5", "c3_pass": true, "years_ge_max_single(readingA)": "1/5", "years_positive": "5/5", "c4_turnover_unit": 0.02676, "c4_paper_turnover_unit": 0.03928, "c4_pass": true, "PASS": false}
CRIT M_w07_b0.002_nostop {"sharpe": 2.29, "paper_sharpe": 2.655, "pipeline_loss(paper-merged)": 0.365, "live_sharpe": 1.602, "wide_own_sharpe": 2.374, "c1_sharpe_ge_paper_minus_0.10": false, "c2_sharpe_ge_live_plus_0.15": true, "c3_years_ge_live": "4/5", "c3_pass": true, "years_ge_max_single(readingA)": "1/5", "years_positive": "5/5", "c4_turnover_unit": 0.02415, "c4_paper_turnover_unit": 0.03928, "c4_pass": true, "PASS": false}
CRIT M_w07_b0.002_a0.1 {"sharpe": 2.242, "paper_sharpe": 2.655, "pipeline_loss(paper-merged)": 0.413, "live_sharpe": 1.602, "wide_own_sharpe": 2.374, "c1_sharpe_ge_paper_minus_0.10": false, "c2_sharpe_ge_live_plus_0.15": true, "c3_years_ge_live": "4/5", "c3_pass": true, "years_ge_max_single(readingA)": "1/5", "years_positive": "5/5", "c4_turnover_unit": 0.04513, "c4_paper_turnover_unit": 0.03928, "c4_pass": false, "PASS": false}
CRIT M_w07_b0.0005_d30 {"sharpe": 2.344, "paper_sharpe": 2.655, "pipeline_loss(paper-merged)": 0.311, "live_sharpe": 1.602, "wide_own_sharpe": 2.374, "c1_sharpe_ge_paper_minus_0.10": false, "c2_sharpe_ge_live_plus_0.15": true, "c3_years_ge_live": "4/5", "c3_pass": true, "years_ge_max_single(readingA)": "2/5", "years_positive": "5/5", "c4_turnover_unit": 0.03838, "c4_paper_turnover_unit": 0.03928, "c4_pass": true, "PASS": false}
CRIT M_w07_b0.0005_a0.1 {"sharpe": 2.216, "paper_sharpe": 2.655, "pipeline_loss(paper-merged)": 0.439, "live_sharpe": 1.602, "wide_own_sharpe": 2.374, "c1_sharpe_ge_paper_minus_0.10": false, "c2_sharpe_ge_live_plus_0.15": true, "c3_years_ge_live": "4/5", "c3_pass": true, "years_ge_max_single(readingA)": "0/5", "years_positive": "5/5", "c4_turnover_unit": 0.0655, "c4_paper_turnover_unit": 0.03928, "c4_pass": false, "PASS": false}
CRIT M_w07_b0.0005_nostop {"sharpe": 2.214, "paper_sharpe": 2.655, "pipeline_loss(paper-merged)": 0.441, "live_sharpe": 1.602, "wide_own_sharpe": 2.374, "c1_sharpe_ge_paper_minus_0.10": false, "c2_sharpe_ge_live_plus_0.15": true, "c3_years_ge_live": "4/5", "c3_pass": true, "years_ge_max_single(readingA)": "1/5", "years_positive": "5/5", "c4_turnover_unit": 0.03708, "c4_paper_turnover_unit": 0.03928, "c4_pass": true, "PASS": false}
CRIT W_livefn_b0.002_a0.1 {"sharpe": 1.819, "paper_sharpe": 2.655, "pipeline_loss(paper-merged)": 0.836, "live_sharpe": 1.602, "wide_own_sharpe": 2.374, "c1_sharpe_ge_paper_minus_0.10": false, "c2_sharpe_ge_live_plus_0.15": true, "c3_years_ge_live": "3/5", "c3_pass": false, "years_ge_max_single(readingA)": "1/5", "years_positive": "5/5", "c4_turnover_unit": 0.05252, "c4_paper_turnover_unit": 0.03928, "c4_pass": false, "PASS": false}
CRIT W_livefn_b0.002_preEMAstop {"sharpe": 2.207, "paper_sharpe": 2.655, "pipeline_loss(paper-merged)": 0.448, "live_sharpe": 1.602, "wide_own_sharpe": 2.374, "c1_sharpe_ge_paper_minus_0.10": false, "c2_sharpe_ge_live_plus_0.15": true, "c3_years_ge_live": "4/5", "c3_pass": true, "years_ge_max_single(readingA)": "1/5", "years_positive": "5/5", "c4_turnover_unit": 0.03181, "c4_paper_turnover_unit": 0.03928, "c4_pass": true, "PASS": false}
CRIT W_livefn_b0.002_decay {"sharpe": 2.353, "paper_sharpe": 2.655, "pipeline_loss(paper-merged)": 0.302, "live_sharpe": 1.602, "wide_own_sharpe": 2.374, "c1_sharpe_ge_paper_minus_0.10": false, "c2_sharpe_ge_live_plus_0.15": true, "c3_years_ge_live": "3/5", "c3_pass": false, "years_ge_max_single(readingA)": "2/5", "years_positive": "5/5", "c4_turnover_unit": 0.03257, "c4_paper_turnover_unit": 0.03928, "c4_pass": true, "PASS": false}
CRIT M_w07_b0.002_preEMAstop {"sharpe": 2.342, "paper_sharpe": 2.655, "pipeline_loss(paper-merged)": 0.313, "live_sharpe": 1.602, "wide_own_sharpe": 2.374, "c1_sharpe_ge_paper_minus_0.10": false, "c2_sharpe_ge_live_plus_0.15": true, "c3_years_ge_live": "4/5", "c3_pass": true, "years_ge_max_single(readingA)": "1/5", "years_positive": "5/5", "c4_turnover_unit": 0.02586, "c4_paper_turnover_unit": 0.03928, "c4_pass": true, "PASS": false}
CRIT W_livefn_b0.002_pre_decay_a0.1 {"sharpe": 2.288, "paper_sharpe": 2.655, "pipeline_loss(paper-merged)": 0.367, "live_sharpe": 1.602, "wide_own_sharpe": 2.374, "c1_sharpe_ge_paper_minus_0.10": false, "c2_sharpe_ge_live_plus_0.15": true, "c3_years_ge_live": "4/5", "c3_pass": true, "years_ge_max_single(readingA)": "1/5", "years_positive": "5/5", "c4_turnover_unit": 0.05149, "c4_paper_turnover_unit": 0.03928, "c4_pass": false, "PASS": false}
CRIT M_w07_b0.002_decay {"sharpe": 2.406, "paper_sharpe": 2.655, "pipeline_loss(paper-merged)": 0.249, "live_sharpe": 1.602, "wide_own_sharpe": 2.374, "c1_sharpe_ge_paper_minus_0.10": false, "c2_sharpe_ge_live_plus_0.15": true, "c3_years_ge_live": "5/5", "c3_pass": true, "years_ge_max_single(readingA)": "1/5", "years_positive": "5/5", "c4_turnover_unit": 0.02726, "c4_paper_turnover_unit": 0.03928, "c4_pass": true, "PASS": false}
CRIT M_w07_b0.002_pre_decay {"sharpe": 2.409, "paper_sharpe": 2.655, "pipeline_loss(paper-merged)": 0.246, "live_sharpe": 1.602, "wide_own_sharpe": 2.374, "c1_sharpe_ge_paper_minus_0.10": false, "c2_sharpe_ge_live_plus_0.15": true, "c3_years_ge_live": "4/5", "c3_pass": true, "years_ge_max_single(readingA)": "0/5", "years_positive": "5/5", "c4_turnover_unit": 0.02491, "c4_paper_turnover_unit": 0.03928, "c4_pass": true, "PASS": false}
CRIT NET_w07 {"sharpe": 2.618, "paper_sharpe": 2.655, "pipeline_loss(paper-merged)": 0.037, "live_sharpe": 1.602, "wide_own_sharpe": 2.374, "c1_sharpe_ge_paper_minus_0.10": true, "c2_sharpe_ge_live_plus_0.15": true, "c3_years_ge_live": "4/5", "c3_pass": true, "years_ge_max_single(readingA)": "2/5", "years_positive": "5/5", "c4_turnover_unit": 0.05272, "c4_paper_turnover_unit": 0.03928, "c4_pass": false, "PASS": false}
CRIT NET_w05 {"sharpe": 2.473, "paper_sharpe": 2.474, "pipeline_loss(paper-merged)": 0.001, "live_sharpe": 1.602, "wide_own_sharpe": 2.374, "c1_sharpe_ge_paper_minus_0.10": true, "c2_sharpe_ge_live_plus_0.15": true, "c3_years_ge_live": "5/5", "c3_pass": true, "years_ge_max_single(readingA)": "2/5", "years_positive": "5/5", "c4_turnover_unit": 0.04615, "c4_paper_turnover_unit": 0.03608, "c4_pass": false, "PASS": false}
CRIT NET_w06 {"sharpe": 2.589, "paper_sharpe": 2.6, "pipeline_loss(paper-merged)": 0.011, "live_sharpe": 1.602, "wide_own_sharpe": 2.374, "c1_sharpe_ge_paper_minus_0.10": true, "c2_sharpe_ge_live_plus_0.15": true, "c3_years_ge_live": "5/5", "c3_pass": true, "years_ge_max_single(readingA)": "2/5", "years_positive": "5/5", "c4_turnover_unit": 0.04935, "c4_paper_turnover_unit": 0.03768, "c4_pass": false, "PASS": false}
BOOT {"M0_minus_P": {"mean": -0.266, "CI95": [-0.708, 0.218], "P_gt_0": 0.134, "P_ge_0.10": 0.06, "P_le_-0.10": 0.759}, "M0_minus_L": {"mean": 0.769, "CI95": [0.01, 1.521], "P_gt_0": 0.976, "P_ge_0.10": 0.957, "P_le_-0.10": 0.013}, "P_minus_L": {"mean": 1.036, "CI95": [0.133, 1.903], "P_gt_0": 0.987, "P_ge_0.10": 0.979, "P_le_-0.10": 0.009}, "M_w07_b0.0005_minus_P": {"mean": -0.387, "CI95": [-0.792, 0.035], "P_gt_0": 0.037, "P_ge_0.10": 0.013, "P_le_-0.10": 0.902}, "M_w07_b0.0005_minus_L": {"mean": 0.649, "CI95": [-0.134, 1.403], "P_gt_0": 0.952, "P_ge_0.10": 0.925, "P_le_-0.10": 0.03}, "M_w07_b0.00025_minus_P": {"mean": -0.317, "CI95": [-0.728, 0.101], "P_gt_0": 0.075, "P_ge_0.10": 0.026, "P_le_-0.10": 0.839}, "M_w07_b0.00025_minus_L": {"mean": 0.718, "CI95": [-0.061, 1.465], "P_gt_0": 0.963, "P_ge_0.10": 0.943, "P_le_-0.10": 0.021}, "NET_w07_minus_P": {"mean": -0.035, "CI95": [-0.193, 0.125], "P_gt_0": 0.324, "P_ge_0.10": 0.045, "P_le_-0.10": 0.198}}
RHO {"L_dev|W_dev_own(same clock)": 0.1807, "W2first L|W (1h offset)": 0.1688, "L_dev|L_W2first": 0.9979, "W_dev_own|W_W2first": 0.6752, "by_year_same_clock": {"2022": 0.108, "2023": 0.431, "2024": 0.096, "2025": 0.111, "2026": 0.328}}
DONE 101 s
