targets cache loaded /mnt/storage/private/work_hsy/probe_artifacts/w2b_targets.npz 5.3 s
loaded 8.3 s
scores done 12.9 s
IC done {"mean": 0.05022, "t": 40.57, "n": 9821, "by_year": {"2022": 0.05948, "2023": 0.0438, "2024": 0.04779, "2025": 0.05382, "2026": 0.04219}} {"mean": 0.05631, "t": 31.32, "n": 9821, "by_year": {"2022": 0.06129, "2023": 0.0495, "2024": 0.05107, "2025": 0.06357, "2026": 0.05596}} 67.4 s
B_fixed_B1_b0.002 0 / 9821 0.0 s
B_fixed_B1_b0.002 3000 / 9821 2.0 s
B_fixed_B1_b0.002 6000 / 9821 4.2 s
B_fixed_B1_b0.002 9000 / 9821 6.6 s
ARM B_fixed_B1_b0.002 sharpe 2.476 trn 0.02898 gross 0.925 gs {'overlap': 0.4348, 'live_only': 0.0043, 'wide_only': 0.5609} 75.6 s
B_fixed_B1_b0.0005 0 / 9821 0.0 s
B_fixed_B1_b0.0005 3000 / 9821 1.8 s
B_fixed_B1_b0.0005 6000 / 9821 3.9 s
B_fixed_B1_b0.0005 9000 / 9821 6.4 s
ARM B_fixed_B1_b0.0005 sharpe 2.415 trn 0.04088 gross 0.9499 gs {'overlap': 0.4348, 'live_only': 0.0043, 'wide_only': 0.5609} 83.2 s
B_fixed_B1_b0.00025 0 / 9821 0.0 s
B_fixed_B1_b0.00025 3000 / 9821 1.9 s
B_fixed_B1_b0.00025 6000 / 9821 4.1 s
B_fixed_B1_b0.00025 9000 / 9821 6.8 s
ARM B_fixed_B1_b0.00025 sharpe 2.415 trn 0.04532 gross 0.953 gs {'overlap': 0.4348, 'live_only': 0.0043, 'wide_only': 0.5609} 90.8 s
B_ms_B1_b0.002 0 / 9821 0.0 s
B_ms_B1_b0.002 3000 / 9821 1.9 s
B_ms_B1_b0.002 6000 / 9821 4.1 s
B_ms_B1_b0.002 9000 / 9821 6.7 s
ARM B_ms_B1_b0.002 sharpe 2.464 trn 0.02823 gross 0.9249 gs {'overlap': 0.4348, 'live_only': 0.0043, 'wide_only': 0.5609} 99.0 s
B_ms_B1_b0.0005 0 / 9821 0.0 s
B_ms_B1_b0.0005 3000 / 9821 1.8 s
B_ms_B1_b0.0005 6000 / 9821 3.9 s
B_ms_B1_b0.0005 9000 / 9821 6.5 s
ARM B_ms_B1_b0.0005 sharpe 2.35 trn 0.03992 gross 0.9505 gs {'overlap': 0.4348, 'live_only': 0.0043, 'wide_only': 0.5609} 106.2 s
B_ms_B1_b0.00025 0 / 9821 0.0 s
B_ms_B1_b0.00025 3000 / 9821 1.8 s
B_ms_B1_b0.00025 6000 / 9821 3.9 s
B_ms_B1_b0.00025 9000 / 9821 6.4 s
ARM B_ms_B1_b0.00025 sharpe 2.31 trn 0.04424 gross 0.9529 gs {'overlap': 0.4348, 'live_only': 0.0043, 'wide_only': 0.5609} 113.3 s
B_fixed_B2_b0.0005 0 / 9821 0.0 s
B_fixed_B2_b0.0005 3000 / 9821 1.7 s
B_fixed_B2_b0.0005 6000 / 9821 3.8 s
B_fixed_B2_b0.0005 9000 / 9821 6.1 s
ARM B_fixed_B2_b0.0005 sharpe 2.125 trn 0.0416 gross 0.9548 gs {'overlap': 0.4712, 'live_only': 0.0052, 'wide_only': 0.5235} 123.7 s
VERDICT B not better than A (no arm meets Δ≥0.10 & CI>0 & years & turnover) ⇒ 权重级(A)维持为参照
CRIT B_fixed_B1_b0.002 {"sharpe": 2.476, "paper_sharpe": 2.655, "live_sharpe": 1.602, "c1": false, "c2": true, "c3_years_ge_live": "4/5", "years_ge_max_single": "2/5", "c4_turnover": 0.02898, "c4_paper_turnover": 0.03928, "c4": true, "PASS_4gates": false, "vs_A_same_band": {"A_arm": "M_w07_b0.002", "A_sharpe": 2.417, "delta_sharpe_B_minus_A": 0.059, "boot": {"mean": 0.056, "CI95": [-0.222, 0.337], "P_gt_0": 0.647, "P_ge_0.10": 0.372, "P_le_-0.10": 0.154}, "years_B_ge_A": "3/5", "turnover_B": 0.02898, "turnover_A": 0.02781, "B_preferred(Δ≥0.10 & CI>0 & years≥4/5 & trn_B≤trn_A)": false}}
CRIT B_fixed_B1_b0.0005 {"sharpe": 2.415, "paper_sharpe": 2.655, "live_sharpe": 1.602, "c1": false, "c2": true, "c3_years_ge_live": "5/5", "years_ge_max_single": "2/5", "c4_turnover": 0.04088, "c4_paper_turnover": 0.03928, "c4": false, "PASS_4gates": false, "vs_A_same_band": {"A_arm": "M_w07_b0.0005", "A_sharpe": 2.293, "delta_sharpe_B_minus_A": 0.122, "boot": {"mean": 0.12, "CI95": [-0.124, 0.361], "P_gt_0": 0.822, "P_ge_0.10": 0.56, "P_le_-0.10": 0.044}, "years_B_ge_A": "3/5", "turnover_B": 0.04088, "turnover_A": 0.03898, "B_preferred(Δ≥0.10 & CI>0 & years≥4/5 & trn_B≤trn_A)": false}}
CRIT B_fixed_B1_b0.00025 {"sharpe": 2.415, "paper_sharpe": 2.655, "live_sharpe": 1.602, "c1": false, "c2": true, "c3_years_ge_live": "5/5", "years_ge_max_single": "2/5", "c4_turnover": 0.04532, "c4_paper_turnover": 0.03928, "c4": false, "PASS_4gates": false, "vs_A_same_band": {"A_arm": "M_w07_b0.00025", "A_sharpe": 2.368, "delta_sharpe_B_minus_A": 0.047, "boot": {"mean": 0.042, "CI95": [-0.203, 0.281], "P_gt_0": 0.625, "P_ge_0.10": 0.335, "P_le_-0.10": 0.136}, "years_B_ge_A": "3/5", "turnover_B": 0.04532, "turnover_A": 0.04324, "B_preferred(Δ≥0.10 & CI>0 & years≥4/5 & trn_B≤trn_A)": false}}
CRIT B_ms_B1_b0.002 {"sharpe": 2.464, "paper_sharpe": 2.655, "live_sharpe": 1.602, "c1": false, "c2": true, "c3_years_ge_live": "4/5", "years_ge_max_single": "2/5", "c4_turnover": 0.02823, "c4_paper_turnover": 0.03928, "c4": true, "PASS_4gates": false, "vs_A_same_band": {"A_arm": "M_w07_b0.002", "A_sharpe": 2.417, "delta_sharpe_B_minus_A": 0.047, "boot": {"mean": 0.042, "CI95": [-0.25, 0.345], "P_gt_0": 0.597, "P_ge_0.10": 0.347, "P_le_-0.10": 0.179}, "years_B_ge_A": "3/5", "turnover_B": 0.02823, "turnover_A": 0.02781, "B_preferred(Δ≥0.10 & CI>0 & years≥4/5 & trn_B≤trn_A)": false}}
CRIT B_ms_B1_b0.0005 {"sharpe": 2.35, "paper_sharpe": 2.655, "live_sharpe": 1.602, "c1": false, "c2": true, "c3_years_ge_live": "4/5", "years_ge_max_single": "2/5", "c4_turnover": 0.03992, "c4_paper_turnover": 0.03928, "c4": false, "PASS_4gates": false, "vs_A_same_band": {"A_arm": "M_w07_b0.0005", "A_sharpe": 2.293, "delta_sharpe_B_minus_A": 0.056, "boot": {"mean": 0.046, "CI95": [-0.22, 0.311], "P_gt_0": 0.624, "P_ge_0.10": 0.35, "P_le_-0.10": 0.15}, "years_B_ge_A": "2/5", "turnover_B": 0.03992, "turnover_A": 0.03898, "B_preferred(Δ≥0.10 & CI>0 & years≥4/5 & trn_B≤trn_A)": false}}
CRIT B_ms_B1_b0.00025 {"sharpe": 2.31, "paper_sharpe": 2.655, "live_sharpe": 1.602, "c1": false, "c2": true, "c3_years_ge_live": "4/5", "years_ge_max_single": "1/5", "c4_turnover": 0.04424, "c4_paper_turnover": 0.03928, "c4": false, "PASS_4gates": false, "vs_A_same_band": {"A_arm": "M_w07_b0.00025", "A_sharpe": 2.368, "delta_sharpe_B_minus_A": -0.058, "boot": {"mean": -0.063, "CI95": [-0.34, 0.212], "P_gt_0": 0.33, "P_ge_0.10": 0.126, "P_le_-0.10": 0.409}, "years_B_ge_A": "2/5", "turnover_B": 0.04424, "turnover_A": 0.04324, "B_preferred(Δ≥0.10 & CI>0 & years≥4/5 & trn_B≤trn_A)": false}}
CRIT B_fixed_B2_b0.0005 {"sharpe": 2.125, "paper_sharpe": 2.655, "live_sharpe": 1.602, "c1": false, "c2": true, "c3_years_ge_live": "4/5", "years_ge_max_single": "0/5", "c4_turnover": 0.0416, "c4_paper_turnover": 0.03928, "c4": false, "PASS_4gates": false, "vs_A_same_band": {"A_arm": "M_w07_b0.0005", "A_sharpe": 2.293, "delta_sharpe_B_minus_A": -0.169, "boot": {"mean": -0.148, "CI95": [-0.55, 0.248], "P_gt_0": 0.242, "P_ge_0.10": 0.108, "P_le_-0.10": 0.584}, "years_B_ge_A": "2/5", "turnover_B": 0.0416, "turnover_A": 0.03898, "B_preferred(Δ≥0.10 & CI>0 & years≥4/5 & trn_B≤trn_A)": false}}
IC {"blend_fixed_union": {"mean": 0.05022, "t": 40.57, "n": 9821, "by_year": {"2022": 0.05948, "2023": 0.0438, "2024": 0.04779, "2025": 0.05382, "2026": 0.04219}}, "blend_msharpe_union": {"mean": 0.04795, "t": 38.64, "n": 9821, "by_year": {"2022": 0.05897, "2023": 0.04126, "2024": 0.04275, "2025": 0.05255, "2026": 0.04051}}, "live_score_on_live_names": {"mean": 0.0525, "t": 27.65, "n": 9821, "by_year": {"2022": 0.05819, "2023": 0.03955, "2024": 0.05468, "2025": 0.05811, "2026": 0.05147}}, "wide_score_on_sel_names": {"mean": 0.04463, "t": 35.3, "n": 9821, "by_year": {"2022": 0.05317, "2023": 0.0407, "2024": 0.03835, "2025": 0.05, "2026": 0.03717}}, "overlap: live_score": {"mean": 0.0525, "t": 27.41, "n": 9821, "by_year": {"2022": 0.05799, "2023": 0.03954, "2024": 0.05474, "2025": 0.05852, "2026": 0.05101}}, "overlap: wide_score": {"mean": 0.04104, "t": 25.0, "n": 9821, "by_year": {"2022": 0.0491, "2023": 0.04393, "2024": 0.02878, "2025": 0.04529, "2026": 0.03511}}, "overlap: blend_fixed": {"mean": 0.05631, "t": 31.32, "n": 9821, "by_year": {"2022": 0.06129, "2023": 0.0495, "2024": 0.05107, "2025": 0.06357, "2026": 0.05596}}, "overlap: blend_msharpe": {"mean": 0.0504, "t": 28.11, "n": 9821, "by_year": {"2022": 0.06043, "2023": 0.04457, "2024": 0.03995, "2025": 0.05775, "2026": 0.04827}}, "weight_level_merged_target_0.3/0.7_as_score_union": {"mean": 0.04811, "t": 38.52, "n": 9821, "by_year": {"2022": 0.05808, "2023": 0.04375, "2024": 0.04514, "2025": 0.05077, "2026": 0.03745}}, "n_overlap_mean": 99.2, "msharpe_w_wide_mean_by_year": {"2022": 0.404, "2023": 0.605, "2024": 0.465, "2025": 0.614, "2026": 0.706}}
DONE 132 s
