单位链: mean[bps/锚, 每NAV] / gross[×NAV] = bps/锚 每gross; ×2190 锚/年 /100 = %/gross/年; ×2 = 2×gross 下 %NAV/年; maxDD[bps 每NAV]/gross/100 = % gross

== 口径 log | king rollm(K1) | F10 s42 | 单元 = %/gross/年 (2×NAV %) S=Sharpe DD=% gross ==
| 规则 | 2024 | 2025 | 2026<=08-10 | 2026->08-30 | 2024->26 | 2025->26 |
|---|---|---|---|---|---|---|
| R0 | +3.6% (+7.1%) S+0.33 DD15.9% | +14.2% (+28.4%) S+1.11 DD8.9% | +72.9% (+145.8%) S+4.88 DD6.1% | +59.0% (+118.1%) S+3.91 DD10.3% | +24.6% (+49.3%) S+1.85 DD15.1% | +36.3% (+72.6%) S+2.51 DD12.7% |
| R1 | +2.0% (+4.1%) S+0.19 DD16.8% | +17.7% (+35.4%) S+1.41 DD9.5% | +69.9% (+139.8%) S+4.62 DD6.0% | +55.6% (+111.3%) S+3.64 DD10.6% | +24.1% (+48.2%) S+1.81 DD15.6% | +35.9% (+71.9%) S+2.50 DD12.8% |
| R2 | +4.5% (+9.1%) S+0.51 DD8.7% | +18.7% (+37.4%) S+1.44 DD11.3% | +81.3% (+162.7%) S+4.99 DD6.0% | +65.0% (+130.1%) S+3.96 DD11.3% | +25.8% (+51.6%) S+2.01 DD12.4% | +39.7% (+79.4%) S+2.65 DD12.8% |
| R3 | -1.2% (-2.5%) S-0.13 DD12.4% | +8.1% (+16.2%) S+0.72 DD8.5% | +69.1% (+138.3%) S+4.78 DD5.9% | +56.8% (+113.6%) S+3.88 DD9.2% | +19.1% (+38.1%) S+1.58 DD12.0% | +30.7% (+61.4%) S+2.31 DD10.8% |
| R4 | +5.0% (+10.0%) S+0.46 DD15.7% | +13.9% (+27.7%) S+1.10 DD8.7% | +76.0% (+152.0%) S+5.02 DD6.1% | +61.9% (+123.9%) S+4.05 DD10.1% | +26.3% (+52.5%) S+1.95 DD14.2% | +37.2% (+74.5%) S+2.58 DD12.3% |
| R5 | +5.3% (+10.5%) S+0.54 DD8.0% | +19.6% (+39.2%) S+1.52 DD8.5% | +76.7% (+153.5%) S+5.11 DD6.4% | +63.5% (+126.9%) S+4.20 DD9.6% | +27.3% (+54.7%) S+2.13 DD11.4% | +40.1% (+80.3%) S+2.81 DD11.2% |

== 口径 log | king rollm(K1) | F10 s2027 | 单元 = %/gross/年 (2×NAV %) S=Sharpe DD=% gross ==
| 规则 | 2024 | 2025 | 2026<=08-10 | 2026->08-30 | 2024->26 | 2025->26 |
|---|---|---|---|---|---|---|
| R0 | +6.3% (+12.6%) S+0.59 DD14.9% | +17.0% (+33.9%) S+1.34 DD9.1% | +72.3% (+144.7%) S+4.86 DD6.0% | +58.7% (+117.4%) S+3.90 DD10.1% | +26.4% (+52.8%) S+2.00 DD13.9% | +37.3% (+74.6%) S+2.60 DD12.4% |
| R1 | +5.4% (+10.8%) S+0.50 DD15.4% | +19.7% (+39.3%) S+1.58 DD10.2% | +69.7% (+139.3%) S+4.62 DD6.0% | +55.6% (+111.3%) S+3.65 DD10.5% | +26.0% (+51.9%) S+1.95 DD14.2% | +36.8% (+73.6%) S+2.58 DD12.5% |
| R2 | +5.8% (+11.6%) S+0.64 DD8.8% | +20.3% (+40.7%) S+1.56 DD9.3% | +80.4% (+160.9%) S+4.95 DD6.0% | +64.3% (+128.6%) S+3.93 DD11.2% | +26.6% (+53.3%) S+2.08 DD12.3% | +40.1% (+80.2%) S+2.70 DD12.7% |
| R3 | +2.0% (+3.9%) S+0.21 DD11.7% | +10.7% (+21.4%) S+0.95 DD8.6% | +68.1% (+136.1%) S+4.70 DD6.0% | +56.0% (+112.0%) S+3.82 DD9.2% | +20.8% (+41.7%) S+1.73 DD11.2% | +31.4% (+62.9%) S+2.38 DD10.6% |
| R4 | +8.0% (+16.0%) S+0.75 DD14.6% | +15.8% (+31.6%) S+1.26 DD9.0% | +73.9% (+147.7%) S+4.89 DD6.0% | +60.1% (+120.2%) S+3.94 DD10.0% | +27.3% (+54.6%) S+2.04 DD13.0% | +37.1% (+74.1%) S+2.58 DD12.0% |
| R5 | +8.5% (+17.1%) S+0.88 DD7.7% | +21.1% (+42.3%) S+1.66 DD8.6% | +77.5% (+155.1%) S+5.17 DD6.4% | +64.4% (+128.8%) S+4.26 DD9.4% | +29.3% (+58.6%) S+2.29 DD11.2% | +41.1% (+82.2%) S+2.90 DD10.9% |

== 口径 prod | king rollm(K1) | F10 s42 | 单元 = %/gross/年 (2×NAV %) S=Sharpe DD=% gross ==
| 规则 | 2024 | 2025 | 2026<=08-10 | 2026->08-30 | 2024->26 | 2025->26 |
|---|---|---|---|---|---|---|
| R0 | +4.5% (+9.0%) S+0.42 DD16.0% | +14.4% (+28.7%) S+1.11 DD8.8% | +73.6% (+147.2%) S+4.93 DD4.6% | +59.9% (+119.8%) S+3.98 DD10.0% | +25.4% (+50.8%) S+1.90 DD15.0% | +36.9% (+73.7%) S+2.54 DD12.4% |
| R1 | +3.2% (+6.3%) S+0.29 DD16.9% | +18.7% (+37.5%) S+1.45 DD9.0% | +72.6% (+145.3%) S+4.77 DD4.6% | +58.2% (+116.3%) S+3.79 DD10.4% | +25.6% (+51.2%) S+1.91 DD15.8% | +37.7% (+75.5%) S+2.59 DD12.6% |
| R2 | +3.3% (+6.6%) S+0.37 DD11.2% | +19.3% (+38.6%) S+1.44 DD9.9% | +82.3% (+164.5%) S+5.00 DD4.5% | +66.9% (+133.9%) S+4.05 DD10.7% | +25.9% (+51.8%) S+2.00 DD11.8% | +40.7% (+81.5%) S+2.69 DD12.1% |
| R3 | -1.1% (-2.2%) S-0.12 DD12.8% | +8.4% (+16.8%) S+0.73 DD8.0% | +72.0% (+144.1%) S+4.97 DD4.6% | +59.7% (+119.3%) S+4.08 DD9.2% | +20.2% (+40.3%) S+1.66 DD12.3% | +32.2% (+64.4%) S+2.40 DD10.7% |
| R4 | +6.2% (+12.5%) S+0.59 DD15.0% | +14.2% (+28.5%) S+1.09 DD8.7% | +74.8% (+149.5%) S+4.96 DD4.7% | +61.0% (+122.0%) S+4.02 DD10.0% | +26.6% (+53.1%) S+1.97 DD13.6% | +37.1% (+74.1%) S+2.55 DD12.3% |
| R5 | +7.6% (+15.1%) S+0.76 DD7.5% | +19.8% (+39.5%) S+1.48 DD8.8% | +79.1% (+158.2%) S+5.30 DD4.9% | +66.4% (+132.7%) S+4.42 DD9.1% | +29.1% (+58.2%) S+2.24 DD10.9% | +41.5% (+83.0%) S+2.88 DD10.7% |

== 口径 prod | king rollm(K1) | F10 s2027 | 单元 = %/gross/年 (2×NAV %) S=Sharpe DD=% gross ==
| 规则 | 2024 | 2025 | 2026<=08-10 | 2026->08-30 | 2024->26 | 2025->26 |
|---|---|---|---|---|---|---|
| R0 | +8.3% (+16.7%) S+0.79 DD14.3% | +16.3% (+32.7%) S+1.27 DD8.9% | +74.3% (+148.5%) S+4.99 DD4.6% | +60.7% (+121.3%) S+4.04 DD9.9% | +27.6% (+55.3%) S+2.08 DD13.2% | +38.0% (+75.9%) S+2.64 DD12.1% |
| R1 | +7.3% (+14.6%) S+0.68 DD15.7% | +21.6% (+43.2%) S+1.68 DD10.0% | +71.0% (+142.1%) S+4.67 DD4.6% | +56.8% (+113.5%) S+3.71 DD10.3% | +27.6% (+55.3%) S+2.06 DD14.5% | +38.4% (+76.8%) S+2.65 DD12.4% |
| R2 | +5.9% (+11.8%) S+0.66 DD10.4% | +21.0% (+41.9%) S+1.57 DD8.4% | +81.6% (+163.3%) S+4.96 DD4.5% | +66.4% (+132.8%) S+4.03 DD10.7% | +27.3% (+54.7%) S+2.11 DD11.6% | +41.2% (+82.5%) S+2.74 DD11.9% |
| R3 | +3.3% (+6.6%) S+0.36 DD11.5% | +11.3% (+22.6%) S+0.99 DD8.6% | +69.7% (+139.4%) S+4.84 DD4.7% | +58.2% (+116.3%) S+4.00 DD8.8% | +22.3% (+44.5%) S+1.85 DD11.0% | +32.8% (+65.7%) S+2.48 DD10.1% |
| R4 | +10.4% (+20.8%) S+0.98 DD13.9% | +16.4% (+32.8%) S+1.27 DD8.8% | +74.3% (+148.5%) S+4.96 DD4.8% | +60.7% (+121.5%) S+4.02 DD9.9% | +28.6% (+57.1%) S+2.13 DD12.7% | +37.8% (+75.5%) S+2.62 DD11.9% |
| R5 | +10.3% (+20.5%) S+1.04 DD7.1% | +21.7% (+43.5%) S+1.65 DD8.7% | +80.8% (+161.7%) S+5.42 DD4.8% | +68.2% (+136.3%) S+4.54 DD9.0% | +31.3% (+62.5%) S+2.42 DD10.6% | +43.1% (+86.2%) S+3.02 DD10.4% |

AXISB_UNITS_DONE
