SLm_N_RSKEW                ok  27.8s
SLm_N_ROLL                 ok  32.7s
SLm_N_DSEMI                ok  33.3s
SLm_N_CNTSZ                ok  36.8s
SLm_N_QVTR                 ok  24.3s
SLm_L_f_rev_24h            ok  32.2s
SLm_L_f_volq_ratio         ok  27.8s
SLm_L_f_cpos_24h           ok  22.2s
DONE_minus
TBF_lag0                   ok  22.0s
TBF_lag1                   ok  21.8s
TBF_lag2                   ok  22.6s
TBF_lag3                   ok  23.5s
TBF_ema02                  ok  24.0s
TBF_ema04                  ok  21.9s
TBF_ema08                  ok  21.4s
TBF_ema16                  ok  21.2s
TBF_ema32                  ok  21.3s
DONE_tbfdose
TBF_PLA_permfeat           ok  21.8s
TBF_PLA_orthperm           ok  22.9s
DONE_placebo
