LOADED 11 arms n=10038 2022-01-31 00:00→2026-08-30 20:00; windows pre-2023=2010, 2023=2190, 2024=2196, 2025=2190, 2026<=cut=1332, 2024->26<=cut=5718, 2025->26<=cut=3522, 2026-postcut=120
ARMS {"BASE_s42": {"artifact": "/workspace/review_scratch/allweather_trackB/replay/dev_alt/probe_artifacts/w10_ablation_series_BASE_s42.npz", "sha256": "32bfecb9cf9c0e5c", "FPRED": "(default f10_V2MAIN_s{FSEED})", "FSEED": "42", "n": 10038, "device": "8684d9a9f43a8d15"}, "BASE_s2027": {"artifact": "/workspace/review_scratch/allweather_trackB/replay/dev_alt/probe_artifacts/w10_ablation_series_BASE_s2027.npz", "sha256": "a2c5ec76dfac990b", "FPRED": "(default f10_V2MAIN_s{FSEED})", "FSEED": "2027", "n": 10038, "device": "8684d9a9f43a8d15"}, "BASE_EXT_s42": {"artifact": "/workspace/review_scratch/allweather_trackB/replay/dev_alt/probe_artifacts/w10_ablation_series_BASE_EXT_s42.npz", "sha256": "448bc5898339a1dc", "FPRED": "f10_trackB_EXT_s42.npy", "FSEED": "42", "n": 10038, "device": "8684d9a9f43a8d15"}, "BASE_EXT_s2027": {"artifact": "/workspace/review_scratch/allweather_trackB/replay/dev_alt/probe_artifacts/w10_ablation_series_BASE_EXT_s2027.npz", "sha256": "5d1766c45bc4c8f1", "FPRED": "f10_trackB_EXT_s2027.npy", "FSEED": "2027", "n": 10038, "device": "8684d9a9f43a8d15"}, "IDENT_s42": {"artifact": "/workspace/review_scratch/allweather_trackB/replay/dev_alt/probe_artifacts/w10_ablation_series_IDENT_s42.npz", "sha256": "a29ce3d3c548fc88", "FPRED": "f10_trackB_IDENT_s42.npy", "FSEED": "42", "n": 10038, "device": "8684d9a9f43a8d15"}, "B1_s42": {"artifact": "/workspace/review_scratch/allweather_trackB/replay/dev_alt/probe_artifacts/w10_ablation_series_B1_s42.npz", "sha256": "f78dedfe93a2fd5c", "FPRED": "f10_trackB_B1_s42.npy", "FSEED": "42", "n": 10038, "device": "8684d9a9f43a8d15"}, "B1_s2027": {"artifact": "/workspace/review_scratch/allweather_trackB/replay/dev_alt/probe_artifacts/w10_ablation_series_B1_s2027.npz", "sha256": "b409fc1672232eb6", "FPRED": "f10_trackB_B1_s2027.npy", "FSEED": "2027", "n": 10038, "device": "8684d9a9f43a8d15"}, "B2_s42": {"artifact": "/workspace/review_scratch/allweather_trackB/replay/dev_alt/probe_artifacts/w10_ablation_series_B2_s42.npz", "sha256": "e5ccd34d02b9f1ba", "FPRED": "f10_trackB_B2_s42.npy", "FSEED": "42", "n": 10038, "device": "8684d9a9f43a8d15"}, "B2_s2027": {"artifact": "/workspace/review_scratch/allweather_trackB/replay/dev_alt/probe_artifacts/w10_ablation_series_B2_s2027.npz", "sha256": "ad23c1e05d8cd917", "FPRED": "f10_trackB_B2_s2027.npy", "FSEED": "2027", "n": 10038, "device": "8684d9a9f43a8d15"}, "B3_s42": {"artifact": "/workspace/review_scratch/allweather_trackB/replay/dev_alt/probe_artifacts/w10_ablation_series_B3_s42.npz", "sha256": "ba21bddbd06cb8a6", "FPRED": "f10_trackB_B3_s42.npy", "FSEED": "42", "n": 10038, "device": "8684d9a9f43a8d15"}, "B3_s2027": {"artifact": "/workspace/review_scratch/allweather_trackB/replay/dev_alt/probe_artifacts/w10_ablation_series_B3_s2027.npz", "sha256": "28ccbf3ada95a1d2", "FPRED": "f10_trackB_B3_s2027.npy", "FSEED": "2027", "n": 10038, "device": "8684d9a9f43a8d15"}}

## L · Levels per gross (bps/anchor; VERIFIED judge_trackB.json levels); window 2024->26<=cut unless stated; NAV %/yr @2× = mean × 43.8; 2×DD %NAV = maxDD × 2/100
| arm | FPRED | seed | 2024 | 2025 | 2026≤cut | **2024→26** [CI95] | %/gross/yr | NAV %/yr @2× | Sharpe | maxDD bps (2×DD %NAV) | turn/gross | cost/gross | carry/gross | gross | w_king | 2023 (info) |
|---|---|---|---|---|---|---|---|---|---|---|---|---|---|---|---|---|
| BASE_s42 | (default f10_V2MAIN_s{FSEED}) | 42 | +0.557 (S+1.24) | +0.651 (S+1.14) | +3.189 (S+4.96) | **+1.206** [+0.539, +1.870] | +26.4% | +52.8% | +2.21 | 1241 (24.8%) | 0.07950 | 0.167 | +0.501 | 0.585 | 0.652 | -0.635 |
| BASE_s2027 | (default f10_V2MAIN_s{FSEED}) | 2027 | +0.588 (S+1.30) | +0.768 (S+1.34) | +3.143 (S+4.90) | **+1.252** [+0.603, +1.921] | +27.4% | +54.8% | +2.29 | 1271 (25.4%) | 0.07480 | 0.157 | +0.512 | 0.594 | 0.652 | -0.612 |
| BASE_EXT_s42 | f10_trackB_EXT_s42.npy | 42 | +0.570 (S+1.26) | +0.745 (S+1.36) | +3.190 (S+4.96) | **+1.247** [+0.584, +1.905] | +27.3% | +54.6% | +2.31 | 1217 (24.3%) | 0.07313 | 0.154 | +0.520 | 0.597 | 0.652 | -0.644 |
| BASE_EXT_s2027 | f10_trackB_EXT_s2027.npy | 2027 | +0.537 (S+1.18) | +0.795 (S+1.41) | +3.189 (S+4.95) | **+1.254** [+0.568, +1.921] | +27.5% | +54.9% | +2.30 | 1371 (27.4%) | 0.07549 | 0.159 | +0.506 | 0.593 | 0.652 | -0.594 |
| IDENT_s42 | f10_trackB_IDENT_s42.npy | 42 | +0.570 (S+1.26) | +0.745 (S+1.36) | +3.190 (S+4.96) | **+1.247** [+0.593, +1.922] | +27.3% | +54.6% | +2.31 | 1217 (24.3%) | 0.07313 | 0.154 | +0.520 | 0.597 | 0.652 | -0.644 |
| B1_s42 | f10_trackB_B1_s42.npy | 42 | +0.618 (S+1.37) | +0.697 (S+1.25) | +3.228 (S+5.01) | **+1.256** [+0.632, +1.896] | +27.5% | +55.0% | +2.32 | 1234 (24.7%) | 0.07708 | 0.162 | +0.527 | 0.589 | 0.652 | -0.612 |
| B1_s2027 | f10_trackB_B1_s2027.npy | 2027 | +0.550 (S+1.21) | +0.627 (S+1.07) | +3.229 (S+5.01) | **+1.204** [+0.563, +1.907] | +26.4% | +52.7% | +2.17 | 1367 (27.3%) | 0.07995 | 0.168 | +0.507 | 0.587 | 0.652 | -0.579 |
| B2_s42 | f10_trackB_B2_s42.npy | 42 | +0.585 (S+1.31) | +0.865 (S+1.57) | +3.136 (S+4.90) | **+1.286** [+0.632, +1.927] | +28.2% | +56.3% | +2.39 | 1206 (24.1%) | 0.06630 | 0.140 | +0.510 | 0.606 | 0.652 | -0.595 |
| B2_s2027 | f10_trackB_B2_s2027.npy | 2027 | +0.354 (S+0.79) | +0.845 (S+1.49) | +3.167 (S+4.95) | **+1.197** [+0.569, +1.859] | +26.2% | +52.4% | +2.20 | 1593 (31.9%) | 0.07306 | 0.154 | +0.502 | 0.600 | 0.652 | -0.571 |
| B3_s42 | f10_trackB_B3_s42.npy | 42 | +0.511 (S+1.13) | +0.869 (S+1.57) | +3.111 (S+4.89) | **+1.254** [+0.633, +1.914] | +27.5% | +54.9% | +2.33 | 1323 (26.5%) | 0.07255 | 0.153 | +0.520 | 0.595 | 0.652 | -0.618 |
| B3_s2027 | f10_trackB_B3_s2027.npy | 2027 | +0.586 (S+1.30) | +0.846 (S+1.52) | +3.231 (S+5.00) | **+1.302** [+0.663, +1.976] | +28.5% | +57.0% | +2.40 | 1307 (26.1%) | 0.07025 | 0.148 | +0.526 | 0.602 | 0.652 | -0.556 |

## D · Paired Δ per gross (Δg = g_x − g_ref by anchor; UTC-day-block bootstrap 2000, seed 20260905; cells Δ [CI95] P(Δ>0); VERIFIED judge_trackB.json deltas)
| pair | pre-2023 | 2023 | 2024 | 2025 | 2026≤cut | **2024→26≤cut** | 2025→26 | worst-year Δ | ΔSharpe 24→26 | Δturn% | maxDD ref→x | months + | best month (share) | Δ w/o best month |
|---|---|---|---|---|---|---|---|---|---|---|---|---|---|---|
| B1_s42 − BASE_EXT_s42 [primary] | +0.000 [+0.000,+0.000] P0.00 (=0) | +0.032 [-0.009,+0.073] P0.94 | +0.048 [-0.115,+0.208] P0.71 | -0.048 [-0.190,+0.089] P0.26 | +0.038 [-0.064,+0.143] P0.76 | **+0.009 [-0.082,+0.095] P0.58** | -0.016 [-0.112,+0.077] P0.38 | -0.048 (2025) | +0.003 | +5.4% | 1217→1234 | 16/32 | 202409 +145 bps (+285%) | -0.017 [-0.104,+0.071] |
| B1_s42 − BASE_s42 [secondary] | +0.000 [+0.000,+0.000] P0.00 (=0) | +0.023 [-0.018,+0.062] P0.87 | +0.061 [-0.069,+0.193] P0.82 | +0.046 [-0.163,+0.261] P0.66 | +0.039 [-0.083,+0.154] P0.74 | **+0.050 [-0.048,+0.157] P0.84** | +0.044 [-0.098,+0.184] P0.72 | +0.039 (2026<=cut) | +0.111 | -3.0% | 1241→1234 | 17/32 | 202504 +166 bps (+58%) | +0.022 [-0.078,+0.122] |
| B1_s2027 − BASE_EXT_s2027 [primary] | +0.000 [+0.000,+0.000] P0.00 (=0) | +0.014 [-0.027,+0.052] P0.76 | +0.014 [-0.065,+0.088] P0.63 | -0.168 [-0.358,+0.007] P0.03 | +0.040 [-0.055,+0.144] P0.80 | **-0.050 [-0.128,+0.029] P0.11** | -0.089 [-0.203,+0.028] P0.06 | -0.168 (2025) | -0.128 | +5.9% | 1371→1367 | 15/32 | 202502 +64 bps (-22%) | -0.063 [-0.133,+0.009] |
| B1_s2027 − BASE_s2027 [secondary] | +0.000 [+0.000,+0.000] P0.00 (=0) | +0.033 [-0.010,+0.075] P0.94 | -0.037 [-0.137,+0.059] P0.23 | -0.140 [-0.316,+0.036] P0.06 | +0.086 [+0.004,+0.179] P0.98 | **-0.048 [-0.127,+0.026] P0.11** | -0.055 [-0.168,+0.061] P0.19 | -0.140 (2025) | -0.117 | +6.9% | 1271→1367 | 12/32 | 202502 +100 bps (-37%) | -0.068 [-0.144,+0.011] |
| B2_s42 − BASE_EXT_s42 [primary] | +0.000 [+0.000,+0.000] P0.00 (=0) | +0.049 [+0.007,+0.093] P0.99 | +0.015 [-0.095,+0.137] P0.60 | +0.120 [-0.054,+0.287] P0.91 | -0.054 [-0.174,+0.072] P0.20 | **+0.039 [-0.049,+0.126] P0.80** | +0.054 [-0.069,+0.176] P0.81 | -0.054 (2026<=cut) | +0.081 | -9.3% | 1217→1206 | 19/32 | 202502 +219 bps (+98%) | +0.001 [-0.084,+0.084] |
| B2_s42 − BASE_s42 [secondary] | +0.000 [+0.000,+0.000] P0.00 (=0) | +0.040 [-0.017,+0.093] P0.92 | +0.028 [-0.093,+0.157] P0.69 | +0.214 [-0.078,+0.504] P0.91 | -0.053 [-0.159,+0.062] P0.17 | **+0.081 [-0.038,+0.214] P0.90** | +0.113 [-0.079,+0.308] P0.86 | -0.053 (2026<=cut) | +0.189 | -16.6% | 1241→1206 | 19/32 | 202504 +224 bps (+49%) | +0.043 [-0.082,+0.169] |
| B2_s2027 − BASE_EXT_s2027 [primary] | +0.000 [+0.000,+0.000] P0.00 (=0) | +0.023 [-0.028,+0.078] P0.81 | -0.182 [-0.364,-0.008] P0.02 | +0.050 [-0.061,+0.180] P0.81 | -0.022 [-0.134,+0.087] P0.34 | **-0.056 [-0.140,+0.030] P0.09** | +0.023 [-0.061,+0.102] P0.70 | -0.182 (2024) | -0.095 | -3.2% | 1371→1593 | 16/32 | 202408 +70 bps (-22%) | -0.071 [-0.160,+0.012] |
| B2_s2027 − BASE_s2027 [secondary] | +0.000 [+0.000,+0.000] P0.00 (=0) | +0.041 [-0.014,+0.101] P0.92 | -0.233 [-0.429,-0.037] P0.01 | +0.077 [-0.052,+0.215] P0.87 | +0.024 [-0.096,+0.140] P0.65 | **-0.054 [-0.151,+0.046] P0.15** | +0.057 [-0.036,+0.153] P0.88 | -0.233 (2024) | -0.085 | -2.3% | 1271→1593 | 19/32 | 202504 +92 bps (-30%) | -0.073 [-0.172,+0.025] |
| B3_s42 − BASE_EXT_s42 [primary] | +0.000 [+0.000,+0.000] P0.00 (=0) | +0.025 [-0.015,+0.067] P0.89 | -0.059 [-0.176,+0.053] P0.16 | +0.124 [-0.069,+0.292] P0.89 | -0.079 [-0.339,+0.130] P0.27 | **+0.006 [-0.090,+0.102] P0.56** | +0.047 [-0.103,+0.193] P0.74 | -0.079 (2026<=cut) | +0.014 | -0.8% | 1217→1323 | 18/32 | 202502 +196 bps (+534%) | -0.029 [-0.127,+0.071] |
| B3_s42 − BASE_s42 [secondary] | +0.000 [+0.000,+0.000] P0.00 (=0) | +0.016 [-0.038,+0.071] P0.71 | -0.046 [-0.158,+0.071] P0.21 | +0.218 [-0.056,+0.507] P0.94 | -0.078 [-0.343,+0.109] P0.25 | **+0.048 [-0.075,+0.172] P0.77** | +0.106 [-0.081,+0.301] P0.87 | -0.078 (2026<=cut) | +0.122 | -8.7% | 1241→1323 | 17/32 | 202504 +236 bps (+86%) | +0.007 [-0.117,+0.127] |
| B3_s2027 − BASE_EXT_s2027 [primary] | +0.000 [+0.000,+0.000] P0.00 (=0) | +0.037 [-0.008,+0.087] P0.94 | +0.049 [-0.063,+0.166] P0.80 | +0.051 [-0.160,+0.256] P0.68 | +0.042 [-0.049,+0.135] P0.81 | **+0.048 [-0.042,+0.142] P0.86** | +0.047 [-0.081,+0.176] P0.77 | +0.042 (2026<=cut) | +0.102 | -6.9% | 1371→1307 | 16/32 | 202505 +136 bps (+49%) | +0.025 [-0.067,+0.119] |
| B3_s2027 − BASE_s2027 [secondary] | +0.000 [+0.000,+0.000] P0.00 (=0) | +0.055 [+0.000,+0.115] P0.98 | -0.001 [-0.098,+0.098] P0.48 | +0.078 [-0.134,+0.276] P0.77 | +0.088 [-0.015,+0.190] P0.95 | **+0.050 [-0.040,+0.138] P0.86** | +0.082 [-0.047,+0.220] P0.89 | -0.001 (2024) | +0.113 | -6.1% | 1271→1307 | 16/32 | 202504 +120 bps (+42%) | +0.030 [-0.052,+0.112] |
| IDENT_s42 − BASE_EXT_s42 [identity, exact 0 expected] | +0.000 [+0.000,+0.000] P0.00 (=0) | +0.000 [+0.000,+0.000] P0.00 (=0) | +0.000 [+0.000,+0.000] P0.00 (=0) | +0.000 [+0.000,+0.000] P0.00 (=0) | +0.000 [+0.000,+0.000] P0.00 (=0) | **+0.000 [+0.000,+0.000] P0.00 (=0)** | +0.000 [+0.000,+0.000] P0.00 (=0) | +0.000 (2024) | +0.000 | +0.0% | 1217→1217 | 0/32 | 202401 +0 bps (+nan%) | +0.000 [+0.000,+0.000] |
| BASE_EXT_s42 − BASE_s42 [ext data vs 0822 data, same trainer] | +0.000 [+0.000,+0.000] P0.00 (=0) | -0.009 [-0.054,+0.035] P0.35 | +0.013 [-0.046,+0.075] P0.69 | +0.095 [-0.179,+0.354] P0.74 | +0.001 [-0.093,+0.101] P0.52 | **+0.042 [-0.058,+0.148] P0.79** | +0.059 [-0.122,+0.237] P0.74 | +0.001 (2026<=cut) | +0.108 | -8.0% | 1241→1217 | 15/32 | 202504 +229 bps (+97%) | +0.001 [-0.097,+0.104] |
| BASE_EXT_s2027 − BASE_s2027 [ext vs 0822] | +0.000 [+0.000,+0.000] P0.00 (=0) | +0.018 [-0.030,+0.068] P0.76 | -0.051 [-0.133,+0.030] P0.11 | +0.027 [-0.040,+0.091] P0.80 | +0.046 [-0.018,+0.112] P0.92 | **+0.002 [-0.041,+0.046] P0.53** | +0.034 [-0.011,+0.079] P0.93 | -0.051 (2024) | +0.010 | +0.9% | 1271→1371 | 15/32 | 202504 +61 bps (+611%) | -0.009 [-0.052,+0.033] |

## J · Frozen gate (PREREG §3 Track B; VERIFIED judge_trackB.json judge)
| arm | seed | Δ 2024→26 [CI95] | (i-a) CI lower>0 | worst-year Δ | 2026 Δ | (i-b) worst≥+0.20 ∧ 2026≥−0.20 | (i) | Δturn% | (ii) ≤+10% | leak ① ③ | (iv) | per-seed pass |
|---|---|---|---|---|---|---|---|---|---|---|---|---|
| B1 | 42 | +0.009 [-0.082, +0.095] | False | -0.048 (2025) | +0.038 | False | False | +5.4% | True | True True | True | False |
| B1 | 2027 | -0.050 [-0.128, +0.029] | False | -0.168 (2025) | +0.040 | False | False | +5.9% | True | True True | True | False |
| **B1** | both | — | — | — | — | — | — | — | — | — | (iii) same sign False | **FAIL** |
| B2 | 42 | +0.039 [-0.049, +0.126] | False | -0.054 (2026<=cut) | -0.054 | False | False | -9.3% | True | True True | True | False |
| B2 | 2027 | -0.056 [-0.140, +0.030] | False | -0.182 (2024) | -0.022 | False | False | -3.2% | True | True True | True | False |
| **B2** | both | — | — | — | — | — | — | — | — | — | (iii) same sign False | **FAIL** |
| B3 | 42 | +0.006 [-0.090, +0.102] | False | -0.079 (2026<=cut) | -0.079 | False | False | -0.8% | True | True True | True | False |
| B3 | 2027 | +0.048 [-0.042, +0.142] | False | +0.042 (2026<=cut) | +0.042 | False | False | -6.9% | True | True True | True | False |
| **B3** | both | — | — | — | — | — | — | — | — | — | (iii) same sign True | **FAIL** |
===== JUDGE Track B [B1]: FAIL | s42: Δ +0.0089 [-0.0823,+0.0947] i=False (a False b False: worst -0.048 2025, 2026 +0.038) ii=True (+5.4%) iv=True ; s2027: Δ -0.0498 [-0.1283,+0.0287] i=False (a False b False: worst -0.168 2025, 2026 +0.040) ii=True (+5.9%) iv=True | iii same sign False
===== JUDGE Track B [B2]: FAIL | s42: Δ +0.0391 [-0.0488,+0.1260] i=False (a False b False: worst -0.054 2026<=cut, 2026 -0.054) ii=True (-9.3%) iv=True ; s2027: Δ -0.0561 [-0.1399,+0.0297] i=False (a False b False: worst -0.182 2024, 2026 -0.022) ii=True (-3.2%) iv=True | iii same sign False
===== JUDGE Track B [B3]: FAIL | s42: Δ +0.0064 [-0.0900,+0.1020] i=False (a False b False: worst -0.079 2026<=cut, 2026 -0.079) ii=True (-0.8%) iv=True ; s2027: Δ +0.0482 [-0.0416,+0.1424] i=False (a False b False: worst +0.042 2026<=cut, 2026 +0.042) ii=True (-6.9%) iv=True | iii same sign True

wrote /workspace/review_scratch/allweather_trackB/results/judge_trackB.json and trackB_tables.md
JUDGE_DONE
