MISSING B1_s2027: /workspace/review_scratch/allweather_trackB/replay/dev_alt/probe_artifacts/w10_ablation_series_B1_s2027.npz
MISSING B2_s2027: /workspace/review_scratch/allweather_trackB/replay/dev_alt/probe_artifacts/w10_ablation_series_B2_s2027.npz
MISSING B3_s2027: /workspace/review_scratch/allweather_trackB/replay/dev_alt/probe_artifacts/w10_ablation_series_B3_s2027.npz
LOADED 8 arms n=10038 2022-01-31 00:00→2026-08-30 20:00; windows pre-2023=2010, 2023=2190, 2024=2196, 2025=2190, 2026<=cut=1332, 2024->26<=cut=5718, 2025->26<=cut=3522, 2026-postcut=120
ARMS {"BASE_s42": {"artifact": "/workspace/review_scratch/allweather_trackB/replay/dev_alt/probe_artifacts/w10_ablation_series_BASE_s42.npz", "sha256": "32bfecb9cf9c0e5c", "FPRED": "(default f10_V2MAIN_s{FSEED})", "FSEED": "42", "n": 10038, "device": "8684d9a9f43a8d15"}, "BASE_s2027": {"artifact": "/workspace/review_scratch/allweather_trackB/replay/dev_alt/probe_artifacts/w10_ablation_series_BASE_s2027.npz", "sha256": "a2c5ec76dfac990b", "FPRED": "(default f10_V2MAIN_s{FSEED})", "FSEED": "2027", "n": 10038, "device": "8684d9a9f43a8d15"}, "BASE_EXT_s42": {"artifact": "/workspace/review_scratch/allweather_trackB/replay/dev_alt/probe_artifacts/w10_ablation_series_BASE_EXT_s42.npz", "sha256": "448bc5898339a1dc", "FPRED": "f10_trackB_EXT_s42.npy", "FSEED": "42", "n": 10038, "device": "8684d9a9f43a8d15"}, "BASE_EXT_s2027": {"artifact": "/workspace/review_scratch/allweather_trackB/replay/dev_alt/probe_artifacts/w10_ablation_series_BASE_EXT_s2027.npz", "sha256": "5d1766c45bc4c8f1", "FPRED": "f10_trackB_EXT_s2027.npy", "FSEED": "2027", "n": 10038, "device": "8684d9a9f43a8d15"}, "IDENT_s42": {"artifact": "/workspace/review_scratch/allweather_trackB/replay/dev_alt/probe_artifacts/w10_ablation_series_IDENT_s42.npz", "sha256": "a29ce3d3c548fc88", "FPRED": "f10_trackB_IDENT_s42.npy", "FSEED": "42", "n": 10038, "device": "8684d9a9f43a8d15"}, "B1_s42": {"artifact": "/workspace/review_scratch/allweather_trackB/replay/dev_alt/probe_artifacts/w10_ablation_series_B1_s42.npz", "sha256": "f78dedfe93a2fd5c", "FPRED": "f10_trackB_B1_s42.npy", "FSEED": "42", "n": 10038, "device": "8684d9a9f43a8d15"}, "B2_s42": {"artifact": "/workspace/review_scratch/allweather_trackB/replay/dev_alt/probe_artifacts/w10_ablation_series_B2_s42.npz", "sha256": "e5ccd34d02b9f1ba", "FPRED": "f10_trackB_B2_s42.npy", "FSEED": "42", "n": 10038, "device": "8684d9a9f43a8d15"}, "B3_s42": {"artifact": "/workspace/review_scratch/allweather_trackB/replay/dev_alt/probe_artifacts/w10_ablation_series_B3_s42.npz", "sha256": "ba21bddbd06cb8a6", "FPRED": "f10_trackB_B3_s42.npy", "FSEED": "42", "n": 10038, "device": "8684d9a9f43a8d15"}}

## L · Levels per gross (bps/anchor; VERIFIED judge_trackB.json levels); window 2024->26<=cut unless stated; NAV %/yr @2× = mean × 43.8; 2×DD %NAV = maxDD × 2/100
| arm | FPRED | seed | 2024 | 2025 | 2026≤cut | **2024→26** [CI95] | %/gross/yr | NAV %/yr @2× | Sharpe | maxDD bps (2×DD %NAV) | turn/gross | cost/gross | carry/gross | gross | w_king | 2023 (info) |
|---|---|---|---|---|---|---|---|---|---|---|---|---|---|---|---|---|
| BASE_s42 | (default f10_V2MAIN_s{FSEED}) | 42 | +0.557 (S+1.24) | +0.651 (S+1.14) | +3.189 (S+4.96) | **+1.206** [+0.539, +1.870] | +26.4% | +52.8% | +2.21 | 1241 (24.8%) | 0.07950 | 0.167 | +0.501 | 0.585 | 0.652 | -0.635 |
| BASE_s2027 | (default f10_V2MAIN_s{FSEED}) | 2027 | +0.588 (S+1.30) | +0.768 (S+1.34) | +3.143 (S+4.90) | **+1.252** [+0.603, +1.921] | +27.4% | +54.8% | +2.29 | 1271 (25.4%) | 0.07480 | 0.157 | +0.512 | 0.594 | 0.652 | -0.612 |
| BASE_EXT_s42 | f10_trackB_EXT_s42.npy | 42 | +0.570 (S+1.26) | +0.745 (S+1.36) | +3.190 (S+4.96) | **+1.247** [+0.584, +1.905] | +27.3% | +54.6% | +2.31 | 1217 (24.3%) | 0.07313 | 0.154 | +0.520 | 0.597 | 0.652 | -0.644 |
| BASE_EXT_s2027 | f10_trackB_EXT_s2027.npy | 2027 | +0.537 (S+1.18) | +0.795 (S+1.41) | +3.189 (S+4.95) | **+1.254** [+0.568, +1.921] | +27.5% | +54.9% | +2.30 | 1371 (27.4%) | 0.07549 | 0.159 | +0.506 | 0.593 | 0.652 | -0.594 |
| IDENT_s42 | f10_trackB_IDENT_s42.npy | 42 | +0.570 (S+1.26) | +0.745 (S+1.36) | +3.190 (S+4.96) | **+1.247** [+0.593, +1.922] | +27.3% | +54.6% | +2.31 | 1217 (24.3%) | 0.07313 | 0.154 | +0.520 | 0.597 | 0.652 | -0.644 |
| B1_s42 | f10_trackB_B1_s42.npy | 42 | +0.618 (S+1.37) | +0.697 (S+1.25) | +3.228 (S+5.01) | **+1.256** [+0.632, +1.896] | +27.5% | +55.0% | +2.32 | 1234 (24.7%) | 0.07708 | 0.162 | +0.527 | 0.589 | 0.652 | -0.612 |
| B2_s42 | f10_trackB_B2_s42.npy | 42 | +0.585 (S+1.31) | +0.865 (S+1.57) | +3.136 (S+4.90) | **+1.286** [+0.667, +1.954] | +28.2% | +56.3% | +2.39 | 1206 (24.1%) | 0.06630 | 0.140 | +0.510 | 0.606 | 0.652 | -0.595 |
| B3_s42 | f10_trackB_B3_s42.npy | 42 | +0.511 (S+1.13) | +0.869 (S+1.57) | +3.111 (S+4.89) | **+1.254** [+0.603, +1.900] | +27.5% | +54.9% | +2.33 | 1323 (26.5%) | 0.07255 | 0.153 | +0.520 | 0.595 | 0.652 | -0.618 |

## D · Paired Δ per gross (Δg = g_x − g_ref by anchor; UTC-day-block bootstrap 2000, seed 20260905; cells Δ [CI95] P(Δ>0); VERIFIED judge_trackB.json deltas)
| pair | pre-2023 | 2023 | 2024 | 2025 | 2026≤cut | **2024→26≤cut** | 2025→26 | worst-year Δ | ΔSharpe 24→26 | Δturn% | maxDD ref→x | months + | best month (share) | Δ w/o best month |
|---|---|---|---|---|---|---|---|---|---|---|---|---|---|---|
| B1_s42 − BASE_EXT_s42 [primary] | +0.000 [+0.000,+0.000] P0.00 (=0) | +0.032 [-0.008,+0.075] P0.94 | +0.048 [-0.116,+0.223] P0.71 | -0.048 [-0.191,+0.105] P0.26 | +0.038 [-0.062,+0.137] P0.77 | **+0.009 [-0.080,+0.095] P0.57** | -0.016 [-0.113,+0.082] P0.37 | -0.04806733355665161 -0.048 | +0.003 | +5.4% | 1217→1234 | 16/32 | 202409 +145 bps (+285%) | -0.017 [-0.103,+0.067] |
| B1_s42 − BASE_s42 [secondary] | +0.000 [+0.000,+0.000] P0.00 (=0) | +0.023 [-0.018,+0.065] P0.87 | +0.061 [-0.072,+0.200] P0.80 | +0.046 [-0.173,+0.258] P0.67 | +0.039 [-0.080,+0.157] P0.74 | **+0.050 [-0.055,+0.148] P0.83** | +0.044 [-0.096,+0.179] P0.71 | 0.038643650240387455 +0.039 | +0.111 | -3.0% | 1241→1234 | 17/32 | 202504 +166 bps (+58%) | +0.022 [-0.074,+0.118] |
| B2_s42 − BASE_EXT_s42 [primary] | +0.000 [+0.000,+0.000] P0.00 (=0) | +0.049 [+0.006,+0.092] P0.99 | +0.015 [-0.108,+0.133] P0.59 | +0.120 [-0.049,+0.297] P0.90 | -0.054 [-0.185,+0.075] P0.21 | **+0.039 [-0.049,+0.128] P0.81** | +0.054 [-0.071,+0.176] P0.81 | -0.05353845554691297 -0.054 | +0.081 | -9.3% | 1217→1206 | 19/32 | 202502 +219 bps (+98%) | +0.001 [-0.083,+0.084] |
| B2_s42 − BASE_s42 [secondary] | +0.000 [+0.000,+0.000] P0.00 (=0) | +0.040 [-0.016,+0.098] P0.93 | +0.028 [-0.101,+0.153] P0.69 | +0.214 [-0.076,+0.516] P0.91 | -0.053 [-0.159,+0.048] P0.16 | **+0.081 [-0.048,+0.215] P0.89** | +0.113 [-0.076,+0.303] P0.87 | -0.052762250401625986 -0.053 | +0.189 | -16.6% | 1241→1206 | 19/32 | 202504 +224 bps (+49%) | +0.043 [-0.073,+0.165] |
| B3_s42 − BASE_EXT_s42 [primary] | +0.000 [+0.000,+0.000] P0.00 (=0) | +0.025 [-0.013,+0.067] P0.89 | -0.059 [-0.174,+0.056] P0.17 | +0.124 [-0.065,+0.297] P0.91 | -0.079 [-0.329,+0.132] P0.27 | **+0.006 [-0.091,+0.101] P0.54** | +0.047 [-0.100,+0.187] P0.74 | -0.07869712800600333 -0.079 | +0.014 | -0.8% | 1217→1323 | 18/32 | 202502 +196 bps (+534%) | -0.029 [-0.132,+0.063] |
| B3_s42 − BASE_s42 [secondary] | +0.000 [+0.000,+0.000] P0.00 (=0) | +0.016 [-0.036,+0.071] P0.73 | -0.046 [-0.157,+0.068] P0.19 | +0.218 [-0.048,+0.500] P0.94 | -0.078 [-0.328,+0.103] P0.26 | **+0.048 [-0.079,+0.178] P0.77** | +0.106 [-0.084,+0.307] P0.86 | -0.07792092286071631 -0.078 | +0.122 | -8.7% | 1241→1323 | 17/32 | 202504 +236 bps (+86%) | +0.007 [-0.118,+0.122] |
| IDENT_s42 − BASE_EXT_s42 [identity, exact 0 expected] | +0.000 [+0.000,+0.000] P0.00 (=0) | +0.000 [+0.000,+0.000] P0.00 (=0) | +0.000 [+0.000,+0.000] P0.00 (=0) | +0.000 [+0.000,+0.000] P0.00 (=0) | +0.000 [+0.000,+0.000] P0.00 (=0) | **+0.000 [+0.000,+0.000] P0.00 (=0)** | +0.000 [+0.000,+0.000] P0.00 (=0) | 0.0 +0.000 | +0.000 | +0.0% | 1217→1217 | 0/32 | 202401 +0 bps (+nan%) | +0.000 [+0.000,+0.000] |
| BASE_EXT_s42 − BASE_s42 [ext data vs 0822 data, same trainer] | +0.000 [+0.000,+0.000] P0.00 (=0) | -0.009 [-0.055,+0.035] P0.35 | +0.013 [-0.049,+0.073] P0.66 | +0.095 [-0.176,+0.360] P0.75 | +0.001 [-0.098,+0.095] P0.50 | **+0.042 [-0.070,+0.149] P0.78** | +0.059 [-0.116,+0.234] P0.74 | 0.0007762051452870165 +0.001 | +0.108 | -8.0% | 1241→1217 | 15/32 | 202504 +229 bps (+97%) | +0.001 [-0.098,+0.107] |
| BASE_EXT_s2027 − BASE_s2027 [ext vs 0822] | +0.000 [+0.000,+0.000] P0.00 (=0) | +0.018 [-0.031,+0.066] P0.75 | -0.051 [-0.134,+0.030] P0.13 | +0.027 [-0.037,+0.090] P0.80 | +0.046 [-0.017,+0.111] P0.93 | **+0.002 [-0.040,+0.043] P0.53** | +0.034 [-0.013,+0.081] P0.93 | -0.05073031873707657 -0.051 | +0.010 | +0.9% | 1271→1371 | 15/32 | 202504 +61 bps (+611%) | -0.009 [-0.052,+0.032] |

## J · Frozen gate (PREREG §3 Track B; VERIFIED judge_trackB.json judge)
| arm | seed | Δ 2024→26 [CI95] | (i-a) CI lower>0 | worst-year Δ | 2026 Δ | (i-b) worst≥+0.20 ∧ 2026≥−0.20 | (i) | Δturn% | (ii) ≤+10% | leak ① ③ | (iv) | per-seed pass |
|---|---|---|---|---|---|---|---|---|---|---|---|---|
| B1 | 42 | +0.009 [-0.080, +0.095] | False | -0.048 (2025) | +0.038 | False | False | +5.4% | True | True True | True | False |
| B2 | 42 | +0.039 [-0.049, +0.128] | False | -0.054 (2026<=cut) | -0.054 | False | False | -9.3% | True | True True | True | False |
| B3 | 42 | +0.006 [-0.091, +0.101] | False | -0.079 (2026<=cut) | -0.079 | False | False | -0.8% | True | True True | True | False |
===== JUDGE Track B [B1]: INCOMPLETE (one seed) | s42: Δ +0.0089 [-0.0799,+0.0951] i=False (a False b False: worst -0.048 2025, 2026 +0.038) ii=True (+5.4%) iv=True | iii same sign None
===== JUDGE Track B [B2]: INCOMPLETE (one seed) | s42: Δ +0.0391 [-0.0490,+0.1276] i=False (a False b False: worst -0.054 2026<=cut, 2026 -0.054) ii=True (-9.3%) iv=True | iii same sign None
===== JUDGE Track B [B3]: INCOMPLETE (one seed) | s42: Δ +0.0064 [-0.0906,+0.1011] i=False (a False b False: worst -0.079 2026<=cut, 2026 -0.079) ii=True (-0.8%) iv=True | iii same sign None

wrote /workspace/review_scratch/allweather_trackB/results/judge_trackB.json and trackB_tables.md
JUDGE_DONE
CHAIN_S42_DONE
