B1_s42 2023           n= 2190 IC +0.0529 (ref +0.0518) ΔIC +0.0010 [-0.0004,+0.0025] | short-half IC +0.0381 (ref +0.0374) Δ +0.0007 [-0.0028,+0.0037] | long-half IC +0.0211 (ref +0.0204) Δ +0.0007 [-0.0031,+0.0043]
B1_s42 2024           n= 2196 IC +0.0377 (ref +0.0434) ΔIC -0.0056 [-0.0076,-0.0037] | short-half IC +0.0303 (ref +0.0319) Δ -0.0015 [-0.0047,+0.0017] | long-half IC +0.0154 (ref +0.0202) Δ -0.0048 [-0.0078,-0.0017]
B1_s42 2025           n= 2190 IC +0.0261 (ref +0.0223) ΔIC +0.0038 [+0.0026,+0.0051] | short-half IC +0.0287 (ref +0.0229) Δ +0.0058 [+0.0036,+0.0079] | long-half IC +0.0066 (ref +0.0048) Δ +0.0018 [-0.0005,+0.0039]
B1_s42 2026<=cut      n= 1332 IC +0.0203 (ref +0.0147) ΔIC +0.0056 [+0.0045,+0.0067] | short-half IC +0.0258 (ref +0.0191) Δ +0.0067 [+0.0041,+0.0094] | long-half IC +0.0022 (ref +0.0016) Δ +0.0006 [-0.0020,+0.0035]
B1_s42 2024->26<=cut  n= 5718 IC +0.0292 (ref +0.0286) ΔIC +0.0006 [-0.0003,+0.0016] | short-half IC +0.0287 (ref +0.0255) Δ +0.0032 [+0.0015,+0.0047] | long-half IC +0.0089 (ref +0.0100) Δ -0.0010 [-0.0026,+0.0006]
B1_s42 fold 2023 DRO: eras 2 last-epoch W max 1.57 min 0.43 n_eff 1.51; argmax era by epoch ['4045', '4045', '4045', '4045', '4045', '4045', '4045', '4045', '4045', '4045', '4045', '4045', '4045', '4045']
B1_s42 fold 2024 DRO: eras 4 last-epoch W max 1.53 min 0.32 n_eff 3.24; argmax era by epoch ['4046', '4046', '4047', '4047', '4047', '4045', '4047', '4047', '4046', '4047', '4047', '4047', '4047', '4047']
B1_s42 fold 2025 DRO: eras 5 last-epoch W max 1.66 min 0.27 n_eff 4.15; argmax era by epoch ['4048', '4045', '4045', '4045', '4048', '4048', '4048', '4048', '4048', '4048', '4048', '4048', '4048', '4048']
B1_s42 fold 2026 DRO: eras 7 last-epoch W max 1.73 min 0.23 n_eff 5.87; argmax era by epoch ['4048', '4045', '4045', '4045', '4048', '4045', '4045', '4048', '4048', '4048', '4048', '4048', '4048', '4048']
B2_s42 2023           n= 2190 IC +0.0496 (ref +0.0518) ΔIC -0.0022 [-0.0046,+0.0001] | short-half IC +0.0446 (ref +0.0374) Δ +0.0072 [+0.0029,+0.0115] | long-half IC +0.0194 (ref +0.0204) Δ -0.0009 [-0.0054,+0.0037]
B2_s42 2024           n= 2196 IC +0.0413 (ref +0.0434) ΔIC -0.0020 [-0.0037,-0.0004] | short-half IC +0.0326 (ref +0.0319) Δ +0.0008 [-0.0024,+0.0038] | long-half IC +0.0174 (ref +0.0202) Δ -0.0028 [-0.0063,+0.0007]
B2_s42 2025           n= 2190 IC +0.0139 (ref +0.0223) ΔIC -0.0084 [-0.0109,-0.0058] | short-half IC +0.0186 (ref +0.0229) Δ -0.0043 [-0.0077,-0.0008] | long-half IC +0.0029 (ref +0.0048) Δ -0.0019 [-0.0051,+0.0013]
B2_s42 2026<=cut      n= 1332 IC +0.0207 (ref +0.0147) ΔIC +0.0060 [+0.0040,+0.0079] | short-half IC +0.0210 (ref +0.0191) Δ +0.0019 [-0.0018,+0.0055] | long-half IC +0.0064 (ref +0.0016) Δ +0.0048 [+0.0014,+0.0083]
B2_s42 2024->26<=cut  n= 5718 IC +0.0260 (ref +0.0286) ΔIC -0.0026 [-0.0038,-0.0013] | short-half IC +0.0246 (ref +0.0255) Δ -0.0009 [-0.0028,+0.0010] | long-half IC +0.0093 (ref +0.0100) Δ -0.0007 [-0.0027,+0.0014]
B3_s42 2023           n= 2190 IC +0.0559 (ref +0.0518) ΔIC +0.0040 [+0.0020,+0.0059] | short-half IC +0.0424 (ref +0.0374) Δ +0.0050 [+0.0014,+0.0085] | long-half IC +0.0167 (ref +0.0204) Δ -0.0036 [-0.0072,-0.0001]
B3_s42 2024           n= 2196 IC +0.0373 (ref +0.0434) ΔIC -0.0060 [-0.0077,-0.0042] | short-half IC +0.0337 (ref +0.0319) Δ +0.0018 [-0.0010,+0.0045] | long-half IC +0.0107 (ref +0.0202) Δ -0.0095 [-0.0128,-0.0063]
B3_s42 2025           n= 2190 IC +0.0168 (ref +0.0223) ΔIC -0.0054 [-0.0075,-0.0032] | short-half IC +0.0225 (ref +0.0229) Δ -0.0004 [-0.0036,+0.0028] | long-half IC +0.0032 (ref +0.0048) Δ -0.0017 [-0.0049,+0.0018]
B3_s42 2026<=cut      n= 1332 IC +0.0265 (ref +0.0147) ΔIC +0.0118 [+0.0097,+0.0139] | short-half IC +0.0293 (ref +0.0191) Δ +0.0102 [+0.0071,+0.0134] | long-half IC +0.0050 (ref +0.0016) Δ +0.0034 [-0.0001,+0.0070]
B3_s42 2024->26<=cut  n= 5718 IC +0.0270 (ref +0.0286) ΔIC -0.0016 [-0.0029,-0.0003] | short-half IC +0.0284 (ref +0.0255) Δ +0.0029 [+0.0011,+0.0046] | long-half IC +0.0065 (ref +0.0100) Δ -0.0035 [-0.0056,-0.0015]
B3_s42 fold 2023 DRO: eras 2 last-epoch W max 1.51 min 0.49 n_eff 1.58; argmax era by epoch ['4045', '4045', '4045', '4045', '4045', '4045', '4045', '4045', '4045', '4045', '4045', '4045', '4045', '4045']
B3_s42 fold 2024 DRO: eras 4 last-epoch W max 1.53 min 0.32 n_eff 3.27; argmax era by epoch ['4046', '4046', '4047', '4047', '4047', '4045', '4046', '4046', '4046', '4047', '4046', '4046', '4046', '4046']
B3_s42 fold 2025 DRO: eras 5 last-epoch W max 1.64 min 0.26 n_eff 4.12; argmax era by epoch ['4048', '4045', '4045', '4045', '4048', '4048', '4048', '4048', '4048', '4048', '4048', '4048', '4048', '4048']
B3_s42 fold 2026 DRO: eras 7 last-epoch W max 1.73 min 0.30 n_eff 5.99; argmax era by epoch ['4048', '4045', '4045', '4045', '4048', '4048', '4048', '4048', '4048', '4048', '4048', '4048', '4048', '4048']
B1_s2027 2023           n= 2190 IC +0.0521 (ref +0.0495) ΔIC +0.0026 [+0.0012,+0.0040] | short-half IC +0.0347 (ref +0.0310) Δ +0.0037 [+0.0002,+0.0072] | long-half IC +0.0244 (ref +0.0233) Δ +0.0011 [-0.0025,+0.0045]
B1_s2027 2024           n= 2196 IC +0.0456 (ref +0.0458) ΔIC -0.0003 [-0.0015,+0.0009] | short-half IC +0.0407 (ref +0.0380) Δ +0.0027 [+0.0004,+0.0051] | long-half IC +0.0170 (ref +0.0196) Δ -0.0027 [-0.0055,+0.0002]
B1_s2027 2025           n= 2190 IC +0.0192 (ref +0.0209) ΔIC -0.0017 [-0.0033,+0.0001] | short-half IC +0.0275 (ref +0.0323) Δ -0.0048 [-0.0075,-0.0019] | long-half IC -0.0040 (ref -0.0010) Δ -0.0030 [-0.0056,-0.0004]
B1_s2027 2026<=cut      n= 1332 IC +0.0248 (ref +0.0202) ΔIC +0.0046 [+0.0037,+0.0054] | short-half IC +0.0236 (ref +0.0183) Δ +0.0053 [+0.0030,+0.0076] | long-half IC +0.0065 (ref +0.0037) Δ +0.0027 [+0.0003,+0.0051]
B1_s2027 2024->26<=cut  n= 5718 IC +0.0306 (ref +0.0303) ΔIC +0.0003 [-0.0005,+0.0011] | short-half IC +0.0317 (ref +0.0312) Δ +0.0005 [-0.0011,+0.0020] | long-half IC +0.0065 (ref +0.0080) Δ -0.0015 [-0.0031,+0.0001]
B1_s2027 fold 2023 DRO: eras 2 last-epoch W max 1.41 min 0.59 n_eff 1.71; argmax era by epoch ['4045', '4045', '4045', '4045', '4045', '4045', '4045', '4045', '4045', '4045', '4045', '4045', '4045', '4045']
B1_s2027 fold 2024 DRO: eras 4 last-epoch W max 1.63 min 0.45 n_eff 3.31; argmax era by epoch ['4046', '4047', '4047', '4045', '4047', '4047', '4047', '4047', '4047', '4047', '4047', '4047', '4047', '4047']
B1_s2027 fold 2025 DRO: eras 5 last-epoch W max 1.63 min 0.36 n_eff 4.21; argmax era by epoch ['4048', '4045', '4045', '4045', '4048', '4048', '4048', '4048', '4048', '4048', '4048', '4048', '4048', '4048']
B1_s2027 fold 2026 DRO: eras 7 last-epoch W max 1.85 min 0.23 n_eff 5.70; argmax era by epoch ['4050', '4045', '4045', '4045', '4045', '4045', '4048', '4048', '4048', '4048', '4048', '4048', '4048', '4048']
B2_s2027 2023           n= 2190 IC +0.0461 (ref +0.0495) ΔIC -0.0034 [-0.0062,-0.0005] | short-half IC +0.0351 (ref +0.0310) Δ +0.0040 [-0.0009,+0.0090] | long-half IC +0.0202 (ref +0.0233) Δ -0.0031 [-0.0078,+0.0018]
B2_s2027 2024           n= 2196 IC +0.0507 (ref +0.0458) ΔIC +0.0048 [+0.0027,+0.0069] | short-half IC +0.0408 (ref +0.0380) Δ +0.0028 [-0.0009,+0.0064] | long-half IC +0.0202 (ref +0.0196) Δ +0.0005 [-0.0030,+0.0043]
B2_s2027 2025           n= 2190 IC +0.0202 (ref +0.0209) ΔIC -0.0006 [-0.0017,+0.0005] | short-half IC +0.0306 (ref +0.0323) Δ -0.0017 [-0.0038,+0.0004] | long-half IC -0.0011 (ref -0.0010) Δ -0.0000 [-0.0022,+0.0021]
B2_s2027 2026<=cut      n= 1332 IC +0.0227 (ref +0.0202) ΔIC +0.0026 [+0.0009,+0.0043] | short-half IC +0.0221 (ref +0.0183) Δ +0.0038 [+0.0003,+0.0073] | long-half IC +0.0063 (ref +0.0037) Δ +0.0025 [-0.0010,+0.0058]
B2_s2027 2024->26<=cut  n= 5718 IC +0.0325 (ref +0.0303) ΔIC +0.0022 [+0.0012,+0.0032] | short-half IC +0.0325 (ref +0.0312) Δ +0.0013 [-0.0005,+0.0031] | long-half IC +0.0088 (ref +0.0080) Δ +0.0008 [-0.0011,+0.0026]
B3_s2027 2023           n= 2190 IC +0.0484 (ref +0.0495) ΔIC -0.0011 [-0.0033,+0.0011] | short-half IC +0.0335 (ref +0.0310) Δ +0.0024 [-0.0022,+0.0070] | long-half IC +0.0211 (ref +0.0233) Δ -0.0022 [-0.0064,+0.0021]
B3_s2027 2024           n= 2196 IC +0.0453 (ref +0.0458) ΔIC -0.0006 [-0.0020,+0.0009] | short-half IC +0.0398 (ref +0.0380) Δ +0.0018 [-0.0013,+0.0048] | long-half IC +0.0159 (ref +0.0196) Δ -0.0038 [-0.0073,-0.0002]
B3_s2027 2025           n= 2190 IC +0.0192 (ref +0.0209) ΔIC -0.0016 [-0.0041,+0.0008] | short-half IC +0.0268 (ref +0.0323) Δ -0.0054 [-0.0088,-0.0020] | long-half IC +0.0008 (ref -0.0010) Δ +0.0018 [-0.0016,+0.0055]
B3_s2027 2026<=cut      n= 1332 IC +0.0249 (ref +0.0202) ΔIC +0.0048 [+0.0032,+0.0063] | short-half IC +0.0280 (ref +0.0183) Δ +0.0097 [+0.0067,+0.0130] | long-half IC +0.0066 (ref +0.0037) Δ +0.0029 [-0.0009,+0.0065]
B3_s2027 2024->26<=cut  n= 5718 IC +0.0306 (ref +0.0303) ΔIC +0.0003 [-0.0009,+0.0015] | short-half IC +0.0321 (ref +0.0312) Δ +0.0009 [-0.0012,+0.0028] | long-half IC +0.0079 (ref +0.0080) Δ -0.0001 [-0.0022,+0.0020]
B3_s2027 fold 2023 DRO: eras 2 last-epoch W max 1.40 min 0.60 n_eff 1.72; argmax era by epoch ['4045', '4045', '4045', '4045', '4045', '4045', '4045', '4045', '4045', '4045', '4045', '4045', '4045', '4045']
B3_s2027 fold 2024 DRO: eras 4 last-epoch W max 1.73 min 0.43 n_eff 3.20; argmax era by epoch ['4046', '4045', '4047', '4045', '4047', '4047', '4047', '4046', '4047', '4047', '4047', '4047', '4047', '4047']
B3_s2027 fold 2025 DRO: eras 5 last-epoch W max 1.71 min 0.30 n_eff 4.08; argmax era by epoch ['4048', '4045', '4045', '4045', '4048', '4048', '4048', '4048', '4048', '4048', '4048', '4048', '4048', '4048']
B3_s2027 fold 2026 DRO: eras 7 last-epoch W max 1.70 min 0.26 n_eff 5.90; argmax era by epoch ['4050', '4048', '4045', '4045', '4045', '4048', '4048', '4048', '4048', '4048', '4048', '4048', '4048', '4048']
SCORE_DONE
