[    6.3s] rows 2745557 cols 171 anchors 10206 med|y| 0.00894
/workspace/review_scratch/allweather_trackB/pod_f10_train_dro.py:311: UserWarning: Converting a tensor with requires_grad=True to a scalar may lead to unexpected behavior.
Consider using tensor.detach() first. (Triggered internally at /pytorch/torch/csrc/autograd/generated/python_variable_methods.cpp:836.)
  _e = int(ERA[span[BURN]]); DRO_ACC.setdefault(_e, []).append(float(nets.mean()))
[   26.5s] [2023] ep0 va -6.329 α 0.100 τ 0.50 (10s)
[   26.5s] [2023] ep1 DRO eras 4044:+1.76/W0.14 4045:+0.49/W1.86
[   35.2s] [2023] ep1 va -4.228 α 0.099 τ 0.47 (9s)
[   35.2s] [2023] ep2 DRO eras 4044:+1.51/W0.55 4045:+1.03/W1.45
[   44.0s] [2023] ep2 va -4.118 α 0.099 τ 0.44 (9s)
[   44.0s] [2023] ep3 DRO eras 4044:+1.92/W0.45 4045:+1.31/W1.55
[   52.9s] [2023] ep3 va -4.620 α 0.099 τ 0.41 (9s)
[   52.9s] [2023] ep4 DRO eras 4044:+2.15/W0.29 4045:+1.26/W1.71
[   61.8s] [2023] ep4 va -4.915 α 0.098 τ 0.39 (9s)
[   61.8s] [2023] ep5 DRO eras 4044:+2.39/W0.39 4045:+1.69/W1.61
[   70.3s] [2023] ep5 va -4.190 α 0.098 τ 0.36 (9s)
[   70.3s] [2023] ep6 DRO eras 4044:+2.42/W0.46 4045:+1.82/W1.54
[   78.9s] [2023] ep6 va -4.214 α 0.098 τ 0.33 (9s)
[   78.9s] [2023] ep7 DRO eras 4044:+2.56/W0.60 4045:+2.14/W1.40
[   87.4s] [2023] ep7 va -4.506 α 0.099 τ 0.30 (9s)
[   87.4s] [2023] ep8 DRO eras 4044:+3.37/W0.34 4045:+2.58/W1.66
[   95.9s] [2023] ep8 va -3.850 α 0.099 τ 0.27 (9s)
[   95.9s] [2023] ep9 DRO eras 4044:+3.57/W0.43 4045:+2.93/W1.57
[  104.5s] [2023] ep9 va -3.906 α 0.099 τ 0.24 (9s)
[  104.5s] [2023] ep10 DRO eras 4044:+3.84/W0.43 4045:+3.19/W1.57
[  113.5s] [2023] ep10 va -3.731 α 0.099 τ 0.21 (9s)
[  113.5s] [2023] ep11 DRO eras 4044:+3.81/W0.67 4045:+3.47/W1.33
[  122.5s] [2023] ep11 va -3.288 α 0.099 τ 0.19 (9s)
[  122.5s] [2023] ep12 DRO eras 4044:+3.90/W0.71 4045:+3.60/W1.29
[  131.3s] [2023] ep12 va -3.461 α 0.099 τ 0.16 (9s)
[  131.3s] [2023] ep13 DRO eras 4044:+4.16/W0.59 4045:+3.72/W1.41
[  140.3s] [2023] ep13 va -3.372 α 0.099 τ 0.13 (9s)
[  140.3s] [2023] ep14 DRO eras 4044:+4.19/W0.60 4045:+3.76/W1.40
[  149.2s] [2023] ep14 va -3.383 α 0.099 τ 0.10 (9s)
[  153.6s] == 2023: net +0.385 bps/锚 ES5 23.92 换手 0.0662 α* 0.0991
[  172.3s] [2024] ep0 va -6.224 α 0.099 τ 0.50 (19s)
[  172.3s] [2024] ep1 DRO eras 4044:+0.79/W0.34 4045:+0.37/W0.78 4046:-0.07/W1.86 4047:+0.23/W1.03
[  191.0s] [2024] ep1 va -5.074 α 0.098 τ 0.47 (19s)
[  191.0s] [2024] ep2 DRO eras 4044:+1.09/W0.35 4045:+0.42/W1.35 4046:+0.51/W1.11 4047:+0.48/W1.19
[  209.9s] [2024] ep2 va -5.041 α 0.097 τ 0.44 (19s)
[  209.9s] [2024] ep3 DRO eras 4044:+1.10/W0.45 4045:+0.68/W1.06 4046:+0.66/W1.09 4047:+0.53/W1.40
[  228.1s] [2024] ep3 va -4.973 α 0.096 τ 0.41 (18s)
[  228.1s] [2024] ep4 DRO eras 4044:+1.25/W0.42 4045:+0.67/W1.33 4046:+0.81/W1.00 4047:+0.70/W1.26
[  246.9s] [2024] ep4 va -4.995 α 0.095 τ 0.39 (19s)
[  246.9s] [2024] ep5 DRO eras 4044:+1.76/W0.27 4045:+1.08/W1.04 4046:+1.06/W1.10 4047:+0.87/W1.59
[  265.4s] [2024] ep5 va -4.925 α 0.095 τ 0.36 (19s)
[  265.4s] [2024] ep6 DRO eras 4044:+1.78/W0.33 4045:+1.21/W1.03 4046:+1.15/W1.16 4047:+1.03/W1.48
[  284.0s] [2024] ep6 va -4.897 α 0.095 τ 0.33 (19s)
[  284.0s] [2024] ep7 DRO eras 4044:+1.97/W0.31 4045:+1.34/W1.08 4046:+1.31/W1.13 4047:+1.18/W1.48
[  302.4s] [2024] ep7 va -4.824 α 0.094 τ 0.30 (18s)
[  302.4s] [2024] ep8 DRO eras 4044:+2.17/W0.35 4045:+1.62/W1.04 4046:+1.50/W1.31 4047:+1.50/W1.31
[  320.5s] [2024] ep8 va -4.931 α 0.094 τ 0.27 (18s)
[  320.5s] [2024] ep9 DRO eras 4044:+2.22/W0.38 4045:+1.87/W0.77 4046:+1.63/W1.23 4047:+1.50/W1.62
[  338.6s] [2024] ep9 va -4.910 α 0.094 τ 0.24 (18s)
[  338.6s] [2024] ep10 DRO eras 4044:+2.44/W0.40 4045:+2.03/W0.90 4046:+1.86/W1.28 4047:+1.81/W1.41
[  356.5s] [2024] ep10 va -4.914 α 0.094 τ 0.21 (18s)
[  356.5s] [2024] ep11 DRO eras 4044:+2.60/W0.31 4045:+2.12/W0.82 4046:+1.93/W1.21 4047:+1.77/W1.67
[  374.9s] [2024] ep11 va -4.913 α 0.094 τ 0.19 (18s)
[  374.9s] [2024] ep12 DRO eras 4044:+2.62/W0.33 4045:+2.23/W0.74 4046:+2.01/W1.14 4047:+1.79/W1.79
[  392.8s] [2024] ep12 va -4.948 α 0.094 τ 0.16 (18s)
[  392.8s] [2024] ep13 DRO eras 4044:+2.54/W0.44 4045:+2.34/W0.65 4046:+2.04/W1.21 4047:+1.87/W1.70
[  410.7s] [2024] ep13 va -4.963 α 0.094 τ 0.13 (18s)
[  410.7s] [2024] ep14 DRO eras 4044:+2.64/W0.43 4045:+2.42/W0.67 4046:+2.15/W1.16 4047:+1.95/W1.73
[  429.0s] [2024] ep14 va -4.953 α 0.094 τ 0.10 (18s)
[  433.3s] == 2024: net +0.673 bps/锚 ES5 27.53 换手 0.0588 α* 0.0943
[  462.1s] [2025] ep0 va -5.771 α 0.100 τ 0.50 (28s)
[  462.1s] [2025] ep1 DRO eras 4044:+1.02/W0.27 4045:+0.39/W0.97 4046:+0.22/W1.35 4047:+0.67/W0.56 4048:+0.07/W1.85
[  490.5s] [2025] ep1 va -3.531 α 0.099 τ 0.47 (28s)
[  490.5s] [2025] ep2 DRO eras 4044:+1.24/W0.28 4045:+0.41/W1.46 4046:+0.45/W1.37 4047:+0.92/W0.53 4048:+0.46/W1.35
[  518.9s] [2025] ep2 va -3.869 α 0.099 τ 0.44 (28s)
[  518.9s] [2025] ep3 DRO eras 4044:+1.06/W0.50 4045:+0.52/W1.49 4046:+0.82/W0.81 4047:+0.85/W0.76 4048:+0.54/W1.43
[  547.1s] [2025] ep3 va -3.702 α 0.098 τ 0.41 (28s)
[  547.1s] [2025] ep4 DRO eras 4044:+1.03/W0.64 4045:+0.68/W1.29 4046:+0.72/W1.19 4047:+0.90/W0.84 4048:+0.79/W1.04
[  575.3s] [2025] ep4 va -4.446 α 0.098 τ 0.39 (28s)
[  575.3s] [2025] ep5 DRO eras 4044:+1.50/W0.45 4045:+0.98/W1.29 4046:+1.08/W1.05 4047:+1.16/W0.90 4048:+0.97/W1.31
[  619.6s] [2025] ep5 va -3.546 α 0.098 τ 0.36 (44s)
[  619.6s] [2025] ep6 DRO eras 4044:+1.82/W0.32 4045:+1.28/W0.94 4046:+1.23/W1.05 4047:+1.26/W0.98 4048:+0.98/W1.72
[  670.4s] [2025] ep6 va -4.248 α 0.098 τ 0.33 (51s)
[  670.4s] [2025] ep7 DRO eras 4044:+2.07/W0.32 4045:+1.61/W0.80 4046:+1.40/W1.24 4047:+1.45/W1.11 4048:+1.29/W1.53
[  719.5s] [2025] ep7 va -3.612 α 0.098 τ 0.30 (49s)
[  719.5s] [2025] ep8 DRO eras 4044:+2.17/W0.29 4045:+1.68/W0.79 4046:+1.51/W1.10 4047:+1.50/W1.12 4048:+1.29/W1.70
[  768.8s] [2025] ep8 va -3.626 α 0.097 τ 0.27 (49s)
[  768.8s] [2025] ep9 DRO eras 4044:+2.35/W0.34 4045:+1.94/W0.77 4046:+1.72/W1.19 4047:+1.77/W1.07 4048:+1.56/W1.63
[  817.9s] [2025] ep9 va -3.640 α 0.097 τ 0.24 (49s)
[  817.9s] [2025] ep10 DRO eras 4044:+2.39/W0.37 4045:+2.15/W0.59 4046:+1.84/W1.09 4047:+1.78/W1.24 4048:+1.61/W1.72
[  867.5s] [2025] ep10 va -3.551 α 0.097 τ 0.21 (50s)
[  867.5s] [2025] ep11 DRO eras 4044:+2.53/W0.33 4045:+2.21/W0.62 4046:+1.92/W1.10 4047:+1.89/W1.16 4048:+1.68/W1.79
[  916.8s] [2025] ep11 va -3.490 α 0.097 τ 0.19 (49s)
[  916.8s] [2025] ep12 DRO eras 4044:+2.57/W0.35 4045:+2.25/W0.67 4046:+1.96/W1.17 4047:+1.97/W1.15 4048:+1.79/W1.66
[  970.7s] [2025] ep12 va -3.329 α 0.097 τ 0.16 (54s)
[  970.7s] [2025] ep13 DRO eras 4044:+2.74/W0.29 4045:+2.28/W0.73 4046:+2.03/W1.22 4047:+2.05/W1.16 4048:+1.89/W1.60
[ 1009.6s] [2025] ep13 va -3.524 α 0.097 τ 0.13 (39s)
[ 1009.6s] [2025] ep14 DRO eras 4044:+2.75/W0.30 4045:+2.33/W0.70 4046:+2.08/W1.16 4047:+2.09/W1.13 4048:+1.88/W1.71
[ 1037.6s] [2025] ep14 va -3.409 α 0.097 τ 0.10 (28s)
[ 1041.9s] == 2025: net +1.332 bps/锚 ES5 33.64 换手 0.0538 α* 0.0974
[ 1076.7s] [2026] ep0 va -7.953 α 0.099 τ 0.50 (35s)
[ 1076.7s] [2026] ep1 DRO eras 4044:+0.51/W0.53 4045:+0.40/W0.65 4046:-0.00/W1.46 4047:+0.64/W0.40 4048:+0.04/W1.34 4049:+0.58/W0.46 4050:-0.20/W2.16
[ 1110.1s] [2026] ep1 va -8.334 α 0.098 τ 0.47 (33s)
[ 1110.1s] [2026] ep2 DRO eras 4044:+0.79/W0.42 4045:+0.17/W1.45 4046:+0.23/W1.29 4047:+0.63/W0.58 4048:+0.15/W1.52 4049:+0.31/W1.10 4050:+0.59/W0.63
[ 1143.6s] [2026] ep2 va -7.922 α 0.097 τ 0.44 (33s)
[ 1143.6s] [2026] ep3 DRO eras 4044:+0.80/W0.58 4045:+0.32/W1.49 4046:+0.44/W1.18 4047:+0.62/W0.82 4048:+0.33/W1.45 4049:+0.47/W1.10 4050:+0.98/W0.40
[ 1177.0s] [2026] ep3 va -8.193 α 0.097 τ 0.41 (33s)
[ 1177.0s] [2026] ep4 DRO eras 4044:+1.08/W0.39 4045:+0.39/W1.56 4046:+0.61/W0.99 4047:+0.78/W0.71 4048:+0.50/W1.24 4049:+0.52/W1.18 4050:+0.65/W0.93
[ 1210.3s] [2026] ep4 va -8.029 α 0.096 τ 0.39 (33s)
[ 1210.3s] [2026] ep5 DRO eras 4044:+1.33/W0.36 4045:+0.66/W1.37 4046:+0.75/W1.15 4047:+0.89/W0.86 4048:+0.67/W1.34 4049:+0.69/W1.27 4050:+1.02/W0.66
[ 1243.7s] [2026] ep5 va -8.058 α 0.095 τ 0.36 (33s)
[ 1243.7s] [2026] ep6 DRO eras 4044:+1.49/W0.32 4045:+0.72/W1.46 4046:+0.85/W1.13 4047:+1.00/W0.83 4048:+0.70/W1.51 4049:+0.89/W1.03 4050:+1.07/W0.73
[ 1276.4s] [2026] ep6 va -8.024 α 0.095 τ 0.33 (33s)
[ 1276.4s] [2026] ep7 DRO eras 4044:+1.59/W0.39 4045:+1.02/W1.22 4046:+1.12/W1.01 4047:+1.16/W0.92 4048:+0.86/W1.69 4049:+1.04/W1.18 4050:+1.39/W0.59
[ 1309.0s] [2026] ep7 va -7.892 α 0.095 τ 0.30 (33s)
[ 1309.0s] [2026] ep8 DRO eras 4044:+1.95/W0.25 4045:+1.15/W1.23 4046:+1.23/W1.05 4047:+1.30/W0.92 4048:+1.04/W1.53 4049:+1.06/W1.49 4050:+1.58/W0.53
[ 1341.5s] [2026] ep8 va -7.888 α 0.095 τ 0.27 (32s)
[ 1341.5s] [2026] ep9 DRO eras 4044:+2.13/W0.26 4045:+1.39/W1.13 4046:+1.42/W1.06 4047:+1.44/W1.02 4048:+1.20/W1.65 4049:+1.29/W1.37 4050:+1.79/W0.51
[ 1374.8s] [2026] ep9 va -7.693 α 0.095 τ 0.24 (33s)
[ 1374.8s] [2026] ep10 DRO eras 4044:+2.16/W0.32 4045:+1.54/W1.11 4046:+1.51/W1.18 4047:+1.57/W1.05 4048:+1.33/W1.69 4049:+1.52/W1.15 4050:+1.94/W0.50
[ 1407.8s] [2026] ep10 va -7.790 α 0.095 τ 0.21 (33s)
[ 1407.9s] [2026] ep11 DRO eras 4044:+2.31/W0.28 4045:+1.74/W0.87 4046:+1.61/W1.13 4047:+1.60/W1.15 4048:+1.41/W1.67 4049:+1.51/W1.38 4050:+1.99/W0.52
[ 1438.1s] [2026] ep11 va -7.757 α 0.095 τ 0.19 (30s)
[ 1438.1s] [2026] ep12 DRO eras 4044:+2.44/W0.27 4045:+1.78/W1.00 4046:+1.69/W1.19 4047:+1.75/W1.07 4048:+1.53/W1.64 4049:+1.66/W1.27 4050:+2.08/W0.55
[ 1468.4s] [2026] ep12 va -7.786 α 0.095 τ 0.16 (30s)
[ 1468.4s] [2026] ep13 DRO eras 4044:+2.44/W0.28 4045:+1.86/W0.88 4046:+1.71/W1.20 4047:+1.77/W1.07 4048:+1.55/W1.66 4049:+1.66/W1.32 4050:+2.07/W0.59
[ 1498.7s] [2026] ep13 va -7.784 α 0.095 τ 0.13 (30s)
[ 1498.7s] [2026] ep14 DRO eras 4044:+2.52/W0.26 4045:+1.87/W0.96 4046:+1.77/W1.17 4047:+1.81/W1.08 4048:+1.59/W1.70 4049:+1.74/W1.25 4050:+2.12/W0.58
[ 1529.0s] [2026] ep14 va -7.784 α 0.095 τ 0.10 (30s)
[ 1530.8s] == 2026: net +3.450 bps/锚 ES5 40.03 换手 0.0403 α* 0.0947
[ 1531.1s] F10_TRAIN_DONE V2MAIN_B3 s2027 年均净 +1.460 bps/锚(训练帧, 非终审)
