[   11.2s] rows 2745557 cols 171 anchors 10206 med|y| 0.00894
/workspace/review_scratch/allweather_trackB/pod_f10_train_dro.py:311: UserWarning: Converting a tensor with requires_grad=True to a scalar may lead to unexpected behavior.
Consider using tensor.detach() first. (Triggered internally at /pytorch/torch/csrc/autograd/generated/python_variable_methods.cpp:836.)
  _e = int(ERA[span[BURN]]); DRO_ACC.setdefault(_e, []).append(float(nets.mean()))
[   48.7s] [2023] ep0 va -8.646 α 0.100 τ 0.50 (23s)
[   48.7s] [2023] ep1 DRO eras 4044:+1.60/W0.17 4045:+0.42/W1.83
[   70.5s] [2023] ep1 va -5.670 α 0.099 τ 0.47 (22s)
[   70.5s] [2023] ep2 DRO eras 4044:+1.55/W0.58 4045:+1.11/W1.42
[   93.8s] [2023] ep2 va -4.870 α 0.099 τ 0.44 (23s)
[   93.8s] [2023] ep3 DRO eras 4044:+1.25/W0.87 4045:+1.12/W1.13
[  115.5s] [2023] ep3 va -4.342 α 0.099 τ 0.41 (22s)
[  115.5s] [2023] ep4 DRO eras 4044:+1.90/W0.43 4045:+1.24/W1.57
[  137.7s] [2023] ep4 va -4.088 α 0.099 τ 0.39 (22s)
[  137.7s] [2023] ep5 DRO eras 4044:+2.26/W0.24 4045:+1.25/W1.76
[  160.7s] [2023] ep5 va -4.392 α 0.099 τ 0.36 (23s)
[  160.7s] [2023] ep6 DRO eras 4044:+2.23/W0.35 4045:+1.46/W1.65
[  182.8s] [2023] ep6 va -4.027 α 0.099 τ 0.33 (22s)
[  182.8s] [2023] ep7 DRO eras 4044:+2.24/W0.45 4045:+1.62/W1.55
[  205.2s] [2023] ep7 va -3.918 α 0.099 τ 0.30 (22s)
[  205.2s] [2023] ep8 DRO eras 4044:+2.47/W0.34 4045:+1.67/W1.66
[  227.5s] [2023] ep8 va -4.426 α 0.099 τ 0.27 (22s)
[  227.5s] [2023] ep9 DRO eras 4044:+2.61/W0.41 4045:+1.93/W1.59
[  249.4s] [2023] ep9 va -3.878 α 0.099 τ 0.24 (22s)
[  249.4s] [2023] ep10 DRO eras 4044:+2.75/W0.41 4045:+2.07/W1.59
[  270.3s] [2023] ep10 va -4.024 α 0.099 τ 0.21 (21s)
[  270.3s] [2023] ep11 DRO eras 4044:+2.84/W0.56 4045:+2.36/W1.44
[  292.5s] [2023] ep11 va -4.262 α 0.099 τ 0.19 (22s)
[  292.5s] [2023] ep12 DRO eras 4044:+3.10/W0.45 4045:+2.49/W1.55
[  315.2s] [2023] ep12 va -3.914 α 0.099 τ 0.16 (23s)
[  315.2s] [2023] ep13 DRO eras 4044:+3.17/W0.44 4045:+2.54/W1.56
[  337.6s] [2023] ep13 va -4.004 α 0.099 τ 0.13 (22s)
[  337.6s] [2023] ep14 DRO eras 4044:+3.23/W0.49 4045:+2.66/W1.51
[  359.3s] [2023] ep14 va -3.988 α 0.099 τ 0.10 (22s)
[  373.9s] == 2023: net +0.329 bps/锚 ES5 22.32 换手 0.0742 α* 0.0988
[  421.8s] [2024] ep0 va -5.733 α 0.099 τ 0.50 (48s)
[  421.8s] [2024] ep1 DRO eras 4044:+0.71/W0.61 4045:+0.50/W0.91 4046:+0.23/W1.59 4047:+0.51/W0.89
[  468.9s] [2024] ep1 va -5.733 α 0.098 τ 0.47 (47s)
[  468.9s] [2024] ep2 DRO eras 4044:+1.10/W0.37 4045:+0.48/W1.25 4046:+0.45/W1.34 4047:+0.57/W1.05
[  515.9s] [2024] ep2 va -5.430 α 0.097 τ 0.44 (47s)
[  515.9s] [2024] ep3 DRO eras 4044:+1.53/W0.19 4045:+0.83/W0.76 4046:+0.57/W1.29 4047:+0.41/W1.76
[  560.7s] [2024] ep3 va -5.203 α 0.096 τ 0.41 (45s)
[  560.7s] [2024] ep4 DRO eras 4044:+1.63/W0.17 4045:+0.82/W0.90 4046:+0.69/W1.15 4047:+0.48/W1.77
[  605.9s] [2024] ep4 va -5.171 α 0.095 τ 0.39 (45s)
[  605.9s] [2024] ep5 DRO eras 4044:+1.38/W0.34 4045:+0.70/W1.34 4046:+0.87/W0.95 4047:+0.69/W1.37
[  653.5s] [2024] ep5 va -4.987 α 0.095 τ 0.36 (48s)
[  653.5s] [2024] ep6 DRO eras 4044:+1.58/W0.39 4045:+0.95/W1.38 4046:+1.01/W1.22 4047:+1.11/W1.00
[  700.7s] [2024] ep6 va -5.180 α 0.095 τ 0.33 (47s)
[  700.7s] [2024] ep7 DRO eras 4044:+1.77/W0.37 4045:+1.28/W0.98 4046:+1.09/W1.43 4047:+1.17/W1.22
[  748.2s] [2024] ep7 va -5.214 α 0.094 τ 0.30 (48s)
[  748.2s] [2024] ep8 DRO eras 4044:+2.12/W0.25 4045:+1.43/W1.01 4046:+1.27/W1.37 4047:+1.28/W1.36
[  796.0s] [2024] ep8 va -5.163 α 0.094 τ 0.27 (48s)
[  796.0s] [2024] ep9 DRO eras 4044:+2.20/W0.36 4045:+1.67/W1.03 4046:+1.49/W1.47 4047:+1.62/W1.14
[  843.4s] [2024] ep9 va -5.163 α 0.094 τ 0.24 (47s)
[  843.4s] [2024] ep10 DRO eras 4044:+2.51/W0.20 4045:+1.83/W0.79 4046:+1.55/W1.38 4047:+1.47/W1.63
[  890.3s] [2024] ep10 va -5.049 α 0.094 τ 0.21 (47s)
[  890.3s] [2024] ep11 DRO eras 4044:+2.58/W0.27 4045:+1.93/W0.98 4046:+1.75/W1.40 4047:+1.76/W1.36
[  937.9s] [2024] ep11 va -5.075 α 0.094 τ 0.19 (48s)
[  937.9s] [2024] ep12 DRO eras 4044:+2.61/W0.28 4045:+2.11/W0.77 4046:+1.77/W1.51 4047:+1.79/W1.44
[  985.5s] [2024] ep12 va -5.101 α 0.094 τ 0.16 (48s)
[  985.5s] [2024] ep13 DRO eras 4044:+2.74/W0.29 4045:+2.16/W0.91 4046:+1.91/W1.51 4047:+1.99/W1.29
[ 1032.8s] [2024] ep13 va -5.080 α 0.094 τ 0.13 (47s)
[ 1032.8s] [2024] ep14 DRO eras 4044:+2.68/W0.32 4045:+2.23/W0.80 4046:+1.90/W1.53 4047:+1.97/W1.34
[ 1080.5s] [2024] ep14 va -5.085 α 0.094 τ 0.10 (48s)
[ 1095.3s] == 2024: net +0.515 bps/锚 ES5 28.04 换手 0.0626 α* 0.0949
[ 1165.6s] [2025] ep0 va -4.683 α 0.100 τ 0.50 (70s)
[ 1165.6s] [2025] ep1 DRO eras 4044:+0.79/W0.39 4045:+0.41/W0.84 4046:+0.25/W1.17 4047:+0.50/W0.72 4048:+0.01/W1.88
[ 1237.7s] [2025] ep1 va -4.158 α 0.099 τ 0.47 (72s)
[ 1237.7s] [2025] ep2 DRO eras 4044:+0.94/W0.43 4045:+0.38/W1.32 4046:+0.41/W1.25 4047:+0.70/W0.70 4048:+0.39/W1.30
[ 1309.8s] [2025] ep2 va -3.470 α 0.099 τ 0.44 (72s)
[ 1309.8s] [2025] ep3 DRO eras 4044:+1.03/W0.47 4045:+0.47/W1.46 4046:+0.57/W1.19 4047:+0.78/W0.78 4048:+0.61/W1.10
[ 1381.2s] [2025] ep3 va -4.020 α 0.098 τ 0.41 (71s)
[ 1381.2s] [2025] ep4 DRO eras 4044:+1.45/W0.36 4045:+0.80/W1.32 4046:+0.90/W1.08 4047:+0.95/W0.98 4048:+0.82/W1.26
[ 1454.1s] [2025] ep4 va -4.473 α 0.098 τ 0.39 (73s)
[ 1454.1s] [2025] ep5 DRO eras 4044:+1.86/W0.23 4045:+0.98/W1.32 4046:+1.09/W1.06 4047:+1.12/W1.00 4048:+0.96/W1.39
[ 1527.3s] [2025] ep5 va -3.424 α 0.098 τ 0.36 (73s)
[ 1527.3s] [2025] ep6 DRO eras 4044:+1.78/W0.35 4045:+1.23/W1.05 4046:+1.15/W1.23 4047:+1.28/W0.95 4048:+1.08/W1.43
[ 1600.9s] [2025] ep6 va -3.735 α 0.097 τ 0.33 (74s)
[ 1600.9s] [2025] ep7 DRO eras 4044:+1.88/W0.38 4045:+1.43/W0.93 4046:+1.26/W1.32 4047:+1.41/W0.98 4048:+1.23/W1.39
[ 1673.7s] [2025] ep7 va -3.536 α 0.097 τ 0.30 (73s)
[ 1673.7s] [2025] ep8 DRO eras 4044:+2.28/W0.27 4045:+1.75/W0.79 4046:+1.48/W1.35 4047:+1.54/W1.19 4048:+1.46/W1.41
[ 1745.4s] [2025] ep8 va -3.337 α 0.097 τ 0.27 (72s)
[ 1745.4s] [2025] ep9 DRO eras 4044:+2.30/W0.31 4045:+1.88/W0.71 4046:+1.62/W1.18 4047:+1.63/W1.16 4048:+1.46/W1.65
[ 1817.7s] [2025] ep9 va -3.388 α 0.097 τ 0.24 (72s)
[ 1817.7s] [2025] ep10 DRO eras 4044:+2.51/W0.27 4045:+1.94/W0.86 4046:+1.80/W1.12 4047:+1.81/W1.10 4048:+1.61/W1.65
[ 1890.4s] [2025] ep10 va -3.315 α 0.097 τ 0.21 (73s)
[ 1890.4s] [2025] ep11 DRO eras 4044:+2.73/W0.22 4045:+2.09/W0.78 4046:+1.90/W1.15 4047:+1.87/W1.21 4048:+1.72/W1.65
[ 1963.9s] [2025] ep11 va -3.313 α 0.097 τ 0.19 (74s)
[ 1963.9s] [2025] ep12 DRO eras 4044:+2.64/W0.29 4045:+2.17/W0.76 4046:+1.96/W1.15 4047:+1.96/W1.16 4048:+1.78/W1.64
[ 2035.7s] [2025] ep12 va -3.287 α 0.097 τ 0.16 (72s)
[ 2035.7s] [2025] ep13 DRO eras 4044:+2.71/W0.29 4045:+2.21/W0.77 4046:+2.03/W1.11 4047:+2.00/W1.19 4048:+1.83/W1.65
[ 2108.7s] [2025] ep13 va -3.305 α 0.097 τ 0.13 (73s)
[ 2108.7s] [2025] ep14 DRO eras 4044:+2.78/W0.26 4045:+2.25/W0.76 4046:+2.06/W1.13 4047:+2.02/W1.20 4048:+1.87/W1.64
[ 2182.0s] [2025] ep14 va -3.300 α 0.097 τ 0.10 (73s)
[ 2196.0s] == 2025: net +1.289 bps/锚 ES5 34.20 换手 0.0528 α* 0.097
[ 2294.5s] [2026] ep0 va -8.305 α 0.098 τ 0.50 (98s)
[ 2294.5s] [2026] ep1 DRO eras 4044:+0.25/W1.11 4045:+0.12/W1.45 4046:+0.19/W1.25 4047:+0.84/W0.34 4048:-0.02/W1.93 4049:+0.50/W0.68 4050:+1.03/W0.24
[ 2393.0s] [2026] ep1 va -7.924 α 0.098 τ 0.47 (98s)
[ 2393.0s] [2026] ep2 DRO eras 4044:+0.89/W0.41 4045:+0.21/W1.60 4046:+0.32/W1.29 4047:+0.61/W0.72 4048:+0.29/W1.36 4049:+0.40/W1.10 4050:+0.79/W0.51
[ 2473.2s] [2026] ep2 va -8.075 α 0.097 τ 0.44 (80s)
[ 2473.2s] [2026] ep3 DRO eras 4044:+0.98/W0.50 4045:+0.42/W1.53 4046:+0.55/W1.19 4047:+0.70/W0.89 4048:+0.49/W1.35 4049:+0.74/W0.80 4050:+0.79/W0.73
[ 2519.1s] [2026] ep3 va -7.958 α 0.096 τ 0.41 (46s)
[ 2519.1s] [2026] ep4 DRO eras 4044:+1.25/W0.36 4045:+0.53/W1.48 4046:+0.69/W1.10 4047:+0.87/W0.75 4048:+0.55/W1.43 4049:+0.62/W1.25 4050:+0.96/W0.63
[ 2555.3s] [2026] ep4 va -7.833 α 0.096 τ 0.39 (36s)
[ 2555.3s] [2026] ep5 DRO eras 4044:+1.60/W0.25 4045:+0.77/W1.33 4046:+0.82/W1.20 4047:+1.02/W0.81 4048:+0.68/W1.60 4049:+0.81/W1.23 4050:+1.19/W0.58
[ 2588.9s] [2026] ep5 va -7.832 α 0.095 τ 0.36 (34s)
[ 2588.9s] [2026] ep6 DRO eras 4044:+1.63/W0.33 4045:+0.92/W1.35 4046:+1.03/W1.09 4047:+1.07/W1.02 4048:+0.81/W1.69 4049:+1.19/W0.80 4050:+1.23/W0.73
[ 2621.7s] [2026] ep6 va -7.787 α 0.095 τ 0.33 (33s)
[ 2621.7s] [2026] ep7 DRO eras 4044:+1.82/W0.30 4045:+1.09/W1.29 4046:+1.18/W1.06 4047:+1.20/W1.03 4048:+0.95/W1.69 4049:+1.17/W1.10 4050:+1.53/W0.53
[ 2655.3s] [2026] ep7 va -7.674 α 0.095 τ 0.30 (34s)
[ 2655.3s] [2026] ep8 DRO eras 4044:+2.00/W0.30 4045:+1.41/W0.97 4046:+1.33/W1.15 4047:+1.38/W1.03 4048:+1.13/W1.73 4049:+1.30/W1.22 4050:+1.65/W0.60
[ 2688.7s] [2026] ep8 va -7.964 α 0.095 τ 0.27 (33s)
[ 2688.7s] [2026] ep9 DRO eras 4044:+2.11/W0.30 4045:+1.48/W1.04 4046:+1.49/W1.00 4047:+1.53/W0.94 4048:+1.18/W1.89 4049:+1.37/W1.29 4050:+1.81/W0.54
[ 2721.8s] [2026] ep9 va -7.669 α 0.095 τ 0.24 (33s)
[ 2721.8s] [2026] ep10 DRO eras 4044:+2.24/W0.31 4045:+1.71/W0.88 4046:+1.56/W1.20 4047:+1.57/W1.17 4048:+1.43/W1.56 4049:+1.53/W1.27 4050:+1.90/W0.61
[ 2754.9s] [2026] ep10 va -7.730 α 0.094 τ 0.21 (33s)
[ 2754.9s] [2026] ep11 DRO eras 4044:+2.29/W0.30 4045:+1.73/W0.93 4046:+1.66/W1.07 4047:+1.66/W1.07 4048:+1.43/W1.69 4049:+1.59/W1.23 4050:+1.86/W0.71
[ 2788.0s] [2026] ep11 va -7.842 α 0.094 τ 0.19 (33s)
[ 2788.0s] [2026] ep12 DRO eras 4044:+2.31/W0.34 4045:+1.82/W0.91 4046:+1.72/W1.12 4047:+1.73/W1.08 4048:+1.49/W1.76 4049:+1.68/W1.19 4050:+2.02/W0.60
[ 2821.5s] [2026] ep12 va -7.683 α 0.094 τ 0.16 (33s)
[ 2821.5s] [2026] ep13 DRO eras 4044:+2.35/W0.33 4045:+1.86/W0.88 4046:+1.77/W1.05 4047:+1.72/W1.17 4048:+1.55/W1.63 4049:+1.66/W1.31 4050:+2.02/W0.64
[ 2854.9s] [2026] ep13 va -7.696 α 0.094 τ 0.13 (33s)
[ 2854.9s] [2026] ep14 DRO eras 4044:+2.42/W0.30 4045:+1.86/W0.91 4046:+1.79/W1.04 4047:+1.74/W1.15 4048:+1.54/W1.73 4049:+1.73/W1.18 4050:+1.99/W0.69
[ 2887.8s] [2026] ep14 va -7.707 α 0.094 τ 0.10 (33s)
[ 2889.5s] == 2026: net +3.406 bps/锚 ES5 39.53 换手 0.0398 α* 0.0945
[ 2889.6s] F10_TRAIN_DONE V2MAIN_B3 s42 年均净 +1.385 bps/锚(训练帧, 非终审)
