[   10.8s] rows 2745557 cols 171 anchors 10206 med|y| 0.00894
[   13.9s] MWF start tag mE1 embargo 1 months [202503, 202507, 202511, 202603, 202607] base_sha 93cc2cdf925a self_sha 14d08c63fb8a torch 2.11.0+cu128 gpu NVIDIA RTX PRO 4500 Blackwell
[   13.9s] skip 202503: already done
[   13.9s] CAUSALITY ASSERT mE1 202507: n_train 7649 max_train_idx 7648 (2025-06-30 16:00) max_train_label_end 2025-06-30 20:00 <= cutoff 2025-06-30 20:00 (= first_test 2025-07-01 00:00 - 1 anchors) OK
/workspace/review_scratch/allweather_trackB/pod_f10_train_monthly_s2027.py:373: UserWarning: Converting a tensor with requires_grad=True to a scalar may lead to unexpected behavior.
Consider using tensor.detach() first. (Triggered internally at /pytorch/torch/csrc/autograd/generated/python_variable_methods.cpp:836.)
  al = float(mdl.alpha()); va_curve.append(round(va, 4)); alist.append(round(al, 4)); ep_s.append(round(time.time() - t0, 1))
[   61.5s] [mE1 202507] ep0 va -6.412 α 0.099 τ 0.50 (37s)
[   97.9s] [mE1 202507] ep1 va -4.809 α 0.098 τ 0.47 (36s)
[  133.5s] [mE1 202507] ep2 va -5.832 α 0.097 τ 0.44 (36s)
[  169.4s] [mE1 202507] ep3 va -5.381 α 0.097 τ 0.41 (36s)
[  205.1s] [mE1 202507] ep4 va -4.052 α 0.096 τ 0.39 (36s)
[  241.1s] [mE1 202507] ep5 va -4.794 α 0.095 τ 0.36 (36s)
[  277.9s] [mE1 202507] ep6 va -5.498 α 0.095 τ 0.33 (37s)
[  314.1s] [mE1 202507] ep7 va -5.396 α 0.095 τ 0.30 (36s)
[  352.1s] [mE1 202507] ep8 va -5.507 α 0.095 τ 0.27 (38s)
[  387.4s] [mE1 202507] ep9 va -5.742 α 0.095 τ 0.24 (35s)
[  423.4s] [mE1 202507] ep10 va -6.076 α 0.095 τ 0.21 (36s)
[  459.4s] [mE1 202507] ep11 va -6.528 α 0.095 τ 0.19 (36s)
[  495.6s] [mE1 202507] ep12 va -6.191 α 0.095 τ 0.16 (36s)
[  531.5s] [mE1 202507] ep13 va -6.049 α 0.095 τ 0.13 (36s)
[  566.3s] [mE1 202507] ep14 va -5.991 α 0.095 τ 0.10 (35s)
[  572.0s] == mE1 202507: net +0.550 bps/锚 ES5 24.57 换手 0.0726 α* 0.0959 best_ep 4 wall 542s
[  572.0s] CAUSALITY ASSERT mE1 202511: n_train 8387 max_train_idx 8386 (2025-10-31 16:00) max_train_label_end 2025-10-31 20:00 <= cutoff 2025-10-31 20:00 (= first_test 2025-11-01 00:00 - 1 anchors) OK
[  611.7s] [mE1 202511] ep0 va -5.836 α 0.100 τ 0.50 (40s)
[  651.1s] [mE1 202511] ep1 va -5.665 α 0.099 τ 0.47 (39s)
[  690.6s] [mE1 202511] ep2 va -5.536 α 0.098 τ 0.44 (40s)
[  730.1s] [mE1 202511] ep3 va -5.182 α 0.097 τ 0.41 (39s)
[  769.6s] [mE1 202511] ep4 va -5.370 α 0.096 τ 0.39 (39s)
[  809.0s] [mE1 202511] ep5 va -5.169 α 0.096 τ 0.36 (39s)
[  848.4s] [mE1 202511] ep6 va -5.244 α 0.096 τ 0.33 (39s)
[  888.2s] [mE1 202511] ep7 va -5.091 α 0.095 τ 0.30 (40s)
[  927.9s] [mE1 202511] ep8 va -5.237 α 0.095 τ 0.27 (40s)
[  967.4s] [mE1 202511] ep9 va -5.111 α 0.095 τ 0.24 (39s)
[ 1006.9s] [mE1 202511] ep10 va -5.057 α 0.095 τ 0.21 (40s)
[ 1046.7s] [mE1 202511] ep11 va -4.935 α 0.095 τ 0.19 (40s)
[ 1086.1s] [mE1 202511] ep12 va -4.949 α 0.095 τ 0.16 (39s)
[ 1124.4s] [mE1 202511] ep13 va -4.957 α 0.095 τ 0.13 (38s)
[ 1163.6s] [mE1 202511] ep14 va -4.946 α 0.095 τ 0.10 (39s)
[ 1168.1s] == mE1 202511: net +1.080 bps/锚 ES5 53.58 换手 0.0142 α* 0.0949 best_ep 11 wall 592s
[ 1168.1s] CAUSALITY ASSERT mE1 202603: n_train 9107 max_train_idx 9106 (2026-02-28 16:00) max_train_label_end 2026-02-28 20:00 <= cutoff 2026-02-28 20:00 (= first_test 2026-03-01 00:00 - 1 anchors) OK
[ 1210.4s] [mE1 202603] ep0 va -7.833 α 0.099 τ 0.50 (42s)
[ 1253.8s] [mE1 202603] ep1 va -7.866 α 0.098 τ 0.47 (43s)
[ 1296.9s] [mE1 202603] ep2 va -8.013 α 0.097 τ 0.44 (43s)
[ 1341.2s] [mE1 202603] ep3 va -7.885 α 0.096 τ 0.41 (44s)
[ 1384.7s] [mE1 202603] ep4 va -7.910 α 0.095 τ 0.39 (43s)
[ 1427.9s] [mE1 202603] ep5 va -7.923 α 0.095 τ 0.36 (43s)
[ 1471.0s] [mE1 202603] ep6 va -7.912 α 0.095 τ 0.33 (43s)
[ 1513.9s] [mE1 202603] ep7 va -7.832 α 0.094 τ 0.30 (43s)
[ 1556.9s] [mE1 202603] ep8 va -7.792 α 0.094 τ 0.27 (43s)
[ 1599.8s] [mE1 202603] ep9 va -7.897 α 0.094 τ 0.24 (43s)
[ 1643.1s] [mE1 202603] ep10 va -7.803 α 0.094 τ 0.21 (43s)
[ 1686.3s] [mE1 202603] ep11 va -7.858 α 0.094 τ 0.19 (43s)
[ 1729.4s] [mE1 202603] ep12 va -7.822 α 0.094 τ 0.16 (43s)
[ 1772.3s] [mE1 202603] ep13 va -7.823 α 0.094 τ 0.13 (43s)
[ 1814.5s] [mE1 202603] ep14 va -7.817 α 0.094 τ 0.10 (42s)
[ 1818.0s] == mE1 202603: net +3.310 bps/锚 ES5 25.05 换手 0.0531 α* 0.0941 best_ep 8 wall 646s
[ 1818.1s] CAUSALITY ASSERT mE1 202607: n_train 9839 max_train_idx 9838 (2026-06-30 16:00) max_train_label_end 2026-06-30 20:00 <= cutoff 2026-06-30 20:00 (= first_test 2026-07-01 00:00 - 1 anchors) OK
[ 1864.4s] [mE1 202607] ep0 va -7.137 α 0.098 τ 0.50 (46s)
[ 1911.2s] [mE1 202607] ep1 va -7.204 α 0.097 τ 0.47 (47s)
[ 1957.9s] [mE1 202607] ep2 va -7.166 α 0.095 τ 0.44 (47s)
[ 2005.4s] [mE1 202607] ep3 va -7.136 α 0.094 τ 0.41 (47s)
[ 2052.5s] [mE1 202607] ep4 va -7.245 α 0.093 τ 0.39 (47s)
[ 2099.3s] [mE1 202607] ep5 va -7.144 α 0.093 τ 0.36 (47s)
[ 2146.3s] [mE1 202607] ep6 va -7.183 α 0.092 τ 0.33 (47s)
[ 2192.8s] [mE1 202607] ep7 va -7.200 α 0.092 τ 0.30 (47s)
[ 2239.9s] [mE1 202607] ep8 va -7.246 α 0.092 τ 0.27 (47s)
[ 2286.8s] [mE1 202607] ep9 va -7.267 α 0.092 τ 0.24 (47s)
[ 2334.1s] [mE1 202607] ep10 va -7.149 α 0.092 τ 0.21 (47s)
[ 2381.0s] [mE1 202607] ep11 va -7.240 α 0.092 τ 0.19 (47s)
[ 2427.2s] [mE1 202607] ep12 va -7.245 α 0.092 τ 0.16 (46s)
[ 2464.9s] [mE1 202607] ep13 va -7.253 α 0.092 τ 0.13 (38s)
[ 2499.2s] [mE1 202607] ep14 va -7.244 α 0.092 τ 0.10 (34s)
[ 2500.4s] == mE1 202607: net +4.396 bps/锚 ES5 40.65 换手 0.0414 α* 0.0943 best_ep 3 wall 681s
[ 2500.4s] MWF_TRAIN_DONE mE1 s2027 folds 5 月均净 +1.994 bps/锚(训练帧, 非终审)
