[   10.1s] rows 2745557 cols 171 anchors 10206 med|y| 0.00894
/workspace/review_scratch/allweather_trackB/pod_f10_train_dro.py:311: UserWarning: Converting a tensor with requires_grad=True to a scalar may lead to unexpected behavior.
Consider using tensor.detach() first. (Triggered internally at /pytorch/torch/csrc/autograd/generated/python_variable_methods.cpp:836.)
  _e = int(ERA[span[BURN]]); DRO_ACC.setdefault(_e, []).append(float(nets.mean()))
[   29.5s] [2023] ep0 va -7.349 α 0.099 τ 0.50 (8s)
[   29.5s] [2023] ep1 DRO eras 4044:+1.60/W0.21 4045:+0.52/W1.79
[   36.3s] [2023] ep1 va -4.806 α 0.099 τ 0.47 (7s)
[   36.3s] [2023] ep2 DRO eras 4044:+1.57/W0.63 4045:+1.18/W1.37
[   43.0s] [2023] ep2 va -4.665 α 0.098 τ 0.44 (7s)
[   43.0s] [2023] ep3 DRO eras 4044:+1.12/W0.75 4045:+0.87/W1.25
[   50.0s] [2023] ep3 va -4.412 α 0.098 τ 0.41 (7s)
[   50.0s] [2023] ep4 DRO eras 4044:+1.81/W0.30 4045:+0.93/W1.70
[   56.9s] [2023] ep4 va -4.407 α 0.098 τ 0.39 (7s)
[   56.9s] [2023] ep5 DRO eras 4044:+1.76/W0.41 4045:+1.08/W1.59
[   63.8s] [2023] ep5 va -4.564 α 0.098 τ 0.36 (7s)
[   63.8s] [2023] ep6 DRO eras 4044:+1.89/W0.39 4045:+1.19/W1.61
[   70.8s] [2023] ep6 va -4.116 α 0.098 τ 0.33 (7s)
[   70.8s] [2023] ep7 DRO eras 4044:+1.89/W0.51 4045:+1.35/W1.49
[   77.6s] [2023] ep7 va -4.281 α 0.098 τ 0.30 (7s)
[   77.6s] [2023] ep8 DRO eras 4044:+2.18/W0.35 4045:+1.42/W1.65
[   84.7s] [2023] ep8 va -4.773 α 0.098 τ 0.27 (7s)
[   84.7s] [2023] ep9 DRO eras 4044:+2.39/W0.38 4045:+1.66/W1.62
[   91.5s] [2023] ep9 va -3.987 α 0.098 τ 0.24 (7s)
[   91.5s] [2023] ep10 DRO eras 4044:+2.57/W0.38 4045:+1.84/W1.62
[   98.6s] [2023] ep10 va -4.144 α 0.098 τ 0.21 (7s)
[   98.6s] [2023] ep11 DRO eras 4044:+2.63/W0.46 4045:+2.02/W1.54
[  105.6s] [2023] ep11 va -4.127 α 0.098 τ 0.19 (7s)
[  105.6s] [2023] ep12 DRO eras 4044:+2.83/W0.45 4045:+2.20/W1.55
[  112.4s] [2023] ep12 va -4.066 α 0.098 τ 0.16 (7s)
[  112.4s] [2023] ep13 DRO eras 4044:+2.94/W0.40 4045:+2.25/W1.60
[  119.4s] [2023] ep13 va -4.219 α 0.098 τ 0.13 (7s)
[  119.4s] [2023] ep14 DRO eras 4044:+3.02/W0.43 4045:+2.38/W1.57
[  126.5s] [2023] ep14 va -4.185 α 0.098 τ 0.10 (7s)
[  132.8s] == 2023: net +0.278 bps/锚 ES5 22.20 换手 0.0763 α* 0.0976
[  147.9s] [2024] ep0 va -5.571 α 0.099 τ 0.50 (15s)
[  147.9s] [2024] ep1 DRO eras 4044:+0.44/W0.79 4045:+0.32/W1.02 4046:+0.16/W1.39 4047:+0.43/W0.81
[  162.5s] [2024] ep1 va -5.365 α 0.097 τ 0.47 (15s)
[  162.5s] [2024] ep2 DRO eras 4044:+0.80/W0.49 4045:+0.33/W1.28 4046:+0.32/W1.29 4047:+0.49/W0.93
[  177.0s] [2024] ep2 va -5.284 α 0.096 τ 0.44 (15s)
[  177.0s] [2024] ep3 DRO eras 4044:+1.43/W0.18 4045:+0.59/W0.97 4046:+0.51/W1.13 4047:+0.30/W1.73
[  191.5s] [2024] ep3 va -5.077 α 0.095 τ 0.41 (15s)
[  191.5s] [2024] ep4 DRO eras 4044:+1.60/W0.15 4045:+0.69/W0.92 4046:+0.64/W1.02 4047:+0.32/W1.92
[  205.5s] [2024] ep4 va -4.989 α 0.095 τ 0.39 (14s)
[  205.6s] [2024] ep5 DRO eras 4044:+1.31/W0.32 4045:+0.62/W1.28 4046:+0.78/W0.92 4047:+0.55/W1.48
[  220.1s] [2024] ep5 va -4.791 α 0.094 τ 0.36 (15s)
[  220.1s] [2024] ep6 DRO eras 4044:+1.70/W0.25 4045:+0.84/W1.35 4046:+0.92/W1.16 4047:+0.89/W1.24
[  234.1s] [2024] ep6 va -4.931 α 0.094 τ 0.33 (14s)
[  234.1s] [2024] ep7 DRO eras 4044:+1.78/W0.32 4045:+1.18/W1.04 4046:+1.07/W1.30 4047:+1.06/W1.34
[  248.4s] [2024] ep7 va -4.896 α 0.093 τ 0.30 (14s)
[  248.4s] [2024] ep8 DRO eras 4044:+2.04/W0.25 4045:+1.26/W1.17 4046:+1.22/W1.28 4047:+1.20/W1.31
[  263.0s] [2024] ep8 va -4.696 α 0.093 τ 0.27 (15s)
[  263.0s] [2024] ep9 DRO eras 4044:+2.10/W0.34 4045:+1.53/W1.05 4046:+1.38/W1.42 4047:+1.47/W1.19
[  277.8s] [2024] ep9 va -4.977 α 0.093 τ 0.24 (15s)
[  277.8s] [2024] ep10 DRO eras 4044:+2.38/W0.22 4045:+1.72/W0.81 4046:+1.48/W1.31 4047:+1.37/W1.66
[  291.9s] [2024] ep10 va -4.839 α 0.093 τ 0.21 (14s)
[  292.0s] [2024] ep11 DRO eras 4044:+2.53/W0.24 4045:+1.81/W1.02 4046:+1.69/W1.31 4047:+1.64/W1.43
[  306.8s] [2024] ep11 va -4.901 α 0.093 τ 0.19 (15s)
[  306.8s] [2024] ep12 DRO eras 4044:+2.49/W0.29 4045:+2.02/W0.75 4046:+1.74/W1.28 4047:+1.61/W1.68
[  321.2s] [2024] ep12 va -4.829 α 0.093 τ 0.16 (14s)
[  321.2s] [2024] ep13 DRO eras 4044:+2.63/W0.29 4045:+2.10/W0.82 4046:+1.84/W1.38 4047:+1.79/W1.51
[  336.4s] [2024] ep13 va -4.810 α 0.093 τ 0.13 (15s)
[  336.4s] [2024] ep14 DRO eras 4044:+2.59/W0.32 4045:+2.16/W0.76 4046:+1.86/W1.39 4047:+1.81/W1.53
[  354.6s] [2024] ep14 va -4.814 α 0.093 τ 0.10 (18s)
[  366.2s] == 2024: net +0.542 bps/锚 ES5 28.88 换手 0.0611 α* 0.0931
[  395.7s] [2025] ep0 va -4.411 α 0.100 τ 0.50 (29s)
[  395.7s] [2025] ep1 DRO eras 4044:+0.62/W0.56 4045:+0.45/W0.78 4046:+0.25/W1.18 4047:+0.47/W0.76 4048:+0.06/W1.72
[  425.2s] [2025] ep1 va -4.103 α 0.099 τ 0.47 (29s)
[  425.2s] [2025] ep2 DRO eras 4044:+1.19/W0.26 4045:+0.31/W1.53 4046:+0.43/W1.20 4047:+0.72/W0.67 4048:+0.38/W1.33
[  453.7s] [2025] ep2 va -3.229 α 0.099 τ 0.44 (29s)
[  453.7s] [2025] ep3 DRO eras 4044:+1.10/W0.44 4045:+0.51/W1.43 4046:+0.64/W1.09 4047:+0.82/W0.77 4048:+0.57/W1.27
[  482.4s] [2025] ep3 va -3.936 α 0.098 τ 0.41 (29s)
[  482.4s] [2025] ep4 DRO eras 4044:+1.32/W0.41 4045:+0.74/W1.32 4046:+0.90/W0.96 4047:+0.87/W1.01 4048:+0.75/W1.29
[  510.4s] [2025] ep4 va -4.015 α 0.098 τ 0.39 (28s)
[  510.4s] [2025] ep5 DRO eras 4044:+1.69/W0.29 4045:+0.93/W1.35 4046:+1.10/W0.95 4047:+1.08/W1.01 4048:+0.91/W1.40
[  538.5s] [2025] ep5 va -2.909 α 0.097 τ 0.36 (28s)
[  538.5s] [2025] ep6 DRO eras 4044:+1.68/W0.39 4045:+1.23/W0.96 4046:+1.16/W1.11 4047:+1.19/W1.03 4048:+1.00/W1.52
[  566.7s] [2025] ep6 va -3.764 α 0.097 τ 0.33 (28s)
[  566.7s] [2025] ep7 DRO eras 4044:+1.90/W0.34 4045:+1.38/W0.98 4046:+1.26/W1.25 4047:+1.35/W1.04 4048:+1.21/W1.38
[  595.9s] [2025] ep7 va -3.742 α 0.097 τ 0.30 (29s)
[  595.9s] [2025] ep8 DRO eras 4044:+2.34/W0.24 4045:+1.75/W0.81 4046:+1.54/W1.22 4047:+1.52/W1.27 4048:+1.45/W1.46
[  620.9s] [2025] ep8 va -3.523 α 0.097 τ 0.27 (25s)
[  620.9s] [2025] ep9 DRO eras 4044:+2.39/W0.27 4045:+1.85/W0.81 4046:+1.70/W1.09 4047:+1.67/W1.15 4048:+1.48/W1.68
[  647.0s] [2025] ep9 va -3.459 α 0.097 τ 0.24 (26s)
[  647.0s] [2025] ep10 DRO eras 4044:+2.56/W0.25 4045:+1.93/W0.90 4046:+1.80/W1.15 4047:+1.81/W1.13 4048:+1.64/W1.58
[  689.1s] [2025] ep10 va -3.629 α 0.097 τ 0.21 (42s)
[  689.2s] [2025] ep11 DRO eras 4044:+2.75/W0.23 4045:+2.09/W0.85 4046:+1.93/W1.14 4047:+1.95/W1.11 4048:+1.75/W1.67
[  731.3s] [2025] ep11 va -3.555 α 0.097 τ 0.19 (42s)
[  731.3s] [2025] ep12 DRO eras 4044:+2.67/W0.31 4045:+2.19/W0.79 4046:+2.00/W1.18 4047:+2.01/W1.15 4048:+1.85/W1.57
[  772.8s] [2025] ep12 va -3.614 α 0.097 τ 0.16 (42s)
[  772.8s] [2025] ep13 DRO eras 4044:+2.75/W0.29 4045:+2.22/W0.86 4046:+2.09/W1.10 4047:+2.07/W1.14 4048:+1.90/W1.61
[  815.6s] [2025] ep13 va -3.603 α 0.097 τ 0.13 (43s)
[  815.6s] [2025] ep14 DRO eras 4044:+2.82/W0.27 4045:+2.25/W0.83 4046:+2.12/W1.09 4047:+2.10/W1.14 4048:+1.91/W1.66
[  857.7s] [2025] ep14 va -3.592 α 0.097 τ 0.10 (42s)
[  878.1s] == 2025: net +1.010 bps/锚 ES5 33.07 换手 0.0603 α* 0.0973
[  935.4s] [2026] ep0 va -8.382 α 0.098 τ 0.50 (57s)
[  935.4s] [2026] ep1 DRO eras 4044:+0.08/W1.37 4045:+0.02/W1.55 4046:+0.14/W1.22 4047:+0.77/W0.35 4048:+0.00/W1.61 4049:+0.42/W0.69 4050:+1.01/W0.22
[  992.2s] [2026] ep1 va -7.821 α 0.097 τ 0.47 (57s)
[  992.2s] [2026] ep2 DRO eras 4044:+0.85/W0.38 4045:+0.12/W1.65 4046:+0.32/W1.11 4047:+0.67/W0.54 4048:+0.25/W1.26 4049:+0.23/W1.32 4050:+0.52/W0.74
[ 1048.9s] [2026] ep2 va -8.217 α 0.096 τ 0.44 (57s)
[ 1048.9s] [2026] ep3 DRO eras 4044:+0.96/W0.37 4045:+0.17/W1.80 4046:+0.43/W1.07 4047:+0.64/W0.71 4048:+0.33/W1.30 4049:+0.49/W0.95 4050:+0.57/W0.81
[ 1105.7s] [2026] ep3 va -7.954 α 0.095 τ 0.41 (57s)
[ 1105.8s] [2026] ep4 DRO eras 4044:+1.09/W0.34 4045:+0.36/W1.49 4046:+0.50/W1.12 4047:+0.75/W0.68 4048:+0.45/W1.24 4049:+0.50/W1.12 4050:+0.55/W1.01
[ 1162.4s] [2026] ep4 va -7.917 α 0.095 τ 0.39 (57s)
[ 1162.4s] [2026] ep5 DRO eras 4044:+1.38/W0.28 4045:+0.57/W1.39 4046:+0.64/W1.20 4047:+0.86/W0.78 4048:+0.54/W1.46 4049:+0.60/W1.29 4050:+0.98/W0.60
[ 1219.4s] [2026] ep5 va -7.883 α 0.094 τ 0.36 (57s)
[ 1219.4s] [2026] ep6 DRO eras 4044:+1.41/W0.33 4045:+0.60/W1.65 4046:+0.79/W1.13 4047:+0.93/W0.86 4048:+0.65/W1.50 4049:+0.96/W0.81 4050:+1.01/W0.72
[ 1276.3s] [2026] ep6 va -7.909 α 0.094 τ 0.33 (57s)
[ 1276.3s] [2026] ep7 DRO eras 4044:+1.70/W0.25 4045:+0.80/W1.54 4046:+0.97/W1.10 4047:+1.06/W0.91 4048:+0.82/W1.47 4049:+0.95/W1.13 4050:+1.26/W0.61
[ 1329.9s] [2026] ep7 va -7.747 α 0.093 τ 0.30 (54s)
[ 1329.9s] [2026] ep8 DRO eras 4044:+1.96/W0.23 4045:+1.14/W1.17 4046:+1.11/W1.24 4047:+1.24/W0.96 4048:+0.97/W1.63 4049:+1.14/W1.16 4050:+1.46/W0.62
[ 1378.5s] [2026] ep8 va -7.859 α 0.093 τ 0.27 (49s)
[ 1378.5s] [2026] ep9 DRO eras 4044:+2.09/W0.23 4045:+1.28/W1.19 4046:+1.31/W1.11 4047:+1.39/W0.94 4048:+1.10/W1.70 4049:+1.26/W1.23 4050:+1.64/W0.58
[ 1427.1s] [2026] ep9 va -7.715 α 0.093 τ 0.24 (49s)
[ 1427.1s] [2026] ep10 DRO eras 4044:+2.20/W0.25 4045:+1.51/W1.00 4046:+1.48/W1.08 4047:+1.43/W1.18 4048:+1.32/W1.48 4049:+1.36/W1.35 4050:+1.73/W0.65
[ 1476.0s] [2026] ep10 va -7.795 α 0.093 τ 0.21 (49s)
[ 1476.0s] [2026] ep11 DRO eras 4044:+2.38/W0.23 4045:+1.61/W1.06 4046:+1.57/W1.15 4047:+1.59/W1.09 4048:+1.40/W1.62 4049:+1.53/W1.25 4050:+1.89/W0.60
[ 1525.0s] [2026] ep11 va -7.927 α 0.093 τ 0.19 (49s)
[ 1525.0s] [2026] ep12 DRO eras 4044:+2.46/W0.24 4045:+1.76/W0.96 4046:+1.66/W1.17 4047:+1.66/W1.17 4048:+1.48/W1.68 4049:+1.64/W1.23 4050:+2.04/W0.55
[ 1574.0s] [2026] ep12 va -7.758 α 0.093 τ 0.16 (49s)
[ 1574.0s] [2026] ep13 DRO eras 4044:+2.51/W0.24 4045:+1.85/W0.91 4046:+1.72/W1.18 4047:+1.70/W1.23 4048:+1.57/W1.58 4049:+1.67/W1.31 4050:+2.10/W0.55
[ 1622.6s] [2026] ep13 va -7.769 α 0.093 τ 0.13 (49s)
[ 1622.7s] [2026] ep14 DRO eras 4044:+2.57/W0.23 4045:+1.85/W0.96 4046:+1.77/W1.12 4047:+1.73/W1.20 4048:+1.55/W1.73 4049:+1.76/W1.14 4050:+2.07/W0.62
[ 1671.7s] [2026] ep14 va -7.797 α 0.093 τ 0.10 (49s)
[ 1683.1s] == 2026: net +3.426 bps/锚 ES5 40.08 换手 0.0395 α* 0.093
[ 1683.2s] F10_TRAIN_DONE V2MAIN_B1 s42 年均净 +1.314 bps/锚(训练帧, 非终审)
