[   11.0s] rows 2745557 cols 171 anchors 10206 med|y| 0.00894
/workspace/review_scratch/allweather_trackB/pod_f10_train_dro.py:344: UserWarning: Converting a tensor with requires_grad=True to a scalar may lead to unexpected behavior.
Consider using tensor.detach() first. (Triggered internally at /pytorch/torch/csrc/autograd/generated/python_variable_methods.cpp:836.)
  al = float(mdl.alpha()); va_curve.append(round(va, 4)); alist.append(round(al, 4))
[   49.5s] [2023] ep0 va -8.646 α 0.100 τ 0.50 (23s)
[   71.3s] [2023] ep1 va -6.009 α 0.099 τ 0.47 (22s)
[   94.4s] [2023] ep2 va -4.092 α 0.099 τ 0.44 (23s)
[  116.1s] [2023] ep3 va -4.049 α 0.099 τ 0.41 (22s)
[  138.4s] [2023] ep4 va -3.889 α 0.100 τ 0.39 (22s)
[  161.5s] [2023] ep5 va -3.917 α 0.100 τ 0.36 (23s)
[  183.5s] [2023] ep6 va -3.611 α 0.100 τ 0.33 (22s)
[  205.8s] [2023] ep7 va -3.792 α 0.101 τ 0.30 (22s)
[  228.2s] [2023] ep8 va -3.856 α 0.101 τ 0.27 (22s)
[  249.9s] [2023] ep9 va -4.212 α 0.101 τ 0.24 (22s)
[  270.8s] [2023] ep10 va -4.184 α 0.101 τ 0.21 (21s)
[  292.9s] [2023] ep11 va -4.503 α 0.101 τ 0.19 (22s)
[  315.6s] [2023] ep12 va -4.353 α 0.101 τ 0.16 (23s)
[  337.6s] [2023] ep13 va -4.337 α 0.101 τ 0.13 (22s)
[  359.2s] [2023] ep14 va -4.317 α 0.101 τ 0.10 (22s)
[  373.8s] == 2023: net +0.444 bps/锚 ES5 23.21 换手 0.0685 α* 0.1003
[  421.4s] [2024] ep0 va -5.733 α 0.099 τ 0.50 (47s)
[  468.5s] [2024] ep1 va -5.541 α 0.098 τ 0.47 (47s)
[  515.7s] [2024] ep2 va -5.630 α 0.097 τ 0.44 (47s)
[  560.3s] [2024] ep3 va -5.646 α 0.096 τ 0.41 (45s)
[  605.1s] [2024] ep4 va -5.589 α 0.096 τ 0.39 (45s)
[  652.8s] [2024] ep5 va -5.245 α 0.096 τ 0.36 (48s)
[  699.8s] [2024] ep6 va -5.504 α 0.095 τ 0.33 (47s)
[  747.3s] [2024] ep7 va -5.553 α 0.095 τ 0.30 (48s)
[  794.9s] [2024] ep8 va -5.491 α 0.095 τ 0.27 (48s)
[  842.3s] [2024] ep9 va -5.703 α 0.095 τ 0.24 (47s)
[  889.3s] [2024] ep10 va -5.453 α 0.095 τ 0.21 (47s)
[  937.0s] [2024] ep11 va -5.471 α 0.095 τ 0.19 (48s)
[  984.5s] [2024] ep12 va -5.499 α 0.095 τ 0.16 (48s)
[ 1031.8s] [2024] ep13 va -5.489 α 0.095 τ 0.13 (47s)
[ 1079.5s] [2024] ep14 va -5.485 α 0.095 τ 0.10 (48s)
[ 1094.3s] == 2024: net +0.657 bps/锚 ES5 29.42 换手 0.0554 α* 0.0957
[ 1164.5s] [2025] ep0 va -4.683 α 0.100 τ 0.50 (70s)
[ 1236.5s] [2025] ep1 va -4.234 α 0.099 τ 0.47 (72s)
[ 1308.4s] [2025] ep2 va -3.480 α 0.099 τ 0.44 (72s)
[ 1379.5s] [2025] ep3 va -4.069 α 0.098 τ 0.41 (71s)
[ 1452.3s] [2025] ep4 va -3.836 α 0.098 τ 0.39 (73s)
[ 1525.7s] [2025] ep5 va -3.507 α 0.098 τ 0.36 (73s)
[ 1599.2s] [2025] ep6 va -3.885 α 0.097 τ 0.33 (73s)
[ 1671.7s] [2025] ep7 va -3.546 α 0.097 τ 0.30 (73s)
[ 1743.3s] [2025] ep8 va -3.966 α 0.097 τ 0.27 (72s)
[ 1815.9s] [2025] ep9 va -3.532 α 0.097 τ 0.24 (73s)
[ 1888.3s] [2025] ep10 va -3.501 α 0.097 τ 0.21 (72s)
[ 1961.9s] [2025] ep11 va -3.572 α 0.097 τ 0.19 (74s)
[ 2033.4s] [2025] ep12 va -3.516 α 0.097 τ 0.16 (71s)
[ 2106.2s] [2025] ep13 va -3.540 α 0.097 τ 0.13 (73s)
[ 2179.4s] [2025] ep14 va -3.477 α 0.097 τ 0.10 (73s)
[ 2194.0s] == 2025: net +1.240 bps/锚 ES5 34.83 换手 0.0511 α* 0.097
[ 2292.1s] [2026] ep0 va -8.305 α 0.098 τ 0.50 (98s)
[ 2390.4s] [2026] ep1 va -7.874 α 0.097 τ 0.47 (98s)
[ 2471.5s] [2026] ep2 va -8.199 α 0.097 τ 0.44 (81s)
[ 2517.1s] [2026] ep3 va -7.948 α 0.096 τ 0.41 (46s)
[ 2552.5s] [2026] ep4 va -7.772 α 0.096 τ 0.39 (35s)
[ 2585.2s] [2026] ep5 va -7.770 α 0.095 τ 0.36 (33s)
[ 2618.6s] [2026] ep6 va -7.816 α 0.095 τ 0.33 (33s)
[ 2651.4s] [2026] ep7 va -7.604 α 0.095 τ 0.30 (33s)
[ 2683.7s] [2026] ep8 va -7.755 α 0.094 τ 0.27 (32s)
[ 2716.2s] [2026] ep9 va -7.655 α 0.094 τ 0.24 (32s)
[ 2748.6s] [2026] ep10 va -7.654 α 0.094 τ 0.21 (32s)
[ 2781.0s] [2026] ep11 va -7.850 α 0.094 τ 0.19 (32s)
[ 2813.3s] [2026] ep12 va -7.662 α 0.094 τ 0.16 (32s)
[ 2845.6s] [2026] ep13 va -7.672 α 0.094 τ 0.13 (32s)
[ 2878.8s] [2026] ep14 va -7.694 α 0.094 τ 0.10 (33s)
[ 2881.0s] == 2026: net +3.433 bps/锚 ES5 39.68 换手 0.0396 α* 0.0946
[ 2881.2s] F10_TRAIN_DONE V2MAIN_B2 s42 年均净 +1.444 bps/锚(训练帧, 非终审)
