[   12.9s] rows 2745557 cols 171 anchors 10206 med|y| 0.00894
/workspace/review_scratch/allweather_trackB/pod_f10_train_dro.py:344: UserWarning: Converting a tensor with requires_grad=True to a scalar may lead to unexpected behavior.
Consider using tensor.detach() first. (Triggered internally at /pytorch/torch/csrc/autograd/generated/python_variable_methods.cpp:836.)
  al = float(mdl.alpha()); va_curve.append(round(va, 4)); alist.append(round(al, 4))
[   45.5s] [2023] ep0 va -6.329 α 0.100 τ 0.50 (20s)
[   63.6s] [2023] ep1 va -5.188 α 0.099 τ 0.47 (18s)
[   82.6s] [2023] ep2 va -3.998 α 0.099 τ 0.44 (19s)
[  101.3s] [2023] ep3 va -4.371 α 0.099 τ 0.41 (19s)
[  121.3s] [2023] ep4 va -4.340 α 0.100 τ 0.39 (20s)
[  140.7s] [2023] ep5 va -3.439 α 0.100 τ 0.36 (19s)
[  160.2s] [2023] ep6 va -3.763 α 0.100 τ 0.33 (19s)
[  177.8s] [2023] ep7 va -4.010 α 0.101 τ 0.30 (18s)
[  197.7s] [2023] ep8 va -3.751 α 0.101 τ 0.27 (20s)
[  217.5s] [2023] ep9 va -4.164 α 0.101 τ 0.24 (20s)
[  235.2s] [2023] ep10 va -3.569 α 0.102 τ 0.21 (18s)
[  255.5s] [2023] ep11 va -3.343 α 0.102 τ 0.19 (20s)
[  274.7s] [2023] ep12 va -3.723 α 0.102 τ 0.16 (19s)
[ 9980.5s] [2023] ep13 va -3.553 α 0.102 τ 0.13 (9706s)
[ 9988.9s] [2023] ep14 va -3.572 α 0.102 τ 0.10 (8s)
[ 9992.3s] == 2023: net +0.519 bps/锚 ES5 24.47 换手 0.0641 α* 0.1017
[10008.6s] [2024] ep0 va -6.224 α 0.099 τ 0.50 (16s)
[10026.6s] [2024] ep1 va -5.165 α 0.098 τ 0.47 (18s)
[10045.2s] [2024] ep2 va -5.329 α 0.097 τ 0.44 (19s)
[10063.8s] [2024] ep3 va -5.057 α 0.096 τ 0.41 (19s)
[10082.3s] [2024] ep4 va -5.431 α 0.096 τ 0.39 (19s)
[10100.7s] [2024] ep5 va -5.316 α 0.096 τ 0.36 (18s)
[10119.4s] [2024] ep6 va -5.189 α 0.095 τ 0.33 (19s)
[10137.8s] [2024] ep7 va -5.234 α 0.095 τ 0.30 (18s)
[10156.1s] [2024] ep8 va -5.417 α 0.095 τ 0.27 (18s)
[10174.3s] [2024] ep9 va -5.390 α 0.095 τ 0.24 (18s)
[10192.8s] [2024] ep10 va -5.240 α 0.095 τ 0.21 (18s)
[10211.6s] [2024] ep11 va -5.343 α 0.095 τ 0.19 (19s)
[10230.3s] [2024] ep12 va -5.314 α 0.095 τ 0.16 (19s)
[10248.4s] [2024] ep13 va -5.323 α 0.095 τ 0.13 (18s)
[10266.5s] [2024] ep14 va -5.329 α 0.095 τ 0.10 (18s)
[10270.8s] == 2024: net +0.520 bps/锚 ES5 28.24 换手 0.0585 α* 0.0963
[10299.1s] [2025] ep0 va -5.771 α 0.100 τ 0.50 (28s)
[10327.2s] [2025] ep1 va -3.568 α 0.099 τ 0.47 (28s)
[10355.2s] [2025] ep2 va -5.193 α 0.099 τ 0.44 (28s)
[10382.5s] [2025] ep3 va -4.384 α 0.098 τ 0.41 (27s)
[10409.9s] [2025] ep4 va -4.212 α 0.098 τ 0.39 (27s)
[10438.2s] [2025] ep5 va -3.343 α 0.098 τ 0.36 (28s)
[10466.5s] [2025] ep6 va -4.180 α 0.098 τ 0.33 (28s)
[10494.8s] [2025] ep7 va -3.905 α 0.097 τ 0.30 (28s)
[10523.1s] [2025] ep8 va -3.802 α 0.097 τ 0.27 (28s)
[10550.7s] [2025] ep9 va -3.829 α 0.097 τ 0.24 (28s)
[10583.5s] [2025] ep10 va -3.667 α 0.097 τ 0.21 (33s)
[10631.4s] [2025] ep11 va -3.620 α 0.097 τ 0.19 (48s)
[10679.6s] [2025] ep12 va -3.601 α 0.097 τ 0.16 (48s)
[10729.2s] [2025] ep13 va -3.768 α 0.097 τ 0.13 (50s)
[10781.5s] [2025] ep14 va -3.617 α 0.097 τ 0.10 (52s)
[10788.9s] == 2025: net +1.190 bps/锚 ES5 34.07 换手 0.0593 α* 0.0978
[10853.7s] [2026] ep0 va -7.953 α 0.099 τ 0.50 (65s)
[10921.5s] [2026] ep1 va -8.345 α 0.098 τ 0.47 (68s)
[10987.5s] [2026] ep2 va -7.873 α 0.097 τ 0.44 (66s)
[11025.2s] [2026] ep3 va -8.066 α 0.097 τ 0.41 (38s)
[11061.2s] [2026] ep4 va -7.983 α 0.096 τ 0.39 (36s)
[11094.7s] [2026] ep5 va -8.017 α 0.096 τ 0.36 (34s)
[11128.1s] [2026] ep6 va -7.959 α 0.095 τ 0.33 (33s)
[11160.8s] [2026] ep7 va -7.846 α 0.095 τ 0.30 (33s)
[11194.1s] [2026] ep8 va -7.895 α 0.095 τ 0.27 (33s)
[11227.5s] [2026] ep9 va -7.638 α 0.095 τ 0.24 (33s)
[11261.0s] [2026] ep10 va -7.728 α 0.095 τ 0.21 (33s)
[11294.5s] [2026] ep11 va -7.755 α 0.095 τ 0.19 (34s)
[11327.9s] [2026] ep12 va -7.746 α 0.095 τ 0.16 (33s)
[11360.7s] [2026] ep13 va -7.756 α 0.095 τ 0.13 (33s)
[11393.2s] [2026] ep14 va -7.764 α 0.095 τ 0.10 (32s)
[11395.4s] == 2026: net +3.398 bps/锚 ES5 39.61 换手 0.0404 α* 0.0948
[11395.7s] F10_TRAIN_DONE V2MAIN_B2 s2027 年均净 +1.407 bps/锚(训练帧, 非终审)
