[   12.0s] rows 2745557 cols 171 anchors 10206 med|y| 0.00894
[   15.1s] MWF start tag mE1 embargo 1 months [202501, 202505, 202509, 202601, 202605] base_sha 93cc2cdf925a self_sha 14d08c63fb8a torch 2.11.0+cu128 gpu NVIDIA RTX PRO 4500 Blackwell
[   15.1s] skip 202501: already done
[   15.1s] CAUSALITY ASSERT mE1 202505: n_train 7283 max_train_idx 7282 (2025-04-30 16:00) max_train_label_end 2025-04-30 20:00 <= cutoff 2025-04-30 20:00 (= first_test 2025-05-01 00:00 - 1 anchors) OK
/workspace/review_scratch/allweather_trackB/pod_f10_train_monthly_s2027.py:373: UserWarning: Converting a tensor with requires_grad=True to a scalar may lead to unexpected behavior.
Consider using tensor.detach() first. (Triggered internally at /pytorch/torch/csrc/autograd/generated/python_variable_methods.cpp:836.)
  al = float(mdl.alpha()); va_curve.append(round(va, 4)); alist.append(round(al, 4)); ep_s.append(round(time.time() - t0, 1))
[   61.5s] [mE1 202505] ep0 va -4.615 α 0.100 τ 0.50 (35s)
[   96.4s] [mE1 202505] ep1 va -4.698 α 0.099 τ 0.47 (35s)
[  130.9s] [mE1 202505] ep2 va -3.308 α 0.098 τ 0.44 (35s)
[  165.3s] [mE1 202505] ep3 va -5.360 α 0.098 τ 0.41 (34s)
[  199.4s] [mE1 202505] ep4 va -6.069 α 0.097 τ 0.39 (34s)
[  234.0s] [mE1 202505] ep5 va -5.077 α 0.097 τ 0.36 (35s)
[  269.0s] [mE1 202505] ep6 va -4.163 α 0.096 τ 0.33 (35s)
[  303.1s] [mE1 202505] ep7 va -4.583 α 0.096 τ 0.30 (34s)
[  338.2s] [mE1 202505] ep8 va -4.769 α 0.096 τ 0.27 (35s)
[  372.4s] [mE1 202505] ep9 va -4.841 α 0.096 τ 0.24 (34s)
[  406.2s] [mE1 202505] ep10 va -4.820 α 0.096 τ 0.21 (34s)
[  440.4s] [mE1 202505] ep11 va -5.425 α 0.096 τ 0.19 (34s)
[  474.7s] [mE1 202505] ep12 va -5.607 α 0.096 τ 0.16 (34s)
[  509.0s] [mE1 202505] ep13 va -5.707 α 0.096 τ 0.13 (34s)
[  543.1s] [mE1 202505] ep14 va -5.515 α 0.096 τ 0.10 (34s)
[  548.8s] == mE1 202505: net -0.094 bps/锚 ES5 19.39 换手 0.0842 α* 0.0983 best_ep 2 wall 516s
[  548.8s] CAUSALITY ASSERT mE1 202509: n_train 8021 max_train_idx 8020 (2025-08-31 16:00) max_train_label_end 2025-08-31 20:00 <= cutoff 2025-08-31 20:00 (= first_test 2025-09-01 00:00 - 1 anchors) OK
[  583.8s] [mE1 202509] ep0 va -4.943 α 0.099 τ 0.50 (35s)
[  621.5s] [mE1 202509] ep1 va -4.888 α 0.099 τ 0.47 (38s)
[  659.2s] [mE1 202509] ep2 va -6.699 α 0.098 τ 0.44 (38s)
[  697.2s] [mE1 202509] ep3 va -3.782 α 0.097 τ 0.41 (38s)
[  735.1s] [mE1 202509] ep4 va -4.440 α 0.096 τ 0.39 (38s)
[  772.7s] [mE1 202509] ep5 va -5.022 α 0.096 τ 0.36 (38s)
[  810.3s] [mE1 202509] ep6 va -4.435 α 0.096 τ 0.33 (38s)
[  848.4s] [mE1 202509] ep7 va -3.625 α 0.095 τ 0.30 (38s)
[  886.5s] [mE1 202509] ep8 va -3.634 α 0.095 τ 0.27 (38s)
[  924.5s] [mE1 202509] ep9 va -3.849 α 0.095 τ 0.24 (38s)
[  962.2s] [mE1 202509] ep10 va -3.960 α 0.095 τ 0.21 (38s)
[  999.7s] [mE1 202509] ep11 va -3.728 α 0.095 τ 0.19 (38s)
[ 1037.6s] [mE1 202509] ep12 va -4.089 α 0.095 τ 0.16 (38s)
[ 1075.3s] [mE1 202509] ep13 va -3.737 α 0.095 τ 0.13 (38s)
[ 1112.1s] [mE1 202509] ep14 va -3.779 α 0.095 τ 0.10 (37s)
[ 1117.1s] == mE1 202509: net +2.662 bps/锚 ES5 29.44 换手 0.0506 α* 0.0953 best_ep 7 wall 563s
[ 1117.1s] CAUSALITY ASSERT mE1 202601: n_train 8753 max_train_idx 8752 (2025-12-31 16:00) max_train_label_end 2025-12-31 20:00 <= cutoff 2025-12-31 20:00 (= first_test 2026-01-01 00:00 - 1 anchors) OK
[ 1158.3s] [mE1 202601] ep0 va -7.849 α 0.099 τ 0.50 (41s)
[ 1198.2s] [mE1 202601] ep1 va -8.003 α 0.098 τ 0.47 (40s)
[ 1239.8s] [mE1 202601] ep2 va -8.048 α 0.097 τ 0.44 (42s)
[ 1281.4s] [mE1 202601] ep3 va -8.055 α 0.096 τ 0.41 (42s)
[ 1323.8s] [mE1 202601] ep4 va -8.102 α 0.095 τ 0.39 (42s)
[ 1366.1s] [mE1 202601] ep5 va -8.053 α 0.094 τ 0.36 (42s)
[ 1407.5s] [mE1 202601] ep6 va -7.911 α 0.094 τ 0.33 (41s)
[ 1449.0s] [mE1 202601] ep7 va -7.881 α 0.094 τ 0.30 (41s)
[ 1490.7s] [mE1 202601] ep8 va -7.825 α 0.094 τ 0.27 (42s)
[ 1532.3s] [mE1 202601] ep9 va -7.767 α 0.093 τ 0.24 (42s)
[ 1573.9s] [mE1 202601] ep10 va -7.769 α 0.093 τ 0.21 (42s)
[ 1615.3s] [mE1 202601] ep11 va -7.850 α 0.093 τ 0.19 (41s)
[ 1657.5s] [mE1 202601] ep12 va -7.821 α 0.093 τ 0.16 (42s)
[ 1699.0s] [mE1 202601] ep13 va -7.856 α 0.093 τ 0.13 (41s)
[ 1741.1s] [mE1 202601] ep14 va -7.846 α 0.093 τ 0.10 (42s)
[ 1745.1s] == mE1 202601: net +1.329 bps/锚 ES5 36.76 换手 0.0269 α* 0.0935 best_ep 9 wall 624s
[ 1745.1s] CAUSALITY ASSERT mE1 202605: n_train 9473 max_train_idx 9472 (2026-04-30 16:00) max_train_label_end 2026-04-30 20:00 <= cutoff 2026-04-30 20:00 (= first_test 2026-05-01 00:00 - 1 anchors) OK
[ 1789.7s] [mE1 202605] ep0 va -6.993 α 0.099 τ 0.50 (45s)
[ 1834.3s] [mE1 202605] ep1 va -6.980 α 0.098 τ 0.47 (45s)
[ 1879.0s] [mE1 202605] ep2 va -6.926 α 0.097 τ 0.44 (45s)
[ 1924.3s] [mE1 202605] ep3 va -6.979 α 0.096 τ 0.41 (45s)
[ 1969.5s] [mE1 202605] ep4 va -6.940 α 0.095 τ 0.39 (45s)
[ 2015.3s] [mE1 202605] ep5 va -7.006 α 0.095 τ 0.36 (46s)
[ 2061.0s] [mE1 202605] ep6 va -7.052 α 0.094 τ 0.33 (46s)
[ 2106.7s] [mE1 202605] ep7 va -7.056 α 0.094 τ 0.30 (46s)
[ 2152.1s] [mE1 202605] ep8 va -7.040 α 0.094 τ 0.27 (45s)
[ 2196.6s] [mE1 202605] ep9 va -7.000 α 0.094 τ 0.24 (45s)
[ 2242.2s] [mE1 202605] ep10 va -7.037 α 0.094 τ 0.21 (46s)
[ 2287.4s] [mE1 202605] ep11 va -7.025 α 0.094 τ 0.19 (45s)
[ 2333.2s] [mE1 202605] ep12 va -7.086 α 0.094 τ 0.16 (46s)
[ 2378.7s] [mE1 202605] ep13 va -7.112 α 0.094 τ 0.13 (45s)
[ 2424.5s] [mE1 202605] ep14 va -7.114 α 0.094 τ 0.10 (46s)
[ 2427.1s] == mE1 202605: net +2.304 bps/锚 ES5 34.72 换手 0.0497 α* 0.0972 best_ep 2 wall 679s
[ 2427.1s] MWF_TRAIN_DONE mE1 s2027 folds 5 月均净 +1.280 bps/锚(训练帧, 非终审)
