[   12.9s] rows 2745557 cols 171 anchors 10206 med|y| 0.00894
/workspace/review_scratch/allweather_trackB/pod_f10_train_dro.py:311: UserWarning: Converting a tensor with requires_grad=True to a scalar may lead to unexpected behavior.
Consider using tensor.detach() first. (Triggered internally at /pytorch/torch/csrc/autograd/generated/python_variable_methods.cpp:836.)
  _e = int(ERA[span[BURN]]); DRO_ACC.setdefault(_e, []).append(float(nets.mean()))
[   35.5s] [2023] ep0 va -6.379 α 0.100 τ 0.50 (10s)
[   35.5s] [2023] ep1 DRO eras 4044:+1.80/W0.15 4045:+0.55/W1.85
[   44.2s] [2023] ep1 va -4.035 α 0.099 τ 0.47 (9s)
[   44.2s] [2023] ep2 DRO eras 4044:+1.45/W0.58 4045:+1.00/W1.42
[   52.8s] [2023] ep2 va -4.265 α 0.099 τ 0.44 (9s)
[   52.8s] [2023] ep3 DRO eras 4044:+1.45/W0.60 4045:+1.03/W1.40
[   61.8s] [2023] ep3 va -5.033 α 0.098 τ 0.41 (9s)
[   61.8s] [2023] ep4 DRO eras 4044:+1.83/W0.37 4045:+1.09/W1.63
[   71.3s] [2023] ep4 va -4.367 α 0.098 τ 0.39 (9s)
[   71.3s] [2023] ep5 DRO eras 4044:+1.94/W0.46 4045:+1.33/W1.54
[   80.5s] [2023] ep5 va -3.762 α 0.098 τ 0.36 (9s)
[   80.5s] [2023] ep6 DRO eras 4044:+2.24/W0.42 4045:+1.57/W1.58
[   90.1s] [2023] ep6 va -4.025 α 0.098 τ 0.33 (10s)
[   90.1s] [2023] ep7 DRO eras 4044:+2.32/W0.50 4045:+1.77/W1.50
[   99.6s] [2023] ep7 va -3.882 α 0.098 τ 0.30 (10s)
[   99.6s] [2023] ep8 DRO eras 4044:+2.79/W0.46 4045:+2.18/W1.54
[  108.6s] [2023] ep8 va -3.832 α 0.098 τ 0.27 (9s)
[  108.6s] [2023] ep9 DRO eras 4044:+3.10/W0.45 4045:+2.49/W1.55
[  117.5s] [2023] ep9 va -3.665 α 0.098 τ 0.24 (9s)
[  117.5s] [2023] ep10 DRO eras 4044:+3.29/W0.45 4045:+2.67/W1.55
[  126.4s] [2023] ep10 va -3.686 α 0.098 τ 0.21 (9s)
[  126.4s] [2023] ep11 DRO eras 4044:+3.44/W0.54 4045:+2.94/W1.46
[  135.7s] [2023] ep11 va -3.396 α 0.098 τ 0.19 (9s)
[  135.7s] [2023] ep12 DRO eras 4044:+3.58/W0.59 4045:+3.14/W1.41
[  145.0s] [2023] ep12 va -3.589 α 0.098 τ 0.16 (9s)
[  145.0s] [2023] ep13 DRO eras 4044:+3.79/W0.60 4045:+3.36/W1.40
[  153.9s] [2023] ep13 va -3.662 α 0.099 τ 0.13 (9s)
[  153.9s] [2023] ep14 DRO eras 4044:+3.85/W0.59 4045:+3.41/W1.41
[  163.1s] [2023] ep14 va -3.635 α 0.099 τ 0.10 (9s)
[  174.7s] == 2023: net +0.336 bps/锚 ES5 22.42 换手 0.0721 α* 0.0984
[  193.5s] [2024] ep0 va -5.672 α 0.099 τ 0.50 (19s)
[  193.5s] [2024] ep1 DRO eras 4044:+0.36/W0.72 4045:+0.37/W0.71 4046:+0.01/W1.45 4047:+0.14/W1.13
[  212.6s] [2024] ep1 va -4.921 α 0.098 τ 0.47 (19s)
[  212.6s] [2024] ep2 DRO eras 4044:+1.48/W0.15 4045:+0.41/W1.24 4046:+0.45/W1.14 4047:+0.32/W1.48
[  231.4s] [2024] ep2 va -4.885 α 0.096 τ 0.44 (19s)
[  231.4s] [2024] ep3 DRO eras 4044:+1.08/W0.37 4045:+0.51/W1.16 4046:+0.52/W1.15 4047:+0.45/W1.33
[  249.7s] [2024] ep3 va -4.859 α 0.095 τ 0.41 (18s)
[  249.7s] [2024] ep4 DRO eras 4044:+1.21/W0.39 4045:+0.53/W1.52 4046:+0.71/W1.06 4047:+0.72/W1.03
[  269.1s] [2024] ep4 va -4.719 α 0.094 τ 0.39 (19s)
[  269.1s] [2024] ep5 DRO eras 4044:+1.58/W0.26 4045:+0.80/W1.23 4046:+0.88/W1.05 4047:+0.72/W1.46
[  288.6s] [2024] ep5 va -4.723 α 0.094 τ 0.36 (19s)
[  288.6s] [2024] ep6 DRO eras 4044:+1.80/W0.26 4045:+1.13/W0.97 4046:+0.97/W1.34 4047:+0.94/W1.43
[ 9991.2s] [2024] ep6 va -4.661 α 0.093 τ 0.33 (9703s)
[ 9991.2s] [2024] ep7 DRO eras 4044:+1.85/W0.29 4045:+1.19/W1.07 4046:+1.19/W1.09 4047:+1.01/W1.54
[10003.8s] [2024] ep7 va -4.617 α 0.093 τ 0.30 (13s)
[10003.8s] [2024] ep8 DRO eras 4044:+2.02/W0.32 4045:+1.41/W1.08 4046:+1.35/W1.22 4047:+1.29/W1.37
[10017.4s] [2024] ep8 va -4.772 α 0.093 τ 0.27 (14s)
[10017.4s] [2024] ep9 DRO eras 4044:+2.10/W0.35 4045:+1.65/W0.87 4046:+1.48/W1.22 4047:+1.36/W1.56
[10031.4s] [2024] ep9 va -4.705 α 0.093 τ 0.24 (14s)
[10031.4s] [2024] ep10 DRO eras 4044:+2.30/W0.42 4045:+1.94/W0.87 4046:+1.75/W1.27 4047:+1.69/W1.43
[10045.5s] [2024] ep10 va -4.865 α 0.093 τ 0.21 (14s)
[10045.5s] [2024] ep11 DRO eras 4044:+2.46/W0.34 4045:+2.04/W0.78 4046:+1.81/W1.23 4047:+1.66/W1.66
[10059.3s] [2024] ep11 va -4.808 α 0.093 τ 0.19 (14s)
[10059.3s] [2024] ep12 DRO eras 4044:+2.54/W0.35 4045:+2.17/W0.73 4046:+1.90/W1.27 4047:+1.77/W1.65
[10072.9s] [2024] ep12 va -4.866 α 0.093 τ 0.16 (14s)
[10072.9s] [2024] ep13 DRO eras 4044:+2.54/W0.42 4045:+2.29/W0.70 4046:+1.97/W1.30 4047:+1.88/W1.58
[10086.7s] [2024] ep13 va -4.863 α 0.093 τ 0.13 (14s)
[10086.7s] [2024] ep14 DRO eras 4044:+2.57/W0.45 4045:+2.36/W0.70 4046:+2.07/W1.23 4047:+1.93/W1.63
[10100.4s] [2024] ep14 va -4.878 α 0.093 τ 0.10 (14s)
[10104.2s] == 2024: net +0.594 bps/锚 ES5 27.52 换手 0.0618 α* 0.0931
[10125.4s] [2025] ep0 va -6.409 α 0.100 τ 0.50 (21s)
[10125.4s] [2025] ep1 DRO eras 4044:+1.21/W0.19 4045:+0.42/W0.90 4046:+0.22/W1.35 4047:+0.74/W0.48 4048:+0.00/W2.09
[10146.3s] [2025] ep1 va -3.984 α 0.099 τ 0.47 (21s)
[10146.3s] [2025] ep2 DRO eras 4044:+1.25/W0.27 4045:+0.32/W1.73 4046:+0.48/W1.28 4047:+0.99/W0.45 4048:+0.48/W1.27
[10167.3s] [2025] ep2 va -4.019 α 0.099 τ 0.44 (21s)
[10167.3s] [2025] ep3 DRO eras 4044:+0.96/W0.57 4045:+0.50/W1.46 4046:+0.72/W0.92 4047:+0.83/W0.75 4048:+0.56/W1.30
[10188.5s] [2025] ep3 va -3.358 α 0.098 τ 0.41 (21s)
[10188.5s] [2025] ep4 DRO eras 4044:+1.21/W0.46 4045:+0.71/W1.26 4046:+0.75/W1.16 4047:+0.88/W0.90 4048:+0.73/W1.22
[10209.7s] [2025] ep4 va -4.274 α 0.098 τ 0.39 (21s)
[10209.7s] [2025] ep5 DRO eras 4044:+1.53/W0.38 4045:+0.95/W1.20 4046:+0.94/W1.24 4047:+1.10/W0.89 4048:+0.92/W1.28
[10231.5s] [2025] ep5 va -3.380 α 0.097 τ 0.36 (22s)
[10231.5s] [2025] ep6 DRO eras 4044:+1.83/W0.31 4045:+1.21/W1.05 4046:+1.16/W1.17 4047:+1.23/W1.01 4048:+1.04/W1.47
[10253.2s] [2025] ep6 va -3.479 α 0.097 τ 0.33 (22s)
[10253.2s] [2025] ep7 DRO eras 4044:+2.00/W0.33 4045:+1.51/W0.87 4046:+1.35/W1.19 4047:+1.40/W1.09 4048:+1.23/W1.52
[10274.3s] [2025] ep7 va -3.776 α 0.097 τ 0.30 (21s)
[10274.3s] [2025] ep8 DRO eras 4044:+2.13/W0.32 4045:+1.67/W0.81 4046:+1.52/W1.09 4047:+1.51/W1.11 4048:+1.30/W1.68
[10296.0s] [2025] ep8 va -3.718 α 0.097 τ 0.27 (22s)
[10296.0s] [2025] ep9 DRO eras 4044:+2.30/W0.35 4045:+1.87/W0.84 4046:+1.73/W1.10 4047:+1.73/W1.10 4048:+1.54/W1.61
[10317.8s] [2025] ep9 va -3.864 α 0.097 τ 0.24 (22s)
[10317.8s] [2025] ep10 DRO eras 4044:+2.36/W0.37 4045:+2.06/W0.68 4046:+1.77/W1.20 4047:+1.76/W1.24 4048:+1.66/W1.51
[10339.8s] [2025] ep10 va -3.719 α 0.097 τ 0.21 (22s)
[10339.8s] [2025] ep11 DRO eras 4044:+2.45/W0.40 4045:+2.18/W0.69 4046:+1.95/W1.08 4047:+1.89/W1.22 4048:+1.76/W1.60
[10361.4s] [2025] ep11 va -3.727 α 0.097 τ 0.19 (22s)
[10361.4s] [2025] ep12 DRO eras 4044:+2.55/W0.39 4045:+2.25/W0.71 4046:+2.02/W1.13 4047:+2.04/W1.09 4048:+1.82/W1.68
[10383.3s] [2025] ep12 va -3.597 α 0.097 τ 0.16 (22s)
[10383.3s] [2025] ep13 DRO eras 4044:+2.64/W0.37 4045:+2.27/W0.79 4046:+2.05/W1.21 4047:+2.09/W1.13 4048:+1.94/W1.51
[10405.3s] [2025] ep13 va -3.793 α 0.097 τ 0.13 (22s)
[10405.3s] [2025] ep14 DRO eras 4044:+2.70/W0.36 4045:+2.35/W0.71 4046:+2.12/W1.14 4047:+2.11/W1.16 4048:+1.94/W1.63
[10426.9s] [2025] ep14 va -3.703 α 0.097 τ 0.10 (22s)
[10430.9s] == 2025: net +1.005 bps/锚 ES5 32.72 换手 0.0641 α* 0.0982
[10460.3s] [2026] ep0 va -8.143 α 0.099 τ 0.50 (29s)
[10460.3s] [2026] ep1 DRO eras 4044:+0.39/W0.56 4045:+0.35/W0.61 4046:-0.06/W1.38 4047:+0.49/W0.46 4048:+0.02/W1.18 4049:+0.42/W0.53 4050:-0.31/W2.28
[10489.5s] [2026] ep1 va -8.379 α 0.098 τ 0.47 (29s)
[10489.5s] [2026] ep2 DRO eras 4044:+0.68/W0.46 4045:+0.04/W1.68 4046:+0.17/W1.29 4047:+0.60/W0.55 4048:+0.13/W1.40 4049:+0.25/W1.11 4050:+0.63/W0.51
[10518.7s] [2026] ep2 va -7.943 α 0.096 τ 0.44 (29s)
[10518.7s] [2026] ep3 DRO eras 4044:+0.70/W0.60 4045:+0.18/W1.70 4046:+0.36/W1.17 4047:+0.61/W0.72 4048:+0.29/W1.35 4049:+0.40/W1.09 4050:+0.93/W0.38
[10548.3s] [2026] ep3 va -8.173 α 0.096 τ 0.41 (30s)
[10548.3s] [2026] ep4 DRO eras 4044:+0.91/W0.44 4045:+0.22/W1.74 4046:+0.48/W1.04 4047:+0.69/W0.67 4048:+0.43/W1.14 4049:+0.39/W1.23 4050:+0.65/W0.74
[10582.1s] [2026] ep4 va -8.007 α 0.095 τ 0.39 (34s)
[10582.1s] [2026] ep5 DRO eras 4044:+1.21/W0.34 4045:+0.46/W1.50 4046:+0.57/W1.20 4047:+0.79/W0.79 4048:+0.53/W1.31 4049:+0.59/W1.17 4050:+0.85/W0.69
[10630.1s] [2026] ep5 va -8.035 α 0.094 τ 0.36 (48s)
[10630.1s] [2026] ep6 DRO eras 4044:+1.30/W0.35 4045:+0.59/W1.44 4046:+0.69/W1.19 4047:+0.93/W0.73 4048:+0.61/W1.37 4049:+0.77/W1.01 4050:+0.82/W0.92
[10678.2s] [2026] ep6 va -8.011 α 0.094 τ 0.33 (48s)
[10678.2s] [2026] ep7 DRO eras 4044:+1.34/W0.45 4045:+0.79/W1.32 4046:+0.92/W1.02 4047:+1.03/W0.82 4048:+0.69/W1.63 4049:+0.84/W1.21 4050:+1.22/W0.56
[10727.3s] [2026] ep7 va -7.877 α 0.093 τ 0.30 (49s)
[10727.3s] [2026] ep8 DRO eras 4044:+1.74/W0.30 4045:+0.95/W1.44 4046:+1.13/W1.01 4047:+1.19/W0.89 4048:+0.93/W1.52 4049:+1.04/W1.22 4050:+1.37/W0.62
[10778.9s] [2026] ep8 va -7.871 α 0.093 τ 0.27 (52s)
[10778.9s] [2026] ep9 DRO eras 4044:+1.98/W0.26 4045:+1.19/W1.28 4046:+1.31/W1.01 4047:+1.35/W0.93 4048:+1.07/W1.64 4049:+1.23/W1.19 4050:+1.50/W0.69
[10828.2s] [2026] ep9 va -7.679 α 0.093 τ 0.24 (49s)
[10828.2s] [2026] ep10 DRO eras 4044:+2.13/W0.31 4045:+1.43/W1.22 4046:+1.44/W1.21 4047:+1.55/W0.97 4048:+1.24/W1.79 4049:+1.53/W1.01 4050:+1.90/W0.48
[10877.9s] [2026] ep10 va -7.877 α 0.093 τ 0.21 (50s)
[10877.9s] [2026] ep11 DRO eras 4044:+2.21/W0.30 4045:+1.62/W0.98 4046:+1.58/W1.07 4047:+1.58/W1.08 4048:+1.31/W1.84 4049:+1.52/W1.20 4050:+1.94/W0.52
[10927.2s] [2026] ep11 va -7.783 α 0.093 τ 0.19 (49s)
[10927.2s] [2026] ep12 DRO eras 4044:+2.42/W0.26 4045:+1.72/W1.04 4046:+1.66/W1.19 4047:+1.71/W1.06 4048:+1.46/W1.75 4049:+1.67/W1.16 4050:+2.06/W0.54
[10980.4s] [2026] ep12 va -7.847 α 0.093 τ 0.16 (53s)
[10980.4s] [2026] ep13 DRO eras 4044:+2.51/W0.24 4045:+1.82/W0.97 4046:+1.72/W1.18 4047:+1.76/W1.08 4048:+1.51/W1.79 4049:+1.72/W1.18 4050:+2.09/W0.57
[11011.7s] [2026] ep13 va -7.825 α 0.093 τ 0.13 (31s)
[11011.7s] [2026] ep14 DRO eras 4044:+2.60/W0.23 4045:+1.85/W1.04 4046:+1.81/W1.12 4047:+1.81/W1.12 4048:+1.56/W1.85 4049:+1.81/W1.12 4050:+2.20/W0.51
[11041.0s] [2026] ep14 va -7.829 α 0.093 τ 0.10 (29s)
[11043.7s] == 2026: net +3.398 bps/锚 ES5 39.96 换手 0.0402 α* 0.0929
[11043.9s] F10_TRAIN_DONE V2MAIN_B1 s2027 年均净 +1.333 bps/锚(训练帧, 非终审)
