[    6.3s] rows 2745557 cols 171 anchors 10206 med|y| 0.00894
/workspace/review_scratch/allweather_trackB/pod_f10_train_dro.py:344: UserWarning: Converting a tensor with requires_grad=True to a scalar may lead to unexpected behavior.
Consider using tensor.detach() first. (Triggered internally at /pytorch/torch/csrc/autograd/generated/python_variable_methods.cpp:836.)
  al = float(mdl.alpha()); va_curve.append(round(va, 4)); alist.append(round(al, 4))
[   25.3s] [2023] ep0 va -7.349 α 0.099 τ 0.50 (7s)
[   31.1s] [2023] ep1 va -5.689 α 0.099 τ 0.47 (6s)
[   36.9s] [2023] ep2 va -4.523 α 0.099 τ 0.44 (6s)
[   42.7s] [2023] ep3 va -4.422 α 0.098 τ 0.41 (6s)
[   48.5s] [2023] ep4 va -4.469 α 0.098 τ 0.39 (6s)
[   54.3s] [2023] ep5 va -4.205 α 0.098 τ 0.36 (6s)
[   60.1s] [2023] ep6 va -4.538 α 0.099 τ 0.33 (6s)
[   65.7s] [2023] ep7 va -4.096 α 0.099 τ 0.30 (6s)
[   71.3s] [2023] ep8 va -4.450 α 0.099 τ 0.27 (6s)
[   76.9s] [2023] ep9 va -4.243 α 0.099 τ 0.24 (6s)
[   82.4s] [2023] ep10 va -4.394 α 0.099 τ 0.21 (6s)
[   88.2s] [2023] ep11 va -4.484 α 0.100 τ 0.19 (6s)
[   94.0s] [2023] ep12 va -4.368 α 0.100 τ 0.16 (6s)
[   99.7s] [2023] ep13 va -4.460 α 0.100 τ 0.13 (6s)
[  105.5s] [2023] ep14 va -4.481 α 0.100 τ 0.10 (6s)
[  108.1s] == 2023: net +0.277 bps/锚 ES5 21.79 换手 0.0749 α* 0.0989
[  120.4s] [2024] ep0 va -5.571 α 0.099 τ 0.50 (12s)
[  132.6s] [2024] ep1 va -5.520 α 0.097 τ 0.47 (12s)
[  144.8s] [2024] ep2 va -5.323 α 0.096 τ 0.44 (12s)
[  157.9s] [2024] ep3 va -5.122 α 0.096 τ 0.41 (13s)
[  170.4s] [2024] ep4 va -5.039 α 0.095 τ 0.39 (12s)
[  182.5s] [2024] ep5 va -4.634 α 0.095 τ 0.36 (12s)
[  196.1s] [2024] ep6 va -5.021 α 0.094 τ 0.33 (14s)
[  210.4s] [2024] ep7 va -4.998 α 0.094 τ 0.30 (14s)
[  224.5s] [2024] ep8 va -4.866 α 0.094 τ 0.27 (14s)
[  239.0s] [2024] ep9 va -5.525 α 0.094 τ 0.24 (14s)
[  253.1s] [2024] ep10 va -5.026 α 0.094 τ 0.21 (14s)
[  267.4s] [2024] ep11 va -5.094 α 0.094 τ 0.19 (14s)
[  281.6s] [2024] ep12 va -5.147 α 0.094 τ 0.16 (14s)
[  295.5s] [2024] ep13 va -5.092 α 0.094 τ 0.13 (14s)
[  309.7s] [2024] ep14 va -5.082 α 0.094 τ 0.10 (14s)
[  316.1s] == 2024: net +0.540 bps/锚 ES5 28.95 换手 0.0595 α* 0.0946
[  337.9s] [2025] ep0 va -4.411 α 0.100 τ 0.50 (22s)
[  359.9s] [2025] ep1 va -4.364 α 0.099 τ 0.47 (22s)
[  382.0s] [2025] ep2 va -3.390 α 0.099 τ 0.44 (22s)
[  404.3s] [2025] ep3 va -3.495 α 0.098 τ 0.41 (22s)
[  426.9s] [2025] ep4 va -4.004 α 0.098 τ 0.39 (23s)
[  449.3s] [2025] ep5 va -3.171 α 0.097 τ 0.36 (22s)
[  472.2s] [2025] ep6 va -3.853 α 0.097 τ 0.33 (23s)
[  494.8s] [2025] ep7 va -3.877 α 0.097 τ 0.30 (23s)
[  521.3s] [2025] ep8 va -3.752 α 0.097 τ 0.27 (27s)
[  549.6s] [2025] ep9 va -3.790 α 0.097 τ 0.24 (28s)
[  579.7s] [2025] ep10 va -3.573 α 0.097 τ 0.21 (30s)
[  607.9s] [2025] ep11 va -3.673 α 0.097 τ 0.19 (28s)
[  636.8s] [2025] ep12 va -3.589 α 0.097 τ 0.16 (29s)
[  665.0s] [2025] ep13 va -3.522 α 0.097 τ 0.13 (28s)
[  693.4s] [2025] ep14 va -3.524 α 0.097 τ 0.10 (28s)
[  705.0s] == 2025: net +0.990 bps/锚 ES5 34.46 换手 0.0581 α* 0.0974
[  743.7s] [2026] ep0 va -8.382 α 0.098 τ 0.50 (39s)
[  779.6s] [2026] ep1 va -7.820 α 0.097 τ 0.47 (36s)
[  815.6s] [2026] ep2 va -8.196 α 0.096 τ 0.44 (36s)
[  872.7s] [2026] ep3 va -7.931 α 0.096 τ 0.41 (57s)
[  928.9s] [2026] ep4 va -7.862 α 0.095 τ 0.39 (56s)
[  985.1s] [2026] ep5 va -7.798 α 0.094 τ 0.36 (56s)
[ 1040.0s] [2026] ep6 va -7.794 α 0.094 τ 0.33 (55s)
[ 1096.9s] [2026] ep7 va -7.686 α 0.094 τ 0.30 (57s)
[ 1153.3s] [2026] ep8 va -7.786 α 0.093 τ 0.27 (56s)
[ 1210.0s] [2026] ep9 va -7.651 α 0.093 τ 0.24 (57s)
[ 1266.8s] [2026] ep10 va -7.727 α 0.093 τ 0.21 (57s)
[ 1323.6s] [2026] ep11 va -7.901 α 0.093 τ 0.19 (57s)
[ 1380.5s] [2026] ep12 va -7.702 α 0.093 τ 0.16 (57s)
[ 1437.4s] [2026] ep13 va -7.710 α 0.093 τ 0.13 (57s)
[ 1490.9s] [2026] ep14 va -7.730 α 0.093 τ 0.10 (53s)
[ 1503.2s] == 2026: net +3.401 bps/锚 ES5 39.78 换手 0.0390 α* 0.0933
[ 1503.3s] F10_TRAIN_DONE V2MAIN_IDENT s42 年均净 +1.302 bps/锚(训练帧, 非终审)
