## ① Base rate — health_check main arm (U-PIT·m1·FTRIM·dynamic seat·live fees·accounting caliber), arm d30_n2_c42; g bps/anchor per gross; NAV at 2×
| seed | window | n anchors / days | mean g | Sharpe | maxDD 2× | worst month 2× | days ≤−2.68% | ≤−4.0% | ≤−2% | worst day 2× | worst 3-anchor 2× (end) | worst 6-anchor 2× (end) | anchors ≤−40 / ≤−80 bps | g pct 1/5/50/95/99 | min / max |
|---|---|---|---|---|---|---|---|---|---|---|---|---|---|---|---|
| s42 | 2024 | 2196 / 366 | +0.557 | 1.24 | 22.7% | -6.5% (202402) | 1 | 0 | 10 | -3.41% (2024-04-12) | -3.85% (2024-04-12 16:00) | -4.25% (2024-11-14 00:00) | 55 / 6 | -56.2/-30.6/-0.07/+33.7/+60.7 | -157.6 / +134.4 |
| s42 | 2025 | 2190 / 365 | +0.651 | 1.14 | 21.0% | -17.0% (202504) | 10 | 2 | 22 | -4.74% (2025-04-30) | -6.48% (2025-04-23 00:00) | -6.46% (2025-04-23 00:00) | 101 / 22 | -75.1/-39.2/+1.29/+40.9/+69.9 | -215.9 / +122.3 |
| s42 | 2026->cut | 1332 / 222 | +3.189 | 4.96 | 8.4% | +1.4% (202602) | 3 | 0 | 7 | -3.92% (2026-05-07) | -3.40% (2026-05-07 12:00) | -4.52% (2026-04-25 04:00) | 88 / 7 | -67.3/-46.4/+3.23/+53.5/+82.4 | -115.9 / +149.0 |
| s42 | 2026->08-30 | 1452 / 242 | +2.581 | 3.96 | 16.9% | -7.9% (202608) | 6 | 0 | 11 | -3.92% (2026-05-07) | -4.50% (2026-08-22 12:00) | -5.93% (2026-08-22 12:00) | 106 / 8 | -68.6/-48.0/+3.07/+53.4/+76.0 | -168.5 / +149.0 |
| s42 | 2024->26 | 5838 / 973 | +1.095 | 1.99 | 22.7% | -17.0% (202504) | 17 | 2 | 43 | -4.74% (2025-04-30) | -6.48% (2025-04-23 00:00) | -6.46% (2025-04-23 00:00) | 262 / 36 | -67.1/-38.5/+0.89/+41.7/+68.8 | -215.9 / +149.0 |
| s42 | 2025->26 | 3642 / 607 | +1.420 | 2.35 | 21.0% | -17.0% (202504) | 16 | 2 | 33 | -4.74% (2025-04-30) | -6.48% (2025-04-23 00:00) | -6.46% (2025-04-23 00:00) | 207 / 30 | -73.0/-43.7/+1.86/+47.0/+71.8 | -215.9 / +149.0 |
| s2027 | 2024 | 2196 / 366 | +0.588 | 1.30 | 23.1% | -6.7% (202402) | 2 | 0 | 11 | -3.32% (2024-04-12) | -3.78% (2024-04-12 16:00) | -4.17% (2024-03-06 16:00) | 59 / 6 | -55.3/-30.0/-0.01/+33.3/+62.4 | -155.3 / +148.5 |
| s2027 | 2025 | 2190 / 365 | +0.767 | 1.34 | 17.8% | -14.7% (202504) | 9 | 4 | 22 | -4.92% (2025-05-13) | -7.10% (2025-04-23 00:00) | -7.57% (2025-04-23 00:00) | 110 / 20 | -72.4/-40.0/+1.33/+41.0/+68.8 | -228.5 / +107.2 |
| s2027 | 2026->cut | 1332 / 222 | +3.143 | 4.90 | 8.1% | +1.8% (202602) | 4 | 1 | 8 | -4.04% (2026-05-07) | -3.55% (2026-05-07 12:00) | -4.55% (2026-04-25 04:00) | 92 / 8 | -68.3/-47.2/+3.63/+52.9/+84.1 | -117.6 / +147.5 |
| s2027 | 2026->08-30 | 1452 / 242 | +2.542 | 3.91 | 16.8% | -7.6% (202608) | 7 | 1 | 12 | -4.04% (2026-05-07) | -4.50% (2026-08-22 12:00) | -5.89% (2026-08-22 12:00) | 109 / 9 | -70.6/-48.2/+3.29/+52.7/+74.1 | -168.2 / +147.5 |
| s2027 | 2024->26 | 5838 / 973 | +1.141 | 2.07 | 23.1% | -14.7% (202504) | 18 | 5 | 45 | -4.92% (2025-05-13) | -7.10% (2025-04-23 00:00) | -7.57% (2025-04-23 00:00) | 278 / 35 | -67.7/-38.5/+0.82/+41.7/+69.2 | -228.5 / +148.5 |
| s2027 | 2025->26 | 3642 / 607 | +1.475 | 2.44 | 17.8% | -14.7% (202504) | 16 | 5 | 34 | -4.92% (2025-05-13) | -7.10% (2025-04-23 00:00) | -7.57% (2025-04-23 00:00) | 219 / 29 | -72.0/-43.1/+1.97/+46.5/+71.7 | -228.5 / +147.5 |

## ① Big-loss anchors (g ≤ −40 bps/gross, 2024→26): side split of PRICE P&L from W×y4 (bps of gross); carry/cost are book-level
| seed | n big | share short side worse | mean long price | mean short price | mean carry | mean cost | mean g | market mean y4 on big (bps) | share market up >+100 bps | share market down <−100 | by year n / share short worse / mean long / mean short |
|---|---|---|---|---|---|---|---|---|---|---|---|
| s42 | 262 | 0.6985 | -9.6712 | -53.0195 | 0.6209 | 0.1518 | -61.0728 | 41.0871 | 0.3893 | 0.1336 | 2024: 55 / 0.6364 / -49.0552 / -5.0985 · 2025: 101 / 0.7426 / 10.1893 / -80.7156 · 2026: 106 / 0.6887 / -8.1599 / -51.4944 |
| s2027 | 278 | 0.6799 | -8.4363 | -52.6424 | 0.5875 | 0.146 | -59.9585 | 39.9115 | 0.3849 | 0.1511 | 2024: 59 / 0.6102 / -44.032 / -10.2672 · 2025: 110 / 0.6909 / 8.9441 / -75.5752 · 2026: 109 / 0.7064 / -6.7087 / -52.4364 |

Last 10 UTC days of the replay at 2× (context only; live September anchors are not in the replay): s42: 2026-08-21 -3.69%, 2026-08-22 -3.84%, 2026-08-23 -1.81%, 2026-08-24 -1.42%, 2026-08-25 +1.50%, 2026-08-26 -0.12%, 2026-08-27 +1.50%, 2026-08-28 +1.34%, 2026-08-29 +1.92%, 2026-08-30 -1.38%; s2027: 2026-08-21 -3.68%, 2026-08-22 -3.82%, 2026-08-23 -1.81%, 2026-08-24 -1.49%, 2026-08-25 +1.51%, 2026-08-26 -0.12%, 2026-08-27 +1.50%, 2026-08-28 +1.35%, 2026-08-29 +1.91%, 2026-08-30 -1.40%

## ② Tail levers — uniform metric from archived series (prod caliber; Δ = arm − base per gross, UTC-day-block bootstrap CI95; days ≤−2.68% per window at 2×)
| lever | seed | Δ 2024→26 [CI] | Δ 2025→26 [CI] | Δ 2024 / 2025 / 2026 | maxDD 2× base → arm (2024→26) | worst month base → arm | days ≤−2.68% base → arm (24→26; 2024/2025/2026) | Sharpe base → arm 2024 / 2025 / 2026 |
|---|---|---|---|---|---|---|---|---|
| d30_n2_c42 (live per-name stop: −30% depth ×2 anchors, cooldown 42) vs S0 (no stop) | s42 | +0.055 [-0.092,+0.212] | +0.056 [-0.167,+0.284] | +0.053 / -0.005 / +0.149 | 25.3% → 22.7% | -16.3% (202504) → -17.0% (202504) | 17 → 17 (3/8/6 → 1/10/6) | 1.08/1.12/3.64 → 1.24/1.14/3.96 |
| d30 vs S0 | s2027 | +0.052 [-0.083,+0.196] | +0.075 [-0.140,+0.278] | +0.013 / +0.028 / +0.145 | 24.5% → 23.1% | -13.5% (202504) → -14.7% (202504) | 20 → 18 (4/10/6 → 2/9/7) | 1.24/1.25/3.60 → 1.30/1.34/3.91 |
| carry_layers L HI+10 (long carry hurdle) | s42 | -0.048 [-0.140,+0.044] | -0.070 [-0.212,+0.072] | -0.012 / -0.016 / -0.151 | 22.7% → 23.5% | -17.0% (202504) → -17.1% (202504) | 17 → 15 (1/10/6 → 1/9/5) | 1.24/1.14/3.96 → 1.19/1.14/3.94 |
| carry_layers L HI+10 (long carry hurdle) | s2027 | -0.062 [-0.150,+0.025] | -0.087 [-0.230,+0.055] | -0.020 / -0.027 / -0.179 | 23.1% → 23.8% | -14.7% (202504) → -14.7% (202504) | 18 → 17 (2/9/7 → 2/9/6) | 1.30/1.34/3.91 → 1.24/1.32/3.84 |
| carry_layers L HI+20 | s42 | +0.016 [-0.038,+0.073] | +0.034 [-0.052,+0.116] | -0.013 / +0.051 / +0.007 | 22.7% → 23.0% | -17.0% (202504) → -17.0% (202504) | 17 → 16 (1/10/6 → 1/10/5) | 1.24/1.14/3.96 → 1.20/1.25/4.04 |
| carry_layers L HI+20 | s2027 | +0.005 [-0.048,+0.058] | +0.013 [-0.070,+0.093] | -0.008 / +0.033 / -0.018 | 23.1% → 23.3% | -14.7% (202504) → -14.7% (202504) | 18 → 18 (2/9/7 → 2/9/7) | 1.30/1.34/3.91 → 1.28/1.41/3.95 |
| Track C C1 AGEW 0.5 | s42 | +0.025 [-0.042,+0.094] | +0.045 [-0.049,+0.142] | -0.007 / +0.068 / +0.011 | 22.7% → 23.0% | -17.0% (202504) → -17.0% (202504) | 17 → 19 (1/10/6 → 1/11/7) | 1.24/1.14/3.96 → 1.22/1.24/3.97 |
| Track C C1 AGEW 0.5 | s2027 | +0.027 [-0.044,+0.100] | +0.051 [-0.043,+0.151] | -0.014 / +0.059 / +0.040 | 23.1% → 23.2% | -14.7% (202504) → -14.7% (202504) | 18 → 19 (2/9/7 → 2/9/8) | 1.30/1.34/3.91 → 1.27/1.43/3.97 |
| Track C C1 AGEW 1.0 | s42 | +0.009 [-0.100,+0.122] | +0.018 [-0.126,+0.172] | -0.007 / +0.113 / -0.124 | 22.7% → 22.7% | -17.0% (202504) → -17.0% (202504) | 17 → 19 (1/10/6 → 1/11/7) | 1.24/1.14/3.96 → 1.22/1.30/3.80 |
| Track C C1 AGEW 1.0 | s2027 | +0.005 [-0.102,+0.121] | +0.016 [-0.131,+0.181] | -0.012 / +0.139 / -0.169 | 23.1% → 23.1% | -14.7% (202504) → -14.7% (202504) | 18 → 20 (2/9/7 → 2/10/8) | 1.30/1.34/3.91 → 1.27/1.54/3.67 |
| Track C C1 AGEW 2.0 | s42 | -0.055 [-0.229,+0.120] | -0.004 [-0.242,+0.227] | -0.141 / +0.129 / -0.204 | 22.7% → 24.1% | -17.0% (202504) → -17.0% (202504) | 17 → 22 (1/10/6 → 1/13/8) | 1.24/1.14/3.96 → 0.92/1.31/3.69 |
| Track C C1 AGEW 2.0 | s2027 | -0.060 [-0.234,+0.113] | -0.003 [-0.231,+0.233] | -0.156 / +0.144 / -0.224 | 23.1% → 26.1% | -14.7% (202504) → -14.7% (202504) | 18 → 21 (2/9/7 → 2/11/8) | 1.30/1.34/3.91 → 0.95/1.53/3.62 |
| tail_aware_sizing per-name vol cap γ=0.5 (|w| ≤ capw·min(1,(σ_med/σ)^γ)) | s42 | -0.171 [-0.296,-0.037] | -0.262 [-0.460,-0.059] | -0.020 / -0.015 / -0.635 | 22.7% → 22.0% | -17.0% (202504) → -16.0% (202504) | 17 → 17 (1/10/6 → 1/10/6) | 1.24/1.14/3.96 → 1.21/1.20/3.35 |
| tail_aware_sizing per-name vol cap γ=0.5 (|w| ≤ capw·min(1,(σ_med/σ)^γ)) | s2027 | -0.169 [-0.297,-0.036] | -0.261 [-0.458,-0.044] | -0.016 / -0.007 / -0.644 | 23.1% → 22.2% | -14.7% (202504) → -14.4% (202504) | 18 → 16 (2/9/7 → 2/8/6) | 1.30/1.34/3.91 → 1.29/1.42/3.29 |
| tail_aware_sizing per-name vol cap γ=1.0 (|w| ≤ capw·min(1,(σ_med/σ)^γ)) | s42 | -0.284 [-0.501,-0.064] | -0.458 [-0.801,-0.117] | +0.005 / +0.080 / -1.270 | 22.7% → 20.9% | -17.0% (202504) → -12.2% (202504) | 17 → 11 (1/10/6 → 1/4/6) | 1.24/1.14/3.96 → 1.30/1.46/2.43 |
| tail_aware_sizing per-name vol cap γ=1.0 (|w| ≤ capw·min(1,(σ_med/σ)^γ)) | s2027 | -0.298 [-0.517,-0.074] | -0.458 [-0.791,-0.106] | -0.032 / +0.090 / -1.286 | 23.1% → 21.5% | -14.7% (202504) → -9.9% (202504) | 18 → 12 (2/9/7 → 2/5/5) | 1.30/1.34/3.91 → 1.28/1.71/2.35 |
| Track C C2 down-only vol target q=0.50 (paper overlay, cost 3.92 bps/unit gross moved) | s42 | -0.260 [-0.428,-0.078] | -0.290 [-0.532,-0.056] | -0.211 / -0.202 / -0.421 | 22.7% → 21.4% | -17.0% (202504) → -11.7% (202504) | 17 → 10 (1/10/6 → 1/4/5) | 1.24/1.14/3.96 → 0.95/0.98/3.70 |
| Track C C2 down-only vol target q=0.65 (paper overlay, cost 3.92 bps/unit gross moved) | s42 | -0.179 [-0.319,-0.025] | -0.200 [-0.405,-0.004] | -0.143 / -0.156 / -0.267 | 22.7% → 21.3% | -17.0% (202504) → -12.3% (202504) | 17 → 10 (1/10/6 → 1/4/5) | 1.24/1.14/3.96 → 1.08/1.02/3.81 |
| Track C C2 down-only vol target q=0.80 (paper overlay, cost 3.92 bps/unit gross moved) | s42 | -0.098 [-0.204,+0.024] | -0.095 [-0.245,+0.052] | -0.102 / -0.070 / -0.133 | 22.7% → 21.7% | -17.0% (202504) → -13.3% (202504) | 17 → 13 (1/10/6 → 1/7/5) | 1.24/1.14/3.96 → 1.12/1.12/3.89 |
| Track C C2 down-only vol target q=0.50 (paper overlay, cost 3.92 bps/unit gross moved) | s2027 | -0.253 [-0.426,-0.067] | -0.260 [-0.497,-0.030] | -0.241 / -0.171 / -0.396 | 23.1% → 21.0% | -14.7% (202504) → -10.0% (202504) | 18 → 12 (2/9/7 → 1/5/6) | 1.30/1.34/3.91 → 0.97/1.30/3.67 |
| Track C C2 down-only vol target q=0.65 (paper overlay, cost 3.92 bps/unit gross moved) | s2027 | -0.173 [-0.320,-0.015] | -0.181 [-0.379,+0.013] | -0.160 / -0.133 / -0.254 | 23.1% → 20.8% | -14.7% (202504) → -10.4% (202504) | 18 → 12 (2/9/7 → 1/5/6) | 1.30/1.34/3.91 → 1.12/1.30/3.76 |
| Track C C2 down-only vol target q=0.80 (paper overlay, cost 3.92 bps/unit gross moved) | s2027 | -0.102 [-0.213,+0.018] | -0.098 [-0.254,+0.052] | -0.108 / -0.076 / -0.131 | 23.1% → 21.8% | -14.7% (202504) → -10.9% (202504) | 18 → 15 (2/9/7 → 2/7/6) | 1.30/1.34/3.91 → 1.19/1.34/3.83 |

## ③ Per-name worst 20 (anchor, name) price P&L 2024→26, bps of gross (W×y4 from the saved weights; side; rn8 bps/8h; listing age days; 7-day realised vol %/4h; position share; y4 %; anchor g; market mean y4)

**seed 42**

| # | anchor (UTC) | name | side | P&L bps/gross | pos share | y4 % | rn8 bps/8h | age d | vol7d %/4h | du 3d % | rate/cap (current cap, interval) | anchor g | market y4 bps |
|---|---|---|---|---|---|---|---|---|---|---|---|---|---|
| 1 | 2025-12-31 08:00 | LIGHTUSDT | short | -69.4 | 0.0056 | +124.2 | 8.6506 | 94.8333 | 11.0954 | -16.1846 | 0.0216 (4.0h) | -110.6 | +12 |
| 2 | 2026-07-07 12:00 | TACUSDT | long | -55.5 | 0.0075 | -73.8 | 1.0 | 357.0 | 10.9154 | 26.0473 | 1.0 (4.0h) | -44.8 | -53 |
| 3 | 2025-02-25 08:00 | COWUSDT | short | -45.7 | 0.0082 | +55.7 | 1.0 | 110.6667 | 2.6074 | -20.0056 | 0.0025 (4.0h) | -82.7 | +350 |
| 4 | 2024-11-10 08:00 | TRBUSDT | short | -43.2 | 0.0062 | +69.2 | 9.2538 | left-censored/unknown | 2.4872 | 1.7092 | 0.0231 (4.0h) | -68.9 | +260 |
| 5 | 2025-04-22 20:00 | ZEREBROUSDT | short | -41.2 | 0.0061 | +67.8 | 5.8364 | 110.1667 | 3.3473 | 55.8486 | 0.0146 (4.0h) | -142.6 | +327 |
| 6 | 2025-04-24 20:00 | BSWUSDT | short | -40.6 | 0.0054 | +75.2 | -4.7496 | 231.5 | 5.4424 | 0.9913 | None (Noneh) | -97.2 | +195 |
| 7 | 2026-07-27 16:00 | LAUSDT | short | -39.8 | 0.0097 | +41.1 | 1.0 | 417.1667 | 4.8697 | 0.1468 | 0.0025 (4.0h) | -65.8 | +69 |
| 8 | 2026-04-23 12:00 | MOVRUSDT | short | -39.8 | 0.0051 | +77.2 | -51.1266 | 848.8333 | 26.0566 | -5.3014 | -0.1278 (4.0h) | -87.2 | +92 |
| 9 | 2026-03-18 00:00 | BANUSDT | long | -39.7 | 0.0075 | -52.8 | 5.6736 | 484.5 | 2.7829 | 46.7256 | 0.0142 (4.0h) | -39.0 | +37 |
| 10 | 2026-07-02 04:00 | VELVETUSDT | long | -39.5 | 0.0080 | -49.6 | 8.0406 | 351.6667 | 11.754 | -21.2453 | 0.0201 (4.0h) | -13.8 | -80 |
| 11 | 2026-02-23 08:00 | RAVEUSDT | long | -39.2 | 0.0074 | -53.2 | -0.347 | 70.6667 | 5.4723 | 22.7943 | -0.0009 (4.0h) | -67.0 | +59 |
| 12 | 2026-06-30 16:00 | INUSDT | long | -38.4 | 0.0056 | -68.5 | -400.0 | 327.1667 | 14.1523 | 138.7187 | -1.0 (4.0h) | -60.0 | +9 |
| 13 | 2025-04-30 00:00 | ALPACAUSDT | short | -38.1 | 0.0029 | +131.9 | 12.8512 | 250.5 | 23.9593 | -36.4049 | None (Noneh) | -31.5 | +109 |
| 14 | 2026-07-12 00:00 | EVAAUSDT | long | -37.8 | 0.0085 | -44.5 | 1.0 | 281.5 | 11.4227 | -32.2126 | 0.0025 (4.0h) | -59.4 | +44 |
| 15 | 2024-01-07 08:00 | POWRUSDT | long | -37.8 | 0.0082 | -46.2 | 1.883 | 72.1667 | 7.6811 | 78.9158 | 0.0047 (4.0h) | -15.8 | -213 |
| 16 | 2026-08-06 12:00 | ACEUSDT | short | -36.9 | 0.0062 | +59.4 | -1.6928 | 962.0 | 3.0445 | 16.2726 | -0.0042 (4.0h) | -50.4 | +52 |
| 17 | 2026-08-21 00:00 | ONGUSDT | short | -36.9 | 0.0068 | +54.3 | -400.0 | 997.3333 | 5.7006 | 61.1995 | -1.0 (1.0h) | -75.6 | +64 |
| 18 | 2025-09-03 08:00 | LEVERUSDT | long | -35.5 | 0.0070 | -50.4 | 300.0 | 887.6667 | 6.9527 | 19.9514 | None (Noneh) | -31.4 | +21 |
| 19 | 2026-08-04 08:00 | UAIUSDT | long | -35.5 | 0.0079 | -44.8 | 1.0 | 270.8333 | 8.7265 | 3.7001 | 0.0025 (4.0h) | -20.3 | +28 |
| 20 | 2025-04-30 04:00 | ALPACAUSDT | short | -34.9 | 0.0029 | +121.7 | 845.4576 | 250.6667 | 30.6798 | 65.2158 | None (Noneh) | -99.2 | +12 |

**seed 2027**

| # | anchor (UTC) | name | side | P&L bps/gross | pos share | y4 % | rn8 bps/8h | age d | vol7d %/4h | du 3d % | rate/cap (current cap, interval) | anchor g | market y4 bps |
|---|---|---|---|---|---|---|---|---|---|---|---|---|---|
| 1 | 2025-12-31 08:00 | LIGHTUSDT | short | -76.5 | 0.0062 | +124.2 | 8.6506 | 94.8333 | 11.0954 | -16.1846 | 0.0216 (4.0h) | -117.9 | +12 |
| 2 | 2026-04-04 12:00 | SIRENUSDT | short | -74.1 | 0.0055 | +133.9 | -400.0 | 378.0 | 17.0748 | -25.4761 | -1.0 (4.0h) | -47.0 | +13 |
| 3 | 2026-07-07 12:00 | TACUSDT | long | -56.3 | 0.0076 | -73.8 | 1.0 | 357.0 | 10.9154 | 26.0473 | 1.0 (4.0h) | -48.1 | -53 |
| 4 | 2025-04-22 20:00 | ZEREBROUSDT | short | -52.8 | 0.0078 | +67.8 | 5.8364 | 110.1667 | 3.3473 | 55.8486 | 0.0146 (4.0h) | -170.0 | +327 |
| 5 | 2026-04-04 00:00 | SIRENUSDT | short | -44.9 | 0.0061 | +73.3 | 1.0 | 377.5 | 15.7467 | -75.5271 | 0.0025 (4.0h) | -67.8 | +34 |
| 6 | 2025-04-23 00:00 | ZEREBROUSDT | short | -44.0 | 0.0080 | +54.8 | 18.2918 | 110.3333 | 10.6743 | 157.6291 | 0.0457 (4.0h) | -189.9 | +310 |
| 7 | 2026-04-23 12:00 | MOVRUSDT | short | -41.5 | 0.0054 | +77.2 | -51.1266 | 848.8333 | 26.0566 | -5.3014 | -0.1278 (4.0h) | -89.5 | +92 |
| 8 | 2024-11-10 08:00 | TRBUSDT | short | -41.3 | 0.0060 | +69.2 | 9.2538 | left-censored/unknown | 2.4872 | 1.7092 | 0.0231 (4.0h) | -73.6 | +260 |
| 9 | 2025-02-25 08:00 | COWUSDT | short | -41.3 | 0.0074 | +55.7 | 1.0 | 110.6667 | 2.6074 | -20.0056 | 0.0025 (4.0h) | -58.7 | +350 |
| 10 | 2026-02-23 08:00 | RAVEUSDT | long | -40.1 | 0.0075 | -53.2 | -0.347 | 70.6667 | 5.4723 | 22.7943 | -0.0009 (4.0h) | -66.6 | +59 |
| 11 | 2026-07-02 04:00 | VELVETUSDT | long | -39.3 | 0.0079 | -49.6 | 8.0406 | 351.6667 | 11.754 | -21.2453 | 0.0201 (4.0h) | -16.4 | -80 |
| 12 | 2026-07-27 16:00 | LAUSDT | short | -38.8 | 0.0094 | +41.1 | 1.0 | 417.1667 | 4.8697 | 0.1468 | 0.0025 (4.0h) | -67.3 | +69 |
| 13 | 2026-03-18 00:00 | BANUSDT | long | -38.2 | 0.0072 | -52.8 | 5.6736 | 484.5 | 2.7829 | 46.7256 | 0.0142 (4.0h) | -35.8 | +37 |
| 14 | 2026-06-30 16:00 | INUSDT | long | -37.9 | 0.0055 | -68.5 | -400.0 | 327.1667 | 14.1523 | 138.7187 | -1.0 (4.0h) | -63.4 | +9 |
| 15 | 2026-07-12 00:00 | EVAAUSDT | long | -37.6 | 0.0085 | -44.5 | 1.0 | 281.5 | 11.4227 | -32.2126 | 0.0025 (4.0h) | -59.0 | +44 |
| 16 | 2026-08-21 00:00 | ONGUSDT | short | -36.9 | 0.0068 | +54.3 | -400.0 | 997.3333 | 5.7006 | 61.1995 | -1.0 (1.0h) | -75.5 | +64 |
| 17 | 2026-08-06 12:00 | ACEUSDT | short | -36.6 | 0.0062 | +59.4 | -1.6928 | 962.0 | 3.0445 | 16.2726 | -0.0042 (4.0h) | -52.7 | +52 |
| 18 | 2025-11-04 12:00 | AIAUSDT | short | -35.9 | 0.0041 | +88.2 | 8.819 | 47.0 | 6.5444 | -5.5293 | 0.022 (4.0h) | -10.7 | +18 |
| 19 | 2026-08-04 08:00 | UAIUSDT | long | -35.2 | 0.0079 | -44.8 | 1.0 | 270.8333 | 8.7265 | 3.7001 | 0.0025 (4.0h) | -20.8 | +28 |
| 20 | 2025-04-30 00:00 | ALPACAUSDT | short | -34.4 | 0.0026 | +131.9 | 12.8512 | 250.5 | 23.9593 | -36.4049 | None (Noneh) | -30.2 | +109 |
GIVEBACK_DONE
