== 正典 动态席位 正确口径
  2024      n=2196 gross=0.621 | net +0.255 bps/锚(每NAV) = +0.410 bps/锚(每gross) | 年化 +9.0%/gross ⇒ 2×gross +18.0% NAV | Sharpe +0.86 | maxDD 11.6% gross ⇒ 2× 23.2% NAV | 最坏月 -6.1% gross
  2025      n=2190 gross=0.593 | net +0.436 bps/锚(每NAV) = +0.736 bps/锚(每gross) | 年化 +16.1%/gross ⇒ 2×gross +32.2% NAV | Sharpe +1.25 | maxDD 8.5% gross ⇒ 2× 17.0% NAV | 最坏月 -6.2% gross
  2026→08-30 n=1452 gross=0.865 | net +1.893 bps/锚(每NAV) = +2.189 bps/锚(每gross) | 年化 +47.9%/gross ⇒ 2×gross +95.9% NAV | Sharpe +3.64 | maxDD 8.4% gross ⇒ 2× 16.8% NAV | 最坏月 -3.2% gross
  2024→26   n=5838 gross=0.671 | net +0.730 bps/锚(每NAV) = +1.088 bps/锚(每gross) | 年化 +23.8%/gross ⇒ 2×gross +47.7% NAV | Sharpe +1.91 | maxDD 10.8% gross ⇒ 2× 21.7% NAV | 最坏月 -5.7% gross
== 正典 动态席位 旧口径
  2024      n=2196 gross=0.648 | net +0.322 bps/锚(每NAV) = +0.497 bps/锚(每gross) | 年化 +10.9%/gross ⇒ 2×gross +21.8% NAV | Sharpe +1.06 | maxDD 10.7% gross ⇒ 2× 21.4% NAV | 最坏月 -5.7% gross
  2025      n=2190 gross=0.606 | net +0.843 bps/锚(每NAV) = +1.391 bps/锚(每gross) | 年化 +30.5%/gross ⇒ 2×gross +60.9% NAV | Sharpe +2.41 | maxDD 11.1% gross ⇒ 2× 22.1% NAV | 最坏月 -6.7% gross
  2026→08-30 n=1452 gross=0.740 | net +3.132 bps/锚(每NAV) = +4.233 bps/锚(每gross) | 年化 +92.7%/gross ⇒ 2×gross +185.4% NAV | Sharpe +6.10 | maxDD 9.2% gross ⇒ 2× 18.4% NAV | 最坏月 +0.1% gross
  2024→26   n=5838 gross=0.655 | net +1.216 bps/锚(每NAV) = +1.857 bps/锚(每gross) | 年化 +40.7%/gross ⇒ 2×gross +81.3% NAV | Sharpe +3.18 | maxDD 10.6% gross ⇒ 2× 21.2% NAV | 最坏月 -6.2% gross
== 实盘形态 动态席位 正确口径
  2024      n=2196 gross=0.602 | net +0.149 bps/锚(每NAV) = +0.247 bps/锚(每gross) | 年化 +5.4%/gross ⇒ 2×gross +10.8% NAV | Sharpe +0.53 | maxDD 13.2% gross ⇒ 2× 26.4% NAV | 最坏月 -6.0% gross
  2025      n=2190 gross=0.531 | net +0.359 bps/锚(每NAV) = +0.676 bps/锚(每gross) | 年化 +14.8%/gross ⇒ 2×gross +29.6% NAV | Sharpe +1.15 | maxDD 7.9% gross ⇒ 2× 15.7% NAV | 最坏月 -5.5% gross
  2026→08-30 n=1452 gross=0.779 | net +2.013 bps/锚(每NAV) = +2.584 bps/锚(每gross) | 年化 +56.6%/gross ⇒ 2×gross +113.2% NAV | Sharpe +3.84 | maxDD 9.9% gross ⇒ 2× 19.8% NAV | 最坏月 -3.8% gross
  2024→26   n=5838 gross=0.620 | net +0.691 bps/锚(每NAV) = +1.116 bps/锚(每gross) | 年化 +24.4%/gross ⇒ 2×gross +48.9% NAV | Sharpe +1.88 | maxDD 12.8% gross ⇒ 2× 25.7% NAV | 最坏月 -5.9% gross
== 实盘形态 动态席位 旧口径
  2024      n=2196 gross=0.636 | net +0.220 bps/锚(每NAV) = +0.345 bps/锚(每gross) | 年化 +7.6%/gross ⇒ 2×gross +15.1% NAV | Sharpe +0.75 | maxDD 9.2% gross ⇒ 2× 18.4% NAV | 最坏月 -5.4% gross
  2025      n=2190 gross=0.549 | net +1.223 bps/锚(每NAV) = +2.225 bps/锚(每gross) | 年化 +48.7%/gross ⇒ 2×gross +97.5% NAV | Sharpe +3.37 | maxDD 11.8% gross ⇒ 2× 23.5% NAV | 最坏月 -6.7% gross
  2026→08-30 n=1452 gross=0.689 | net +4.247 bps/锚(每NAV) = +6.165 bps/锚(每gross) | 年化 +135.0%/gross ⇒ 2×gross +270.0% NAV | Sharpe +7.63 | maxDD 10.0% gross ⇒ 2× 20.0% NAV | 最坏月 +1.2% gross
  2024→26   n=5838 gross=0.617 | net +1.597 bps/锚(每NAV) = +2.590 bps/锚(每gross) | 年化 +56.7%/gross ⇒ 2×gross +113.4% NAV | Sharpe +4.00 | maxDD 11.2% gross ⇒ 2× 22.3% NAV | 最坏月 -6.0% gross
== 实盘形态 固定席位0.21 正确口径
  2024      n=2196 gross=0.847 | net -0.642 bps/锚(每NAV) = -0.759 bps/锚(每gross) | 年化 -16.6%/gross ⇒ 2×gross -33.2% NAV | Sharpe -1.68 | maxDD 21.4% gross ⇒ 2× 42.9% NAV | 最坏月 -8.5% gross
  2025      n=2190 gross=0.750 | net +0.284 bps/锚(每NAV) = +0.379 bps/锚(每gross) | 年化 +8.3%/gross ⇒ 2×gross +16.6% NAV | Sharpe +0.67 | maxDD 12.0% gross ⇒ 2× 24.0% NAV | 最坏月 -8.5% gross
  2026→08-30 n=1452 gross=0.767 | net +2.378 bps/锚(每NAV) = +3.099 bps/锚(每gross) | 年化 +67.9%/gross ⇒ 2×gross +135.7% NAV | Sharpe +4.21 | maxDD 10.1% gross ⇒ 2× 20.2% NAV | 最坏月 -3.3% gross
  2024→26   n=5838 gross=0.791 | net +0.457 bps/锚(每NAV) = +0.577 bps/锚(每gross) | 年化 +12.6%/gross ⇒ 2×gross +25.3% NAV | Sharpe +1.02 | maxDD 33.1% gross ⇒ 2× 66.1% NAV | 最坏月 -9.1% gross
== 实盘形态 固定席位0.21 旧口径
  2024      n=2196 gross=0.846 | net -0.358 bps/锚(每NAV) = -0.424 bps/锚(每gross) | 年化 -9.3%/gross ⇒ 2×gross -18.6% NAV | Sharpe -0.92 | maxDD 17.9% gross ⇒ 2× 35.8% NAV | 最坏月 -6.8% gross
  2025      n=2190 gross=0.753 | net +1.406 bps/锚(每NAV) = +1.866 bps/锚(每gross) | 年化 +40.9%/gross ⇒ 2×gross +81.7% NAV | Sharpe +3.08 | maxDD 9.5% gross ⇒ 2× 19.0% NAV | 最坏月 -6.2% gross
  2026→08-30 n=1452 gross=0.771 | net +4.344 bps/锚(每NAV) = +5.633 bps/锚(每gross) | 年化 +123.4%/gross ⇒ 2×gross +246.7% NAV | Sharpe +7.49 | maxDD 9.0% gross ⇒ 2× 18.0% NAV | 最坏月 +0.5% gross
  2024→26   n=5838 gross=0.793 | net +1.473 bps/锚(每NAV) = +1.859 bps/锚(每gross) | 年化 +40.7%/gross ⇒ 2×gross +81.4% NAV | Sharpe +3.14 | maxDD 26.8% gross ⇒ 2× 53.7% NAV | 最坏月 -7.3% gross
UNITS_DONE
