== pod_canon_callog_s42  CAL=log W3FIX=None FTRIM=off M=0 T=0 K=0.0 seed=42 n=10038
   2024    worst 2024-04   -380.3 bps NAV-book | g_year 0.621 ->  -6.12% gross, 2x -12.24% NAV | g_month 0.802 ->  -4.74% gross, 2x  -9.48% NAV
   2025    worst 2025-12   -367.1 bps NAV-book | g_year 0.593 ->  -6.19% gross, 2x -12.39% NAV | g_month 0.914 ->  -4.02% gross, 2x  -8.03% NAV
   2026    worst 2026-08   -279.9 bps NAV-book | g_year 0.865 ->  -3.24% gross, 2x  -6.47% NAV | g_month 0.905 ->  -3.09% gross, 2x  -6.19% NAV
   2024on  worst 2024-04   -380.3 bps NAV-book | g_year 0.671 ->  -5.67% gross, 2x -11.33% NAV | g_month 0.802 ->  -4.74% gross, 2x  -9.48% NAV
== pod_canon_calsimple_s42  CAL=simple W3FIX=None FTRIM=off M=0 T=0 K=0.0 seed=42 n=10038
   2024    worst 2024-07   -372.4 bps NAV-book | g_year 0.648 ->  -5.75% gross, 2x -11.50% NAV | g_month 0.748 ->  -4.98% gross, 2x  -9.95% NAV
   2025    worst 2025-04   -403.6 bps NAV-book | g_year 0.606 ->  -6.66% gross, 2x -13.32% NAV | g_month 0.349 -> -11.56% gross, 2x -23.12% NAV
   2026    worst 2026-08     +9.6 bps NAV-book | g_year 0.740 ->  +0.13% gross, 2x  +0.26% NAV | g_month 0.763 ->  +0.13% gross, 2x  +0.25% NAV
   2024on  worst 2025-04   -403.6 bps NAV-book | g_year 0.655 ->  -6.16% gross, 2x -12.32% NAV | g_month 0.349 -> -11.56% gross, 2x -23.12% NAV
== pod_canon_w3fix_callog_s42  CAL=log W3FIX=0.21,0,0.79 FTRIM=off M=0 T=0 K=0.0 seed=42 n=10038
   2024    worst 2024-12   -635.0 bps NAV-book | g_year 0.866 ->  -7.33% gross, 2x -14.67% NAV | g_month 0.782 ->  -8.12% gross, 2x -16.23% NAV
   2025    worst 2025-01   -616.0 bps NAV-book | g_year 0.829 ->  -7.43% gross, 2x -14.86% NAV | g_month 0.802 ->  -7.68% gross, 2x -15.36% NAV
   2026    worst 2026-08   -244.8 bps NAV-book | g_year 0.851 ->  -2.88% gross, 2x  -5.75% NAV | g_month 0.882 ->  -2.78% gross, 2x  -5.55% NAV
   2024on  worst 2024-12   -635.0 bps NAV-book | g_year 0.848 ->  -7.49% gross, 2x -14.97% NAV | g_month 0.782 ->  -8.12% gross, 2x -16.23% NAV
== pod_ftrim_callog_s42  CAL=log W3FIX=None FTRIM=zero M=0 T=0 K=0.0 seed=42 n=10038
   2024    worst 2024-04   -365.6 bps NAV-book | g_year 0.621 ->  -5.89% gross, 2x -11.78% NAV | g_month 0.802 ->  -4.56% gross, 2x  -9.12% NAV
   2025    worst 2025-12   -302.8 bps NAV-book | g_year 0.606 ->  -5.00% gross, 2x -10.00% NAV | g_month 0.955 ->  -3.17% gross, 2x  -6.34% NAV
   2026    worst 2026-08   -299.3 bps NAV-book | g_year 0.876 ->  -3.42% gross, 2x  -6.83% NAV | g_month 0.919 ->  -3.26% gross, 2x  -6.51% NAV
   2024on  worst 2024-04   -365.6 bps NAV-book | g_year 0.678 ->  -5.39% gross, 2x -10.78% NAV | g_month 0.802 ->  -4.56% gross, 2x  -9.12% NAV
== pod_live_callog_s2027  CAL=log W3FIX=None FTRIM=zero M=829 T=400 K=0.0 seed=2027 n=10038
   2024    worst 2024-04   -364.7 bps NAV-book | g_year 0.602 ->  -6.06% gross, 2x -12.12% NAV | g_month 0.784 ->  -4.65% gross, 2x  -9.30% NAV
   2025    worst 2025-12   -318.2 bps NAV-book | g_year 0.549 ->  -5.80% gross, 2x -11.59% NAV | g_month 0.782 ->  -4.07% gross, 2x  -8.14% NAV
   2026    worst 2026-08   -276.6 bps NAV-book | g_year 0.782 ->  -3.54% gross, 2x  -7.08% NAV | g_month 0.783 ->  -3.53% gross, 2x  -7.06% NAV
   2024on  worst 2024-04   -364.7 bps NAV-book | g_year 0.627 ->  -5.82% gross, 2x -11.64% NAV | g_month 0.784 ->  -4.65% gross, 2x  -9.30% NAV
== pod_live_callog_s42  CAL=log W3FIX=None FTRIM=zero M=829 T=400 K=0.0 seed=42 n=10038
   2024    worst 2024-04   -363.1 bps NAV-book | g_year 0.602 ->  -6.03% gross, 2x -12.06% NAV | g_month 0.785 ->  -4.62% gross, 2x  -9.25% NAV
   2025    worst 2025-12   -294.5 bps NAV-book | g_year 0.531 ->  -5.54% gross, 2x -11.08% NAV | g_month 0.788 ->  -3.74% gross, 2x  -7.47% NAV
   2026    worst 2026-08   -293.5 bps NAV-book | g_year 0.779 ->  -3.77% gross, 2x  -7.53% NAV | g_month 0.780 ->  -3.76% gross, 2x  -7.52% NAV
   2024on  worst 2024-04   -363.1 bps NAV-book | g_year 0.620 ->  -5.86% gross, 2x -11.72% NAV | g_month 0.785 ->  -4.62% gross, 2x  -9.25% NAV
== pod_live_calsimple_s42  CAL=simple W3FIX=None FTRIM=zero M=829 T=400 K=0.0 seed=42 n=10038
   2024    worst 2024-07   -343.2 bps NAV-book | g_year 0.636 ->  -5.39% gross, 2x -10.79% NAV | g_month 0.721 ->  -4.76% gross, 2x  -9.52% NAV
   2025    worst 2025-04   -369.9 bps NAV-book | g_year 0.549 ->  -6.73% gross, 2x -13.46% NAV | g_month 0.345 -> -10.71% gross, 2x -21.43% NAV
   2026    worst 2026-08    +85.1 bps NAV-book | g_year 0.689 ->  +1.24% gross, 2x  +2.47% NAV | g_month 0.699 ->  +1.22% gross, 2x  +2.44% NAV
   2024on  worst 2025-04   -369.9 bps NAV-book | g_year 0.617 ->  -6.00% gross, 2x -11.99% NAV | g_month 0.345 -> -10.71% gross, 2x -21.43% NAV
== pod_live_t3c_callog_s2027  CAL=log W3FIX=None FTRIM=zero M=829 T=400 K=0.5 seed=2027 n=10038
   2024    worst 2024-04   -400.2 bps NAV-book | g_year 0.612 ->  -6.54% gross, 2x -13.07% NAV | g_month 0.813 ->  -4.92% gross, 2x  -9.85% NAV
   2025    worst 2025-12   -328.0 bps NAV-book | g_year 0.556 ->  -5.90% gross, 2x -11.80% NAV | g_month 0.791 ->  -4.15% gross, 2x  -8.29% NAV
   2026    worst 2026-08   -286.6 bps NAV-book | g_year 0.786 ->  -3.65% gross, 2x  -7.30% NAV | g_month 0.787 ->  -3.64% gross, 2x  -7.28% NAV
   2024on  worst 2024-04   -400.2 bps NAV-book | g_year 0.634 ->  -6.31% gross, 2x -12.62% NAV | g_month 0.813 ->  -4.92% gross, 2x  -9.85% NAV
== pod_live_t3c_callog_s42  CAL=log W3FIX=None FTRIM=zero M=829 T=400 K=0.5 seed=42 n=10038
   2024    worst 2024-04   -405.3 bps NAV-book | g_year 0.614 ->  -6.60% gross, 2x -13.21% NAV | g_month 0.813 ->  -4.99% gross, 2x  -9.97% NAV
   2025    worst 2025-12   -343.5 bps NAV-book | g_year 0.542 ->  -6.34% gross, 2x -12.68% NAV | g_month 0.798 ->  -4.30% gross, 2x  -8.61% NAV
   2026    worst 2026-08   -295.9 bps NAV-book | g_year 0.781 ->  -3.79% gross, 2x  -7.58% NAV | g_month 0.783 ->  -3.78% gross, 2x  -7.56% NAV
   2024on  worst 2024-04   -405.3 bps NAV-book | g_year 0.628 ->  -6.45% gross, 2x -12.90% NAV | g_month 0.813 ->  -4.99% gross, 2x  -9.97% NAV
== pod_live_w3fix_callog_s42  CAL=log W3FIX=0.21,0,0.79 FTRIM=zero M=829 T=400 K=0.0 seed=42 n=10038
   2024    worst 2024-11   -717.0 bps NAV-book | g_year 0.847 ->  -8.47% gross, 2x -16.94% NAV | g_month 0.821 ->  -8.73% gross, 2x -17.46% NAV
   2025    worst 2025-01   -634.5 bps NAV-book | g_year 0.750 ->  -8.46% gross, 2x -16.91% NAV | g_month 0.781 ->  -8.13% gross, 2x -16.26% NAV
   2026    worst 2026-08   -252.4 bps NAV-book | g_year 0.767 ->  -3.29% gross, 2x  -6.58% NAV | g_month 0.768 ->  -3.29% gross, 2x  -6.57% NAV
   2024on  worst 2024-11   -717.0 bps NAV-book | g_year 0.791 ->  -9.07% gross, 2x -18.13% NAV | g_month 0.821 ->  -8.73% gross, 2x -17.46% NAV
== pod_live_w3fix_calsimple_s42  CAL=simple W3FIX=0.21,0,0.79 FTRIM=zero M=829 T=400 K=0.0 seed=42 n=10038
   2024    worst 2024-11   -576.1 bps NAV-book | g_year 0.846 ->  -6.81% gross, 2x -13.63% NAV | g_month 0.824 ->  -6.99% gross, 2x -13.98% NAV
   2025    worst 2025-01   -463.5 bps NAV-book | g_year 0.753 ->  -6.15% gross, 2x -12.30% NAV | g_month 0.794 ->  -5.84% gross, 2x -11.67% NAV
   2026    worst 2026-08    +41.5 bps NAV-book | g_year 0.771 ->  +0.54% gross, 2x  +1.08% NAV | g_month 0.781 ->  +0.53% gross, 2x  +1.06% NAV
   2024on  worst 2024-11   -576.1 bps NAV-book | g_year 0.792 ->  -7.27% gross, 2x -14.54% NAV | g_month 0.824 ->  -6.99% gross, 2x -13.98% NAV
== pod_m1t400_callog_s42  CAL=log W3FIX=None FTRIM=off M=829 T=400 K=0.0 seed=42 n=10038
   2024    worst 2024-04   -378.3 bps NAV-book | g_year 0.601 ->  -6.29% gross, 2x -12.59% NAV | g_month 0.783 ->  -4.83% gross, 2x  -9.67% NAV
   2025    worst 2025-12   -320.0 bps NAV-book | g_year 0.521 ->  -6.14% gross, 2x -12.28% NAV | g_month 0.764 ->  -4.19% gross, 2x  -8.38% NAV
   2026    worst 2026-08   -200.4 bps NAV-book | g_year 0.775 ->  -2.59% gross, 2x  -5.17% NAV | g_month 0.767 ->  -2.61% gross, 2x  -5.23% NAV
   2024on  worst 2024-04   -378.3 bps NAV-book | g_year 0.614 ->  -6.16% gross, 2x -12.32% NAV | g_month 0.783 ->  -4.83% gross, 2x  -9.67% NAV
== pod_t400_callog_s42  CAL=log W3FIX=None FTRIM=off M=0 T=400 K=0.0 seed=42 n=10038
   2024    worst 2024-04   -380.3 bps NAV-book | g_year 0.621 ->  -6.12% gross, 2x -12.24% NAV | g_month 0.802 ->  -4.74% gross, 2x  -9.48% NAV
   2025    worst 2025-12   -429.1 bps NAV-book | g_year 0.545 ->  -7.87% gross, 2x -15.73% NAV | g_month 0.830 ->  -5.17% gross, 2x -10.35% NAV
   2026    worst 2026-08   -271.2 bps NAV-book | g_year 0.839 ->  -3.23% gross, 2x  -6.47% NAV | g_month 0.884 ->  -3.07% gross, 2x  -6.14% NAV
   2024on  worst 2025-12   -429.1 bps NAV-book | g_year 0.647 ->  -6.63% gross, 2x -13.26% NAV | g_month 0.830 ->  -5.17% gross, 2x -10.35% NAV
== alt_base_dyn  CAL=log W3FIX=None FTRIM=zero M=829 T=400 K=0.0 seed=42 n=10038
   2024    worst 2024-04   -363.1 bps NAV-book | g_year 0.602 ->  -6.03% gross, 2x -12.06% NAV | g_month 0.785 ->  -4.62% gross, 2x  -9.25% NAV
   2025    worst 2025-12   -294.5 bps NAV-book | g_year 0.531 ->  -5.54% gross, 2x -11.08% NAV | g_month 0.788 ->  -3.74% gross, 2x  -7.47% NAV
   2026    worst 2026-08   -293.5 bps NAV-book | g_year 0.779 ->  -3.77% gross, 2x  -7.53% NAV | g_month 0.780 ->  -3.76% gross, 2x  -7.52% NAV
   2024on  worst 2024-04   -363.1 bps NAV-book | g_year 0.620 ->  -5.86% gross, 2x -11.72% NAV | g_month 0.785 ->  -4.62% gross, 2x  -9.25% NAV
== alt_base_w3fix  CAL=log W3FIX=0.21,0,0.79 FTRIM=zero M=829 T=400 K=0.0 seed=42 n=10038
   2024    worst 2024-11   -717.0 bps NAV-book | g_year 0.847 ->  -8.47% gross, 2x -16.94% NAV | g_month 0.821 ->  -8.73% gross, 2x -17.46% NAV
   2025    worst 2025-01   -634.5 bps NAV-book | g_year 0.750 ->  -8.46% gross, 2x -16.91% NAV | g_month 0.781 ->  -8.13% gross, 2x -16.26% NAV
   2026    worst 2026-08   -252.4 bps NAV-book | g_year 0.767 ->  -3.29% gross, 2x  -6.58% NAV | g_month 0.768 ->  -3.29% gross, 2x  -6.57% NAV
   2024on  worst 2024-11   -717.0 bps NAV-book | g_year 0.791 ->  -9.07% gross, 2x -18.13% NAV | g_month 0.821 ->  -8.73% gross, 2x -17.46% NAV
== alt_newprod_dyn  CAL=log W3FIX=None FTRIM=zero M=829 T=400 K=0.0 seed=42 n=10038
   2024    worst 2024-04   -374.9 bps NAV-book | g_year 0.584 ->  -6.42% gross, 2x -12.85% NAV | g_month 0.777 ->  -4.82% gross, 2x  -9.65% NAV
   2025    worst 2025-12   -275.2 bps NAV-book | g_year 0.524 ->  -5.25% gross, 2x -10.50% NAV | g_month 0.789 ->  -3.49% gross, 2x  -6.98% NAV
   2026    worst 2026-08   -260.8 bps NAV-book | g_year 0.773 ->  -3.37% gross, 2x  -6.74% NAV | g_month 0.786 ->  -3.32% gross, 2x  -6.64% NAV
   2024on  worst 2024-04   -374.9 bps NAV-book | g_year 0.609 ->  -6.16% gross, 2x -12.32% NAV | g_month 0.777 ->  -4.82% gross, 2x  -9.65% NAV
== alt_newprod_w3fix  CAL=log W3FIX=0.21,0,0.79 FTRIM=zero M=829 T=400 K=0.0 seed=42 n=10038
   2024    worst 2024-11   -756.8 bps NAV-book | g_year 0.844 ->  -8.96% gross, 2x -17.93% NAV | g_month 0.820 ->  -9.23% gross, 2x -18.47% NAV
   2025    worst 2025-01   -574.9 bps NAV-book | g_year 0.749 ->  -7.67% gross, 2x -15.35% NAV | g_month 0.783 ->  -7.34% gross, 2x -14.69% NAV
   2026    worst 2026-08   -238.0 bps NAV-book | g_year 0.763 ->  -3.12% gross, 2x  -6.24% NAV | g_month 0.772 ->  -3.08% gross, 2x  -6.17% NAV
   2024on  worst 2024-11   -756.8 bps NAV-book | g_year 0.788 ->  -9.60% gross, 2x -19.20% NAV | g_month 0.820 ->  -9.23% gross, 2x -18.47% NAV
== alt_newsum_dyn  CAL=log W3FIX=None FTRIM=zero M=829 T=400 K=0.0 seed=42 n=10038
   2024    worst 2024-04   -381.3 bps NAV-book | g_year 0.609 ->  -6.26% gross, 2x -12.52% NAV | g_month 0.791 ->  -4.82% gross, 2x  -9.65% NAV
   2025    worst 2025-12   -281.4 bps NAV-book | g_year 0.535 ->  -5.26% gross, 2x -10.52% NAV | g_month 0.782 ->  -3.60% gross, 2x  -7.19% NAV
   2026    worst 2026-08   -294.6 bps NAV-book | g_year 0.781 ->  -3.77% gross, 2x  -7.55% NAV | g_month 0.782 ->  -3.76% gross, 2x  -7.53% NAV
   2024on  worst 2024-04   -381.3 bps NAV-book | g_year 0.624 ->  -6.11% gross, 2x -12.22% NAV | g_month 0.791 ->  -4.82% gross, 2x  -9.65% NAV
== alt_newsum_w3fix  CAL=log W3FIX=0.21,0,0.79 FTRIM=zero M=829 T=400 K=0.0 seed=42 n=10038
   2024    worst 2024-11   -704.9 bps NAV-book | g_year 0.846 ->  -8.34% gross, 2x -16.67% NAV | g_month 0.823 ->  -8.57% gross, 2x -17.14% NAV
   2025    worst 2025-01   -628.2 bps NAV-book | g_year 0.751 ->  -8.37% gross, 2x -16.74% NAV | g_month 0.782 ->  -8.04% gross, 2x -16.08% NAV
   2026    worst 2026-08   -295.8 bps NAV-book | g_year 0.769 ->  -3.85% gross, 2x  -7.69% NAV | g_month 0.770 ->  -3.84% gross, 2x  -7.68% NAV
   2024on  worst 2024-11   -704.9 bps NAV-book | g_year 0.791 ->  -8.91% gross, 2x -17.83% NAV | g_month 0.823 ->  -8.57% gross, 2x -17.14% NAV
== C6_1/alt_sum_new_dyn  CAL=log W3FIX=None FTRIM=zero M=829 T=400 K=0.0 seed=42 n=10038
   2024    worst 2024-04   -381.3 bps NAV-book | g_year 0.609 ->  -6.26% gross, 2x -12.52% NAV | g_month 0.791 ->  -4.82% gross, 2x  -9.65% NAV
   2025    worst 2025-12   -281.4 bps NAV-book | g_year 0.535 ->  -5.26% gross, 2x -10.52% NAV | g_month 0.782 ->  -3.60% gross, 2x  -7.19% NAV
   2026    worst 2026-08   -294.6 bps NAV-book | g_year 0.781 ->  -3.77% gross, 2x  -7.55% NAV | g_month 0.782 ->  -3.76% gross, 2x  -7.53% NAV
   2024on  worst 2024-04   -381.3 bps NAV-book | g_year 0.624 ->  -6.11% gross, 2x -12.22% NAV | g_month 0.791 ->  -4.82% gross, 2x  -9.65% NAV
== C6_1/alt_sum_new_w3fix  CAL=log W3FIX=0.21,0,0.79 FTRIM=zero M=829 T=400 K=0.0 seed=42 n=10038
   2024    worst 2024-11   -704.9 bps NAV-book | g_year 0.846 ->  -8.34% gross, 2x -16.67% NAV | g_month 0.823 ->  -8.57% gross, 2x -17.14% NAV
   2025    worst 2025-01   -628.2 bps NAV-book | g_year 0.751 ->  -8.37% gross, 2x -16.74% NAV | g_month 0.782 ->  -8.04% gross, 2x -16.08% NAV
   2026    worst 2026-08   -295.8 bps NAV-book | g_year 0.769 ->  -3.85% gross, 2x  -7.69% NAV | g_month 0.770 ->  -3.84% gross, 2x  -7.68% NAV
   2024on  worst 2024-11   -704.9 bps NAV-book | g_year 0.791 ->  -8.91% gross, 2x -17.83% NAV | g_month 0.823 ->  -8.57% gross, 2x -17.14% NAV
== C6_1/alt_sum_old_dyn  CAL=log W3FIX=None FTRIM=zero M=829 T=400 K=0.0 seed=42 n=10038
   2024    worst 2024-04   -363.1 bps NAV-book | g_year 0.602 ->  -6.03% gross, 2x -12.06% NAV | g_month 0.785 ->  -4.62% gross, 2x  -9.25% NAV
   2025    worst 2025-12   -294.5 bps NAV-book | g_year 0.531 ->  -5.54% gross, 2x -11.08% NAV | g_month 0.788 ->  -3.74% gross, 2x  -7.47% NAV
   2026    worst 2026-08   -293.5 bps NAV-book | g_year 0.779 ->  -3.77% gross, 2x  -7.53% NAV | g_month 0.780 ->  -3.76% gross, 2x  -7.52% NAV
   2024on  worst 2024-04   -363.1 bps NAV-book | g_year 0.620 ->  -5.86% gross, 2x -11.72% NAV | g_month 0.785 ->  -4.62% gross, 2x  -9.25% NAV
== C6_1/alt_sum_old_w3fix  CAL=log W3FIX=0.21,0,0.79 FTRIM=zero M=829 T=400 K=0.0 seed=42 n=10038
   2024    worst 2024-11   -717.0 bps NAV-book | g_year 0.847 ->  -8.47% gross, 2x -16.94% NAV | g_month 0.821 ->  -8.73% gross, 2x -17.46% NAV
   2025    worst 2025-01   -634.5 bps NAV-book | g_year 0.750 ->  -8.46% gross, 2x -16.91% NAV | g_month 0.781 ->  -8.13% gross, 2x -16.26% NAV
   2026    worst 2026-08   -252.4 bps NAV-book | g_year 0.767 ->  -3.29% gross, 2x  -6.58% NAV | g_month 0.768 ->  -3.29% gross, 2x  -6.57% NAV
   2024on  worst 2024-11   -717.0 bps NAV-book | g_year 0.791 ->  -9.07% gross, 2x -18.13% NAV | g_month 0.821 ->  -8.73% gross, 2x -17.46% NAV
== C6_1/alt_true_new_dyn  CAL=log W3FIX=None FTRIM=zero M=829 T=400 K=0.0 seed=42 n=10038
   2024    worst 2024-04   -374.9 bps NAV-book | g_year 0.584 ->  -6.42% gross, 2x -12.85% NAV | g_month 0.777 ->  -4.82% gross, 2x  -9.65% NAV
   2025    worst 2025-12   -275.2 bps NAV-book | g_year 0.524 ->  -5.25% gross, 2x -10.50% NAV | g_month 0.789 ->  -3.49% gross, 2x  -6.98% NAV
   2026    worst 2026-08   -260.8 bps NAV-book | g_year 0.773 ->  -3.37% gross, 2x  -6.74% NAV | g_month 0.786 ->  -3.32% gross, 2x  -6.64% NAV
   2024on  worst 2024-04   -374.9 bps NAV-book | g_year 0.609 ->  -6.16% gross, 2x -12.32% NAV | g_month 0.777 ->  -4.82% gross, 2x  -9.65% NAV
== C6_1/alt_true_new_w3fix  CAL=log W3FIX=0.21,0,0.79 FTRIM=zero M=829 T=400 K=0.0 seed=42 n=10038
   2024    worst 2024-11   -756.8 bps NAV-book | g_year 0.844 ->  -8.96% gross, 2x -17.93% NAV | g_month 0.820 ->  -9.23% gross, 2x -18.47% NAV
   2025    worst 2025-01   -574.9 bps NAV-book | g_year 0.749 ->  -7.67% gross, 2x -15.35% NAV | g_month 0.783 ->  -7.34% gross, 2x -14.69% NAV
   2026    worst 2026-08   -238.0 bps NAV-book | g_year 0.763 ->  -3.12% gross, 2x  -6.24% NAV | g_month 0.772 ->  -3.08% gross, 2x  -6.17% NAV
   2024on  worst 2024-11   -756.8 bps NAV-book | g_year 0.788 ->  -9.60% gross, 2x -19.20% NAV | g_month 0.820 ->  -9.23% gross, 2x -18.47% NAV
== C6_1/alt_true_old_dyn  CAL=log W3FIX=None FTRIM=zero M=829 T=400 K=0.0 seed=42 n=10038
   2024    worst 2024-04   -345.8 bps NAV-book | g_year 0.575 ->  -6.01% gross, 2x -12.03% NAV | g_month 0.765 ->  -4.52% gross, 2x  -9.04% NAV
   2025    worst 2025-12   -265.2 bps NAV-book | g_year 0.520 ->  -5.10% gross, 2x -10.21% NAV | g_month 0.792 ->  -3.35% gross, 2x  -6.69% NAV
   2026    worst 2026-08   -274.6 bps NAV-book | g_year 0.773 ->  -3.55% gross, 2x  -7.11% NAV | g_month 0.786 ->  -3.49% gross, 2x  -6.98% NAV
   2024on  worst 2024-04   -345.8 bps NAV-book | g_year 0.604 ->  -5.73% gross, 2x -11.46% NAV | g_month 0.765 ->  -4.52% gross, 2x  -9.04% NAV
== C6_1/alt_true_old_w3fix  CAL=log W3FIX=0.21,0,0.79 FTRIM=zero M=829 T=400 K=0.0 seed=42 n=10038
   2024    worst 2024-11   -752.6 bps NAV-book | g_year 0.845 ->  -8.91% gross, 2x -17.82% NAV | g_month 0.820 ->  -9.18% gross, 2x -18.36% NAV
   2025    worst 2025-01   -559.4 bps NAV-book | g_year 0.749 ->  -7.47% gross, 2x -14.94% NAV | g_month 0.784 ->  -7.14% gross, 2x -14.27% NAV
   2026    worst 2026-08   -244.2 bps NAV-book | g_year 0.763 ->  -3.20% gross, 2x  -6.40% NAV | g_month 0.772 ->  -3.16% gross, 2x  -6.33% NAV
   2024on  worst 2024-11   -752.6 bps NAV-book | g_year 0.789 ->  -9.54% gross, 2x -19.09% NAV | g_month 0.820 ->  -9.18% gross, 2x -18.36% NAV
== C6_1/rr_canon_callog_s42  CAL=log W3FIX=None FTRIM=off M=0 T=0 K=0.0 seed=42 n=10038
   2024    worst 2024-04   -380.3 bps NAV-book | g_year 0.621 ->  -6.12% gross, 2x -12.24% NAV | g_month 0.802 ->  -4.74% gross, 2x  -9.48% NAV
   2025    worst 2025-12   -367.1 bps NAV-book | g_year 0.593 ->  -6.19% gross, 2x -12.39% NAV | g_month 0.914 ->  -4.02% gross, 2x  -8.03% NAV
   2026    worst 2026-08   -279.9 bps NAV-book | g_year 0.865 ->  -3.24% gross, 2x  -6.47% NAV | g_month 0.905 ->  -3.09% gross, 2x  -6.19% NAV
   2024on  worst 2024-04   -380.3 bps NAV-book | g_year 0.671 ->  -5.67% gross, 2x -11.33% NAV | g_month 0.802 ->  -4.74% gross, 2x  -9.48% NAV
== C6_1/rr_live_callog_s42  CAL=log W3FIX=None FTRIM=zero M=829 T=400 K=0.0 seed=42 n=10038
   2024    worst 2024-04   -363.1 bps NAV-book | g_year 0.602 ->  -6.03% gross, 2x -12.06% NAV | g_month 0.785 ->  -4.62% gross, 2x  -9.25% NAV
   2025    worst 2025-12   -294.5 bps NAV-book | g_year 0.531 ->  -5.54% gross, 2x -11.08% NAV | g_month 0.788 ->  -3.74% gross, 2x  -7.47% NAV
   2026    worst 2026-08   -293.5 bps NAV-book | g_year 0.779 ->  -3.77% gross, 2x  -7.53% NAV | g_month 0.780 ->  -3.76% gross, 2x  -7.52% NAV
   2024on  worst 2024-04   -363.1 bps NAV-book | g_year 0.620 ->  -5.86% gross, 2x -11.72% NAV | g_month 0.785 ->  -4.62% gross, 2x  -9.25% NAV
== C6_1/rr_live_w3fix_callog_s42  CAL=log W3FIX=0.21,0,0.79 FTRIM=zero M=829 T=400 K=0.0 seed=42 n=10038
   2024    worst 2024-11   -717.0 bps NAV-book | g_year 0.847 ->  -8.47% gross, 2x -16.94% NAV | g_month 0.821 ->  -8.73% gross, 2x -17.46% NAV
   2025    worst 2025-01   -634.5 bps NAV-book | g_year 0.750 ->  -8.46% gross, 2x -16.91% NAV | g_month 0.781 ->  -8.13% gross, 2x -16.26% NAV
   2026    worst 2026-08   -252.4 bps NAV-book | g_year 0.767 ->  -3.29% gross, 2x  -6.58% NAV | g_month 0.768 ->  -3.29% gross, 2x  -6.57% NAV
   2024on  worst 2024-11   -717.0 bps NAV-book | g_year 0.791 ->  -9.07% gross, 2x -18.13% NAV | g_month 0.821 ->  -8.73% gross, 2x -17.46% NAV
== C6_1/prodnew_live_callog_s42  CAL=log W3FIX=None FTRIM=zero M=829 T=400 K=0.0 seed=42 n=10038
   2024    worst 2024-04   -374.9 bps NAV-book | g_year 0.584 ->  -6.42% gross, 2x -12.85% NAV | g_month 0.777 ->  -4.82% gross, 2x  -9.65% NAV
   2025    worst 2025-12   -275.2 bps NAV-book | g_year 0.524 ->  -5.25% gross, 2x -10.50% NAV | g_month 0.789 ->  -3.49% gross, 2x  -6.98% NAV
   2026    worst 2026-08   -260.8 bps NAV-book | g_year 0.773 ->  -3.37% gross, 2x  -6.74% NAV | g_month 0.786 ->  -3.32% gross, 2x  -6.64% NAV
   2024on  worst 2024-04   -374.9 bps NAV-book | g_year 0.609 ->  -6.16% gross, 2x -12.32% NAV | g_month 0.777 ->  -4.82% gross, 2x  -9.65% NAV
== C6_1/prodnew_live_w3fix_callog_s42  CAL=log W3FIX=0.21,0,0.79 FTRIM=zero M=829 T=400 K=0.0 seed=42 n=10038
   2024    worst 2024-11   -756.8 bps NAV-book | g_year 0.844 ->  -8.96% gross, 2x -17.93% NAV | g_month 0.820 ->  -9.23% gross, 2x -18.47% NAV
   2025    worst 2025-01   -574.9 bps NAV-book | g_year 0.749 ->  -7.67% gross, 2x -15.35% NAV | g_month 0.783 ->  -7.34% gross, 2x -14.69% NAV
   2026    worst 2026-08   -238.0 bps NAV-book | g_year 0.763 ->  -3.12% gross, 2x  -6.24% NAV | g_month 0.772 ->  -3.08% gross, 2x  -6.17% NAV
   2024on  worst 2024-11   -756.8 bps NAV-book | g_year 0.788 ->  -9.60% gross, 2x -19.20% NAV | g_month 0.820 ->  -9.23% gross, 2x -18.47% NAV
== C6_1/sumnew_live_callog_s42  CAL=log W3FIX=None FTRIM=zero M=829 T=400 K=0.0 seed=42 n=10038
   2024    worst 2024-04   -381.3 bps NAV-book | g_year 0.609 ->  -6.26% gross, 2x -12.52% NAV | g_month 0.791 ->  -4.82% gross, 2x  -9.65% NAV
   2025    worst 2025-12   -281.4 bps NAV-book | g_year 0.535 ->  -5.26% gross, 2x -10.52% NAV | g_month 0.782 ->  -3.60% gross, 2x  -7.19% NAV
   2026    worst 2026-08   -294.6 bps NAV-book | g_year 0.781 ->  -3.77% gross, 2x  -7.55% NAV | g_month 0.782 ->  -3.76% gross, 2x  -7.53% NAV
   2024on  worst 2024-04   -381.3 bps NAV-book | g_year 0.624 ->  -6.11% gross, 2x -12.22% NAV | g_month 0.791 ->  -4.82% gross, 2x  -9.65% NAV
== C6_1/sumnew_live_w3fix_callog_s42  CAL=log W3FIX=0.21,0,0.79 FTRIM=zero M=829 T=400 K=0.0 seed=42 n=10038
   2024    worst 2024-11   -704.9 bps NAV-book | g_year 0.846 ->  -8.34% gross, 2x -16.67% NAV | g_month 0.823 ->  -8.57% gross, 2x -17.14% NAV
   2025    worst 2025-01   -628.2 bps NAV-book | g_year 0.751 ->  -8.37% gross, 2x -16.74% NAV | g_month 0.782 ->  -8.04% gross, 2x -16.08% NAV
   2026    worst 2026-08   -295.8 bps NAV-book | g_year 0.769 ->  -3.85% gross, 2x  -7.69% NAV | g_month 0.770 ->  -3.84% gross, 2x  -7.68% NAV
   2024on  worst 2024-11   -704.9 bps NAV-book | g_year 0.791 ->  -8.91% gross, 2x -17.83% NAV | g_month 0.823 ->  -8.57% gross, 2x -17.14% NAV
MONTHLY pod_live_w3fix_callog_s42: 2024-01:+48 2024-02:-143 2024-03:+405 2024-04:-427 2024-05:+237 2024-06:-78 2024-07:-312 2024-08:-8 2024-09:+117 2024-10:+84 2024-11:-717 2024-12:-616 2025-01:-635 2025-02:+61 2025-03:+41 2025-04:+215 2025-05:+47 2025-06:-140 2025-07:+75 2025-08:-147 2025-09:+681 2025-10:+694 2025-11:-5 2025-12:-264 2026-01:+264 2026-02:+171 2026-03:+298 2026-04:+1139 2026-05:+396 2026-06:+1108 2026-07:+328 2026-08:-252
MONTHLY alt_newprod_w3fix: 2024-01:+12 2024-02:-164 2024-03:+392 2024-04:-412 2024-05:+243 2024-06:-81 2024-07:-348 2024-08:-3 2024-09:+106 2024-10:+72 2024-11:-757 2024-12:-617 2025-01:-575 2025-02:+98 2025-03:+24 2025-04:+155 2025-05:+44 2025-06:-136 2025-07:+52 2025-08:-118 2025-09:+638 2025-10:+597 2025-11:+2 2025-12:-225 2026-01:+237 2026-02:+226 2026-03:+313 2026-04:+1068 2026-05:+290 2026-06:+1078 2026-07:+400 2026-08:-238
MONTHLY alt_newsum_w3fix: 2024-01:+49 2024-02:-142 2024-03:+409 2024-04:-413 2024-05:+237 2024-06:-84 2024-07:-327 2024-08:-6 2024-09:+119 2024-10:+84 2024-11:-705 2024-12:-611 2025-01:-628 2025-02:+90 2025-03:+46 2025-04:+221 2025-05:+48 2025-06:-135 2025-07:+72 2025-08:-142 2025-09:+677 2025-10:+684 2025-11:+12 2025-12:-257 2026-01:+278 2026-02:+155 2026-03:+300 2026-04:+1119 2026-05:+402 2026-06:+1127 2026-07:+342 2026-08:-296
MONTHLY pod_live_w3fix_calsimple_s42: 2024-01:+120 2024-02:-100 2024-03:+571 2024-04:-353 2024-05:+256 2024-06:-57 2024-07:-359 2024-08:-2 2024-09:+144 2024-10:+131 2024-11:-576 2024-12:-563 2025-01:-464 2025-02:+195 2025-03:+115 2025-04:+240 2025-05:+99 2025-06:-86 2025-07:+71 2025-08:-43 2025-09:+1162 2025-10:+1414 2025-11:+420 2025-12:-44 2026-01:+337 2026-02:+357 2026-03:+646 2026-04:+1854 2026-05:+774 2026-06:+1500 2026-07:+798 2026-08:+42
MONTHLY pod_live_callog_s42: 2024-01:+29 2024-02:-176 2024-03:+319 2024-04:-363 2024-05:+18 2024-06:-78 2024-07:-191 2024-08:+262 2024-09:+60 2024-10:+68 2024-11:+286 2024-12:+93 2025-01:+212 2025-02:+33 2025-03:+206 2025-04:-247 2025-05:+68 2025-06:+16 2025-07:+141 2025-08:-174 2025-09:+187 2025-10:+647 2025-11:-7 2025-12:-294 2026-01:+259 2026-02:+104 2026-03:+227 2026-04:+849 2026-05:+403 2026-06:+1052 2026-07:+322 2026-08:-294
MONTHLY alt_newprod_dyn: 2024-01:+69 2024-02:-220 2024-03:+272 2024-04:-375 2024-05:-35 2024-06:-116 2024-07:-200 2024-08:+277 2024-09:+72 2024-10:+76 2024-11:+312 2024-12:+121 2025-01:+221 2025-02:+64 2025-03:+220 2025-04:-233 2025-05:+86 2025-06:+30 2025-07:+142 2025-08:-158 2025-09:+127 2025-10:+551 2025-11:-33 2025-12:-275 2026-01:+227 2026-02:+107 2026-03:+235 2026-04:+890 2026-05:+327 2026-06:+1056 2026-07:+422 2026-08:-261
MONTHLY alt_newsum_dyn: 2024-01:+38 2024-02:-180 2024-03:+345 2024-04:-381 2024-05:+42 2024-06:-72 2024-07:-237 2024-08:+268 2024-09:+67 2024-10:+78 2024-11:+308 2024-12:+106 2025-01:+221 2025-02:+44 2025-03:+212 2025-04:-230 2025-05:+74 2025-06:+15 2025-07:+171 2025-08:-167 2025-09:+190 2025-10:+640 2025-11:+13 2025-12:-281 2026-01:+261 2026-02:+106 2026-03:+214 2026-04:+856 2026-05:+400 2026-06:+1082 2026-07:+333 2026-08:-295
MONTHLY pod_live_calsimple_s42: 2024-01:+102 2024-02:-83 2024-03:+482 2024-04:-316 2024-05:+288 2024-06:-50 2024-07:-343 2024-08:+115 2024-09:+27 2024-10:+14 2024-11:+202 2024-12:+47 2025-01:+161 2025-02:+5 2025-03:+148 2025-04:-370 2025-05:-110 2025-06:-60 2025-07:+29 2025-08:-23 2025-09:+1097 2025-10:+1359 2025-11:+397 2025-12:+44 2026-01:+360 2026-02:+449 2026-03:+661 2026-04:+1861 2026-05:+720 2026-06:+1359 2026-07:+672 2026-08:+85
FILES:
  pod_canon_callog_s42 -> /workspace/port_w10/probe_artifacts/w10_ablation_series_pod_canon_callog_s42.npz
  pod_canon_calsimple_s42 -> /workspace/port_w10/probe_artifacts/w10_ablation_series_pod_canon_calsimple_s42.npz
  pod_canon_w3fix_callog_s42 -> /workspace/port_w10/probe_artifacts/w10_ablation_series_pod_canon_w3fix_callog_s42.npz
  pod_ftrim_callog_s42 -> /workspace/port_w10/probe_artifacts/w10_ablation_series_pod_ftrim_callog_s42.npz
  pod_live_callog_s2027 -> /workspace/port_w10/probe_artifacts/w10_ablation_series_pod_live_callog_s2027.npz
  pod_live_callog_s42 -> /workspace/port_w10/probe_artifacts/w10_ablation_series_pod_live_callog_s42.npz
  pod_live_calsimple_s42 -> /workspace/port_w10/probe_artifacts/w10_ablation_series_pod_live_calsimple_s42.npz
  pod_live_t3c_callog_s2027 -> /workspace/port_w10/probe_artifacts/w10_ablation_series_pod_live_t3c_callog_s2027.npz
  pod_live_t3c_callog_s42 -> /workspace/port_w10/probe_artifacts/w10_ablation_series_pod_live_t3c_callog_s42.npz
  pod_live_w3fix_callog_s42 -> /workspace/port_w10/probe_artifacts/w10_ablation_series_pod_live_w3fix_callog_s42.npz
  pod_live_w3fix_calsimple_s42 -> /workspace/port_w10/probe_artifacts/w10_ablation_series_pod_live_w3fix_calsimple_s42.npz
  pod_m1t400_callog_s42 -> /workspace/port_w10/probe_artifacts/w10_ablation_series_pod_m1t400_callog_s42.npz
  pod_t400_callog_s42 -> /workspace/port_w10/probe_artifacts/w10_ablation_series_pod_t400_callog_s42.npz
  alt_base_dyn -> /workspace/review_scratch/refute_C6_2/altrun/base/probe_artifacts/w10_ablation_series_alt_base_dyn.npz
  alt_base_w3fix -> /workspace/review_scratch/refute_C6_2/altrun/base/probe_artifacts/w10_ablation_series_alt_base_w3fix.npz
  alt_newprod_dyn -> /workspace/review_scratch/refute_C6_2/altrun/newprod/probe_artifacts/w10_ablation_series_alt_newprod_dyn.npz
  alt_newprod_w3fix -> /workspace/review_scratch/refute_C6_2/altrun/newprod/probe_artifacts/w10_ablation_series_alt_newprod_w3fix.npz
  alt_newsum_dyn -> /workspace/review_scratch/refute_C6_2/altrun/newsum/probe_artifacts/w10_ablation_series_alt_newsum_dyn.npz
  alt_newsum_w3fix -> /workspace/review_scratch/refute_C6_2/altrun/newsum/probe_artifacts/w10_ablation_series_alt_newsum_w3fix.npz
  C6_1/alt_sum_new_dyn -> /workspace/review_scratch/refute_C6_1/dev/probe_artifacts/w10_ablation_series_alt_sum_new_dyn.npz
  C6_1/alt_sum_new_w3fix -> /workspace/review_scratch/refute_C6_1/dev/probe_artifacts/w10_ablation_series_alt_sum_new_w3fix.npz
  C6_1/alt_sum_old_dyn -> /workspace/review_scratch/refute_C6_1/dev/probe_artifacts/w10_ablation_series_alt_sum_old_dyn.npz
  C6_1/alt_sum_old_w3fix -> /workspace/review_scratch/refute_C6_1/dev/probe_artifacts/w10_ablation_series_alt_sum_old_w3fix.npz
  C6_1/alt_true_new_dyn -> /workspace/review_scratch/refute_C6_1/dev/probe_artifacts/w10_ablation_series_alt_true_new_dyn.npz
  C6_1/alt_true_new_w3fix -> /workspace/review_scratch/refute_C6_1/dev/probe_artifacts/w10_ablation_series_alt_true_new_w3fix.npz
  C6_1/alt_true_old_dyn -> /workspace/review_scratch/refute_C6_1/dev/probe_artifacts/w10_ablation_series_alt_true_old_dyn.npz
  C6_1/alt_true_old_w3fix -> /workspace/review_scratch/refute_C6_1/dev/probe_artifacts/w10_ablation_series_alt_true_old_w3fix.npz
  C6_1/rr_canon_callog_s42 -> /workspace/review_scratch/refute_C6_1/rerun/probe_artifacts/w10_ablation_series_rr_canon_callog_s42.npz
  C6_1/rr_live_callog_s42 -> /workspace/review_scratch/refute_C6_1/rerun/probe_artifacts/w10_ablation_series_rr_live_callog_s42.npz
  C6_1/rr_live_w3fix_callog_s42 -> /workspace/review_scratch/refute_C6_1/rerun/probe_artifacts/w10_ablation_series_rr_live_w3fix_callog_s42.npz
  C6_1/prodnew_live_callog_s42 -> /workspace/review_scratch/refute_C6_1/rerun_prodnew/probe_artifacts/w10_ablation_series_prodnew_live_callog_s42.npz
  C6_1/prodnew_live_w3fix_callog_s42 -> /workspace/review_scratch/refute_C6_1/rerun_prodnew/probe_artifacts/w10_ablation_series_prodnew_live_w3fix_callog_s42.npz
  C6_1/sumnew_live_callog_s42 -> /workspace/review_scratch/refute_C6_1/rerun_sumnew/probe_artifacts/w10_ablation_series_sumnew_live_callog_s42.npz
  C6_1/sumnew_live_w3fix_callog_s42 -> /workspace/review_scratch/refute_C6_1/rerun_sumnew/probe_artifacts/w10_ablation_series_sumnew_live_w3fix_callog_s42.npz
WORST_MONTHS_DONE
