R5A2X_FULL_APAR_dyn_s42            ok  46.3s
R5A2X_FULL_ASHIFT101_dyn_s42       ok  43.9s
R5A2X_FULL_APAR_dyn_s2027          ok  45.5s
R5A2X_FULL_ASHIFT101_dyn_s2027     ok  44.8s
G1 {'APAR_s42': True, 'APAR_s2027': True, 'ASHIFT101_s42': True, 'ASHIFT101_s2027': True}
w3seq APAR s42 rows 10039 mean_king 0.4502
w3seq APAR s2027 rows 10039 mean_king 0.4502
w3seq ASHIFT101 s42 rows 10039 mean_king 0.4060
w3seq ASHIFT101 s2027 rows 10039 mean_king 0.4060
R5A2X_ECHO_APAR_s42                ok  28.0s
R5A2X_ECHO_APAR_s2027              ok  28.5s
R5A2X_ECHO_ASHIFT101_s42           ok  28.0s
R5A2X_ECHO_ASHIFT101_s2027         ok  28.4s
G2 {'APAR_s42': True, 'APAR_s2027': True, 'ASHIFT101_s42': True, 'ASHIFT101_s2027': True}
R5A2X_SF_s42                       ok  45.0s
R5A2X_SF_s2027                     ok  45.1s
R5A2X_FS_s42                       ok  44.0s
R5A2X_FS_s2027                     ok  44.8s
R5A2X_KW0p0000_APAR_s42            ok  43.2s
R5A2X_KW0p0000_ASHIFT101_s42       ok  43.7s
R5A2X_KW0p1000_APAR_s42            ok  44.7s
R5A2X_KW0p1000_ASHIFT101_s42       ok  43.8s
R5A2X_KW0p2100_APAR_s42            ok  44.5s
R5A2X_KW0p2100_APAR_s2027          ok  43.8s
R5A2X_KW0p2100_ASHIFT101_s42       ok  43.5s
R5A2X_KW0p2100_ASHIFT101_s2027     ok  44.0s
R5A2X_KW0p3000_APAR_s42            ok  44.1s
R5A2X_KW0p3000_ASHIFT101_s42       ok  43.9s
R5A2X_KW0p3568_APAR_s42            ok  48.7s
R5A2X_KW0p3568_APAR_s2027          ok  48.7s
R5A2X_KW0p3568_ASHIFT101_s42       ok  47.8s
R5A2X_KW0p3568_ASHIFT101_s2027     ok  48.8s
R5A2X_KW0p4500_APAR_s42            ok  48.0s
R5A2X_KW0p4500_ASHIFT101_s42       ok  47.7s
R5A2X_KW0p6000_APAR_s42            ok  49.0s
R5A2X_KW0p6000_ASHIFT101_s42       ok  48.0s
R5A2X_KW0p8000_APAR_s42            ok  48.6s
R5A2X_KW0p8000_ASHIFT101_s42       ok  48.8s
R5A2X_KW1p0000_APAR_s42            ok  40.8s
R5A2X_KW1p0000_ASHIFT101_s42       ok  41.7s
CROSS_RUNS_DONE
