R5A2_ALEAD101_dyn_s42        ok  77.9s
R5A2_ALEAD101_dyn_s2027      ok  73.8s
R5A2_ALEAD101_fix_s42        ok  67.6s
R5A2_ALEAD101_fix_s2027      ok  74.7s
R5A2_ALEAD503_dyn_s42        ok  74.5s
R5A2_ALEAD503_dyn_s2027      ok  74.5s
R5A2_ALEAD503_fix_s42        ok  71.0s
R5A2_ALEAD503_fix_s2027      ok  69.9s
R5A2_ALEAD6_dyn_s42          ok  78.2s
R5A2_ALEAD6_dyn_s2027        ok  78.3s
R5A2_ALEAD6_fix_s42          ok  70.4s
R5A2_ALEAD6_fix_s2027        ok  72.2s
R5A2_APAR_dyn_s42            ok  74.3s
R5A2_APAR_dyn_s2027          ok  76.7s
R5A2_APAR_fix_s42            ok 112.5s
R5A2_APAR_fix_s2027          ok 120.6s
R5A2_ASHIFT1_dyn_s42         ok 135.5s
R5A2_ASHIFT1_dyn_s2027       ok 126.5s
R5A2_ASHIFT1_fix_s42         ok 132.3s
R5A2_ASHIFT1_fix_s2027       ok 133.2s
R5A2_ASHIFT1009_dyn_s42      ok 138.8s
R5A2_ASHIFT1009_dyn_s2027    ok 137.7s
R5A2_ASHIFT1009_fix_s42      ok 129.8s
R5A2_ASHIFT1009_fix_s2027    ok 130.1s
R5A2_ASHIFT101_dyn_s42       ok 131.8s
R5A2_ASHIFT101_dyn_s2027     ok 132.0s
R5A2_ASHIFT101_fix_s42       ok 125.2s
R5A2_ASHIFT101_fix_s2027     ok 131.8s
R5A2_ASHIFT12_dyn_s42        ok 141.2s
R5A2_ASHIFT12_dyn_s2027      ok 143.6s
R5A2_ASHIFT12_fix_s42        ok 123.5s
R5A2_ASHIFT12_fix_s2027      ok 130.8s
R5A2_ASHIFT150_dyn_s42       ok 127.2s
R5A2_ASHIFT150_dyn_s2027     ok 132.7s
R5A2_ASHIFT150_fix_s42       ok 115.8s
R5A2_ASHIFT150_fix_s2027     ok 126.0s
R5A2_ASHIFT1500_dyn_s42      ok 124.6s
R5A2_ASHIFT1500_dyn_s2027    ok 127.3s
R5A2_ASHIFT1500_fix_s42      ok 124.0s
R5A2_ASHIFT1500_fix_s2027    ok 118.8s
R5A2_ASHIFT200_dyn_s42       ok 133.6s
R5A2_ASHIFT200_dyn_s2027     ok 133.7s
R5A2_ASHIFT200_fix_s42       ok 127.7s
R5A2_ASHIFT200_fix_s2027     ok 124.9s
R5A2_ASHIFT2000_dyn_s42      ok 130.0s
R5A2_ASHIFT2000_dyn_s2027    ok 152.4s
R5A2_ASHIFT2000_fix_s42      ok 144.1s
R5A2_ASHIFT2000_fix_s2027    ok 151.1s
R5A2_ASHIFT25_dyn_s42        ok 166.1s
R5A2_ASHIFT25_dyn_s2027      ok 163.3s
R5A2_ASHIFT25_fix_s42        ok 158.1s
R5A2_ASHIFT25_fix_s2027      ok 152.0s
R5A2_ASHIFT3_dyn_s42         ok 156.4s
R5A2_ASHIFT3_dyn_s2027       ok 160.4s
R5A2_ASHIFT3_fix_s42         ok 150.3s
R5A2_ASHIFT3_fix_s2027       ok 148.8s
R5A2_ASHIFT300_dyn_s42       ok 113.2s
R5A2_ASHIFT300_dyn_s2027     ok 121.5s
R5A2_ASHIFT300_fix_s42       ok 118.1s
R5A2_ASHIFT300_fix_s2027     ok 106.7s
R5A2_ASHIFT400_dyn_s42       ok 118.1s
R5A2_ASHIFT400_dyn_s2027     ok 130.9s
R5A2_ASHIFT400_fix_s42       ok 130.7s
R5A2_ASHIFT400_fix_s2027     ok 132.6s
R5A2_ASHIFT50_dyn_s42        ok 152.4s
R5A2_ASHIFT50_dyn_s2027      ok 160.7s
R5A2_ASHIFT50_fix_s42        ok 132.5s
R5A2_ASHIFT50_fix_s2027      ok 131.9s
R5A2_ASHIFT503_dyn_s42       ok 143.0s
R5A2_ASHIFT503_dyn_s2027     ok 144.5s
R5A2_ASHIFT503_fix_s42       ok 124.2s
R5A2_ASHIFT503_fix_s2027     ok 134.9s
R5A2_ASHIFT6_dyn_s42         ok 148.7s
R5A2_ASHIFT6_dyn_s2027       ok 160.6s
R5A2_ASHIFT6_fix_s42         ok 148.1s
R5A2_ASHIFT6_fix_s2027       ok 145.1s
R5A2_ASHIFT750_dyn_s42       ok 156.6s
R5A2_ASHIFT750_dyn_s2027     ok 149.6s
R5A2_ASHIFT750_fix_s42       ok 141.3s
R5A2_ASHIFT750_fix_s2027     ok 142.2s
R5A2_A0_dyn_s42              ok 138.4s
R5A2_A0_dyn_s2027            ok 137.0s
R5A2_A0_fix_s42              ok 133.8s
R5A2_A0_fix_s2027            ok 126.7s
LADDER_DONE 783s
