[    9.2s] rows 2753289 cols 171 anchors 10212 med|y| 0.00888
[   12.0s] MWF start tag mE1cX7 embargo 1 months [202501] base_sha 93cc2cdf925a self_sha 0e405b971513 torch 2.11.0+cu128 gpu NVIDIA RTX PRO 4500 Blackwell
[   12.1s] CAUSALITY ASSERT mE1cX7 202501: n_train 6563 max_train_idx 6562 (2024-12-31 16:00) max_train_label_end 2024-12-31 20:00 <= cutoff 2024-12-31 20:00 (= first_test 2025-01-01 00:00 - 1 anchors) OK
/workspace/object_b_2026-09-19/devices/pod_f10_train_monthly_ext.py:374: UserWarning: Converting a tensor with requires_grad=True to a scalar may lead to unexpected behavior.
Consider using tensor.detach() first. (Triggered internally at /pytorch/torch/csrc/autograd/generated/python_variable_methods.cpp:836.)
  al = float(mdl.alpha()); va_curve.append(round(va, 4)); alist.append(round(al, 4)); ep_s.append(round(time.time() - t0, 1))
[   64.3s] [mE1cX7 202501] ep0 va -4.249 α 0.099 τ 0.50 (37s)
[   98.5s] [mE1cX7 202501] ep1 va -3.750 α 0.099 τ 0.47 (34s)
[  136.3s] [mE1cX7 202501] ep2 va -3.351 α 0.098 τ 0.44 (38s)
[  172.1s] [mE1cX7 202501] ep3 va -3.788 α 0.098 τ 0.41 (36s)
[  202.6s] [mE1cX7 202501] ep4 va -3.294 α 0.097 τ 0.39 (31s)
[  221.1s] [mE1cX7 202501] ep5 va -3.719 α 0.097 τ 0.36 (18s)
[  239.5s] [mE1cX7 202501] ep6 va -2.987 α 0.097 τ 0.33 (18s)
[  258.7s] [mE1cX7 202501] ep7 va -3.854 α 0.097 τ 0.30 (19s)
[  277.2s] [mE1cX7 202501] ep8 va -3.201 α 0.097 τ 0.27 (18s)
[  296.0s] [mE1cX7 202501] ep9 va -3.698 α 0.097 τ 0.24 (19s)
[  314.8s] [mE1cX7 202501] ep10 va -3.395 α 0.097 τ 0.21 (19s)
[  333.0s] [mE1cX7 202501] ep11 va -3.395 α 0.096 τ 0.19 (18s)
[  351.1s] [mE1cX7 202501] ep12 va -3.581 α 0.096 τ 0.16 (18s)
[  369.1s] [mE1cX7 202501] ep13 va -3.351 α 0.096 τ 0.13 (18s)
[  387.4s] [mE1cX7 202501] ep14 va -3.359 α 0.096 τ 0.10 (18s)
[  388.9s] == mE1cX7 202501: net +0.438 bps/锚 ES5 21.17 换手 0.0699 α* 0.0967 best_ep 7 wall 360s
[  389.0s] MWF_TRAIN_DONE mE1cX7 s42 folds 1 月均净 +0.438 bps/锚(训练帧, 非终审)
