[    6.3s] rows 2753289 cols 171 anchors 10212 med|y| 0.00888
[    8.1s] MWF start tag mE1cX7 embargo 1 months [202304, 202308, 202312, 202404, 202408, 202412] base_sha 93cc2cdf925a self_sha 0e405b971513 torch 2.11.0+cu128 gpu NVIDIA RTX PRO 4500 Blackwell
[    8.1s] CAUSALITY ASSERT mE1cX7 202304: n_train 2717 max_train_idx 2716 (2023-03-31 16:00) max_train_label_end 2023-03-31 20:00 <= cutoff 2023-03-31 20:00 (= first_test 2023-04-01 00:00 - 1 anchors) OK
/workspace/object_b_2026-09-19/devices/pod_f10_train_monthly_ext.py:374: UserWarning: Converting a tensor with requires_grad=True to a scalar may lead to unexpected behavior.
Consider using tensor.detach() first. (Triggered internally at /pytorch/torch/csrc/autograd/generated/python_variable_methods.cpp:836.)
  al = float(mdl.alpha()); va_curve.append(round(va, 4)); alist.append(round(al, 4)); ep_s.append(round(time.time() - t0, 1))
[   29.8s] [mE1cX7 202304] ep0 va -6.695 α 0.099 τ 0.50 (11s)
[   39.6s] [mE1cX7 202304] ep1 va -6.972 α 0.098 τ 0.47 (10s)
[   49.4s] [mE1cX7 202304] ep2 va -7.354 α 0.098 τ 0.44 (10s)
[   59.6s] [mE1cX7 202304] ep3 va -7.274 α 0.097 τ 0.41 (10s)
[   70.1s] [mE1cX7 202304] ep4 va -7.189 α 0.097 τ 0.39 (10s)
[   79.2s] [mE1cX7 202304] ep5 va -7.137 α 0.097 τ 0.36 (9s)
[   88.6s] [mE1cX7 202304] ep6 va -7.468 α 0.097 τ 0.33 (9s)
[   98.4s] [mE1cX7 202304] ep7 va -7.741 α 0.097 τ 0.30 (10s)
[  108.4s] [mE1cX7 202304] ep8 va -8.045 α 0.097 τ 0.27 (10s)
[  118.3s] [mE1cX7 202304] ep9 va -8.000 α 0.097 τ 0.24 (10s)
[  127.8s] [mE1cX7 202304] ep10 va -7.893 α 0.097 τ 0.21 (10s)
[  137.4s] [mE1cX7 202304] ep11 va -7.969 α 0.097 τ 0.19 (10s)
[  147.0s] [mE1cX7 202304] ep12 va -7.735 α 0.098 τ 0.16 (10s)
[  156.6s] [mE1cX7 202304] ep13 va -7.787 α 0.098 τ 0.13 (10s)
[  166.1s] [mE1cX7 202304] ep14 va -7.802 α 0.098 τ 0.10 (9s)
[  173.7s] == mE1cX7 202304: net +1.011 bps/锚 ES5 17.97 换手 0.0740 α* 0.097 best_ep 7 wall 147s
[  173.7s] CAUSALITY ASSERT mE1cX7 202308: n_train 3449 max_train_idx 3448 (2023-07-31 16:00) max_train_label_end 2023-07-31 20:00 <= cutoff 2023-07-31 20:00 (= first_test 2023-08-01 00:00 - 1 anchors) OK
[  186.4s] [mE1cX7 202308] ep0 va -3.854 α 0.099 τ 0.50 (13s)
[  198.8s] [mE1cX7 202308] ep1 va -3.435 α 0.098 τ 0.47 (12s)
[  211.2s] [mE1cX7 202308] ep2 va -3.088 α 0.097 τ 0.44 (12s)
[  223.8s] [mE1cX7 202308] ep3 va -2.299 α 0.097 τ 0.41 (13s)
[  236.2s] [mE1cX7 202308] ep4 va -2.248 α 0.096 τ 0.39 (12s)
[  248.6s] [mE1cX7 202308] ep5 va -4.240 α 0.096 τ 0.36 (12s)
[  261.5s] [mE1cX7 202308] ep6 va -2.922 α 0.096 τ 0.33 (13s)
[  272.8s] [mE1cX7 202308] ep7 va -2.807 α 0.096 τ 0.30 (11s)
[  284.8s] [mE1cX7 202308] ep8 va -3.985 α 0.096 τ 0.27 (12s)
[  297.3s] [mE1cX7 202308] ep9 va -3.125 α 0.095 τ 0.24 (13s)
[  310.0s] [mE1cX7 202308] ep10 va -2.934 α 0.095 τ 0.21 (13s)
[  322.5s] [mE1cX7 202308] ep11 va -3.259 α 0.095 τ 0.19 (12s)
[  335.1s] [mE1cX7 202308] ep12 va -3.107 α 0.095 τ 0.16 (13s)
[  347.5s] [mE1cX7 202308] ep13 va -3.330 α 0.095 τ 0.13 (12s)
[  360.3s] [mE1cX7 202308] ep14 va -3.253 α 0.095 τ 0.10 (13s)
[  367.1s] == mE1cX7 202308: net -0.241 bps/锚 ES5 13.27 换手 0.0734 α* 0.0956 best_ep 7 wall 187s
[  367.1s] CAUSALITY ASSERT mE1cX7 202312: n_train 4181 max_train_idx 4180 (2023-11-30 16:00) max_train_label_end 2023-11-30 20:00 <= cutoff 2023-11-30 20:00 (= first_test 2023-12-01 00:00 - 1 anchors) OK
[  381.9s] [mE1cX7 202312] ep0 va -4.451 α 0.099 τ 0.50 (15s)
[  397.4s] [mE1cX7 202312] ep1 va -3.932 α 0.097 τ 0.47 (16s)
[  413.3s] [mE1cX7 202312] ep2 va -3.771 α 0.096 τ 0.44 (16s)
[  429.3s] [mE1cX7 202312] ep3 va -3.280 α 0.095 τ 0.41 (16s)
[  444.5s] [mE1cX7 202312] ep4 va -3.077 α 0.095 τ 0.39 (15s)
[  460.0s] [mE1cX7 202312] ep5 va -3.471 α 0.094 τ 0.36 (15s)
[  475.6s] [mE1cX7 202312] ep6 va -3.224 α 0.094 τ 0.33 (16s)
[  491.0s] [mE1cX7 202312] ep7 va -3.618 α 0.094 τ 0.30 (15s)
[  505.6s] [mE1cX7 202312] ep8 va -3.555 α 0.094 τ 0.27 (15s)
[  521.1s] [mE1cX7 202312] ep9 va -3.495 α 0.094 τ 0.24 (16s)
[  536.3s] [mE1cX7 202312] ep10 va -3.569 α 0.094 τ 0.21 (15s)
[  551.6s] [mE1cX7 202312] ep11 va -3.506 α 0.094 τ 0.19 (15s)
[  567.8s] [mE1cX7 202312] ep12 va -3.474 α 0.094 τ 0.16 (16s)
[  583.4s] [mE1cX7 202312] ep13 va -3.420 α 0.094 τ 0.13 (16s)
[  598.6s] [mE1cX7 202312] ep14 va -3.466 α 0.094 τ 0.10 (15s)
[  604.7s] == mE1cX7 202312: net +0.979 bps/锚 ES5 33.45 换手 0.0185 α* 0.0939 best_ep 7 wall 232s
[  604.7s] CAUSALITY ASSERT mE1cX7 202404: n_train 4913 max_train_idx 4912 (2024-03-31 16:00) max_train_label_end 2024-03-31 20:00 <= cutoff 2024-03-31 20:00 (= first_test 2024-04-01 00:00 - 1 anchors) OK
[  622.9s] [mE1cX7 202404] ep0 va -8.893 α 0.098 τ 0.50 (18s)
[  640.2s] [mE1cX7 202404] ep1 va -8.509 α 0.097 τ 0.47 (17s)
[  658.4s] [mE1cX7 202404] ep2 va -8.584 α 0.096 τ 0.44 (18s)
[  676.3s] [mE1cX7 202404] ep3 va -8.312 α 0.095 τ 0.41 (18s)
[  694.4s] [mE1cX7 202404] ep4 va -8.569 α 0.094 τ 0.39 (18s)
[  713.5s] [mE1cX7 202404] ep5 va -8.436 α 0.094 τ 0.36 (19s)
[  733.0s] [mE1cX7 202404] ep6 va -8.291 α 0.093 τ 0.33 (19s)
[  753.1s] [mE1cX7 202404] ep7 va -8.330 α 0.093 τ 0.30 (20s)
[  772.2s] [mE1cX7 202404] ep8 va -8.462 α 0.093 τ 0.27 (19s)
[  791.2s] [mE1cX7 202404] ep9 va -8.202 α 0.093 τ 0.24 (19s)
[  811.2s] [mE1cX7 202404] ep10 va -8.305 α 0.093 τ 0.21 (20s)
[  830.6s] [mE1cX7 202404] ep11 va -8.410 α 0.093 τ 0.19 (19s)
[  850.2s] [mE1cX7 202404] ep12 va -8.500 α 0.093 τ 0.16 (20s)
[  870.1s] [mE1cX7 202404] ep13 va -8.407 α 0.093 τ 0.13 (20s)
[  889.5s] [mE1cX7 202404] ep14 va -8.405 α 0.093 τ 0.10 (19s)
[  895.5s] == mE1cX7 202404: net -0.986 bps/锚 ES5 41.20 换手 0.0497 α* 0.093 best_ep 7 wall 285s
[  895.5s] CAUSALITY ASSERT mE1cX7 202408: n_train 5645 max_train_idx 5644 (2024-07-31 16:00) max_train_label_end 2024-07-31 20:00 <= cutoff 2024-07-31 20:00 (= first_test 2024-08-01 00:00 - 1 anchors) OK
[  917.0s] [mE1cX7 202408] ep0 va -7.345 α 0.100 τ 0.50 (21s)
[  938.2s] [mE1cX7 202408] ep1 va -7.036 α 0.099 τ 0.47 (21s)
[  958.7s] [mE1cX7 202408] ep2 va -6.567 α 0.099 τ 0.44 (20s)
[  979.9s] [mE1cX7 202408] ep3 va -7.031 α 0.098 τ 0.41 (21s)
[ 1001.1s] [mE1cX7 202408] ep4 va -6.877 α 0.098 τ 0.39 (21s)
[ 1022.5s] [mE1cX7 202408] ep5 va -6.654 α 0.098 τ 0.36 (21s)
[ 1043.8s] [mE1cX7 202408] ep6 va -6.906 α 0.097 τ 0.33 (21s)
[ 1065.1s] [mE1cX7 202408] ep7 va -7.299 α 0.097 τ 0.30 (21s)
[ 1085.7s] [mE1cX7 202408] ep8 va -7.154 α 0.097 τ 0.27 (21s)
[ 1107.6s] [mE1cX7 202408] ep9 va -6.907 α 0.097 τ 0.24 (22s)
[ 1128.9s] [mE1cX7 202408] ep10 va -7.335 α 0.097 τ 0.21 (21s)
[ 1150.2s] [mE1cX7 202408] ep11 va -7.398 α 0.097 τ 0.19 (21s)
[ 1169.5s] [mE1cX7 202408] ep12 va -7.245 α 0.097 τ 0.16 (19s)
[ 1187.6s] [mE1cX7 202408] ep13 va -7.194 α 0.097 τ 0.13 (18s)
[ 1206.6s] [mE1cX7 202408] ep14 va -7.201 α 0.097 τ 0.10 (19s)
[ 1209.6s] == mE1cX7 202408: net -0.000 bps/锚 ES5 18.90 换手 0.0745 α* 0.0973 best_ep 7 wall 311s
[ 1209.6s] CAUSALITY ASSERT mE1cX7 202412: n_train 6377 max_train_idx 6376 (2024-11-30 16:00) max_train_label_end 2024-11-30 20:00 <= cutoff 2024-11-30 20:00 (= first_test 2024-12-01 00:00 - 1 anchors) OK
[ 1230.4s] [mE1cX7 202412] ep0 va -4.103 α 0.099 τ 0.50 (21s)
[ 1251.7s] [mE1cX7 202412] ep1 va -3.618 α 0.099 τ 0.47 (21s)
[ 1271.6s] [mE1cX7 202412] ep2 va -3.619 α 0.098 τ 0.44 (20s)
[ 1290.1s] [mE1cX7 202412] ep3 va -4.662 α 0.098 τ 0.41 (19s)
[ 1309.4s] [mE1cX7 202412] ep4 va -3.758 α 0.097 τ 0.39 (19s)
[ 1328.0s] [mE1cX7 202412] ep5 va -4.922 α 0.097 τ 0.36 (19s)
[ 1347.1s] [mE1cX7 202412] ep6 va -3.612 α 0.097 τ 0.33 (19s)
[ 1366.1s] [mE1cX7 202412] ep7 va -3.738 α 0.096 τ 0.30 (19s)
[ 1385.1s] [mE1cX7 202412] ep8 va -3.917 α 0.096 τ 0.27 (19s)
[ 1404.0s] [mE1cX7 202412] ep9 va -4.066 α 0.096 τ 0.24 (19s)
[ 1422.0s] [mE1cX7 202412] ep10 va -4.094 α 0.096 τ 0.21 (18s)
[ 1440.3s] [mE1cX7 202412] ep11 va -4.265 α 0.096 τ 0.19 (18s)
[ 1458.0s] [mE1cX7 202412] ep12 va -4.315 α 0.096 τ 0.16 (18s)
[ 1475.7s] [mE1cX7 202412] ep13 va -4.182 α 0.096 τ 0.13 (18s)
[ 1494.5s] [mE1cX7 202412] ep14 va -4.221 α 0.096 τ 0.10 (19s)
[ 1496.1s] == mE1cX7 202412: net +0.742 bps/锚 ES5 20.88 换手 0.0715 α* 0.0965 best_ep 7 wall 285s
[ 1496.1s] MWF_TRAIN_DONE mE1cX7 s42 folds 6 月均净 +0.251 bps/锚(训练帧, 非终审)
