[    4.0s] rows 2753289 cols 171 anchors 10212 med|y| 0.00888
[    5.3s] MWF start tag mE1cX7 embargo 1 months [202302, 202306, 202310, 202402, 202406, 202410] base_sha 93cc2cdf925a self_sha 0e405b971513 torch 2.11.0+cu128 gpu NVIDIA RTX PRO 4500 Blackwell
[    5.3s] CAUSALITY ASSERT mE1cX7 202302: n_train 2363 max_train_idx 2362 (2023-01-31 16:00) max_train_label_end 2023-01-31 20:00 <= cutoff 2023-01-31 20:00 (= first_test 2023-02-01 00:00 - 1 anchors) OK
/workspace/object_b_2026-09-19/devices/pod_f10_train_monthly_ext.py:374: UserWarning: Converting a tensor with requires_grad=True to a scalar may lead to unexpected behavior.
Consider using tensor.detach() first. (Triggered internally at /pytorch/torch/csrc/autograd/generated/python_variable_methods.cpp:836.)
  al = float(mdl.alpha()); va_curve.append(round(va, 4)); alist.append(round(al, 4)); ep_s.append(round(time.time() - t0, 1))
[   20.1s] [mE1cX7 202302] ep0 va -5.273 α 0.099 τ 0.50 (7s)
[   26.8s] [mE1cX7 202302] ep1 va -4.382 α 0.099 τ 0.47 (7s)
[   33.5s] [mE1cX7 202302] ep2 va -4.619 α 0.098 τ 0.44 (7s)
[   40.7s] [mE1cX7 202302] ep3 va -4.510 α 0.098 τ 0.41 (7s)
[   47.2s] [mE1cX7 202302] ep4 va -5.050 α 0.098 τ 0.39 (7s)
[   53.8s] [mE1cX7 202302] ep5 va -4.452 α 0.098 τ 0.36 (7s)
[   60.1s] [mE1cX7 202302] ep6 va -4.678 α 0.098 τ 0.33 (6s)
[   66.5s] [mE1cX7 202302] ep7 va -4.503 α 0.098 τ 0.30 (6s)
[   73.0s] [mE1cX7 202302] ep8 va -4.565 α 0.098 τ 0.27 (6s)
[   80.1s] [mE1cX7 202302] ep9 va -4.898 α 0.099 τ 0.24 (7s)
[   87.8s] [mE1cX7 202302] ep10 va -5.060 α 0.099 τ 0.21 (8s)
[   95.1s] [mE1cX7 202302] ep11 va -4.895 α 0.099 τ 0.19 (7s)
[  102.6s] [mE1cX7 202302] ep12 va -4.784 α 0.099 τ 0.16 (7s)
[  109.9s] [mE1cX7 202302] ep13 va -4.881 α 0.099 τ 0.13 (7s)
[  117.8s] [mE1cX7 202302] ep14 va -4.862 α 0.099 τ 0.10 (8s)
[  122.3s] == mE1cX7 202302: net +0.362 bps/锚 ES5 27.90 换手 0.0786 α* 0.0982 best_ep 7 wall 105s
[  122.3s] CAUSALITY ASSERT mE1cX7 202306: n_train 3083 max_train_idx 3082 (2023-05-31 16:00) max_train_label_end 2023-05-31 20:00 <= cutoff 2023-05-31 20:00 (= first_test 2023-06-01 00:00 - 1 anchors) OK
[  132.2s] [mE1cX7 202306] ep0 va -5.809 α 0.099 τ 0.50 (10s)
[  142.2s] [mE1cX7 202306] ep1 va -3.597 α 0.098 τ 0.47 (10s)
[  152.8s] [mE1cX7 202306] ep2 va -2.889 α 0.098 τ 0.44 (11s)
[  163.9s] [mE1cX7 202306] ep3 va -3.465 α 0.097 τ 0.41 (11s)
[  175.0s] [mE1cX7 202306] ep4 va -2.607 α 0.096 τ 0.39 (11s)
[  186.0s] [mE1cX7 202306] ep5 va -2.785 α 0.096 τ 0.36 (11s)
[  197.4s] [mE1cX7 202306] ep6 va -3.639 α 0.096 τ 0.33 (11s)
[  207.2s] [mE1cX7 202306] ep7 va -3.122 α 0.096 τ 0.30 (10s)
[  217.8s] [mE1cX7 202306] ep8 va -3.176 α 0.096 τ 0.27 (11s)
[  228.6s] [mE1cX7 202306] ep9 va -2.781 α 0.096 τ 0.24 (11s)
[  239.9s] [mE1cX7 202306] ep10 va -2.878 α 0.096 τ 0.21 (11s)
[  250.9s] [mE1cX7 202306] ep11 va -2.677 α 0.096 τ 0.19 (11s)
[  262.0s] [mE1cX7 202306] ep12 va -2.592 α 0.096 τ 0.16 (11s)
[  273.1s] [mE1cX7 202306] ep13 va -2.593 α 0.096 τ 0.13 (11s)
[  284.5s] [mE1cX7 202306] ep14 va -2.598 α 0.096 τ 0.10 (11s)
[  290.7s] == mE1cX7 202306: net +0.405 bps/锚 ES5 15.48 换手 0.0722 α* 0.0958 best_ep 7 wall 162s
[  290.7s] CAUSALITY ASSERT mE1cX7 202310: n_train 3815 max_train_idx 3814 (2023-09-30 16:00) max_train_label_end 2023-09-30 20:00 <= cutoff 2023-09-30 20:00 (= first_test 2023-10-01 00:00 - 1 anchors) OK
[  303.9s] [mE1cX7 202310] ep0 va -3.704 α 0.099 τ 0.50 (13s)
[  317.7s] [mE1cX7 202310] ep1 va -3.545 α 0.098 τ 0.47 (14s)
[  331.5s] [mE1cX7 202310] ep2 va -3.541 α 0.097 τ 0.44 (14s)
[  345.7s] [mE1cX7 202310] ep3 va -3.166 α 0.096 τ 0.41 (14s)
[  359.6s] [mE1cX7 202310] ep4 va -2.873 α 0.096 τ 0.39 (14s)
[  373.5s] [mE1cX7 202310] ep5 va -3.609 α 0.095 τ 0.36 (14s)
[  387.7s] [mE1cX7 202310] ep6 va -3.366 α 0.095 τ 0.33 (14s)
[  401.2s] [mE1cX7 202310] ep7 va -3.572 α 0.095 τ 0.30 (13s)
[  414.8s] [mE1cX7 202310] ep8 va -3.431 α 0.095 τ 0.27 (14s)
[  428.7s] [mE1cX7 202310] ep9 va -3.407 α 0.095 τ 0.24 (14s)
[  443.1s] [mE1cX7 202310] ep10 va -3.372 α 0.095 τ 0.21 (14s)
[  457.3s] [mE1cX7 202310] ep11 va -3.467 α 0.095 τ 0.19 (14s)
[  471.2s] [mE1cX7 202310] ep12 va -3.339 α 0.095 τ 0.16 (14s)
[  484.8s] [mE1cX7 202310] ep13 va -3.377 α 0.095 τ 0.13 (14s)
[  498.6s] [mE1cX7 202310] ep14 va -3.355 α 0.095 τ 0.10 (14s)
[  505.1s] == mE1cX7 202310: net -0.145 bps/锚 ES5 14.27 换手 0.0730 α* 0.0949 best_ep 7 wall 208s
[  505.1s] CAUSALITY ASSERT mE1cX7 202402: n_train 4553 max_train_idx 4552 (2024-01-31 16:00) max_train_label_end 2024-01-31 20:00 <= cutoff 2024-01-31 20:00 (= first_test 2024-02-01 00:00 - 1 anchors) OK
[  521.3s] [mE1cX7 202402] ep0 va -7.557 α 0.099 τ 0.50 (16s)
[  538.5s] [mE1cX7 202402] ep1 va -7.559 α 0.097 τ 0.47 (17s)
[  554.7s] [mE1cX7 202402] ep2 va -7.451 α 0.096 τ 0.44 (16s)
[  571.2s] [mE1cX7 202402] ep3 va -7.461 α 0.095 τ 0.41 (16s)
[  587.4s] [mE1cX7 202402] ep4 va -7.480 α 0.095 τ 0.39 (16s)
[  603.9s] [mE1cX7 202402] ep5 va -7.377 α 0.094 τ 0.36 (17s)
[  620.2s] [mE1cX7 202402] ep6 va -7.389 α 0.094 τ 0.33 (16s)
[  637.0s] [mE1cX7 202402] ep7 va -7.332 α 0.094 τ 0.30 (17s)
[  653.0s] [mE1cX7 202402] ep8 va -7.357 α 0.094 τ 0.27 (16s)
[  669.5s] [mE1cX7 202402] ep9 va -7.380 α 0.094 τ 0.24 (17s)
[  686.8s] [mE1cX7 202402] ep10 va -7.422 α 0.094 τ 0.21 (17s)
[  703.5s] [mE1cX7 202402] ep11 va -7.318 α 0.094 τ 0.19 (17s)
[  720.2s] [mE1cX7 202402] ep12 va -7.340 α 0.094 τ 0.16 (17s)
[  737.1s] [mE1cX7 202402] ep13 va -7.309 α 0.094 τ 0.13 (17s)
[  753.6s] [mE1cX7 202402] ep14 va -7.300 α 0.094 τ 0.10 (16s)
[  759.8s] == mE1cX7 202402: net +0.966 bps/锚 ES5 43.34 换手 0.0465 α* 0.0937 best_ep 7 wall 248s
[  759.8s] CAUSALITY ASSERT mE1cX7 202406: n_train 5279 max_train_idx 5278 (2024-05-31 16:00) max_train_label_end 2024-05-31 20:00 <= cutoff 2024-05-31 20:00 (= first_test 2024-06-01 00:00 - 1 anchors) OK
[  778.9s] [mE1cX7 202406] ep0 va -9.237 α 0.100 τ 0.50 (19s)
[  798.0s] [mE1cX7 202406] ep1 va -8.665 α 0.099 τ 0.47 (19s)
[  817.4s] [mE1cX7 202406] ep2 va -8.656 α 0.099 τ 0.44 (19s)
[  838.5s] [mE1cX7 202406] ep3 va -8.823 α 0.098 τ 0.41 (21s)
[  859.1s] [mE1cX7 202406] ep4 va -8.548 α 0.098 τ 0.39 (21s)
[  879.6s] [mE1cX7 202406] ep5 va -8.520 α 0.097 τ 0.36 (21s)
[  899.8s] [mE1cX7 202406] ep6 va -8.600 α 0.097 τ 0.33 (20s)
[  921.1s] [mE1cX7 202406] ep7 va -8.480 α 0.097 τ 0.30 (21s)
[  942.3s] [mE1cX7 202406] ep8 va -8.955 α 0.097 τ 0.27 (21s)
[  962.9s] [mE1cX7 202406] ep9 va -8.529 α 0.097 τ 0.24 (21s)
[  984.0s] [mE1cX7 202406] ep10 va -8.704 α 0.097 τ 0.21 (21s)
[ 1004.3s] [mE1cX7 202406] ep11 va -8.772 α 0.097 τ 0.19 (20s)
[ 1023.9s] [mE1cX7 202406] ep12 va -8.949 α 0.097 τ 0.16 (20s)
[ 1043.5s] [mE1cX7 202406] ep13 va -8.840 α 0.097 τ 0.13 (20s)
[ 1063.4s] [mE1cX7 202406] ep14 va -8.854 α 0.097 τ 0.10 (20s)
[ 1068.8s] == mE1cX7 202406: net +0.626 bps/锚 ES5 16.33 换手 0.0622 α* 0.097 best_ep 7 wall 304s
[ 1068.8s] CAUSALITY ASSERT mE1cX7 202410: n_train 6011 max_train_idx 6010 (2024-09-30 16:00) max_train_label_end 2024-09-30 20:00 <= cutoff 2024-09-30 20:00 (= first_test 2024-10-01 00:00 - 1 anchors) OK
[ 1091.7s] [mE1cX7 202410] ep0 va -5.480 α 0.100 τ 0.50 (23s)
[ 1114.2s] [mE1cX7 202410] ep1 va -5.379 α 0.099 τ 0.47 (22s)
[ 1137.8s] [mE1cX7 202410] ep2 va -4.351 α 0.099 τ 0.44 (24s)
[ 1159.9s] [mE1cX7 202410] ep3 va -4.531 α 0.098 τ 0.41 (22s)
[ 1182.9s] [mE1cX7 202410] ep4 va -4.741 α 0.098 τ 0.39 (23s)
[ 1205.4s] [mE1cX7 202410] ep5 va -4.805 α 0.098 τ 0.36 (23s)
[ 1227.3s] [mE1cX7 202410] ep6 va -4.855 α 0.097 τ 0.33 (22s)
[ 1249.9s] [mE1cX7 202410] ep7 va -4.516 α 0.097 τ 0.30 (23s)
[ 1271.9s] [mE1cX7 202410] ep8 va -4.776 α 0.097 τ 0.27 (22s)
[ 1292.4s] [mE1cX7 202410] ep9 va -4.407 α 0.097 τ 0.24 (21s)
[ 1311.6s] [mE1cX7 202410] ep10 va -4.494 α 0.097 τ 0.21 (19s)
[ 1331.2s] [mE1cX7 202410] ep11 va -4.310 α 0.097 τ 0.19 (20s)
[ 1350.7s] [mE1cX7 202410] ep12 va -4.439 α 0.097 τ 0.16 (19s)
[ 1370.5s] [mE1cX7 202410] ep13 va -4.366 α 0.097 τ 0.13 (20s)
[ 1390.0s] [mE1cX7 202410] ep14 va -4.369 α 0.097 τ 0.10 (19s)
[ 1392.7s] == mE1cX7 202410: net +0.996 bps/锚 ES5 12.92 换手 0.0676 α* 0.0973 best_ep 7 wall 321s
[ 1392.7s] MWF_TRAIN_DONE mE1cX7 s42 folds 6 月均净 +0.535 bps/锚(训练帧, 非终审)
