[    6.2s] rows 2753289 cols 171 anchors 10212 med|y| 0.00888
[    8.0s] MWF start tag mE1cX7 embargo 1 months [202301, 202305, 202309, 202401, 202405, 202409] base_sha 93cc2cdf925a self_sha 0e405b971513 torch 2.11.0+cu128 gpu NVIDIA RTX PRO 4500 Blackwell
[    8.0s] CAUSALITY ASSERT mE1cX7 202301: n_train 2177 max_train_idx 2176 (2022-12-31 16:00) max_train_label_end 2022-12-31 20:00 <= cutoff 2022-12-31 20:00 (= first_test 2023-01-01 00:00 - 1 anchors) OK
/workspace/object_b_2026-09-19/devices/pod_f10_train_monthly_ext.py:374: UserWarning: Converting a tensor with requires_grad=True to a scalar may lead to unexpected behavior.
Consider using tensor.detach() first. (Triggered internally at /pytorch/torch/csrc/autograd/generated/python_variable_methods.cpp:836.)
  al = float(mdl.alpha()); va_curve.append(round(va, 4)); alist.append(round(al, 4)); ep_s.append(round(time.time() - t0, 1))
[   26.0s] [mE1cX7 202301] ep0 va -9.040 α 0.099 τ 0.50 (8s)
[   32.0s] [mE1cX7 202301] ep1 va -6.649 α 0.099 τ 0.47 (6s)
[   38.1s] [mE1cX7 202301] ep2 va -5.050 α 0.098 τ 0.44 (6s)
[   44.3s] [mE1cX7 202301] ep3 va -5.014 α 0.098 τ 0.41 (6s)
[   50.2s] [mE1cX7 202301] ep4 va -4.475 α 0.098 τ 0.39 (6s)
[   55.9s] [mE1cX7 202301] ep5 va -6.043 α 0.098 τ 0.36 (6s)
[   61.7s] [mE1cX7 202301] ep6 va -3.803 α 0.098 τ 0.33 (6s)
[   67.4s] [mE1cX7 202301] ep7 va -3.868 α 0.098 τ 0.30 (6s)
[   73.6s] [mE1cX7 202301] ep8 va -3.949 α 0.098 τ 0.27 (6s)
[   79.6s] [mE1cX7 202301] ep9 va -4.347 α 0.099 τ 0.24 (6s)
[   85.7s] [mE1cX7 202301] ep10 va -4.432 α 0.099 τ 0.21 (6s)
[   91.8s] [mE1cX7 202301] ep11 va -3.767 α 0.099 τ 0.19 (6s)
[   97.9s] [mE1cX7 202301] ep12 va -3.953 α 0.099 τ 0.16 (6s)
[  104.0s] [mE1cX7 202301] ep13 va -3.963 α 0.099 τ 0.13 (6s)
[  110.1s] [mE1cX7 202301] ep14 va -3.923 α 0.099 τ 0.10 (6s)
[  113.2s] == mE1cX7 202301: net -0.086 bps/锚 ES5 21.17 换手 0.0793 α* 0.0981 best_ep 7 wall 92s
[  113.2s] CAUSALITY ASSERT mE1cX7 202305: n_train 2897 max_train_idx 2896 (2023-04-30 16:00) max_train_label_end 2023-04-30 20:00 <= cutoff 2023-04-30 20:00 (= first_test 2023-05-01 00:00 - 1 anchors) OK
[  121.3s] [mE1cX7 202305] ep0 va -5.803 α 0.099 τ 0.50 (8s)
[  129.4s] [mE1cX7 202305] ep1 va -5.203 α 0.098 τ 0.47 (8s)
[  138.5s] [mE1cX7 202305] ep2 va -5.587 α 0.097 τ 0.44 (9s)
[  147.6s] [mE1cX7 202305] ep3 va -5.038 α 0.097 τ 0.41 (9s)
[  156.5s] [mE1cX7 202305] ep4 va -5.414 α 0.096 τ 0.39 (9s)
[  165.7s] [mE1cX7 202305] ep5 va -4.580 α 0.096 τ 0.36 (9s)
[  174.9s] [mE1cX7 202305] ep6 va -5.680 α 0.096 τ 0.33 (9s)
[  183.7s] [mE1cX7 202305] ep7 va -5.587 α 0.096 τ 0.30 (9s)
[  192.5s] [mE1cX7 202305] ep8 va -5.726 α 0.096 τ 0.27 (9s)
[  201.8s] [mE1cX7 202305] ep9 va -5.835 α 0.096 τ 0.24 (9s)
[  211.9s] [mE1cX7 202305] ep10 va -5.070 α 0.096 τ 0.21 (10s)
[  222.0s] [mE1cX7 202305] ep11 va -5.404 α 0.096 τ 0.19 (10s)
[  232.4s] [mE1cX7 202305] ep12 va -5.595 α 0.096 τ 0.16 (10s)
[  242.6s] [mE1cX7 202305] ep13 va -5.488 α 0.096 τ 0.13 (10s)
[  253.0s] [mE1cX7 202305] ep14 va -5.466 α 0.096 τ 0.10 (10s)
[  260.5s] == mE1cX7 202305: net +0.206 bps/锚 ES5 11.22 换手 0.0740 α* 0.0959 best_ep 7 wall 140s
[  260.5s] CAUSALITY ASSERT mE1cX7 202309: n_train 3635 max_train_idx 3634 (2023-08-31 16:00) max_train_label_end 2023-08-31 20:00 <= cutoff 2023-08-31 20:00 (= first_test 2023-09-01 00:00 - 1 anchors) OK
[  272.8s] [mE1cX7 202309] ep0 va -3.953 α 0.099 τ 0.50 (12s)
[  285.9s] [mE1cX7 202309] ep1 va -3.525 α 0.098 τ 0.47 (13s)
[  298.6s] [mE1cX7 202309] ep2 va -3.022 α 0.097 τ 0.44 (13s)
[  312.0s] [mE1cX7 202309] ep3 va -2.545 α 0.096 τ 0.41 (13s)
[  325.3s] [mE1cX7 202309] ep4 va -2.624 α 0.096 τ 0.39 (13s)
[  338.4s] [mE1cX7 202309] ep5 va -2.967 α 0.095 τ 0.36 (13s)
[  351.2s] [mE1cX7 202309] ep6 va -3.169 α 0.095 τ 0.33 (13s)
[  364.1s] [mE1cX7 202309] ep7 va -3.345 α 0.095 τ 0.30 (13s)
[  377.3s] [mE1cX7 202309] ep8 va -2.496 α 0.095 τ 0.27 (13s)
[  390.6s] [mE1cX7 202309] ep9 va -3.787 α 0.095 τ 0.24 (13s)
[  403.7s] [mE1cX7 202309] ep10 va -3.226 α 0.095 τ 0.21 (13s)
[  416.8s] [mE1cX7 202309] ep11 va -3.355 α 0.095 τ 0.19 (13s)
[  430.0s] [mE1cX7 202309] ep12 va -3.073 α 0.095 τ 0.16 (13s)
[  443.1s] [mE1cX7 202309] ep13 va -3.130 α 0.095 τ 0.13 (13s)
[  455.4s] [mE1cX7 202309] ep14 va -3.133 α 0.095 τ 0.10 (12s)
[  461.9s] == mE1cX7 202309: net +0.665 bps/锚 ES5 14.13 换手 0.0702 α* 0.0949 best_ep 7 wall 195s
[  461.9s] CAUSALITY ASSERT mE1cX7 202401: n_train 4367 max_train_idx 4366 (2023-12-31 16:00) max_train_label_end 2023-12-31 20:00 <= cutoff 2023-12-31 20:00 (= first_test 2024-01-01 00:00 - 1 anchors) OK
[  477.8s] [mE1cX7 202401] ep0 va -6.053 α 0.099 τ 0.50 (16s)
[  493.5s] [mE1cX7 202401] ep1 va -5.741 α 0.097 τ 0.47 (16s)
[  509.2s] [mE1cX7 202401] ep2 va -5.763 α 0.096 τ 0.44 (16s)
[  524.9s] [mE1cX7 202401] ep3 va -5.765 α 0.095 τ 0.41 (16s)
[  541.1s] [mE1cX7 202401] ep4 va -5.732 α 0.095 τ 0.39 (16s)
[  556.2s] [mE1cX7 202401] ep5 va -5.663 α 0.094 τ 0.36 (15s)
[  572.0s] [mE1cX7 202401] ep6 va -5.882 α 0.094 τ 0.33 (16s)
[  588.1s] [mE1cX7 202401] ep7 va -5.562 α 0.094 τ 0.30 (16s)
[  604.6s] [mE1cX7 202401] ep8 va -5.479 α 0.093 τ 0.27 (16s)
[  620.9s] [mE1cX7 202401] ep9 va -5.661 α 0.093 τ 0.24 (16s)
[  637.0s] [mE1cX7 202401] ep10 va -5.678 α 0.093 τ 0.21 (16s)
[  653.7s] [mE1cX7 202401] ep11 va -5.676 α 0.093 τ 0.19 (17s)
[  669.9s] [mE1cX7 202401] ep12 va -5.549 α 0.093 τ 0.16 (16s)
[  685.5s] [mE1cX7 202401] ep13 va -5.534 α 0.093 τ 0.13 (16s)
[  702.0s] [mE1cX7 202401] ep14 va -5.533 α 0.093 τ 0.10 (17s)
[  708.2s] == mE1cX7 202401: net +1.309 bps/锚 ES5 40.78 换手 0.0143 α* 0.0935 best_ep 7 wall 240s
[  708.2s] CAUSALITY ASSERT mE1cX7 202405: n_train 5093 max_train_idx 5092 (2024-04-30 16:00) max_train_label_end 2024-04-30 20:00 <= cutoff 2024-04-30 20:00 (= first_test 2024-05-01 00:00 - 1 anchors) OK
[  726.8s] [mE1cX7 202405] ep0 va -10.219 α 0.099 τ 0.50 (19s)
[  746.3s] [mE1cX7 202405] ep1 va -9.731 α 0.098 τ 0.47 (20s)
[  765.0s] [mE1cX7 202405] ep2 va -9.732 α 0.098 τ 0.44 (19s)
[  783.1s] [mE1cX7 202405] ep3 va -9.760 α 0.097 τ 0.41 (18s)
[  802.5s] [mE1cX7 202405] ep4 va -9.696 α 0.097 τ 0.39 (19s)
[  820.8s] [mE1cX7 202405] ep5 va -9.498 α 0.096 τ 0.36 (18s)
[  840.4s] [mE1cX7 202405] ep6 va -9.087 α 0.096 τ 0.33 (20s)
[  859.2s] [mE1cX7 202405] ep7 va -9.316 α 0.096 τ 0.30 (19s)
[  878.4s] [mE1cX7 202405] ep8 va -9.538 α 0.096 τ 0.27 (19s)
[  899.6s] [mE1cX7 202405] ep9 va -9.278 α 0.096 τ 0.24 (21s)
[  919.6s] [mE1cX7 202405] ep10 va -9.391 α 0.096 τ 0.21 (20s)
[  940.2s] [mE1cX7 202405] ep11 va -9.491 α 0.096 τ 0.19 (21s)
[  960.1s] [mE1cX7 202405] ep12 va -9.493 α 0.096 τ 0.16 (20s)
[  980.4s] [mE1cX7 202405] ep13 va -9.497 α 0.096 τ 0.13 (20s)
[ 1000.1s] [mE1cX7 202405] ep14 va -9.535 α 0.096 τ 0.10 (20s)
[ 1006.1s] == mE1cX7 202405: net +0.216 bps/锚 ES5 14.37 换手 0.0701 α* 0.0958 best_ep 7 wall 292s
[ 1006.1s] CAUSALITY ASSERT mE1cX7 202409: n_train 5831 max_train_idx 5830 (2024-08-31 16:00) max_train_label_end 2024-08-31 20:00 <= cutoff 2024-08-31 20:00 (= first_test 2024-09-01 00:00 - 1 anchors) OK
[ 1029.9s] [mE1cX7 202409] ep0 va -6.058 α 0.099 τ 0.50 (24s)
[ 1052.8s] [mE1cX7 202409] ep1 va -6.709 α 0.099 τ 0.47 (23s)
[ 1074.4s] [mE1cX7 202409] ep2 va -6.188 α 0.099 τ 0.44 (22s)
[ 1096.8s] [mE1cX7 202409] ep3 va -6.256 α 0.098 τ 0.41 (22s)
[ 1118.4s] [mE1cX7 202409] ep4 va -6.186 α 0.098 τ 0.39 (22s)
[ 1140.0s] [mE1cX7 202409] ep5 va -6.189 α 0.098 τ 0.36 (22s)
[ 1161.7s] [mE1cX7 202409] ep6 va -6.561 α 0.097 τ 0.33 (22s)
[ 1183.0s] [mE1cX7 202409] ep7 va -6.319 α 0.097 τ 0.30 (21s)
[ 1204.7s] [mE1cX7 202409] ep8 va -6.575 α 0.097 τ 0.27 (22s)
[ 1226.5s] [mE1cX7 202409] ep9 va -6.422 α 0.097 τ 0.24 (22s)
[ 1248.8s] [mE1cX7 202409] ep10 va -6.578 α 0.097 τ 0.21 (22s)
[ 1270.0s] [mE1cX7 202409] ep11 va -6.561 α 0.097 τ 0.19 (21s)
[ 1292.0s] [mE1cX7 202409] ep12 va -6.483 α 0.097 τ 0.16 (22s)
[ 1314.6s] [mE1cX7 202409] ep13 va -6.412 α 0.097 τ 0.13 (23s)
[ 1337.2s] [mE1cX7 202409] ep14 va -6.444 α 0.097 τ 0.10 (23s)
[ 1342.6s] == mE1cX7 202409: net +0.453 bps/锚 ES5 12.30 换手 0.0714 α* 0.0973 best_ep 7 wall 331s
[ 1342.6s] MWF_TRAIN_DONE mE1cX7 s42 folds 6 月均净 +0.461 bps/锚(训练帧, 非终审)
