[    3.9s] rows 2753289 cols 171 anchors 10212 med|y| 0.00888
[    5.2s] MWF start tag mE1cX7 embargo 1 months [202303, 202307, 202311, 202403, 202407, 202411] base_sha 93cc2cdf925a self_sha 0e405b971513 torch 2.11.0+cu128 gpu NVIDIA RTX PRO 4500 Blackwell
[    5.2s] CAUSALITY ASSERT mE1cX7 202303: n_train 2531 max_train_idx 2530 (2023-02-28 16:00) max_train_label_end 2023-02-28 20:00 <= cutoff 2023-02-28 20:00 (= first_test 2023-03-01 00:00 - 1 anchors) OK
/workspace/object_b_2026-09-19/devices/pod_f10_train_monthly_ext.py:374: UserWarning: Converting a tensor with requires_grad=True to a scalar may lead to unexpected behavior.
Consider using tensor.detach() first. (Triggered internally at /pytorch/torch/csrc/autograd/generated/python_variable_methods.cpp:836.)
  al = float(mdl.alpha()); va_curve.append(round(va, 4)); alist.append(round(al, 4)); ep_s.append(round(time.time() - t0, 1))
[   23.3s] [mE1cX7 202303] ep0 va -6.061 α 0.099 τ 0.50 (9s)
[   31.8s] [mE1cX7 202303] ep1 va -5.651 α 0.098 τ 0.47 (9s)
[   39.8s] [mE1cX7 202303] ep2 va -6.920 α 0.098 τ 0.44 (8s)
[   48.1s] [mE1cX7 202303] ep3 va -6.102 α 0.098 τ 0.41 (8s)
[   56.6s] [mE1cX7 202303] ep4 va -5.970 α 0.097 τ 0.39 (9s)
[   64.4s] [mE1cX7 202303] ep5 va -5.719 α 0.098 τ 0.36 (8s)
[   72.4s] [mE1cX7 202303] ep6 va -6.549 α 0.098 τ 0.33 (8s)
[   80.9s] [mE1cX7 202303] ep7 va -6.108 α 0.098 τ 0.30 (8s)
[   89.4s] [mE1cX7 202303] ep8 va -6.656 α 0.098 τ 0.27 (8s)
[   98.6s] [mE1cX7 202303] ep9 va -6.536 α 0.098 τ 0.24 (9s)
[  107.6s] [mE1cX7 202303] ep10 va -6.719 α 0.098 τ 0.21 (9s)
[  116.7s] [mE1cX7 202303] ep11 va -6.567 α 0.099 τ 0.19 (9s)
[  126.0s] [mE1cX7 202303] ep12 va -6.374 α 0.099 τ 0.16 (9s)
[  135.7s] [mE1cX7 202303] ep13 va -6.411 α 0.099 τ 0.13 (10s)
[  144.4s] [mE1cX7 202303] ep14 va -6.385 α 0.099 τ 0.10 (9s)
[  150.8s] == mE1cX7 202303: net +0.200 bps/锚 ES5 28.40 换手 0.0768 α* 0.0979 best_ep 7 wall 130s
[  150.8s] CAUSALITY ASSERT mE1cX7 202307: n_train 3263 max_train_idx 3262 (2023-06-30 16:00) max_train_label_end 2023-06-30 20:00 <= cutoff 2023-06-30 20:00 (= first_test 2023-07-01 00:00 - 1 anchors) OK
[  163.0s] [mE1cX7 202307] ep0 va -4.316 α 0.099 τ 0.50 (12s)
[  175.0s] [mE1cX7 202307] ep1 va -3.422 α 0.098 τ 0.47 (12s)
[  187.7s] [mE1cX7 202307] ep2 va -3.426 α 0.097 τ 0.44 (13s)
[  199.7s] [mE1cX7 202307] ep3 va -2.920 α 0.096 τ 0.41 (12s)
[  211.5s] [mE1cX7 202307] ep4 va -2.371 α 0.096 τ 0.39 (12s)
[  223.3s] [mE1cX7 202307] ep5 va -2.440 α 0.096 τ 0.36 (12s)
[  234.9s] [mE1cX7 202307] ep6 va -3.816 α 0.095 τ 0.33 (12s)
[  246.3s] [mE1cX7 202307] ep7 va -2.506 α 0.095 τ 0.30 (11s)
[  258.0s] [mE1cX7 202307] ep8 va -2.069 α 0.095 τ 0.27 (12s)
[  269.7s] [mE1cX7 202307] ep9 va -2.276 α 0.095 τ 0.24 (12s)
[  282.1s] [mE1cX7 202307] ep10 va -2.569 α 0.095 τ 0.21 (12s)
[  293.9s] [mE1cX7 202307] ep11 va -2.515 α 0.095 τ 0.19 (12s)
[  305.7s] [mE1cX7 202307] ep12 va -2.489 α 0.095 τ 0.16 (12s)
[  317.6s] [mE1cX7 202307] ep13 va -2.294 α 0.095 τ 0.13 (12s)
[  329.8s] [mE1cX7 202307] ep14 va -2.300 α 0.095 τ 0.10 (12s)
[  337.0s] == mE1cX7 202307: net -0.335 bps/锚 ES5 11.48 换手 0.0742 α* 0.0952 best_ep 7 wall 179s
[  337.0s] CAUSALITY ASSERT mE1cX7 202311: n_train 4001 max_train_idx 4000 (2023-10-31 16:00) max_train_label_end 2023-10-31 20:00 <= cutoff 2023-10-31 20:00 (= first_test 2023-11-01 00:00 - 1 anchors) OK
[  351.3s] [mE1cX7 202311] ep0 va -4.267 α 0.099 τ 0.50 (14s)
[  366.0s] [mE1cX7 202311] ep1 va -4.103 α 0.098 τ 0.47 (15s)
[  380.9s] [mE1cX7 202311] ep2 va -2.800 α 0.097 τ 0.44 (15s)
[  395.3s] [mE1cX7 202311] ep3 va -3.622 α 0.096 τ 0.41 (14s)
[  410.0s] [mE1cX7 202311] ep4 va -2.988 α 0.095 τ 0.39 (15s)
[  425.2s] [mE1cX7 202311] ep5 va -3.837 α 0.095 τ 0.36 (15s)
[  439.3s] [mE1cX7 202311] ep6 va -3.588 α 0.095 τ 0.33 (14s)
[  453.2s] [mE1cX7 202311] ep7 va -3.758 α 0.094 τ 0.30 (14s)
[  467.8s] [mE1cX7 202311] ep8 va -3.365 α 0.094 τ 0.27 (15s)
[  482.3s] [mE1cX7 202311] ep9 va -3.711 α 0.094 τ 0.24 (14s)
[  497.3s] [mE1cX7 202311] ep10 va -3.963 α 0.094 τ 0.21 (15s)
[  512.2s] [mE1cX7 202311] ep11 va -3.713 α 0.094 τ 0.19 (15s)
[  527.6s] [mE1cX7 202311] ep12 va -3.681 α 0.094 τ 0.16 (15s)
[  542.3s] [mE1cX7 202311] ep13 va -3.789 α 0.094 τ 0.13 (15s)
[  557.0s] [mE1cX7 202311] ep14 va -3.772 α 0.094 τ 0.10 (15s)
[  563.4s] == mE1cX7 202311: net +0.479 bps/锚 ES5 17.41 换手 0.0606 α* 0.0945 best_ep 7 wall 220s
[  563.4s] CAUSALITY ASSERT mE1cX7 202403: n_train 4727 max_train_idx 4726 (2024-02-29 16:00) max_train_label_end 2024-02-29 20:00 <= cutoff 2024-02-29 20:00 (= first_test 2024-03-01 00:00 - 1 anchors) OK
[  581.4s] [mE1cX7 202403] ep0 va -8.460 α 0.099 τ 0.50 (18s)
[  598.1s] [mE1cX7 202403] ep1 va -8.572 α 0.097 τ 0.47 (17s)
[  615.5s] [mE1cX7 202403] ep2 va -8.431 α 0.096 τ 0.44 (17s)
[  633.4s] [mE1cX7 202403] ep3 va -8.364 α 0.095 τ 0.41 (18s)
[  650.8s] [mE1cX7 202403] ep4 va -8.443 α 0.094 τ 0.39 (17s)
[  667.9s] [mE1cX7 202403] ep5 va -8.238 α 0.094 τ 0.36 (17s)
[  685.2s] [mE1cX7 202403] ep6 va -8.044 α 0.094 τ 0.33 (17s)
[  701.6s] [mE1cX7 202403] ep7 va -8.159 α 0.093 τ 0.30 (16s)
[  719.0s] [mE1cX7 202403] ep8 va -8.241 α 0.093 τ 0.27 (17s)
[  736.8s] [mE1cX7 202403] ep9 va -8.158 α 0.093 τ 0.24 (18s)
[  754.1s] [mE1cX7 202403] ep10 va -8.081 α 0.093 τ 0.21 (17s)
[  772.1s] [mE1cX7 202403] ep11 va -8.107 α 0.093 τ 0.19 (18s)
[  790.8s] [mE1cX7 202403] ep12 va -8.150 α 0.093 τ 0.16 (19s)
[  809.3s] [mE1cX7 202403] ep13 va -8.139 α 0.093 τ 0.13 (19s)
[  828.0s] [mE1cX7 202403] ep14 va -8.111 α 0.093 τ 0.10 (19s)
[  834.1s] == mE1cX7 202403: net +1.684 bps/锚 ES5 31.11 换手 0.0480 α* 0.0935 best_ep 7 wall 265s
[  834.2s] CAUSALITY ASSERT mE1cX7 202407: n_train 5459 max_train_idx 5458 (2024-06-30 16:00) max_train_label_end 2024-06-30 20:00 <= cutoff 2024-06-30 20:00 (= first_test 2024-07-01 00:00 - 1 anchors) OK
[  855.8s] [mE1cX7 202407] ep0 va -8.711 α 0.099 τ 0.50 (22s)
[  877.2s] [mE1cX7 202407] ep1 va -8.760 α 0.099 τ 0.47 (21s)
[  898.0s] [mE1cX7 202407] ep2 va -8.307 α 0.099 τ 0.44 (21s)
[  920.1s] [mE1cX7 202407] ep3 va -8.134 α 0.098 τ 0.41 (22s)
[  941.7s] [mE1cX7 202407] ep4 va -8.502 α 0.098 τ 0.39 (22s)
[  961.3s] [mE1cX7 202407] ep5 va -8.800 α 0.098 τ 0.36 (20s)
[  982.0s] [mE1cX7 202407] ep6 va -7.824 α 0.098 τ 0.33 (21s)
[ 1002.4s] [mE1cX7 202407] ep7 va -8.256 α 0.097 τ 0.30 (20s)
[ 1023.0s] [mE1cX7 202407] ep8 va -8.376 α 0.097 τ 0.27 (21s)
[ 1043.6s] [mE1cX7 202407] ep9 va -8.361 α 0.097 τ 0.24 (21s)
[ 1064.3s] [mE1cX7 202407] ep10 va -8.013 α 0.097 τ 0.21 (21s)
[ 1084.7s] [mE1cX7 202407] ep11 va -8.383 α 0.097 τ 0.19 (20s)
[ 1105.4s] [mE1cX7 202407] ep12 va -8.435 α 0.097 τ 0.16 (21s)
[ 1126.9s] [mE1cX7 202407] ep13 va -8.507 α 0.097 τ 0.13 (22s)
[ 1148.5s] [mE1cX7 202407] ep14 va -8.565 α 0.097 τ 0.10 (22s)
[ 1154.2s] == mE1cX7 202407: net -1.063 bps/锚 ES5 23.68 换手 0.0685 α* 0.0974 best_ep 7 wall 314s
[ 1154.2s] CAUSALITY ASSERT mE1cX7 202411: n_train 6197 max_train_idx 6196 (2024-10-31 16:00) max_train_label_end 2024-10-31 20:00 <= cutoff 2024-10-31 20:00 (= first_test 2024-11-01 00:00 - 1 anchors) OK
[ 1178.1s] [mE1cX7 202411] ep0 va -4.316 α 0.099 τ 0.50 (24s)
[ 1201.8s] [mE1cX7 202411] ep1 va -3.463 α 0.099 τ 0.47 (24s)
[ 1224.9s] [mE1cX7 202411] ep2 va -3.512 α 0.098 τ 0.44 (23s)
[ 1245.7s] [mE1cX7 202411] ep3 va -4.485 α 0.098 τ 0.41 (21s)
[ 1266.9s] [mE1cX7 202411] ep4 va -3.839 α 0.097 τ 0.39 (21s)
[ 1287.2s] [mE1cX7 202411] ep5 va -3.818 α 0.097 τ 0.36 (20s)
[ 1307.4s] [mE1cX7 202411] ep6 va -4.053 α 0.097 τ 0.33 (20s)
[ 1328.0s] [mE1cX7 202411] ep7 va -4.559 α 0.097 τ 0.30 (21s)
[ 1346.2s] [mE1cX7 202411] ep8 va -4.298 α 0.097 τ 0.27 (18s)
[ 1363.7s] [mE1cX7 202411] ep9 va -3.909 α 0.097 τ 0.24 (18s)
[ 1382.1s] [mE1cX7 202411] ep10 va -3.960 α 0.097 τ 0.21 (18s)
[ 1399.9s] [mE1cX7 202411] ep11 va -4.133 α 0.097 τ 0.19 (18s)
[ 1418.5s] [mE1cX7 202411] ep12 va -4.267 α 0.097 τ 0.16 (19s)
[ 1436.6s] [mE1cX7 202411] ep13 va -4.234 α 0.097 τ 0.13 (18s)
[ 1455.0s] [mE1cX7 202411] ep14 va -4.145 α 0.097 τ 0.10 (18s)
[ 1457.2s] == mE1cX7 202411: net +2.150 bps/锚 ES5 19.74 换手 0.0728 α* 0.0967 best_ep 7 wall 301s
[ 1457.3s] MWF_TRAIN_DONE mE1cX7 s42 folds 6 月均净 +0.519 bps/锚(训练帧, 非终审)
