09-16T12:00Z checks {'E6 sum L0 == net_producer_usdt': None, 'L1 reproduces net_after / gross_after': True, 'sum L2 == clamped_after_reshape.book_net_usdt': True, 'venue-capped names: L1 == before and L2 == after (alarm text rounded to 1 USDT)': True, "per name L2 == L1 for every NON-clamped name (the reshape population is the producer's names, no zero-target names)": True}
   net by layer: {'L0_raw': -16437.9, 'L1_reshaped': -0.0, 'L2_clamped': -277.9, 'L3_intended': -253.6, 'L4_filled': 421.8, 'L5_readback': 415.3}
   L1->L5 net gap by class: {'L2->L5: no_order_row': 0.0, 'L2->L5: partial_expired': 770.3, 'L2->L5: skipped_min_notional': 24.3, 'L2->L5: venue_reject': -101.4, 'clamp/cap (L2-L1): clamped names': -69.2, 'clamp/cap (L2-L1): others': 0.0, 'clamp/cap (L2-L1): venue-capped names': -208.7}
   closure: {'n_names_unknown_fill_qty': 0, 'n_names_residual_gt_1e-9': 0, 'worst': [('WUSDT', -2.9558577807620168e-12), ('ONTUSDT', -2.9132252166164108e-12), ('STRKUSDT', -6.821210263296962e-13), ('ALGOUSDT', 5.684341886080801e-13), ('WIFUSDT', 5.684341886080801e-13)]} | unknown price names 4 | L1 names w/o order row []
   P&L by layer: {'L0_raw': 460.1, 'L1_reshaped': -396.1, 'L2_clamped': -388.4, 'L3_intended': -388.3, 'L4_filled': -400.4, 'L5_readback': -398.9} | unpriced |notional| {}
09-16T16:00Z checks {'E6 sum L0 == net_producer_usdt': None, 'L1 reproduces net_after / gross_after': True, 'sum L2 == clamped_after_reshape.book_net_usdt': True, 'venue-capped names: L1 == before and L2 == after (alarm text rounded to 1 USDT)': True, "per name L2 == L1 for every NON-clamped name (the reshape population is the producer's names, no zero-target names)": True}
   net by layer: {'L0_raw': -17010.1, 'L1_reshaped': -0.0, 'L2_clamped': -283.2, 'L3_intended': -387.4, 'L4_filled': 134.4, 'L5_readback': 149.8}
   L1->L5 net gap by class: {'L2->L5: no_order_row': 0.0, 'L2->L5: partial_expired': 524.4, 'L2->L5: skipped_min_notional': -104.2, 'L2->L5: venue_reject': 12.8, 'clamp/cap (L2-L1): clamped names': -78.3, 'clamp/cap (L2-L1): others': 0.0, 'clamp/cap (L2-L1): venue-capped names': -204.9}
   closure: {'n_names_unknown_fill_qty': 0, 'n_names_residual_gt_1e-9': 0, 'worst': [('PORTALUSDT', 2.9558577807620168e-12), ('IOTAUSDT', 2.8990143619012088e-12), ('FARTCOINUSDT', 1.4495071809506044e-12), ('OPUSDT', -1.4495071809506044e-12), ('STRKUSDT', 1.3642420526593924e-12)]} | unknown price names 0 | L1 names w/o order row []
   P&L by layer: {'L0_raw': -769.9, 'L1_reshaped': -624.8, 'L2_clamped': -626.3, 'L3_intended': -627.3, 'L4_filled': -629.4, 'L5_readback': -629.6} | unpriced |notional| {}
09-16T20:00Z checks {'E6 sum L0 == net_producer_usdt': None, 'L1 reproduces net_after / gross_after': True, 'sum L2 == clamped_after_reshape.book_net_usdt': True, 'venue-capped names: L1 == before and L2 == after (alarm text rounded to 1 USDT)': True, "per name L2 == L1 for every NON-clamped name (the reshape population is the producer's names, no zero-target names)": True}
   net by layer: {'L0_raw': -16630.2, 'L1_reshaped': 0.0, 'L2_clamped': -319.2, 'L3_intended': -380.9, 'L4_filled': -275.7, 'L5_readback': -280.2}
   L1->L5 net gap by class: {'L2->L5: no_order_row': 0.0, 'L2->L5: partial_expired': 99.6, 'L2->L5: skipped_min_notional': -61.7, 'L2->L5: venue_reject': 1.0, 'clamp/cap (L2-L1): clamped names': -75.7, 'clamp/cap (L2-L1): others': -0.0, 'clamp/cap (L2-L1): venue-capped names': -243.5}
   closure: {'n_names_unknown_fill_qty': 0, 'n_names_residual_gt_1e-9': 0, 'worst': [('WUSDT', 4.547473508864641e-12), ('ONTUSDT', 2.2737367544323206e-12), ('STRKUSDT', -1.4779288903810084e-12), ('FARTCOINUSDT', -1.0800249583553523e-12), ('NILUSDT', -9.094947017729282e-13)]} | unknown price names 1 | L1 names w/o order row []
   P&L by layer: {'L0_raw': -1062.6, 'L1_reshaped': -829.0, 'L2_clamped': -832.0, 'L3_intended': -832.4, 'L4_filled': -833.4, 'L5_readback': -832.6} | unpriced |notional| {}
09-17T00:00Z checks {'E6 sum L0 == net_producer_usdt': None, 'L1 reproduces net_after / gross_after': True, 'sum L2 == clamped_after_reshape.book_net_usdt': True, 'venue-capped names: L1 == before and L2 == after (alarm text rounded to 1 USDT)': True, "per name L2 == L1 for every NON-clamped name (the reshape population is the producer's names, no zero-target names)": True}
   net by layer: {'L0_raw': -16994.6, 'L1_reshaped': 0.0, 'L2_clamped': -271.3, 'L3_intended': -366.2, 'L4_filled': -400.6, 'L5_readback': -389.7}
   L1->L5 net gap by class: {'L2->L5: no_order_row': 0.0, 'L2->L5: partial_expired': -17.4, 'L2->L5: skipped_min_notional': -94.8, 'L2->L5: venue_reject': -6.1, 'clamp/cap (L2-L1): clamped names': -60.1, 'clamp/cap (L2-L1): others': -0.0, 'clamp/cap (L2-L1): venue-capped names': -211.2}
   closure: {'n_names_unknown_fill_qty': 0, 'n_names_residual_gt_1e-9': 0, 'worst': [('WUSDT', -4.547473508864641e-12), ('PORTALUSDT', 2.7284841053187847e-12), ('FARTCOINUSDT', 1.0800249583553523e-12), ('IOUSDT', -9.094947017729282e-13), ('THETAUSDT', 7.389644451905042e-13)]} | unknown price names 1 | L1 names w/o order row []
   P&L by layer: {'L0_raw': 208.4, 'L1_reshaped': 76.8, 'L2_clamped': 80.9, 'L3_intended': 80.7, 'L4_filled': 81.2, 'L5_readback': 81.7} | unpriced |notional| {}
09-17T04:00Z checks {'E6 sum L0 == net_producer_usdt': True, 'L1 reproduces net_after / gross_after': True, 'sum L2 == clamped_after_reshape.book_net_usdt': True, 'venue-capped names: L1 == before and L2 == after (alarm text rounded to 1 USDT)': True, "per name L2 == L1 for every NON-clamped name (the reshape population is the producer's names, no zero-target names)": True}
   net by layer: {'L0_raw': -20543.6, 'L1_reshaped': 0.0, 'L2_clamped': -537.1, 'L3_intended': -539.7, 'L4_filled': -39.9, 'L5_readback': -45.8}
   L1->L5 net gap by class: {'L2->L5: no_order_row': 0.0, 'L2->L5: partial_expired': 557.3, 'L2->L5: skipped_min_notional': -2.5, 'L2->L5: venue_reject': -63.4, 'clamp/cap (L2-L1): clamped names': -78.3, 'clamp/cap (L2-L1): others': 0.0, 'clamp/cap (L2-L1): venue-capped names': -458.8}
   closure: {'n_names_unknown_fill_qty': 0, 'n_names_residual_gt_1e-9': 0, 'worst': [('PORTALUSDT', -7.275957614183426e-12), ('NILUSDT', 1.4779288903810084e-12), ('KAVAUSDT', 1.1368683772161603e-12), ('ONTUSDT', 7.389644451905042e-13), ('EVAAUSDT', 7.247535904753022e-13)]} | unknown price names 1 | L1 names w/o order row []
   P&L by layer: {'L0_raw': -1018.0, 'L1_reshaped': -639.8, 'L2_clamped': -646.5, 'L3_intended': -646.3, 'L4_filled': -651.6, 'L5_readback': -651.4} | unpriced |notional| {}
09-17T08:00Z checks {'E6 sum L0 == net_producer_usdt': True, 'L1 reproduces net_after / gross_after': True, 'sum L2 == clamped_after_reshape.book_net_usdt': True, 'venue-capped names: L1 == before and L2 == after (alarm text rounded to 1 USDT)': True, "per name L2 == L1 for every NON-clamped name (the reshape population is the producer's names, no zero-target names)": True}
   net by layer: {'L0_raw': -21742.4, 'L1_reshaped': 0.0, 'L2_clamped': -570.0, 'L3_intended': -661.7, 'L4_filled': 1477.4, 'L5_readback': 1471.5}
   L1->L5 net gap by class: {'L2->L5: no_order_row': 0.0, 'L2->L5: partial_expired': 65.1, 'L2->L5: skipped_min_notional': -91.8, 'L2->L5: venue_reject': 2068.1, 'clamp/cap (L2-L1): clamped names': -80.4, 'clamp/cap (L2-L1): others': -0.0, 'clamp/cap (L2-L1): venue-capped names': -489.5}
   closure: {'n_names_unknown_fill_qty': 0, 'n_names_residual_gt_1e-9': 0, 'worst': [('WUSDT', 4.547473508864641e-12), ('PORTALUSDT', 3.637978807091713e-12), ('FARTCOINUSDT', -1.4779288903810084e-12), ('KAVAUSDT', -1.1368683772161603e-12), ('SAGAUSDT', -9.094947017729282e-13)]} | unknown price names 4 | L1 names w/o order row []
   P&L by layer: {'L0_raw': -622.1, 'L1_reshaped': -667.8, 'L2_clamped': -667.5, 'L3_intended': -667.8, 'L4_filled': -615.4, 'L5_readback': -616.3} | unpriced |notional| {}
09-17T12:00Z checks {'E6 sum L0 == net_producer_usdt': True, 'L1 reproduces net_after / gross_after': True, 'sum L2 == clamped_after_reshape.book_net_usdt': True, 'venue-capped names: L1 == before and L2 == after (alarm text rounded to 1 USDT)': True, "per name L2 == L1 for every NON-clamped name (the reshape population is the producer's names, no zero-target names)": True}
   net by layer: {'L0_raw': -20026.4, 'L1_reshaped': -0.0, 'L2_clamped': -458.9, 'L3_intended': -471.4, 'L4_filled': -140.2, 'L5_readback': -126.6}
   L1->L5 net gap by class: {'L2->L5: no_order_row': 0.0, 'L2->L5: partial_expired': 355.3, 'L2->L5: skipped_min_notional': -12.6, 'L2->L5: venue_reject': -10.4, 'clamp/cap (L2-L1): clamped names': 0.0, 'clamp/cap (L2-L1): others': 0.0, 'clamp/cap (L2-L1): venue-capped names': -458.9}
   closure: {'n_names_unknown_fill_qty': 0, 'n_names_residual_gt_1e-9': 0, 'worst': [('FARTCOINUSDT', 1.4495071809506044e-12), ('NILUSDT', 7.389644451905042e-13), ('IOTAUSDT', -6.821210263296962e-13), ('STRKUSDT', 6.821210263296962e-13), ('API3USDT', -5.684341886080801e-13)]} | unknown price names 2 | L1 names w/o order row []
   P&L by layer: {'L0_raw': -2672.7, 'L1_reshaped': -2289.1, 'L2_clamped': -2275.0, 'L3_intended': -2273.9, 'L4_filled': -2276.8, 'L5_readback': -2276.5} | unpriced |notional| {}
09-17T16:00Z checks {'E6 sum L0 == net_producer_usdt': True, 'L1 reproduces net_after / gross_after': True, 'sum L2 == clamped_after_reshape.book_net_usdt': True, 'venue-capped names: L1 == before and L2 == after (alarm text rounded to 1 USDT)': True, "per name L2 == L1 for every NON-clamped name (the reshape population is the producer's names, no zero-target names)": True}
   net by layer: {'L0_raw': -18038.9, 'L1_reshaped': 0.0, 'L2_clamped': -478.8, 'L3_intended': -503.5, 'L4_filled': -578.5, 'L5_readback': -587.0}
   L1->L5 net gap by class: {'L2->L5: no_order_row': 0.0, 'L2->L5: partial_expired': -110.4, 'L2->L5: skipped_min_notional': -24.7, 'L2->L5: venue_reject': 26.9, 'clamp/cap (L2-L1): clamped names': -111.4, 'clamp/cap (L2-L1): others': 0.0, 'clamp/cap (L2-L1): venue-capped names': -367.4}
   closure: {'n_names_unknown_fill_qty': 0, 'n_names_residual_gt_1e-9': 0, 'worst': [('WUSDT', -4.547473508864641e-12), ('IOTAUSDT', -1.4779288903810084e-12), ('NILUSDT', -1.4779288903810084e-12), ('ONTUSDT', -1.4779288903810084e-12), ('STRKUSDT', -1.4779288903810084e-12)]} | unknown price names 3 | L1 names w/o order row []
   P&L by layer: {'L0_raw': -22.0, 'L1_reshaped': 243.4, 'L2_clamped': 243.4, 'L3_intended': 243.4, 'L4_filled': 244.3, 'L5_readback': 244.5} | unpriced |notional| {}
09-17T20:00Z checks {'E6 sum L0 == net_producer_usdt': True, 'L1 reproduces net_after / gross_after': True, 'sum L2 == clamped_after_reshape.book_net_usdt': True, 'venue-capped names: L1 == before and L2 == after (alarm text rounded to 1 USDT)': True, "per name L2 == L1 for every NON-clamped name (the reshape population is the producer's names, no zero-target names)": True}
   net by layer: {'L0_raw': -17919.3, 'L1_reshaped': 0.0, 'L2_clamped': -389.6, 'L3_intended': -463.3, 'L4_filled': -382.8, 'L5_readback': -377.1}
   L1->L5 net gap by class: {'L2->L5: no_order_row': 0.0, 'L2->L5: partial_expired': 87.1, 'L2->L5: skipped_min_notional': -78.9, 'L2->L5: venue_reject': 4.3, 'clamp/cap (L2-L1): clamped names': -26.4, 'clamp/cap (L2-L1): others': 0.0, 'clamp/cap (L2-L1): venue-capped names': -363.3}
   closure: {'n_names_unknown_fill_qty': 0, 'n_names_residual_gt_1e-9': 0, 'worst': [('STRKUSDT', 2.2737367544323206e-12), ('LAUSDT', -1.4779288903810084e-12), ('PORTALUSDT', 1.3642420526593924e-12), ('DYMUSDT', -9.094947017729282e-13), ('WUSDT', 9.094947017729282e-13)]} | unknown price names 1 | L1 names w/o order row []
   P&L by layer: {'L0_raw': -474.0, 'L1_reshaped': -434.9, 'L2_clamped': -439.9, 'L3_intended': -439.3, 'L4_filled': -440.0, 'L5_readback': -439.8} | unpriced |notional| {}
09-18T00:00Z checks {'E6 sum L0 == net_producer_usdt': True, 'L1 reproduces net_after / gross_after': True, 'sum L2 == clamped_after_reshape.book_net_usdt': True, 'venue-capped names: L1 == before and L2 == after (alarm text rounded to 1 USDT)': True, "per name L2 == L1 for every NON-clamped name (the reshape population is the producer's names, no zero-target names)": True}
   net by layer: {'L0_raw': -16966.1, 'L1_reshaped': 0.0, 'L2_clamped': -411.7, 'L3_intended': -377.2, 'L4_filled': -426.4, 'L5_readback': -423.3}
   L1->L5 net gap by class: {'L2->L5: no_order_row': 0.0, 'L2->L5: partial_expired': 49.7, 'L2->L5: skipped_min_notional': 34.6, 'L2->L5: venue_reject': -95.8, 'clamp/cap (L2-L1): clamped names': -22.3, 'clamp/cap (L2-L1): others': 0.0, 'clamp/cap (L2-L1): venue-capped names': -389.4}
   closure: {'n_names_unknown_fill_qty': 0, 'n_names_residual_gt_1e-9': 0, 'worst': [('IOTAUSDT', 2.1600499167107046e-12), ('WUSDT', -1.8189894035458565e-12), ('ONTUSDT', -1.4495071809506044e-12), ('OPUSDT', 1.1368683772161603e-12), ('FARTCOINUSDT', -1.0942358130705543e-12)]} | unknown price names 1 | L1 names w/o order row []
   P&L by layer: {'L0_raw': -2280.3, 'L1_reshaped': -1959.7, 'L2_clamped': -1965.1, 'L3_intended': -1964.5, 'L4_filled': -1970.3, 'L5_readback': -1970.4} | unpriced |notional| {}
09-18T04:00Z checks {'E6 sum L0 == net_producer_usdt': True, 'L1 reproduces net_after / gross_after': True, 'sum L2 == clamped_after_reshape.book_net_usdt': True, 'venue-capped names: L1 == before and L2 == after (alarm text rounded to 1 USDT)': True, "per name L2 == L1 for every NON-clamped name (the reshape population is the producer's names, no zero-target names)": True}
   net by layer: {'L0_raw': -15886.3, 'L1_reshaped': 0.0, 'L2_clamped': -437.2, 'L3_intended': -431.9, 'L4_filled': 728.5, 'L5_readback': 752.9}
   L1->L5 net gap by class: {'L2->L5: no_order_row': 0.0, 'L2->L5: partial_expired': 1096.7, 'L2->L5: skipped_min_notional': 5.3, 'L2->L5: venue_reject': 88.2, 'clamp/cap (L2-L1): clamped names': -62.1, 'clamp/cap (L2-L1): others': 0.0, 'clamp/cap (L2-L1): venue-capped names': -375.1}
   closure: {'n_names_unknown_fill_qty': 0, 'n_names_residual_gt_1e-9': 0, 'worst': [('IOTAUSDT', -2.9558577807620168e-12), ('PORTALUSDT', -1.8189894035458565e-12), ('WUSDT', 1.8189894035458565e-12), ('OPUSDT', -1.3642420526593924e-12), ('ALGOUSDT', -7.958078640513122e-13)]} | unknown price names 0 | L1 names w/o order row []
   P&L by layer: {'L0_raw': -764.9, 'L1_reshaped': -318.3, 'L2_clamped': -310.7, 'L3_intended': -310.4, 'L4_filled': -308.3, 'L5_readback': -309.2} | unpriced |notional| {}
09-18T08:00Z checks {'E6 sum L0 == net_producer_usdt': True, 'L1 reproduces net_after / gross_after': True, 'sum L2 == clamped_after_reshape.book_net_usdt': True, 'venue-capped names: L1 == before and L2 == after (alarm text rounded to 1 USDT)': True, "per name L2 == L1 for every NON-clamped name (the reshape population is the producer's names, no zero-target names)": True}
   net by layer: {'L0_raw': -15414.9, 'L1_reshaped': -0.0, 'L2_clamped': -413.1, 'L3_intended': -431.3, 'L4_filled': -113.8, 'L5_readback': -107.9}
   L1->L5 net gap by class: {'L2->L5: no_order_row': 0.0, 'L2->L5: partial_expired': 375.2, 'L2->L5: skipped_min_notional': -18.2, 'L2->L5: venue_reject': -51.8, 'clamp/cap (L2-L1): clamped names': -60.0, 'clamp/cap (L2-L1): others': 0.0, 'clamp/cap (L2-L1): venue-capped names': -353.2}
   closure: {'n_names_unknown_fill_qty': 0, 'n_names_residual_gt_1e-9': 0, 'worst': [('STRKUSDT', -1.8189894035458565e-12), ('IOTAUSDT', 1.4779288903810084e-12), ('PORTALUSDT', -1.3642420526593924e-12), ('WUSDT', -1.3642420526593924e-12), ('NILUSDT', 6.821210263296962e-13)]} | unknown price names 1 | L1 names w/o order row []
   P&L by layer: {'L0_raw': -1155.4, 'L1_reshaped': -890.6, 'L2_clamped': -881.4, 'L3_intended': -881.3, 'L4_filled': -887.0, 'L5_readback': -887.3} | unpriced |notional| {}
09-18T12:00Z checks {'E6 sum L0 == net_producer_usdt': True, 'L1 reproduces net_after / gross_after': True, 'sum L2 == clamped_after_reshape.book_net_usdt': True, 'venue-capped names: L1 == before and L2 == after (alarm text rounded to 1 USDT)': True, "per name L2 == L1 for every NON-clamped name (the reshape population is the producer's names, no zero-target names)": True}
   net by layer: {'L0_raw': -14547.0, 'L1_reshaped': -0.0, 'L2_clamped': -369.9, 'L3_intended': -277.3, 'L4_filled': -384.5, 'L5_readback': -360.2}
   L1->L5 net gap by class: {'L2->L5: no_order_row': 0.0, 'L2->L5: partial_expired': -82.2, 'L2->L5: skipped_min_notional': 92.5, 'L2->L5: venue_reject': -0.7, 'clamp/cap (L2-L1): clamped names': -51.5, 'clamp/cap (L2-L1): others': 0.0, 'clamp/cap (L2-L1): venue-capped names': -318.4}
   closure: {'n_names_unknown_fill_qty': 0, 'n_names_residual_gt_1e-9': 0, 'worst': [('ONTUSDT', 1.4495071809506044e-12), ('KAVAUSDT', -1.1368683772161603e-12), ('OPUSDT', 1.0942358130705543e-12), ('FARTCOINUSDT', 1.0800249583553523e-12), ('SAGAUSDT', 9.094947017729282e-13)]} | unknown price names 0 | L1 names w/o order row []
   P&L by layer: {'L0_raw': 1016.8, 'L1_reshaped': 1575.2, 'L2_clamped': 1568.0, 'L3_intended': 1570.1, 'L4_filled': 1565.4, 'L5_readback': 1568.4} | unpriced |notional| {}
09-18T16:00Z checks {'E6 sum L0 == net_producer_usdt': True, 'L1 reproduces net_after / gross_after': True, 'sum L2 == clamped_after_reshape.book_net_usdt': True, 'venue-capped names: L1 == before and L2 == after (alarm text rounded to 1 USDT)': True, "per name L2 == L1 for every NON-clamped name (the reshape population is the producer's names, no zero-target names)": True}
   net by layer: {'L0_raw': -15275.5, 'L1_reshaped': -0.0, 'L2_clamped': -520.5, 'L3_intended': -498.2, 'L4_filled': -951.2, 'L5_readback': -954.7}
   L1->L5 net gap by class: {'L2->L5: no_order_row': 0.0, 'L2->L5: partial_expired': -517.4, 'L2->L5: skipped_min_notional': 22.2, 'L2->L5: venue_reject': 61.0, 'clamp/cap (L2-L1): clamped names': -105.3, 'clamp/cap (L2-L1): others': 0.0, 'clamp/cap (L2-L1): venue-capped names': -415.2}
   closure: {'n_names_unknown_fill_qty': 0, 'n_names_residual_gt_1e-9': 0, 'worst': [('SAGAUSDT', -2.1600499167107046e-12), ('STRKUSDT', 1.3642420526593924e-12), ('FARTCOINUSDT', -1.1368683772161603e-12), ('KAVAUSDT', 1.1368683772161603e-12), ('NILUSDT', -1.1368683772161603e-12)]} | unknown price names 0 | L1 names w/o order row []
   P&L by layer: {'L0_raw': -1057.0, 'L1_reshaped': -111.0, 'L2_clamped': -115.3, 'L3_intended': -114.6, 'L4_filled': -71.4, 'L5_readback': -71.1} | unpriced |notional| {}
09-18T20:00Z checks {'E6 sum L0 == net_producer_usdt': True, 'L1 reproduces net_after / gross_after': True, 'sum L2 == clamped_after_reshape.book_net_usdt': True, 'venue-capped names: L1 == before and L2 == after (alarm text rounded to 1 USDT)': True, "per name L2 == L1 for every NON-clamped name (the reshape population is the producer's names, no zero-target names)": True}
   net by layer: {'L0_raw': -13874.4, 'L1_reshaped': 0.0, 'L2_clamped': -493.5, 'L3_intended': -428.8, 'L4_filled': -975.7, 'L5_readback': -973.7}
   L1->L5 net gap by class: {'L2->L5: no_order_row': 0.0, 'L2->L5: partial_expired': -619.4, 'L2->L5: skipped_min_notional': 64.7, 'L2->L5: venue_reject': 74.5, 'clamp/cap (L2-L1): clamped names': -95.8, 'clamp/cap (L2-L1): others': 0.0, 'clamp/cap (L2-L1): venue-capped names': -397.7}
   closure: {'n_names_unknown_fill_qty': 0, 'n_names_residual_gt_1e-9': 0, 'worst': [('SAGAUSDT', 1.8189894035458565e-12), ('PORTALUSDT', 1.3642420526593924e-12), ('NILUSDT', 1.0800249583553523e-12), ('HEIUSDT', 7.958078640513122e-13), ('API3USDT', 7.283063041541027e-13)]} | unknown price names 2 | L1 names w/o order row []
   P&L by layer: {'L0_raw': -145.1, 'L1_reshaped': 178.7, 'L2_clamped': 176.2, 'L3_intended': 176.2, 'L4_filled': 171.9, 'L5_readback': 172.0} | unpriced |notional| {}
09-19T00:00Z checks {'E6 sum L0 == net_producer_usdt': True, 'L1 reproduces net_after / gross_after': True, 'sum L2 == clamped_after_reshape.book_net_usdt': True, 'venue-capped names: L1 == before and L2 == after (alarm text rounded to 1 USDT)': True, "per name L2 == L1 for every NON-clamped name (the reshape population is the producer's names, no zero-target names)": True}
   net by layer: {'L0_raw': -13009.6, 'L1_reshaped': -0.0, 'L2_clamped': -423.1, 'L3_intended': -349.7, 'L4_filled': -842.1, 'L5_readback': -833.1}
   L1->L5 net gap by class: {'L2->L5: no_order_row': 0.0, 'L2->L5: partial_expired': -302.5, 'L2->L5: skipped_min_notional': 73.4, 'L2->L5: venue_reject': -180.9, 'clamp/cap (L2-L1): clamped names': -82.0, 'clamp/cap (L2-L1): others': 0.0, 'clamp/cap (L2-L1): venue-capped names': -341.2}
   closure: {'n_names_unknown_fill_qty': 0, 'n_names_residual_gt_1e-9': 0, 'worst': [('WUSDT', 9.094947017729282e-12), ('PORTALUSDT', -1.8189894035458565e-12), ('NILUSDT', -1.4779288903810084e-12), ('KAVAUSDT', -1.4495071809506044e-12), ('LAUSDT', -9.094947017729282e-13)]} | unknown price names 0 | L1 names w/o order row []
   P&L by layer: {'L0_raw': 52.4, 'L1_reshaped': -72.6, 'L2_clamped': -68.4, 'L3_intended': -69.4, 'L4_filled': -60.1, 'L5_readback': -61.0} | unpriced |notional| {}
09-19T04:00Z checks {'E6 sum L0 == net_producer_usdt': True, 'L1 reproduces net_after / gross_after': True, 'sum L2 == clamped_after_reshape.book_net_usdt': True, 'venue-capped names: L1 == before and L2 == after (alarm text rounded to 1 USDT)': True, "per name L2 == L1 for every NON-clamped name (the reshape population is the producer's names, no zero-target names)": True}
   net by layer: {'L0_raw': -12624.9, 'L1_reshaped': 0.0, 'L2_clamped': -442.1, 'L3_intended': -401.8, 'L4_filled': -138.8, 'L5_readback': -136.8}
   L1->L5 net gap by class: {'L2->L5: no_order_row': 0.0, 'L2->L5: partial_expired': 256.7, 'L2->L5: skipped_min_notional': 40.3, 'L2->L5: venue_reject': 8.3, 'clamp/cap (L2-L1): clamped names': -79.1, 'clamp/cap (L2-L1): others': -0.0, 'clamp/cap (L2-L1): venue-capped names': -363.1}
   closure: {'n_names_unknown_fill_qty': 0, 'n_names_residual_gt_1e-9': 0, 'worst': [('PORTALUSDT', 1.3642420526593924e-12), ('OPUSDT', -1.1368683772161603e-12), ('FARTCOINUSDT', 1.0800249583553523e-12), ('SAGAUSDT', -9.094947017729282e-13), ('HEIUSDT', -7.389644451905042e-13)]} | unknown price names 1 | L1 names w/o order row []
   P&L by layer: {'L0_raw': -1894.2, 'L1_reshaped': -1343.1, 'L2_clamped': -1380.0, 'L3_intended': -1380.0, 'L4_filled': -1379.6, 'L5_readback': -1379.1} | unpriced |notional| {}
09-19T08:00Z checks {'E6 sum L0 == net_producer_usdt': True, 'L1 reproduces net_after / gross_after': True, 'sum L2 == clamped_after_reshape.book_net_usdt': True, 'venue-capped names: L1 == before and L2 == after (alarm text rounded to 1 USDT)': True, "per name L2 == L1 for every NON-clamped name (the reshape population is the producer's names, no zero-target names)": True}
   net by layer: {'L0_raw': -12050.2, 'L1_reshaped': -0.0, 'L2_clamped': -373.8, 'L3_intended': -335.1, 'L4_filled': 35.1, 'L5_readback': 5.6}
   L1->L5 net gap by class: {'L2->L5: no_order_row': 0.0, 'L2->L5: partial_expired': 348.7, 'L2->L5: skipped_min_notional': 38.7, 'L2->L5: venue_reject': -8.0, 'clamp/cap (L2-L1): clamped names': -111.8, 'clamp/cap (L2-L1): others': -0.0, 'clamp/cap (L2-L1): venue-capped names': -262.0}
   closure: {'n_names_unknown_fill_qty': 0, 'n_names_residual_gt_1e-9': 0, 'worst': [('WUSDT', -8.640199666842818e-12), ('IOTAUSDT', 1.4779288903810084e-12), ('FARTCOINUSDT', -1.4495071809506044e-12), ('PORTALUSDT', -1.3642420526593924e-12), ('STRKUSDT', 7.389644451905042e-13)]} | unknown price names 1 | L1 names w/o order row []
   P&L by layer: {'L0_raw': 185.2, 'L1_reshaped': 308.9, 'L2_clamped': 308.0, 'L3_intended': 307.6, 'L4_filled': 310.7, 'L5_readback': 309.9} | unpriced |notional| {}
09-19T12:00Z checks {'E6 sum L0 == net_producer_usdt': True, 'L1 reproduces net_after / gross_after': True, 'sum L2 == clamped_after_reshape.book_net_usdt': True, 'venue-capped names: L1 == before and L2 == after (alarm text rounded to 1 USDT)': True, "per name L2 == L1 for every NON-clamped name (the reshape population is the producer's names, no zero-target names)": True}
   net by layer: {'L0_raw': -12237.5, 'L1_reshaped': 0.0, 'L2_clamped': -451.3, 'L3_intended': -468.4, 'L4_filled': 1731.4, 'L5_readback': 1740.7}
   L1->L5 net gap by class: {'L2->L5: no_order_row': 0.0, 'L2->L5: partial_expired': 2398.0, 'L2->L5: skipped_min_notional': -17.2, 'L2->L5: venue_reject': -188.9, 'clamp/cap (L2-L1): clamped names': -84.5, 'clamp/cap (L2-L1): others': -0.0, 'clamp/cap (L2-L1): venue-capped names': -366.8}
   closure: {'n_names_unknown_fill_qty': 0, 'n_names_residual_gt_1e-9': 0, 'worst': [('WUSDT', -2.7284841053187847e-12), ('HEIUSDT', 6.821210263296962e-13), ('LAUSDT', 6.821210263296962e-13), ('STRKUSDT', 4.547473508864641e-13), ('FARTCOINUSDT', 3.694822225952521e-13)]} | unknown price names 0 | L1 names w/o order row []
   P&L by layer: {'L0_raw': -566.4, 'L1_reshaped': -655.9, 'L2_clamped': -649.8, 'L3_intended': -649.9, 'L4_filled': -710.9, 'L5_readback': -711.2} | unpriced |notional| {}
09-19T16:00Z checks {'E6 sum L0 == net_producer_usdt': True, 'L1 reproduces net_after / gross_after': True, 'sum L2 == clamped_after_reshape.book_net_usdt': True, 'venue-capped names: L1 == before and L2 == after (alarm text rounded to 1 USDT)': True, "per name L2 == L1 for every NON-clamped name (the reshape population is the producer's names, no zero-target names)": True}
   net by layer: {'L0_raw': -11525.5, 'L1_reshaped': 0.0, 'L2_clamped': -393.0, 'L3_intended': -366.1, 'L4_filled': -430.2, 'L5_readback': -456.4}
   L1->L5 net gap by class: {'L2->L5: no_order_row': 0.0, 'L2->L5: partial_expired': -96.2, 'L2->L5: skipped_min_notional': 26.9, 'L2->L5: venue_reject': 5.9, 'clamp/cap (L2-L1): clamped names': -75.2, 'clamp/cap (L2-L1): others': -0.0, 'clamp/cap (L2-L1): venue-capped names': -317.8}
   closure: {'n_names_unknown_fill_qty': 0, 'n_names_residual_gt_1e-9': 0, 'worst': [('WUSDT', 5.9117155615240335e-12), ('IOTAUSDT', -2.8990143619012088e-12), ('ALGOUSDT', -7.389644451905042e-13), ('LAUSDT', 7.389644451905042e-13), ('HEIUSDT', -6.821210263296962e-13)]} | unknown price names 0 | L1 names w/o order row []
   P&L by layer: {'L0_raw': -1100.4, 'L1_reshaped': -1002.0, 'L2_clamped': -1001.5, 'L3_intended': -1001.2, 'L4_filled': -994.6, 'L5_readback': -994.5} | unpriced |notional| {}
09-19T20:00Z checks {'E6 sum L0 == net_producer_usdt': True, 'L1 reproduces net_after / gross_after': True, 'sum L2 == clamped_after_reshape.book_net_usdt': True, 'venue-capped names: L1 == before and L2 == after (alarm text rounded to 1 USDT)': True, "per name L2 == L1 for every NON-clamped name (the reshape population is the producer's names, no zero-target names)": True}
   net by layer: {'L0_raw': -11374.9, 'L1_reshaped': 0.0, 'L2_clamped': 445.1, 'L3_intended': 454.4, 'L4_filled': 686.2, 'L5_readback': 691.2}
   L1->L5 net gap by class: {'L2->L5: no_order_row': 0.0, 'L2->L5: partial_expired': 147.4, 'L2->L5: skipped_min_notional': 9.3, 'L2->L5: venue_reject': 89.4, 'clamp/cap (L2-L1): clamped names': 729.7, 'clamp/cap (L2-L1): others': 0.0, 'clamp/cap (L2-L1): venue-capped names': -284.6}
   closure: {'n_names_unknown_fill_qty': 0, 'n_names_residual_gt_1e-9': 0, 'worst': [('ONTUSDT', 2.9558577807620168e-12), ('PORTALUSDT', 1.8189894035458565e-12), ('IOTAUSDT', 1.4779288903810084e-12), ('NILUSDT', 1.3642420526593924e-12), ('STRKUSDT', -1.1368683772161603e-12)]} | unknown price names 0 | L1 names w/o order row []
   P&L by layer: {'L0_raw': 904.4, 'L1_reshaped': 739.2, 'L2_clamped': 701.6, 'L3_intended': 701.5, 'L4_filled': 704.6, 'L5_readback': 704.5} | unpriced |notional| {}
09-20T00:00Z checks {'E6 sum L0 == net_producer_usdt': True, 'L1 reproduces net_after / gross_after': True, 'sum L2 == clamped_after_reshape.book_net_usdt': True, 'venue-capped names: L1 == before and L2 == after (alarm text rounded to 1 USDT)': True, "per name L2 == L1 for every NON-clamped name (the reshape population is the producer's names, no zero-target names)": True}
   net by layer: {'L0_raw': -12438.1, 'L1_reshaped': -0.0, 'L2_clamped': 421.8, 'L3_intended': 479.0, 'L4_filled': 314.4, 'L5_readback': 300.5}
   L1->L5 net gap by class: {'L2->L5: no_order_row': 0.0, 'L2->L5: partial_expired': -191.6, 'L2->L5: skipped_min_notional': 57.2, 'L2->L5: venue_reject': 13.0, 'clamp/cap (L2-L1): clamped names': 736.7, 'clamp/cap (L2-L1): others': 0.0, 'clamp/cap (L2-L1): venue-capped names': -314.9}
   closure: {'n_names_unknown_fill_qty': 0, 'n_names_residual_gt_1e-9': 0, 'worst': [('WUSDT', -5.9117155615240335e-12), ('LAUSDT', -2.2737367544323206e-12), ('IOTAUSDT', -1.4779288903810084e-12), ('ONTUSDT', -7.389644451905042e-13), ('STRKUSDT', 6.821210263296962e-13)]} | unknown price names 0 | L1 names w/o order row []
   P&L by layer: {'L0_raw': 624.6, 'L1_reshaped': 332.7, 'L2_clamped': 338.7, 'L3_intended': 337.8, 'L4_filled': 345.7, 'L5_readback': 346.3} | unpriced |notional| {}
09-20T04:00Z checks {'E6 sum L0 == net_producer_usdt': True, 'L1 reproduces net_after / gross_after': True, 'sum L2 == clamped_after_reshape.book_net_usdt': True, 'venue-capped names: L1 == before and L2 == after (alarm text rounded to 1 USDT)': True, "per name L2 == L1 for every NON-clamped name (the reshape population is the producer's names, no zero-target names)": True}
   net by layer: {'L0_raw': -12078.4, 'L1_reshaped': -0.0, 'L2_clamped': 1095.5, 'L3_intended': 1091.4, 'L4_filled': 643.6, 'L5_readback': 637.7}
   L1->L5 net gap by class: {'L2->L5: no_order_row': 0.0, 'L2->L5: partial_expired': -417.6, 'L2->L5: skipped_min_notional': -4.0, 'L2->L5: venue_reject': -36.1, 'clamp/cap (L2-L1): clamped names': 1349.9, 'clamp/cap (L2-L1): others': -0.0, 'clamp/cap (L2-L1): venue-capped names': -254.5}
   closure: {'n_names_unknown_fill_qty': 0, 'n_names_residual_gt_1e-9': 0, 'worst': [('WUSDT', 5.9117155615240335e-12), ('LAUSDT', 2.9558577807620168e-12), ('IOTAUSDT', 2.1600499167107046e-12), ('ONTUSDT', -1.4779288903810084e-12), ('PORTALUSDT', 9.094947017729282e-13)]} | unknown price names 1 | L1 names w/o order row []
   P&L by layer: {'L0_raw': -282.0, 'L1_reshaped': 116.7, 'L2_clamped': 129.5, 'L3_intended': 131.1, 'L4_filled': 139.6, 'L5_readback': 139.2} | unpriced |notional| {}
09-20T08:00Z checks {'E6 sum L0 == net_producer_usdt': True, 'L1 reproduces net_after / gross_after': True, 'sum L2 == clamped_after_reshape.book_net_usdt': True, 'venue-capped names: L1 == before and L2 == after (alarm text rounded to 1 USDT)': True, "per name L2 == L1 for every NON-clamped name (the reshape population is the producer's names, no zero-target names)": True}
   net by layer: {'L0_raw': -12051.1, 'L1_reshaped': -0.0, 'L2_clamped': 1257.7, 'L3_intended': 1302.4, 'L4_filled': 1445.3, 'L5_readback': 1443.4}
   L1->L5 net gap by class: {'L2->L5: no_order_row': 0.0, 'L2->L5: partial_expired': 117.5, 'L2->L5: skipped_min_notional': 44.8, 'L2->L5: venue_reject': 23.5, 'clamp/cap (L2-L1): clamped names': 1496.0, 'clamp/cap (L2-L1): others': -0.0, 'clamp/cap (L2-L1): venue-capped names': -238.3}
   closure: {'n_names_unknown_fill_qty': 0, 'n_names_residual_gt_1e-9': 0, 'worst': [('WUSDT', 3.637978807091713e-12), ('LAUSDT', -2.9558577807620168e-12), ('HEIUSDT', 1.3642420526593924e-12), ('STRKUSDT', 1.3642420526593924e-12), ('ONTUSDT', -7.389644451905042e-13)]} | unknown price names 0 | L1 names w/o order row []
   P&L by layer: {'L0_raw': 1503.9, 'L1_reshaped': 1079.7, 'L2_clamped': 1166.5, 'L3_intended': 1166.3, 'L4_filled': 1156.3, 'L5_readback': 1156.1} | unpriced |notional| {}
09-20T12:00Z checks {'E6 sum L0 == net_producer_usdt': True, 'L1 reproduces net_after / gross_after': True, 'sum L2 == clamped_after_reshape.book_net_usdt': True, 'venue-capped names: L1 == before and L2 == after (alarm text rounded to 1 USDT)': True, "per name L2 == L1 for every NON-clamped name (the reshape population is the producer's names, no zero-target names)": True}
   net by layer: {'L0_raw': -11651.5, 'L1_reshaped': 0.0, 'L2_clamped': 1257.7, 'L3_intended': 1307.3, 'L4_filled': 1899.2, 'L5_readback': 1906.0}
   L1->L5 net gap by class: {'L2->L5: no_order_row': 0.0, 'L2->L5: partial_expired': 637.4, 'L2->L5: skipped_min_notional': 49.6, 'L2->L5: venue_reject': -38.8, 'clamp/cap (L2-L1): clamped names': 1548.4, 'clamp/cap (L2-L1): others': -0.0, 'clamp/cap (L2-L1): venue-capped names': -290.7}
   closure: {'n_names_unknown_fill_qty': 0, 'n_names_residual_gt_1e-9': 0, 'worst': [('WUSDT', -2.7284841053187847e-12), ('STRKUSDT', -1.4779288903810084e-12), ('HEIUSDT', -1.3642420526593924e-12), ('ONTUSDT', 6.821210263296962e-13), ('DYMUSDT', 3.410605131648481e-13)]} | unknown price names 2 | L1 names w/o order row []
   P&L by layer: {'L0_raw': -2638.0, 'L1_reshaped': -1884.5, 'L2_clamped': -1863.9, 'L3_intended': -1862.6, 'L4_filled': -1847.7, 'L5_readback': -1847.7} | unpriced |notional| {}
09-20T16:00Z checks {'E6 sum L0 == net_producer_usdt': True, 'L1 reproduces net_after / gross_after': True, 'sum L2 == clamped_after_reshape.book_net_usdt': True, 'venue-capped names: L1 == before and L2 == after (alarm text rounded to 1 USDT)': True, "per name L2 == L1 for every NON-clamped name (the reshape population is the producer's names, no zero-target names)": True}
   net by layer: {'L0_raw': -11212.3, 'L1_reshaped': -0.0, 'L2_clamped': 1407.5, 'L3_intended': 1442.0, 'L4_filled': 961.2, 'L5_readback': 957.7}
   L1->L5 net gap by class: {'L2->L5: no_order_row': 0.0, 'L2->L5: partial_expired': -440.4, 'L2->L5: skipped_min_notional': 34.5, 'L2->L5: venue_reject': -43.9, 'clamp/cap (L2-L1): clamped names': 1585.8, 'clamp/cap (L2-L1): others': -0.0, 'clamp/cap (L2-L1): venue-capped names': -178.3}
   closure: {'n_names_unknown_fill_qty': 0, 'n_names_residual_gt_1e-9': 0, 'worst': [('HEIUSDT', 1.1368683772161603e-12), ('SAGAUSDT', -1.1368683772161603e-12), ('NILUSDT', -1.0942358130705543e-12), ('DYMUSDT', 9.094947017729282e-13), ('PORTALUSDT', -9.094947017729282e-13)]} | unknown price names 0 | L1 names w/o order row []
   P&L by layer: {'L0_raw': -225.1, 'L1_reshaped': -93.0, 'L2_clamped': -72.7, 'L3_intended': -72.4, 'L4_filled': -75.7, 'L5_readback': -75.7} | unpriced |notional| {}
09-20T20:00Z checks {'E6 sum L0 == net_producer_usdt': True, 'L1 reproduces net_after / gross_after': True, 'sum L2 == clamped_after_reshape.book_net_usdt': True, 'venue-capped names: L1 == before and L2 == after (alarm text rounded to 1 USDT)': True, "per name L2 == L1 for every NON-clamped name (the reshape population is the producer's names, no zero-target names)": True}
   net by layer: {'L0_raw': -10615.2, 'L1_reshaped': 0.0, 'L2_clamped': 1329.5, 'L3_intended': 1396.5, 'L4_filled': 1128.2, 'L5_readback': 1119.8}
   L1->L5 net gap by class: {'L2->L5: no_order_row': 0.0, 'L2->L5: partial_expired': -283.2, 'L2->L5: skipped_min_notional': 67.0, 'L2->L5: venue_reject': 6.5, 'clamp/cap (L2-L1): clamped names': 1487.5, 'clamp/cap (L2-L1): others': 0.0, 'clamp/cap (L2-L1): venue-capped names': -158.0}
   closure: {'n_names_unknown_fill_qty': 0, 'n_names_residual_gt_1e-9': 0, 'worst': [('LAUSDT', 2.9132252166164108e-12), ('IOTAUSDT', -1.4495071809506044e-12), ('FARTCOINUSDT', -1.0800249583553523e-12), ('KAVAUSDT', 1.0800249583553523e-12), ('STRKUSDT', 6.821210263296962e-13)]} | unknown price names 3 | L1 names w/o order row []
   P&L by layer: {'L0_raw': -120.3, 'L1_reshaped': 26.6, 'L2_clamped': 4.3, 'L3_intended': 4.7, 'L4_filled': 3.4, 'L5_readback': 3.8} | unpriced |notional| {}
09-21T00:00Z checks {'E6 sum L0 == net_producer_usdt': True, 'L1 reproduces net_after / gross_after': True, 'sum L2 == clamped_after_reshape.book_net_usdt': True, 'venue-capped names: L1 == before and L2 == after (alarm text rounded to 1 USDT)': True, "per name L2 == L1 for every NON-clamped name (the reshape population is the producer's names, no zero-target names)": True}
   net by layer: {'L0_raw': -9775.7, 'L1_reshaped': 0.0, 'L2_clamped': 1245.0, 'L3_intended': 1353.6, 'L4_filled': 1554.9, 'L5_readback': 1556.7}
   L1->L5 net gap by class: {'L2->L5: no_order_row': 0.0, 'L2->L5: partial_expired': 180.7, 'L2->L5: skipped_min_notional': 108.6, 'L2->L5: venue_reject': 22.4, 'clamp/cap (L2-L1): clamped names': 1384.8, 'clamp/cap (L2-L1): others': 0.0, 'clamp/cap (L2-L1): venue-capped names': -139.8}
   closure: {'n_names_unknown_fill_qty': 0, 'n_names_residual_gt_1e-9': 0, 'worst': [('WUSDT', -5.4569682106375694e-12), ('IOTAUSDT', 2.1600499167107046e-12), ('KAVAUSDT', -1.4495071809506044e-12), ('LAUSDT', -1.4495071809506044e-12), ('NILUSDT', 1.0800249583553523e-12)]} | unknown price names 0 | L1 names w/o order row []
   P&L by layer: {'L0_raw': 638.0, 'L1_reshaped': 450.4, 'L2_clamped': 430.0, 'L3_intended': 430.0, 'L4_filled': 434.5, 'L5_readback': 434.5} | unpriced |notional| {}
09-21T04:00Z checks {'E6 sum L0 == net_producer_usdt': True, 'L1 reproduces net_after / gross_after': True, 'sum L2 == clamped_after_reshape.book_net_usdt': True, 'venue-capped names: L1 == before and L2 == after (alarm text rounded to 1 USDT)': True, "per name L2 == L1 for every NON-clamped name (the reshape population is the producer's names, no zero-target names)": True}
   net by layer: {'L0_raw': -9776.5, 'L1_reshaped': -0.0, 'L2_clamped': 1295.1, 'L3_intended': 1429.2, 'L4_filled': 1440.6, 'L5_readback': 1442.8}
   L1->L5 net gap by class: {'L2->L5: no_order_row': 0.0, 'L2->L5: partial_expired': 13.0, 'L2->L5: skipped_min_notional': 134.1, 'L2->L5: venue_reject': 0.5, 'clamp/cap (L2-L1): clamped names': 1426.9, 'clamp/cap (L2-L1): others': -0.0, 'clamp/cap (L2-L1): venue-capped names': -131.8}
   closure: {'n_names_unknown_fill_qty': 0, 'n_names_residual_gt_1e-9': 0, 'worst': [('WUSDT', 1.1596057447604835e-11), ('DYMUSDT', 9.094947017729282e-13), ('THETAUSDT', 7.389644451905042e-13), ('PORTALUSDT', 4.547473508864641e-13), ('SAGAUSDT', -4.547473508864641e-13)]} | unknown price names 2 | L1 names w/o order row []
   P&L by layer: {'L0_raw': -161.2, 'L1_reshaped': -266.4, 'L2_clamped': -166.3, 'L3_intended': -163.7, 'L4_filled': -163.5, 'L5_readback': -163.5} | unpriced |notional| {}
09-21T08:00Z checks {'E6 sum L0 == net_producer_usdt': True, 'L1 reproduces net_after / gross_after': True, 'sum L2 == clamped_after_reshape.book_net_usdt': True, 'venue-capped names: L1 == before and L2 == after (alarm text rounded to 1 USDT)': True, "per name L2 == L1 for every NON-clamped name (the reshape population is the producer's names, no zero-target names)": True}
   net by layer: {'L0_raw': -9839.1, 'L1_reshaped': 0.0, 'L2_clamped': 1420.3, 'L3_intended': 1506.4, 'L4_filled': 1132.0, 'L5_readback': 1113.9}
   L1->L5 net gap by class: {'L2->L5: no_order_row': 0.0, 'L2->L5: partial_expired': -416.7, 'L2->L5: skipped_min_notional': 86.1, 'L2->L5: venue_reject': 24.2, 'clamp/cap (L2-L1): clamped names': 1526.4, 'clamp/cap (L2-L1): others': 0.0, 'clamp/cap (L2-L1): venue-capped names': -106.1}
   closure: {'n_names_unknown_fill_qty': 0, 'n_names_residual_gt_1e-9': 0, 'worst': [('DYMUSDT', -2.2737367544323206e-12), ('LAUSDT', -1.4779288903810084e-12), ('PORTALUSDT', -1.3642420526593924e-12), ('SAGAUSDT', 1.1368683772161603e-12), ('STRKUSDT', -1.0800249583553523e-12)]} | unknown price names 0 | L1 names w/o order row []
   P&L by layer: {'L0_raw': -921.1, 'L1_reshaped': -647.3, 'L2_clamped': -576.6, 'L3_intended': -574.1, 'L4_filled': -586.3, 'L5_readback': -589.1} | unpriced |notional| {}
09-21T12:00Z checks {'E6 sum L0 == net_producer_usdt': True, 'L1 reproduces net_after / gross_after': True, 'sum L2 == clamped_after_reshape.book_net_usdt': True, 'venue-capped names: L1 == before and L2 == after (alarm text rounded to 1 USDT)': True, "per name L2 == L1 for every NON-clamped name (the reshape population is the producer's names, no zero-target names)": True}
   net by layer: {'L0_raw': -9442.9, 'L1_reshaped': -0.0, 'L2_clamped': 1421.6, 'L3_intended': 1409.1, 'L4_filled': 1162.3, 'L5_readback': 1161.5}
   L1->L5 net gap by class: {'L2->L5: no_order_row': 0.0, 'L2->L5: partial_expired': -303.5, 'L2->L5: skipped_min_notional': -12.5, 'L2->L5: venue_reject': 55.9, 'clamp/cap (L2-L1): clamped names': 1494.3, 'clamp/cap (L2-L1): others': -0.0, 'clamp/cap (L2-L1): venue-capped names': -72.7}
   closure: {'n_names_unknown_fill_qty': 0, 'n_names_residual_gt_1e-9': 0, 'worst': [('WUSDT', -8.640199666842818e-12), ('IOTAUSDT', -2.1600499167107046e-12), ('PORTALUSDT', 1.8189894035458565e-12), ('ONTUSDT', 1.4779288903810084e-12), ('LAUSDT', 1.4495071809506044e-12)]} | unknown price names 2 | L1 names w/o order row []
   P&L by layer: {'L0_raw': 437.0, 'L1_reshaped': 339.7, 'L2_clamped': 268.7, 'L3_intended': 268.8, 'L4_filled': 262.3, 'L5_readback': 262.4} | unpriced |notional| {}
09-21T20:00Z checks {'E6 sum L0 == net_producer_usdt': True, 'L1 reproduces net_after / gross_after': True, 'sum L2 == clamped_after_reshape.book_net_usdt': True, 'venue-capped names: L1 == before and L2 == after (alarm text rounded to 1 USDT)': True, "per name L2 == L1 for every NON-clamped name (the reshape population is the producer's names, no zero-target names)": True}
   net by layer: {'L0_raw': -10074.6, 'L1_reshaped': -0.0, 'L2_clamped': 1878.9, 'L3_intended': 1894.8, 'L4_filled': 2367.9, 'L5_readback': 2402.1}
   L1->L5 net gap by class: {'L2->L5: no_order_row': 0.0, 'L2->L5: partial_expired': 466.0, 'L2->L5: skipped_min_notional': 15.9, 'L2->L5: venue_reject': 41.3, 'clamp/cap (L2-L1): clamped names': 1878.9, 'clamp/cap (L2-L1): others': -0.0}
   closure: {'n_names_unknown_fill_qty': 0, 'n_names_residual_gt_1e-9': 0, 'worst': [('WUSDT', 5.4569682106375694e-12), ('IOTAUSDT', 3.183231456205249e-12), ('PORTALUSDT', -1.8189894035458565e-12), ('KAVAUSDT', -1.1368683772161603e-12), ('ONTUSDT', -9.094947017729282e-13)]} | unknown price names 0 | L1 names w/o order row []
   P&L by layer: {'L0_raw': -249.8, 'L1_reshaped': 69.5, 'L2_clamped': 148.5, 'L3_intended': 148.7, 'L4_filled': 175.9, 'L5_readback': 175.7} | unpriced |notional| {}
09-22T00:00Z checks {'E6 sum L0 == net_producer_usdt': True, 'L1 reproduces net_after / gross_after': True, 'sum L2 == clamped_after_reshape.book_net_usdt': True, 'venue-capped names: L1 == before and L2 == after (alarm text rounded to 1 USDT)': True, "per name L2 == L1 for every NON-clamped name (the reshape population is the producer's names, no zero-target names)": True}
   net by layer: {'L0_raw': -9578.3, 'L1_reshaped': 0.0, 'L2_clamped': 1766.9, 'L3_intended': 1789.8, 'L4_filled': 1853.9, 'L5_readback': 1853.3}
   L1->L5 net gap by class: {'L2->L5: no_order_row': 0.0, 'L2->L5: partial_expired': 68.5, 'L2->L5: skipped_min_notional': 22.9, 'L2->L5: venue_reject': -4.9, 'clamp/cap (L2-L1): clamped names': 1766.9, 'clamp/cap (L2-L1): others': -0.0}
   closure: {'n_names_unknown_fill_qty': 0, 'n_names_residual_gt_1e-9': 0, 'worst': [('IOTAUSDT', -2.7284841053187847e-12), ('LAUSDT', 2.1600499167107046e-12), ('KAVAUSDT', 7.389644451905042e-13), ('XTZUSDT', -7.389644451905042e-13), ('ALGOUSDT', 7.247535904753022e-13)]} | unknown price names 0 | L1 names w/o order row []
   P&L by layer: {'L0_raw': 259.1, 'L1_reshaped': 154.7, 'L2_clamped': 129.7, 'L3_intended': 129.6, 'L4_filled': 129.9, 'L5_readback': 129.9} | unpriced |notional| {}
09-22T04:00Z checks {'E6 sum L0 == net_producer_usdt': True, 'L1 reproduces net_after / gross_after': True, 'sum L2 == clamped_after_reshape.book_net_usdt': True, 'venue-capped names: L1 == before and L2 == after (alarm text rounded to 1 USDT)': True, "per name L2 == L1 for every NON-clamped name (the reshape population is the producer's names, no zero-target names)": True}
   net by layer: {'L0_raw': -11411.0, 'L1_reshaped': 0.0, 'L2_clamped': 1716.2, 'L3_intended': 1664.1, 'L4_filled': 1568.8, 'L5_readback': 1580.2}
   L1->L5 net gap by class: {'L2->L5: no_order_row': 0.0, 'L2->L5: partial_expired': -97.7, 'L2->L5: skipped_min_notional': -52.0, 'L2->L5: venue_reject': 13.7, 'clamp/cap (L2-L1): clamped names': 1716.2, 'clamp/cap (L2-L1): others': -0.0}
   closure: {'n_names_unknown_fill_qty': 0, 'n_names_residual_gt_1e-9': 0, 'worst': [('OPUSDT', 1.0942358130705543e-12), ('IOTAUSDT', 6.821210263296962e-13), ('LAUSDT', -6.821210263296962e-13), ('PORTALUSDT', -4.547473508864641e-13), ('FARTCOINUSDT', -3.694822225952521e-13)]} | unknown price names 0 | L1 names w/o order row []
   P&L by layer: {'L0_raw': 337.6, 'L1_reshaped': -153.8, 'L2_clamped': -152.7, 'L3_intended': -153.0, 'L4_filled': -151.5, 'L5_readback': -151.5} | unpriced |notional| {}
09-22T08:00Z checks {'E6 sum L0 == net_producer_usdt': True, 'L1 reproduces net_after / gross_after': True, 'sum L2 == clamped_after_reshape.book_net_usdt': True, 'venue-capped names: L1 == before and L2 == after (alarm text rounded to 1 USDT)': True, "per name L2 == L1 for every NON-clamped name (the reshape population is the producer's names, no zero-target names)": True}
   net by layer: {'L0_raw': -11060.5, 'L1_reshaped': -0.0, 'L2_clamped': 1727.3, 'L3_intended': 1694.7, 'L4_filled': 1808.5, 'L5_readback': 1806.9}
   L1->L5 net gap by class: {'L2->L5: no_order_row': 0.0, 'L2->L5: partial_expired': 100.0, 'L2->L5: skipped_min_notional': -32.6, 'L2->L5: venue_reject': 12.2, 'clamp/cap (L2-L1): clamped names': 1727.3, 'clamp/cap (L2-L1): others': 0.0}
   closure: {'n_names_unknown_fill_qty': 0, 'n_names_residual_gt_1e-9': 0, 'worst': [('WUSDT', 2.9558577807620168e-12), ('LAUSDT', -2.1600499167107046e-12), ('DYMUSDT', 1.4779288903810084e-12), ('ONTUSDT', -1.4779288903810084e-12), ('OPUSDT', -1.0800249583553523e-12)]} | unknown price names 1 | L1 names w/o order row []
   P&L by layer: {'L0_raw': 558.4, 'L1_reshaped': 244.0, 'L2_clamped': 203.3, 'L3_intended': 203.0, 'L4_filled': 203.0, 'L5_readback': 202.4} | unpriced |notional| {}
09-22T12:00Z checks {'E6 sum L0 == net_producer_usdt': True, 'L1 reproduces net_after / gross_after': True, 'sum L2 == clamped_after_reshape.book_net_usdt': True, 'venue-capped names: L1 == before and L2 == after (alarm text rounded to 1 USDT)': True, "per name L2 == L1 for every NON-clamped name (the reshape population is the producer's names, no zero-target names)": True}
   net by layer: {'L0_raw': -9798.7, 'L1_reshaped': 0.0, 'L2_clamped': 1765.5, 'L3_intended': 1836.6, 'L4_filled': 1519.2, 'L5_readback': 1518.9}
   L1->L5 net gap by class: {'L2->L5: no_order_row': 0.0, 'L2->L5: partial_expired': -313.6, 'L2->L5: skipped_min_notional': 71.1, 'L2->L5: venue_reject': -4.1, 'clamp/cap (L2-L1): clamped names': 1765.5, 'clamp/cap (L2-L1): others': -0.0}
   closure: {'n_names_unknown_fill_qty': 0, 'n_names_residual_gt_1e-9': 0, 'worst': [('WUSDT', -2.9558577807620168e-12), ('ONTUSDT', 1.5916157281026244e-12), ('KAVAUSDT', 1.1368683772161603e-12), ('SAGAUSDT', 1.1368683772161603e-12), ('DYMUSDT', -7.389644451905042e-13)]} | unknown price names 1 | L1 names w/o order row []
   P&L by layer: {'L0_raw': -167.5, 'L1_reshaped': -140.3, 'L2_clamped': -184.0, 'L3_intended': -183.2, 'L4_filled': -193.7, 'L5_readback': -193.5} | unpriced |notional| {}
09-22T16:00Z checks {'E6 sum L0 == net_producer_usdt': True, 'L1 reproduces net_after / gross_after': True, 'sum L2 == clamped_after_reshape.book_net_usdt': True, 'venue-capped names: L1 == before and L2 == after (alarm text rounded to 1 USDT)': True, "per name L2 == L1 for every NON-clamped name (the reshape population is the producer's names, no zero-target names)": True}
   net by layer: {'L0_raw': -9672.4, 'L1_reshaped': 0.0, 'L2_clamped': 1703.4, 'L3_intended': 1766.5, 'L4_filled': 1513.4, 'L5_readback': 1519.5}
   L1->L5 net gap by class: {'L2->L5: no_order_row': 0.0, 'L2->L5: partial_expired': -241.4, 'L2->L5: skipped_min_notional': 63.1, 'L2->L5: venue_reject': -5.7, 'clamp/cap (L2-L1): clamped names': 1703.4, 'clamp/cap (L2-L1): others': 0.0}
   closure: {'n_names_unknown_fill_qty': 0, 'n_names_residual_gt_1e-9': 0, 'worst': [('WUSDT', -5.7980287238024175e-12), ('IOTAUSDT', 1.1368683772161603e-12), ('HEIUSDT', -7.389644451905042e-13), ('LAUSDT', 7.389644451905042e-13), ('ALGOUSDT', -7.247535904753022e-13)]} | unknown price names 0 | L1 names w/o order row []
   P&L by layer: {'L0_raw': 851.9, 'L1_reshaped': 581.7, 'L2_clamped': 611.5, 'L3_intended': 611.9, 'L4_filled': 616.3, 'L5_readback': 616.3} | unpriced |notional| {}
09-22T20:00Z checks {'E6 sum L0 == net_producer_usdt': True, 'L1 reproduces net_after / gross_after': True, 'sum L2 == clamped_after_reshape.book_net_usdt': True, 'venue-capped names: L1 == before and L2 == after (alarm text rounded to 1 USDT)': True, "per name L2 == L1 for every NON-clamped name (the reshape population is the producer's names, no zero-target names)": True}
   net by layer: {'L0_raw': -10003.7, 'L1_reshaped': -0.0, 'L2_clamped': 1614.1, 'L3_intended': 2653.3, 'L4_filled': 602.6, 'L5_readback': 605.8}
   L1->L5 net gap by class: {'L2->L5: no_order_row': 0.0, 'L2->L5: partial_expired': -2050.2, 'L2->L5: skipped_min_notional': -61.9, 'L2->L5: venue_reject': 1103.8, 'clamp/cap (L2-L1): clamped names': 1614.1, 'clamp/cap (L2-L1): others': -0.0}
   closure: {'n_names_unknown_fill_qty': 0, 'n_names_residual_gt_1e-9': 0, 'worst': [('LAUSDT', 2.1600499167107046e-12), ('SAGAUSDT', -1.8189894035458565e-12), ('IOTAUSDT', -1.4779288903810084e-12), ('ACEUSDT', -6.536993168992922e-13), ('NILUSDT', 4.547473508864641e-13)]} | unknown price names 1 | L1 names w/o order row []
   P&L by layer: {'L0_raw': -1340.9, 'L1_reshaped': -1040.2, 'L2_clamped': -904.0, 'L3_intended': -910.4, 'L4_filled': -937.0, 'L5_readback': -937.0} | unpriced |notional| {}
09-23T00:00Z checks {'E6 sum L0 == net_producer_usdt': True, 'L1 reproduces net_after / gross_after': True, 'sum L2 == clamped_after_reshape.book_net_usdt': True, 'venue-capped names: L1 == before and L2 == after (alarm text rounded to 1 USDT)': True, "per name L2 == L1 for every NON-clamped name (the reshape population is the producer's names, no zero-target names)": True}
   net by layer: {'L0_raw': -9358.0, 'L1_reshaped': -0.0, 'L2_clamped': 1565.3, 'L3_intended': 1610.0, 'L4_filled': 2459.3, 'L5_readback': 2420.0}
   L1->L5 net gap by class: {'L2->L5: no_order_row': 0.0, 'L2->L5: partial_expired': 404.5, 'L2->L5: skipped_min_notional': 67.9, 'L2->L5: venue_reject': 382.4, 'clamp/cap (L2-L1): clamped names': 1565.3, 'clamp/cap (L2-L1): others': -0.0}
   closure: {'n_names_unknown_fill_qty': 0, 'n_names_residual_gt_1e-9': 0, 'worst': [('WUSDT', 2.7284841053187847e-12), ('IOTAUSDT', 1.4779288903810084e-12), ('LAUSDT', -1.4495071809506044e-12), ('DYMUSDT', 1.3642420526593924e-12), ('ACEUSDT', 1.0942358130705543e-12)]} | unknown price names 2 | L1 names w/o order row []
   P&L by layer: {'L0_raw': 25.4, 'L1_reshaped': 12.7, 'L2_clamped': 4.4, 'L3_intended': 5.1, 'L4_filled': 2.3, 'L5_readback': 5.0} | unpriced |notional| {}
09-23T04:00Z checks {'E6 sum L0 == net_producer_usdt': True, 'L1 reproduces net_after / gross_after': True, 'sum L2 == clamped_after_reshape.book_net_usdt': True, 'venue-capped names: L1 == before and L2 == after (alarm text rounded to 1 USDT)': True, "per name L2 == L1 for every NON-clamped name (the reshape population is the producer's names, no zero-target names)": True}
   net by layer: {'L0_raw': -8732.3, 'L1_reshaped': -0.0, 'L2_clamped': 1580.5, 'L3_intended': 1698.7, 'L4_filled': 1462.7, 'L5_readback': 1463.2}
   L1->L5 net gap by class: {'L2->L5: no_order_row': 0.0, 'L2->L5: partial_expired': -267.3, 'L2->L5: skipped_min_notional': 118.2, 'L2->L5: venue_reject': 31.8, 'clamp/cap (L2-L1): clamped names': 1580.5, 'clamp/cap (L2-L1): others': 0.0}
   closure: {'n_names_unknown_fill_qty': 0, 'n_names_residual_gt_1e-9': 0, 'worst': [('WUSDT', 5.9117155615240335e-12), ('DYMUSDT', -1.3642420526593924e-12), ('ACEUSDT', -1.2505552149377763e-12), ('ONTUSDT', -1.0231815394945443e-12), ('HEIUSDT', 7.389644451905042e-13)]} | unknown price names 0 | L1 names w/o order row []
   P&L by layer: {'L0_raw': -457.9, 'L1_reshaped': -356.2, 'L2_clamped': -381.2, 'L3_intended': -382.3, 'L4_filled': -378.8, 'L5_readback': -378.6} | unpriced |notional| {}
09-23T08:00Z checks {'E6 sum L0 == net_producer_usdt': True, 'L1 reproduces net_after / gross_after': True, 'sum L2 == clamped_after_reshape.book_net_usdt': True, 'venue-capped names: L1 == before and L2 == after (alarm text rounded to 1 USDT)': True, "per name L2 == L1 for every NON-clamped name (the reshape population is the producer's names, no zero-target names)": True}
   net by layer: {'L0_raw': -8396.2, 'L1_reshaped': -0.0, 'L2_clamped': 2623.6, 'L3_intended': 2809.2, 'L4_filled': 3136.6, 'L5_readback': 3130.6}
   L1->L5 net gap by class: {'L2->L5: no_order_row': 0.0, 'L2->L5: partial_expired': 220.1, 'L2->L5: skipped_min_notional': 185.6, 'L2->L5: venue_reject': 101.2, 'clamp/cap (L2-L1): clamped names': 2623.6, 'clamp/cap (L2-L1): others': 0.0}
   closure: {'n_names_unknown_fill_qty': 0, 'n_names_residual_gt_1e-9': 0, 'worst': [('DYMUSDT', 2.9558577807620168e-12), ('LAUSDT', 2.1600499167107046e-12), ('ACEUSDT', 1.3820056210533949e-12), ('HEIUSDT', -1.0942358130705543e-12), ('OPUSDT', -1.0942358130705543e-12)]} | unknown price names 0 | L1 names w/o order row []
   P&L by layer: {'L0_raw': 216.4, 'L1_reshaped': 19.4, 'L2_clamped': -12.8, 'L3_intended': -14.6, 'L4_filled': -15.7, 'L5_readback': -15.3} | unpriced |notional| {}
09-23T12:00Z checks {'E6 sum L0 == net_producer_usdt': True, 'L1 reproduces net_after / gross_after': True, 'sum L2 == clamped_after_reshape.book_net_usdt': True, 'venue-capped names: L1 == before and L2 == after (alarm text rounded to 1 USDT)': True, "per name L2 == L1 for every NON-clamped name (the reshape population is the producer's names, no zero-target names)": True}
   net by layer: {'L0_raw': -7750.2, 'L1_reshaped': 0.0, 'L2_clamped': 2616.0, 'L3_intended': 2589.3, 'L4_filled': 2611.1, 'L5_readback': 2607.2}
   L1->L5 net gap by class: {'L2->L5: no_order_row': 0.0, 'L2->L5: partial_expired': -45.1, 'L2->L5: skipped_min_notional': -26.7, 'L2->L5: venue_reject': 63.0, 'clamp/cap (L2-L1): clamped names': 2616.0, 'clamp/cap (L2-L1): others': 0.0}
   closure: {'n_names_unknown_fill_qty': 0, 'n_names_residual_gt_1e-9': 0, 'worst': [('WUSDT', -8.640199666842818e-12), ('SAGAUSDT', 2.1600499167107046e-12), ('ACEUSDT', -1.1652900866465643e-12), ('NILUSDT', -1.1368683772161603e-12), ('FLOWUSDT', -9.094947017729282e-13)]} | unknown price names 0 | L1 names w/o order row []
   P&L by layer: {'L0_raw': 79.3, 'L1_reshaped': -355.2, 'L2_clamped': -451.5, 'L3_intended': -449.8, 'L4_filled': -450.9, 'L5_readback': -450.6} | unpriced |notional| {}
09-23T16:00Z checks {'E6 sum L0 == net_producer_usdt': True, 'L1 reproduces net_after / gross_after': True, 'sum L2 == clamped_after_reshape.book_net_usdt': True, 'venue-capped names: L1 == before and L2 == after (alarm text rounded to 1 USDT)': True, "per name L2 == L1 for every NON-clamped name (the reshape population is the producer's names, no zero-target names)": True}
   net by layer: {'L0_raw': -7472.1, 'L1_reshaped': -0.0, 'L2_clamped': 2639.4, 'L3_intended': 2670.8, 'L4_filled': 2635.3, 'L5_readback': 2634.8}
   L1->L5 net gap by class: {'L2->L5: no_order_row': 0.0, 'L2->L5: partial_expired': -116.5, 'L2->L5: skipped_min_notional': 31.5, 'L2->L5: venue_reject': 80.5, 'clamp/cap (L2-L1): clamped names': 2639.4, 'clamp/cap (L2-L1): others': -0.0}
   closure: {'n_names_unknown_fill_qty': 0, 'n_names_residual_gt_1e-9': 0, 'worst': [('WUSDT', -3.637978807091713e-12), ('SAGAUSDT', -2.2737367544323206e-12), ('DYMUSDT', -1.8189894035458565e-12), ('LAUSDT', -1.4495071809506044e-12), ('STRKUSDT', -1.1368683772161603e-12)]} | unknown price names 0 | L1 names w/o order row []
   P&L by layer: {'L0_raw': 432.6, 'L1_reshaped': 361.6, 'L2_clamped': 340.7, 'L3_intended': 340.9, 'L4_filled': 341.3, 'L5_readback': 341.5} | unpriced |notional| {}
09-23T20:00Z checks {'E6 sum L0 == net_producer_usdt': True, 'L1 reproduces net_after / gross_after': True, 'sum L2 == clamped_after_reshape.book_net_usdt': True, 'venue-capped names: L1 == before and L2 == after (alarm text rounded to 1 USDT)': True, "per name L2 == L1 for every NON-clamped name (the reshape population is the producer's names, no zero-target names)": True}
   net by layer: {'L0_raw': -6685.6, 'L1_reshaped': -0.0, 'L2_clamped': 2708.1, 'L3_intended': 2837.6, 'L4_filled': 2896.4, 'L5_readback': 2900.2}
   L1->L5 net gap by class: {'L2->L5: no_order_row': 0.0, 'L2->L5: partial_expired': 69.4, 'L2->L5: skipped_min_notional': 129.5, 'L2->L5: venue_reject': -6.7, 'clamp/cap (L2-L1): clamped names': 2708.1, 'clamp/cap (L2-L1): others': 0.0}
   closure: {'n_names_unknown_fill_qty': 0, 'n_names_residual_gt_1e-9': 0, 'worst': [('WUSDT', 5.9117155615240335e-12), ('DYMUSDT', -1.3642420526593924e-12), ('SAGAUSDT', 1.1368683772161603e-12), ('ONTUSDT', -1.0800249583553523e-12), ('ACEUSDT', 1.0160761121369433e-12)]} | unknown price names 0 | L1 names w/o order row []
   P&L by layer: {'L0_raw': 1211.2, 'L1_reshaped': 1159.9, 'L2_clamped': 1157.5, 'L3_intended': 1158.1, 'L4_filled': 1158.4, 'L5_readback': 1158.5} | unpriced |notional| {}
09-24T00:00Z checks {'E6 sum L0 == net_producer_usdt': True, 'L1 reproduces net_after / gross_after': True, 'sum L2 == clamped_after_reshape.book_net_usdt': True, 'venue-capped names: L1 == before and L2 == after (alarm text rounded to 1 USDT)': True, "per name L2 == L1 for every NON-clamped name (the reshape population is the producer's names, no zero-target names)": True}
   net by layer: {'L0_raw': -5984.1, 'L1_reshaped': 0.0, 'L2_clamped': 2684.0, 'L3_intended': 2856.2, 'L4_filled': 2376.8, 'L5_readback': 2404.5}
   L1->L5 net gap by class: {'L2->L5: no_order_row': 0.0, 'L2->L5: partial_expired': -455.3, 'L2->L5: skipped_min_notional': 172.2, 'L2->L5: venue_reject': 3.6, 'clamp/cap (L2-L1): clamped names': 2684.0, 'clamp/cap (L2-L1): others': 0.0}
   closure: {'n_names_unknown_fill_qty': 0, 'n_names_residual_gt_1e-9': 0, 'worst': [('FLOWUSDT', 2.2737367544323206e-12), ('SAGAUSDT', 1.8189894035458565e-12), ('KAVAUSDT', 7.389644451905042e-13), ('LAUSDT', -6.821210263296962e-13), ('ONTUSDT', 6.821210263296962e-13)]} | unknown price names 1 | L1 names w/o order row []
   P&L by layer: {'L0_raw': -455.0, 'L1_reshaped': -462.4, 'L2_clamped': -425.0, 'L3_intended': -424.0, 'L4_filled': -433.7, 'L5_readback': -433.9} | unpriced |notional| {}
09-24T04:00Z checks {'E6 sum L0 == net_producer_usdt': True, 'L1 reproduces net_after / gross_after': True, 'sum L2 == clamped_after_reshape.book_net_usdt': True, 'venue-capped names: L1 == before and L2 == after (alarm text rounded to 1 USDT)': True, "per name L2 == L1 for every NON-clamped name (the reshape population is the producer's names, no zero-target names)": True}
   net by layer: {'L0_raw': -6047.6, 'L1_reshaped': -0.0, 'L2_clamped': 2616.7, 'L3_intended': 3422.5, 'L4_filled': 975.5, 'L5_readback': 977.3}
   L1->L5 net gap by class: {'L2->L5: no_order_row': 0.0, 'L2->L5: partial_expired': -2441.7, 'L2->L5: skipped_min_notional': 110.2, 'L2->L5: venue_reject': 692.1, 'clamp/cap (L2-L1): clamped names': 2616.7, 'clamp/cap (L2-L1): others': -0.0}
   closure: {'n_names_unknown_fill_qty': 0, 'n_names_residual_gt_1e-9': 0, 'worst': [('DYMUSDT', 2.1600499167107046e-12), ('ACEUSDT', -1.2505552149377763e-12), ('THEUSDT', 7.389644451905042e-13), ('HEIUSDT', 3.694822225952521e-13), ('MANTAUSDT', 3.694822225952521e-13)]} | unknown price names 0 | L1 names w/o order row []
   P&L by layer: {'L0_raw': 360.1, 'L1_reshaped': 212.5, 'L2_clamped': 148.7, 'L3_intended': 134.2, 'L4_filled': 136.5, 'L5_readback': 136.5} | unpriced |notional| {'L0_raw': 749, 'L1_reshaped': 799, 'L2_clamped': 799, 'L3_intended': 739, 'L4_filled': 739, 'L5_readback': 739}
09-24T08:00Z checks {'E6 sum L0 == net_producer_usdt': True, 'L1 reproduces net_after / gross_after': True, 'sum L2 == clamped_after_reshape.book_net_usdt': True, 'venue-capped names: L1 == before and L2 == after (alarm text rounded to 1 USDT)': True, "per name L2 == L1 for every NON-clamped name (the reshape population is the producer's names, no zero-target names)": True}
   net by layer: {'L0_raw': -6452.9, 'L1_reshaped': -0.0, 'L2_clamped': 2538.1, 'L3_intended': 2572.4, 'L4_filled': 3012.5, 'L5_readback': 3008.8}
   L1->L5 net gap by class: {'L2->L5: no_order_row': 0.0, 'L2->L5: partial_expired': 426.0, 'L2->L5: skipped_min_notional': 34.3, 'L2->L5: venue_reject': 10.4, 'clamp/cap (L2-L1): clamped names': 2538.1, 'clamp/cap (L2-L1): others': 0.0}
   closure: {'n_names_unknown_fill_qty': 0, 'n_names_residual_gt_1e-9': 0, 'worst': [('SAGAUSDT', -2.2737367544323206e-12), ('HEIUSDT', 1.1368683772161603e-12), ('FLOWUSDT', -9.094947017729282e-13), ('MANTAUSDT', 7.389644451905042e-13), ('ACEUSDT', 6.821210263296962e-13)]} | unknown price names 0 | L1 names w/o order row []
   P&L by layer: {'L0_raw': -93.2, 'L1_reshaped': -19.6, 'L2_clamped': -12.3, 'L3_intended': -12.7, 'L4_filled': -19.1, 'L5_readback': -18.6} | unpriced |notional| {'L0_raw': 803, 'L1_reshaped': 858, 'L2_clamped': 858, 'L3_intended': 858, 'L4_filled': 857, 'L5_readback': 858}
09-24T12:00Z checks {'E6 sum L0 == net_producer_usdt': True, 'L1 reproduces net_after / gross_after': True, 'sum L2 == clamped_after_reshape.book_net_usdt': True, 'venue-capped names: L1 == before and L2 == after (alarm text rounded to 1 USDT)': True, "per name L2 == L1 for every NON-clamped name (the reshape population is the producer's names, no zero-target names)": True}
   net by layer: {'L0_raw': -8271.5, 'L1_reshaped': 0.0, 'L2_clamped': 2512.7, 'L3_intended': 2544.2, 'L4_filled': 2743.0, 'L5_readback': 2748.1}
   L1->L5 net gap by class: {'L2->L5: no_order_row': 0.0, 'L2->L5: partial_expired': 73.5, 'L2->L5: skipped_min_notional': 31.5, 'L2->L5: venue_reject': 130.4, 'clamp/cap (L2-L1): clamped names': 2512.7, 'clamp/cap (L2-L1): others': -0.0}
   closure: {'n_names_unknown_fill_qty': 0, 'n_names_residual_gt_1e-9': 1, 'worst': [('STGUSDT', -6504.0), ('WUSDT', -2.7284841053187847e-12), ('LAUSDT', 2.1600499167107046e-12), ('SAGAUSDT', 1.3642420526593924e-12), ('STRKUSDT', 1.0800249583553523e-12)]} | unknown price names 1 | L1 names w/o order row []
   P&L by layer: {'L0_raw': -1044.8, 'L1_reshaped': -1012.4, 'L2_clamped': -932.9, 'L3_intended': -933.2, 'L4_filled': -924.4, 'L5_readback': -924.5} | unpriced |notional| {}
09-24T16:00Z checks {'E6 sum L0 == net_producer_usdt': True, 'L1 reproduces net_after / gross_after': True, 'sum L2 == clamped_after_reshape.book_net_usdt': True, 'venue-capped names: L1 == before and L2 == after (alarm text rounded to 1 USDT)': True, "per name L2 == L1 for every NON-clamped name (the reshape population is the producer's names, no zero-target names)": True}
   net by layer: {'L0_raw': -9073.7, 'L1_reshaped': 0.0, 'L2_clamped': 2508.2, 'L3_intended': 1969.4, 'L4_filled': 1970.6, 'L5_readback': 1970.6}
   L1->L5 net gap by class: {'L2->L5: blocked_by_halt': -459.5, 'L2->L5: no_order_row': 0.0, 'L2->L5: partial_expired': 1.2, 'L2->L5: skipped_min_notional': -79.3, 'clamp/cap (L2-L1): clamped names': 2508.2, 'clamp/cap (L2-L1): others': -0.0}
   closure: {'n_names_unknown_fill_qty': 0, 'n_names_residual_gt_1e-9': 0, 'worst': [('0GUSDT', 0.0), ('1000BONKUSDT', 0.0), ('1000FLOKIUSDT', 0.0), ('1000LUNCUSDT', 0.0), ('1000PEPEUSDT', 0.0)]} | unknown price names 2 | L1 names w/o order row []
   P&L by layer: {'L0_raw': 27.0, 'L1_reshaped': -43.4, 'L2_clamped': -73.7, 'L3_intended': -88.0, 'L4_filled': -88.0, 'L5_readback': -88.0} | unpriced |notional| {}
09-24T20:00Z checks {'E6 sum L0 == net_producer_usdt': True, 'L1 reproduces net_after / gross_after': True, 'sum L2 == clamped_after_reshape.book_net_usdt': True, 'venue-capped names: L1 == before and L2 == after (alarm text rounded to 1 USDT)': True, "per name L2 == L1 for every NON-clamped name (the reshape population is the producer's names, no zero-target names)": True}
   net by layer: {'L0_raw': -9498.6, 'L1_reshaped': 0.0, 'L2_clamped': 2472.8, 'L3_intended': 2426.8, 'L4_filled': 2950.7, 'L5_readback': 2959.4}
   L1->L5 net gap by class: {'L2->L5: no_order_row': 0.0, 'L2->L5: partial_expired': 551.5, 'L2->L5: skipped_min_notional': -46.0, 'L2->L5: venue_reject': -18.8, 'clamp/cap (L2-L1): clamped names': 2472.8, 'clamp/cap (L2-L1): others': 0.0}
   closure: {'n_names_unknown_fill_qty': 0, 'n_names_residual_gt_1e-9': 0, 'worst': [('WUSDT', 3.637978807091713e-12), ('SAGAUSDT', -2.2737367544323206e-12), ('ACEUSDT', -1.4779288903810084e-12), ('LAUSDT', -1.4779288903810084e-12), ('HEIUSDT', -1.1368683772161603e-12)]} | unknown price names 1 | L1 names w/o order row []
   P&L by layer: {'L0_raw': 145.6, 'L1_reshaped': 150.7, 'L2_clamped': 173.7, 'L3_intended': 173.3, 'L4_filled': 171.0, 'L5_readback': 170.4} | unpriced |notional| {}
09-25T00:00Z checks {'E6 sum L0 == net_producer_usdt': True, 'L1 reproduces net_after / gross_after': True, 'sum L2 == clamped_after_reshape.book_net_usdt': True, 'venue-capped names: L1 == before and L2 == after (alarm text rounded to 1 USDT)': True, "per name L2 == L1 for every NON-clamped name (the reshape population is the producer's names, no zero-target names)": True}
   net by layer: {'L0_raw': -9262.3, 'L1_reshaped': 0.0, 'L2_clamped': 2500.3, 'L3_intended': 2523.8, 'L4_filled': 2749.3, 'L5_readback': 2745.4}
   L1->L5 net gap by class: {'L2->L5: no_order_row': 0.0, 'L2->L5: partial_expired': 171.6, 'L2->L5: skipped_min_notional': 23.6, 'L2->L5: venue_reject': 50.0, 'clamp/cap (L2-L1): clamped names': 2500.3, 'clamp/cap (L2-L1): others': 0.0}
   closure: {'n_names_unknown_fill_qty': 0, 'n_names_residual_gt_1e-9': 0, 'worst': [('SAGAUSDT', 3.637978807091713e-12), ('WUSDT', 2.8990143619012088e-12), ('ACEUSDT', 7.958078640513122e-13), ('LAUSDT', 7.389644451905042e-13), ('MANTAUSDT', -7.247535904753022e-13)]} | unknown price names 0 | L1 names w/o order row []
   P&L by layer: {'L0_raw': -728.0, 'L1_reshaped': -780.9, 'L2_clamped': -786.9, 'L3_intended': -787.1, 'L4_filled': -789.9, 'L5_readback': -789.7} | unpriced |notional| {}
09-25T04:00Z checks {'E6 sum L0 == net_producer_usdt': True, 'L1 reproduces net_after / gross_after': True, 'sum L2 == clamped_after_reshape.book_net_usdt': True, 'venue-capped names: L1 == before and L2 == after (alarm text rounded to 1 USDT)': True, "per name L2 == L1 for every NON-clamped name (the reshape population is the producer's names, no zero-target names)": True}
   net by layer: {'L0_raw': -8982.9, 'L1_reshaped': 0.0, 'L2_clamped': 2462.6, 'L3_intended': 2544.8, 'L4_filled': 2316.1, 'L5_readback': 2314.2}
   L1->L5 net gap by class: {'L2->L5: no_order_row': 0.0, 'L2->L5: partial_expired': -236.0, 'L2->L5: skipped_min_notional': 82.1, 'L2->L5: venue_reject': 5.5, 'clamp/cap (L2-L1): clamped names': 2462.6, 'clamp/cap (L2-L1): others': 0.0}
   closure: {'n_names_unknown_fill_qty': 0, 'n_names_residual_gt_1e-9': 0, 'worst': [('WUSDT', -5.9117155615240335e-12), ('MANTAUSDT', 1.4495071809506044e-12), ('LAUSDT', -1.3642420526593924e-12), ('DYMUSDT', 9.094947017729282e-13), ('ACEUSDT', -7.958078640513122e-13)]} | unknown price names 0 | L1 names w/o order row []
   P&L by layer: {'L0_raw': -923.0, 'L1_reshaped': -701.8, 'L2_clamped': -722.3, 'L3_intended': -721.8, 'L4_filled': -724.7, 'L5_readback': -724.4} | unpriced |notional| {}
09-25T08:00Z checks {'E6 sum L0 == net_producer_usdt': True, 'L1 reproduces net_after / gross_after': True, 'sum L2 == clamped_after_reshape.book_net_usdt': True, 'venue-capped names: L1 == before and L2 == after (alarm text rounded to 1 USDT)': True, "per name L2 == L1 for every NON-clamped name (the reshape population is the producer's names, no zero-target names)": True}
   net by layer: {'L0_raw': -8441.6, 'L1_reshaped': -0.0, 'L2_clamped': 2464.2, 'L3_intended': 2462.8, 'L4_filled': 2709.0, 'L5_readback': 2708.2}
   L1->L5 net gap by class: {'L2->L5: no_order_row': 0.0, 'L2->L5: partial_expired': 245.9, 'L2->L5: skipped_min_notional': -1.4, 'L2->L5: venue_reject': -0.5, 'clamp/cap (L2-L1): clamped names': 2464.2, 'clamp/cap (L2-L1): others': 0.0}
   closure: {'n_names_unknown_fill_qty': 0, 'n_names_residual_gt_1e-9': 0, 'worst': [('DYMUSDT', -2.9558577807620168e-12), ('WUSDT', 1.8189894035458565e-12), ('MANTAUSDT', -1.4779288903810084e-12), ('ONTUSDT', 7.389644451905042e-13), ('LAUSDT', 6.821210263296962e-13)]} | unknown price names 0 | L1 names w/o order row []
   P&L by layer: {'L0_raw': -1275.4, 'L1_reshaped': -914.0, 'L2_clamped': -828.8, 'L3_intended': -829.1, 'L4_filled': -829.1, 'L5_readback': -828.8} | unpriced |notional| {}
09-25T12:00Z checks {'E6 sum L0 == net_producer_usdt': True, 'L1 reproduces net_after / gross_after': True, 'sum L2 == clamped_after_reshape.book_net_usdt': True, 'venue-capped names: L1 == before and L2 == after (alarm text rounded to 1 USDT)': True, "per name L2 == L1 for every NON-clamped name (the reshape population is the producer's names, no zero-target names)": True}
   net by layer: {'L0_raw': -8632.0, 'L1_reshaped': -0.0, 'L2_clamped': 2467.5, 'L3_intended': 2440.1, 'L4_filled': 2035.8, 'L5_readback': 2055.0}
   L1->L5 net gap by class: {'L2->L5: no_order_row': 0.0, 'L2->L5: partial_expired': -414.6, 'L2->L5: skipped_min_notional': -27.4, 'L2->L5: venue_reject': 29.5, 'clamp/cap (L2-L1): clamped names': 2467.5, 'clamp/cap (L2-L1): others': -0.0}
   closure: {'n_names_unknown_fill_qty': 0, 'n_names_residual_gt_1e-9': 0, 'worst': [('WUSDT', 2.9558577807620168e-12), ('DYMUSDT', 2.8990143619012088e-12), ('HEIUSDT', 1.4495071809506044e-12), ('KAVAUSDT', -1.0800249583553523e-12), ('ONTUSDT', 7.389644451905042e-13)]} | unknown price names 0 | L1 names w/o order row []
   P&L by layer: {'L0_raw': -88.1, 'L1_reshaped': 6.5, 'L2_clamped': 62.7, 'L3_intended': 62.5, 'L4_filled': 65.9, 'L5_readback': 64.9} | unpriced |notional| {}
09-25T16:00Z checks {'E6 sum L0 == net_producer_usdt': True, 'L1 reproduces net_after / gross_after': True, 'sum L2 == clamped_after_reshape.book_net_usdt': True, 'venue-capped names: L1 == before and L2 == after (alarm text rounded to 1 USDT)': True, "per name L2 == L1 for every NON-clamped name (the reshape population is the producer's names, no zero-target names)": True}
   net by layer: {'L0_raw': -7732.5, 'L1_reshaped': 0.0, 'L2_clamped': 2454.8, 'L3_intended': 2481.8, 'L4_filled': 1764.9, 'L5_readback': 1756.5}
   L1->L5 net gap by class: {'L2->L5: no_order_row': 0.0, 'L2->L5: partial_expired': -777.9, 'L2->L5: skipped_min_notional': 26.9, 'L2->L5: venue_reject': 52.6, 'clamp/cap (L2-L1): clamped names': 2454.8, 'clamp/cap (L2-L1): others': 0.0}
   closure: {'n_names_unknown_fill_qty': 0, 'n_names_residual_gt_1e-9': 0, 'worst': [('SAGAUSDT', 2.1600499167107046e-12), ('DYMUSDT', -1.4779288903810084e-12), ('ONTUSDT', -1.4779288903810084e-12), ('HEIUSDT', -7.389644451905042e-13), ('LAUSDT', -7.389644451905042e-13)]} | unknown price names 1 | L1 names w/o order row []
   P&L by layer: {'L0_raw': -561.4, 'L1_reshaped': -476.7, 'L2_clamped': -461.9, 'L3_intended': -461.4, 'L4_filled': -467.5, 'L5_readback': -468.9} | unpriced |notional| {}
09-25T20:00Z checks {'E6 sum L0 == net_producer_usdt': True, 'L1 reproduces net_after / gross_after': True, 'sum L2 == clamped_after_reshape.book_net_usdt': True, 'venue-capped names: L1 == before and L2 == after (alarm text rounded to 1 USDT)': True, "per name L2 == L1 for every NON-clamped name (the reshape population is the producer's names, no zero-target names)": True}
   net by layer: {'L0_raw': -7334.7, 'L1_reshaped': -0.0, 'L2_clamped': 2472.8, 'L3_intended': 2523.1, 'L4_filled': 2253.7, 'L5_readback': 2250.0}
   L1->L5 net gap by class: {'L2->L5: no_order_row': 0.0, 'L2->L5: partial_expired': -285.0, 'L2->L5: skipped_min_notional': 50.3, 'L2->L5: venue_reject': 11.9, 'clamp/cap (L2-L1): clamped names': 2472.8, 'clamp/cap (L2-L1): others': -0.0}
   closure: {'n_names_unknown_fill_qty': 0, 'n_names_residual_gt_1e-9': 0, 'worst': [('WUSDT', -2.9558577807620168e-12), ('FLOWUSDT', -2.1884716261411086e-12), ('DYMUSDT', -1.4779288903810084e-12), ('KAVAUSDT', 1.1368683772161603e-12), ('PORTALUSDT', 9.094947017729282e-13)]} | unknown price names 2 | L1 names w/o order row []
   P&L by layer: {'L0_raw': 175.3, 'L1_reshaped': 110.5, 'L2_clamped': 124.4, 'L3_intended': 124.2, 'L4_filled': 127.0, 'L5_readback': 126.9} | unpriced |notional| {}
09-26T00:00Z checks {'E6 sum L0 == net_producer_usdt': True, 'L1 reproduces net_after / gross_after': True, 'sum L2 == clamped_after_reshape.book_net_usdt': True, 'venue-capped names: L1 == before and L2 == after (alarm text rounded to 1 USDT)': True, "per name L2 == L1 for every NON-clamped name (the reshape population is the producer's names, no zero-target names)": True}
   net by layer: {'L0_raw': -7627.2, 'L1_reshaped': -0.0, 'L2_clamped': 2405.4, 'L3_intended': 2372.4, 'L4_filled': 2570.7, 'L5_readback': 2569.3}
   L1->L5 net gap by class: {'L2->L5: no_order_row': 0.0, 'L2->L5: partial_expired': 94.4, 'L2->L5: skipped_min_notional': -33.0, 'L2->L5: venue_reject': 102.4, 'clamp/cap (L2-L1): clamped names': 2405.4, 'clamp/cap (L2-L1): others': 0.0}
   closure: {'n_names_unknown_fill_qty': 0, 'n_names_residual_gt_1e-9': 0, 'worst': [('DYMUSDT', 5.9117155615240335e-12), ('WUSDT', 4.320099833421409e-12), ('ONTUSDT', 1.4779288903810084e-12), ('FLOWUSDT', 1.4495071809506044e-12), ('SAGAUSDT', -1.3642420526593924e-12)]} | unknown price names 0 | L1 names w/o order row []
   P&L by layer: {'L0_raw': 297.7, 'L1_reshaped': 241.8, 'L2_clamped': 246.5, 'L3_intended': 246.3, 'L4_filled': 247.1, 'L5_readback': 247.1} | unpriced |notional| {}
09-26T04:00Z checks {'E6 sum L0 == net_producer_usdt': True, 'L1 reproduces net_after / gross_after': True, 'sum L2 == clamped_after_reshape.book_net_usdt': True, 'venue-capped names: L1 == before and L2 == after (alarm text rounded to 1 USDT)': True, "per name L2 == L1 for every NON-clamped name (the reshape population is the producer's names, no zero-target names)": True}
   net by layer: {'L0_raw': -7610.5, 'L1_reshaped': -0.0, 'L2_clamped': 9.4, 'L3_intended': 113.3, 'L4_filled': 443.7, 'L5_readback': 443.1}
   L1->L5 net gap by class: {'L2->L5: no_order_row': 0.0, 'L2->L5: partial_expired': 326.0, 'L2->L5: skipped_min_notional': 103.9, 'L2->L5: venue_reject': 3.8, 'clamp/cap (L2-L1): clamped names': 9.4, 'clamp/cap (L2-L1): others': 0.0}
   closure: {'n_names_unknown_fill_qty': 0, 'n_names_residual_gt_1e-9': 0, 'worst': [('WUSDT', -4.547473508864641e-12), ('DYMUSDT', -2.7284841053187847e-12), ('IOTAUSDT', 1.0800249583553523e-12), ('KAVAUSDT', -7.389644451905042e-13), ('MANTAUSDT', -7.389644451905042e-13)]} | unknown price names 1 | L1 names w/o order row []
   P&L by layer (NOT fully priced: next readback after the price cache): {} | unpriced |notional| {'L0_raw': 219428, 'L1_reshaped': 219428, 'L2_clamped': 219418, 'L3_intended': 219481, 'L4_filled': 219155, 'L5_readback': 219154}
09-26T08:00Z checks {'E6 sum L0 == net_producer_usdt': True, 'L1 reproduces net_after / gross_after': True, 'sum L2 == clamped_after_reshape.book_net_usdt': True, 'venue-capped names: L1 == before and L2 == after (alarm text rounded to 1 USDT)': True, "per name L2 == L1 for every NON-clamped name (the reshape population is the producer's names, no zero-target names)": True}
   net by layer: {'L0_raw': -7568.1, 'L1_reshaped': -0.0, 'L2_clamped': 74.9, 'L3_intended': 161.9, 'L4_filled': -181.5, 'L5_readback': -172.5}
   L1->L5 net gap by class: {'L2->L5: no_order_row': 0.0, 'L2->L5: partial_expired': -281.6, 'L2->L5: skipped_min_notional': 87.1, 'L2->L5: venue_reject': -52.9, 'clamp/cap (L2-L1): clamped names': 74.9, 'clamp/cap (L2-L1): others': -0.0}
   closure: {'n_names_unknown_fill_qty': 0, 'n_names_residual_gt_1e-9': 0, 'worst': [('WUSDT', 4.320099833421409e-12), ('FLOWUSDT', -2.2737367544323206e-12), ('LAUSDT', -1.4495071809506044e-12), ('SAGAUSDT', -1.3642420526593924e-12), ('IOTAUSDT', -1.0942358130705543e-12)]} | unknown price names 2 | L1 names w/o order row []
DENOMINATOR {"anchors_in_window": 59, "all_identity_checks_pass_or_not_evaluated": 59, "e6_not_evaluated": 4, "priced_and_passing": 57, "failing": [], "skipped": []}
TOTALS {'pnl_L0_raw': -16329.3, 'pnl_L1_reshaped': -12789.2, 'pnl_L2_clamped': -12489.9, 'pnl_L3_intended': -12514.2, 'pnl_L4_filled': -12512.1, 'pnl_L5_readback': -12510.1, 'n_priced_anchors': 57.0, 'net_L0_raw': -677525.1, 'net_L1_reshaped': -0.0, 'net_L2_clamped': 62831.2, 'net_L3_intended': 65709.1, 'net_L4_filled': 67942.5, 'net_L5_readback': 67995.0, 'n_anchors': 59.0}
