<!-- generated by build_result_gate_doc.py from ./results/*.json; n_anchors=10038 2022-01-31 00:00→2026-08-30 20:00; cut=2026-08-10 20:00; windows={'pre-2025': 6396, '2025-01/02': 354, '2025-03->26<=cut': 3168, '2026<=cut': 1332, '2025-03->12': 1836, '2026-postcut': 120}; bootstrap={'blocks': 'UTC day', 'n': 2000, 'seed': 20260905} -->
## A · Arm table — primary window 2025-03-01→2026-08-10 20Z (n=3168 anchors, same set for all arms); per-gross caliber g = net_ex/gross_total (bps/anchor/unit gross); Δ = paired by anchor, UTC-day-block bootstrap 2000, seed 20260905, CI95
| arm | role | swaps | mean age (2025-03→) | max age | IC primary ± se | g primary | %/gross/yr | NAV %/yr @2× | Sharpe | maxDD bps (2×DD %NAV) | turn/gross | g 2026≤cut (S) | g 2025-03→12 (S) | Δ vs R0(mE1) | Δ vs yearly s42 | Δ vs yearly s2027 |
|---|---|---|---|---|---|---|---|---|---|---|---|---|---|---|---|---|
| BASE_s42 | R-yearly (09-01 gate model, seed 42) | - | - | - | +0.0191 ± 0.0017 | **+1.557** [+0.580, +2.498] | +34.1% | +68.2% | +2.57 | 1133 (22.7%) | 0.06442 | +3.189 (+4.96) | +0.374 (+0.65) | n/a | (ref) | n/a |
| BASE_s2027 | R-yearly seed 2027 | - | - | - | +0.0191 ± 0.0017 | **+1.622** [+0.658, +2.592] | +35.5% | +71.1% | +2.68 | 938 (18.8%) | 0.05945 | +3.143 (+4.90) | +0.519 (+0.90) | n/a | n/a | (ref) |
| G_mE1_R0 | R0 = live form (monthly refit, E1, age 1) | 19 | 1.00 | 1 | +0.0202 ± 0.0016 | **+1.386** [+0.377, +2.368] | +30.3% | +60.7% | +2.26 | 1213 (24.3%) | 0.06381 | +2.986 (+4.63) | +0.225 (+0.38) | (ref) | -0.172 [-0.346, -0.007] | -0.236 [-0.389, -0.076] |
| G_mE1_R1 | R1 gate-IC (E1) | 8 | 3.78 | 9 | +0.0265 ± 0.0018 | **+1.479** [+0.532, +2.430] | +32.4% | +64.8% | +2.44 | 1085 (21.7%) | 0.06411 | +3.194 (+4.94) | +0.235 (+0.41) | +0.093 [-0.080, +0.264] | -0.078 [-0.273, +0.101] | -0.143 [-0.313, +0.019] |
| G_mE1_R2 | R2 gate-leg (E1) | 8 | 3.28 | 7 | +0.0209 ± 0.0016 | **+1.477** [+0.548, +2.378] | +32.3% | +64.7% | +2.44 | 1101 (22.0%) | 0.06284 | +3.183 (+4.93) | +0.239 (+0.42) | +0.091 [-0.075, +0.256] | -0.080 [-0.260, +0.088] | -0.145 [-0.317, +0.013] |
| G_mE1_R3 | R3 both (E1) | 3 | 7.89 | 16 | +0.0310 ± 0.0018 | **+1.481** [+0.493, +2.455] | +32.4% | +64.9% | +2.45 | 1085 (21.7%) | 0.06496 | +3.198 (+4.99) | +0.235 (+0.41) | +0.095 [-0.074, +0.271] | -0.076 [-0.271, +0.101] | -0.141 [-0.311, +0.021] |
| G_mE1_R4 | R4 absolute IC>0 (E1) | 17 | 2.06 | 3 | +0.0183 ± 0.0017 | **+1.587** [+0.614, +2.532] | +34.8% | +69.5% | +2.60 | 1085 (21.7%) | 0.06345 | +3.173 (+4.91) | +0.437 (+0.75) | +0.201 [+0.036, +0.367] | +0.030 [-0.143, +0.189] | -0.035 [-0.203, +0.133] |
| G_mE60_R0 | R0 (E60 cutoff) | 19 | 1.00 | 1 | +0.0149 ± 0.0016 | **+1.348** [+0.433, +2.336] | +29.5% | +59.1% | +2.21 | 1207 (24.1%) | 0.06165 | +3.011 (+4.68) | +0.142 (+0.24) | -0.037 [-0.188, +0.104] | -0.209 [-0.362, -0.059] | n/a |
| G_mE60_R1 | R1 (E60) | 4 | 7.83 | 16 | +0.0297 ± 0.0018 | **+1.486** [+0.525, +2.427] | +32.5% | +65.1% | +2.46 | 1215 (24.3%) | 0.06438 | +3.281 (+5.10) | +0.184 (+0.32) | +0.101 [-0.064, +0.269] | -0.071 [-0.228, +0.079] | n/a |
| G_mE60_R2 | R2 (E60) | 10 | 2.67 | 4 | +0.0198 ± 0.0017 | **+1.451** [+0.441, +2.403] | +31.8% | +63.6% | +2.39 | 1215 (24.3%) | 0.06256 | +3.157 (+4.88) | +0.214 (+0.37) | +0.065 [-0.066, +0.206] | -0.106 [-0.268, +0.039] | n/a |
| G_mE60_R3 | R3 (E60) | 4 | 7.83 | 16 | +0.0297 ± 0.0018 | **+1.486** [+0.555, +2.467] | +32.5% | +65.1% | +2.46 | 1215 (24.3%) | 0.06438 | +3.281 (+5.10) | +0.184 (+0.32) | +0.101 [-0.059, +0.271] | -0.071 [-0.224, +0.077] | n/a |
| G_mE60_R4 | R4 (E60) | 15 | 2.17 | 3 | +0.0169 ± 0.0017 | **+1.459** [+0.507, +2.405] | +31.9% | +63.9% | +2.41 | 1180 (23.6%) | 0.06284 | +3.080 (+4.79) | +0.283 (+0.49) | +0.073 [-0.073, +0.223] | -0.099 [-0.273, +0.065] | n/a |
| G_mE1_R1_phidyn | R1 + φdyn [0.30,0.60] (§A3) | 8 | 3.78 | 9 | +0.0265 ± 0.0018 | **+1.568** [+0.598, +2.522] | +34.3% | +68.7% | +2.61 | 931 (18.6%) | 0.07459 | +3.367 (+5.11) | +0.262 (+0.48) | +0.182 [-0.045, +0.418] | +0.010 [-0.209, +0.227] | -0.054 [-0.276, +0.179] |
| G_mE1_R0_phidyn | R0 + φdyn (aux) | 19 | 1.00 | 1 | +0.0202 ± 0.0016 | **+1.494** [+0.510, +2.474] | +32.7% | +65.5% | +2.43 | 1122 (22.4%) | 0.07179 | +3.196 (+4.88) | +0.260 (+0.45) | +0.109 [-0.029, +0.257] | -0.063 [-0.247, +0.126] | -0.128 [-0.329, +0.084] |

## B · Paired Δ detail (primary window unless stated): Δ [CI95] P(Δ>0) · ΔSharpe · Δturn% · maxDD ref→x · months with Δ>0 · best month share · Δ without best month
| pair | 2025-01/02 | 2025-03→12 | 2026≤cut | **primary 2025-03→26≤cut** | ΔSharpe | Δturn% | maxDD ref→x | months + | best month (share of total) | Δ w/o best month |
|---|---|---|---|---|---|---|---|---|---|---|
| G_mE1_R1 − R0(mE1) | +0.101 [-0.635,+0.749] P0.60 | +0.011 [-0.231,+0.255] P0.54 | +0.208 [-0.025,+0.427] P0.96 | **+0.093 [-0.080,+0.264] P0.85** | +0.176 | +0.5% | 1213→1085 | 9/18 | 202603 +207 bps (+70%) | +0.030 [-0.142, +0.201] |
| G_mE1_R1 − yearly s42 | +0.355 [-0.278,+0.997] P0.86 | -0.138 [-0.422,+0.112] P0.15 | +0.005 [-0.253,+0.227] P0.55 | **-0.078 [-0.273,+0.101] P0.21** | -0.133 | -0.5% | 1133→1085 | 9/18 | 202504 +186 bps (-75%) | -0.145 [-0.319, +0.022] |
| G_mE1_R1 − yearly s2027 | +0.385 [-0.320,+1.062] P0.87 | -0.284 [-0.558,-0.033] P0.01 | +0.051 [-0.121,+0.228] P0.70 | **-0.143 [-0.313,+0.019] P0.04** | -0.242 | +7.8% | 938→1085 | 5/18 | 202603 +62 bps (-14%) | -0.173 [-0.338, -0.003] |
| G_mE1_R2 − R0(mE1) | +0.101 [-0.612,+0.749] P0.61 | +0.014 [-0.236,+0.255] P0.55 | +0.197 [+0.015,+0.379] P0.98 | **+0.091 [-0.075,+0.256] P0.86** | +0.176 | -1.5% | 1213→1101 | 11/18 | 202504 +174 bps (+60%) | +0.038 [-0.120, +0.189] |
| G_mE1_R2 − yearly s42 | +0.355 [-0.289,+1.080] P0.87 | -0.135 [-0.389,+0.111] P0.14 | -0.006 [-0.244,+0.200] P0.50 | **-0.080 [-0.260,+0.088] P0.17** | -0.133 | -2.5% | 1133→1101 | 11/18 | 202504 +174 bps (-68%) | -0.144 [-0.309, +0.027] |
| G_mE1_R2 − yearly s2027 | +0.385 [-0.388,+1.070] P0.86 | -0.280 [-0.556,-0.003] P0.02 | +0.040 [-0.080,+0.163] P0.74 | **-0.145 [-0.317,+0.013] P0.04** | -0.242 | +5.7% | 938→1101 | 8/18 | 202504 +34 bps (-7%) | -0.165 [-0.331, -0.014] |
| G_mE1_R3 − R0(mE1) | +0.101 [-0.636,+0.832] P0.63 | +0.011 [-0.240,+0.267] P0.53 | +0.212 [+0.006,+0.426] P0.98 | **+0.095 [-0.074,+0.271] P0.87** | +0.189 | +1.8% | 1213→1085 | 9/18 | 202603 +251 bps (+83%) | +0.017 [-0.158, +0.193] |
| G_mE1_R3 − yearly s42 | +0.355 [-0.282,+1.043] P0.86 | -0.138 [-0.415,+0.128] P0.15 | +0.009 [-0.246,+0.236] P0.55 | **-0.076 [-0.271,+0.101] P0.20** | -0.120 | +0.8% | 1133→1085 | 9/18 | 202504 +186 bps (-77%) | -0.143 [-0.324, +0.027] |
| G_mE1_R3 − yearly s2027 | +0.385 [-0.374,+1.047] P0.86 | -0.284 [-0.523,-0.044] P0.01 | +0.055 [-0.121,+0.227] P0.74 | **-0.141 [-0.311,+0.021] P0.05** | -0.229 | +9.3% | 938→1085 | 6/18 | 202603 +107 bps (-24%) | -0.186 [-0.355, -0.011] |
| G_mE1_R4 − R0(mE1) | +0.101 [-0.610,+0.778] P0.62 | +0.212 [-0.028,+0.451] P0.95 | +0.186 [-0.048,+0.427] P0.94 | **+0.201 [+0.036,+0.367] P0.99** | +0.342 | -0.6% | 1213→1085 | 12/18 | 202603 +207 bps (+32%) | +0.145 [-0.027, +0.312] |
| G_mE1_R4 − yearly s42 | +0.355 [-0.294,+0.981] P0.85 | +0.063 [-0.197,+0.303] P0.68 | -0.016 [-0.285,+0.211] P0.46 | **+0.030 [-0.143,+0.189] P0.63** | +0.033 | -1.5% | 1133→1085 | 10/18 | 202504 +186 bps (+197%) | -0.031 [-0.198, +0.135] |
| G_mE1_R4 − yearly s2027 | +0.385 [-0.388,+1.087] P0.84 | -0.082 [-0.332,+0.169] P0.26 | +0.030 [-0.145,+0.214] P0.64 | **-0.035 [-0.203,+0.133] P0.35** | -0.076 | +6.7% | 938→1085 | 9/18 | 202509 +83 bps (-75%) | -0.065 [-0.240, +0.102] |
| G_mE60_R0 − R0(mE1) | -0.175 [-0.418,+0.081] P0.10 | -0.083 [-0.258,+0.094] P0.19 | +0.025 [-0.192,+0.257] P0.59 | **-0.037 [-0.188,+0.104] P0.29** | -0.051 | -3.4% | 1213→1207 | 8/18 | 202604 +79 bps (-67%) | -0.066 [-0.201, +0.069] |
| G_mE60_R0 − yearly s42 | +0.079 [-0.668,+0.872] P0.57 | -0.231 [-0.434,-0.023] P0.01 | -0.178 [-0.403,+0.050] P0.07 | **-0.209 [-0.362,-0.059] P0.00** | -0.360 | -4.3% | 1133→1207 | 5/18 | 202508 +43 bps (-7%) | -0.236 [-0.397, -0.078] |
| G_mE60_R1 − R0(mE1) | -0.089 [-0.717,+0.517] P0.40 | -0.040 [-0.267,+0.183] P0.33 | +0.295 [+0.067,+0.538] P0.99 | **+0.101 [-0.064,+0.269] P0.88** | +0.195 | +0.9% | 1213→1215 | 11/18 | 202603 +192 bps (+60%) | +0.042 [-0.116, +0.215] |
| G_mE60_R1 − yearly s42 | +0.166 [-0.537,+0.960] P0.66 | -0.189 [-0.419,+0.052] P0.05 | +0.092 [-0.083,+0.279] P0.85 | **-0.071 [-0.228,+0.079] P0.17** | -0.114 | -0.1% | 1133→1215 | 9/18 | 202504 +113 bps (-50%) | -0.113 [-0.269, +0.043] |
| G_mE60_R1 − R0(mE60) | +0.087 [-0.490,+0.664] P0.60 | +0.042 [-0.185,+0.285] P0.64 | +0.270 [+0.025,+0.515] P0.98 | **+0.138 [-0.025,+0.312] P0.96** | +0.246 | +4.4% | 1207→1215 | 10/18 | 202603 +227 bps (+52%) | +0.070 [-0.095, +0.239] |
| G_mE60_R2 − R0(mE1) | -0.089 [-0.733,+0.527] P0.39 | -0.011 [-0.215,+0.196] P0.47 | +0.171 [+0.014,+0.324] P0.98 | **+0.065 [-0.066,+0.206] P0.83** | +0.131 | -2.0% | 1213→1215 | 11/18 | 202603 +117 bps (+57%) | +0.030 [-0.101, +0.169] |
| G_mE60_R2 − yearly s42 | +0.166 [-0.544,+0.881] P0.68 | -0.160 [-0.382,+0.062] P0.07 | -0.032 [-0.272,+0.170] P0.41 | **-0.106 [-0.268,+0.039] P0.09** | -0.178 | -2.9% | 1133→1215 | 8/18 | 202504 +113 bps (-34%) | -0.150 [-0.309, +0.004] |
| G_mE60_R2 − R0(mE60) | +0.087 [-0.503,+0.672] P0.60 | +0.072 [-0.153,+0.306] P0.74 | +0.146 [-0.123,+0.392] P0.87 | **+0.103 [-0.065,+0.271] P0.89** | +0.182 | +1.5% | 1207→1215 | 12/18 | 202603 +152 bps (+47%) | +0.058 [-0.129, +0.246] |
| G_mE60_R3 − R0(mE1) | -0.089 [-0.714,+0.509] P0.37 | -0.040 [-0.248,+0.173] P0.36 | +0.295 [+0.051,+0.536] P0.99 | **+0.101 [-0.059,+0.271] P0.90** | +0.195 | +0.9% | 1213→1215 | 11/18 | 202603 +192 bps (+60%) | +0.042 [-0.119, +0.209] |
| G_mE60_R3 − yearly s42 | +0.166 [-0.555,+0.878] P0.67 | -0.189 [-0.420,+0.050] P0.05 | +0.092 [-0.091,+0.280] P0.82 | **-0.071 [-0.224,+0.077] P0.18** | -0.114 | -0.1% | 1133→1215 | 9/18 | 202504 +113 bps (-50%) | -0.113 [-0.270, +0.036] |
| G_mE60_R3 − R0(mE60) | +0.087 [-0.520,+0.661] P0.61 | +0.042 [-0.201,+0.276] P0.63 | +0.270 [+0.027,+0.511] P0.98 | **+0.138 [-0.032,+0.306] P0.94** | +0.246 | +4.4% | 1207→1215 | 10/18 | 202603 +227 bps (+52%) | +0.070 [-0.103, +0.239] |
| G_mE60_R4 − R0(mE1) | -0.089 [-0.701,+0.521] P0.39 | +0.058 [-0.143,+0.261] P0.71 | +0.094 [-0.102,+0.279] P0.82 | **+0.073 [-0.073,+0.223] P0.84** | +0.148 | -1.5% | 1213→1180 | 10/18 | 202603 +152 bps (+65%) | +0.027 [-0.115, +0.174] |
| G_mE60_R4 − yearly s42 | +0.166 [-0.544,+0.913] P0.66 | -0.091 [-0.320,+0.139] P0.23 | -0.109 [-0.361,+0.078] P0.15 | **-0.099 [-0.273,+0.065] P0.12** | -0.161 | -2.5% | 1133→1180 | 7/18 | 202504 +151 bps (-49%) | -0.155 [-0.310, -0.008] |
| G_mE60_R4 − R0(mE60) | +0.087 [-0.492,+0.662] P0.62 | +0.140 [-0.118,+0.399] P0.87 | +0.069 [-0.214,+0.347] P0.71 | **+0.110 [-0.077,+0.297] P0.87** | +0.199 | +1.9% | 1207→1180 | 10/18 | 202603 +186 bps (+53%) | +0.055 [-0.126, +0.246] |
| G_mE1_R1_phidyn − R0(mE1) | -0.020 [-0.694,+0.625] P0.49 | +0.038 [-0.326,+0.388] P0.58 | +0.381 [+0.104,+0.655] P1.00 | **+0.182 [-0.045,+0.418] P0.94** | +0.353 | +16.9% | 1213→931 | 11/18 | 202504 +329 bps (+57%) | +0.083 [-0.122, +0.295] |
| G_mE1_R1_phidyn − yearly s42 | +0.234 [-0.330,+0.821] P0.79 | -0.111 [-0.454,+0.252] P0.27 | +0.178 [-0.038,+0.403] P0.95 | **+0.010 [-0.209,+0.227] P0.53** | +0.044 | +15.8% | 1133→931 | 10/18 | 202504 +329 bps (+997%) | -0.099 [-0.291, +0.090] |
| G_mE1_R1_phidyn − yearly s2027 | +0.265 [-0.495,+0.985] P0.77 | -0.257 [-0.583,+0.067] P0.06 | +0.224 [-0.047,+0.489] P0.95 | **-0.054 [-0.276,+0.179] P0.34** | -0.065 | +25.5% | 938→931 | 8/18 | 202504 +188 bps (-109%) | -0.121 [-0.339, +0.102] |
| G_mE1_R0_phidyn − R0(mE1) | -0.142 [-0.280,-0.008] P0.02 | +0.035 [-0.156,+0.231] P0.64 | +0.210 [+0.019,+0.412] P0.98 | **+0.109 [-0.029,+0.257] P0.94** | +0.169 | +12.5% | 1213→1122 | 10/18 | 202509 +162 bps (+47%) | +0.061 [-0.074, +0.202] |
| G_mE1_R0_phidyn − yearly s42 | +0.113 [-0.673,+0.915] P0.60 | -0.113 [-0.386,+0.165] P0.22 | +0.007 [-0.244,+0.259] P0.51 | **-0.063 [-0.247,+0.126] P0.27** | -0.140 | +11.4% | 1133→1122 | 10/18 | 202509 +113 bps (-57%) | -0.104 [-0.304, +0.084] |
| G_mE1_R0_phidyn − yearly s2027 | +0.143 [-0.484,+0.704] P0.69 | -0.259 [-0.581,+0.047] P0.06 | +0.053 [-0.206,+0.307] P0.65 | **-0.128 [-0.329,+0.084] P0.13** | -0.249 | +20.7% | 938→1122 | 5/18 | 202509 +147 bps (-36%) | -0.185 [-0.394, +0.036] |
| R0(mE1) − yearly s42 [§A4 keepable] | +0.255 [-0.538,+1.091] P0.72 | -0.149 [-0.377,+0.060] P0.09 | -0.203 [-0.449,+0.049] P0.06 | **-0.172 [-0.346,-0.007] P0.02** | -0.309 | -0.9% | 1133→1213 | 5/18 | 202507 +113 bps (-21%) | -0.220 [-0.403, -0.052] |
| R0(mE1) − yearly s2027 | +0.285 [-0.302,+0.858] P0.84 | -0.294 [-0.548,-0.056] P0.01 | -0.157 [-0.316,+0.011] P0.04 | **-0.236 [-0.389,-0.076] P0.00** | -0.418 | +7.3% | 938→1213 | 6/18 | 202507 +48 bps (-6%) | -0.267 [-0.428, -0.107] |
| R1+φdyn − R1 (fixed φ) [§A3] | -0.121 [-0.315,+0.059] P0.11 | +0.027 [-0.188,+0.245] P0.60 | +0.173 [-0.020,+0.407] P0.96 | **+0.089 [-0.067,+0.249] P0.86** | +0.177 | +16.3% | 1085→931 | 8/18 | 202604 +170 bps (+61%) | +0.037 [-0.118, +0.190] |
| R0+φdyn − R0 (aux) | -0.142 [-0.285,-0.009] P0.02 | +0.035 [-0.160,+0.238] P0.62 | +0.210 [+0.018,+0.423] P0.98 | **+0.109 [-0.029,+0.255] P0.95** | +0.169 | +12.5% | 1213→1122 | 10/18 | 202509 +162 bps (+47%) | +0.061 [-0.072, +0.199] |

## C · Frozen judge §A4 (verbatim from results/judge_gate.json['judge'])
```json
{
 "G_mE1_R1": {
  "primary_delta": 0.09344454681768753,
  "primary_CI": [
   -0.07955930783195739,
   0.26366523966900923
  ],
  "CI_lower>0": false,
  "2026_point>=0": true,
  "dturn_pct": 0.4686037917815078,
  "turn<=+10%": true,
  "single_month_check_drop_best_CI_lower>0": false,
  "best_month_share": 0.6979620557450692,
  "verdict": "UNDECIDED"
 },
 "G_mE1_R2": {
  "primary_delta": 0.0911809634423373,
  "primary_CI": [
   -0.07530997643214084,
   0.2563923475126922
  ],
  "CI_lower>0": false,
  "2026_point>=0": true,
  "dturn_pct": -1.524485085215499,
  "turn<=+10%": true,
  "single_month_check_drop_best_CI_lower>0": false,
  "best_month_share": 0.603185388583024,
  "verdict": "UNDECIDED"
 },
 "G_mE1_R3": {
  "primary_delta": 0.09524970325915132,
  "primary_CI": [
   -0.07435825288107185,
   0.2709538178407257
  ],
  "CI_lower>0": false,
  "2026_point>=0": true,
  "dturn_pct": 1.7969304608175696,
  "turn<=+10%": true,
  "single_month_check_drop_best_CI_lower>0": false,
  "best_month_share": 0.8321462129776299,
  "verdict": "UNDECIDED"
 },
 "G_mE1_R4": {
  "primary_delta": 0.2013829832155324,
  "primary_CI": [
   0.036142103356944934,
   0.36685148556850444
  ],
  "CI_lower>0": true,
  "2026_point>=0": true,
  "dturn_pct": -0.5686248255797555,
  "turn<=+10%": true,
  "single_month_check_drop_best_CI_lower>0": false,
  "best_month_share": 0.3239258827306309,
  "verdict": "UNDECIDED (single-month driven)"
 },
 "G_mE60_R1": {
  "primary_delta": 0.10055536693699116,
  "primary_CI": [
   -0.06437331165063982,
   0.26887678701723766
  ],
  "CI_lower>0": false,
  "2026_point>=0": true,
  "dturn_pct": 0.890827214859935,
  "turn<=+10%": true,
  "single_month_check_drop_best_CI_lower>0": false,
  "best_month_share": 0.6028091403780038,
  "verdict": "UNDECIDED"
 },
 "G_mE60_R2": {
  "primary_delta": 0.06541004417719137,
  "primary_CI": [
   -0.06581064607085849,
   0.2056307483541957
  ],
  "CI_lower>0": false,
  "2026_point>=0": true,
  "dturn_pct": -1.9632133808111574,
  "turn<=+10%": true,
  "single_month_check_drop_best_CI_lower>0": false,
  "best_month_share": 0.5669761848584866,
  "verdict": "UNDECIDED"
 },
 "G_mE60_R3": {
  "primary_delta": 0.10055536693699116,
  "primary_CI": [
   -0.05936190359055804,
   0.27110084773489107
  ],
  "CI_lower>0": false,
  "2026_point>=0": true,
  "dturn_pct": 0.890827214859935,
  "turn<=+10%": true,
  "single_month_check_drop_best_CI_lower>0": false,
  "best_month_share": 0.6028091403780038,
  "verdict": "UNDECIDED"
 },
 "G_mE60_R4": {
  "primary_delta": 0.07306263296324395,
  "primary_CI": [
   -0.07281868594209191,
   0.22282049680414573
  ],
  "CI_lower>0": false,
  "2026_point>=0": true,
  "dturn_pct": -1.525218008193252,
  "turn<=+10%": true,
  "single_month_check_drop_best_CI_lower>0": false,
  "best_month_share": 0.6547605677066412,
  "verdict": "UNDECIDED"
 },
 "keepable_s42": {
  "delta": -0.17157258303271378,
  "CI": [
   -0.34564127212656476,
   -0.006971905967963981
  ],
  "CI_upper>0": false,
  "verdict": "NOT keepable by §A4 (CI upper <= 0)"
 },
 "keepable_s2027": {
  "delta": -0.2364365362438567,
  "CI": [
   -0.38915482301549825,
   -0.0757861743870859
  ],
  "CI_upper>0": false,
  "verdict": "NOT keepable by §A4 (CI upper <= 0)"
 },
 "R1_phidyn_vs_R1": {
  "delta": 0.0885398425747717,
  "CI": [
   -0.06722958645786575,
   0.24933732776011042
  ],
  "dturn_pct": 16.345334876712414
 }
}
```

## D · Reconciliation of the 'keepable' reading with RESULT_dl_monthly_walkforward (f311321; window 2025-01-01→cut, n=3522): anchor-weighted combination of the two sub-windows (INFERRED arithmetic from VERIFIED cells)
- R0(mE1) − yearly s42 [§A4 keepable]: 2025-01/02 (n=354) +0.2545 [-0.538,+1.091]; primary (n=3168) -0.1716 [-0.346,-0.007]; anchor-weighted 2025-01→cut (n=3522) = **-0.1287** bps/anchor/gross (= -5.64 NAV %/yr @2×); primary-window Δ = -7.51 NAV %/yr @2×
- R0(mE1) − yearly s2027: 2025-01/02 (n=354) +0.2847 [-0.302,+0.858]; primary (n=3168) -0.2364 [-0.389,-0.076]; anchor-weighted 2025-01→cut (n=3522) = **-0.1841** bps/anchor/gross (= -8.06 NAV %/yr @2×); primary-window Δ = -10.36 NAV %/yr @2×

## E · Score level (per-anchor rank IC vs y4s over members; primary window; day-block bootstrap for Δ)
### mE1
| arm | IC primary | se | ΔIC vs R0 [CI95] | ΔIC vs yearly [CI95] |
|---|---|---|---|---|
| R0 | +0.0202 | 0.0016 | - | +0.0011 [-0.0018,+0.0040] |
| R1 | +0.0265 | 0.0018 | +0.0063 [+0.0032,+0.0093] | +0.0074 [+0.0045,+0.0101] |
| R2 | +0.0209 | 0.0016 | +0.0007 [-0.0023,+0.0037] | +0.0018 [-0.0008,+0.0044] |
| R3 | +0.0310 | 0.0018 | +0.0108 [+0.0080,+0.0139] | +0.0119 [+0.0089,+0.0148] |
| R4 | +0.0183 | 0.0017 | -0.0019 [-0.0049,+0.0011] | -0.0008 [-0.0036,+0.0022] |
| yearly | +0.0191 | 0.0017 | - | - |

### mE60
| arm | IC primary | se | ΔIC vs R0 [CI95] | ΔIC vs yearly [CI95] |
|---|---|---|---|---|
| R0 | +0.0149 | 0.0016 | - | -0.0042 [-0.0072,-0.0013] |
| R1 | +0.0297 | 0.0018 | +0.0149 [+0.0113,+0.0184] | +0.0106 [+0.0072,+0.0138] |
| R2 | +0.0198 | 0.0017 | +0.0050 [+0.0017,+0.0084] | +0.0007 [-0.0020,+0.0035] |
| R3 | +0.0297 | 0.0018 | +0.0149 [+0.0115,+0.0186] | +0.0106 [+0.0076,+0.0137] |
| R4 | +0.0169 | 0.0017 | +0.0021 [-0.0009,+0.0048] | -0.0021 [-0.0047,+0.0006] |
| yearly | +0.0191 | 0.0017 | - | - |

## F · Per-month decision table (mE1; VERIFIED results/decisions_mE1.json): deployed model / age / swap; candidate = F(t−1) scored on month t−1 vs incumbent at its age
| month | R0 dep/age | R1 dep/age/swap | R2 | R3 | R4 | IC cand / inc (t−1) | leg cand / inc (t−1, bps) | IC of R1's model this month | IC newest this month |
|---|---|---|---|---|---|---|---|---|---|
| 202501 | 202501/1 | 202501/1/None | 202501/1/None | 202501/1/None | 202501/1/None | n/a | n/a | +0.0122 | +0.0122 |
| 202502 | 202502/1 | 202501/2/None | 202501/2/None | 202501/2/None | 202501/2/None | +0.0122 / +0.0122 | +1.622 / +1.622 | +0.0074 | +0.0183 |
| 202503 | 202503/1 | 202502/2/True | 202502/2/True | 202502/2/True | 202502/2/True | +0.0183 / +0.0074 | +3.074 / +1.560 | -0.0039 | -0.0064 |
| 202504 | 202504/1 | 202502/3/False | 202503/2/True | 202502/3/False | 202502/3/False | -0.0064 / -0.0039 | -0.971 / -0.997 | +0.0117 | +0.0356 |
| 202505 | 202505/1 | 202504/2/True | 202504/2/True | 202504/2/True | 202504/2/True | +0.0356 / +0.0117 | +4.535 / +2.906 | +0.0186 | +0.0346 |
| 202506 | 202506/1 | 202505/2/True | 202505/2/True | 202505/2/True | 202505/2/True | +0.0346 / +0.0186 | +2.198 / +1.386 | +0.0277 | +0.0022 |
| 202507 | 202507/1 | 202505/3/False | 202505/3/False | 202505/3/False | 202506/2/True | +0.0022 / +0.0277 | +1.068 / +2.193 | +0.0517 | +0.0311 |
| 202508 | 202508/1 | 202505/4/False | 202505/4/False | 202505/4/False | 202507/2/True | +0.0311 / +0.0517 | +3.529 / +4.342 | +0.0268 | +0.0112 |
| 202509 | 202509/1 | 202505/5/False | 202505/5/False | 202505/5/False | 202508/2/True | +0.0112 / +0.0268 | +0.287 / +0.843 | +0.0330 | +0.0188 |
| 202510 | 202510/1 | 202505/6/False | 202509/2/True | 202505/6/False | 202509/2/True | +0.0188 / +0.0330 | -0.303 / -0.517 | +0.0394 | +0.0297 |
| 202511 | 202511/1 | 202505/7/False | 202510/2/True | 202505/7/False | 202510/2/True | +0.0297 / +0.0394 | +1.247 / +0.124 | +0.0452 | +0.0186 |
| 202512 | 202512/1 | 202505/8/False | 202510/3/False | 202505/8/False | 202511/2/True | +0.0186 / +0.0452 | -1.923 / +1.319 | +0.0437 | +0.0192 |
| 202601 | 202601/1 | 202505/9/False | 202512/2/True | 202505/9/False | 202512/2/True | +0.0192 / +0.0437 | +4.029 / +4.223 | +0.0273 | +0.0256 |
| 202602 | 202602/1 | 202601/2/True | 202512/3/False | 202505/10/False | 202601/2/True | +0.0256 / +0.0273 | +0.606 / +1.623 | +0.0137 | +0.0127 |
| 202603 | 202603/1 | 202602/2/True | 202512/4/False | 202505/11/False | 202602/2/True | +0.0127 / +0.0137 | -0.580 / -1.548 | +0.0126 | +0.0179 |
| 202604 | 202604/1 | 202603/2/True | 202512/5/False | 202505/12/False | 202603/2/True | +0.0179 / +0.0126 | +1.456 / +1.852 | +0.0123 | +0.0292 |
| 202605 | 202605/1 | 202604/2/True | 202512/6/False | 202505/13/False | 202604/2/True | +0.0292 / +0.0123 | +1.962 / +1.173 | +0.0267 | +0.0027 |
| 202606 | 202606/1 | 202604/3/False | 202512/7/False | 202505/14/False | 202605/2/True | +0.0027 / +0.0267 | -0.290 / +3.201 | +0.0350 | +0.0239 |
| 202607 | 202607/1 | 202604/4/False | 202606/2/True | 202505/15/False | 202606/2/True | +0.0239 / +0.0350 | +0.701 / +2.889 | +0.0310 | +0.0340 |
| 202608 | 202608/1 | 202607/2/True | 202606/3/False | 202505/16/False | 202607/2/True | +0.0340 / +0.0310 | +3.609 / +2.506 | +0.0328 | +0.0428 |

## G · Per-month Δ contribution vs R0(mE1) (sum of Δg over the calendar month, bps gross; primary window) for the arm with CI95 lower > 0 (G_mE1_R4) and the two E1 gate arms R1/R3
| month | G_mE1_R4 | G_mE1_R1 | G_mE1_R3 | G_mE60_R1 |
|---|---|---|---|---|
| 202503 | +67.7 | +67.7 | +67.7 | +74.0 |
| 202504 | +186.0 | +186.0 | +186.0 | +113.3 |
| 202505 | -72.0 | -72.0 | -72.0 | -125.4 |
| 202506 | +59.2 | +59.2 | +59.2 | -25.8 |
| 202507 | -24.9 | -74.8 | -74.8 | -62.3 |
| 202508 | +72.9 | -7.8 | -7.8 | +21.0 |
| 202509 | +97.8 | -101.5 | -101.5 | -93.6 |
| 202510 | +6.6 | -3.6 | -3.6 | +31.6 |
| 202511 | +19.4 | +18.8 | +18.8 | +34.0 |
| 202512 | -22.9 | -52.5 | -52.5 | -40.7 |
| 202601 | +13.0 | -23.3 | -23.3 | -26.7 |
| 202602 | -1.5 | +11.1 | -8.7 | +16.6 |
| 202603 | +206.7 | +206.6 | +251.1 | +192.0 |
| 202604 | +16.4 | +16.6 | +0.6 | +147.4 |
| 202605 | -1.9 | -1.8 | -25.7 | -26.4 |
| 202606 | +22.8 | +63.2 | +21.0 | +28.4 |
| 202607 | -30.5 | -5.9 | +44.2 | +49.7 |
| 202608 | +23.2 | +10.0 | +23.0 | +11.6 |
| **total** | **+638.0** | **+296.0** | **+301.8** | **+318.6** |

## H · φdyn (R1+φdyn, clip [0.30, 0.60], look 900; VERIFIED results/judge_gate.json['phidyn'])
- G_mE1_R1_phidyn: φ mean 0.559 (min 0.30, max 0.60); share at 0.30 2.8%, at 0.60 57.9%; crossings of 0.45: 38; jumps ≥0.05: 29; φ 2025 0.548 / 2026 0.574
- G_mE1_R0_phidyn: φ mean 0.546 (min 0.30, max 0.60); share at 0.30 3.3%, at 0.60 54.4%; crossings of 0.45: 49; jumps ≥0.05: 64; φ 2025 0.531 / 2026 0.567

wrote ./gate_tables.md (139 lines)
