[mE1] per-model series done for 20 models
[mE1 R0] swaps 19/19 mean age 1.00 max age 1
[mE1 R1] swaps 8/19 mean age 3.55 max age 9
[mE1 R2] swaps 8/19 mean age 3.10 max age 7
[mE1 R3] swaps 3/19 mean age 7.25 max age 16
[mE1 R4] swaps 17/19 mean age 2.00 max age 3
[mE1] R0 series == dl_monthly_wf stitched file: True
[mE1] R0 spliced == earlier mE1spl replay input: True

[mE1] decisions (month | R1 dep/age/swap | R2 | R3 | R4 | IC_c/IC_i | LEG_c/LEG_i)
  202501 | 202501/1/None | 202501/1/None | 202501/1/None | 202501/1/None | n/a
  202502 | 202501/2/None | 202501/2/None | 202501/2/None | 202501/2/None | +0.0122/+0.0122 | +1.622/+1.622
  202503 | 202502/2/True | 202502/2/True | 202502/2/True | 202502/2/True | +0.0183/+0.0074 | +3.074/+1.560
  202504 | 202502/3/False | 202503/2/True | 202502/3/False | 202502/3/False | -0.0064/-0.0039 | -0.971/-0.997
  202505 | 202504/2/True | 202504/2/True | 202504/2/True | 202504/2/True | +0.0356/+0.0117 | +4.535/+2.906
  202506 | 202505/2/True | 202505/2/True | 202505/2/True | 202505/2/True | +0.0346/+0.0186 | +2.198/+1.386
  202507 | 202505/3/False | 202505/3/False | 202505/3/False | 202506/2/True | +0.0022/+0.0277 | +1.068/+2.193
  202508 | 202505/4/False | 202505/4/False | 202505/4/False | 202507/2/True | +0.0311/+0.0517 | +3.529/+4.342
  202509 | 202505/5/False | 202505/5/False | 202505/5/False | 202508/2/True | +0.0112/+0.0268 | +0.287/+0.843
  202510 | 202505/6/False | 202509/2/True | 202505/6/False | 202509/2/True | +0.0188/+0.0330 | -0.303/-0.517
  202511 | 202505/7/False | 202510/2/True | 202505/7/False | 202510/2/True | +0.0297/+0.0394 | +1.247/+0.124
  202512 | 202505/8/False | 202510/3/False | 202505/8/False | 202511/2/True | +0.0186/+0.0452 | -1.923/+1.319
  202601 | 202505/9/False | 202512/2/True | 202505/9/False | 202512/2/True | +0.0192/+0.0437 | +4.029/+4.223
  202602 | 202601/2/True | 202512/3/False | 202505/10/False | 202601/2/True | +0.0256/+0.0273 | +0.606/+1.623
  202603 | 202602/2/True | 202512/4/False | 202505/11/False | 202602/2/True | +0.0127/+0.0137 | -0.580/-1.548
  202604 | 202603/2/True | 202512/5/False | 202505/12/False | 202603/2/True | +0.0179/+0.0126 | +1.456/+1.852
  202605 | 202604/2/True | 202512/6/False | 202505/13/False | 202604/2/True | +0.0292/+0.0123 | +1.962/+1.173
  202606 | 202604/3/False | 202512/7/False | 202505/14/False | 202605/2/True | +0.0027/+0.0267 | -0.290/+3.201
  202607 | 202604/4/False | 202606/2/True | 202505/15/False | 202606/2/True | +0.0239/+0.0350 | +0.701/+2.889
  202608 | 202607/2/True | 202606/3/False | 202505/16/False | 202607/2/True | +0.0340/+0.0310 | +3.609/+2.506

[mE1] IC levels: 2025-03->26<=cut/R0 +0.0202±0.0016 (n3168) | 2025-03->26<=cut/R1 +0.0265±0.0018 (n3168) | 2025-03->26<=cut/R2 +0.0209±0.0016 (n3168) | 2025-03->26<=cut/R3 +0.0310±0.0018 (n3168) | 2025-03->26<=cut/R4 +0.0183±0.0017 (n3168) | 2025-03->26<=cut/yearly +0.0191±0.0017 (n3168)
[mE1] ΔIC (2025-03->26<=cut): R0-yearly +0.0011 [-0.0018,+0.0040] | R1-R0 +0.0063 [+0.0032,+0.0093] | R1-yearly +0.0074 [+0.0045,+0.0101] | R2-R0 +0.0007 [-0.0023,+0.0037] | R2-yearly +0.0018 [-0.0008,+0.0044] | R3-R0 +0.0108 [+0.0080,+0.0139] | R3-yearly +0.0119 [+0.0089,+0.0148] | R4-R0 -0.0019 [-0.0049,+0.0011] | R4-yearly -0.0008 [-0.0036,+0.0022]
SIMULATE_DONE mE1
