[mE60] per-model series done for 20 models
[mE60 R0] swaps 19/19 mean age 1.00 max age 1
[mE60 R1] swaps 4/19 mean age 7.20 max age 16
[mE60 R2] swaps 10/19 mean age 2.55 max age 4
[mE60 R3] swaps 4/19 mean age 7.20 max age 16
[mE60 R4] swaps 15/19 mean age 2.10 max age 3
[mE60] R0 series == dl_monthly_wf stitched file: True
[mE60] R0 spliced == earlier mE60spl replay input: True

[mE60] decisions (month | R1 dep/age/swap | R2 | R3 | R4 | IC_c/IC_i | LEG_c/LEG_i)
  202501 | 202501/1/None | 202501/1/None | 202501/1/None | 202501/1/None | n/a
  202502 | 202501/2/None | 202501/2/None | 202501/2/None | 202501/2/None | +0.0140/+0.0140 | +1.890/+1.890
  202503 | 202502/2/True | 202502/2/True | 202502/2/True | 202502/2/True | +0.0158/+0.0079 | +3.187/+1.613
  202504 | 202503/2/True | 202503/2/True | 202503/2/True | 202502/3/False | -0.0078/-0.0070 | -0.954/-1.219
  202505 | 202504/2/True | 202504/2/True | 202504/2/True | 202504/2/True | +0.0423/-0.0100 | +7.763/-0.479
  202506 | 202505/2/True | 202505/2/True | 202505/2/True | 202505/2/True | +0.0330/+0.0125 | +2.123/+0.226
  202507 | 202505/3/False | 202505/3/False | 202505/3/False | 202506/2/True | +0.0054/+0.0248 | +0.461/+1.904
  202508 | 202505/4/False | 202505/4/False | 202505/4/False | 202506/3/False | -0.0084/+0.0472 | -0.659/+3.830
  202509 | 202505/5/False | 202508/2/True | 202505/5/False | 202508/2/True | +0.0046/+0.0266 | +0.605/+0.315
  202510 | 202505/6/False | 202509/2/True | 202505/6/False | 202509/2/True | +0.0113/+0.0324 | -0.862/-0.503
  202511 | 202505/7/False | 202510/2/True | 202505/7/False | 202510/2/True | +0.0301/+0.0398 | +1.298/+0.185
  202512 | 202505/8/False | 202510/3/False | 202505/8/False | 202511/2/True | +0.0249/+0.0476 | -1.425/+1.990
  202601 | 202505/9/False | 202510/4/False | 202505/9/False | 202512/2/True | +0.0171/+0.0449 | +3.043/+5.507
  202602 | 202505/10/False | 202601/2/True | 202505/10/False | 202601/2/True | +0.0177/+0.0294 | +2.368/+1.937
  202603 | 202505/11/False | 202601/3/False | 202505/11/False | 202602/2/True | +0.0122/+0.0311 | -1.658/+0.898
  202604 | 202505/12/False | 202601/4/False | 202505/12/False | 202602/3/False | -0.0032/+0.0336 | +1.331/+2.969
  202605 | 202505/13/False | 202604/2/True | 202505/13/False | 202604/2/True | +0.0257/+0.0364 | +2.223/+2.493
  202606 | 202505/14/False | 202604/3/False | 202505/14/False | 202605/2/True | +0.0064/+0.0369 | -0.110/+3.686
  202607 | 202505/15/False | 202604/4/False | 202505/15/False | 202606/2/True | +0.0193/+0.0349 | +0.566/+3.174
  202608 | 202505/16/False | 202607/2/True | 202505/16/False | 202607/2/True | +0.0211/+0.0472 | +3.582/+5.152

[mE60] IC levels: 2025-03->26<=cut/R0 +0.0149±0.0016 (n3168) | 2025-03->26<=cut/R1 +0.0297±0.0018 (n3168) | 2025-03->26<=cut/R2 +0.0198±0.0017 (n3168) | 2025-03->26<=cut/R3 +0.0297±0.0018 (n3168) | 2025-03->26<=cut/R4 +0.0169±0.0017 (n3168) | 2025-03->26<=cut/yearly +0.0191±0.0017 (n3168)
[mE60] ΔIC (2025-03->26<=cut): R0-yearly -0.0042 [-0.0072,-0.0013] | R1-R0 +0.0149 [+0.0113,+0.0184] | R1-yearly +0.0106 [+0.0072,+0.0138] | R2-R0 +0.0050 [+0.0017,+0.0084] | R2-yearly +0.0007 [-0.0020,+0.0035] | R3-R0 +0.0149 [+0.0115,+0.0186] | R3-yearly +0.0106 [+0.0076,+0.0137] | R4-R0 +0.0021 [-0.0009,+0.0048] | R4-yearly -0.0021 [-0.0047,+0.0006]
SIMULATE_DONE mE60
