archived consumer outputs match repo copies: 11/11

##### generic diff: leaves / changed
  regcomp           144 /    246
  j1_regime          66 /    108
  regime_gb         132 /    356
  p3_an             143 /    934
  p3_b               46 /    414
  r7_fuel           111 /    180
  r7_screen         798 /    928
  r7_screen2        714 /   1079
  r7_spec            47 /     63
  r7_withinyear     148 /    210
  r7_final          200 /    254

##### GATE B regime_composition: before -> after
== labelling A  REF mix [0.124, 0.1492, 0.1204, 0.6064, 'n=7849'] -> [0.1287, 0.1506, 0.1398, 0.581, 'n=7849']
  FROZEN_2025-03-01..2026-08-10_20Z      n= 3168 HH_lab 0.9426->0.9208  L1 0.6722->0.6796  eff 1.124->1.175  after cells LL 0.0044 LH 0.029 HL 0.0458 HH 0.9208
  2024on..2026-08-10                     n= 5718 HH_lab 0.7127->0.6878  L1 0.2124->0.2137  eff 1.864->1.975  after cells LL 0.0836 LH 0.1236 HL 0.1049 HH 0.6878
  F23_2023-01-01..2026-08-10             n= 7908 HH_lab 0.6005->0.5745  L1 0.0118->0.0129  eff 2.413->2.56  after cells LL 0.1277 LH 0.1493 HL 0.1387 HH 0.5615
  FULLCYCLE_postwarm..2026-08-10         n= 9018 HH_lab 0.6005->0.5745  L1 0.0118->0.0129  eff 2.413->2.56  after cells LL 0.112 LH 0.131 HL 0.1216 HH 0.4923
  FULLCYCLE_postwarm_ALL(incl 08-31)     n= 9139 HH_lab 0.6064->0.581  L1 0.0->0.0  eff 2.382->2.523  after cells LL 0.1105 LH 0.1293 HL 0.12 HH 0.499
  REF_full_history_all_anchors           n=10039 HH_lab 0.6064->0.581  L1 0.0->0.0  eff 2.382->2.523  after cells LL 0.1006 LH 0.1177 HL 0.1093 HH 0.4542
  REF_full_history_LABELLED_only         n= 7849 HH_lab 0.6064->0.581  L1 0.0->0.0  eff 2.382->2.523  after cells LL 0.1287 LH 0.1506 HL 0.1398 HH 0.581
== labelling B  REF mix [0.3491, 0.1509, 0.1509, 0.349, 'n=10039'] -> [0.343, 0.1571, 0.1571, 0.3429, 'n=10039']
  FROZEN_2025-03-01..2026-08-10_20Z      n= 3168 HH_lab 0.833->0.8198  L1 0.968->0.9538  eff 1.419->1.46  after cells LL 0.0243 LH 0.0685 HL 0.0874 HH 0.8198
  2024on..2026-08-10                     n= 5718 HH_lab 0.5294->0.5166  L1 0.3607->0.3475  eff 2.781->2.857  after cells LL 0.2163 LH 0.1522 HL 0.1149 HH 0.5166
  F23_2023-01-01..2026-08-10             n= 7908 HH_lab 0.4047->0.3935  L1 0.1137->0.1013  eff 3.358->3.414  after cells LL 0.3035 LH 0.1558 HL 0.1472 HH 0.3935
  FULLCYCLE_postwarm..2026-08-10         n= 9018 HH_lab 0.3632->0.355  L1 0.046->0.0436  eff 3.459->3.515  after cells LL 0.3296 LH 0.1487 HL 0.1668 HH 0.355
  FULLCYCLE_postwarm_ALL(incl 08-31)     n= 9139 HH_lab 0.3714->0.3634  L1 0.0582->0.056  eff 3.436->3.491  after cells LL 0.3252 LH 0.1468 HL 0.1646 HH 0.3634
  REF_full_history_all_anchors           n=10039 HH_lab 0.349->0.3429  L1 0.0->0.0  eff 3.457->3.515  after cells LL 0.343 LH 0.1571 HL 0.1571 HH 0.3429
  REF_full_history_LABELLED_only         n=10039 HH_lab 0.349->0.3429  L1 0.0->0.0  eff 3.457->3.515  after cells LL 0.343 LH 0.1571 HL 0.1571 HH 0.3429
RULE W admissible: {'before': {'FROZEN_2025-03-01..2026-08-10_20Z': False, '2024on..2026-08-10': False, 'F23_2023-01-01..2026-08-10': True, 'FULLCYCLE_postwarm..2026-08-10': True}, 'after': {'FROZEN_2025-03-01..2026-08-10_20Z': False, '2024on..2026-08-10': False, 'F23_2023-01-01..2026-08-10': True, 'FULLCYCLE_postwarm..2026-08-10': True}}
L1 order A: {'before': ['F23_2023-01-01..2026-08-10', 'FULLCYCLE_postwarm..2026-08-10', '2024on..2026-08-10', 'FROZEN_2025-03-01..2026-08-10_20Z'], 'after': ['F23_2023-01-01..2026-08-10', 'FULLCYCLE_postwarm..2026-08-10', '2024on..2026-08-10', 'FROZEN_2025-03-01..2026-08-10_20Z']}
L1 order B: {'before': ['FULLCYCLE_postwarm..2026-08-10', 'F23_2023-01-01..2026-08-10', '2024on..2026-08-10', 'FROZEN_2025-03-01..2026-08-10_20Z'], 'after': ['FULLCYCLE_postwarm..2026-08-10', 'F23_2023-01-01..2026-08-10', '2024on..2026-08-10', 'FROZEN_2025-03-01..2026-08-10_20Z']}
L1 order reversed: {'A': False, 'B': False}
meta: {'full_sample_median_sig_fund': 4.4966, 'full_sample_median_disp24': 0.041214, 'warm_cut_ts': 1656547200, 'warm_cut_utc': '2022-06-30 00Z', 'n_book_anchors': 10039, 'BURN_round2': 2190} -> {'full_sample_median_sig_fund': 4.1015, 'full_sample_median_disp24': 0.03886, 'warm_cut_ts': 1656547200, 'warm_cut_utc': '2022-06-30 00Z', 'n_book_anchors': 10039, 'BURN_round2': 2190}

##### r6 judge1 Q4 (j1_regime): before -> after;  meta {'before': {'label_regression_identical': 10039, 'label_regression_n': 10039, 'umask_rows_carried_forward': 60}, 'after': {'label_regression_identical': 10039, 'label_regression_n': 10039, 'umask_rows_carried_forward': 60}}
  FROZEN 2025-03-01..2026-08-10 20Z        n= 3168 HH 0.9426->0.9208 L1 0.667->0.6734 sigf_med 12.9123->11.5173 shares(after) {'UNLAB': 0.0, 'LL': 0.0044, 'LH': 0.029, 'HL': 0.0458, 'HH': 0.9208}
  NEW 2026-08-11..2026-09-10 00Z           n=  181 HH 0.9724->0.989 L1 0.7266->0.8098 sigf_med 9.2122->10.0452 shares(after) {'UNLAB': 0.0, 'LL': 0.0, 'LH': 0.011, 'HL': 0.0, 'HH': 0.989}
  LIVE_ALL 2026-08-01..2026-09-10 00Z      n=  241 HH 0.9793->0.9917 L1 0.7404->0.8152 sigf_med 9.9434->10.4174 shares(after) {'UNLAB': 0.0, 'LL': 0.0, 'LH': 0.0083, 'HL': 0.0, 'HH': 0.9917}
  LIVE_COMBO 2026-08-26 04Z..09-10 00Z     n=   90 HH 0.9556->0.9778 L1 0.693->0.7874 sigf_med 9.1344->9.2327 shares(after) {'UNLAB': 0.0, 'LL': 0.0, 'LH': 0.0222, 'HL': 0.0, 'HH': 0.9778}
  SEP 2026-09-01..09-10 00Z                n=   55 HH 0.9455->0.9818 L1 0.6728->0.7954 sigf_med 9.0565->9.0565 shares(after) {'UNLAB': 0.0, 'LL': 0.0, 'LH': 0.0182, 'HL': 0.0, 'HH': 0.9818}
  GIVEBACK 2026-08-19..08-21 20Z           n=   18 HH 0.9444->1.0 L1 0.6706->0.8318 sigf_med 6.919->7.2887 shares(after) {'UNLAB': 0.0, 'LL': 0.0, 'LH': 0.0, 'HL': 0.0, 'HH': 1.0}
  FULLCYCLE postwarm..2026-09-10 00Z       n= 9199 HH 0.6091->0.584 L1 0.0003->0.0002 sigf_med 5.0771->4.6612 shares(after) {'UNLAB': 0.1402, 'LL': 0.1098, 'LH': 0.1286, 'HL': 0.1193, 'HH': 0.5021}
  REF all anchors (extended)               n=10099 HH 0.6091->0.584 L1 0.0->0.0 sigf_med 4.5401->4.1678 shares(after) {'UNLAB': 0.2169, 'LL': 0.1, 'LH': 0.1171, 'HL': 0.1086, 'HH': 0.4574}

##### r8 REGIME_GIVEBACK: regime_n {'LL': 688, 'LH': 1438, 'HL': 654, 'HH': 4948} -> {'LL': 1008, 'LH': 1185, 'HL': 1126, 'HH': 4409}
unconditional rho / giveback identical: True
  R8A_BLEND_005    LL: dg +0.0273->-0.0256 rm -0.041->-0.127 LH: dg +0.0639->+0.1117 rm -0.179->-0.145 HL: dg -0.0071->+0.0133 rm -0.070->-0.164 HH: dg -0.0217->-0.0278 rm -0.121->-0.121
  R8A_BLEND_010    LL: dg +0.0410->-0.0127 rm -0.101->-0.198 LH: dg +0.0471->+0.1028 rm -0.228->-0.203 HL: dg +0.0111->-0.0387 rm -0.052->-0.188 HH: dg -0.0191->-0.0128 rm -0.176->-0.174
  R8A_BLEND_020    LL: dg +0.0589->+0.0711 rm -0.182->-0.277 LH: dg +0.0809->+0.0807 rm -0.312->-0.287 HL: dg -0.0619->-0.0962 rm -0.110->-0.299 HH: dg -0.0867->-0.0843 rm -0.281->-0.276
  R8A_BLEND_050    LL: dg -0.1293->+0.1860 rm -0.338->-0.435 LH: dg -0.2725->-0.3390 rm -0.500->-0.460 HL: dg -0.3634->-0.4007 rm -0.322->-0.454 HH: dg -0.3256->-0.3775 rm -0.475->-0.477
  R8B_OVL_010      LL: dg +0.0348->-0.0023 rm -0.096->-0.195 LH: dg +0.0523->+0.1085 rm -0.226->-0.202 HL: dg +0.0414->-0.0155 rm -0.047->-0.170 HH: dg -0.0309->-0.0308 rm -0.163->-0.160
  R8B_OVL_100      LL: dg -0.0790->+0.2186 rm -0.343->-0.443 LH: dg -0.2555->-0.3257 rm -0.506->-0.466 HL: dg -0.3543->-0.4396 rm -0.325->-0.458 HH: dg -0.3808->-0.4258 rm -0.505->-0.508
  R8C_GT_025       LL: dg +0.0553->-0.0025 rm -0.061->-0.194 LH: dg +0.0306->+0.0878 rm -0.256->-0.231 HL: dg -0.0044->-0.0244 rm -0.103->-0.236 HH: dg +0.0037->+0.0053 rm -0.182->-0.178
  R8C_GT_100       LL: dg -0.2200->+0.0542 rm -0.263->-0.382 LH: dg -0.2522->-0.3639 rm -0.442->-0.404 HL: dg -0.1961->-0.2770 rm -0.262->-0.415 HH: dg -0.1736->-0.1843 rm -0.359->-0.355

##### r4p3 RESULT_P3: label-independent sections identical: {'Q1_pairwise_rho': True, 'Q1_levels': True, 'Q2_rho_by_year': True}
  s42    UNLAB          n  1290-> 1290 rho(A0,AMI) +0.1334->+0.1334 rho(A0,XIB) +0.7511->+0.7511 SR_A0 -1.046->-1.046 SR_AMI -0.057->-0.057 SR_XIB -0.366->-0.366
  s42    LL             n   973-> 1010 rho(A0,AMI) +0.3425->+0.3741 rho(A0,XIB) +0.9002->+0.9093 SR_A0 -1.281->-1.190 SR_AMI -3.227->-2.535 SR_XIB -1.521->-1.660
  s42    LH             n  1169-> 1181 rho(A0,AMI) +0.3031->+0.2876 rho(A0,XIB) +0.8556->+0.8533 SR_A0 +2.291->+2.284 SR_AMI +5.078->+4.072 SR_XIB +4.563->+4.413
  s42    HL             n   945-> 1097 rho(A0,AMI) +0.4379->+0.3693 rho(A0,XIB) +0.9111->+0.9112 SR_A0 -1.562->-0.935 SR_AMI -1.354->-0.870 SR_XIB -2.306->-1.235
  s42    HH             n  4641-> 4440 rho(A0,AMI) +0.0927->+0.0927 rho(A0,XIB) +0.9078->+0.9076 SR_A0 +2.341->+2.353 SR_AMI +2.046->+2.192 SR_XIB +3.309->+3.353
  s42    LABELLED_ALL   n  7728-> 7728 rho(A0,AMI) +0.1511->+0.1511 rho(A0,XIB) +0.9013->+0.9013 SR_A0 +1.702->+1.702 SR_AMI +1.711->+1.711 SR_XIB +2.563->+2.563
  s42    FROZEN_WINDOW  n  3168-> 3168 rho(A0,AMI) -0.0122->-0.0122 rho(A0,XIB) +0.9195->+0.9195 SR_A0 +2.936->+2.936 SR_AMI +1.921->+1.921 SR_XIB +3.758->+3.758
  s2027  UNLAB          n  1290-> 1290 rho(A0,AMI) +0.1312->+0.1312 rho(A0,XIB) +0.7527->+0.7527 SR_A0 -1.072->-1.072 SR_AMI -0.057->-0.057 SR_XIB -0.378->-0.378
  s2027  LL             n   973-> 1010 rho(A0,AMI) +0.2926->+0.3309 rho(A0,XIB) +0.8953->+0.9051 SR_A0 -1.175->-1.038 SR_AMI -3.227->-2.535 SR_XIB -1.387->-1.565
  s2027  LH             n  1169-> 1181 rho(A0,AMI) +0.2663->+0.2608 rho(A0,XIB) +0.8476->+0.8467 SR_A0 +2.070->+2.083 SR_AMI +5.078->+4.072 SR_XIB +4.262->+4.091
  s2027  HL             n   945-> 1097 rho(A0,AMI) +0.3971->+0.3436 rho(A0,XIB) +0.9032->+0.9060 SR_A0 -1.395->-0.633 SR_AMI -1.354->-0.870 SR_XIB -2.320->-1.099
  s2027  HH             n  4641-> 4440 rho(A0,AMI) +0.1147->+0.1128 rho(A0,XIB) +0.9092->+0.9087 SR_A0 +2.388->+2.369 SR_AMI +2.046->+2.192 SR_XIB +3.290->+3.318
  s2027  LABELLED_ALL   n  7728-> 7728 rho(A0,AMI) +0.1584->+0.1584 rho(A0,XIB) +0.9009->+0.9009 SR_A0 +1.727->+1.727 SR_AMI +1.711->+1.711 SR_XIB +2.522->+2.522
  s2027  FROZEN_WINDOW  n  3168-> 3168 rho(A0,AMI) +0.0295->+0.0295 rho(A0,XIB) +0.9239->+0.9239 SR_A0 +2.902->+2.902 SR_AMI +1.921->+1.921 SR_XIB +3.586->+3.586
  Q3 s42 A0+AMI       SR static 1.9065->1.9065  cellwise-IS 2.9429->2.7282  cellwise-WF 1.8930->1.7398 CI [0.931, 2.853]->[0.7315, 2.6914]
  Q3 s42 A0+XIB+AMI   SR static 2.5913->2.5913  cellwise-IS 3.5238->3.2639  cellwise-WF 2.2846->1.7461 CI [1.2975, 3.3207]->[0.76, 2.7801]
  Q3 s2027 A0+AMI       SR static 1.9153->1.9153  cellwise-IS 2.9391->2.7036  cellwise-WF 1.9101->1.7226 CI [0.9309, 2.8896]->[0.6992, 2.7002]
  Q3 s2027 A0+XIB+AMI   SR static 2.4919->2.4919  cellwise-IS 3.4742->3.2563  cellwise-WF 2.1558->1.6362 CI [1.1553, 3.1786]->[0.645, 2.6353]

##### r4p3 RESULT_P3B: label-independent identical: {'A': True, 'B': True, 'D': True}
  s42    UNLAB          n  1290-> 1290 rho +0.1334->+0.1334 SR_A0 -1.046->-1.046 SR_AMI -0.057->-0.057 SR_port -0.633->-0.633
  s42    LL             n   973-> 1010 rho +0.3425->+0.3741 SR_A0 -1.281->-1.190 SR_AMI -3.227->-2.535 SR_port -2.787->-2.258
  s42    LH             n  1169-> 1181 rho +0.3031->+0.2876 SR_A0 +2.291->+2.284 SR_AMI +5.079->+4.072 SR_port +4.647->+4.019
  s42    HL             n   945-> 1097 rho +0.4379->+0.3693 SR_A0 -1.562->-0.935 SR_AMI -1.354->-0.870 SR_port -1.708->-1.086
  s42    HH             n  4641-> 4440 rho +0.0927->+0.0927 SR_A0 +2.341->+2.353 SR_AMI +2.046->+2.192 SR_port +2.973->+3.077
  s42    FROZEN_WINDOW  n  3168-> 3168 rho -0.0122->-0.0122 SR_A0 +2.936->+2.936 SR_AMI +1.921->+1.921 SR_port +3.502->+3.502
  s42    2024on         n  5718-> 5718 rho +0.1256->+0.1256 SR_A0 +2.345->+2.345 SR_AMI +1.580->+1.580 SR_port +2.616->+2.616
  s2027  UNLAB          n  1290-> 1290 rho +0.1312->+0.1312 SR_A0 -1.072->-1.072 SR_AMI -0.057->-0.057 SR_port -0.645->-0.645
  s2027  LL             n   973-> 1010 rho +0.2926->+0.3309 SR_A0 -1.175->-1.038 SR_AMI -3.227->-2.535 SR_port -2.774->-2.204
  s2027  LH             n  1169-> 1181 rho +0.2663->+0.2608 SR_A0 +2.070->+2.083 SR_AMI +5.079->+4.072 SR_port +4.581->+3.940
  s2027  HL             n   945-> 1097 rho +0.3971->+0.3436 SR_A0 -1.395->-0.633 SR_AMI -1.354->-0.870 SR_port -1.640->-0.928
  s2027  HH             n  4641-> 4440 rho +0.1147->+0.1128 SR_A0 +2.388->+2.369 SR_AMI +2.046->+2.192 SR_port +2.976->+3.060
  s2027  FROZEN_WINDOW  n  3168-> 3168 rho +0.0295->+0.0295 SR_A0 +2.902->+2.902 SR_AMI +1.921->+1.921 SR_port +3.407->+3.407
  s2027  2024on         n  5718-> 5718 rho +0.1342->+0.1342 SR_A0 +2.345->+2.345 SR_AMI +1.580->+1.580 SR_port +2.606->+2.606

##### r7 FUEL gauge: carried rows {'incumbent': 0, 'x0910': 60} -> {'incumbent': 0, 'x0910': 60} ; prefix regression True -> True
  2026-01 sig_fund_med 18.8590->17.6975  mean8h -2.4322->-2.2990
  2026-02 sig_fund_med 21.7384->20.9079  mean8h -3.7794->-3.5736
  2026-03 sig_fund_med 16.8283->14.6070  mean8h -2.2006->-2.0006
  2026-04 sig_fund_med 16.6474->14.4077  mean8h -1.6260->-1.3202
  2026-05 sig_fund_med 7.0409->6.3890  mean8h +0.2345->+0.2485
  2026-06 sig_fund_med 17.7206->18.2880  mean8h -1.2003->-1.3417
  2026-07 sig_fund_med 15.2876->14.1225  mean8h -1.5921->-1.4523
  2026-08 sig_fund_med 10.0581->10.8881  mean8h -0.3188->-0.4769
  2026-09 sig_fund_med 9.0565->9.0565  mean8h -0.1419->-0.1419
  inc: sig_fund rows changed 9756/10039; median all 4.4966->4.1015
  x0910: sig_fund rows changed 9756/10099; median all 4.5401->4.1678
  SEP 2026 (>=2026-09-01) sig_fund median 9.0565->9.0565

##### r7 SCREEN: window {'lo': '2022-06-30 00:00Z', 'hi': '2026-08-30 20:00Z', 'n_fuel_anchors': 9138} -> {'lo': '2022-06-30 00:00Z', 'hi': '2026-08-30 20:00Z', 'n_fuel_anchors': 9138} ; tercile breaks [2.818, 9.098] -> [2.6262, 8.3525]
  A0                (in-service book A0_PWR230k_s42.npz         Sh 1.291->1.291 beta +0.615->+0.352 (t +1.72->+1.04) T0 Sh +0.220->+0.558 T2 +2.557->+2.595 rhoA0 T0 1.0->1.0
      regime rho(A0) LL/LH/HL/HH: LL 1.0->1.0 (n 973->1010) LH 1.0->1.0 (n 1171->1182) HL 1.0->1.0 (n 945->1097) HH 1.0->1.0 (n 4759->4559)
  A0                (in-service book A0_PWR230k_s2027.npz       Sh 1.330->1.330 beta +0.619->+0.353 (t +1.74->+1.04) T0 Sh +0.194->+0.438 T2 +2.575->+2.614 rhoA0 T0 0.9884->0.9877
      regime rho(A0) LL/LH/HL/HH: LL 0.9812->0.9902 (n 973->1010) LH 0.9877->0.9855 (n 1171->1182) HL 0.9754->0.9656 (n 945->1097) HH 0.9842->0.9846 (n 4759->4559)
  FUND leg          (standalone book w10_ablation_series_R7_LEG Sh 0.415->0.415 beta +0.768->+0.472 (t +1.86->+1.21) T0 Sh -1.209->-1.286 T2 +2.004->+2.015 rhoA0 T0 0.5857->0.5638
      regime rho(A0) LL/LH/HL/HH: LL 0.5654->0.6144 (n 973->1010) LH 0.5307->0.5049 (n 1171->1182) HL 0.508->0.4588 (n 945->1097) HH 0.5954->0.5996 (n 4759->4559)
  KING leg          (standalone book w10_ablation_series_R7_LEG Sh -0.098->-0.098 beta -0.651->-0.411 (t -1.32->-0.81) T0 Sh +1.889->+2.650 T2 -0.786->-1.030 rhoA0 T0 0.6495->0.6476
      regime rho(A0) LL/LH/HL/HH: LL 0.7042->0.7308 (n 475->478) LH 0.5747->0.5724 (n 712->708) HL 0.7528->0.7594 (n 458->600) HH 0.2131->0.2057 (n 4193->4052)
  REV24 leg         (retired, info)  w10_ablation_series_R7_LEG Sh -0.722->-0.722 beta -0.554->-0.500 (t -1.21->-1.08) T0 Sh -0.429->-0.344 T2 -0.959->-0.568 rhoA0 T0 0.108->0.097
      regime rho(A0) LL/LH/HL/HH: LL 0.1814->0.1677 (n 973->1010) LH 0.1006->0.1192 (n 1171->1182) HL 0.029->0.0406 (n 945->1097) HH -0.0107->-0.016 (n 4759->4559)
  XIB_LAG50                          XIB_PWR230k_s42.npz        Sh 2.108->2.108 beta +0.584->+0.364 (t +1.62->+1.03) T0 Sh +1.162->+1.474 T2 +3.293->+3.313 rhoA0 T0 0.8441->0.8446
      regime rho(A0) LL/LH/HL/HH: LL 0.9002->0.9093 (n 973->1010) LH 0.8567->0.8544 (n 1171->1182) HL 0.9111->0.9112 (n 945->1097) HH 0.9081->0.908 (n 4759->4559)
  XIB_LAG50                          XIB_PWR230k_s2027.npz      Sh 2.073->2.073 beta +0.603->+0.384 (t +1.67->+1.08) T0 Sh +1.144->+1.356 T2 +3.191->+3.235 rhoA0 T0 0.8439->0.8435
      regime rho(A0) LL/LH/HL/HH: LL 0.8927->0.9071 (n 973->1010) LH 0.8565->0.8521 (n 1171->1182) HL 0.8979->0.8877 (n 945->1097) HH 0.8963->0.8968 (n 4759->4559)
  AMI sleeve (AMQ64)                 w10_ablation_series_P6_AMQ Sh 1.442->1.442 beta +0.394->+0.421 (t +1.17->+1.15) T0 Sh +0.872->+1.095 T2 +2.395->+2.365 rhoA0 T0 0.283->0.2741
      regime rho(A0) LL/LH/HL/HH: LL 0.3424->0.3742 (n 973->1010) LH 0.303->0.2884 (n 1171->1182) HL 0.4378->0.3694 (n 945->1097) HH 0.0916->0.0914 (n 4759->4559)
  AMI sleeve (AMQ64)                 w10_ablation_series_P6_AMQ Sh 1.442->1.442 beta +0.394->+0.421 (t +1.17->+1.15) T0 Sh +0.872->+1.095 T2 +2.395->+2.365 rhoA0 T0 0.283->0.2741
      regime rho(A0) LL/LH/HL/HH: LL 0.3424->0.3742 (n 973->1010) LH 0.303->0.2884 (n 1171->1182) HL 0.4378->0.3694 (n 945->1097) HH 0.0916->0.0914 (n 4759->4559)
  AMI variant AMX                    w10_ablation_series_P6_AMX Sh 1.453->1.453 beta +0.389->+0.415 (t +1.15->+1.13) T0 Sh +0.872->+1.095 T2 +2.398->+2.362 rhoA0 T0 0.283->0.2741
      regime rho(A0) LL/LH/HL/HH: LL 0.3424->0.3742 (n 973->1010) LH 0.3028->0.2881 (n 1171->1182) HL 0.4378->0.3694 (n 945->1097) HH 0.0918->0.0917 (n 4759->4559)
  AMI variant AMX                    w10_ablation_series_P6_AMX Sh 1.453->1.453 beta +0.389->+0.415 (t +1.15->+1.13) T0 Sh +0.872->+1.095 T2 +2.398->+2.362 rhoA0 T0 0.283->0.2741
      regime rho(A0) LL/LH/HL/HH: LL 0.3424->0.3742 (n 973->1010) LH 0.3028->0.2881 (n 1171->1182) HL 0.4378->0.3694 (n 945->1097) HH 0.0918->0.0917 (n 4759->4559)
  AMI variant AMP                    w10_ablation_series_P6_AMP Sh 1.442->1.442 beta +0.394->+0.421 (t +1.17->+1.15) T0 Sh +0.872->+1.095 T2 +2.395->+2.365 rhoA0 T0 0.283->0.2741
      regime rho(A0) LL/LH/HL/HH: LL 0.3424->0.3742 (n 973->1010) LH 0.303->0.2884 (n 1171->1182) HL 0.4378->0.3694 (n 945->1097) HH 0.0916->0.0914 (n 4759->4559)
  AMI variant AMP                    w10_ablation_series_P6_AMP Sh 1.442->1.442 beta +0.394->+0.421 (t +1.17->+1.15) T0 Sh +0.872->+1.095 T2 +2.395->+2.365 rhoA0 T0 0.283->0.2741
      regime rho(A0) LL/LH/HL/HH: LL 0.3424->0.3742 (n 973->1010) LH 0.303->0.2884 (n 1171->1182) HL 0.4378->0.3694 (n 945->1097) HH 0.0916->0.0914 (n 4759->4559)
  AMI variant AMR2                   w10_ablation_series_P6_AMR Sh 1.361->1.361 beta +0.434->+0.455 (t +1.28->+1.24) T0 Sh +0.743->+0.950 T2 +2.386->+2.337 rhoA0 T0 0.2782->0.2707
      regime rho(A0) LL/LH/HL/HH: LL 0.3309->0.3655 (n 973->1010) LH 0.3031->0.2893 (n 1171->1182) HL 0.4309->0.3622 (n 945->1097) HH 0.1197->0.1201 (n 4759->4559)
  AMI variant AMR2                   w10_ablation_series_P6_AMR Sh 1.361->1.361 beta +0.434->+0.455 (t +1.28->+1.24) T0 Sh +0.743->+0.950 T2 +2.386->+2.337 rhoA0 T0 0.2782->0.2707
      regime rho(A0) LL/LH/HL/HH: LL 0.3309->0.3655 (n 973->1010) LH 0.3031->0.2893 (n 1171->1182) HL 0.4309->0.3622 (n 945->1097) HH 0.1197->0.1201 (n 4759->4559)
  AMI variant AMQ32                  w10_ablation_series_P6_AMQ Sh 1.442->1.442 beta +0.394->+0.421 (t +1.17->+1.15) T0 Sh +0.872->+1.095 T2 +2.395->+2.365 rhoA0 T0 0.283->0.2741
      regime rho(A0) LL/LH/HL/HH: LL 0.3424->0.3742 (n 973->1010) LH 0.303->0.2884 (n 1171->1182) HL 0.4378->0.3694 (n 945->1097) HH 0.0916->0.0914 (n 4759->4559)
  AMI variant AMQ32                  w10_ablation_series_P6_AMQ Sh 1.442->1.442 beta +0.394->+0.421 (t +1.17->+1.15) T0 Sh +0.872->+1.095 T2 +2.395->+2.365 rhoA0 T0 0.283->0.2741
      regime rho(A0) LL/LH/HL/HH: LL 0.3424->0.3742 (n 973->1010) LH 0.303->0.2884 (n 1171->1182) HL 0.4378->0.3694 (n 945->1097) HH 0.0916->0.0914 (n 4759->4559)
  R5_FBSLOPE_NOLAG  (basis)          R5C_FBSLOPE_NOLAG_PWR230k. Sh 1.147->1.147 beta -0.282->-0.280 (t -0.93->-0.88) T0 Sh +3.431->+3.237 T2 -0.450->-0.740 rhoA0 T0 -0.0166->-0.0275
      regime rho(A0) LL/LH/HL/HH: LL -0.0717->-0.0875 (n 973->1010) LH -0.0252->-0.0468 (n 1171->1182) HL -0.0261->-0.0128 (n 945->1097) HH 0.0204->0.0242 (n 4748->4548)
  RESID_SHARPE (dead axis)           RS_PWR230k_s42.npz         Sh 2.069->2.069 beta +0.397->+0.304 (t +1.12->+0.87) T0 Sh +1.756->+1.581 T2 +2.612->+2.555 rhoA0 T0 0.029->-0.0117
      regime rho(A0) LL/LH/HL/HH: LL -0.0215->-0.0692 (n 973->1010) LH 0.0108->-0.0353 (n 1171->1182) HL -0.0319->0.0862 (n 945->1097) HH 0.2857->0.2952 (n 4759->4559)
  RESID_SHARPE (dead axis)           RS_PWR230k_s2027.npz       Sh 1.994->1.994 beta +0.386->+0.311 (t +0.99->+0.77) T0 Sh +1.685->+1.775 T2 +2.848->+2.913 rhoA0 T0 0.0088->-0.0478
      regime rho(A0) LL/LH/HL/HH: LL -0.0291->-0.0907 (n 973->1010) LH -0.0163->-0.0581 (n 1171->1182) HL -0.0345->0.073 (n 945->1097) HH 0.263->0.2739 (n 4759->4559)

##### r7 SCREEN2: common n 5827 -> 5827 ; breaks [4.0563, 12.2416] -> [3.6985, 11.0515] ; coverage identical True
  A0_s42               Sh 2.090->2.090 b_log +0.7361->+0.6466 (t +2.03->+1.76) T0 +0.777->+0.952 T2 +3.304->+3.370 | rho cells LL 1.0->1.0 LH 1.0->1.0 HL 1.0->1.0 HH 1.0->1.0
  A0_s2027             Sh 2.116->2.116 b_log +0.7787->+0.6893 (t +2.15->+1.87) T0 +0.577->+0.772 T2 +3.284->+3.365 | rho cells LL 0.9657->0.9804 LH 0.9838->0.9811 HL 0.9571->0.9479 HH 0.9836->0.9841
  FUND_leg             Sh 0.819->0.819 b_log +1.1197->+1.0315 (t +2.79->+2.58) T0 -1.299->-1.502 T2 +2.261->+2.360 | rho cells LL 0.1461->0.1575 LH 0.321->0.2924 HL 0.0655->0.1362 HH 0.5771->0.5826
  KING_leg             Sh -0.080->-0.080 b_log -0.6419->-0.5674 (t -1.64->-1.44) T0 +0.538->+1.239 T2 -0.424->-0.818 | rho cells LL 0.7042->0.7308 LH 0.5747->0.5724 HL 0.7528->0.7594 HH 0.2194->0.212
  REV24_leg            Sh -0.809->-0.809 b_log -0.3889->-0.4356 (t -0.81->-0.89) T0 -1.339->-0.491 T2 -1.137->-1.786 | rho cells LL 0.202->0.2179 LH 0.2476->0.2506 HL -0.031->0.0331 HH -0.003->-0.008
  XIB_LAG50_s42        Sh 2.812->2.812 b_log +0.6832->+0.6007 (t +1.86->+1.60) T0 +1.757->+2.178 T2 +3.767->+4.006 | rho cells LL 0.9092->0.9229 LH 0.8743->0.8751 HL 0.9225->0.9278 HH 0.9133->0.9125
  XIB_LAG50_s2027      Sh 2.771->2.771 b_log +0.6932->+0.6089 (t +1.88->+1.61) T0 +1.672->+2.108 T2 +3.711->+3.978 | rho cells LL 0.894->0.9178 LH 0.8734->0.871 HL 0.8977->0.8903 HH 0.9007->0.9006
  AMI_AMQ64            Sh 1.478->1.478 b_log +0.4140->+0.4059 (t +1.30->+1.21) T0 +0.582->+1.204 T2 +1.679->+2.175 | rho cells LL 0.318->0.358 LH 0.3233->0.3039 HL 0.3957->0.3127 HH 0.0778->0.078
  AMI_AMP              Sh 1.478->1.478 b_log +0.4140->+0.4059 (t +1.30->+1.21) T0 +0.582->+1.204 T2 +1.679->+2.175 | rho cells LL 0.318->0.358 LH 0.3233->0.3039 HL 0.3957->0.3127 HH 0.0778->0.078
  AMI_AMQ32            Sh 1.478->1.478 b_log +0.4140->+0.4059 (t +1.30->+1.21) T0 +0.582->+1.204 T2 +1.679->+2.175 | rho cells LL 0.318->0.358 LH 0.3233->0.3039 HL 0.3957->0.3127 HH 0.0778->0.078
  AMI_AMX              Sh 1.496->1.496 b_log +0.4122->+0.4044 (t +1.29->+1.21) T0 +0.585->+1.204 T2 +1.679->+2.170 | rho cells LL 0.318->0.358 LH 0.323->0.3035 HL 0.3957->0.3127 HH 0.0781->0.0783
  AMI_AMR2             Sh 1.465->1.465 b_log +0.4243->+0.4175 (t +1.33->+1.24) T0 +0.622->+1.151 T2 +1.695->+2.252 | rho cells LL 0.3212->0.3625 LH 0.3259->0.3065 HL 0.3909->0.3048 HH 0.1077->0.1086
  R5_FBSLOPE_NOLAG     Sh 0.200->0.200 b_log -0.3490->-0.3084 (t -1.05->-0.90) T0 +2.018->+1.918 T2 -1.115->-0.509 | rho cells LL 0.0218->0.0318 LH 0.0456->0.0135 HL 0.0203->0.008 HH 0.0224->0.0254
  RESID_SHARPE_s42     Sh 1.693->1.693 b_log +0.4034->+0.3859 (t +1.12->+1.05) T0 +0.648->+0.548 T2 +2.299->+1.724 | rho cells LL 0.2259->0.2187 LH 0.1855->0.1106 HL 0.1334->0.2092 HH 0.3072->0.3156
  RESID_SHARPE_s2027   Sh 1.741->1.741 b_log +0.3370->+0.3015 (t +0.91->+0.80) T0 +1.299->+1.156 T2 +2.229->+1.913 | rho cells LL 0.3384->0.2993 LH 0.2256->0.148 HL 0.2014->0.2378 HH 0.2872->0.2968

##### r7 FINAL: today percentiles {'masked_m1_SEP': 66.5, 'unmasked_SEP': 65.28, 'frozen_window_med': 76.33, 'aug2026': 69.45} -> {'masked_m1_SEP': 69.04, 'unmasked_SEP': 67.84, 'frozen_window_med': 78.45, 'aug2026': 71.7}
  postwarm sigma {'n': 9138, 'median': 5.0205, 'mean': 9.0649, 'q33': 2.818, 'q67': 9.098} -> {'n': 9138, 'median': 4.6047, 'mean': 8.5031, 'q33': 2.6262, 'q67': 8.3525}
  mechanism corr(sigma_fund, basis dispersion) {'corr_sigmafund_vs_basis_signal_dispersion_pearson': -0.1221, 'spearman': -0.1503, 'n': 9127} -> {'corr_sigmafund_vs_basis_signal_dispersion_pearson': -0.1732, 'spearman': -0.1964, 'n': 9117}
  A0_s42             T0 Sh +0.220[-1.447, 1.9578]->+0.558[-1.2237, 2.3442]  T2 +2.557->+2.595  gap +2.337[-0.1243, 4.7569] P>0 0.968 -> +2.037[-0.3373, 4.5366] P>0 0.954
  A0_s2027           T0 Sh +0.194[-1.4939, 1.9032]->+0.438[-1.308, 2.1852]  T2 +2.575->+2.614  gap +2.381[-0.0087, 4.8229] P>0 0.973 -> +2.176[-0.2263, 4.6785] P>0 0.964
  FUND_leg           T0 Sh -1.209[-2.9596, 0.635]->-1.286[-2.9195, 0.3875]  T2 +2.004->+2.015  gap +3.213[0.7033, 5.6075] P>0 0.995 -> +3.300[0.9201, 5.7083] P>0 0.997
  KING_leg           T0 Sh +1.889[-0.3719, 4.0577]->+2.650[0.2565, 4.9582]  T2 -0.786->-1.030  gap -2.675[-5.5115, 0.2405] P>0 0.040 -> -3.681[-6.7277, -0.5873] P>0 0.011
  XIB_LAG50_s42      T0 Sh +1.162[-0.523, 2.9334]->+1.474[-0.2891, 3.1596]  T2 +3.293->+3.313  gap +2.131[-0.3157, 4.4256] P>0 0.952 -> +1.839[-0.6087, 4.4014] P>0 0.934
  AMI_AMQ64          T0 Sh +0.872[-0.789, 2.4914]->+1.095[-0.535, 2.7079]  T2 +2.395->+2.365  gap +1.522[-0.8272, 3.8161] P>0 0.892 -> +1.269[-1.1731, 3.4974] P>0 0.853
  R5_FBSLOPE_NOLAG   T0 Sh +3.431[1.7653, 5.0999]->+3.237[1.4502, 4.9895]  T2 -0.450->-0.740  gap -3.881[-6.4635, -1.4199] P>0 0.001 -> -3.978[-6.4576, -1.5333] P>0 0.000
  RESID_SHARPE_s42   T0 Sh +1.756[-0.0102, 3.6525]->+1.581[-0.2879, 3.5043]  T2 +2.612->+2.555  gap +0.856[-1.7407, 3.3612] P>0 0.749 -> +0.975[-1.7779, 3.6812] P>0 0.764
  spec band today +-2  (7.06..11.06)    ->today +-2  (7.06..11.06)     n 1122->1156 A0 Sharpe +2.065->+2.153
  spec band bottom tercile  (<=2.82)    ->bottom tercile  (<=2.63)     n 3047->3046 A0 Sharpe +0.220->+0.558
  spec band full post-warm              ->full post-warm               n 9138->9138 A0 Sharpe +1.291->+1.291

##### r7_spec: 47/63 leaves changed; largest:
    /target_table/bottom tercile (<=2.82)/n 3047 -> <missing>
    /target_table/bottom tercile (<=2.82)/A0_sharpe 0.22 -> <missing>
    /target_table/bottom tercile (<=2.82)/A0_mean_g 0.0838 -> <missing>
    /target_table/bottom tercile (<=2.82)/A0_sd_g 17.857 -> <missing>
    /target_table/bottom tercile (<=2.82)/req/tgt2.0_a0.20 7.367 -> <missing>
    /target_table/bottom tercile (<=2.82)/req/tgt2.0_a0.25 5.665 -> <missing>
    /target_table/bottom tercile (<=2.82)/req/tgt2.0_a0.30 4.564 -> <missing>
    /target_table/bottom tercile (<=2.82)/req/tgt2.0_a0.40 3.276 -> <missing>
    /target_table/bottom tercile (<=2.82)/req/tgt2.5_a0.20 9.429 -> <missing>
    /target_table/bottom tercile (<=2.82)/req/tgt2.5_a0.25 7.246 -> <missing>
    /target_table/bottom tercile (<=2.82)/req/tgt2.5_a0.30 5.834 -> <missing>
    /target_table/bottom tercile (<=2.82)/req/tgt2.5_a0.40 4.177 -> <missing>

##### r7_withinyear: 148/210 leaves changed; largest:
    /rows/R5_FBSLOPE_NOLAG/within_year_T0_by_year/2025[1] 0.416 -> 2.144
    /rows/RESID_SHARPE_s42/within_year_T0_by_year/2024[1] -0.923 -> 0.794
    /rows/AMI_AMQ64/within_year_T0_by_year/2026[1] 3.352 -> 1.804
    /rows/RESID_SHARPE_s42/by/T2/sig_med 16.243 -> 14.841
    /rows/R5_FBSLOPE_NOLAG/within_year_T0_by_year/2026[1] 3.847 -> 2.477
    /rows/KING_leg/by/T2/sig_med 19.765 -> 18.402
    /rows/FUND_leg/within_year_T0_by_year/2025[1] -3.189 -> -2.019
    /rows/R5_FBSLOPE_NOLAG/by/T2/sig_med 14.983 -> 13.888
    /rows/R5_FBSLOPE_NOLAG/within_year_T0_by_year/2024[1] 1.327 -> 0.243
    /rows/A0_s42/by/T2/sig_med 14.984 -> 13.904
    /rows/A0_s2027/by/T2/sig_med 14.984 -> 13.904
    /rows/FUND_leg/by/T2/sig_med 14.984 -> 13.904

COMPARE_DONE
