LOADED 12 artifacts; device sha256 8684d9a9f43a8d15beaa559cd12bd8f2977a3d088b01b93835f60f2bbf98a53d; identical anchor set n=10038 first 2022-01-31 00:00 last 2026-08-30 20:00; PHI=0 seed-independence (s42 == s2027 bitwise, all rec columns): {'log': True, 'sum1': True, 'prod': True}
window sizes: 2024=2196, 2025=2190, 2026<=08-10=1332, 2024->26=5718, 2025->26=3522
### §2.1 Levels — arm d30_n2_c42, g = net_ex/gross_total (bps/anchor per unit gross); cell = mean · Sharpe(anchor) · maxDD(bps of g); then 2024->26 mean gross_total / w3_king / turnover per gross

| caliber | PHI | seed | 2024 | 2025 | 2026<=08-10 | 2024->26 | 2025->26 | gross | w3_king | turn/gross |
|---|---|---|---|---|---|---|---|---|---|---|
| log | 0 | s42 | +0.077 · S+0.16 · DD1844 | +0.568 · S+0.95 · DD1304 | +2.664 · S+4.33 · DD431 | +0.868 · S+1.55 · DD1844 | +1.360 · S+2.26 · DD1304 | 0.721 | 0.620 | 0.0518 |
| log | 0 | s2027 | +0.077 · S+0.16 · DD1844 | +0.568 · S+0.95 · DD1304 | +2.664 · S+4.33 · DD431 | +0.868 · S+1.55 · DD1844 | +1.360 · S+2.26 · DD1304 | 0.721 | 0.620 | 0.0518 |
| log | 0.45 | s42 | +0.458 · S+1.03 · DD1343 | +0.625 · S+1.12 · DD1191 | +3.152 · S+4.89 · DD435 | +1.149 · S+2.12 · DD1343 | +1.581 · S+2.66 · DD1191 | 0.603 | 0.620 | 0.0751 |
| log | 0.45 | s2027 | +0.471 · S+1.07 · DD1346 | +0.733 · S+1.31 · DD990 | +3.113 · S+4.85 · DD444 | +1.187 · S+2.20 · DD1346 | +1.633 · S+2.75 · DD990 | 0.611 | 0.620 | 0.0707 |
| sum1 | 0 | s42 | +0.051 · S+0.11 · DD1846 | +0.629 · S+1.06 · DD1278 | +2.786 · S+4.50 · DD448 | +0.910 · S+1.64 · DD1846 | +1.445 · S+2.40 · DD1278 | 0.724 | 0.605 | 0.0509 |
| sum1 | 0 | s2027 | +0.051 · S+0.11 · DD1846 | +0.629 · S+1.06 · DD1278 | +2.786 · S+4.50 · DD448 | +0.910 · S+1.64 · DD1846 | +1.445 · S+2.40 · DD1278 | 0.724 | 0.605 | 0.0509 |
| sum1 | 0.45 | s42 | +0.494 · S+1.14 · DD1201 | +0.776 · S+1.39 · DD1108 | +3.257 · S+5.03 · DD440 | +1.246 · S+2.32 · DD1201 | +1.715 · S+2.89 · DD1108 | 0.610 | 0.605 | 0.0733 |
| sum1 | 0.45 | s2027 | +0.488 · S+1.13 · DD1282 | +0.871 · S+1.56 · DD894 | +3.194 · S+4.97 · DD458 | +1.265 · S+2.36 · DD1282 | +1.749 · S+2.95 · DD894 | 0.619 | 0.605 | 0.0690 |
| prod | 0 | s42 | +0.092 · S+0.18 · DD1933 | +0.370 · S+0.62 · DD1253 | +2.679 · S+4.37 · DD386 | +0.801 · S+1.42 · DD1933 | +1.243 · S+2.05 · DD1253 | 0.712 | 0.652 | 0.0545 |
| prod | 0 | s2027 | +0.092 · S+0.18 · DD1933 | +0.370 · S+0.62 · DD1253 | +2.679 · S+4.37 · DD386 | +0.801 · S+1.42 · DD1933 | +1.243 · S+2.05 · DD1253 | 0.712 | 0.652 | 0.0545 |
| prod | 0.45 | s42 | +0.557 · S+1.24 · DD1241 | +0.651 · S+1.14 · DD1133 | +3.189 · S+4.96 · DD435 | +1.206 · S+2.21 · DD1241 | +1.611 · S+2.69 · DD1133 | 0.585 | 0.652 | 0.0795 |
| prod | 0.45 | s2027 | +0.588 · S+1.30 · DD1271 | +0.767 · S+1.34 · DD938 | +3.143 · S+4.90 · DD418 | +1.252 · S+2.29 · DD1271 | +1.666 · S+2.78 · DD938 | 0.595 | 0.652 | 0.0748 |

### §2.2a V2MAIN contribution — PRIMARY: Δ = g(PHI 0.45) − g(PHI 0), g = net_ex/gross_total (bps/anchor per unit gross); paired anchors; UTC-day-block bootstrap 2000 seed 20260905; cell = Δ ± s.e. [CI95] P(Δ>0)

| caliber (label) | seed | 2024 | 2025 | 2026<=08-10 | 2024->26 | 2025->26 | ΔSharpe 24on / 25on | Δturn% 24on |
|---|---|---|---|---|---|---|---|---|
| log (i) Σ-simple [E,E+47] = meta y4 | s42 | +0.381 ± 0.201 [-0.000,+0.767] 0.97 | +0.057 ± 0.195 [-0.323,+0.436] 0.62 | +0.488 ± 0.210 [+0.081,+0.926] 0.99 | +0.282 ± 0.118 [+0.056,+0.513] 0.99 | +0.220 ± 0.145 [-0.059,+0.495] 0.93 | +0.57 / +0.41 | +44.8% |
| log (i) Σ-simple [E,E+47] = meta y4 | s2027 | +0.393 ± 0.184 [+0.041,+0.754] 0.99 | +0.165 ± 0.215 [-0.261,+0.570] 0.77 | +0.449 ± 0.203 [+0.058,+0.857] 0.99 | +0.319 ± 0.120 [+0.090,+0.556] 1.00 | +0.273 ± 0.156 [-0.038,+0.564] 0.96 | +0.65 / +0.50 | +36.4% |
| sum1 (ii) Σ-simple [E+1,E+48] | s42 | +0.443 ± 0.208 [+0.053,+0.848] 0.99 | +0.147 ± 0.192 [-0.228,+0.527] 0.79 | +0.471 ± 0.206 [+0.081,+0.891] 0.99 | +0.336 ± 0.118 [+0.107,+0.574] 1.00 | +0.270 ± 0.142 [-0.007,+0.540] 0.97 | +0.68 / +0.49 | +44.1% |
| sum1 (ii) Σ-simple [E+1,E+48] | s2027 | +0.437 ± 0.188 [+0.081,+0.808] 0.99 | +0.241 ± 0.216 [-0.183,+0.653] 0.87 | +0.408 ± 0.194 [+0.038,+0.803] 0.98 | +0.355 ± 0.119 [+0.126,+0.589] 1.00 | +0.304 ± 0.154 [-0.002,+0.605] 0.97 | +0.72 / +0.56 | +35.6% |
| prod (iii) Π(1+r)−1 [E+1,E+48] = dlw y4s | s42 | +0.465 ± 0.217 [+0.052,+0.888] 0.99 | +0.281 ± 0.205 [-0.116,+0.686] 0.92 | +0.509 ± 0.208 [+0.114,+0.932] 0.99 | +0.405 ± 0.126 [+0.154,+0.658] 1.00 | +0.367 ± 0.151 [+0.079,+0.657] 0.99 | +0.79 / +0.64 | +45.8% |
| prod (iii) Π(1+r)−1 [E+1,E+48] = dlw y4s | s2027 | +0.496 ± 0.203 [+0.107,+0.900] 1.00 | +0.398 ± 0.227 [-0.050,+0.832] 0.96 | +0.463 ± 0.206 [+0.082,+0.880] 0.99 | +0.451 ± 0.128 [+0.197,+0.706] 1.00 | +0.423 ± 0.163 [+0.100,+0.729] 0.99 | +0.87 / +0.73 | +37.1% |

### §2.2b V2MAIN contribution — SECONDARY (device scale): Δ = net_ex(0.45) − net_ex(0) (bps/anchor, unit replay book); paired anchors; UTC-day-block bootstrap 2000 seed 20260905; cell = Δ ± s.e. [CI95] P(Δ>0)

| caliber (label) | seed | 2024 | 2025 | 2026<=08-10 | 2024->26 | 2025->26 | ΔSharpe 24on / 25on | Δturn% 24on |
|---|---|---|---|---|---|---|---|---|
| log (i) Σ-simple [E,E+47] = meta y4 | s42 | +0.109 ± 0.138 [-0.159,+0.373] 0.78 | -0.076 ± 0.184 [-0.435,+0.294] 0.34 | +0.288 ± 0.163 [-0.020,+0.626] 0.96 | +0.080 ± 0.097 [-0.098,+0.262] 0.78 | +0.062 ± 0.134 [-0.206,+0.310] 0.67 | +0.50 / +0.47 | +44.8% |
| log (i) Σ-simple [E,E+47] = meta y4 | s2027 | +0.147 ± 0.131 [-0.106,+0.402] 0.86 | -0.016 ± 0.182 [-0.387,+0.340] 0.46 | +0.268 ± 0.159 [-0.030,+0.594] 0.96 | +0.113 ± 0.095 [-0.069,+0.295] 0.88 | +0.092 ± 0.132 [-0.169,+0.338] 0.74 | +0.58 / +0.52 | +36.4% |
| sum1 (ii) Σ-simple [E+1,E+48] | s42 | +0.134 ± 0.140 [-0.139,+0.396] 0.83 | -0.042 ± 0.182 [-0.393,+0.325] 0.41 | +0.275 ± 0.161 [-0.029,+0.605] 0.96 | +0.100 ± 0.096 [-0.085,+0.288] 0.84 | +0.078 ± 0.132 [-0.190,+0.322] 0.71 | +0.56 / +0.52 | +44.1% |
| sum1 (ii) Σ-simple [E+1,E+48] | s2027 | +0.160 ± 0.131 [-0.096,+0.413] 0.89 | +0.010 ± 0.183 [-0.363,+0.368] 0.52 | +0.235 ± 0.152 [-0.057,+0.545] 0.95 | +0.120 ± 0.094 [-0.060,+0.303] 0.91 | +0.095 ± 0.131 [-0.160,+0.337] 0.75 | +0.60 / +0.55 | +35.6% |
| prod (iii) Π(1+r)−1 [E+1,E+48] = dlw y4s | s42 | +0.159 ± 0.147 [-0.130,+0.440] 0.86 | +0.026 ± 0.189 [-0.342,+0.401] 0.55 | +0.286 ± 0.163 [-0.025,+0.613] 0.97 | +0.137 ± 0.101 [-0.058,+0.334] 0.91 | +0.124 ± 0.138 [-0.149,+0.380] 0.81 | +0.66 / +0.61 | +45.8% |
| prod (iii) Π(1+r)−1 [E+1,E+48] = dlw y4s | s2027 | +0.198 ± 0.140 [-0.075,+0.467] 0.93 | +0.091 ± 0.188 [-0.285,+0.465] 0.68 | +0.264 ± 0.158 [-0.028,+0.576] 0.96 | +0.172 ± 0.099 [-0.017,+0.366] 0.96 | +0.156 ± 0.135 [-0.098,+0.419] 0.87 | +0.74 / +0.66 | +37.1% |

### §2.3 Frozen reading (PREREG §2): per window, (i) ≈ 0 (CI95 includes 0, both seeds) AND (ii),(iii) CI95 lower bound > 0 (both seeds) ⇒ 'the 08-26/09-04 V2MAIN net ≈ 0 conclusion is affected by the one-bar window'

| window | (i) log: CI includes 0 (s42/s2027) | (ii) sum1: lower>0 (s42/s2027) | (iii) prod: lower>0 (s42/s2027) | verdict |
|---|---|---|---|---|
| 2024 | True / False | True / True | True / True | (i) itself not ≈0 (see cells) |
| 2025 | True / True | False / False | False / False | ≈0 under all three calibers (not decided by the window) |
| 2026<=08-10 | False / False | True / True | True / True | (i) itself not ≈0 (see cells) |
| 2024->26 (PREREG-named) | False / False | True / True | True / True | (i) itself not ≈0 (see cells) |
| 2025->26 (PREREG-named) | True / True | False / False | True / True | mixed: (ii) CI>0 False, (iii) CI>0 True (rule not met) |

Receipts: 12 artifacts, one device sha256 8684d9a9f43a8d15… (= f10_caliber/w10_health.py), identical anchor set n=10038 (2022-01-31 00:00 .. 2026-08-30 20:00); PHI=0 runs seed-independent (s42 ≡ s2027 bitwise, all rec columns): {'log': True, 'sum1': True, 'prod': True}
JUDGE_DONE
