--- sha256 copies vs health_check originals (must be pairwise identical)
8684d9a9f43a8d15beaa559cd12bd8f2977a3d088b01b93835f60f2bbf98a53d  /workspace/review_scratch/f10_caliber/w10_health.py
8684d9a9f43a8d15beaa559cd12bd8f2977a3d088b01b93835f60f2bbf98a53d  /workspace/review_scratch/health_check/w10_health.py
ccb7a0805be2a106898467b5ffef3a8fd4813a659e044492c0a437b0e5d7aece  /workspace/review_scratch/f10_caliber/masks/umask_UPIT.npz
ccb7a0805be2a106898467b5ffef3a8fd4813a659e044492c0a437b0e5d7aece  /workspace/review_scratch/health_check/masks/umask_UPIT.npz
9349ca634747772dcfc9adfb7a42a5c7b5b34f60bc7f31bc6fd95c4ae5d0fc42  /workspace/review_scratch/f10_caliber/calib/costb_fee_steady.json
9349ca634747772dcfc9adfb7a42a5c7b5b34f60bc7f31bc6fd95c4ae5d0fc42  /workspace/review_scratch/health_check/calib/costb_fee_steady.json
--- resolved targets vs health_check (dev, dev_alt must all be SAME; dev_alt2 meta = my label-(ii) file)
SAME dev/nets_histv2_0_0_0.npy -> /workspace/port_w10/pod_backup_2026-08-21/nets_histv2_0_0_0.npy
SAME dev/nets_histv2_-30_2_42.npy -> /workspace/port_w10/pod_backup_2026-08-21/nets_histv2_-30_2_42.npy
SAME dev/slow_pred_hist_oos.npy -> /workspace/shadow_bundle_v3/slow_pred_pinned.npy
SAME dev/wide_fea_hist_meta.npz -> /workspace/data/wide_fea_v2ext_meta.npz
SAME dev/wide_panel_4h_hist_v2.npz -> /workspace/data/wide_panel_4h_v2ext.npz
SAME dev/f8_2026-08-22 -> /workspace/port_w10/f8_2026-08-22
SAME dev/dlw_2026-08-22 -> /workspace/port_w10/dlw_2026-08-22
SAME dev_alt/nets_histv2_0_0_0.npy -> /workspace/port_w10/pod_backup_2026-08-21/nets_histv2_0_0_0.npy
SAME dev_alt/nets_histv2_-30_2_42.npy -> /workspace/port_w10/pod_backup_2026-08-21/nets_histv2_-30_2_42.npy
SAME dev_alt/slow_pred_hist_oos.npy -> /workspace/shadow_bundle_v3/slow_pred_pinned.npy
SAME dev_alt/wide_fea_hist_meta.npz -> /workspace/review_scratch/refute_C6_2/altrun/meta_newprod.npz
SAME dev_alt/wide_panel_4h_hist_v2.npz -> /workspace/data/wide_panel_4h_v2ext.npz
SAME dev_alt/f8_2026-08-22 -> /workspace/port_w10/f8_2026-08-22
SAME dev_alt/dlw_2026-08-22 -> /workspace/port_w10/dlw_2026-08-22
dev_alt2/nets_histv2_0_0_0.npy -> /workspace/port_w10/pod_backup_2026-08-21/nets_histv2_0_0_0.npy
dev_alt2/nets_histv2_-30_2_42.npy -> /workspace/port_w10/pod_backup_2026-08-21/nets_histv2_-30_2_42.npy
dev_alt2/slow_pred_hist_oos.npy -> /workspace/shadow_bundle_v3/slow_pred_pinned.npy
dev_alt2/wide_panel_4h_hist_v2.npz -> /workspace/data/wide_panel_4h_v2ext.npz
dev_alt2/wide_fea_hist_meta.npz -> /workspace/review_scratch/f10_caliber/meta/meta_newsum_f10cal.npz
dev_alt2/f8_2026-08-22 -> /workspace/port_w10/f8_2026-08-22
dev_alt2/dlw_2026-08-22 -> /workspace/port_w10/dlw_2026-08-22
--- input sha256
72eb784949e90a099b6fb41eadc034d1833c712af28d050a390be1bc3ee80b4f  /workspace/data/dlnative_5m_wide829_f16_ext.npz
4b1b6047107d25573244a84df69d45bc987ada89b6731e826c867a230e247082  /workspace/data/wide_fea_v2ext_meta.npz
831857dd6a2035235647158d26d0155d17c7e77d85fa248b2ae9a617658ddf13  /workspace/review_scratch/refute_C6_2/altrun/meta_newprod.npz
8d0d33bd55e51cdcc26d104f91b3538822b8478edb14c2c644cd1e87ebfbdc3e  /workspace/review_scratch/refute_C6_2/altrun/meta_newsum.npz
158cd4ac8f8f30f7f41a5a6cba0bd19a450ce756727e4aeae3d4e4b0b67d0054  /workspace/shadow_bundle_v3/slow_pred_pinned.npy
5e67c0559daa904d8f0526b6e268e93dcb45aab89d82646cf79a794445481116  /workspace/data/wide_panel_4h_v2ext.npz
baf747ceb31f10d614ffac79b9c969c499e1c3e9f82edfec246d7cfb0f353ace  /workspace/port_w10/f8_2026-08-22/preds/f10_V2MAIN_s42.npy
c742ffaa1f4397aee55a31a5486aabfd89ae28624123bbda535a7d41851b2a0b  /workspace/port_w10/f8_2026-08-22/preds/f10_V2MAIN_s2027.npy
dd4ed2dfb5fa426f8b8f49c0a20f39bcf077280025ed03ebb19b2ece66fc68a3  /workspace/port_w10/dlw_2026-08-22/data/dlw_targets.npz
SETUP_DONE 2026-09-05T08:09:13Z
