[     2.4s] input shas done
[     5.2s] returns grid (12347, 829) E_ts 12985 rec_from 2857
[     6.6s] RECEIPT R2 {'n_cells_both_finite': 5175404, 'pearson': 1.0, 'median_absdiff': 0.0, 'p99_absdiff': 0.0, 'maxabs': 0.0, 'frac_vision_finite_where_fapi_finite': 0.9941036487766949, 'frac_fapi_finite_where_vision_finite': 1.0, 'pass_pearson_ge_0.999_median_lt_1e-6': True}
[    10.4s] hourly variants done
[    23.9s] cand OK coverage mean 0.936
[    33.1s] cand OF coverage mean 0.936
[    38.2s] cand RAW coverage mean 0.936
[    51.5s] cand OK_ema24 coverage mean 0.948
[    64.9s] cand OK_chg24 coverage mean 0.933
[    78.4s] cand OK_z168 coverage mean 0.932
[    91.5s] cand OK_lead1h_DIAG coverage mean 0.936
[   104.5s] cand OK_stale4h_DIAG coverage mean 0.936
[   120.2s] cand OK_imp (NON-PREREG parallel) coverage 0.936
[   120.4s] coverage {'PREM_finite_share_by_year': {2020: 0.0, 2021: 0.9858, 2022: 0.9982, 2023: 0.9975, 2024: 1.0, 2025: 1.0, 2026: 0.9098}, 'fund_ema_finite_share_by_year': {2020: 0.7051, 2021: 0.6165, 2022: 0.6537, 2023: 0.6669, 2024: 0.6697, 2025: 0.7627, 2026: 0.8614}, 'PREM_and_fund_finite_share_by_year': {2020: 0.0, 2021: 0.608, 2022: 0.6526, 2023: 0.6652, 2024: 0.6697, 2025: 0.7627, 2026: 0.8005}, 'cand_OK_finite_share_by_year': {2020: 0.0, 2021: 0.0, 2022: 0.651, 2023: 0.6595, 2024: 0.6592, 2025: 0.7295, 2026: 0.6523}, 'note': '宽面板 f_fund_ema_v1/f_fund_now 只覆盖 s30 450 名 ⇒ 主臂(回归元须有限)候选只在 fund 覆盖名上定义; OK_imp 为非预注册并列臂(缺失回归元填秩 0)'}
[   148.6s] S1 OK pass False dIC yrmean 0.00307 by_year {2022: 0.00756, 2023: 0.0106, 2024: -0.00026, 2025: -0.00075, 2026: -0.00179} ic_cand 0.02176 t 22.4
[   175.0s] S1 OF pass False dIC yrmean 0.0035 by_year {2022: 0.00918, 2023: 0.01031, 2024: -0.00072, 2025: -0.00081, 2026: -0.00048} ic_cand 0.02346 t 23.4
[   201.8s] S1 RAW pass False dIC yrmean 0.00286 by_year {2022: 0.00811, 2023: 0.01047, 2024: 0.00067, 2025: -0.00144, 2026: -0.00354} ic_cand 0.01999 t 21.2
[   227.5s] S1 OK_ema24 pass False dIC yrmean -0.0033 by_year {2022: -0.00076, 2023: -0.00216, 2024: -0.00372, 2025: -0.00311, 2026: -0.00674} ic_cand 0.0066 t 6.6
[   252.8s] S1 OK_chg24 pass False dIC yrmean 0.00022 by_year {2022: 0.00473, 2023: 0.00597, 2024: -0.002, 2025: -0.00352, 2026: -0.00408} ic_cand 0.01491 t 16.1
[   277.5s] S1 OK_z168 pass False dIC yrmean 0.00251 by_year {2022: 0.00725, 2023: 0.01052, 2024: -0.00049, 2025: -0.00324, 2026: -0.0015} ic_cand 0.01963 t 20.9
[   302.4s] S1 OK_pos pass False dIC yrmean -0.01569 by_year {2022: -0.02049, 2023: -0.02205, 2024: -0.01191, 2025: -0.01309, 2026: -0.01093} ic_cand -0.02176 t -22.4
[   328.0s] S1 OK_8h pass False dIC yrmean -0.00106 by_year {2022: 0.00256, 2023: 0.00325, 2024: -0.00315, 2025: -0.00312, 2026: -0.00485} ic_cand 0.01263 t 13.1
[   353.5s] S1 OK_lead1h_DIAG pass False dIC yrmean 0.00188 by_year {2022: 0.00972, 2023: 0.00812, 2024: -0.00058, 2025: -0.00202, 2026: -0.00584} ic_cand 0.022 t 22.0
[   379.2s] S1 OK_stale4h_DIAG pass False dIC yrmean -0.00556 by_year {2022: -0.00432, 2023: -0.00591, 2024: -0.00567, 2025: -0.00521, 2026: -0.00671} ic_cand 0.00164 t 1.7
[   405.1s] S1 OK_plc0 pass False dIC yrmean -0.00665 by_year {2022: -0.00771, 2023: -0.00532, 2024: -0.00715, 2025: -0.00686, 2026: -0.00623} ic_cand -0.00022 t -0.3
[   431.8s] S1 OK_imp pass False dIC yrmean 0.00324 by_year {2022: 0.0077, 2023: 0.01094, 2024: 0.00079, 2025: -0.00031, 2026: -0.00294} ic_cand 0.02222 t 25.7
[  2437.5s] xsec corr {'OK_vs_RAW': 0.9066998196921964, 'OK_vs_OF': 0.9618639974034551, 'RAW_vs_fund_ema': -0.3106422351409652, 'OK_vs_fund_ema': -0.01764920884875574, 'OK_vs_fund_now': -0.028943733823062215, 'OK_vs_king': -0.00037484466647656116, 'OK_vs_rev24': -0.006369966800142225, 'RAW_vs_king': 0.0004647828977935332, 'RAW_vs_rev24': 0.004995565857330613}
[  2466.4s] chain done base_S0 27.7 s skipped 119 fires 0 wk_mean [0.587, 0.14, 0.273, 0.0]
[  2470.1s] chain done OK_f15_S0 31.4 s skipped 119 fires 0 wk_mean [0.499, 0.119, 0.232, 0.15]
[  2471.0s] chain done base_d30 31.9 s skipped 119 fires 5421 wk_mean [0.587, 0.14, 0.273, 0.0]
[  2471.7s] chain done OK_chg24_f15_d30 32.0 s skipped 119 fires 5321 wk_mean [0.499, 0.119, 0.232, 0.15]
[  2472.4s] chain done OK_z168_f15_d30 32.1 s skipped 119 fires 5337 wk_mean [0.499, 0.119, 0.232, 0.15]
[  2473.1s] chain done OK_ema24_f15_d30 32.2 s skipped 119 fires 5395 wk_mean [0.499, 0.119, 0.232, 0.15]
[  2473.8s] chain done OK_f15_w0_d30_R3 32.4 s skipped 119 fires 5421 wk_mean [0.587, 0.14, 0.273, 0.0]
[  2474.5s] chain done OK_f15_d30 32.6 s skipped 119 fires 5267 wk_mean [0.499, 0.119, 0.232, 0.15]
[  2475.2s] chain done OK_f20_d30 32.6 s skipped 119 fires 5227 wk_mean [0.47, 0.112, 0.218, 0.2]
[  2475.9s] chain done OF_f15_d30 32.9 s skipped 119 fires 5340 wk_mean [0.499, 0.119, 0.232, 0.15]
[  2476.5s] chain done OK_f10_d30 32.9 s skipped 119 fires 5384 wk_mean [0.528, 0.126, 0.246, 0.1]
[  2477.2s] chain done RAW_f15_d30 33.3 s skipped 119 fires 4964 wk_mean [0.499, 0.119, 0.232, 0.15]
[  2477.9s] chain done OK_ms4_S0 34.2 s skipped 119 fires 0 wk_mean [0.277, 0.083, 0.181, 0.458]
[  2478.9s] chain done OK_ms4_d30 35.5 s skipped 119 fires 5152 wk_mean [0.277, 0.083, 0.181, 0.458]
[  2498.9s] chain done OK_8h_f15_d30 31.4 s skipped 119 fires 5309 wk_mean [0.499, 0.119, 0.232, 0.15]
[  2502.5s] chain done OK_pos_f15_d30 31.4 s skipped 119 fires 5381 wk_mean [0.499, 0.119, 0.232, 0.15]
[  2504.4s] chain done nfOK_imp_f15_d30 31.8 s skipped 119 fires 4624 wk_mean [0.651, 0.199, 0.0, 0.15]
[  2505.2s] chain done nf_d30 27.8 s skipped 119 fires 4791 wk_mean [0.766, 0.234, 0.0, 0.0]
[  2506.0s] chain done OK_plc0_f15_d30 31.6 s skipped 119 fires 5326 wk_mean [0.499, 0.119, 0.232, 0.15]
[  2506.7s] chain done nf_S0 27.7 s skipped 119 fires 0 wk_mean [0.766, 0.234, 0.0, 0.0]
[  2507.4s] chain done OK_imp_f15_d30 33.9 s skipped 119 fires 4990 wk_mean [0.499, 0.119, 0.232, 0.15]
[  2508.2s] chain done OK_plc1_f15_d30 32.0 s skipped 119 fires 5280 wk_mean [0.499, 0.119, 0.232, 0.15]
[  2509.0s] chain done OK_plc3_f15_d30 31.3 s skipped 119 fires 5318 wk_mean [0.499, 0.119, 0.232, 0.15]
[  2509.7s] chain done OK_plc2_f15_d30 32.0 s skipped 119 fires 5305 wk_mean [0.499, 0.119, 0.232, 0.15]
[  2510.5s] chain done OK_plc4_f15_d30 31.9 s skipped 119 fires 5312 wk_mean [0.499, 0.119, 0.232, 0.15]
[  2511.2s] chain done nfOK_f10_d30 32.0 s skipped 119 fires 4779 wk_mean [0.689, 0.211, 0.0, 0.1]
[  2511.9s] chain done nfOK_f15_d30 31.4 s skipped 119 fires 4756 wk_mean [0.651, 0.199, 0.0, 0.15]
[  2512.6s] chain done nfOK_f20_d30 31.4 s skipped 119 fires 4710 wk_mean [0.612, 0.188, 0.0, 0.2]
[  2530.1s] chain done nfOK_f15_S0 30.4 s skipped 119 fires 0 wk_mean [0.651, 0.199, 0.0, 0.15]
[  2536.9s] chain done nfOK_plc0_f15_d30 31.7 s skipped 119 fires 4754 wk_mean [0.651, 0.199, 0.0, 0.15]
[  2537.6s] chain done nfOK_plc1_f15_d30 31.7 s skipped 119 fires 4748 wk_mean [0.651, 0.199, 0.0, 0.15]
[  2538.4s] chain done nfOK_ms_d30 34.6 s skipped 119 fires 4513 wk_mean [0.34, 0.15, 0.0, 0.51]
[  2539.1s] chain done nfOK_plc2_f15_d30 31.4 s skipped 119 fires 4754 wk_mean [0.651, 0.199, 0.0, 0.15]
[  2539.7s] chain done nfOK_plc3_f15_d30 31.4 s skipped 119 fires 4738 wk_mean [0.651, 0.199, 0.0, 0.15]
[  2542.0s] chain done nfOK_plc4_f15_d30 33.7 s skipped 119 fires 4750 wk_mean [0.651, 0.199, 0.0, 0.15]
[  2542.2s] all chains 104.7 s
[  2543.1s] RECEIPT R1 weights {'n_anchors': 10123, 'maxabs_dw': 0.0, 'mean_abs_dw': 0.0, 'bitwise_equal': True, 'pass_lt_1e-6': True}
[  2543.2s] RECEIPT R3 {'maxabs_dw': 0.0, 'bitwise_equal': True}
[  2632.4s] RECEIPT R1 sharpe {'base_d30_net_g2_sharpe_2022_06': 1.6677, 'WA_Wb_d30_net_g2_sharpe_2022_06': 1.6677, 'maxabs_diff_net_g2_bps': 0.0, 'expected_1.668': True, 'nf_d30_sharpe_2022_06': 0.6635, 'WA_nofund_expected_0.664': True}
/root/miniconda3/envs/hsy_v5push/lib/python3.13/site-packages/numpy/_core/_methods.py:223: RuntimeWarning: Degrees of freedom <= 0 for slice
  ret = _var(a, axis=axis, dtype=dtype, out=out, ddof=ddof,
/root/miniconda3/envs/hsy_v5push/lib/python3.13/site-packages/numpy/_core/_methods.py:181: RuntimeWarning: invalid value encountered in divide
  arrmean = um.true_divide(arrmean, div, out=arrmean,
/root/miniconda3/envs/hsy_v5push/lib/python3.13/site-packages/numpy/_core/_methods.py:215: RuntimeWarning: invalid value encountered in scalar divide
  ret = ret.dtype.type(ret / rcount)
[  2635.1s] summarized base_S0 net@2 22-06 1.5172 sharpe 1.33 turn 0.04497
[  2637.7s] summarized OK_f15_S0 net@2 22-06 1.4462 sharpe 1.271 turn 0.0465
[  2640.3s] summarized base_d30 net@2 22-06 1.7849 sharpe 1.668 turn 0.04426
[  2642.9s] summarized OK_chg24_f15_d30 net@2 22-06 1.7929 sharpe 1.683 turn 0.04638
[  2645.5s] summarized OK_z168_f15_d30 net@2 22-06 1.8763 sharpe 1.758 turn 0.04616
[  2648.0s] summarized OK_ema24_f15_d30 net@2 22-06 1.6142 sharpe 1.509 turn 0.04467
[  2650.5s] summarized OK_f15_w0_d30_R3 net@2 22-06 1.7849 sharpe 1.668 turn 0.04426
[  2653.1s] summarized OK_f15_d30 net@2 22-06 1.7435 sharpe 1.636 turn 0.04577
[  2655.5s] summarized OK_f20_d30 net@2 22-06 1.6833 sharpe 1.586 turn 0.04721
[  2658.0s] summarized OF_f15_d30 net@2 22-06 1.7352 sharpe 1.631 turn 0.04572
[  2660.5s] summarized OK_f10_d30 net@2 22-06 1.7429 sharpe 1.632 turn 0.04488
[  2662.9s] summarized RAW_f15_d30 net@2 22-06 1.8201 sharpe 1.72 turn 0.0467
[  2665.4s] summarized OK_ms4_S0 net@2 22-06 1.6568 sharpe 1.559 turn 0.06287
[  2667.8s] summarized OK_ms4_d30 net@2 22-06 1.8889 sharpe 1.864 turn 0.06222
[  2670.3s] summarized OK_8h_f15_d30 net@2 22-06 1.693 sharpe 1.586 turn 0.04569
[  2672.8s] summarized OK_pos_f15_d30 net@2 22-06 1.649 sharpe 1.543 turn 0.04613
[  2675.2s] summarized nfOK_imp_f15_d30 net@2 22-06 0.9119 sharpe 0.775 turn 0.05501
[  2677.7s] summarized nf_d30 net@2 22-06 0.8035 sharpe 0.664 turn 0.05419
[  2680.1s] summarized OK_plc0_f15_d30 net@2 22-06 1.6112 sharpe 1.509 turn 0.04635
[  2682.6s] summarized nf_S0 net@2 22-06 0.4971 sharpe 0.391 turn 0.05546
[  2685.0s] summarized OK_imp_f15_d30 net@2 22-06 1.8042 sharpe 1.721 turn 0.04609
[  2687.4s] summarized OK_plc1_f15_d30 net@2 22-06 1.605 sharpe 1.501 turn 0.04641
[  2689.8s] summarized OK_plc3_f15_d30 net@2 22-06 1.6125 sharpe 1.511 turn 0.04636
[  2692.3s] summarized OK_plc2_f15_d30 net@2 22-06 1.6069 sharpe 1.505 turn 0.04636
[  2694.8s] summarized OK_plc4_f15_d30 net@2 22-06 1.6018 sharpe 1.501 turn 0.04635
[  2697.2s] summarized nfOK_f10_d30 net@2 22-06 0.7812 sharpe 0.648 turn 0.05437
[  2699.7s] summarized nfOK_f15_d30 net@2 22-06 0.7528 sharpe 0.628 turn 0.05476
[  2702.1s] summarized nfOK_f20_d30 net@2 22-06 0.6973 sharpe 0.585 turn 0.05547
[  2704.5s] summarized nfOK_f15_S0 net@2 22-06 0.4677 sharpe 0.37 turn 0.05605
[  2707.0s] summarized nfOK_plc0_f15_d30 net@2 22-06 0.6996 sharpe 0.58 turn 0.0554
[  2709.4s] summarized nfOK_plc1_f15_d30 net@2 22-06 0.7271 sharpe 0.605 turn 0.05544
[  2711.9s] summarized nfOK_ms_d30 net@2 22-06 0.8327 sharpe 0.758 turn 0.06916
[  2714.3s] summarized nfOK_plc2_f15_d30 net@2 22-06 0.7106 sharpe 0.59 turn 0.05539
[  2716.8s] summarized nfOK_plc3_f15_d30 net@2 22-06 0.742 sharpe 0.617 turn 0.05542
[  2719.4s] summarized nfOK_plc4_f15_d30 net@2 22-06 0.6856 sharpe 0.569 turn 0.0554
[  2723.4s] GATE OK_f10_d30 vs base_d30 G_PASS False dnet@4.137 -0.0428 [-0.1214, 0.038] @6.23 -0.0456 yrs 2 sh 1.56 vs 1.596 dSh -0.0359 {'mean': -0.034, 'CI95': [-0.108, 0.039], 'P_gt_0': 0.185}
[  2727.3s] GATE OK_f15_d30 vs base_d30 G_PASS False dnet@4.137 -0.0436 [-0.1552, 0.0714] @6.23 -0.0511 yrs 2 sh 1.562 vs 1.596 dSh -0.032 {'mean': -0.03, 'CI95': [-0.135, 0.069], 'P_gt_0': 0.293}
[  2731.0s] GATE OK_f20_d30 vs base_d30 G_PASS False dnet@4.137 -0.1062 [-0.2571, 0.0485] @6.23 -0.1216 yrs 2 sh 1.51 vs 1.596 dSh -0.0821 {'mean': -0.08, 'CI95': [-0.22, 0.057], 'P_gt_0': 0.124}
[  2734.8s] GATE OK_ms4_d30 vs base_d30 G_PASS False dnet@4.137 0.0302 [-0.4653, 0.5575] @6.23 -0.2198 yrs 3 sh 1.716 vs 1.596 dSh 0.1962 {'mean': 0.203, 'CI95': [-0.296, 0.688], 'P_gt_0': 0.783}
[  2738.4s] GATE OF_f15_d30 vs base_d30 G_PASS False dnet@4.137 -0.0516 [-0.1721, 0.0738] @6.23 -0.0581 yrs 2 sh 1.558 vs 1.596 dSh -0.0364 {'mean': -0.034, 'CI95': [-0.155, 0.081], 'P_gt_0': 0.298}
[  2741.9s] GATE RAW_f15_d30 vs base_d30 G_PASS False dnet@4.137 0.0319 [-0.1448, 0.2083] @6.23 0.0205 yrs 3 sh 1.645 vs 1.596 dSh 0.0524 {'mean': 0.053, 'CI95': [-0.134, 0.232], 'P_gt_0': 0.714}
[  2745.4s] GATE OK_ema24_f15_d30 vs base_d30 G_PASS False dnet@4.137 -0.1708 [-0.3147, -0.0235] @6.23 -0.1708 yrs 2 sh 1.437 vs 1.596 dSh -0.1592 {'mean': -0.154, 'CI95': [-0.294, -0.018], 'P_gt_0': 0.014}
[  2748.9s] GATE OK_chg24_f15_d30 vs base_d30 G_PASS False dnet@4.137 0.0046 [-0.0964, 0.1066] @6.23 -0.0069 yrs 2 sh 1.608 vs 1.596 dSh 0.0152 {'mean': 0.013, 'CI95': [-0.073, 0.106], 'P_gt_0': 0.612}
[  2752.4s] GATE OK_z168_f15_d30 vs base_d30 G_PASS False dnet@4.137 0.0883 [-0.0228, 0.1957] @6.23 0.0781 yrs 2 sh 1.684 vs 1.596 dSh 0.0903 {'mean': 0.089, 'CI95': [-0.007, 0.184], 'P_gt_0': 0.964}
[  2756.0s] GATE OK_8h_f15_d30 vs base_d30 G_PASS False dnet@4.137 -0.094 [-0.2165, 0.025] @6.23 -0.1009 yrs 2 sh 1.513 vs 1.596 dSh -0.0817 {'mean': -0.08, 'CI95': [-0.195, 0.032], 'P_gt_0': 0.085}
[  2759.8s] GATE OK_pos_f15_d30 vs base_d30 G_PASS False dnet@4.137 -0.139 [-0.251, -0.0326] @6.23 -0.1494 yrs 2 sh 1.468 vs 1.596 dSh -0.1252 {'mean': -0.129, 'CI95': [-0.231, -0.028], 'P_gt_0': 0.004}
[  2763.5s] GATE OK_imp_f15_d30 vs base_d30 G_PASS False dnet@4.137 0.017 [-0.1302, 0.1704] @6.23 0.0091 yrs 2 sh 1.646 vs 1.596 dSh 0.0534 {'mean': 0.055, 'CI95': [-0.095, 0.203], 'P_gt_0': 0.758}
[  2767.5s] GATE OK_plc0_f15_d30 vs base_d30 G_PASS False dnet@4.137 -0.177 [-0.2798, -0.0802] @6.23 -0.1882 yrs 0 sh 1.435 vs 1.596 dSh -0.1583 {'mean': -0.16, 'CI95': [-0.243, -0.082], 'P_gt_0': 0.0}
[  2771.4s] GATE OK_plc1_f15_d30 vs base_d30 G_PASS False dnet@4.137 -0.1833 [-0.2802, -0.0875] @6.23 -0.1949 yrs 0 sh 1.427 vs 1.596 dSh -0.1666 {'mean': -0.168, 'CI95': [-0.249, -0.095], 'P_gt_0': 0.0}
[  2775.2s] GATE OK_plc2_f15_d30 vs base_d30 G_PASS False dnet@4.137 -0.1813 [-0.2854, -0.081] @6.23 -0.1927 yrs 0 sh 1.431 vs 1.596 dSh -0.1624 {'mean': -0.164, 'CI95': [-0.245, -0.085], 'P_gt_0': 0.0}
[  2779.1s] GATE OK_plc3_f15_d30 vs base_d30 G_PASS False dnet@4.137 -0.1757 [-0.2885, -0.0661] @6.23 -0.1871 yrs 0 sh 1.436 vs 1.596 dSh -0.1568 {'mean': -0.159, 'CI95': [-0.251, -0.068], 'P_gt_0': 0.001}
[  2783.0s] GATE OK_plc4_f15_d30 vs base_d30 G_PASS False dnet@4.137 -0.1864 [-0.288, -0.0794] @6.23 -0.1975 yrs 0 sh 1.427 vs 1.596 dSh -0.1665 {'mean': -0.167, 'CI95': [-0.262, -0.076], 'P_gt_0': 0.001}
[  2786.8s] GATE OK_f15_S0 vs base_S0 G_PASS False dnet@4.137 -0.0732 [-0.1724, 0.0296] @6.23 -0.0806 yrs 2 sh 1.202 vs 1.263 dSh -0.0587 {'mean': -0.057, 'CI95': [-0.147, 0.03], 'P_gt_0': 0.096}
[  2790.5s] GATE OK_ms4_S0 vs base_S0 G_PASS False dnet@4.137 0.0648 [-0.4274, 0.5726] @6.23 -0.1889 yrs 3 sh 1.417 vs 1.263 dSh 0.2296 {'mean': 0.238, 'CI95': [-0.217, 0.702], 'P_gt_0': 0.846}
[  2794.2s] GATE nfOK_imp_f15_d30 vs nf_d30 G_PASS False dnet@4.137 0.1074 [-0.0406, 0.2652] @6.23 0.1037 yrs 3 sh 0.694 vs 0.586 dSh 0.1112 {'mean': 0.111, 'CI95': [-0.033, 0.246], 'P_gt_0': 0.933}
[  2798.1s] GATE nfOK_f10_d30 vs nf_d30 G_PASS False dnet@4.137 -0.0225 [-0.1031, 0.0576] @6.23 -0.0233 yrs 2 sh 0.57 vs 0.586 dSh -0.0155 {'mean': -0.015, 'CI95': [-0.086, 0.05], 'P_gt_0': 0.345}
[  2802.1s] GATE nfOK_f15_d30 vs nf_d30 G_PASS False dnet@4.137 -0.0515 [-0.1652, 0.0598] @6.23 -0.0545 yrs 2 sh 0.55 vs 0.586 dSh -0.0351 {'mean': -0.034, 'CI95': [-0.135, 0.058], 'P_gt_0': 0.243}
[  2806.0s] GATE nfOK_f20_d30 vs nf_d30 G_PASS False dnet@4.137 -0.1084 [-0.2551, 0.0388] @6.23 -0.1159 yrs 2 sh 0.505 vs 0.586 dSh -0.0783 {'mean': -0.078, 'CI95': [-0.211, 0.043], 'P_gt_0': 0.119}
[  2809.8s] GATE nfOK_ms_d30 vs nf_d30 G_PASS False dnet@4.137 -0.0432 [-0.6695, 0.5767] @6.23 -0.2891 yrs 2 sh 0.607 vs 0.586 dSh 0.0943 {'mean': 0.101, 'CI95': [-0.459, 0.622], 'P_gt_0': 0.646}
[  2813.5s] GATE nfOK_plc0_f15_d30 vs nf_d30 G_PASS False dnet@4.137 -0.1061 [-0.1902, -0.03] @6.23 -0.1137 yrs 0 sh 0.501 vs 0.586 dSh -0.0836 {'mean': -0.085, 'CI95': [-0.157, -0.018], 'P_gt_0': 0.006}
[  2817.4s] GATE nfOK_plc1_f15_d30 vs nf_d30 G_PASS False dnet@4.137 -0.0786 [-0.1569, 0.0032] @6.23 -0.0864 yrs 0 sh 0.526 vs 0.586 dSh -0.0582 {'mean': -0.062, 'CI95': [-0.128, 0.006], 'P_gt_0': 0.036}
[  2821.1s] GATE nfOK_plc2_f15_d30 vs nf_d30 G_PASS False dnet@4.137 -0.095 [-0.1862, -0.0102] @6.23 -0.1024 yrs 0 sh 0.511 vs 0.586 dSh -0.0731 {'mean': -0.073, 'CI95': [-0.147, -0.002], 'P_gt_0': 0.021}
[  2824.9s] GATE nfOK_plc3_f15_d30 vs nf_d30 G_PASS False dnet@4.137 -0.0637 [-0.1517, 0.0229] @6.23 -0.0714 yrs 0 sh 0.537 vs 0.586 dSh -0.0467 {'mean': -0.049, 'CI95': [-0.124, 0.025], 'P_gt_0': 0.093}
[  2828.6s] GATE nfOK_plc4_f15_d30 vs nf_d30 G_PASS False dnet@4.137 -0.12 [-0.2098, -0.0339] @6.23 -0.1273 yrs 0 sh 0.489 vs 0.586 dSh -0.0948 {'mean': -0.097, 'CI95': [-0.175, -0.025], 'P_gt_0': 0.004}
[  2832.5s] GATE nfOK_f15_S0 vs nf_S0 G_PASS False dnet@4.137 -0.0302 [-0.1274, 0.0674] @6.23 -0.033 yrs 2 sh 0.294 vs 0.316 dSh -0.0205 {'mean': -0.019, 'CI95': [-0.101, 0.058], 'P_gt_0': 0.338}
[  2836.3s] GATE nfOK_f15_d30 vs base_d30 G_PASS False dnet@4.137 -1.0503 [-1.7899, -0.2435] @6.23 -1.1121 yrs 2 sh 0.55 vs 1.596 dSh -1.0393 {'mean': -1.003, 'CI95': [-1.667, -0.374], 'P_gt_0': 0.002}
[  2840.1s] GATE nfOK_ms_d30 vs base_d30 G_PASS False dnet@4.137 -1.042 [-1.8892, -0.1268] @6.23 -1.3466 yrs 2 sh 0.607 vs 1.596 dSh -0.91 {'mean': -0.867, 'CI95': [-1.728, -0.056], 'P_gt_0': 0.018}
[  2843.9s] GATE nf_d30 vs base_d30 G_PASS False dnet@4.137 -0.9988 [-1.7386, -0.2106] @6.23 -1.0576 yrs 1 sh 0.586 vs 1.596 dSh -1.0042 {'mean': -0.968, 'CI95': [-1.62, -0.347], 'P_gt_0': 0.002}
[  2846.5s] RULER main {'full_OK_f15_d30': {'dSharpe_real': -0.032, 'dSharpe_real_CI95_blk42': {'mean': -0.03, 'CI95': [-0.135, 0.069], 'P_gt_0': 0.293}, 'dSharpe_placebo_by_seed': [-0.1583, -0.1666, -0.1624, -0.1568, -0.1665], 'dSharpe_placebo_mean': -0.1621, 'dnet@4.137_placebo_by_seed': [-0.177, -0.1833, -0.1813, -0.1757, -0.1864], 'G0_ruler_usable': False, 'G1_real_minus_placebo_gt0_and_CI_lb_gt0': False, 'real_minus_placebo_mean': 0.1301}, 'nofund_OK_f15_d30': {'dSharpe_real': -0.0351, 'dSharpe_real_CI95_blk42': {'mean': -0.034, 'CI95': [-0.135, 0.058], 'P_gt_0': 0.243}, 'dSharpe_placebo_by_seed': [-0.0836, -0.0582, -0.0731, -0.0467, -0.0948], 'dSharpe_placebo_mean': -0.0713, 'dnet@4.137_placebo_by_seed': [-0.1061, -0.0786, -0.095, -0.0637, -0.12], 'G0_ruler_usable': True, 'G1_real_minus_placebo_gt0_and_CI_lb_gt0': False, 'real_minus_placebo_mean': 0.0362}}
[  2846.5s] VERDICT {'S1_main_pass': False, 'G_family_main_pass': False, 'G0_ruler_usable': False, 'G1_pass': False, 'ADMITTED(S1+G+G0+G1)': False, 'wording': '判负', 'nofund_question': {'nofund_sharpe': 0.664, 'nofund_plus_basis_sharpe': 0.628, 'nofund_plus_basis_CI95': [-0.317, 1.547], 'dSharpe_vs_nofund': -0.0351, 'dSharpe_CI95': {'mean': -0.034, 'CI95': [-0.135, 0.058], 'P_gt_0': 0.243}, 'G_PASS_vs_nofund': False, 'years_nonneg': 4, 'stage_target_ge_1.0_and_4of5': False, 'vs_base_with_fund': -1.0393}}
[  2849.4s] DONE -> /mnt/storage/private/work_hsy/probe_artifacts/f2/f2_basis_leg_admission_2026-08-22.json
