[   13.9s] S300 ridge 2023 done
[   22.9s] S300 ridge 2024 done
[   39.0s] S300 ridge 2025 done
[   62.3s] S300 ridge 2026 done
/root/miniconda3/envs/hsy_v5push/lib/python3.13/site-packages/sklearn/utils/deprecation.py:151: FutureWarning: 'force_all_finite' was renamed to 'ensure_all_finite' in 1.6 and will be removed in 1.8.
  warnings.warn(
/root/miniconda3/envs/hsy_v5push/lib/python3.13/site-packages/sklearn/utils/deprecation.py:151: FutureWarning: 'force_all_finite' was renamed to 'ensure_all_finite' in 1.6 and will be removed in 1.8.
  warnings.warn(
[   85.2s] S300 lgbm 2023 done
/root/miniconda3/envs/hsy_v5push/lib/python3.13/site-packages/sklearn/utils/deprecation.py:151: FutureWarning: 'force_all_finite' was renamed to 'ensure_all_finite' in 1.6 and will be removed in 1.8.
  warnings.warn(
/root/miniconda3/envs/hsy_v5push/lib/python3.13/site-packages/sklearn/utils/deprecation.py:151: FutureWarning: 'force_all_finite' was renamed to 'ensure_all_finite' in 1.6 and will be removed in 1.8.
  warnings.warn(
[  128.2s] S300 lgbm 2024 done
/root/miniconda3/envs/hsy_v5push/lib/python3.13/site-packages/sklearn/utils/deprecation.py:151: FutureWarning: 'force_all_finite' was renamed to 'ensure_all_finite' in 1.6 and will be removed in 1.8.
  warnings.warn(
/root/miniconda3/envs/hsy_v5push/lib/python3.13/site-packages/sklearn/utils/deprecation.py:151: FutureWarning: 'force_all_finite' was renamed to 'ensure_all_finite' in 1.6 and will be removed in 1.8.
  warnings.warn(
[  201.8s] S300 lgbm 2025 done
/root/miniconda3/envs/hsy_v5push/lib/python3.13/site-packages/sklearn/utils/deprecation.py:151: FutureWarning: 'force_all_finite' was renamed to 'ensure_all_finite' in 1.6 and will be removed in 1.8.
  warnings.warn(
/root/miniconda3/envs/hsy_v5push/lib/python3.13/site-packages/sklearn/utils/deprecation.py:151: FutureWarning: 'force_all_finite' was renamed to 'ensure_all_finite' in 1.6 and will be removed in 1.8.
  warnings.warn(
[  312.3s] S300 lgbm 2026 done
[  369.2s] ridge:pA Δnull +0.00012±0.00010 peak_k+ 0 Δ2026 -0.0002 ⇒ 无泄漏
[  417.4s] ridge:pB Δnull +0.00012±0.00008 peak_k+ 0 Δ2026 -0.0001 ⇒ 无泄漏
[  466.3s] ridge:pC Δnull +0.00004±0.00010 peak_k+ 0 Δ2026 +0.0001 ⇒ 无泄漏
[  514.5s] ridge:pD Δnull -0.00093±0.00027 peak_k+ 0 Δ2026 +0.0028 ⇒ 该列不可判定
[  562.2s] ridge:pE Δnull -0.00095±0.00043 peak_k+ 0 Δ2026 +0.0025 ⇒ 该列不可判定
[  608.7s] ridge:pF Δnull +0.00015±0.00016 peak_k+ 0 Δ2026 -0.0012 ⇒ 无泄漏
[  657.5s] ridge:pG Δnull -0.00003±0.00012 peak_k+ 0 Δ2026 +0.0001 ⇒ 无泄漏
[  705.8s] ridge:pH Δnull +0.00006±0.00006 peak_k+ 0 Δ2026 +0.0000 ⇒ 无泄漏
[  753.6s] ridge:pI Δnull -0.00057±0.00025 peak_k+ 0 Δ2026 +0.0010 ⇒ 该列不可判定
[  801.9s] ridge:pJ Δnull -0.00030±0.00023 peak_k+ 0 Δ2026 +0.0017 ⇒ 无泄漏
[  850.4s] ridge:pHs Δnull +0.00000±0.00001 peak_k+ 0 Δ2026 +0.0000 ⇒ 无泄漏
[  899.3s] ridge:pALL Δnull -0.00150±0.00055 peak_k+ 0 Δ2026 +0.0065 ⇒ 该列不可判定
[  946.1s] ridge:S300 Δnull -0.00107±0.00046 peak_k+ 0 Δ2026 +0.0070 ⇒ 该列不可判定
[ 1000.6s] lgbm:pA Δnull +0.00054±0.00042 peak_k+ 0 Δ2026 -0.0011 ⇒ 无泄漏
[ 1048.4s] lgbm:pB Δnull +0.00138±0.00042 peak_k+ 0 Δ2026 -0.0004 ⇒ 该列不可判定
[ 1095.7s] lgbm:pC Δnull +0.00049±0.00042 peak_k+ 0 Δ2026 -0.0000 ⇒ 无泄漏
[ 1143.1s] lgbm:pD Δnull -0.00144±0.00049 peak_k+ 0 Δ2026 +0.0033 ⇒ 该列不可判定
[ 1191.2s] lgbm:pE Δnull +0.00026±0.00055 peak_k+ 0 Δ2026 +0.0034 ⇒ 无泄漏
[ 1239.3s] lgbm:pF Δnull +0.00072±0.00041 peak_k+ 0 Δ2026 +0.0008 ⇒ 无泄漏
[ 1287.8s] lgbm:pG Δnull +0.00018±0.00043 peak_k+ 0 Δ2026 +0.0013 ⇒ 无泄漏
[ 1336.5s] lgbm:pH Δnull +0.00030±0.00045 peak_k+ 0 Δ2026 +0.0001 ⇒ 无泄漏
[ 1383.8s] lgbm:pI Δnull +0.00007±0.00041 peak_k+ 0 Δ2026 +0.0003 ⇒ 无泄漏
[ 1431.6s] lgbm:pJ Δnull +0.00029±0.00048 peak_k+ 0 Δ2026 +0.0032 ⇒ 无泄漏
[ 1480.2s] lgbm:pHs Δnull +0.00071±0.00041 peak_k+ 0 Δ2026 +0.0008 ⇒ 无泄漏
[ 1527.9s] lgbm:pALL Δnull -0.00021±0.00063 peak_k+ 0 Δ2026 +0.0092 ⇒ 无泄漏
[ 1575.6s] lgbm:S300 Δnull +0.00038±0.00057 peak_k+ 0 Δ2026 +0.0072 ⇒ 无泄漏

==== LEAK FINAL(行=模型:族)====
arm                     Δnull±SE |Δ|≤2SE  峰k≥0    Δ2026  判决
ridge:pA    +0.00012±0.00010      True     0  -0.0002  无泄漏
ridge:pB    +0.00012±0.00008      True     0  -0.0001  无泄漏
ridge:pC    +0.00004±0.00010      True     0  +0.0001  无泄漏
ridge:pD    -0.00093±0.00027     False     0  +0.0028  该列不可判定
ridge:pE    -0.00095±0.00043     False     0  +0.0025  该列不可判定
ridge:pF    +0.00015±0.00016      True     0  -0.0012  无泄漏
ridge:pG    -0.00003±0.00012      True     0  +0.0001  无泄漏
ridge:pH    +0.00006±0.00006      True     0  +0.0000  无泄漏
ridge:pI    -0.00057±0.00025     False     0  +0.0010  该列不可判定
ridge:pJ    -0.00030±0.00023      True     0  +0.0017  无泄漏
ridge:pHs   +0.00000±0.00001      True     0  +0.0000  无泄漏
ridge:pALL  -0.00150±0.00055     False     0  +0.0065  该列不可判定
ridge:S300  -0.00107±0.00046     False     0  +0.0070  该列不可判定
lgbm:pA     +0.00054±0.00042      True     0  -0.0011  无泄漏
lgbm:pB     +0.00138±0.00042     False     0  -0.0004  该列不可判定
lgbm:pC     +0.00049±0.00042      True     0  -0.0000  无泄漏
lgbm:pD     -0.00144±0.00049     False     0  +0.0033  该列不可判定
lgbm:pE     +0.00026±0.00055      True     0  +0.0034  无泄漏
lgbm:pF     +0.00072±0.00041      True     0  +0.0008  无泄漏
lgbm:pG     +0.00018±0.00043      True     0  +0.0013  无泄漏
lgbm:pH     +0.00030±0.00045      True     0  +0.0001  无泄漏
lgbm:pI     +0.00007±0.00041      True     0  +0.0003  无泄漏
lgbm:pJ     +0.00029±0.00048      True     0  +0.0032  无泄漏
lgbm:pHs    +0.00071±0.00041      True     0  +0.0008  无泄漏
lgbm:pALL   -0.00021±0.00063      True     0  +0.0092  无泄漏
lgbm:S300   +0.00038±0.00057      True     0  +0.0072  无泄漏
[ 1575.6s] LEAK_DONE
F8B_ALL_DONE
