/root/miniconda3/envs/hsy_v5push/lib/python3.13/site-packages/sklearn/utils/deprecation.py:151: FutureWarning: 'force_all_finite' was renamed to 'ensure_all_finite' in 1.6 and will be removed in 1.8.
  warnings.warn(
/root/miniconda3/envs/hsy_v5push/lib/python3.13/site-packages/sklearn/utils/deprecation.py:151: FutureWarning: 'force_all_finite' was renamed to 'ensure_all_finite' in 1.6 and will be removed in 1.8.
  warnings.warn(
[   16.1s] stack83 2024 trained rows 395981
/root/miniconda3/envs/hsy_v5push/lib/python3.13/site-packages/sklearn/utils/deprecation.py:151: FutureWarning: 'force_all_finite' was renamed to 'ensure_all_finite' in 1.6 and will be removed in 1.8.
  warnings.warn(
/root/miniconda3/envs/hsy_v5push/lib/python3.13/site-packages/sklearn/utils/deprecation.py:151: FutureWarning: 'force_all_finite' was renamed to 'ensure_all_finite' in 1.6 and will be removed in 1.8.
  warnings.warn(
[   34.1s] stack83 2025 trained rows 991720
[   49.2s] K0_slowking_oldtgt {"n_anchors": 7903, "years_present": [2023, 2024, 2025, 2026], "N_resid_A": 0.0497, "N_raw_A": 0.0628, "N_raw_B2526": 0.0634, "O_raw_B2526": 0.0588, "N_resid_B2526": 0.0501, "n_B2526": 3216}
[   63.8s] R82_s0 {"n_anchors": 7903, "years_present": [2023, 2024, 2025, 2026], "N_resid_A": 0.059, "N_raw_A": 0.0737, "N_raw_B2526": 0.0749, "O_raw_B2526": 0.0582, "N_resid_B2526": 0.0609, "n_B2526": 3216}
[   77.5s] L82_s0 {"n_anchors": 7903, "years_present": [2023, 2024, 2025, 2026], "N_resid_A": 0.0546, "N_raw_A": 0.0679, "N_raw_B2526": 0.0728, "O_raw_B2526": 0.0577, "N_resid_B2526": 0.0592, "n_B2526": 3216}
[   88.9s] D0_s42 {"n_anchors": 6576, "years_present": [2023, 2024, 2025], "N_resid_A": 0.0602, "N_raw_A": 0.0704, "N_raw_B2526": 0.0732, "O_raw_B2526": 0.0387, "N_resid_B2526": 0.0639, "n_B2526": 1889}
[  100.3s] D1h8_s42 {"n_anchors": 6576, "years_present": [2023, 2024, 2025], "N_resid_A": 0.0632, "N_raw_A": 0.0734, "N_raw_B2526": 0.0743, "O_raw_B2526": 0.0322, "N_resid_B2526": 0.0642, "n_B2526": 1889}
[  111.8s] D1h8_s2027 {"n_anchors": 6576, "years_present": [2023, 2024, 2025], "N_resid_A": 0.0642, "N_raw_A": 0.0742, "N_raw_B2526": 0.079, "O_raw_B2526": 0.0374, "N_resid_B2526": 0.0686, "n_B2526": 1889}
[  123.2s] D1h8_s3037 {"n_anchors": 6576, "years_present": [2023, 2024, 2025], "N_resid_A": 0.0648, "N_raw_A": 0.0748, "N_raw_B2526": 0.0783, "O_raw_B2526": 0.0367, "N_resid_B2526": 0.0684, "n_B2526": 1889}
[  134.9s] D2aux12_s42 {"n_anchors": 6576, "years_present": [2023, 2024, 2025], "N_resid_A": 0.0619, "N_raw_A": 0.073, "N_raw_B2526": 0.0786, "O_raw_B2526": 0.0498, "N_resid_B2526": 0.0669, "n_B2526": 1889}
[  148.7s] F8_ridge_base {"n_anchors": 7903, "years_present": [2023, 2024, 2025, 2026], "N_resid_A": 0.059, "N_raw_A": 0.0737, "N_raw_B2526": 0.0749, "O_raw_B2526": 0.0582, "N_resid_B2526": 0.0609, "n_B2526": 3216}
[  162.9s] F8_ridge_pALL {"n_anchors": 7903, "years_present": [2023, 2024, 2025, 2026], "N_resid_A": 0.0679, "N_raw_A": 0.0832, "N_raw_B2526": 0.0793, "O_raw_B2526": 0.0562, "N_resid_B2526": 0.0657, "n_B2526": 3216}
[  177.0s] F8_lgbm_base {"n_anchors": 7903, "years_present": [2023, 2024, 2025, 2026], "N_resid_A": 0.0546, "N_raw_A": 0.0679, "N_raw_B2526": 0.0728, "O_raw_B2526": 0.0577, "N_resid_B2526": 0.0592, "n_B2526": 3216}
[  190.9s] F8_lgbm_pALL {"n_anchors": 7903, "years_present": [2023, 2024, 2025, 2026], "N_resid_A": 0.0697, "N_raw_A": 0.0839, "N_raw_B2526": 0.0827, "O_raw_B2526": 0.06, "N_resid_B2526": 0.0696, "n_B2526": 3216}
[  202.7s] STACK_zsum_L82_D1h8 {"n_anchors": 6576, "years_present": [2023, 2024, 2025], "N_resid_A": 0.0662, "N_raw_A": 0.0796, "N_raw_B2526": 0.0836, "O_raw_B2526": 0.051, "N_resid_B2526": 0.0701, "n_B2526": 1889}
[  210.6s] STACK83_L82_plus_zD1h8 {"n_anchors": 4386, "years_present": [2024, 2025], "N_resid_A": 0.0617, "N_raw_A": 0.0743, "N_raw_B2526": 0.0762, "O_raw_B2526": 0.0492, "N_resid_B2526": 0.0643, "n_B2526": 1889}

==== CROSSWALK(行=预测, 列=坐标)====
pred                          nA  N-resid    N-raw N-raw@25-26B O-raw@25-26B N-resid@Byears
K0_slowking_oldtgt          7903  +0.0497  +0.0628      +0.0634      +0.0588   +0.0501  [2023, 2024, 2025, 2026]
R82_s0                      7903  +0.0590  +0.0737      +0.0749      +0.0582   +0.0609  [2023, 2024, 2025, 2026]
L82_s0                      7903  +0.0546  +0.0679      +0.0728      +0.0577   +0.0592  [2023, 2024, 2025, 2026]
D0_s42                      6576  +0.0602  +0.0704      +0.0732      +0.0387   +0.0639  [2023, 2024, 2025]
D1h8_s42                    6576  +0.0632  +0.0734      +0.0743      +0.0322   +0.0642  [2023, 2024, 2025]
D1h8_s2027                  6576  +0.0642  +0.0742      +0.0790      +0.0374   +0.0686  [2023, 2024, 2025]
D1h8_s3037                  6576  +0.0648  +0.0748      +0.0783      +0.0367   +0.0684  [2023, 2024, 2025]
D2aux12_s42                 6576  +0.0619  +0.0730      +0.0786      +0.0498   +0.0669  [2023, 2024, 2025]
F8_ridge_base               7903  +0.0590  +0.0737      +0.0749      +0.0582   +0.0609  [2023, 2024, 2025, 2026]
F8_ridge_pALL               7903  +0.0679  +0.0832      +0.0793      +0.0562   +0.0657  [2023, 2024, 2025, 2026]
F8_lgbm_base                7903  +0.0546  +0.0679      +0.0728      +0.0577   +0.0592  [2023, 2024, 2025, 2026]
F8_lgbm_pALL                7903  +0.0697  +0.0839      +0.0827      +0.0600   +0.0696  [2023, 2024, 2025, 2026]
STACK_zsum_L82_D1h8         6576  +0.0662  +0.0796      +0.0836      +0.0510   +0.0701  [2023, 2024, 2025]
STACK83_L82_plus_zD1h8      4386  +0.0617  +0.0743      +0.0762      +0.0492   +0.0643  [2024, 2025]
anchor_check {'K0_O_raw_B2526': 0.058843884101132275, 'band': [0.06, 0.068], 'pass': False}
rho {"rho_mean": 0.5102233550129933, "n_common_anchors": 6576, "years": [2023, 2024, 2025], "ic_resid_F8ALL_on_common": 0.07026790558056836, "ic_resid_D1h8_on_common": 0.06321954346175504, "paired_diff_mean": 0.007048362118813327, "paired_diff_t": 7.251660161371752, "verdict_rule": "|diff|<=0.005 \u4e14 rho>=0.5 \u21d2 \u540c\u4e00\u5757\u4fe1\u606f(\u5f39\u836f>\u6a21\u578b\u7c7b\u7b2c\u4e09\u8bc1)"}
[  222.3s] CROSS_DONE
