[     3.1s] input shas {'close1h': '641773b41f251105f789893cb9047188063e96874e368cc0af1ad12012fdd115', 'funding': 'a10d085a9658db34817ef3cad7caeca85ebc46097b11e41c01d26c6c15b5f0d0', 'meta': '0ca2e235d4b1def9ba91ad32e90136b5beb6d32ab196fe978c526f40a1e18cc6', 'panel_v2': 'f14bc33d78b2492994e793b494c2ff330958351abf5e6acbb1fe0364f032bc4a', 'slow_pred': '83f57477cf47ff2063ec2e0b71cd7918365f568829d6f3b6476f1616bd964c7f', 'wa_weights_Wb_d30': '8b583dcc2bdaade4c49e4fa8fed43a2e2ae312ff8135eca638a50f980c5e98d6', 'wa_run_json': 'e51a8089e37b01cf03cbb6dcce888f4c13ba930e17fb34607b5e8b340799d32a'}
[     3.1s] R3 input SHA vs WA {'close1h': True, 'funding': True, 'meta': True, 'panel_v2': True, 'slow_pred': True}
[    10.0s] loaded NW 829 anchors grid 2021-01-01 00:00 -> 2026-08-20 16:00 E 2020-09-11 20:00 -> 2026-08-15 20:00 12985
[   19.7s] common span {'first': '2023-01-01 00:00', 'last': '2026-08-10 00:00', 'n_f8_anchors': 7903}
[   47.7s] C3full parity {'sharpe_anchor_2201_2606': 1.668, 'target_from_f3_json': 1.668, 'n_anchors': 9852, 'pass': True}
[   66.9s] C3r 净 1.8991 ShA 1.898 换手 0.03676
[   84.3s] C1 净 1.2109 ShA 1.098 换手 0.05749
[  102.1s] C2 净 1.5902 ShA 1.514 换手 0.04505
[  122.2s] C2b 净 1.4969 ShA 1.379 换手 0.04336
[  122.8s] C1 Δ净@3.52 {'mean': -0.6882, 'CI95': [-1.2696, -0.1178], 'P_gt_0': 0.009} @6.64 -1.0219 ΔSh {'mean': -0.794, 'CI95': [-1.328, -0.241], 'P_gt_0': 0.001} Δ换手 0.02073
[  123.4s] C2 Δ净@3.52 {'mean': -0.3089, 'CI95': [-0.7337, 0.1023], 'P_gt_0': 0.079} @6.64 -0.4023 ΔSh {'mean': -0.378, 'CI95': [-0.787, 0.033], 'P_gt_0': 0.037} Δ换手 0.00829
[  123.9s] C2b Δ净@3.52 {'mean': -0.5139, 'CI95': [-1.0977, 0.0758], 'P_gt_0': 0.042} @6.64 -0.6112 ΔSh {'mean': -0.55, 'CI95': [-1.055, -0.021], 'P_gt_0': 0.021} Δ换手 0.00896

==== F-8C 书级 S2(净@2 bps/锚, 成本 3.52; 公共跨度配对)====
C3r   净 +1.899 ShA 1.898 ShD 1.918 CI [0.894, 2.99] 换手 0.0368 逐年净 {2023: 0.558, 2024: 1.02, 2025: 2.342, 2026: 4.836} maxDD 0.236
C1    净 +1.211 ShA 1.098 ShD 1.065 CI [0.03, 2.163] 换手 0.0575 逐年净 {2023: -0.313, 2024: 0.603, 2025: 1.297, 2026: 4.59} maxDD 0.415
C2    净 +1.590 ShA 1.514 ShD 1.476 CI [0.423, 2.629] 换手 0.0450 逐年净 {2023: 0.171, 2024: 1.07, 2025: 1.775, 2026: 4.489} maxDD 0.359
C2b   净 +1.497 ShA 1.379 ShD 1.364 CI [0.289, 2.499] 换手 0.0434 逐年净 {2023: 0.011, 2024: 0.669, 2025: 1.698, 2026: 4.988} maxDD 0.373
ΔC1   净@3.52 {'mean': -0.6882, 'CI95': [-1.2696, -0.1178], 'P_gt_0': 0.009} @6.64 -1.0219 ΔShA {'mean': -0.794, 'CI95': [-1.328, -0.241], 'P_gt_0': 0.001} Δ换手 +0.02073 逐年 {'2023': -0.871, '2024': -0.4174, '2025': -1.0448, '2026': -0.2459} P5 [-9.832, -3.441, 0.66, 2.888, 6.049] gate {'ci_gt0': False, 'c664_ge0': False, 'years_3of4': False, 'sharpe_not_worse': False, 'pass': False}
ΔC2   净@3.52 {'mean': -0.3089, 'CI95': [-0.7337, 0.1023], 'P_gt_0': 0.079} @6.64 -0.4023 ΔShA {'mean': -0.378, 'CI95': [-0.787, 0.033], 'P_gt_0': 0.037} Δ换手 +0.00829 逐年 {'2023': -0.3873, '2024': 0.0496, '2025': -0.5669, '2026': -0.3467} P5 [-2.815, -0.898, 0.513, 0.729, 0.885] gate {'ci_gt0': False, 'c664_ge0': False, 'years_3of4': False, 'sharpe_not_worse': False, 'pass': False}
ΔC2b  净@3.52 {'mean': -0.5139, 'CI95': [-1.0977, 0.0758], 'P_gt_0': 0.042} @6.64 -0.6112 ΔShA {'mean': -0.55, 'CI95': [-1.055, -0.021], 'P_gt_0': 0.021} Δ换手 +0.00896 逐年 {'2023': -0.5474, '2024': -0.3514, '2025': -0.6433} P5 [-0.173, -0.008, 0.955, 0.163, -3.504] gate None
[  123.9s] F8C_DONE
