
===== F-8 [ridge] 残差秩 IC(集 A n=7903); Δ = 臂 − base(配对) =====
arm              IC_A        Δ      t   同号     2023     2024     2025     2026      Q4Δ     rawΔ  gate
base          +0.0590                       +0.0551  +0.0611  +0.0630  +0.0554
+A            +0.0589  -0.0001   -1.3   1/4  +0.0001  -0.0003  -0.0003  -0.0002  -0.0007  -0.0003  FAIL
+B            +0.0590  -0.0000   -0.3   2/4  +0.0003  -0.0004  +0.0000  -0.0001  -0.0001  -0.0002  FAIL
+C            +0.0589  -0.0001   -0.8   2/4  -0.0003  -0.0001  +0.0001  +0.0001  -0.0003  -0.0001  FAIL
+D            +0.0634  +0.0044  +12.6   4/4  +0.0075  +0.0026  +0.0042  +0.0028  +0.0034  +0.0030  PASS
+E            +0.0632  +0.0042   +7.6   3/4  +0.0133  +0.0025  -0.0023  +0.0025  +0.0060  +0.0054  CONDITIONAL_PASS_3of4
+F            +0.0591  +0.0001   +0.4   3/4  +0.0007  +0.0000  +0.0003  -0.0012  +0.0009  +0.0000  FAIL
+G            +0.0589  -0.0001   -0.6   2/4  +0.0006  -0.0009  -0.0000  +0.0001  -0.0003  -0.0000  FAIL
+H            +0.0589  -0.0002   -2.1   1/4  -0.0003  -0.0001  -0.0002  +0.0000  -0.0001  +0.0002  FAIL
+I            +0.0598  +0.0007   +2.2   4/4  +0.0006  +0.0005  +0.0010  +0.0010  +0.0003  +0.0009  FAIL
+J            +0.0617  +0.0027   +9.3   4/4  +0.0042  +0.0019  +0.0027  +0.0017  +0.0041  +0.0030  FAIL
+Hs           +0.0590  +0.0000   +1.2   4/4  +0.0000  +0.0000  +0.0000  +0.0000  +0.0000  -0.0000  FAIL
+ALL          +0.0679  +0.0089  +12.4   4/4  +0.0193  +0.0055  +0.0034  +0.0065  +0.0098  +0.0096  PASS
PL_ALL_s0     +0.0585  -0.0006   -4.3   0/4  -0.0005  -0.0010  -0.0004  -0.0001  -0.0013  -0.0007  
PL_ALL_s1     +0.0580  -0.0010   -6.5   1/4  -0.0021  -0.0007  -0.0006  +0.0000  -0.0013  -0.0012  
PL_ALL_s2     +0.0582  -0.0008   -6.0   0/4  -0.0012  -0.0010  -0.0005  -0.0004  -0.0008  -0.0012  
PL_ALL_s3     +0.0584  -0.0006   -4.8   0/4  -0.0011  -0.0005  -0.0004  -0.0002  -0.0006  -0.0009  
PL_ALL_s4     +0.0580  -0.0010   -6.4   0/4  -0.0019  -0.0012  -0.0004  -0.0002  -0.0014  -0.0012  
PL_I_s0       +0.0590  -0.0001   -1.1   0/4  -0.0000  -0.0001  -0.0001  -0.0000  -0.0001  -0.0001  
PL_I_s1       +0.0589  -0.0002   -2.6   1/4  -0.0004  -0.0001  -0.0001  +0.0001  -0.0000  -0.0002  
PL_I_s2       +0.0590  -0.0001   -1.1   1/4  +0.0000  -0.0001  -0.0001  -0.0001  -0.0001  -0.0001  
PL_I_s3       +0.0589  -0.0001   -1.6   0/4  -0.0000  -0.0001  -0.0000  -0.0002  -0.0002  -0.0001  
PL_I_s4       +0.0589  -0.0001   -1.7   1/4  -0.0002  -0.0001  -0.0000  +0.0000  -0.0001  -0.0001  
placebo: {"ALL": {"mean": -0.00079, "sd": 0.00021}, "I": {"mean": -9e-05, "sd": 4e-05}}
R1: 0.0 receipts: {"R3_shuffle_null": {"per_seed": [0.009064498148120485, 0.01025056851779521, 0.009459466123377237], "mean": 0.009591510929764312, "se_true": 0.0009973177397998316, "pass": false}, "R4_offset_spectrum": {"spec": {"-6": 0.08570571126174446, "-5": -0.031112337388745245, "-4": -0.024749802919169703, "-3": -0.06275129040022909, "-2": -0.12603947809426502, "-1": -0.3320878219978444, "0": 0.0717964598046
S1: {"n": 7903, "ic_K0": 0.04970448290947198, "blend_c_minus_K0": 0.010655500411067654, "blend_c0_minus_K0": 0.0060324299204361186, "paired_delta_blend(c vs c0)": {"mean": 0.004623070490631537, "t": 20.379428382589595, "n": 7903, "by_year": {"2023": 0.008148330002484471, "2024": 0.00384641826657934, "2025": 0.0028373788654984305, "2026": 0.003037444727332514}}, "by_year_abs_c": {"2023": 0.014183949844270254, "2024": 0.00996724389242488, "2025": 0.00967104360249546, "2026": 0.007596018472106805}, "by_year_abs_c0": {"2023": 0.006035619841785783, "2024": 0.00612082562584554, "2025": 0.006833664736997029, "2026": 0.004558573744774291}, "resid_form_ic(c | 1,zK0,zc0)": 0.03719724072398502, "resid_by_year": {"2023": 0.050890107805598286, "2024": 0.03442999702854131, "2025": 0.0303921755080803, "2026": 0.030409434446134673}, "pass": true}

===== F-8 [lgbm] 残差秩 IC(集 A n=7903); Δ = 臂 − base(配对) =====
arm              IC_A        Δ      t   同号     2023     2024     2025     2026      Q4Δ     rawΔ  gate
base          +0.0546                       +0.0489  +0.0531  +0.0598  +0.0576
+A            +0.0554  +0.0008   +1.6   3/4  +0.0002  +0.0027  +0.0007  -0.0011  +0.0003  +0.0007  FAIL
+B            +0.0560  +0.0014   +2.8   2/4  -0.0009  +0.0035  +0.0026  -0.0004  +0.0009  +0.0015  FAIL
+C            +0.0558  +0.0012   +2.5   3/4  +0.0002  +0.0021  +0.0022  -0.0000  +0.0016  +0.0010  FAIL
+D            +0.0624  +0.0078  +13.1   4/4  +0.0129  +0.0071  +0.0063  +0.0033  +0.0057  +0.0064  PASS
+E            +0.0622  +0.0077  +11.9   4/4  +0.0143  +0.0093  +0.0021  +0.0034  +0.0085  +0.0092  PASS
+F            +0.0560  +0.0015   +3.0   3/4  -0.0001  +0.0027  +0.0022  +0.0008  -0.0002  +0.0013  FAIL
+G            +0.0562  +0.0016   +3.3   4/4  +0.0004  +0.0023  +0.0024  +0.0013  +0.0020  +0.0017  FAIL
+H            +0.0553  +0.0008   +1.5   4/4  +0.0009  +0.0008  +0.0012  +0.0001  -0.0012  +0.0005  FAIL
+I            +0.0560  +0.0015   +3.0   4/4  +0.0009  +0.0028  +0.0015  +0.0003  +0.0019  +0.0013  FAIL
+J            +0.0591  +0.0045   +7.8   4/4  +0.0028  +0.0062  +0.0053  +0.0032  +0.0055  +0.0044  PASS
+Hs           +0.0557  +0.0012   +2.4   4/4  +0.0006  +0.0015  +0.0017  +0.0008  +0.0001  +0.0009  FAIL
+ALL          +0.0697  +0.0151  +20.0   4/4  +0.0245  +0.0144  +0.0101  +0.0092  +0.0142  +0.0160  PASS
PL_ALL_s0     +0.0541  -0.0005   -0.9   3/4  -0.0036  +0.0005  +0.0006  +0.0011  -0.0010  -0.0004  
PL_ALL_s1     +0.0558  +0.0012   +2.2   3/4  -0.0001  +0.0021  +0.0019  +0.0009  +0.0011  +0.0009  
PL_ALL_s2     +0.0552  +0.0006   +1.1   2/4  -0.0009  +0.0018  +0.0014  -0.0001  -0.0001  +0.0008  
PL_ALL_s3     +0.0552  +0.0007   +1.3   2/4  -0.0011  +0.0031  +0.0011  -0.0010  -0.0009  +0.0008  
PL_ALL_s4     +0.0553  +0.0008   +1.4   2/4  -0.0006  +0.0016  +0.0021  -0.0004  -0.0015  +0.0007  
PL_I_s0       +0.0553  +0.0008   +1.6   3/4  -0.0009  +0.0019  +0.0016  +0.0004  -0.0002  +0.0007  
PL_I_s1       +0.0554  +0.0008   +1.7   3/4  -0.0011  +0.0029  +0.0009  +0.0004  -0.0003  +0.0011  
PL_I_s2       +0.0556  +0.0010   +2.1   3/4  +0.0000  +0.0017  +0.0021  -0.0002  -0.0003  +0.0013  
PL_I_s3       +0.0552  +0.0006   +1.3   2/4  -0.0003  +0.0019  +0.0010  -0.0004  +0.0008  +0.0003  
PL_I_s4       +0.0548  +0.0003   +0.5   2/4  -0.0008  +0.0021  +0.0003  -0.0010  -0.0010  +0.0004  
placebo: {"ALL": {"mean": 0.00056, "sd": 0.00063}, "I": {"mean": 0.0007, "sd": 0.00028}}
R1: 0.0 receipts: {"R3_shuffle_null": {"per_seed": [0.0074160276592764324, 0.008405521555026852, 0.007453616179954519], "mean": 0.007758388464752602, "se_true": 0.000976036254114786, "pass": false}, "R4_offset_spectrum": {"spec": {"-6": 0.07248577829226092, "-5": -0.038480914342353616, "-4": -0.04582941698925247, "-3": -0.06969583046805827, "-2": -0.1255064917065981, "-1": -0.31109427473746504, "0": 0.0745848685546
S1: {"n": 7903, "ic_K0": 0.04970448290947198, "blend_c_minus_K0": 0.011510556576835586, "blend_c0_minus_K0": 0.0052268832531630555, "paired_delta_blend(c vs c0)": {"mean": 0.006283673323672531, "t": 25.460794700467723, "n": 7903, "by_year": {"2023": 0.009429877737142675, "2024": 0.006595374115961192, "2025": 0.004344468579818607, "2026": 0.0037758932058688972}}, "by_year_abs_c": {"2023": 0.014369535907188969, "2024": 0.01071441667212039, "2025": 0.01090769986702987, "2026": 0.00910468972812058}, "by_year_abs_c0": {"2023": 0.0049396581700462934, "2024": 0.0041190425561591975, "2025": 0.006563231287211262, "2026": 0.005328796522251683}, "resid_form_ic(c | 1,zK0,zc0)": 0.04545931866042649, "resid_by_year": {"2023": 0.05373789998566974, "2024": 0.04370745826274457, "2025": 0.04245800956474833, "2026": 0.03964911462919963}, "pass": true}

VERDICT: {"ridge": {"families_pass": ["+D", "+E"], "ALL_pass": true, "Hs_pass": false, "placebo_valid": true, "S1_pass": true}, "lgbm": {"families_pass": ["+D", "+E", "+J"], "ALL_pass": true, "Hs_pass": false, "placebo_valid": true, "S1_pass": true}, "three_way": {"form": "(a) 有用", "both_models": ["+D", "+E"], "ridge_only": [], "lgbm_only": ["+J"]}}
[  119.7s] JUDGE_DONE
