
===== 标度曲线 [ridge_grid] 残差秩 IC(集 A n=7903) =====
arm      cols  n95     IC_A        Δ      t                CI95   同号     2023     2024     2025     2026  trainIC     gap  α/verdict
base       82   28  +0.0598                                           +0.0569  +0.0619  +0.0633  +0.0556  +0.0664 +0.0069  {'2023': 10000.0, '2024': 10000.0, '2025': 10000.0, '2026': 10000.0}
S150      146   38  +0.0630  +0.0031   +7.2    [0.0021, 0.0041]   4/4  +0.0038  +0.0023  +0.0037  +0.0024  +0.0733 +0.0108  {'2023': 1000.0, '2024': 10000.0, '2025': 10000.0, '2026': 10000.0} FAIL
S300      296   86  +0.0663  +0.0065  +10.3     [0.0049, 0.008]   4/4  +0.0098  +0.0039  +0.0055  +0.0069  +0.0825 +0.0166  {'2023': 1000.0, '2024': 10000.0, '2025': 10000.0, '2026': 10000.0} 数量可推动
S600      600  184  +0.0667  +0.0069   +9.3    [0.0051, 0.0086]   4/4  +0.0107  +0.0042  +0.0051  +0.0081  +0.0886 +0.0222  {'2023': 10000.0, '2024': 100.0, '2025': 10000.0, '2026': 10000.0} 数量可推动
SX        258   86  +0.0593  -0.0005   -1.1   [-0.0016, 0.0005]   2/4  -0.0028  +0.0014  -0.0008  +0.0007  +0.0722 +0.0132  {'2023': 0.1, '2024': 10000.0, '2025': 10000.0, '2026': 10000.0} FAIL
curve: {"deltas": {"S150": 0.003111439929411495, "S300": 0.006483395449110204, "S600": 0.00687629768512029}, "shape": "数量可推动(至少一档过线)", "SX_delta": -0.0005048126086654159}

===== 标度曲线 [ridge_fixed] 残差秩 IC(集 A n=7903) =====
arm      cols  n95     IC_A        Δ      t                CI95   同号     2023     2024     2025     2026  trainIC     gap  α/verdict
base       82   28  +0.0590                                           +0.0551  +0.0611  +0.0630  +0.0554  +0.0667 +0.0081  {'2023': 1.0, '2024': 1.0, '2025': 1.0, '2026': 1.0}
curve: null

===== 标度曲线 [lgbm] 残差秩 IC(集 A n=7903) =====
arm      cols  n95     IC_A        Δ      t                CI95   同号     2023     2024     2025     2026  trainIC     gap  α/verdict
base       82   28  +0.0546                                           +0.0489  +0.0531  +0.0598  +0.0576  +0.2625 +0.2077  {'2023': None, '2024': None, '2025': None, '2026': None}
S150      146   38  +0.0600  +0.0055   +8.7    [0.0041, 0.0069]   4/4  +0.0065  +0.0057  +0.0062  +0.0023  +0.2757 +0.2157  {'2023': None, '2024': None, '2025': None, '2026': None} 数量可推动
S300      296   86  +0.0652  +0.0107  +15.1    [0.0093, 0.0121]   4/4  +0.0104  +0.0112  +0.0125  +0.0072  +0.2996 +0.2344  {'2023': None, '2024': None, '2025': None, '2026': None} 数量可推动
S600      600  184  +0.0662  +0.0117  +15.8    [0.0099, 0.0136]   4/4  +0.0125  +0.0130  +0.0119  +0.0077  +0.3163 +0.2501  {'2023': None, '2024': None, '2025': None, '2026': None} 数量可推动
SX        258   86  +0.0567  +0.0021   +3.6     [0.001, 0.0033]   4/4  +0.0010  +0.0042  +0.0022  +0.0006  +0.2870 +0.2302  {'2023': None, '2024': None, '2025': None, '2026': None} FAIL
curve: {"deltas": {"S150": 0.005487247846677612, "S300": 0.010673328151269926, "S600": 0.01168040957904281}, "shape": "数量可推动(至少一档过线)", "SX_delta": 0.002144064482653161}
[    1.9s] JUDGE2_DONE
