/mnt/storage/private/work_hsy/f8_2026-08-22/f8_redundancy.py:36: ConstantInputWarning: An input array is constant; the correlation coefficient is not defined.
  c = spearmanr(Xi[:, j], y[ok]).correlation
{
 "A": {
  "median_R2_on_82": 0.19870997866188,
  "max_R2": 0.4090067852782243,
  "min_R2": 0.008059786050939932,
  "mean_abs_single_ic": 0.016166877396699822,
  "max_abs_single_ic": 0.03305244426003878
 },
 "B": {
  "median_R2_on_82": 0.6149553601908844,
  "max_R2": 0.7291303571171737,
  "min_R2": 0.28578859928497036,
  "mean_abs_single_ic": 0.00787683719655333,
  "max_abs_single_ic": 0.0134883637001503
 },
 "C": {
  "median_R2_on_82": 0.04274050865313722,
  "max_R2": 0.667187669591432,
  "min_R2": 0.00811700294065032,
  "mean_abs_single_ic": 0.01152884598632414,
  "max_abs_single_ic": 0.018821687011117916
 },
 "D": {
  "median_R2_on_82": 0.632641446584142,
  "max_R2": 0.6811563014184456,
  "min_R2": 0.5731166908092298,
  "mean_abs_single_ic": 0.024838292720969022,
  "max_abs_single_ic": 0.05188781398669035
 },
 "E": {
  "median_R2_on_82": 0.06288983140202709,
  "max_R2": 0.11293583147031339,
  "min_R2": 0.005512382169857277,
  "mean_abs_single_ic": 0.006506386374487043,
  "max_abs_single_ic": 0.014967822279624274
 },
 "F": {
  "median_R2_on_82": 0.7011518328133113,
  "max_R2": 0.9390048303630846,
  "min_R2": 0.09520426545185867,
  "mean_abs_single_ic": 0.014036989446592544,
  "max_abs_single_ic": 0.02826472424146985
 },
 "G": {
  "median_R2_on_82": 0.4737956881459404,
  "max_R2": 0.9548129532647318,
  "min_R2": 0.03155988408689736,
  "mean_abs_single_ic": 0.010141293789547444,
  "max_abs_single_ic": 0.029295886024884477
 },
 "H": {
  "median_R2_on_82": -0.014020398208270612,
  "max_R2": 0.0035703932189378174,
  "min_R2": -0.20884294980370144,
  "mean_abs_single_ic": 0.005617248452953449,
  "max_abs_single_ic": 0.013231604477614572
 },
 "I": {
  "median_R2_on_82": 0.12782535856917404,
  "max_R2": 0.3359088976120861,
  "min_R2": -0.004821179283793775,
  "mean_abs_single_ic": 0.01364400840407084,
  "max_abs_single_ic": 0.03393339480184621
 },
 "J": {
  "median_R2_on_82": 0.24689147912831605,
  "max_R2": 0.6242299653260525,
  "min_R2": 0.12058692287945372,
  "mean_abs_single_ic": 0.010256437340010268,
  "max_abs_single_ic": 0.02130975902816014
 }
}
D:dlo_288          ic -0.0519  R2_82 0.633  max|ρ| +0.623 (ret5_sum_288_r)
D:dlo_2016         ic -0.0467  R2_82 0.667  max|ρ| +0.627 (ret5_sum_2016_r)
D:dlo_8640         ic -0.0379  R2_82 0.615  max|ρ| +0.627 (ret5_sum_8640_r)
D:ppct_288         ic -0.0357  R2_82 0.573  max|ρ| +0.603 (ret5_sum_48_r)
D:ppct_2016        ic -0.0356  R2_82 0.666  max|ρ| +0.696 (ret5_sum_864_r)
I:r24_sq           ic -0.0339  R2_82 0.336  max|ρ| +0.413 (range_mean_288_r)
A:semidn_2016      ic +0.0331  R2_82 0.313  max|ρ| -0.515 (ret5_sum_2016_r)
A:semidn_288       ic +0.0298  R2_82 0.409  max|ρ| -0.619 (ret5_sum_288_r)
G:tbstd_288        ic +0.0293  R2_82 0.826  max|ρ| -0.900 (log_cnt_mean_288_r)
F:corr_pv_288      ic -0.0283  R2_82 0.256  max|ρ| +0.450 (ret5_sum_288_r)
F:corr_aq_288      ic -0.0277  R2_82 0.294  max|ρ| +0.442 (log_cnt_mean_288_r)
I:m7_sq            ic -0.0275  R2_82 0.305  max|ρ| +0.402 (vol_2016_r)
A:skew_288         ic -0.0258  R2_82 0.197  max|ρ| +0.415 (ret5_sum_288_r)
A:skew_2016        ic -0.0256  R2_82 0.131  max|ρ| +0.342 (ret5_sum_2016_r)
J:drank_m7_1d      ic -0.0213  R2_82 0.342  max|ρ| +0.570 (ret5_sum_288_r)
REDUNDANCY_DONE
