[   12.0s] rows 2672665 X82 (2672665, 82) XS (2672665, 518)
[   13.0s] [ridge_grid] base effdim {'n_cols': 82, 'n95': 28, 'n99': 45, 'cond': 481.06287065628584}
[   25.4s] [ridge_grid] base 2023 OOS +0.0569 train +0.0731 gap +0.0162 {'alpha': 10000.0, 'ic_resid': 0.056892308081378136, 'ic_train': 0.07306547468312938, 'gap': 0.016173166601751242, 'sec': 12.4}
[   44.3s] [ridge_grid] base 2024 OOS +0.0619 train +0.0644 gap +0.0025 {'alpha': 10000.0, 'ic_resid': 0.061880564050407046, 'ic_train': 0.06442273056305124, 'gap': 0.0025421665126441964, 'sec': 18.9}
[   87.2s] [ridge_grid] base 2025 OOS +0.0633 train +0.0641 gap +0.0008 {'alpha': 10000.0, 'ic_resid': 0.06331884811542737, 'ic_train': 0.06411712513966192, 'gap': 0.0007982770242345449, 'sec': 42.8}
[  137.5s] [ridge_grid] base 2026 OOS +0.0556 train +0.0639 gap +0.0083 {'alpha': 10000.0, 'ic_resid': 0.05564603494549976, 'ic_train': 0.06391172212537943, 'gap': 0.008265687179879674, 'sec': 50.4}
[  147.8s] [ridge_grid] base DONE 年均 OOS +0.0594 train +0.0664
[  159.9s] [ridge_grid] S150 effdim {'n_cols': 146, 'n95': 38, 'n99': 69, 'cond': 1523.1761346396936}
[  180.2s] [ridge_grid] S150 2023 OOS +0.0607 train +0.0826 gap +0.0219 {'alpha': 1000.0, 'ic_resid': 0.06065888648649569, 'ic_train': 0.08258836521184415, 'gap': 0.021929478725348457, 'sec': 20.3}
[  203.4s] [ridge_grid] S150 2024 OOS +0.0641 train +0.0719 gap +0.0078 {'alpha': 10000.0, 'ic_resid': 0.06414130563684392, 'ic_train': 0.07193719517889191, 'gap': 0.00779588954204799, 'sec': 23.3}
[  253.4s] [ridge_grid] S150 2025 OOS +0.0670 train +0.0697 gap +0.0027 {'alpha': 10000.0, 'ic_resid': 0.06704683728282516, 'ic_train': 0.06971135589124104, 'gap': 0.002664518608415878, 'sec': 49.9}
[  342.9s] [ridge_grid] S150 2026 OOS +0.0581 train +0.0690 gap +0.0110 {'alpha': 10000.0, 'ic_resid': 0.05806654606419984, 'ic_train': 0.06903551474810714, 'gap': 0.010968968683907301, 'sec': 89.5}
[  354.4s] [ridge_grid] S150 DONE 年均 OOS +0.0625 train +0.0733
[  388.0s] [ridge_grid] S300 effdim {'n_cols': 296, 'n95': 86, 'n99': 164, 'cond': 1570.4573223690422}
[  409.4s] [ridge_grid] S300 2023 OOS +0.0666 train +0.0949 gap +0.0282 {'alpha': 1000.0, 'ic_resid': 0.06664454022620726, 'ic_train': 0.094873028486314, 'gap': 0.028228488260106738, 'sec': 21.4}
[  465.5s] [ridge_grid] S300 2024 OOS +0.0658 train +0.0822 gap +0.0165 {'alpha': 10000.0, 'ic_resid': 0.06577086994469669, 'ic_train': 0.08224034345779214, 'gap': 0.016469473513095453, 'sec': 56.1}
[  555.5s] [ridge_grid] S300 2025 OOS +0.0689 train +0.0775 gap +0.0087 {'alpha': 10000.0, 'ic_resid': 0.06885816951761917, 'ic_train': 0.0775277133054338, 'gap': 0.008669543787814635, 'sec': 90.0}
[  706.0s] [ridge_grid] S300 2026 OOS +0.0626 train +0.0755 gap +0.0129 {'alpha': 10000.0, 'ic_resid': 0.06258398537691051, 'ic_train': 0.07550115801466156, 'gap': 0.012917172637751051, 'sec': 150.5}
[  716.9s] [ridge_grid] S300 DONE 年均 OOS +0.0660 train +0.0825
[  752.4s] [ridge_grid] S600 effdim {'n_cols': 600, 'n95': 184, 'n99': 333, 'cond': 2054.113780535207}
[  777.5s] [ridge_grid] S600 2023 OOS +0.0676 train +0.1025 gap +0.0350 {'alpha': 10000.0, 'ic_resid': 0.06755747786577104, 'ic_train': 0.1025200498545353, 'gap': 0.03496257198876426, 'sec': 25.0}
[  839.0s] [ridge_grid] S600 2024 OOS +0.0661 train +0.0897 gap +0.0237 {'alpha': 100.0, 'ic_resid': 0.0660566241819954, 'ic_train': 0.08972763637257801, 'gap': 0.02367101219058261, 'sec': 61.5}
[  967.3s] [ridge_grid] S600 2025 OOS +0.0684 train +0.0826 gap +0.0142 {'alpha': 10000.0, 'ic_resid': 0.06839251271870511, 'ic_train': 0.08261023052086308, 'gap': 0.01421771780215797, 'sec': 128.4}
[ 1174.5s] [ridge_grid] S600 2026 OOS +0.0637 train +0.0796 gap +0.0158 {'alpha': 10000.0, 'ic_resid': 0.06371288140182141, 'ic_train': 0.07955871771206742, 'gap': 0.01584583631024601, 'sec': 207.1}
[ 1185.0s] [ridge_grid] S600 DONE 年均 OOS +0.0664 train +0.0886
[ 1202.1s] [ridge_grid] SX effdim {'n_cols': 258, 'n95': 86, 'n99': 139, 'cond': 977.4228653044493}
[ 1218.2s] [ridge_grid] SX 2023 OOS +0.0541 train +0.0829 gap +0.0287 {'alpha': 0.1, 'ic_resid': 0.05411994418924154, 'ic_train': 0.08286311338302323, 'gap': 0.028743169193781684, 'sec': 16.1}
[ 1255.6s] [ridge_grid] SX 2024 OOS +0.0633 train +0.0701 gap +0.0069 {'alpha': 10000.0, 'ic_resid': 0.06326825258284334, 'ic_train': 0.07012226424574207, 'gap': 0.006854011662898729, 'sec': 37.4}
[ 1312.1s] [ridge_grid] SX 2025 OOS +0.0625 train +0.0686 gap +0.0061 {'alpha': 10000.0, 'ic_resid': 0.062483029357604344, 'ic_train': 0.06855758882492734, 'gap': 0.006074559467322993, 'sec': 56.5}
[ 1404.4s] [ridge_grid] SX 2026 OOS +0.0563 train +0.0673 gap +0.0110 {'alpha': 10000.0, 'ic_resid': 0.05629789774873917, 'ic_train': 0.06734463544817558, 'gap': 0.011046737699436412, 'sec': 92.3}
[ 1414.6s] [ridge_grid] SX DONE 年均 OOS +0.0590 train +0.0722
[ 1414.7s] RUN2_DONE_ridge_grid
