[   12.4s] rows 2672665 X82 (2672665, 82) XS (2672665, 518)
[   13.4s] [lgbm] base effdim {'n_cols': 82, 'n95': 28, 'n99': 45, 'cond': 481.06287065628584}
/root/miniconda3/envs/hsy_v5push/lib/python3.13/site-packages/sklearn/utils/deprecation.py:151: FutureWarning: 'force_all_finite' was renamed to 'ensure_all_finite' in 1.6 and will be removed in 1.8.
  warnings.warn(
/root/miniconda3/envs/hsy_v5push/lib/python3.13/site-packages/sklearn/utils/deprecation.py:151: FutureWarning: 'force_all_finite' was renamed to 'ensure_all_finite' in 1.6 and will be removed in 1.8.
  warnings.warn(
/root/miniconda3/envs/hsy_v5push/lib/python3.13/site-packages/sklearn/utils/deprecation.py:151: FutureWarning: 'force_all_finite' was renamed to 'ensure_all_finite' in 1.6 and will be removed in 1.8.
  warnings.warn(
[   29.8s] [lgbm] base 2023 OOS +0.0489 train +0.4502 gap +0.4013 {'ic_resid': 0.048881070747850974, 'ic_train': 0.45023062616424925, 'gap': 0.4013495554163983, 'sec': 16.4}
/root/miniconda3/envs/hsy_v5push/lib/python3.13/site-packages/sklearn/utils/deprecation.py:151: FutureWarning: 'force_all_finite' was renamed to 'ensure_all_finite' in 1.6 and will be removed in 1.8.
  warnings.warn(
/root/miniconda3/envs/hsy_v5push/lib/python3.13/site-packages/sklearn/utils/deprecation.py:151: FutureWarning: 'force_all_finite' was renamed to 'ensure_all_finite' in 1.6 and will be removed in 1.8.
  warnings.warn(
/root/miniconda3/envs/hsy_v5push/lib/python3.13/site-packages/sklearn/utils/deprecation.py:151: FutureWarning: 'force_all_finite' was renamed to 'ensure_all_finite' in 1.6 and will be removed in 1.8.
  warnings.warn(
[   58.7s] [lgbm] base 2024 OOS +0.0531 train +0.2675 gap +0.2144 {'ic_resid': 0.053101584144747145, 'ic_train': 0.2675225621557604, 'gap': 0.21442097801101329, 'sec': 28.8}
/root/miniconda3/envs/hsy_v5push/lib/python3.13/site-packages/sklearn/utils/deprecation.py:151: FutureWarning: 'force_all_finite' was renamed to 'ensure_all_finite' in 1.6 and will be removed in 1.8.
  warnings.warn(
/root/miniconda3/envs/hsy_v5push/lib/python3.13/site-packages/sklearn/utils/deprecation.py:151: FutureWarning: 'force_all_finite' was renamed to 'ensure_all_finite' in 1.6 and will be removed in 1.8.
  warnings.warn(
/root/miniconda3/envs/hsy_v5push/lib/python3.13/site-packages/sklearn/utils/deprecation.py:151: FutureWarning: 'force_all_finite' was renamed to 'ensure_all_finite' in 1.6 and will be removed in 1.8.
  warnings.warn(
[  115.2s] [lgbm] base 2025 OOS +0.0598 train +0.1887 gap +0.1288 {'ic_resid': 0.05983250893213146, 'ic_train': 0.18866519363269224, 'gap': 0.12883268470056078, 'sec': 56.6}
/root/miniconda3/envs/hsy_v5push/lib/python3.13/site-packages/sklearn/utils/deprecation.py:151: FutureWarning: 'force_all_finite' was renamed to 'ensure_all_finite' in 1.6 and will be removed in 1.8.
  warnings.warn(
/root/miniconda3/envs/hsy_v5push/lib/python3.13/site-packages/sklearn/utils/deprecation.py:151: FutureWarning: 'force_all_finite' was renamed to 'ensure_all_finite' in 1.6 and will be removed in 1.8.
  warnings.warn(
/root/miniconda3/envs/hsy_v5push/lib/python3.13/site-packages/sklearn/utils/deprecation.py:151: FutureWarning: 'force_all_finite' was renamed to 'ensure_all_finite' in 1.6 and will be removed in 1.8.
  warnings.warn(
[  194.4s] [lgbm] base 2026 OOS +0.0576 train +0.1437 gap +0.0862 {'ic_resid': 0.05759392032268315, 'ic_train': 0.14374891686026195, 'gap': 0.0861549965375788, 'sec': 79.2}
[  206.2s] [lgbm] base DONE 年均 OOS +0.0549 train +0.2625
[  213.2s] [lgbm] S150 effdim {'n_cols': 146, 'n95': 38, 'n99': 69, 'cond': 1523.1761346396936}
/root/miniconda3/envs/hsy_v5push/lib/python3.13/site-packages/sklearn/utils/deprecation.py:151: FutureWarning: 'force_all_finite' was renamed to 'ensure_all_finite' in 1.6 and will be removed in 1.8.
  warnings.warn(
/root/miniconda3/envs/hsy_v5push/lib/python3.13/site-packages/sklearn/utils/deprecation.py:151: FutureWarning: 'force_all_finite' was renamed to 'ensure_all_finite' in 1.6 and will be removed in 1.8.
  warnings.warn(
/root/miniconda3/envs/hsy_v5push/lib/python3.13/site-packages/sklearn/utils/deprecation.py:151: FutureWarning: 'force_all_finite' was renamed to 'ensure_all_finite' in 1.6 and will be removed in 1.8.
  warnings.warn(
[  238.6s] [lgbm] S150 2023 OOS +0.0554 train +0.4684 gap +0.4130 {'ic_resid': 0.05538932409129452, 'ic_train': 0.46842767800453994, 'gap': 0.4130383539132454, 'sec': 25.4}
/root/miniconda3/envs/hsy_v5push/lib/python3.13/site-packages/sklearn/utils/deprecation.py:151: FutureWarning: 'force_all_finite' was renamed to 'ensure_all_finite' in 1.6 and will be removed in 1.8.
  warnings.warn(
/root/miniconda3/envs/hsy_v5push/lib/python3.13/site-packages/sklearn/utils/deprecation.py:151: FutureWarning: 'force_all_finite' was renamed to 'ensure_all_finite' in 1.6 and will be removed in 1.8.
  warnings.warn(
/root/miniconda3/envs/hsy_v5push/lib/python3.13/site-packages/sklearn/utils/deprecation.py:151: FutureWarning: 'force_all_finite' was renamed to 'ensure_all_finite' in 1.6 and will be removed in 1.8.
  warnings.warn(
[  277.2s] [lgbm] S150 2024 OOS +0.0588 train +0.2838 gap +0.2251 {'ic_resid': 0.058754747474058636, 'ic_train': 0.2838178784972987, 'gap': 0.2250631310232401, 'sec': 38.5}
/root/miniconda3/envs/hsy_v5push/lib/python3.13/site-packages/sklearn/utils/deprecation.py:151: FutureWarning: 'force_all_finite' was renamed to 'ensure_all_finite' in 1.6 and will be removed in 1.8.
  warnings.warn(
/root/miniconda3/envs/hsy_v5push/lib/python3.13/site-packages/sklearn/utils/deprecation.py:151: FutureWarning: 'force_all_finite' was renamed to 'ensure_all_finite' in 1.6 and will be removed in 1.8.
  warnings.warn(
/root/miniconda3/envs/hsy_v5push/lib/python3.13/site-packages/sklearn/utils/deprecation.py:151: FutureWarning: 'force_all_finite' was renamed to 'ensure_all_finite' in 1.6 and will be removed in 1.8.
  warnings.warn(
[  352.7s] [lgbm] S150 2025 OOS +0.0661 train +0.1972 gap +0.1312 {'ic_resid': 0.06607965002979191, 'ic_train': 0.19724625714155777, 'gap': 0.13116660711176586, 'sec': 75.5}
/root/miniconda3/envs/hsy_v5push/lib/python3.13/site-packages/sklearn/utils/deprecation.py:151: FutureWarning: 'force_all_finite' was renamed to 'ensure_all_finite' in 1.6 and will be removed in 1.8.
  warnings.warn(
/root/miniconda3/envs/hsy_v5push/lib/python3.13/site-packages/sklearn/utils/deprecation.py:151: FutureWarning: 'force_all_finite' was renamed to 'ensure_all_finite' in 1.6 and will be removed in 1.8.
  warnings.warn(
/root/miniconda3/envs/hsy_v5push/lib/python3.13/site-packages/sklearn/utils/deprecation.py:151: FutureWarning: 'force_all_finite' was renamed to 'ensure_all_finite' in 1.6 and will be removed in 1.8.
  warnings.warn(
[  470.6s] [lgbm] S150 2026 OOS +0.0599 train +0.1534 gap +0.0935 {'ic_resid': 0.05986751432050331, 'ic_train': 0.15337723042319604, 'gap': 0.09350971610269274, 'sec': 117.9}
[  481.3s] [lgbm] S150 DONE 年均 OOS +0.0600 train +0.2757
[  503.6s] [lgbm] S300 effdim {'n_cols': 296, 'n95': 86, 'n99': 164, 'cond': 1570.4573223690422}
/root/miniconda3/envs/hsy_v5push/lib/python3.13/site-packages/sklearn/utils/deprecation.py:151: FutureWarning: 'force_all_finite' was renamed to 'ensure_all_finite' in 1.6 and will be removed in 1.8.
  warnings.warn(
/root/miniconda3/envs/hsy_v5push/lib/python3.13/site-packages/sklearn/utils/deprecation.py:151: FutureWarning: 'force_all_finite' was renamed to 'ensure_all_finite' in 1.6 and will be removed in 1.8.
  warnings.warn(
/root/miniconda3/envs/hsy_v5push/lib/python3.13/site-packages/sklearn/utils/deprecation.py:151: FutureWarning: 'force_all_finite' was renamed to 'ensure_all_finite' in 1.6 and will be removed in 1.8.
  warnings.warn(
[  545.3s] [lgbm] S300 2023 OOS +0.0592 train +0.5026 gap +0.4434 {'ic_resid': 0.05923213962709683, 'ic_train': 0.5026138568675331, 'gap': 0.4433817172404363, 'sec': 41.7}
/root/miniconda3/envs/hsy_v5push/lib/python3.13/site-packages/sklearn/utils/deprecation.py:151: FutureWarning: 'force_all_finite' was renamed to 'ensure_all_finite' in 1.6 and will be removed in 1.8.
  warnings.warn(
/root/miniconda3/envs/hsy_v5push/lib/python3.13/site-packages/sklearn/utils/deprecation.py:151: FutureWarning: 'force_all_finite' was renamed to 'ensure_all_finite' in 1.6 and will be removed in 1.8.
  warnings.warn(
/root/miniconda3/envs/hsy_v5push/lib/python3.13/site-packages/sklearn/utils/deprecation.py:151: FutureWarning: 'force_all_finite' was renamed to 'ensure_all_finite' in 1.6 and will be removed in 1.8.
  warnings.warn(
[  625.2s] [lgbm] S300 2024 OOS +0.0643 train +0.3115 gap +0.2471 {'ic_resid': 0.0643446530967041, 'ic_train': 0.3114827144930503, 'gap': 0.2471380613963462, 'sec': 79.9}
/root/miniconda3/envs/hsy_v5push/lib/python3.13/site-packages/sklearn/utils/deprecation.py:151: FutureWarning: 'force_all_finite' was renamed to 'ensure_all_finite' in 1.6 and will be removed in 1.8.
  warnings.warn(
/root/miniconda3/envs/hsy_v5push/lib/python3.13/site-packages/sklearn/utils/deprecation.py:151: FutureWarning: 'force_all_finite' was renamed to 'ensure_all_finite' in 1.6 and will be removed in 1.8.
  warnings.warn(
/root/miniconda3/envs/hsy_v5push/lib/python3.13/site-packages/sklearn/utils/deprecation.py:151: FutureWarning: 'force_all_finite' was renamed to 'ensure_all_finite' in 1.6 and will be removed in 1.8.
  warnings.warn(
[  766.5s] [lgbm] S300 2025 OOS +0.0723 train +0.2169 gap +0.1445 {'ic_resid': 0.0723389453441935, 'ic_train': 0.21685161246208992, 'gap': 0.14451266711789643, 'sec': 141.4}
/root/miniconda3/envs/hsy_v5push/lib/python3.13/site-packages/sklearn/utils/deprecation.py:151: FutureWarning: 'force_all_finite' was renamed to 'ensure_all_finite' in 1.6 and will be removed in 1.8.
  warnings.warn(
/root/miniconda3/envs/hsy_v5push/lib/python3.13/site-packages/sklearn/utils/deprecation.py:151: FutureWarning: 'force_all_finite' was renamed to 'ensure_all_finite' in 1.6 and will be removed in 1.8.
  warnings.warn(
/root/miniconda3/envs/hsy_v5push/lib/python3.13/site-packages/sklearn/utils/deprecation.py:151: FutureWarning: 'force_all_finite' was renamed to 'ensure_all_finite' in 1.6 and will be removed in 1.8.
  warnings.warn(
[ 1000.5s] [lgbm] S300 2026 OOS +0.0648 train +0.1674 gap +0.1026 {'ic_resid': 0.06483099370099848, 'ic_train': 0.16743384875573047, 'gap': 0.10260285505473199, 'sec': 234.0}
[ 1012.1s] [lgbm] S300 DONE 年均 OOS +0.0652 train +0.2996
[ 1060.0s] [lgbm] S600 effdim {'n_cols': 600, 'n95': 184, 'n99': 333, 'cond': 2054.113780535207}
/root/miniconda3/envs/hsy_v5push/lib/python3.13/site-packages/sklearn/utils/deprecation.py:151: FutureWarning: 'force_all_finite' was renamed to 'ensure_all_finite' in 1.6 and will be removed in 1.8.
  warnings.warn(
/root/miniconda3/envs/hsy_v5push/lib/python3.13/site-packages/sklearn/utils/deprecation.py:151: FutureWarning: 'force_all_finite' was renamed to 'ensure_all_finite' in 1.6 and will be removed in 1.8.
  warnings.warn(
/root/miniconda3/envs/hsy_v5push/lib/python3.13/site-packages/sklearn/utils/deprecation.py:151: FutureWarning: 'force_all_finite' was renamed to 'ensure_all_finite' in 1.6 and will be removed in 1.8.
  warnings.warn(
[ 1159.4s] [lgbm] S600 2023 OOS +0.0614 train +0.5341 gap +0.4727 {'ic_resid': 0.061386936665815094, 'ic_train': 0.5340593328888478, 'gap': 0.4726723962230327, 'sec': 99.4}
/root/miniconda3/envs/hsy_v5push/lib/python3.13/site-packages/sklearn/utils/deprecation.py:151: FutureWarning: 'force_all_finite' was renamed to 'ensure_all_finite' in 1.6 and will be removed in 1.8.
  warnings.warn(
/root/miniconda3/envs/hsy_v5push/lib/python3.13/site-packages/sklearn/utils/deprecation.py:151: FutureWarning: 'force_all_finite' was renamed to 'ensure_all_finite' in 1.6 and will be removed in 1.8.
  warnings.warn(
/root/miniconda3/envs/hsy_v5push/lib/python3.13/site-packages/sklearn/utils/deprecation.py:151: FutureWarning: 'force_all_finite' was renamed to 'ensure_all_finite' in 1.6 and will be removed in 1.8.
  warnings.warn(
[ 1316.7s] [lgbm] S600 2024 OOS +0.0661 train +0.3281 gap +0.2620 {'ic_resid': 0.06608655242503067, 'ic_train': 0.32812836558821695, 'gap': 0.2620418131631863, 'sec': 157.3}
/root/miniconda3/envs/hsy_v5push/lib/python3.13/site-packages/sklearn/utils/deprecation.py:151: FutureWarning: 'force_all_finite' was renamed to 'ensure_all_finite' in 1.6 and will be removed in 1.8.
  warnings.warn(
/root/miniconda3/envs/hsy_v5push/lib/python3.13/site-packages/sklearn/utils/deprecation.py:151: FutureWarning: 'force_all_finite' was renamed to 'ensure_all_finite' in 1.6 and will be removed in 1.8.
  warnings.warn(
/root/miniconda3/envs/hsy_v5push/lib/python3.13/site-packages/sklearn/utils/deprecation.py:151: FutureWarning: 'force_all_finite' was renamed to 'ensure_all_finite' in 1.6 and will be removed in 1.8.
  warnings.warn(
[ 1595.4s] [lgbm] S600 2025 OOS +0.0718 train +0.2280 gap +0.1562 {'ic_resid': 0.07177244552617036, 'ic_train': 0.22795623625750322, 'gap': 0.15618379073133287, 'sec': 278.7}
/root/miniconda3/envs/hsy_v5push/lib/python3.13/site-packages/sklearn/utils/deprecation.py:151: FutureWarning: 'force_all_finite' was renamed to 'ensure_all_finite' in 1.6 and will be removed in 1.8.
  warnings.warn(
/root/miniconda3/envs/hsy_v5push/lib/python3.13/site-packages/sklearn/utils/deprecation.py:151: FutureWarning: 'force_all_finite' was renamed to 'ensure_all_finite' in 1.6 and will be removed in 1.8.
  warnings.warn(
/root/miniconda3/envs/hsy_v5push/lib/python3.13/site-packages/sklearn/utils/deprecation.py:151: FutureWarning: 'force_all_finite' was renamed to 'ensure_all_finite' in 1.6 and will be removed in 1.8.
  warnings.warn(
[ 2019.8s] [lgbm] S600 2026 OOS +0.0653 train +0.1750 gap +0.1097 {'ic_resid': 0.06532487665907054, 'ic_train': 0.17501229308155164, 'gap': 0.1096874164224811, 'sec': 424.4}
[ 2029.8s] [lgbm] S600 DONE 年均 OOS +0.0661 train +0.3163
[ 2043.1s] [lgbm] SX effdim {'n_cols': 258, 'n95': 86, 'n99': 139, 'cond': 977.4228653044493}
/root/miniconda3/envs/hsy_v5push/lib/python3.13/site-packages/sklearn/utils/deprecation.py:151: FutureWarning: 'force_all_finite' was renamed to 'ensure_all_finite' in 1.6 and will be removed in 1.8.
  warnings.warn(
/root/miniconda3/envs/hsy_v5push/lib/python3.13/site-packages/sklearn/utils/deprecation.py:151: FutureWarning: 'force_all_finite' was renamed to 'ensure_all_finite' in 1.6 and will be removed in 1.8.
  warnings.warn(
/root/miniconda3/envs/hsy_v5push/lib/python3.13/site-packages/sklearn/utils/deprecation.py:151: FutureWarning: 'force_all_finite' was renamed to 'ensure_all_finite' in 1.6 and will be removed in 1.8.
  warnings.warn(
[ 2078.5s] [lgbm] SX 2023 OOS +0.0498 train +0.4944 gap +0.4446 {'ic_resid': 0.04983885206664015, 'ic_train': 0.49443778605068556, 'gap': 0.44459893398404543, 'sec': 35.4}
/root/miniconda3/envs/hsy_v5push/lib/python3.13/site-packages/sklearn/utils/deprecation.py:151: FutureWarning: 'force_all_finite' was renamed to 'ensure_all_finite' in 1.6 and will be removed in 1.8.
  warnings.warn(
/root/miniconda3/envs/hsy_v5push/lib/python3.13/site-packages/sklearn/utils/deprecation.py:151: FutureWarning: 'force_all_finite' was renamed to 'ensure_all_finite' in 1.6 and will be removed in 1.8.
  warnings.warn(
/root/miniconda3/envs/hsy_v5push/lib/python3.13/site-packages/sklearn/utils/deprecation.py:151: FutureWarning: 'force_all_finite' was renamed to 'ensure_all_finite' in 1.6 and will be removed in 1.8.
  warnings.warn(
[ 2151.3s] [lgbm] SX 2024 OOS +0.0573 train +0.2945 gap +0.2372 {'ic_resid': 0.05733950102254259, 'ic_train': 0.29451669144071885, 'gap': 0.23717719041817625, 'sec': 72.8}
/root/miniconda3/envs/hsy_v5push/lib/python3.13/site-packages/sklearn/utils/deprecation.py:151: FutureWarning: 'force_all_finite' was renamed to 'ensure_all_finite' in 1.6 and will be removed in 1.8.
  warnings.warn(
/root/miniconda3/envs/hsy_v5push/lib/python3.13/site-packages/sklearn/utils/deprecation.py:151: FutureWarning: 'force_all_finite' was renamed to 'ensure_all_finite' in 1.6 and will be removed in 1.8.
  warnings.warn(
/root/miniconda3/envs/hsy_v5push/lib/python3.13/site-packages/sklearn/utils/deprecation.py:151: FutureWarning: 'force_all_finite' was renamed to 'ensure_all_finite' in 1.6 and will be removed in 1.8.
  warnings.warn(
[ 2273.8s] [lgbm] SX 2025 OOS +0.0620 train +0.2043 gap +0.1422 {'ic_resid': 0.06202589529427982, 'ic_train': 0.2042568365810947, 'gap': 0.14223094128681488, 'sec': 122.4}
/root/miniconda3/envs/hsy_v5push/lib/python3.13/site-packages/sklearn/utils/deprecation.py:151: FutureWarning: 'force_all_finite' was renamed to 'ensure_all_finite' in 1.6 and will be removed in 1.8.
  warnings.warn(
/root/miniconda3/envs/hsy_v5push/lib/python3.13/site-packages/sklearn/utils/deprecation.py:151: FutureWarning: 'force_all_finite' was renamed to 'ensure_all_finite' in 1.6 and will be removed in 1.8.
  warnings.warn(
/root/miniconda3/envs/hsy_v5push/lib/python3.13/site-packages/sklearn/utils/deprecation.py:151: FutureWarning: 'force_all_finite' was renamed to 'ensure_all_finite' in 1.6 and will be removed in 1.8.
  warnings.warn(
[ 2468.0s] [lgbm] SX 2026 OOS +0.0581 train +0.1549 gap +0.0968 {'ic_resid': 0.05814932267499356, 'ic_train': 0.15490450601189892, 'gap': 0.09675518333690536, 'sec': 194.2}
[ 2479.1s] [lgbm] SX DONE 年均 OOS +0.0568 train +0.2870
[ 2479.1s] RUN2_DONE_lgbm
