[    3.2s] rows 2672665 X82 (2672665, 82) X89 (2672665, 89)
[    8.6s] [ridge] base 2023 resid +0.0551 raw +0.0697 (5s)
[   17.0s] [ridge] base 2024 resid +0.0611 raw +0.0743 (8s)
[   31.5s] [ridge] base 2025 resid +0.0630 raw +0.0791 (15s)
[   52.5s] [ridge] base 2026 resid +0.0554 raw +0.0702 (21s)
[   52.5s] [ridge] base DONE 年均 resid +0.0587 (49s)
[   60.0s] [ridge] +A 2023 resid +0.0553 raw +0.0697 (6s)
[   71.8s] [ridge] +A 2024 resid +0.0608 raw +0.0738 (12s)
[   92.2s] [ridge] +A 2025 resid +0.0627 raw +0.0786 (20s)
[  125.1s] [ridge] +A 2026 resid +0.0552 raw +0.0699 (33s)
[  125.2s] [ridge] +A DONE 年均 resid +0.0585 (73s)
[  134.9s] [ridge] +B 2023 resid +0.0554 raw +0.0702 (8s)
[  146.7s] [ridge] +B 2024 resid +0.0607 raw +0.0736 (12s)
[  167.1s] [ridge] +B 2025 resid +0.0630 raw +0.0788 (20s)
[  195.3s] [ridge] +B 2026 resid +0.0554 raw +0.0701 (28s)
[  195.4s] [ridge] +B DONE 年均 resid +0.0586 (70s)
[  204.7s] [ridge] +C 2023 resid +0.0548 raw +0.0694 (7s)
[  216.6s] [ridge] +C 2024 resid +0.0610 raw +0.0741 (12s)
[  239.8s] [ridge] +C 2025 resid +0.0630 raw +0.0792 (23s)
[  274.4s] [ridge] +C 2026 resid +0.0555 raw +0.0705 (35s)
[  274.4s] [ridge] +C DONE 年均 resid +0.0586 (79s)
[  283.0s] [ridge] +D 2023 resid +0.0626 raw +0.0753 (8s)
[  296.2s] [ridge] +D 2024 resid +0.0637 raw +0.0750 (13s)
[  318.2s] [ridge] +D 2025 resid +0.0672 raw +0.0822 (22s)
[  351.0s] [ridge] +D 2026 resid +0.0583 raw +0.0728 (33s)
[  351.0s] [ridge] +D DONE 年均 resid +0.0629 (77s)
[  360.7s] [ridge] +E 2023 resid +0.0684 raw +0.0870 (8s)
[  373.2s] [ridge] +E 2024 resid +0.0636 raw +0.0774 (12s)
[  394.3s] [ridge] +E 2025 resid +0.0607 raw +0.0774 (21s)
[  427.9s] [ridge] +E 2026 resid +0.0580 raw +0.0718 (34s)
[  427.9s] [ridge] +E DONE 年均 resid +0.0627 (77s)
[  436.6s] [ridge] +F 2023 resid +0.0558 raw +0.0701 (8s)
[  449.9s] [ridge] +F 2024 resid +0.0611 raw +0.0747 (13s)
[  468.1s] [ridge] +F 2025 resid +0.0633 raw +0.0791 (18s)
[  492.7s] [ridge] +F 2026 resid +0.0542 raw +0.0691 (25s)
[  492.7s] [ridge] +F DONE 年均 resid +0.0586 (65s)
[  500.7s] [ridge] +G 2023 resid +0.0557 raw +0.0704 (6s)
[  511.5s] [ridge] +G 2024 resid +0.0602 raw +0.0735 (11s)
[  530.9s] [ridge] +G 2025 resid +0.0629 raw +0.0791 (19s)
[  562.4s] [ridge] +G 2026 resid +0.0556 raw +0.0702 (31s)
[  562.5s] [ridge] +G DONE 年均 resid +0.0586 (70s)
[  571.8s] [ridge] +H 2023 resid +0.0548 raw +0.0697 (7s)
[  584.9s] [ridge] +H 2024 resid +0.0610 raw +0.0747 (13s)
[  606.6s] [ridge] +H 2025 resid +0.0628 raw +0.0794 (22s)
[  639.1s] [ridge] +H 2026 resid +0.0555 raw +0.0704 (32s)
[  639.1s] [ridge] +H DONE 年均 resid +0.0585 (77s)
[  648.4s] [ridge] +I 2023 resid +0.0557 raw +0.0702 (8s)
[  661.1s] [ridge] +I 2024 resid +0.0616 raw +0.0756 (13s)
[  683.3s] [ridge] +I 2025 resid +0.0640 raw +0.0798 (22s)
[  716.7s] [ridge] +I 2026 resid +0.0564 raw +0.0714 (33s)
[  716.7s] [ridge] +I DONE 年均 resid +0.0594 (78s)
[  726.0s] [ridge] +J 2023 resid +0.0593 raw +0.0748 (7s)
[  740.0s] [ridge] +J 2024 resid +0.0630 raw +0.0763 (14s)
[  762.0s] [ridge] +J 2025 resid +0.0657 raw +0.0817 (22s)
[  794.8s] [ridge] +J 2026 resid +0.0571 raw +0.0720 (33s)
[  794.8s] [ridge] +J DONE 年均 resid +0.0613 (78s)
[  802.9s] [ridge] +Hs 2023 resid +0.0552 raw +0.0697 (7s)
[  814.5s] [ridge] +Hs 2024 resid +0.0611 raw +0.0742 (12s)
[  834.9s] [ridge] +Hs 2025 resid +0.0630 raw +0.0791 (20s)
[  863.7s] [ridge] +Hs 2026 resid +0.0555 raw +0.0702 (29s)
[  863.7s] [ridge] +Hs DONE 年均 resid +0.0587 (69s)
[  881.3s] [ridge] +ALL 2023 resid +0.0744 raw +0.0916 (9s)
[  898.0s] [ridge] +ALL 2024 resid +0.0666 raw +0.0804 (17s)
[  929.1s] [ridge] +ALL 2025 resid +0.0663 raw +0.0821 (31s)
[  975.7s] [ridge] +ALL 2026 resid +0.0619 raw +0.0761 (47s)
[  975.7s] [ridge] +ALL DONE 年均 resid +0.0673 (112s)
[  993.6s] [ridge] PL_ALL_s0 2023 resid +0.0546 raw +0.0688 (9s)
[ 1011.5s] [ridge] PL_ALL_s0 2024 resid +0.0601 raw +0.0731 (18s)
[ 1040.3s] [ridge] PL_ALL_s0 2025 resid +0.0626 raw +0.0786 (29s)
[ 1082.4s] [ridge] PL_ALL_s0 2026 resid +0.0553 raw +0.0701 (42s)
[ 1082.4s] [ridge] PL_ALL_s0 DONE 年均 resid +0.0581 (107s)
[ 1102.1s] [ridge] PL_ALL_s1 2023 resid +0.0530 raw +0.0671 (10s)
[ 1120.8s] [ridge] PL_ALL_s1 2024 resid +0.0604 raw +0.0733 (19s)
[ 1151.2s] [ridge] PL_ALL_s1 2025 resid +0.0623 raw +0.0783 (30s)
[ 1193.9s] [ridge] PL_ALL_s1 2026 resid +0.0555 raw +0.0701 (43s)
[ 1193.9s] [ridge] PL_ALL_s1 DONE 年均 resid +0.0578 (112s)
[ 1210.2s] [ridge] PL_ALL_s2 2023 resid +0.0539 raw +0.0680 (9s)
[ 1227.1s] [ridge] PL_ALL_s2 2024 resid +0.0601 raw +0.0728 (17s)
[ 1256.8s] [ridge] PL_ALL_s2 2025 resid +0.0625 raw +0.0783 (30s)
[ 1302.1s] [ridge] PL_ALL_s2 2026 resid +0.0550 raw +0.0697 (45s)
[ 1302.1s] [ridge] PL_ALL_s2 DONE 年均 resid +0.0579 (108s)
[ 1320.5s] [ridge] PL_ALL_s3 2023 resid +0.0541 raw +0.0680 (10s)
[ 1339.1s] [ridge] PL_ALL_s3 2024 resid +0.0606 raw +0.0736 (19s)
[ 1365.1s] [ridge] PL_ALL_s3 2025 resid +0.0626 raw +0.0785 (26s)
[ 1408.6s] [ridge] PL_ALL_s3 2026 resid +0.0552 raw +0.0699 (43s)
[ 1408.6s] [ridge] PL_ALL_s3 DONE 年均 resid +0.0581 (106s)
[ 1425.6s] [ridge] PL_ALL_s4 2023 resid +0.0532 raw +0.0675 (8s)
[ 1443.7s] [ridge] PL_ALL_s4 2024 resid +0.0599 raw +0.0728 (18s)
[ 1471.5s] [ridge] PL_ALL_s4 2025 resid +0.0626 raw +0.0785 (28s)
[ 1523.8s] [ridge] PL_ALL_s4 2026 resid +0.0553 raw +0.0700 (52s)
[ 1523.8s] [ridge] PL_ALL_s4 DONE 年均 resid +0.0577 (115s)
[ 1533.1s] [ridge] PL_I_s0 2023 resid +0.0551 raw +0.0696 (7s)
[ 1545.3s] [ridge] PL_I_s0 2024 resid +0.0610 raw +0.0741 (12s)
[ 1567.7s] [ridge] PL_I_s0 2025 resid +0.0629 raw +0.0790 (22s)
[ 1600.8s] [ridge] PL_I_s0 2026 resid +0.0554 raw +0.0702 (33s)
[ 1600.8s] [ridge] PL_I_s0 DONE 年均 resid +0.0586 (77s)
[ 1610.8s] [ridge] PL_I_s1 2023 resid +0.0548 raw +0.0693 (7s)
[ 1624.3s] [ridge] PL_I_s1 2024 resid +0.0610 raw +0.0741 (14s)
[ 1648.1s] [ridge] PL_I_s1 2025 resid +0.0628 raw +0.0790 (24s)
[ 1680.9s] [ridge] PL_I_s1 2026 resid +0.0555 raw +0.0703 (33s)
[ 1681.0s] [ridge] PL_I_s1 DONE 年均 resid +0.0585 (80s)
[ 1690.6s] [ridge] PL_I_s2 2023 resid +0.0552 raw +0.0697 (8s)
[ 1706.8s] [ridge] PL_I_s2 2024 resid +0.0610 raw +0.0741 (16s)
[ 1732.0s] [ridge] PL_I_s2 2025 resid +0.0629 raw +0.0790 (25s)
[ 1765.8s] [ridge] PL_I_s2 2026 resid +0.0553 raw +0.0701 (34s)
[ 1765.8s] [ridge] PL_I_s2 DONE 年均 resid +0.0586 (85s)
[ 1776.7s] [ridge] PL_I_s3 2023 resid +0.0551 raw +0.0696 (9s)
[ 1788.8s] [ridge] PL_I_s3 2024 resid +0.0610 raw +0.0742 (12s)
[ 1814.6s] [ridge] PL_I_s3 2025 resid +0.0629 raw +0.0791 (26s)
[ 1854.7s] [ridge] PL_I_s3 2026 resid +0.0553 raw +0.0701 (40s)
[ 1854.7s] [ridge] PL_I_s3 DONE 年均 resid +0.0586 (89s)
[ 1864.6s] [ridge] PL_I_s4 2023 resid +0.0549 raw +0.0694 (7s)
[ 1878.6s] [ridge] PL_I_s4 2024 resid +0.0610 raw +0.0742 (14s)
[ 1900.3s] [ridge] PL_I_s4 2025 resid +0.0629 raw +0.0790 (22s)
[ 1933.8s] [ridge] PL_I_s4 2026 resid +0.0555 raw +0.0703 (34s)
[ 1933.8s] [ridge] PL_I_s4 DONE 年均 resid +0.0586 (79s)
[ 1933.8s] RUN_DONE_ridge
