[    3.3s] rows 2672665 X82 (2672665, 82) X89 (2672665, 89)
/root/miniconda3/envs/hsy_v5push/lib/python3.13/site-packages/sklearn/utils/deprecation.py:151: FutureWarning: 'force_all_finite' was renamed to 'ensure_all_finite' in 1.6 and will be removed in 1.8.
  warnings.warn(
/root/miniconda3/envs/hsy_v5push/lib/python3.13/site-packages/sklearn/utils/deprecation.py:151: FutureWarning: 'force_all_finite' was renamed to 'ensure_all_finite' in 1.6 and will be removed in 1.8.
  warnings.warn(
[   16.4s] [lgbm] base 2023 resid +0.0489 raw +0.0605 (13s)
/root/miniconda3/envs/hsy_v5push/lib/python3.13/site-packages/sklearn/utils/deprecation.py:151: FutureWarning: 'force_all_finite' was renamed to 'ensure_all_finite' in 1.6 and will be removed in 1.8.
  warnings.warn(
/root/miniconda3/envs/hsy_v5push/lib/python3.13/site-packages/sklearn/utils/deprecation.py:151: FutureWarning: 'force_all_finite' was renamed to 'ensure_all_finite' in 1.6 and will be removed in 1.8.
  warnings.warn(
[   34.3s] [lgbm] base 2024 resid +0.0531 raw +0.0658 (18s)
/root/miniconda3/envs/hsy_v5push/lib/python3.13/site-packages/sklearn/utils/deprecation.py:151: FutureWarning: 'force_all_finite' was renamed to 'ensure_all_finite' in 1.6 and will be removed in 1.8.
  warnings.warn(
/root/miniconda3/envs/hsy_v5push/lib/python3.13/site-packages/sklearn/utils/deprecation.py:151: FutureWarning: 'force_all_finite' was renamed to 'ensure_all_finite' in 1.6 and will be removed in 1.8.
  warnings.warn(
[   65.6s] [lgbm] base 2025 resid +0.0598 raw +0.0748 (31s)
/root/miniconda3/envs/hsy_v5push/lib/python3.13/site-packages/sklearn/utils/deprecation.py:151: FutureWarning: 'force_all_finite' was renamed to 'ensure_all_finite' in 1.6 and will be removed in 1.8.
  warnings.warn(
/root/miniconda3/envs/hsy_v5push/lib/python3.13/site-packages/sklearn/utils/deprecation.py:151: FutureWarning: 'force_all_finite' was renamed to 'ensure_all_finite' in 1.6 and will be removed in 1.8.
  warnings.warn(
[  117.0s] [lgbm] base 2026 resid +0.0576 raw +0.0719 (51s)
[  117.1s] [lgbm] base DONE 年均 resid +0.0549 (114s)
/root/miniconda3/envs/hsy_v5push/lib/python3.13/site-packages/sklearn/utils/deprecation.py:151: FutureWarning: 'force_all_finite' was renamed to 'ensure_all_finite' in 1.6 and will be removed in 1.8.
  warnings.warn(
/root/miniconda3/envs/hsy_v5push/lib/python3.13/site-packages/sklearn/utils/deprecation.py:151: FutureWarning: 'force_all_finite' was renamed to 'ensure_all_finite' in 1.6 and will be removed in 1.8.
  warnings.warn(
[  131.7s] [lgbm] +A 2023 resid +0.0491 raw +0.0601 (12s)
/root/miniconda3/envs/hsy_v5push/lib/python3.13/site-packages/sklearn/utils/deprecation.py:151: FutureWarning: 'force_all_finite' was renamed to 'ensure_all_finite' in 1.6 and will be removed in 1.8.
  warnings.warn(
/root/miniconda3/envs/hsy_v5push/lib/python3.13/site-packages/sklearn/utils/deprecation.py:151: FutureWarning: 'force_all_finite' was renamed to 'ensure_all_finite' in 1.6 and will be removed in 1.8.
  warnings.warn(
[  151.9s] [lgbm] +A 2024 resid +0.0558 raw +0.0683 (20s)
/root/miniconda3/envs/hsy_v5push/lib/python3.13/site-packages/sklearn/utils/deprecation.py:151: FutureWarning: 'force_all_finite' was renamed to 'ensure_all_finite' in 1.6 and will be removed in 1.8.
  warnings.warn(
/root/miniconda3/envs/hsy_v5push/lib/python3.13/site-packages/sklearn/utils/deprecation.py:151: FutureWarning: 'force_all_finite' was renamed to 'ensure_all_finite' in 1.6 and will be removed in 1.8.
  warnings.warn(
[  184.9s] [lgbm] +A 2025 resid +0.0605 raw +0.0753 (33s)
/root/miniconda3/envs/hsy_v5push/lib/python3.13/site-packages/sklearn/utils/deprecation.py:151: FutureWarning: 'force_all_finite' was renamed to 'ensure_all_finite' in 1.6 and will be removed in 1.8.
  warnings.warn(
/root/miniconda3/envs/hsy_v5push/lib/python3.13/site-packages/sklearn/utils/deprecation.py:151: FutureWarning: 'force_all_finite' was renamed to 'ensure_all_finite' in 1.6 and will be removed in 1.8.
  warnings.warn(
[  239.4s] [lgbm] +A 2026 resid +0.0565 raw +0.0715 (55s)
[  239.5s] [lgbm] +A DONE 年均 resid +0.0555 (122s)
/root/miniconda3/envs/hsy_v5push/lib/python3.13/site-packages/sklearn/utils/deprecation.py:151: FutureWarning: 'force_all_finite' was renamed to 'ensure_all_finite' in 1.6 and will be removed in 1.8.
  warnings.warn(
/root/miniconda3/envs/hsy_v5push/lib/python3.13/site-packages/sklearn/utils/deprecation.py:151: FutureWarning: 'force_all_finite' was renamed to 'ensure_all_finite' in 1.6 and will be removed in 1.8.
  warnings.warn(
[  254.5s] [lgbm] +B 2023 resid +0.0480 raw +0.0602 (13s)
/root/miniconda3/envs/hsy_v5push/lib/python3.13/site-packages/sklearn/utils/deprecation.py:151: FutureWarning: 'force_all_finite' was renamed to 'ensure_all_finite' in 1.6 and will be removed in 1.8.
  warnings.warn(
/root/miniconda3/envs/hsy_v5push/lib/python3.13/site-packages/sklearn/utils/deprecation.py:151: FutureWarning: 'force_all_finite' was renamed to 'ensure_all_finite' in 1.6 and will be removed in 1.8.
  warnings.warn(
[  276.8s] [lgbm] +B 2024 resid +0.0566 raw +0.0690 (22s)
/root/miniconda3/envs/hsy_v5push/lib/python3.13/site-packages/sklearn/utils/deprecation.py:151: FutureWarning: 'force_all_finite' was renamed to 'ensure_all_finite' in 1.6 and will be removed in 1.8.
  warnings.warn(
/root/miniconda3/envs/hsy_v5push/lib/python3.13/site-packages/sklearn/utils/deprecation.py:151: FutureWarning: 'force_all_finite' was renamed to 'ensure_all_finite' in 1.6 and will be removed in 1.8.
  warnings.warn(
[  310.0s] [lgbm] +B 2025 resid +0.0625 raw +0.0775 (33s)
/root/miniconda3/envs/hsy_v5push/lib/python3.13/site-packages/sklearn/utils/deprecation.py:151: FutureWarning: 'force_all_finite' was renamed to 'ensure_all_finite' in 1.6 and will be removed in 1.8.
  warnings.warn(
/root/miniconda3/envs/hsy_v5push/lib/python3.13/site-packages/sklearn/utils/deprecation.py:151: FutureWarning: 'force_all_finite' was renamed to 'ensure_all_finite' in 1.6 and will be removed in 1.8.
  warnings.warn(
[  360.4s] [lgbm] +B 2026 resid +0.0572 raw +0.0718 (50s)
[  360.4s] [lgbm] +B DONE 年均 resid +0.0561 (121s)
/root/miniconda3/envs/hsy_v5push/lib/python3.13/site-packages/sklearn/utils/deprecation.py:151: FutureWarning: 'force_all_finite' was renamed to 'ensure_all_finite' in 1.6 and will be removed in 1.8.
  warnings.warn(
/root/miniconda3/envs/hsy_v5push/lib/python3.13/site-packages/sklearn/utils/deprecation.py:151: FutureWarning: 'force_all_finite' was renamed to 'ensure_all_finite' in 1.6 and will be removed in 1.8.
  warnings.warn(
[  373.0s] [lgbm] +C 2023 resid +0.0490 raw +0.0603 (11s)
/root/miniconda3/envs/hsy_v5push/lib/python3.13/site-packages/sklearn/utils/deprecation.py:151: FutureWarning: 'force_all_finite' was renamed to 'ensure_all_finite' in 1.6 and will be removed in 1.8.
  warnings.warn(
/root/miniconda3/envs/hsy_v5push/lib/python3.13/site-packages/sklearn/utils/deprecation.py:151: FutureWarning: 'force_all_finite' was renamed to 'ensure_all_finite' in 1.6 and will be removed in 1.8.
  warnings.warn(
[  392.4s] [lgbm] +C 2024 resid +0.0552 raw +0.0677 (19s)
/root/miniconda3/envs/hsy_v5push/lib/python3.13/site-packages/sklearn/utils/deprecation.py:151: FutureWarning: 'force_all_finite' was renamed to 'ensure_all_finite' in 1.6 and will be removed in 1.8.
  warnings.warn(
/root/miniconda3/envs/hsy_v5push/lib/python3.13/site-packages/sklearn/utils/deprecation.py:151: FutureWarning: 'force_all_finite' was renamed to 'ensure_all_finite' in 1.6 and will be removed in 1.8.
  warnings.warn(
[  420.8s] [lgbm] +C 2025 resid +0.0621 raw +0.0767 (28s)
/root/miniconda3/envs/hsy_v5push/lib/python3.13/site-packages/sklearn/utils/deprecation.py:151: FutureWarning: 'force_all_finite' was renamed to 'ensure_all_finite' in 1.6 and will be removed in 1.8.
  warnings.warn(
/root/miniconda3/envs/hsy_v5push/lib/python3.13/site-packages/sklearn/utils/deprecation.py:151: FutureWarning: 'force_all_finite' was renamed to 'ensure_all_finite' in 1.6 and will be removed in 1.8.
  warnings.warn(
[  469.7s] [lgbm] +C 2026 resid +0.0575 raw +0.0724 (49s)
[  469.7s] [lgbm] +C DONE 年均 resid +0.0560 (109s)
/root/miniconda3/envs/hsy_v5push/lib/python3.13/site-packages/sklearn/utils/deprecation.py:151: FutureWarning: 'force_all_finite' was renamed to 'ensure_all_finite' in 1.6 and will be removed in 1.8.
  warnings.warn(
/root/miniconda3/envs/hsy_v5push/lib/python3.13/site-packages/sklearn/utils/deprecation.py:151: FutureWarning: 'force_all_finite' was renamed to 'ensure_all_finite' in 1.6 and will be removed in 1.8.
  warnings.warn(
[  483.1s] [lgbm] +D 2023 resid +0.0618 raw +0.0728 (12s)
/root/miniconda3/envs/hsy_v5push/lib/python3.13/site-packages/sklearn/utils/deprecation.py:151: FutureWarning: 'force_all_finite' was renamed to 'ensure_all_finite' in 1.6 and will be removed in 1.8.
  warnings.warn(
/root/miniconda3/envs/hsy_v5push/lib/python3.13/site-packages/sklearn/utils/deprecation.py:151: FutureWarning: 'force_all_finite' was renamed to 'ensure_all_finite' in 1.6 and will be removed in 1.8.
  warnings.warn(
[  504.4s] [lgbm] +D 2024 resid +0.0602 raw +0.0704 (21s)
/root/miniconda3/envs/hsy_v5push/lib/python3.13/site-packages/sklearn/utils/deprecation.py:151: FutureWarning: 'force_all_finite' was renamed to 'ensure_all_finite' in 1.6 and will be removed in 1.8.
  warnings.warn(
/root/miniconda3/envs/hsy_v5push/lib/python3.13/site-packages/sklearn/utils/deprecation.py:151: FutureWarning: 'force_all_finite' was renamed to 'ensure_all_finite' in 1.6 and will be removed in 1.8.
  warnings.warn(
[  539.0s] [lgbm] +D 2025 resid +0.0661 raw +0.0791 (35s)
/root/miniconda3/envs/hsy_v5push/lib/python3.13/site-packages/sklearn/utils/deprecation.py:151: FutureWarning: 'force_all_finite' was renamed to 'ensure_all_finite' in 1.6 and will be removed in 1.8.
  warnings.warn(
/root/miniconda3/envs/hsy_v5push/lib/python3.13/site-packages/sklearn/utils/deprecation.py:151: FutureWarning: 'force_all_finite' was renamed to 'ensure_all_finite' in 1.6 and will be removed in 1.8.
  warnings.warn(
[  596.9s] [lgbm] +D 2026 resid +0.0609 raw +0.0750 (58s)
[  596.9s] [lgbm] +D DONE 年均 resid +0.0622 (127s)
/root/miniconda3/envs/hsy_v5push/lib/python3.13/site-packages/sklearn/utils/deprecation.py:151: FutureWarning: 'force_all_finite' was renamed to 'ensure_all_finite' in 1.6 and will be removed in 1.8.
  warnings.warn(
/root/miniconda3/envs/hsy_v5push/lib/python3.13/site-packages/sklearn/utils/deprecation.py:151: FutureWarning: 'force_all_finite' was renamed to 'ensure_all_finite' in 1.6 and will be removed in 1.8.
  warnings.warn(
[  609.9s] [lgbm] +E 2023 resid +0.0632 raw +0.0800 (12s)
/root/miniconda3/envs/hsy_v5push/lib/python3.13/site-packages/sklearn/utils/deprecation.py:151: FutureWarning: 'force_all_finite' was renamed to 'ensure_all_finite' in 1.6 and will be removed in 1.8.
  warnings.warn(
/root/miniconda3/envs/hsy_v5push/lib/python3.13/site-packages/sklearn/utils/deprecation.py:151: FutureWarning: 'force_all_finite' was renamed to 'ensure_all_finite' in 1.6 and will be removed in 1.8.
  warnings.warn(
[  629.5s] [lgbm] +E 2024 resid +0.0624 raw +0.0751 (20s)
/root/miniconda3/envs/hsy_v5push/lib/python3.13/site-packages/sklearn/utils/deprecation.py:151: FutureWarning: 'force_all_finite' was renamed to 'ensure_all_finite' in 1.6 and will be removed in 1.8.
  warnings.warn(
/root/miniconda3/envs/hsy_v5push/lib/python3.13/site-packages/sklearn/utils/deprecation.py:151: FutureWarning: 'force_all_finite' was renamed to 'ensure_all_finite' in 1.6 and will be removed in 1.8.
  warnings.warn(
[  663.8s] [lgbm] +E 2025 resid +0.0619 raw +0.0771 (34s)
/root/miniconda3/envs/hsy_v5push/lib/python3.13/site-packages/sklearn/utils/deprecation.py:151: FutureWarning: 'force_all_finite' was renamed to 'ensure_all_finite' in 1.6 and will be removed in 1.8.
  warnings.warn(
/root/miniconda3/envs/hsy_v5push/lib/python3.13/site-packages/sklearn/utils/deprecation.py:151: FutureWarning: 'force_all_finite' was renamed to 'ensure_all_finite' in 1.6 and will be removed in 1.8.
  warnings.warn(
[  719.8s] [lgbm] +E 2026 resid +0.0610 raw +0.0753 (56s)
[  719.8s] [lgbm] +E DONE 年均 resid +0.0621 (123s)
/root/miniconda3/envs/hsy_v5push/lib/python3.13/site-packages/sklearn/utils/deprecation.py:151: FutureWarning: 'force_all_finite' was renamed to 'ensure_all_finite' in 1.6 and will be removed in 1.8.
  warnings.warn(
/root/miniconda3/envs/hsy_v5push/lib/python3.13/site-packages/sklearn/utils/deprecation.py:151: FutureWarning: 'force_all_finite' was renamed to 'ensure_all_finite' in 1.6 and will be removed in 1.8.
  warnings.warn(
[  733.8s] [lgbm] +F 2023 resid +0.0488 raw +0.0602 (12s)
/root/miniconda3/envs/hsy_v5push/lib/python3.13/site-packages/sklearn/utils/deprecation.py:151: FutureWarning: 'force_all_finite' was renamed to 'ensure_all_finite' in 1.6 and will be removed in 1.8.
  warnings.warn(
/root/miniconda3/envs/hsy_v5push/lib/python3.13/site-packages/sklearn/utils/deprecation.py:151: FutureWarning: 'force_all_finite' was renamed to 'ensure_all_finite' in 1.6 and will be removed in 1.8.
  warnings.warn(
[  753.2s] [lgbm] +F 2024 resid +0.0558 raw +0.0684 (19s)
/root/miniconda3/envs/hsy_v5push/lib/python3.13/site-packages/sklearn/utils/deprecation.py:151: FutureWarning: 'force_all_finite' was renamed to 'ensure_all_finite' in 1.6 and will be removed in 1.8.
  warnings.warn(
/root/miniconda3/envs/hsy_v5push/lib/python3.13/site-packages/sklearn/utils/deprecation.py:151: FutureWarning: 'force_all_finite' was renamed to 'ensure_all_finite' in 1.6 and will be removed in 1.8.
  warnings.warn(
[  790.9s] [lgbm] +F 2025 resid +0.0620 raw +0.0767 (38s)
/root/miniconda3/envs/hsy_v5push/lib/python3.13/site-packages/sklearn/utils/deprecation.py:151: FutureWarning: 'force_all_finite' was renamed to 'ensure_all_finite' in 1.6 and will be removed in 1.8.
  warnings.warn(
/root/miniconda3/envs/hsy_v5push/lib/python3.13/site-packages/sklearn/utils/deprecation.py:151: FutureWarning: 'force_all_finite' was renamed to 'ensure_all_finite' in 1.6 and will be removed in 1.8.
  warnings.warn(
[  852.0s] [lgbm] +F 2026 resid +0.0584 raw +0.0729 (61s)
[  852.0s] [lgbm] +F DONE 年均 resid +0.0562 (132s)
/root/miniconda3/envs/hsy_v5push/lib/python3.13/site-packages/sklearn/utils/deprecation.py:151: FutureWarning: 'force_all_finite' was renamed to 'ensure_all_finite' in 1.6 and will be removed in 1.8.
  warnings.warn(
/root/miniconda3/envs/hsy_v5push/lib/python3.13/site-packages/sklearn/utils/deprecation.py:151: FutureWarning: 'force_all_finite' was renamed to 'ensure_all_finite' in 1.6 and will be removed in 1.8.
  warnings.warn(
[  866.0s] [lgbm] +G 2023 resid +0.0493 raw +0.0609 (13s)
/root/miniconda3/envs/hsy_v5push/lib/python3.13/site-packages/sklearn/utils/deprecation.py:151: FutureWarning: 'force_all_finite' was renamed to 'ensure_all_finite' in 1.6 and will be removed in 1.8.
  warnings.warn(
/root/miniconda3/envs/hsy_v5push/lib/python3.13/site-packages/sklearn/utils/deprecation.py:151: FutureWarning: 'force_all_finite' was renamed to 'ensure_all_finite' in 1.6 and will be removed in 1.8.
  warnings.warn(
[  894.1s] [lgbm] +G 2024 resid +0.0554 raw +0.0682 (28s)
/root/miniconda3/envs/hsy_v5push/lib/python3.13/site-packages/sklearn/utils/deprecation.py:151: FutureWarning: 'force_all_finite' was renamed to 'ensure_all_finite' in 1.6 and will be removed in 1.8.
  warnings.warn(
/root/miniconda3/envs/hsy_v5push/lib/python3.13/site-packages/sklearn/utils/deprecation.py:151: FutureWarning: 'force_all_finite' was renamed to 'ensure_all_finite' in 1.6 and will be removed in 1.8.
  warnings.warn(
[  933.7s] [lgbm] +G 2025 resid +0.0623 raw +0.0771 (40s)
/root/miniconda3/envs/hsy_v5push/lib/python3.13/site-packages/sklearn/utils/deprecation.py:151: FutureWarning: 'force_all_finite' was renamed to 'ensure_all_finite' in 1.6 and will be removed in 1.8.
  warnings.warn(
/root/miniconda3/envs/hsy_v5push/lib/python3.13/site-packages/sklearn/utils/deprecation.py:151: FutureWarning: 'force_all_finite' was renamed to 'ensure_all_finite' in 1.6 and will be removed in 1.8.
  warnings.warn(
[  987.0s] [lgbm] +G 2026 resid +0.0589 raw +0.0735 (53s)
[  987.1s] [lgbm] +G DONE 年均 resid +0.0565 (135s)
/root/miniconda3/envs/hsy_v5push/lib/python3.13/site-packages/sklearn/utils/deprecation.py:151: FutureWarning: 'force_all_finite' was renamed to 'ensure_all_finite' in 1.6 and will be removed in 1.8.
  warnings.warn(
/root/miniconda3/envs/hsy_v5push/lib/python3.13/site-packages/sklearn/utils/deprecation.py:151: FutureWarning: 'force_all_finite' was renamed to 'ensure_all_finite' in 1.6 and will be removed in 1.8.
  warnings.warn(
[ 1005.0s] [lgbm] +H 2023 resid +0.0497 raw +0.0595 (15s)
/root/miniconda3/envs/hsy_v5push/lib/python3.13/site-packages/sklearn/utils/deprecation.py:151: FutureWarning: 'force_all_finite' was renamed to 'ensure_all_finite' in 1.6 and will be removed in 1.8.
  warnings.warn(
/root/miniconda3/envs/hsy_v5push/lib/python3.13/site-packages/sklearn/utils/deprecation.py:151: FutureWarning: 'force_all_finite' was renamed to 'ensure_all_finite' in 1.6 and will be removed in 1.8.
  warnings.warn(
[ 1027.4s] [lgbm] +H 2024 resid +0.0539 raw +0.0667 (22s)
/root/miniconda3/envs/hsy_v5push/lib/python3.13/site-packages/sklearn/utils/deprecation.py:151: FutureWarning: 'force_all_finite' was renamed to 'ensure_all_finite' in 1.6 and will be removed in 1.8.
  warnings.warn(
/root/miniconda3/envs/hsy_v5push/lib/python3.13/site-packages/sklearn/utils/deprecation.py:151: FutureWarning: 'force_all_finite' was renamed to 'ensure_all_finite' in 1.6 and will be removed in 1.8.
  warnings.warn(
[ 1075.6s] [lgbm] +H 2025 resid +0.0610 raw +0.0765 (48s)
/root/miniconda3/envs/hsy_v5push/lib/python3.13/site-packages/sklearn/utils/deprecation.py:151: FutureWarning: 'force_all_finite' was renamed to 'ensure_all_finite' in 1.6 and will be removed in 1.8.
  warnings.warn(
/root/miniconda3/envs/hsy_v5push/lib/python3.13/site-packages/sklearn/utils/deprecation.py:151: FutureWarning: 'force_all_finite' was renamed to 'ensure_all_finite' in 1.6 and will be removed in 1.8.
  warnings.warn(
[ 1147.4s] [lgbm] +H 2026 resid +0.0577 raw +0.0719 (72s)
[ 1147.5s] [lgbm] +H DONE 年均 resid +0.0556 (160s)
/root/miniconda3/envs/hsy_v5push/lib/python3.13/site-packages/sklearn/utils/deprecation.py:151: FutureWarning: 'force_all_finite' was renamed to 'ensure_all_finite' in 1.6 and will be removed in 1.8.
  warnings.warn(
/root/miniconda3/envs/hsy_v5push/lib/python3.13/site-packages/sklearn/utils/deprecation.py:151: FutureWarning: 'force_all_finite' was renamed to 'ensure_all_finite' in 1.6 and will be removed in 1.8.
  warnings.warn(
[ 1166.0s] [lgbm] +I 2023 resid +0.0497 raw +0.0606 (16s)
/root/miniconda3/envs/hsy_v5push/lib/python3.13/site-packages/sklearn/utils/deprecation.py:151: FutureWarning: 'force_all_finite' was renamed to 'ensure_all_finite' in 1.6 and will be removed in 1.8.
  warnings.warn(
/root/miniconda3/envs/hsy_v5push/lib/python3.13/site-packages/sklearn/utils/deprecation.py:151: FutureWarning: 'force_all_finite' was renamed to 'ensure_all_finite' in 1.6 and will be removed in 1.8.
  warnings.warn(
[ 1191.6s] [lgbm] +I 2024 resid +0.0559 raw +0.0683 (26s)
/root/miniconda3/envs/hsy_v5push/lib/python3.13/site-packages/sklearn/utils/deprecation.py:151: FutureWarning: 'force_all_finite' was renamed to 'ensure_all_finite' in 1.6 and will be removed in 1.8.
  warnings.warn(
/root/miniconda3/envs/hsy_v5push/lib/python3.13/site-packages/sklearn/utils/deprecation.py:151: FutureWarning: 'force_all_finite' was renamed to 'ensure_all_finite' in 1.6 and will be removed in 1.8.
  warnings.warn(
[ 1225.7s] [lgbm] +I 2025 resid +0.0613 raw +0.0764 (34s)
/root/miniconda3/envs/hsy_v5push/lib/python3.13/site-packages/sklearn/utils/deprecation.py:151: FutureWarning: 'force_all_finite' was renamed to 'ensure_all_finite' in 1.6 and will be removed in 1.8.
  warnings.warn(
/root/miniconda3/envs/hsy_v5push/lib/python3.13/site-packages/sklearn/utils/deprecation.py:151: FutureWarning: 'force_all_finite' was renamed to 'ensure_all_finite' in 1.6 and will be removed in 1.8.
  warnings.warn(
[ 1283.5s] [lgbm] +I 2026 resid +0.0579 raw +0.0725 (58s)
[ 1283.5s] [lgbm] +I DONE 年均 resid +0.0562 (136s)
/root/miniconda3/envs/hsy_v5push/lib/python3.13/site-packages/sklearn/utils/deprecation.py:151: FutureWarning: 'force_all_finite' was renamed to 'ensure_all_finite' in 1.6 and will be removed in 1.8.
  warnings.warn(
/root/miniconda3/envs/hsy_v5push/lib/python3.13/site-packages/sklearn/utils/deprecation.py:151: FutureWarning: 'force_all_finite' was renamed to 'ensure_all_finite' in 1.6 and will be removed in 1.8.
  warnings.warn(
[ 1297.0s] [lgbm] +J 2023 resid +0.0516 raw +0.0634 (12s)
/root/miniconda3/envs/hsy_v5push/lib/python3.13/site-packages/sklearn/utils/deprecation.py:151: FutureWarning: 'force_all_finite' was renamed to 'ensure_all_finite' in 1.6 and will be removed in 1.8.
  warnings.warn(
/root/miniconda3/envs/hsy_v5push/lib/python3.13/site-packages/sklearn/utils/deprecation.py:151: FutureWarning: 'force_all_finite' was renamed to 'ensure_all_finite' in 1.6 and will be removed in 1.8.
  warnings.warn(
[ 1326.3s] [lgbm] +J 2024 resid +0.0593 raw +0.0712 (29s)
/root/miniconda3/envs/hsy_v5push/lib/python3.13/site-packages/sklearn/utils/deprecation.py:151: FutureWarning: 'force_all_finite' was renamed to 'ensure_all_finite' in 1.6 and will be removed in 1.8.
  warnings.warn(
/root/miniconda3/envs/hsy_v5push/lib/python3.13/site-packages/sklearn/utils/deprecation.py:151: FutureWarning: 'force_all_finite' was renamed to 'ensure_all_finite' in 1.6 and will be removed in 1.8.
  warnings.warn(
[ 1372.8s] [lgbm] +J 2025 resid +0.0652 raw +0.0802 (47s)
/root/miniconda3/envs/hsy_v5push/lib/python3.13/site-packages/sklearn/utils/deprecation.py:151: FutureWarning: 'force_all_finite' was renamed to 'ensure_all_finite' in 1.6 and will be removed in 1.8.
  warnings.warn(
/root/miniconda3/envs/hsy_v5push/lib/python3.13/site-packages/sklearn/utils/deprecation.py:151: FutureWarning: 'force_all_finite' was renamed to 'ensure_all_finite' in 1.6 and will be removed in 1.8.
  warnings.warn(
[ 1455.3s] [lgbm] +J 2026 resid +0.0607 raw +0.0754 (83s)
[ 1455.4s] [lgbm] +J DONE 年均 resid +0.0592 (172s)
/root/miniconda3/envs/hsy_v5push/lib/python3.13/site-packages/sklearn/utils/deprecation.py:151: FutureWarning: 'force_all_finite' was renamed to 'ensure_all_finite' in 1.6 and will be removed in 1.8.
  warnings.warn(
/root/miniconda3/envs/hsy_v5push/lib/python3.13/site-packages/sklearn/utils/deprecation.py:151: FutureWarning: 'force_all_finite' was renamed to 'ensure_all_finite' in 1.6 and will be removed in 1.8.
  warnings.warn(
[ 1473.7s] [lgbm] +Hs 2023 resid +0.0495 raw +0.0606 (16s)
/root/miniconda3/envs/hsy_v5push/lib/python3.13/site-packages/sklearn/utils/deprecation.py:151: FutureWarning: 'force_all_finite' was renamed to 'ensure_all_finite' in 1.6 and will be removed in 1.8.
  warnings.warn(
/root/miniconda3/envs/hsy_v5push/lib/python3.13/site-packages/sklearn/utils/deprecation.py:151: FutureWarning: 'force_all_finite' was renamed to 'ensure_all_finite' in 1.6 and will be removed in 1.8.
  warnings.warn(
[ 1497.6s] [lgbm] +Hs 2024 resid +0.0546 raw +0.0663 (24s)
/root/miniconda3/envs/hsy_v5push/lib/python3.13/site-packages/sklearn/utils/deprecation.py:151: FutureWarning: 'force_all_finite' was renamed to 'ensure_all_finite' in 1.6 and will be removed in 1.8.
  warnings.warn(
/root/miniconda3/envs/hsy_v5push/lib/python3.13/site-packages/sklearn/utils/deprecation.py:151: FutureWarning: 'force_all_finite' was renamed to 'ensure_all_finite' in 1.6 and will be removed in 1.8.
  warnings.warn(
[ 1531.1s] [lgbm] +Hs 2025 resid +0.0615 raw +0.0766 (33s)
/root/miniconda3/envs/hsy_v5push/lib/python3.13/site-packages/sklearn/utils/deprecation.py:151: FutureWarning: 'force_all_finite' was renamed to 'ensure_all_finite' in 1.6 and will be removed in 1.8.
  warnings.warn(
/root/miniconda3/envs/hsy_v5push/lib/python3.13/site-packages/sklearn/utils/deprecation.py:151: FutureWarning: 'force_all_finite' was renamed to 'ensure_all_finite' in 1.6 and will be removed in 1.8.
  warnings.warn(
[ 1610.2s] [lgbm] +Hs 2026 resid +0.0584 raw +0.0734 (79s)
[ 1610.3s] [lgbm] +Hs DONE 年均 resid +0.0560 (155s)
/root/miniconda3/envs/hsy_v5push/lib/python3.13/site-packages/sklearn/utils/deprecation.py:151: FutureWarning: 'force_all_finite' was renamed to 'ensure_all_finite' in 1.6 and will be removed in 1.8.
  warnings.warn(
/root/miniconda3/envs/hsy_v5push/lib/python3.13/site-packages/sklearn/utils/deprecation.py:151: FutureWarning: 'force_all_finite' was renamed to 'ensure_all_finite' in 1.6 and will be removed in 1.8.
  warnings.warn(
[ 1652.5s] [lgbm] +ALL 2023 resid +0.0734 raw +0.0888 (30s)
/root/miniconda3/envs/hsy_v5push/lib/python3.13/site-packages/sklearn/utils/deprecation.py:151: FutureWarning: 'force_all_finite' was renamed to 'ensure_all_finite' in 1.6 and will be removed in 1.8.
  warnings.warn(
/root/miniconda3/envs/hsy_v5push/lib/python3.13/site-packages/sklearn/utils/deprecation.py:151: FutureWarning: 'force_all_finite' was renamed to 'ensure_all_finite' in 1.6 and will be removed in 1.8.
  warnings.warn(
[ 1710.1s] [lgbm] +ALL 2024 resid +0.0675 raw +0.0804 (58s)
/root/miniconda3/envs/hsy_v5push/lib/python3.13/site-packages/sklearn/utils/deprecation.py:151: FutureWarning: 'force_all_finite' was renamed to 'ensure_all_finite' in 1.6 and will be removed in 1.8.
  warnings.warn(
/root/miniconda3/envs/hsy_v5push/lib/python3.13/site-packages/sklearn/utils/deprecation.py:151: FutureWarning: 'force_all_finite' was renamed to 'ensure_all_finite' in 1.6 and will be removed in 1.8.
  warnings.warn(
[ 1782.3s] [lgbm] +ALL 2025 resid +0.0699 raw +0.0843 (72s)
/root/miniconda3/envs/hsy_v5push/lib/python3.13/site-packages/sklearn/utils/deprecation.py:151: FutureWarning: 'force_all_finite' was renamed to 'ensure_all_finite' in 1.6 and will be removed in 1.8.
  warnings.warn(
/root/miniconda3/envs/hsy_v5push/lib/python3.13/site-packages/sklearn/utils/deprecation.py:151: FutureWarning: 'force_all_finite' was renamed to 'ensure_all_finite' in 1.6 and will be removed in 1.8.
  warnings.warn(
[ 1913.0s] [lgbm] +ALL 2026 resid +0.0668 raw +0.0809 (131s)
[ 1913.1s] [lgbm] +ALL DONE 年均 resid +0.0694 (303s)
/root/miniconda3/envs/hsy_v5push/lib/python3.13/site-packages/sklearn/utils/deprecation.py:151: FutureWarning: 'force_all_finite' was renamed to 'ensure_all_finite' in 1.6 and will be removed in 1.8.
  warnings.warn(
/root/miniconda3/envs/hsy_v5push/lib/python3.13/site-packages/sklearn/utils/deprecation.py:151: FutureWarning: 'force_all_finite' was renamed to 'ensure_all_finite' in 1.6 and will be removed in 1.8.
  warnings.warn(
[ 1949.2s] [lgbm] PL_ALL_s0 2023 resid +0.0453 raw +0.0560 (27s)
/root/miniconda3/envs/hsy_v5push/lib/python3.13/site-packages/sklearn/utils/deprecation.py:151: FutureWarning: 'force_all_finite' was renamed to 'ensure_all_finite' in 1.6 and will be removed in 1.8.
  warnings.warn(
/root/miniconda3/envs/hsy_v5push/lib/python3.13/site-packages/sklearn/utils/deprecation.py:151: FutureWarning: 'force_all_finite' was renamed to 'ensure_all_finite' in 1.6 and will be removed in 1.8.
  warnings.warn(
[ 1996.9s] [lgbm] PL_ALL_s0 2024 resid +0.0536 raw +0.0664 (48s)
/root/miniconda3/envs/hsy_v5push/lib/python3.13/site-packages/sklearn/utils/deprecation.py:151: FutureWarning: 'force_all_finite' was renamed to 'ensure_all_finite' in 1.6 and will be removed in 1.8.
  warnings.warn(
/root/miniconda3/envs/hsy_v5push/lib/python3.13/site-packages/sklearn/utils/deprecation.py:151: FutureWarning: 'force_all_finite' was renamed to 'ensure_all_finite' in 1.6 and will be removed in 1.8.
  warnings.warn(
[ 2067.5s] [lgbm] PL_ALL_s0 2025 resid +0.0605 raw +0.0763 (71s)
/root/miniconda3/envs/hsy_v5push/lib/python3.13/site-packages/sklearn/utils/deprecation.py:151: FutureWarning: 'force_all_finite' was renamed to 'ensure_all_finite' in 1.6 and will be removed in 1.8.
  warnings.warn(
/root/miniconda3/envs/hsy_v5push/lib/python3.13/site-packages/sklearn/utils/deprecation.py:151: FutureWarning: 'force_all_finite' was renamed to 'ensure_all_finite' in 1.6 and will be removed in 1.8.
  warnings.warn(
[ 2192.7s] [lgbm] PL_ALL_s0 2026 resid +0.0587 raw +0.0734 (125s)
[ 2192.8s] [lgbm] PL_ALL_s0 DONE 年均 resid +0.0545 (280s)
/root/miniconda3/envs/hsy_v5push/lib/python3.13/site-packages/sklearn/utils/deprecation.py:151: FutureWarning: 'force_all_finite' was renamed to 'ensure_all_finite' in 1.6 and will be removed in 1.8.
  warnings.warn(
/root/miniconda3/envs/hsy_v5push/lib/python3.13/site-packages/sklearn/utils/deprecation.py:151: FutureWarning: 'force_all_finite' was renamed to 'ensure_all_finite' in 1.6 and will be removed in 1.8.
  warnings.warn(
[ 2235.4s] [lgbm] PL_ALL_s1 2023 resid +0.0488 raw +0.0593 (29s)
/root/miniconda3/envs/hsy_v5push/lib/python3.13/site-packages/sklearn/utils/deprecation.py:151: FutureWarning: 'force_all_finite' was renamed to 'ensure_all_finite' in 1.6 and will be removed in 1.8.
  warnings.warn(
/root/miniconda3/envs/hsy_v5push/lib/python3.13/site-packages/sklearn/utils/deprecation.py:151: FutureWarning: 'force_all_finite' was renamed to 'ensure_all_finite' in 1.6 and will be removed in 1.8.
  warnings.warn(
[ 2283.8s] [lgbm] PL_ALL_s1 2024 resid +0.0552 raw +0.0679 (48s)
/root/miniconda3/envs/hsy_v5push/lib/python3.13/site-packages/sklearn/utils/deprecation.py:151: FutureWarning: 'force_all_finite' was renamed to 'ensure_all_finite' in 1.6 and will be removed in 1.8.
  warnings.warn(
/root/miniconda3/envs/hsy_v5push/lib/python3.13/site-packages/sklearn/utils/deprecation.py:151: FutureWarning: 'force_all_finite' was renamed to 'ensure_all_finite' in 1.6 and will be removed in 1.8.
  warnings.warn(
[ 2349.0s] [lgbm] PL_ALL_s1 2025 resid +0.0617 raw +0.0767 (65s)
/root/miniconda3/envs/hsy_v5push/lib/python3.13/site-packages/sklearn/utils/deprecation.py:151: FutureWarning: 'force_all_finite' was renamed to 'ensure_all_finite' in 1.6 and will be removed in 1.8.
  warnings.warn(
/root/miniconda3/envs/hsy_v5push/lib/python3.13/site-packages/sklearn/utils/deprecation.py:151: FutureWarning: 'force_all_finite' was renamed to 'ensure_all_finite' in 1.6 and will be removed in 1.8.
  warnings.warn(
[ 2462.0s] [lgbm] PL_ALL_s1 2026 resid +0.0584 raw +0.0729 (113s)
[ 2462.0s] [lgbm] PL_ALL_s1 DONE 年均 resid +0.0560 (269s)
/root/miniconda3/envs/hsy_v5push/lib/python3.13/site-packages/sklearn/utils/deprecation.py:151: FutureWarning: 'force_all_finite' was renamed to 'ensure_all_finite' in 1.6 and will be removed in 1.8.
  warnings.warn(
/root/miniconda3/envs/hsy_v5push/lib/python3.13/site-packages/sklearn/utils/deprecation.py:151: FutureWarning: 'force_all_finite' was renamed to 'ensure_all_finite' in 1.6 and will be removed in 1.8.
  warnings.warn(
[ 2505.0s] [lgbm] PL_ALL_s2 2023 resid +0.0480 raw +0.0597 (28s)
/root/miniconda3/envs/hsy_v5push/lib/python3.13/site-packages/sklearn/utils/deprecation.py:151: FutureWarning: 'force_all_finite' was renamed to 'ensure_all_finite' in 1.6 and will be removed in 1.8.
  warnings.warn(
/root/miniconda3/envs/hsy_v5push/lib/python3.13/site-packages/sklearn/utils/deprecation.py:151: FutureWarning: 'force_all_finite' was renamed to 'ensure_all_finite' in 1.6 and will be removed in 1.8.
  warnings.warn(
[ 2547.9s] [lgbm] PL_ALL_s2 2024 resid +0.0549 raw +0.0677 (43s)
/root/miniconda3/envs/hsy_v5push/lib/python3.13/site-packages/sklearn/utils/deprecation.py:151: FutureWarning: 'force_all_finite' was renamed to 'ensure_all_finite' in 1.6 and will be removed in 1.8.
  warnings.warn(
/root/miniconda3/envs/hsy_v5push/lib/python3.13/site-packages/sklearn/utils/deprecation.py:151: FutureWarning: 'force_all_finite' was renamed to 'ensure_all_finite' in 1.6 and will be removed in 1.8.
  warnings.warn(
[ 2627.2s] [lgbm] PL_ALL_s2 2025 resid +0.0612 raw +0.0767 (79s)
/root/miniconda3/envs/hsy_v5push/lib/python3.13/site-packages/sklearn/utils/deprecation.py:151: FutureWarning: 'force_all_finite' was renamed to 'ensure_all_finite' in 1.6 and will be removed in 1.8.
  warnings.warn(
/root/miniconda3/envs/hsy_v5push/lib/python3.13/site-packages/sklearn/utils/deprecation.py:151: FutureWarning: 'force_all_finite' was renamed to 'ensure_all_finite' in 1.6 and will be removed in 1.8.
  warnings.warn(
[ 2746.9s] [lgbm] PL_ALL_s2 2026 resid +0.0575 raw +0.0720 (120s)
[ 2746.9s] [lgbm] PL_ALL_s2 DONE 年均 resid +0.0554 (285s)
/root/miniconda3/envs/hsy_v5push/lib/python3.13/site-packages/sklearn/utils/deprecation.py:151: FutureWarning: 'force_all_finite' was renamed to 'ensure_all_finite' in 1.6 and will be removed in 1.8.
  warnings.warn(
/root/miniconda3/envs/hsy_v5push/lib/python3.13/site-packages/sklearn/utils/deprecation.py:151: FutureWarning: 'force_all_finite' was renamed to 'ensure_all_finite' in 1.6 and will be removed in 1.8.
  warnings.warn(
[ 2775.2s] [lgbm] PL_ALL_s3 2023 resid +0.0478 raw +0.0596 (19s)
/root/miniconda3/envs/hsy_v5push/lib/python3.13/site-packages/sklearn/utils/deprecation.py:151: FutureWarning: 'force_all_finite' was renamed to 'ensure_all_finite' in 1.6 and will be removed in 1.8.
  warnings.warn(
/root/miniconda3/envs/hsy_v5push/lib/python3.13/site-packages/sklearn/utils/deprecation.py:151: FutureWarning: 'force_all_finite' was renamed to 'ensure_all_finite' in 1.6 and will be removed in 1.8.
  warnings.warn(
[ 2814.4s] [lgbm] PL_ALL_s3 2024 resid +0.0562 raw +0.0686 (39s)
/root/miniconda3/envs/hsy_v5push/lib/python3.13/site-packages/sklearn/utils/deprecation.py:151: FutureWarning: 'force_all_finite' was renamed to 'ensure_all_finite' in 1.6 and will be removed in 1.8.
  warnings.warn(
/root/miniconda3/envs/hsy_v5push/lib/python3.13/site-packages/sklearn/utils/deprecation.py:151: FutureWarning: 'force_all_finite' was renamed to 'ensure_all_finite' in 1.6 and will be removed in 1.8.
  warnings.warn(
[ 2883.7s] [lgbm] PL_ALL_s3 2025 resid +0.0609 raw +0.0761 (69s)
/root/miniconda3/envs/hsy_v5push/lib/python3.13/site-packages/sklearn/utils/deprecation.py:151: FutureWarning: 'force_all_finite' was renamed to 'ensure_all_finite' in 1.6 and will be removed in 1.8.
  warnings.warn(
/root/miniconda3/envs/hsy_v5push/lib/python3.13/site-packages/sklearn/utils/deprecation.py:151: FutureWarning: 'force_all_finite' was renamed to 'ensure_all_finite' in 1.6 and will be removed in 1.8.
  warnings.warn(
[ 2997.9s] [lgbm] PL_ALL_s3 2026 resid +0.0565 raw +0.0713 (114s)
[ 2997.9s] [lgbm] PL_ALL_s3 DONE 年均 resid +0.0554 (251s)
/root/miniconda3/envs/hsy_v5push/lib/python3.13/site-packages/sklearn/utils/deprecation.py:151: FutureWarning: 'force_all_finite' was renamed to 'ensure_all_finite' in 1.6 and will be removed in 1.8.
  warnings.warn(
/root/miniconda3/envs/hsy_v5push/lib/python3.13/site-packages/sklearn/utils/deprecation.py:151: FutureWarning: 'force_all_finite' was renamed to 'ensure_all_finite' in 1.6 and will be removed in 1.8.
  warnings.warn(
[ 3022.9s] [lgbm] PL_ALL_s4 2023 resid +0.0483 raw +0.0600 (18s)
/root/miniconda3/envs/hsy_v5push/lib/python3.13/site-packages/sklearn/utils/deprecation.py:151: FutureWarning: 'force_all_finite' was renamed to 'ensure_all_finite' in 1.6 and will be removed in 1.8.
  warnings.warn(
/root/miniconda3/envs/hsy_v5push/lib/python3.13/site-packages/sklearn/utils/deprecation.py:151: FutureWarning: 'force_all_finite' was renamed to 'ensure_all_finite' in 1.6 and will be removed in 1.8.
  warnings.warn(
[ 3070.4s] [lgbm] PL_ALL_s4 2024 resid +0.0547 raw +0.0668 (48s)
/root/miniconda3/envs/hsy_v5push/lib/python3.13/site-packages/sklearn/utils/deprecation.py:151: FutureWarning: 'force_all_finite' was renamed to 'ensure_all_finite' in 1.6 and will be removed in 1.8.
  warnings.warn(
/root/miniconda3/envs/hsy_v5push/lib/python3.13/site-packages/sklearn/utils/deprecation.py:151: FutureWarning: 'force_all_finite' was renamed to 'ensure_all_finite' in 1.6 and will be removed in 1.8.
  warnings.warn(
[ 3152.0s] [lgbm] PL_ALL_s4 2025 resid +0.0619 raw +0.0768 (82s)
/root/miniconda3/envs/hsy_v5push/lib/python3.13/site-packages/sklearn/utils/deprecation.py:151: FutureWarning: 'force_all_finite' was renamed to 'ensure_all_finite' in 1.6 and will be removed in 1.8.
  warnings.warn(
/root/miniconda3/envs/hsy_v5push/lib/python3.13/site-packages/sklearn/utils/deprecation.py:151: FutureWarning: 'force_all_finite' was renamed to 'ensure_all_finite' in 1.6 and will be removed in 1.8.
  warnings.warn(
[ 3245.4s] [lgbm] PL_ALL_s4 2026 resid +0.0572 raw +0.0718 (93s)
[ 3245.4s] [lgbm] PL_ALL_s4 DONE 年均 resid +0.0555 (247s)
/root/miniconda3/envs/hsy_v5push/lib/python3.13/site-packages/sklearn/utils/deprecation.py:151: FutureWarning: 'force_all_finite' was renamed to 'ensure_all_finite' in 1.6 and will be removed in 1.8.
  warnings.warn(
/root/miniconda3/envs/hsy_v5push/lib/python3.13/site-packages/sklearn/utils/deprecation.py:151: FutureWarning: 'force_all_finite' was renamed to 'ensure_all_finite' in 1.6 and will be removed in 1.8.
  warnings.warn(
[ 3257.9s] [lgbm] PL_I_s0 2023 resid +0.0480 raw +0.0594 (11s)
/root/miniconda3/envs/hsy_v5push/lib/python3.13/site-packages/sklearn/utils/deprecation.py:151: FutureWarning: 'force_all_finite' was renamed to 'ensure_all_finite' in 1.6 and will be removed in 1.8.
  warnings.warn(
/root/miniconda3/envs/hsy_v5push/lib/python3.13/site-packages/sklearn/utils/deprecation.py:151: FutureWarning: 'force_all_finite' was renamed to 'ensure_all_finite' in 1.6 and will be removed in 1.8.
  warnings.warn(
[ 3276.1s] [lgbm] PL_I_s0 2024 resid +0.0550 raw +0.0676 (18s)
/root/miniconda3/envs/hsy_v5push/lib/python3.13/site-packages/sklearn/utils/deprecation.py:151: FutureWarning: 'force_all_finite' was renamed to 'ensure_all_finite' in 1.6 and will be removed in 1.8.
  warnings.warn(
/root/miniconda3/envs/hsy_v5push/lib/python3.13/site-packages/sklearn/utils/deprecation.py:151: FutureWarning: 'force_all_finite' was renamed to 'ensure_all_finite' in 1.6 and will be removed in 1.8.
  warnings.warn(
[ 3308.8s] [lgbm] PL_I_s0 2025 resid +0.0614 raw +0.0761 (33s)
/root/miniconda3/envs/hsy_v5push/lib/python3.13/site-packages/sklearn/utils/deprecation.py:151: FutureWarning: 'force_all_finite' was renamed to 'ensure_all_finite' in 1.6 and will be removed in 1.8.
  warnings.warn(
/root/miniconda3/envs/hsy_v5push/lib/python3.13/site-packages/sklearn/utils/deprecation.py:151: FutureWarning: 'force_all_finite' was renamed to 'ensure_all_finite' in 1.6 and will be removed in 1.8.
  warnings.warn(
[ 3356.3s] [lgbm] PL_I_s0 2026 resid +0.0580 raw +0.0725 (48s)
[ 3356.4s] [lgbm] PL_I_s0 DONE 年均 resid +0.0556 (111s)
/root/miniconda3/envs/hsy_v5push/lib/python3.13/site-packages/sklearn/utils/deprecation.py:151: FutureWarning: 'force_all_finite' was renamed to 'ensure_all_finite' in 1.6 and will be removed in 1.8.
  warnings.warn(
/root/miniconda3/envs/hsy_v5push/lib/python3.13/site-packages/sklearn/utils/deprecation.py:151: FutureWarning: 'force_all_finite' was renamed to 'ensure_all_finite' in 1.6 and will be removed in 1.8.
  warnings.warn(
[ 3369.2s] [lgbm] PL_I_s1 2023 resid +0.0478 raw +0.0594 (12s)
/root/miniconda3/envs/hsy_v5push/lib/python3.13/site-packages/sklearn/utils/deprecation.py:151: FutureWarning: 'force_all_finite' was renamed to 'ensure_all_finite' in 1.6 and will be removed in 1.8.
  warnings.warn(
/root/miniconda3/envs/hsy_v5push/lib/python3.13/site-packages/sklearn/utils/deprecation.py:151: FutureWarning: 'force_all_finite' was renamed to 'ensure_all_finite' in 1.6 and will be removed in 1.8.
  warnings.warn(
[ 3387.6s] [lgbm] PL_I_s1 2024 resid +0.0560 raw +0.0691 (18s)
/root/miniconda3/envs/hsy_v5push/lib/python3.13/site-packages/sklearn/utils/deprecation.py:151: FutureWarning: 'force_all_finite' was renamed to 'ensure_all_finite' in 1.6 and will be removed in 1.8.
  warnings.warn(
/root/miniconda3/envs/hsy_v5push/lib/python3.13/site-packages/sklearn/utils/deprecation.py:151: FutureWarning: 'force_all_finite' was renamed to 'ensure_all_finite' in 1.6 and will be removed in 1.8.
  warnings.warn(
[ 3415.8s] [lgbm] PL_I_s1 2025 resid +0.0607 raw +0.0762 (28s)
/root/miniconda3/envs/hsy_v5push/lib/python3.13/site-packages/sklearn/utils/deprecation.py:151: FutureWarning: 'force_all_finite' was renamed to 'ensure_all_finite' in 1.6 and will be removed in 1.8.
  warnings.warn(
/root/miniconda3/envs/hsy_v5push/lib/python3.13/site-packages/sklearn/utils/deprecation.py:151: FutureWarning: 'force_all_finite' was renamed to 'ensure_all_finite' in 1.6 and will be removed in 1.8.
  warnings.warn(
[ 3458.7s] [lgbm] PL_I_s1 2026 resid +0.0580 raw +0.0726 (43s)
[ 3458.7s] [lgbm] PL_I_s1 DONE 年均 resid +0.0556 (102s)
/root/miniconda3/envs/hsy_v5push/lib/python3.13/site-packages/sklearn/utils/deprecation.py:151: FutureWarning: 'force_all_finite' was renamed to 'ensure_all_finite' in 1.6 and will be removed in 1.8.
  warnings.warn(
/root/miniconda3/envs/hsy_v5push/lib/python3.13/site-packages/sklearn/utils/deprecation.py:151: FutureWarning: 'force_all_finite' was renamed to 'ensure_all_finite' in 1.6 and will be removed in 1.8.
  warnings.warn(
[ 3471.1s] [lgbm] PL_I_s2 2023 resid +0.0489 raw +0.0603 (11s)
/root/miniconda3/envs/hsy_v5push/lib/python3.13/site-packages/sklearn/utils/deprecation.py:151: FutureWarning: 'force_all_finite' was renamed to 'ensure_all_finite' in 1.6 and will be removed in 1.8.
  warnings.warn(
/root/miniconda3/envs/hsy_v5push/lib/python3.13/site-packages/sklearn/utils/deprecation.py:151: FutureWarning: 'force_all_finite' was renamed to 'ensure_all_finite' in 1.6 and will be removed in 1.8.
  warnings.warn(
[ 3488.3s] [lgbm] PL_I_s2 2024 resid +0.0548 raw +0.0674 (17s)
/root/miniconda3/envs/hsy_v5push/lib/python3.13/site-packages/sklearn/utils/deprecation.py:151: FutureWarning: 'force_all_finite' was renamed to 'ensure_all_finite' in 1.6 and will be removed in 1.8.
  warnings.warn(
/root/miniconda3/envs/hsy_v5push/lib/python3.13/site-packages/sklearn/utils/deprecation.py:151: FutureWarning: 'force_all_finite' was renamed to 'ensure_all_finite' in 1.6 and will be removed in 1.8.
  warnings.warn(
[ 3515.7s] [lgbm] PL_I_s2 2025 resid +0.0619 raw +0.0775 (27s)
/root/miniconda3/envs/hsy_v5push/lib/python3.13/site-packages/sklearn/utils/deprecation.py:151: FutureWarning: 'force_all_finite' was renamed to 'ensure_all_finite' in 1.6 and will be removed in 1.8.
  warnings.warn(
/root/miniconda3/envs/hsy_v5push/lib/python3.13/site-packages/sklearn/utils/deprecation.py:151: FutureWarning: 'force_all_finite' was renamed to 'ensure_all_finite' in 1.6 and will be removed in 1.8.
  warnings.warn(
[ 3559.3s] [lgbm] PL_I_s2 2026 resid +0.0574 raw +0.0724 (44s)
[ 3559.3s] [lgbm] PL_I_s2 DONE 年均 resid +0.0558 (101s)
/root/miniconda3/envs/hsy_v5push/lib/python3.13/site-packages/sklearn/utils/deprecation.py:151: FutureWarning: 'force_all_finite' was renamed to 'ensure_all_finite' in 1.6 and will be removed in 1.8.
  warnings.warn(
/root/miniconda3/envs/hsy_v5push/lib/python3.13/site-packages/sklearn/utils/deprecation.py:151: FutureWarning: 'force_all_finite' was renamed to 'ensure_all_finite' in 1.6 and will be removed in 1.8.
  warnings.warn(
[ 3572.3s] [lgbm] PL_I_s3 2023 resid +0.0485 raw +0.0590 (11s)
/root/miniconda3/envs/hsy_v5push/lib/python3.13/site-packages/sklearn/utils/deprecation.py:151: FutureWarning: 'force_all_finite' was renamed to 'ensure_all_finite' in 1.6 and will be removed in 1.8.
  warnings.warn(
/root/miniconda3/envs/hsy_v5push/lib/python3.13/site-packages/sklearn/utils/deprecation.py:151: FutureWarning: 'force_all_finite' was renamed to 'ensure_all_finite' in 1.6 and will be removed in 1.8.
  warnings.warn(
[ 3590.0s] [lgbm] PL_I_s3 2024 resid +0.0550 raw +0.0670 (18s)
/root/miniconda3/envs/hsy_v5push/lib/python3.13/site-packages/sklearn/utils/deprecation.py:151: FutureWarning: 'force_all_finite' was renamed to 'ensure_all_finite' in 1.6 and will be removed in 1.8.
  warnings.warn(
/root/miniconda3/envs/hsy_v5push/lib/python3.13/site-packages/sklearn/utils/deprecation.py:151: FutureWarning: 'force_all_finite' was renamed to 'ensure_all_finite' in 1.6 and will be removed in 1.8.
  warnings.warn(
[ 3620.4s] [lgbm] PL_I_s3 2025 resid +0.0608 raw +0.0761 (30s)
/root/miniconda3/envs/hsy_v5push/lib/python3.13/site-packages/sklearn/utils/deprecation.py:151: FutureWarning: 'force_all_finite' was renamed to 'ensure_all_finite' in 1.6 and will be removed in 1.8.
  warnings.warn(
/root/miniconda3/envs/hsy_v5push/lib/python3.13/site-packages/sklearn/utils/deprecation.py:151: FutureWarning: 'force_all_finite' was renamed to 'ensure_all_finite' in 1.6 and will be removed in 1.8.
  warnings.warn(
[ 3664.9s] [lgbm] PL_I_s3 2026 resid +0.0572 raw +0.0719 (45s)
[ 3664.9s] [lgbm] PL_I_s3 DONE 年均 resid +0.0554 (106s)
/root/miniconda3/envs/hsy_v5push/lib/python3.13/site-packages/sklearn/utils/deprecation.py:151: FutureWarning: 'force_all_finite' was renamed to 'ensure_all_finite' in 1.6 and will be removed in 1.8.
  warnings.warn(
/root/miniconda3/envs/hsy_v5push/lib/python3.13/site-packages/sklearn/utils/deprecation.py:151: FutureWarning: 'force_all_finite' was renamed to 'ensure_all_finite' in 1.6 and will be removed in 1.8.
  warnings.warn(
[ 3677.1s] [lgbm] PL_I_s4 2023 resid +0.0480 raw +0.0591 (11s)
/root/miniconda3/envs/hsy_v5push/lib/python3.13/site-packages/sklearn/utils/deprecation.py:151: FutureWarning: 'force_all_finite' was renamed to 'ensure_all_finite' in 1.6 and will be removed in 1.8.
  warnings.warn(
/root/miniconda3/envs/hsy_v5push/lib/python3.13/site-packages/sklearn/utils/deprecation.py:151: FutureWarning: 'force_all_finite' was renamed to 'ensure_all_finite' in 1.6 and will be removed in 1.8.
  warnings.warn(
[ 3694.5s] [lgbm] PL_I_s4 2024 resid +0.0552 raw +0.0683 (17s)
/root/miniconda3/envs/hsy_v5push/lib/python3.13/site-packages/sklearn/utils/deprecation.py:151: FutureWarning: 'force_all_finite' was renamed to 'ensure_all_finite' in 1.6 and will be removed in 1.8.
  warnings.warn(
/root/miniconda3/envs/hsy_v5push/lib/python3.13/site-packages/sklearn/utils/deprecation.py:151: FutureWarning: 'force_all_finite' was renamed to 'ensure_all_finite' in 1.6 and will be removed in 1.8.
  warnings.warn(
[ 3723.3s] [lgbm] PL_I_s4 2025 resid +0.0601 raw +0.0753 (29s)
/root/miniconda3/envs/hsy_v5push/lib/python3.13/site-packages/sklearn/utils/deprecation.py:151: FutureWarning: 'force_all_finite' was renamed to 'ensure_all_finite' in 1.6 and will be removed in 1.8.
  warnings.warn(
/root/miniconda3/envs/hsy_v5push/lib/python3.13/site-packages/sklearn/utils/deprecation.py:151: FutureWarning: 'force_all_finite' was renamed to 'ensure_all_finite' in 1.6 and will be removed in 1.8.
  warnings.warn(
[ 3767.2s] [lgbm] PL_I_s4 2026 resid +0.0566 raw +0.0718 (44s)
[ 3767.3s] [lgbm] PL_I_s4 DONE 年均 resid +0.0550 (102s)
[ 3767.3s] RUN_DONE_lgbm
