{
 "summary": {
  "controls_L_anchor": {
   "n": 517,
   "median_rel_err": 7.741679359149976e-08,
   "p99": 1.9642397312557183e-07,
   "share_le_1e6": 1.0
  },
  "controls_S_anchor": {
   "n": 517,
   "median_rel_err": 7.741679359149976e-08,
   "p99": 1.9642397312557183e-07,
   "share_le_1e6": 1.0
  },
  "controls_L_prev_settlement": {
   "n": 517,
   "median_rel_err": 7.741679359149976e-08,
   "p99": 1.9642397312557183e-07,
   "share_le_1e6": 1.0
  },
  "controls_S_prev_settlement": {
   "n": 517,
   "median_rel_err": 7.741679359149976e-08,
   "p99": 1.9642397312557183e-07,
   "share_le_1e6": 1.0
  }
 },
 "mis": {
  "COTIUSDT": {
   "L_anchor": 8.816571840028242e-08,
   "L_prev_settlement": 8.816571840028242e-08,
   "S_anchor": 0.307490788930933,
   "S_prev_settlement": 0.307490788930933,
   "n_events": 72,
   "n_iv_differs": 49
  },
  "IOSTUSDT": {
   "L_anchor": 7.298498669629662e-08,
   "L_prev_settlement": 7.298498669629662e-08,
   "S_anchor": 2.9220218509300944,
   "S_prev_settlement": 2.9220218509300944,
   "n_events": 9,
   "n_iv_differs": 7
  },
  "ZKCUSDT": {
   "L_anchor": 1.0391675768908667e-07,
   "L_prev_settlement": 1.0391675768908667e-07,
   "S_anchor": 0.34128138683086107,
   "S_prev_settlement": 0.34128138683086107,
   "n_events": 27,
   "n_iv_differs": 12
  }
 }
}
DONE_t5d_posthoc_seed 131.6
