[
{
"symbol": "GOOGLUSDT",
"anchor": "2026-09-04 04:00Z",
"settlement": "2026-09-04 00:00Z",
"f_fund_now": -0.000641039980109781,
"f_fund_iv_corrected": 8.0,
"f_fund_iv_x0910": 8.0,
"w_deployed_king_chain": 0.0,
"w_deployed_book": 0.0,
"w_R_REG_KA_s42": 0.0,
"member_R_REG_KA_s42": false,
"w_R_REG_KA_s2027": 0.0,
"member_R_REG_KA_s2027": false,
"w_R_REG_KB_s42": 0.0,
"member_R_REG_KB_s42": false,
"w_R_REG_KB_s2027": 0.0,
"member_R_REG_KB_s2027": false,
"w_R_T5C_KA_s42": 0.0,
"member_R_T5C_KA_s42": false,
"w_R_T5C_KA_s2027": 0.0,
"member_R_T5C_KA_s2027": false,
"w_R_T5C_KB_s42": 0.0,
"member_R_T5C_KB_s42": false,
"w_R_T5C_KB_s2027": 0.0,
"member_R_T5C_KB_s2027": false,
"carry_cell_bps_if_iv8": -3.205199900548905,
"carry_cell_bps_if_iv1": -25.64159920439124
},
{
"symbol": "GSUSDT",
"anchor": "2026-09-01 04:00Z",
"settlement": "2026-09-01 00:00Z",
"f_fund_now": -0.004862959962338209,
"f_fund_iv_corrected": 8.0,
"f_fund_iv_x0910": 8.0,
"w_deployed_king_chain": 0.0,
"w_deployed_book": 0.0,
"w_R_REG_KA_s42": 0.0,
"member_R_REG_KA_s42": false,
"w_R_REG_KA_s2027": 0.0,
"member_R_REG_KA_s2027": false,
"w_R_REG_KB_s42": 0.0,
"member_R_REG_KB_s42": false,
"w_R_REG_KB_s2027": 0.0,
"member_R_REG_KB_s2027": false,
"w_R_T5C_KA_s42": 0.0,
"member_R_T5C_KA_s42": false,
"w_R_T5C_KA_s2027": 0.0,
"member_R_T5C_KA_s2027": false,
"w_R_T5C_KB_s42": 0.0,
"member_R_T5C_KB_s42": false,
"w_R_T5C_KB_s2027": 0.0,
"member_R_T5C_KB_s2027": false,
"carry_cell_bps_if_iv8": -24.314799811691046,
"carry_cell_bps_if_iv1": -194.51839849352837
},
{
"symbol": "HDUSDT",
"anchor": "2026-09-03 04:00Z",
"settlement": "2026-09-03 00:00Z",
"f_fund_now": -0.007278069853782654,
"f_fund_iv_corrected": 8.0,
"f_fund_iv_x0910": 8.0,
"w_deployed_king_chain": 0.0,
"w_deployed_book": 0.0,
"w_R_REG_KA_s42": 0.0,
"member_R_REG_KA_s42": false,
"w_R_REG_KA_s2027": 0.0,
"member_R_REG_KA_s2027": false,
"w_R_REG_KB_s42": 0.0,
"member_R_REG_KB_s42": false,
"w_R_REG_KB_s2027": 0.0,
"member_R_REG_KB_s2027": false,
"w_R_T5C_KA_s42": 0.0,
"member_R_T5C_KA_s42": false,
"w_R_T5C_KA_s2027": 0.0,
"member_R_T5C_KA_s2027": false,
"w_R_T5C_KB_s42": 0.0,
"member_R_T5C_KB_s42": false,
"w_R_T5C_KB_s2027": 0.0,
"member_R_T5C_KB_s2027": false,
"carry_cell_bps_if_iv8": -36.39034926891327,
"carry_cell_bps_if_iv1": -291.12279415130615
},
{
"symbol": "PYPLUSDT",
"anchor": "2026-09-04 04:00Z",
"settlement": "2026-09-04 00:00Z",
"f_fund_now": -0.002475690096616745,
"f_fund_iv_corrected": 8.0,
"f_fund_iv_x0910": 8.0,
"w_deployed_king_chain": 0.0,
"w_deployed_book": 0.0,
"w_R_REG_KA_s42": 0.0,
"member_R_REG_KA_s42": false,
"w_R_REG_KA_s2027": 0.0,
"member_R_REG_KA_s2027": false,
"w_R_REG_KB_s42": 0.0,
"member_R_REG_KB_s42": false,
"w_R_REG_KB_s2027": 0.0,
"member_R_REG_KB_s2027": false,
"w_R_T5C_KA_s42": 0.0,
"member_R_T5C_KA_s42": false,
"w_R_T5C_KA_s2027": 0.0,
"member_R_T5C_KA_s2027": false,
"w_R_T5C_KB_s42": 0.0,
"member_R_T5C_KB_s42": false,
"w_R_T5C_KB_s2027": 0.0,
"member_R_T5C_KB_s2027": false,
"carry_cell_bps_if_iv8": -12.378450483083725,
"carry_cell_bps_if_iv1": -99.0276038646698
},
{
"symbol": "QCOMUSDT",
"anchor": "2026-09-03 04:00Z",
"settlement": "2026-09-03 00:00Z",
"f_fund_now": -0.005406990181654692,
"f_fund_iv_corrected": 8.0,
"f_fund_iv_x0910": 8.0,
"w_deployed_king_chain": 0.0,
"w_deployed_book": 0.0,
"w_R_REG_KA_s42": 0.0,
"member_R_REG_KA_s42": false,
"w_R_REG_KA_s2027": 0.0,
"member_R_REG_KA_s2027": false,
"w_R_REG_KB_s42": 0.0,
"member_R_REG_KB_s42": false,
"w_R_REG_KB_s2027": 0.0,
"member_R_REG_KB_s2027": false,
"w_R_T5C_KA_s42": 0.0,
"member_R_T5C_KA_s42": false,
"w_R_T5C_KA_s2027": 0.0,
"member_R_T5C_KA_s2027": false,
"w_R_T5C_KB_s42": 0.0,
"member_R_T5C_KB_s42": false,
"w_R_T5C_KB_s2027": 0.0,
"member_R_T5C_KB_s2027": false,
"carry_cell_bps_if_iv8": -27.03495090827346,
"carry_cell_bps_if_iv1": -216.27960726618767
},
{
"symbol": "TERUSDT",
"anchor": "2026-09-04 04:00Z",
"settlement": "2026-09-04 00:00Z",
"f_fund_now": -0.00038484999095089734,
"f_fund_iv_corrected": 8.0,
"f_fund_iv_x0910
n_cells 8 nonzero 0 max 0.0
DONE_t5d_posthoc_fallback
