[     0s] CHECK input_sha.JUDGE OK {"expected": "230e3c793cd9", "got": "230e3c793cd9"}
[     0s] CHECK input_sha.PUBLISHED OK {"expected": "dc06ec3695dc", "got": "dc06ec3695dc"}
[     0s] CHECK input_sha.ARM_A0/s42 OK {"expected": "634f7c55ba73", "got": "634f7c55ba73"}
[     0s] CHECK input_sha.ARM_A0/s2027 OK {"expected": "c1f92ec24bb4", "got": "c1f92ec24bb4"}
[     0s] CHECK input_sha.ARM_A1/s42 OK {"expected": "a077ed6b8f71", "got": "a077ed6b8f71"}
[     0s] CHECK input_sha.ARM_A1/s2027 OK {"expected": "d9f69a059a2f", "got": "d9f69a059a2f"}
[     0s] CHECK state.receipt_PASS_and_npz_sha OK {"verdict": "PASS"}
[     1s] CHECK arm.judge_load.A0/s42 OK []
[     1s] CHECK arm.judge_load.A0/s2027 OK []
[     1s] CHECK arm.judge_load.A1/s42 OK []
[     1s] CHECK arm.judge_load.A1/s2027 OK []
[     1s] CHECK arm.same_ts.A0/s42 OK 
[     1s] CHECK arm.same_ts.A0/s2027 OK 
[     1s] CHECK arm.same_ts.A1/s42 OK 
[     1s] CHECK arm.same_ts.A1/s2027 OK 
[     1s] CHECK wa.start_pinned OK "2022-06-30T00:00Z"
[     1s] CHECK repro.W_ALPHA.A0/s42 OK {"g": 0.5628432213053973, "ci95": [0.13635990778168033, 1.022268853219835], "n": 9138, "published_g": 0.5628432213053973, "published_ci95": [0.13635990778168033, 1.022268853219835], "exact": true}
[     1s] CHECK repro.W_ALPHA.A0/s2027 OK {"g": 0.6001866611774284, "ci95": [0.15840731101176422, 1.0529740408489965], "n": 9138, "published_g": 0.6001866611774284, "published_ci95": [0.15840731101176422, 1.0529740408489965], "exact": true}
[     1s] CHECK repro.W_ALPHA.A1/s42 OK {"g": 0.6166582123601877, "ci95": [0.1771146518212867, 1.0618431025415358], "n": 9138, "published_g": 0.6166582123601877, "published_ci95": [0.1771146518212867, 1.0618431025415358], "exact": true}
[     1s] CHECK repro.W_ALPHA.A1/s2027 OK {"g": 0.6313477750219423, "ci95": [0.18913015328858698, 1.0831393059590955], "n": 9138, "published_g": 0.6313477750219423, "published_ci95": [0.18913015328858698, 1.0831393059590955], "exact": true}
[     1s] CHECK state.axis_prefix_equals_arm_ts OK {"state_anchors": 10099, "last": "2026-09-10T00:00Z"}
[     9s] labels EXCL
[    17s] labels INCL
[    22s] cells EXCL
[    26s] cells INCL
[    26s] CHECK stats.own_bootstrap_equals_judge_ci95 OK []
[    28s] periods
[    28s] persistence
[    29s] knn
[    29s] root cause
[    29s] v2 sections
[    29s] VERDICT PASS []
