windows 52 missing-ledger symbols [] 0
sign convention below: POSITIVE = book pays (device carry_ex convention); live_pays = -funding_usd/realized_gross*1e4
dev_target     mean +2.343 sd 1.154 se 0.160 n 52
settle_target  mean +2.320 sd 1.122 se 0.156 n 52
dev_real       mean +2.033 sd 0.950 se 0.132 n 52
settle_real    mean +1.975 sd 0.726 se 0.101 n 52
live_pays      mean +1.909 sd 0.696 se 0.096 n 52
gap live_pays - dev_target : mean -0.435 sd 0.842 se 0.117 n 52
gap live_pays - settle_target: mean -0.411 sd 0.818 se 0.113 n 52
gap settle_target - dev_target (rate staleness + pro-rata): mean -0.024 sd 0.784 se 0.109 n 52
gap dev_real - dev_target (weights: realized vs target): mean -0.311 sd 0.604 se 0.084 n 52
gap live_pays - settle_real (readback notional x window settlements vs venue income): mean -0.066 sd 0.483 se 0.067 n 52
--- x1 period only (rg<100k), n 47
dev_target     mean +2.483 sd 1.125 se 0.164 n 47
settle_target  mean +2.445 sd 1.106 se 0.161 n 47
dev_real       mean +2.139 sd 0.936 se 0.137 n 47
settle_real    mean +2.062 sd 0.707 se 0.103 n 47
live_pays      mean +1.988 sd 0.682 se 0.099 n 47
gap live_pays - dev_target (x1): mean -0.495 sd 0.858 se 0.125 n 47
--- overlap 08-26 04Z..08-30 20Z n 26
dev_target     mean +2.229 sd 1.178 se 0.231 n 26
settle_target  mean +2.268 sd 1.151 se 0.226 n 26
live_pays      mean +1.977 sd 0.753 se 0.148 n 26
mean g_target 0.7683027683194414 mean rg 50397.163211243664 mean g_rb/rg 1.0
stale names mean 0.1346153846153846 miss names mean 0.0 g_miss_frac mean 0.0
annualised: bps/anchor x 2190/100 = %/gross/yr:  dev_target 51.32212540024614  live_pays 41.806165284928994  gap -9.515960115317139
N | when | dev_t | settle_t | dev_real | settle_real | live_pays | rg | stale | miss
1787702400 2026-08-26 00:00Z  +1.78  +1.88  +1.87  +1.92  +1.92    21999 0 0
1787716800 2026-08-26 04:00Z  +1.92  +1.88  +1.97  +1.95  +2.00    22065 0 0
1787731200 2026-08-26 08:00Z  +1.81  +1.23  +1.87  +1.27  +1.27    22098 0 0
1787745600 2026-08-26 12:00Z  +1.42  +3.24  +1.33  +3.32  +0.00    29536 0 0
1787774400 2026-08-26 20:00Z  +3.48  +5.99  +2.60  +2.67  +2.79    15665 0 0
1787788800 2026-08-27 00:00Z  +7.09  +4.81  +7.16  +4.87  +3.89    22338 2 0
1787803200 2026-08-27 04:00Z  +2.50  +2.18  +2.66  +2.41  +2.38    26054 2 0
1787817600 2026-08-27 08:00Z  +1.63  +1.25  +1.78  +1.29  +1.28    29410 2 0
1787832000 2026-08-27 12:00Z  +1.57  +1.49  +1.61  +1.48  +1.50    40264 1 0
1787846400 2026-08-27 16:00Z  +1.31  +1.44  +1.32  +1.47  +1.48    41284 0 0
1787860800 2026-08-27 20:00Z  +1.59  +2.12  +1.63  +2.15  +2.17    40828 0 0
1787875200 2026-08-28 00:00Z  +2.34  +1.67  +2.36  +1.69  +1.70    41103 0 0
1787889600 2026-08-28 04:00Z  +1.80  +1.47  +1.85  +1.50  +1.50    40904 0 0
1787904000 2026-08-28 08:00Z  +1.35  +1.40  +1.38  +1.43  +1.44    40999 0 0
1787918400 2026-08-28 12:00Z  +1.58  +2.05  +1.61  +2.07  +2.04    41321 0 0
1787932800 2026-08-28 16:00Z  +1.84  +1.28  +1.88  +1.31  +1.32    41282 0 0
1787947200 2026-08-28 20:00Z  +1.40  +1.68  +1.42  +1.70  +1.73    41298 0 0
1787961600 2026-08-29 00:00Z  +1.55  +1.82  +1.56  +1.85  +1.88    41450 0 0
1787976000 2026-08-29 04:00Z  +1.87  +1.18  +1.91  +1.20  +1.21    41512 0 0
1787990400 2026-08-29 08:00Z  +1.13  +2.15  +1.15  +2.18  +2.20    41616 0 0
1788004800 2026-08-29 12:00Z  +2.30  +1.87  +2.37  +1.92  +1.89    42013 0 0
1788048000 2026-08-30 00:00Z  +3.50  +2.49  +3.55  +2.53  +2.51    42146 0 0
1788062400 2026-08-30 04:00Z  +2.46  +2.59  +2.49  +2.62  +2.64    42033 0 0
1788076800 2026-08-30 08:00Z  +2.53  +2.49  +2.52  +2.46  +2.53    42505 0 0
1788091200 2026-08-30 12:00Z  +2.69  +2.61  +2.82  +2.74  +2.72    42491 0 0
1788105600 2026-08-30 16:00Z  +2.46  +2.55  +2.49  +2.59  +2.70    42147 0 0
1788120000 2026-08-30 20:00Z  +2.85  +4.05  +2.24  +2.68  +2.64    41395 0 0
1788134400 2026-08-31 00:00Z  +4.00  +4.37  +2.58  +3.19  +3.22    41408 0 0
1788148800 2026-08-31 04:00Z  +4.08  +3.68  +3.28  +2.76  +2.74    41524 0 0
1788163200 2026-08-31 08:00Z  +3.47  +2.31  +2.66  +1.48  +1.44    41509 0 0
1788177600 2026-08-31 12:00Z  +3.51  +4.45  +1.48  +1.74  +1.77    41019 0 0
1788192000 2026-08-31 16:00Z  +4.12  +2.83  +1.51  +1.33  +1.32    41166 0 0
1788206400 2026-08-31 20:00Z  +2.94  +3.07  +1.80  +1.97  +1.96    40975 0 0
1788220800 2026-09-01 00:00Z  +3.34  +3.28  +2.23  +2.09  +2.11    40753 0 0
1788235200 2026-09-01 04:00Z  +3.01  +3.27  +1.94  +2.45  +2.59    40414 0 0
1788249600 2026-09-01 08:00Z  +3.72  +4.12  +2.73  +2.63  +2.75    40200 0 0
1788264000 2026-09-01 12:00Z  +3.86  +4.11  +2.64  +3.03  +3.07    39934 0 0
1788278400 2026-09-01 16:00Z  +3.75  +2.11  +2.79  +1.81  +1.86    40212 0 0
1788321600 2026-09-02 04:00Z  +3.11  +2.00  +2.49  +1.94  +1.96    40801 0 0
1788336000 2026-09-02 08:00Z  +1.90  +2.07  +1.89  +2.23  +2.28    40555 0 0
1788350400 2026-09-02 12:00Z  +1.79  +1.72  +2.03  +1.87  +1.88    40520 0 0
1788364800 2026-09-02 16:00Z  +1.48  +1.76  +1.61  +1.37  +1.35    40693 0 0
1788379200 2026-09-02 20:00Z  +1.95  +2.51  +1.44  +1.99  +2.01    41282 0 0
1788393600 2026-09-03 00:00Z  +2.07  +2.07  +1.69  +1.63  +1.63    41502 0 0
1788408000 2026-09-03 04:00Z  +1.94  +2.14  +1.60  +1.93  +1.95    41674 0 0
1788422400 2026-09-03 08:00Z  +1.95  +1.04  +1.72  +1.02  +1.03    41639 0 0
1788436800 2026-09-03 12:00Z  +0.97  +1.16  +1.04  +1.16  +1.19    42029 0 0
1788451200 2026-09-03 16:00Z  +0.94  +0.94  +0.93  +0.92  +0.92   163439 0 0
1788465600 2026-09-03 20:00Z  +0.92  +1.49  +0.89  +1.50  +1.51   166138 0 0
1788480000 2026-09-04 00:00Z  +1.36  +1.03  +1.36  +1.05  +1.05   165589 0 0
1788494400 2026-09-04 04:00Z  +1.00  +1.00  +1.03  +1.05  +1.05   164402 0 0
1788508800 2026-09-04 08:00Z  +0.92  +1.26  +0.96  +1.29  +1.30   163524 0 0
