P2 ledger vs archive, +/-24h around interval switches, months=2026-01,2026-02,2026-03,2026-04,2026-05,2026-06,2026-07,2026-08
  ledger /workspace/uplift_r2_2026-09-13/P2/work/ledger_full.npz
    sha bea6f5752772d54e  pin_asserted=True  symbols=829 rows=2633090
    span 2020-01-01T00:00Z .. 2026-09-01T02:00Z   NaN zip_iv <=> src==1: True
  2026-01: archive_syms=560 shared=560 not_on_axis=0  switches=66 in 46 syms
       windows: events=1765 present=1765 ABSENT=0 out_of_coverage=0  absent_rate=0.0%
       src: api_only=0 (0.0%)  zip_only=0  both_equal=91766 (100.0%)  both_UNEQUAL=0
       month: archive_events=91766 ledger_rows=91766 ledger_rows_with_no_archive_event=0
       rates: compared=91766 bitwise_equal=91766 differing=0 max_abs_diff=0.000e+00
  2026-02: archive_syms=563 shared=563 not_on_axis=0  switches=44 in 27 syms
       windows: events=1295 present=1295 ABSENT=0 out_of_coverage=0  absent_rate=0.0%
       src: api_only=0 (0.0%)  zip_only=0  both_equal=83676 (100.0%)  both_UNEQUAL=0
       month: archive_events=83676 ledger_rows=83676 ledger_rows_with_no_archive_event=0
       rates: compared=83676 bitwise_equal=83676 differing=0 max_abs_diff=0.000e+00
  2026-03: archive_syms=573 shared=573 not_on_axis=0  switches=50 in 30 syms
       windows: events=1479 present=1479 ABSENT=0 out_of_coverage=0  absent_rate=0.0%
       src: api_only=0 (0.0%)  zip_only=0  both_equal=93649 (100.0%)  both_UNEQUAL=0
       month: archive_events=93649 ledger_rows=93649 ledger_rows_with_no_archive_event=0
       rates: compared=93649 bitwise_equal=93649 differing=0 max_abs_diff=0.000e+00
  2026-04: archive_syms=578 shared=578 not_on_axis=0  switches=31 in 17 syms
       windows: events=923 present=923 ABSENT=0 out_of_coverage=0  absent_rate=0.0%
       src: api_only=0 (0.0%)  zip_only=0  both_equal=91097 (100.0%)  both_UNEQUAL=0
       month: archive_events=91097 ledger_rows=91097 ledger_rows_with_no_archive_event=0
       rates: compared=91097 bitwise_equal=91097 differing=0 max_abs_diff=0.000e+00
  2026-05: archive_syms=592 shared=592 not_on_axis=0  switches=19 in 11 syms
       windows: events=553 present=553 ABSENT=0 out_of_coverage=0  absent_rate=0.0%
       src: api_only=0 (0.0%)  zip_only=0  both_equal=92436 (100.0%)  both_UNEQUAL=0
       month: archive_events=92438 ledger_rows=92436 ledger_rows_with_no_archive_event=0
       rates: compared=92438 bitwise_equal=92436 differing=2 max_abs_diff=2.179e-03
              worst: MSFTUSDT@2026-05-21T00:00Z ledger=0.0 archive=-0.00217887
  2026-06: archive_syms=646 shared=646 not_on_axis=0  switches=64 in 33 syms
       windows: events=1351 present=1351 ABSENT=0 out_of_coverage=0  absent_rate=0.0%
       src: api_only=0 (0.0%)  zip_only=0  both_equal=95061 (100.0%)  both_UNEQUAL=0
       month: archive_events=95077 ledger_rows=95061 ledger_rows_with_no_archive_event=0
       rates: compared=95077 bitwise_equal=95061 differing=16 max_abs_diff=9.041e-03
              worst: BABAUSDT@2026-06-11T00:00Z ledger=-0.00018854 archive=-0.00922915
  2026-07: archive_syms=680 shared=680 not_on_axis=0  switches=50 in 30 syms
       windows: events=1068 present=1068 ABSENT=0 out_of_coverage=0  absent_rate=0.0%
       src: api_only=0 (0.0%)  zip_only=0  both_equal=102966 (100.0%)  both_UNEQUAL=0
       month: archive_events=102966 ledger_rows=102966 ledger_rows_with_no_archive_event=0
       rates: compared=102966 bitwise_equal=102966 differing=0 max_abs_diff=0.000e+00
  2026-08: archive_syms=680 shared=679 not_on_axis=1  switches=48 in 27 syms
       windows: events=832 present=832 ABSENT=0 out_of_coverage=0  absent_rate=0.0%
       src: api_only=103527 (100.0%)  zip_only=0  both_equal=0 (0.0%)  both_UNEQUAL=0
       month: archive_events=103527 ledger_rows=103527 ledger_rows_with_no_archive_event=0
       rates: compared=103527 bitwise_equal=103527 differing=0 max_abs_diff=0.000e+00
  ALL: {'archive_events_in_windows': 9266, 'present_in_ledger': 9266}
  VERDICT P2_LEDGER_COMPLETE_IN_SWITCH_WINDOWS  absent_rate=0.0%
Traceback (most recent call last):
  File "/workspace/d10_dryrun_2026-09-27/devices/d10_p2_ledger_vs_archive.py", line 396, in <module>
    sys.exit(main())
             ^^^^^^
  File "/workspace/d10_dryrun_2026-09-27/devices/d10_p2_ledger_vs_archive.py", line 391, in main
    print(f"  receipt -> {a.out}  sha256={DW.write_json(a.out, rec, indent=1, allow_nan=True)}")
                                          ^^
NameError: name 'DW' is not defined
