LOADED 48 artifacts; device sha256 944fa277c074059e7629b9cc2bddc911117b899ab7576212b4e480b7c5c7cfc1; arm d30_n2_c42; identical anchor set n=10038 first 2022-01-31 00:00 last 2026-08-30 20:00
window sizes: 2024=2196, 2025=2190, 2026<=08-10=1332, 2026->08-30=1452, 2024->26=5838, 2025->26=3642, 2024->26<=cut=5718, 2025->26<=cut=3522

===== LEVELS caliber=log [raw Σ-simple y4 (meta), CAL=log = no transform] arm=d30_n2_c42 col=net_ex (bps/anchor); per window: mean S=Sharpe DD=maxDD(bps); then 2025->26 gross / w3_king / w3_fund / turnover
rule king   seed  |                 2024 |                 2025 |          2026<=08-10 |          2026->08-30 |             2024->26 |             2025->26 | gross w_king w_fund turn
R0   rollm  s42   |  +0.094 S+0.33 DD925 |  +0.344 S+1.11 DD472 |  +2.603 S+4.88 DD479 |  +2.104 S+3.91 DD801 |  +0.688 S+1.85 DD925 |  +1.046 S+2.51 DD801 | 0.630 0.557 0.443 0.03121
R1   rollm  s42   |  +0.052 S+0.19 DD937 |  +0.438 S+1.41 DD515 |  +2.409 S+4.62 DD455 |  +1.919 S+3.64 DD803 |  +0.661 S+1.81 DD937 |  +1.028 S+2.50 DD803 | 0.626 0.461 0.539 0.02866
R2   rollm  s42   |  +0.147 S+0.51 DD614 |  +0.505 S+1.44 DD665 |  +2.753 S+4.99 DD445 |  +2.196 S+3.96 DD835 |  +0.791 S+2.01 DD835 |  +1.179 S+2.65 DD835 | 0.650 0.343 0.657 0.02139
R3   rollm  s42   |  -0.036 S-0.13 DD777 |  +0.218 S+0.72 DD503 |  +2.427 S+4.78 DD454 |  +1.992 S+3.88 DD710 |  +0.564 S+1.58 DD777 |  +0.925 S+2.31 DD710 | 0.660 0.529 0.471 0.03279
R4   rollm  s42   |  +0.125 S+0.46 DD862 |  +0.348 S+1.10 DD478 |  +2.726 S+5.02 DD479 |  +2.215 S+4.05 DD789 |  +0.728 S+1.95 DD862 |  +1.092 S+2.58 DD789 | 0.642 0.531 0.469 0.02990
R5   rollm  s42   |  +0.144 S+0.54 DD484 |  +0.496 S+1.52 DD468 |  +2.575 S+5.11 DD472 |  +2.127 S+4.20 DD703 |  +0.769 S+2.13 DD703 |  +1.146 S+2.81 DD703 | 0.626 0.553 0.447 0.03089
R0   rollm  s2027 |  +0.166 S+0.59 DD860 |  +0.424 S+1.34 DD500 |  +2.594 S+4.86 DD474 |  +2.102 S+3.90 DD794 |  +0.744 S+2.00 DD860 |  +1.093 S+2.60 DD794 | 0.642 0.557 0.443 0.03013
R1   rollm  s2027 |  +0.136 S+0.50 DD855 |  +0.495 S+1.58 DD560 |  +2.412 S+4.62 DD457 |  +1.927 S+3.65 DD794 |  +0.716 S+1.95 DD855 |  +1.066 S+2.58 DD794 | 0.634 0.461 0.539 0.02781
R2   rollm  s2027 |  +0.187 S+0.64 DD621 |  +0.558 S+1.56 DD561 |  +2.733 S+4.95 DD444 |  +2.178 S+3.93 DD833 |  +0.821 S+2.08 DD833 |  +1.204 S+2.70 DD833 | 0.657 0.343 0.657 0.02074
R3   rollm  s2027 |  +0.056 S+0.21 DD729 |  +0.294 S+0.95 DD521 |  +2.394 S+4.70 DD458 |  +1.968 S+3.82 DD707 |  +0.621 S+1.73 DD729 |  +0.961 S+2.38 DD707 | 0.670 0.529 0.471 0.03179
R4   rollm  s2027 |  +0.200 S+0.75 DD797 |  +0.407 S+1.26 DD507 |  +2.665 S+4.89 DD477 |  +2.160 S+3.94 DD785 |  +0.765 S+2.04 DD797 |  +1.106 S+2.58 DD785 | 0.653 0.531 0.469 0.02876
R5   rollm  s2027 |  +0.233 S+0.88 DD463 |  +0.550 S+1.66 DD490 |  +2.612 S+5.17 DD472 |  +2.166 S+4.26 DD695 |  +0.833 S+2.29 DD695 |  +1.194 S+2.90 DD695 | 0.636 0.553 0.447 0.03007
R0   pinned s42   |  +0.149 S+0.53 DD795 |  +0.359 S+1.15 DD418 |  +2.512 S+4.83 DD452 |  +2.013 S+3.84 DD771 |  +0.691 S+1.88 DD795 |  +1.018 S+2.48 DD771 | 0.630 0.549 0.451 0.03086
R1   pinned s42   |  +0.028 S+0.10 DD995 |  +0.522 S+1.70 DD459 |  +2.396 S+4.63 DD442 |  +1.939 S+3.74 DD706 |  +0.689 S+1.92 DD995 |  +1.087 S+2.69 DD706 | 0.624 0.468 0.532 0.02906
R2   pinned s42   |  +0.152 S+0.52 DD654 |  +0.485 S+1.41 DD645 |  +2.753 S+5.05 DD436 |  +2.236 S+4.08 DD784 |  +0.796 S+2.04 DD784 |  +1.184 S+2.71 DD784 | 0.641 0.321 0.679 0.02089
R3   pinned s42   |  -0.048 S-0.17 DD815 |  +0.230 S+0.74 DD471 |  +2.285 S+4.66 DD430 |  +1.859 S+3.76 DD666 |  +0.531 S+1.50 DD815 |  +0.879 S+2.23 DD666 | 0.662 0.524 0.476 0.03271
R4   pinned s42   |  +0.089 S+0.34 DD814 |  +0.350 S+1.10 DD436 |  +2.629 S+4.96 DD460 |  +2.130 S+3.99 DD757 |  +0.694 S+1.89 DD814 |  +1.059 S+2.54 DD757 | 0.646 0.531 0.469 0.03000
R5   pinned s42   |  +0.028 S+0.11 DD802 |  +0.480 S+1.48 DD408 |  +2.457 S+5.02 DD447 |  +2.059 S+4.18 DD625 |  +0.703 S+1.98 DD802 |  +1.109 S+2.78 DD625 | 0.620 0.554 0.446 0.03120
R0   pinned s2027 |  +0.217 S+0.78 DD740 |  +0.438 S+1.36 DD430 |  +2.486 S+4.78 DD460 |  +1.994 S+3.80 DD757 |  +0.742 S+2.00 DD757 |  +1.058 S+2.55 DD757 | 0.642 0.549 0.451 0.03002
R1   pinned s2027 |  +0.104 S+0.40 DD927 |  +0.611 S+1.96 DD440 |  +2.398 S+4.63 DD444 |  +1.944 S+3.74 DD695 |  +0.752 S+2.09 DD927 |  +1.143 S+2.80 DD695 | 0.633 0.468 0.532 0.02834
R2   pinned s2027 |  +0.183 S+0.62 DD666 |  +0.586 S+1.67 DD551 |  +2.757 S+5.04 DD437 |  +2.239 S+4.08 DD777 |  +0.846 S+2.16 DD777 |  +1.245 S+2.82 DD777 | 0.649 0.321 0.679 0.02035
R3   pinned s2027 |  +0.004 S+0.01 DD798 |  +0.291 S+0.92 DD497 |  +2.266 S+4.61 DD447 |  +1.851 S+3.73 DD652 |  +0.571 S+1.60 DD798 |  +0.913 S+2.30 DD652 | 0.672 0.524 0.476 0.03190
R4   pinned s2027 |  +0.160 S+0.61 DD770 |  +0.430 S+1.32 DD485 |  +2.617 S+4.92 DD465 |  +2.123 S+3.97 DD743 |  +0.750 S+2.02 DD770 |  +1.105 S+2.62 DD743 | 0.658 0.531 0.469 0.02908
R5   pinned s2027 |  +0.094 S+0.36 DD782 |  +0.541 S+1.64 DD476 |  +2.477 S+5.05 DD467 |  +2.083 S+4.22 DD616 |  +0.756 S+2.12 DD782 |  +1.156 S+2.86 DD616 | 0.631 0.554 0.446 0.03057

===== LEVELS caliber=prod [compounded Π(1+r5)-1 over [E+1,E+48] (meta_newprod swap), CAL=log] arm=d30_n2_c42 col=net_ex (bps/anchor); per window: mean S=Sharpe DD=maxDD(bps); then 2025->26 gross / w3_king / w3_fund / turnover
rule king   seed  |                 2024 |                 2025 |          2026<=08-10 |          2026->08-30 |             2024->26 |             2025->26 | gross w_king w_fund turn
R0   rollm  s42   |  +0.116 S+0.42 DD906 |  +0.344 S+1.11 DD462 |  +2.603 S+4.93 DD358 |  +2.117 S+3.98 DD777 |  +0.699 S+1.90 DD906 |  +1.051 S+2.54 DD777 | 0.624 0.567 0.433 0.03181
R1   rollm  s42   |  +0.081 S+0.29 DD942 |  +0.458 S+1.45 DD484 |  +2.488 S+4.77 DD348 |  +1.994 S+3.79 DD781 |  +0.698 S+1.91 DD942 |  +1.070 S+2.59 DD781 | 0.621 0.467 0.533 0.02886
R2   rollm  s42   |  +0.106 S+0.37 DD789 |  +0.520 S+1.44 DD583 |  +2.739 S+5.00 DD326 |  +2.225 S+4.05 DD780 |  +0.789 S+2.00 DD789 |  +1.200 S+2.69 DD780 | 0.645 0.329 0.671 0.02105
R3   rollm  s42   |  -0.031 S-0.12 DD786 |  +0.223 S+0.73 DD464 |  +2.516 S+4.97 DD348 |  +2.081 S+4.08 DD699 |  +0.590 S+1.66 DD786 |  +0.964 S+2.40 DD699 | 0.655 0.534 0.466 0.03315
R4   rollm  s42   |  +0.155 S+0.59 DD817 |  +0.350 S+1.09 DD469 |  +2.655 S+4.96 DD364 |  +2.162 S+4.02 DD776 |  +0.727 S+1.97 DD817 |  +1.073 S+2.55 DD776 | 0.634 0.549 0.451 0.03097
R5   rollm  s42   |  +0.206 S+0.76 DD447 |  +0.498 S+1.48 DD485 |  +2.633 S+5.30 DD358 |  +2.207 S+4.42 DD666 |  +0.813 S+2.24 DD666 |  +1.179 S+2.88 DD666 | 0.622 0.563 0.437 0.03123
R0   rollm  s2027 |  +0.214 S+0.79 DD806 |  +0.404 S+1.27 DD484 |  +2.641 S+4.99 DD359 |  +2.155 S+4.04 DD773 |  +0.768 S+2.08 DD806 |  +1.102 S+2.64 DD773 | 0.636 0.567 0.433 0.03072
R1   rollm  s2027 |  +0.185 S+0.68 DD871 |  +0.538 S+1.68 DD547 |  +2.445 S+4.67 DD346 |  +1.956 S+3.71 DD780 |  +0.758 S+2.06 DD871 |  +1.103 S+2.65 DD780 | 0.629 0.467 0.533 0.02790
R2   rollm  s2027 |  +0.190 S+0.66 DD728 |  +0.574 S+1.57 DD505 |  +2.728 S+4.96 DD327 |  +2.215 S+4.03 DD779 |  +0.838 S+2.11 DD779 |  +1.228 S+2.74 DD779 | 0.652 0.329 0.671 0.02041
R3   rollm  s2027 |  +0.093 S+0.36 DD708 |  +0.309 S+0.99 DD512 |  +2.439 S+4.84 DD358 |  +2.034 S+4.00 DD670 |  +0.657 S+1.85 DD708 |  +0.997 S+2.48 DD670 | 0.665 0.534 0.466 0.03215
R4   rollm  s2027 |  +0.257 S+0.98 DD753 |  +0.415 S+1.27 DD489 |  +2.651 S+4.96 DD374 |  +2.162 S+4.02 DD769 |  +0.790 S+2.13 DD769 |  +1.112 S+2.62 DD769 | 0.645 0.549 0.451 0.02984
R5   rollm  s2027 |  +0.277 S+1.04 DD422 |  +0.563 S+1.65 DD491 |  +2.699 S+5.42 DD354 |  +2.274 S+4.54 DD657 |  +0.881 S+2.42 DD657 |  +1.245 S+3.02 DD657 | 0.632 0.563 0.437 0.03040
R0   pinned s42   |  +0.116 S+0.43 DD967 |  +0.339 S+1.06 DD413 |  +2.543 S+4.95 DD345 |  +2.068 S+4.00 DD737 |  +0.685 S+1.88 DD967 |  +1.028 S+2.51 DD737 | 0.624 0.563 0.437 0.03157
R1   pinned s42   | +0.064 S+0.24 DD1008 |  +0.524 S+1.68 DD457 |  +2.349 S+4.56 DD352 |  +1.903 S+3.69 DD668 | +0.694 S+1.93 DD1008 |  +1.074 S+2.64 DD668 | 0.615 0.474 0.525 0.02925
R2   pinned s42   |  +0.115 S+0.39 DD773 |  +0.515 S+1.46 DD594 |  +2.700 S+4.95 DD336 |  +2.197 S+4.02 DD756 |  +0.783 S+2.00 DD773 |  +1.185 S+2.69 DD756 | 0.636 0.315 0.685 0.02085
R3   pinned s42   |  -0.025 S-0.09 DD828 |  +0.243 S+0.77 DD420 |  +2.387 S+4.89 DD328 |  +1.942 S+3.96 DD688 |  +0.565 S+1.60 DD828 |  +0.920 S+2.33 DD688 | 0.655 0.531 0.469 0.03323
R4   pinned s42   |  +0.112 S+0.45 DD849 |  +0.314 S+0.98 DD408 |  +2.510 S+4.82 DD356 |  +2.025 S+3.86 DD747 |  +0.663 S+1.84 DD849 |  +0.996 S+2.40 DD747 | 0.636 0.551 0.449 0.03125
R5   pinned s42   |  +0.078 S+0.29 DD779 |  +0.480 S+1.44 DD425 |  +2.503 S+5.20 DD345 |  +2.120 S+4.39 DD601 |  +0.737 S+2.07 DD779 |  +1.134 S+2.83 DD601 | 0.617 0.568 0.432 0.03171
R0   pinned s2027 |  +0.197 S+0.73 DD896 |  +0.399 S+1.22 DD446 |  +2.524 S+4.92 DD364 |  +2.058 S+3.98 DD730 |  +0.736 S+2.00 DD896 |  +1.060 S+2.56 DD730 | 0.636 0.563 0.437 0.03078
R1   pinned s2027 |  +0.165 S+0.63 DD916 |  +0.588 S+1.85 DD478 |  +2.356 S+4.56 DD351 |  +1.909 S+3.69 DD672 |  +0.757 S+2.10 DD916 |  +1.115 S+2.72 DD672 | 0.624 0.474 0.525 0.02853
R2   pinned s2027 |  +0.183 S+0.62 DD727 |  +0.575 S+1.61 DD522 |  +2.688 S+4.93 DD334 |  +2.187 S+4.00 DD751 |  +0.829 S+2.10 DD751 |  +1.218 S+2.75 DD751 | 0.643 0.315 0.685 0.02033
R3   pinned s2027 |  +0.062 S+0.23 DD772 |  +0.311 S+0.97 DD452 |  +2.379 S+4.88 DD352 |  +1.954 S+3.98 DD655 |  +0.626 S+1.77 DD772 |  +0.966 S+2.43 DD655 | 0.665 0.531 0.469 0.03243
R4   pinned s2027 |  +0.184 S+0.74 DD817 |  +0.389 S+1.19 DD446 |  +2.560 S+4.90 DD344 |  +2.076 S+3.95 DD728 |  +0.731 S+2.01 DD817 |  +1.061 S+2.54 DD728 | 0.648 0.551 0.449 0.03033
R5   pinned s2027 |  +0.159 S+0.60 DD712 |  +0.565 S+1.66 DD449 |  +2.532 S+5.24 DD362 |  +2.156 S+4.45 DD577 |  +0.808 S+2.25 DD712 |  +1.199 S+2.96 DD601 | 0.628 0.568 0.432 0.03109

===== DELTAS caliber=log: Δ = rule − R0, net_ex bps/anchor, paired by anchor; day-block bootstrap NB=2000 seed=20260905; cells: Δ [CI95] P(Δ>0)
rule king   seed  |                         2024 |                         2025 |                  2026<=08-10 |                  2026->08-30 |                     2024->26 |                     2025->26 | ΔSharpe(25on/24on) Δturn%(25on/24on) Δw_king(25on) maxDD R0/Rk(25on)
R1   rollm  s42   | -0.042 [-0.188,+0.098] 0.282 | +0.094 [-0.352,+0.557] 0.673 | -0.193 [-0.479,+0.053] 0.069 | -0.185 [-0.440,+0.065] 0.067 | -0.027 [-0.220,+0.168] 0.392 | -0.018 [-0.316,+0.284] 0.440 | -0.01/-0.04 -8.2%/-4.9% -0.096 801/803
                  | <=cut variants: 2024->26<=cut -0.025 [-0.213,+0.169] 0.378 | 2025->26<=cut -0.015 [-0.306,+0.276] 0.473
R2   rollm  s42   | +0.053 [-0.317,+0.439] 0.597 | +0.161 [-0.169,+0.508] 0.831 | +0.150 [-0.150,+0.459] 0.841 | +0.092 [-0.200,+0.386] 0.735 | +0.103 [-0.105,+0.311] 0.832 | +0.134 [-0.099,+0.369] 0.861 | +0.14/+0.16 -31.5%/-30.4% -0.215 801/835
                  | <=cut variants: 2024->26<=cut +0.117 [-0.088,+0.319] 0.862 | 2025->26<=cut +0.157 [-0.080,+0.382] 0.908
R3   rollm  s42   | -0.130 [-0.335,+0.059] 0.085 | -0.126 [-0.357,+0.103] 0.148 | -0.176 [-0.357,-0.000] 0.025 | -0.112 [-0.279,+0.061] 0.103 | -0.124 [-0.249,-0.003] 0.022 | -0.120 [-0.274,+0.046] 0.078 | -0.21/-0.27 +5.1%/+2.1% -0.029 801/710
                  | <=cut variants: 2024->26<=cut -0.139 [-0.262,-0.010] 0.015 | 2025->26<=cut -0.144 [-0.307,+0.004] 0.029
R4   rollm  s42   | +0.031 [-0.092,+0.157] 0.710 | +0.004 [-0.060,+0.064] 0.526 | +0.123 [+0.015,+0.240] 0.988 | +0.111 [+0.011,+0.218] 0.983 | +0.041 [-0.018,+0.101] 0.915 | +0.047 [-0.007,+0.101] 0.952 | +0.06/+0.10 -4.2%/-0.4% -0.026 801/789
                  | <=cut variants: 2024->26<=cut +0.042 [-0.017,+0.102] 0.922 | 2025->26<=cut +0.049 [-0.009,+0.107] 0.954
R5   rollm  s42   | +0.050 [-0.264,+0.384] 0.617 | +0.152 [+0.006,+0.300] 0.981 | -0.028 [-0.378,+0.347] 0.414 | +0.024 [-0.289,+0.372] 0.566 | +0.082 [-0.072,+0.243] 0.848 | +0.101 [-0.051,+0.261] 0.897 | +0.30/+0.27 -1.0%/-0.7% -0.004 801/703
                  | <=cut variants: 2024->26<=cut +0.071 [-0.081,+0.233] 0.817 | 2025->26<=cut +0.084 [-0.070,+0.241] 0.849
R1   rollm  s2027 | -0.030 [-0.194,+0.129] 0.341 | +0.071 [-0.403,+0.530] 0.613 | -0.182 [-0.445,+0.063] 0.085 | -0.175 [-0.411,+0.059] 0.063 | -0.028 [-0.210,+0.161] 0.373 | -0.027 [-0.305,+0.264] 0.424 | -0.02/-0.04 -7.7%/-4.6% -0.096 794/794
                  | <=cut variants: 2024->26<=cut -0.027 [-0.212,+0.177] 0.384 | 2025->26<=cut -0.025 [-0.318,+0.274] 0.443
R2   rollm  s2027 | +0.021 [-0.390,+0.395] 0.517 | +0.134 [-0.236,+0.502] 0.755 | +0.139 [-0.155,+0.415] 0.825 | +0.076 [-0.193,+0.353] 0.708 | +0.077 [-0.133,+0.288] 0.770 | +0.111 [-0.120,+0.342] 0.806 | +0.09/+0.08 -31.2%/-30.1% -0.215 794/833
                  | <=cut variants: 2024->26<=cut +0.092 [-0.125,+0.302] 0.789 | 2025->26<=cut +0.136 [-0.119,+0.392] 0.848
R3   rollm  s2027 | -0.110 [-0.323,+0.095] 0.148 | -0.130 [-0.350,+0.103] 0.145 | -0.200 [-0.381,-0.026] 0.015 | -0.134 [-0.313,+0.035] 0.061 | -0.123 [-0.249,-0.005] 0.022 | -0.132 [-0.291,+0.029] 0.057 | -0.22/-0.26 +5.5%/+2.4% -0.029 794/707
                  | <=cut variants: 2024->26<=cut -0.139 [-0.260,-0.014] 0.013 | 2025->26<=cut -0.157 [-0.320,+0.002] 0.027
R4   rollm  s2027 | +0.035 [-0.084,+0.163] 0.694 | -0.017 [-0.083,+0.051] 0.310 | +0.071 [-0.025,+0.167] 0.932 | +0.058 [-0.029,+0.151] 0.901 | +0.021 [-0.035,+0.078] 0.770 | +0.013 [-0.042,+0.065] 0.670 | -0.02/+0.04 -4.5%/-0.5% -0.026 794/785
                  | <=cut variants: 2024->26<=cut +0.023 [-0.031,+0.083] 0.782 | 2025->26<=cut +0.016 [-0.039,+0.071] 0.706
R5   rollm  s2027 | +0.067 [-0.233,+0.396] 0.668 | +0.126 [-0.016,+0.274] 0.955 | +0.018 [-0.345,+0.412] 0.530 | +0.064 [-0.279,+0.428] 0.627 | +0.088 [-0.067,+0.249] 0.864 | +0.101 [-0.056,+0.265] 0.890 | +0.30/+0.29 -0.2%/-0.2% -0.004 794/695
                  | <=cut variants: 2024->26<=cut +0.078 [-0.079,+0.250] 0.836 | 2025->26<=cut +0.085 [-0.085,+0.252] 0.823
R1   pinned s42   | -0.121 [-0.309,+0.056] 0.086 | +0.163 [-0.293,+0.626] 0.748 | -0.116 [-0.460,+0.236] 0.283 | -0.074 [-0.389,+0.221] 0.316 | -0.003 [-0.201,+0.207] 0.510 | +0.068 [-0.233,+0.379] 0.663 | +0.21/+0.04 -5.8%/+0.8% -0.081 771/706
                  | <=cut variants: 2024->26<=cut -0.011 [-0.218,+0.204] 0.464 | 2025->26<=cut +0.057 [-0.265,+0.369] 0.636
R2   pinned s42   | +0.004 [-0.339,+0.323] 0.510 | +0.126 [-0.220,+0.475] 0.773 | +0.241 [-0.067,+0.540] 0.943 | +0.223 [-0.043,+0.517] 0.944 | +0.104 [-0.094,+0.289] 0.844 | +0.165 [-0.065,+0.404] 0.923 | +0.23/+0.16 -32.3%/-29.7% -0.227 771/784
                  | <=cut variants: 2024->26<=cut +0.106 [-0.083,+0.298] 0.865 | 2025->26<=cut +0.170 [-0.086,+0.417] 0.909
R3   pinned s42   | -0.197 [-0.401,+0.001] 0.025 | -0.129 [-0.358,+0.101] 0.142 | -0.226 [-0.407,-0.051] 0.008 | -0.154 [-0.329,+0.022] 0.049 | -0.161 [-0.285,-0.037] 0.005 | -0.139 [-0.287,+0.018] 0.045 | -0.25/-0.39 +6.0%/+4.9% -0.024 771/666
                  | <=cut variants: 2024->26<=cut -0.178 [-0.305,-0.050] 0.004 | 2025->26<=cut -0.166 [-0.319,-0.006] 0.021
R4   pinned s42   | -0.060 [-0.188,+0.055] 0.165 | -0.009 [-0.082,+0.065] 0.394 | +0.117 [-0.001,+0.244] 0.974 | +0.116 [+0.005,+0.228] 0.981 | +0.003 [-0.055,+0.066] 0.555 | +0.041 [-0.020,+0.105] 0.902 | +0.06/+0.01 -2.8%/+2.0% -0.017 771/757
                  | <=cut variants: 2024->26<=cut +0.001 [-0.058,+0.062] 0.507 | 2025->26<=cut +0.039 [-0.023,+0.106] 0.891
R5   pinned s42   | -0.121 [-0.376,+0.112] 0.155 | +0.121 [+0.010,+0.246] 0.983 | -0.055 [-0.424,+0.331] 0.382 | +0.046 [-0.303,+0.421] 0.609 | +0.011 [-0.127,+0.150] 0.569 | +0.091 [-0.066,+0.256] 0.872 | +0.30/+0.09 +1.1%/+3.5% +0.005 771/625
                  | <=cut variants: 2024->26<=cut -0.013 [-0.150,+0.126] 0.435 | 2025->26<=cut +0.054 [-0.115,+0.226] 0.727
R1   pinned s2027 | -0.113 [-0.299,+0.070] 0.112 | +0.174 [-0.302,+0.634] 0.753 | -0.087 [-0.426,+0.226] 0.280 | -0.050 [-0.357,+0.234] 0.351 | +0.010 [-0.195,+0.216] 0.540 | +0.085 [-0.231,+0.400] 0.686 | +0.25/+0.08 -5.6%/+1.0% -0.081 757/695
                  | <=cut variants: 2024->26<=cut +0.003 [-0.210,+0.219] 0.518 | 2025->26<=cut +0.075 [-0.246,+0.402] 0.666
R2   pinned s2027 | -0.034 [-0.355,+0.328] 0.431 | +0.149 [-0.200,+0.534] 0.804 | +0.271 [-0.029,+0.576] 0.962 | +0.246 [-0.026,+0.527] 0.962 | +0.104 [-0.082,+0.301] 0.843 | +0.187 [-0.058,+0.422] 0.934 | +0.27/+0.15 -32.2%/-29.4% -0.227 757/777
                  | <=cut variants: 2024->26<=cut +0.107 [-0.088,+0.303] 0.846 | 2025->26<=cut +0.195 [-0.057,+0.441] 0.941
R3   pinned s2027 | -0.213 [-0.427,-0.009] 0.019 | -0.147 [-0.374,+0.087] 0.104 | -0.219 [-0.396,-0.045] 0.007 | -0.143 [-0.316,+0.016] 0.036 | -0.171 [-0.292,-0.046] 0.003 | -0.145 [-0.305,+0.013] 0.037 | -0.25/-0.40 +6.3%/+5.2% -0.024 757/652
                  | <=cut variants: 2024->26<=cut -0.189 [-0.311,-0.067] 0.003 | 2025->26<=cut -0.174 [-0.342,-0.017] 0.015
R4   pinned s2027 | -0.057 [-0.179,+0.069] 0.186 | -0.008 [-0.080,+0.068] 0.420 | +0.131 [+0.012,+0.247] 0.986 | +0.130 [+0.027,+0.243] 0.992 | +0.008 [-0.054,+0.069] 0.593 | +0.047 [-0.014,+0.112] 0.941 | +0.07/+0.02 -3.1%/+1.9% -0.017 757/743
                  | <=cut variants: 2024->26<=cut +0.006 [-0.057,+0.066] 0.581 | 2025->26<=cut +0.045 [-0.021,+0.108] 0.908
R5   pinned s2027 | -0.123 [-0.377,+0.128] 0.171 | +0.104 [-0.020,+0.232] 0.949 | -0.008 [-0.402,+0.416] 0.487 | +0.089 [-0.298,+0.485] 0.662 | +0.015 [-0.129,+0.146] 0.578 | +0.098 [-0.071,+0.272] 0.873 | +0.31/+0.11 +1.9%/+4.1% +0.005 757/616
                  | <=cut variants: 2024->26<=cut -0.009 [-0.158,+0.129] 0.461 | 2025->26<=cut +0.061 [-0.107,+0.237] 0.761

===== DELTAS caliber=prod: Δ = rule − R0, net_ex bps/anchor, paired by anchor; day-block bootstrap NB=2000 seed=20260905; cells: Δ [CI95] P(Δ>0)
rule king   seed  |                         2024 |                         2025 |                  2026<=08-10 |                  2026->08-30 |                     2024->26 |                     2025->26 | ΔSharpe(25on/24on) Δturn%(25on/24on) Δw_king(25on) maxDD R0/Rk(25on)
R1   rollm  s42   | -0.036 [-0.189,+0.116] 0.331 | +0.113 [-0.371,+0.584] 0.678 | -0.115 [-0.389,+0.140] 0.194 | -0.123 [-0.363,+0.112] 0.159 | -0.002 [-0.194,+0.199] 0.490 | +0.019 [-0.273,+0.315] 0.552 | +0.05/+0.00 -9.3%/-6.2% -0.100 777/781
                  | <=cut variants: 2024->26<=cut +0.003 [-0.194,+0.199] 0.500 | 2025->26<=cut +0.027 [-0.288,+0.332] 0.570
R2   rollm  s42   | -0.010 [-0.412,+0.373] 0.486 | +0.176 [-0.197,+0.578] 0.817 | +0.135 [-0.195,+0.455] 0.793 | +0.108 [-0.200,+0.419] 0.743 | +0.089 [-0.127,+0.315] 0.795 | +0.149 [-0.116,+0.416] 0.869 | +0.15/+0.10 -33.8%/-31.4% -0.239 777/780
                  | <=cut variants: 2024->26<=cut +0.095 [-0.140,+0.322] 0.805 | 2025->26<=cut +0.160 [-0.101,+0.425] 0.876
R3   rollm  s42   | -0.147 [-0.347,+0.052] 0.077 | -0.121 [-0.350,+0.098] 0.153 | -0.087 [-0.257,+0.076] 0.154 | -0.036 [-0.202,+0.140] 0.355 | -0.110 [-0.234,+0.008] 0.032 | -0.087 [-0.247,+0.071] 0.139 | -0.14/-0.24 +4.2%/+1.1% -0.034 777/699
                  | <=cut variants: 2024->26<=cut -0.123 [-0.247,+0.004] 0.030 | 2025->26<=cut -0.108 [-0.273,+0.046] 0.090
R4   rollm  s42   | +0.039 [-0.080,+0.157] 0.751 | +0.006 [-0.057,+0.075] 0.554 | +0.052 [-0.024,+0.131] 0.898 | +0.045 [-0.034,+0.118] 0.869 | +0.028 [-0.025,+0.082] 0.849 | +0.021 [-0.029,+0.069] 0.813 | +0.01/+0.07 -2.6%/-0.1% -0.019 777/776
                  | <=cut variants: 2024->26<=cut +0.029 [-0.025,+0.085] 0.864 | 2025->26<=cut +0.023 [-0.027,+0.071] 0.819
R5   rollm  s42   | +0.089 [-0.237,+0.398] 0.722 | +0.153 [-0.011,+0.317] 0.965 | +0.029 [-0.318,+0.411] 0.568 | +0.090 [-0.256,+0.446] 0.675 | +0.114 [-0.051,+0.272] 0.911 | +0.128 [-0.036,+0.312] 0.939 | +0.34/+0.34 -1.8%/-2.4% -0.005 777/666
                  | <=cut variants: 2024->26<=cut +0.100 [-0.059,+0.250] 0.894 | 2025->26<=cut +0.106 [-0.065,+0.280] 0.883
R1   rollm  s2027 | -0.029 [-0.189,+0.137] 0.366 | +0.134 [-0.333,+0.609] 0.700 | -0.195 [-0.497,+0.096] 0.089 | -0.199 [-0.460,+0.054] 0.062 | -0.010 [-0.211,+0.197] 0.457 | +0.001 [-0.295,+0.324] 0.525 | +0.01/-0.02 -9.2%/-6.2% -0.100 773/780
                  | <=cut variants: 2024->26<=cut -0.006 [-0.202,+0.195] 0.484 | 2025->26<=cut +0.009 [-0.291,+0.321] 0.521
R2   rollm  s2027 | -0.025 [-0.452,+0.379] 0.449 | +0.170 [-0.212,+0.540] 0.800 | +0.087 [-0.261,+0.426] 0.707 | +0.061 [-0.258,+0.397] 0.654 | +0.069 [-0.149,+0.283] 0.710 | +0.126 [-0.122,+0.393] 0.838 | +0.10/+0.03 -33.5%/-31.2% -0.239 773/779
                  | <=cut variants: 2024->26<=cut +0.076 [-0.140,+0.308] 0.735 | 2025->26<=cut +0.139 [-0.134,+0.424] 0.845
R3   rollm  s2027 | -0.121 [-0.320,+0.076] 0.112 | -0.096 [-0.337,+0.136] 0.204 | -0.201 [-0.368,-0.034] 0.009 | -0.121 [-0.290,+0.044] 0.070 | -0.112 [-0.237,+0.008] 0.036 | -0.106 [-0.256,+0.052] 0.099 | -0.16/-0.23 +4.6%/+1.4% -0.034 773/670
                  | <=cut variants: 2024->26<=cut -0.130 [-0.246,-0.009] 0.018 | 2025->26<=cut -0.136 [-0.301,+0.030] 0.051
R4   rollm  s2027 | +0.043 [-0.082,+0.168] 0.745 | +0.011 [-0.054,+0.082] 0.606 | +0.011 [-0.093,+0.113] 0.556 | +0.007 [-0.093,+0.102] 0.559 | +0.022 [-0.032,+0.081] 0.769 | +0.009 [-0.047,+0.068] 0.618 | -0.02/+0.05 -2.9%/-0.2% -0.019 773/769
                  | <=cut variants: 2024->26<=cut +0.023 [-0.036,+0.084] 0.789 | 2025->26<=cut +0.011 [-0.046,+0.070] 0.636
R5   rollm  s2027 | +0.063 [-0.262,+0.400] 0.641 | +0.159 [-0.006,+0.318] 0.969 | +0.059 [-0.319,+0.480] 0.620 | +0.120 [-0.257,+0.466] 0.742 | +0.113 [-0.050,+0.283] 0.916 | +0.143 [-0.024,+0.318] 0.951 | +0.38/+0.34 -1.1%/-1.9% -0.005 773/657
                  | <=cut variants: 2024->26<=cut +0.099 [-0.073,+0.271] 0.872 | 2025->26<=cut +0.121 [-0.053,+0.297] 0.916
R1   pinned s42   | -0.051 [-0.221,+0.114] 0.258 | +0.185 [-0.314,+0.679] 0.780 | -0.194 [-0.545,+0.165] 0.151 | -0.165 [-0.503,+0.163] 0.172 | +0.009 [-0.216,+0.240] 0.546 | +0.045 [-0.275,+0.371] 0.604 | +0.14/+0.05 -7.4%/-2.3% -0.088 737/668
                  | <=cut variants: 2024->26<=cut +0.006 [-0.212,+0.228] 0.520 | 2025->26<=cut +0.042 [-0.286,+0.386] 0.604
R2   pinned s42   | -0.001 [-0.356,+0.331] 0.518 | +0.176 [-0.195,+0.534] 0.829 | +0.157 [-0.210,+0.513] 0.787 | +0.129 [-0.212,+0.445] 0.773 | +0.098 [-0.113,+0.317] 0.822 | +0.157 [-0.091,+0.421] 0.898 | +0.18/+0.12 -34.0%/-31.6% -0.247 737/756
                  | <=cut variants: 2024->26<=cut +0.103 [-0.106,+0.311] 0.842 | 2025->26<=cut +0.169 [-0.082,+0.433] 0.906
R3   pinned s42   | -0.141 [-0.348,+0.062] 0.092 | -0.096 [-0.336,+0.136] 0.198 | -0.155 [-0.298,-0.018] 0.013 | -0.126 [-0.272,+0.016] 0.043 | -0.120 [-0.244,-0.003] 0.024 | -0.108 [-0.265,+0.049] 0.080 | -0.18/-0.28 +5.2%/+3.5% -0.031 737/688
                  | <=cut variants: 2024->26<=cut -0.127 [-0.254,-0.006] 0.022 | 2025->26<=cut -0.119 [-0.269,+0.045] 0.081
R4   pinned s42   | -0.004 [-0.129,+0.120] 0.449 | -0.026 [-0.100,+0.045] 0.238 | -0.033 [-0.191,+0.112] 0.345 | -0.043 [-0.194,+0.093] 0.306 | -0.022 [-0.087,+0.041] 0.240 | -0.033 [-0.105,+0.037] 0.183 | -0.10/-0.05 -1.0%/+3.0% -0.011 737/747
                  | <=cut variants: 2024->26<=cut -0.019 [-0.083,+0.048] 0.286 | 2025->26<=cut -0.028 [-0.100,+0.043] 0.219
R5   pinned s42   | -0.037 [-0.308,+0.221] 0.370 | +0.141 [+0.017,+0.275] 0.990 | -0.040 [-0.415,+0.363] 0.427 | +0.052 [-0.317,+0.438] 0.611 | +0.052 [-0.088,+0.193] 0.763 | +0.106 [-0.061,+0.278] 0.890 | +0.33/+0.19 +0.4%/+0.5% +0.005 737/601
                  | <=cut variants: 2024->26<=cut +0.031 [-0.120,+0.172] 0.660 | 2025->26<=cut +0.073 [-0.096,+0.249] 0.796
R1   pinned s2027 | -0.033 [-0.199,+0.134] 0.362 | +0.190 [-0.319,+0.708] 0.762 | -0.168 [-0.558,+0.206] 0.179 | -0.149 [-0.513,+0.178] 0.199 | +0.022 [-0.203,+0.258] 0.574 | +0.055 [-0.278,+0.379] 0.627 | +0.16/+0.10 -7.3%/-2.2% -0.088 730/672
                  | <=cut variants: 2024->26<=cut +0.021 [-0.195,+0.233] 0.587 | 2025->26<=cut +0.054 [-0.285,+0.403] 0.611
R2   pinned s2027 | -0.014 [-0.368,+0.343] 0.462 | +0.176 [-0.176,+0.546] 0.827 | +0.164 [-0.201,+0.516] 0.808 | +0.129 [-0.208,+0.464] 0.771 | +0.093 [-0.114,+0.303] 0.812 | +0.158 [-0.082,+0.426] 0.890 | +0.19/+0.10 -34.0%/-31.4% -0.247 730/751
                  | <=cut variants: 2024->26<=cut +0.101 [-0.118,+0.323] 0.813 | 2025->26<=cut +0.172 [-0.095,+0.421] 0.889
R3   pinned s2027 | -0.136 [-0.342,+0.069] 0.096 | -0.088 [-0.321,+0.155] 0.239 | -0.145 [-0.298,+0.003] 0.029 | -0.104 [-0.264,+0.047] 0.090 | -0.110 [-0.238,+0.012] 0.034 | -0.094 [-0.244,+0.068] 0.136 | -0.13/-0.23 +5.4%/+3.7% -0.031 730/655
                  | <=cut variants: 2024->26<=cut -0.119 [-0.251,+0.002] 0.028 | 2025->26<=cut -0.110 [-0.268,+0.054] 0.092
R4   pinned s2027 | -0.013 [-0.146,+0.116] 0.402 | -0.010 [-0.079,+0.060] 0.401 | +0.036 [-0.140,+0.199] 0.675 | +0.018 [-0.154,+0.169] 0.611 | -0.004 [-0.075,+0.065] 0.456 | +0.001 [-0.079,+0.073] 0.521 | -0.02/+0.00 -1.4%/+2.8% -0.011 730/728
                  | <=cut variants: 2024->26<=cut -0.001 [-0.071,+0.071] 0.485 | 2025->26<=cut +0.007 [-0.072,+0.082] 0.575
R5   pinned s2027 | -0.038 [-0.320,+0.225] 0.392 | +0.167 [+0.038,+0.307] 0.993 | +0.007 [-0.388,+0.430] 0.536 | +0.098 [-0.280,+0.512] 0.705 | +0.073 [-0.082,+0.221] 0.821 | +0.139 [-0.034,+0.317] 0.948 | +0.40/+0.25 +1.0%/+1.0% +0.005 730/601
                  | <=cut variants: 2024->26<=cut +0.051 [-0.096,+0.209] 0.749 | 2025->26<=cut +0.106 [-0.059,+0.290] 0.888

===== SEAT TRAJECTORIES (w3_king): yearly mean | switches (sign(w-0.5) flips) | jumps (|Δw|>=0.05) | seat_turn (mean |Δw|)
  R0 rollm  s42   log  : 2022=0.225 2023=0.066 2024=0.713 2025=0.692 2026=0.354 | 25on mean 0.557 [0.192,1.000] switches 101/23 jumps 139/2 seat_turn 0.01037/0.00418
  R0 rollm  s42   prod : 2022=0.222 2023=0.050 2024=0.735 2025=0.705 2026=0.360 | 25on mean 0.567 [0.198,1.000] switches 109/29 jumps 155/8 seat_turn 0.01046/0.00457
  R0 rollm  s2027 log  : 2022=0.225 2023=0.066 2024=0.713 2025=0.692 2026=0.354 | 25on mean 0.557 [0.192,1.000] switches 101/23 jumps 139/2 seat_turn 0.01037/0.00418
  R0 rollm  s2027 prod : 2022=0.222 2023=0.050 2024=0.735 2025=0.705 2026=0.360 | 25on mean 0.567 [0.198,1.000] switches 109/29 jumps 155/8 seat_turn 0.01046/0.00457
  R0 pinned s42   log  : 2022=0.225 2023=0.066 2024=0.639 2025=0.673 2026=0.361 | 25on mean 0.549 [0.190,1.000] switches 67/17 jumps 162/3 seat_turn 0.00878/0.00444
  R0 pinned s42   prod : 2022=0.222 2023=0.050 2024=0.682 2025=0.687 2026=0.375 | 25on mean 0.563 [0.207,1.000] switches 85/27 jumps 184/9 seat_turn 0.00941/0.00477
  R0 pinned s2027 log  : 2022=0.225 2023=0.066 2024=0.639 2025=0.673 2026=0.361 | 25on mean 0.549 [0.190,1.000] switches 67/17 jumps 162/3 seat_turn 0.00878/0.00444
  R0 pinned s2027 prod : 2022=0.222 2023=0.050 2024=0.682 2025=0.687 2026=0.375 | 25on mean 0.563 [0.207,1.000] switches 85/27 jumps 184/9 seat_turn 0.00941/0.00477
  R1 rollm  s42   log  : 2022=0.198 2023=0.141 2024=0.715 2025=0.550 2026=0.326 | 25on mean 0.461 [0.000,1.000] switches 169/79 jumps 322/82 seat_turn 0.01746/0.01217
  R1 rollm  s42   prod : 2022=0.187 2023=0.138 2024=0.721 2025=0.564 2026=0.322 | 25on mean 0.467 [0.000,1.000] switches 158/65 jumps 358/88 seat_turn 0.01913/0.01252
  R1 rollm  s2027 log  : 2022=0.198 2023=0.141 2024=0.715 2025=0.550 2026=0.326 | 25on mean 0.461 [0.000,1.000] switches 169/79 jumps 322/82 seat_turn 0.01746/0.01217
  R1 rollm  s2027 prod : 2022=0.187 2023=0.138 2024=0.721 2025=0.564 2026=0.322 | 25on mean 0.467 [0.000,1.000] switches 158/65 jumps 358/88 seat_turn 0.01913/0.01252
  R1 pinned s42   log  : 2022=0.198 2023=0.141 2024=0.693 2025=0.548 2026=0.347 | 25on mean 0.468 [0.000,1.000] switches 114/46 jumps 360/119 seat_turn 0.01763/0.01259
  R1 pinned s42   prod : 2022=0.187 2023=0.138 2024=0.698 2025=0.557 2026=0.350 | 25on mean 0.474 [0.000,1.000] switches 140/53 jumps 361/118 seat_turn 0.01917/0.01343
  R1 pinned s2027 log  : 2022=0.198 2023=0.141 2024=0.693 2025=0.548 2026=0.347 | 25on mean 0.468 [0.000,1.000] switches 114/46 jumps 360/119 seat_turn 0.01763/0.01259
  R1 pinned s2027 prod : 2022=0.187 2023=0.138 2024=0.698 2025=0.557 2026=0.350 | 25on mean 0.474 [0.000,1.000] switches 140/53 jumps 361/118 seat_turn 0.01917/0.01343
  R2 rollm  s42   log  : 2022=0.244 2023=0.105 2024=0.393 2025=0.455 2026=0.173 | 25on mean 0.343 [0.000,1.000] switches 71/11 jumps 175/62 seat_turn 0.01114/0.00819
  R2 rollm  s42   prod : 2022=0.233 2023=0.087 2024=0.410 2025=0.443 2026=0.156 | 25on mean 0.329 [0.000,1.000] switches 76/20 jumps 194/68 seat_turn 0.01174/0.00939
  R2 rollm  s2027 log  : 2022=0.244 2023=0.105 2024=0.393 2025=0.455 2026=0.173 | 25on mean 0.343 [0.000,1.000] switches 71/11 jumps 175/62 seat_turn 0.01114/0.00819
  R2 rollm  s2027 prod : 2022=0.233 2023=0.087 2024=0.410 2025=0.443 2026=0.156 | 25on mean 0.329 [0.000,1.000] switches 76/20 jumps 194/68 seat_turn 0.01174/0.00939
  R2 pinned s42   log  : 2022=0.244 2023=0.105 2024=0.346 2025=0.416 2026=0.178 | 25on mean 0.321 [0.000,1.000] switches 56/14 jumps 152/74 seat_turn 0.00968/0.00806
  R2 pinned s42   prod : 2022=0.233 2023=0.087 2024=0.369 2025=0.410 2026=0.173 | 25on mean 0.315 [0.000,1.000] switches 54/26 jumps 146/71 seat_turn 0.00888/0.00824
  R2 pinned s2027 log  : 2022=0.244 2023=0.105 2024=0.346 2025=0.416 2026=0.178 | 25on mean 0.321 [0.000,1.000] switches 56/14 jumps 152/74 seat_turn 0.00968/0.00806
  R2 pinned s2027 prod : 2022=0.233 2023=0.087 2024=0.369 2025=0.410 2026=0.173 | 25on mean 0.315 [0.000,1.000] switches 54/26 jumps 146/71 seat_turn 0.00888/0.00824
  R3 rollm  s42   log  : 2022=0.325 2023=0.283 2024=0.607 2025=0.596 2026=0.427 | 25on mean 0.529 [0.346,0.750] switches 101/23 jumps 73/0 seat_turn 0.00518/0.00209
  R3 rollm  s42   prod : 2022=0.324 2023=0.275 2024=0.617 2025=0.603 2026=0.430 | 25on mean 0.534 [0.349,0.750] switches 109/29 jumps 67/0 seat_turn 0.00523/0.00228
  R3 rollm  s2027 log  : 2022=0.325 2023=0.283 2024=0.607 2025=0.596 2026=0.427 | 25on mean 0.529 [0.346,0.750] switches 101/23 jumps 73/0 seat_turn 0.00518/0.00209
  R3 rollm  s2027 prod : 2022=0.324 2023=0.275 2024=0.617 2025=0.603 2026=0.430 | 25on mean 0.534 [0.349,0.750] switches 109/29 jumps 67/0 seat_turn 0.00523/0.00228
  R3 pinned s42   log  : 2022=0.325 2023=0.283 2024=0.570 2025=0.586 2026=0.431 | 25on mean 0.524 [0.345,0.750] switches 67/17 jumps 50/0 seat_turn 0.00439/0.00222
  R3 pinned s42   prod : 2022=0.324 2023=0.275 2024=0.591 2025=0.594 2026=0.437 | 25on mean 0.531 [0.354,0.750] switches 85/27 jumps 61/0 seat_turn 0.00470/0.00238
  R3 pinned s2027 log  : 2022=0.325 2023=0.283 2024=0.570 2025=0.586 2026=0.431 | 25on mean 0.524 [0.345,0.750] switches 67/17 jumps 50/0 seat_turn 0.00439/0.00222
  R3 pinned s2027 prod : 2022=0.324 2023=0.275 2024=0.591 2025=0.594 2026=0.437 | 25on mean 0.531 [0.354,0.750] switches 85/27 jumps 61/0 seat_turn 0.00470/0.00238
  R4 rollm  s42   log  : 2022=0.225 2023=0.066 2024=0.756 2025=0.674 2026=0.316 | 25on mean 0.531 [0.124,1.000] switches 75/11 jumps 99/6 seat_turn 0.00884/0.00407
  R4 rollm  s42   prod : 2022=0.222 2023=0.050 2024=0.769 2025=0.694 2026=0.330 | 25on mean 0.549 [0.114,1.000] switches 63/13 jumps 112/15 seat_turn 0.00876/0.00441
  R4 rollm  s2027 log  : 2022=0.225 2023=0.066 2024=0.756 2025=0.674 2026=0.316 | 25on mean 0.531 [0.124,1.000] switches 75/11 jumps 99/6 seat_turn 0.00884/0.00407
  R4 rollm  s2027 prod : 2022=0.222 2023=0.050 2024=0.769 2025=0.694 2026=0.330 | 25on mean 0.549 [0.114,1.000] switches 63/13 jumps 112/15 seat_turn 0.00876/0.00441
  R4 pinned s42   log  : 2022=0.225 2023=0.066 2024=0.679 2025=0.662 2026=0.334 | 25on mean 0.531 [0.216,1.000] switches 67/15 jumps 148/6 seat_turn 0.00875/0.00391
  R4 pinned s42   prod : 2022=0.222 2023=0.050 2024=0.720 2025=0.683 2026=0.353 | 25on mean 0.551 [0.226,1.000] switches 89/11 jumps 166/13 seat_turn 0.00994/0.00421
  R4 pinned s2027 log  : 2022=0.225 2023=0.066 2024=0.679 2025=0.662 2026=0.334 | 25on mean 0.531 [0.216,1.000] switches 67/15 jumps 148/6 seat_turn 0.00875/0.00391
  R4 pinned s2027 prod : 2022=0.222 2023=0.050 2024=0.720 2025=0.683 2026=0.353 | 25on mean 0.551 [0.226,1.000] switches 89/11 jumps 166/13 seat_turn 0.00994/0.00421
  R5 rollm  s42   log  : 2022=0.342 2023=0.076 2024=0.624 2025=0.646 2026=0.413 | 25on mean 0.553 [0.196,1.000] switches 159/27 jumps 252/22 seat_turn 0.01670/0.00706
  R5 rollm  s42   prod : 2022=0.326 2023=0.093 2024=0.639 2025=0.660 2026=0.415 | 25on mean 0.563 [0.189,1.000] switches 147/29 jumps 206/20 seat_turn 0.01506/0.00701
  R5 rollm  s2027 log  : 2022=0.342 2023=0.076 2024=0.624 2025=0.646 2026=0.413 | 25on mean 0.553 [0.196,1.000] switches 159/27 jumps 252/22 seat_turn 0.01670/0.00706
  R5 rollm  s2027 prod : 2022=0.326 2023=0.093 2024=0.639 2025=0.660 2026=0.415 | 25on mean 0.563 [0.189,1.000] switches 147/29 jumps 206/20 seat_turn 0.01506/0.00701
  R5 pinned s42   log  : 2022=0.342 2023=0.076 2024=0.581 2025=0.640 2026=0.425 | 25on mean 0.554 [0.146,1.000] switches 148/37 jumps 206/22 seat_turn 0.01486/0.00708
  R5 pinned s42   prod : 2022=0.326 2023=0.093 2024=0.597 2025=0.656 2026=0.436 | 25on mean 0.568 [0.160,1.000] switches 146/41 jumps 197/21 seat_turn 0.01394/0.00699
  R5 pinned s2027 log  : 2022=0.342 2023=0.076 2024=0.581 2025=0.640 2026=0.425 | 25on mean 0.554 [0.146,1.000] switches 148/37 jumps 206/22 seat_turn 0.01486/0.00708
  R5 pinned s2027 prod : 2022=0.326 2023=0.093 2024=0.597 2025=0.656 2026=0.436 | 25on mean 0.568 [0.160,1.000] switches 146/41 jumps 197/21 seat_turn 0.01394/0.00699

===== R2: per-leg unit-gross rank-book turnover (unit gross/anchor) and deduction κ·turn (bps/anchor), yearly means (from the R2 artifacts' axisb_turn; legs sequence)
  rollm  log  king  : turn 2022=0.0000 2023=0.0000 2024=0.5709 2025=0.5541 2026=0.5484 all=0.3251 | deduction 2022=0.000 2023=0.000 2024=2.010 2025=1.950 2026=1.930 | r 25on +2.620 -> net +0.678
  rollm  log  rev24 : turn 2022=0.5745 2023=0.5992 2024=0.5939 2025=0.5817 2026=0.5385 all=0.5805 | deduction 2022=2.022 2023=2.109 2024=2.091 2025=2.048 2026=1.895 | r 25on +0.859 -> net -1.128
  rollm  log  fund  : turn 2022=0.0380 2023=0.0383 2024=0.0445 2025=0.0344 2026=0.0296 all=0.0375 | deduction 2022=0.134 2023=0.135 2024=0.157 2025=0.121 2026=0.104 | r 25on +3.082 -> net +2.968
  rollm  prod king  : turn 2022=0.0000 2023=0.0000 2024=0.5709 2025=0.5541 2026=0.5484 all=0.3251 | deduction 2022=0.000 2023=0.000 2024=2.010 2025=1.950 2026=1.930 | r 25on +2.447 -> net +0.504
  rollm  prod rev24 : turn 2022=0.5745 2023=0.5992 2024=0.5939 2025=0.5817 2026=0.5385 all=0.5805 | deduction 2022=2.022 2023=2.109 2024=2.091 2025=2.048 2026=1.895 | r 25on +0.892 -> net -1.094
  rollm  prod fund  : turn 2022=0.0380 2023=0.0383 2024=0.0445 2025=0.0344 2026=0.0296 all=0.0375 | deduction 2022=0.134 2023=0.135 2024=0.157 2025=0.121 2026=0.104 | r 25on +2.906 -> net +2.792
  pinned log  king  : turn 2022=0.0000 2023=0.0000 2024=0.6308 2025=0.5650 2026=0.5480 all=0.3405 | deduction 2022=0.000 2023=0.000 2024=2.220 2025=1.989 2026=1.929 | r 25on +2.654 -> net +0.689
  pinned log  rev24 : turn 2022=0.5745 2023=0.5992 2024=0.5939 2025=0.5817 2026=0.5385 all=0.5805 | deduction 2022=2.022 2023=2.109 2024=2.091 2025=2.048 2026=1.895 | r 25on +0.859 -> net -1.128
  pinned log  fund  : turn 2022=0.0380 2023=0.0383 2024=0.0445 2025=0.0344 2026=0.0296 all=0.0375 | deduction 2022=0.134 2023=0.135 2024=0.157 2025=0.121 2026=0.104 | r 25on +3.082 -> net +2.968
  pinned prod king  : turn 2022=0.0000 2023=0.0000 2024=0.6308 2025=0.5650 2026=0.5480 all=0.3405 | deduction 2022=0.000 2023=0.000 2024=2.220 2025=1.989 2026=1.929 | r 25on +2.536 -> net +0.571
  pinned prod rev24 : turn 2022=0.5745 2023=0.5992 2024=0.5939 2025=0.5817 2026=0.5385 all=0.5805 | deduction 2022=2.022 2023=2.109 2024=2.091 2025=2.048 2026=1.895 | r 25on +0.892 -> net -1.094
  pinned prod fund  : turn 2022=0.0380 2023=0.0383 2024=0.0445 2025=0.0344 2026=0.0296 all=0.0375 | deduction 2022=0.134 2023=0.135 2024=0.157 2025=0.121 2026=0.104 | r 25on +2.906 -> net +2.792

===== R5: fallback share by year (evaluated anchors p>=LOOK) and tercile counts
  rollm  log  s42   : fallback 2022=0.0126 2023=0.0 2024=0.0 2025=0.0 2026=0.0 all=0.0015 (n_eval 9138) | tercile counts 2024+ [553, 1242, 4043]
  rollm  log  s2027 : fallback 2022=0.0126 2023=0.0 2024=0.0 2025=0.0 2026=0.0 all=0.0015 (n_eval 9138) | tercile counts 2024+ [553, 1242, 4043]
  rollm  prod s42   : fallback 2022=0.0126 2023=0.0 2024=0.0 2025=0.0 2026=0.0 all=0.0015 (n_eval 9138) | tercile counts 2024+ [553, 1242, 4043]
  rollm  prod s2027 : fallback 2022=0.0126 2023=0.0 2024=0.0 2025=0.0 2026=0.0 all=0.0015 (n_eval 9138) | tercile counts 2024+ [553, 1242, 4043]
  pinned log  s42   : fallback 2022=0.0126 2023=0.0 2024=0.0 2025=0.0 2026=0.0 all=0.0015 (n_eval 9138) | tercile counts 2024+ [553, 1242, 4043]
  pinned log  s2027 : fallback 2022=0.0126 2023=0.0 2024=0.0 2025=0.0 2026=0.0 all=0.0015 (n_eval 9138) | tercile counts 2024+ [553, 1242, 4043]
  pinned prod s42   : fallback 2022=0.0126 2023=0.0 2024=0.0 2025=0.0 2026=0.0 all=0.0015 (n_eval 9138) | tercile counts 2024+ [553, 1242, 4043]
  pinned prod s2027 : fallback 2022=0.0126 2023=0.0 2024=0.0 2025=0.0 2026=0.0 all=0.0015 (n_eval 9138) | tercile counts 2024+ [553, 1242, 4043]

σ_fund receipt: device series (legs sequence) vs judge series (rec sequence) on 10024 common finite anchors: max|diff| 0.000e+00, n(diff>1e-9) 0

===== σ_fund TERCILES of Δ (2024->26): cuts 5.45/13.67 bps; n per tercile [1946, 1946, 1946]; mean σ per tercile [3.237, 9.56, 21.086]
  log  rollm  s42   R1: low -0.018 [-0.184,+0.140] P0.40 (+0.059→+0.041) | mid -0.064 [-0.374,+0.275] P0.34 (+0.840→+0.776) | high +0.001 [-0.425,+0.427] P0.49 (+1.164→+1.165)
  log  rollm  s42   R2: low -0.038 [-0.464,+0.390] P0.45 (+0.059→+0.021) | mid -0.055 [-0.372,+0.264] P0.36 (+0.840→+0.786) | high +0.403 [+0.065,+0.739] P0.99 (+1.164→+1.567)
  log  rollm  s42   R3: low -0.141 [-0.354,+0.066] P0.10 (+0.059→-0.083) | mid -0.258 [-0.489,-0.018] P0.02 (+0.840→+0.582) | high +0.028 [-0.179,+0.219] P0.61 (+1.164→+1.192)
  log  rollm  s42   R4: low +0.049 [-0.081,+0.183] P0.77 (+0.059→+0.108) | mid -0.010 [-0.091,+0.065] P0.38 (+0.840→+0.830) | high +0.083 [-0.001,+0.173] P0.97 (+1.164→+1.246)
  log  rollm  s42   R5: low +0.197 [-0.113,+0.529] P0.88 (+0.059→+0.256) | mid -0.035 [-0.347,+0.290] P0.42 (+0.840→+0.806) | high +0.083 [-0.027,+0.197] P0.92 (+1.164→+1.247)
  log  rollm  s2027 R1: low -0.012 [-0.202,+0.169] P0.45 (+0.115→+0.103) | mid -0.059 [-0.383,+0.293] P0.36 (+0.895→+0.836) | high -0.013 [-0.438,+0.427] P0.48 (+1.222→+1.209)
  log  rollm  s2027 R2: low -0.061 [-0.497,+0.340] P0.39 (+0.115→+0.055) | mid -0.111 [-0.423,+0.212] P0.26 (+0.895→+0.784) | high +0.403 [+0.078,+0.718] P0.99 (+1.222→+1.625)
  log  rollm  s2027 R3: low -0.130 [-0.347,+0.080] P0.13 (+0.115→-0.015) | mid -0.235 [-0.466,-0.000] P0.03 (+0.895→+0.660) | high -0.005 [-0.205,+0.188] P0.47 (+1.222→+1.218)
  log  rollm  s2027 R4: low +0.052 [-0.086,+0.181] P0.77 (+0.115→+0.167) | mid -0.036 [-0.118,+0.042] P0.20 (+0.895→+0.859) | high +0.048 [-0.029,+0.131] P0.88 (+1.222→+1.270)
  log  rollm  s2027 R5: low +0.214 [-0.113,+0.582] P0.89 (+0.115→+0.330) | mid -0.046 [-0.369,+0.276] P0.39 (+0.895→+0.849) | high +0.097 [-0.011,+0.212] P0.96 (+1.222→+1.319)
  log  pinned s42   R1: low -0.107 [-0.303,+0.087] P0.15 (+0.084→-0.024) | mid +0.015 [-0.291,+0.351] P0.55 (+0.765→+0.781) | high +0.083 [-0.385,+0.589] P0.66 (+1.225→+1.308)
  log  pinned s42   R2: low -0.096 [-0.446,+0.267] P0.29 (+0.084→-0.013) | mid +0.015 [-0.284,+0.323] P0.55 (+0.765→+0.780) | high +0.394 [+0.068,+0.726] P0.99 (+1.225→+1.619)
  log  pinned s42   R3: low -0.238 [-0.463,-0.025] P0.02 (+0.084→-0.155) | mid -0.243 [-0.479,-0.001] P0.03 (+0.765→+0.522) | high -0.000 [-0.191,+0.194] P0.50 (+1.225→+1.225)
  log  pinned s42   R4: low -0.106 [-0.233,+0.018] P0.04 (+0.084→-0.022) | mid +0.030 [-0.048,+0.101] P0.78 (+0.765→+0.795) | high +0.085 [-0.017,+0.192] P0.95 (+1.225→+1.310)
  log  pinned s42   R5: low -0.009 [-0.257,+0.242] P0.48 (+0.084→+0.075) | mid -0.036 [-0.365,+0.281] P0.42 (+0.765→+0.730) | high +0.078 [-0.026,+0.190] P0.92 (+1.225→+1.304)
  log  pinned s2027 R1: low -0.103 [-0.318,+0.094] P0.15 (+0.136→+0.033) | mid +0.032 [-0.290,+0.374] P0.57 (+0.821→+0.853) | high +0.102 [-0.346,+0.599] P0.68 (+1.268→+1.370)
  log  pinned s2027 R2: low -0.115 [-0.458,+0.230] P0.27 (+0.136→+0.021) | mid -0.001 [-0.303,+0.314] P0.51 (+0.821→+0.820) | high +0.428 [+0.090,+0.795] P0.99 (+1.268→+1.696)
  log  pinned s2027 R3: low -0.257 [-0.481,-0.042] P0.01 (+0.136→-0.121) | mid -0.257 [-0.482,-0.022] P0.02 (+0.821→+0.564) | high +0.002 [-0.196,+0.197] P0.50 (+1.268→+1.270)
  log  pinned s2027 R4: low -0.098 [-0.241,+0.047] P0.10 (+0.136→+0.039) | mid +0.028 [-0.045,+0.103] P0.78 (+0.821→+0.849) | high +0.094 [-0.007,+0.193] P0.97 (+1.268→+1.362)
  log  pinned s2027 R5: low -0.016 [-0.266,+0.247] P0.47 (+0.136→+0.120) | mid -0.010 [-0.311,+0.306] P0.47 (+0.821→+0.811) | high +0.070 [-0.046,+0.193] P0.90 (+1.268→+1.339)
  prod rollm  s42   R1: low -0.027 [-0.201,+0.150] P0.38 (+0.068→+0.040) | mid -0.052 [-0.381,+0.266] P0.37 (+0.825→+0.772) | high +0.075 [-0.364,+0.516] P0.62 (+1.206→+1.282)
  prod rollm  s42   R2: low -0.103 [-0.552,+0.327] P0.33 (+0.068→-0.035) | mid -0.101 [-0.435,+0.229] P0.26 (+0.825→+0.724) | high +0.471 [+0.114,+0.843] P0.99 (+1.206→+1.677)
  prod rollm  s42   R3: low -0.162 [-0.376,+0.033] P0.06 (+0.068→-0.094) | mid -0.244 [-0.482,-0.004] P0.03 (+0.825→+0.581) | high +0.077 [-0.117,+0.267] P0.79 (+1.206→+1.283)
  prod rollm  s42   R4: low +0.052 [-0.076,+0.173] P0.79 (+0.068→+0.120) | mid -0.009 [-0.088,+0.070] P0.44 (+0.825→+0.816) | high +0.041 [-0.026,+0.113] P0.88 (+1.206→+1.247)
  prod rollm  s42   R5: low +0.254 [-0.060,+0.588] P0.94 (+0.068→+0.322) | mid +0.015 [-0.309,+0.344] P0.54 (+0.825→+0.839) | high +0.072 [-0.046,+0.196] P0.88 (+1.206→+1.278)
  prod rollm  s2027 R1: low -0.036 [-0.222,+0.148] P0.34 (+0.149→+0.114) | mid -0.027 [-0.342,+0.316] P0.44 (+0.896→+0.869) | high +0.031 [-0.382,+0.475] P0.56 (+1.260→+1.291)
  prod rollm  s2027 R2: low -0.121 [-0.548,+0.316] P0.30 (+0.149→+0.028) | mid -0.128 [-0.451,+0.207] P0.21 (+0.896→+0.768) | high +0.457 [+0.087,+0.843] P0.99 (+1.260→+1.717)
  prod rollm  s2027 R3: low -0.140 [-0.355,+0.061] P0.09 (+0.149→+0.009) | mid -0.229 [-0.465,+0.023] P0.03 (+0.896→+0.666) | high +0.035 [-0.157,+0.228] P0.62 (+1.260→+1.294)
  prod rollm  s2027 R4: low +0.052 [-0.079,+0.184] P0.78 (+0.149→+0.201) | mid -0.028 [-0.109,+0.047] P0.24 (+0.896→+0.868) | high +0.042 [-0.042,+0.129] P0.84 (+1.260→+1.302)
  prod rollm  s2027 R5: low +0.220 [-0.106,+0.561] P0.90 (+0.149→+0.369) | mid +0.011 [-0.304,+0.343] P0.54 (+0.896→+0.907) | high +0.107 [-0.014,+0.238] P0.95 (+1.260→+1.367)
  prod pinned s42   R1: low -0.048 [-0.237,+0.126] P0.30 (+0.017→-0.031) | mid +0.036 [-0.281,+0.372] P0.58 (+0.765→+0.801) | high +0.039 [-0.456,+0.562] P0.56 (+1.273→+1.312)
  prod pinned s42   R2: low -0.096 [-0.475,+0.285] P0.29 (+0.017→-0.078) | mid -0.034 [-0.344,+0.289] P0.39 (+0.765→+0.730) | high +0.423 [+0.048,+0.779] P0.98 (+1.273→+1.696)
  prod pinned s42   R3: low -0.162 [-0.371,+0.049] P0.07 (+0.017→-0.145) | mid -0.247 [-0.487,-0.001] P0.02 (+0.765→+0.517) | high +0.049 [-0.138,+0.229] P0.68 (+1.273→+1.322)
  prod pinned s42   R4: low -0.042 [-0.170,+0.089] P0.26 (+0.017→-0.024) | mid -0.010 [-0.085,+0.068] P0.39 (+0.765→+0.755) | high -0.014 [-0.144,+0.100] P0.42 (+1.273→+1.259)
  prod pinned s42   R5: low +0.107 [-0.160,+0.393] P0.79 (+0.017→+0.124) | mid +0.007 [-0.305,+0.317] P0.50 (+0.765→+0.771) | high +0.042 [-0.070,+0.158] P0.76 (+1.273→+1.315)
  prod pinned s2027 R1: low -0.032 [-0.218,+0.142] P0.35 (+0.083→+0.051) | mid +0.039 [-0.302,+0.381] P0.58 (+0.818→+0.857) | high +0.058 [-0.489,+0.559] P0.60 (+1.306→+1.364)
  prod pinned s2027 R2: low -0.104 [-0.484,+0.284] P0.29 (+0.083→-0.021) | mid -0.076 [-0.376,+0.227] P0.31 (+0.818→+0.742) | high +0.460 [+0.076,+0.834] P0.99 (+1.306→+1.765)
  prod pinned s2027 R3: low -0.165 [-0.392,+0.039] P0.06 (+0.083→-0.083) | mid -0.232 [-0.483,-0.013] P0.02 (+0.818→+0.586) | high +0.068 [-0.111,+0.260] P0.77 (+1.306→+1.374)
  prod pinned s2027 R4: low -0.055 [-0.196,+0.081] P0.23 (+0.083→+0.028) | mid +0.010 [-0.069,+0.087] P0.59 (+0.818→+0.828) | high +0.032 [-0.104,+0.160] P0.71 (+1.306→+1.338)
  prod pinned s2027 R5: low +0.109 [-0.168,+0.387] P0.78 (+0.083→+0.192) | mid +0.042 [-0.291,+0.340] P0.58 (+0.818→+0.860) | high +0.066 [-0.061,+0.199] P0.84 (+1.306→+1.372)

===== DECISION [rollm R1] (PRIMARY (frozen criteria)): UNDECIDED
  log/s42: Δ -0.0175 CI [-0.3155,+0.2841] P 0.440 Δturn -8.17% | aux 2026<=08-10 Δ -0.1934 CI [-0.4786,+0.0533]
  log/s2027: Δ -0.0272 CI [-0.3049,+0.2643] P 0.424 Δturn -7.72% | aux 2026<=08-10 Δ -0.1818 CI [-0.4450,+0.0630]
  prod/s42: Δ +0.0191 CI [-0.2725,+0.3151] P 0.552 Δturn -9.29% | aux 2026<=08-10 Δ -0.1154 CI [-0.3888,+0.1396]
  prod/s2027: Δ +0.0009 CI [-0.2951,+0.3235] P 0.525 Δturn -9.17% | aux 2026<=08-10 Δ -0.1954 CI [-0.4973,+0.0964]

===== DECISION [rollm R2] (PRIMARY (frozen criteria)): UNDECIDED
  log/s42: Δ +0.1338 CI [-0.0994,+0.3689] P 0.861 Δturn -31.47% | aux 2026<=08-10 Δ +0.1505 CI [-0.1496,+0.4585]
  log/s2027: Δ +0.1109 CI [-0.1200,+0.3423] P 0.806 Δturn -31.16% | aux 2026<=08-10 Δ +0.1387 CI [-0.1549,+0.4155]
  prod/s42: Δ +0.1488 CI [-0.1164,+0.4158] P 0.869 Δturn -33.82% | aux 2026<=08-10 Δ +0.1354 CI [-0.1951,+0.4553]
  prod/s2027: Δ +0.1261 CI [-0.1217,+0.3929] P 0.838 Δturn -33.55% | aux 2026<=08-10 Δ +0.0873 CI [-0.2612,+0.4265]

===== DECISION [rollm R3] (PRIMARY (frozen criteria)): UNDECIDED
  log/s42: Δ -0.1202 CI [-0.2743,+0.0460] P 0.078 Δturn +5.06% | aux 2026<=08-10 Δ -0.1758 CI [-0.3568,-0.0002]
  log/s2027: Δ -0.1315 CI [-0.2914,+0.0285] P 0.057 Δturn +5.49% | aux 2026<=08-10 Δ -0.2000 CI [-0.3806,-0.0260]
  prod/s42: Δ -0.0872 CI [-0.2470,+0.0709] P 0.139 Δturn +4.21% | aux 2026<=08-10 Δ -0.0875 CI [-0.2565,+0.0763]
  prod/s2027: Δ -0.1057 CI [-0.2556,+0.0519] P 0.099 Δturn +4.64% | aux 2026<=08-10 Δ -0.2014 CI [-0.3685,-0.0338]

===== DECISION [rollm R4] (PRIMARY (frozen criteria)): UNDECIDED
  log/s42: Δ +0.0467 CI [-0.0073,+0.1013] P 0.952 Δturn -4.21% | aux 2026<=08-10 Δ +0.1231 CI [+0.0145,+0.2397]
  log/s2027: Δ +0.0129 CI [-0.0422,+0.0650] P 0.670 Δturn -4.54% | aux 2026<=08-10 Δ +0.0712 CI [-0.0248,+0.1665]
  prod/s42: Δ +0.0214 CI [-0.0286,+0.0693] P 0.813 Δturn -2.63% | aux 2026<=08-10 Δ +0.0516 CI [-0.0235,+0.1305]
  prod/s2027: Δ +0.0095 CI [-0.0469,+0.0680] P 0.618 Δturn -2.89% | aux 2026<=08-10 Δ +0.0105 CI [-0.0927,+0.1133]

===== DECISION [rollm R5] (PRIMARY (frozen criteria)): UNDECIDED
  log/s42: Δ +0.1008 CI [-0.0514,+0.2612] P 0.897 Δturn -1.01% | aux 2026<=08-10 Δ -0.0278 CI [-0.3780,+0.3470]
  log/s2027: Δ +0.1012 CI [-0.0559,+0.2645] P 0.890 Δturn -0.21% | aux 2026<=08-10 Δ +0.0177 CI [-0.3455,+0.4120]
  prod/s42: Δ +0.1282 CI [-0.0360,+0.3120] P 0.939 Δturn -1.83% | aux 2026<=08-10 Δ +0.0295 CI [-0.3178,+0.4107]
  prod/s2027: Δ +0.1430 CI [-0.0240,+0.3177] P 0.951 Δturn -1.06% | aux 2026<=08-10 Δ +0.0586 CI [-0.3189,+0.4801]

===== DECISION [pinned R1] (SECONDARY (K0 pinned; not for selection)): UNDECIDED
  log/s42: Δ +0.0683 CI [-0.2333,+0.3788] P 0.663 Δturn -5.81% | aux 2026<=08-10 Δ -0.1159 CI [-0.4598,+0.2363]
  log/s2027: Δ +0.0845 CI [-0.2309,+0.4002] P 0.686 Δturn -5.58% | aux 2026<=08-10 Δ -0.0875 CI [-0.4261,+0.2258]
  prod/s42: Δ +0.0451 CI [-0.2747,+0.3708] P 0.604 Δturn -7.37% | aux 2026<=08-10 Δ -0.1935 CI [-0.5455,+0.1653]
  prod/s2027: Δ +0.0548 CI [-0.2783,+0.3788] P 0.627 Δturn -7.31% | aux 2026<=08-10 Δ -0.1682 CI [-0.5578,+0.2063]

===== DECISION [pinned R2] (SECONDARY (K0 pinned; not for selection)): UNDECIDED
  log/s42: Δ +0.1650 CI [-0.0654,+0.4035] P 0.923 Δturn -32.29% | aux 2026<=08-10 Δ +0.2415 CI [-0.0668,+0.5396]
  log/s2027: Δ +0.1874 CI [-0.0575,+0.4221] P 0.934 Δturn -32.19% | aux 2026<=08-10 Δ +0.2712 CI [-0.0288,+0.5762]
  prod/s42: Δ +0.1571 CI [-0.0908,+0.4212] P 0.898 Δturn -33.95% | aux 2026<=08-10 Δ +0.1573 CI [-0.2104,+0.5129]
  prod/s2027: Δ +0.1576 CI [-0.0816,+0.4262] P 0.890 Δturn -33.95% | aux 2026<=08-10 Δ +0.1641 CI [-0.2009,+0.5160]

===== DECISION [pinned R3] (SECONDARY (K0 pinned; not for selection)): UNDECIDED
  log/s42: Δ -0.1391 CI [-0.2869,+0.0180] P 0.045 Δturn +6.01% | aux 2026<=08-10 Δ -0.2264 CI [-0.4075,-0.0507]
  log/s2027: Δ -0.1451 CI [-0.3047,+0.0130] P 0.037 Δturn +6.26% | aux 2026<=08-10 Δ -0.2192 CI [-0.3959,-0.0448]
  prod/s42: Δ -0.1080 CI [-0.2649,+0.0486] P 0.080 Δturn +5.23% | aux 2026<=08-10 Δ -0.1554 CI [-0.2976,-0.0184]
  prod/s2027: Δ -0.0942 CI [-0.2440,+0.0679] P 0.136 Δturn +5.39% | aux 2026<=08-10 Δ -0.1453 CI [-0.2976,+0.0033]

===== DECISION [pinned R4] (SECONDARY (K0 pinned; not for selection)): UNDECIDED
  log/s42: Δ +0.0409 CI [-0.0202,+0.1047] P 0.902 Δturn -2.76% | aux 2026<=08-10 Δ +0.1171 CI [-0.0006,+0.2440]
  log/s2027: Δ +0.0471 CI [-0.0137,+0.1120] P 0.941 Δturn -3.12% | aux 2026<=08-10 Δ +0.1312 CI [+0.0121,+0.2468]
  prod/s42: Δ -0.0325 CI [-0.1055,+0.0366] P 0.183 Δturn -1.04% | aux 2026<=08-10 Δ -0.0330 CI [-0.1905,+0.1116]
  prod/s2027: Δ +0.0014 CI [-0.0791,+0.0730] P 0.521 Δturn -1.45% | aux 2026<=08-10 Δ +0.0357 CI [-0.1403,+0.1987]

===== DECISION [pinned R5] (SECONDARY (K0 pinned; not for selection)): UNDECIDED
  log/s42: Δ +0.0909 CI [-0.0664,+0.2557] P 0.872 Δturn +1.12% | aux 2026<=08-10 Δ -0.0551 CI [-0.4244,+0.3311]
  log/s2027: Δ +0.0980 CI [-0.0706,+0.2724] P 0.873 Δturn +1.85% | aux 2026<=08-10 Δ -0.0084 CI [-0.4020,+0.4156]
  prod/s42: Δ +0.1056 CI [-0.0608,+0.2783] P 0.890 Δturn +0.44% | aux 2026<=08-10 Δ -0.0396 CI [-0.4153,+0.3628]
  prod/s2027: Δ +0.1393 CI [-0.0343,+0.3166] P 0.948 Δturn +1.02% | aux 2026<=08-10 Δ +0.0074 CI [-0.3882,+0.4305]

wrote /workspace/review_scratch/cadence_seats/axisB/judge.json and /workspace/review_scratch/cadence_seats/axisB/REPORT_tables.md
