== bundle dir mtimes
total 141472
drwxrwxrwx  2 root root  2013333 2026-09-09 03:29:29.000000000 +0000 .
drwxrwxrwx 42 root root  3041461 2026-09-12 13:48:01.000000000 +0000 ..
-rw-rw-rw-  1 root root      731 2026-09-09 03:29:29.000000000 +0000 MANIFEST.json
-rw-rw-rw-  1 root root 98061091 2026-09-09 03:27:19.000000000 +0000 cache_tail_40d.npz
-rw-rw-rw-  1 root root    20645 2026-09-09 03:29:29.000000000 +0000 config.json
-rw-rw-rw-  1 root root    31162 2026-09-09 03:29:29.000000000 +0000 fund_ema_v1_state.json
-rw-rw-rw-  1 root root  2734206 2026-09-09 03:29:29.000000000 +0000 funding_ledger_seed.json
-rw-rw-rw-  1 root root   219024 2026-09-09 03:26:34.000000000 +0000 leg_returns.npz
-rw-rw-rw-  1 root root  2588579 2026-09-09 03:26:34.000000000 +0000 parity_signals_aug.json
-rw-rw-rw-  1 root root  2390235 2026-09-12 11:16:59.000000000 +0000 slow2026.txt
-rw-rw-rw-  1 root root 33763640 2026-09-12 11:18:22.000000000 +0000 slow_pred_pinned.npy
== which recorded inputs changed vs the 09:23Z receipt
CHANGED bundle/slow2026.txt /workspace/shadow_bundle_v4/slow2026.txt recorded f23657710f3a now 0a5adca16edb mtime 2026-09-12T11:16:59Z
compare done
== control: r5 judge (pre-round-8) + round-8 common on the same entry now
f6850dc3215f
   eligibility[A1]: NOT eligible — input 'bundle/slow2026.txt' changed since the receipt: 0a5adca16edb != f23657710f3a
rc=0
0 %, 2 MiB
