loaded KC_OLD_dyn_s42 (self-check ok)
loaded KC_OLD_fix_s42 (self-check ok)
loaded KC_WORST_dyn_s42 (self-check ok)
loaded KC_WORST_fix_s42 (self-check ok)
loaded KC_DROP_dyn_s42 (self-check ok)
loaded KC_DROP_fix_s42 (self-check ok)
loaded KC_OLD_dyn_s2027 (self-check ok)
loaded KC_OLD_fix_s2027 (self-check ok)
loaded KC_WORST_dyn_s2027 (self-check ok)
loaded KC_WORST_fix_s2027 (self-check ok)
loaded KC_DROP_dyn_s2027 (self-check ok)
loaded KC_DROP_fix_s2027 (self-check ok)

== PREREG §4 book layer | frozen 2025-03-01 -> 2026-08-10 20Z | CLIP-CORRECTED series ==
contrast               seat  seed   |     delta                 CI95    P>0 | levels OLD -> arm
WORST - OLD            dyn   42     |   +0.1059 [ -0.0643, +0.2954]  0.881 | +1.7053 -> +1.8112  (uncorrected Δ   +0.0937 [ -0.0942, +0.2711])
WORST - OLD            dyn   2027   |   -0.1521 [ -0.3589, +0.0447]  0.069 | +1.8842 -> +1.7321  (uncorrected Δ   -0.1451 [ -0.3517, +0.0610])
WORST - OLD            fix   42     |   +0.0037 [ -0.1090, +0.0974]  0.557 | +1.8454 -> +1.8491  (uncorrected Δ   -0.0009 [ -0.1093, +0.0967])
WORST - OLD            fix   2027   |   -0.0275 [ -0.0961, +0.0475]  0.208 | +1.8821 -> +1.8546  (uncorrected Δ   -0.0282 [ -0.1018, +0.0459])
DROP - OLD             dyn   42     |   +0.0944 [ -0.1600, +0.3635]  0.748 | +1.7053 -> +1.7997  (uncorrected Δ   +0.0887 [ -0.1649, +0.3500])
DROP - OLD             dyn   2027   |   +0.0723 [ -0.1503, +0.2891]  0.734 | +1.8842 -> +1.9565  (uncorrected Δ   +0.0651 [ -0.1505, +0.2884])
DROP - OLD             fix   42     |   -0.0527 [ -0.1541, +0.0386]  0.143 | +1.8454 -> +1.7927  (uncorrected Δ   -0.0511 [ -0.1537, +0.0377])
DROP - OLD             fix   2027   |   -0.0401 [ -0.1268, +0.0508]  0.179 | +1.8821 -> +1.8420  (uncorrected Δ   -0.0418 [ -0.1294, +0.0472])

== VERDICTS (frozen §4) ==
  WORST  vs OLD, dyn seat : (C) UNDECIDED
  WORST  vs OLD, fix seat : (C) UNDECIDED
  DROP   vs OLD, dyn seat : (C) UNDECIDED
  DROP   vs OLD, fix seat : (C) UNDECIDED
