[   0.2s] CHECK pin.rolling_copy OK {"got": "73018d365cc00b36", "want": "73018d365cc00b36"}
[   0.2s] CHECK pin.xfer_syms_copy OK {"got": "d187042e60b480d3", "want": "d187042e60b480d3"}
[   0.2s] CHECK pin.beta_overlay_producer OK {"got": "b77c180d69170988", "want": "b77c180d69170988"}
[   0.2s] CHECK pin.combo_stage OK {"got": "41f9174d7d6400f5", "want": "41f9174d7d6400f5"}
[   0.2s] CHECK pin.feature_cache_identity OK {"got": "55bdef28def0e2a6", "want": "55bdef28def0e2a6"}
[   0.2s] CHECK module_file_is_pinned_copy OK "/Users/haosiyu/cc_tmp/m3_impl_20260923/producer_copy/fea171/beta_overlay_producer.py"
[   0.2s] rolling keys ['ts', 'data']
[   0.7s] xfer_syms keys ['symbols', 'ch']
[   0.7s] CHECK axes.channels_eq_FCI.CHANNELS OK ["ret5", "range", "cpos", "log_qv", "log_cnt", "log_avgsz", "tbf"]
[   0.7s] CHECK axes.channel0_is_ret5 OK "ret5"
[   0.7s] CHECK data.shape OK [[11520, 829, 7], 11520, 829, 7]
[   0.7s] CHECK data.dtype_float16 OK "float16"
[   0.7s] CHECK rts.int_contiguous OK {"dtype": "int64", "first": "2026-08-14T12:05Z", "last": "2026-09-23T12:00Z", "n": 11520}
[   0.7s] CHECK axes.copy_eq_live_xfer_syms OK 
[   0.7s] CHECK axes.symbols_eq_xfer_ref_eq_cfg_symbols_panel OK [829, 829, 829]
[   0.7s] CHECK comparison_anchors_all_fully_covered OK 33
[   1.4s] 2026-09-13T16:00Z n_names 450 est 449 fb 0 nocol 0 rep_max 6.661338147750939e-16 clip_cells 9 t 0.166
[   1.9s] 2026-09-13T20:00Z n_names 450 est 449 fb 0 nocol 0 rep_max 8.881784197001252e-16 clip_cells 9 t 0.113
[   2.3s] 2026-09-14T00:00Z n_names 450 est 449 fb 0 nocol 0 rep_max 8.881784197001252e-16 clip_cells 9 t 0.12
[   2.8s] 2026-09-14T04:00Z n_names 450 est 449 fb 0 nocol 0 rep_max 6.661338147750939e-16 clip_cells 9 t 0.118
[   3.2s] 2026-09-14T08:00Z n_names 450 est 449 fb 0 nocol 0 rep_max 6.661338147750939e-16 clip_cells 9 t 0.118
[   3.6s] 2026-09-14T12:00Z n_names 450 est 449 fb 0 nocol 0 rep_max 6.661338147750939e-16 clip_cells 9 t 0.113
[   4.1s] 2026-09-14T16:00Z n_names 450 est 449 fb 0 nocol 0 rep_max 8.881784197001252e-16 clip_cells 9 t 0.115
[   4.6s] 2026-09-14T20:00Z n_names 450 est 449 fb 0 nocol 0 rep_max 6.661338147750939e-16 clip_cells 9 t 0.116
[   5.0s] 2026-09-15T00:00Z n_names 450 est 449 fb 0 nocol 0 rep_max 1.3322676295501878e-15 clip_cells 9 t 0.112
[   5.4s] 2026-09-15T04:00Z n_names 450 est 449 fb 0 nocol 0 rep_max 8.881784197001252e-16 clip_cells 9 t 0.115
[   6.0s] 2026-09-15T08:00Z n_names 450 est 449 fb 0 nocol 0 rep_max 8.881784197001252e-16 clip_cells 9 t 0.134
[   6.6s] 2026-09-15T12:00Z n_names 450 est 449 fb 0 nocol 0 rep_max 6.661338147750939e-16 clip_cells 9 t 0.18
[   7.2s] 2026-09-15T16:00Z n_names 450 est 449 fb 0 nocol 0 rep_max 8.881784197001252e-16 clip_cells 9 t 0.161
[   7.7s] 2026-09-15T20:00Z n_names 450 est 449 fb 0 nocol 0 rep_max 6.661338147750939e-16 clip_cells 9 t 0.145
[   8.2s] 2026-09-16T00:00Z n_names 450 est 449 fb 0 nocol 0 rep_max 8.881784197001252e-16 clip_cells 9 t 0.111
[   8.6s] 2026-09-16T04:00Z n_names 450 est 449 fb 0 nocol 0 rep_max 9.992007221626409e-16 clip_cells 12 t 0.108
[   9.0s] 2026-09-16T08:00Z n_names 450 est 449 fb 0 nocol 0 rep_max 1.1102230246251565e-15 clip_cells 12 t 0.101
[   9.4s] 2026-09-16T12:00Z n_names 450 est 449 fb 0 nocol 0 rep_max 8.881784197001252e-16 clip_cells 12 t 0.105
[   9.8s] 2026-09-16T16:00Z n_names 450 est 449 fb 0 nocol 0 rep_max 1.1102230246251565e-15 clip_cells 12 t 0.105
[  10.2s] 2026-09-16T20:00Z n_names 450 est 449 fb 0 nocol 0 rep_max 8.881784197001252e-16 clip_cells 12 t 0.101
[  10.6s] 2026-09-17T00:00Z n_names 450 est 449 fb 0 nocol 0 rep_max 8.881784197001252e-16 clip_cells 12 t 0.109
[  11.0s] 2026-09-17T04:00Z n_names 450 est 449 fb 0 nocol 0 rep_max 8.881784197001252e-16 clip_cells 12 t 0.113
[  11.4s] 2026-09-17T08:00Z n_names 450 est 449 fb 0 nocol 0 rep_max 4.440892098500626e-16 clip_cells 12 t 0.108
[  11.9s] 2026-09-17T12:00Z n_names 450 est 449 fb 0 nocol 0 rep_max 1.3322676295501878e-15 clip_cells 12 t 0.135
[  12.4s] 2026-09-17T16:00Z n_names 450 est 449 fb 0 nocol 0 rep_max 8.881784197001252e-16 clip_cells 12 t 0.108
[  12.9s] 2026-09-17T20:00Z n_names 450 est 449 fb 0 nocol 0 rep_max 6.661338147750939e-16 clip_cells 12 t 0.118
[  13.3s] 2026-09-18T00:00Z n_names 450 est 449 fb 0 nocol 0 rep_max 8.881784197001252e-16 clip_cells 12 t 0.106
[  13.9s] 2026-09-18T04:00Z n_names 450 est 449 fb 0 nocol 0 rep_max 6.661338147750939e-16 clip_cells 12 t 0.122
[  14.3s] 2026-09-18T08:00Z n_names 450 est 449 fb 0 nocol 0 rep_max 8.881784197001252e-16 clip_cells 12 t 0.113
[  14.8s] 2026-09-18T12:00Z n_names 450 est 449 fb 0 nocol 0 rep_max 4.996003610813204e-16 clip_cells 12 t 0.114
[  15.3s] 2026-09-18T16:00Z n_names 450 est 449 fb 0 nocol 0 rep_max 8.881784197001252e-16 clip_cells 12 t 0.141
[  15.8s] 2026-09-18T20:00Z n_names 450 est 449 fb 0 nocol 0 rep_max 1.1102230246251565e-15 clip_cells 12 t 0.116
[  16.2s] 2026-09-19T00:00Z n_names 450 est 449 fb 0 nocol 0 rep_max 1.7763568394002505e-15 clip_cells 12 t 0.11
[  16.2s] CHECK replication_equals_compute_every_anchor OK 1.7763568394002505e-15
[  16.2s] CHECK no_value_beyond_clip OK 
[  16.2s] CHECK target_live_has_no_beta_overlay_field_in_window OK 
[  16.5s] CHECK union_bars_eq_anchor_bars OK 
[  17.3s] CHECK snap.1789646400.window_ts_equal OK 
[  17.6s] snap 2026-09-17T12:00Z {'cells_differ_all_cols': 0, 'nan_to_value': 0, 'value_to_nan': 0, 'value_changed': 0, 'cells_differ_universe_cols': 0, 'rows_differ_last_row_close': None, 'rows_differ_first_row_close': None, 'max_abs_dbeta': 0.0, 'field_byte_identical': True} n_names_beta_differs 0
[  18.2s] CHECK snap.1789660800.window_ts_equal OK 
[  18.4s] snap 2026-09-17T16:00Z {'cells_differ_all_cols': 0, 'nan_to_value': 0, 'value_to_nan': 0, 'value_changed': 0, 'cells_differ_universe_cols': 0, 'rows_differ_last_row_close': None, 'rows_differ_first_row_close': None, 'max_abs_dbeta': 0.0, 'field_byte_identical': True} n_names_beta_differs 0
[  19.0s] CHECK snap.1789675200.window_ts_equal OK 
[  19.2s] snap 2026-09-17T20:00Z {'cells_differ_all_cols': 0, 'nan_to_value': 0, 'value_to_nan': 0, 'value_changed': 0, 'cells_differ_universe_cols': 0, 'rows_differ_last_row_close': None, 'rows_differ_first_row_close': None, 'max_abs_dbeta': 0.0, 'field_byte_identical': True} n_names_beta_differs 0
[  19.8s] CHECK snap.1789689600.window_ts_equal OK 
[  20.1s] snap 2026-09-18T00:00Z {'cells_differ_all_cols': 0, 'nan_to_value': 0, 'value_to_nan': 0, 'value_changed': 0, 'cells_differ_universe_cols': 0, 'rows_differ_last_row_close': None, 'rows_differ_first_row_close': None, 'max_abs_dbeta': 0.0, 'field_byte_identical': True} n_names_beta_differs 0
[  20.7s] CHECK snap.1789704000.window_ts_equal OK 
[  21.0s] snap 2026-09-18T04:00Z {'cells_differ_all_cols': 0, 'nan_to_value': 0, 'value_to_nan': 0, 'value_changed': 0, 'cells_differ_universe_cols': 0, 'rows_differ_last_row_close': None, 'rows_differ_first_row_close': None, 'max_abs_dbeta': 0.0, 'field_byte_identical': True} n_names_beta_differs 0
[  21.8s] CHECK snap.1789718400.window_ts_equal OK 
[  22.1s] snap 2026-09-18T08:00Z {'cells_differ_all_cols': 0, 'nan_to_value': 0, 'value_to_nan': 0, 'value_changed': 0, 'cells_differ_universe_cols': 0, 'rows_differ_last_row_close': None, 'rows_differ_first_row_close': None, 'max_abs_dbeta': 0.0, 'field_byte_identical': True} n_names_beta_differs 0
[  22.7s] CHECK snap.1789732800.window_ts_equal OK 
[  22.9s] snap 2026-09-18T12:00Z {'cells_differ_all_cols': 0, 'nan_to_value': 0, 'value_to_nan': 0, 'value_changed': 0, 'cells_differ_universe_cols': 0, 'rows_differ_last_row_close': None, 'rows_differ_first_row_close': None, 'max_abs_dbeta': 0.0, 'field_byte_identical': True} n_names_beta_differs 0
[  23.7s] CHECK snap.1789747200.window_ts_equal OK 
[  23.9s] snap 2026-09-18T16:00Z {'cells_differ_all_cols': 0, 'nan_to_value': 0, 'value_to_nan': 0, 'value_changed': 0, 'cells_differ_universe_cols': 0, 'rows_differ_last_row_close': None, 'rows_differ_first_row_close': None, 'max_abs_dbeta': 0.0, 'field_byte_identical': True} n_names_beta_differs 0
[  24.7s] CHECK snap.1789761600.window_ts_equal OK 
[  25.0s] snap 2026-09-18T20:00Z {'cells_differ_all_cols': 0, 'nan_to_value': 0, 'value_to_nan': 0, 'value_changed': 0, 'cells_differ_universe_cols': 0, 'rows_differ_last_row_close': None, 'rows_differ_first_row_close': None, 'max_abs_dbeta': 0.0, 'field_byte_identical': True} n_names_beta_differs 0
[  25.9s] CHECK snap.1789776000.window_ts_equal OK 
[  26.2s] snap 2026-09-19T00:00Z {'cells_differ_all_cols': 0, 'nan_to_value': 0, 'value_to_nan': 0, 'value_changed': 0, 'cells_differ_universe_cols': 0, 'rows_differ_last_row_close': None, 'rows_differ_first_row_close': None, 'max_abs_dbeta': 0.0, 'field_byte_identical': True} n_names_beta_differs 0
[  26.3s] CHECK every_weight_name_has_a_production_beta OK {}
S1 ALL CHECKS OK npz_sha256=e073d51163eed79a329675af8dd51d59cdf8a44af9694516fc20aca2fd70542e
