CHECK s1_npz_sha_matches_s1_receipt OK 
CHECK s2_npz_sha_matches_s2_receipt OK 
CHECK s1_s2_no_failures OK 
S1 keys ['anchors', 'names', 'beta_prod', 'nobs_prod', 'in_field', 'weight', 'has_cache_col', 'clip_cells_in_window', 'nan_rows_in_window', 'own_valid_bars', 'cache_syms', 'Tb', 'R4_cache', 'V_cache', 'clip_ts', 'clip_col', 'clip_val', 'universe_json', 'weights_json']
S2 keys ['anchors', 'symbols', 'beta_eval', 'nobs_eval', 'est_eval', 'raw_eval', 'Tb', 'R4_cert', 'V_cert', 'first_fin', 'last_fin', 'has_kline', 'btc_px', 'btc_px_source', 'ua_ts', 'ua_col', 'gf_ts', 'gf_col', 'big_ts', 'big_col', 'big_r5', 'T_last']
CHECK same_anchor_axis OK 33
CHECK same_bar_axis OK 
CHECK field_names_eq_BTC_plus_universe.2026-09-13T16:00Z OK 450
CHECK btc_beta_one_both.2026-09-13T16:00Z OK 
CHECK field_names_eq_BTC_plus_universe.2026-09-13T20:00Z OK 450
CHECK btc_beta_one_both.2026-09-13T20:00Z OK 
CHECK field_names_eq_BTC_plus_universe.2026-09-14T00:00Z OK 450
CHECK btc_beta_one_both.2026-09-14T00:00Z OK 
CHECK field_names_eq_BTC_plus_universe.2026-09-14T04:00Z OK 450
CHECK btc_beta_one_both.2026-09-14T04:00Z OK 
CHECK field_names_eq_BTC_plus_universe.2026-09-14T08:00Z OK 450
CHECK btc_beta_one_both.2026-09-14T08:00Z OK 
CHECK field_names_eq_BTC_plus_universe.2026-09-14T12:00Z OK 450
CHECK btc_beta_one_both.2026-09-14T12:00Z OK 
CHECK field_names_eq_BTC_plus_universe.2026-09-14T16:00Z OK 450
CHECK btc_beta_one_both.2026-09-14T16:00Z OK 
CHECK field_names_eq_BTC_plus_universe.2026-09-14T20:00Z OK 450
CHECK btc_beta_one_both.2026-09-14T20:00Z OK 
CHECK field_names_eq_BTC_plus_universe.2026-09-15T00:00Z OK 450
CHECK btc_beta_one_both.2026-09-15T00:00Z OK 
CHECK field_names_eq_BTC_plus_universe.2026-09-15T04:00Z OK 450
CHECK btc_beta_one_both.2026-09-15T04:00Z OK 
CHECK field_names_eq_BTC_plus_universe.2026-09-15T08:00Z OK 450
CHECK btc_beta_one_both.2026-09-15T08:00Z OK 
CHECK field_names_eq_BTC_plus_universe.2026-09-15T12:00Z OK 450
CHECK btc_beta_one_both.2026-09-15T12:00Z OK 
CHECK field_names_eq_BTC_plus_universe.2026-09-15T16:00Z OK 450
CHECK btc_beta_one_both.2026-09-15T16:00Z OK 
CHECK field_names_eq_BTC_plus_universe.2026-09-15T20:00Z OK 450
CHECK btc_beta_one_both.2026-09-15T20:00Z OK 
CHECK field_names_eq_BTC_plus_universe.2026-09-16T00:00Z OK 450
CHECK btc_beta_one_both.2026-09-16T00:00Z OK 
CHECK field_names_eq_BTC_plus_universe.2026-09-16T04:00Z OK 450
CHECK btc_beta_one_both.2026-09-16T04:00Z OK 
CHECK field_names_eq_BTC_plus_universe.2026-09-16T08:00Z OK 450
CHECK btc_beta_one_both.2026-09-16T08:00Z OK 
CHECK field_names_eq_BTC_plus_universe.2026-09-16T12:00Z OK 450
CHECK btc_beta_one_both.2026-09-16T12:00Z OK 
CHECK field_names_eq_BTC_plus_universe.2026-09-16T16:00Z OK 450
CHECK btc_beta_one_both.2026-09-16T16:00Z OK 
CHECK field_names_eq_BTC_plus_universe.2026-09-16T20:00Z OK 450
CHECK btc_beta_one_both.2026-09-16T20:00Z OK 
CHECK field_names_eq_BTC_plus_universe.2026-09-17T00:00Z OK 450
CHECK btc_beta_one_both.2026-09-17T00:00Z OK 
CHECK field_names_eq_BTC_plus_universe.2026-09-17T04:00Z OK 450
CHECK btc_beta_one_both.2026-09-17T04:00Z OK 
CHECK field_names_eq_BTC_plus_universe.2026-09-17T08:00Z OK 450
CHECK btc_beta_one_both.2026-09-17T08:00Z OK 
CHECK field_names_eq_BTC_plus_universe.2026-09-17T12:00Z OK 450
CHECK btc_beta_one_both.2026-09-17T12:00Z OK 
CHECK field_names_eq_BTC_plus_universe.2026-09-17T16:00Z OK 450
CHECK btc_beta_one_both.2026-09-17T16:00Z OK 
CHECK field_names_eq_BTC_plus_universe.2026-09-17T20:00Z OK 450
CHECK btc_beta_one_both.2026-09-17T20:00Z OK 
CHECK field_names_eq_BTC_plus_universe.2026-09-18T00:00Z OK 450
CHECK btc_beta_one_both.2026-09-18T00:00Z OK 
CHECK field_names_eq_BTC_plus_universe.2026-09-18T04:00Z OK 450
CHECK btc_beta_one_both.2026-09-18T04:00Z OK 
CHECK field_names_eq_BTC_plus_universe.2026-09-18T08:00Z OK 450
CHECK btc_beta_one_both.2026-09-18T08:00Z OK 
CHECK field_names_eq_BTC_plus_universe.2026-09-18T12:00Z OK 450
CHECK btc_beta_one_both.2026-09-18T12:00Z OK 
CHECK field_names_eq_BTC_plus_universe.2026-09-18T16:00Z OK 450
CHECK btc_beta_one_both.2026-09-18T16:00Z OK 
CHECK field_names_eq_BTC_plus_universe.2026-09-18T20:00Z OK 450
CHECK btc_beta_one_both.2026-09-18T20:00Z OK 
CHECK field_names_eq_BTC_plus_universe.2026-09-19T00:00Z OK 450
CHECK btc_beta_one_both.2026-09-19T00:00Z OK 
CHECK no_universe_name_missing_either_side OK 
S3 ALL CHECKS OK receipt_sha256=e016af2d56aeeae599cc4b7cef14123e16e633c4c00659ad0c0594c4b74c4115
