BT_SHORT_SQUEEZE days=1175 (targets published 6520, held 2732) kinds {'kind0_entries': 0, 'kind0_empty': 2732, 'kind2_entries': 6520, 'kind2_empty': 0}
book short daily percentiles (%): {'0.5': -11.079, '1': -9.385, '2': -8.18, '5': -5.551, '10': -4.264, '25': -2.197, '50': -0.234, '75': 2.241, '90': 4.425}
fund-leg short daily percentiles (%): {'0.5': -11.113, '1': -8.941, '2': -7.263, '5': -5.424, '10': -4.14, '25': -2.107, '50': -0.125, '75': 2.114, '90': 4.193}
live window_mtm -4.18%: book-short rank 10.30 pct; fund-short rank 9.872340425531915
live d0916 -2.22%: book-short rank 24.51 pct; fund-short rank 23.404255319148938
live d0917 -5.28%: book-short rank 5.96 pct; fund-short rank 5.361702127659575
live d0918 -8.65%: book-short rank 1.53 pct; fund-short rank 1.276595744680851
live d0919 -2.70%: book-short rank 20.60 pct; fund-short rank 19.06382978723404
live d0920 -0.48%: book-short rank 46.72 pct; fund-short rank 44.765957446808514
live d0921 -5.04%: book-short rank 7.06 pct; fund-short rank 6.297872340425532
live d0922 -2.61%: book-short rank 21.02 pct; fund-short rank 19.914893617021274
live d0923 5.68%: book-short rank 93.79 pct; fund-short rank 94.38297872340425
live d0924 -4.03%: book-short rank 10.98 pct; fund-short rank 10.46808510638298
book long+short daily percentiles (%): {'0.5': -3.956, '1': -3.197, '2': -2.463, '5': -1.826, '10': -1.262, '25': -0.576, '50': 0.103, '75': 0.849, '90': 1.792}
live long+short window_mtm -2.13%: rank 3.49 pct
live long+short d0916 2.03%: rank 92.51 pct
live long+short d0917 -3.61%: rank 0.60 pct
live long+short d0918 -2.33%: rank 2.64 pct
live long+short d0919 -1.94%: rank 4.17 pct
live long+short d0920 -0.79%: rank 19.06 pct
live long+short d0921 -0.25%: rank 35.74 pct
live long+short d0922 0.61%: rank 68.68 pct
live long+short d0923 0.64%: rank 69.45 pct
live long+short d0924 -0.42%: rank 29.96 pct
live fund-leg short d0918 -8.40%: rank 1.36 pct
live fund-leg short d0919 -3.05%: rank 16.43 pct
live fund-leg short d0920 -0.25%: rank 48.09 pct
live fund-leg short d0922 -2.46%: rank 21.36 pct
live fund-leg short d0923 5.20%: rank 93.02 pct
live fund-leg short d0924 -3.24%: rank 15.15 pct
squeeze days (book short daily <= -4.18%): n=121 per year {'2023': 9, '2024': 56, '2025': 41, '2026': 15}; fwd3d {'n': 120, 'mean_pct': 0.4343750359434971, 'median_pct': 0.3355821193742418, 'frac_positive': 0.575}; fwd7d {'n': 120, 'mean_pct': 1.287197636227278, 'median_pct': 1.0209412689554882, 'frac_positive': 0.625}
unconditional fwd3d {'n': 1173, 'mean_pct': 0.378282923705566, 'median_pct': 0.12466467091368674, 'frac_positive': 0.5294117647058824} fwd7d {'n': 1169, 'mean_pct': 0.887487629822333, 'median_pct': 0.3881223451687433, 'frac_positive': 0.5568862275449101}
worst 15 book-short days: [('2024-11-06', -13.15), ('2025-04-09', -12.96), ('2025-05-08', -12.13), ('2024-08-08', -11.93), ('2025-11-07', -11.8), ('2025-10-12', -11.26), ('2026-02-06', -11.05), ('2025-04-22', -10.4), ('2024-03-20', -10.18), ('2025-06-23', -10.13), ('2024-05-20', -9.68), ('2025-03-02', -9.54), ('2024-12-11', -9.33), ('2025-08-22', -9.22), ('2025-05-09', -9.17)]
