| fold | shard | n_train | best_ep | net bps | ES5 | turnover | α* | wall s | .pt sha |
|---|---|---|---|---|---|---|---|---|---|
| 202501 | shard0 | 6563 | 7 | +0.197 | 20.66 | 0.0713 | 0.0965 | 638 | 3cbbfc0cfb41 |
| 202502 | shard1 | 6749 | 6 | -0.298 | 33.31 | 0.0713 | 0.0968 | 653 | df303b93efcc |
| 202503 | shard2 | 6917 | 1 | +0.636 | 15.12 | 0.0864 | 0.0991 | 668 | d73a6f27888a |
| 202504 | shard3 | 7103 | 0 | +0.028 | 15.90 | 0.0851 | 0.0996 | 688 | 4cd441d9f140 |
| 202505 | shard0 | 7283 | 2 | -0.095 | 19.39 | 0.0842 | 0.0983 | 516 | aef94ca69011 |
| 202506 | shard1 | 7469 | 1 | -0.593 | 11.99 | 0.0823 | 0.0987 | 528 | 0c5fb26bb242 |
| 202507 | shard2 | 7649 | 4 | +0.550 | 24.57 | 0.0726 | 0.0959 | 542 | 3330f74aa89f |
| 202508 | shard3 | 7835 | 3 | -0.105 | 13.95 | 0.0775 | 0.0968 | 553 | f029b6879897 |
| 202509 | shard0 | 8021 | 7 | +2.662 | 29.44 | 0.0506 | 0.0953 | 563 | e11df9abeaf5 |
| 202510 | shard1 | 8201 | 6 | +6.307 | 49.23 | 0.0276 | 0.0954 | 577 | 150f2469b725 |
| 202511 | shard2 | 8387 | 11 | +1.080 | 53.58 | 0.0142 | 0.0949 | 592 | 1a2c9b0b1fe0 |
| 202512 | shard3 | 8567 | 1 | +0.591 | 39.73 | 0.0197 | 0.0980 | 605 | 657f0755c327 |
| 202601 | shard0 | 8753 | 9 | +1.329 | 36.76 | 0.0269 | 0.0935 | 624 | 95e117122c63 |
| 202602 | shard1 | 8939 | 11 | +3.637 | 29.59 | 0.0387 | 0.0941 | 634 | 2cda3d2d6475 |
| 202603 | shard2 | 9107 | 8 | +3.310 | 25.05 | 0.0531 | 0.0941 | 646 | 7277502b8147 |
| 202604 | shard3 | 9293 | 5 | +5.980 | 38.52 | 0.0564 | 0.0942 | 664 | d5bb816d9bc3 |
| 202605 | shard0 | 9473 | 2 | +2.304 | 34.72 | 0.0496 | 0.0972 | 679 | 568e2695b7e0 |
| 202606 | shard1 | 9659 | 4 | +5.591 | 49.06 | 0.0390 | 0.0944 | 683 | ebf99958732d |
| 202607 | shard2 | 9839 | 3 | +4.396 | 40.65 | 0.0414 | 0.0943 | 681 | ce9de1935524 |
| 202608 | shard3 | 10025 | 9 | -0.248 | 46.14 | 0.0375 | 0.0921 | 677 | 2e2d46326320 |
stitched /workspace/review_scratch/allweather_trackB/mwf_s2027/preds/f10_V2MAIN_mE1_s2027.npy sha 5764336b45bbff73 finite rows 3642 net_mean_all +1.863
vs seed-42 monthly stitched (sha 54bd748d2f155377): finite rows equal True, finite cells equal True; per-anchor rank corr s2027 vs s42: mean +0.531 median +0.626 p10 +0.059 (n=3642)
spl27: /workspace/review_scratch/allweather_trackB/replay/dev_alt/f8_2026-08-22/preds/f10_gate_mE1s2027_R0_spl27.npy sha 02220685ba698660 overlap mask==yearly False (rows diff 0, cells diff 2)
spl42: /workspace/review_scratch/allweather_trackB/replay/dev_alt/f8_2026-08-22/preds/f10_gate_mE1s2027_R0_spl42.npy sha b59cf4de4c240037 overlap mask==yearly False (rows diff 0, cells diff 2)
coverage {'202501': '186/186', '202502': '168/168', '202503': '186/186', '202504': '180/180', '202505': '186/186', '202506': '180/180', '202507': '186/186', '202508': '186/186', '202509': '180/180', '202510': '186/186', '202511': '180/180', '202512': '186/186', '202601': '186/186', '202602': '168/168', '202603': '186/186', '202604': '180/180', '202605': '186/186', '202606': '180/180', '202607': '186/186', '202608': '180/180'}
MERGE_DONE
