[   10.9s] rows 2745557 cols 171 anchors 10206 med|y| 0.00894
[   14.0s] MWF start tag mE1 embargo 1 months [202504, 202508, 202512, 202604, 202608] base_sha 93cc2cdf925a self_sha 14d08c63fb8a torch 2.11.0+cu128 gpu NVIDIA RTX PRO 4500 Blackwell
[   14.0s] skip 202504: already done
[   14.0s] CAUSALITY ASSERT mE1 202508: n_train 7835 max_train_idx 7834 (2025-07-31 16:00) max_train_label_end 2025-07-31 20:00 <= cutoff 2025-07-31 20:00 (= first_test 2025-08-01 00:00 - 1 anchors) OK
/workspace/review_scratch/allweather_trackB/pod_f10_train_monthly_s2027.py:373: UserWarning: Converting a tensor with requires_grad=True to a scalar may lead to unexpected behavior.
Consider using tensor.detach() first. (Triggered internally at /pytorch/torch/csrc/autograd/generated/python_variable_methods.cpp:836.)
  al = float(mdl.alpha()); va_curve.append(round(va, 4)); alist.append(round(al, 4)); ep_s.append(round(time.time() - t0, 1))
[   63.2s] [mE1 202508] ep0 va -5.171 α 0.099 τ 0.50 (37s)
[  100.4s] [mE1 202508] ep1 va -4.335 α 0.098 τ 0.47 (37s)
[  137.2s] [mE1 202508] ep2 va -4.326 α 0.098 τ 0.44 (37s)
[  174.0s] [mE1 202508] ep3 va -4.084 α 0.097 τ 0.41 (37s)
[  210.7s] [mE1 202508] ep4 va -4.607 α 0.096 τ 0.39 (37s)
[  247.5s] [mE1 202508] ep5 va -5.313 α 0.096 τ 0.36 (37s)
[  285.4s] [mE1 202508] ep6 va -4.751 α 0.095 τ 0.33 (38s)
[  322.7s] [mE1 202508] ep7 va -5.128 α 0.095 τ 0.30 (37s)
[  360.9s] [mE1 202508] ep8 va -7.146 α 0.095 τ 0.27 (38s)
[  397.2s] [mE1 202508] ep9 va -5.011 α 0.095 τ 0.24 (36s)
[  434.1s] [mE1 202508] ep10 va -5.199 α 0.095 τ 0.21 (37s)
[  471.0s] [mE1 202508] ep11 va -5.237 α 0.095 τ 0.19 (37s)
[  507.5s] [mE1 202508] ep12 va -5.008 α 0.095 τ 0.16 (37s)
[  543.8s] [mE1 202508] ep13 va -4.995 α 0.095 τ 0.13 (36s)
[  578.4s] [mE1 202508] ep14 va -4.953 α 0.095 τ 0.10 (35s)
[  583.6s] == mE1 202508: net -0.105 bps/锚 ES5 13.95 换手 0.0775 α* 0.0968 best_ep 3 wall 553s
[  583.6s] CAUSALITY ASSERT mE1 202512: n_train 8567 max_train_idx 8566 (2025-11-30 16:00) max_train_label_end 2025-11-30 20:00 <= cutoff 2025-11-30 20:00 (= first_test 2025-12-01 00:00 - 1 anchors) OK
[  624.2s] [mE1 202512] ep0 va -7.207 α 0.099 τ 0.50 (41s)
[  664.8s] [mE1 202512] ep1 va -7.046 α 0.098 τ 0.47 (41s)
[  705.4s] [mE1 202512] ep2 va -7.048 α 0.097 τ 0.44 (41s)
[  745.7s] [mE1 202512] ep3 va -7.242 α 0.096 τ 0.41 (40s)
[  786.3s] [mE1 202512] ep4 va -7.486 α 0.095 τ 0.39 (41s)
[  827.0s] [mE1 202512] ep5 va -7.164 α 0.095 τ 0.36 (41s)
[  867.4s] [mE1 202512] ep6 va -7.382 α 0.094 τ 0.33 (40s)
[  907.7s] [mE1 202512] ep7 va -7.312 α 0.094 τ 0.30 (40s)
[  948.2s] [mE1 202512] ep8 va -7.290 α 0.094 τ 0.27 (40s)
[  988.6s] [mE1 202512] ep9 va -7.242 α 0.094 τ 0.24 (40s)
[ 1029.3s] [mE1 202512] ep10 va -7.115 α 0.094 τ 0.21 (41s)
[ 1069.9s] [mE1 202512] ep11 va -7.206 α 0.093 τ 0.19 (41s)
[ 1109.6s] [mE1 202512] ep12 va -7.074 α 0.093 τ 0.16 (40s)
[ 1149.1s] [mE1 202512] ep13 va -7.094 α 0.093 τ 0.13 (40s)
[ 1189.0s] [mE1 202512] ep14 va -7.109 α 0.093 τ 0.10 (40s)
[ 1193.3s] == mE1 202512: net +0.591 bps/锚 ES5 39.73 换手 0.0197 α* 0.098 best_ep 1 wall 605s
[ 1193.4s] CAUSALITY ASSERT mE1 202604: n_train 9293 max_train_idx 9292 (2026-03-31 16:00) max_train_label_end 2026-03-31 20:00 <= cutoff 2026-03-31 20:00 (= first_test 2026-04-01 00:00 - 1 anchors) OK
[ 1237.7s] [mE1 202604] ep0 va -7.682 α 0.099 τ 0.50 (44s)
[ 1281.8s] [mE1 202604] ep1 va -7.581 α 0.098 τ 0.47 (44s)
[ 1326.1s] [mE1 202604] ep2 va -7.492 α 0.097 τ 0.44 (44s)
[ 1371.0s] [mE1 202604] ep3 va -7.531 α 0.096 τ 0.41 (45s)
[ 1414.9s] [mE1 202604] ep4 va -7.470 α 0.095 τ 0.39 (44s)
[ 1459.5s] [mE1 202604] ep5 va -7.444 α 0.094 τ 0.36 (45s)
[ 1503.6s] [mE1 202604] ep6 va -7.536 α 0.094 τ 0.33 (44s)
[ 1548.2s] [mE1 202604] ep7 va -7.453 α 0.093 τ 0.30 (45s)
[ 1592.5s] [mE1 202604] ep8 va -7.548 α 0.093 τ 0.27 (44s)
[ 1636.6s] [mE1 202604] ep9 va -7.466 α 0.093 τ 0.24 (44s)
[ 1681.3s] [mE1 202604] ep10 va -7.520 α 0.093 τ 0.21 (45s)
[ 1725.5s] [mE1 202604] ep11 va -7.543 α 0.093 τ 0.19 (44s)
[ 1769.9s] [mE1 202604] ep12 va -7.489 α 0.093 τ 0.16 (44s)
[ 1813.7s] [mE1 202604] ep13 va -7.565 α 0.093 τ 0.13 (44s)
[ 1857.7s] [mE1 202604] ep14 va -7.532 α 0.093 τ 0.10 (44s)
[ 1860.6s] == mE1 202604: net +5.980 bps/锚 ES5 38.52 换手 0.0564 α* 0.0942 best_ep 5 wall 664s
[ 1860.7s] CAUSALITY ASSERT mE1 202608: n_train 10025 max_train_idx 10024 (2026-07-31 16:00) max_train_label_end 2026-07-31 20:00 <= cutoff 2026-07-31 20:00 (= first_test 2026-08-01 00:00 - 1 anchors) OK
[ 1908.6s] [mE1 202608] ep0 va -6.519 α 0.099 τ 0.50 (48s)
[ 1956.1s] [mE1 202608] ep1 va -6.302 α 0.098 τ 0.47 (48s)
[ 2004.2s] [mE1 202608] ep2 va -6.345 α 0.096 τ 0.44 (48s)
[ 2052.6s] [mE1 202608] ep3 va -6.279 α 0.095 τ 0.41 (48s)
[ 2100.0s] [mE1 202608] ep4 va -6.309 α 0.094 τ 0.39 (47s)
[ 2147.5s] [mE1 202608] ep5 va -6.323 α 0.093 τ 0.36 (48s)
[ 2195.2s] [mE1 202608] ep6 va -6.291 α 0.093 τ 0.33 (48s)
[ 2242.8s] [mE1 202608] ep7 va -6.296 α 0.092 τ 0.30 (48s)
[ 2290.8s] [mE1 202608] ep8 va -6.289 α 0.092 τ 0.27 (48s)
[ 2339.0s] [mE1 202608] ep9 va -6.192 α 0.092 τ 0.24 (48s)
[ 2387.3s] [mE1 202608] ep10 va -6.219 α 0.092 τ 0.21 (48s)
[ 2433.2s] [mE1 202608] ep11 va -6.318 α 0.092 τ 0.19 (46s)
[ 2471.2s] [mE1 202608] ep12 va -6.268 α 0.092 τ 0.16 (38s)
[ 2504.8s] [mE1 202608] ep13 va -6.312 α 0.092 τ 0.13 (34s)
[ 2538.0s] [mE1 202608] ep14 va -6.304 α 0.092 τ 0.10 (33s)
[ 2538.7s] == mE1 202608: net -0.248 bps/锚 ES5 46.14 换手 0.0375 α* 0.0921 best_ep 9 wall 677s
[ 2538.7s] MWF_TRAIN_DONE mE1 s2027 folds 5 月均净 +1.249 bps/锚(训练帧, 非终审)
