[   10.9s] rows 2745557 cols 171 anchors 10206 med|y| 0.00894
[   14.0s] MWF start tag mE1 embargo 1 months [202502, 202506, 202510, 202602, 202606] base_sha 93cc2cdf925a self_sha 14d08c63fb8a torch 2.11.0+cu128 gpu NVIDIA RTX PRO 4500 Blackwell
[   14.0s] skip 202502: already done
[   14.0s] CAUSALITY ASSERT mE1 202506: n_train 7469 max_train_idx 7468 (2025-05-31 16:00) max_train_label_end 2025-05-31 20:00 <= cutoff 2025-05-31 20:00 (= first_test 2025-06-01 00:00 - 1 anchors) OK
/workspace/review_scratch/allweather_trackB/pod_f10_train_monthly_s2027.py:373: UserWarning: Converting a tensor with requires_grad=True to a scalar may lead to unexpected behavior.
Consider using tensor.detach() first. (Triggered internally at /pytorch/torch/csrc/autograd/generated/python_variable_methods.cpp:836.)
  al = float(mdl.alpha()); va_curve.append(round(va, 4)); alist.append(round(al, 4)); ep_s.append(round(time.time() - t0, 1))
[   61.0s] [mE1 202506] ep0 va -5.807 α 0.100 τ 0.50 (35s)
[   96.2s] [mE1 202506] ep1 va -3.894 α 0.099 τ 0.47 (35s)
[  131.5s] [mE1 202506] ep2 va -5.489 α 0.098 τ 0.44 (35s)
[  166.7s] [mE1 202506] ep3 va -4.450 α 0.097 τ 0.41 (35s)
[  202.0s] [mE1 202506] ep4 va -5.125 α 0.097 τ 0.39 (35s)
[  237.0s] [mE1 202506] ep5 va -4.180 α 0.096 τ 0.36 (35s)
[  273.1s] [mE1 202506] ep6 va -4.552 α 0.096 τ 0.33 (36s)
[  308.3s] [mE1 202506] ep7 va -5.072 α 0.096 τ 0.30 (35s)
[  344.0s] [mE1 202506] ep8 va -4.486 α 0.096 τ 0.27 (36s)
[  378.4s] [mE1 202506] ep9 va -6.312 α 0.096 τ 0.24 (34s)
[  413.4s] [mE1 202506] ep10 va -5.867 α 0.096 τ 0.21 (35s)
[  448.6s] [mE1 202506] ep11 va -5.750 α 0.096 τ 0.19 (35s)
[  483.5s] [mE1 202506] ep12 va -6.379 α 0.096 τ 0.16 (35s)
[  518.7s] [mE1 202506] ep13 va -6.050 α 0.096 τ 0.13 (35s)
[  553.4s] [mE1 202506] ep14 va -6.004 α 0.096 τ 0.10 (35s)
[  559.5s] == mE1 202506: net -0.593 bps/锚 ES5 11.99 换手 0.0823 α* 0.0987 best_ep 1 wall 528s
[  559.6s] CAUSALITY ASSERT mE1 202510: n_train 8201 max_train_idx 8200 (2025-09-30 16:00) max_train_label_end 2025-09-30 20:00 <= cutoff 2025-09-30 20:00 (= first_test 2025-10-01 00:00 - 1 anchors) OK
[  596.9s] [mE1 202510] ep0 va -4.581 α 0.099 τ 0.50 (37s)
[  635.4s] [mE1 202510] ep1 va -4.293 α 0.098 τ 0.47 (39s)
[  674.0s] [mE1 202510] ep2 va -4.123 α 0.098 τ 0.44 (39s)
[  712.7s] [mE1 202510] ep3 va -3.995 α 0.097 τ 0.41 (39s)
[  751.4s] [mE1 202510] ep4 va -3.954 α 0.096 τ 0.39 (39s)
[  789.9s] [mE1 202510] ep5 va -3.782 α 0.096 τ 0.36 (39s)
[  828.5s] [mE1 202510] ep6 va -3.746 α 0.095 τ 0.33 (39s)
[  867.1s] [mE1 202510] ep7 va -3.765 α 0.095 τ 0.30 (39s)
[  906.1s] [mE1 202510] ep8 va -3.876 α 0.095 τ 0.27 (39s)
[  944.7s] [mE1 202510] ep9 va -4.217 α 0.095 τ 0.24 (39s)
[  983.3s] [mE1 202510] ep10 va -4.018 α 0.095 τ 0.21 (39s)
[ 1021.9s] [mE1 202510] ep11 va -3.921 α 0.095 τ 0.19 (39s)
[ 1060.7s] [mE1 202510] ep12 va -4.050 α 0.095 τ 0.16 (39s)
[ 1098.4s] [mE1 202510] ep13 va -4.009 α 0.095 τ 0.13 (38s)
[ 1136.3s] [mE1 202510] ep14 va -3.973 α 0.095 τ 0.10 (38s)
[ 1141.1s] == mE1 202510: net +6.307 bps/锚 ES5 49.23 换手 0.0276 α* 0.0954 best_ep 6 wall 577s
[ 1141.1s] CAUSALITY ASSERT mE1 202602: n_train 8939 max_train_idx 8938 (2026-01-31 16:00) max_train_label_end 2026-01-31 20:00 <= cutoff 2026-01-31 20:00 (= first_test 2026-02-01 00:00 - 1 anchors) OK
[ 1182.9s] [mE1 202602] ep0 va -8.036 α 0.099 τ 0.50 (42s)
[ 1224.1s] [mE1 202602] ep1 va -8.121 α 0.098 τ 0.47 (41s)
[ 1267.0s] [mE1 202602] ep2 va -8.154 α 0.097 τ 0.44 (43s)
[ 1310.2s] [mE1 202602] ep3 va -8.188 α 0.096 τ 0.41 (43s)
[ 1352.9s] [mE1 202602] ep4 va -8.058 α 0.096 τ 0.39 (43s)
[ 1395.6s] [mE1 202602] ep5 va -8.069 α 0.095 τ 0.36 (43s)
[ 1437.7s] [mE1 202602] ep6 va -8.102 α 0.095 τ 0.33 (42s)
[ 1480.0s] [mE1 202602] ep7 va -8.063 α 0.094 τ 0.30 (42s)
[ 1522.3s] [mE1 202602] ep8 va -7.973 α 0.094 τ 0.27 (42s)
[ 1564.4s] [mE1 202602] ep9 va -8.059 α 0.094 τ 0.24 (42s)
[ 1606.7s] [mE1 202602] ep10 va -8.126 α 0.094 τ 0.21 (42s)
[ 1649.2s] [mE1 202602] ep11 va -7.932 α 0.094 τ 0.19 (42s)
[ 1691.4s] [mE1 202602] ep12 va -7.961 α 0.094 τ 0.16 (42s)
[ 1733.5s] [mE1 202602] ep13 va -7.975 α 0.094 τ 0.13 (42s)
[ 1775.2s] [mE1 202602] ep14 va -7.980 α 0.094 τ 0.10 (42s)
[ 1778.8s] == mE1 202602: net +3.637 bps/锚 ES5 29.59 换手 0.0387 α* 0.0941 best_ep 11 wall 634s
[ 1778.9s] CAUSALITY ASSERT mE1 202606: n_train 9659 max_train_idx 9658 (2026-05-31 16:00) max_train_label_end 2026-05-31 20:00 <= cutoff 2026-05-31 20:00 (= first_test 2026-06-01 00:00 - 1 anchors) OK
[ 1824.6s] [mE1 202606] ep0 va -7.034 α 0.098 τ 0.50 (46s)
[ 1869.8s] [mE1 202606] ep1 va -6.961 α 0.097 τ 0.47 (45s)
[ 1916.2s] [mE1 202606] ep2 va -7.143 α 0.096 τ 0.44 (46s)
[ 1962.2s] [mE1 202606] ep3 va -6.949 α 0.095 τ 0.41 (46s)
[ 2008.7s] [mE1 202606] ep4 va -6.923 α 0.094 τ 0.39 (47s)
[ 2055.3s] [mE1 202606] ep5 va -7.015 α 0.094 τ 0.36 (47s)
[ 2101.0s] [mE1 202606] ep6 va -7.099 α 0.093 τ 0.33 (46s)
[ 2146.9s] [mE1 202606] ep7 va -7.060 α 0.093 τ 0.30 (46s)
[ 2193.2s] [mE1 202606] ep8 va -7.035 α 0.093 τ 0.27 (46s)
[ 2239.5s] [mE1 202606] ep9 va -7.076 α 0.093 τ 0.24 (46s)
[ 2285.7s] [mE1 202606] ep10 va -7.075 α 0.093 τ 0.21 (46s)
[ 2332.4s] [mE1 202606] ep11 va -7.131 α 0.093 τ 0.19 (47s)
[ 2378.2s] [mE1 202606] ep12 va -7.155 α 0.093 τ 0.16 (46s)
[ 2424.8s] [mE1 202606] ep13 va -7.108 α 0.093 τ 0.13 (47s)
[ 2462.3s] [mE1 202606] ep14 va -7.114 α 0.093 τ 0.10 (38s)
[ 2464.1s] == mE1 202606: net +5.592 bps/锚 ES5 49.06 换手 0.0390 α* 0.0944 best_ep 4 wall 683s
[ 2464.2s] MWF_TRAIN_DONE mE1 s2027 folds 5 月均净 +2.929 bps/锚(训练帧, 非终审)
