{"label": "POST-HOC check; not pre-registered; changes no reading", "n_stopped_held_instances": 125, "n_recorded_bucket_known": 122, "n_pred_matches_record": 122, "recorded_bucket_counts": {"UNLISTED(truncated?)": 3, "reduced": 23, "add_blocked": 94, "flatten_only": 5}, "self_sha256": "cb46674d2ebfda5aa30bf6d9a9af085fc619907af0ed734426cbf061f351ee19"}
2026-08-26 00:00Z PROMUSDT held -168.2 a +1.5 b 1.0058 resid 185.85 n 286 pred flatten_only rec [] ['maker:venue_reject', 'topup_taker:filled'] post 0.0 net_before -90.55739773208374
2026-08-26 00:00Z SKYAIUSDT held 96.6 a +1.5 b 1.0058 resid 185.85 n 286 pred reduced rec ['reduced'] ['maker:partial_expired', 'topup_taker:skipped_min_notional'] post 0.4428 net_before -90.55739773208374
2026-08-30 20:00Z SKRUSDT held -305.1 a +12.9 b 1.0318 resid 296.76 n 271 pred flatten_only rec [] ['maker:partial_expired', 'maker:venue_reject', 'topup_taker:skipped_min_notional'] post -0.131748 net_before -2430.510716288558
2026-09-02 12:00Z CYSUSDT held 9.0 a +16.7 b 1.0656 resid 23.31 n 228 pred add_blocked rec ['add_blocked'] ['maker:skipped_min_notional'] post 9.16231342 net_before -3519.1405971758636
2026-09-02 12:00Z MAGMAUSDT held 18.5 a +16.7 b 1.0656 resid 23.31 n 228 pred reduced rec ['reduced'] ['maker:skipped_min_notional'] post 18.7391995 net_before -3519.1405971758636
2026-09-02 12:00Z RIVERUSDT held 435.2 a +16.7 b 1.0656 resid 23.31 n 228 pred reduced rec ['reduced'] ['maker:partial_expired', 'topup_taker:skipped_no_chase_arm'] post 434.63902531 net_before -3519.1405971758636
2026-09-02 12:00Z TRIAUSDT held 13.7 a +16.7 b 1.0656 resid 23.31 n 228 pred add_blocked rec ['add_blocked'] ['maker:skipped_min_notional'] post 13.53812 net_before -3519.1405971758636
2026-09-02 16:00Z CYSUSDT held 9.2 a +15.8 b 1.0649 resid 22.42 n 230 pred add_blocked rec ['add_blocked'] ['maker:skipped_min_notional'] post 9.32335352 net_before -3297.2931990867482
2026-09-02 16:00Z MAGMAUSDT held 18.7 a +15.8 b 1.0649 resid 22.42 n 230 pred reduced rec ['reduced'] ['maker:skipped_min_notional'] post 19.4222 net_before -3297.2931990867482
2026-09-02 16:00Z RIVERUSDT held 434.6 a +15.8 b 1.0649 resid 22.42 n 230 pred reduced rec ['reduced'] ['maker:partial_expired', 'topup_taker:skipped_min_notional'] post 15.996 net_before -3297.2931990867482
2026-09-02 16:00Z TRIAUSDT held 13.5 a +15.8 b 1.0649 resid 22.42 n 230 pred add_blocked rec ['add_blocked'] ['maker:skipped_min_notional'] post 13.72087 net_before -3297.2931990867482
2026-09-02 20:00Z CYSUSDT held 9.3 a +14.9 b 1.0642 resid 21.48 n 230 pred add_blocked rec ['add_blocked'] ['maker:skipped_min_notional'] post 9.1156 net_before -3121.283411729851
2026-09-02 20:00Z MAGMAUSDT held 19.4 a +14.9 b 1.0642 resid 21.48 n 230 pred reduced rec ['reduced'] ['maker:skipped_min_notional'] post 19.0774038 net_before -3121.283411729851
2026-09-02 20:00Z RIVERUSDT held 16.0 a +14.9 b 1.0642 resid 21.48 n 230 pred reduced rec ['reduced'] ['maker:skipped_min_notional'] post 15.5124 net_before -3121.283411729851
2026-09-02 20:00Z TRIAUSDT held 13.7 a +14.9 b 1.0642 resid 21.48 n 230 pred add_blocked rec ['add_blocked'] ['maker:skipped_min_notional'] post 13.50284925 net_before -3121.283411729851
2026-09-03 00:00Z CYSUSDT held 9.1 a +13.9 b 1.0624 resid 20.49 n 228 pred add_blocked rec ['add_blocked'] ['maker:skipped_min_notional'] post 8.788 net_before -2942.1923552794433
2026-09-03 00:00Z MAGMAUSDT held 19.1 a +13.9 b 1.0624 resid 20.49 n 228 pred reduced rec ['reduced'] ['maker:skipped_min_notional'] post 14.43641185 net_before -2942.1923552794433
2026-09-03 00:00Z RIVERUSDT held 15.5 a +13.9 b 1.0624 resid 20.49 n 228 pred reduced rec ['reduced'] ['maker:skipped_min_notional'] post 15.5868 net_before -2942.1923552794433
2026-09-03 00:00Z TRIAUSDT held 13.5 a +13.9 b 1.0624 resid 20.49 n 228 pred add_blocked rec ['add_blocked'] ['maker:skipped_min_notional'] post 13.717215 net_before -2942.1923552794433
2026-09-03 04:00Z CYSUSDT held 8.8 a +12.5 b 1.0597 resid 19.05 n 239 pred add_blocked rec ['add_blocked'] ['maker:skipped_min_notional'] post 8.40087144 net_before -2671.9216224608667
2026-09-03 04:00Z MAGMAUSDT held 14.4 a +12.5 b 1.0597 resid 19.05 n 239 pred reduced rec ['reduced'] ['maker:skipped_min_notional'] post 13.4836681 net_before -2671.9216224608667
2026-09-03 04:00Z RIVERUSDT held 15.6 a +12.5 b 1.0597 resid 19.05 n 239 pred reduced rec ['reduced'] ['maker:skipped_min_notional'] post 15.618265 net_before -2671.9216224608667
2026-09-03 04:00Z TRIAUSDT held 13.7 a +12.5 b 1.0597 resid 19.05 n 239 pred reduced rec ['reduced'] ['maker:skipped_min_notional'] post 13.68432 net_before -2671.9216224608667
2026-09-03 08:00Z CYSUSDT held 8.4 a +12.2 b 1.0593 resid 18.81 n 234 pred add_blocked rec ['add_blocked'] ['maker:skipped_min_notional'] post 7.7584 net_before -2581.7069387382103
2026-09-03 08:00Z EGLDUSDT held -7.7 a +12.2 b 1.0593 resid 18.81 n 234 pred flatten_only rec ['flatten_only'] ['maker:partial_expired', 'topup_taker:skipped_min_notional'] post -0.51174764 net_before -2581.7069387382103
2026-09-03 08:00Z MAGMAUSDT held 13.5 a +12.2 b 1.0593 resid 18.81 n 234 pred reduced rec ['reduced'] ['maker:skipped_min_notional'] post 14.2441383 net_before -2581.7069387382103
2026-09-03 08:00Z RIVERUSDT held 15.6 a +12.2 b 1.0593 resid 18.81 n 234 pred reduced rec ['reduced'] ['maker:skipped_min_notional'] post 15.76683522 net_before -2581.7069387382103
2026-09-03 08:00Z TRIAUSDT held 13.7 a +12.2 b 1.0593 resid 18.81 n 234 pred reduced rec ['reduced'] ['maker:skipped_min_notional'] post 13.78647725 net_before -2581.7069387382103
2026-09-03 12:00Z CYSUSDT held 7.8 a +12.6 b 1.0583 resid 19.23 n 228 pred add_blocked rec ['add_blocked'] ['maker:skipped_min_notional'] post 7.45378218 net_before -2643.28111631459
2026-09-03 12:00Z MAGMAUSDT held 14.2 a +12.6 b 1.0583 resid 19.23 n 228 pred reduced rec ['reduced'] ['maker:skipped_min_notional'] post 14.3006262 net_before -2643.28111631459
2026-09-03 12:00Z RIVERUSDT held 15.8 a +12.6 b 1.0583 resid 19.23 n 228 pred reduced rec ['reduced'] ['maker:skipped_min_notional'] post 15.8596 net_before -2643.28111631459
2026-09-03 12:00Z TRIAUSDT held 13.8 a +12.6 b 1.0583 resid 19.23 n 228 pred reduced rec ['reduced'] ['maker:skipped_min_notional'] post 13.739145 net_before -2643.28111631459
2026-09-03 16:00Z ARBUSDT held -173.5 a +42.4 b 1.0574 resid 0.00 n 296 pred flatten_only rec ['flatten_only'] ['maker:partial_expired', 'topup_taker:skipped_min_notional'] post -0.104544 net_before -9100.876951571263
2026-09-03 16:00Z CYSUSDT held 7.5 a +42.4 b 1.0574 resid 0.00 n 296 pred add_blocked rec ['add_blocked'] ['maker:skipped_min_notional'] post 7.03341496 net_before -9100.876951571263
2026-09-03 16:00Z MAGMAUSDT held 14.3 a +42.4 b 1.0574 resid 0.00 n 296 pred add_blocked rec ['add_blocked'] ['maker:skipped_min_notional'] post 13.2832847 net_before -9100.876951571263
2026-09-03 16:00Z RIVERUSDT held 15.9 a +42.4 b 1.0574 resid 0.00 n 296 pred add_blocked rec ['add_blocked'] ['maker:skipped_min_notional'] post 16.22589575 net_before -9100.876951571263
2026-09-03 16:00Z TRIAUSDT held 13.7 a +42.4 b 1.0574 resid 0.00 n 296 pred add_blocked rec ['add_blocked'] ['maker:skipped_min_notional'] post 14.0350538 net_before -9100.876951571263
2026-09-03 20:00Z CYSUSDT held 7.0 a +42.8 b 1.0529 resid 0.00 n 263 pred add_blocked rec ['add_blocked'] ['maker:skipped_min_notional'] post 7.02 net_before -9272.880339320453
2026-09-03 20:00Z MAGMAUSDT held 13.3 a +42.8 b 1.0529 resid 0.00 n 263 pred add_blocked rec ['add_blocked'] ['maker:skipped_min_notional'] post 12.50983965 net_before -9272.880339320453
2026-09-03 20:00Z RIVERUSDT held 16.2 a +42.8 b 1.0529 resid 0.00 n 263 pred add_blocked rec ['add_blocked'] ['maker:skipped_min_notional'] post 16.1448 net_before -9272.880339320453
2026-09-03 20:00Z TRIAUSDT held 14.0 a +42.8 b 1.0529 resid 0.00 n 263 pred add_blocked rec ['add_blocked'] ['maker:skipped_min_notional'] post 14.09452065 net_before -9272.880339320453
2026-09-04 00:00Z CYSUSDT held 7.0 a +39.6 b 1.0511 resid 0.00 n 250 pred add_blocked rec ['add_blocked'] ['maker:skipped_min_notional'] post 6.77184846 net_before -8600.39862521458
2026-09-04 00:00Z MAGMAUSDT held 12.5 a +39.6 b 1.0511 resid 0.00 n 250 pred add_blocked rec ['add_blocked'] ['maker:skipped_min_notional'] post 8.9442192 net_before -8600.39862521458
2026-09-04 00:00Z RIVERUSDT held 16.1 a +39.6 b 1.0511 resid 0.00 n 250 pred add_blocked rec ['add_blocked'] ['maker:skipped_min_notional'] post 15.9464 net_before -8600.39862521458
2026-09-04 00:00Z TRIAUSDT held 14.1 a +39.6 b 1.0511 resid 0.00 n 250 pred add_blocked rec ['add_blocked'] ['maker:skipped_min_notional'] post 14.3468253 net_before -8600.39862521458
2026-09-04 04:00Z CYSUSDT held 6.8 a +37.0 b 1.0509 resid 0.00 n 248 pred add_blocked rec ['add_blocked'] ['maker:skipped_min_notional'] post 7.2826 net_before -8072.655538522063
2026-09-04 04:00Z MAGMAUSDT held 8.9 a +37.0 b 1.0509 resid 0.00 n 248 pred add_blocked rec ['add_blocked'] ['maker:skipped_min_notional'] post 8.79663575 net_before -8072.655538522063
2026-09-04 04:00Z RIVERUSDT held 15.9 a +37.0 b 1.0509 resid 0.00 n 248 pred add_blocked rec ['add_blocked'] ['maker:skipped_min_notional'] post 15.9712 net_before -8072.655538522063
2026-09-04 04:00Z TRIAUSDT held 14.3 a +37.0 b 1.0509 resid 0.00 n 248 pred add_blocked rec ['add_blocked'] ['maker:skipped_min_notional'] post 16.1840476 net_before -8072.655538522063
2026-09-04 08:00Z CYSUSDT held 7.3 a +34.4 b 1.0497 resid 0.00 n 261 pred add_blocked rec ['add_blocked'] ['maker:skipped_min_notional'] post 6.84740056 net_before -7498.242928428244
2026-09-04 08:00Z MAGMAUSDT held 8.8 a +34.4 b 1.0497 resid 0.00 n 261 pred add_blocked rec ['add_blocked'] ['maker:skipped_min_notional'] post 9.41815 net_before -7498.242928428244
2026-09-04 08:00Z RIVERUSDT held 16.0 a +34.4 b 1.0497 resid 0.00 n 261 pred add_blocked rec ['add_blocked'] ['maker:skipped_min_notional'] post 15.8211807 net_before -7498.242928428244
2026-09-04 08:00Z TRIAUSDT held 16.2 a +34.4 b 1.0497 resid 0.00 n 261 pred add_blocked rec ['add_blocked'] ['maker:skipped_min_notional'] post 19.07862485 net_before -7498.242928428244
2026-09-04 12:00Z CYSUSDT held 6.8 a +32.3 b 1.0486 resid 0.00 n 274 pred add_blocked rec ['add_blocked'] ['maker:skipped_min_notional'] post 6.49520014 net_before -7126.552864353329
2026-09-04 12:00Z MAGMAUSDT held 9.4 a +32.3 b 1.0486 resid 0.00 n 274 pred add_blocked rec ['add_blocked'] ['maker:skipped_min_notional'] post 7.98540365 net_before -7126.552864353329
2026-09-04 12:00Z RIVERUSDT held 15.8 a +32.3 b 1.0486 resid 0.00 n 274 pred add_blocked rec ['add_blocked'] ['maker:skipped_min_notional'] post 14.98683852 net_before -7126.552864353329
2026-09-04 12:00Z TRIAUSDT held 19.1 a +32.3 b 1.0486 resid 0.00 n 274 pred add_blocked rec ['add_blocked'] ['maker:skipped_min_notional'] post 17.620755 net_before -7126.552864353329
2026-09-04 16:00Z CYSUSDT held 6.5 a +43.6 b 1.0525 resid 850.59 n 266 pred add_blocked rec ['add_blocked'] ['maker:skipped_min_notional'] post 6.17151054 net_before -8694.838503456009
2026-09-04 16:00Z MAGMAUSDT held 8.0 a +43.6 b 1.0525 resid 850.59 n 266 pred add_blocked rec ['add_blocked'] ['maker:skipped_min_notional'] post 8.69243025 net_before -8694.838503456009
2026-09-04 16:00Z RIVERUSDT held 15.0 a +43.6 b 1.0525 resid 850.59 n 266 pred add_blocked rec ['add_blocked'] ['maker:skipped_min_notional'] post 15.2024 net_before -8694.838503456009
2026-09-04 16:00Z TRIAUSDT held 17.6 a +43.6 b 1.0525 resid 850.59 n 266 pred add_blocked rec ['add_blocked'] ['maker:skipped_min_notional'] post 18.3733195 net_before -8694.838503456009
2026-09-04 16:00Z USELESSUSDT held -834.7 a +43.6 b 1.0525 resid 850.59 n 266 pred flatten_only rec [] ['maker:partial_expired', 'topup_taker:skipped_min_notional'] post -2.3903056 net_before -8694.838503456009
2026-09-04 20:00Z CYSUSDT held 6.2 a +43.5 b 1.0498 resid 0.00 n 243 pred add_blocked rec ['add_blocked'] ['maker:skipped_min_notional'] post 6.175156 net_before -9531.023481982527
2026-09-04 20:00Z MAGMAUSDT held 8.7 a +43.5 b 1.0498 resid 0.00 n 243 pred add_blocked rec ['add_blocked'] ['maker:skipped_min_notional'] post 9.124682 net_before -9531.023481982527
2026-09-04 20:00Z RIVERUSDT held 15.2 a +43.5 b 1.0498 resid 0.00 n 243 pred add_blocked rec ['add_blocked'] ['maker:skipped_min_notional'] post 15.934 net_before -9531.023481982527
2026-09-04 20:00Z TRIAUSDT held 18.4 a +43.5 b 1.0498 resid 0.00 n 243 pred add_blocked rec ['add_blocked'] ['maker:skipped_min_notional'] post 18.10687 net_before -9531.023481982527
2026-09-05 00:00Z CYSUSDT held 6.2 a +44.6 b 1.0488 resid 0.00 n 260 pred add_blocked rec ['add_blocked'] ['maker:skipped_min_notional'] post 6.3232 net_before -9777.174613994954
2026-09-05 00:00Z MAGMAUSDT held 9.1 a +44.6 b 1.0488 resid 0.00 n 260 pred add_blocked rec ['add_blocked'] ['maker:skipped_min_notional'] post 9.25205645 net_before -9777.174613994954
2026-09-05 00:00Z RIVERUSDT held 15.9 a +44.6 b 1.0488 resid 0.00 n 260 pred add_blocked rec ['add_blocked'] ['maker:skipped_min_notional'] post 17.40336329 net_before -9777.174613994954
2026-09-05 00:00Z TRIAUSDT held 18.1 a +44.6 b 1.0488 resid 0.00 n 260 pred add_blocked rec ['add_blocked'] ['maker:skipped_min_notional'] post 18.02646 net_before -9777.174613994954
2026-09-05 04:00Z CYSUSDT held 6.3 a +54.7 b 1.0506 resid 0.00 n 270 pred add_blocked rec ['add_blocked'] ['maker:skipped_min_notional'] post 6.1932 net_before -11925.674633568571
2026-09-05 04:00Z MAGMAUSDT held 9.3 a +54.7 b 1.0506 resid 0.00 n 270 pred add_blocked rec ['add_blocked'] ['maker:skipped_min_notional'] post 8.48117375 net_before -11925.674633568571
2026-09-05 04:00Z RIVERUSDT held 17.4 a +54.7 b 1.0506 resid 0.00 n 270 pred add_blocked rec ['add_blocked'] ['maker:skipped_min_notional'] post 16.28036907 net_before -11925.674633568571
2026-09-05 04:00Z TRIAUSDT held 18.0 a +54.7 b 1.0506 resid 0.00 n 270 pred add_blocked rec ['add_blocked'] ['maker:skipped_min_notional'] post 18.72091 net_before -11925.674633568571
2026-09-05 08:00Z CYSUSDT held 6.2 a +53.6 b 1.0505 resid 0.00 n 289 pred add_blocked rec ['add_blocked'] ['maker:skipped_min_notional'] post 6.071 net_before -11841.32867315617
2026-09-05 08:00Z MAGMAUSDT held 8.5 a +53.6 b 1.0505 resid 0.00 n 289 pred add_blocked rec ['add_blocked'] ['maker:skipped_min_notional'] post 8.1012624 net_before -11841.32867315617
2026-09-05 08:00Z RIVERUSDT held 16.3 a +53.6 b 1.0505 resid 0.00 n 289 pred add_blocked rec ['add_blocked'] ['maker:skipped_min_notional'] post 16.37573995 net_before -11841.32867315617
2026-09-05 08:00Z TRIAUSDT held 18.7 a +53.6 b 1.0505 resid 0.00 n 289 pred add_blocked rec ['add_blocked'] ['maker:skipped_min_notional'] post 19.1948173 net_before -11841.32867315617
2026-09-05 12:00Z CYSUSDT held 6.1 a +50.1 b 1.0502 resid 0.00 n 243 pred add_blocked rec ['add_blocked'] ['maker:skipped_min_notional'] post 6.15372472 net_before None
2026-09-05 12:00Z DASHUSDT held -489.2 a +50.1 b 1.0502 resid 0.00 n 243 pred flatten_only rec ['flatten_only'] ['maker:partial_expired', 'topup_taker:skipped_no_chase_arm'] post -503.43282 net_before None
2026-09-05 12:00Z MAGMAUSDT held 8.1 a +50.1 b 1.0502 resid 0.00 n 243 pred add_blocked rec ['add_blocked'] ['maker:skipped_min_notional'] post 8.06784405 net_before None
2026-09-05 12:00Z RIVERUSDT held 16.4 a +50.1 b 1.0502 resid 0.00 n 243 pred add_blocked rec ['add_blocked'] ['maker:skipped_min_notional'] post 16.58788089 net_before None
2026-09-05 12:00Z TRIAUSDT held 19.2 a +50.1 b 1.0502 resid 0.00 n 243 pred add_blocked rec ['add_blocked'] ['maker:skipped_min_notional'] post 19.57453525 net_before None
2026-09-05 16:00Z CYSUSDT held 6.2 a +51.3 b 1.0497 resid 0.00 n 249 pred add_blocked rec ['add_blocked'] ['maker:skipped_min_notional'] post 6.0372 net_before None
2026-09-05 16:00Z DASHUSDT held -503.4 a +51.3 b 1.0497 resid 0.00 n 249 pred flatten_only rec ['flatten_only'] ['maker:partial_expired', 'topup_taker:skipped_min_notional'] post 0.0 net_before None
2026-09-05 16:00Z MAGMAUSDT held 8.1 a +51.3 b 1.0497 resid 0.00 n 249 pred add_blocked rec ['add_blocked'] ['maker:skipped_min_notional'] post 8.53578285 net_before None
2026-09-05 16:00Z RIVERUSDT held 16.6 a +51.3 b 1.0497 resid 0.00 n 249 pred add_blocked rec ['add_blocked'] ['maker:skipped_min_notional'] post 16.988 net_before None
2026-09-05 16:00Z TRIAUSDT held 19.6 a +51.3 b 1.0497 resid 0.00 n 249 pred add_blocked rec ['add_blocked'] ['maker:skipped_min_notional'] post 18.1396919 net_before None
2026-09-05 20:00Z CYSUSDT held 6.0 a +55.8 b 1.0524 resid 8.28 n 236 pred add_blocked rec ['add_blocked'] ['maker:skipped_min_notional'] post 6.0719464 net_before None
2026-09-05 20:00Z MAGMAUSDT held 8.5 a +55.8 b 1.0524 resid 8.28 n 236 pred add_blocked rec ['add_blocked'] ['maker:skipped_min_notional'] post 9.0203743 net_before None
2026-09-05 20:00Z RIVERUSDT held 17.0 a +55.8 b 1.0524 resid 8.28 n 236 pred add_blocked rec ['add_blocked'] ['maker:skipped_min_notional'] post 16.678 net_before None
2026-09-05 20:00Z TRIAUSDT held 18.1 a +55.8 b 1.0524 resid 8.28 n 236 pred add_blocked rec ['add_blocked'] ['maker:skipped_min_notional'] post 18.022805 net_before None
2026-09-06 00:00Z CYSUSDT held 6.1 a +52.6 b 1.0534 resid 5.71 n 254 pred add_blocked rec ['add_blocked'] ['maker:skipped_min_notional'] post 6.33331036 net_before None
2026-09-06 00:00Z MAGMAUSDT held 9.0 a +52.6 b 1.0534 resid 5.71 n 254 pred add_blocked rec ['add_blocked'] ['maker:skipped_min_notional'] post 9.86699665 net_before None
2026-09-06 00:00Z RIVERUSDT held 16.7 a +52.6 b 1.0534 resid 5.71 n 254 pred add_blocked rec ['add_blocked'] ['maker:skipped_min_notional'] post 16.6284 net_before None
2026-09-06 00:00Z TRIAUSDT held 18.0 a +52.6 b 1.0534 resid 5.71 n 254 pred add_blocked rec ['add_blocked'] ['maker:skipped_min_notional'] post 18.39448195 net_before None
2026-09-06 04:00Z CYSUSDT held 6.3 a +55.1 b 1.0627 resid 8.81 n 262 pred add_blocked rec ['add_blocked'] ['maker:skipped_min_notional'] post 6.1074 net_before None
2026-09-06 04:00Z HEMIUSDT held 1424.0 a +55.1 b 1.0627 resid 8.81 n 262 pred reduced rec ['reduced'] ['maker:partial_expired', 'maker:venue_reject', 'topup_taker:skipped_min_notional'] post 57.1992102 net_before None
2026-09-06 04:00Z MAGMAUSDT held 9.9 a +55.1 b 1.0627 resid 8.81 n 262 pred add_blocked rec ['add_blocked'] ['maker:skipped_min_notional'] post 9.44335 net_before None
2026-09-06 04:00Z RIVERUSDT held 16.6 a +55.1 b 1.0627 resid 8.81 n 262 pred add_blocked rec ['add_blocked'] ['maker:skipped_min_notional'] post 16.0952 net_before None
2026-09-06 04:00Z TRIAUSDT held 18.4 a +55.1 b 1.0627 resid 8.81 n 262 pred add_blocked rec ['add_blocked'] ['maker:skipped_min_notional'] post 16.28861715 net_before None
2026-09-06 08:00Z CYSUSDT held 6.1 a +52.6 b 1.0622 resid 7.13 n 267 pred add_blocked rec ['add_blocked'] ['maker:skipped_min_notional', 'protective_flatten:filled'] post 0.0 net_before None
2026-09-06 08:00Z HEMIUSDT held 57.2 a +52.6 b 1.0622 resid 7.13 n 267 pred reduced rec ['reduced'] ['maker:skipped_min_notional', 'protective_flatten:filled'] post 0.0 net_before None
2026-09-06 08:00Z MAGMAUSDT held 9.4 a +52.6 b 1.0622 resid 7.13 n 267 pred add_blocked rec ['add_blocked'] ['maker:skipped_min_notional', 'protective_flatten:filled'] post 0.0 net_before None
2026-09-06 08:00Z RIVERUSDT held 16.1 a +52.6 b 1.0622 resid 7.13 n 267 pred add_blocked rec ['add_blocked'] ['maker:skipped_min_notional', 'protective_flatten:filled'] post 0.0 net_before None
2026-09-06 08:00Z TRIAUSDT held 16.3 a +52.6 b 1.0622 resid 7.13 n 267 pred add_blocked rec ['add_blocked'] ['maker:skipped_min_notional', 'protective_flatten:filled'] post 0.0 net_before None
2026-09-08 16:00Z XANUSDT held 2292.4 a +55.8 b 1.0938 resid 0.00 n 259 pred reduced rec ['reduced'] ['maker:venue_reject', 'topup_taker:filled'] post 54.12245769 net_before -12189.48877379057
2026-09-08 20:00Z XANUSDT held 54.1 a +49.8 b 1.0920 resid 0.00 n 257 pred reduced rec ['reduced'] ['maker:venue_reject', 'topup_taker:filled'] post 50.004514 net_before -10851.39792924292
2026-09-09 00:00Z XANUSDT held 50.0 a +57.2 b 1.0937 resid 0.00 n 270 pred add_blocked rec ['add_blocked'] ['maker:skipped_min_notional'] post 45.78049 net_before -12394.81124085701
2026-09-09 04:00Z XANUSDT held 45.8 a +55.9 b 1.0920 resid 0.00 n 251 pred add_blocked rec ['add_blocked'] ['maker:skipped_min_notional'] post 48.766438 net_before -12122.558154536966
2026-09-09 08:00Z XANUSDT held 48.8 a +55.0 b 1.0894 resid 0.00 n 260 pred add_blocked rec ['add_blocked'] ['maker:skipped_min_notional'] post 46.816266 net_before -11961.749213175492
2026-09-10 12:00Z IOSTUSDT held 894.4 a +49.6 b 1.0807 resid 0.00 n 275 pred reduced rec ['reduced'] ['maker:partial_expired', 'topup_taker:skipped_min_notional'] post 48.68926738 net_before -11201.631083426268
2026-09-10 16:00Z IOSTUSDT held 48.7 a +50.5 b 1.0816 resid 0.00 n 284 pred add_blocked rec ['add_blocked'] ['maker:skipped_min_notional'] post 44.6606628 net_before -11387.347746933407
2026-09-10 20:00Z IOSTUSDT held 44.7 a +54.5 b 1.0777 resid 0.00 n 282 pred add_blocked rec ['add_blocked'] ['maker:skipped_min_notional'] post 44.23595124 net_before -12441.300754504116
2026-09-11 00:00Z IOSTUSDT held 44.2 a +56.8 b 1.0786 resid 0.00 n 278 pred add_blocked rec ['add_blocked'] ['maker:skipped_min_notional'] post 42.32343024 net_before -12954.28024511386
2026-09-11 04:00Z IOSTUSDT held 42.3 a +51.4 b 1.0793 resid 0.00 n 269 pred add_blocked rec ['add_blocked'] ['maker:skipped_min_notional'] post 41.3236434 net_before -11724.607758490743
2026-09-11 08:00Z IOSTUSDT held 41.3 a +62.1 b 1.0833 resid 0.00 n 275 pred add_blocked rec ['add_blocked'] ['maker:skipped_min_notional'] post 43.4735808 net_before -14166.269036057853
2026-09-11 12:00Z IOSTUSDT held 43.5 a +61.4 b 1.0828 resid 0.00 n 286 pred add_blocked rec ['add_blocked'] ['maker:skipped_min_notional'] post 41.4863176 net_before -13944.956443571884
2026-09-11 16:00Z IOSTUSDT held 41.5 a +57.2 b 1.0819 resid 0.00 n 296 pred add_blocked rec ['add_blocked'] ['maker:skipped_min_notional'] post 40.118975 net_before -13175.822076272258
2026-09-11 20:00Z IOSTUSDT held 40.1 a +50.1 b 1.0712 resid 0.00 n 272 pred add_blocked rec ['add_blocked'] ['maker:skipped_min_notional'] post 38.5537854 net_before -11644.137534443204
2026-09-12 00:00Z IOSTUSDT held 38.6 a +48.6 b 1.0706 resid 0.00 n 270 pred add_blocked rec ['add_blocked'] ['maker:skipped_min_notional'] post 39.8947484 net_before -11395.485499823513
2026-09-12 04:00Z IOSTUSDT held 39.9 a +46.6 b 1.0705 resid 0.00 n 271 pred add_blocked rec ['add_blocked'] ['maker:skipped_min_notional'] post 37.6744654 net_before -11024.370471635526
2026-09-12 08:00Z IOSTUSDT held 37.7 a +46.7 b 1.0692 resid 154.21 n 277 pred add_blocked rec ['add_blocked'] ['maker:skipped_min_notional'] post 38.3075758 net_before -11212.399228008882
2026-09-12 12:00Z IOSTUSDT held 38.3 a +57.7 b 1.0721 resid 197.64 n 267 pred add_blocked rec ['add_blocked'] ['maker:skipped_min_notional', 'protective_flatten:filled'] post 0.0 net_before -13684.252855557736
2026-09-12 12:00Z LSKUSDT held -81.0 a +57.7 b 1.0721 resid 197.64 n 267 pred flatten_only rec ['flatten_only'] ['maker:partial_expired', 'topup_taker:filled'] post 0.0 net_before -13684.252855557736
DONE_t5b_exec_posthoc
