2026-09-02 12:00Z d_mine +0.0653  d_if_spacing_iv +0.0653 | dL -0.0000 dS +0.0653 d_non8h +0.0653 d_non8h_gross +0.00000 d_st15 +0.0000 d_coh_gross +0.00746 | iv_flags 0
2026-09-02 16:00Z d_mine +0.0314  d_if_spacing_iv +0.0314 | dL +0.0000 dS +0.0314 d_non8h +0.0314 d_non8h_gross +0.00000 d_st15 -0.0000 d_coh_gross +0.00000 | iv_flags 0
2026-09-02 20:00Z d_mine +0.4785  d_if_spacing_iv +0.4785 | dL +0.0000 dS +0.4785 d_non8h +0.4785 d_non8h_gross +0.00000 d_st15 -0.0000 d_coh_gross +0.00000 | iv_flags 0
2026-09-03 00:00Z d_mine +0.3425  d_if_spacing_iv +0.3425 | dL +0.0000 dS +0.3425 d_non8h +0.3425 d_non8h_gross +0.00000 d_st15 -0.0000 d_coh_gross +0.00000 | iv_flags 0
2026-09-03 04:00Z d_mine +0.3726  d_if_spacing_iv +0.3726 | dL +0.0000 dS +0.3726 d_non8h +0.3726 d_non8h_gross +0.00000 d_st15 -0.0000 d_coh_gross +0.00000 | iv_flags 0
2026-09-03 08:00Z d_mine +0.2482  d_if_spacing_iv +0.2482 | dL -0.0000 dS +0.2482 d_non8h +0.2482 d_non8h_gross +0.00000 d_st15 -0.0000 d_coh_gross +0.00000 | iv_flags 0
2026-09-03 12:00Z d_mine +0.0371  d_if_spacing_iv +0.0371 | dL +0.0000 dS +0.0371 d_non8h +0.0371 d_non8h_gross +0.00000 d_st15 -0.0000 d_coh_gross +0.00373 | iv_flags 0
2026-09-03 16:00Z d_mine +0.0291  d_if_spacing_iv +0.0291 | dL +0.0000 dS +0.0291 d_non8h +0.0291 d_non8h_gross +0.00000 d_st15 +0.0000 d_coh_gross +0.00313 | iv_flags 0
2026-09-03 20:00Z d_mine +0.0374  d_if_spacing_iv +0.0374 | dL +0.0000 dS +0.0374 d_non8h +0.0374 d_non8h_gross +0.00000 d_st15 -0.0000 d_coh_gross +0.00259 | iv_flags 0
2026-09-04 00:00Z d_mine +0.0218  d_if_spacing_iv +0.0218 | dL +0.0000 dS +0.0218 d_non8h +0.0218 d_non8h_gross +0.00000 d_st15 -0.0000 d_coh_gross +0.00212 | iv_flags 0
2026-09-04 04:00Z d_mine +0.0107  d_if_spacing_iv +0.0107 | dL +0.0000 dS +0.0107 d_non8h +0.0107 d_non8h_gross +0.00000 d_st15 +0.0000 d_coh_gross +0.00170 | iv_flags 0
2026-09-04 08:00Z d_mine +0.0079  d_if_spacing_iv +0.0079 | dL -0.0000 dS +0.0079 d_non8h +0.0079 d_non8h_gross -0.00000 d_st15 +0.0000 d_coh_gross +0.00000 | iv_flags 0
2026-09-04 12:00Z d_mine +0.0335  d_if_spacing_iv +0.0335 | dL +0.0000 dS +0.0335 d_non8h +0.0335 d_non8h_gross -0.00000 d_st15 +0.0000 d_coh_gross +0.00000 | iv_flags 0
2026-09-04 16:00Z d_mine +0.0229  d_if_spacing_iv +0.0229 | dL +0.0000 dS +0.0229 d_non8h +0.0229 d_non8h_gross +0.00000 d_st15 +0.0000 d_coh_gross +0.00172 | iv_flags 0
2026-09-04 20:00Z d_mine +0.0186  d_if_spacing_iv +0.0186 | dL +0.0000 dS +0.0186 d_non8h +0.0186 d_non8h_gross +0.00000 d_st15 -0.0000 d_coh_gross +0.00132 | iv_flags 0
2026-09-05 00:00Z d_mine +0.0063  d_if_spacing_iv +0.0063 | dL +0.0000 dS +0.0063 d_non8h +0.0063 d_non8h_gross +0.00000 d_st15 -0.0000 d_coh_gross +0.00111 | iv_flags 0
2026-09-05 04:00Z d_mine +0.0067  d_if_spacing_iv +0.0067 | dL -0.0000 dS +0.0067 d_non8h +0.0067 d_non8h_gross -0.00000 d_st15 +0.0000 d_coh_gross +0.00078 | iv_flags 0
2026-09-05 08:00Z d_mine +0.0088  d_if_spacing_iv +0.0088 | dL +0.0000 dS +0.0088 d_non8h +0.0088 d_non8h_gross -0.00000 d_st15 -0.0000 d_coh_gross +0.00078 | iv_flags 0
2026-09-05 12:00Z d_mine +0.0100  d_if_spacing_iv +0.0100 | dL +0.0000 dS +0.0100 d_non8h +0.0100 d_non8h_gross -0.00000 d_st15 -0.0000 d_coh_gross +0.00077 | iv_flags 0
2026-09-05 16:00Z d_mine +0.0073  d_if_spacing_iv +0.0073 | dL +0.0000 dS +0.0073 d_non8h +0.0073 d_non8h_gross +0.00000 d_st15 -0.0000 d_coh_gross +0.00044 | iv_flags 0
2026-09-05 20:00Z d_mine +0.0073  d_if_spacing_iv +0.0073 | dL -0.0000 dS +0.0073 d_non8h +0.0073 d_non8h_gross +0.00000 d_st15 -0.0000 d_coh_gross +0.00026 | iv_flags 0
2026-09-06 00:00Z d_mine +0.0118  d_if_spacing_iv +0.0118 | dL +0.0000 dS +0.0118 d_non8h +0.0118 d_non8h_gross +0.00000 d_st15 -0.0000 d_coh_gross +0.00026 | iv_flags 0
2026-09-06 04:00Z d_mine +0.0040  d_if_spacing_iv +0.0040 | dL +0.0000 dS +0.0040 d_non8h +0.0040 d_non8h_gross +0.00000 d_st15 -0.0000 d_coh_gross +0.00000 | iv_flags 0
2026-09-06 08:00Z d_mine +0.0038  d_if_spacing_iv +0.0038 | dL +0.0000 dS +0.0038 d_non8h +0.0038 d_non8h_gross +0.00000 d_st15 +0.0000 d_coh_gross +0.00026 | iv_flags 0
2026-09-06 12:00Z d_mine +0.0032  d_if_spacing_iv +0.0032 | dL +0.0000 dS +0.0032 d_non8h +0.0032 d_non8h_gross +0.00000 d_st15 -0.0000 d_coh_gross +0.00026 | iv_flags 0
2026-09-06 16:00Z d_mine +0.0001  d_if_spacing_iv +0.0001 | dL -0.0014 dS +0.0015 d_non8h -0.0001 d_non8h_gross -0.00040 d_st15 -0.0014 d_coh_gross +0.00026 | iv_flags 0
2026-09-06 20:00Z d_mine -0.0015  d_if_spacing_iv -0.0015 | dL -0.0028 dS +0.0013 d_non8h -0.0019 d_non8h_gross -0.00079 d_st15 -0.0028 d_coh_gross +0.00026 | iv_flags 0
2026-09-07 00:00Z d_mine +0.0006  d_if_spacing_iv +0.0006 | dL -0.0038 dS +0.0045 d_non8h +0.0001 d_non8h_gross -0.00109 d_st15 -0.0038 d_coh_gross +0.00000 | iv_flags 0
2026-09-07 04:00Z d_mine -0.0032  d_if_spacing_iv -0.0032 | dL -0.0046 dS +0.0014 d_non8h -0.0038 d_non8h_gross -0.00130 d_st15 -0.0046 d_coh_gross +0.00025 | iv_flags 0
2026-09-07 08:00Z d_mine -0.0046  d_if_spacing_iv -0.0046 | dL -0.0056 dS +0.0011 d_non8h -0.0054 d_non8h_gross -0.00161 d_st15 -0.0056 d_coh_gross +0.00026 | iv_flags 0
2026-09-07 12:00Z d_mine -0.0051  d_if_spacing_iv -0.0051 | dL -0.0075 dS +0.0024 d_non8h -0.0062 d_non8h_gross -0.00215 d_st15 -0.0075 d_coh_gross +0.00000 | iv_flags 0
2026-09-07 16:00Z d_mine -0.0064  d_if_spacing_iv -0.0064 | dL -0.0093 dS +0.0030 d_non8h -0.0077 d_non8h_gross -0.00266 d_st15 -0.0093 d_coh_gross +0.00000 | iv_flags 0
2026-09-07 20:00Z d_mine -0.0104  d_if_spacing_iv -0.0104 | dL -0.0116 dS +0.0012 d_non8h -0.0120 d_non8h_gross -0.00331 d_st15 -0.0116 d_coh_gross +0.00000 | iv_flags 0
2026-09-08 00:00Z d_mine -0.0116  d_if_spacing_iv -0.0116 | dL -0.0116 dS -0.0000 d_non8h -0.0132 d_non8h_gross -0.00331 d_st15 -0.0116 d_coh_gross +0.00000 | iv_flags 0
2026-09-08 04:00Z d_mine -0.0115  d_if_spacing_iv -0.0115 | dL -0.0115 dS -0.0000 d_non8h -0.0132 d_non8h_gross -0.00330 d_st15 -0.0115 d_coh_gross +0.00000 | iv_flags 0
2026-09-08 08:00Z d_mine -0.0130  d_if_spacing_iv -0.0130 | dL -0.0130 dS -0.0000 d_non8h -0.0149 d_non8h_gross -0.00372 d_st15 -0.0130 d_coh_gross +0.00000 | iv_flags 0
2026-09-08 12:00Z d_mine -0.0129  d_if_spacing_iv -0.0129 | dL -0.0129 dS -0.0000 d_non8h -0.0148 d_non8h_gross -0.00370 d_st15 -0.0129 d_coh_gross +0.00000 | iv_flags 0
2026-09-08 16:00Z d_mine -1.3040  d_if_spacing_iv -1.3040 | dL -1.3040 dS -0.0000 d_non8h -1.3058 d_non8h_gross -0.00369 d_st15 -0.0129 d_coh_gross +0.00000 | iv_flags 0
2026-09-08 20:00Z d_mine -0.0183  d_if_spacing_iv -0.0183 | dL -0.0183 dS -0.0000 d_non8h -0.0202 d_non8h_gross -0.00369 d_st15 -0.0129 d_coh_gross +0.00000 | iv_flags 0
2026-09-09 00:00Z d_mine -0.0217  d_if_spacing_iv -0.0217 | dL -0.0217 dS -0.0000 d_non8h -0.0234 d_non8h_gross -0.00349 d_st15 -0.0122 d_coh_gross +0.00000 | iv_flags 0
2026-09-09 04:00Z d_mine -0.0153  d_if_spacing_iv -0.0153 | dL -0.0153 dS -0.0000 d_non8h -0.0169 d_non8h_gross -0.00329 d_st15 -0.0115 d_coh_gross +0.00000 | iv_flags 0
2026-09-09 08:00Z d_mine -0.0175  d_if_spacing_iv -0.0175 | dL -0.0175 dS -0.0000 d_non8h -0.0193 d_non8h_gross -0.00354 d_st15 -0.0124 d_coh_gross +0.00000 | iv_flags 0
2026-09-09 12:00Z d_mine -0.0225  d_if_spacing_iv -0.0225 | dL -0.0225 dS -0.0000 d_non8h -0.0244 d_non8h_gross -0.00373 d_st15 -0.0130 d_coh_gross +0.00000 | iv_flags 0
2026-09-09 16:00Z d_mine +0.4350  d_if_spacing_iv +0.4350 | dL +0.4350 dS -0.0000 d_non8h +0.4971 d_non8h_gross -0.00359 d_st15 +0.4350 d_coh_gross +0.00000 | iv_flags 0
2026-09-09 20:00Z d_mine +0.4341  d_if_spacing_iv +0.4341 | dL +0.4332 dS +0.0009 d_non8h +0.4960 d_non8h_gross -0.00358 d_st15 +0.4332 d_coh_gross +0.00000 | iv_flags 0
2026-09-10 00:00Z d_mine +2.4228  d_if_spacing_iv +2.4228 | dL +2.4154 dS +0.0074 d_non8h +2.7679 d_non8h_gross -0.00345 d_st15 +2.4154 d_coh_gross +0.00097 | iv_flags 0
WORST 2026-09-02 20:00Z [{"symbol": "SKRUSDT", "w_unit": -0.0066186023038844405, "c4_bps": -94.0684, "ledger_iv": 1.0, "last_ft_age_h": 0.0, "rn8_bp": -188.1368}, {"symbol": "ESPORTSUSDT", "w_unit": 0.010084970883356833, "c4_bps": 14.2424, "ledger_iv": 4.0, "last_ft_age_h": 0.0, "rn8_bp": 28.4848}, {"symbol": "SIRENUSDT", "w_unit": 0.010517812323927836, "c4_bps": 12.9717, "ledger_iv": 4.0, "last_ft_age_h": 0.0, "rn8_bp": 25.9434}, {"symbol": "ONGUSDT", "w_unit": -0.005548211919978216, "c4_bps": -24.1688, "ledger_iv": 1.0, "last_ft_age_h": 0.0, "rn8_bp": -48.3376}, {"symbol": "ACEUSDT", "w_unit": -0.004860740196569972, "c4_bps": -23.5228, "ledger_iv": 4.0, "last_ft_age_h": 0.0, "rn8_bp": -47.0456}, {"symbol": "LAUSDT", "w_unit": -0.004514844228659577, "c4_bps": -24.8463, "ledger_iv": 4.0, "last_ft_age_h": 0.0, "rn8_bp": -49.6926}, {"symbol": "HOMEUSDT", "w_unit": -0.00522364727657781, "c4_bps": -15.2545, "ledger_iv": 4.0, "last_ft_age_h": 0.0, "rn8_bp": -30.509}, {"symbol": "CLOUSDT", "w_unit": 0.01023390942113629, "c4_bps": 6.1983999999999995, "ledger_iv": 4.0, "last_ft_age_h": 0.0, "rn8_bp": 12.396799999999999}]
WORST 2026-09-03 00:00Z [{"symbol": "SKRUSDT", "w_unit": -0.005748814716627599, "c4_bps": -79.4348, "ledger_iv": 1.0, "last_ft_age_h": 0.0, "rn8_bp": -158.8696}, {"symbol": "LAUSDT", "w_unit": -0.003863798058318827, "c4_bps": -94.5322, "ledger_iv": 4.0, "last_ft_age_h": 0.0, "rn8_bp": -189.0644}, {"symbol": "ACEUSDT", "w_unit": -0.004173728971588519, "c4_bps": -55.8887, "ledger_iv": 4.0, "last_ft_age_h": 0.0, "rn8_bp": -111.7774}, {"symbol": "FLOCKUSDT", "w_unit": -0.005008445829162282, "c4_bps": -24.978399999999997, "ledger_iv": 4.0, "last_ft_age_h": 0.0, "rn8_bp": -49.956799999999994}, {"symbol": "ONGUSDT", "w_unit": -0.00478971978631291, "c4_bps": -20.0652, "ledger_iv": 1.0, "last_ft_age_h": 0.0, "rn8_bp": -40.1304}, {"symbol": "HOMEUSDT", "w_unit": -0.004498902240934068, "c4_bps": -17.963, "ledger_iv": 4.0, "last_ft_age_h": 0.0, "rn8_bp": -35.926}, {"symbol": "CLOUSDT", "w_unit": 0.010423422032119394, "c4_bps": 7.234999999999999, "ledger_iv": 4.0, "last_ft_age_h": 0.0, "rn8_bp": 14.469999999999999}, {"symbol": "SANDUSDT", "w_unit": -0.006402679724197644, "c4_bps": -8.185, "ledger_iv": 8.0, "last_ft_age_h": 0.0, "rn8_bp": -16.37}]
WORST 2026-09-03 04:00Z [{"symbol": "SKRUSDT", "w_unit": -0.004969008662677462, "c4_bps": -99.9704, "ledger_iv": 1.0, "last_ft_age_h": 0.0, "rn8_bp": -199.9408}, {"symbol": "LAUSDT", "w_unit": -0.0032848846147412337, "c4_bps": -111.1834, "ledger_iv": 4.0, "last_ft_age_h": 0.0, "rn8_bp": -222.3668}, {"symbol": "ACEUSDT", "w_unit": -0.003561785140758137, "c4_bps": -41.673700000000004, "ledger_iv": 4.0, "last_ft_age_h": 0.0, "rn8_bp": -83.34740000000001}, {"symbol": "ONGUSDT", "w_unit": -0.004112127727818313, "c4_bps": -31.559600000000003, "ledger_iv": 1.0, "last_ft_age_h": 0.0, "rn8_bp": -63.119200000000006}, {"symbol": "ESPORTSUSDT", "w_unit": 0.009967079241747294, "c4_bps": 10.203600000000002, "ledger_iv": 4.0, "last_ft_age_h": 0.0, "rn8_bp": 20.407200000000003}, {"symbol": "CLOUSDT", "w_unit": 0.010347291821123893, "c4_bps": 6.2939, "ledger_iv": 4.0, "last_ft_age_h": 0.0, "rn8_bp": 12.5878}, {"symbol": "HOMEUSDT", "w_unit": -0.0038523035933336262, "c4_bps": -14.737599999999999, "ledger_iv": 4.0, "last_ft_age_h": 0.0, "rn8_bp": -29.475199999999997}, {"symbol": "FLOCKUSDT", "w_unit": -0.004307543395392863, "c4_bps": -12.433100000000001, "ledger_iv": 4.0, "last_ft_age_h": 0.0, "rn8_bp": -24.866200000000003}]
WORST 2026-09-03 08:00Z [{"symbol": "SKRUSDT", "w_unit": -0.004357218277552284, "c4_bps": -75.94, "ledger_iv": 1.0, "last_ft_age_h": 0.0, "rn8_bp": -151.88}, {"symbol": "ESPORTSUSDT", "w_unit": 0.01012397586560671, "c4_bps": 25.386599999999998, "ledger_iv": 4.0, "last_ft_age_h": 0.0, "rn8_bp": 50.773199999999996}, {"symbol": "LAUSDT", "w_unit": -0.002817647083001939, "c4_bps": -80.7968, "ledger_iv": 4.0, "last_ft_age_h": 0.0, "rn8_bp": -161.5936}, {"symbol": "ACEUSDT", "w_unit": -0.0030707804992332866, "c4_bps": -54.4471, "ledger_iv": 4.0, "last_ft_age_h": 0.0, "rn8_bp": -108.8942}, {"symbol": "PORTALUSDT", "w_unit": -0.006591451639952743, "c4_bps": -21.324299999999997, "ledger_iv": 4.0, "last_ft_age_h": 0.0, "rn8_bp": -42.648599999999995}, {"symbol": "SIRENUSDT", "w_unit": 0.010736156540521511, "c4_bps": 5.8268, "ledger_iv": 4.0, "last_ft_age_h": 0.0, "rn8_bp": 11.6536}, {"symbol": "ONGUSDT", "w_unit": -0.0035738857159840695, "c4_bps": -16.1704, "ledger_iv": 1.0, "last_ft_age_h": 0.0, "rn8_bp": -32.3408}, {"symbol": "ONTUSDT", "w_unit": -0.009065486478149221, "c4_bps": -4.9089, "ledger_iv": 4.0, "last_ft_age_h": 0.0, "rn8_bp": -9.8178}]
WORST 2026-09-08 16:00Z [{"symbol": "SOPHUSDT", "w_unit": 0.003930362344673607, "c4_bps": -437.9812, "ledger_iv": 1.0, "last_ft_age_h": 0.0, "rn8_bp": -875.9624}, {"symbol": "ESPORTSUSDT", "w_unit": 0.00993829492258677, "c4_bps": 10.133500000000002, "ledger_iv": 4.0, "last_ft_age_h": 0.0, "rn8_bp": 20.267000000000003}, {"symbol": "XANUSDT", "w_unit": 0.008306873201190798, "c4_bps": -12.019400000000001, "ledger_iv": 4.0, "last_ft_age_h": 0.0, "rn8_bp": -24.038800000000002}, {"symbol": "FLOCKUSDT", "w_unit": -0.006169151967312087, "c4_bps": -15.8158, "ledger_iv": 4.0, "last_ft_age_h": 0.0, "rn8_bp": -31.6316}, {"symbol": "VVVUSDT", "w_unit": 0.008047102143189091, "c4_bps": 7.1011, "ledger_iv": 4.0, "last_ft_age_h": 0.0, "rn8_bp": 14.2022}, {"symbol": "HEMIUSDT", "w_unit": 0.0014692034786904663, "c4_bps": -27.877100000000002, "ledger_iv": 4.0, "last_ft_age_h": 0.0, "rn8_bp": -55.754200000000004}, {"symbol": "CLOUSDT", "w_unit": 0.009880826095378084, "c4_bps": 4.0571, "ledger_iv": 4.0, "last_ft_age_h": 0.0, "rn8_bp": 8.1142}, {"symbol": "COLLECTUSDT", "w_unit": 0.009511485508060144, "c4_bps": 4.2047, "ledger_iv": 4.0, "last_ft_age_h": 0.0, "rn8_bp": 8.4094}]
WORST 2026-09-09 16:00Z [{"symbol": "MIRAUSDT", "w_unit": -0.0044879104029180725, "c4_bps": -19.776699999999998, "ledger_iv": 4.0, "last_ft_age_h": 0.0, "rn8_bp": -39.553399999999996}, {"symbol": "IOSTUSDT", "w_unit": 0.003590422339066665, "c4_bps": -17.3067, "ledger_iv": 8.0, "last_ft_age_h": 0.0, "rn8_bp": -34.6134}, {"symbol": "ESPORTSUSDT", "w_unit": 0.009622727865513636, "c4_bps": 4.8022, "ledger_iv": 4.0, "last_ft_age_h": 0.0, "rn8_bp": 9.6044}, {"symbol": "FLOCKUSDT", "w_unit": -0.00804404702234727, "c4_bps": -3.8654, "ledger_iv": 4.0, "last_ft_age_h": 0.0, "rn8_bp": -7.7308}, {"symbol": "UAIUSDT", "w_unit": 0.009537364604298496, "c4_bps": 2.7824, "ledger_iv": 4.0, "last_ft_age_h": 0.0, "rn8_bp": 5.5648}, {"symbol": "BULLAUSDT", "w_unit": 0.00921910449014156, "c4_bps": 2.8128, "ledger_iv": 4.0, "last_ft_age_h": 0.0, "rn8_bp": 5.6256}, {"symbol": "DEXEUSDT", "w_unit": -0.006450607028396803, "c4_bps": -3.7112000000000003, "ledger_iv": 4.0, "last_ft_age_h": 0.0, "rn8_bp": -7.4224000000000006}, {"symbol": "TACUSDT", "w_unit": 0.008203034700290917, "c4_bps": 2.9137999999999997, "ledger_iv": 4.0, "last_ft_age_h": 0.0, "rn8_bp": 5.8275999999999994}]
WORST 2026-09-09 20:00Z [{"symbol": "BMTUSDT", "w_unit": -0.00625950158939592, "c4_bps": -23.0205, "ledger_iv": 4.0, "last_ft_age_h": 0.0, "rn8_bp": -46.041}, {"symbol": "IOSTUSDT", "w_unit": 0.003575528547280256, "c4_bps": -17.3067, "ledger_iv": 8.0, "last_ft_age_h": 4.0, "rn8_bp": -34.6134}, {"symbol": "MIRAUSDT", "w_unit": -0.0038449000815024862, "c4_bps": -11.8676, "ledger_iv": 4.0, "last_ft_age_h": 0.0, "rn8_bp": -23.7352}, {"symbol": "ESPORTSUSDT", "w_unit": 0.009582810860851868, "c4_bps": 3.3513, "ledger_iv": 4.0, "last_ft_age_h": 0.0, "rn8_bp": 6.7026}, {"symbol": "MINAUSDT", "w_unit": -0.006571501044970963, "c4_bps": -3.3824, "ledger_iv": 8.0, "last_ft_age_h": 4.0, "rn8_bp": -6.7648}, {"symbol": "ORCAUSDT", "w_unit": -0.0022594855468367377, "c4_bps": -8.9426, "ledger_iv": 4.0, "last_ft_age_h": 0.0, "rn8_bp": -17.8852}, {"symbol": "COTIUSDT", "w_unit": -0.007934156920185752, "c4_bps": -2.5001, "ledger_iv": 4.0, "last_ft_age_h": 0.0, "rn8_bp": -5.0002}, {"symbol": "BRUSDT", "w_unit": 0.00838399772551235, "c4_bps": 2.3144, "ledger_iv": 4.0, "last_ft_age_h": 0.0, "rn8_bp": 4.6288}]
WORST 2026-09-10 00:00Z [{"symbol": "IOSTUSDT", "w_unit": 0.0034505317649003056, "c4_bps": -100.0, "ledger_iv": 8.0, "last_ft_age_h": 0.0, "rn8_bp": -200.0}, {"symbol": "BMTUSDT", "w_unit": -0.00549410328442054, "c4_bps": -37.499, "ledger_iv": 4.0, "last_ft_age_h": 0.0, "rn8_bp": -74.998}, {"symbol": "MIRAUSDT", "w_unit": -0.0033161531722194744, "c4_bps": -58.9678, "ledger_iv": 4.0, "last_ft_age_h": 0.0, "rn8_bp": -117.9356}, {"symbol": "TUTUSDT", "w_unit": -0.006021289745125913, "c4_bps": -26.4567, "ledger_iv": 4.0, "last_ft_age_h": 0.0, "rn8_bp": -52.9134}, {"symbol": "ESPORTSUSDT", "w_unit": 0.009456935730608365, "c4_bps": 7.369199999999999, "ledger_iv": 4.0, "last_ft_age_h": 0.0, "rn8_bp": 14.738399999999999}, {"symbol": "MINAUSDT", "w_unit": -0.005775524151199162, "c4_bps": -8.54585, "ledger_iv": 8.0, "last_ft_age_h": 0.0, "rn8_bp": -17.0917}, {"symbol": "DEXEUSDT", "w_unit": -0.005642342911570847, "c4_bps": -8.407300000000001, "ledger_iv": 4.0, "last_ft_age_h": 0.0, "rn8_bp": -16.814600000000002}, {"symbol": "BICOUSDT", "w_unit": -0.0077303401876738466, "c4_bps": -4.72555, "ledger_iv": 8.0, "last_ft_age_h": 0.0, "rn8_bp": -9.4511}]
IVFLAGS 2026-09-02 20:00Z []
IVFLAGS 2026-09-03 00:00Z []
IVFLAGS 2026-09-08 16:00Z []
IVFLAGS 2026-09-09 16:00Z []
IVFLAGS 2026-09-10 00:00Z []
DONE_t5b_diag_cd2 46
