R9_PHI0_ext_s42 rc=0
R9_PHI0_inc_s42 rc=0
{
 "env_whitelist": [
  "LEGS",
  "CAL",
  "WRULE",
  "LOOK",
  "MEMBERS_TOPN",
  "FTRIM",
  "PHI",
  "UMASK_SCOPE",
  "UMASK_NPZ",
  "SLOW_NPY",
  "FSEED",
  "FPRED",
  "COSTB_JSON",
  "OUT_TAG"
 ],
 "common": [
  "LEGS=101",
  "CAL=log",
  "WRULE=msharpe",
  "LOOK=900",
  "MEMBERS_TOPN=829",
  "FTRIM=zero",
  "UMASK_SCOPE=m1",
  "UMASK_NPZ=/workspace/review_scratch/health_check/masks/umask_UPIT_CRYPTO.npz",
  "COSTB_JSON=/workspace/uplift_2026-09-11/r3k/costb_PWR_G230k.json"
 ],
 "device_sha256": "b88e35a46b93d712422e6b6d60bf163b841be147d49278131b63f0f47a490650",
 "R9_PHI0_ext_s42": {
  "n_all": 9199,
  "old_window": {
   "n": 9138,
   "mean_g": 0.4211,
   "sharpe": 0.7952
  },
  "new_61": {
   "n": 61,
   "first": "2026-08-31 00:00Z",
   "last": "2026-09-10 00:00Z",
   "mean_g": -4.2649,
   "sharpe": -7.2672
  }
 },
 "R9_A1x_ext_s42": {
  "n_all": 9199,
  "old_window": {
   "n": 9138,
   "mean_g": 0.6904,
   "sharpe": 1.3474
  },
  "new_61": {
   "n": 61,
   "first": "2026-08-31 00:00Z",
   "last": "2026-09-10 00:00Z",
   "mean_g": -3.8739,
   "sharpe": -5.9539
  }
 },
 "R9_PHI0_inc_s42": {
  "n_all": 9139,
  "old_window": {
   "n": 9138,
   "mean_g": 0.4211,
   "sharpe": 0.7952
  },
  "new_61": {
   "n": 1,
   "first": "2026-08-31 00:00Z",
   "last": "2026-08-31 00:00Z",
   "mean_g": 20.2777,
   "sharpe": NaN
  }
 }
}
