{
 "new_upper_bound": "2026-09-10 00:00Z",
 "GATE_X_COV": {
  "A0_archived_s42": {
   "dl_leg": "/workspace/review_scratch/health_check/dev_v4/f8_2026-08-22/preds/f10_A0_s42.npy",
   "n_postwarm_anchors": 9139,
   "n_anchors_with_zero_finite_F10": 1111,
   "first_dead_anchor": "2022-06-30 00:00Z",
   "last_live_anchor": "2026-08-30 20:00Z",
   "median_finite_members_when_live": 297
  },
  "A1_inc_s42": {
   "dl_leg": "/workspace/review_scratch/health_check/dev_v4/f8_2026-08-22/preds/f10_v4RAW_s42.npy",
   "n_postwarm_anchors": 9139,
   "n_anchors_with_zero_finite_F10": 1110,
   "first_dead_anchor": "2022-06-30 00:00Z",
   "last_live_anchor": "2026-08-31 00:00Z",
   "median_finite_members_when_live": 298
  },
  "A1x_ext_s42": {
   "dl_leg": "/workspace/uplift_2026-09-11/r9/out/f10_v4RAWx_s42.npy",
   "n_postwarm_anchors": 9199,
   "n_anchors_with_zero_finite_F10": 1110,
   "first_dead_anchor": "2022-06-30 00:00Z",
   "last_live_anchor": "2026-09-10 00:00Z",
   "median_finite_members_when_live": 300
  }
 },
 "GATE_X_REPLAY_PREFIX": {
  "s42": {
   "n_prefix": 10039,
   "ts_equal": true,
   "maxabs_all_columns": 0.0,
   "VERDICT": "PASS"
  },
  "s2027": {
   "n_prefix": 10039,
   "ts_equal": true,
   "maxabs_all_columns": 0.0,
   "VERDICT": "PASS"
  }
 },
 "RESULTS": {
  "A0_archived_s42__OLD_WINDOW": {
   "window": "post-warm -> 2026-08-30 20Z (E-0911-D ceiling)",
   "n": 9138,
   "first": "2022-06-30 00:00Z",
   "last": "2026-08-30 20:00Z",
   "mean_g": 0.6342,
   "sharpe_ann": 1.2912,
   "CI95_TASK_B2000_rng20260905": [
    0.1774,
    1.1136
   ],
   "CI95_R8_B4000_rng20260912_31": [
    0.1653,
    1.1071
   ]
  },
  "A0_archived_s2027__OLD_WINDOW": {
   "window": "post-warm -> 2026-08-30 20Z (E-0911-D ceiling)",
   "n": 9138,
   "first": "2022-06-30 00:00Z",
   "last": "2026-08-30 20:00Z",
   "mean_g": 0.6579,
   "sharpe_ann": 1.3299,
   "CI95_TASK_B2000_rng20260905": [
    0.1959,
    1.1445
   ],
   "CI95_R8_B4000_rng20260912_31": [
    0.18,
    1.139
   ]
  },
  "A1_inc_s42__OLD_WINDOW": {
   "window": "post-warm -> 2026-08-30 20Z (E-0911-D ceiling)",
   "n": 9138,
   "first": "2022-06-30 00:00Z",
   "last": "2026-08-30 20:00Z",
   "mean_g": 0.6904,
   "sharpe_ann": 1.3474,
   "CI95_TASK_B2000_rng20260905": [
    0.1966,
    1.1912
   ],
   "CI95_R8_B4000_rng20260912_31": [
    0.194,
    1.1868
   ]
  },
  "A1_inc_s2027__OLD_WINDOW": {
   "window": "post-warm -> 2026-08-30 20Z (E-0911-D ceiling)",
   "n": 9138,
   "first": "2022-06-30 00:00Z",
   "last": "2026-08-30 20:00Z",
   "mean_g": 0.7133,
   "sharpe_ann": 1.3906,
   "CI95_TASK_B2000_rng20260905": [
    0.2242,
    1.206
   ],
   "CI95_R8_B4000_rng20260912_31": [
    0.2165,
    1.2143
   ]
  },
  "A1x_ext_s42__OLD_WINDOW": {
   "window": "post-warm -> 2026-08-30 20Z (E-0911-D ceiling)",
   "n": 9138,
   "first": "2022-06-30 00:00Z",
   "last": "2026-08-30 20:00Z",
   "mean_g": 0.6904,
   "sharpe_ann": 1.3474,
   "CI95_TASK_B2000_rng20260905": [
    0.1966,
    1.1912
   ],
   "CI95_R8_B4000_rng20260912_31": [
    0.194,
    1.1868
   ]
  },
  "A1x_ext_s2027__OLD_WINDOW": {
   "window": "post-warm -> 2026-08-30 20Z (E-0911-D ceiling)",
   "n": 9138,
   "first": "2022-06-30 00:00Z",
   "last": "2026-08-30 20:00Z",
   "mean_g": 0.7133,
   "sharpe_ann": 1.3906,
   "CI95_TASK_B2000_rng20260905": [
    0.2242,
    1.206
   ],
   "CI95_R8_B4000_rng20260912_31": [
    0.2165,
    1.2143
   ]
  },
  "A1x_ext_s42__NEW_WINDOW": {
   "window": "post-warm -> 2026-09-10 00:00Z (ceiling closed)",
   "n": 9199,
   "first": "2022-06-30 00:00Z",
   "last": "2026-09-10 00:00Z",
   "mean_g": 0.6602,
   "sharpe_ann": 1.2857,
   "CI95_TASK_B2000_rng20260905": [
    0.1673,
    1.1472
   ],
   "CI95_R8_B4000_rng20260912_31": [
    0.1772,
    1.154
   ]
  },
  "A1x_ext_s2027__NEW_WINDOW": {
   "window": "post-warm -> 2026-09-10 00:00Z (ceiling closed)",
   "n": 9199,
   "first": "2022-06-30 00:00Z",
   "last": "2026-09-10 00:00Z",
   "mean_g": 0.6828,
   "sharpe_ann": 1.3288,
   "CI95_TASK_B2000_rng20260905": [
    0.1911,
    1.1717
   ],
   "CI95_R8_B4000_rng20260912_31": [
    0.2009,
    1.1735
   ]
  }
 },
 "PAIRED": {
  "A1_inc_minus_A0_archived_s42": {
   "n_common": 9138,
   "mean_delta": 0.0562,
   "CI95_TASK": [
    -0.0778,
    0.1894
   ],
   "sharpe_delta": 0.0562,
   "corr": 0.9526
  },
  "A1_inc_minus_A0_archived_s2027": {
   "n_common": 9138,
   "mean_delta": 0.0554,
   "CI95_TASK": [
    -0.0801,
    0.1886
   ],
   "sharpe_delta": 0.0607,
   "corr": 0.9529
  },
  "A1x_ext_minus_A1_inc_s42_oldwindow": {
   "n_common": 9138,
   "mean_delta": 0.0,
   "CI95_TASK": [
    0.0,
    0.0
   ],
   "sharpe_delta": 0.0,
   "corr": 1.0
  }
 }
}
R9_JUDGE_DONE
