09-17T12Z base     rc 0 n 242
09-17T12Z no_fund  rc 0 n 242
09-17T12Z no_king  rc 0 n 242
09-17T12Z no_f10   rc 0 n 242
09-17T16Z base     rc 0 n 241
09-17T16Z no_fund  rc 0 n 241
09-17T16Z no_king  rc 0 n 241
09-17T16Z no_f10   rc 0 n 241
09-17T20Z base     rc 0 n 240
09-17T20Z no_fund  rc 0 n 240
09-17T20Z no_king  rc 0 n 240
09-17T20Z no_f10   rc 0 n 240
09-18T00Z base     rc 0 n 242
09-18T00Z no_fund  rc 0 n 242
09-18T00Z no_king  rc 0 n 242
09-18T00Z no_f10   rc 0 n 241
09-18T04Z base     rc 0 n 242
09-18T04Z no_fund  rc 0 n 242
09-18T04Z no_king  rc 0 n 242
09-18T04Z no_f10   rc 0 n 241
09-18T08Z base     rc 0 n 242
09-18T08Z no_fund  rc 0 n 242
09-18T08Z no_king  rc 0 n 242
09-18T08Z no_f10   rc 0 n 241
09-18T12Z base     rc 0 n 246
09-18T12Z no_fund  rc 0 n 247
09-18T12Z no_king  rc 0 n 247
09-18T12Z no_f10   rc 0 n 245
09-18T16Z base     rc 0 n 247
09-18T16Z no_fund  rc 0 n 247
09-18T16Z no_king  rc 0 n 247
09-18T16Z no_f10   rc 0 n 246
09-18T20Z base     rc 0 n 248
09-18T20Z no_fund  rc 0 n 248
09-18T20Z no_king  rc 0 n 248
09-18T20Z no_f10   rc 0 n 247
09-19T00Z base     rc 0 n 248
09-19T00Z no_fund  rc 0 n 249
09-19T00Z no_king  rc 0 n 249
09-19T00Z no_f10   rc 0 n 248
09-19T04Z base     rc 0 n 249
09-19T04Z no_fund  rc 0 n 250
09-19T04Z no_king  rc 0 n 249
09-19T04Z no_f10   rc 0 n 248
09-19T08Z base     rc 0 n 251
09-19T08Z no_fund  rc 0 n 251
09-19T08Z no_king  rc 0 n 250
09-19T08Z no_f10   rc 0 n 250
09-19T12Z base     rc 0 n 255
09-19T12Z no_fund  rc 0 n 255
09-19T12Z no_king  rc 0 n 255
09-19T12Z no_f10   rc 0 n 254
09-19T16Z base     rc 0 n 257
09-19T16Z no_fund  rc 0 n 257
09-19T16Z no_king  rc 0 n 256
09-19T16Z no_f10   rc 0 n 255
09-19T20Z base     rc 0 n 260
09-19T20Z no_fund  rc 0 n 260
09-19T20Z no_king  rc 0 n 258
09-19T20Z no_f10   rc 0 n 258
09-20T00Z base     rc 0 n 259
09-20T00Z no_fund  rc 0 n 260
09-20T00Z no_king  rc 0 n 257
09-20T00Z no_f10   rc 0 n 258
09-20T04Z base     rc 0 n 260
09-20T04Z no_fund  rc 0 n 261
09-20T04Z no_king  rc 0 n 259
09-20T04Z no_f10   rc 0 n 258
09-20T08Z base     rc 0 n 260
09-20T08Z no_fund  rc 0 n 260
09-20T08Z no_king  rc 0 n 259
09-20T08Z no_f10   rc 0 n 257
09-20T12Z base     rc 0 n 260
09-20T12Z no_fund  rc 0 n 262
09-20T12Z no_king  rc 0 n 262
09-20T12Z no_f10   rc 0 n 259
09-20T16Z base     rc 0 n 261
09-20T16Z no_fund  rc 0 n 261
09-20T16Z no_king  rc 0 n 261
09-20T16Z no_f10   rc 0 n 260
09-20T20Z base     rc 0 n 264
09-20T20Z no_fund  rc 0 n 265
09-20T20Z no_king  rc 0 n 265
09-20T20Z no_f10   rc 0 n 264
09-21T00Z base     rc 0 n 263
09-21T00Z no_fund  rc 0 n 265
09-21T00Z no_king  rc 0 n 264
09-21T00Z no_f10   rc 0 n 263
09-21T04Z base     rc 0 n 266
09-21T04Z no_fund  rc 0 n 267
09-21T04Z no_king  rc 0 n 267
09-21T04Z no_f10   rc 0 n 265
09-21T08Z base     rc 0 n 265
09-21T08Z no_fund  rc 0 n 266
09-21T08Z no_king  rc 0 n 266
09-21T08Z no_f10   rc 0 n 266
09-21T12Z base     rc 0 n 268
09-21T12Z no_fund  rc 0 n 269
09-21T12Z no_king  rc 0 n 269
09-21T12Z no_f10   rc 0 n 268
base book P&L: {'09-17T12Z': -2275.0, '09-17T16Z': 243.4, '09-17T20Z': -439.9, '09-18T00Z': -1965.1, '09-18T04Z': -310.7, '09-18T08Z': -881.4, '09-18T12Z': 1568.0, '09-18T16Z': -115.3, '09-18T20Z': 176.2, '09-19T00Z': -68.4, '09-19T04Z': -1380.0, '09-19T08Z': 308.0, '09-19T12Z': -649.8, '09-19T16Z': -1001.5, '09-19T20Z': 701.6, '09-20T00Z': 338.7, '09-20T04Z': 129.5, '09-20T08Z': 1166.5, '09-20T12Z': -1863.9, '09-20T16Z': -72.7, '09-20T20Z': 4.3, '09-21T00Z': 430.0, '09-21T04Z': -166.3, '09-21T08Z': -576.6, '09-21T12Z': 268.7}
CF leg fund: sum +794.3 over 25 priced anchors; per anchor {09-17T12Z: +55.4, 09-17T16Z: +44.4, 09-17T20Z: +72.1, 09-18T00Z: -257.7, 09-18T04Z: -220.9, 09-18T08Z: -263.9, 09-18T12Z: +188.3, 09-18T16Z: +1097.7, 09-18T20Z: +396.7, 09-19T00Z: +46.2, 09-19T04Z: -362.6, 09-19T08Z: +458.1, 09-19T12Z: -460.4, 09-19T16Z: -941.1, 09-19T20Z: +972.0, 09-20T00Z: +730.4, 09-20T04Z: -232.3, 09-20T08Z: -53.7, 09-20T12Z: -1850.6, 09-20T16Z: +1297.9, 09-20T20Z: +180.1, 09-21T00Z: +160.3, 09-21T04Z: -150.1, 09-21T08Z: +476.8, 09-21T12Z: -588.7}
CF leg king: sum -97.5 over 25 priced anchors; per anchor {09-17T12Z: +3.3, 09-17T16Z: -8.8, 09-17T20Z: +1.2, 09-18T00Z: +89.2, 09-18T04Z: -76.6, 09-18T08Z: +53.3, 09-18T12Z: -28.1, 09-18T16Z: -96.4, 09-18T20Z: -53.5, 09-19T00Z: +21.6, 09-19T04Z: -202.1, 09-19T08Z: +19.5, 09-19T12Z: +68.0, 09-19T16Z: +3.2, 09-19T20Z: -75.6, 09-20T00Z: -75.0, 09-20T04Z: -17.1, 09-20T08Z: +173.0, 09-20T12Z: +43.5, 09-20T16Z: -258.8, 09-20T20Z: -8.6, 09-21T00Z: +80.6, 09-21T04Z: +100.3, 09-21T08Z: +18.6, 09-21T12Z: +127.8}
CF leg f10: sum -89.2 over 25 priced anchors; per anchor {09-17T12Z: +7.5, 09-17T16Z: +28.0, 09-17T20Z: -24.4, 09-18T00Z: -46.6, 09-18T04Z: +34.7, 09-18T08Z: -55.3, 09-18T12Z: -23.8, 09-18T16Z: +7.5, 09-18T20Z: +18.3, 09-19T00Z: -76.9, 09-19T04Z: +21.7, 09-19T08Z: -24.9, 09-19T12Z: -11.0, 09-19T16Z: -4.6, 09-19T20Z: -69.4, 09-20T00Z: +8.7, 09-20T04Z: -80.9, 09-20T08Z: +146.3, 09-20T12Z: +71.5, 09-20T16Z: -74.1, 09-20T20Z: +28.8, 09-21T00Z: +115.5, 09-21T04Z: +9.6, 09-21T08Z: -44.1, 09-21T12Z: -51.2}
cf rc=0
